pgmigrate_success 184970787
pgmigrate_success 184970791
pgmigrate_success 184970793
pgmigrate_success 184970795
pgmigrate_success 184970796
pgmigrate_success 184970797
pgmigrate_success 184970798
pgmigrate_success 184970799
pgmigrate_success 184970799
pgmigrate_success 184970799
pgmigrate_success 184970799
pgmigrate_success 184970799
pgmigrate_success 184970799
pgmigrate_success 184970799
pgmigrate_success 184970799
pgmigrate_success 184970799
pgmigrate_success 184970799
pgmigrate_success 184970799
pgmigrate_success 184970799
pgmigrate_success 184970799
pgmigrate_success 184970799
pgmigrate_success 184970799
pgmigrate_success 184970799
pgmigrate_success 184970799
pgmigrate_success 184970799
pgmigrate_success 184970799
pgmigrate_success 184970799
pgmigrate_success 184970799
pgmigrate_success 184970799
pgmigrate_success 184970799
pgmigrate_success 184970799
pgmigrate_success 184970799
pgmigrate_success 184970799
pgmigrate_success 184970799
pgmigrate_success 184970799
pgmigrate_success 184970799
pgmigrate_success 184970799
pgmigrate_success 184970799
pgmigrate_success 184970799
pgmigrate_success 184970799
pgmigrate_success 184970799
pgmigrate_success 184970799
pgmigrate_success 184970799
pgmigrate_success 184970799
pgmigrate_success 184970799
pgmigrate_success 184970799
pgmigrate_success 184970799
pgmigrate_success 184970799
pgmigrate_success 184970799
pgmigrate_success 184970799
pgmigrate_success 184970799
pgmigrate_success 184970799
pgmigrate_success 184970799
pgmigrate_success 184970799
pgmigrate_success 184970799
pgmigrate_success 184970799
pgmigrate_success 184970799
pgmigrate_success 184970799
pgmigrate_success 184970799
pgmigrate_success 184970799
pgmigrate_success 184970799
pgmigrate_success 184970799
pgmigrate_success 184970799
pgmigrate_success 184970799
pgmigrate_success 184970799
pgmigrate_success 184970799
pgmigrate_success 184970799
pgmigrate_success 184970799
pgmigrate_success 184970799
pgmigrate_success 184970799
pgmigrate_success 184970799
pgmigrate_success 184970799
pgmigrate_success 184970799
pgmigrate_success 184970799
pgmigrate_success 184970799
pgmigrate_success 184970799
pgmigrate_success 184970799
pgmigrate_success 184970799
pgmigrate_success 184970799
pgmigrate_success 184970799
pgmigrate_success 184970799
pgmigrate_success 184970799
pgmigrate_success 184970799
pgmigrate_success 184970799
pgmigrate_success 184970799
pgmigrate_success 184970799
pgmigrate_success 184970799
pgmigrate_success 184970799
pgmigrate_success 184970799
pgmigrate_success 184970799
pgmigrate_success 184970799
pgmigrate_success 184970799
pgmigrate_success 184970799
pgmigrate_success 184970799
pgmigrate_success 184970799
pgmigrate_success 184970799
pgmigrate_success 184970799
pgmigrate_success 184970799
pgmigrate_success 184970799
pgmigrate_success 184970799
pgmigrate_success 184970799
pgmigrate_success 184970799
pgmigrate_success 184970799
pgmigrate_success 184970799
pgmigrate_success 184970799
pgmigrate_success 184970799
pgmigrate_success 184970799
pgmigrate_success 184970799
pgmigrate_success 184970799
pgmigrate_success 184970799
pgmigrate_success 184970799
pgmigrate_success 184970799
pgmigrate_success 184970799
pgmigrate_success 184970799
pgmigrate_success 184970799
pgmigrate_success 184970799
pgmigrate_success 184970799
pgmigrate_success 184970799
pgmigrate_success 184970799
pgmigrate_success 184970799
pgmigrate_success 184970799
pgmigrate_success 184970799
pgmigrate_success 184970799
pgmigrate_success 184970799
pgmigrate_success 184970799
pgmigrate_success 184970799
pgmigrate_success 184970799
pgmigrate_success 184970799
pgmigrate_success 184970799
pgmigrate_success 184970799
pgmigrate_success 184970799
pgmigrate_success 184970799
pgmigrate_success 184970799
pgmigrate_success 184970799
pgmigrate_success 184970799
pgmigrate_success 184970799
pgmigrate_success 184970799
pgmigrate_success 184970799
pgmigrate_success 184970799
pgmigrate_success 184970799
pgmigrate_success 184970799
pgmigrate_success 184970799
pgmigrate_success 184970799
pgmigrate_success 184970799
pgmigrate_success 184970799
pgmigrate_success 184970799
pgmigrate_success 184970799
pgmigrate_success 184970799
pgmigrate_success 184970799
pgmigrate_success 184970799
pgmigrate_success 184970799
pgmigrate_success 184970799
pgmigrate_success 184970799
pgmigrate_success 184970799
pgmigrate_success 184970799
