pgmigrate_success 185611973
pgmigrate_fail 744962
thp_migration_success 197047
thp_migration_fail 69
thp_migration_split 0
thp_fault_alloc 765238
thp_fault_fallback 19740
thp_fault_fallback_charge 0
thp_collapse_alloc 276400
thp_collapse_alloc_failed 127971
thp_file_alloc 1954
thp_file_fallback 0
thp_file_fallback_charge 0
thp_file_mapped 0
thp_split_page 3440
thp_split_page_failed 88
thp_deferred_split_page 262271
thp_split_pmd 945472
thp_split_pud 0
thp_zero_page_alloc 1
thp_zero_page_alloc_failed 0
thp_swpout 0
thp_swpout_fallback 0
htmm_nr_promoted 19118340
htmm_nr_demoted 156454636
htmm_nr_sampled 0
htmm_missed_dramread 706
htmm_missed_nvmread 0
htmm_missed_write 0
htmm_alloc_dram 589380519
htmm_alloc_nvm 0
