hot 1067747 warm 0 cold 5328716
hot 1067310 warm 0 cold 5328716
hot 1067306 warm 0 cold 5328716
hot 1067302 warm 0 cold 5328716
hot 1067298 warm 0 cold 5328716
hot 1067294 warm 0 cold 5328716
hot 1067290 warm 0 cold 5328716
hot 1067286 warm 0 cold 5328716
hot 1067282 warm 0 cold 5328716
hot 1067278 warm 0 cold 5328716
hot 1067274 warm 0 cold 5328716
hot 1067270 warm 0 cold 5328716
hot 1067266 warm 0 cold 5328716
hot 1067262 warm 0 cold 5328716
hot 1067258 warm 0 cold 5328716
hot 1067254 warm 0 cold 5328716
hot 1067250 warm 0 cold 5328716
hot 1067246 warm 0 cold 5328716
hot 1067242 warm 0 cold 5328716
hot 1067238 warm 0 cold 5328716
hot 1067234 warm 0 cold 5328716
hot 1067230 warm 0 cold 5328716
hot 1067226 warm 0 cold 5328716
hot 1067222 warm 0 cold 5328716
hot 1067218 warm 0 cold 5328716
hot 1067214 warm 0 cold 5328716
hot 1067210 warm 0 cold 5328716
hot 1067206 warm 0 cold 5328716
hot 1067202 warm 0 cold 5328716
hot 1067198 warm 0 cold 5328716
hot 1067194 warm 0 cold 5328716
hot 1067190 warm 0 cold 5328716
hot 1067186 warm 0 cold 5328716
hot 1067182 warm 0 cold 5328716
hot 1067178 warm 0 cold 5328716
hot 1067174 warm 0 cold 5328716
hot 1067170 warm 0 cold 5328716
hot 1067166 warm 0 cold 5328716
hot 1067162 warm 0 cold 5328716
hot 1067158 warm 0 cold 5328716
hot 1067154 warm 0 cold 5328716
hot 1067150 warm 0 cold 5328716
hot 1067146 warm 0 cold 5328716
hot 1067142 warm 0 cold 5328716
hot 1067138 warm 0 cold 5328716
hot 1067134 warm 0 cold 5328716
hot 1067130 warm 0 cold 5328716
hot 1067126 warm 0 cold 5328716
hot 1067122 warm 0 cold 5328716
hot 1067118 warm 0 cold 5328716
hot 1067114 warm 0 cold 5328716
hot 1067110 warm 0 cold 5328716
hot 1067106 warm 0 cold 5328716
hot 1067102 warm 0 cold 5328716
hot 1067098 warm 0 cold 5328716
hot 1067094 warm 0 cold 5328716
hot 1067090 warm 0 cold 5328716
hot 1067086 warm 0 cold 5328716
hot 1067082 warm 0 cold 5328716
hot 1067078 warm 0 cold 5328716
hot 1067074 warm 0 cold 5328716
hot 1067070 warm 0 cold 5328716
hot 1067066 warm 0 cold 5328716
hot 1067062 warm 0 cold 5328716
hot 1067058 warm 0 cold 5328716
hot 1067054 warm 0 cold 5328716
hot 1067050 warm 0 cold 5328716
hot 1067046 warm 0 cold 5328716
hot 1067042 warm 0 cold 5328716
hot 1067038 warm 0 cold 5328716
hot 1067034 warm 0 cold 5328716
hot 1067030 warm 0 cold 5328716
hot 1067026 warm 0 cold 5328716
hot 1067022 warm 0 cold 5328716
hot 1067018 warm 0 cold 5328716
hot 1067014 warm 0 cold 5328716
hot 1067010 warm 0 cold 5328716
hot 1067006 warm 0 cold 5328716
hot 1067002 warm 0 cold 5328716
hot 1066998 warm 0 cold 5328716
hot 1066994 warm 0 cold 5328716
hot 1066990 warm 0 cold 5328716
hot 1066986 warm 0 cold 5328716
hot 1066982 warm 0 cold 5328716
hot 1066978 warm 0 cold 5328716
hot 1066974 warm 0 cold 5328716
hot 1066970 warm 0 cold 5328716
hot 1066968 warm 0 cold 5328716
hot 1067038 warm 0 cold 5328716
hot 1067039 warm 0 cold 5328716
hot 1067041 warm 0 cold 5328716
hot 1067041 warm 0 cold 5328716
hot 1067044 warm 0 cold 5328716
hot 1067047 warm 0 cold 5328716
hot 1067047 warm 0 cold 5328716
hot 1067048 warm 0 cold 5328716
hot 1067049 warm 0 cold 5328716
hot 1067052 warm 0 cold 5328716
hot 1067055 warm 0 cold 5328716
hot 1067055 warm 0 cold 5328716
hot 1067056 warm 0 cold 5328716
hot 1067057 warm 0 cold 5328716
hot 1067058 warm 0 cold 5328716
hot 1067061 warm 0 cold 5328716
hot 1067061 warm 0 cold 5328716
hot 1067064 warm 0 cold 5328716
hot 1363001 warm 0 cold 5328716
hot 2959926 warm 0 cold 5328716
hot 3671090 warm 0 cold 5328716
hot 3671086 warm 0 cold 5328716
hot 3838507 warm 0 cold 5328716
hot 4255783 warm 0 cold 5328716
hot 4523555 warm 0 cold 5328716
hot 4577823 warm 0 cold 5328716
hot 4607003 warm 0 cold 5328716
hot 4617752 warm 0 cold 5328716
hot 4617750 warm 0 cold 5328716
hot 4617746 warm 0 cold 5328716
hot 4626446 warm 0 cold 5328716
hot 4654093 warm 0 cold 5328716
hot 248377 warm 0 cold 9763612
hot 248376 warm 0 cold 9763611
hot 248400 warm 0 cold 9768191
hot 248445 warm 0 cold 9773775
hot 248485 warm 0 cold 9775779
hot 248520 warm 0 cold 9777276
hot 248544 warm 0 cold 9777761
hot 248593 warm 0 cold 9778220
hot 248630 warm 0 cold 9778691
hot 250720 warm 0 cold 9776598
hot 251776 warm 0 cold 9775538
hot 261538 warm 0 cold 9765772
hot 273862 warm 0 cold 9753444
hot 293873 warm 0 cold 9733429
hot 326160 warm 0 cold 9701138
hot 357926 warm 0 cold 9669368
hot 421440 warm 0 cold 9605851
hot 495195 warm 0 cold 9532092
hot 582255 warm 0 cold 9445028
hot 729730 warm 0 cold 9297549
hot 861332 warm 0 cold 9165944
hot 861329 warm 0 cold 9165943
hot 861325 warm 0 cold 9165943
hot 861322 warm 0 cold 9165943
hot 861319 warm 0 cold 9165943
hot 861315 warm 0 cold 9165943
hot 861313 warm 0 cold 9165941
hot 861309 warm 0 cold 9165941
hot 861306 warm 0 cold 9165941
hot 861302 warm 0 cold 9165941
hot 861298 warm 0 cold 9165941
hot 861296 warm 0 cold 9165939
hot 861292 warm 0 cold 9165939
hot 861289 warm 0 cold 9165938
hot 861286 warm 0 cold 9165937
hot 861282 warm 0 cold 9165937
hot 861279 warm 0 cold 9165936
hot 861276 warm 0 cold 9165936
hot 861273 warm 0 cold 9165935
hot 861270 warm 0 cold 9165934
hot 861266 warm 0 cold 9165934
hot 861263 warm 0 cold 9165933
hot 861260 warm 0 cold 9165932
hot 861257 warm 0 cold 9165931
hot 861253 warm 0 cold 9165931
hot 861251 warm 0 cold 9165930
hot 861247 warm 0 cold 9165930
hot 861244 warm 0 cold 9165930
hot 861240 warm 0 cold 9165930
hot 861236 warm 0 cold 9165930
hot 861232 warm 0 cold 9165930
hot 861228 warm 0 cold 9165930
hot 861224 warm 0 cold 9165930
hot 861222 warm 0 cold 9165928
hot 861218 warm 0 cold 9165928
hot 861216 warm 0 cold 9165927
hot 861213 warm 0 cold 9165926
hot 861209 warm 0 cold 9165926
hot 861205 warm 0 cold 9165926
hot 861202 warm 0 cold 9165925
hot 861198 warm 0 cold 9165925
hot 861194 warm 0 cold 9165925
hot 861190 warm 0 cold 9165925
hot 861188 warm 0 cold 9165923
hot 861185 warm 0 cold 9165922
hot 861181 warm 0 cold 9165922
hot 861178 warm 0 cold 9165921
hot 861174 warm 0 cold 9165921
hot 861170 warm 0 cold 9165921
hot 861166 warm 0 cold 9165921
hot 861163 warm 0 cold 9165920
hot 861159 warm 0 cold 9165920
hot 861156 warm 0 cold 9165919
hot 861152 warm 0 cold 9165919
hot 861148 warm 0 cold 9165919
hot 861144 warm 0 cold 9165919
hot 861141 warm 0 cold 9165918
hot 861139 warm 0 cold 9165917
hot 861140 warm 0 cold 9165916
hot 861140 warm 0 cold 9165916
hot 861141 warm 0 cold 9165915
hot 861141 warm 0 cold 9165915
hot 861143 warm 0 cold 9165913
hot 861144 warm 0 cold 9165912
hot 861144 warm 0 cold 9165912
hot 861144 warm 0 cold 9165912
hot 861145 warm 0 cold 9165911
hot 861145 warm 0 cold 9165911
hot 861147 warm 0 cold 9165909
hot 861147 warm 0 cold 9165909
hot 861147 warm 0 cold 9165909
hot 861149 warm 0 cold 9165907
hot 861149 warm 0 cold 9165907
hot 861149 warm 0 cold 9165907
hot 861149 warm 0 cold 9165907
hot 861149 warm 0 cold 9165907
hot 861149 warm 0 cold 9165907
hot 861151 warm 0 cold 9165905
hot 861151 warm 0 cold 9165905
hot 861151 warm 0 cold 9165905
hot 861151 warm 0 cold 9165905
hot 861151 warm 0 cold 9165905
hot 861152 warm 0 cold 9165904
hot 861152 warm 0 cold 9165904
hot 861152 warm 0 cold 9165904
hot 861152 warm 0 cold 9165904
hot 861152 warm 0 cold 9165904
hot 861152 warm 0 cold 9165904
hot 1006584 warm 0 cold 9020472
hot 1153548 warm 0 cold 8873508
hot 1326116 warm 0 cold 8700940
hot 1549882 warm 0 cold 8477174
hot 1766990 warm 0 cold 8260066
hot 1982558 warm 0 cold 8044499
hot 2230894 warm 0 cold 7796163
hot 248546 warm 0 cold 9778510
hot 248555 warm 0 cold 9778497
hot 248572 warm 0 cold 9778476
hot 248582 warm 0 cold 9778462
hot 248598 warm 0 cold 9778442
hot 248606 warm 0 cold 9778432
hot 248614 warm 0 cold 9778420
hot 248631 warm 0 cold 9778399
hot 248634 warm 0 cold 9778392
hot 248642 warm 0 cold 9778380
hot 248658 warm 0 cold 9778360
hot 248669 warm 0 cold 9778345
hot 248675 warm 0 cold 9778335
hot 248680 warm 3518366 cold 6259960
hot 248685 warm 3542942 cold 6235375
hot 248695 warm 3556766 cold 6221537
hot 248698 warm 3569566 cold 6208730
hot 248704 warm 3581854 cold 6196432
hot 248718 warm 3591070 cold 6187199
hot 248725 warm 3602846 cold 6175412
hot 248738 warm 3608990 cold 6169251
hot 248745 warm 3611550 cold 6166680
hot 248754 warm 3617182 cold 6161036
hot 249779 warm 3618718 cold 6158471
hot 250813 warm 3619230 cold 6156921
hot 251842 warm 3619230 cold 6155888
hot 252875 warm 3620254 cold 6153827
hot 256976 warm 3616670 cold 6153306
hot 260566 warm 3614110 cold 6152272
hot 267740 warm 3608478 cold 6151349
hot 276961 warm 3599774 cold 6151349
hot 284645 warm 3592606 cold 6151349
hot 293348 warm 3583902 cold 6151349
hot 304102 warm 3573150 cold 6151349
hot 331243 warm 3546014 cold 6151349
hot 350703 warm 3526558 cold 6151349
hot 375277 warm 3501982 cold 6151349
hot 415731 warm 3461534 cold 6151349
hot 459254 warm 3418014 cold 6151349
hot 499700 warm 3377566 cold 6151349
hot 553971 warm 3323294 cold 6151349
hot 615410 warm 3261854 cold 6151349
hot 685552 warm 3191710 cold 6151349
hot 758768 warm 3118494 cold 6151349
hot 841201 warm 3036062 cold 6151349
hot 938481 warm 2938782 cold 6151349
hot 1041904 warm 2835358 cold 6151349
hot 1160689 warm 2716574 cold 6151349
hot 1266675 warm 2610590 cold 6151349
hot 1367537 warm 0 cold 8661075
hot 1454067 warm 0 cold 8574547
hot 1550835 warm 0 cold 8477779
hot 1647091 warm 0 cold 8381523
hot 1677810 warm 0 cold 8350803
hot 1677806 warm 0 cold 8350803
hot 1677802 warm 0 cold 8350803
hot 1677798 warm 0 cold 8350803
hot 1677795 warm 0 cold 8350803
hot 1677791 warm 0 cold 8350803
hot 1755615 warm 0 cold 8272979
hot 1851362 warm 0 cold 8177235
hot 1965538 warm 0 cold 8063059
hot 2046431 warm 0 cold 7982163
hot 2132963 warm 0 cold 7895635
hot 2204645 warm 0 cold 7823955
hot 2297318 warm 0 cold 7731283
hot 2398693 warm 0 cold 7629907
hot 248806 warm 0 cold 9779795
hot 248806 warm 0 cold 9779795
hot 248807 warm 0 cold 9779795
hot 248807 warm 0 cold 9779795
hot 248806 warm 0 cold 9779795
hot 248805 warm 0 cold 9779795
hot 248810 warm 0 cold 9779795
hot 248810 warm 0 cold 9779795
hot 248809 warm 0 cold 9779795
hot 248809 warm 0 cold 9779795
hot 248807 warm 0 cold 9779795
hot 248807 warm 3092992 cold 6686803
hot 248807 warm 3148800 cold 6630995
hot 248811 warm 3196928 cold 6582867
hot 248811 warm 3247616 cold 6532179
hot 248810 warm 3280384 cold 6499411
hot 248809 warm 3324416 cold 6455379
hot 248808 warm 3354112 cold 6425683
hot 248808 warm 3383808 cold 6395987
hot 248808 warm 3401728 cold 6378067
hot 248806 warm 3427840 cold 6351955
hot 248803 warm 3441664 cold 6338131
hot 248800 warm 3466752 cold 6313043
hot 248798 warm 3484160 cold 6295635
hot 248795 warm 3499520 cold 6280275
hot 248795 warm 3514368 cold 6265427
hot 248794 warm 3520000 cold 6259795
hot 248793 warm 3532288 cold 6247507
hot 248790 warm 3540992 cold 6238803
hot 248790 warm 3547648 cold 6232147
hot 248786 warm 3558400 cold 6221395
hot 248786 warm 3563008 cold 6216787
hot 248784 warm 3568640 cold 6211155
hot 248782 warm 3574272 cold 6205523
hot 248779 warm 3578368 cold 6201427
hot 248778 warm 3583488 cold 6196307
hot 248776 warm 3587072 cold 6192723
hot 248775 warm 3588608 cold 6191187
hot 248773 warm 3589120 cold 6190675
hot 248770 warm 3591168 cold 6188627
hot 249282 warm 3592704 cold 6186579
hot 250303 warm 3595776 cold 6182483
hot 250299 warm 3596800 cold 6181459
hot 251833 warm 3597312 cold 6179411
hot 253366 warm 3599872 cold 6175315
hot 254900 warm 3598848 cold 6174803
hot 255922 warm 3599872 cold 6172755
hot 257967 warm 3599872 cold 6170707
hot 258476 warm 3601920 cold 6168147
hot 262574 warm 3597824 cold 6168147
hot 264618 warm 3597824 cold 6166099
hot 266150 warm 3597312 cold 6165075
hot 266146 warm 3597312 cold 6165075
hot 266142 warm 3597312 cold 6165075
hot 266138 warm 3597312 cold 6165075
hot 266134 warm 3597312 cold 6165075
hot 266130 warm 3597312 cold 6165075
hot 266126 warm 3597312 cold 6165075
hot 266122 warm 3597312 cold 6165075
hot 266118 warm 3597312 cold 6165075
hot 266114 warm 3597312 cold 6165075
hot 266110 warm 3597312 cold 6165075
hot 266106 warm 3597312 cold 6165075
hot 266102 warm 3597312 cold 6165075
hot 266098 warm 3597312 cold 6165075
hot 266094 warm 3597312 cold 6165075
hot 266090 warm 3597312 cold 6165075
hot 266086 warm 3597312 cold 6165075
hot 266082 warm 3597312 cold 6165075
hot 266078 warm 3597312 cold 6165075
hot 266074 warm 3597312 cold 6165075
hot 266070 warm 3597312 cold 6165075
hot 266066 warm 3597312 cold 6165075
hot 266062 warm 3597312 cold 6165075
hot 266058 warm 3597312 cold 6165075
hot 266054 warm 3597312 cold 6165075
hot 266050 warm 3597312 cold 6165075
hot 266046 warm 3597312 cold 6165075
hot 266042 warm 3597312 cold 6165075
hot 266038 warm 3597312 cold 6165075
hot 266034 warm 3597312 cold 6165075
hot 266030 warm 3597312 cold 6165075
hot 266026 warm 3597312 cold 6165075
hot 266022 warm 3597312 cold 6165075
hot 266018 warm 3597312 cold 6165075
hot 266014 warm 3597312 cold 6165075
hot 266010 warm 3597312 cold 6165075
hot 266006 warm 3597312 cold 6165075
hot 266002 warm 3597312 cold 6165075
hot 265998 warm 3597312 cold 6165075
hot 265994 warm 3597312 cold 6165075
hot 265990 warm 3597312 cold 6165075
hot 265986 warm 3597312 cold 6165075
hot 265982 warm 3597312 cold 6165075
hot 265978 warm 3597312 cold 6165075
hot 265974 warm 3597312 cold 6165075
hot 265970 warm 3597312 cold 6165075
hot 265967 warm 3597312 cold 6165075
hot 265963 warm 3597312 cold 6165075
hot 265959 warm 3597312 cold 6165075
hot 265955 warm 3597312 cold 6165075
hot 265951 warm 3597312 cold 6165075
hot 265947 warm 3597312 cold 6165075
hot 265943 warm 3597312 cold 6165075
hot 265939 warm 3597312 cold 6165075
hot 265935 warm 3597312 cold 6165075
hot 265932 warm 3597312 cold 6165075
hot 265928 warm 3597312 cold 6165075
hot 265924 warm 3597312 cold 6165075
hot 265920 warm 3597312 cold 6165075
hot 265916 warm 3597312 cold 6165075
hot 265912 warm 3597312 cold 6165075
hot 265908 warm 3597312 cold 6165075
hot 265904 warm 3597312 cold 6165075
hot 265900 warm 3597312 cold 6165075
hot 265896 warm 3597312 cold 6165075
hot 265892 warm 3597312 cold 6165075
hot 265888 warm 3597312 cold 6165075
hot 265885 warm 3597312 cold 6165075
hot 265881 warm 3597312 cold 6165075
hot 265877 warm 3597312 cold 6165075
hot 265873 warm 3597312 cold 6165075
hot 265869 warm 3597312 cold 6165075
hot 265865 warm 3597312 cold 6165075
hot 265861 warm 3597312 cold 6165075
hot 265857 warm 3597312 cold 6165075
hot 265853 warm 3597312 cold 6165075
hot 265849 warm 3597312 cold 6165075
hot 265845 warm 3597312 cold 6165075
hot 265841 warm 3597312 cold 6165075
hot 265837 warm 3597312 cold 6165075
hot 265833 warm 3597312 cold 6165075
hot 265829 warm 3597312 cold 6165075
hot 265825 warm 3597312 cold 6165075
hot 265821 warm 3597312 cold 6165075
hot 265817 warm 3597312 cold 6165075
hot 243652 warm 0 cold 6151763
