hot 249028 warm 2537984 cold 3609498
hot 249451 warm 2537984 cold 3609498
hot 249451 warm 2537984 cold 3609498
hot 249451 warm 2537984 cold 3609498
hot 249451 warm 2537984 cold 3609498
hot 249451 warm 2537984 cold 3609498
hot 249451 warm 2537984 cold 3609498
hot 249451 warm 2537984 cold 3609498
hot 249451 warm 2537984 cold 3609498
hot 249451 warm 2537984 cold 3609498
hot 249451 warm 2537984 cold 3609498
hot 249451 warm 2537984 cold 3609498
hot 249451 warm 2537984 cold 3609498
hot 249451 warm 2537984 cold 3609498
hot 249451 warm 2537984 cold 3609498
hot 249451 warm 2537984 cold 3609498
hot 249451 warm 2537984 cold 3609498
hot 249451 warm 2537984 cold 3609498
hot 249451 warm 2537984 cold 3609498
hot 249451 warm 2537984 cold 3609498
hot 249451 warm 2537984 cold 3609498
hot 249451 warm 2537984 cold 3609498
hot 249451 warm 2537984 cold 3609498
hot 249451 warm 2537984 cold 3609498
hot 249451 warm 2537984 cold 3609498
hot 249451 warm 2537984 cold 3609498
hot 249451 warm 2537984 cold 3609498
hot 249451 warm 2537984 cold 3609498
hot 249451 warm 2537984 cold 3609498
hot 249451 warm 2537984 cold 3609498
hot 249451 warm 2537984 cold 3609498
hot 249451 warm 2537984 cold 3609498
hot 249451 warm 2537984 cold 3609498
hot 249451 warm 2537984 cold 3609498
hot 249451 warm 2537984 cold 3609498
hot 249451 warm 2537984 cold 3609498
hot 249451 warm 2537984 cold 3609498
hot 249451 warm 2537984 cold 3609498
hot 249451 warm 2537984 cold 3609498
hot 249451 warm 2537984 cold 3609498
hot 249451 warm 2537984 cold 3609498
hot 249451 warm 2537984 cold 3609498
hot 249451 warm 2537984 cold 3609498
hot 249451 warm 2537984 cold 3609498
hot 249451 warm 2537984 cold 3609498
hot 249451 warm 2537984 cold 3609498
hot 249451 warm 2537984 cold 3609498
hot 249451 warm 2537984 cold 3609498
hot 249451 warm 2537984 cold 3609498
hot 249451 warm 2537984 cold 3609498
hot 249451 warm 2537984 cold 3609498
hot 249451 warm 2537984 cold 3609498
hot 249451 warm 2537984 cold 3609498
hot 249451 warm 2537984 cold 3609498
hot 249451 warm 2537984 cold 3609498
hot 249451 warm 2537984 cold 3609498
hot 249451 warm 2537984 cold 3609498
hot 249451 warm 2537984 cold 3609498
hot 249451 warm 2537984 cold 3609498
hot 249451 warm 2537984 cold 3609498
hot 249451 warm 2537984 cold 3609498
hot 249451 warm 2537984 cold 3609498
hot 249451 warm 2537984 cold 3609498
hot 249451 warm 2537984 cold 3609498
hot 249451 warm 2537984 cold 3609498
hot 249451 warm 2537984 cold 3609498
hot 249451 warm 2537984 cold 3609498
hot 249451 warm 2537984 cold 3609498
hot 249451 warm 2537984 cold 3609498
hot 249451 warm 2537984 cold 3609498
hot 249451 warm 2537984 cold 3609498
hot 249451 warm 2537984 cold 3609498
hot 249451 warm 2537984 cold 3609498
hot 249451 warm 2537984 cold 3609498
hot 249451 warm 2537984 cold 3609498
hot 249451 warm 2537984 cold 3609498
hot 249451 warm 2537984 cold 3609498
hot 249451 warm 2537984 cold 3609498
hot 249451 warm 2537984 cold 3609498
hot 249451 warm 2537984 cold 3609498
hot 249451 warm 2537984 cold 3609498
hot 249451 warm 2537984 cold 3609498
hot 249451 warm 2537984 cold 3609498
hot 249451 warm 2537984 cold 3609498
hot 249451 warm 2537984 cold 3609498
hot 249451 warm 2537984 cold 3609498
hot 249451 warm 2537984 cold 3609498
hot 249451 warm 2537984 cold 3609498
hot 249523 warm 2537984 cold 3609498
hot 1780915 warm 2537984 cold 3609498
hot 2601648 warm 0 cold 6147482
hot 3334317 warm 0 cold 6147482
hot 3405482 warm 0 cold 6147482
hot 3405479 warm 0 cold 6147482
hot 3405475 warm 0 cold 6147482
hot 3405472 warm 0 cold 6147482
hot 3405469 warm 0 cold 6147482
hot 3405466 warm 0 cold 6147482
hot 3405462 warm 0 cold 6147482
hot 3405458 warm 0 cold 6147482
hot 3405454 warm 0 cold 6147482
hot 3405451 warm 0 cold 6147482
hot 3498119 warm 0 cold 6147482
hot 3596419 warm 0 cold 6147482
hot 247171 warm 0 cold 9549462
hot 247167 warm 0 cold 9549462
hot 247165 warm 0 cold 9549462
hot 247163 warm 0 cold 9549462
hot 247161 warm 0 cold 9549461
hot 247158 warm 0 cold 9549461
hot 247155 warm 0 cold 9549461
hot 247152 warm 0 cold 9549460
hot 247149 warm 0 cold 9549459
hot 247146 warm 0 cold 9549458
hot 247144 warm 0 cold 9549456
hot 247141 warm 0 cold 9549456
hot 247139 warm 0 cold 9549454
hot 247136 warm 0 cold 9549453
hot 247134 warm 0 cold 9549451
hot 247132 warm 0 cold 9549451
hot 247129 warm 0 cold 9549450
hot 247125 warm 0 cold 9549450
hot 247124 warm 0 cold 9549448
hot 247126 warm 0 cold 9549446
hot 247127 warm 0 cold 9549445
hot 247127 warm 0 cold 9549445
hot 247128 warm 0 cold 9549444
hot 247129 warm 0 cold 9549443
hot 247130 warm 0 cold 9549442
hot 247130 warm 0 cold 9549442
hot 247131 warm 0 cold 9549441
hot 247133 warm 0 cold 9549440
hot 247134 warm 0 cold 9549440
hot 247134 warm 0 cold 9549440
hot 247135 warm 0 cold 9549439
hot 247136 warm 0 cold 9549438
hot 247137 warm 0 cold 9549438
hot 247138 warm 0 cold 9549437
hot 247138 warm 0 cold 9549437
hot 247139 warm 0 cold 9549436
hot 247141 warm 0 cold 9549435
hot 247142 warm 0 cold 9549434
hot 247143 warm 0 cold 9549434
hot 247143 warm 0 cold 9549434
hot 247144 warm 0 cold 9549434
hot 247145 warm 0 cold 9549433
hot 247147 warm 0 cold 9549432
hot 247147 warm 0 cold 9549432
hot 247149 warm 0 cold 9549430
hot 247150 warm 0 cold 9549429
hot 247150 warm 0 cold 9549429
hot 247152 warm 0 cold 9549428
hot 247152 warm 0 cold 9549428
hot 247153 warm 0 cold 9549427
hot 247153 warm 0 cold 9549427
hot 247153 warm 0 cold 9549427
hot 247154 warm 0 cold 9549427
hot 247154 warm 0 cold 9549427
hot 247156 warm 0 cold 9549425
hot 247156 warm 0 cold 9549425
hot 247157 warm 0 cold 9549424
hot 247158 warm 0 cold 9549423
hot 247158 warm 0 cold 9549423
hot 247159 warm 0 cold 9549422
hot 247160 warm 0 cold 9549422
hot 247160 warm 0 cold 9549422
hot 247160 warm 0 cold 9549422
hot 247161 warm 0 cold 9549422
hot 247163 warm 0 cold 9549420
hot 247164 warm 0 cold 9549419
hot 247165 warm 0 cold 9549418
hot 247165 warm 0 cold 9549418
hot 247166 warm 0 cold 9549417
hot 247166 warm 0 cold 9549417
hot 247166 warm 0 cold 9549417
hot 247168 warm 0 cold 9549415
hot 247168 warm 0 cold 9549415
hot 247168 warm 0 cold 9549415
hot 247206 warm 0 cold 9654336
hot 247265 warm 0 cold 9722882
hot 247315 warm 0 cold 9743821
hot 247351 warm 0 cold 9764261
hot 247403 warm 0 cold 9771885
hot 247446 warm 0 cold 9776446
hot 247503 warm 0 cold 9776898
hot 249614 warm 0 cold 9778367
hot 252211 warm 0 cold 9775767
hot 256393 warm 0 cold 9772131
hot 265639 warm 0 cold 9762885
hot 274378 warm 0 cold 9754146
hot 294902 warm 0 cold 9733622
hot 325656 warm 0 cold 9702868
hot 378415 warm 0 cold 9650109
hot 441945 warm 0 cold 9586579
hot 527476 warm 0 cold 9501048
hot 635031 warm 0 cold 9393493
hot 755374 warm 0 cold 9273150
hot 924354 warm 0 cold 9104170
hot 1096406 warm 0 cold 8932118
hot 1330413 warm 0 cold 8698111
hot 1548028 warm 0 cold 8480496
hot 1747734 warm 0 cold 8280790
hot 1979687 warm 0 cold 8048837
hot 2200893 warm 0 cold 7827631
hot 2399565 warm 0 cold 7628959
hot 2634588 warm 0 cold 7393937
hot 2704736 warm 0 cold 7323789
hot 2704736 warm 0 cold 7323789
hot 2704736 warm 0 cold 7323789
hot 2704736 warm 0 cold 7323789
hot 2704738 warm 0 cold 7323788
hot 2704738 warm 0 cold 7323788
hot 2704740 warm 0 cold 7323786
hot 2704740 warm 0 cold 7323786
hot 2704740 warm 0 cold 7323786
hot 2704741 warm 0 cold 7323785
hot 2704741 warm 0 cold 7323785
hot 2704741 warm 0 cold 7323785
hot 2704742 warm 0 cold 7323784
hot 2704742 warm 0 cold 7323784
hot 2704743 warm 0 cold 7323783
hot 2704743 warm 0 cold 7323783
hot 2704744 warm 0 cold 7323782
hot 2704745 warm 0 cold 7323781
hot 2704745 warm 0 cold 7323781
hot 2704746 warm 0 cold 7323780
hot 2704747 warm 0 cold 7323779
hot 2704747 warm 0 cold 7323779
hot 2704748 warm 0 cold 7323778
hot 2704748 warm 0 cold 7323778
hot 2704748 warm 0 cold 7323778
hot 2704748 warm 0 cold 7323778
hot 2704750 warm 0 cold 7323776
hot 2704750 warm 0 cold 7323776
hot 2704751 warm 0 cold 7323776
hot 2704751 warm 0 cold 7323776
hot 2704752 warm 0 cold 7323775
hot 2704752 warm 0 cold 7323775
hot 2704752 warm 0 cold 7323775
hot 2704753 warm 0 cold 7323774
hot 2704753 warm 0 cold 7323774
hot 2704753 warm 0 cold 7323774
hot 2704753 warm 0 cold 7323774
hot 2704753 warm 0 cold 7323774
hot 2704753 warm 0 cold 7323774
hot 2704753 warm 0 cold 7323774
hot 2704753 warm 0 cold 7323774
hot 2704753 warm 0 cold 7323774
hot 2704753 warm 0 cold 7323774
hot 2704753 warm 0 cold 7323774
hot 2704753 warm 0 cold 7323774
hot 2704753 warm 0 cold 7323774
hot 2704753 warm 0 cold 7323774
hot 2704754 warm 0 cold 7323773
hot 2704754 warm 0 cold 7323773
hot 2704754 warm 0 cold 7323773
hot 2704754 warm 0 cold 7323773
hot 2704754 warm 0 cold 7323773
hot 2704755 warm 0 cold 7323772
hot 2704755 warm 0 cold 7323772
hot 2704755 warm 0 cold 7323772
hot 2704757 warm 0 cold 7323770
hot 2704757 warm 0 cold 7323770
hot 2704757 warm 0 cold 7323770
hot 2704758 warm 0 cold 7323770
hot 2704758 warm 0 cold 7323770
hot 2704758 warm 0 cold 7323770
hot 2704759 warm 0 cold 7323770
hot 2704759 warm 0 cold 7323770
hot 2704759 warm 0 cold 7323770
hot 2704759 warm 0 cold 7323770
hot 2704759 warm 0 cold 7323770
hot 2704759 warm 0 cold 7323770
hot 2704759 warm 0 cold 7323770
hot 2704760 warm 0 cold 7323770
hot 2704760 warm 0 cold 7323770
hot 2704760 warm 0 cold 7323770
hot 2704762 warm 0 cold 7323768
hot 2704762 warm 0 cold 7323768
hot 2704762 warm 0 cold 7323768
hot 2704762 warm 0 cold 7323768
hot 2704763 warm 0 cold 7323767
hot 2704764 warm 0 cold 7323766
hot 2704764 warm 0 cold 7323766
hot 2704764 warm 0 cold 7323766
hot 2704764 warm 0 cold 7323766
hot 2704765 warm 0 cold 7323765
hot 2704765 warm 0 cold 7323765
hot 2704765 warm 0 cold 7323765
hot 2704765 warm 0 cold 7323765
hot 2704765 warm 0 cold 7323765
hot 2704765 warm 0 cold 7323765
hot 2704765 warm 0 cold 7323765
hot 2704767 warm 0 cold 7323763
hot 2704767 warm 0 cold 7323763
hot 2767748 warm 0 cold 7260782
hot 2767748 warm 0 cold 7260782
hot 2767748 warm 0 cold 7260782
hot 2767748 warm 0 cold 7260782
hot 2767748 warm 0 cold 7260782
hot 2767748 warm 0 cold 7260782
hot 2767748 warm 0 cold 7260782
hot 2767748 warm 0 cold 7260782
hot 2767748 warm 0 cold 7260782
hot 2767748 warm 0 cold 7260782
hot 2767748 warm 0 cold 7260782
hot 2767748 warm 0 cold 7260782
hot 2767748 warm 0 cold 7260782
hot 2767748 warm 0 cold 7260782
hot 2767750 warm 0 cold 7260781
hot 2767750 warm 0 cold 7260781
hot 2767750 warm 0 cold 7260781
hot 2767750 warm 0 cold 7260781
hot 2767750 warm 0 cold 7260781
hot 2767750 warm 0 cold 7260781
hot 2767750 warm 0 cold 7260781
hot 2767750 warm 0 cold 7260781
hot 2767751 warm 0 cold 7260780
hot 2767751 warm 0 cold 7260780
hot 2767751 warm 0 cold 7260780
hot 2767751 warm 0 cold 7260780
hot 2767751 warm 0 cold 7260780
hot 2767751 warm 0 cold 7260780
hot 2767751 warm 0 cold 7260780
hot 2941349 warm 0 cold 7087182
hot 3061678 warm 0 cold 6966853
hot 3091893 warm 0 cold 6936638
hot 3233737 warm 0 cold 6794795
hot 3348948 warm 0 cold 6679584
hot 3453920 warm 0 cold 6574612
hot 3542002 warm 0 cold 6486530
hot 3610115 warm 0 cold 6418417
hot 248303 warm 0 cold 9780228
hot 248311 warm 0 cold 9780216
hot 248327 warm 0 cold 9780196
hot 248336 warm 0 cold 9780183
hot 248346 warm 0 cold 9780169
hot 248859 warm 0 cold 9779652
hot 248863 warm 0 cold 9779644
hot 248865 warm 0 cold 9779638
hot 249387 warm 0 cold 9779113
hot 249398 warm 0 cold 9779098
hot 250944 warm 0 cold 9777548
hot 251460 warm 0 cold 9777028
hot 252493 warm 3606559 cold 6169432
hot 255574 warm 3607071 cold 6165835
hot 258140 warm 3608607 cold 6161729
hot 259174 warm 3608095 cold 6161203
hot 262248 warm 3608095 cold 6158125
hot 268912 warm 3602463 cold 6157089
hot 276596 warm 3594783 cold 6157081
hot 287863 warm 3583519 cold 6157074
hot 302713 warm 3569183 cold 6156556
hot 328317 warm 3543583 cold 6156548
hot 346244 warm 3527199 cold 6155002
hot 377991 warm 3495967 cold 6154487
hot 411277 warm 3462687 cold 6154481
hot 447125 warm 3426847 cold 6154473
hot 492703 warm 0 cold 9535742
hot 530596 warm 0 cold 9498041
hot 590508 warm 0 cold 9438137
hot 650930 warm 0 cold 9377721
hot 722105 warm 0 cold 9306553
hot 786113 warm 0 cold 9242553
hot 849609 warm 0 cold 9179065
hot 922831 warm 0 cold 9106361
hot 994007 warm 0 cold 9035193
hot 1080542 warm 0 cold 8948665
hot 1139943 warm 0 cold 8889273
hot 1222896 warm 0 cold 8806329
hot 1314547 warm 0 cold 8714681
hot 1409783 warm 0 cold 8619449
hot 1501438 warm 0 cold 8527801
hot 1586949 warm 0 cold 8442809
hot 1688330 warm 0 cold 8341945
hot 1783565 warm 0 cold 8246713
hot 1875727 warm 0 cold 8154553
hot 1962771 warm 0 cold 8067513
hot 2060566 warm 0 cold 7969721
hot 2150171 warm 0 cold 7880121
hot 248605 warm 0 cold 9781689
hot 248610 warm 0 cold 9781689
hot 248609 warm 0 cold 9781689
hot 248611 warm 0 cold 9781689
hot 248608 warm 0 cold 9781689
hot 248606 warm 0 cold 9781689
hot 248610 warm 0 cold 9781689
hot 248610 warm 0 cold 9781689
hot 248608 warm 0 cold 9781689
hot 248606 warm 0 cold 9781689
hot 248604 warm 0 cold 9781689
hot 248602 warm 0 cold 9781689
hot 248600 warm 2998272 cold 6783417
hot 248598 warm 3061248 cold 6720441
hot 248597 warm 3118080 cold 6663609
hot 248597 warm 3172864 cold 6608825
hot 248596 warm 3224576 cold 6557113
hot 248593 warm 3271680 cold 6510009
hot 248593 warm 3309568 cold 6472121
hot 248592 warm 3346432 cold 6435257
hot 248589 warm 3380224 cold 6401465
hot 248587 warm 3409920 cold 6371769
hot 248588 warm 3435520 cold 6346169
hot 248585 warm 3454976 cold 6326713
hot 248582 warm 3476480 cold 6305209
hot 248578 warm 3493888 cold 6287801
hot 248576 warm 3508736 cold 6272953
hot 248575 warm 3523584 cold 6258105
hot 248571 warm 3530752 cold 6250937
hot 248568 warm 3538944 cold 6242745
hot 248567 warm 3546624 cold 6235065
hot 248566 warm 3556864 cold 6224825
hot 248564 warm 3565568 cold 6216121
hot 248562 warm 3570688 cold 6211001
hot 248560 warm 3577856 cold 6203833
hot 248560 warm 3582976 cold 6198713
hot 248560 warm 3586560 cold 6195129
hot 249582 warm 3589632 cold 6191033
hot 251628 warm 3590144 cold 6188473
hot 252648 warm 3591168 cold 6186425
hot 252645 warm 3592704 cold 6184889
hot 252643 warm 3595264 cold 6182329
hot 253156 warm 3598336 cold 6178745
hot 253153 warm 3598848 cold 6178233
hot 254688 warm 3600384 cold 6175161
hot 254686 warm 3602944 cold 6172601
hot 256732 warm 3601920 cold 6171577
hot 258777 warm 3600896 cold 6170553
hot 258776 warm 3602432 cold 6169017
hot 261333 warm 3601920 cold 6166969
hot 264918 warm 3599872 cold 6165433
hot 267475 warm 3598848 cold 6163897
hot 268495 warm 3598848 cold 6162873
hot 269005 warm 3598848 cold 6162361
hot 270538 warm 3598848 cold 6160825
hot 275145 warm 3595776 cold 6159289
hot 277704 warm 3593216 cold 6159289
hot 279237 warm 3592192 cold 6158777
hot 281795 warm 3590144 cold 6158265
hot 287936 warm 3584512 cold 6157753
