hot 741916 warm 0 cold 5654495
hot 741484 warm 0 cold 5654495
hot 741480 warm 0 cold 5654495
hot 741476 warm 0 cold 5654495
hot 741472 warm 0 cold 5654495
hot 741468 warm 0 cold 5654495
hot 741464 warm 0 cold 5654495
hot 741460 warm 0 cold 5654495
hot 741456 warm 0 cold 5654495
hot 741452 warm 0 cold 5654495
hot 741448 warm 0 cold 5654495
hot 741444 warm 0 cold 5654495
hot 741440 warm 0 cold 5654495
hot 741436 warm 0 cold 5654495
hot 741432 warm 0 cold 5654495
hot 741428 warm 0 cold 5654495
hot 741424 warm 0 cold 5654495
hot 741420 warm 0 cold 5654495
hot 741416 warm 0 cold 5654495
hot 741412 warm 0 cold 5654495
hot 741408 warm 0 cold 5654495
hot 741404 warm 0 cold 5654495
hot 741400 warm 0 cold 5654495
hot 741396 warm 0 cold 5654495
hot 741392 warm 0 cold 5654495
hot 741388 warm 0 cold 5654495
hot 741384 warm 0 cold 5654495
hot 741380 warm 0 cold 5654495
hot 741376 warm 0 cold 5654495
hot 741372 warm 0 cold 5654495
hot 741368 warm 0 cold 5654495
hot 741364 warm 0 cold 5654495
hot 741360 warm 0 cold 5654495
hot 741356 warm 0 cold 5654495
hot 741352 warm 0 cold 5654495
hot 741348 warm 0 cold 5654495
hot 741344 warm 0 cold 5654495
hot 741340 warm 0 cold 5654495
hot 741336 warm 0 cold 5654495
hot 741332 warm 0 cold 5654495
hot 741328 warm 0 cold 5654495
hot 741324 warm 0 cold 5654495
hot 741320 warm 0 cold 5654495
hot 741316 warm 0 cold 5654495
hot 741312 warm 0 cold 5654495
hot 741308 warm 0 cold 5654495
hot 741304 warm 0 cold 5654495
hot 741300 warm 0 cold 5654495
hot 741296 warm 0 cold 5654495
hot 741292 warm 0 cold 5654495
hot 741288 warm 0 cold 5654495
hot 741284 warm 0 cold 5654495
hot 741280 warm 0 cold 5654495
hot 741276 warm 0 cold 5654495
hot 741272 warm 0 cold 5654495
hot 741268 warm 0 cold 5654495
hot 741264 warm 0 cold 5654495
hot 741260 warm 0 cold 5654495
hot 741256 warm 0 cold 5654495
hot 741252 warm 0 cold 5654495
hot 741248 warm 0 cold 5654495
hot 741244 warm 0 cold 5654495
hot 741240 warm 0 cold 5654495
hot 741236 warm 0 cold 5654495
hot 741232 warm 0 cold 5654495
hot 741228 warm 0 cold 5654495
hot 741224 warm 0 cold 5654495
hot 741220 warm 0 cold 5654495
hot 741216 warm 0 cold 5654495
hot 741212 warm 0 cold 5654495
hot 741208 warm 0 cold 5654495
hot 741204 warm 0 cold 5654495
hot 741200 warm 0 cold 5654495
hot 741196 warm 0 cold 5654495
hot 741192 warm 0 cold 5654495
hot 741188 warm 0 cold 5654495
hot 741184 warm 0 cold 5654495
hot 741180 warm 0 cold 5654495
hot 741176 warm 0 cold 5654495
hot 741172 warm 0 cold 5654495
hot 741168 warm 0 cold 5654495
hot 741164 warm 0 cold 5654495
hot 741160 warm 0 cold 5654495
hot 741156 warm 0 cold 5654495
hot 741152 warm 0 cold 5654495
hot 741148 warm 0 cold 5654495
hot 741144 warm 0 cold 5654495
hot 741140 warm 0 cold 5654495
hot 741027 warm 0 cold 5654495
hot 2492067 warm 0 cold 5654495
hot 3361441 warm 0 cold 5654495
hot 3425437 warm 0 cold 5654495
hot 3850394 warm 0 cold 5654495
hot 3951766 warm 0 cold 5654495
hot 3951763 warm 0 cold 5654495
hot 4123280 warm 0 cold 5654495
hot 4221580 warm 0 cold 5654495
hot 4283529 warm 0 cold 5654495
hot 4290183 warm 0 cold 5654495
hot 4290179 warm 0 cold 5654495
hot 4290178 warm 0 cold 5654495
hot 4322430 warm 0 cold 5654495
hot 4355196 warm 0 cold 5654495
hot 247377 warm 0 cold 9768967
hot 247404 warm 0 cold 9769448
hot 247433 warm 0 cold 9774025
hot 247430 warm 0 cold 9774025
hot 247430 warm 0 cold 9774022
hot 247427 warm 0 cold 9774022
hot 247425 warm 0 cold 9774020
hot 247423 warm 0 cold 9774019
hot 247420 warm 0 cold 9774018
hot 247417 warm 0 cold 9774018
hot 247415 warm 0 cold 9774016
hot 247411 warm 0 cold 9774016
hot 247409 warm 0 cold 9774014
hot 247405 warm 0 cold 9774014
hot 247403 warm 0 cold 9774012
hot 247402 warm 0 cold 9774009
hot 247398 warm 0 cold 9774009
hot 247395 warm 0 cold 9774008
hot 247391 warm 0 cold 9774008
hot 247388 warm 0 cold 9774007
hot 247384 warm 0 cold 9774007
hot 247381 warm 0 cold 9774006
hot 247378 warm 0 cold 9774005
hot 247376 warm 0 cold 9774003
hot 247372 warm 0 cold 9774003
hot 247369 warm 0 cold 9774002
hot 247366 warm 0 cold 9774001
hot 247362 warm 0 cold 9774001
hot 247360 warm 0 cold 9774000
hot 247357 warm 0 cold 9774000
hot 247355 warm 0 cold 9773998
hot 247352 warm 0 cold 9773997
hot 247349 warm 0 cold 9773996
hot 247345 warm 0 cold 9773996
hot 247342 warm 0 cold 9773995
hot 247338 warm 0 cold 9773995
hot 247335 warm 0 cold 9773994
hot 247333 warm 0 cold 9773993
hot 247330 warm 0 cold 9773993
hot 247326 warm 0 cold 9773993
hot 247323 warm 0 cold 9773992
hot 247321 warm 0 cold 9773990
hot 247317 warm 0 cold 9773990
hot 247313 warm 0 cold 9773990
hot 247310 warm 0 cold 9773989
hot 247307 warm 0 cold 9773989
hot 247304 warm 0 cold 9773988
hot 247300 warm 0 cold 9773988
hot 247297 warm 0 cold 9773987
hot 247293 warm 0 cold 9773987
hot 247289 warm 0 cold 9773987
hot 247285 warm 0 cold 9773987
hot 247283 warm 0 cold 9773985
hot 247279 warm 0 cold 9773985
hot 247276 warm 0 cold 9773984
hot 247272 warm 0 cold 9773984
hot 247268 warm 0 cold 9773984
hot 247265 warm 0 cold 9773983
hot 247262 warm 0 cold 9773983
hot 247258 warm 0 cold 9773983
hot 247254 warm 0 cold 9773983
hot 247251 warm 0 cold 9773982
hot 247249 warm 0 cold 9773980
hot 247245 warm 0 cold 9773980
hot 247242 warm 0 cold 9773980
hot 247238 warm 0 cold 9773980
hot 247236 warm 0 cold 9773980
hot 247233 warm 0 cold 9773979
hot 247230 warm 0 cold 9773979
hot 247226 warm 0 cold 9773979
hot 247223 warm 0 cold 9773978
hot 247220 warm 0 cold 9773977
hot 247216 warm 0 cold 9773977
hot 247214 warm 0 cold 9773975
hot 247211 warm 0 cold 9773974
hot 247208 warm 0 cold 9773973
hot 247204 warm 0 cold 9773973
hot 247200 warm 0 cold 9773973
hot 247196 warm 0 cold 9773973
hot 247192 warm 0 cold 9773973
hot 247188 warm 0 cold 9773973
hot 247184 warm 0 cold 9773973
hot 247181 warm 0 cold 9773972
hot 247178 warm 0 cold 9773971
hot 247174 warm 0 cold 9773971
hot 247171 warm 0 cold 9773970
hot 247169 warm 0 cold 9773968
hot 247166 warm 0 cold 9773967
hot 247162 warm 0 cold 9773967
hot 247159 warm 0 cold 9773966
hot 247155 warm 0 cold 9773966
hot 247152 warm 0 cold 9773965
hot 247148 warm 0 cold 9773965
hot 247144 warm 0 cold 9773965
hot 247142 warm 0 cold 9773963
hot 247138 warm 0 cold 9773963
hot 247135 warm 0 cold 9773962
hot 247131 warm 0 cold 9773962
hot 247127 warm 0 cold 9773962
hot 247125 warm 0 cold 9773960
hot 247121 warm 0 cold 9773960
hot 247117 warm 0 cold 9773960
hot 247113 warm 0 cold 9773960
hot 247109 warm 0 cold 9773960
hot 247105 warm 0 cold 9773960
hot 247102 warm 0 cold 9773959
hot 247098 warm 0 cold 9773959
hot 247094 warm 0 cold 9773959
hot 247090 warm 0 cold 9773959
hot 247087 warm 0 cold 9773958
hot 247083 warm 0 cold 9773958
hot 247079 warm 0 cold 9773958
hot 247075 warm 0 cold 9773958
hot 247072 warm 0 cold 9773957
hot 247069 warm 0 cold 9773957
hot 247065 warm 0 cold 9773957
hot 247062 warm 0 cold 9773956
hot 247059 warm 0 cold 9773955
hot 247055 warm 0 cold 9773955
hot 247051 warm 0 cold 9773955
hot 247047 warm 0 cold 9773955
hot 247045 warm 0 cold 9773955
hot 247041 warm 0 cold 9773955
hot 247037 warm 0 cold 9773955
hot 247034 warm 0 cold 9773954
hot 247032 warm 0 cold 9773953
hot 247028 warm 0 cold 9773953
hot 247025 warm 0 cold 9773953
hot 247022 warm 0 cold 9773953
hot 247018 warm 0 cold 9773953
hot 247014 warm 0 cold 9773953
hot 247011 warm 0 cold 9773952
hot 247007 warm 0 cold 9773952
hot 247003 warm 0 cold 9773952
hot 246999 warm 0 cold 9773952
hot 246995 warm 0 cold 9773952
hot 246992 warm 0 cold 9773952
hot 246988 warm 0 cold 9773952
hot 246984 warm 0 cold 9773952
hot 246980 warm 0 cold 9773952
hot 246976 warm 0 cold 9773952
hot 246973 warm 0 cold 9773951
hot 246970 warm 0 cold 9773950
hot 246967 warm 0 cold 9773949
hot 246963 warm 0 cold 9773949
hot 246961 warm 0 cold 9773947
hot 246957 warm 0 cold 9773947
hot 246953 warm 0 cold 9773947
hot 246949 warm 0 cold 9773947
hot 246945 warm 0 cold 9773947
hot 246942 warm 0 cold 9773947
hot 246938 warm 0 cold 9773947
hot 246935 warm 0 cold 9773947
hot 246931 warm 0 cold 9773947
hot 246927 warm 0 cold 9773947
hot 246923 warm 0 cold 9773947
hot 246920 warm 0 cold 9773946
hot 246916 warm 0 cold 9773946
hot 246912 warm 0 cold 9773946
hot 246908 warm 0 cold 9773946
hot 246904 warm 0 cold 9773946
hot 246900 warm 0 cold 9773946
hot 246896 warm 0 cold 9773946
hot 246893 warm 0 cold 9773945
hot 246889 warm 0 cold 9773945
hot 246885 warm 0 cold 9773945
hot 246881 warm 0 cold 9773945
hot 246878 warm 0 cold 9773944
hot 246875 warm 0 cold 9773943
hot 246872 warm 0 cold 9773942
hot 246868 warm 0 cold 9773942
hot 246866 warm 0 cold 9773940
hot 246862 warm 0 cold 9773940
hot 246858 warm 0 cold 9773940
hot 246854 warm 0 cold 9773940
hot 246850 warm 0 cold 9773940
hot 246846 warm 0 cold 9773940
hot 246842 warm 0 cold 9773940
hot 246838 warm 0 cold 9773940
hot 246834 warm 0 cold 9773940
hot 246831 warm 0 cold 9773939
hot 246827 warm 0 cold 9773939
hot 246823 warm 0 cold 9773939
hot 246819 warm 0 cold 9773939
hot 246815 warm 0 cold 9773939
hot 246813 warm 0 cold 9773937
hot 246810 warm 0 cold 9773936
hot 246806 warm 0 cold 9773936
hot 246802 warm 0 cold 9773936
hot 246799 warm 0 cold 9773936
hot 246795 warm 0 cold 9773936
hot 246791 warm 0 cold 9773936
hot 246787 warm 0 cold 9773936
hot 246783 warm 0 cold 9773936
hot 246779 warm 0 cold 9773936
hot 246775 warm 0 cold 9773936
hot 246771 warm 0 cold 9773936
hot 246767 warm 0 cold 9773936
hot 246763 warm 0 cold 9773936
hot 246759 warm 0 cold 9773936
hot 246755 warm 0 cold 9773936
hot 246751 warm 0 cold 9773936
hot 246747 warm 0 cold 9773936
hot 246743 warm 0 cold 9773936
hot 246739 warm 0 cold 9773936
hot 246735 warm 0 cold 9773936
hot 246731 warm 0 cold 9773936
hot 246727 warm 0 cold 9773936
hot 246723 warm 0 cold 9773936
hot 246720 warm 0 cold 9773935
hot 246716 warm 0 cold 9773935
hot 246712 warm 0 cold 9773935
hot 246708 warm 0 cold 9773935
hot 246705 warm 0 cold 9773935
hot 246701 warm 0 cold 9773935
hot 246698 warm 0 cold 9773934
hot 246694 warm 0 cold 9773934
hot 246691 warm 0 cold 9773933
hot 246688 warm 0 cold 9773932
hot 246685 warm 0 cold 9773931
hot 246681 warm 0 cold 9773931
hot 246677 warm 0 cold 9773931
hot 246673 warm 0 cold 9773931
hot 246669 warm 0 cold 9773931
hot 246665 warm 0 cold 9773931
hot 246661 warm 0 cold 9773931
hot 246657 warm 0 cold 9773931
hot 246654 warm 0 cold 9773930
hot 246651 warm 0 cold 9773930
hot 246647 warm 0 cold 9773930
hot 246644 warm 0 cold 9773929
hot 246640 warm 0 cold 9773929
hot 246636 warm 0 cold 9773929
hot 246632 warm 0 cold 9773929
hot 246628 warm 0 cold 9773929
hot 246625 warm 0 cold 9773928
hot 246622 warm 0 cold 9773927
hot 246618 warm 0 cold 9773927
hot 246614 warm 0 cold 9773927
hot 246610 warm 0 cold 9773927
hot 246606 warm 0 cold 9773927
hot 246602 warm 0 cold 9773927
hot 246598 warm 0 cold 9773927
hot 246594 warm 0 cold 9773927
hot 246590 warm 0 cold 9773927
hot 246586 warm 0 cold 9773927
hot 246583 warm 0 cold 9773926
hot 246579 warm 0 cold 9773926
hot 246577 warm 0 cold 9773925
hot 246573 warm 0 cold 9773925
hot 246569 warm 0 cold 9773925
hot 246565 warm 0 cold 9773925
hot 246561 warm 0 cold 9773925
hot 246557 warm 0 cold 9773925
hot 246553 warm 0 cold 9773925
hot 246550 warm 0 cold 9773924
hot 246546 warm 0 cold 9773924
hot 246542 warm 0 cold 9773924
hot 246538 warm 0 cold 9773924
hot 246534 warm 0 cold 9773924
hot 246530 warm 0 cold 9773924
hot 246526 warm 0 cold 9773924
hot 246522 warm 0 cold 9773924
hot 246518 warm 0 cold 9773924
hot 246514 warm 0 cold 9773924
hot 246511 warm 0 cold 9773923
hot 246507 warm 0 cold 9773923
hot 246503 warm 0 cold 9773923
hot 246499 warm 0 cold 9773923
hot 246495 warm 0 cold 9773923
hot 246491 warm 0 cold 9773923
hot 246487 warm 0 cold 9773923
hot 246483 warm 0 cold 9773923
hot 246479 warm 0 cold 9773923
hot 246475 warm 0 cold 9773923
hot 246471 warm 0 cold 9773923
hot 246467 warm 0 cold 9773923
hot 246463 warm 0 cold 9773923
hot 246460 warm 0 cold 9773922
hot 246457 warm 0 cold 9773921
hot 246453 warm 0 cold 9773921
hot 246449 warm 0 cold 9773921
hot 246445 warm 0 cold 9773921
hot 246441 warm 0 cold 9773921
hot 246437 warm 0 cold 9773921
hot 246433 warm 0 cold 9773921
hot 246429 warm 0 cold 9773921
hot 246425 warm 0 cold 9773921
hot 246421 warm 0 cold 9773921
hot 246418 warm 0 cold 9773920
hot 246414 warm 0 cold 9773920
hot 246410 warm 0 cold 9773920
hot 246406 warm 0 cold 9773920
hot 246403 warm 0 cold 9773919
hot 246399 warm 0 cold 9773919
hot 246396 warm 0 cold 9773918
hot 246392 warm 0 cold 9773918
hot 246388 warm 0 cold 9773918
hot 246384 warm 0 cold 9773918
hot 246380 warm 0 cold 9773918
hot 246376 warm 0 cold 9773918
hot 246372 warm 0 cold 9773918
hot 246368 warm 0 cold 9773918
hot 246364 warm 0 cold 9773918
hot 246361 warm 0 cold 9773917
hot 246357 warm 0 cold 9773917
hot 246353 warm 0 cold 9773917
hot 246349 warm 0 cold 9773917
hot 246345 warm 0 cold 9773917
hot 246341 warm 0 cold 9773917
hot 246337 warm 0 cold 9773917
hot 246333 warm 0 cold 9773917
hot 246329 warm 0 cold 9773917
hot 246325 warm 0 cold 9773917
hot 246321 warm 0 cold 9773917
hot 246317 warm 0 cold 9773917
hot 246313 warm 0 cold 9773917
hot 246309 warm 0 cold 9773917
hot 246305 warm 0 cold 9773917
hot 246301 warm 0 cold 9773917
hot 246297 warm 0 cold 9773917
hot 246293 warm 0 cold 9773917
hot 246289 warm 0 cold 9773917
hot 246285 warm 0 cold 9773917
hot 246281 warm 0 cold 9773917
hot 246277 warm 0 cold 9773917
hot 246273 warm 0 cold 9773917
hot 246269 warm 0 cold 9773917
hot 246265 warm 0 cold 9773917
hot 246261 warm 0 cold 9773917
hot 246258 warm 0 cold 9773917
hot 246255 warm 0 cold 9773916
hot 246251 warm 0 cold 9773916
hot 246247 warm 0 cold 9773916
hot 246243 warm 0 cold 9773916
hot 246239 warm 0 cold 9773916
hot 246235 warm 0 cold 9773916
hot 246231 warm 0 cold 9773916
hot 246227 warm 0 cold 9773916
hot 246223 warm 0 cold 9773916
hot 246219 warm 0 cold 9773916
hot 246216 warm 0 cold 9773915
