pgmigrate_success 12443235
pgmigrate_fail 421274
thp_migration_success 2060
thp_migration_fail 0
thp_migration_split 0
thp_fault_alloc 214341
thp_fault_fallback 368
thp_fault_fallback_charge 0
thp_collapse_alloc 76023
thp_collapse_alloc_failed 79357
thp_file_alloc 327
thp_file_fallback 0
thp_file_fallback_charge 0
thp_file_mapped 0
thp_split_page 476
thp_split_page_failed 4
thp_deferred_split_page 107417
thp_split_pmd 263113
thp_split_pud 0
thp_zero_page_alloc 1
thp_zero_page_alloc_failed 0
thp_swpout 0
thp_swpout_fallback 0
htmm_nr_promoted 1927332
htmm_nr_demoted 283463
htmm_nr_sampled 0
htmm_missed_dramread 34563
htmm_missed_nvmread 0
htmm_missed_write 0
htmm_alloc_dram 195905938
htmm_alloc_nvm 0
