pgmigrate_success 58726369
pgmigrate_fail 253459
thp_migration_success 97121
thp_migration_fail 0
thp_migration_split 0
thp_fault_alloc 220091
thp_fault_fallback 0
thp_fault_fallback_charge 0
thp_collapse_alloc 6303
thp_collapse_alloc_failed 25346
thp_file_alloc 220
thp_file_fallback 0
thp_file_fallback_charge 0
thp_file_mapped 0
thp_split_page 2395
thp_split_page_failed 175
thp_deferred_split_page 5751
thp_split_pmd 7898
thp_split_pud 0
thp_zero_page_alloc 0
thp_zero_page_alloc_failed 0
thp_swpout 0
thp_swpout_fallback 0
htmm_nr_promoted 47007578
htmm_nr_demoted 8963553
htmm_nr_sampled 0
htmm_missed_dramread 1059
htmm_missed_nvmread 0
htmm_missed_write 0
htmm_alloc_dram 192562605
htmm_alloc_nvm 0
