hot 0 warm 0 cold 0
hot 425 warm 0 cold 0
hot 426 warm 0 cold 0
hot 426 warm 0 cold 0
hot 426 warm 0 cold 0
hot 426 warm 0 cold 0
hot 426 warm 0 cold 0
hot 426 warm 0 cold 0
hot 426 warm 0 cold 0
hot 426 warm 0 cold 0
hot 426 warm 0 cold 0
hot 426 warm 0 cold 0
hot 426 warm 0 cold 0
hot 426 warm 0 cold 0
hot 426 warm 0 cold 0
hot 426 warm 0 cold 0
hot 426 warm 0 cold 0
hot 426 warm 0 cold 0
hot 426 warm 0 cold 0
hot 426 warm 0 cold 0
hot 426 warm 0 cold 0
hot 426 warm 0 cold 0
hot 426 warm 0 cold 0
hot 426 warm 0 cold 0
hot 426 warm 0 cold 0
hot 426 warm 0 cold 0
hot 426 warm 0 cold 0
hot 426 warm 0 cold 0
hot 426 warm 0 cold 0
hot 426 warm 0 cold 0
hot 426 warm 0 cold 0
hot 426 warm 0 cold 0
hot 426 warm 0 cold 0
hot 426 warm 0 cold 0
hot 426 warm 0 cold 0
hot 426 warm 0 cold 0
hot 426 warm 0 cold 0
hot 426 warm 0 cold 0
hot 426 warm 0 cold 0
hot 426 warm 0 cold 0
hot 426 warm 0 cold 0
hot 426 warm 0 cold 0
hot 426 warm 0 cold 0
hot 426 warm 0 cold 0
hot 426 warm 0 cold 0
hot 426 warm 0 cold 0
hot 426 warm 0 cold 0
hot 426 warm 0 cold 0
hot 426 warm 0 cold 0
hot 426 warm 0 cold 0
hot 426 warm 0 cold 0
hot 426 warm 0 cold 0
hot 426 warm 0 cold 0
hot 426 warm 0 cold 0
hot 426 warm 0 cold 0
hot 426 warm 0 cold 0
hot 426 warm 0 cold 0
hot 426 warm 0 cold 0
hot 426 warm 0 cold 0
hot 426 warm 0 cold 0
hot 426 warm 0 cold 0
hot 426 warm 0 cold 0
hot 426 warm 0 cold 0
hot 426 warm 0 cold 0
hot 426 warm 0 cold 0
hot 426 warm 0 cold 0
hot 426 warm 0 cold 0
hot 426 warm 0 cold 0
hot 426 warm 0 cold 0
hot 426 warm 0 cold 0
hot 426 warm 0 cold 0
hot 426 warm 0 cold 0
hot 426 warm 0 cold 0
hot 426 warm 0 cold 0
hot 426 warm 0 cold 0
hot 426 warm 0 cold 0
hot 426 warm 0 cold 0
hot 426 warm 0 cold 0
hot 426 warm 0 cold 0
hot 426 warm 0 cold 0
hot 426 warm 0 cold 0
hot 426 warm 0 cold 0
hot 426 warm 0 cold 0
hot 426 warm 0 cold 0
hot 426 warm 0 cold 0
hot 426 warm 0 cold 0
hot 426 warm 0 cold 0
hot 426 warm 0 cold 0
hot 426 warm 0 cold 0
hot 426 warm 0 cold 0
hot 426 warm 0 cold 0
hot 6448 warm 0 cold 104
hot 592177 warm 0 cold 9
hot 592178 warm 0 cold 8
hot 592178 warm 0 cold 8
hot 592179 warm 0 cold 7
hot 592181 warm 0 cold 5
hot 2325814 warm 0 cold 0
hot 2548534 warm 0 cold 0
hot 3157814 warm 0 cold 0
hot 3157816 warm 0 cold 0
hot 3157816 warm 0 cold 0
hot 3157817 warm 0 cold 0
hot 3157817 warm 0 cold 0
hot 3157817 warm 0 cold 0
hot 3157817 warm 0 cold 0
hot 3157818 warm 0 cold 0
hot 3157818 warm 0 cold 0
hot 3401019 warm 0 cold 0
hot 3530043 warm 0 cold 0
hot 3584315 warm 0 cold 0
hot 3612987 warm 0 cold 0
hot 3632443 warm 0 cold 0
hot 3636539 warm 0 cold 0
hot 3637564 warm 0 cold 0
hot 3638076 warm 0 cold 0
hot 3638076 warm 0 cold 0
hot 3638077 warm 0 cold 0
hot 3638077 warm 0 cold 0
hot 3638077 warm 0 cold 0
hot 3638078 warm 0 cold 0
hot 3638078 warm 0 cold 0
hot 3638079 warm 0 cold 0
hot 3638079 warm 0 cold 0
hot 3638079 warm 0 cold 0
hot 3638080 warm 0 cold 0
hot 3638080 warm 0 cold 0
hot 3638080 warm 0 cold 0
hot 3638080 warm 0 cold 0
hot 3638080 warm 0 cold 0
hot 3638080 warm 0 cold 0
hot 3638080 warm 0 cold 0
hot 3638080 warm 0 cold 0
hot 3638080 warm 0 cold 0
hot 3638081 warm 0 cold 0
hot 3638081 warm 0 cold 0
hot 3638081 warm 0 cold 0
hot 3638081 warm 0 cold 0
hot 3638081 warm 0 cold 0
hot 3638081 warm 0 cold 0
hot 3638081 warm 0 cold 0
hot 3638081 warm 0 cold 0
hot 3638081 warm 0 cold 0
hot 3638082 warm 0 cold 0
hot 3638082 warm 0 cold 0
hot 3638083 warm 0 cold 0
hot 3638083 warm 0 cold 0
hot 3638083 warm 0 cold 0
hot 3638084 warm 0 cold 0
hot 3638084 warm 0 cold 0
hot 3638084 warm 0 cold 0
hot 3638084 warm 0 cold 0
hot 3638085 warm 0 cold 0
hot 3638085 warm 0 cold 0
hot 3638085 warm 0 cold 0
hot 3638085 warm 0 cold 0
hot 3638085 warm 0 cold 0
hot 3638086 warm 0 cold 0
hot 3638086 warm 0 cold 0
hot 3638086 warm 0 cold 0
hot 3638086 warm 0 cold 0
hot 3638088 warm 0 cold 0
hot 3638088 warm 0 cold 0
hot 3638088 warm 0 cold 0
hot 3638088 warm 0 cold 0
hot 3638088 warm 0 cold 0
hot 3638088 warm 0 cold 0
hot 3638089 warm 0 cold 0
hot 3638089 warm 0 cold 0
hot 3638089 warm 0 cold 0
hot 3638090 warm 0 cold 0
hot 3638090 warm 0 cold 0
hot 3638091 warm 0 cold 0
hot 3638092 warm 0 cold 0
hot 3638092 warm 0 cold 0
hot 3638092 warm 0 cold 0
hot 3638092 warm 0 cold 0
hot 3638092 warm 0 cold 0
hot 3638092 warm 0 cold 0
hot 3638092 warm 0 cold 0
hot 3638092 warm 0 cold 0
hot 3638092 warm 0 cold 0
hot 3638092 warm 0 cold 0
hot 3638092 warm 0 cold 0
hot 3638092 warm 0 cold 0
hot 3638092 warm 0 cold 0
hot 3638092 warm 0 cold 0
hot 3638093 warm 0 cold 0
hot 3638093 warm 0 cold 0
hot 3638093 warm 0 cold 0
hot 3638093 warm 0 cold 0
hot 3638093 warm 0 cold 0
hot 3638093 warm 0 cold 0
hot 3638093 warm 0 cold 0
hot 3638093 warm 0 cold 0
hot 3638093 warm 0 cold 0
hot 3638093 warm 0 cold 0
hot 3638093 warm 0 cold 0
hot 3638093 warm 0 cold 0
hot 3638093 warm 0 cold 0
hot 3638093 warm 0 cold 0
hot 3638093 warm 0 cold 0
hot 3638093 warm 0 cold 0
hot 3638093 warm 0 cold 0
hot 3638093 warm 0 cold 0
hot 3638094 warm 0 cold 0
hot 3638094 warm 0 cold 0
hot 3638094 warm 0 cold 0
hot 3638094 warm 0 cold 0
hot 3638094 warm 0 cold 0
hot 3638094 warm 0 cold 0
hot 3638094 warm 0 cold 0
hot 3638095 warm 0 cold 0
hot 3638095 warm 0 cold 0
hot 3638095 warm 0 cold 0
hot 3638095 warm 0 cold 0
hot 3638095 warm 0 cold 0
hot 3638096 warm 0 cold 0
hot 3638096 warm 0 cold 0
hot 3638096 warm 0 cold 0
hot 3638096 warm 0 cold 0
hot 3638097 warm 0 cold 0
hot 3638397 warm 0 cold 0
hot 3638409 warm 0 cold 0
hot 3638415 warm 0 cold 0
hot 3638423 warm 0 cold 0
hot 3638435 warm 0 cold 0
hot 3638446 warm 0 cold 0
hot 3638455 warm 0 cold 0
hot 6644 warm 0 cold 3631817
hot 6666 warm 0 cold 3631806
hot 7708 warm 0 cold 3630771
hot 7728 warm 0 cold 3630760
hot 8259 warm 0 cold 3630236
hot 9812 warm 0 cold 3628685
hot 10343 warm 0 cold 3628164
hot 12916 warm 0 cold 3625597
hot 14976 warm 0 cold 3623539
hot 20618 warm 0 cold 3617901
hot 23707 warm 0 cold 3614821
hot 37042 warm 0 cold 3601496
hot 48832 warm 0 cold 3589710
hot 63181 warm 0 cold 3575365
hot 77542 warm 3419136 cold 141876
hot 100595 warm 3420160 cold 117805
hot 120063 warm 3419648 cold 98851
hot 140047 warm 3419648 cold 78872
hot 173854 warm 3398144 cold 66578
hot 248628 warm 3332096 cold 57861
hot 310588 warm 3279872 cold 48128
hot 372045 warm 3226624 cold 39925
hot 428888 warm 0 cold 3209713
hot 521057 warm 0 cold 3117548
hot 620399 warm 0 cold 3018210
hot 704375 warm 0 cold 2934237
hot 822144 warm 0 cold 2816470
hot 963979 warm 0 cold 2674640
hot 1091987 warm 0 cold 2546636
hot 5530 warm 0 cold 3633096
hot 5542 warm 0 cold 3633091
hot 5555 warm 0 cold 3633084
hot 5563 warm 0 cold 3633083
hot 5574 warm 0 cold 3633076
hot 5584 warm 0 cold 3633070
hot 5594 warm 0 cold 3633065
hot 6116 warm 0 cold 3632548
hot 6123 warm 0 cold 3632544
hot 6131 warm 0 cold 3632536
hot 6141 warm 0 cold 3632531
hot 6150 warm 0 cold 3632526
hot 6158 warm 0 cold 3632523
hot 6673 warm 2943488 cold 688521
hot 6677 warm 3012096 cold 619909
hot 6688 warm 3077632 cold 554369
hot 6696 warm 3147264 cold 484732
hot 6705 warm 3208192 cold 423797
hot 7226 warm 3254784 cold 376687
hot 7233 warm 3297792 cold 333676
hot 7237 warm 3332096 cold 299370
hot 7242 warm 3353600 cold 277865
hot 7244 warm 3385856 cold 245608
hot 7762 warm 3413504 cold 217443
hot 8281 warm 3432960 cold 197470
hot 8282 warm 3451392 cold 179037
hot 9821 warm 3466752 cold 162141
hot 11878 warm 3479040 cold 147800
hot 14958 warm 3486720 cold 137043
hot 18035 warm 3500032 cold 120654
hot 20085 warm 3508224 cold 110413
hot 22137 warm 3514880 cold 101708
hot 23677 warm 3521536 cold 93515
hot 25733 warm 3530240 cold 82761
hot 29837 warm 3531776 cold 77123
hot 34962 warm 3532288 cold 71489
hot 42646 warm 3531776 cold 64319
hot 48282 warm 3530240 cold 60220
hot 61087 warm 3521024 cold 56632
hot 73377 warm 3510784 cold 54584
hot 81571 warm 3507200 cold 49974
hot 93866 warm 3501056 cold 43824
hot 109228 warm 3491328 cold 38190
hot 122545 warm 3482112 cold 34091
hot 139955 warm 3468800 cold 29994
hot 163512 warm 3447808 cold 27430
hot 189118 warm 3424256 cold 25378
hot 221892 warm 3392000 cold 24865
hot 264903 warm 3353088 cold 20767
hot 300752 warm 3319296 cold 18713
hot 331479 warm 3292160 cold 15124
hot 377051 warm 3247104 cold 14608
hot 434911 warm 0 cold 3203855
hot 478945 warm 0 cold 3159823
hot 535265 warm 0 cold 3103503
hot 5859 warm 582144 cold 3050765
hot 5865 warm 0 cold 3632907
hot 5865 warm 0 cold 3632907
hot 5868 warm 0 cold 3632905
hot 5871 warm 0 cold 3632904
hot 5874 warm 0 cold 3632902
hot 5878 warm 0 cold 3632899
hot 5885 warm 0 cold 3632893
hot 5889 warm 0 cold 3632892
hot 5891 warm 0 cold 3632891
hot 5892 warm 0 cold 3632891
hot 5895 warm 0 cold 3632889
hot 5899 warm 0 cold 3632886
hot 5899 warm 0 cold 3632886
hot 5904 warm 0 cold 3632884
hot 5906 warm 0 cold 3632884
hot 5909 warm 0 cold 3632883
hot 5912 warm 1825280 cold 1807602
hot 5914 warm 1915392 cold 1717489
hot 5917 warm 1993728 cold 1639150
hot 5918 warm 2058240 cold 1574637
hot 5920 warm 2159616 cold 1473259
hot 5925 warm 2243584 cold 1389287
hot 5928 warm 2314752 cold 1318117
hot 5929 warm 2392576 cold 1240292
hot 5931 warm 2462720 cold 1170147
hot 5935 warm 2516992 cold 1115875
hot 5938 warm 2583040 cold 1049826
hot 5941 warm 2629120 cold 1003744
hot 5942 warm 2692096 cold 940767
hot 5946 warm 2751488 cold 881373
hot 5950 warm 2804736 cold 828122
hot 5951 warm 2856448 cold 776409
hot 5952 warm 2858496 cold 774361
hot 5953 warm 2903040 cold 729817
hot 5956 warm 2949120 cold 683735
hot 5957 warm 3003904 cold 628951
hot 6471 warm 3043328 cold 589014
hot 6472 warm 3084800 cold 547542
hot 6475 warm 3120640 cold 511700
hot 6478 warm 3148288 cold 484050
hot 6478 warm 3148288 cold 484050
hot 6479 warm 3148288 cold 484050
hot 6479 warm 3148288 cold 484050
hot 6479 warm 3148288 cold 484050
hot 6479 warm 3148288 cold 484050
hot 6479 warm 3148288 cold 484050
hot 6479 warm 3148288 cold 484050
hot 6479 warm 3148288 cold 484050
hot 6479 warm 3148288 cold 484050
hot 6479 warm 3148288 cold 484050
hot 6479 warm 3148288 cold 484050
hot 6480 warm 3148288 cold 484050
hot 6480 warm 3148288 cold 484050
hot 6480 warm 3148288 cold 484050
hot 6480 warm 3148288 cold 484050
hot 6480 warm 3148288 cold 484050
hot 6481 warm 3148288 cold 484049
hot 6481 warm 3148288 cold 484049
hot 6481 warm 3148288 cold 484049
hot 6483 warm 3148288 cold 484047
hot 6484 warm 3161088 cold 471246
hot 6997 warm 3183104 cold 448717
hot 6998 warm 3183104 cold 448716
hot 6998 warm 3183104 cold 448716
hot 6998 warm 3183104 cold 448716
hot 6998 warm 3183104 cold 448716
hot 6999 warm 3183104 cold 448716
hot 6999 warm 3183104 cold 448716
hot 6999 warm 3183104 cold 448716
hot 6999 warm 3183104 cold 448716
hot 6999 warm 3183104 cold 448716
hot 6999 warm 3183104 cold 448716
hot 7000 warm 3183104 cold 448716
hot 7000 warm 3183104 cold 448716
hot 7000 warm 3183104 cold 448716
hot 7000 warm 3183104 cold 448716
hot 7000 warm 3183104 cold 448716
hot 7000 warm 3183104 cold 448716
hot 7001 warm 3183104 cold 448715
hot 7001 warm 3183104 cold 448715
hot 7002 warm 3183104 cold 448714
hot 7003 warm 3183104 cold 448713
hot 7003 warm 3183104 cold 448713
hot 7003 warm 3183104 cold 448713
hot 7003 warm 3183104 cold 448713
hot 7003 warm 3183104 cold 448713
hot 7003 warm 3183104 cold 448713
hot 7003 warm 3183104 cold 448713
hot 7003 warm 3183104 cold 448713
hot 7003 warm 3183104 cold 448713
hot 7003 warm 3183104 cold 448713
hot 7003 warm 3183104 cold 448713
hot 7003 warm 3183104 cold 448713
hot 7003 warm 3183104 cold 448713
hot 7003 warm 3183104 cold 448713
hot 7004 warm 3183104 cold 448712
hot 7005 warm 3183104 cold 448711
hot 7005 warm 3183104 cold 448711
hot 7005 warm 3183104 cold 448711
hot 7005 warm 3183104 cold 448711
hot 7005 warm 3183104 cold 448711
hot 7006 warm 3183104 cold 448710
hot 7006 warm 3183104 cold 448710
hot 7006 warm 3183104 cold 448710
hot 7006 warm 3183104 cold 448710
hot 7007 warm 3183104 cold 448710
hot 7007 warm 3183104 cold 448710
hot 7007 warm 3183104 cold 448710
hot 7007 warm 3183104 cold 448710
hot 7007 warm 3183104 cold 448710
hot 7007 warm 3183104 cold 448710
hot 7009 warm 3183104 cold 448709
hot 7009 warm 3183104 cold 448709
hot 7009 warm 3183104 cold 448709
hot 7009 warm 3183104 cold 448709
hot 7009 warm 3183104 cold 448709
hot 7009 warm 3183104 cold 448709
hot 7009 warm 3183104 cold 448709
hot 7009 warm 3183104 cold 448709
hot 7009 warm 3183104 cold 448709
hot 7009 warm 3183104 cold 448709
hot 7009 warm 3183104 cold 448709
hot 7009 warm 3183104 cold 448709
hot 7009 warm 3183104 cold 448709
hot 7009 warm 3183104 cold 448709
hot 7010 warm 3209216 cold 422596
hot 7011 warm 3247104 cold 384707
hot 7013 warm 3268096 cold 363715
hot 7013 warm 3298816 cold 332995
hot 7014 warm 3303424 cold 328386
hot 7014 warm 3303424 cold 328386
hot 7014 warm 3303424 cold 328386
hot 7016 warm 3305472 cold 326336
hot 7016 warm 3305472 cold 326336
hot 7016 warm 3305472 cold 326336
hot 7016 warm 3305472 cold 326336
hot 7016 warm 3305472 cold 326336
hot 7017 warm 3305472 cold 326336
hot 7018 warm 3305472 cold 326336
hot 7018 warm 3305472 cold 326336
hot 7018 warm 3305472 cold 326336
hot 7018 warm 3305472 cold 326336
hot 7018 warm 3305472 cold 326336
hot 7018 warm 3310080 cold 321728
hot 7018 warm 3310080 cold 321728
hot 7022 warm 3328000 cold 303806
hot 7023 warm 3347968 cold 283838
hot 7023 warm 3365888 cold 265918
hot 7024 warm 3379712 cold 252093
hot 7025 warm 3386880 cold 244924
hot 7025 warm 3386880 cold 244924
hot 7025 warm 3386880 cold 244924
hot 7025 warm 3386880 cold 244924
hot 7025 warm 3386880 cold 244924
hot 7025 warm 3386880 cold 244924
hot 7025 warm 3386880 cold 244924
hot 7026 warm 3386880 cold 244924
hot 7026 warm 3386880 cold 244924
hot 7026 warm 3386880 cold 244924
hot 7027 warm 3386880 cold 244924
hot 7027 warm 3386880 cold 244924
hot 7027 warm 3386880 cold 244924
hot 7027 warm 3386880 cold 244924
hot 7027 warm 3386880 cold 244924
hot 7027 warm 3386880 cold 244924
hot 7027 warm 3386880 cold 244924
hot 7027 warm 3386880 cold 244924
hot 7027 warm 3386880 cold 244924
hot 7027 warm 3386880 cold 244924
hot 7027 warm 3386880 cold 244924
hot 7027 warm 3386880 cold 244924
hot 7027 warm 3386880 cold 244924
hot 7027 warm 3386880 cold 244924
hot 7027 warm 3386880 cold 244924
hot 7028 warm 3386880 cold 244923
hot 7028 warm 3386880 cold 244923
hot 7028 warm 3386880 cold 244923
hot 7029 warm 3386880 cold 244923
hot 7029 warm 3386880 cold 244923
hot 7029 warm 3386880 cold 244923
hot 7029 warm 3386880 cold 244923
hot 7029 warm 3386880 cold 244923
hot 7029 warm 3386880 cold 244923
hot 7029 warm 3386880 cold 244923
hot 7029 warm 3386880 cold 244923
hot 7029 warm 3386880 cold 244923
hot 7029 warm 3386880 cold 244923
hot 7029 warm 3386880 cold 244923
hot 7029 warm 3386880 cold 244923
hot 7029 warm 3386880 cold 244923
hot 7029 warm 3386880 cold 244923
hot 7029 warm 3386880 cold 244923
hot 7029 warm 3386880 cold 244923
hot 7029 warm 3386880 cold 244923
hot 7029 warm 3386880 cold 244923
hot 7029 warm 3386880 cold 244923
hot 7029 warm 3386880 cold 244923
hot 7029 warm 3386880 cold 244923
hot 7029 warm 3386880 cold 244923
hot 7029 warm 3386880 cold 244923
hot 7029 warm 3386880 cold 244923
hot 7029 warm 3386880 cold 244923
hot 7029 warm 3386880 cold 244923
hot 7029 warm 3386880 cold 244923
hot 7029 warm 3386880 cold 244923
hot 7029 warm 3386880 cold 244923
hot 7029 warm 3386880 cold 244923
hot 7029 warm 3386880 cold 244923
hot 7029 warm 3386880 cold 244923
hot 7029 warm 3386880 cold 244923
hot 7029 warm 3386880 cold 244923
hot 7029 warm 3386880 cold 244923
hot 7029 warm 3386880 cold 244923
hot 7029 warm 3386880 cold 244923
hot 7029 warm 3386880 cold 244923
hot 7029 warm 3386880 cold 244923
hot 7029 warm 3386880 cold 244923
hot 7029 warm 3386880 cold 244923
hot 7029 warm 3386880 cold 244923
hot 7029 warm 3386880 cold 244923
hot 7029 warm 3386880 cold 244923
hot 7029 warm 3386880 cold 244923
hot 7029 warm 3386880 cold 244923
hot 7029 warm 3386880 cold 244923
hot 7029 warm 3386880 cold 244923
hot 7029 warm 3386880 cold 244923
hot 7029 warm 3386880 cold 244923
hot 7029 warm 3386880 cold 244923
hot 7029 warm 3386880 cold 244923
hot 7029 warm 3386880 cold 244923
hot 7029 warm 3386880 cold 244923
hot 7029 warm 3386880 cold 244923
hot 7029 warm 3386880 cold 244923
hot 7029 warm 3386880 cold 244923
hot 7029 warm 3386880 cold 244923
hot 7029 warm 3386880 cold 244923
hot 7029 warm 3386880 cold 244923
hot 7030 warm 3386880 cold 244922
hot 7030 warm 3386880 cold 244922
hot 7030 warm 3386880 cold 244922
hot 7030 warm 3386880 cold 244922
hot 7030 warm 3386880 cold 244922
hot 7030 warm 3386880 cold 244922
hot 7030 warm 3386880 cold 244922
hot 7030 warm 3386880 cold 244922
hot 7030 warm 3386880 cold 244922
hot 7030 warm 3386880 cold 244922
hot 7030 warm 3386880 cold 244922
hot 7030 warm 3386880 cold 244922
hot 7030 warm 3386880 cold 244922
hot 7030 warm 3386880 cold 244922
