pgmigrate_success 31008730
pgmigrate_fail 161599
thp_migration_success 53528
thp_migration_fail 12
thp_migration_split 0
thp_fault_alloc 162163
thp_fault_fallback 0
thp_fault_fallback_charge 0
thp_collapse_alloc 22140
thp_collapse_alloc_failed 18499
thp_file_alloc 166
thp_file_fallback 0
thp_file_fallback_charge 0
thp_file_mapped 0
thp_split_page 841
thp_split_page_failed 69
thp_deferred_split_page 20914
thp_split_pmd 60953
thp_split_pud 0
thp_zero_page_alloc 0
thp_zero_page_alloc_failed 0
thp_swpout 0
thp_swpout_fallback 0
htmm_nr_promoted 25089763
htmm_nr_demoted 4385422
htmm_nr_sampled 0
htmm_missed_dramread 74
htmm_missed_nvmread 0
htmm_missed_write 0
htmm_alloc_dram 125116677
htmm_alloc_nvm 0
