pgmigrate_success 225616230
pgmigrate_success 225616637
pgmigrate_success 225616642
pgmigrate_success 225616644
pgmigrate_success 225616645
pgmigrate_success 225616646
pgmigrate_success 225616647
pgmigrate_success 225616648
pgmigrate_success 225616650
pgmigrate_success 225616652
pgmigrate_success 225616653
pgmigrate_success 225616654
pgmigrate_success 225616655
pgmigrate_success 225616656
pgmigrate_success 225616657
pgmigrate_success 225616658
pgmigrate_success 225616659
pgmigrate_success 225616660
pgmigrate_success 225616661
pgmigrate_success 225616662
pgmigrate_success 225616663
pgmigrate_success 225616664
pgmigrate_success 225616665
pgmigrate_success 225616666
pgmigrate_success 225616667
pgmigrate_success 225616668
pgmigrate_success 225616669
pgmigrate_success 225616670
pgmigrate_success 225616671
pgmigrate_success 225616672
pgmigrate_success 225616673
pgmigrate_success 225616674
pgmigrate_success 225616675
pgmigrate_success 225616676
pgmigrate_success 225616677
pgmigrate_success 225616678
pgmigrate_success 225616679
pgmigrate_success 225616680
pgmigrate_success 225616681
pgmigrate_success 225616682
pgmigrate_success 225616683
pgmigrate_success 225616684
pgmigrate_success 225616685
pgmigrate_success 225616686
pgmigrate_success 225616687
pgmigrate_success 225616688
pgmigrate_success 225616689
pgmigrate_success 225616690
pgmigrate_success 225616691
pgmigrate_success 225616692
pgmigrate_success 225616693
pgmigrate_success 225616694
pgmigrate_success 225616695
pgmigrate_success 225616696
pgmigrate_success 225616697
pgmigrate_success 225616698
pgmigrate_success 225616699
pgmigrate_success 225616700
pgmigrate_success 225616701
pgmigrate_success 225616702
pgmigrate_success 225616703
pgmigrate_success 225616704
pgmigrate_success 225616705
pgmigrate_success 225616706
pgmigrate_success 225616707
pgmigrate_success 225616708
pgmigrate_success 225616709
pgmigrate_success 225616710
pgmigrate_success 225616711
pgmigrate_success 225616712
pgmigrate_success 225616713
pgmigrate_success 225616714
pgmigrate_success 225616715
pgmigrate_success 225616716
pgmigrate_success 225616717
pgmigrate_success 225616718
pgmigrate_success 225616719
pgmigrate_success 225616720
pgmigrate_success 225616721
pgmigrate_success 225616722
pgmigrate_success 225616723
pgmigrate_success 225616724
pgmigrate_success 225616725
pgmigrate_success 225616726
pgmigrate_success 225616727
pgmigrate_success 225616728
pgmigrate_success 225616729
pgmigrate_success 225616730
pgmigrate_success 225616731
pgmigrate_success 225616732
pgmigrate_success 225644450
pgmigrate_success 225818020
pgmigrate_success 226012587
pgmigrate_success 226012591
pgmigrate_success 226012595
pgmigrate_success 226012597
pgmigrate_success 226012599
pgmigrate_success 226012602
pgmigrate_success 226012604
pgmigrate_success 226012606
pgmigrate_success 226012609
pgmigrate_success 226012611
pgmigrate_success 226012614
pgmigrate_success 226012616
pgmigrate_success 226012620
pgmigrate_success 226012622
pgmigrate_success 226012624
pgmigrate_success 226012628
pgmigrate_success 226012631
pgmigrate_success 226012633
pgmigrate_success 226012635
pgmigrate_success 226012637
pgmigrate_success 226012639
pgmigrate_success 226012643
pgmigrate_success 226012646
pgmigrate_success 226012648
pgmigrate_success 226012650
pgmigrate_success 226012652
pgmigrate_success 226012654
pgmigrate_success 226012658
pgmigrate_success 226012660
pgmigrate_success 226012662
pgmigrate_success 226012664
pgmigrate_success 226012667
pgmigrate_success 226012669
pgmigrate_success 226012671
pgmigrate_success 226012673
pgmigrate_success 226012675
pgmigrate_success 226012678
pgmigrate_success 226012680
pgmigrate_success 226012682
pgmigrate_success 226012686
pgmigrate_success 226012690
pgmigrate_success 226012692
pgmigrate_success 226012694
pgmigrate_success 226104040
pgmigrate_success 226371315
pgmigrate_success 226371315
pgmigrate_success 226371315
pgmigrate_success 226371315
pgmigrate_success 226371315
pgmigrate_success 226371315
pgmigrate_success 226371315
pgmigrate_success 226371315
pgmigrate_success 226371315
pgmigrate_success 226371315
pgmigrate_success 226371315
pgmigrate_success 226371315
pgmigrate_success 226371315
pgmigrate_success 226371315
pgmigrate_success 226371315
pgmigrate_success 226371315
pgmigrate_success 226371315
pgmigrate_success 226371323
pgmigrate_success 226374915
pgmigrate_success 226374955
pgmigrate_success 226374994
pgmigrate_success 226377095
pgmigrate_success 226378167
pgmigrate_success 226379741
pgmigrate_success 226385926
pgmigrate_success 226395171
pgmigrate_success 226422856
pgmigrate_success 226442345
pgmigrate_success 226482815
pgmigrate_success 226522784
pgmigrate_success 226557620
pgmigrate_success 226685151
pgmigrate_success 226764013
pgmigrate_success 226953996
pgmigrate_success 227072789
pgmigrate_success 227289404
pgmigrate_success 227416905
pgmigrate_success 227416905
pgmigrate_success 227416905
pgmigrate_success 227416905
pgmigrate_success 227416905
pgmigrate_success 227416905
pgmigrate_success 227416905
pgmigrate_success 227416905
pgmigrate_success 227420493
pgmigrate_success 227420688
pgmigrate_success 227420713
pgmigrate_success 227420734
pgmigrate_success 227420745
pgmigrate_success 227420770
pgmigrate_success 227420778
pgmigrate_success 227420789
pgmigrate_success 227420807
pgmigrate_success 227420824
pgmigrate_success 227420836
pgmigrate_success 227420851
pgmigrate_success 227420871
pgmigrate_success 227420886
pgmigrate_success 227420904
pgmigrate_success 227420915
pgmigrate_success 227420928
pgmigrate_success 227420939
pgmigrate_success 227420950
pgmigrate_success 227420961
pgmigrate_success 227420969
pgmigrate_success 227420976
pgmigrate_success 227420986
pgmigrate_success 227420990
pgmigrate_success 227420997
pgmigrate_success 227421004
pgmigrate_success 227421016
pgmigrate_success 227421020
pgmigrate_success 227421025
pgmigrate_success 227422059
pgmigrate_success 227422583
pgmigrate_success 227424641
pgmigrate_success 227424648
pgmigrate_success 227425680
pgmigrate_success 227429270
pgmigrate_success 227432349
pgmigrate_success 227434918
pgmigrate_success 227440045
pgmigrate_success 227444661
pgmigrate_success 227458490
pgmigrate_success 227467201
pgmigrate_success 227496912
pgmigrate_success 227515863
pgmigrate_success 227535838
pgmigrate_success 227565542
pgmigrate_success 227604970
pgmigrate_success 227647988
pgmigrate_success 227720187
pgmigrate_success 227806208
pgmigrate_success 227906568
pgmigrate_success 227991053
pgmigrate_success 228006415
pgmigrate_success 228006415
pgmigrate_success 228006415
pgmigrate_success 228006419
pgmigrate_success 228011564
pgmigrate_success 228011576
pgmigrate_success 228011584
pgmigrate_success 228011590
pgmigrate_success 228011597
pgmigrate_success 228011603
pgmigrate_success 228011607
pgmigrate_success 228011612
pgmigrate_success 228011618
pgmigrate_success 228011628
pgmigrate_success 228011634
pgmigrate_success 228011638
pgmigrate_success 228011644
pgmigrate_success 228011651
pgmigrate_success 228011653
pgmigrate_success 228011660
pgmigrate_success 228011664
pgmigrate_success 228011671
pgmigrate_success 228011674
pgmigrate_success 228011678
pgmigrate_success 228011685
pgmigrate_success 228011689
pgmigrate_success 228011693
pgmigrate_success 228011698
pgmigrate_success 228011704
pgmigrate_success 228011710
pgmigrate_success 228011714
pgmigrate_success 228011720
pgmigrate_success 228011722
pgmigrate_success 228011733
pgmigrate_success 228011740
pgmigrate_success 228011742
pgmigrate_success 228011749
pgmigrate_success 228011754
pgmigrate_success 228011758
pgmigrate_success 228011762
pgmigrate_success 228011766
pgmigrate_success 228011772
pgmigrate_success 228011776
pgmigrate_success 228011783
pgmigrate_success 228011788
pgmigrate_success 228011794
pgmigrate_success 228011796
pgmigrate_success 228011801
pgmigrate_success 228011804
pgmigrate_success 228011806
pgmigrate_success 228011812
pgmigrate_success 228011816
pgmigrate_success 228011820
pgmigrate_success 228011822
pgmigrate_success 228011824
pgmigrate_success 228011826
pgmigrate_success 228011830
pgmigrate_success 228011832
pgmigrate_success 228011835
pgmigrate_success 228011838
pgmigrate_success 228011841
pgmigrate_success 228011843
pgmigrate_success 228011847
pgmigrate_success 228011851
pgmigrate_success 228011854
pgmigrate_success 228011856
pgmigrate_success 228011858
pgmigrate_success 228011864
pgmigrate_success 228011866
pgmigrate_success 228011869
pgmigrate_success 228011871
pgmigrate_success 228011875
pgmigrate_success 228011877
pgmigrate_success 228011881
pgmigrate_success 228011885
pgmigrate_success 228011887
pgmigrate_success 228011890
pgmigrate_success 228011893
pgmigrate_success 228011895
pgmigrate_success 228011896
pgmigrate_success 228011902
pgmigrate_success 228011905
pgmigrate_success 228011909
pgmigrate_success 228011914
pgmigrate_success 228011918
pgmigrate_success 228011923
pgmigrate_success 228011926
pgmigrate_success 228011928
pgmigrate_success 228011932
pgmigrate_success 228011937
pgmigrate_success 228011941
pgmigrate_success 228011946
pgmigrate_success 228011950
pgmigrate_success 228011954
pgmigrate_success 228011958
pgmigrate_success 228011961
pgmigrate_success 228012475
pgmigrate_success 228013500
pgmigrate_success 228014014
pgmigrate_success 228015043
pgmigrate_success 228015561
pgmigrate_success 228016076
pgmigrate_success 228016079
pgmigrate_success 228016080
pgmigrate_success 228021204
pgmigrate_success 228023255
pgmigrate_success 228023256
pgmigrate_success 228023257
pgmigrate_success 228026843
pgmigrate_success 228028381
pgmigrate_success 228028895
pgmigrate_success 228030435
pgmigrate_success 228035560
pgmigrate_success 228041195
pgmigrate_success 228055021
pgmigrate_success 228065776
pgmigrate_success 228072435
pgmigrate_success 228085238
pgmigrate_success 228103160
pgmigrate_success 228117499
pgmigrate_success 228137982
pgmigrate_success 228163585
pgmigrate_success 228170245
pgmigrate_success 228193287
pgmigrate_success 228221451
pgmigrate_success 228248078
pgmigrate_success 228289041
pgmigrate_success 228304412
pgmigrate_success 228341792
pgmigrate_success 228341792
pgmigrate_success 228341792
pgmigrate_success 228341792
pgmigrate_success 228341792
pgmigrate_success 228341792
pgmigrate_success 228341792
pgmigrate_success 228345892
pgmigrate_success 228345903
pgmigrate_success 228345910
pgmigrate_success 228345917
pgmigrate_success 228345921
pgmigrate_success 228345924
pgmigrate_success 228345926
pgmigrate_success 228345928
pgmigrate_success 228345933
pgmigrate_success 228345939
pgmigrate_success 228345943
pgmigrate_success 228345946
pgmigrate_success 228345948
pgmigrate_success 228345951
pgmigrate_success 228345952
pgmigrate_success 228345953
pgmigrate_success 228345955
pgmigrate_success 228345958
pgmigrate_success 228345960
pgmigrate_success 228345962
pgmigrate_success 228345964
pgmigrate_success 228345967
pgmigrate_success 228345970
pgmigrate_success 228345971
pgmigrate_success 228345973
pgmigrate_success 228345976
pgmigrate_success 228345978
pgmigrate_success 228345979
pgmigrate_success 228345983
pgmigrate_success 228345987
pgmigrate_success 228345991
pgmigrate_success 228345995
pgmigrate_success 228345997
pgmigrate_success 228346001
pgmigrate_success 228346005
pgmigrate_success 228346011
pgmigrate_success 228346013
pgmigrate_success 228346015
pgmigrate_success 228346019
pgmigrate_success 228346023
pgmigrate_success 228346025
pgmigrate_success 228346034
pgmigrate_success 228346038
pgmigrate_success 228346040
pgmigrate_success 228346043
pgmigrate_success 228346047
pgmigrate_success 228346049
pgmigrate_success 228346050
pgmigrate_success 228346051
pgmigrate_success 228346052
pgmigrate_success 228346053
pgmigrate_success 228346055
pgmigrate_success 228346057
pgmigrate_success 228346058
pgmigrate_success 228346060
pgmigrate_success 228346062
pgmigrate_success 228346063
pgmigrate_success 228346066
pgmigrate_success 228346068
pgmigrate_success 228346071
pgmigrate_success 228346074
pgmigrate_success 228346075
pgmigrate_success 228346076
pgmigrate_success 228346077
pgmigrate_success 228346079
pgmigrate_success 228346081
pgmigrate_success 228346085
pgmigrate_success 228346087
pgmigrate_success 228346091
pgmigrate_success 228346095
pgmigrate_success 228346097
pgmigrate_success 228346098
pgmigrate_success 228346100
pgmigrate_success 228346103
pgmigrate_success 228346104
pgmigrate_success 228346108
pgmigrate_success 228346110
pgmigrate_success 228346112
pgmigrate_success 228346114
pgmigrate_success 228346626
pgmigrate_success 228347141
pgmigrate_success 228347654
pgmigrate_success 228347656
pgmigrate_success 228347657
pgmigrate_success 228347659
pgmigrate_success 228347661
pgmigrate_success 228347663
pgmigrate_success 228347665
pgmigrate_success 228347667
pgmigrate_success 228347668
pgmigrate_success 228347672
pgmigrate_success 228347674
pgmigrate_success 228347677
pgmigrate_success 228347679
pgmigrate_success 228348703
pgmigrate_success 228349731
pgmigrate_success 228349735
pgmigrate_success 228349739
pgmigrate_success 228349743
pgmigrate_success 228349747
pgmigrate_success 228349752
pgmigrate_success 228350777
pgmigrate_success 228350778
pgmigrate_success 228351296
pgmigrate_success 228351810
pgmigrate_success 228356421
pgmigrate_success 228358985
pgmigrate_success 228360012
pgmigrate_success 228362063
pgmigrate_success 228362577
pgmigrate_success 228367700
pgmigrate_success 228368728
pgmigrate_success 228370267
pgmigrate_success 228372830
pgmigrate_success 228378467
pgmigrate_success 228382054
pgmigrate_success 228391272
pgmigrate_success 228398444
pgmigrate_success 228407662
pgmigrate_success 228412784
pgmigrate_success 228426098
pgmigrate_success 228436340
pgmigrate_success 228446584
pgmigrate_success 228464506
pgmigrate_success 228481404
pgmigrate_success 228506495
pgmigrate_success 228533122
pgmigrate_success 228550020
pgmigrate_success 228598663
pgmigrate_success 228644233
pgmigrate_success 228654475
pgmigrate_success 228654475
pgmigrate_success 228654475
pgmigrate_success 228654475
pgmigrate_success 228654475
pgmigrate_success 228654475
pgmigrate_success 228654479
pgmigrate_success 228655002
pgmigrate_success 228655006
pgmigrate_success 228655008
pgmigrate_success 228655009
pgmigrate_success 228655014
pgmigrate_success 228655016
pgmigrate_success 228655017
pgmigrate_success 228655019
