anon 589824
anon_thp 0
anon 104337408
anon_thp 75497472
anon 656146432
anon_thp 627048448
anon 656146432
anon_thp 627048448
anon 656154624
anon_thp 627048448
anon 2344120320
anon_thp 2313158656
anon 4512571392
anon_thp 4481613824
anon 6467121152
anon_thp 6436159488
anon 8555884544
anon_thp 8524922880
anon 10657230848
anon_thp 10626269184
anon 12714532864
anon_thp 12683575296
anon 14830555136
anon_thp 14799601664
anon 14916972544
anon_thp 14885584896
anon 14916972544
anon_thp 14885584896
anon 14916964352
anon_thp 14885584896
anon 14916968448
anon_thp 14885584896
anon 14916968448
anon_thp 14885584896
anon 14916968448
anon_thp 14885584896
anon 14916968448
anon_thp 14885584896
anon 14916968448
anon_thp 14885584896
anon 14916964352
anon_thp 14885584896
anon 14916972544
anon_thp 14885584896
anon 14916968448
anon_thp 14885584896
anon 14916968448
anon_thp 14885584896
anon 14916968448
anon_thp 14885584896
anon 14916968448
anon_thp 14885584896
anon 14916964352
anon_thp 14885584896
anon 14916964352
anon_thp 14885584896
anon 14916972544
anon_thp 14885584896
anon 14916968448
anon_thp 14885584896
anon 14916972544
anon_thp 14885584896
anon 14916972544
anon_thp 14885584896
anon 14916968448
anon_thp 14885584896
anon 14916968448
anon_thp 14885584896
anon 14916968448
anon_thp 14885584896
anon 14916968448
anon_thp 14885584896
anon 14916968448
anon_thp 14885584896
anon 14916968448
anon_thp 14885584896
anon 14916972544
anon_thp 14885584896
anon 14916972544
anon_thp 14885584896
anon 14916972544
anon_thp 14885584896
anon 14916972544
anon_thp 14885584896
anon 14916972544
anon_thp 14885584896
anon 14916968448
anon_thp 14885584896
anon 14916968448
anon_thp 14885584896
anon 14916964352
anon_thp 14885584896
anon 14916964352
anon_thp 14885584896
anon 14916968448
anon_thp 14885584896
anon 14916968448
anon_thp 14885584896
anon 14916968448
anon_thp 14885584896
anon 14916964352
anon_thp 14885584896
anon 14916968448
anon_thp 14885584896
anon 14916972544
anon_thp 14885584896
anon 14916972544
anon_thp 14885584896
anon 14916972544
anon_thp 14885584896
anon 14916964352
anon_thp 14885584896
anon 14916968448
anon_thp 14885584896
anon 14916972544
anon_thp 14885584896
anon 14916972544
anon_thp 14885584896
anon 14916972544
anon_thp 14885584896
anon 14916968448
anon_thp 14885584896
anon 14916968448
anon_thp 14885584896
anon 14916968448
anon_thp 14885584896
anon 14916972544
anon_thp 14885584896
anon 14916964352
anon_thp 14885584896
anon 14916972544
anon_thp 14885584896
anon 14916964352
anon_thp 14885584896
anon 14916968448
anon_thp 14885584896
anon 14916964352
anon_thp 14885584896
anon 14916968448
anon_thp 14885584896
anon 14916968448
anon_thp 14885584896
anon 14916972544
anon_thp 14885584896
anon 14916968448
anon_thp 14885584896
anon 14916964352
anon_thp 14885584896
anon 14916964352
anon_thp 14885584896
anon 14916972544
anon_thp 14885584896
anon 14916968448
anon_thp 14885584896
anon 14916972544
anon_thp 14885584896
anon 14916964352
anon_thp 14885584896
anon 14916964352
anon_thp 14885584896
anon 14916972544
anon_thp 14885584896
anon 14916972544
anon_thp 14885584896
anon 14916972544
anon_thp 14885584896
anon 14916972544
anon_thp 14885584896
anon 14916968448
anon_thp 14885584896
anon 14956240896
anon_thp 14885584896
anon 14954295296
anon_thp 14883487744
anon 14952300544
anon_thp 14881390592
anon 14954401792
anon_thp 14883487744
anon 14956494848
anon_thp 14885584896
anon 14956527616
anon_thp 14885584896
anon 14956560384
anon_thp 14885584896
anon 14956593152
anon_thp 14885584896
anon 14956597248
anon_thp 14885584896
anon 14956597248
anon_thp 14885584896
anon 14956597248
anon_thp 14885584896
anon 14956593152
anon_thp 14885584896
anon 14956589056
anon_thp 14885584896
anon 14956589056
anon_thp 14885584896
anon 14956593152
anon_thp 14885584896
anon 14956589056
anon_thp 14885584896
anon 14956589056
anon_thp 14885584896
anon 14956597248
anon_thp 14885584896
anon 14956658688
anon_thp 14885584896
anon 14956662784
anon_thp 14885584896
anon 14956691456
anon_thp 14885584896
anon 14956691456
anon_thp 14885584896
anon 14956695552
anon_thp 14885584896
anon 14956695552
anon_thp 14885584896
anon 14956695552
anon_thp 14885584896
anon 14956695552
anon_thp 14885584896
anon 14956691456
anon_thp 14885584896
anon 14956687360
anon_thp 14885584896
anon 14956691456
anon_thp 14885584896
anon 14956691456
anon_thp 14885584896
anon 14956691456
anon_thp 14885584896
anon 14956691456
anon_thp 14885584896
anon 14956691456
anon_thp 14885584896
anon 14956691456
anon_thp 14885584896
anon 14956695552
anon_thp 14885584896
anon 14956695552
anon_thp 14885584896
anon 14956691456
anon_thp 14885584896
anon 14956691456
anon_thp 14885584896
anon 14956687360
anon_thp 14885584896
anon 14956691456
anon_thp 14885584896
anon 14956691456
anon_thp 14885584896
anon 14956691456
anon_thp 14885584896
anon 14956691456
anon_thp 14885584896
anon 14956687360
anon_thp 14885584896
anon 14956691456
anon_thp 14885584896
anon 14956691456
anon_thp 14885584896
anon 14956691456
anon_thp 14885584896
anon 14956695552
anon_thp 14885584896
anon 14956687360
anon_thp 14885584896
anon 14956691456
anon_thp 14885584896
anon 14956695552
anon_thp 14885584896
anon 14956691456
anon_thp 14885584896
anon 14956691456
anon_thp 14885584896
anon 14956691456
anon_thp 14885584896
anon 14956691456
anon_thp 14885584896
anon 14956691456
anon_thp 14885584896
anon 14956691456
anon_thp 14885584896
anon 14956691456
anon_thp 14885584896
anon 14956691456
anon_thp 14885584896
anon 14956695552
anon_thp 14885584896
anon 14956691456
anon_thp 14885584896
anon 14956691456
anon_thp 14885584896
anon 14956695552
anon_thp 14885584896
anon 14956691456
anon_thp 14885584896
anon 14956691456
anon_thp 14885584896
anon 14956691456
anon_thp 14885584896
anon 14956691456
anon_thp 14885584896
anon 14956691456
anon_thp 14885584896
anon 14956691456
anon_thp 14885584896
anon 14956687360
anon_thp 14885584896
anon 14956691456
anon_thp 14885584896
anon 14956695552
anon_thp 14885584896
anon 14956691456
anon_thp 14885584896
anon 14956691456
anon_thp 14885584896
anon 14956695552
anon_thp 14885584896
anon 14956691456
anon_thp 14885584896
anon 14956691456
anon_thp 14885584896
anon 14956695552
anon_thp 14885584896
anon 14956695552
anon_thp 14885584896
anon 14956691456
anon_thp 14885584896
anon 14956687360
anon_thp 14885584896
anon 14956691456
anon_thp 14885584896
anon 14956691456
anon_thp 14885584896
anon 14956687360
anon_thp 14885584896
anon 14956695552
anon_thp 14885584896
anon 14956691456
anon_thp 14885584896
anon 14956691456
anon_thp 14885584896
anon 14956691456
anon_thp 14885584896
anon 14956691456
anon_thp 14885584896
anon 14956691456
anon_thp 14885584896
anon 14956691456
anon_thp 14885584896
anon 14956695552
anon_thp 14885584896
anon 14956691456
anon_thp 14885584896
anon 14956695552
anon_thp 14885584896
anon 14956691456
anon_thp 14885584896
anon 14956691456
anon_thp 14885584896
anon 14956695552
anon_thp 14885584896
anon 14956695552
anon_thp 14885584896
anon 14956695552
anon_thp 14885584896
anon 14956691456
anon_thp 14885584896
anon 14956691456
anon_thp 14885584896
anon 14956687360
anon_thp 14885584896
anon 14956695552
anon_thp 14885584896
anon 14956687360
anon_thp 14885584896
anon 14956695552
anon_thp 14885584896
anon 14956695552
anon_thp 14885584896
anon 14956687360
anon_thp 14885584896
anon 14956695552
anon_thp 14885584896
anon 14956691456
anon_thp 14885584896
anon 14956695552
anon_thp 14885584896
anon 14956691456
anon_thp 14885584896
anon 14956691456
anon_thp 14885584896
anon 14956691456
anon_thp 14885584896
anon 14956691456
anon_thp 14885584896
anon 14956687360
anon_thp 14885584896
anon 14956691456
anon_thp 14885584896
anon 14956695552
anon_thp 14885584896
anon 14956691456
anon_thp 14885584896
anon 14956691456
anon_thp 14885584896
anon 14956691456
anon_thp 14885584896
anon 14956691456
anon_thp 14885584896
anon 14956691456
anon_thp 14885584896
anon 14956691456
anon_thp 14885584896
anon 14956687360
anon_thp 14885584896
anon 14956691456
anon_thp 14885584896
anon 14956691456
anon_thp 14885584896
anon 14956691456
anon_thp 14885584896
anon 14956687360
anon_thp 14885584896
anon 14956695552
anon_thp 14885584896
anon 14956691456
anon_thp 14885584896
anon 14956695552
anon_thp 14885584896
anon 14956687360
anon_thp 14885584896
anon 14956691456
anon_thp 14885584896
anon 14956691456
anon_thp 14885584896
anon 14956691456
anon_thp 14885584896
anon 14956691456
anon_thp 14885584896
anon 14956691456
anon_thp 14885584896
anon 14956691456
anon_thp 14885584896
anon 14956691456
anon_thp 14885584896
anon 14956691456
anon_thp 14885584896
anon 14956695552
anon_thp 14885584896
anon 14956687360
anon_thp 14885584896
anon 14956695552
anon_thp 14885584896
anon 14956691456
anon_thp 14885584896
anon 14956691456
anon_thp 14885584896
anon 14956695552
anon_thp 14885584896
anon 14956691456
anon_thp 14885584896
anon 14956687360
anon_thp 14885584896
anon 14956691456
anon_thp 14885584896
anon 14956695552
anon_thp 14885584896
anon 14956691456
anon_thp 14885584896
anon 14956687360
anon_thp 14885584896
anon 14956695552
anon_thp 14885584896
anon 14956691456
anon_thp 14885584896
anon 14956691456
anon_thp 14885584896
anon 14956695552
anon_thp 14885584896
anon 14956695552
anon_thp 14885584896
anon 14956691456
anon_thp 14885584896
anon 14956691456
anon_thp 14885584896
anon 14956691456
anon_thp 14885584896
anon 14956691456
anon_thp 14885584896
anon 14956691456
anon_thp 14885584896
anon 14956687360
anon_thp 14885584896
anon 14956687360
anon_thp 14885584896
anon 14956691456
anon_thp 14885584896
anon 14956691456
anon_thp 14885584896
anon 14956691456
anon_thp 14885584896
anon 14956687360
anon_thp 14885584896
anon 14956691456
anon_thp 14885584896
anon 14956691456
anon_thp 14885584896
anon 14956695552
anon_thp 14885584896
anon 14956691456
anon_thp 14885584896
anon 14956687360
anon_thp 14885584896
anon 14956691456
anon_thp 14885584896
anon 14956691456
anon_thp 14885584896
anon 14956691456
anon_thp 14885584896
anon 14956695552
anon_thp 14885584896
anon 14956691456
anon_thp 14885584896
anon 14956687360
anon_thp 14885584896
anon 14956691456
anon_thp 14885584896
anon 14956691456
anon_thp 14885584896
anon 14956687360
anon_thp 14885584896
anon 14956691456
anon_thp 14885584896
anon 14956691456
anon_thp 14885584896
anon 14956687360
anon_thp 14885584896
anon 14956691456
anon_thp 14885584896
anon 14956695552
anon_thp 14885584896
anon 14956695552
anon_thp 14885584896
anon 14956695552
anon_thp 14885584896
anon 14956691456
anon_thp 14885584896
anon 14956691456
anon_thp 14885584896
anon 14956695552
anon_thp 14885584896
anon 14956691456
anon_thp 14885584896
anon 14956691456
anon_thp 14885584896
anon 14956691456
anon_thp 14885584896
anon 14956691456
anon_thp 14885584896
anon 14956691456
anon_thp 14885584896
anon 14956691456
anon_thp 14885584896
anon 14956691456
anon_thp 14885584896
anon 14956687360
anon_thp 14885584896
anon 14956687360
anon_thp 14885584896
anon 14956695552
anon_thp 14885584896
anon 14956691456
anon_thp 14885584896
anon 14956687360
anon_thp 14885584896
anon 14956691456
anon_thp 14885584896
anon 14956691456
anon_thp 14885584896
anon 14956691456
anon_thp 14885584896
anon 14956695552
anon_thp 14885584896
anon 14956691456
anon_thp 14885584896
anon 14956691456
anon_thp 14885584896
anon 14956687360
anon_thp 14885584896
anon 14956691456
anon_thp 14885584896
anon 14956691456
anon_thp 14885584896
anon 14956691456
anon_thp 14885584896
anon 14956691456
anon_thp 14885584896
anon 14956695552
anon_thp 14885584896
anon 14956695552
anon_thp 14885584896
anon 14956691456
anon_thp 14885584896
anon 14956695552
anon_thp 14885584896
anon 14956695552
anon_thp 14885584896
anon 14956691456
anon_thp 14885584896
anon 14956695552
anon_thp 14885584896
anon 14956695552
anon_thp 14885584896
anon 14956691456
anon_thp 14885584896
anon 14956695552
anon_thp 14885584896
anon 14956687360
anon_thp 14885584896
anon 14956695552
anon_thp 14885584896
anon 14956691456
anon_thp 14885584896
anon 14956695552
anon_thp 14885584896
anon 14956687360
anon_thp 14885584896
anon 14956687360
anon_thp 14885584896
anon 14956687360
anon_thp 14885584896
anon 14956691456
anon_thp 14885584896
anon 14956691456
anon_thp 14885584896
anon 14956687360
anon_thp 14885584896
anon 14956687360
anon_thp 14885584896
anon 14956691456
anon_thp 14885584896
anon 14956691456
anon_thp 14885584896
anon 14956695552
anon_thp 14885584896
anon 14956695552
anon_thp 14885584896
anon 14956691456
anon_thp 14885584896
anon 14956695552
anon_thp 14885584896
anon 14956691456
anon_thp 14885584896
anon 14956691456
anon_thp 14885584896
anon 14956687360
anon_thp 14885584896
anon 14956695552
anon_thp 14885584896
anon 14956695552
anon_thp 14885584896
anon 14956695552
anon_thp 14885584896
anon 14956695552
anon_thp 14885584896
anon 14956691456
anon_thp 14885584896
anon 14956691456
anon_thp 14885584896
anon 14956687360
anon_thp 14885584896
anon 14956695552
anon_thp 14885584896
anon 14956695552
anon_thp 14885584896
anon 14956691456
anon_thp 14885584896
anon 14956691456
anon_thp 14885584896
anon 14956691456
anon_thp 14885584896
anon 14956691456
anon_thp 14885584896
anon 14956695552
anon_thp 14885584896
anon 14956695552
anon_thp 14885584896
anon 14956687360
anon_thp 14885584896
anon 14956695552
anon_thp 14885584896
anon 14956691456
anon_thp 14885584896
anon 14956691456
anon_thp 14885584896
anon 14956691456
anon_thp 14885584896
anon 14956695552
anon_thp 14885584896
anon 14956691456
anon_thp 14885584896
anon 14956691456
anon_thp 14885584896
anon 14956691456
anon_thp 14885584896
anon 14956691456
anon_thp 14885584896
anon 14956695552
anon_thp 14885584896
anon 14956691456
anon_thp 14885584896
anon 14956691456
anon_thp 14885584896
anon 14956695552
anon_thp 14885584896
anon 14956691456
anon_thp 14885584896
anon 14956695552
anon_thp 14885584896
anon 14956691456
anon_thp 14885584896
anon 14956687360
anon_thp 14885584896
anon 14956695552
anon_thp 14885584896
anon 14956687360
anon_thp 14885584896
anon 14956691456
anon_thp 14885584896
anon 14956687360
anon_thp 14885584896
anon 14956691456
anon_thp 14885584896
anon 14956691456
anon_thp 14885584896
anon 14956691456
anon_thp 14885584896
anon 14956691456
anon_thp 14885584896
anon 14956687360
anon_thp 14885584896
anon 14956691456
anon_thp 14885584896
anon 14956695552
anon_thp 14885584896
anon 14956695552
anon_thp 14885584896
anon 14956695552
anon_thp 14885584896
anon 14956691456
anon_thp 14885584896
anon 14956695552
anon_thp 14885584896
anon 14956687360
anon_thp 14885584896
anon 14956695552
anon_thp 14885584896
anon 14956691456
anon_thp 14885584896
anon 14956687360
anon_thp 14885584896
anon 14956695552
anon_thp 14885584896
anon 14956691456
anon_thp 14885584896
anon 14956695552
anon_thp 14885584896
anon 14956695552
anon_thp 14885584896
anon 14956691456
anon_thp 14885584896
anon 14956691456
anon_thp 14885584896
anon 14956687360
anon_thp 14885584896
anon 14956691456
anon_thp 14885584896
anon 14956687360
anon_thp 14885584896
anon 14956687360
anon_thp 14885584896
anon 14956691456
anon_thp 14885584896
anon 14956695552
anon_thp 14885584896
anon 14956687360
anon_thp 14885584896
anon 14956695552
anon_thp 14885584896
anon 14956695552
anon_thp 14885584896
anon 14956691456
anon_thp 14885584896
anon 14956695552
anon_thp 14885584896
anon 14956691456
anon_thp 14885584896
anon 14956695552
anon_thp 14885584896
anon 14956691456
anon_thp 14885584896
anon 14956691456
anon_thp 14885584896
anon 14956691456
anon_thp 14885584896
anon 14956691456
anon_thp 14885584896
anon 14956691456
anon_thp 14885584896
anon 14956691456
anon_thp 14885584896
anon 14956691456
anon_thp 14885584896
anon 14956695552
anon_thp 14885584896
anon 14956691456
anon_thp 14885584896
anon 14956691456
anon_thp 14885584896
anon 14956691456
anon_thp 14885584896
anon 14956691456
anon_thp 14885584896
anon 14956691456
anon_thp 14885584896
anon 14956691456
anon_thp 14885584896
anon 14956695552
anon_thp 14885584896
anon 14956691456
anon_thp 14885584896
anon 14956691456
anon_thp 14885584896
anon 14956691456
anon_thp 14885584896
anon 14956687360
anon_thp 14885584896
anon 14956691456
anon_thp 14885584896
anon 14956687360
anon_thp 14885584896
anon 14956695552
anon_thp 14885584896
anon 14956687360
anon_thp 14885584896
anon 14956691456
anon_thp 14885584896
anon 14956691456
anon_thp 14885584896
anon 14956691456
anon_thp 14885584896
anon 14956695552
anon_thp 14885584896
anon 14956695552
anon_thp 14885584896
anon 14956691456
anon_thp 14885584896
anon 14956687360
anon_thp 14885584896
anon 14956691456
anon_thp 14885584896
anon 14956691456
anon_thp 14885584896
anon 14956695552
anon_thp 14885584896
anon 14956691456
anon_thp 14885584896
anon 14956687360
anon_thp 14885584896
anon 14956691456
anon_thp 14885584896
anon 14956687360
anon_thp 14885584896
anon 14956691456
anon_thp 14885584896
anon 14956687360
anon_thp 14885584896
anon 14956691456
anon_thp 14885584896
anon 14956695552
anon_thp 14885584896
anon 14956695552
anon_thp 14885584896
anon 14956691456
anon_thp 14885584896
anon 14956695552
anon_thp 14885584896
anon 14956691456
anon_thp 14885584896
anon 14956695552
anon_thp 14885584896
anon 14956695552
anon_thp 14885584896
anon 14956691456
anon_thp 14885584896
anon 14956695552
anon_thp 14885584896
anon 14956695552
anon_thp 14885584896
anon 14956691456
anon_thp 14885584896
anon 14956691456
anon_thp 14885584896
anon 14956687360
anon_thp 14885584896
anon 14956691456
anon_thp 14885584896
anon 14956691456
anon_thp 14885584896
anon 14956695552
anon_thp 14885584896
anon 14956691456
anon_thp 14885584896
anon 14956695552
anon_thp 14885584896
anon 14956691456
anon_thp 14885584896
anon 14956691456
anon_thp 14885584896
anon 14956695552
anon_thp 14885584896
anon 14956687360
anon_thp 14885584896
anon 14956691456
anon_thp 14885584896
anon 14956691456
anon_thp 14885584896
anon 14956691456
anon_thp 14885584896
anon 14956691456
anon_thp 14885584896
anon 14956695552
anon_thp 14885584896
anon 14956691456
anon_thp 14885584896
anon 14956691456
anon_thp 14885584896
anon 14956687360
anon_thp 14885584896
anon 14956687360
anon_thp 14885584896
anon 14956695552
anon_thp 14885584896
anon 14956695552
anon_thp 14885584896
anon 14956695552
anon_thp 14885584896
anon 14956695552
anon_thp 14885584896
anon 14956687360
anon_thp 14885584896
anon 14956695552
anon_thp 14885584896
anon 14956695552
anon_thp 14885584896
anon 14956691456
anon_thp 14885584896
anon 14956695552
anon_thp 14885584896
anon 14956691456
anon_thp 14885584896
anon 14956695552
anon_thp 14885584896
anon 14956695552
anon_thp 14885584896
anon 14956691456
anon_thp 14885584896
anon 14956695552
anon_thp 14885584896
anon 14956691456
anon_thp 14885584896
anon 14956695552
anon_thp 14885584896
anon 14956695552
anon_thp 14885584896
anon 14956691456
anon_thp 14885584896
anon 14956695552
anon_thp 14885584896
anon 14956691456
anon_thp 14885584896
anon 14956691456
anon_thp 14885584896
anon 14956691456
anon_thp 14885584896
anon 14956687360
anon_thp 14885584896
anon 14956695552
anon_thp 14885584896
