hot 0 warm 0 cold 0
hot 430 warm 0 cold 0
hot 430 warm 0 cold 0
hot 430 warm 0 cold 0
hot 430 warm 0 cold 0
hot 430 warm 0 cold 0
hot 430 warm 0 cold 0
hot 430 warm 0 cold 0
hot 430 warm 0 cold 0
hot 430 warm 0 cold 0
hot 430 warm 0 cold 0
hot 430 warm 0 cold 0
hot 430 warm 0 cold 0
hot 430 warm 0 cold 0
hot 430 warm 0 cold 0
hot 430 warm 0 cold 0
hot 430 warm 0 cold 0
hot 430 warm 0 cold 0
hot 430 warm 0 cold 0
hot 430 warm 0 cold 0
hot 430 warm 0 cold 0
hot 430 warm 0 cold 0
hot 430 warm 0 cold 0
hot 430 warm 0 cold 0
hot 430 warm 0 cold 0
hot 430 warm 0 cold 0
hot 430 warm 0 cold 0
hot 430 warm 0 cold 0
hot 430 warm 0 cold 0
hot 430 warm 0 cold 0
hot 430 warm 0 cold 0
hot 430 warm 0 cold 0
hot 430 warm 0 cold 0
hot 430 warm 0 cold 0
hot 430 warm 0 cold 0
hot 430 warm 0 cold 0
hot 430 warm 0 cold 0
hot 430 warm 0 cold 0
hot 430 warm 0 cold 0
hot 430 warm 0 cold 0
hot 430 warm 0 cold 0
hot 430 warm 0 cold 0
hot 430 warm 0 cold 0
hot 430 warm 0 cold 0
hot 430 warm 0 cold 0
hot 430 warm 0 cold 0
hot 430 warm 0 cold 0
hot 430 warm 0 cold 0
hot 430 warm 0 cold 0
hot 430 warm 0 cold 0
hot 0 warm 0 cold 0
hot 425 warm 0 cold 515
hot 425 warm 0 cold 515
hot 425 warm 0 cold 515
hot 425 warm 0 cold 515
hot 425 warm 0 cold 515
hot 425 warm 0 cold 515
hot 425 warm 0 cold 515
hot 425 warm 0 cold 515
hot 425 warm 0 cold 515
hot 425 warm 0 cold 515
hot 425 warm 0 cold 515
hot 425 warm 0 cold 515
hot 425 warm 0 cold 515
hot 425 warm 0 cold 515
hot 425 warm 0 cold 515
hot 425 warm 0 cold 515
hot 425 warm 0 cold 515
hot 425 warm 0 cold 515
hot 425 warm 0 cold 515
hot 425 warm 0 cold 515
hot 425 warm 0 cold 515
hot 425 warm 0 cold 515
hot 425 warm 0 cold 515
hot 425 warm 0 cold 515
hot 425 warm 0 cold 515
hot 425 warm 0 cold 515
hot 425 warm 0 cold 515
hot 425 warm 0 cold 515
hot 425 warm 0 cold 515
hot 425 warm 0 cold 515
hot 425 warm 0 cold 515
hot 425 warm 0 cold 515
hot 425 warm 0 cold 515
hot 425 warm 0 cold 515
hot 425 warm 0 cold 515
hot 425 warm 0 cold 515
hot 425 warm 0 cold 515
hot 425 warm 0 cold 515
hot 487 warm 0 cold 0
hot 487 warm 0 cold 0
hot 489 warm 0 cold 0
hot 489 warm 0 cold 0
hot 491 warm 0 cold 0
hot 367084 warm 0 cold 0
hot 1297389 warm 0 cold 0
hot 1297390 warm 0 cold 0
hot 1297390 warm 0 cold 0
hot 2470895 warm 0 cold 0
hot 3092465 warm 0 cold 0
hot 3425777 warm 0 cold 0
hot 3533810 warm 0 cold 0
hot 3587059 warm 0 cold 0
hot 3612147 warm 0 cold 0
hot 3615731 warm 0 cold 0
hot 3618292 warm 0 cold 0
hot 3624949 warm 0 cold 0
hot 3625974 warm 0 cold 0
hot 3625975 warm 0 cold 0
hot 3625975 warm 0 cold 0
hot 3625976 warm 0 cold 0
hot 3625976 warm 0 cold 0
hot 3625976 warm 0 cold 0
hot 3625977 warm 0 cold 0
hot 3625978 warm 0 cold 0
hot 3625978 warm 0 cold 0
hot 3630074 warm 0 cold 0
hot 3631610 warm 0 cold 0
hot 3631610 warm 0 cold 0
hot 3631610 warm 0 cold 0
hot 3632122 warm 0 cold 0
hot 3632122 warm 0 cold 0
hot 3632122 warm 0 cold 0
hot 3632123 warm 0 cold 0
hot 3632405 warm 0 cold 0
hot 3632948 warm 0 cold 0
hot 3632976 warm 0 cold 0
hot 3632991 warm 0 cold 0
hot 3633007 warm 0 cold 0
hot 3633011 warm 0 cold 0
hot 3633015 warm 0 cold 0
hot 3633015 warm 0 cold 0
hot 3633015 warm 0 cold 0
hot 3633017 warm 0 cold 0
hot 3633017 warm 0 cold 0
hot 3633019 warm 0 cold 0
hot 3633020 warm 0 cold 0
hot 3633020 warm 0 cold 0
hot 3633020 warm 0 cold 0
hot 3633020 warm 0 cold 0
hot 3633021 warm 0 cold 0
hot 3633022 warm 0 cold 0
hot 3633022 warm 0 cold 0
hot 3633023 warm 0 cold 0
hot 3633024 warm 0 cold 0
hot 3633024 warm 0 cold 0
hot 3633024 warm 0 cold 0
hot 3633025 warm 0 cold 0
hot 3633025 warm 0 cold 0
hot 3633025 warm 0 cold 0
hot 3633026 warm 0 cold 0
hot 3633026 warm 0 cold 0
hot 3633026 warm 0 cold 0
hot 3633026 warm 0 cold 0
hot 3633026 warm 0 cold 0
hot 3633026 warm 0 cold 0
hot 3633049 warm 0 cold 0
hot 3633062 warm 0 cold 0
hot 3633062 warm 0 cold 0
hot 3633062 warm 0 cold 0
hot 3633063 warm 0 cold 0
hot 3633063 warm 0 cold 0
hot 3633063 warm 0 cold 0
hot 3633065 warm 0 cold 0
hot 3633065 warm 0 cold 0
hot 3633065 warm 0 cold 0
hot 3633065 warm 0 cold 0
hot 3633066 warm 0 cold 0
hot 3633066 warm 0 cold 0
hot 3633066 warm 0 cold 0
hot 3633067 warm 0 cold 0
hot 3633068 warm 0 cold 0
hot 3633069 warm 0 cold 0
hot 3633069 warm 0 cold 0
hot 3633070 warm 0 cold 0
hot 3633072 warm 0 cold 0
hot 3633074 warm 0 cold 0
hot 3633074 warm 0 cold 0
hot 3633075 warm 0 cold 0
hot 3633076 warm 0 cold 0
hot 3633076 warm 0 cold 0
hot 3633077 warm 0 cold 0
hot 3633078 warm 0 cold 0
hot 3633078 warm 0 cold 0
hot 3633078 warm 0 cold 0
hot 3633078 warm 0 cold 0
hot 3633078 warm 0 cold 0
hot 3633078 warm 0 cold 0
hot 3633078 warm 0 cold 0
hot 3633078 warm 0 cold 0
hot 3633078 warm 0 cold 0
hot 3633078 warm 0 cold 0
hot 3633079 warm 0 cold 0
hot 3633079 warm 0 cold 0
hot 3633079 warm 0 cold 0
hot 3633081 warm 0 cold 0
hot 3633081 warm 0 cold 0
hot 3633081 warm 0 cold 0
hot 3633081 warm 0 cold 0
hot 3633081 warm 0 cold 0
hot 3633083 warm 0 cold 0
hot 3633083 warm 0 cold 0
hot 3633084 warm 0 cold 0
hot 3633085 warm 0 cold 0
hot 3633087 warm 0 cold 0
hot 3633087 warm 0 cold 0
hot 3633088 warm 0 cold 0
hot 3633089 warm 0 cold 0
hot 3633089 warm 0 cold 0
hot 3633089 warm 0 cold 0
hot 3633089 warm 0 cold 0
hot 3633091 warm 0 cold 0
hot 3633091 warm 0 cold 0
hot 3633091 warm 0 cold 0
hot 3633091 warm 0 cold 0
hot 3633091 warm 0 cold 0
hot 3633091 warm 0 cold 0
hot 3633093 warm 0 cold 0
hot 3633093 warm 0 cold 0
hot 3633094 warm 0 cold 0
hot 3633094 warm 0 cold 0
hot 3633094 warm 0 cold 0
hot 3633094 warm 0 cold 0
hot 3633094 warm 0 cold 0
hot 3633094 warm 0 cold 0
hot 3633094 warm 0 cold 0
hot 3633094 warm 0 cold 0
hot 3633094 warm 0 cold 0
hot 3633094 warm 0 cold 0
hot 3633095 warm 0 cold 0
hot 3633095 warm 0 cold 0
hot 3633096 warm 0 cold 0
hot 3633096 warm 0 cold 0
hot 3633096 warm 0 cold 0
hot 3633096 warm 0 cold 0
hot 3633097 warm 0 cold 0
hot 3633097 warm 0 cold 0
hot 3633097 warm 0 cold 0
hot 3633098 warm 0 cold 0
hot 3633098 warm 0 cold 0
hot 3633099 warm 0 cold 0
hot 3633100 warm 0 cold 0
hot 3633101 warm 0 cold 0
hot 3633101 warm 0 cold 0
hot 3633102 warm 0 cold 0
hot 3633102 warm 0 cold 0
hot 3633102 warm 0 cold 0
hot 3633102 warm 0 cold 0
hot 3633102 warm 0 cold 0
hot 3633102 warm 0 cold 0
hot 3633102 warm 0 cold 0
hot 3633103 warm 0 cold 0
hot 3633103 warm 0 cold 0
hot 3633103 warm 0 cold 0
hot 3633103 warm 0 cold 0
hot 3633103 warm 0 cold 0
hot 3633103 warm 0 cold 0
hot 3633103 warm 0 cold 0
hot 3633103 warm 0 cold 0
hot 3633104 warm 0 cold 0
hot 3633106 warm 0 cold 0
hot 3633106 warm 0 cold 0
hot 3633106 warm 0 cold 0
hot 3633107 warm 0 cold 0
hot 3633108 warm 0 cold 0
hot 3633108 warm 0 cold 0
hot 3633109 warm 0 cold 0
hot 3633109 warm 0 cold 0
hot 3633110 warm 0 cold 0
hot 3633110 warm 0 cold 0
hot 3633110 warm 0 cold 0
hot 3633110 warm 0 cold 0
hot 3633111 warm 0 cold 0
hot 3633111 warm 0 cold 0
hot 3633111 warm 0 cold 0
hot 3633112 warm 0 cold 0
hot 3633112 warm 0 cold 0
hot 3633112 warm 0 cold 0
hot 3633114 warm 0 cold 0
hot 3633114 warm 0 cold 0
hot 3633114 warm 0 cold 0
hot 3633114 warm 0 cold 0
hot 3633114 warm 0 cold 0
hot 3633114 warm 0 cold 0
hot 3633114 warm 0 cold 0
hot 3633114 warm 0 cold 0
hot 3633114 warm 0 cold 0
hot 3633115 warm 0 cold 0
hot 3633116 warm 0 cold 0
hot 3633116 warm 0 cold 0
hot 3633116 warm 0 cold 0
hot 3633116 warm 0 cold 0
hot 3633118 warm 0 cold 0
hot 3633118 warm 0 cold 0
hot 3633118 warm 0 cold 0
hot 3633118 warm 0 cold 0
hot 3633118 warm 0 cold 0
hot 3633118 warm 0 cold 0
hot 3633118 warm 0 cold 0
hot 3633118 warm 0 cold 0
hot 3633118 warm 0 cold 0
hot 3633118 warm 0 cold 0
hot 3633118 warm 0 cold 0
hot 3633118 warm 0 cold 0
hot 3633118 warm 0 cold 0
hot 3633118 warm 0 cold 0
hot 3633119 warm 0 cold 0
hot 3633120 warm 0 cold 0
hot 3633120 warm 0 cold 0
hot 3633121 warm 0 cold 0
hot 3633121 warm 0 cold 0
hot 3633121 warm 0 cold 0
hot 3633122 warm 0 cold 0
hot 3633122 warm 0 cold 0
hot 3633122 warm 0 cold 0
hot 3633122 warm 0 cold 0
hot 3633122 warm 0 cold 0
hot 3633122 warm 0 cold 0
hot 3633122 warm 0 cold 0
hot 3633124 warm 0 cold 0
hot 3633124 warm 0 cold 0
hot 3633124 warm 0 cold 0
hot 3633124 warm 0 cold 0
hot 3633124 warm 0 cold 0
hot 3633124 warm 0 cold 0
hot 3633124 warm 0 cold 0
hot 3633124 warm 0 cold 0
hot 3633124 warm 0 cold 0
hot 3633124 warm 0 cold 0
hot 3633124 warm 0 cold 0
hot 3633125 warm 0 cold 0
hot 3633126 warm 0 cold 0
hot 3633131 warm 0 cold 0
hot 3633136 warm 0 cold 0
hot 3633137 warm 0 cold 0
hot 3633138 warm 0 cold 0
hot 3633138 warm 0 cold 0
hot 3633139 warm 0 cold 0
hot 3633139 warm 0 cold 0
hot 3633139 warm 0 cold 0
hot 3633139 warm 0 cold 0
hot 3633141 warm 0 cold 0
hot 3633141 warm 0 cold 0
hot 3633141 warm 0 cold 0
hot 3633141 warm 0 cold 0
hot 3633141 warm 0 cold 0
hot 3633141 warm 0 cold 0
hot 3633141 warm 0 cold 0
hot 3633141 warm 0 cold 0
hot 3633141 warm 0 cold 0
hot 3633141 warm 0 cold 0
hot 3633141 warm 0 cold 0
hot 3633141 warm 0 cold 0
hot 3633141 warm 0 cold 0
hot 3633141 warm 0 cold 0
hot 3633141 warm 0 cold 0
hot 3633141 warm 0 cold 0
hot 3633141 warm 0 cold 0
hot 3633141 warm 0 cold 0
hot 3633141 warm 0 cold 0
hot 3633141 warm 0 cold 0
hot 3633141 warm 0 cold 0
hot 3633141 warm 0 cold 0
hot 3633141 warm 0 cold 0
hot 3633141 warm 0 cold 0
hot 3633141 warm 0 cold 0
hot 3633141 warm 0 cold 0
hot 3633141 warm 0 cold 0
hot 3633141 warm 0 cold 0
hot 3633143 warm 0 cold 0
hot 3633144 warm 0 cold 0
hot 3633144 warm 0 cold 0
hot 3633144 warm 0 cold 0
hot 3633144 warm 0 cold 0
hot 3633144 warm 0 cold 0
hot 3633148 warm 0 cold 0
hot 3633148 warm 0 cold 0
hot 3633148 warm 0 cold 0
hot 3633148 warm 0 cold 0
hot 3633148 warm 0 cold 0
hot 3633148 warm 0 cold 0
hot 3633148 warm 0 cold 0
hot 3633148 warm 0 cold 0
hot 3633148 warm 0 cold 0
hot 3633148 warm 0 cold 0
hot 3633148 warm 0 cold 0
hot 3633148 warm 0 cold 0
hot 3633148 warm 0 cold 0
hot 3633148 warm 0 cold 0
hot 3633149 warm 0 cold 0
hot 3633149 warm 0 cold 0
hot 3633149 warm 0 cold 0
hot 3633149 warm 0 cold 0
hot 3633149 warm 0 cold 0
hot 3633149 warm 0 cold 0
hot 3633149 warm 0 cold 0
hot 3633150 warm 0 cold 0
hot 3633150 warm 0 cold 0
hot 3633150 warm 0 cold 0
hot 3633150 warm 0 cold 0
hot 3633150 warm 0 cold 0
hot 3633153 warm 0 cold 0
hot 3633153 warm 0 cold 0
hot 3633153 warm 0 cold 0
hot 3633154 warm 0 cold 0
hot 3633154 warm 0 cold 0
hot 3633154 warm 0 cold 0
hot 3633154 warm 0 cold 0
hot 3633154 warm 0 cold 0
hot 3633154 warm 0 cold 0
hot 3633154 warm 0 cold 0
hot 3633154 warm 0 cold 0
hot 3633154 warm 0 cold 0
hot 3633154 warm 0 cold 0
hot 3633154 warm 0 cold 0
hot 3633154 warm 0 cold 0
hot 3633166 warm 0 cold 0
hot 3633166 warm 0 cold 0
hot 3633166 warm 0 cold 0
hot 3633166 warm 0 cold 0
hot 3633168 warm 0 cold 0
hot 3633196 warm 0 cold 0
hot 3633196 warm 0 cold 0
hot 3633196 warm 0 cold 0
hot 3633196 warm 0 cold 0
hot 3633196 warm 0 cold 0
hot 3633196 warm 0 cold 0
hot 3633196 warm 0 cold 0
hot 3633196 warm 0 cold 0
hot 3633197 warm 0 cold 0
hot 3633197 warm 0 cold 0
hot 3633197 warm 0 cold 0
hot 3633199 warm 0 cold 0
hot 3633199 warm 0 cold 0
hot 3633199 warm 0 cold 0
hot 3633199 warm 0 cold 0
hot 3633217 warm 0 cold 0
hot 3633232 warm 0 cold 0
hot 3633254 warm 0 cold 0
hot 5240 warm 1936896 cold 1691136
hot 5251 warm 2131968 cold 1496064
hot 5784 warm 2327040 cold 1300480
hot 5805 warm 2518016 cold 1109504
hot 6346 warm 2707456 cold 919552
hot 7901 warm 2838528 cold 786944
hot 9970 warm 2960384 cold 663040
hot 13057 warm 3059200 cold 561152
hot 15623 warm 3146752 cold 471040
hot 17173 warm 3248640 cold 367616
hot 21803 warm 3314688 cold 296960
hot 26936 warm 3355136 cold 251392
hot 38735 warm 3391488 cold 203264
hot 50527 warm 3420160 cold 162816
hot 64879 warm 3439616 cold 129024
hot 84863 warm 3445760 cold 102912
hot 120203 warm 3436544 cold 76800
hot 141199 warm 3431424 cold 60928
hot 174493 warm 3415552 cold 43520
hot 207781 warm 3390464 cold 35328
hot 256945 warm 3348480 cold 28160
hot 304571 warm 3305984 cold 23040
hot 361411 warm 3254784 cold 17408
hot 422351 warm 3196416 cold 14848
hot 504793 warm 3118080 cold 10752
hot 591329 warm 3034112 cold 8192
hot 597474 warm 3028992 cold 7168
hot 597476 warm 3028992 cold 7168
hot 597476 warm 3028992 cold 7168
hot 597476 warm 3028992 cold 7168
hot 597476 warm 3028992 cold 7168
hot 597476 warm 3028992 cold 7168
hot 597476 warm 3028992 cold 7168
hot 597476 warm 3028992 cold 7168
hot 597476 warm 3028992 cold 7168
hot 597476 warm 3028992 cold 7168
hot 597476 warm 3028992 cold 7168
hot 597476 warm 3028992 cold 7168
hot 597477 warm 3028992 cold 7168
hot 597477 warm 3028992 cold 7168
hot 597477 warm 3028992 cold 7168
hot 597478 warm 3028992 cold 7168
hot 597478 warm 3028992 cold 7168
hot 597478 warm 3028992 cold 7168
hot 597480 warm 3028992 cold 7168
hot 597480 warm 3028992 cold 7168
hot 597480 warm 3028992 cold 7168
hot 597480 warm 3028992 cold 7168
hot 597481 warm 3028992 cold 7168
hot 597481 warm 3028992 cold 7168
hot 597481 warm 3028992 cold 7168
hot 597481 warm 3028992 cold 7168
hot 597481 warm 3028992 cold 7168
hot 597481 warm 3028992 cold 7168
hot 597482 warm 3028992 cold 7168
hot 597482 warm 3028992 cold 7168
hot 597482 warm 3028992 cold 7168
hot 597482 warm 3028992 cold 7168
hot 597482 warm 3028992 cold 7168
hot 597482 warm 3028992 cold 7168
hot 597482 warm 3028992 cold 7168
hot 597482 warm 3028992 cold 7168
hot 597482 warm 3028992 cold 7168
hot 597482 warm 3028992 cold 7168
hot 597482 warm 3028992 cold 7168
hot 597482 warm 3028992 cold 7168
hot 597482 warm 3028992 cold 7168
hot 597482 warm 3028992 cold 7168
hot 597483 warm 3028992 cold 7168
hot 597483 warm 3028992 cold 7168
hot 597483 warm 3028992 cold 7168
hot 597483 warm 3028992 cold 7168
hot 597483 warm 3028992 cold 7168
hot 597483 warm 3028992 cold 7168
hot 597483 warm 3028992 cold 7168
hot 597483 warm 3028992 cold 7168
hot 597483 warm 3028992 cold 7168
hot 597483 warm 3028992 cold 7168
hot 597484 warm 3028992 cold 7168
hot 597484 warm 3028992 cold 7168
hot 597484 warm 3028992 cold 7168
hot 597485 warm 3028992 cold 7168
hot 597485 warm 3028992 cold 7168
hot 597485 warm 3028992 cold 7168
hot 597485 warm 3028992 cold 7168
hot 597485 warm 3028992 cold 7168
hot 597485 warm 3028992 cold 7168
hot 597485 warm 3028992 cold 7168
