pgmigrate_success 53996982
pgmigrate_fail 235819
thp_migration_success 88904
thp_migration_fail 0
thp_migration_split 0
thp_fault_alloc 220029
thp_fault_fallback 0
thp_fault_fallback_charge 0
thp_collapse_alloc 18386
thp_collapse_alloc_failed 0
thp_file_alloc 242
thp_file_fallback 0
thp_file_fallback_charge 0
thp_file_mapped 0
thp_split_page 1613
thp_split_page_failed 40
thp_deferred_split_page 17200
thp_split_pmd 56883
thp_split_pud 0
thp_zero_page_alloc 0
thp_zero_page_alloc_failed 0
thp_swpout 0
thp_swpout_fallback 0
htmm_nr_promoted 42827524
htmm_nr_demoted 9207771
htmm_nr_sampled 0
htmm_missed_dramread 0
htmm_missed_nvmread 0
htmm_missed_write 0
htmm_alloc_dram 192775990
htmm_alloc_nvm 0
