pgmigrate_success 331718302
pgmigrate_fail 671823
thp_migration_success 461828
thp_migration_fail 131
thp_migration_split 0
thp_fault_alloc 666001
thp_fault_fallback 12439
thp_fault_fallback_charge 0
thp_collapse_alloc 473
thp_collapse_alloc_failed 0
thp_file_alloc 0
thp_file_fallback 0
thp_file_fallback_charge 0
thp_file_mapped 0
thp_split_page 1633
thp_split_page_failed 896
thp_deferred_split_page 2502
thp_split_pmd 12241
thp_split_pud 0
thp_zero_page_alloc 0
thp_zero_page_alloc_failed 0
thp_swpout 0
thp_swpout_fallback 0
htmm_nr_promoted 156476963
htmm_nr_demoted 165225594
htmm_nr_sampled 0
htmm_missed_dramread 1409
htmm_missed_nvmread 0
htmm_missed_write 0
htmm_alloc_dram 590287908
htmm_alloc_nvm 0
