pgmigrate_success 94373033
pgmigrate_fail 370110
thp_migration_success 160291
thp_migration_fail 1
thp_migration_split 0
thp_fault_alloc 348115
thp_fault_fallback 0
thp_fault_fallback_charge 0
thp_collapse_alloc 29852
thp_collapse_alloc_failed 36
thp_file_alloc 377
thp_file_fallback 0
thp_file_fallback_charge 0
thp_file_mapped 0
thp_split_page 2855
thp_split_page_failed 43
thp_deferred_split_page 28196
thp_split_pmd 95129
thp_split_pud 0
thp_zero_page_alloc 0
thp_zero_page_alloc_failed 0
thp_swpout 0
thp_swpout_fallback 0
htmm_nr_promoted 74307293
htmm_nr_demoted 17970804
htmm_nr_sampled 0
htmm_missed_dramread 0
htmm_missed_nvmread 0
htmm_missed_write 0
htmm_alloc_dram 298292523
htmm_alloc_nvm 0
