hot 0 warm 0 cold 0
hot 428 warm 0 cold 0
hot 428 warm 0 cold 0
hot 428 warm 0 cold 0
hot 428 warm 0 cold 0
hot 428 warm 0 cold 0
hot 428 warm 0 cold 0
hot 428 warm 0 cold 0
hot 428 warm 0 cold 0
hot 428 warm 0 cold 0
hot 428 warm 0 cold 0
hot 428 warm 0 cold 0
hot 428 warm 0 cold 0
hot 428 warm 0 cold 0
hot 428 warm 0 cold 0
hot 428 warm 0 cold 0
hot 428 warm 0 cold 0
hot 428 warm 0 cold 0
hot 428 warm 0 cold 0
hot 428 warm 0 cold 0
hot 428 warm 0 cold 0
hot 428 warm 0 cold 0
hot 428 warm 0 cold 0
hot 428 warm 0 cold 0
hot 428 warm 0 cold 0
hot 428 warm 0 cold 0
hot 428 warm 0 cold 0
hot 428 warm 0 cold 0
hot 428 warm 0 cold 0
hot 428 warm 0 cold 0
hot 428 warm 0 cold 0
hot 428 warm 0 cold 0
hot 428 warm 0 cold 0
hot 428 warm 0 cold 0
hot 428 warm 0 cold 0
hot 428 warm 0 cold 0
hot 428 warm 0 cold 0
hot 428 warm 0 cold 0
hot 428 warm 0 cold 0
hot 428 warm 0 cold 0
hot 428 warm 0 cold 0
hot 428 warm 0 cold 0
hot 428 warm 0 cold 0
hot 428 warm 0 cold 0
hot 428 warm 0 cold 0
hot 428 warm 0 cold 0
hot 428 warm 0 cold 0
hot 428 warm 0 cold 0
hot 428 warm 0 cold 0
hot 428 warm 0 cold 0
hot 428 warm 0 cold 0
hot 428 warm 0 cold 0
hot 428 warm 0 cold 0
hot 428 warm 0 cold 0
hot 428 warm 0 cold 0
hot 428 warm 0 cold 0
hot 428 warm 0 cold 0
hot 428 warm 0 cold 0
hot 428 warm 0 cold 0
hot 428 warm 0 cold 0
hot 428 warm 0 cold 0
hot 428 warm 0 cold 0
hot 428 warm 0 cold 0
hot 428 warm 0 cold 0
hot 428 warm 0 cold 0
hot 428 warm 0 cold 0
hot 428 warm 0 cold 0
hot 428 warm 0 cold 0
hot 428 warm 0 cold 0
hot 428 warm 0 cold 0
hot 428 warm 0 cold 0
hot 428 warm 0 cold 0
hot 428 warm 0 cold 0
hot 428 warm 0 cold 0
hot 428 warm 0 cold 0
hot 428 warm 0 cold 0
hot 428 warm 0 cold 0
hot 428 warm 0 cold 0
hot 428 warm 0 cold 0
hot 428 warm 0 cold 0
hot 428 warm 0 cold 0
hot 428 warm 0 cold 0
hot 428 warm 0 cold 0
hot 428 warm 0 cold 0
hot 428 warm 0 cold 0
hot 428 warm 0 cold 0
hot 428 warm 0 cold 0
hot 428 warm 0 cold 0
hot 930784 warm 0 cold 0
hot 930784 warm 0 cold 2
hot 1825248 warm 0 cold 0
hot 2477024 warm 0 cold 0
hot 3198945 warm 0 cold 0
hot 3437538 warm 0 cold 0
hot 3541476 warm 0 cold 0
hot 3591142 warm 0 cold 0
hot 3619302 warm 0 cold 0
hot 3625446 warm 0 cold 0
hot 3628006 warm 0 cold 0
hot 3631079 warm 0 cold 0
hot 3631080 warm 0 cold 0
hot 3631592 warm 0 cold 0
hot 3632105 warm 0 cold 0
hot 3632105 warm 0 cold 0
hot 3632617 warm 0 cold 0
hot 3632619 warm 0 cold 0
hot 3632620 warm 0 cold 0
hot 3632620 warm 0 cold 0
hot 3632620 warm 0 cold 0
hot 3632728 warm 0 cold 0
hot 3633252 warm 0 cold 0
hot 3633264 warm 0 cold 0
hot 3633277 warm 0 cold 0
hot 3633293 warm 0 cold 0
hot 3633304 warm 0 cold 0
hot 3633329 warm 0 cold 0
hot 3633348 warm 0 cold 0
hot 3633356 warm 0 cold 0
hot 3633371 warm 0 cold 0
hot 3633386 warm 0 cold 0
hot 3633394 warm 0 cold 0
hot 3633406 warm 0 cold 0
hot 6924 warm 0 cold 3626496
hot 7452 warm 0 cold 3625984
hot 7474 warm 0 cold 3625984
hot 7490 warm 0 cold 3625984
hot 8526 warm 0 cold 3624960
hot 9562 warm 0 cold 3623936
hot 11103 warm 0 cold 3622400
hot 15212 warm 0 cold 3618304
hot 19825 warm 0 cold 3613696
hot 28023 warm 0 cold 3605504
hot 42379 warm 0 cold 3591168
hot 52632 warm 0 cold 3580928
hot 68521 warm 0 cold 3565056
hot 93106 warm 0 cold 3540480
hot 120762 warm 3394560 cold 118272
hot 152514 warm 3392000 cold 89088
hot 196043 warm 3363328 cold 74240
hot 235475 warm 3343872 cold 54272
hot 283609 warm 3310592 cold 39424
hot 344542 warm 3259392 cold 29696
hot 401379 warm 3210240 cold 22016
hot 474090 warm 3140608 cold 18944
hot 564720 warm 3053056 cold 15872
hot 660984 warm 2959872 cold 12800
hot 781320 warm 0 cold 2852352
hot 867340 warm 0 cold 2766336
hot 949273 warm 0 cold 2684416
hot 949273 warm 0 cold 2684416
hot 949273 warm 0 cold 2684416
hot 1052704 warm 0 cold 2580992
hot 1080868 warm 0 cold 2552832
hot 1080868 warm 0 cold 2552832
hot 5676 warm 1140224 cold 2487808
hot 6193 warm 1254400 cold 2373120
hot 6199 warm 1389056 cold 2238464
hot 6203 warm 1530880 cold 2096640
hot 6208 warm 1576448 cold 2051072
hot 6208 warm 1576448 cold 2051072
hot 6208 warm 1576448 cold 2051072
hot 6209 warm 1576448 cold 2051072
hot 6209 warm 1576448 cold 2051072
hot 6209 warm 1576448 cold 2051072
hot 6210 warm 1576448 cold 2051072
hot 6211 warm 1576448 cold 2051072
hot 6211 warm 1576448 cold 2051072
hot 6212 warm 1576448 cold 2051072
hot 6213 warm 1576448 cold 2051072
hot 6213 warm 1576448 cold 2051072
hot 6214 warm 1576448 cold 2051072
hot 6215 warm 1576448 cold 2051072
hot 6216 warm 1576448 cold 2051072
hot 6216 warm 1576448 cold 2051072
hot 6217 warm 1576448 cold 2051072
hot 6218 warm 1576448 cold 2051072
hot 6219 warm 1576448 cold 2051072
hot 6219 warm 1576448 cold 2051072
hot 6219 warm 1576448 cold 2051072
hot 6220 warm 1576448 cold 2051072
hot 6220 warm 1576448 cold 2051072
hot 6223 warm 1730560 cold 1896960
hot 6234 warm 1870848 cold 1756672
hot 6241 warm 1996288 cold 1631232
hot 6244 warm 2147840 cold 1479680
hot 6248 warm 2286592 cold 1340928
hot 6252 warm 2398720 cold 1228800
hot 6254 warm 2524160 cold 1103360
hot 6257 warm 2634752 cold 992768
hot 6771 warm 2736128 cold 890880
hot 6780 warm 2830336 cold 796672
hot 7294 warm 2931712 cold 694784
hot 7810 warm 3016192 cold 609792
hot 8324 warm 3085824 cold 539648
hot 8839 warm 3154944 cold 470016
hot 9355 warm 3220480 cold 403968
hot 10385 warm 3264000 cold 359424
hot 11413 warm 3310080 cold 312320
hot 12446 warm 3347456 cold 273920
hot 16545 warm 3378176 cold 239104
hot 19110 warm 3397120 cold 217600
hot 19114 warm 3426816 cold 187904
hot 23726 warm 3442176 cold 167936
hot 25264 warm 3461120 cold 147456
hot 27319 warm 3474944 cold 131584
hot 32953 warm 3485184 cold 115712
hot 41665 warm 3492352 cold 99840
hot 48836 warm 3491840 cold 93184
hot 54980 warm 3495936 cold 82944
hot 62151 warm 3496960 cold 74752
hot 77006 warm 3491328 cold 65536
hot 85201 warm 3491328 cold 57344
hot 95445 warm 3485696 cold 52736
hot 104150 warm 3483648 cold 46080
hot 120023 warm 3470848 cold 43008
hot 137947 warm 3457024 cold 38912
hot 159455 warm 3440128 cold 34304
hot 188645 warm 3414016 cold 31232
hot 211177 warm 3394560 cold 28160
hot 239337 warm 3367424 cold 27136
hot 264429 warm 3345408 cold 24064
hot 287984 warm 3325952 cold 19968
hot 320244 warm 3294208 cold 19456
hot 358137 warm 3258368 cold 17408
hot 390395 warm 3226624 cold 16896
hot 441085 warm 3177472 cold 15360
hot 482559 warm 3137024 cold 14336
hot 528639 warm 3094528 cold 10752
hot 563459 warm 3060736 cold 9728
hot 620292 warm 3005952 cold 7680
hot 664327 warm 2962944 cold 6656
hot 722184 warm 2905600 cold 6144
hot 783113 warm 2845696 cold 5120
hot 839945 warm 2789376 cold 4608
hot 894220 warm 0 cold 2739712
hot 922383 warm 0 cold 2711552
hot 922384 warm 0 cold 2711552
hot 922384 warm 0 cold 2711552
hot 922384 warm 0 cold 2711552
hot 936209 warm 0 cold 2697728
hot 936210 warm 0 cold 2697728
hot 936210 warm 0 cold 2697728
hot 936210 warm 0 cold 2697728
hot 936211 warm 0 cold 2697728
hot 936211 warm 0 cold 2697728
hot 936211 warm 0 cold 2697728
hot 936211 warm 0 cold 2697728
hot 936212 warm 0 cold 2697728
hot 936212 warm 0 cold 2697728
hot 936212 warm 0 cold 2697728
hot 936213 warm 0 cold 2697728
hot 936215 warm 0 cold 2697728
hot 936215 warm 0 cold 2697728
hot 936215 warm 0 cold 2697728
hot 936216 warm 0 cold 2697728
hot 936216 warm 0 cold 2697728
hot 936216 warm 0 cold 2697728
hot 936216 warm 0 cold 2697728
hot 936216 warm 0 cold 2697728
hot 936216 warm 0 cold 2697728
hot 936216 warm 0 cold 2697728
hot 936216 warm 0 cold 2697728
hot 936216 warm 0 cold 2697728
hot 936216 warm 0 cold 2697728
hot 936216 warm 0 cold 2697728
hot 936216 warm 0 cold 2697728
hot 936216 warm 0 cold 2697728
hot 936216 warm 0 cold 2697728
hot 936217 warm 0 cold 2697728
hot 936217 warm 0 cold 2697728
hot 936217 warm 0 cold 2697728
hot 936217 warm 0 cold 2697728
hot 936218 warm 0 cold 2697728
hot 936218 warm 0 cold 2697728
hot 936218 warm 0 cold 2697728
hot 936220 warm 0 cold 2697728
hot 936221 warm 0 cold 2697728
hot 936221 warm 0 cold 2697728
hot 936221 warm 0 cold 2697728
hot 936221 warm 0 cold 2697728
hot 936221 warm 0 cold 2697728
hot 936223 warm 0 cold 2697728
hot 936223 warm 0 cold 2697728
hot 936223 warm 0 cold 2697728
hot 936223 warm 0 cold 2697728
hot 936223 warm 0 cold 2697728
hot 936224 warm 0 cold 2697728
hot 936224 warm 0 cold 2697728
hot 936225 warm 0 cold 2697728
hot 936226 warm 0 cold 2697728
hot 936226 warm 0 cold 2697728
hot 936226 warm 0 cold 2697728
hot 936226 warm 0 cold 2697728
hot 936226 warm 0 cold 2697728
hot 936226 warm 0 cold 2697728
hot 936226 warm 0 cold 2697728
hot 936228 warm 0 cold 2697728
hot 936228 warm 0 cold 2697728
hot 936228 warm 0 cold 2697728
hot 936228 warm 0 cold 2697728
hot 936229 warm 0 cold 2697728
hot 936229 warm 0 cold 2697728
hot 936229 warm 0 cold 2697728
hot 936229 warm 0 cold 2697728
hot 936229 warm 0 cold 2697728
hot 936230 warm 0 cold 2697728
hot 936231 warm 0 cold 2697728
hot 936231 warm 0 cold 2697728
hot 936231 warm 0 cold 2697728
hot 936231 warm 0 cold 2697728
hot 936231 warm 0 cold 2697728
hot 936231 warm 0 cold 2697728
hot 936231 warm 0 cold 2697728
hot 936232 warm 0 cold 2697728
hot 936232 warm 0 cold 2697728
hot 936232 warm 0 cold 2697728
hot 936232 warm 0 cold 2697728
hot 936232 warm 0 cold 2697728
hot 936232 warm 0 cold 2697728
hot 936233 warm 0 cold 2697728
hot 936233 warm 0 cold 2697728
hot 967979 warm 0 cold 2665984
hot 1047853 warm 0 cold 2586112
hot 1132338 warm 0 cold 2501632
hot 1217330 warm 0 cold 2416640
hot 1320759 warm 0 cold 2313216
hot 1401658 warm 0 cold 2232320
hot 1490235 warm 0 cold 2143744
hot 1580866 warm 0 cold 2053120
hot 5955 warm 0 cold 3628032
hot 5958 warm 0 cold 3628032
hot 5958 warm 0 cold 3628032
hot 5961 warm 0 cold 3628032
hot 5962 warm 0 cold 3628032
hot 5964 warm 0 cold 3628032
hot 5968 warm 0 cold 3628032
hot 5971 warm 0 cold 3628032
hot 5972 warm 0 cold 3628032
hot 5977 warm 0 cold 3628032
hot 5980 warm 0 cold 3628032
hot 5980 warm 0 cold 3628032
hot 5980 warm 0 cold 3628032
hot 5980 warm 0 cold 3628032
hot 5980 warm 0 cold 3628032
hot 5980 warm 0 cold 3628032
hot 5980 warm 0 cold 3628032
hot 5980 warm 0 cold 3628032
hot 5981 warm 0 cold 3628032
hot 5982 warm 0 cold 3628032
hot 5982 warm 0 cold 3628032
hot 5983 warm 0 cold 3628032
hot 5984 warm 0 cold 3628032
hot 5985 warm 0 cold 3628032
hot 5985 warm 0 cold 3628032
hot 5985 warm 0 cold 3628032
hot 5985 warm 0 cold 3628032
hot 5986 warm 0 cold 3628032
hot 5986 warm 0 cold 3628032
hot 5986 warm 0 cold 3628032
hot 5987 warm 0 cold 3628032
hot 5988 warm 0 cold 3628032
hot 5988 warm 0 cold 3628032
hot 5989 warm 0 cold 3628032
hot 5989 warm 0 cold 3628032
hot 5989 warm 0 cold 3628032
hot 5989 warm 0 cold 3628032
hot 5989 warm 0 cold 3628032
hot 5989 warm 0 cold 3628032
hot 5990 warm 0 cold 3628032
hot 5990 warm 0 cold 3628032
hot 5990 warm 0 cold 3628032
hot 5990 warm 0 cold 3628032
hot 5991 warm 0 cold 3628032
hot 5994 warm 0 cold 3628032
hot 5997 warm 0 cold 3628032
hot 5997 warm 0 cold 3628032
hot 5998 warm 2747904 cold 880128
hot 5999 warm 2804736 cold 823296
hot 6000 warm 2859520 cold 768512
hot 6004 warm 2918912 cold 709120
hot 6006 warm 2967040 cold 660992
hot 6008 warm 3014144 cold 613888
hot 6015 warm 3061760 cold 566272
hot 6528 warm 3092992 cold 534528
hot 6532 warm 3124736 cold 502784
hot 6533 warm 3164160 cold 463360
hot 6533 warm 3198464 cold 429056
hot 6536 warm 3232768 cold 394752
hot 7049 warm 3263488 cold 363520
hot 8586 warm 3294720 cold 330752
hot 8587 warm 3330560 cold 294912
hot 9101 warm 3345920 cold 279040
hot 9104 warm 3374080 cold 250880
hot 9106 warm 3389952 cold 235008
hot 9619 warm 3406848 cold 217600
hot 10644 warm 3423744 cold 199680
hot 11156 warm 3433472 cold 189440
hot 11158 warm 3445760 cold 177152
hot 12183 warm 3457024 cold 164864
hot 13722 warm 3463680 cold 156672
hot 13722 warm 3470848 cold 149504
hot 13722 warm 3476480 cold 143872
hot 14236 warm 3480576 cold 139264
hot 14238 warm 3484160 cold 135680
hot 16801 warm 3487232 cold 130048
hot 19363 warm 3488768 cold 125952
hot 19875 warm 3491840 cold 122368
hot 21412 warm 3493376 cold 119296
hot 22438 warm 3495936 cold 115712
hot 25512 warm 3499008 cold 109568
hot 27560 warm 3503616 cold 102912
hot 31148 warm 3505664 cold 97280
hot 34222 warm 3505664 cold 94208
hot 35247 warm 3507200 cold 91648
hot 38320 warm 3507200 cold 88576
hot 39345 warm 3512320 cold 82432
hot 43445 warm 3512320 cold 78336
hot 47030 warm 3513344 cold 73728
hot 49080 warm 3513344 cold 71680
hot 49081 warm 3515392 cold 69632
hot 50107 warm 3517440 cold 66560
hot 53693 warm 3517440 cold 62976
hot 58815 warm 3515392 cold 59904
hot 61888 warm 3514368 cold 57856
hot 65984 warm 3512320 cold 55808
hot 73154 warm 3507200 cold 53760
hot 76739 warm 3507200 cold 50176
hot 82883 warm 3504128 cold 47104
hot 82883 warm 3504128 cold 47104
hot 82883 warm 3504128 cold 47104
hot 82883 warm 3504128 cold 47104
hot 82883 warm 3504128 cold 47104
hot 82883 warm 3504128 cold 47104
hot 82883 warm 3504128 cold 47104
hot 82883 warm 3504128 cold 47104
hot 82883 warm 3504128 cold 47104
hot 82883 warm 3504128 cold 47104
hot 82883 warm 3504128 cold 47104
hot 82883 warm 3504128 cold 47104
hot 82884 warm 3504128 cold 47104
hot 82885 warm 3504128 cold 47104
hot 82885 warm 3504128 cold 47104
hot 82886 warm 3504128 cold 47104
hot 82886 warm 3504128 cold 47104
hot 82886 warm 3504128 cold 47104
hot 82887 warm 3504128 cold 47104
hot 82887 warm 3504128 cold 47104
hot 82887 warm 3504128 cold 47104
hot 82887 warm 3504128 cold 47104
hot 82887 warm 3504128 cold 47104
hot 82888 warm 3504128 cold 47104
hot 82888 warm 3504128 cold 47104
hot 82888 warm 3504128 cold 47104
hot 82889 warm 3504128 cold 47104
hot 82889 warm 3504128 cold 47104
hot 82889 warm 3504128 cold 47104
hot 82889 warm 3504128 cold 47104
hot 82889 warm 3504128 cold 47104
hot 82889 warm 3504128 cold 47104
hot 82889 warm 3504128 cold 47104
hot 82889 warm 3504128 cold 47104
hot 82889 warm 3504128 cold 47104
hot 82889 warm 3504128 cold 47104
hot 82889 warm 3504128 cold 47104
hot 82889 warm 3504128 cold 47104
hot 82889 warm 3504128 cold 47104
hot 82889 warm 3504128 cold 47104
hot 82889 warm 3504128 cold 47104
hot 82889 warm 3504128 cold 47104
hot 82889 warm 3504128 cold 47104
hot 82889 warm 3504128 cold 47104
hot 82890 warm 3504128 cold 47104
hot 82891 warm 3504128 cold 47104
hot 82891 warm 3504128 cold 47104
hot 82891 warm 3504128 cold 47104
hot 82891 warm 3504128 cold 47104
hot 82891 warm 3504128 cold 47104
hot 82891 warm 3504128 cold 47104
hot 82891 warm 3504128 cold 47104
hot 82891 warm 3504128 cold 47104
hot 82891 warm 3504128 cold 47104
hot 82891 warm 3504128 cold 47104
hot 82891 warm 3504128 cold 47104
hot 82891 warm 3504128 cold 47104
hot 82891 warm 3504128 cold 47104
hot 82891 warm 3504128 cold 47104
hot 82891 warm 3504128 cold 47104
hot 82891 warm 3504128 cold 47104
hot 82891 warm 3504128 cold 47104
hot 82891 warm 3504128 cold 47104
hot 82891 warm 3504128 cold 47104
hot 82891 warm 3504128 cold 47104
hot 82891 warm 3504128 cold 47104
hot 82891 warm 3504128 cold 47104
hot 82891 warm 3504128 cold 47104
hot 82891 warm 3504128 cold 47104
hot 82891 warm 3504128 cold 47104
hot 82892 warm 3504128 cold 47104
hot 82892 warm 3504128 cold 47104
hot 82893 warm 3504128 cold 47104
hot 82893 warm 3504128 cold 47104
hot 82893 warm 3504128 cold 47104
hot 82893 warm 3504128 cold 47104
hot 82893 warm 3504128 cold 47104
hot 82893 warm 3504128 cold 47104
hot 82893 warm 3504128 cold 47104
hot 82893 warm 3504128 cold 47104
hot 82893 warm 3504128 cold 47104
hot 82893 warm 3504128 cold 47104
hot 82893 warm 3504128 cold 47104
hot 82893 warm 3504128 cold 47104
hot 82893 warm 3504128 cold 47104
hot 82893 warm 3504128 cold 47104
hot 82893 warm 3504128 cold 47104
hot 82893 warm 3504128 cold 47104
hot 82893 warm 3504128 cold 47104
hot 82893 warm 3504128 cold 47104
hot 82893 warm 3504128 cold 47104
hot 82893 warm 3504128 cold 47104
hot 82893 warm 3504128 cold 47104
hot 82893 warm 3504128 cold 47104
hot 82893 warm 3504128 cold 47104
hot 82893 warm 3504128 cold 47104
hot 82893 warm 3504128 cold 47104
hot 82894 warm 3504128 cold 47104
hot 82894 warm 3504128 cold 47104
hot 82894 warm 3504128 cold 47104
hot 82894 warm 3504128 cold 47104
hot 82895 warm 3504128 cold 47104
hot 82895 warm 3504128 cold 47104
