pgmigrate_success 15287139
pgmigrate_fail 19217
thp_migration_success 29254
thp_migration_fail 0
thp_migration_split 0
thp_fault_alloc 39255
thp_fault_fallback 0
thp_fault_fallback_charge 0
thp_collapse_alloc 1402
thp_collapse_alloc_failed 0
thp_file_alloc 22
thp_file_fallback 0
thp_file_fallback_charge 0
thp_file_mapped 0
thp_split_page 4
thp_split_page_failed 0
thp_deferred_split_page 990
thp_split_pmd 3671
thp_split_pud 0
thp_zero_page_alloc 0
thp_zero_page_alloc_failed 0
thp_swpout 0
thp_swpout_fallback 0
htmm_nr_promoted 12214147
htmm_nr_demoted 2784137
htmm_nr_sampled 0
htmm_missed_dramread 0
htmm_missed_nvmread 0
htmm_missed_write 0
htmm_alloc_dram 22386570
htmm_alloc_nvm 0
