pgmigrate_success 125354350
pgmigrate_success 125354355
pgmigrate_success 125354355
pgmigrate_success 125354355
pgmigrate_success 125354355
pgmigrate_success 125354355
pgmigrate_success 125354355
pgmigrate_success 125354355
pgmigrate_success 125354355
pgmigrate_success 125354355
pgmigrate_success 125354355
pgmigrate_success 125354355
pgmigrate_success 125354355
pgmigrate_success 125354355
pgmigrate_success 125354355
pgmigrate_success 125354355
pgmigrate_success 125354355
pgmigrate_success 125354355
pgmigrate_success 125354355
pgmigrate_success 125354355
pgmigrate_success 125354355
pgmigrate_success 125354355
pgmigrate_success 125354355
pgmigrate_success 125354355
pgmigrate_success 125369255
pgmigrate_success 125369255
pgmigrate_success 125369255
pgmigrate_success 125369255
pgmigrate_success 125369255
pgmigrate_success 125369255
pgmigrate_success 125369255
pgmigrate_success 125369255
pgmigrate_success 125369255
pgmigrate_success 125369255
pgmigrate_success 125369255
pgmigrate_success 125369255
pgmigrate_success 125369255
pgmigrate_success 125369255
pgmigrate_success 125369255
pgmigrate_success 125369255
pgmigrate_success 125369255
pgmigrate_success 125369255
pgmigrate_success 125369255
pgmigrate_success 125369255
pgmigrate_success 125369255
pgmigrate_success 125369255
pgmigrate_success 125369255
pgmigrate_success 125369255
pgmigrate_success 125418616
pgmigrate_success 125565560
pgmigrate_success 125760632
pgmigrate_success 126150264
pgmigrate_success 126150264
pgmigrate_success 126150264
pgmigrate_success 127067740
pgmigrate_success 127366237
pgmigrate_success 127558344
pgmigrate_success 127576267
pgmigrate_success 127715022
pgmigrate_success 127872720
pgmigrate_success 127922384
pgmigrate_success 128030087
pgmigrate_success 128066951
pgmigrate_success 128197511
pgmigrate_success 128294725
pgmigrate_success 128355141
pgmigrate_success 128374085
pgmigrate_success 128374085
pgmigrate_success 128374085
pgmigrate_success 128374085
pgmigrate_success 128487238
pgmigrate_success 128531271
pgmigrate_success 128564551
pgmigrate_success 128617287
pgmigrate_success 128686407
pgmigrate_success 128742215
pgmigrate_success 128823397
pgmigrate_success 128964198
pgmigrate_success 128964198
pgmigrate_success 128964710
pgmigrate_success 128978144
pgmigrate_success 129018813
pgmigrate_success 129061825
pgmigrate_success 129120215
pgmigrate_success 129156898
pgmigrate_success 129181986
pgmigrate_success 129206562
pgmigrate_success 129238221
pgmigrate_success 129263821
pgmigrate_success 129287373
pgmigrate_success 129298637
pgmigrate_success 129315021
pgmigrate_success 129336013
pgmigrate_success 129361101
pgmigrate_success 129380557
pgmigrate_success 129395917
pgmigrate_success 129407693
pgmigrate_success 129418957
pgmigrate_success 129443533
pgmigrate_success 129459405
pgmigrate_success 129471181
pgmigrate_success 129483981
pgmigrate_success 129487573
pgmigrate_success 129491671
pgmigrate_success 129506011
pgmigrate_success 129513181
pgmigrate_success 129590496
pgmigrate_success 129590496
pgmigrate_success 129590496
pgmigrate_success 129590496
pgmigrate_success 129590496
pgmigrate_success 129591008
pgmigrate_success 129591008
pgmigrate_success 129591008
pgmigrate_success 129591008
pgmigrate_success 129591008
pgmigrate_success 129591008
pgmigrate_success 129598688
pgmigrate_success 129607904
pgmigrate_success 129614553
pgmigrate_success 129625305
pgmigrate_success 129634521
pgmigrate_success 129637081
pgmigrate_success 129640665
pgmigrate_success 129642201
pgmigrate_success 129645273
pgmigrate_success 129649881
pgmigrate_success 129652953
pgmigrate_success 129658073
pgmigrate_success 129667801
pgmigrate_success 129678555
pgmigrate_success 129684187
pgmigrate_success 129686747
pgmigrate_success 129688795
pgmigrate_success 129691873
pgmigrate_success 129694436
pgmigrate_success 129695460
pgmigrate_success 129695460
pgmigrate_success 129695460
pgmigrate_success 129695460
pgmigrate_success 129729764
pgmigrate_success 129788140
pgmigrate_success 129797361
pgmigrate_success 129797361
pgmigrate_success 129797361
pgmigrate_success 129797361
pgmigrate_success 129797364
pgmigrate_success 129826548
pgmigrate_success 129828084
pgmigrate_success 129828447
pgmigrate_success 129828447
pgmigrate_success 129828649
pgmigrate_success 129828649
pgmigrate_success 129828649
pgmigrate_success 129828649
pgmigrate_success 129828649
pgmigrate_success 129828649
pgmigrate_success 129828649
pgmigrate_success 129828649
pgmigrate_success 129828649
pgmigrate_success 129828649
pgmigrate_success 129828649
pgmigrate_success 129828649
pgmigrate_success 129828649
pgmigrate_success 129828649
pgmigrate_success 129828649
pgmigrate_success 129828649
pgmigrate_success 129828649
pgmigrate_success 129828649
pgmigrate_success 129828649
pgmigrate_success 129829161
pgmigrate_success 129829161
pgmigrate_success 129829161
pgmigrate_success 129829161
pgmigrate_success 129829161
pgmigrate_success 129829161
pgmigrate_success 129829161
pgmigrate_success 129829161
pgmigrate_success 129829161
pgmigrate_success 129829161
pgmigrate_success 129829161
pgmigrate_success 129829161
pgmigrate_success 129829161
pgmigrate_success 129829161
pgmigrate_success 129829161
pgmigrate_success 129829161
pgmigrate_success 129829161
pgmigrate_success 129829161
pgmigrate_success 129829161
pgmigrate_success 129829161
pgmigrate_success 129829161
pgmigrate_success 129829161
pgmigrate_success 129829161
pgmigrate_success 129829161
pgmigrate_success 129829161
pgmigrate_success 129829161
pgmigrate_success 129829161
pgmigrate_success 129829161
pgmigrate_success 129829161
pgmigrate_success 129829161
pgmigrate_success 129829161
pgmigrate_success 129829161
pgmigrate_success 129829161
pgmigrate_success 129829161
pgmigrate_success 129829161
pgmigrate_success 129830185
pgmigrate_success 129832233
pgmigrate_success 129834793
pgmigrate_success 129835817
pgmigrate_success 129835817
pgmigrate_success 129835817
pgmigrate_success 129835817
pgmigrate_success 129835817
pgmigrate_success 129835817
pgmigrate_success 129835817
pgmigrate_success 129835817
pgmigrate_success 129835817
pgmigrate_success 129835817
pgmigrate_success 129835817
pgmigrate_success 129835817
pgmigrate_success 129835817
pgmigrate_success 129835817
pgmigrate_success 129835817
pgmigrate_success 129835817
pgmigrate_success 129835817
pgmigrate_success 129835817
pgmigrate_success 129835817
pgmigrate_success 129835817
pgmigrate_success 129835817
pgmigrate_success 129836519
pgmigrate_success 129837031
pgmigrate_success 129837031
pgmigrate_success 129837031
pgmigrate_success 129837031
pgmigrate_success 129837031
pgmigrate_success 129837031
pgmigrate_success 129837031
pgmigrate_success 129837031
pgmigrate_success 129837031
pgmigrate_success 129837031
pgmigrate_success 129837031
pgmigrate_success 129837031
pgmigrate_success 129837031
pgmigrate_success 129837031
pgmigrate_success 129837031
pgmigrate_success 129837031
pgmigrate_success 129837133
pgmigrate_success 129837133
pgmigrate_success 129837133
pgmigrate_success 129837133
pgmigrate_success 129837133
pgmigrate_success 129837133
pgmigrate_success 129837133
pgmigrate_success 129837133
pgmigrate_success 129837133
pgmigrate_success 129837133
pgmigrate_success 129837133
pgmigrate_success 129837133
pgmigrate_success 129837133
pgmigrate_success 129837133
pgmigrate_success 129837133
pgmigrate_success 129837133
pgmigrate_success 129837133
pgmigrate_success 129837133
pgmigrate_success 129837133
pgmigrate_success 129837133
pgmigrate_success 129837133
pgmigrate_success 129837133
pgmigrate_success 129837133
pgmigrate_success 129837133
pgmigrate_success 129837133
pgmigrate_success 129837133
pgmigrate_success 129837133
pgmigrate_success 129837133
pgmigrate_success 129837133
pgmigrate_success 129837133
pgmigrate_success 129837133
pgmigrate_success 129837645
pgmigrate_success 129838075
pgmigrate_success 129838075
pgmigrate_success 129838075
pgmigrate_success 129838075
pgmigrate_success 129838075
pgmigrate_success 129838075
pgmigrate_success 129838075
pgmigrate_success 129838075
pgmigrate_success 129838075
pgmigrate_success 129838075
pgmigrate_success 129838075
pgmigrate_success 129838075
pgmigrate_success 129838075
pgmigrate_success 129838075
pgmigrate_success 129838075
pgmigrate_success 129838075
pgmigrate_success 129838075
pgmigrate_success 129838075
pgmigrate_success 129838075
pgmigrate_success 129838075
pgmigrate_success 129838075
pgmigrate_success 129838075
pgmigrate_success 129838075
pgmigrate_success 129838075
pgmigrate_success 129838075
pgmigrate_success 129838075
pgmigrate_success 129841147
pgmigrate_success 129841147
pgmigrate_success 129841659
pgmigrate_success 129841659
pgmigrate_success 129841659
pgmigrate_success 129842171
pgmigrate_success 129843249
pgmigrate_success 129843249
pgmigrate_success 129843249
pgmigrate_success 129843249
pgmigrate_success 129843249
pgmigrate_success 129843249
pgmigrate_success 129843249
pgmigrate_success 129843761
pgmigrate_success 129843761
pgmigrate_success 129843761
pgmigrate_success 129843761
pgmigrate_success 129843761
pgmigrate_success 129843761
pgmigrate_success 129843761
pgmigrate_success 129843761
pgmigrate_success 129844273
pgmigrate_success 129846833
pgmigrate_success 129846833
pgmigrate_success 129846833
pgmigrate_success 129846833
pgmigrate_success 129846833
pgmigrate_success 129846833
pgmigrate_success 129846833
pgmigrate_success 129846833
pgmigrate_success 129846833
pgmigrate_success 129846833
pgmigrate_success 129846833
pgmigrate_success 129846833
pgmigrate_success 129846833
pgmigrate_success 129846833
pgmigrate_success 129846833
pgmigrate_success 129846833
pgmigrate_success 129846881
pgmigrate_success 129846881
pgmigrate_success 129846881
pgmigrate_success 129846881
pgmigrate_success 129846881
pgmigrate_success 129846881
pgmigrate_success 129846881
pgmigrate_success 129846881
pgmigrate_success 129846881
pgmigrate_success 129846881
pgmigrate_success 129846881
pgmigrate_success 129846881
pgmigrate_success 129846881
pgmigrate_success 129846881
pgmigrate_success 129846881
pgmigrate_success 129846881
pgmigrate_success 129846881
pgmigrate_success 129846881
pgmigrate_success 129846881
pgmigrate_success 129846881
pgmigrate_success 129846881
pgmigrate_success 129846881
pgmigrate_success 129846881
pgmigrate_success 129846881
pgmigrate_success 129846881
pgmigrate_success 129846881
pgmigrate_success 129846881
pgmigrate_success 129846881
pgmigrate_success 129846881
pgmigrate_success 129846881
pgmigrate_success 129847393
pgmigrate_success 129847393
pgmigrate_success 129847393
pgmigrate_success 129847393
pgmigrate_success 129847393
pgmigrate_success 129847393
pgmigrate_success 129847393
pgmigrate_success 129847393
pgmigrate_success 129847393
pgmigrate_success 129847393
pgmigrate_success 129847393
pgmigrate_success 129847393
pgmigrate_success 129847393
pgmigrate_success 129847393
pgmigrate_success 129847393
pgmigrate_success 129847393
pgmigrate_success 129847393
pgmigrate_success 129847393
pgmigrate_success 129847393
pgmigrate_success 129847393
pgmigrate_success 129847393
pgmigrate_success 129847393
pgmigrate_success 129847393
pgmigrate_success 129847393
pgmigrate_success 129847393
pgmigrate_success 129847393
pgmigrate_success 129847393
pgmigrate_success 129847393
pgmigrate_success 129847393
pgmigrate_success 129847393
pgmigrate_success 129847393
pgmigrate_success 129847393
pgmigrate_success 129847393
pgmigrate_success 129847393
pgmigrate_success 129847393
pgmigrate_success 129847393
pgmigrate_success 129847393
pgmigrate_success 129847393
pgmigrate_success 129847393
pgmigrate_success 129847393
pgmigrate_success 129847393
pgmigrate_success 129847393
pgmigrate_success 129847393
pgmigrate_success 129847457
pgmigrate_success 129847457
pgmigrate_success 129847969
pgmigrate_success 129847969
pgmigrate_success 129847969
pgmigrate_success 129848993
pgmigrate_success 129848993
pgmigrate_success 129848993
pgmigrate_success 129848993
pgmigrate_success 129848993
pgmigrate_success 129848993
pgmigrate_success 129848993
pgmigrate_success 129848993
pgmigrate_success 129848993
pgmigrate_success 129848993
pgmigrate_success 129848993
pgmigrate_success 129848993
pgmigrate_success 129848993
pgmigrate_success 129848993
pgmigrate_success 129848993
pgmigrate_success 129848993
pgmigrate_success 129848993
pgmigrate_success 129848993
pgmigrate_success 129848993
pgmigrate_success 129848993
pgmigrate_success 129848993
pgmigrate_success 129848993
pgmigrate_success 129848993
pgmigrate_success 129848993
pgmigrate_success 129848993
pgmigrate_success 129848993
pgmigrate_success 129848993
pgmigrate_success 129848993
pgmigrate_success 129848993
pgmigrate_success 129848993
pgmigrate_success 129848993
pgmigrate_success 129848993
pgmigrate_success 129848993
pgmigrate_success 129848993
pgmigrate_success 129848993
pgmigrate_success 129848993
pgmigrate_success 129848993
pgmigrate_success 129848993
pgmigrate_success 129848993
pgmigrate_success 129848993
pgmigrate_success 129848993
pgmigrate_success 129848993
