anon 0
anon_thp 0
anon 272617472
anon_thp 270532608
anon 548577280
anon_thp 545259520
anon 823304192
anon_thp 819986432
anon 1104322560
anon_thp 1101004800
anon 1383243776
anon_thp 1379926016
anon 1662164992
anon_thp 1658847232
anon 1945280512
anon_thp 1941962752
anon 2217910272
anon_thp 2214592512
anon 2490540032
anon_thp 2487222272
anon 2763169792
anon_thp 2759852032
anon 3031605248
anon_thp 3028287488
anon 3302137856
anon_thp 3298820096
anon 3568476160
anon_thp 3565158400
anon 3828523008
anon_thp 3825205248
anon 4105347072
anon_thp 4102029312
anon 4373782528
anon_thp 4370464768
anon 4640120832
anon_thp 4636803072
anon 4910653440
anon_thp 4907335680
anon 5185380352
anon_thp 5182062592
anon 5458010112
anon_thp 5454692352
anon 5732737024
anon_thp 5729419264
anon 6003269632
anon_thp 5999951872
anon 6269607936
anon_thp 6266290176
anon 6859436032
anon_thp 6853492736
anon 6859436032
anon_thp 6853492736
anon 7031447552
anon_thp 7025459200
anon 7293591552
anon_thp 7287603200
anon 7566221312
anon_thp 7560232960
anon 7838851072
anon_thp 7832862720
anon 8100995072
anon_thp 8095006720
anon 8369430528
anon_thp 8363442176
anon 8642060288
anon_thp 8636071936
anon 8908398592
anon_thp 8902410240
anon 9183125504
anon_thp 9177137152
anon 9451560960
anon_thp 9445572608
anon 9715802112
anon_thp 9709813760
anon 9988431872
anon_thp 9982443520
anon 10256867328
anon_thp 10250878976
anon 10523205632
anon_thp 10517217280
anon 10787446784
anon_thp 10781458432
anon 11055882240
anon_thp 11049893888
anon 11315929088
anon_thp 11309940736
anon 11586461696
anon_thp 11580473344
anon 11852800000
anon_thp 11846811648
anon 12112846848
anon_thp 12106858496
anon 12372893696
anon_thp 12366905344
anon 12639232000
anon_thp 12633243648
anon 13225529344
anon_thp 13214154752
anon 13225529344
anon_thp 13214154752
anon 13223432192
anon_thp 13212057600
anon 13223432192
anon_thp 13212057600
anon 13225529344
anon_thp 13214154752
anon 13223432192
anon_thp 13212057600
anon 13223432192
anon_thp 13212057600
anon 13225529344
anon_thp 13214154752
anon 13225529344
anon_thp 13214154752
anon 13225529344
anon_thp 13214154752
anon 13223432192
anon_thp 13212057600
anon 13225529344
anon_thp 13214154752
anon 13225529344
anon_thp 13214154752
anon 13225529344
anon_thp 13214154752
anon 13225529344
anon_thp 13214154752
anon 13225529344
anon_thp 13214154752
anon 13225529344
anon_thp 13214154752
anon 13225529344
anon_thp 13214154752
anon 13225529344
anon_thp 13214154752
anon 13225529344
anon_thp 13214154752
anon 13225529344
anon_thp 13214154752
anon 13225529344
anon_thp 13214154752
anon 13225529344
anon_thp 13214154752
anon 13225529344
anon_thp 13214154752
anon 13225529344
anon_thp 13214154752
anon 13225529344
anon_thp 13214154752
anon 13225529344
anon_thp 13214154752
anon 13223432192
anon_thp 13212057600
anon 13225529344
anon_thp 13218349056
anon 13226971136
anon_thp 13222543360
anon 13226971136
anon_thp 13222543360
anon 13226971136
anon_thp 13222543360
anon 13224873984
anon_thp 13220446208
anon 13226971136
anon_thp 13222543360
anon 13226971136
anon_thp 13222543360
anon 13226971136
anon_thp 13222543360
anon 13226971136
anon_thp 13222543360
anon 13224873984
anon_thp 13220446208
anon 13226971136
anon_thp 13222543360
anon 13226971136
anon_thp 13222543360
anon 13226971136
anon_thp 13222543360
anon 13226971136
anon_thp 13222543360
anon 13226971136
anon_thp 13222543360
anon 13226971136
anon_thp 13222543360
anon 13226971136
anon_thp 13222543360
anon 13226971136
anon_thp 13222543360
anon 13226971136
anon_thp 13222543360
anon 13226971136
anon_thp 13222543360
anon 13226971136
anon_thp 13222543360
anon 13226971136
anon_thp 13222543360
anon 13226971136
anon_thp 13222543360
anon 13226971136
anon_thp 13222543360
anon 13226971136
anon_thp 13222543360
anon 13226971136
anon_thp 13222543360
anon 13226971136
anon_thp 13222543360
anon 13226971136
anon_thp 13222543360
anon 13226971136
anon_thp 13222543360
anon 13226971136
anon_thp 13222543360
anon 13226971136
anon_thp 13220446208
anon 13226971136
anon_thp 13220446208
anon 13226971136
anon_thp 13220446208
anon 13226971136
anon_thp 13220446208
anon 13226971136
anon_thp 13220446208
anon 13226971136
anon_thp 13220446208
anon 13226971136
anon_thp 13220446208
anon 13226971136
anon_thp 13220446208
anon 13226971136
anon_thp 13220446208
anon 13226971136
anon_thp 13220446208
anon 13226971136
anon_thp 13220446208
anon 13226971136
anon_thp 13220446208
anon 13226971136
anon_thp 13220446208
anon 13226971136
anon_thp 13220446208
anon 13226971136
anon_thp 13220446208
anon 13226971136
anon_thp 13220446208
anon 13226971136
anon_thp 13220446208
anon 13226971136
anon_thp 13220446208
anon 13226971136
anon_thp 13220446208
anon 13226971136
anon_thp 13220446208
anon 13226971136
anon_thp 13220446208
anon 13226971136
anon_thp 13220446208
anon 13226971136
anon_thp 13220446208
anon 13226971136
anon_thp 13220446208
anon 13226971136
anon_thp 13220446208
anon 13226971136
anon_thp 13220446208
anon 13226971136
anon_thp 13220446208
anon 13226971136
anon_thp 13220446208
anon 13226971136
anon_thp 13220446208
anon 13226971136
anon_thp 13220446208
anon 13226971136
anon_thp 13220446208
anon 13226971136
anon_thp 13220446208
anon 13226971136
anon_thp 13220446208
anon 13226971136
anon_thp 13220446208
anon 13226971136
anon_thp 13220446208
anon 13225529344
anon_thp 13138657280
anon 13225529344
anon_thp 12981370880
anon 13225529344
anon_thp 12784238592
anon 13225529344
anon_thp 12578717696
anon 13225529344
anon_thp 12371099648
anon 13225529344
anon_thp 12394168320
anon 13225529344
anon_thp 12501123072
anon 13225529344
anon_thp 13142851584
anon 13225529344
anon_thp 13142851584
anon 13225529344
anon_thp 13142851584
anon 13225529344
anon_thp 13142851584
anon 13225529344
anon_thp 13142851584
anon 13225529344
anon_thp 13142851584
anon 13225529344
anon_thp 13142851584
anon 13225529344
anon_thp 13142851584
anon 13225529344
anon_thp 13142851584
anon 13225529344
anon_thp 13142851584
anon 13225529344
anon_thp 13142851584
anon 13225529344
anon_thp 13142851584
anon 13225529344
anon_thp 13142851584
anon 13225529344
anon_thp 13142851584
anon 13225529344
anon_thp 13147045888
anon 13225529344
anon_thp 13151240192
anon 13225529344
anon_thp 13151240192
anon 13225529344
anon_thp 13151240192
anon 13225529344
anon_thp 13151240192
anon 13225529344
anon_thp 13151240192
anon 13225529344
anon_thp 13151240192
anon 13225529344
anon_thp 13216251904
anon 13225529344
anon_thp 13216251904
anon 13225529344
anon_thp 13216251904
anon 13225529344
anon_thp 13216251904
anon 13225529344
anon_thp 13216251904
anon 13225529344
anon_thp 13216251904
anon 13225529344
anon_thp 13216251904
anon 13225529344
anon_thp 13216251904
anon 13225529344
anon_thp 13216251904
anon 13225529344
anon_thp 13216251904
anon 13225529344
anon_thp 13216251904
anon 13225529344
anon_thp 13216251904
anon 13225529344
anon_thp 13216251904
anon 13225529344
anon_thp 13216251904
anon 13225529344
anon_thp 13216251904
anon 13225529344
anon_thp 13216251904
anon 13225529344
anon_thp 13216251904
anon 13225529344
anon_thp 13216251904
anon 13225529344
anon_thp 13216251904
anon 13225529344
anon_thp 13216251904
anon 13225529344
anon_thp 13216251904
anon 13225529344
anon_thp 13216251904
anon 13225529344
anon_thp 13216251904
anon 13225529344
anon_thp 13216251904
anon 13225529344
anon_thp 13216251904
anon 13225529344
anon_thp 13216251904
anon 13225529344
anon_thp 13216251904
anon 13225529344
anon_thp 13216251904
anon 13225529344
anon_thp 13216251904
anon 13225529344
anon_thp 13216251904
anon 13225529344
anon_thp 13216251904
anon 13225529344
anon_thp 13216251904
anon 13225529344
anon_thp 13216251904
anon 13225529344
anon_thp 13216251904
anon 13225529344
anon_thp 13216251904
anon 13225529344
anon_thp 13216251904
anon 13225529344
anon_thp 13216251904
anon 13225529344
anon_thp 13216251904
anon 13225529344
anon_thp 13216251904
anon 13225529344
anon_thp 13216251904
anon 13225529344
anon_thp 13216251904
anon 13225529344
anon_thp 13216251904
anon 13225529344
anon_thp 13216251904
anon 13225529344
anon_thp 13216251904
anon 13225529344
anon_thp 13216251904
anon 13225529344
anon_thp 13216251904
anon 13225529344
anon_thp 13216251904
anon 13225529344
anon_thp 13216251904
anon 13225529344
anon_thp 13216251904
anon 13225529344
anon_thp 13216251904
anon 13225529344
anon_thp 13216251904
anon 13225529344
anon_thp 13216251904
anon 13225529344
anon_thp 13216251904
anon 13225529344
anon_thp 13216251904
anon 13225529344
anon_thp 13216251904
anon 13225529344
anon_thp 13216251904
anon 13225529344
anon_thp 13216251904
anon 13225529344
anon_thp 13216251904
anon 13225529344
anon_thp 13216251904
anon 13225529344
anon_thp 13216251904
anon 13226971136
anon_thp 13220446208
anon 13226971136
anon_thp 13220446208
anon 13226971136
anon_thp 13220446208
anon 13226971136
anon_thp 13220446208
anon 13226971136
anon_thp 13220446208
anon 13226971136
anon_thp 13220446208
anon 13226971136
anon_thp 13220446208
anon 13226971136
anon_thp 13220446208
anon 13226971136
anon_thp 13220446208
anon 13226971136
anon_thp 13220446208
anon 13226971136
anon_thp 13220446208
anon 13226971136
anon_thp 13220446208
anon 13226971136
anon_thp 13220446208
anon 13226971136
anon_thp 13220446208
anon 13226971136
anon_thp 13220446208
anon 13226971136
anon_thp 13220446208
anon 13226971136
anon_thp 13220446208
anon 13226971136
anon_thp 13220446208
anon 13226971136
anon_thp 13220446208
anon 13226971136
anon_thp 13220446208
anon 13226971136
anon_thp 13220446208
anon 13226971136
anon_thp 13220446208
anon 13226971136
anon_thp 13220446208
anon 13226971136
anon_thp 13220446208
anon 13226971136
anon_thp 13220446208
anon 13226971136
anon_thp 13220446208
anon 13226971136
anon_thp 13220446208
anon 13226971136
anon_thp 13220446208
anon 13226971136
anon_thp 13220446208
anon 13226971136
anon_thp 13220446208
anon 13226971136
anon_thp 13220446208
anon 13226971136
anon_thp 13220446208
anon 13226971136
anon_thp 13220446208
anon 13226971136
anon_thp 13220446208
anon 13226971136
anon_thp 13220446208
anon 13226971136
anon_thp 13220446208
anon 13226971136
anon_thp 13220446208
anon 13226971136
anon_thp 13220446208
anon 13226971136
anon_thp 13220446208
anon 13226971136
anon_thp 13220446208
anon 13226971136
anon_thp 13220446208
anon 13226971136
anon_thp 13220446208
anon 13226971136
anon_thp 13220446208
anon 13226971136
anon_thp 13220446208
anon 13226971136
anon_thp 13220446208
anon 13226971136
anon_thp 13220446208
anon 13226971136
anon_thp 13220446208
anon 13226971136
anon_thp 13220446208
anon 13226971136
anon_thp 13220446208
anon 13226971136
anon_thp 13220446208
anon 13226971136
anon_thp 13220446208
anon 13226971136
anon_thp 13220446208
anon 13226971136
anon_thp 13220446208
anon 13226971136
anon_thp 13220446208
anon 13226971136
anon_thp 13220446208
anon 13226971136
anon_thp 13220446208
anon 13226971136
anon_thp 13220446208
anon 13226971136
anon_thp 13220446208
anon 13226971136
anon_thp 13220446208
anon 13226971136
anon_thp 13220446208
anon 13226971136
anon_thp 13220446208
anon 13226971136
anon_thp 13220446208
anon 13226971136
anon_thp 13220446208
anon 13226971136
anon_thp 13220446208
anon 13226971136
anon_thp 13220446208
anon 13226971136
anon_thp 13220446208
anon 13226971136
anon_thp 13220446208
anon 13226971136
anon_thp 13220446208
anon 13226971136
anon_thp 13220446208
anon 13226971136
anon_thp 13220446208
anon 13226971136
anon_thp 13220446208
anon 13226971136
anon_thp 13220446208
anon 13226971136
anon_thp 13220446208
anon 13226971136
anon_thp 13220446208
anon 13226971136
anon_thp 13220446208
anon 13226971136
anon_thp 13220446208
anon 13226971136
anon_thp 13220446208
anon 13226971136
anon_thp 13220446208
anon 13226971136
anon_thp 13220446208
anon 13226971136
anon_thp 13220446208
anon 13226971136
anon_thp 13220446208
anon 13226971136
anon_thp 13220446208
anon 13226971136
anon_thp 13220446208
anon 13226971136
anon_thp 13220446208
anon 13226971136
anon_thp 13220446208
anon 13226971136
anon_thp 13220446208
anon 13226971136
anon_thp 13220446208
anon 13226971136
anon_thp 13220446208
anon 13226971136
anon_thp 13220446208
anon 13226971136
anon_thp 13220446208
anon 13226971136
anon_thp 13220446208
anon 13226971136
anon_thp 13220446208
anon 13226971136
anon_thp 13220446208
anon 13226971136
anon_thp 13220446208
anon 13226971136
anon_thp 13220446208
anon 13226971136
anon_thp 13220446208
anon 13226971136
anon_thp 13220446208
anon 13226971136
anon_thp 13222543360
anon 13226971136
anon_thp 13222543360
anon 13226971136
anon_thp 13222543360
anon 13226971136
anon_thp 13222543360
anon 13226971136
anon_thp 13222543360
anon 13226971136
anon_thp 13222543360
anon 13226971136
anon_thp 13222543360
anon 13226971136
anon_thp 13222543360
anon 13226971136
anon_thp 13222543360
anon 13226971136
anon_thp 13222543360
anon 13226971136
anon_thp 13222543360
anon 13226971136
anon_thp 13222543360
anon 13226971136
anon_thp 13222543360
anon 13226971136
anon_thp 13222543360
anon 13226971136
anon_thp 13222543360
anon 13226971136
anon_thp 13222543360
anon 13226971136
anon_thp 13222543360
anon 13226971136
anon_thp 13222543360
anon 13226971136
anon_thp 13222543360
anon 13226971136
anon_thp 13222543360
anon 13226971136
anon_thp 13222543360
anon 13226971136
anon_thp 13222543360
anon 13226971136
anon_thp 13222543360
anon 13226971136
anon_thp 13222543360
anon 13226971136
anon_thp 13222543360
anon 13226971136
anon_thp 13222543360
anon 13226971136
anon_thp 13222543360
anon 13226971136
anon_thp 13222543360
anon 13226971136
anon_thp 13222543360
anon 13226971136
anon_thp 13222543360
anon 13226971136
anon_thp 13222543360
anon 13226971136
anon_thp 13222543360
anon 13226971136
anon_thp 13222543360
anon 13226971136
anon_thp 13222543360
anon 13226971136
anon_thp 13222543360
anon 13226971136
anon_thp 13222543360
anon 13226971136
anon_thp 13222543360
anon 13226971136
anon_thp 13222543360
anon 13226971136
anon_thp 13222543360
anon 13226971136
anon_thp 13222543360
anon 13226971136
anon_thp 13222543360
anon 13226971136
anon_thp 13222543360
anon 13226971136
anon_thp 13222543360
anon 13226971136
anon_thp 13222543360
anon 13226971136
anon_thp 13222543360
anon 13098893312
anon_thp 13092519936
anon 13226971136
anon_thp 13220446208
anon 13226971136
anon_thp 13220446208
anon 13226971136
anon_thp 13220446208
anon 13226971136
anon_thp 13220446208
anon 13226971136
anon_thp 13220446208
anon 13226971136
anon_thp 13220446208
anon 13226971136
anon_thp 13220446208
anon 13226971136
anon_thp 13220446208
anon 13226971136
anon_thp 13220446208
anon 13226971136
anon_thp 13220446208
anon 13226971136
anon_thp 13220446208
anon 13226971136
anon_thp 13220446208
anon 13226971136
anon_thp 13220446208
anon 13226971136
anon_thp 13220446208
anon 13226971136
anon_thp 13220446208
anon 13226971136
anon_thp 13220446208
anon 13226971136
anon_thp 13220446208
anon 13226971136
anon_thp 13220446208
anon 13226971136
anon_thp 13220446208
anon 13226971136
anon_thp 13220446208
anon 13226971136
anon_thp 13220446208
anon 13226971136
anon_thp 13220446208
anon 13226971136
anon_thp 13220446208
anon 13226971136
anon_thp 13220446208
anon 13226971136
anon_thp 13220446208
anon 13226971136
anon_thp 13220446208
anon 13226971136
anon_thp 13220446208
anon 13226971136
anon_thp 13220446208
anon 13226971136
anon_thp 13220446208
anon 13226971136
anon_thp 13220446208
anon 13226971136
anon_thp 13220446208
anon 13226971136
anon_thp 13220446208
anon 13226971136
anon_thp 13220446208
anon 13226971136
anon_thp 13220446208
anon 13226971136
anon_thp 13220446208
anon 13226971136
anon_thp 13220446208
anon 13226971136
anon_thp 13220446208
anon 13226971136
anon_thp 13220446208
anon 13226971136
anon_thp 13220446208
anon 13226971136
anon_thp 13220446208
anon 13226971136
anon_thp 13220446208
anon 13226971136
anon_thp 13220446208
anon 13226971136
anon_thp 13220446208
anon 13226971136
anon_thp 13220446208
anon 13226971136
anon_thp 13220446208
anon 13226971136
anon_thp 13222543360
anon 13226971136
anon_thp 13222543360
anon 13226971136
anon_thp 13222543360
anon 13226971136
anon_thp 13222543360
anon 13226971136
anon_thp 13222543360
anon 13226971136
anon_thp 13222543360
anon 13226971136
anon_thp 13222543360
anon 13226971136
anon_thp 13222543360
anon 13226971136
anon_thp 13222543360
anon 13226971136
anon_thp 13222543360
anon 13226971136
anon_thp 13222543360
anon 13226971136
anon_thp 13222543360
anon 13226971136
anon_thp 13222543360
anon 13226971136
anon_thp 13222543360
anon 13226971136
anon_thp 13222543360
anon 13226971136
anon_thp 13222543360
anon 13226971136
anon_thp 13222543360
anon 13226971136
anon_thp 13222543360
anon 13226971136
anon_thp 13222543360
anon 13226971136
anon_thp 13222543360
anon 13226971136
anon_thp 13222543360
anon 13226971136
anon_thp 13222543360
anon 13226971136
anon_thp 13222543360
anon 13226971136
anon_thp 13222543360
anon 13226971136
anon_thp 13222543360
anon 13226971136
anon_thp 13222543360
anon 13226971136
anon_thp 13222543360
anon 13226971136
anon_thp 13222543360
anon 13226971136
anon_thp 13222543360
anon 13226971136
anon_thp 13222543360
anon 13226971136
anon_thp 13222543360
anon 13226971136
anon_thp 13222543360
anon 13226971136
anon_thp 13222543360
anon 13226971136
anon_thp 13222543360
anon 13226971136
anon_thp 13222543360
anon 13226971136
anon_thp 13222543360
anon 13226971136
anon_thp 13222543360
anon 13226971136
anon_thp 13222543360
anon 13226971136
anon_thp 13222543360
anon 13226971136
anon_thp 13222543360
anon 13226971136
anon_thp 13222543360
anon 13226971136
anon_thp 13222543360
anon 13226971136
anon_thp 13222543360
anon 13226971136
anon_thp 13222543360
anon 13226971136
anon_thp 13222543360
