hot 0 warm 0 cold 0
hot 2 warm 0 cold 0
hot 2 warm 0 cold 0
hot 2 warm 0 cold 0
hot 2 warm 0 cold 0
hot 2 warm 0 cold 0
hot 2 warm 0 cold 0
hot 2 warm 0 cold 0
hot 2 warm 0 cold 0
hot 2 warm 0 cold 0
hot 2 warm 0 cold 0
hot 2 warm 0 cold 0
hot 2 warm 0 cold 0
hot 2 warm 0 cold 0
hot 2 warm 0 cold 0
hot 2 warm 0 cold 0
hot 2 warm 0 cold 0
hot 2 warm 0 cold 0
hot 2 warm 0 cold 0
hot 2 warm 0 cold 0
hot 2 warm 0 cold 0
hot 2 warm 0 cold 0
hot 2 warm 0 cold 0
hot 13313 warm 0 cold 0
hot 14852 warm 0 cold 63
hot 14852 warm 0 cold 63
hot 14852 warm 0 cold 63
hot 14852 warm 0 cold 63
hot 14852 warm 0 cold 63
hot 14852 warm 0 cold 63
hot 14852 warm 0 cold 63
hot 14852 warm 0 cold 63
hot 14852 warm 0 cold 63
hot 14852 warm 0 cold 63
hot 14852 warm 0 cold 63
hot 14852 warm 0 cold 63
hot 14852 warm 0 cold 63
hot 14852 warm 0 cold 63
hot 14852 warm 0 cold 63
hot 14852 warm 0 cold 63
hot 14852 warm 0 cold 63
hot 14852 warm 0 cold 63
hot 14852 warm 0 cold 63
hot 14852 warm 0 cold 63
hot 14852 warm 0 cold 63
hot 14852 warm 0 cold 63
hot 14852 warm 0 cold 63
hot 1694352 warm 0 cold 0
hot 1788048 warm 0 cold 0
hot 1867920 warm 0 cold 0
hot 1984144 warm 0 cold 0
hot 2100880 warm 0 cold 0
hot 735237 warm 0 cold 1450123
hot 828422 warm 0 cold 1446026
hot 906246 warm 0 cold 1442442
hot 945670 warm 0 cold 1441418
hot 1010694 warm 0 cold 1438858
hot 1072646 warm 0 cold 1437834
hot 1119750 warm 0 cold 1436298
hot 1158150 warm 1435274 cold 0
hot 1195014 warm 0 cold 1435274
hot 1246214 warm 0 cold 1434762
hot 1286150 warm 0 cold 1434762
hot 1320454 warm 1434762 cold 0
hot 1353222 warm 0 cold 1434762
hot 1383943 warm 0 cold 1434761
hot 1408007 warm 0 cold 1434761
hot 1429511 warm 1434761 cold 0
hot 1447943 warm 0 cold 1434761
hot 1462279 warm 0 cold 1434761
hot 1482759 warm 0 cold 1434761
hot 192068 warm 0 cold 0
hot 1505965 warm 1722821 cold 63
hot 1466897 warm 0 cold 1710234
hot 1480209 warm 1703578 cold 0
hot 1494033 warm 1694362 cold 0
hot 1506321 warm 1687194 cold 0
hot 1518097 warm 1682074 cold 0
hot 1527313 warm 0 cold 1678490
hot 1537553 warm 0 cold 1671834
hot 1561105 warm 0 cold 1650842
hot 1567249 warm 0 cold 1646234
hot 1574417 warm 0 cold 1642138
hot 1586193 warm 0 cold 1632410
hot 1594897 warm 0 cold 1624218
hot 1603601 warm 0 cold 1616026
hot 1613329 warm 0 cold 1606810
hot 1622033 warm 0 cold 1600154
hot 1628177 warm 0 cold 1594010
hot 1635345 warm 0 cold 1587866
hot 1638929 warm 0 cold 1584794
hot 1646609 warm 0 cold 1577626
hot 1651217 warm 0 cold 1573530
hot 1655313 warm 0 cold 1569434
hot 1663505 warm 0 cold 1561242
hot 1670673 warm 0 cold 1555098
hot 1675793 warm 0 cold 1549978
hot 1683473 warm 0 cold 1542298
hot 1686033 warm 0 cold 1539738
hot 1691665 warm 0 cold 1534618
hot 1700881 warm 0 cold 1525402
hot 1706513 warm 0 cold 1520794
hot 1713681 warm 0 cold 1513626
hot 1719313 warm 0 cold 1507994
hot 1722897 warm 0 cold 1504410
hot 1672739 warm 0 cold 1499802
hot 1679907 warm 0 cold 1496730
hot 1684515 warm 0 cold 1496218
hot 1693219 warm 0 cold 1494682
hot 1698851 warm 0 cold 1493146
hot 1705507 warm 0 cold 1490074
hot 1712163 warm 0 cold 1487002
hot 1717795 warm 0 cold 1484954
hot 1720867 warm 0 cold 1484442
hot 1722915 warm 0 cold 1483930
hot 1722915 warm 0 cold 1483930
hot 1722915 warm 0 cold 1483930
hot 1722915 warm 0 cold 1483930
hot 1726499 warm 0 cold 1482906
hot 1731107 warm 0 cold 1479834
hot 1734691 warm 0 cold 1478298
hot 1737763 warm 0 cold 1476762
hot 1740835 warm 0 cold 1476250
hot 1744419 warm 0 cold 1475226
hot 1746467 warm 0 cold 1473178
hot 1748003 warm 0 cold 1472154
hot 1749539 warm 0 cold 1471130
hot 1751587 warm 0 cold 1469594
hot 1753635 warm 0 cold 1468570
hot 1755171 warm 0 cold 1468058
hot 1757223 warm 0 cold 1466518
hot 1760295 warm 0 cold 1463958
hot 1760295 warm 0 cold 1463958
hot 1760295 warm 0 cold 1463958
hot 1753595 warm 0 cold 1470461
hot 1754107 warm 0 cold 1469949
hot 1755131 warm 0 cold 1468925
hot 1791747 warm 0 cold 1432309
hot 1791747 warm 0 cold 1432309
hot 1792771 warm 0 cold 1431285
hot 1792771 warm 0 cold 1431285
hot 1792771 warm 0 cold 1431285
hot 1792771 warm 0 cold 1431285
hot 1792771 warm 0 cold 1431285
hot 1792771 warm 0 cold 1431285
hot 1793283 warm 0 cold 1430773
hot 1793795 warm 0 cold 1430261
hot 1793795 warm 0 cold 1430261
hot 1793795 warm 0 cold 1430261
hot 1742131 warm 0 cold 1361653
hot 1748275 warm 0 cold 1355509
hot 1755443 warm 0 cold 1348341
hot 1757491 warm 0 cold 1346293
hot 1763123 warm 0 cold 1340661
hot 1765171 warm 0 cold 1338613
hot 1768755 warm 0 cold 1335029
hot 1772339 warm 0 cold 1331445
hot 1775923 warm 0 cold 1327861
hot 1777971 warm 0 cold 1325813
hot 1780019 warm 0 cold 1323765
hot 1781555 warm 0 cold 1322229
hot 1782579 warm 0 cold 1321205
hot 1784627 warm 0 cold 1319157
hot 1785139 warm 0 cold 1318645
hot 1786163 warm 0 cold 1317621
hot 1787187 warm 0 cold 1316597
hot 1788211 warm 0 cold 1315573
hot 1788211 warm 0 cold 1315573
hot 1788723 warm 0 cold 1315061
hot 1789235 warm 0 cold 1314549
hot 1789747 warm 0 cold 1314037
hot 1790260 warm 0 cold 1313524
hot 1790772 warm 0 cold 1313012
hot 1790772 warm 0 cold 1313012
hot 1790772 warm 0 cold 1313012
hot 1790772 warm 0 cold 1313012
hot 1790772 warm 0 cold 1313012
hot 1790772 warm 0 cold 1313012
hot 1790772 warm 0 cold 1313012
hot 1790772 warm 0 cold 1313012
hot 1790772 warm 0 cold 1313012
hot 1790772 warm 0 cold 1313012
hot 1791284 warm 0 cold 1312500
hot 1791284 warm 0 cold 1312500
hot 1791284 warm 0 cold 1312500
hot 1791284 warm 0 cold 1312500
hot 1791284 warm 0 cold 1312500
hot 1791796 warm 0 cold 1311988
hot 1791796 warm 0 cold 1311988
hot 1791796 warm 0 cold 1311988
hot 1792308 warm 0 cold 1311476
hot 1792308 warm 0 cold 1311476
hot 1792308 warm 0 cold 1311476
hot 1792820 warm 0 cold 1310964
hot 1739620 warm 0 cold 1243892
hot 1746788 warm 0 cold 1236724
hot 1752420 warm 0 cold 1231092
hot 1756004 warm 0 cold 1227508
hot 1760612 warm 0 cold 1222900
hot 1763684 warm 0 cold 1219828
hot 1766244 warm 0 cold 1217268
hot 1771364 warm 0 cold 1212148
hot 1773412 warm 0 cold 1210100
hot 1774948 warm 0 cold 1208564
hot 1776484 warm 0 cold 1207028
hot 1776484 warm 0 cold 1207028
hot 1777508 warm 0 cold 1206004
hot 1780068 warm 0 cold 1203444
hot 1780580 warm 0 cold 1202932
hot 1781092 warm 0 cold 1202420
hot 1783652 warm 0 cold 1199860
hot 1784676 warm 0 cold 1198836
hot 1785188 warm 0 cold 1198324
hot 1785188 warm 0 cold 1198324
hot 1785188 warm 0 cold 1198324
hot 1781725 warm 0 cold 1440756
hot 1781725 warm 0 cold 1440756
hot 1782237 warm 0 cold 1440244
hot 1782749 warm 0 cold 1439732
hot 1782749 warm 0 cold 1439732
hot 1783261 warm 0 cold 1439220
hot 1783774 warm 0 cold 1438707
hot 1783774 warm 0 cold 1438707
hot 1784286 warm 0 cold 1438195
hot 1785310 warm 0 cold 1437171
hot 1785822 warm 0 cold 1436659
hot 1785822 warm 0 cold 1436659
hot 1785822 warm 0 cold 1436659
hot 1785822 warm 0 cold 1436659
hot 1785822 warm 0 cold 1436659
hot 1785822 warm 0 cold 1436659
hot 1786334 warm 0 cold 1436147
hot 1786846 warm 0 cold 1435635
hot 1786846 warm 0 cold 1435635
hot 1787358 warm 0 cold 1435123
hot 1787358 warm 0 cold 1435123
hot 1787358 warm 0 cold 1435123
hot 1787870 warm 0 cold 1434611
hot 1787870 warm 0 cold 1434611
hot 1667598 warm 0 cold 1434611
hot 1733646 warm 0 cold 1368563
hot 1738254 warm 0 cold 1363955
hot 1745422 warm 0 cold 1356787
hot 1750542 warm 0 cold 1351667
hot 1757710 warm 0 cold 1344499
hot 1761294 warm 0 cold 1340915
hot 1766926 warm 0 cold 1335283
hot 1767950 warm 0 cold 1334259
hot 1770510 warm 0 cold 1331699
hot 1774606 warm 0 cold 1327603
hot 1775630 warm 0 cold 1326579
hot 1777169 warm 0 cold 1325040
hot 1779217 warm 0 cold 1322992
hot 1779217 warm 0 cold 1322992
hot 1781265 warm 0 cold 1320944
hot 1781265 warm 0 cold 1320944
hot 1782289 warm 0 cold 1319920
hot 1782801 warm 0 cold 1319408
hot 1783313 warm 0 cold 1318896
hot 1784337 warm 0 cold 1317872
hot 1784337 warm 0 cold 1317872
hot 1785361 warm 0 cold 1316848
hot 1785361 warm 0 cold 1316848
hot 1785361 warm 0 cold 1316848
hot 1785361 warm 0 cold 1316848
hot 1785361 warm 0 cold 1316848
hot 1785361 warm 0 cold 1316848
hot 1785361 warm 0 cold 1316848
hot 1785361 warm 0 cold 1316848
hot 1785361 warm 0 cold 1316848
hot 1785361 warm 0 cold 1316848
hot 1785873 warm 0 cold 1316336
hot 1786385 warm 0 cold 1315824
hot 1786386 warm 0 cold 1315823
hot 1786386 warm 0 cold 1315823
hot 1786386 warm 0 cold 1315823
hot 1786386 warm 0 cold 1315823
hot 1786386 warm 0 cold 1315823
hot 1786386 warm 0 cold 1315823
hot 1786386 warm 0 cold 1315823
hot 1786386 warm 0 cold 1315823
hot 1786386 warm 0 cold 1315823
hot 1786898 warm 0 cold 1315311
hot 1786898 warm 0 cold 1315311
hot 1786898 warm 0 cold 1315311
hot 1734691 warm 0 cold 1247277
hot 1739811 warm 0 cold 1242157
hot 1748515 warm 0 cold 1233453
hot 1754147 warm 0 cold 1227821
hot 1757219 warm 0 cold 1224749
hot 1760291 warm 0 cold 1221677
hot 1762339 warm 0 cold 1219629
hot 1765411 warm 0 cold 1216557
hot 1769507 warm 0 cold 1212461
hot 1772067 warm 0 cold 1209901
hot 1773603 warm 0 cold 1208365
hot 1775139 warm 0 cold 1206829
hot 1775651 warm 0 cold 1206317
hot 1777187 warm 0 cold 1204781
hot 1780101 warm 0 cold 1438192
hot 1781125 warm 0 cold 1437168
hot 1781637 warm 0 cold 1436656
hot 1782661 warm 0 cold 1435632
hot 1782661 warm 0 cold 1435632
hot 1785733 warm 0 cold 1432560
hot 1785733 warm 0 cold 1432560
hot 1785733 warm 0 cold 1432560
hot 1785734 warm 0 cold 1432559
hot 1785734 warm 0 cold 1432559
hot 1785734 warm 0 cold 1432559
hot 1785734 warm 0 cold 1432559
hot 1785734 warm 0 cold 1432559
hot 1788294 warm 0 cold 1429999
hot 1788806 warm 0 cold 1429487
hot 1788806 warm 0 cold 1429487
hot 1788806 warm 0 cold 1429487
hot 1788806 warm 0 cold 1429487
hot 1788806 warm 0 cold 1429487
hot 1788806 warm 0 cold 1429487
hot 1788806 warm 0 cold 1429487
hot 1788806 warm 0 cold 1429487
hot 1788806 warm 0 cold 1429487
hot 1788806 warm 0 cold 1429487
hot 1788808 warm 0 cold 1429485
hot 1789320 warm 0 cold 1428973
hot 1789321 warm 0 cold 1428972
hot 1789321 warm 0 cold 1428972
hot 1789833 warm 0 cold 1428460
hot 1789833 warm 0 cold 1428460
hot 1789833 warm 0 cold 1428460
hot 1734073 warm 0 cold 1363948
hot 1740729 warm 0 cold 1357292
hot 1748921 warm 0 cold 1349100
hot 1751481 warm 0 cold 1346540
hot 1754553 warm 0 cold 1343468
hot 1757113 warm 0 cold 1340908
hot 1758649 warm 0 cold 1339372
hot 1760697 warm 0 cold 1337324
hot 1761209 warm 0 cold 1336812
hot 1762745 warm 0 cold 1335276
hot 1764281 warm 0 cold 1333740
hot 1766841 warm 0 cold 1331180
hot 1769401 warm 0 cold 1328620
hot 1771449 warm 0 cold 1326572
hot 1771961 warm 0 cold 1326060
hot 1772985 warm 0 cold 1325036
hot 1774009 warm 0 cold 1324012
hot 1775033 warm 0 cold 1322988
hot 1775033 warm 0 cold 1322988
hot 1775033 warm 0 cold 1322988
hot 1775033 warm 0 cold 1322988
hot 1778617 warm 0 cold 1319404
hot 1778617 warm 0 cold 1319404
hot 1779129 warm 0 cold 1318892
hot 1780665 warm 0 cold 1317356
hot 1782713 warm 0 cold 1315308
hot 1782713 warm 0 cold 1315308
hot 1782713 warm 0 cold 1315308
hot 1783737 warm 0 cold 1314284
hot 1784249 warm 0 cold 1313772
hot 1784249 warm 0 cold 1313772
hot 1786297 warm 0 cold 1311724
hot 1786809 warm 0 cold 1311212
hot 1787321 warm 0 cold 1310700
hot 1787833 warm 0 cold 1310188
hot 1787833 warm 0 cold 1310188
hot 1787833 warm 0 cold 1310188
hot 1788345 warm 0 cold 1309676
hot 1788858 warm 0 cold 1309163
hot 1788858 warm 0 cold 1309163
hot 1788858 warm 0 cold 1309163
hot 1788858 warm 0 cold 1309163
hot 1788858 warm 0 cold 1309163
hot 1788858 warm 0 cold 1309163
hot 1788858 warm 0 cold 1309163
hot 1735627 warm 0 cold 1242122
hot 1741771 warm 0 cold 1236009
hot 1746379 warm 0 cold 1231401
hot 1752011 warm 0 cold 1225769
hot 1755083 warm 0 cold 1222697
hot 1758156 warm 0 cold 1219624
hot 1760204 warm 0 cold 1217576
hot 1762765 warm 0 cold 1215015
hot 1765325 warm 0 cold 1212455
hot 1766861 warm 0 cold 1210919
hot 1767885 warm 0 cold 1209895
hot 1770957 warm 0 cold 1206823
hot 1772493 warm 0 cold 1205287
hot 1773517 warm 0 cold 1204263
hot 1775565 warm 0 cold 1202215
hot 1777613 warm 0 cold 1200167
hot 1778637 warm 0 cold 1199143
hot 1779661 warm 0 cold 1198119
hot 1779661 warm 0 cold 1198119
hot 1781197 warm 0 cold 1196583
hot 1782178 warm 0 cold 1437673
hot 1783202 warm 0 cold 1436649
hot 1783714 warm 0 cold 1436137
hot 1783716 warm 0 cold 1436135
hot 1784228 warm 0 cold 1435623
hot 1785252 warm 0 cold 1434599
hot 1785764 warm 0 cold 1434087
hot 1785764 warm 0 cold 1434087
hot 1786788 warm 0 cold 1433063
hot 1787300 warm 0 cold 1432551
hot 1787300 warm 0 cold 1432551
hot 1787812 warm 0 cold 1432039
hot 1787812 warm 0 cold 1432039
hot 1787812 warm 0 cold 1432039
hot 1787812 warm 0 cold 1432039
hot 1788324 warm 0 cold 1431527
hot 1788325 warm 0 cold 1431526
hot 1788325 warm 0 cold 1431526
hot 1788837 warm 0 cold 1431014
hot 1788837 warm 0 cold 1431014
hot 1789349 warm 0 cold 1430502
hot 1789861 warm 0 cold 1429990
hot 1789861 warm 0 cold 1429990
hot 1789861 warm 0 cold 1429990
hot 1789861 warm 0 cold 1429990
hot 1714645 warm 0 cold 1384934
hot 1735637 warm 0 cold 1363942
hot 1741269 warm 0 cold 1358310
hot 1748437 warm 0 cold 1351142
hot 1752533 warm 0 cold 1347046
hot 1757141 warm 0 cold 1342438
hot 1760725 warm 0 cold 1338854
hot 1763797 warm 0 cold 1335782
hot 1764821 warm 0 cold 1334758
hot 1766357 warm 0 cold 1333222
hot 1769429 warm 0 cold 1330150
hot 1771477 warm 0 cold 1328102
hot 1773013 warm 0 cold 1326566
hot 1774549 warm 0 cold 1325030
hot 1775573 warm 0 cold 1324006
hot 1777621 warm 0 cold 1321958
hot 1778645 warm 0 cold 1320934
hot 1778645 warm 0 cold 1320934
hot 1780181 warm 0 cold 1319398
hot 1780181 warm 0 cold 1319398
hot 1782229 warm 0 cold 1317350
hot 1782742 warm 0 cold 1316837
hot 1784790 warm 0 cold 1314789
hot 1784790 warm 0 cold 1314789
hot 1784790 warm 0 cold 1314789
hot 1784790 warm 0 cold 1314789
hot 1785302 warm 0 cold 1314277
hot 1785302 warm 0 cold 1314277
hot 1785302 warm 0 cold 1314277
hot 1785814 warm 0 cold 1313765
hot 1786326 warm 0 cold 1313253
hot 1786838 warm 0 cold 1312741
hot 1786838 warm 0 cold 1312741
hot 1786838 warm 0 cold 1312741
hot 1786838 warm 0 cold 1312741
hot 1786838 warm 0 cold 1312741
hot 1786838 warm 0 cold 1312741
hot 1787350 warm 0 cold 1312229
hot 1787862 warm 0 cold 1311717
hot 1787862 warm 0 cold 1311717
hot 1788374 warm 0 cold 1311205
hot 1788374 warm 0 cold 1311205
hot 1788374 warm 0 cold 1311205
hot 1788374 warm 0 cold 1311205
hot 1788374 warm 0 cold 1311205
hot 1549287 warm 0 cold 0
