pgmigrate_success 16670703
pgmigrate_fail 235771
thp_migration_success 25937
thp_migration_fail 1
thp_migration_split 0
thp_fault_alloc 168663
thp_fault_fallback 0
thp_fault_fallback_charge 0
thp_collapse_alloc 19906
thp_collapse_alloc_failed 93535
thp_file_alloc 193
thp_file_fallback 0
thp_file_fallback_charge 0
thp_file_mapped 0
thp_split_page 6101
thp_split_page_failed 771
thp_deferred_split_page 20346
thp_split_pmd 53602
thp_split_pud 0
thp_zero_page_alloc 0
thp_zero_page_alloc_failed 0
thp_swpout 0
thp_swpout_fallback 0
htmm_nr_promoted 13435606
htmm_nr_demoted 1899392
htmm_nr_sampled 0
htmm_missed_dramread 5838
htmm_missed_nvmread 0
htmm_missed_write 0
htmm_alloc_dram 128628606
htmm_alloc_nvm 0
