pgmigrate_success 4601421
pgmigrate_fail 54747
thp_migration_success 7890
thp_migration_fail 1
thp_migration_split 0
thp_fault_alloc 47930
thp_fault_fallback 0
thp_fault_fallback_charge 0
thp_collapse_alloc 3280
thp_collapse_alloc_failed 12820
thp_file_alloc 46
thp_file_fallback 0
thp_file_fallback_charge 0
thp_file_mapped 0
thp_split_page 830
thp_split_page_failed 139
thp_deferred_split_page 3061
thp_split_pmd 8188
thp_split_pud 0
thp_zero_page_alloc 0
thp_zero_page_alloc_failed 0
thp_swpout 0
thp_swpout_fallback 0
htmm_nr_promoted 3298771
htmm_nr_demoted 684988
htmm_nr_sampled 0
htmm_missed_dramread 951
htmm_missed_nvmread 0
htmm_missed_write 0
htmm_alloc_dram 26877960
htmm_alloc_nvm 0
