hot 0 warm 0 cold 0
hot 1 warm 0 cold 0
hot 1 warm 0 cold 0
hot 1 warm 0 cold 0
hot 1 warm 0 cold 0
hot 1 warm 0 cold 0
hot 1 warm 0 cold 0
hot 1 warm 0 cold 0
hot 1 warm 0 cold 0
hot 1 warm 0 cold 0
hot 1 warm 0 cold 0
hot 1 warm 0 cold 0
hot 1 warm 0 cold 0
hot 1 warm 0 cold 0
hot 1 warm 0 cold 0
hot 1 warm 0 cold 0
hot 1 warm 0 cold 0
hot 1 warm 0 cold 0
hot 1 warm 0 cold 0
hot 1 warm 0 cold 0
hot 1 warm 0 cold 0
hot 1 warm 0 cold 0
hot 1 warm 0 cold 0
hot 513 warm 0 cold 0
hot 14851 warm 0 cold 64
hot 14851 warm 0 cold 64
hot 14851 warm 0 cold 64
hot 14851 warm 0 cold 64
hot 14851 warm 0 cold 64
hot 14851 warm 0 cold 64
hot 14851 warm 0 cold 64
hot 14851 warm 0 cold 64
hot 14851 warm 0 cold 64
hot 14851 warm 0 cold 64
hot 14851 warm 0 cold 64
hot 14851 warm 0 cold 64
hot 14851 warm 0 cold 64
hot 14851 warm 0 cold 64
hot 14851 warm 0 cold 64
hot 14851 warm 0 cold 64
hot 14851 warm 0 cold 64
hot 14851 warm 0 cold 64
hot 14851 warm 0 cold 64
hot 14851 warm 0 cold 64
hot 14851 warm 0 cold 64
hot 14851 warm 0 cold 64
hot 7218 warm 0 cold 0
hot 1714960 warm 0 cold 0
hot 1825040 warm 0 cold 0
hot 1916176 warm 0 cold 0
hot 1979664 warm 0 cold 0
hot 400139 warm 0 cold 1641989
hot 466233 warm 0 cold 1633751
hot 339805 warm 0 cold 1857459
hot 423862 warm 0 cold 1895258
hot 219628 warm 284672 cold 1921828
hot 249351 warm 299520 cold 1927945
hot 262679 warm 298496 cold 1924345
hot 295481 warm 324608 cold 1920727
hot 346720 warm 355328 cold 1908912
hot 380006 warm 0 cold 2286250
hot 381542 warm 0 cold 2284714
hot 383591 warm 0 cold 2282665
hot 385639 warm 0 cold 2280617
hot 390761 warm 0 cold 2286759
hot 402029 warm 0 cold 2280611
hot 403053 warm 0 cold 2280099
hot 403053 warm 0 cold 2280099
hot 406125 warm 0 cold 2278051
hot 108454 warm 0 cold 3043744
hot 142973 warm 334848 cold 2749851
hot 156426 warm 352768 cold 2787648
hot 171737 warm 400384 cold 2724694
hot 203027 warm 422400 cold 2671381
hot 214339 warm 431616 cold 2650851
hot 241516 warm 443392 cold 2611896
hot 262570 warm 465408 cold 2568826
hot 282551 warm 464384 cold 2466087
hot 297399 warm 467456 cold 2453799
hot 303545 warm 481792 cold 2435877
hot 321977 warm 480256 cold 2423077
hot 331193 warm 490496 cold 2406693
hot 343993 warm 492544 cold 2395429
hot 359865 warm 0 cold 2874149
hot 374201 warm 0 cold 2864421
hot 396220 warm 0 cold 2847010
hot 409532 warm 0 cold 2836770
hot 423870 warm 0 cold 2824992
hot 437182 warm 0 cold 2812704
hot 444862 warm 0 cold 2805536
hot 456638 warm 0 cold 2795296
hot 179912 warm 0 cold 3073558
hot 181448 warm 0 cold 3072534
hot 183496 warm 0 cold 3072534
hot 185544 warm 0 cold 3071510
hot 189641 warm 0 cold 3067925
hot 193225 warm 324854 cold 2739999
hot 195274 warm 332534 cold 2730782
hot 196298 warm 338166 cold 2724638
hot 198346 warm 341750 cold 2719518
hot 198346 warm 350966 cold 2710302
hot 200906 warm 358134 cold 2701598
hot 201418 warm 364790 cold 2694430
hot 202957 warm 380150 cold 2677531
hot 204493 warm 388342 cold 2667803
hot 205005 warm 397046 cold 2658587
hot 206541 warm 405238 cold 2648859
hot 208589 warm 414454 cold 2638107
hot 210125 warm 424182 cold 2627355
hot 212173 warm 432374 cold 2618139
hot 213711 warm 438006 cold 2610969
hot 215759 warm 448246 cold 2599193
hot 216783 warm 457974 cold 2588441
hot 220879 warm 463094 cold 2579225
hot 224463 warm 470774 cold 2568473
hot 226511 warm 474870 cold 2563353
hot 230607 warm 481014 cold 2553113
hot 232655 warm 488182 cold 2543897
hot 235215 warm 492790 cold 2536729
hot 237775 warm 500982 cold 2525977
hot 239311 warm 508662 cold 2517273
hot 242895 warm 513782 cold 2508569
hot 245967 warm 522486 cold 2496793
hot 248015 warm 531702 cold 2485529
hot 252623 warm 536310 cold 2476313
hot 254671 warm 542966 cold 2467609
hot 259279 warm 546550 cold 2459929
hot 264911 warm 551670 cold 2449177
hot 210687 warm 554230 cold 2442521
hot 218367 warm 562422 cold 2431257
hot 223487 warm 572662 cold 2419481
hot 236799 warm 573174 cold 2413337
hot 244479 warm 577782 cold 2405145
hot 248575 warm 581878 cold 2400537
hot 259839 warm 586998 cold 2388249
hot 263935 warm 592630 cold 2380569
hot 271615 warm 594678 cold 2372377
hot 279295 warm 599798 cold 2362137
hot 97414 warm 98304 cold 2842863
hot 104077 warm 164864 cold 2895599
hot 106125 warm 173056 cold 2885359
hot 107661 warm 181248 cold 2875631
hot 110221 warm 191488 cold 2862831
hot 313997 warm 649728 cold 2200815
hot 326797 warm 0 cold 2837743
hot 339085 warm 0 cold 2825455
hot 353933 warm 0 cold 2810607
hot 366733 warm 0 cold 2797807
hot 381581 warm 0 cold 2782959
hot 397965 warm 0 cold 2766575
hot 418957 warm 0 cold 2745583
hot 128653 warm 0 cold 3035887
hot 129165 warm 0 cold 3035375
hot 132749 warm 0 cold 3031791
hot 135821 warm 0 cold 3028719
hot 137869 warm 372224 cold 2654447
hot 138893 warm 387584 cold 2638063
hot 140429 warm 401920 cold 2622191
hot 142989 warm 418304 cold 2603247
hot 147085 warm 434176 cold 2583279
hot 148109 warm 450048 cold 2566383
hot 151181 warm 463360 cold 2549999
hot 154253 warm 479744 cold 2530543
hot 157325 warm 495104 cold 2512111
hot 160397 warm 511488 cold 2492655
hot 163469 warm 528384 cold 2472687
hot 167053 warm 541696 cold 2455791
hot 171149 warm 555008 cold 2438383
hot 174733 warm 570368 cold 2419439
hot 178829 warm 579072 cold 2406639
hot 184973 warm 591360 cold 2388207
hot 193165 warm 589312 cold 2382063
hot 197773 warm 598528 cold 2368239
hot 151051 warm 600576 cold 2293273
hot 157195 warm 607744 cold 2279961
hot 164363 warm 615424 cold 2265113
hot 174091 warm 625152 cold 2245657
hot 183307 warm 631296 cold 2230297
hot 188939 warm 639488 cold 2216473
hot 200203 warm 636928 cold 2207769
hot 207883 warm 645120 cold 2191897
hot 219147 warm 647168 cold 2178585
hot 219659 warm 659456 cold 2165785
hot 228875 warm 656384 cold 2159641
hot 236555 warm 657408 cold 2150937
hot 244235 warm 658944 cold 2141721
hot 249867 warm 662528 cold 2132505
hot 256011 warm 667136 cold 2121753
hot 267275 warm 666112 cold 2111513
hot 274443 warm 669696 cold 2100761
hot 281611 warm 671744 cold 2091545
hot 289803 warm 673280 cold 2081817
hot 295947 warm 673792 cold 2075161
hot 301067 warm 683520 cold 2060313
hot 305675 warm 693248 cold 2045977
hot 312843 warm 695808 cold 2036249
hot 317963 warm 701952 cold 2024985
hot 321035 warm 703488 cold 2020377
hot 329739 warm 0 cold 2715161
hot 333835 warm 0 cold 2711065
hot 339467 warm 0 cold 2705433
hot 347147 warm 0 cold 2697753
hot 354315 warm 0 cold 2690585
hot 364043 warm 0 cold 2680857
hot 370699 warm 0 cold 2674201
hot 378379 warm 0 cold 2666521
hot 384523 warm 0 cold 2660377
hot 389643 warm 0 cold 2655257
hot 403979 warm 0 cold 2640921
hot 412684 warm 0 cold 2632216
hot 420364 warm 0 cold 2624536
hot 426508 warm 0 cold 2618392
hot 124428 warm 0 cold 2920472
hot 124940 warm 0 cold 2919960
hot 126476 warm 0 cold 2918424
hot 127500 warm 0 cold 2917400
hot 127502 warm 340992 cold 2576406
hot 127502 warm 349184 cold 2568214
hot 127502 warm 357376 cold 2560022
hot 127502 warm 364544 cold 2552854
hot 127502 warm 373248 cold 2544150
hot 75838 warm 381440 cold 2467350
hot 80958 warm 387584 cold 2456086
hot 88126 warm 398336 cold 2438166
hot 82581 warm 12292 cold 583168
hot 85141 warm 15876 cold 3073921
hot 88725 warm 17924 cold 3068289
hot 90773 warm 20484 cold 3063681
hot 93845 warm 23556 cold 3057537
hot 96917 warm 24580 cold 3053441
hot 128155 warm 546816 cold 2499967
hot 135835 warm 558592 cold 2480511
hot 140443 warm 581120 cold 2453375
hot 145563 warm 598016 cold 2431359
hot 154267 warm 610816 cold 2409855
hot 162971 warm 624128 cold 2387839
hot 178844 warm 626176 cold 2369918
hot 184988 warm 643072 cold 2346878
hot 195228 warm 650240 cold 2329470
hot 200860 warm 658944 cold 2315134
hot 207004 warm 673792 cold 2294142
hot 216220 warm 681984 cold 2276734
hot 224924 warm 692736 cold 2257278
hot 232092 warm 700928 cold 2241918
hot 243868 warm 704512 cold 2226558
hot 254622 warm 709120 cold 2211196
hot 266398 warm 713728 cold 2194812
hot 277150 warm 716800 cold 2180988
hot 288926 warm 717824 cold 2168188
hot 298142 warm 721920 cold 2154876
hot 303264 warm 730112 cold 2141562
hot 321696 warm 0 cold 2853242
hot 330400 warm 0 cold 2844538
hot 345248 warm 0 cold 2829690
hot 356000 warm 0 cold 2818938
hot 367776 warm 0 cold 2807162
hot 380576 warm 0 cold 2794362
hot 392864 warm 0 cold 2782074
hot 350226 warm 0 cold 2705786
hot 361490 warm 0 cold 2694522
hot 367634 warm 0 cold 2688378
hot 377874 warm 0 cold 2678138
hot 383506 warm 0 cold 2672506
hot 391188 warm 0 cold 2664824
hot 405012 warm 0 cold 2651000
hot 413716 warm 0 cold 2642296
hot 423956 warm 0 cold 2632056
hot 105488 warm 330756 cold 2619768
hot 109072 warm 0 cold 2946940
hot 110608 warm 0 cold 2945404
hot 111632 warm 0 cold 2944380
hot 112656 warm 0 cold 2943356
hot 113680 warm 367620 cold 2574712
hot 116240 warm 373764 cold 2566008
hot 117776 warm 381956 cold 2556280
hot 119312 warm 390148 cold 2546552
hot 120848 warm 395268 cold 2539896
hot 122384 warm 401412 cold 2532216
hot 122896 warm 407556 cold 2525560
hot 123920 warm 413700 cold 2518392
hot 124944 warm 420356 cold 2510712
hot 127504 warm 424964 cold 2503544
hot 128528 warm 430084 cold 2497400
hot 129040 warm 434180 cold 2492792
hot 130576 warm 439812 cold 2485624
hot 132624 warm 444420 cold 2478968
hot 132624 warm 452100 cold 2471288
hot 133648 warm 458756 cold 2463608
hot 134160 warm 463876 cold 2457976
hot 134672 warm 468996 cold 2452344
hot 135696 warm 473092 cold 2447224
hot 136208 warm 479236 cold 2440568
hot 136208 warm 485892 cold 2433912
hot 137232 warm 491012 cold 2427768
hot 138256 warm 495108 cold 2422648
hot 138768 warm 503300 cold 2413944
hot 138769 warm 509444 cold 2407799
hot 138769 warm 513540 cold 2403703
hot 138769 warm 519684 cold 2397559
hot 142865 warm 520196 cold 2392951
hot 144401 warm 524292 cold 2387319
hot 147473 warm 527876 cold 2380663
hot 149010 warm 536068 cold 2370934
hot 150546 warm 539140 cold 2366326
hot 153106 warm 542212 cold 2360694
hot 155154 warm 544772 cold 2356086
hot 155666 warm 548868 cold 2351478
hot 155666 warm 556548 cold 2343798
hot 156690 warm 560644 cold 2338678
hot 1033 warm 34308 cold 107524
hot 69649 warm 48644 cold 3021690
hot 73233 warm 49668 cold 3017082
hot 79378 warm 53252 cold 3007353
hot 84498 warm 56836 cold 2998649
hot 146966 warm 628740 cold 2364277
hot 154646 warm 633860 cold 2351477
hot 158230 warm 643588 cold 2338165
hot 162838 warm 649220 cold 2327925
hot 169494 warm 654340 cold 2316149
hot 171542 warm 664068 cold 2304373
hot 181270 warm 662532 cold 2296181
hot 187414 warm 670212 cold 2282357
hot 195094 warm 677380 cold 2267509
hot 203286 warm 677380 cold 2259317
hot 205334 warm 686084 cold 2248565
hot 210454 warm 689668 cold 2239861
hot 214550 warm 695300 cold 2230133
hot 218134 warm 704004 cold 2217845
hot 223254 warm 709124 cold 2207605
hot 227350 warm 718852 cold 2193781
hot 232982 warm 720388 cold 2186613
hot 239126 warm 721412 cold 2179445
hot 243734 warm 724484 cold 2171765
hot 250390 warm 728580 cold 2161013
hot 258070 warm 732164 cold 2149749
hot 259606 warm 737796 cold 2142581
hot 266262 warm 740356 cold 2133365
hot 272406 warm 742916 cold 2124661
hot 278552 warm 745476 cold 2115955
hot 285208 warm 747524 cold 2107251
hot 288280 warm 753668 cold 2098035
hot 296472 warm 751108 cold 2092403
hot 303128 warm 751108 cold 2085747
hot 309784 warm 754180 cold 2076019
hot 319000 warm 751620 cold 2069363
hot 322584 warm 757764 cold 2059635
hot 329752 warm 757764 cold 2052467
hot 337944 warm 0 cold 2802039
hot 342554 warm 0 cold 2797429
hot 352794 warm 0 cold 2787189
hot 356378 warm 0 cold 2783605
hot 361500 warm 0 cold 2778483
hot 366620 warm 0 cold 2773363
hot 371228 warm 0 cold 2768755
hot 377884 warm 0 cold 2762099
hot 381980 warm 0 cold 2758003
hot 387613 warm 0 cold 2752370
hot 396317 warm 0 cold 2743666
hot 401949 warm 0 cold 2738034
hot 410653 warm 0 cold 2729330
hot 17935 warm 283140 cold 2720113
hot 86031 warm 294916 cold 2640241
hot 90639 warm 307204 cold 2623345
hot 96271 warm 323076 cold 2601841
hot 99343 warm 331268 cold 2590577
hot 104975 warm 345092 cold 2571121
hot 110095 warm 351236 cold 2559857
hot 113679 warm 365060 cold 2542449
hot 116239 warm 376836 cold 2528113
hot 118799 warm 386052 cold 2516337
hot 120847 warm 392196 cold 2508145
hot 123919 warm 403972 cold 2493297
hot 125967 warm 410116 cold 2485105
hot 127503 warm 421892 cold 2471793
hot 131087 warm 429572 cold 2460529
hot 132111 warm 440836 cold 2448241
hot 133647 warm 452612 cold 2434929
hot 135695 warm 462852 cold 2422641
hot 136719 warm 472580 cold 2411889
hot 140303 warm 482820 cold 2398065
hot 141839 warm 493572 cold 2385777
hot 142351 warm 509444 cold 2369393
hot 142863 warm 521732 cold 2356593
hot 144399 warm 531972 cold 2344817
hot 145936 warm 543748 cold 2331504
hot 150544 warm 551428 cold 2319216
hot 153104 warm 561156 cold 2306928
hot 156176 warm 572420 cold 2292592
hot 159760 warm 582148 cold 2279280
hot 162832 warm 593412 cold 2264944
hot 164880 warm 606212 cold 2250096
hot 165904 warm 618500 cold 2236784
hot 167440 warm 626180 cold 2227568
hot 167952 warm 640004 cold 2213232
hot 168464 warm 649220 cold 2203504
hot 173584 warm 657412 cold 2190192
hot 177168 warm 662532 cold 2181488
hot 181776 warm 667652 cold 2171760
hot 119917 warm 73217 cold 3017972
hot 119917 warm 81409 cold 3009780
hot 67592 warm 86529 cold 2936862
hot 175625 warm 699396 cold 2215962
hot 187401 warm 706052 cold 2197530
hot 200713 warm 713220 cold 2177050
hot 210953 warm 722436 cold 2157594
hot 223753 warm 728580 cold 2138650
hot 236041 warm 726020 cold 2128922
hot 248841 warm 727556 cold 2114586
hot 263689 warm 728068 cold 2099226
hot 274953 warm 728068 cold 2087962
hot 286729 warm 730116 cold 2074138
hot 294409 warm 736772 cold 2059802
hot 306186 warm 735748 cold 2049049
hot 319498 warm 736772 cold 2034713
hot 328202 warm 733188 cold 2029593
hot 335882 warm 736772 cold 2018329
hot 348684 warm 0 cold 2742299
hot 356364 warm 0 cold 2734619
hot 367117 warm 0 cold 2723866
hot 377357 warm 0 cold 2713626
hot 393229 warm 0 cold 2697754
hot 408589 warm 0 cold 2682394
hot 433165 warm 0 cold 2657818
hot 119820 warm 327169 cold 2643994
hot 119820 warm 337921 cold 2633242
hot 124428 warm 345601 cold 2620954
hot 125964 warm 358913 cold 2606106
hot 125964 warm 374785 cold 2590234
hot 126988 warm 392193 cold 2571802
hot 127500 warm 408065 cold 2555418
hot 127500 warm 429569 cold 2533914
hot 128524 warm 439809 cold 2522650
hot 129036 warm 439297 cold 2522650
hot 130060 warm 438273 cold 2522650
hot 130572 warm 437761 cold 2522650
hot 16393 warm 439297 cold 2516506
hot 80393 warm 448001 cold 2443802
hot 86538 warm 456705 cold 2428953
hot 93194 warm 462849 cold 2416153
hot 94730 warm 470017 cold 2407449
hot 100874 warm 477697 cold 2393625
hot 107018 warm 486913 cold 2378265
hot 111626 warm 496641 cold 2363929
hot 113162 warm 505345 cold 2353689
hot 117258 warm 515073 cold 2339865
hot 120842 warm 526849 cold 2324505
hot 122890 warm 535553 cold 2313753
hot 126474 warm 547841 cold 2297881
hot 130570 warm 555521 cold 2286105
hot 134666 warm 571393 cold 2266137
hot 137226 warm 579073 cold 2255897
hot 138762 warm 580097 cold 2253337
hot 140810 warm 596481 cold 2234905
hot 142346 warm 612353 cold 2217497
hot 143370 warm 623105 cold 2205721
hot 144906 warm 634881 cold 2192409
hot 39433 warm 2048 cold 1536
hot 108284 warm 43011 cold 3048691
hot 108284 warm 45571 cold 3046131
hot 157951 warm 667137 cold 2374898
hot 164095 warm 681473 cold 2354418
hot 167679 warm 694273 cold 2338034
hot 169727 warm 699393 cold 2330866
hot 171263 warm 700417 cold 2328306
hot 173311 warm 698369 cold 2328306
hot 173823 warm 697857 cold 2328306
hot 175871 warm 696321 cold 2327794
