pgmigrate_success 43346082
pgmigrate_success 43346086
pgmigrate_success 43346086
pgmigrate_success 43346086
pgmigrate_success 43346087
pgmigrate_success 43346087
pgmigrate_success 43346087
pgmigrate_success 43346087
pgmigrate_success 43346087
pgmigrate_success 43346087
pgmigrate_success 43346087
pgmigrate_success 43346087
pgmigrate_success 43346087
pgmigrate_success 43346087
pgmigrate_success 43346087
pgmigrate_success 43346087
pgmigrate_success 43346087
pgmigrate_success 43346087
pgmigrate_success 43346087
pgmigrate_success 43346087
pgmigrate_success 43346087
pgmigrate_success 43346087
pgmigrate_success 43346087
pgmigrate_success 43349209
pgmigrate_success 43360985
pgmigrate_success 43360985
pgmigrate_success 43360985
pgmigrate_success 43360985
pgmigrate_success 43360985
pgmigrate_success 43360985
pgmigrate_success 43360985
pgmigrate_success 43360985
pgmigrate_success 43360985
pgmigrate_success 43360985
pgmigrate_success 43360985
pgmigrate_success 43360985
pgmigrate_success 43360985
pgmigrate_success 43360985
pgmigrate_success 43360985
pgmigrate_success 43360985
pgmigrate_success 43360985
pgmigrate_success 43360985
pgmigrate_success 43360985
pgmigrate_success 43360985
pgmigrate_success 43360985
pgmigrate_success 43360985
pgmigrate_success 43360985
pgmigrate_success 43480563
pgmigrate_success 43834867
pgmigrate_success 44030451
pgmigrate_success 44030513
pgmigrate_success 44030513
pgmigrate_success 44030513
pgmigrate_success 44030513
pgmigrate_success 44030513
pgmigrate_success 44118835
pgmigrate_success 44565156
pgmigrate_success 44855983
pgmigrate_success 45138187
pgmigrate_success 45314348
pgmigrate_success 45347121
pgmigrate_success 45347121
pgmigrate_success 45347121
pgmigrate_success 45383985
pgmigrate_success 45436497
pgmigrate_success 45496687
pgmigrate_success 45521781
pgmigrate_success 45587353
pgmigrate_success 45632923
pgmigrate_success 45700516
pgmigrate_success 45771190
pgmigrate_success 45821369
pgmigrate_success 45873598
pgmigrate_success 45929412
pgmigrate_success 45965255
pgmigrate_success 45965767
pgmigrate_success 45965767
pgmigrate_success 45965767
pgmigrate_success 45965767
pgmigrate_success 45965767
pgmigrate_success 45965767
pgmigrate_success 45965767
pgmigrate_success 45965767
pgmigrate_success 45965767
pgmigrate_success 45965767
pgmigrate_success 45965767
pgmigrate_success 45965767
pgmigrate_success 45965767
pgmigrate_success 45965767
pgmigrate_success 46000583
pgmigrate_success 46000583
pgmigrate_success 46000583
pgmigrate_success 46027719
pgmigrate_success 46052296
pgmigrate_success 46074826
pgmigrate_success 46096845
pgmigrate_success 46113741
pgmigrate_success 46135761
pgmigrate_success 46158292
pgmigrate_success 46172628
pgmigrate_success 46187988
pgmigrate_success 46202324
pgmigrate_success 46223828
pgmigrate_success 46224340
pgmigrate_success 46224340
pgmigrate_success 46224340
pgmigrate_success 46224340
pgmigrate_success 46226902
pgmigrate_success 46226903
pgmigrate_success 46226903
pgmigrate_success 46226903
pgmigrate_success 46226934
pgmigrate_success 46226934
pgmigrate_success 46239053
pgmigrate_success 46243630
pgmigrate_success 46243630
pgmigrate_success 46243630
pgmigrate_success 46243630
pgmigrate_success 46243630
pgmigrate_success 46243630
pgmigrate_success 46243630
pgmigrate_success 46243630
pgmigrate_success 46243783
pgmigrate_success 46243783
pgmigrate_success 46243783
pgmigrate_success 46243783
pgmigrate_success 46243783
pgmigrate_success 46243787
pgmigrate_success 46243787
pgmigrate_success 46243787
pgmigrate_success 46243787
pgmigrate_success 46243787
pgmigrate_success 46243787
pgmigrate_success 46243787
pgmigrate_success 46243787
pgmigrate_success 46243787
pgmigrate_success 46243787
pgmigrate_success 46243787
pgmigrate_success 46249419
pgmigrate_success 46249419
pgmigrate_success 46249419
pgmigrate_success 46249419
pgmigrate_success 46249419
pgmigrate_success 46249419
pgmigrate_success 46249419
pgmigrate_success 46257099
pgmigrate_success 46278897
pgmigrate_success 46291185
pgmigrate_success 46321911
pgmigrate_success 46330103
pgmigrate_success 46345983
pgmigrate_success 46360322
pgmigrate_success 46368002
pgmigrate_success 46378242
pgmigrate_success 46396170
pgmigrate_success 46416138
pgmigrate_success 46442764
pgmigrate_success 46475533
pgmigrate_success 46480146
pgmigrate_success 46480146
pgmigrate_success 46480658
pgmigrate_success 46480658
pgmigrate_success 46480667
pgmigrate_success 46480667
pgmigrate_success 46480667
pgmigrate_success 46480667
pgmigrate_success 46480667
pgmigrate_success 46480667
pgmigrate_success 46480667
pgmigrate_success 46539547
pgmigrate_success 46710640
pgmigrate_success 46719045
pgmigrate_success 46742147
pgmigrate_success 46807683
pgmigrate_success 46874216
pgmigrate_success 46889120
pgmigrate_success 46912954
pgmigrate_success 46967445
pgmigrate_success 47044776
pgmigrate_success 47155307
pgmigrate_success 47162913
pgmigrate_success 47182575
pgmigrate_success 47182575
pgmigrate_success 47191154
pgmigrate_success 47191154
pgmigrate_success 47191869
pgmigrate_success 47200678
pgmigrate_success 47200678
pgmigrate_success 47200678
pgmigrate_success 47200678
pgmigrate_success 47201409
pgmigrate_success 47201409
pgmigrate_success 47201409
pgmigrate_success 47201409
pgmigrate_success 47205078
pgmigrate_success 47205093
pgmigrate_success 47205159
pgmigrate_success 47205159
pgmigrate_success 47205159
pgmigrate_success 47206194
pgmigrate_success 47206194
pgmigrate_success 47208397
pgmigrate_success 47208838
pgmigrate_success 47208838
pgmigrate_success 47208972
pgmigrate_success 47208972
pgmigrate_success 47208972
pgmigrate_success 47210320
pgmigrate_success 47211938
pgmigrate_success 47211938
pgmigrate_success 47211938
pgmigrate_success 47211938
pgmigrate_success 47211984
pgmigrate_success 47212520
pgmigrate_success 47212520
pgmigrate_success 47212520
pgmigrate_success 47212520
pgmigrate_success 47212520
pgmigrate_success 47212520
pgmigrate_success 47212552
pgmigrate_success 47212646
pgmigrate_success 47212646
pgmigrate_success 47226751
pgmigrate_success 47233075
pgmigrate_success 47233075
pgmigrate_success 47233505
pgmigrate_success 47233505
pgmigrate_success 47233549
pgmigrate_success 47233549
pgmigrate_success 47235268
pgmigrate_success 47235268
pgmigrate_success 47235268
pgmigrate_success 47235814
pgmigrate_success 47235814
pgmigrate_success 47236767
pgmigrate_success 47236767
pgmigrate_success 47236773
pgmigrate_success 47236773
pgmigrate_success 47236773
pgmigrate_success 47236773
pgmigrate_success 47236840
pgmigrate_success 47236840
pgmigrate_success 47236840
pgmigrate_success 47237381
pgmigrate_success 47238917
pgmigrate_success 47242445
pgmigrate_success 47242475
pgmigrate_success 47242475
pgmigrate_success 47242475
pgmigrate_success 47242475
pgmigrate_success 47242542
pgmigrate_success 47242572
pgmigrate_success 47242572
pgmigrate_success 47242572
pgmigrate_success 47242637
pgmigrate_success 47242637
pgmigrate_success 47242704
pgmigrate_success 47242704
pgmigrate_success 47242704
pgmigrate_success 47242704
pgmigrate_success 47243064
pgmigrate_success 47243064
pgmigrate_success 47243064
pgmigrate_success 47243156
pgmigrate_success 47243215
pgmigrate_success 47243242
pgmigrate_success 47243377
pgmigrate_success 47243377
pgmigrate_success 47243377
pgmigrate_success 47243377
pgmigrate_success 47243406
pgmigrate_success 47243406
pgmigrate_success 47243842
pgmigrate_success 47245937
pgmigrate_success 47245961
pgmigrate_success 47245996
pgmigrate_success 47246063
pgmigrate_success 47247173
pgmigrate_success 47247508
pgmigrate_success 47247612
pgmigrate_success 47247656
pgmigrate_success 47247656
pgmigrate_success 47247668
pgmigrate_success 47248401
pgmigrate_success 47248401
pgmigrate_success 47248426
pgmigrate_success 47248426
pgmigrate_success 47248426
pgmigrate_success 47248448
pgmigrate_success 47248470
pgmigrate_success 47248470
pgmigrate_success 47248484
pgmigrate_success 47248484
pgmigrate_success 47248490
pgmigrate_success 47248556
pgmigrate_success 47248562
pgmigrate_success 47248584
pgmigrate_success 47248584
pgmigrate_success 47248584
pgmigrate_success 47248650
pgmigrate_success 47248668
pgmigrate_success 47248942
pgmigrate_success 47249020
pgmigrate_success 47249020
pgmigrate_success 47249020
pgmigrate_success 47249085
pgmigrate_success 47249153
pgmigrate_success 47249153
pgmigrate_success 47250706
pgmigrate_success 47250706
pgmigrate_success 47250706
pgmigrate_success 47250727
pgmigrate_success 47250727
pgmigrate_success 47250821
pgmigrate_success 47250821
pgmigrate_success 47250887
pgmigrate_success 47250894
pgmigrate_success 47250976
pgmigrate_success 47250994
pgmigrate_success 47251042
pgmigrate_success 47251074
pgmigrate_success 47251097
pgmigrate_success 47251178
pgmigrate_success 47251198
pgmigrate_success 47251278
pgmigrate_success 47251357
pgmigrate_success 47251387
pgmigrate_success 47251515
pgmigrate_success 47251515
pgmigrate_success 47251566
pgmigrate_success 47251585
pgmigrate_success 47251586
pgmigrate_success 47251670
pgmigrate_success 47251736
pgmigrate_success 47251736
pgmigrate_success 47251736
pgmigrate_success 47251905
pgmigrate_success 47251905
pgmigrate_success 47251953
pgmigrate_success 47251984
pgmigrate_success 47252751
pgmigrate_success 47252818
pgmigrate_success 47252854
pgmigrate_success 47252938
pgmigrate_success 47252938
pgmigrate_success 47252949
pgmigrate_success 47252949
pgmigrate_success 47252967
pgmigrate_success 47253053
pgmigrate_success 47253053
pgmigrate_success 47253081
pgmigrate_success 47293165
pgmigrate_success 47294150
pgmigrate_success 47294150
pgmigrate_success 47294150
pgmigrate_success 47294150
pgmigrate_success 47298278
pgmigrate_success 47341336
pgmigrate_success 47356184
pgmigrate_success 47356184
pgmigrate_success 47356184
pgmigrate_success 47356696
pgmigrate_success 47356696
pgmigrate_success 47356696
pgmigrate_success 47356696
pgmigrate_success 47356696
pgmigrate_success 47356696
pgmigrate_success 47356696
pgmigrate_success 47356696
pgmigrate_success 47356696
pgmigrate_success 47356696
pgmigrate_success 47356696
pgmigrate_success 47356746
pgmigrate_success 47356746
pgmigrate_success 47356746
pgmigrate_success 47356746
pgmigrate_success 47356746
pgmigrate_success 47356746
pgmigrate_success 47356746
pgmigrate_success 47356746
pgmigrate_success 47356746
pgmigrate_success 47356746
pgmigrate_success 47356746
pgmigrate_success 47356746
pgmigrate_success 47356746
pgmigrate_success 47356746
pgmigrate_success 47356746
pgmigrate_success 47356746
pgmigrate_success 47356746
pgmigrate_success 47356746
pgmigrate_success 47356746
pgmigrate_success 47357258
pgmigrate_success 47357258
pgmigrate_success 47357258
pgmigrate_success 47357258
pgmigrate_success 47357258
pgmigrate_success 47357258
pgmigrate_success 47357258
pgmigrate_success 47357258
pgmigrate_success 47357258
pgmigrate_success 47357258
pgmigrate_success 47357258
pgmigrate_success 47357258
pgmigrate_success 47357258
pgmigrate_success 47357304
pgmigrate_success 47357304
pgmigrate_success 47357304
pgmigrate_success 47357304
pgmigrate_success 47357304
pgmigrate_success 47357304
pgmigrate_success 47357304
pgmigrate_success 47357304
pgmigrate_success 47357304
pgmigrate_success 47357304
pgmigrate_success 47357304
pgmigrate_success 47357304
pgmigrate_success 47357304
pgmigrate_success 47357304
pgmigrate_success 47357304
pgmigrate_success 47357304
pgmigrate_success 47357304
pgmigrate_success 47357304
pgmigrate_success 47357304
pgmigrate_success 47357304
pgmigrate_success 47357304
pgmigrate_success 47357304
pgmigrate_success 47357304
pgmigrate_success 47357304
pgmigrate_success 47357304
pgmigrate_success 47357304
pgmigrate_success 47357304
pgmigrate_success 47357304
pgmigrate_success 47357304
pgmigrate_success 47357304
pgmigrate_success 47357304
pgmigrate_success 47357304
pgmigrate_success 47357353
pgmigrate_success 47357353
pgmigrate_success 47357353
pgmigrate_success 47357353
pgmigrate_success 47357353
pgmigrate_success 47357353
pgmigrate_success 47357353
pgmigrate_success 47357353
pgmigrate_success 47357353
pgmigrate_success 47357353
pgmigrate_success 47357353
pgmigrate_success 47357353
pgmigrate_success 47357353
pgmigrate_success 47357353
pgmigrate_success 47357353
pgmigrate_success 47357353
pgmigrate_success 47357353
pgmigrate_success 47357353
pgmigrate_success 47357353
pgmigrate_success 47357353
pgmigrate_success 47357353
pgmigrate_success 47358377
pgmigrate_success 47358889
pgmigrate_success 47358889
pgmigrate_success 47358889
pgmigrate_success 47358889
pgmigrate_success 47358889
pgmigrate_success 47358889
pgmigrate_success 47358889
pgmigrate_success 47358889
pgmigrate_success 47358889
pgmigrate_success 47358929
pgmigrate_success 47358929
pgmigrate_success 47358929
pgmigrate_success 47358929
pgmigrate_success 47358929
pgmigrate_success 47358929
pgmigrate_success 47358929
pgmigrate_success 47358929
pgmigrate_success 47358929
pgmigrate_success 47358929
pgmigrate_success 47358929
pgmigrate_success 47358929
pgmigrate_success 47358929
pgmigrate_success 47358929
pgmigrate_success 47358929
pgmigrate_success 47358929
pgmigrate_success 47358929
pgmigrate_success 47358929
pgmigrate_success 47358929
pgmigrate_success 47358929
pgmigrate_success 47358929
pgmigrate_success 47358929
pgmigrate_success 47358929
pgmigrate_success 47358929
pgmigrate_success 47358929
pgmigrate_success 47358929
pgmigrate_success 47358929
pgmigrate_success 47358929
pgmigrate_success 47358929
pgmigrate_success 47358929
pgmigrate_success 47358929
pgmigrate_success 47358929
pgmigrate_success 47358980
pgmigrate_success 47358980
pgmigrate_success 47358980
pgmigrate_success 47358980
pgmigrate_success 47358980
pgmigrate_success 47358980
pgmigrate_success 47358980
pgmigrate_success 47358980
pgmigrate_success 47358980
pgmigrate_success 47358980
pgmigrate_success 47358980
pgmigrate_success 47358980
pgmigrate_success 47358980
pgmigrate_success 47358980
pgmigrate_success 47358980
pgmigrate_success 47358980
pgmigrate_success 47358980
pgmigrate_success 47358980
pgmigrate_success 47358980
pgmigrate_success 47358980
pgmigrate_success 47358980
