pgmigrate_success 214427653
pgmigrate_success 214427658
pgmigrate_success 214427661
pgmigrate_success 214427662
pgmigrate_success 214427663
pgmigrate_success 214427664
pgmigrate_success 214427666
pgmigrate_success 214427667
pgmigrate_success 214427668
pgmigrate_success 214427669
pgmigrate_success 214427670
pgmigrate_success 214427671
pgmigrate_success 214427673
pgmigrate_success 214427675
pgmigrate_success 214427676
pgmigrate_success 214427677
pgmigrate_success 214427678
pgmigrate_success 214427679
pgmigrate_success 214427680
pgmigrate_success 214427681
pgmigrate_success 214427682
pgmigrate_success 214427683
pgmigrate_success 214427684
pgmigrate_success 214427685
pgmigrate_success 214427686
pgmigrate_success 214427687
pgmigrate_success 214427688
pgmigrate_success 214427689
pgmigrate_success 214427690
pgmigrate_success 214427691
pgmigrate_success 214427692
pgmigrate_success 214427693
pgmigrate_success 214427694
pgmigrate_success 214427695
pgmigrate_success 214427696
pgmigrate_success 214427697
pgmigrate_success 214427698
pgmigrate_success 214427699
pgmigrate_success 214427700
pgmigrate_success 214427701
pgmigrate_success 214427702
pgmigrate_success 214427703
pgmigrate_success 214427704
pgmigrate_success 214427705
pgmigrate_success 214427706
pgmigrate_success 214427707
pgmigrate_success 214427708
pgmigrate_success 214427709
pgmigrate_success 214427710
pgmigrate_success 214427711
pgmigrate_success 214427712
pgmigrate_success 214427713
pgmigrate_success 214427714
pgmigrate_success 214427715
pgmigrate_success 214427716
pgmigrate_success 214427717
pgmigrate_success 214427718
pgmigrate_success 214427719
pgmigrate_success 214427720
pgmigrate_success 214427721
pgmigrate_success 214427722
pgmigrate_success 214427723
pgmigrate_success 214427724
pgmigrate_success 214427725
pgmigrate_success 214427726
pgmigrate_success 214427727
pgmigrate_success 214427728
pgmigrate_success 214427729
pgmigrate_success 214427730
pgmigrate_success 214427731
pgmigrate_success 214427732
pgmigrate_success 214427733
pgmigrate_success 214427734
pgmigrate_success 214427735
pgmigrate_success 214427736
pgmigrate_success 214427737
pgmigrate_success 214427738
pgmigrate_success 214427739
pgmigrate_success 214427740
pgmigrate_success 214427740
pgmigrate_success 214427741
pgmigrate_success 214427742
pgmigrate_success 214427743
pgmigrate_success 214427744
pgmigrate_success 214427745
pgmigrate_success 214427746
pgmigrate_success 214427747
pgmigrate_success 214427748
pgmigrate_success 214427750
pgmigrate_success 214427752
pgmigrate_success 214427753
pgmigrate_success 214427754
pgmigrate_success 214427755
pgmigrate_success 214427756
pgmigrate_success 214427757
pgmigrate_success 214427758
pgmigrate_success 214427759
pgmigrate_success 214427760
pgmigrate_success 214427761
pgmigrate_success 214427762
pgmigrate_success 214427763
pgmigrate_success 214427764
pgmigrate_success 214427765
pgmigrate_success 214427766
pgmigrate_success 214427767
pgmigrate_success 214427768
pgmigrate_success 214427769
pgmigrate_success 214427770
pgmigrate_success 214427771
pgmigrate_success 214427772
pgmigrate_success 214427773
pgmigrate_success 214444671
pgmigrate_success 214520959
pgmigrate_success 214520959
pgmigrate_success 214520959
pgmigrate_success 214520959
pgmigrate_success 214520959
pgmigrate_success 214520959
pgmigrate_success 214520959
pgmigrate_success 214520959
pgmigrate_success 214520959
pgmigrate_success 214520959
pgmigrate_success 214520959
pgmigrate_success 214520959
pgmigrate_success 214520959
pgmigrate_success 214520959
pgmigrate_success 214520959
pgmigrate_success 214520959
pgmigrate_success 214520959
pgmigrate_success 214520959
pgmigrate_success 214520959
pgmigrate_success 214520959
pgmigrate_success 214520959
pgmigrate_success 214520959
pgmigrate_success 214520959
pgmigrate_success 214520959
pgmigrate_success 214520959
pgmigrate_success 214520959
pgmigrate_success 214520959
pgmigrate_success 214520959
pgmigrate_success 214520959
pgmigrate_success 214520959
pgmigrate_success 214520959
pgmigrate_success 214520959
pgmigrate_success 214520959
pgmigrate_success 214520959
pgmigrate_success 214599807
pgmigrate_success 214599807
pgmigrate_success 214599807
pgmigrate_success 214599807
pgmigrate_success 214599807
pgmigrate_success 214599807
pgmigrate_success 214599807
pgmigrate_success 214599807
pgmigrate_success 214599807
pgmigrate_success 214599807
pgmigrate_success 214599807
pgmigrate_success 214599807
pgmigrate_success 214599807
pgmigrate_success 214599807
pgmigrate_success 214599807
pgmigrate_success 214599807
pgmigrate_success 214599807
pgmigrate_success 214599807
pgmigrate_success 214599807
pgmigrate_success 214599807
pgmigrate_success 214599807
pgmigrate_success 214599807
pgmigrate_success 214599807
pgmigrate_success 214599807
pgmigrate_success 214599807
pgmigrate_success 214599807
pgmigrate_success 214599807
pgmigrate_success 214599807
pgmigrate_success 214599807
pgmigrate_success 214599807
pgmigrate_success 214599807
pgmigrate_success 214599807
pgmigrate_success 214599807
pgmigrate_success 214599807
pgmigrate_success 214599807
pgmigrate_success 214599807
pgmigrate_success 214599807
pgmigrate_success 214599807
pgmigrate_success 214599807
pgmigrate_success 214599807
pgmigrate_success 214599807
pgmigrate_success 214599807
pgmigrate_success 214599807
pgmigrate_success 214599807
pgmigrate_success 214599807
pgmigrate_success 214599807
pgmigrate_success 214599807
pgmigrate_success 214599807
pgmigrate_success 214599807
pgmigrate_success 214599807
pgmigrate_success 214599807
pgmigrate_success 214599807
pgmigrate_success 214599807
pgmigrate_success 214599807
pgmigrate_success 214599807
pgmigrate_success 214599807
pgmigrate_success 214599807
pgmigrate_success 214599807
pgmigrate_success 214599807
pgmigrate_success 214599807
pgmigrate_success 214599807
pgmigrate_success 214599807
pgmigrate_success 214599807
pgmigrate_success 214599807
pgmigrate_success 214599807
pgmigrate_success 214599807
pgmigrate_success 214599807
pgmigrate_success 214599807
pgmigrate_success 214599807
pgmigrate_success 214599807
pgmigrate_success 214599807
pgmigrate_success 214599807
pgmigrate_success 214599807
pgmigrate_success 214599807
pgmigrate_success 214599807
pgmigrate_success 214599807
pgmigrate_success 214599807
pgmigrate_success 214599807
pgmigrate_success 214599807
pgmigrate_success 214599807
pgmigrate_success 214599807
pgmigrate_success 214599807
pgmigrate_success 214599807
pgmigrate_success 214599807
pgmigrate_success 214599807
pgmigrate_success 214599807
pgmigrate_success 214599807
pgmigrate_success 214599807
pgmigrate_success 214599807
pgmigrate_success 214599807
pgmigrate_success 214599807
pgmigrate_success 214599807
pgmigrate_success 214599807
pgmigrate_success 214599807
pgmigrate_success 214599807
pgmigrate_success 214599807
pgmigrate_success 214599807
pgmigrate_success 214599807
pgmigrate_success 214599807
pgmigrate_success 214599807
pgmigrate_success 214599807
pgmigrate_success 214599807
pgmigrate_success 214599807
pgmigrate_success 214599807
pgmigrate_success 214599807
pgmigrate_success 214599807
pgmigrate_success 214599807
pgmigrate_success 214599807
pgmigrate_success 214599807
pgmigrate_success 214599807
pgmigrate_success 214599807
pgmigrate_success 214599807
pgmigrate_success 214599807
pgmigrate_success 214599807
pgmigrate_success 214599807
pgmigrate_success 214599807
pgmigrate_success 214599807
pgmigrate_success 214599807
pgmigrate_success 214599807
pgmigrate_success 214599807
pgmigrate_success 214599807
pgmigrate_success 214599807
pgmigrate_success 214599807
pgmigrate_success 214599807
pgmigrate_success 214599807
pgmigrate_success 214599807
pgmigrate_success 214599807
pgmigrate_success 214599807
pgmigrate_success 214599807
pgmigrate_success 214599807
pgmigrate_success 214599807
pgmigrate_success 214599807
pgmigrate_success 214599807
pgmigrate_success 214599807
pgmigrate_success 214599807
pgmigrate_success 214599807
pgmigrate_success 214599807
pgmigrate_success 214599807
pgmigrate_success 214599807
pgmigrate_success 214599807
pgmigrate_success 214599807
pgmigrate_success 214599807
pgmigrate_success 214599807
pgmigrate_success 214599807
pgmigrate_success 214599807
pgmigrate_success 214599807
pgmigrate_success 214599807
pgmigrate_success 214599807
pgmigrate_success 214599807
pgmigrate_success 214599807
pgmigrate_success 214599807
pgmigrate_success 214599807
pgmigrate_success 214599807
pgmigrate_success 214599807
pgmigrate_success 214599807
pgmigrate_success 214599807
pgmigrate_success 214599807
pgmigrate_success 214599807
pgmigrate_success 214599807
pgmigrate_success 214599807
pgmigrate_success 214599807
pgmigrate_success 214599807
pgmigrate_success 214599807
pgmigrate_success 214599807
pgmigrate_success 214599807
pgmigrate_success 214599807
pgmigrate_success 214599807
pgmigrate_success 214599807
pgmigrate_success 214599807
pgmigrate_success 214599807
pgmigrate_success 214599807
pgmigrate_success 214599807
pgmigrate_success 214599807
pgmigrate_success 214599807
pgmigrate_success 214599807
pgmigrate_success 214599807
pgmigrate_success 214599807
pgmigrate_success 214599807
pgmigrate_success 214599807
pgmigrate_success 214599807
pgmigrate_success 214599807
pgmigrate_success 214599807
pgmigrate_success 214599807
pgmigrate_success 214599807
pgmigrate_success 214599807
pgmigrate_success 214599807
pgmigrate_success 214599807
pgmigrate_success 214599807
pgmigrate_success 214599807
pgmigrate_success 214599807
pgmigrate_success 214599807
pgmigrate_success 214599807
pgmigrate_success 214599807
pgmigrate_success 214599807
pgmigrate_success 214599807
pgmigrate_success 214599807
pgmigrate_success 214599807
pgmigrate_success 214599807
pgmigrate_success 214599807
pgmigrate_success 214599807
pgmigrate_success 214599807
pgmigrate_success 214599807
pgmigrate_success 214599807
pgmigrate_success 214599807
pgmigrate_success 214599807
pgmigrate_success 214599807
pgmigrate_success 214599807
pgmigrate_success 214599807
pgmigrate_success 214599807
pgmigrate_success 214599807
pgmigrate_success 214599807
pgmigrate_success 214599807
pgmigrate_success 214599807
pgmigrate_success 214599807
pgmigrate_success 214599807
pgmigrate_success 214599807
pgmigrate_success 214599807
pgmigrate_success 214599807
pgmigrate_success 214599807
pgmigrate_success 214599807
pgmigrate_success 214599807
pgmigrate_success 214599807
pgmigrate_success 214599807
pgmigrate_success 214599807
pgmigrate_success 214599807
pgmigrate_success 214599807
pgmigrate_success 214599807
pgmigrate_success 214599807
pgmigrate_success 214599807
pgmigrate_success 214599807
pgmigrate_success 214599807
pgmigrate_success 214599807
pgmigrate_success 214599807
pgmigrate_success 214599807
pgmigrate_success 214599807
pgmigrate_success 214599807
pgmigrate_success 214599807
pgmigrate_success 214599807
pgmigrate_success 214599807
pgmigrate_success 214599807
pgmigrate_success 214599807
pgmigrate_success 214599807
pgmigrate_success 214599807
pgmigrate_success 214599807
pgmigrate_success 214599807
pgmigrate_success 214599807
pgmigrate_success 214599807
pgmigrate_success 214599807
pgmigrate_success 214599807
pgmigrate_success 214599807
pgmigrate_success 214599807
pgmigrate_success 214599807
pgmigrate_success 214599807
pgmigrate_success 214599807
pgmigrate_success 214599807
pgmigrate_success 214599807
pgmigrate_success 214599807
pgmigrate_success 214599807
pgmigrate_success 214599807
pgmigrate_success 214599807
pgmigrate_success 214599807
pgmigrate_success 214599807
pgmigrate_success 214599807
pgmigrate_success 214599807
pgmigrate_success 214599807
pgmigrate_success 214599807
pgmigrate_success 214599807
pgmigrate_success 214599807
pgmigrate_success 214599807
pgmigrate_success 214599807
pgmigrate_success 214599807
pgmigrate_success 214599807
pgmigrate_success 214599807
pgmigrate_success 214599807
pgmigrate_success 214599807
pgmigrate_success 214599807
pgmigrate_success 214599807
pgmigrate_success 214599807
pgmigrate_success 214599807
pgmigrate_success 214599807
pgmigrate_success 214599807
pgmigrate_success 214599807
pgmigrate_success 214599807
pgmigrate_success 214599807
pgmigrate_success 214599807
pgmigrate_success 214599807
pgmigrate_success 214599807
pgmigrate_success 214599807
pgmigrate_success 214599807
pgmigrate_success 214599807
pgmigrate_success 214599807
pgmigrate_success 214599807
pgmigrate_success 214599807
pgmigrate_success 214599807
pgmigrate_success 214599807
pgmigrate_success 214599807
pgmigrate_success 214599807
pgmigrate_success 214599807
pgmigrate_success 214599807
pgmigrate_success 214599807
pgmigrate_success 214599807
pgmigrate_success 214599807
pgmigrate_success 214599807
pgmigrate_success 214599807
pgmigrate_success 214599807
pgmigrate_success 214599807
pgmigrate_success 214599807
pgmigrate_success 214599807
pgmigrate_success 214599807
pgmigrate_success 214599807
pgmigrate_success 214599807
pgmigrate_success 214599807
pgmigrate_success 214599807
pgmigrate_success 214599807
pgmigrate_success 214599807
pgmigrate_success 214599807
pgmigrate_success 214599807
pgmigrate_success 214599807
pgmigrate_success 214599807
pgmigrate_success 214599807
pgmigrate_success 214599807
pgmigrate_success 214599807
pgmigrate_success 214599807
pgmigrate_success 214599807
pgmigrate_success 214599807
pgmigrate_success 214599807
pgmigrate_success 214599807
pgmigrate_success 214599807
pgmigrate_success 214599807
pgmigrate_success 214599807
pgmigrate_success 214599807
pgmigrate_success 214599807
pgmigrate_success 214599807
pgmigrate_success 214599807
pgmigrate_success 214599807
pgmigrate_success 214599807
pgmigrate_success 214599807
pgmigrate_success 214599807
pgmigrate_success 214599807
pgmigrate_success 214599807
pgmigrate_success 214599807
pgmigrate_success 214599807
pgmigrate_success 214599807
pgmigrate_success 214599807
pgmigrate_success 214599807
pgmigrate_success 214599807
pgmigrate_success 214599807
pgmigrate_success 214599807
pgmigrate_success 214599807
pgmigrate_success 214599807
pgmigrate_success 214599807
pgmigrate_success 214599807
pgmigrate_success 214599807
pgmigrate_success 214599807
pgmigrate_success 214599807
pgmigrate_success 214599807
pgmigrate_success 214599807
pgmigrate_success 214599807
pgmigrate_success 214599807
pgmigrate_success 214599807
pgmigrate_success 214599807
pgmigrate_success 214599807
pgmigrate_success 214599807
pgmigrate_success 214599807
pgmigrate_success 214599807
pgmigrate_success 214599807
pgmigrate_success 214599807
pgmigrate_success 214599807
pgmigrate_success 214599807
pgmigrate_success 214599807
pgmigrate_success 214599807
pgmigrate_success 214599807
pgmigrate_success 214599807
pgmigrate_success 214599807
pgmigrate_success 214599807
pgmigrate_success 214599807
pgmigrate_success 214599807
pgmigrate_success 214599807
pgmigrate_success 214599807
pgmigrate_success 214599807
pgmigrate_success 214599807
pgmigrate_success 214599807
pgmigrate_success 214599807
pgmigrate_success 214599807
pgmigrate_success 214599807
pgmigrate_success 214599807
pgmigrate_success 214599807
pgmigrate_success 214599807
pgmigrate_success 214599807
pgmigrate_success 214599807
pgmigrate_success 214599807
pgmigrate_success 214599807
pgmigrate_success 214599807
pgmigrate_success 214599807
pgmigrate_success 214599807
pgmigrate_success 214599807
pgmigrate_success 214599807
pgmigrate_success 214599807
pgmigrate_success 214599807
pgmigrate_success 214599807
pgmigrate_success 214599807
pgmigrate_success 214599807
pgmigrate_success 214599807
pgmigrate_success 214599807
pgmigrate_success 214599807
pgmigrate_success 214599807
pgmigrate_success 214599807
pgmigrate_success 214599807
pgmigrate_success 214599807
pgmigrate_success 214599807
pgmigrate_success 214599807
pgmigrate_success 214599807
pgmigrate_success 214599807
pgmigrate_success 214599807
pgmigrate_success 214599807
pgmigrate_success 214599807
pgmigrate_success 214599807
pgmigrate_success 214599807
pgmigrate_success 214599807
pgmigrate_success 214599807
pgmigrate_success 214599807
pgmigrate_success 214599807
pgmigrate_success 214599807
pgmigrate_success 214599807
pgmigrate_success 214599807
pgmigrate_success 214599807
pgmigrate_success 214599807
pgmigrate_success 214599807
pgmigrate_success 214599807
pgmigrate_success 214599807
pgmigrate_success 214599807
pgmigrate_success 214599807
pgmigrate_success 214599807
pgmigrate_success 214599807
pgmigrate_success 214599807
pgmigrate_success 214599807
pgmigrate_success 214599807
pgmigrate_success 214599807
pgmigrate_success 214599807
pgmigrate_success 214599807
pgmigrate_success 214599807
pgmigrate_success 214599807
pgmigrate_success 214599807
pgmigrate_success 214599807
pgmigrate_success 214599807
pgmigrate_success 214599807
pgmigrate_success 214599807
pgmigrate_success 214599807
pgmigrate_success 214599807
pgmigrate_success 214599807
pgmigrate_success 214599807
pgmigrate_success 214599807
pgmigrate_success 214599807
pgmigrate_success 214599807
pgmigrate_success 214599807
pgmigrate_success 214599807
pgmigrate_success 214599807
pgmigrate_success 214599807
pgmigrate_success 214599807
pgmigrate_success 214599807
pgmigrate_success 214599807
pgmigrate_success 214599807
pgmigrate_success 214599807
pgmigrate_success 214599807
pgmigrate_success 214599807
pgmigrate_success 214599807
pgmigrate_success 214599807
pgmigrate_success 214599807
pgmigrate_success 214599807
pgmigrate_success 214599807
pgmigrate_success 214599807
pgmigrate_success 214599807
pgmigrate_success 214599807
pgmigrate_success 214599807
pgmigrate_success 214599807
pgmigrate_success 214599807
pgmigrate_success 214599807
pgmigrate_success 214599807
pgmigrate_success 214599807
pgmigrate_success 214599807
