pgmigrate_success 65505302
pgmigrate_success 65505307
pgmigrate_success 65505307
pgmigrate_success 65505307
pgmigrate_success 65505307
pgmigrate_success 65505307
pgmigrate_success 65505307
pgmigrate_success 65505307
pgmigrate_success 65505307
pgmigrate_success 65505307
pgmigrate_success 65505307
pgmigrate_success 65505307
pgmigrate_success 65505307
pgmigrate_success 65505307
pgmigrate_success 65505307
pgmigrate_success 65505307
pgmigrate_success 65505307
pgmigrate_success 65505307
pgmigrate_success 65505307
pgmigrate_success 65505307
pgmigrate_success 65505307
pgmigrate_success 65505307
pgmigrate_success 65505307
pgmigrate_success 65506380
pgmigrate_success 65520204
pgmigrate_success 65520204
pgmigrate_success 65520204
pgmigrate_success 65520204
pgmigrate_success 65520204
pgmigrate_success 65520204
pgmigrate_success 65520204
pgmigrate_success 65520204
pgmigrate_success 65520204
pgmigrate_success 65520204
pgmigrate_success 65520204
pgmigrate_success 65520204
pgmigrate_success 65520204
pgmigrate_success 65520204
pgmigrate_success 65520204
pgmigrate_success 65520204
pgmigrate_success 65520204
pgmigrate_success 65520204
pgmigrate_success 65520204
pgmigrate_success 65520204
pgmigrate_success 65520204
pgmigrate_success 65520204
pgmigrate_success 65643980
pgmigrate_success 65766367
pgmigrate_success 66217801
pgmigrate_success 66218435
pgmigrate_success 66218435
pgmigrate_success 66218435
pgmigrate_success 66218435
pgmigrate_success 66218435
pgmigrate_success 66598714
pgmigrate_success 67043203
pgmigrate_success 67292229
pgmigrate_success 67462737
pgmigrate_success 67484753
pgmigrate_success 67484753
pgmigrate_success 67485777
pgmigrate_success 67485777
pgmigrate_success 67620440
pgmigrate_success 67797159
pgmigrate_success 67814592
pgmigrate_success 67992793
pgmigrate_success 67993305
pgmigrate_success 67993305
pgmigrate_success 68050257
pgmigrate_success 68050769
pgmigrate_success 68050769
pgmigrate_success 68117859
pgmigrate_success 68233072
pgmigrate_success 68233072
pgmigrate_success 68233072
pgmigrate_success 68238192
pgmigrate_success 68274550
pgmigrate_success 68275063
pgmigrate_success 68378507
pgmigrate_success 68402571
pgmigrate_success 68403083
pgmigrate_success 68403161
pgmigrate_success 68403161
pgmigrate_success 68403161
pgmigrate_success 68478426
pgmigrate_success 68536308
pgmigrate_success 68536308
pgmigrate_success 68617212
pgmigrate_success 68617724
pgmigrate_success 68617727
pgmigrate_success 68617727
pgmigrate_success 68617727
pgmigrate_success 68617727
pgmigrate_success 68617727
pgmigrate_success 68678143
pgmigrate_success 68685428
pgmigrate_success 68704405
pgmigrate_success 68727445
pgmigrate_success 68727445
pgmigrate_success 68727957
pgmigrate_success 68727957
pgmigrate_success 68727957
pgmigrate_success 68727957
pgmigrate_success 68751509
pgmigrate_success 68781747
pgmigrate_success 68846318
pgmigrate_success 68865263
pgmigrate_success 68865775
pgmigrate_success 68865775
pgmigrate_success 68865775
pgmigrate_success 68865775
pgmigrate_success 68877551
pgmigrate_success 68959986
pgmigrate_success 69129639
pgmigrate_success 69293493
pgmigrate_success 69293493
pgmigrate_success 69293493
pgmigrate_success 69293493
pgmigrate_success 69293493
pgmigrate_success 69294005
pgmigrate_success 69332922
pgmigrate_success 69454787
pgmigrate_success 69549002
pgmigrate_success 69549002
pgmigrate_success 69652951
pgmigrate_success 69685748
pgmigrate_success 69686261
pgmigrate_success 69686261
pgmigrate_success 69686261
pgmigrate_success 69734406
pgmigrate_success 69734406
