anon 0
anon_thp 0
anon 285077504
anon_thp 283115520
anon 563134464
anon_thp 559939584
anon 839958528
anon_thp 836763648
anon 1114685440
anon_thp 1111490560
anon 1393606656
anon_thp 1390411776
anon 1672527872
anon_thp 1669332992
anon 1955643392
anon_thp 1952448512
anon 2236661760
anon_thp 2233466880
anon 2515582976
anon_thp 2512388096
anon 2802892800
anon_thp 2799697920
anon 3083911168
anon_thp 3080716288
anon 3369123840
anon_thp 3365928960
anon 3645947904
anon_thp 3642753024
anon 3926966272
anon_thp 3923771392
anon 4216373248
anon_thp 4213178368
anon 4497391616
anon_thp 4494196736
anon 4778409984
anon_thp 4775215104
anon 5063622656
anon_thp 5060427776
anon 5353029632
anon_thp 5349834752
anon 5631950848
anon_thp 5628755968
anon 5908774912
anon_thp 5905580032
anon 6191890432
anon_thp 6188695552
anon 6859444224
anon_thp 6853492736
anon 6859444224
anon_thp 6853492736
anon 6983090176
anon_thp 6975127552
anon 7257817088
anon_thp 7249854464
anon 7536738304
anon_thp 7528775680
anon 7826145280
anon_thp 7818182656
anon 8109260800
anon_thp 8101298176
anon 8392376320
anon_thp 8384413696
anon 8677588992
anon_thp 8669626368
anon 8960704512
anon_thp 8952741888
anon 9248014336
anon_thp 9240051712
anon 9524838400
anon_thp 9516875776
anon 9803759616
anon_thp 9795796992
anon 10086875136
anon_thp 10078912512
anon 10372087808
anon_thp 10364125184
anon 10648911872
anon_thp 10640949248
anon 10925735936
anon_thp 10917773312
anon 11204657152
anon_thp 11196694528
anon 11491966976
anon_thp 11484004352
anon 11764596736
anon_thp 11756634112
anon 12033032192
anon_thp 12025069568
anon 12305661952
anon_thp 12297699328
anon 12578291712
anon_thp 12570329088
anon 13561458688
anon_thp 13547601920
anon 13951524864
anon_thp 13931380736
anon 13976690688
anon_thp 13956546560
anon 13991370752
anon_thp 13971226624
anon 14006050816
anon_thp 13985906688
anon 14022828032
anon_thp 14002683904
anon 14033313792
anon_thp 14013169664
anon 13949894656
anon_thp 13931380736
anon 14041702400
anon_thp 14021558272
anon 14041702400
anon_thp 14021558272
anon 13797482496
anon_thp 13780385792
anon 13941039104
anon_thp 13920894976
anon 13976690688
anon_thp 13956546560
anon 13993467904
anon_thp 13973323776
anon 14006050816
anon_thp 13985906688
anon 14027022336
anon_thp 14006878208
anon 14041702400
anon_thp 14021558272
anon 14043799552
anon_thp 14023655424
anon 14043799552
anon_thp 14023655424
anon 13206347776
anon_thp 13193183232
anon 13955719168
anon_thp 13935575040
anon 13999759360
anon_thp 13979615232
anon 14018633728
anon_thp 13998489600
anon 14039605248
anon_thp 14019461120
anon 14043799552
anon_thp 14023655424
anon 14043799552
anon_thp 14023655424
anon 13640163328
anon_thp 13625196544
anon 13957816320
anon_thp 13937672192
anon 14001856512
anon_thp 13981712384
anon 14020730880
anon_thp 14000586752
anon 14039605248
anon_thp 14019461120
anon 14043799552
anon_thp 14023655424
anon 14043799552
anon_thp 14023655424
anon 13482876928
anon_thp 13467910144
anon 13953622016
anon_thp 13933477888
anon 13980884992
anon_thp 13960740864
anon 14014439424
anon_thp 13994295296
anon 14033313792
anon_thp 14013169664
anon 14043799552
anon_thp 14023655424
anon 14043799552
anon_thp 14023655424
anon 14043799552
anon_thp 14023655424
anon 13926359040
anon_thp 13906214912
anon 13989273600
anon_thp 13969129472
anon 14010245120
anon_thp 13990100992
anon 14031216640
anon_thp 14011072512
anon 14041702400
anon_thp 14021558272
anon 14043799552
anon_thp 14023655424
anon 14043799552
anon_thp 14023655424
anon 13922164736
anon_thp 13902020608
anon 13976690688
anon_thp 13956546560
anon 14010245120
anon_thp 13990100992
anon 14029119488
anon_thp 14008975360
anon 14043799552
anon_thp 14023655424
anon 14043799552
anon_thp 14023655424
anon 14043799552
anon_thp 14023655424
anon 13919543296
anon_thp 13902020608
anon 13974069248
anon_thp 13956546560
anon 14011817984
anon_thp 13994295296
anon 14028595200
anon_thp 14011072512
anon 14045372416
anon_thp 14027849728
anon 14045372416
anon_thp 14027849728
anon 14045372416
anon_thp 14027849728
anon 13913251840
anon_thp 13895729152
anon 13969874944
anon_thp 13952352256
anon 13990846464
anon_thp 13973323776
anon 14005526528
anon_thp 13988003840
anon 14026498048
anon_thp 14008975360
anon 14043275264
anon_thp 14025752576
anon 14045372416
anon_thp 14027849728
anon 14045372416
anon_thp 14027849728
anon 14045372416
anon_thp 14027849728
anon 13934223360
anon_thp 13916700672
anon 13974069248
anon_thp 13956546560
anon 13995040768
anon_thp 13977518080
anon 14009720832
anon_thp 13992198144
anon 14020206592
anon_thp 14002683904
anon 14032789504
anon_thp 14015266816
anon 13961486336
anon_thp 13943963648
anon 14045372416
anon_thp 14027849728
anon 14045372416
anon_thp 14027849728
anon 6498140160
anon_thp 6488588288
