anon 946176
anon_thp 0
anon 201732096
anon_thp 199229440
anon 407252992
anon_thp 404750336
anon 620294144
anon_thp 616562688
anon 823717888
anon_thp 819986432
anon 1033433088
anon_thp 1029701632
anon 1228464128
anon_thp 1224736768
anon 1423507456
anon_thp 1419771904
anon 1614348288
anon_thp 1610612736
anon 1826160640
anon_thp 1822425088
anon 2033774592
anon_thp 2030043136
anon 2241392640
anon_thp 2237661184
anon 2446917632
anon_thp 2443182080
anon 2650337280
anon_thp 2646605824
anon 2862153728
anon_thp 2858418176
anon 3067670528
anon_thp 3063939072
anon 3279482880
anon_thp 3275751424
anon 3478712320
anon_thp 3474980864
anon 3690520576
anon_thp 3686793216
anon 3896041472
anon_thp 3892314112
anon 4099469312
anon_thp 4095737856
anon 4309184512
anon_thp 4305453056
anon 4514709504
anon_thp 4510973952
anon 4724416512
anon_thp 4720689152
anon 4929945600
anon_thp 4926210048
anon 5141753856
anon_thp 5138022400
anon 5332598784
anon_thp 5328863232
anon 5533921280
anon_thp 5530189824
anon 5737349120
anon_thp 5733613568
anon 5949153280
anon_thp 5945425920
anon 6148386816
anon_thp 6144655360
anon 6358102016
anon_thp 6354370560
anon 6860148736
anon_thp 6853492736
anon 6860148736
anon_thp 6853492736
anon 6950072320
anon_thp 6941573120
anon 7155593216
anon_thp 7147094016
anon 7348527104
anon_thp 7340032000
anon 7556153344
anon_thp 7547650048
anon 7759572992
anon_thp 7751073792
anon 7963000832
anon_thp 7954497536
anon 8172716032
anon_thp 8164212736
anon 8340488192
anon_thp 8331984896
anon 8548098048
anon_thp 8539602944
anon 8755724288
anon_thp 8747220992
anon 8938168320
anon_thp 8929673216
anon 9143689216
anon_thp 9135194112
anon 9351315456
anon_thp 9342812160
anon 9556836352
anon_thp 9548333056
anon 9762353152
anon_thp 9753853952
anon 9969975296
anon_thp 9961472000
anon 10175496192
anon_thp 10166992896
anon 10378919936
anon_thp 10370416640
anon 10588635136
anon_thp 10580131840
anon 10794151936
anon_thp 10785652736
anon 10999676928
anon_thp 10991173632
anon 11207290880
anon_thp 11198791680
anon 11410714624
anon_thp 11402215424
anon 11620429824
anon_thp 11611930624
anon 11825954816
anon_thp 11817451520
anon 12029370368
anon_thp 12020875264
anon 12234899456
anon_thp 12226396160
anon 12440416256
anon_thp 12431917056
anon 12645937152
anon_thp 12637437952
anon 13772697600
anon_thp 13755219968
anon 13962551296
anon_thp 13941866496
anon 13991911424
anon_thp 13971226624
anon 14019170304
anon_thp 13998489600
anon 14035947520
anon_thp 14015266816
anon 14042238976
anon_thp 14021558272
anon 14044336128
anon_thp 14023655424
anon 14044336128
anon_thp 14023655424
anon 13912219648
anon_thp 13891534848
anon 13966745600
anon_thp 13946060800
anon 13983518720
anon_thp 13962838016
anon 13998198784
anon_thp 13977518080
anon 14008688640
anon_thp 13988003840
anon 14023360512
anon_thp 14002683904
anon 14033850368
anon_thp 14013169664
anon 14044340224
anon_thp 14023655424
anon 14044336128
anon_thp 14023655424
anon 14044340224
anon_thp 14023655424
anon 14044336128
anon_thp 14023655424
anon 13773811712
anon_thp 13755219968
anon 13964644352
anon_thp 13943963648
anon 13987717120
anon_thp 13967032320
anon 14002397184
anon_thp 13981712384
anon 14012878848
anon_thp 13992198144
anon 14023368704
anon_thp 14002683904
anon 14033850368
anon_thp 14013169664
anon 13927194624
anon_thp 13908312064
anon 14044336128
anon_thp 14023655424
anon 14044336128
anon_thp 14023655424
anon 14044336128
anon_thp 14023655424
anon 13918511104
anon_thp 13897826304
anon 13968838656
anon_thp 13948157952
anon 13991903232
anon_thp 13971226624
anon 14008684544
anon_thp 13988003840
anon 14017077248
anon_thp 13996392448
anon 14025457664
anon_thp 14004781056
anon 14035951616
anon_thp 14015266816
anon 14044332032
anon_thp 14023655424
anon 14044336128
anon_thp 14023655424
anon 14044340224
anon_thp 14023655424
anon 13798019072
anon_thp 13780385792
anon 13945765888
anon_thp 13925089280
anon 13975134208
anon_thp 13954449408
anon 13987708928
anon_thp 13967032320
anon 14010781696
anon_thp 13990100992
anon 14023364608
anon_thp 14002683904
anon 14033854464
anon_thp 14013169664
anon 14044336128
anon_thp 14023655424
anon 14044340224
anon_thp 14023655424
anon 14044336128
anon_thp 14023655424
anon 14044336128
anon_thp 14023655424
anon 13926891520
anon_thp 13906214912
anon 13977227264
anon_thp 13956546560
anon 13994008576
anon_thp 13973323776
anon 14006583296
anon_thp 13985906688
anon 14014980096
anon_thp 13994295296
anon 14027558912
anon_thp 14006878208
anon 14040141824
anon_thp 14019461120
anon 14044340224
anon_thp 14023655424
anon 14044336128
anon_thp 14023655424
anon 14044340224
anon_thp 14023655424
anon 13183811584
anon_thp 13170114560
anon 13935284224
anon_thp 13914603520
anon 13977227264
anon_thp 13956546560
anon 14000300032
anon_thp 13979615232
anon 14014976000
anon_thp 13994295296
anon 14025465856
anon_thp 14004781056
anon 14033850368
anon_thp 14013169664
anon 14044340224
anon_thp 14023655424
anon 14044340224
anon_thp 14023655424
anon 14044336128
anon_thp 14023655424
anon 14044336128
anon_thp 14023655424
anon 13933187072
anon_thp 13912506368
anon 13962547200
anon_thp 13941866496
anon 13994004480
anon_thp 13973323776
anon 14010781696
anon_thp 13990100992
anon 14023360512
anon_thp 14002683904
anon 14031753216
anon_thp 14011072512
anon 14042238976
anon_thp 14021558272
anon 14044332032
anon_thp 14023655424
anon 14044336128
anon_thp 14023655424
anon 14044340224
anon_thp 14023655424
anon 13912215552
anon_thp 13891534848
anon 13964648448
anon_thp 13943963648
anon 13981425664
anon_thp 13960740864
anon 13996101632
anon_thp 13975420928
anon 14006587392
anon_thp 13985906688
anon 14021271552
anon_thp 14000586752
anon 14031753216
anon_thp 14011072512
anon 14044340224
anon_thp 14023655424
anon 14044332032
anon_thp 14023655424
anon 14044336128
anon_thp 14023655424
anon 14044336128
anon_thp 14023655424
anon 13397729280
anon_thp 13384024064
anon 13941575680
anon_thp 13920894976
anon 13983522816
anon_thp 13962838016
anon 14000291840
anon_thp 13979615232
anon 14012882944
anon_thp 13992198144
anon 14021263360
anon_thp 14000586752
anon 14031753216
anon_thp 14011072512
anon 14042234880
anon_thp 14021558272
anon 14044332032
anon_thp 14023655424
anon 14044336128
anon_thp 14023655424
anon 14044336128
anon_thp 14023655424
