pgmigrate_success 214631043
pgmigrate_success 214631050
pgmigrate_success 214631051
pgmigrate_success 214631052
pgmigrate_success 214631052
pgmigrate_success 214631053
pgmigrate_success 214631055
pgmigrate_success 214631056
pgmigrate_success 214631057
pgmigrate_success 214631058
pgmigrate_success 214631059
pgmigrate_success 214631060
pgmigrate_success 214631061
pgmigrate_success 214631062
pgmigrate_success 214631063
pgmigrate_success 214631064
pgmigrate_success 214631065
pgmigrate_success 214631066
pgmigrate_success 214631067
pgmigrate_success 214631068
pgmigrate_success 214631069
pgmigrate_success 214631070
pgmigrate_success 214631071
pgmigrate_success 214631072
pgmigrate_success 214631073
pgmigrate_success 214631074
pgmigrate_success 214631075
pgmigrate_success 214631076
pgmigrate_success 214631077
pgmigrate_success 214631078
pgmigrate_success 214631079
pgmigrate_success 214631080
pgmigrate_success 214645930
pgmigrate_success 214645931
pgmigrate_success 214645932
pgmigrate_success 214645933
pgmigrate_success 214645934
pgmigrate_success 214645935
pgmigrate_success 214645936
pgmigrate_success 214645937
pgmigrate_success 214645938
pgmigrate_success 214645939
pgmigrate_success 214645940
pgmigrate_success 214645941
pgmigrate_success 214645942
pgmigrate_success 214645943
pgmigrate_success 214645944
pgmigrate_success 214645945
pgmigrate_success 214645946
pgmigrate_success 214645947
pgmigrate_success 214645948
pgmigrate_success 214645949
pgmigrate_success 214645950
pgmigrate_success 214645951
pgmigrate_success 214645952
pgmigrate_success 214645953
pgmigrate_success 214645954
pgmigrate_success 214645955
pgmigrate_success 214645956
pgmigrate_success 214645957
pgmigrate_success 214645958
pgmigrate_success 214645959
pgmigrate_success 214645960
pgmigrate_success 214653642
pgmigrate_success 214729930
pgmigrate_success 214729930
pgmigrate_success 214729930
pgmigrate_success 214729930
pgmigrate_success 214747338
pgmigrate_success 214761674
pgmigrate_success 214761674
pgmigrate_success 214761674
pgmigrate_success 214837962
pgmigrate_success 214837962
pgmigrate_success 214837962
pgmigrate_success 214837962
pgmigrate_success 214837962
pgmigrate_success 214837962
pgmigrate_success 214837962
pgmigrate_success 214837962
pgmigrate_success 214837962
pgmigrate_success 214837962
pgmigrate_success 214837962
pgmigrate_success 214837962
pgmigrate_success 214837962
pgmigrate_success 214837962
pgmigrate_success 214837962
pgmigrate_success 214837962
pgmigrate_success 214837962
pgmigrate_success 214837962
pgmigrate_success 214837962
pgmigrate_success 214837962
pgmigrate_success 214837962
pgmigrate_success 214837962
pgmigrate_success 214837962
pgmigrate_success 214837962
pgmigrate_success 214837962
pgmigrate_success 214837962
pgmigrate_success 214837962
pgmigrate_success 214837962
pgmigrate_success 214837962
pgmigrate_success 214837962
pgmigrate_success 214837962
pgmigrate_success 214837962
pgmigrate_success 214837962
pgmigrate_success 214837962
pgmigrate_success 214837962
pgmigrate_success 214837962
pgmigrate_success 214837962
pgmigrate_success 214837962
pgmigrate_success 214837962
pgmigrate_success 214837962
pgmigrate_success 214837962
pgmigrate_success 214837962
pgmigrate_success 214837962
pgmigrate_success 214837962
pgmigrate_success 214837962
pgmigrate_success 214837962
pgmigrate_success 214837962
pgmigrate_success 214837962
pgmigrate_success 214837962
pgmigrate_success 214837962
pgmigrate_success 214837962
pgmigrate_success 214837962
pgmigrate_success 214837962
pgmigrate_success 214837962
pgmigrate_success 214837962
pgmigrate_success 214837962
pgmigrate_success 214837962
pgmigrate_success 214837962
pgmigrate_success 214837962
pgmigrate_success 214837962
pgmigrate_success 214837962
pgmigrate_success 214837962
pgmigrate_success 214837962
pgmigrate_success 214837962
pgmigrate_success 214837962
pgmigrate_success 214837962
pgmigrate_success 214837962
pgmigrate_success 214837962
pgmigrate_success 214837962
pgmigrate_success 214837962
pgmigrate_success 214837962
pgmigrate_success 214837962
pgmigrate_success 214837962
pgmigrate_success 214837962
pgmigrate_success 214837962
pgmigrate_success 214837962
pgmigrate_success 214837962
pgmigrate_success 214837962
pgmigrate_success 214837962
pgmigrate_success 214837962
pgmigrate_success 214837962
pgmigrate_success 214837962
pgmigrate_success 214837962
pgmigrate_success 214837962
pgmigrate_success 214837962
pgmigrate_success 214837962
pgmigrate_success 214837962
pgmigrate_success 214837962
pgmigrate_success 214837962
pgmigrate_success 214837962
pgmigrate_success 214837962
pgmigrate_success 214837962
pgmigrate_success 214837962
pgmigrate_success 214837962
pgmigrate_success 214837962
pgmigrate_success 214837962
