anon 573440
anon_thp 0
anon 279515136
anon_thp 276824064
anon 565956608
anon_thp 562036736
anon 853274624
anon_thp 849346560
anon 1142685696
anon_thp 1138753536
anon 1429995520
anon_thp 1426063360
anon 1723592704
anon_thp 1719664640
anon 2019291136
anon_thp 2015363072
anon 2310795264
anon_thp 2306867200
anon 2602299392
anon_thp 2598371328
anon 2895904768
anon_thp 2891972608
anon 3193696256
anon_thp 3189768192
anon 3485200384
anon_thp 3481272320
anon 3774607360
anon_thp 3770679296
anon 4068208640
anon_thp 4064280576
anon 4363911168
anon_thp 4359979008
anon 4653314048
anon_thp 4649385984
anon 4944822272
anon_thp 4940890112
anon 5242613760
anon_thp 5238685696
anon 5546700800
anon_thp 5542772736
anon 5834010624
anon_thp 5830082560
anon 6129709056
anon_thp 6125780992
anon 6814756864
anon_thp 6809452544
anon 6860255232
anon_thp 6853492736
anon 6956564480
anon_thp 6947864576
anon 7241773056
anon_thp 7233077248
anon 7537471488
anon_thp 7528775680
anon 7837364224
anon_thp 7828668416
anon 8130965504
anon_thp 8122269696
anon 8430858240
anon_thp 8422162432
anon 8732848128
anon_thp 8724152320
anon 9026449408
anon_thp 9017753600
anon 9322147840
anon_thp 9313452032
anon 9611558912
anon_thp 9602859008
anon 9900961792
anon_thp 9892265984
anon 10192470016
anon_thp 10183770112
anon 10488164352
anon_thp 10479468544
anon 10769178624
anon_thp 10760486912
anon 11056488448
anon_thp 11047796736
anon 11343806464
anon_thp 11335106560
anon 11639500800
anon_thp 11630804992
anon 11924713472
anon_thp 11916017664
anon 12216217600
anon_thp 12207521792
anon 12503527424
anon_thp 12494831616
anon 12809564160
anon_thp 12798918656
anon 13948063744
anon_thp 13927186432
anon 13977427968
anon_thp 13956546560
anon 13990006784
anon_thp 13969129472
anon 14006788096
anon_thp 13985906688
anon 14021464064
anon_thp 14000586752
anon 14031949824
anon_thp 14011072512
anon 14042435584
anon_thp 14021558272
anon 14044532736
anon_thp 14023655424
anon 14042435584
anon_thp 14021558272
anon 14044532736
anon_thp 14023655424
anon 13929193472
anon_thp 13908312064
anon 13973229568
anon_thp 13952352256
anon 13990010880
anon_thp 13969129472
anon 14002585600
anon_thp 13981712384
anon 14019366912
anon_thp 13998489600
anon 14034051072
anon_thp 14013169664
anon 14044532736
anon_thp 14023655424
anon 14044536832
anon_thp 14023655424
anon 14044536832
anon_thp 14023655424
anon 13165133824
anon_thp 13151240192
anon 13956452352
anon_thp 13935575040
anon 13990006784
anon_thp 13969129472
anon 14008885248
anon_thp 13988003840
anon 14021464064
anon_thp 14000586752
anon 14036144128
anon_thp 14015266816
anon 14044536832
anon_thp 14023655424
anon 14044528640
anon_thp 14023655424
anon 14044532736
anon_thp 14023655424
anon 13916606464
anon_thp 13895729152
anon 13971132416
anon_thp 13950255104
anon 14000488448
anon_thp 13979615232
anon 14015172608
anon_thp 13994295296
anon 14023561216
anon_thp 14002683904
anon 14038241280
anon_thp 14017363968
anon 14042435584
anon_thp 14021558272
anon 14044536832
anon_thp 14023655424
anon 14044532736
anon_thp 14023655424
anon 13929193472
anon_thp 13908312064
anon 13971136512
anon_thp 13950255104
anon 13994196992
anon_thp 13973323776
anon 14019366912
anon_thp 13998489600
anon 14031949824
anon_thp 14011072512
anon 14044532736
anon_thp 14023655424
anon 14044532736
anon_thp 14023655424
anon 14044532736
anon_thp 14023655424
anon 13878865920
anon_thp 13860077568
anon 13964840960
anon_thp 13943963648
anon 13994201088
anon_thp 13973323776
anon 14008881152
anon_thp 13988003840
anon 14023565312
anon_thp 14002683904
anon 14036140032
anon_thp 14015266816
anon 14044532736
anon_thp 14023655424
anon 14044532736
anon_thp 14023655424
anon 14044532736
anon_thp 14023655424
anon 13912408064
anon_thp 13891534848
anon 13960650752
anon_thp 13939769344
anon 14000492544
anon_thp 13979615232
anon 14017269760
anon_thp 13996392448
anon 14029852672
anon_thp 14008975360
anon 14044528640
anon_thp 14023655424
anon 14044532736
anon_thp 14023655424
anon 14044532736
anon_thp 14023655424
anon 13129043968
anon_thp 13117685760
anon 13943427072
anon_thp 13925089280
anon 13985366016
anon_thp 13967032320
anon 14010531840
anon_thp 13992198144
anon 14025211904
anon_thp 14004781056
anon 14035701760
anon_thp 14015266816
anon 14046183424
anon_thp 14019461120
anon 14046179328
anon_thp 14019461120
anon 14046179328
anon_thp 14019461120
anon 13914066944
anon_thp 13887340544
anon 13966491648
anon_thp 13939769344
anon 13991657472
anon_thp 13964935168
anon 14006341632
anon_thp 13979615232
anon 14027309056
anon_thp 14000586752
anon 14041989120
anon_thp 14015266816
anon 14046183424
anon_thp 14019461120
anon 14046183424
anon_thp 14019461120
anon 14046183424
anon_thp 14019461120
anon 13924548608
anon_thp 13897826304
anon 13979074560
anon_thp 13952352256
anon 14004240384
anon_thp 13977518080
anon 14018916352
anon_thp 13992198144
anon 14031507456
anon_thp 14004781056
anon 14046183424
anon_thp 14019461120
anon 14046187520
anon_thp 14019461120
anon 14046187520
anon_thp 14019461120
