hot 0 warm 0 cold 0
hot 2 warm 0 cold 0
hot 2 warm 0 cold 0
hot 2 warm 0 cold 0
hot 2 warm 0 cold 0
hot 2 warm 0 cold 0
hot 2 warm 0 cold 0
hot 2 warm 0 cold 0
hot 2 warm 0 cold 0
hot 2 warm 0 cold 0
hot 2 warm 0 cold 0
hot 2 warm 0 cold 0
hot 2 warm 0 cold 0
hot 2 warm 0 cold 0
hot 2 warm 0 cold 0
hot 2 warm 0 cold 0
hot 2 warm 0 cold 0
hot 2 warm 0 cold 0
hot 2 warm 0 cold 0
hot 2 warm 0 cold 0
hot 2 warm 0 cold 0
hot 14345 warm 0 cold 0
hot 14347 warm 0 cold 46
hot 14347 warm 0 cold 46
hot 14347 warm 0 cold 46
hot 14347 warm 0 cold 46
hot 14347 warm 0 cold 46
hot 14347 warm 0 cold 46
hot 14347 warm 0 cold 46
hot 14347 warm 0 cold 46
hot 14347 warm 0 cold 46
hot 14347 warm 0 cold 46
hot 14347 warm 0 cold 52
hot 14347 warm 0 cold 52
hot 14347 warm 0 cold 52
hot 14347 warm 0 cold 52
hot 14347 warm 0 cold 52
hot 14347 warm 0 cold 52
hot 14347 warm 0 cold 52
hot 14347 warm 0 cold 52
hot 14347 warm 0 cold 52
hot 14347 warm 0 cold 52
hot 14347 warm 0 cold 52
hot 1747717 warm 0 cold 0
hot 1773317 warm 0 cold 0
hot 1782021 warm 0 cold 0
hot 1786630 warm 0 cold 0
hot 1790726 warm 0 cold 0
hot 1797894 warm 0 cold 0
hot 1807110 warm 0 cold 0
hot 294561 warm 0 cold 1544573
hot 318167 warm 0 cold 1544007
hot 325371 warm 0 cold 1542435
hot 91949 warm 0 cold 1464124
hot 292653 warm 0 cold 1464124
hot 309549 warm 0 cold 1464124
hot 312621 warm 0 cold 1464124
hot 314157 warm 0 cold 1464124
hot 231959 warm 0 cold 1554002
hot 253466 warm 0 cold 1540175
hot 291356 warm 0 cold 1511501
hot 352055 warm 0 cold 1479242
hot 386365 warm 0 cold 1468484
hot 389438 warm 0 cold 1468483
hot 179577 warm 212933 cold 1467971
hot 189987 warm 85582 cold 1467971
hot 216099 warm 85582 cold 1467971
hot 225827 warm 0 cold 1553553
hot 228387 warm 0 cold 1553553
hot 230947 warm 0 cold 1553553
hot 237094 warm 0 cold 1553038
hot 247337 warm 0 cold 1550475
hot 272707 warm 0 cold 1526409
hot 363849 warm 0 cold 1487491
hot 350 warm 303596 cold 1553538
hot 30633 warm 278434 cold 1553537
hot 180229 warm 1 cold 1553535
hot 208390 warm 0 cold 1553535
hot 226822 warm 0 cold 1553535
hot 230406 warm 0 cold 1553535
hot 233990 warm 0 cold 1553535
hot 237062 warm 0 cold 1553535
hot 245255 warm 0 cold 1553534
hot 268577 warm 0 cold 1553532
hot 294178 warm 0 cold 1553531
hot 1 warm 307482 cold 1553538
hot 2 warm 311065 cold 1553538
hot 185345 warm 0 cold 1553538
hot 208897 warm 0 cold 1553538
hot 219137 warm 0 cold 1553538
hot 228865 warm 1 cold 1553537
hot 235009 warm 1 cold 1553537
hot 241153 warm 0 cold 1553538
hot 253953 warm 0 cold 1553538
hot 289561 warm 0 cold 1553538
hot 1 warm 302360 cold 1553538
hot 1 warm 302872 cold 1553538
hot 138241 warm 0 cold 1553539
hot 208897 warm 0 cold 1553539
hot 224769 warm 0 cold 1553539
hot 227841 warm 0 cold 1553539
hot 230401 warm 0 cold 1553539
hot 236033 warm 0 cold 1553539
hot 244225 warm 0 cold 1553539
hot 199961 warm 0 cold 1553539
hot 295705 warm 0 cold 1553539
hot 301337 warm 0 cold 1553539
hot 306969 warm 0 cold 1553539
hot 173056 warm 0 cold 1553539
hot 210944 warm 0 cold 1553539
hot 224256 warm 0 cold 1553539
hot 230400 warm 0 cold 1553539
hot 233984 warm 0 cold 1553539
hot 233746 warm 0 cold 3108130
hot 249112 warm 0 cold 3108130
hot 273968 warm 0 cold 3108130
hot 296496 warm 0 cold 3108130
hot 309808 warm 0 cold 3108130
hot 214576 warm 0 cold 3108130
hot 200192 warm 0 cold 3108130
hot 217600 warm 0 cold 3108130
hot 226816 warm 0 cold 3108130
hot 230912 warm 0 cold 3108130
hot 235520 warm 0 cold 3108642
hot 241664 warm 0 cold 3108642
hot 256512 warm 0 cold 3108642
hot 290584 warm 0 cold 3108642
hot 303896 warm 0 cold 3108642
hot 308504 warm 0 cold 3108642
hot 14336 warm 0 cold 3108642
hot 196608 warm 0 cold 3108642
hot 212992 warm 0 cold 3108642
hot 217088 warm 0 cold 3108642
hot 225280 warm 0 cold 3108642
hot 231936 warm 0 cold 3108642
hot 240640 warm 0 cold 3108642
hot 251392 warm 0 cold 3108642
hot 282392 warm 0 cold 3108642
hot 300312 warm 0 cold 3108642
hot 304920 warm 0 cold 3108642
hot 308504 warm 0 cold 3108642
hot 188928 warm 0 cold 3108642
hot 216064 warm 0 cold 3108642
hot 225280 warm 0 cold 3108642
hot 229376 warm 0 cold 3108642
hot 231936 warm 0 cold 3108642
hot 236544 warm 0 cold 3108642
hot 247296 warm 0 cold 3108642
hot 266008 warm 0 cold 3108642
hot 295192 warm 0 cold 3108642
hot 303896 warm 0 cold 3108642
hot 307992 warm 0 cold 3108642
