pgmigrate_success 3842750
pgmigrate_success 3842755
pgmigrate_success 3842755
pgmigrate_success 3842755
pgmigrate_success 3842755
pgmigrate_success 3842755
pgmigrate_success 3842755
pgmigrate_success 3842755
pgmigrate_success 3842755
pgmigrate_success 3842755
pgmigrate_success 3842755
pgmigrate_success 3842755
pgmigrate_success 3842755
pgmigrate_success 3842755
pgmigrate_success 3842755
pgmigrate_success 3842755
pgmigrate_success 3842755
pgmigrate_success 3842755
pgmigrate_success 3842755
pgmigrate_success 3842755
pgmigrate_success 3842755
pgmigrate_success 3842755
pgmigrate_success 3848422
pgmigrate_success 3848428
pgmigrate_success 3848428
pgmigrate_success 3848430
pgmigrate_success 3848434
pgmigrate_success 3848434
pgmigrate_success 3848434
pgmigrate_success 3848436
pgmigrate_success 3848436
pgmigrate_success 3848440
pgmigrate_success 3849192
pgmigrate_success 3849192
pgmigrate_success 3849192
pgmigrate_success 3849194
pgmigrate_success 3849194
pgmigrate_success 3849194
pgmigrate_success 3849194
pgmigrate_success 3849194
pgmigrate_success 3849194
pgmigrate_success 3849194
pgmigrate_success 3849194
pgmigrate_success 3849739
pgmigrate_success 3849739
pgmigrate_success 3849739
pgmigrate_success 3849739
pgmigrate_success 3849739
pgmigrate_success 3849801
pgmigrate_success 3849801
pgmigrate_success 3852361
pgmigrate_success 3856462
pgmigrate_success 3856974
pgmigrate_success 3856974
pgmigrate_success 3859534
pgmigrate_success 3865177
pgmigrate_success 3865177
pgmigrate_success 3865177
pgmigrate_success 3865177
pgmigrate_success 3865177
pgmigrate_success 3865177
pgmigrate_success 3874393
pgmigrate_success 3874393
pgmigrate_success 3874393
pgmigrate_success 3874670
pgmigrate_success 3876244
pgmigrate_success 3876756
pgmigrate_success 3876756
pgmigrate_success 3876756
pgmigrate_success 3876756
pgmigrate_success 3876756
pgmigrate_success 3876756
pgmigrate_success 3876756
pgmigrate_success 3883927
pgmigrate_success 3883927
pgmigrate_success 3884194
pgmigrate_success 3889833
pgmigrate_success 3889833
pgmigrate_success 3889833
pgmigrate_success 3889833
pgmigrate_success 3889833
pgmigrate_success 3889833
pgmigrate_success 3889833
pgmigrate_success 3889833
pgmigrate_success 3889833
pgmigrate_success 3889833
pgmigrate_success 3889833
pgmigrate_success 3895467
pgmigrate_success 3895467
pgmigrate_success 3895467
pgmigrate_success 3895467
pgmigrate_success 3895467
pgmigrate_success 3895467
pgmigrate_success 3895467
pgmigrate_success 3895467
pgmigrate_success 3895578
pgmigrate_success 3895578
pgmigrate_success 3899162
pgmigrate_success 3900698
pgmigrate_success 3901210
pgmigrate_success 3901210
pgmigrate_success 3901210
pgmigrate_success 3901210
pgmigrate_success 3901210
pgmigrate_success 3901210
pgmigrate_success 3901210
pgmigrate_success 3901210
pgmigrate_success 3903340
pgmigrate_success 3908981
pgmigrate_success 3908981
pgmigrate_success 3908981
pgmigrate_success 3908981
pgmigrate_success 3908981
pgmigrate_success 3908981
pgmigrate_success 3908981
pgmigrate_success 3908981
pgmigrate_success 3908981
pgmigrate_success 3909608
pgmigrate_success 3909608
pgmigrate_success 3914738
pgmigrate_success 3915250
pgmigrate_success 3915250
pgmigrate_success 3915250
pgmigrate_success 3915250
pgmigrate_success 3915250
pgmigrate_success 3915250
pgmigrate_success 3915250
pgmigrate_success 3915847
pgmigrate_success 3916359
pgmigrate_success 3921995
pgmigrate_success 3921995
pgmigrate_success 3921995
pgmigrate_success 3921995
pgmigrate_success 3921995
pgmigrate_success 3921995
pgmigrate_success 3921995
pgmigrate_success 3921995
pgmigrate_success 3921995
pgmigrate_success 3921995
pgmigrate_success 3921995
pgmigrate_success 3922002
pgmigrate_success 3927636
pgmigrate_success 3927636
pgmigrate_success 3927636
pgmigrate_success 3927636
pgmigrate_success 3927636
pgmigrate_success 3927636
pgmigrate_success 3927636
pgmigrate_success 3927636
pgmigrate_success 3927636
pgmigrate_success 3927636
pgmigrate_success 3927636
