hot 0 warm 0 cold 0
hot 0 warm 0 cold 0
hot 0 warm 0 cold 0
hot 0 warm 0 cold 0
hot 0 warm 0 cold 0
hot 0 warm 0 cold 0
hot 0 warm 0 cold 0
hot 0 warm 0 cold 0
hot 0 warm 0 cold 0
hot 0 warm 0 cold 0
hot 0 warm 0 cold 0
hot 0 warm 0 cold 0
hot 0 warm 0 cold 0
hot 0 warm 0 cold 0
hot 0 warm 0 cold 0
hot 0 warm 0 cold 0
hot 0 warm 0 cold 0
hot 0 warm 0 cold 0
hot 0 warm 0 cold 0
hot 0 warm 0 cold 0
hot 0 warm 0 cold 0
hot 0 warm 0 cold 0
hot 0 warm 0 cold 0
hot 0 warm 0 cold 0
hot 14340 warm 0 cold 0
hot 14340 warm 0 cold 0
hot 14340 warm 0 cold 0
hot 14340 warm 0 cold 0
hot 14340 warm 0 cold 0
hot 14340 warm 0 cold 0
hot 14340 warm 0 cold 0
hot 14340 warm 0 cold 9
hot 14340 warm 0 cold 9
hot 14340 warm 0 cold 9
hot 14340 warm 0 cold 9
hot 14340 warm 0 cold 9
hot 14340 warm 0 cold 9
hot 14340 warm 0 cold 9
hot 14340 warm 0 cold 9
hot 14340 warm 0 cold 9
hot 14340 warm 0 cold 9
hot 14340 warm 0 cold 9
hot 14340 warm 0 cold 9
hot 14340 warm 0 cold 9
hot 14340 warm 0 cold 9
hot 14340 warm 0 cold 9
hot 14340 warm 0 cold 9
hot 12867 warm 0 cold 0
hot 1726114 warm 0 cold 0
hot 1742498 warm 0 cold 0
hot 1757858 warm 0 cold 0
hot 1784482 warm 0 cold 0
hot 1795234 warm 0 cold 0
hot 1802402 warm 0 cold 0
hot 1814690 warm 0 cold 0
hot 430789 warm 0 cold 1417973
hot 523512 warm 0 cold 1345218
hot 313620 warm 0 cold 1556134
hot 228141 warm 0 cold 1460954
hot 311085 warm 0 cold 1460954
hot 320813 warm 0 cold 1460954
hot 323885 warm 290304 cold 1170650
hot 329519 warm 324608 cold 1133784
hot 345393 warm 432128 cold 1017046
hot 386871 warm 530432 cold 890064
hot 476243 warm 605696 cold 781517
hot 405313 warm 0 cold 1462239
hot 405313 warm 0 cold 1462239
hot 272270 warm 0 cold 1462239
hot 313743 warm 0 cold 1462238
hot 321425 warm 0 cold 1462236
hot 326548 warm 0 cold 1462233
hot 345502 warm 0 cold 1460175
hot 395450 warm 0 cold 1453516
hot 399559 warm 0 cold 1452991
hot 344544 warm 0 cold 1451966
hot 282901 warm 0 cold 1451966
hot 315669 warm 0 cold 1451966
hot 327445 warm 0 cold 1451454
hot 331543 warm 457496 cold 993956
hot 347415 warm 497944 cold 947876
hot 408116 warm 525080 cold 913055
hot 419381 warm 0 cold 1434038
hot 365902 warm 0 cold 1429429
hot 304059 warm 0 cold 1429428
hot 329660 warm 0 cold 1429427
hot 350652 warm 587544 cold 839835
hot 368574 warm 610072 cold 808089
hot 433369 warm 629016 cold 771222
hot 459483 warm 0 cold 1391532
hot 464605 warm 0 cold 1388970
hot 346053 warm 0 cold 1387434
hot 385477 warm 0 cold 1386922
hot 395206 warm 0 cold 1384873
hot 413128 warm 0 cold 1374119
hot 456652 warm 0 cold 1348003
hot 393092 warm 0 cold 1461508
hot 395652 warm 0 cold 1461508
hot 95852 warm 0 cold 1461507
hot 284268 warm 0 cold 1461507
hot 317549 warm 0 cold 1461506
hot 322157 warm 0 cold 1461506
hot 331885 warm 0 cold 1460994
hot 387976 warm 0 cold 1460991
hot 394635 warm 0 cold 1460988
hot 337059 warm 0 cold 1460988
hot 279512 warm 0 cold 1460988
hot 304089 warm 0 cold 1460987
hot 319449 warm 231269 cold 1229718
hot 329179 warm 261477 cold 1199508
hot 379127 warm 300389 cold 1160592
hot 377013 warm 512 cold 934912
hot 397528 warm 4096 cold 3011771
hot 253733 warm 4096 cold 3011771
hot 292645 warm 4096 cold 3011771
hot 309541 warm 409088 cold 2602683
hot 326949 warm 456704 cold 2554555
hot 356133 warm 526336 cold 2472123
hot 393279 warm 0 cold 2989241
hot 403519 warm 0 cold 2985145
hot 343895 warm 0 cold 2984633
hot 310330 warm 0 cold 2984633
hot 335419 warm 0 cold 2984632
hot 347195 warm 0 cold 2983608
hot 360507 warm 617984 cold 2359480
hot 362323 warm 608768 cold 2356920
hot 419155 warm 632320 cold 2330808
hot 437588 warm 0 cold 2955447
