hot 0 warm 0 cold 0
hot 1 warm 0 cold 0
hot 1 warm 0 cold 0
hot 1 warm 0 cold 0
hot 1 warm 0 cold 0
hot 1 warm 0 cold 0
hot 1 warm 0 cold 0
hot 1 warm 0 cold 0
hot 1 warm 0 cold 0
hot 1 warm 0 cold 0
hot 1 warm 0 cold 0
hot 1 warm 0 cold 0
hot 1 warm 0 cold 0
hot 1 warm 0 cold 0
hot 1 warm 0 cold 0
hot 1 warm 0 cold 0
hot 1 warm 0 cold 0
hot 1 warm 0 cold 0
hot 1 warm 0 cold 0
hot 1 warm 0 cold 0
hot 1 warm 0 cold 0
hot 1 warm 0 cold 0
hot 1 warm 0 cold 0
hot 15362 warm 0 cold 64
hot 15362 warm 0 cold 64
hot 15362 warm 0 cold 64
hot 15362 warm 0 cold 64
hot 15362 warm 0 cold 64
hot 15362 warm 0 cold 64
hot 15362 warm 0 cold 64
hot 15362 warm 0 cold 64
hot 15362 warm 0 cold 64
hot 15362 warm 0 cold 64
hot 15362 warm 0 cold 64
hot 15362 warm 0 cold 64
hot 15362 warm 0 cold 64
hot 15362 warm 0 cold 64
hot 15362 warm 0 cold 64
hot 15362 warm 0 cold 64
hot 15362 warm 0 cold 64
hot 15362 warm 0 cold 64
hot 15362 warm 0 cold 64
hot 15362 warm 0 cold 64
hot 15362 warm 0 cold 64
hot 15362 warm 0 cold 64
hot 15362 warm 0 cold 64
hot 1747379 warm 0 cold 0
hot 1775539 warm 0 cold 0
hot 1784755 warm 0 cold 0
hot 1788851 warm 0 cold 0
hot 1792435 warm 0 cold 0
hot 1800115 warm 0 cold 0
hot 1809843 warm 0 cold 0
hot 413793 warm 0 cold 1433194
hot 484472 warm 0 cold 1381459
hot 539278 warm 0 cold 1328701
hot 118613 warm 0 cold 1451733
hot 313173 warm 0 cold 1451733
hot 327509 warm 0 cold 1451733
hot 330581 warm 0 cold 1451733
hot 334165 warm 0 cold 1451733
hot 339799 warm 297984 cold 1152723
hot 368482 warm 382464 cold 1049288
hot 354944 warm 0 cold 1401026
hot 485515 warm 0 cold 1384631
hot 492174 warm 0 cold 1378996
hot 432038 warm 0 cold 1378996
hot 380910 warm 0 cold 1378995
hot 391662 warm 0 cold 1377971
hot 404463 warm 0 cold 1375922
hot 409583 warm 0 cold 1375410
hot 422384 warm 0 cold 1365169
hot 447990 warm 0 cold 1345195
hot 514557 warm 0 cold 1292452
hot 613153 warm 0 cold 1251480
hot 406537 warm 0 cold 1459632
hot 408587 warm 0 cold 1459630
hot 266605 warm 262424 cold 1196691
hot 307565 warm 265496 cold 1193619
hot 319854 warm 269592 cold 1189010
hot 327536 warm 284440 cold 1173648
hot 332661 warm 304408 cold 1153163
hot 346491 warm 371480 cold 1084037
hot 412321 warm 442648 cold 1005176
hot 417953 warm 0 cold 1444752
hot 422563 warm 0 cold 1440142
hot 297987 warm 0 cold 1440142
hot 316419 warm 492824 cold 947318
hot 338436 warm 493848 cold 942709
hot 349702 warm 513816 cold 919155
hot 369164 warm 0 cold 1421701
hot 409623 warm 0 cold 1397114
hot 470837 warm 0 cold 1383796
hot 401488 warm 0 cold 1458777
hot 95424 warm 0 cold 1458777
hot 289984 warm 0 cold 1458777
hot 315072 warm 0 cold 1458777
hot 321728 warm 0 cold 1458777
hot 328896 warm 0 cold 1458777
hot 342731 warm 0 cold 1458766
hot 401901 warm 0 cold 1458756
hot 402928 warm 0 cold 1458753
hot 265227 warm 0 cold 1458748
hot 286036 warm 0 cold 1458748
hot 312660 warm 0 cold 1458748
hot 319831 warm 0 cold 1458745
hot 325464 warm 178926 cold 1279818
hot 338783 warm 221934 cold 1236803
hot 0 warm 0 cold 0
hot 403257 warm 6145 cold 2943601
hot 404286 warm 7681 cold 2942060
hot 283805 warm 7681 cold 2942060
hot 319648 warm 427520 cold 2514538
hot 329376 warm 449024 cold 2492010
hot 340131 warm 468992 cold 2467431
hot 360101 warm 495104 cold 2429029
hot 427966 warm 518144 cold 2400357
hot 448963 warm 0 cold 2901088
hot 403173 warm 0 cold 2893407
hot 326435 warm 0 cold 2893407
hot 356131 warm 0 cold 2893407
hot 366883 warm 0 cold 2893407
hot 375587 warm 0 cold 2890335
hot 395043 warm 0 cold 2878047
hot 439076 warm 0 cold 2845790
hot 503357 warm 0 cold 2821725
hot 524864 warm 0 cold 2810970
hot 388671 warm 0 cold 2948699
hot 87566 warm 0 cold 2948699
hot 289294 warm 0 cold 2948699
hot 308238 warm 0 cold 2948699
hot 315918 warm 0 cold 2948699
hot 318990 warm 0 cold 2948699
hot 325647 warm 160257 cold 2788441
hot 339985 warm 186369 cold 2762327
hot 389930 warm 217089 cold 2731606
hot 396074 warm 0 cold 2948695
hot 397610 warm 0 cold 2948695
