pgmigrate_success 65016095
pgmigrate_fail 153937
thp_migration_success 60753
thp_migration_fail 0
thp_migration_split 0
thp_fault_alloc 117601
thp_fault_fallback 12752
thp_fault_fallback_charge 0
thp_collapse_alloc 96
thp_collapse_alloc_failed 0
thp_file_alloc 0
thp_file_fallback 0
thp_file_fallback_charge 0
thp_file_mapped 0
thp_split_page 106
thp_split_page_failed 0
thp_deferred_split_page 499
thp_split_pmd 884
thp_split_pud 0
thp_zero_page_alloc 0
thp_zero_page_alloc_failed 0
thp_swpout 0
thp_swpout_fallback 0
htmm_nr_promoted 11536093
htmm_nr_demoted 50014636
htmm_nr_sampled 0
htmm_missed_dramread 0
htmm_missed_nvmread 0
htmm_missed_write 0
htmm_alloc_dram 145489249
htmm_alloc_nvm 0
