pgmigrate_success 31720753
pgmigrate_success 31720753
pgmigrate_success 31720753
pgmigrate_success 31720753
pgmigrate_success 31720753
pgmigrate_success 31720753
pgmigrate_success 31720753
pgmigrate_success 31720753
pgmigrate_success 31720753
pgmigrate_success 31720753
pgmigrate_success 31720753
pgmigrate_success 31815119
pgmigrate_success 31910991
pgmigrate_success 32019311
pgmigrate_success 32128351
pgmigrate_success 32222787
pgmigrate_success 32330433
pgmigrate_success 32431713
pgmigrate_success 32525503
pgmigrate_success 32628317
pgmigrate_success 32736243
pgmigrate_success 32831524
pgmigrate_success 32929314
pgmigrate_success 33045028
pgmigrate_success 33142753
pgmigrate_success 33238049
pgmigrate_success 33334177
pgmigrate_success 33429473
pgmigrate_success 33526911
pgmigrate_success 33644513
pgmigrate_success 33739812
pgmigrate_success 33835940
pgmigrate_success 33949080
pgmigrate_success 34356068
pgmigrate_success 34779492
pgmigrate_success 35063985
pgmigrate_success 35253026
pgmigrate_success 35356269
pgmigrate_success 35455149
pgmigrate_success 35554280
pgmigrate_success 35664493
pgmigrate_success 35742516
pgmigrate_success 35840872
pgmigrate_success 35949677
pgmigrate_success 36033704
pgmigrate_success 36144746
pgmigrate_success 36244138
pgmigrate_success 36343338
pgmigrate_success 36414634
pgmigrate_success 36512362
pgmigrate_success 36621994
pgmigrate_success 36726314
pgmigrate_success 36821610
pgmigrate_success 36921605
pgmigrate_success 37026373
pgmigrate_success 37134954
pgmigrate_success 37228976
pgmigrate_success 37325926
pgmigrate_success 37431467
pgmigrate_success 37539371
pgmigrate_success 37634667
pgmigrate_success 37729963
pgmigrate_success 37848171
pgmigrate_success 37951032
pgmigrate_success 38081081
pgmigrate_success 38291513
pgmigrate_success 38612549
pgmigrate_success 38740561
pgmigrate_success 38744157
pgmigrate_success 38750827
pgmigrate_success 38894801
pgmigrate_success 39235805
pgmigrate_success 39504617
pgmigrate_success 39646754
pgmigrate_success 39664688
pgmigrate_success 39712316
pgmigrate_success 39895470
pgmigrate_success 40059212
pgmigrate_success 40357438
pgmigrate_success 40432762
pgmigrate_success 40486375
pgmigrate_success 40554926
pgmigrate_success 40620607
pgmigrate_success 40685198
pgmigrate_success 40721115
pgmigrate_success 40723766
pgmigrate_success 40746156
pgmigrate_success 40802888
pgmigrate_success 40909003
pgmigrate_success 40966926
pgmigrate_success 40967966
pgmigrate_success 41010330
pgmigrate_success 41080314
pgmigrate_success 41123143
pgmigrate_success 41160019
pgmigrate_success 41235697
pgmigrate_success 41275247
pgmigrate_success 41313842
pgmigrate_success 41325886
pgmigrate_success 41463705
pgmigrate_success 41464235
pgmigrate_success 41466849
pgmigrate_success 41478376
pgmigrate_success 41509289
pgmigrate_success 41520012
pgmigrate_success 41522060
pgmigrate_success 41537541
pgmigrate_success 41547163
pgmigrate_success 41591368
pgmigrate_success 41625599
pgmigrate_success 41625614
pgmigrate_success 41626130
pgmigrate_success 41707405
pgmigrate_success 41788406
pgmigrate_success 41846333
pgmigrate_success 41867992
pgmigrate_success 41876710
pgmigrate_success 41898863
pgmigrate_success 41963857
pgmigrate_success 41990706
