pgmigrate_success 721266
pgmigrate_success 721266
pgmigrate_success 721266
pgmigrate_success 721266
pgmigrate_success 721266
pgmigrate_success 721266
pgmigrate_success 721266
pgmigrate_success 721266
pgmigrate_success 797271
pgmigrate_success 797271
pgmigrate_success 797271
pgmigrate_success 901047
pgmigrate_success 984087
pgmigrate_success 1075927
pgmigrate_success 1173751
pgmigrate_success 1275127
pgmigrate_success 1378295
pgmigrate_success 1471031
pgmigrate_success 1562999
pgmigrate_success 1668247
pgmigrate_success 1771677
pgmigrate_success 1865939
pgmigrate_success 1974856
pgmigrate_success 2078019
pgmigrate_success 2172219
pgmigrate_success 2279749
pgmigrate_success 2368037
pgmigrate_success 2478307
pgmigrate_success 2572457
pgmigrate_success 2672137
pgmigrate_success 2775145
pgmigrate_success 2878814
pgmigrate_success 2947274
pgmigrate_success 3109273
pgmigrate_success 3577246
pgmigrate_success 3948468
pgmigrate_success 4218633
pgmigrate_success 4340553
pgmigrate_success 4438020
pgmigrate_success 4537860
pgmigrate_success 4649925
pgmigrate_success 4721674
pgmigrate_success 4824384
pgmigrate_success 4933573
pgmigrate_success 5017706
pgmigrate_success 5123847
pgmigrate_success 5218631
pgmigrate_success 5321181
pgmigrate_success 5386247
pgmigrate_success 5490178
pgmigrate_success 5598397
pgmigrate_success 5692492
pgmigrate_success 5789954
pgmigrate_success 5901639
pgmigrate_success 5998215
pgmigrate_success 6092871
pgmigrate_success 6201608
pgmigrate_success 6307464
pgmigrate_success 6402177
pgmigrate_success 6513416
pgmigrate_success 6615944
pgmigrate_success 6710600
pgmigrate_success 6809672
pgmigrate_success 6901300
pgmigrate_success 7034606
pgmigrate_success 7267071
pgmigrate_success 7274300
pgmigrate_success 7279944
pgmigrate_success 7285076
pgmigrate_success 7289186
pgmigrate_success 7308655
pgmigrate_success 7308667
pgmigrate_success 7409531
pgmigrate_success 7459719
pgmigrate_success 7461779
pgmigrate_success 7493102
pgmigrate_success 7502479
pgmigrate_success 7518905
pgmigrate_success 7575261
pgmigrate_success 7671573
pgmigrate_success 7810348
pgmigrate_success 7915832
pgmigrate_success 8050497
pgmigrate_success 8089454
pgmigrate_success 8126875
pgmigrate_success 8133577
pgmigrate_success 8178682
pgmigrate_success 8213292
pgmigrate_success 8291917
pgmigrate_success 8414541
pgmigrate_success 8592506
pgmigrate_success 8725978
pgmigrate_success 8911707
pgmigrate_success 9075493
pgmigrate_success 9203709
pgmigrate_success 9276372
pgmigrate_success 9349551
pgmigrate_success 9423685
pgmigrate_success 9523765
pgmigrate_success 9557014
pgmigrate_success 9598757
pgmigrate_success 9626840
pgmigrate_success 9651460
pgmigrate_success 9720041
pgmigrate_success 9778454
pgmigrate_success 9784610
pgmigrate_success 9789742
pgmigrate_success 9814372
pgmigrate_success 9814384
pgmigrate_success 9943258
pgmigrate_success 9985867
pgmigrate_success 10003424
pgmigrate_success 10007533
pgmigrate_success 10032954
pgmigrate_success 10032966
pgmigrate_success 10082130
pgmigrate_success 10183672
pgmigrate_success 10224525
pgmigrate_success 10230681
pgmigrate_success 10234277
pgmigrate_success 10237873
pgmigrate_success 10263486
pgmigrate_success 10263498
pgmigrate_success 10357718
pgmigrate_success 10452451
pgmigrate_success 10455023
pgmigrate_success 10460155
pgmigrate_success 10464263
pgmigrate_success 10467859
pgmigrate_success 10493471
pgmigrate_success 10493995
pgmigrate_success 10494007
pgmigrate_success 10603003
pgmigrate_success 10620687
pgmigrate_success 10626843
pgmigrate_success 10634023
pgmigrate_success 10739872
pgmigrate_success 10922215
pgmigrate_success 11005056
pgmigrate_success 11008203
