hot 0 warm 0 cold 0
hot 2 warm 0 cold 0
hot 2 warm 0 cold 0
hot 2 warm 0 cold 0
hot 2 warm 0 cold 0
hot 2 warm 0 cold 0
hot 2 warm 0 cold 0
hot 2 warm 0 cold 0
hot 2 warm 0 cold 0
hot 2 warm 0 cold 0
hot 2 warm 0 cold 0
hot 2 warm 0 cold 0
hot 2 warm 0 cold 0
hot 2 warm 0 cold 0
hot 2 warm 0 cold 0
hot 2 warm 0 cold 0
hot 2 warm 0 cold 0
hot 2 warm 0 cold 0
hot 2 warm 0 cold 0
hot 2 warm 0 cold 0
hot 2 warm 0 cold 0
hot 2 warm 0 cold 0
hot 2 warm 0 cold 0
hot 2 warm 0 cold 0
hot 2 warm 0 cold 0
hot 2 warm 0 cold 0
hot 2 warm 0 cold 0
hot 2 warm 0 cold 0
hot 2 warm 0 cold 0
hot 2 warm 0 cold 0
hot 2 warm 0 cold 0
hot 2 warm 0 cold 0
hot 570379 warm 0 cold 69
hot 570375 warm 0 cold 25
hot 570371 warm 0 cold 0
hot 570367 warm 0 cold 0
hot 570363 warm 0 cold 0
hot 570359 warm 0 cold 0
hot 570355 warm 0 cold 0
hot 570351 warm 0 cold 0
hot 570347 warm 0 cold 0
hot 570343 warm 0 cold 0
hot 570339 warm 0 cold 0
hot 570335 warm 0 cold 0
hot 570331 warm 0 cold 0
hot 570327 warm 0 cold 0
hot 570323 warm 0 cold 0
hot 570319 warm 0 cold 0
hot 570315 warm 0 cold 0
hot 570311 warm 0 cold 0
hot 570307 warm 0 cold 0
hot 570303 warm 0 cold 0
hot 570299 warm 0 cold 0
hot 570295 warm 0 cold 0
hot 570291 warm 0 cold 0
hot 570287 warm 0 cold 0
hot 570283 warm 0 cold 0
hot 570279 warm 0 cold 0
hot 570275 warm 0 cold 0
hot 570271 warm 0 cold 0
hot 570267 warm 0 cold 0
hot 570263 warm 0 cold 0
hot 570259 warm 0 cold 0
hot 2014586 warm 0 cold 0
hot 2762675 warm 0 cold 0
hot 2774959 warm 0 cold 0
hot 2778028 warm 0 cold 0
hot 2784680 warm 0 cold 0
hot 2791332 warm 0 cold 0
hot 2758328 warm 0 cold 0
hot 920958 warm 0 cold 1936182
hot 1132795 warm 0 cold 1729461
hot 922480 warm 0 cold 1661456
hot 422809 warm 684544 cold 1648099
hot 441351 warm 688640 cold 1633649
hot 616110 warm 606720 cold 1554118
hot 850064 warm 506368 cold 1466872
hot 985794 warm 461312 cold 1393602
hot 693749 warm 0 cold 1838430
hot 927269 warm 0 cold 1827626
hot 949437 warm 0 cold 1812622
hot 467377 warm 559303 cold 1750735
hot 624819 warm 0 cold 2209192
hot 697543 warm 0 cold 2144656
hot 599495 warm 0 cold 2138975
hot 641679 warm 549575 cold 1568204
hot 693371 warm 528071 cold 1547228
hot 846146 warm 0 cold 1977584
hot 933990 warm 0 cold 1901512
hot 823726 warm 0 cold 1897807
hot 855525 warm 0 cold 1894164
hot 904132 warm 0 cold 1860913
hot 980801 warm 0 cold 1819848
hot 1039448 warm 0 cold 1785261
hot 943440 warm 0 cold 1777540
hot 974234 warm 0 cold 1773366
hot 991852 warm 0 cold 1766496
hot 1051883 warm 0 cold 1733369
hot 541214 warm 0 cold 2286526
hot 414124 warm 0 cold 2280703
hot 462796 warm 598475 cold 1680144
hot 485509 warm 601547 cold 1667667
hot 542941 warm 584651 cold 1646071
hot 628092 warm 581579 cold 1604716
hot 519525 warm 0 cold 2172189
hot 564096 warm 577483 cold 1590067
hot 593943 warm 572363 cold 1583768
hot 650222 warm 542667 cold 1570493
hot 401670 warm 377344 cold 2609212
hot 135844 warm 406528 cold 2548541
hot 321705 warm 408064 cold 2548020
hot 749796 warm 565760 cold 1978613
hot 817253 warm 544768 cold 1951088
hot 927516 warm 0 cold 2437581
hot 961601 warm 0 cold 2412196
hot 859968 warm 0 cold 2408585
hot 891771 warm 0 cold 2404938
hot 910343 warm 0 cold 2394042
hot 981500 warm 0 cold 2356953
hot 1033621 warm 0 cold 2338620
