hot 0 warm 0 cold 0
hot 0 warm 0 cold 0
hot 0 warm 0 cold 0
hot 0 warm 0 cold 0
hot 0 warm 0 cold 0
hot 0 warm 0 cold 0
hot 0 warm 0 cold 0
hot 0 warm 0 cold 0
hot 0 warm 0 cold 0
hot 0 warm 0 cold 0
hot 0 warm 0 cold 0
hot 0 warm 0 cold 0
hot 0 warm 0 cold 0
hot 0 warm 0 cold 0
hot 0 warm 0 cold 0
hot 0 warm 0 cold 0
hot 0 warm 0 cold 0
hot 0 warm 0 cold 0
hot 0 warm 0 cold 0
hot 0 warm 0 cold 0
hot 0 warm 0 cold 0
hot 0 warm 0 cold 0
hot 0 warm 0 cold 0
hot 6656 warm 0 cold 0
hot 14849 warm 0 cold 64
hot 14849 warm 0 cold 64
hot 14849 warm 0 cold 64
hot 14849 warm 0 cold 64
hot 14849 warm 0 cold 64
hot 14849 warm 0 cold 64
hot 14849 warm 0 cold 64
hot 14849 warm 0 cold 64
hot 14849 warm 0 cold 72
hot 14849 warm 0 cold 72
hot 14849 warm 0 cold 72
hot 14849 warm 0 cold 72
hot 14849 warm 0 cold 72
hot 14849 warm 0 cold 72
hot 14849 warm 0 cold 72
hot 14849 warm 0 cold 72
hot 14849 warm 0 cold 72
hot 14849 warm 0 cold 72
hot 14849 warm 0 cold 72
hot 14849 warm 0 cold 72
hot 14849 warm 0 cold 72
hot 14849 warm 0 cold 72
hot 14849 warm 0 cold 72
hot 1574060 warm 0 cold 0
hot 1760940 warm 0 cold 0
hot 1782956 warm 0 cold 0
hot 1789100 warm 0 cold 0
hot 1793196 warm 0 cold 0
hot 1799340 warm 0 cold 0
hot 1807532 warm 0 cold 0
hot 860832 warm 0 cold 954149
hot 1071333 warm 0 cold 792288
hot 1250085 warm 0 cold 621728
hot 578910 warm 783360 cold 511079
hot 532011 warm 0 cold 1204668
hot 568363 warm 0 cold 1200572
hot 584236 warm 0 cold 1197499
hot 588844 warm 0 cold 1193915
hot 617004 warm 718848 cold 452539
hot 720433 warm 652800 cold 423350
hot 838710 warm 586752 cold 381361
hot 980820 warm 0 cold 864683
hot 1095517 warm 0 cold 774050
hot 1195357 warm 0 cold 677282
hot 181631 warm 0 cold 1379234
hot 377728 warm 0 cold 1379233
hot 402304 warm 0 cold 1377697
hot 410496 warm 0 cold 1375649
hot 413056 warm 744960 cold 629153
hot 421249 warm 752128 cold 616864
hot 452999 warm 758784 cold 585626
hot 532362 warm 754688 cold 527255
hot 620714 warm 745984 cold 494479
hot 649389 warm 797184 cold 418700
hot 690351 warm 787968 cold 389002
hot 562389 warm 785920 cold 384390
hot 596181 warm 786432 cold 381830
hot 620757 warm 786944 cold 373126
hot 635606 warm 777728 cold 371077
hot 660184 warm 761344 cold 367491
hot 693466 warm 744448 cold 356225
hot 761054 warm 703488 cold 339325
hot 881660 warm 0 cold 969079
hot 966146 warm 0 cold 894833
hot 450251 warm 0 cold 1415336
hot 238831 warm 0 cold 1414823
hot 344303 warm 0 cold 1414823
hot 351983 warm 0 cold 1414823
hot 367855 warm 0 cold 1412775
hot 372976 warm 623930 cold 787820
hot 383731 warm 654138 cold 754537
hot 399607 warm 679738 cold 722277
hot 468498 warm 727354 cold 665954
hot 483862 warm 766266 cold 616286
hot 486422 warm 775994 cold 603998
hot 364600 warm 777530 cold 601950
hot 387129 warm 780090 cold 599389
hot 395833 warm 783162 cold 595805
hot 403002 warm 784186 cold 592732
hot 409148 warm 783674 cold 589658
hot 421957 warm 796474 cold 570193
hot 449616 warm 811322 cold 541510
hot 523626 warm 817978 cold 513348
hot 531818 warm 864570 cold 462148
hot 543595 warm 879930 cold 439107
hot 414093 warm 879418 cold 438083
hot 437133 warm 879418 cold 438083
hot 457102 warm 883514 cold 431426
hot 466320 warm 884026 cold 428864
hot 476050 warm 883514 cold 423230
hot 487827 warm 881978 cold 417597
hot 536474 warm 865082 cold 401718
hot 411455 warm 254464 cold 2751180
hot 420675 warm 357376 cold 2643083
hot 424773 warm 410112 cold 2587785
hot 699752 warm 0 cold 2585737
hot 720232 warm 0 cold 2585225
hot 752488 warm 0 cold 2576521
hot 770920 warm 0 cold 2564233
hot 787818 warm 0 cold 2552455
hot 813930 warm 0 cold 2534023
hot 845955 warm 0 cold 2478726
hot 999043 warm 0 cold 2415238
hot 1065091 warm 0 cold 2351238
hot 767141 warm 0 cold 2339974
hot 950949 warm 0 cold 2339974
hot 319653 warm 644608 cold 2338950
hot 329381 warm 646144 cold 2337414
hot 335525 warm 647680 cold 2335878
hot 350885 warm 663552 cold 2318982
hot 365735 warm 687616 cold 2288260
hot 391854 warm 717824 cold 2246781
hot 452039 warm 766464 cold 2191996
hot 462280 warm 807424 cold 2144891
hot 464840 warm 823296 cold 2127483
hot 162833 warm 827392 cold 2122363
hot 357906 warm 827392 cold 2121850
hot 369682 warm 830976 cold 2117754
hot 383506 warm 835584 cold 2111098
hot 386578 warm 838656 cold 2107514
hot 392723 warm 841728 cold 2101369
hot 421911 warm 842752 cold 2081397
hot 494386 warm 854528 cold 2048114
hot 519474 warm 890880 cold 2001522
hot 537906 warm 915456 cold 1960050
