pgmigrate_success 59098107
pgmigrate_fail 288519
thp_migration_success 98764
thp_migration_fail 0
thp_migration_split 0
thp_fault_alloc 254346
thp_fault_fallback 0
thp_fault_fallback_charge 0
thp_collapse_alloc 21457
thp_collapse_alloc_failed 0
thp_file_alloc 292
thp_file_fallback 0
thp_file_fallback_charge 0
thp_file_mapped 0
thp_split_page 1615
thp_split_page_failed 40
thp_deferred_split_page 20149
thp_split_pmd 68920
thp_split_pud 0
thp_zero_page_alloc 0
thp_zero_page_alloc_failed 0
thp_swpout 0
thp_swpout_fallback 0
htmm_nr_promoted 46684274
htmm_nr_demoted 10405771
htmm_nr_sampled 0
htmm_missed_dramread 0
htmm_missed_nvmread 0
htmm_missed_write 0
htmm_alloc_dram 211021305
htmm_alloc_nvm 0
