anon 1007616
anon_thp 0
anon 201732096
anon_thp 199229440
anon 407252992
anon_thp 404750336
anon 620298240
anon_thp 616562688
anon 823726080
anon_thp 819986432
anon 1033437184
anon_thp 1029701632
anon 1230573568
anon_thp 1226833920
anon 1419317248
anon_thp 1415577600
anon 1612255232
anon_thp 1608515584
anon 1824063488
anon_thp 1820327936
anon 2031681536
anon_thp 2027945984
anon 2239299584
anon_thp 2235564032
anon 2449014784
anon_thp 2445279232
anon 2654531584
anon_thp 2650800128
anon 2862153728
anon_thp 2858418176
anon 3067674624
anon_thp 3063939072
anon 3279486976
anon_thp 3275751424
anon 3487100928
anon_thp 3483369472
anon 3698917376
anon_thp 3695181824
anon 3904438272
anon_thp 3900702720
anon 4114157568
anon_thp 4110417920
anon 4323872768
anon_thp 4320133120
anon 4531490816
anon_thp 4527751168
anon 4741201920
anon_thp 4737466368
anon 4944625664
anon_thp 4940890112
anon 5158535168
anon_thp 5154799616
anon 5345181696
anon_thp 5341446144
anon 5552799744
anon_thp 5549064192
anon 5756219392
anon_thp 5752487936
anon 5968031744
anon_thp 5964300288
anon 6167269376
anon_thp 6163529728
anon 6476918784
anon_thp 6471811072
anon 6860111872
anon_thp 6853492736
anon 6860111872
anon_thp 6853492736
anon 6964760576
anon_thp 6956253184
anon 7168180224
anon_thp 7159676928
anon 7363219456
anon_thp 7354712064
anon 7570837504
anon_thp 7562330112
anon 7776358400
anon_thp 7767851008
anon 7983972352
anon_thp 7975469056
anon 8187396096
anon_thp 8178892800
anon 8353071104
anon_thp 8344567808
anon 8560693248
anon_thp 8552185856
anon 8766205952
anon_thp 8757706752
anon 8946565120
anon_thp 8938061824
anon 9152090112
anon_thp 9143582720
anon 9361801216
anon_thp 9353297920
anon 9567322112
anon_thp 9558818816
anon 9703636992
anon_thp 9695133696
anon 9909157888
anon_thp 9900654592
anon 10118873088
anon_thp 10110369792
anon 10322300928
anon_thp 10313793536
anon 10529914880
anon_thp 10521411584
anon 10737532928
anon_thp 10729029632
anon 10943057920
anon_thp 10934550528
anon 11146477568
anon_thp 11137974272
anon 11356196864
anon_thp 11347689472
anon 11561709568
anon_thp 11553210368
anon 11767238656
anon_thp 11758731264
anon 11974856704
anon_thp 11966349312
anon 12178276352
anon_thp 12169773056
anon 12385894400
anon_thp 12377391104
anon 12593512448
anon_thp 12585009152
anon 13256110080
anon_thp 13243514880
anon 13954162688
anon_thp 13933477888
anon 13991911424
anon_thp 13971226624
anon 14023372800
anon_thp 14002683904
anon 14040150016
anon_thp 14019461120
anon 14044336128
anon_thp 14023655424
anon 14044340224
anon_thp 14023655424
anon 13740257280
anon_thp 13721665536
anon 13958356992
anon_thp 13937672192
anon 13987721216
anon_thp 13967032320
anon 14014980096
anon_thp 13994295296
anon 14038052864
anon_thp 14017363968
anon 14044344320
anon_thp 14023655424
anon 14044340224
anon_thp 14023655424
anon 13773815808
anon_thp 13755219968
anon 13966745600
anon_thp 13946060800
anon 14004498432
anon_thp 13983809536
anon 14025469952
anon_thp 14004781056
anon 14044336128
anon_thp 14023655424
anon 14044340224
anon_thp 14023655424
anon 12862910464
anon_thp 12851347456
anon 13947875328
anon_thp 13927186432
anon 13996105728
anon_thp 13975420928
anon 14021271552
anon_thp 14000586752
anon 14042243072
anon_thp 14021558272
anon 14044340224
anon_thp 14023655424
anon 14044344320
anon_thp 14023655424
anon 13926903808
anon_thp 13906214912
anon 13973037056
anon_thp 13952352256
anon 14010789888
anon_thp 13990100992
anon 14035951616
anon_thp 14015266816
anon 14044344320
anon_thp 14023655424
anon 14044344320
anon_thp 14023655424
anon 13905928192
anon_thp 13885243392
anon 13966749696
anon_thp 13946060800
anon 14004490240
anon_thp 13983809536
anon 14027567104
anon_thp 14006878208
anon 14044340224
anon_thp 14023655424
anon 14044344320
anon_thp 14023655424
anon 14044340224
anon_thp 14023655424
anon 13928996864
anon_thp 13908312064
anon 13981425664
anon_thp 13960740864
anon 14019174400
anon_thp 13998489600
anon 14040145920
anon_thp 14019461120
anon 14044344320
anon_thp 14023655424
anon 14044340224
anon_thp 14023655424
anon 13910122496
anon_thp 13889437696
anon 13962551296
anon_thp 13941866496
anon 14012882944
anon_thp 13992198144
anon 14033854464
anon_thp 14013169664
anon 14044340224
anon_thp 14023655424
anon 14044340224
anon_thp 14023655424
anon 13483417600
anon_thp 13467910144
anon 13958361088
anon_thp 13937672192
anon 13991911424
anon_thp 13971226624
anon 14019174400
anon_thp 13998489600
anon 13803507712
anon_thp 13784580096
anon 14044340224
anon_thp 14023655424
anon 14044340224
anon_thp 14023655424
anon 13922709504
anon_thp 13902020608
anon 13979328512
anon_thp 13958643712
anon 14012887040
anon_thp 13992198144
anon 14033854464
anon_thp 14013169664
anon 14044340224
anon_thp 14023655424
anon 14044344320
anon_thp 14023655424
