anon 0
anon_thp 0
anon 259452928
anon_thp 257949696
anon 529985536
anon_thp 528482304
anon 802615296
anon_thp 801112064
anon 1082036224
anon_thp 1077936128
anon 1358860288
anon_thp 1354760192
anon 1633587200
anon_thp 1629487104
anon 1912508416
anon_thp 1908408320
anon 2189332480
anon_thp 2185232384
anon 2464059392
anon_thp 2459959296
anon 2740883456
anon_thp 2736783360
anon 3017707520
anon_thp 3013607424
anon 3296628736
anon_thp 3292528640
anon 3577647104
anon_thp 3573547008
anon 3858665472
anon_thp 3854565376
anon 4135489536
anon_thp 4131389440
anon 4416507904
anon_thp 4412407808
anon 4697526272
anon_thp 4693426176
anon 4980641792
anon_thp 4976541696
anon 5261660160
anon_thp 5257560064
anon 5544775680
anon_thp 5540675584
anon 5821599744
anon_thp 5817499648
anon 6094229504
anon_thp 6090129408
anon 6371053568
anon_thp 6366953472
anon 6652071936
anon_thp 6647971840
anon 6926798848
anon_thp 6922698752
anon 7205720064
anon_thp 7201619968
anon 7482544128
anon_thp 7478444032
anon 7755173888
anon_thp 7751073792
anon 8025706496
anon_thp 8021606400
anon 8300433408
anon_thp 8296333312
anon 8577257472
anon_thp 8573157376
anon 8849887232
anon_thp 8845787136
anon 9133002752
anon_thp 9128902656
anon 9409826816
anon_thp 9405726720
anon 9686650880
anon_thp 9682550784
anon 9965572096
anon_thp 9961472000
anon 10250784768
anon_thp 10246684672
anon 10527608832
anon_thp 10523508736
anon 10804432896
anon_thp 10800332800
anon 11079159808
anon_thp 11075059712
anon 11360178176
anon_thp 11356078080
anon 11637002240
anon_thp 11632902144
anon 11915923456
anon_thp 11911823360
anon 12188553216
anon_thp 12184453120
anon 12482154496
anon_thp 12478054400
anon 12761075712
anon_thp 12756975616
anon 13035802624
anon_thp 13031702528
anon 13314723840
anon_thp 13310623744
anon 13595742208
anon_thp 13591642112
anon 13868371968
anon_thp 13864271872
anon 14145196032
anon_thp 14141095936
anon 14426214400
anon_thp 14422114304
anon 14698844160
anon_thp 14694744064
anon 14984056832
anon_thp 14979956736
anon 15260880896
anon_thp 15256780800
anon 15543996416
anon_thp 15539896320
anon 15820820480
anon_thp 15816720384
anon 16091353088
anon_thp 16087252992
anon 16372371456
anon_thp 16368271360
anon 16649195520
anon_thp 16645095424
anon 16936505344
anon_thp 16932405248
anon 17209135104
anon_thp 17205035008
anon 17481764864
anon_thp 17477664768
anon 17752297472
anon_thp 17748197376
anon 18606477312
anon_thp 18599641088
anon 19041259520
anon_thp 19031654400
anon 19041259520
anon_thp 19031654400
anon 19039162368
anon_thp 19029557248
anon 19041259520
anon_thp 19031654400
anon 19041259520
anon_thp 19031654400
anon 19041259520
anon_thp 19031654400
anon 19041259520
anon_thp 19031654400
anon 19041259520
anon_thp 19031654400
anon 19041259520
anon_thp 19031654400
anon 19041259520
anon_thp 19031654400
anon 19041259520
anon_thp 19031654400
anon 19041914880
anon_thp 19035848704
anon 19039817728
anon_thp 19033751552
anon 19039817728
anon_thp 19033751552
anon 19041914880
anon_thp 19035848704
anon 19041914880
anon_thp 19035848704
anon 19041914880
anon_thp 19035848704
anon 19041914880
anon_thp 19035848704
anon 19041914880
anon_thp 19035848704
anon 19041914880
anon_thp 19035848704
anon 19041914880
anon_thp 19035848704
anon 19041914880
anon_thp 19035848704
anon 19041914880
anon_thp 19035848704
anon 19041914880
anon_thp 19035848704
anon 19041914880
anon_thp 19035848704
anon 19041914880
anon_thp 19035848704
anon 19041914880
anon_thp 19035848704
anon 19041914880
anon_thp 19035848704
anon 19041914880
anon_thp 19035848704
anon 19041914880
anon_thp 19035848704
anon 19039817728
anon_thp 19033751552
anon 19039817728
anon_thp 19033751552
anon 19039817728
anon_thp 19033751552
anon 19041914880
anon_thp 19035848704
anon 19041914880
anon_thp 19035848704
anon 19041914880
anon_thp 19035848704
anon 19041914880
anon_thp 19035848704
anon 19041914880
anon_thp 19035848704
anon 19041914880
anon_thp 19035848704
anon 19041914880
anon_thp 19035848704
anon 19041914880
anon_thp 19035848704
anon 19041914880
anon_thp 19035848704
anon 19041914880
anon_thp 19035848704
anon 19041914880
anon_thp 19035848704
anon 19041914880
anon_thp 19035848704
anon 19039817728
anon_thp 19033751552
anon 19041914880
anon_thp 19035848704
anon 19041914880
anon_thp 19035848704
anon 19041914880
anon_thp 19035848704
anon 19041914880
anon_thp 19035848704
anon 19041914880
anon_thp 19035848704
anon 19041914880
anon_thp 19035848704
anon 19041914880
anon_thp 19035848704
anon 19039817728
anon_thp 19033751552
anon 19041914880
anon_thp 19035848704
anon 19041914880
anon_thp 19035848704
anon 19041914880
anon_thp 19035848704
anon 19041914880
anon_thp 19035848704
anon 19039817728
anon_thp 19033751552
anon 19041914880
anon_thp 19035848704
anon 19041914880
anon_thp 19035848704
anon 19041914880
anon_thp 19035848704
anon 19041914880
anon_thp 19035848704
anon 19041914880
anon_thp 19035848704
anon 19041914880
anon_thp 19035848704
anon 19041914880
anon_thp 19035848704
anon 19041914880
anon_thp 19035848704
anon 19041914880
anon_thp 19035848704
anon 19041914880
anon_thp 19035848704
anon 19041914880
anon_thp 19035848704
anon 19041914880
anon_thp 19035848704
anon 19041914880
anon_thp 19035848704
anon 19041914880
anon_thp 19035848704
anon 19041914880
anon_thp 19035848704
anon 19041914880
anon_thp 19035848704
anon 19041914880
anon_thp 19035848704
anon 19041914880
anon_thp 19035848704
anon 19041914880
anon_thp 19035848704
anon 19041914880
anon_thp 19035848704
anon 19041914880
anon_thp 19035848704
anon 19041914880
anon_thp 19035848704
anon 19039817728
anon_thp 19033751552
anon 19041914880
anon_thp 19035848704
anon 19041914880
anon_thp 19035848704
anon 19041914880
anon_thp 19035848704
anon 19041914880
anon_thp 19035848704
anon 19041914880
anon_thp 19035848704
anon 19041914880
anon_thp 19035848704
anon 19041914880
anon_thp 19035848704
anon 19041914880
anon_thp 19035848704
anon 19039817728
anon_thp 19033751552
anon 19041914880
anon_thp 19035848704
anon 19041914880
anon_thp 19035848704
anon 19041914880
anon_thp 19035848704
anon 19041914880
anon_thp 19035848704
anon 19041914880
anon_thp 19035848704
anon 19041914880
anon_thp 19035848704
anon 19041914880
anon_thp 19035848704
anon 19041914880
anon_thp 19035848704
anon 19041914880
anon_thp 19035848704
anon 19041914880
anon_thp 19035848704
anon 19041914880
anon_thp 19035848704
anon 19041914880
anon_thp 19035848704
anon 19041914880
anon_thp 19035848704
anon 19041914880
anon_thp 19035848704
anon 19041914880
anon_thp 19035848704
anon 19041914880
anon_thp 19035848704
anon 19041914880
anon_thp 19035848704
anon 19041914880
anon_thp 19035848704
anon 19041914880
anon_thp 19035848704
anon 19041914880
anon_thp 19035848704
anon 19041914880
anon_thp 19035848704
anon 19041914880
anon_thp 19035848704
anon 19041914880
anon_thp 18949865472
anon 19041914880
anon_thp 18872270848
anon 19041914880
anon_thp 18788384768
anon 19041914880
anon_thp 18626904064
anon 19041914880
anon_thp 18584961024
anon 19041914880
anon_thp 18624806912
anon 19041914880
anon_thp 18702401536
anon 19041914880
anon_thp 18756927488
anon 19041914880
anon_thp 18796773376
anon 19041914880
anon_thp 18847105024
anon 19041914880
anon_thp 18874368000
anon 19041914880
anon_thp 18901630976
anon 19041914880
anon_thp 18912116736
anon 19041914880
anon_thp 18939379712
anon 19041914880
anon_thp 18945671168
anon 19039817728
anon_thp 18943574016
anon 19041914880
anon_thp 18945671168
anon 19041914880
anon_thp 18945671168
anon 19041914880
anon_thp 18945671168
anon 19041914880
anon_thp 18945671168
anon 19041914880
anon_thp 18945671168
anon 19041914880
anon_thp 18945671168
anon 19041914880
anon_thp 18945671168
anon 19041914880
anon_thp 18945671168
anon 19041914880
anon_thp 18945671168
anon 19041914880
anon_thp 18945671168
anon 19041914880
anon_thp 18945671168
anon 19041914880
anon_thp 18945671168
anon 19041914880
anon_thp 18945671168
anon 19041914880
anon_thp 18945671168
anon 19041914880
anon_thp 18945671168
anon 19041914880
anon_thp 18945671168
anon 19041914880
anon_thp 18945671168
anon 19041914880
anon_thp 18945671168
anon 19041914880
anon_thp 18945671168
anon 19041914880
anon_thp 18945671168
anon 19041914880
anon_thp 18945671168
anon 19039817728
anon_thp 18943574016
anon 19041914880
anon_thp 18945671168
anon 19041914880
anon_thp 18945671168
anon 19041914880
anon_thp 18945671168
anon 19041914880
anon_thp 18945671168
anon 19041914880
anon_thp 18945671168
anon 19041914880
anon_thp 18945671168
anon 19041914880
anon_thp 18945671168
anon 19041914880
anon_thp 18945671168
anon 19041914880
anon_thp 18945671168
anon 19041914880
anon_thp 18945671168
anon 19041914880
anon_thp 18945671168
anon 19041914880
anon_thp 18945671168
anon 19041914880
anon_thp 18945671168
anon 19041914880
anon_thp 18945671168
anon 19041914880
anon_thp 18945671168
anon 19041914880
anon_thp 18945671168
anon 19041914880
anon_thp 18945671168
anon 19041914880
anon_thp 18945671168
anon 19041914880
anon_thp 18945671168
anon 19041914880
anon_thp 18945671168
anon 19041914880
anon_thp 18945671168
anon 19041914880
anon_thp 18945671168
anon 19041914880
anon_thp 18945671168
anon 19041914880
anon_thp 18945671168
anon 19041914880
anon_thp 18945671168
anon 19041914880
anon_thp 18945671168
anon 19041914880
anon_thp 18945671168
anon 19041914880
anon_thp 18945671168
anon 19041914880
anon_thp 18945671168
anon 19039817728
anon_thp 18943574016
anon 19041914880
anon_thp 18945671168
anon 19041914880
anon_thp 18945671168
anon 19041914880
anon_thp 18945671168
anon 19041914880
anon_thp 18945671168
anon 19041914880
anon_thp 18945671168
anon 19041914880
anon_thp 18945671168
anon 19041914880
anon_thp 18945671168
anon 19041914880
anon_thp 18945671168
anon 19041914880
anon_thp 18945671168
anon 19041914880
anon_thp 18945671168
anon 19041914880
anon_thp 18945671168
anon 19041914880
anon_thp 18945671168
anon 19041914880
anon_thp 18945671168
anon 19041914880
anon_thp 18945671168
anon 19041914880
anon_thp 18945671168
anon 19041914880
anon_thp 18945671168
anon 19041914880
anon_thp 18945671168
anon 19041914880
anon_thp 18945671168
anon 19041914880
anon_thp 18945671168
anon 19041914880
anon_thp 18945671168
anon 19041914880
anon_thp 18945671168
anon 19041914880
anon_thp 18945671168
anon 19041914880
anon_thp 18945671168
anon 19041914880
anon_thp 18945671168
anon 19041914880
anon_thp 18945671168
anon 19041914880
anon_thp 18945671168
anon 19041914880
anon_thp 18945671168
anon 19039817728
anon_thp 18943574016
anon 19041914880
anon_thp 18945671168
anon 19041914880
anon_thp 18945671168
anon 19041914880
anon_thp 18945671168
anon 19041914880
anon_thp 18945671168
anon 19041914880
anon_thp 18945671168
anon 19041914880
anon_thp 18945671168
anon 19041914880
anon_thp 18945671168
anon 19041914880
anon_thp 19035848704
anon 19041914880
anon_thp 19035848704
anon 19041914880
anon_thp 19035848704
anon 19041914880
anon_thp 19035848704
anon 19041914880
anon_thp 19035848704
anon 19039817728
anon_thp 19033751552
anon 19041914880
anon_thp 19035848704
anon 19041914880
anon_thp 19035848704
anon 19041914880
anon_thp 19035848704
anon 19041914880
anon_thp 19035848704
anon 19041914880
anon_thp 19035848704
anon 19041914880
anon_thp 19035848704
anon 19041914880
anon_thp 19035848704
anon 19041914880
anon_thp 19035848704
anon 19041914880
anon_thp 19035848704
anon 19041914880
anon_thp 19035848704
anon 18785460224
anon_thp 18779996160
anon 19041914880
anon_thp 19035848704
anon 19041914880
anon_thp 19035848704
anon 19041914880
anon_thp 19035848704
anon 19041914880
anon_thp 19035848704
anon 19041914880
anon_thp 19035848704
anon 19041914880
anon_thp 19035848704
anon 19041914880
anon_thp 19035848704
anon 19041914880
anon_thp 19035848704
anon 19041914880
anon_thp 19035848704
anon 19041914880
anon_thp 19035848704
anon 19041914880
anon_thp 19035848704
anon 19041914880
anon_thp 19035848704
anon 19041914880
anon_thp 19035848704
anon 19041914880
anon_thp 19035848704
anon 19041914880
anon_thp 19035848704
anon 19041914880
anon_thp 19035848704
anon 19041914880
anon_thp 19035848704
anon 19041914880
anon_thp 19035848704
anon 19041914880
anon_thp 19035848704
anon 19041914880
anon_thp 19035848704
anon 19041914880
anon_thp 19035848704
anon 19041914880
anon_thp 19035848704
anon 19041914880
anon_thp 19035848704
anon 19041914880
anon_thp 19035848704
anon 19041914880
anon_thp 19035848704
anon 19041914880
anon_thp 19035848704
anon 19041914880
anon_thp 19035848704
anon 19041914880
anon_thp 19035848704
anon 19041914880
anon_thp 19035848704
anon 19041914880
anon_thp 19035848704
anon 19041914880
anon_thp 19035848704
anon 19041914880
anon_thp 19035848704
anon 19041914880
anon_thp 19035848704
anon 19041914880
anon_thp 19035848704
anon 19041914880
anon_thp 19035848704
anon 19041914880
anon_thp 19035848704
anon 19041914880
anon_thp 19035848704
anon 19039817728
anon_thp 19033751552
anon 19041914880
anon_thp 19035848704
anon 19041914880
anon_thp 19035848704
anon 19041914880
anon_thp 19035848704
anon 19039817728
anon_thp 19033751552
anon 19041914880
anon_thp 19035848704
anon 19041914880
anon_thp 19035848704
anon 19041914880
anon_thp 19035848704
anon 19041914880
anon_thp 19035848704
anon 19041914880
anon_thp 19035848704
anon 19041914880
anon_thp 19035848704
anon 19041914880
anon_thp 19035848704
anon 19041914880
anon_thp 19035848704
anon 19041914880
anon_thp 19035848704
anon 19041914880
anon_thp 19035848704
anon 19041914880
anon_thp 19035848704
anon 19041914880
anon_thp 19035848704
anon 19041914880
anon_thp 19035848704
anon 19041914880
anon_thp 19035848704
anon 19041914880
anon_thp 19035848704
anon 19041914880
anon_thp 19035848704
anon 19041914880
anon_thp 19035848704
anon 19041914880
anon_thp 19035848704
anon 19041914880
anon_thp 19035848704
anon 19041914880
anon_thp 19035848704
anon 19041914880
anon_thp 19035848704
anon 19041914880
anon_thp 19035848704
anon 19041914880
anon_thp 19035848704
anon 19041914880
anon_thp 19035848704
anon 19041914880
anon_thp 19035848704
anon 19041914880
anon_thp 19035848704
anon 19041914880
anon_thp 19035848704
anon 19041914880
anon_thp 19035848704
anon 19041914880
anon_thp 19035848704
anon 19041914880
anon_thp 19035848704
anon 19041914880
anon_thp 19035848704
anon 19041914880
anon_thp 19035848704
anon 19041914880
anon_thp 19035848704
anon 19041914880
anon_thp 19035848704
anon 19041914880
anon_thp 19035848704
anon 19041914880
anon_thp 19035848704
anon 19041914880
anon_thp 19035848704
anon 19041914880
anon_thp 19035848704
anon 19041914880
anon_thp 19035848704
anon 19041914880
anon_thp 19035848704
anon 19041914880
anon_thp 19035848704
anon 18323513344
anon_thp 18320719872
anon 19041914880
anon_thp 19035848704
anon 19041914880
anon_thp 19035848704
anon 19041914880
anon_thp 19035848704
anon 19041914880
anon_thp 19035848704
anon 19041914880
anon_thp 19035848704
anon 19041914880
anon_thp 19035848704
anon 19041914880
anon_thp 19035848704
anon 19041914880
anon_thp 19035848704
anon 19041914880
anon_thp 19035848704
anon 19041914880
anon_thp 19035848704
anon 19041914880
anon_thp 19035848704
anon 19041914880
anon_thp 19035848704
anon 19041914880
anon_thp 19035848704
anon 19041914880
anon_thp 19035848704
anon 19041914880
anon_thp 19035848704
anon 19041914880
anon_thp 19035848704
anon 19041914880
anon_thp 19035848704
anon 19041914880
anon_thp 19035848704
anon 19041914880
anon_thp 19035848704
anon 19041914880
anon_thp 19035848704
anon 19041914880
anon_thp 19035848704
anon 19041914880
anon_thp 19035848704
anon 19041914880
anon_thp 19035848704
anon 19041914880
anon_thp 19035848704
anon 19041914880
anon_thp 19035848704
anon 19041914880
anon_thp 19035848704
anon 19041914880
anon_thp 19035848704
anon 19041914880
anon_thp 19035848704
anon 19041914880
anon_thp 19035848704
anon 19041914880
anon_thp 19035848704
anon 19041914880
anon_thp 19035848704
anon 19041914880
anon_thp 19035848704
anon 19041914880
anon_thp 19035848704
anon 19041914880
anon_thp 19035848704
anon 19041914880
anon_thp 19035848704
anon 19041914880
anon_thp 19035848704
anon 19041914880
anon_thp 19035848704
anon 19041914880
anon_thp 19035848704
anon 19041914880
anon_thp 19035848704
anon 331776
anon_thp 0
