pgmigrate_success 129864747
pgmigrate_success 129864750
pgmigrate_success 129864751
pgmigrate_success 129864751
pgmigrate_success 129864751
pgmigrate_success 129864751
pgmigrate_success 129864751
pgmigrate_success 129864751
pgmigrate_success 129864751
pgmigrate_success 129864751
pgmigrate_success 129864751
pgmigrate_success 129864751
pgmigrate_success 129864751
pgmigrate_success 129864751
pgmigrate_success 129864751
pgmigrate_success 129864751
pgmigrate_success 129864751
pgmigrate_success 129864751
pgmigrate_success 129864751
pgmigrate_success 129864751
pgmigrate_success 129864751
pgmigrate_success 129864751
pgmigrate_success 129864751
pgmigrate_success 129864751
pgmigrate_success 129864751
pgmigrate_success 129864751
pgmigrate_success 129864751
pgmigrate_success 129864751
pgmigrate_success 129864751
pgmigrate_success 129864751
pgmigrate_success 129864751
pgmigrate_success 129864751
pgmigrate_success 129864751
pgmigrate_success 129864751
pgmigrate_success 129864751
pgmigrate_success 129864751
pgmigrate_success 129864751
pgmigrate_success 129864751
pgmigrate_success 129864751
pgmigrate_success 129864751
pgmigrate_success 129864751
pgmigrate_success 129864751
pgmigrate_success 129864751
pgmigrate_success 129864751
pgmigrate_success 129864751
pgmigrate_success 129864751
pgmigrate_success 129864751
pgmigrate_success 129864751
pgmigrate_success 129864751
pgmigrate_success 129864751
pgmigrate_success 129864751
pgmigrate_success 129864751
pgmigrate_success 129864751
pgmigrate_success 129864751
pgmigrate_success 129864751
pgmigrate_success 129864751
pgmigrate_success 129864751
pgmigrate_success 129864751
pgmigrate_success 129864751
pgmigrate_success 129864751
pgmigrate_success 129864751
pgmigrate_success 129864751
pgmigrate_success 129864751
pgmigrate_success 129864751
pgmigrate_success 129864751
pgmigrate_success 129870903
pgmigrate_success 129899110
pgmigrate_success 130061594
pgmigrate_success 130218788
pgmigrate_success 130287908
pgmigrate_success 130297636
pgmigrate_success 130305316
pgmigrate_success 130323748
pgmigrate_success 130395428
pgmigrate_success 130508068
pgmigrate_success 130584356
pgmigrate_success 130630948
pgmigrate_success 130647332
pgmigrate_success 130648356
pgmigrate_success 130649380
pgmigrate_success 130680612
pgmigrate_success 130746660
pgmigrate_success 130835748
pgmigrate_success 130907940
pgmigrate_success 131006756
pgmigrate_success 131083556
pgmigrate_success 131168036
pgmigrate_success 131341125
pgmigrate_success 131592517
pgmigrate_success 131592517
pgmigrate_success 131654981
pgmigrate_success 131818821
pgmigrate_success 131818821
pgmigrate_success 131818821
pgmigrate_success 131818821
pgmigrate_success 131818821
pgmigrate_success 131844574
pgmigrate_success 131915817
pgmigrate_success 131989555
pgmigrate_success 132124827
pgmigrate_success 132180641
pgmigrate_success 132208291
pgmigrate_success 132208803
pgmigrate_success 132209315
pgmigrate_success 132233891
pgmigrate_success 132354765
pgmigrate_success 132449527
pgmigrate_success 132541231
pgmigrate_success 132581187
pgmigrate_success 132648859
pgmigrate_success 132766149
pgmigrate_success 132828634
pgmigrate_success 132901850
pgmigrate_success 133021661
pgmigrate_success 133126633
pgmigrate_success 133126633
pgmigrate_success 133126633
pgmigrate_success 133132777
pgmigrate_success 133180393
pgmigrate_success 133283828
pgmigrate_success 133391787
pgmigrate_success 133391787
pgmigrate_success 133391787
pgmigrate_success 133391787
pgmigrate_success 133391787
pgmigrate_success 133391787
pgmigrate_success 133391787
pgmigrate_success 133395371
pgmigrate_success 133408683
pgmigrate_success 133420971
pgmigrate_success 133433259
pgmigrate_success 133446571
pgmigrate_success 133464491
pgmigrate_success 133488558
pgmigrate_success 133510574
pgmigrate_success 133541806
pgmigrate_success 133541806
pgmigrate_success 133541806
pgmigrate_success 133541806
pgmigrate_success 133541806
pgmigrate_success 133817951
pgmigrate_success 133818463
pgmigrate_success 133839533
pgmigrate_success 133895790
pgmigrate_success 133959736
pgmigrate_success 133961272
pgmigrate_success 133963147
pgmigrate_success 133966219
pgmigrate_success 133966219
pgmigrate_success 133966219
pgmigrate_success 133966219
pgmigrate_success 133966219
pgmigrate_success 133967260
pgmigrate_success 133967266
pgmigrate_success 133967266
pgmigrate_success 133967266
pgmigrate_success 133967266
pgmigrate_success 133967266
pgmigrate_success 133967266
pgmigrate_success 134042533
pgmigrate_success 134043045
pgmigrate_success 134043045
pgmigrate_success 134043045
pgmigrate_success 134043045
pgmigrate_success 134043045
pgmigrate_success 134043045
pgmigrate_success 134043045
pgmigrate_success 134043045
pgmigrate_success 134043045
pgmigrate_success 134043045
pgmigrate_success 134043045
pgmigrate_success 134043045
pgmigrate_success 134043045
pgmigrate_success 134043045
pgmigrate_success 134043045
pgmigrate_success 134043045
pgmigrate_success 134044581
pgmigrate_success 134048165
pgmigrate_success 134054310
pgmigrate_success 134061478
pgmigrate_success 134065062
pgmigrate_success 134068646
pgmigrate_success 134074278
pgmigrate_success 134086568
pgmigrate_success 134093580
pgmigrate_success 134102796
pgmigrate_success 134110988
pgmigrate_success 134126860
pgmigrate_success 134145366
pgmigrate_success 134161309
pgmigrate_success 134175679
pgmigrate_success 134198245
pgmigrate_success 134214144
pgmigrate_success 134230054
pgmigrate_success 134243895
pgmigrate_success 134261325
pgmigrate_success 134276178
pgmigrate_success 134291040
pgmigrate_success 134301802
pgmigrate_success 134316150
pgmigrate_success 134330492
pgmigrate_success 134356610
pgmigrate_success 134374020
pgmigrate_success 134464644
pgmigrate_success 134464644
pgmigrate_success 134464644
pgmigrate_success 134464644
pgmigrate_success 134464644
pgmigrate_success 134464644
pgmigrate_success 134464644
pgmigrate_success 134464644
pgmigrate_success 134464644
pgmigrate_success 134464644
pgmigrate_success 134464644
pgmigrate_success 134464644
pgmigrate_success 134471812
pgmigrate_success 134485731
pgmigrate_success 134497510
pgmigrate_success 134507750
pgmigrate_success 134513384
pgmigrate_success 134513384
pgmigrate_success 134513384
pgmigrate_success 134513384
pgmigrate_success 134513384
pgmigrate_success 134513384
pgmigrate_success 134513384
pgmigrate_success 134513384
pgmigrate_success 134513384
pgmigrate_success 134513386
pgmigrate_success 134513386
pgmigrate_success 134513386
pgmigrate_success 134513386
pgmigrate_success 134513386
pgmigrate_success 134513386
pgmigrate_success 134513386
pgmigrate_success 134513386
pgmigrate_success 134513386
pgmigrate_success 134513386
pgmigrate_success 134513386
pgmigrate_success 134513386
pgmigrate_success 134513386
pgmigrate_success 134513389
pgmigrate_success 134513389
pgmigrate_success 134513389
pgmigrate_success 134513389
pgmigrate_success 134513389
pgmigrate_success 134513389
pgmigrate_success 134523188
pgmigrate_success 134533425
pgmigrate_success 134570801
pgmigrate_success 134570801
pgmigrate_success 134570801
pgmigrate_success 134570801
pgmigrate_success 134570801
pgmigrate_success 134570801
pgmigrate_success 134570801
pgmigrate_success 134570801
pgmigrate_success 134570801
pgmigrate_success 134570801
pgmigrate_success 134570801
pgmigrate_success 134570801
pgmigrate_success 134570801
pgmigrate_success 134570801
pgmigrate_success 134570801
pgmigrate_success 134570801
pgmigrate_success 134570801
pgmigrate_success 134571313
pgmigrate_success 134571313
pgmigrate_success 134571313
pgmigrate_success 134571313
pgmigrate_success 134574385
pgmigrate_success 134576945
pgmigrate_success 134582577
pgmigrate_success 134586161
pgmigrate_success 134589745
pgmigrate_success 134593329
pgmigrate_success 134596401
pgmigrate_success 134602545
pgmigrate_success 134609201
pgmigrate_success 134614843
pgmigrate_success 134621080
pgmigrate_success 134625201
pgmigrate_success 134629816
pgmigrate_success 134635988
pgmigrate_success 134639079
pgmigrate_success 134647320
pgmigrate_success 134651418
pgmigrate_success 134655514
pgmigrate_success 134662687
pgmigrate_success 134671394
pgmigrate_success 134674991
pgmigrate_success 134680626
pgmigrate_success 134687284
pgmigrate_success 134699070
pgmigrate_success 134711363
pgmigrate_success 134721101
pgmigrate_success 134730320
pgmigrate_success 134742613
pgmigrate_success 134803032
pgmigrate_success 134803032
pgmigrate_success 134803032
pgmigrate_success 134803032
pgmigrate_success 134803032
pgmigrate_success 134803032
pgmigrate_success 134803032
pgmigrate_success 134803032
pgmigrate_success 134803032
pgmigrate_success 134803032
pgmigrate_success 134803032
pgmigrate_success 134803032
pgmigrate_success 134803032
pgmigrate_success 134876767
pgmigrate_success 134956158
pgmigrate_success 134985854
pgmigrate_success 135014015
pgmigrate_success 135051915
pgmigrate_success 135093560
pgmigrate_success 135132042
pgmigrate_success 135172065
pgmigrate_success 135228422
pgmigrate_success 135275014
pgmigrate_success 135327758
pgmigrate_success 135327758
pgmigrate_success 135327758
pgmigrate_success 135327875
pgmigrate_success 135327875
pgmigrate_success 135327875
pgmigrate_success 135327875
pgmigrate_success 135327875
pgmigrate_success 135327875
pgmigrate_success 135327875
pgmigrate_success 135328227
pgmigrate_success 135370723
pgmigrate_success 135459299
pgmigrate_success 135459299
pgmigrate_success 135459299
pgmigrate_success 135459299
pgmigrate_success 135459299
pgmigrate_success 135459299
pgmigrate_success 135459299
pgmigrate_success 135459299
pgmigrate_success 135459299
pgmigrate_success 135459299
pgmigrate_success 135459299
pgmigrate_success 135459299
pgmigrate_success 135459299
pgmigrate_success 135459299
pgmigrate_success 135459299
pgmigrate_success 135459299
pgmigrate_success 135459299
pgmigrate_success 135459299
pgmigrate_success 135459299
pgmigrate_success 135459299
pgmigrate_success 135459299
pgmigrate_success 135459299
pgmigrate_success 135459299
pgmigrate_success 135459299
pgmigrate_success 135459299
pgmigrate_success 135459299
pgmigrate_success 135459307
pgmigrate_success 135459307
pgmigrate_success 135464427
pgmigrate_success 135476731
pgmigrate_success 135492128
pgmigrate_success 135501866
pgmigrate_success 135515191
pgmigrate_success 135522899
pgmigrate_success 135538772
pgmigrate_success 135553639
pgmigrate_success 135567475
pgmigrate_success 135586444
pgmigrate_success 135606935
pgmigrate_success 135625888
pgmigrate_success 135659195
pgmigrate_success 135687890
pgmigrate_success 135724491
pgmigrate_success 135756259
pgmigrate_success 135777783
pgmigrate_success 135810048
pgmigrate_success 135941646
pgmigrate_success 135941646
pgmigrate_success 135941646
pgmigrate_success 135941646
pgmigrate_success 135941646
pgmigrate_success 135941646
pgmigrate_success 135941646
pgmigrate_success 135941646
pgmigrate_success 135959054
pgmigrate_success 135979534
pgmigrate_success 136004118
pgmigrate_success 136012319
pgmigrate_success 136034345
pgmigrate_success 136066610
pgmigrate_success 136109625
pgmigrate_success 136149564
pgmigrate_success 136186946
pgmigrate_success 136224355
pgmigrate_success 136264805
pgmigrate_success 136306282
pgmigrate_success 136349803
pgmigrate_success 136404617
pgmigrate_success 136448202
pgmigrate_success 136510239
pgmigrate_success 136526641
pgmigrate_success 136526641
pgmigrate_success 136526641
pgmigrate_success 136526641
pgmigrate_success 136526888
pgmigrate_success 136527351
pgmigrate_success 136527351
pgmigrate_success 136527351
pgmigrate_success 136527359
pgmigrate_success 136539160
pgmigrate_success 136665030
pgmigrate_success 136665030
pgmigrate_success 136665030
pgmigrate_success 136665030
pgmigrate_success 136665030
pgmigrate_success 136665030
pgmigrate_success 136665030
pgmigrate_success 136665030
pgmigrate_success 136665030
pgmigrate_success 136665030
pgmigrate_success 136665030
pgmigrate_success 136665030
pgmigrate_success 136665030
pgmigrate_success 136665030
pgmigrate_success 136665030
pgmigrate_success 136665030
pgmigrate_success 136665030
pgmigrate_success 136665030
pgmigrate_success 136665030
pgmigrate_success 136665030
pgmigrate_success 136665030
pgmigrate_success 136665030
pgmigrate_success 136675296
pgmigrate_success 136679408
pgmigrate_success 136685060
pgmigrate_success 136689156
pgmigrate_success 136699749
pgmigrate_success 136701291
pgmigrate_success 136713074
pgmigrate_success 136723332
pgmigrate_success 136735112
pgmigrate_success 136744852
pgmigrate_success 136758176
pgmigrate_success 136767395
pgmigrate_success 136778683
pgmigrate_success 136787906
pgmigrate_success 136793538
pgmigrate_success 136814557
pgmigrate_success 136826349
pgmigrate_success 136830447
pgmigrate_success 136840187
pgmigrate_success 136857626
pgmigrate_success 136869914
pgmigrate_success 136889381
pgmigrate_success 136908337
pgmigrate_success 136929336
