pgmigrate_success 28663171
pgmigrate_fail 418360
thp_migration_success 43634
thp_migration_fail 1
thp_migration_split 0
thp_fault_alloc 288852
thp_fault_fallback 0
thp_fault_fallback_charge 0
thp_collapse_alloc 35657
thp_collapse_alloc_failed 187167
thp_file_alloc 340
thp_file_fallback 0
thp_file_fallback_charge 0
thp_file_mapped 0
thp_split_page 9429
thp_split_page_failed 1468
thp_deferred_split_page 36490
thp_split_pmd 98555
thp_split_pud 0
thp_zero_page_alloc 0
thp_zero_page_alloc_failed 0
thp_swpout 0
thp_swpout_fallback 0
htmm_nr_promoted 23289614
htmm_nr_demoted 3277065
htmm_nr_sampled 0
htmm_missed_dramread 8813
htmm_missed_nvmread 0
htmm_missed_write 0
htmm_alloc_dram 230517277
htmm_alloc_nvm 0
