pgmigrate_success 85098890
pgmigrate_fail 303411
thp_migration_success 147996
thp_migration_fail 40
thp_migration_split 0
thp_fault_alloc 303020
thp_fault_fallback 0
thp_fault_fallback_charge 0
thp_collapse_alloc 36642
thp_collapse_alloc_failed 19930
thp_file_alloc 330
thp_file_fallback 0
thp_file_fallback_charge 0
thp_file_mapped 0
thp_split_page 6462
thp_split_page_failed 785
thp_deferred_split_page 34877
thp_split_pmd 96718
thp_split_pud 0
thp_zero_page_alloc 0
thp_zero_page_alloc_failed 0
thp_swpout 0
thp_swpout_fallback 0
htmm_nr_promoted 67089283
htmm_nr_demoted 16325810
htmm_nr_sampled 0
htmm_missed_dramread 5699
htmm_missed_nvmread 0
htmm_missed_write 0
htmm_alloc_dram 236972326
htmm_alloc_nvm 0
