pgmigrate_success 17829105
pgmigrate_success 17829377
pgmigrate_success 17829466
pgmigrate_success 17829547
pgmigrate_success 17829620
pgmigrate_success 17829689
pgmigrate_success 17829761
pgmigrate_success 17829824
pgmigrate_success 17829889
pgmigrate_success 17829962
pgmigrate_success 17830024
pgmigrate_success 17830091
pgmigrate_success 17830156
pgmigrate_success 17830214
pgmigrate_success 17830272
pgmigrate_success 17830341
pgmigrate_success 17830398
pgmigrate_success 17830436
pgmigrate_success 17830810
pgmigrate_success 17831021
pgmigrate_success 17831335
pgmigrate_success 17831534
pgmigrate_success 17831758
pgmigrate_success 17832059
pgmigrate_success 17832169
pgmigrate_success 17832379
pgmigrate_success 17832570
pgmigrate_success 17834652
pgmigrate_success 17835368
pgmigrate_success 17835545
pgmigrate_success 17837282
pgmigrate_success 17854579
pgmigrate_success 17892939
pgmigrate_success 18008254
pgmigrate_success 18116045
pgmigrate_success 18117167
pgmigrate_success 18118082
pgmigrate_success 18118873
pgmigrate_success 18189109
pgmigrate_success 18189857
pgmigrate_success 18191105
pgmigrate_success 18191844
pgmigrate_success 18245238
pgmigrate_success 18277727
pgmigrate_success 18296839
pgmigrate_success 18362984
pgmigrate_success 18414994
pgmigrate_success 18447135
pgmigrate_success 18464642
pgmigrate_success 18531113
pgmigrate_success 18578825
pgmigrate_success 18614517
pgmigrate_success 18616966
pgmigrate_success 18617418
pgmigrate_success 18686193
pgmigrate_success 18687356
pgmigrate_success 18688497
pgmigrate_success 18688874
pgmigrate_success 18689088
pgmigrate_success 18689805
pgmigrate_success 18689981
pgmigrate_success 18690624
pgmigrate_success 18759118
pgmigrate_success 18761571
pgmigrate_success 18829872
pgmigrate_success 18833509
pgmigrate_success 18871880
pgmigrate_success 18903728
pgmigrate_success 18905642
pgmigrate_success 18976342
pgmigrate_success 18977908
pgmigrate_success 19050729
pgmigrate_success 19060279
pgmigrate_success 19062631
pgmigrate_success 19081223
pgmigrate_success 19118367
pgmigrate_success 19119671
pgmigrate_success 19119942
pgmigrate_success 19120189
pgmigrate_success 19156914
pgmigrate_success 19175555
pgmigrate_success 19193616
pgmigrate_success 19228294
pgmigrate_success 19230702
pgmigrate_success 19267075
pgmigrate_success 19268942
pgmigrate_success 19305642
pgmigrate_success 19306474
pgmigrate_success 19344224
pgmigrate_success 19347194
pgmigrate_success 19347385
pgmigrate_success 19348127
pgmigrate_success 19349169
pgmigrate_success 19349528
pgmigrate_success 19351414
pgmigrate_success 19351628
pgmigrate_success 19353766
pgmigrate_success 19355942
pgmigrate_success 19421127
pgmigrate_success 19421127
pgmigrate_success 19421127
pgmigrate_success 19431754
pgmigrate_success 19498172
pgmigrate_success 19501222
pgmigrate_success 19587101
pgmigrate_success 19592143
pgmigrate_success 19678143
pgmigrate_success 19701014
pgmigrate_success 19758884
pgmigrate_success 19759075
pgmigrate_success 19759873
pgmigrate_success 19760084
pgmigrate_success 19761312
pgmigrate_success 19761463
pgmigrate_success 19762611
pgmigrate_success 19762763
pgmigrate_success 19780149
pgmigrate_success 19797803
pgmigrate_success 19798755
pgmigrate_success 19798788
pgmigrate_success 19822989
pgmigrate_success 19895892
pgmigrate_success 19927432
pgmigrate_success 19927810
pgmigrate_success 19927810
pgmigrate_success 19928003
pgmigrate_success 20060587
pgmigrate_success 20110150
pgmigrate_success 20110321
pgmigrate_success 20110816
pgmigrate_success 20111652
pgmigrate_success 20111652
pgmigrate_success 20112164
pgmigrate_success 20112164
pgmigrate_success 20112164
pgmigrate_success 20112164
pgmigrate_success 20112676
pgmigrate_success 20112676
pgmigrate_success 20112676
pgmigrate_success 20112676
pgmigrate_success 20119881
pgmigrate_success 20119881
pgmigrate_success 20146575
pgmigrate_success 20174832
pgmigrate_success 20176677
pgmigrate_success 20176677
pgmigrate_success 20178213
pgmigrate_success 20198251
pgmigrate_success 20221267
pgmigrate_success 20244376
pgmigrate_success 20290595
pgmigrate_success 20321009
pgmigrate_success 20321009
pgmigrate_success 20321009
pgmigrate_success 20321009
pgmigrate_success 20321009
pgmigrate_success 20321521
pgmigrate_success 20323057
pgmigrate_success 20323057
pgmigrate_success 20323057
pgmigrate_success 20323057
pgmigrate_success 20332794
pgmigrate_success 20372218
pgmigrate_success 20416858
pgmigrate_success 20464273
pgmigrate_success 20472979
pgmigrate_success 20483095
pgmigrate_success 20554078
pgmigrate_success 20560866
pgmigrate_success 20561378
pgmigrate_success 20561378
pgmigrate_success 20561378
pgmigrate_success 20602861
pgmigrate_success 20614167
pgmigrate_success 20614167
pgmigrate_success 20626655
pgmigrate_success 20651714
pgmigrate_success 20652226
pgmigrate_success 20652226
pgmigrate_success 20652226
pgmigrate_success 20652226
pgmigrate_success 20652226
pgmigrate_success 20652226
pgmigrate_success 20662710
pgmigrate_success 20662829
pgmigrate_success 20694548
pgmigrate_success 20696537
pgmigrate_success 20697947
pgmigrate_success 20702401
pgmigrate_success 20704475
pgmigrate_success 20706825
pgmigrate_success 20708723
pgmigrate_success 20713256
pgmigrate_success 20743969
pgmigrate_success 20746817
pgmigrate_success 20749948
pgmigrate_success 20752682
pgmigrate_success 20783783
pgmigrate_success 20815290
pgmigrate_success 20816510
pgmigrate_success 20819382
pgmigrate_success 20852483
pgmigrate_success 20884326
pgmigrate_success 20886038
pgmigrate_success 20890840
pgmigrate_success 20909884
pgmigrate_success 20911292
pgmigrate_success 20958187
pgmigrate_success 21004589
pgmigrate_success 21021280
pgmigrate_success 21021532
pgmigrate_success 21021658
pgmigrate_success 21021658
pgmigrate_success 21060767
pgmigrate_success 21214122
pgmigrate_success 21214865
pgmigrate_success 21216106
pgmigrate_success 21216464
pgmigrate_success 21216568
pgmigrate_success 21224871
pgmigrate_success 21225062
pgmigrate_success 21233458
pgmigrate_success 21241261
pgmigrate_success 21241456
pgmigrate_success 21249362
pgmigrate_success 21257198
pgmigrate_success 21257405
pgmigrate_success 21265583
pgmigrate_success 21266388
pgmigrate_success 21268977
pgmigrate_success 21268977
pgmigrate_success 21268977
pgmigrate_success 21269876
pgmigrate_success 21269876
pgmigrate_success 21269900
pgmigrate_success 21270528
pgmigrate_success 21271721
pgmigrate_success 21272585
pgmigrate_success 21279299
pgmigrate_success 21321828
pgmigrate_success 21322764
pgmigrate_success 21322764
pgmigrate_success 21322764
pgmigrate_success 21323519
pgmigrate_success 21323519
pgmigrate_success 21323519
pgmigrate_success 21324670
pgmigrate_success 21354840
pgmigrate_success 21354840
pgmigrate_success 21354840
pgmigrate_success 21356233
pgmigrate_success 21356233
pgmigrate_success 21356298
pgmigrate_success 21357389
pgmigrate_success 21383536
pgmigrate_success 21383536
pgmigrate_success 21384048
pgmigrate_success 21384048
pgmigrate_success 21384347
pgmigrate_success 21384347
pgmigrate_success 21385890
pgmigrate_success 21398258
pgmigrate_success 21398258
pgmigrate_success 21398258
pgmigrate_success 21398819
pgmigrate_success 21398819
pgmigrate_success 21398819
pgmigrate_success 21398837
pgmigrate_success 21409199
pgmigrate_success 21409199
pgmigrate_success 21409199
pgmigrate_success 21437344
pgmigrate_success 21440070
pgmigrate_success 21440823
pgmigrate_success 21449775
pgmigrate_success 21449786
pgmigrate_success 21453108
pgmigrate_success 21488962
pgmigrate_success 21488962
pgmigrate_success 21529849
pgmigrate_success 21532481
pgmigrate_success 21567835
pgmigrate_success 21582791
pgmigrate_success 21606352
pgmigrate_success 21645844
pgmigrate_success 21684666
pgmigrate_success 21689762
pgmigrate_success 21689952
pgmigrate_success 21691852
pgmigrate_success 21694366
pgmigrate_success 21698329
pgmigrate_success 21701101
pgmigrate_success 21703864
pgmigrate_success 21705922
pgmigrate_success 21709138
pgmigrate_success 21713975
pgmigrate_success 21714409
pgmigrate_success 21736950
pgmigrate_success 21746039
pgmigrate_success 21765125
pgmigrate_success 21772349
pgmigrate_success 21795383
pgmigrate_success 21814923
pgmigrate_success 21823616
pgmigrate_success 21871547
pgmigrate_success 21884730
pgmigrate_success 21911280
pgmigrate_success 21916572
pgmigrate_success 21916938
pgmigrate_success 21917770
pgmigrate_success 21920157
pgmigrate_success 21921574
pgmigrate_success 21923532
pgmigrate_success 21924426
pgmigrate_success 21925326
pgmigrate_success 21927694
pgmigrate_success 21932502
pgmigrate_success 21932645
pgmigrate_success 21932645
pgmigrate_success 21936045
pgmigrate_success 21939964
pgmigrate_success 21943604
pgmigrate_success 21945120
pgmigrate_success 21945222
pgmigrate_success 21946430
pgmigrate_success 21947815
pgmigrate_success 21950617
pgmigrate_success 21953968
pgmigrate_success 21957465
pgmigrate_success 21961140
pgmigrate_success 21962290
pgmigrate_success 21962290
pgmigrate_success 21962290
pgmigrate_success 21991363
pgmigrate_success 22031196
pgmigrate_success 22077488
pgmigrate_success 22077488
pgmigrate_success 22077571
pgmigrate_success 22077571
pgmigrate_success 22077571
pgmigrate_success 22077571
pgmigrate_success 22077571
pgmigrate_success 22077697
pgmigrate_success 22077697
pgmigrate_success 22077823
pgmigrate_success 22077823
pgmigrate_success 22077823
pgmigrate_success 22077823
pgmigrate_success 22077947
pgmigrate_success 22077947
pgmigrate_success 22077947
pgmigrate_success 22078089
pgmigrate_success 22078089
pgmigrate_success 22078089
pgmigrate_success 22078089
pgmigrate_success 22078089
pgmigrate_success 22078089
pgmigrate_success 22078089
pgmigrate_success 22078089
pgmigrate_success 22078089
pgmigrate_success 22078205
pgmigrate_success 22078205
pgmigrate_success 22078205
pgmigrate_success 22078411
pgmigrate_success 22078411
pgmigrate_success 22116695
pgmigrate_success 22236588
pgmigrate_success 22237222
pgmigrate_success 22237856
pgmigrate_success 22240495
pgmigrate_success 22240802
pgmigrate_success 22241974
pgmigrate_success 22243771
pgmigrate_success 22244471
pgmigrate_success 22247621
pgmigrate_success 22247817
pgmigrate_success 22249953
pgmigrate_success 22251663
pgmigrate_success 22252140
pgmigrate_success 22252914
pgmigrate_success 22254167
pgmigrate_success 22259030
pgmigrate_success 22261521
pgmigrate_success 22262529
pgmigrate_success 22265039
pgmigrate_success 22270620
pgmigrate_success 22273739
pgmigrate_success 22275416
pgmigrate_success 22277072
pgmigrate_success 22280499
pgmigrate_success 22291228
pgmigrate_success 22306084
pgmigrate_success 22306640
pgmigrate_success 22306675
pgmigrate_success 22309179
pgmigrate_success 22312371
pgmigrate_success 22313230
pgmigrate_success 22314704
pgmigrate_success 22316292
pgmigrate_success 22317578
pgmigrate_success 22319560
pgmigrate_success 22321057
pgmigrate_success 22359259
pgmigrate_success 22363510
pgmigrate_success 22365223
pgmigrate_success 22391746
pgmigrate_success 22401767
pgmigrate_success 22415244
pgmigrate_success 22416735
pgmigrate_success 22417043
pgmigrate_success 22417256
pgmigrate_success 22417280
pgmigrate_success 22421814
pgmigrate_success 22432400
pgmigrate_success 22434966
pgmigrate_success 22441017
pgmigrate_success 22441529
pgmigrate_success 22444102
pgmigrate_success 22444102
pgmigrate_success 22445231
pgmigrate_success 22454989
pgmigrate_success 22455826
pgmigrate_success 22461403
pgmigrate_success 22461498
pgmigrate_success 22467891
pgmigrate_success 22467891
pgmigrate_success 22468728
pgmigrate_success 22476097
pgmigrate_success 22476961
pgmigrate_success 22478689
pgmigrate_success 22479770
pgmigrate_success 22479770
pgmigrate_success 22480785
pgmigrate_success 22481443
pgmigrate_success 22482174
pgmigrate_success 22519776
pgmigrate_success 22533668
pgmigrate_success 22544686
pgmigrate_success 22564790
pgmigrate_success 22582747
pgmigrate_success 22594446
pgmigrate_success 22601249
pgmigrate_success 22608726
pgmigrate_success 22619444
