pgmigrate_success 10986127
pgmigrate_fail 120893
thp_migration_success 15696
thp_migration_fail 1
thp_migration_split 0
thp_fault_alloc 100014
thp_fault_fallback 0
thp_fault_fallback_charge 0
thp_collapse_alloc 10893
thp_collapse_alloc_failed 51732
thp_file_alloc 97
thp_file_fallback 0
thp_file_fallback_charge 0
thp_file_mapped 0
thp_split_page 3797
thp_split_page_failed 699
thp_deferred_split_page 10969
thp_split_pmd 26311
thp_split_pud 0
thp_zero_page_alloc 0
thp_zero_page_alloc_failed 0
thp_swpout 0
thp_swpout_fallback 0
htmm_nr_promoted 8973026
htmm_nr_demoted 1064915
htmm_nr_sampled 0
htmm_missed_dramread 3316
htmm_missed_nvmread 0
htmm_missed_write 0
htmm_alloc_dram 91955997
htmm_alloc_nvm 0
