hot 0 warm 0 cold 0
hot 210 warm 0 cold 0
hot 284 warm 0 cold 0
hot 364 warm 0 cold 0
hot 436 warm 0 cold 0
hot 514 warm 0 cold 0
hot 580 warm 0 cold 0
hot 652 warm 0 cold 0
hot 717 warm 0 cold 0
hot 784 warm 0 cold 0
hot 847 warm 0 cold 0
hot 918 warm 0 cold 0
hot 981 warm 0 cold 0
hot 1037 warm 0 cold 0
hot 1104 warm 0 cold 0
hot 1167 warm 0 cold 0
hot 1223 warm 0 cold 0
hot 1397 warm 0 cold 126
hot 1688 warm 0 cold 125
hot 1891 warm 0 cold 125
hot 2212 warm 0 cold 125
hot 2462 warm 0 cold 125
hot 2681 warm 0 cold 125
hot 2913 warm 0 cold 125
hot 3118 warm 0 cold 125
hot 3348 warm 0 cold 125
hot 3560 warm 0 cold 125
hot 3649 warm 0 cold 125
hot 4140 warm 0 cold 0
hot 6194 warm 0 cold 0
hot 7354 warm 0 cold 0
hot 19091 warm 0 cold 0
hot 34670 warm 0 cold 0
hot 22569 warm 0 cold 0
hot 24100 warm 0 cold 0
hot 24948 warm 0 cold 0
hot 25874 warm 0 cold 0
hot 76729 warm 0 cold 0
hot 77504 warm 0 cold 0
hot 77725 warm 0 cold 0
hot 78770 warm 0 cold 0
hot 31605 warm 0 cold 0
hot 84684 warm 0 cold 0
hot 36381 warm 0 cold 0
hot 87866 warm 0 cold 0
hot 39829 warm 0 cold 0
hot 91499 warm 0 cold 0
hot 43203 warm 0 cold 0
hot 94476 warm 0 cold 0
hot 29680 warm 0 cold 0
hot 97336 warm 0 cold 0
hot 34494 warm 0 cold 0
hot 6122 warm 0 cold 0
hot 74821 warm 0 cold 0
hot 77118 warm 0 cold 0
hot 78602 warm 0 cold 0
hot 79883 warm 0 cold 0
hot 80395 warm 0 cold 0
hot 80610 warm 0 cold 0
hot 81283 warm 0 cold 0
hot 81795 warm 0 cold 0
hot 83564 warm 0 cold 0
hot 87545 warm 0 cold 0
hot 57259 warm 0 cold 0
hot 95663 warm 0 cold 0
hot 27481 warm 0 cold 0
hot 97747 warm 0 cold 0
hot 34169 warm 0 cold 0
hot 102671 warm 0 cold 0
hot 105145 warm 0 cold 0
hot 111367 warm 0 cold 0
hot 112361 warm 0 cold 0
hot 11231 warm 0 cold 0
hot 43582 warm 0 cold 0
hot 46307 warm 0 cold 0
hot 46763 warm 0 cold 0
hot 47787 warm 0 cold 0
hot 47921 warm 0 cold 0
hot 52419 warm 0 cold 0
hot 54979 warm 0 cold 0
hot 58043 warm 0 cold 0
hot 61623 warm 0 cold 0
hot 63295 warm 0 cold 0
hot 64242 warm 0 cold 0
hot 33470 warm 0 cold 0
hot 67282 warm 0 cold 0
hot 68457 warm 0 cold 0
hot 73048 warm 0 cold 0
hot 27473 warm 0 cold 0
hot 6653 warm 0 cold 0
hot 7282 warm 0 cold 0
hot 7293 warm 0 cold 0
hot 8434 warm 0 cold 0
hot 8952 warm 0 cold 0
hot 8391 warm 0 cold 0
hot 9602 warm 0 cold 0
hot 11653 warm 0 cold 0
hot 65629 warm 0 cold 0
hot 14328 warm 0 cold 0
hot 88614 warm 0 cold 0
hot 19297 warm 0 cold 0
hot 24066 warm 0 cold 0
hot 89115 warm 0 cold 0
hot 30156 warm 0 cold 0
hot 98230 warm 0 cold 0
hot 37514 warm 0 cold 0
hot 112602 warm 0 cold 0
hot 19998 warm 29 cold 0
hot 2154 warm 25 cold 0
hot 2064 warm 25 cold 0
hot 2593 warm 0 cold 0
hot 2593 warm 0 cold 0
hot 3617 warm 0 cold 0
hot 3615 warm 0 cold 0
hot 19432 warm 0 cold 0
hot 5891 warm 0 cold 0
hot 6562 warm 0 cold 0
hot 7405 warm 9 cold 0
hot 8098 warm 0 cold 0
hot 8564 warm 0 cold 0
hot 9663 warm 0 cold 0
hot 10451 warm 0 cold 0
hot 11140 warm 0 cold 0
hot 11610 warm 0 cold 0
hot 10177 warm 0 cold 0
hot 2809 warm 0 cold 0
hot 2513 warm 0 cold 0
hot 3900 warm 0 cold 0
hot 2567 warm 0 cold 1740
hot 1077896 warm 0 cold 0
hot 1084040 warm 0 cold 0
hot 1087216 warm 0 cold 0
hot 1092549 warm 0 cold 0
hot 1093941 warm 0 cold 0
hot 1096093 warm 0 cold 0
hot 1098493 warm 0 cold 0
hot 25019 warm 0 cold 305
hot 21850 warm 0 cold 17
hot 55948 warm 0 cold 490
hot 534669 warm 0 cold 0
hot 1105041 warm 0 cold 0
hot 1110705 warm 0 cold 0
hot 1115603 warm 0 cold 0
hot 1120470 warm 0 cold 0
hot 105927 warm 986624 cold 32431
hot 39742 warm 512 cold 13471
hot 29662 warm 512 cold 13294
hot 205882 warm 512 cold 13294
hot 1111687 warm 512 cold 13293
hot 1112110 warm 512 cold 13291
hot 1115293 warm 512 cold 13802
hot 1118032 warm 512 cold 13792
hot 1120732 warm 512 cold 13790
hot 1123474 warm 512 cold 13790
hot 46119 warm 512 cold 13788
hot 46543 warm 512 cold 13783
hot 44472 warm 776801 cold 14295
hot 44931 warm 1050154 cold 14293
hot 46053 warm 1082985 cold 14291
hot 73795 warm 1057241 cold 14290
hot 85786 warm 1047100 cold 14286
hot 89181 warm 1045670 cold 14281
hot 92359 warm 1044326 cold 14792
hot 50608 warm 0 cold 15306
hot 74509 warm 0 cold 15319
hot 1093596 warm 0 cold 15305
hot 1121439 warm 0 cold 16841
hot 1125423 warm 0 cold 17352
hot 1127492 warm 0 cold 17346
hot 47140 warm 1082212 cold 16879
hot 49560 warm 1081749 cold 16872
hot 50753 warm 166 cold 16870
hot 69654 warm 0 cold 17243
hot 69654 warm 0 cold 17243
hot 1093852 warm 0 cold 16734
hot 1117643 warm 0 cold 16729
hot 1123620 warm 0 cold 17224
hot 1125411 warm 0 cold 17214
hot 1127227 warm 0 cold 17202
hot 35017 warm 0 cold 11817
hot 9391 warm 0 cold 2670
hot 32555 warm 0 cold 2395
hot 32560 warm 0 cold 2394
hot 33566 warm 0 cold 2394
hot 35091 warm 0 cold 2394
hot 37001 warm 0 cold 2392
hot 38472 warm 0 cold 2392
hot 40009 warm 0 cold 2392
hot 11337 warm 0 cold 2392
hot 44108 warm 0 cold 2391
hot 45132 warm 0 cold 2390
hot 45134 warm 0 cold 2390
hot 15267 warm 0 cold 0
hot 48037 warm 0 cold 0
hot 16557 warm 0 cold 0
hot 17745 warm 0 cold 0
hot 18930 warm 0 cold 0
hot 51422 warm 0 cold 0
hot 51934 warm 0 cold 0
hot 51940 warm 0 cold 0
hot 51946 warm 0 cold 0
hot 19218 warm 0 cold 0
hot 19877 warm 0 cold 0
hot 21539 warm 0 cold 0
hot 22414 warm 0 cold 0
hot 22828 warm 0 cold 0
hot 55597 warm 0 cold 0
hot 55609 warm 0 cold 0
hot 55616 warm 0 cold 0
hot 23062 warm 0 cold 0
hot 4766 warm 0 cold 143
hot 3172 warm 0 cold 0
hot 4952 warm 0 cold 0
hot 6451 warm 0 cold 0
hot 2285 warm 0 cold 192
hot 2903 warm 0 cold 0
hot 20277 warm 0 cold 0
hot 20277 warm 0 cold 0
hot 3892 warm 0 cold 0
hot 20276 warm 0 cold 0
hot 3891 warm 0 cold 0
hot 5426 warm 0 cold 0
hot 21810 warm 0 cold 0
hot 5425 warm 0 cold 0
hot 21809 warm 0 cold 0
hot 2207 warm 0 cold 0
hot 69753 warm 0 cold 0
hot 72638 warm 0 cold 0
hot 75014 warm 0 cold 0
hot 78723 warm 0 cold 0
hot 81927 warm 0 cold 0
hot 84082 warm 0 cold 0
hot 86240 warm 0 cold 0
hot 89789 warm 0 cold 0
hot 91114 warm 0 cold 0
hot 96982 warm 0 cold 0
hot 98240 warm 0 cold 0
hot 102663 warm 0 cold 0
hot 107564 warm 0 cold 0
hot 112098 warm 0 cold 0
hot 117077 warm 0 cold 0
hot 120480 warm 0 cold 0
hot 125081 warm 0 cold 0
hot 129226 warm 0 cold 0
hot 131323 warm 0 cold 0
hot 135344 warm 0 cold 0
hot 138582 warm 0 cold 0
hot 141445 warm 0 cold 0
hot 144369 warm 0 cold 0
hot 146136 warm 0 cold 0
hot 148486 warm 0 cold 0
hot 150417 warm 0 cold 0
hot 153515 warm 0 cold 0
hot 156600 warm 0 cold 0
hot 158934 warm 0 cold 0
hot 161038 warm 0 cold 0
hot 163469 warm 0 cold 0
hot 166178 warm 0 cold 0
hot 166679 warm 0 cold 0
hot 168410 warm 0 cold 0
hot 170630 warm 0 cold 0
hot 172567 warm 0 cold 0
hot 173948 warm 0 cold 0
hot 175350 warm 0 cold 0
hot 178609 warm 0 cold 0
hot 179322 warm 0 cold 0
hot 180738 warm 0 cold 0
hot 182074 warm 0 cold 0
hot 183437 warm 0 cold 0
hot 184695 warm 0 cold 0
hot 187327 warm 0 cold 0
hot 189645 warm 0 cold 0
hot 35598 warm 0 cold 0
hot 3325 warm 2 cold 0
hot 136532 warm 0 cold 0
hot 138400 warm 0 cold 0
hot 139403 warm 0 cold 0
hot 11537 warm 0 cold 0
hot 146598 warm 0 cold 0
hot 150094 warm 0 cold 0
hot 155334 warm 0 cold 0
hot 158848 warm 0 cold 0
hot 161329 warm 0 cold 0
hot 165591 warm 0 cold 0
hot 3494 warm 0 cold 0
hot 4587 warm 0 cold 0
hot 10082 warm 0 cold 0
hot 12810 warm 0 cold 0
hot 17239 warm 170 cold 0
hot 17751 warm 0 cold 0
hot 17751 warm 0 cold 0
hot 19728 warm 512 cold 0
hot 24480 warm 0 cold 0
hot 7039 warm 128 cold 0
hot 17884 warm 221 cold 0
hot 9393 warm 0 cold 0
hot 33070 warm 0 cold 0
hot 22218 warm 0 cold 0
hot 44164 warm 0 cold 0
hot 32029 warm 0 cold 0
hot 51893 warm 0 cold 0
hot 40133 warm 0 cold 0
hot 59792 warm 0 cold 0
hot 63620 warm 0 cold 0
hot 49544 warm 0 cold 0
hot 658 warm 0 cold 0
hot 1201 warm 0 cold 208
hot 1195 warm 0 cold 208
hot 2344 warm 0 cold 0
hot 5418 warm 0 cold 0
hot 7466 warm 0 cold 0
hot 9002 warm 0 cold 0
hot 9515 warm 0 cold 0
hot 9515 warm 0 cold 0
hot 9515 warm 0 cold 0
hot 3865 warm 0 cold 0
hot 1151 warm 0 cold 0
hot 3342 warm 0 cold 0
hot 6392 warm 0 cold 0
hot 11777 warm 0 cold 0
hot 14829 warm 0 cold 0
hot 25388 warm 0 cold 0
hot 29469 warm 0 cold 0
hot 33864 warm 0 cold 0
hot 99914 warm 0 cold 0
hot 34379 warm 0 cold 0
hot 35688 warm 0 cold 0
hot 36633 warm 0 cold 0
hot 47469 warm 0 cold 0
hot 57661 warm 0 cold 0
hot 68093 warm 0 cold 0
hot 129790 warm 0 cold 0
hot 64624 warm 0 cold 0
hot 65279 warm 0 cold 0
hot 65916 warm 0 cold 0
hot 72826 warm 0 cold 0
hot 80783 warm 0 cold 0
hot 88464 warm 0 cold 0
hot 153810 warm 0 cold 0
hot 89036 warm 0 cold 0
hot 89787 warm 0 cold 0
hot 90504 warm 0 cold 0
hot 97929 warm 0 cold 0
hot 104006 warm 0 cold 0
hot 109805 warm 0 cold 0
hot 110038 warm 0 cold 0
hot 100600 warm 0 cold 0
hot 101781 warm 0 cold 0
hot 102286 warm 0 cold 0
hot 118645 warm 0 cold 0
hot 128604 warm 0 cold 0
hot 192246 warm 0 cold 0
hot 127799 warm 0 cold 0
hot 127819 warm 0 cold 0
hot 128260 warm 0 cold 0
hot 135006 warm 0 cold 0
hot 140726 warm 0 cold 0
hot 147999 warm 0 cold 0
hot 209240 warm 0 cold 0
hot 74089 warm 0 cold 0
hot 12173 warm 0 cold 0
hot 4114 warm 190 cold 0
hot 4357 warm 187 cold 0
hot 5404 warm 0 cold 0
hot 6940 warm 0 cold 0
hot 8477 warm 0 cold 0
hot 8477 warm 0 cold 0
hot 11038 warm 0 cold 0
hot 11039 warm 0 cold 0
hot 7043 warm 0 cold 0
hot 5841 warm 0 cold 0
hot 11496 warm 0 cold 0
hot 12934 warm 0 cold 0
hot 15977 warm 0 cold 0
hot 19561 warm 0 cold 0
hot 24463 warm 0 cold 0
hot 26568 warm 0 cold 0
hot 29016 warm 0 cold 0
hot 31141 warm 0 cold 0
hot 37163 warm 0 cold 0
hot 42912 warm 0 cold 0
hot 29921 warm 0 cold 0
hot 7496 warm 192 cold 0
hot 10842 warm 0 cold 0
hot 78287 warm 0 cold 0
hot 88355 warm 0 cold 0
hot 91986 warm 0 cold 0
hot 96530 warm 0 cold 0
hot 68276 warm 0 cold 0
hot 104375 warm 0 cold 0
hot 106378 warm 0 cold 0
hot 206736 warm 0 cold 0
hot 46325 warm 0 cold 0
hot 115098 warm 0 cold 0
hot 120017 warm 0 cold 0
hot 123794 warm 0 cold 0
hot 95395 warm 0 cold 0
hot 131477 warm 0 cold 0
hot 133301 warm 0 cold 0
hot 233895 warm 1 cold 0
hot 72573 warm 0 cold 0
hot 143263 warm 0 cold 0
hot 147525 warm 0 cold 0
hot 150804 warm 0 cold 0
hot 121835 warm 0 cold 0
hot 157895 warm 0 cold 0
hot 159557 warm 0 cold 0
hot 96393 warm 0 cold 0
hot 164271 warm 0 cold 0
hot 168287 warm 0 cold 0
hot 171106 warm 0 cold 0
hot 173733 warm 0 cold 0
hot 144130 warm 0 cold 0
hot 179046 warm 0 cold 0
hot 181033 warm 0 cold 0
hot 119242 warm 0 cold 0
hot 187333 warm 0 cold 0
hot 158156 warm 0 cold 0
hot 195635 warm 0 cold 0
hot 165367 warm 0 cold 0
hot 201422 warm 0 cold 0
hot 203723 warm 0 cold 0
hot 140340 warm 0 cold 0
hot 208569 warm 0 cold 0
hot 211449 warm 0 cold 0
hot 214134 warm 0 cold 0
hot 216863 warm 0 cold 0
hot 218794 warm 0 cold 0
hot 222718 warm 0 cold 0
hot 224786 warm 0 cold 0
hot 127436 warm 0 cold 0
hot 25917 warm 0 cold 0
hot 13264 warm 0 cold 0
hot 27500 warm 0 cold 0
hot 41586 warm 0 cold 0
hot 51710 warm 0 cold 0
hot 60712 warm 0 cold 0
hot 68887 warm 0 cold 0
hot 74819 warm 0 cold 0
hot 58915 warm 3 cold 0
