anon 0
anon_thp 0
anon 54013952
anon_thp 6291456
anon 384729088
anon_thp 6291456
anon 738144256
anon_thp 6291456
anon 1073635328
anon_thp 6291456
anon 1403543552
anon_thp 6291456
anon 1735766016
anon_thp 6291456
anon 2077065216
anon_thp 6291456
anon 2405040128
anon_thp 6291456
anon 2743898112
anon_thp 6291456
anon 3071418368
anon_thp 6291456
anon 3405524992
anon_thp 6291456
anon 3738882048
anon_thp 6291456
anon 4069486592
anon_thp 6291456
anon 4394663936
anon_thp 6291456
anon 4715687936
anon_thp 6291456
anon 5047386112
anon_thp 6291456
anon 5373530112
anon_thp 6291456
anon 5572390912
anon_thp 6291456
anon 5572681728
anon_thp 6291456
anon 5574340608
anon_thp 6291456
anon 5574492160
anon_thp 6291456
anon 5575467008
anon_thp 6291456
anon 5575700480
anon_thp 6291456
anon 5576761344
anon_thp 6291456
anon 5576953856
anon_thp 6291456
anon 5577703424
anon_thp 6291456
anon 5577973760
anon_thp 6291456
anon 63909888
anon_thp 23068672
anon 528158720
anon_thp 85983232
anon 884060160
anon_thp 90177536
anon 1164619776
anon_thp 102760448
anon 1386471424
anon_thp 197132288
anon 1381994496
anon_thp 148897792
anon 387584000
anon_thp 83886080
anon 805834752
anon_thp 85983232
anon 1216663552
anon_thp 88080384
anon 1631727616
anon_thp 88080384
anon 2722082816
anon_thp 291504128
anon 4068265984
anon_thp 293601280
anon 5424361472
anon_thp 293601280
anon 6765654016
anon_thp 299892736
anon 6998978560
anon_thp 297795584
anon 7010643968
anon_thp 299892736
anon 7038472192
anon_thp 299892736
anon 7044476928
anon_thp 299892736
anon 7058948096
anon_thp 299892736
anon 7059742720
anon_thp 299892736
anon 6869463040
anon_thp 96468992
anon 7071518720
anon_thp 299892736
anon 6875570176
anon_thp 96468992
anon 7080566784
anon_thp 299892736
anon 3744661504
anon_thp 50331648
anon 1148071936
anon_thp 44040192
anon 1688412160
anon_thp 301989888
anon 2214182912
anon_thp 304087040
anon 2726645760
anon_thp 306184192
anon 3244122112
anon_thp 306184192
anon 3753484288
anon_thp 306184192
anon 4254527488
anon_thp 306184192
anon 4763181056
anon_thp 312475648
anon 5127036928
anon_thp 184549376
anon 5500731392
anon_thp 333447168
anon 5500841984
anon_thp 333447168
anon 5563170816
anon_thp 341835776
anon 5563260928
anon_thp 341835776
anon 5593608192
anon_thp 356515840
anon 5593612288
anon_thp 356515840
anon 5748961280
anon_thp 375390208
anon 5748961280
anon_thp 375390208
anon 5701537792
anon_thp 348127232
anon 5701537792
anon_thp 348127232
anon 1452490752
anon_thp 88080384
anon 1418670080
anon_thp 144703488
anon 2703552512
anon_thp 211812352
anon 4143677440
anon_thp 228589568
anon 5558165504
anon_thp 232783872
anon 6954995712
anon_thp 232783872
anon 7832031232
anon_thp 165675008
anon 7956574208
anon_thp 247463936
anon 7899344896
anon_thp 180355072
anon 7992295424
anon_thp 262144000
anon 7928934400
anon_thp 195035136
anon 8029818880
anon_thp 272629760
anon 7964950528
anon_thp 205520896
anon 8043184128
anon_thp 272629760
anon 7976108032
anon_thp 205520896
anon 8062300160
anon_thp 285212672
anon 7329476608
anon_thp 104857600
anon 351354880
anon_thp 56623104
anon 3532369920
anon_thp 79691776
anon 5112029184
anon_thp 88080384
anon 5113188352
anon_thp 88080384
anon 5113794560
anon_thp 88080384
anon 686567424
anon_thp 27262976
anon 3694292992
anon_thp 35651584
anon 6580453376
anon_thp 58720256
anon 8695570432
anon_thp 360710144
anon 9303818240
anon_thp 73400320
anon 9664737280
anon_thp 373293056
anon 9382744064
anon_thp 88080384
anon 9696706560
anon_thp 387973120
anon 9396187136
anon_thp 85983232
anon 9745215488
anon_thp 385875968
anon 9447727104
anon_thp 94371840
anon 9768505344
anon_thp 394264576
anon 9469550592
anon_thp 94371840
anon 9796210688
anon_thp 394264576
anon 4110917632
anon_thp 100663296
anon 584138752
anon_thp 83886080
anon 1977188352
anon_thp 102760448
anon 3302789120
anon_thp 104857600
anon 4621021184
anon_thp 111149056
anon 5955129344
anon_thp 121634816
anon 7237709824
anon_thp 127926272
anon 8483426304
anon_thp 197132288
anon 9647501312
anon_thp 134217728
anon 9763037184
anon_thp 201326592
anon 9706602496
anon_thp 134217728
anon 9755250688
anon_thp 167772160
anon 9733771264
anon_thp 138412032
anon 9744494592
anon_thp 140509184
anon 9815212032
anon_thp 207618048
anon 9755123712
anon_thp 140509184
anon 9828253696
anon_thp 209715200
anon 3260071936
anon_thp 60817408
anon 312201216
anon_thp 96468992
anon 3390439424
anon_thp 113246208
anon 6232739840
anon_thp 2088763392
anon 8653889536
anon_thp 4513071104
anon 8651792384
anon_thp 4510973952
anon 9432391680
anon_thp 4515168256
anon 10513973248
anon_thp 4521459712
anon 12200878080
anon_thp 4546625536
anon 13725609984
anon_thp 4559208448
anon 15495581696
anon_thp 4559208448
anon 17194065920
anon_thp 4559208448
anon 13758177280
anon_thp 130023424
anon 13996462080
anon_thp 419430400
anon 16663478272
anon_thp 3238002688
anon 18145329152
anon_thp 4752146432
anon 18145370112
anon_thp 4752146432
anon 18160476160
anon_thp 4812963840
anon 18162401280
anon_thp 4928307200
anon 18162847744
anon_thp 4928307200
anon 18165338112
anon_thp 4930404352
anon 13811060736
anon_thp 501219328
anon 14323691520
anon_thp 1109393408
anon 17601634304
anon_thp 4389339136
anon 18154283008
anon_thp 4942987264
anon 18154278912
anon_thp 4942987264
anon 18171297792
anon_thp 4942987264
anon 18171678720
anon_thp 4942987264
anon 18171883520
anon_thp 4942987264
anon 18172153856
anon_thp 4942987264
anon 18172321792
anon_thp 4942987264
anon 13744762880
anon_thp 513802240
anon 14018449408
anon_thp 545259520
anon 16642580480
anon_thp 3382706176
anon 18195431424
anon_thp 4936695808
anon 18195431424
anon_thp 4936695808
anon 18212610048
anon_thp 4936695808
anon 18213138432
anon_thp 4936695808
anon 18211233792
anon_thp 4934598656
anon 18213490688
anon_thp 4936695808
anon 18211700736
anon_thp 4934598656
anon 13766090752
anon_thp 507510784
anon 15246692352
anon_thp 1939865600
anon 18231283712
anon_thp 4924112896
anon 18231320576
anon_thp 4924112896
anon 18249617408
anon_thp 4926210048
anon 18250301440
anon_thp 4926210048
anon 18250608640
anon_thp 4926210048
anon 18250715136
anon_thp 4926210048
anon 18250833920
anon_thp 4926210048
anon 13980909568
anon_thp 530579456
anon 16588738560
anon_thp 3286237184
anon 18252828672
anon_thp 4949278720
anon 18252828672
anon_thp 4949278720
anon 18268999680
anon_thp 4949278720
anon 18269179904
anon_thp 4949278720
anon 18269351936
anon_thp 4949278720
anon 11086721024
anon_thp 402653184
anon 2574536704
anon_thp 218103808
anon 1535127552
anon_thp 262144000
anon 2259439616
anon_thp 268435456
anon 3017682944
anon_thp 289406976
anon 3763482624
anon_thp 293601280
anon 4820537344
anon_thp 364904448
anon 6572908544
anon_thp 396361728
anon 8341245952
anon_thp 440401920
anon 9896402944
anon_thp 318767104
anon 10228764672
anon_thp 452984832
anon 10415583232
anon_thp 322961408
anon 10458062848
anon_thp 322961408
anon 10507894784
anon_thp 322961408
anon 10658029568
anon_thp 457179136
anon 10663518208
anon_thp 457179136
anon 10667667456
anon_thp 457179136
anon 10679427072
anon_thp 457179136
anon 10572955648
anon_thp 322961408
anon 10700374016
anon_thp 457179136
anon 10701328384
anon_thp 457179136
anon 10702938112
anon_thp 457179136
anon 10732789760
anon_thp 457179136
anon 10604924928
anon_thp 354418688
anon 10707689472
anon_thp 457179136
anon 10707804160
anon_thp 457179136
anon 10714542080
anon_thp 457179136
anon 10594430976
anon_thp 322961408
anon 10729570304
anon_thp 457179136
anon 10730065920
anon_thp 457179136
anon 10758717440
anon_thp 457179136
anon 8148590592
anon_thp 207618048
anon 147800064
anon_thp 41943040
anon 1152667648
anon_thp 106954752
anon 1324687360
anon_thp 106954752
anon 687239168
anon_thp 25165824
anon 3442184192
anon_thp 67108864
anon 5492305920
anon_thp 182452224
anon 5918535680
anon_thp 119537664
anon 5930172416
anon_thp 119537664
anon 6000295936
anon_thp 186646528
anon 5933977600
anon_thp 119537664
anon 6003728384
anon_thp 148897792
anon 6071574528
anon_thp 216006656
anon 6004752384
anon_thp 148897792
anon 6072397824
anon_thp 216006656
anon 262905856
anon_thp 44040192
anon 1151848448
anon_thp 346030080
anon 1899401216
anon_thp 354418688
anon 2725711872
anon_thp 375390208
anon 3569111040
anon_thp 381681664
anon 4404772864
anon_thp 385875968
anon 5251227648
anon_thp 442499072
anon 6076301312
anon_thp 442499072
anon 6887858176
anon_thp 457179136
anon 7677960192
anon_thp 545259520
anon 7708676096
anon_thp 549453824
anon 7744036864
anon_thp 541065216
anon 7928451072
anon_thp 543162368
anon 8099225600
anon_thp 543162368
anon 8283774976
anon_thp 543162368
anon 8375767040
anon_thp 543162368
anon 8529215488
anon_thp 566231040
anon 8532447232
anon_thp 570425344
anon 8517210112
anon_thp 564133888
anon 8520765440
anon_thp 564133888
anon 8522948608
anon_thp 564133888
anon 8538320896
anon_thp 564133888
anon 8646750208
anon_thp 583008256
anon 8652955648
anon_thp 587202560
anon 8627720192
anon_thp 578813952
anon 8631250944
anon_thp 580911104
anon 8632045568
anon_thp 580911104
anon 8634130432
anon_thp 580911104
anon 8684253184
anon_thp 580911104
anon 8742031360
anon_thp 595591168
anon 8650412032
anon_thp 583008256
anon 8650412032
anon_thp 583008256
anon 8650412032
anon_thp 583008256
anon 8650444800
anon_thp 583008256
anon 8700190720
anon_thp 583008256
anon 8784420864
anon_thp 595591168
anon 8697458688
anon_thp 583008256
anon 8703725568
anon_thp 589299712
anon 8705818624
anon_thp 591396864
anon 8706203648
anon_thp 591396864
anon 8708149248
anon_thp 591396864
anon 8800260096
anon_thp 612368384
anon 8780738560
anon_thp 606076928
anon 1914109952
anon_thp 255852544
anon 1858084864
anon_thp 700448768
anon 3977379840
anon_thp 734003200
anon 6707769344
anon_thp 775946240
anon 7773634560
anon_thp 809500672
anon 7244972032
anon_thp 274726912
anon 7805313024
anon_thp 809500672
anon 7840960512
anon_thp 811597824
anon 7305367552
anon_thp 274726912
anon 7854080000
anon_thp 811597824
anon 7915945984
anon_thp 817889280
anon 7640330240
anon_thp 541065216
anon 2260414464
anon_thp 90177536
anon 1656848384
anon_thp 157286400
anon 4450496512
anon_thp 201326592
anon 7138689024
anon_thp 262144000
anon 7472128000
anon_thp 281018368
anon 7506808832
anon_thp 281018368
anon 7523917824
anon_thp 281018368
anon 7546454016
anon_thp 283115520
anon 7558221824
anon_thp 283115520
anon 3543994368
anon_thp 119537664
anon 631451648
anon_thp 195035136
anon 1917378560
anon_thp 236978176
anon 2333253632
anon_thp 241172480
anon 2502909952
anon_thp 176160768
anon 2637561856
anon_thp 243269632
anon 2652241920
anon_thp 176160768
anon 2743926784
anon_thp 243269632
anon 2712948736
anon_thp 176160768
anon 2723434496
anon_thp 176160768
anon 2803216384
anon_thp 243269632
anon 2748203008
anon_thp 176160768
anon 186925056
anon_thp 90177536
anon 3190038528
anon_thp 144703488
anon 5633347584
anon_thp 209715200
anon 5660266496
anon_thp 209715200
anon 5690310656
anon_thp 209715200
anon 5714440192
anon_thp 224395264
anon 5717893120
anon_thp 224395264
anon 5723738112
anon_thp 224395264
anon 5725741056
anon_thp 224395264
anon 5728129024
anon_thp 224395264
anon 5119225856
anon_thp 130023424
anon 1085743104
anon_thp 79691776
anon 2981879808
anon_thp 132120576
anon 4874534912
anon_thp 165675008
anon 6713200640
anon_thp 209715200
anon 8621166592
anon_thp 337641472
anon 8875171840
anon_thp 385875968
anon 8900169728
anon_thp 385875968
anon 8836112384
anon_thp 354418688
anon 9081978880
anon_thp 606076928
anon 8839073792
anon_thp 337641472
anon 8933457920
anon_thp 337641472
anon 9255784448
anon_thp 337641472
anon 10485411840
anon_thp 585105408
anon 10590396416
anon_thp 585105408
anon 10631557120
anon_thp 585105408
anon 10333999104
anon_thp 612368384
anon 10057256960
anon_thp 358612992
anon 10007437312
anon_thp 358612992
anon 10192334848
anon_thp 358612992
anon 10772586496
anon_thp 528482304
anon 10772291584
anon_thp 528482304
anon 10788130816
anon_thp 543162368
anon 10594512896
anon_thp 671088640
anon 10219094016
anon_thp 387973120
anon 10221146112
anon_thp 387973120
anon 10519437312
anon_thp 387973120
anon 10868899840
anon_thp 526385152
anon 10881105920
anon_thp 541065216
anon 10887909376
anon_thp 541065216
anon 10381729792
anon_thp 402653184
anon 10324938752
anon_thp 402653184
anon 10357837824
anon_thp 402653184
anon 10916806656
anon_thp 587202560
anon 10941919232
anon_thp 587202560
anon 10958987264
anon_thp 587202560
anon 10797756416
anon_thp 671088640
anon 10529316864
anon_thp 402653184
anon 10529374208
anon_thp 402653184
anon 10588471296
anon_thp 402653184
anon 11031556096
anon_thp 601882624
anon 11049398272
anon_thp 601882624
anon 11061661696
anon_thp 601882624
anon 10735915008
anon_thp 415236096
anon 7404544000
anon_thp 178257920
anon 166535168
anon_thp 67108864
anon 2409295872
anon_thp 163577856
anon 5402370048
anon_thp 203423744
anon 8145133568
anon_thp 260046848
anon 8576663552
anon_thp 264241152
anon 8579911680
anon_thp 264241152
anon 8582184960
anon_thp 264241152
anon 8584585216
anon_thp 264241152
anon 8586207232
anon_thp 264241152
anon 2242699264
anon_thp 62914560
anon 923103232
anon_thp 77594624
anon 3379085312
anon_thp 115343360
anon 6223802368
anon_thp 138412032
anon 8130134016
anon_thp 176160768
anon 8209375232
anon_thp 205520896
anon 8263237632
anon_thp 220200960
anon 8314384384
anon_thp 220200960
anon 8336199680
anon_thp 222298112
anon 8372121600
anon_thp 226492416
anon 8402898944
anon_thp 239075328
anon 8405303296
anon_thp 239075328
anon 1661607936
anon_thp 71303168
anon 1727668224
anon_thp 117440512
anon 4641599488
anon_thp 142606336
anon 6684569600
anon_thp 429916160
anon 7857008640
anon_thp 457179136
anon 8018604032
anon_thp 457179136
anon 8018612224
anon_thp 457179136
anon 8089853952
anon_thp 457179136
anon 8103014400
anon_thp 457179136
anon 8536154112
anon_thp 859832320
anon 7893372928
anon_thp 190840832
anon 8193601536
anon_thp 457179136
anon 8419508224
anon_thp 457179136
anon 8419508224
anon_thp 457179136
anon 8409903104
anon_thp 446693376
anon 8423784448
anon_thp 457179136
anon 8837066752
anon_thp 864026624
anon 8174137344
anon_thp 192937984
anon 8455708672
anon_thp 461373440
anon 8613203968
anon_thp 362807296
anon 8613203968
anon_thp 362807296
anon 8763641856
anon_thp 494927872
anon 8763645952
anon_thp 494927872
anon 8768806912
anon_thp 494927872
anon 8501227520
anon_thp 228589568
anon 8772075520
anon_thp 497025024
anon 8759291904
anon_thp 362807296
anon 8759291904
anon_thp 362807296
anon 8898465792
anon_thp 494927872
anon 8898535424
anon_thp 494927872
anon 8901107712
anon_thp 494927872
anon 8619520000
anon_thp 228589568
anon 8889085952
anon_thp 497025024
anon 8855355392
anon_thp 364904448
anon 8989577216
anon_thp 499122176
anon 8997322752
anon_thp 501219328
anon 8997322752
anon_thp 501219328
anon 8997322752
anon_thp 501219328
anon 8717103104
anon_thp 234881024
anon 8985542656
anon_thp 503316480
anon 8912928768
anon_thp 373293056
anon 8912928768
anon_thp 373293056
anon 9050906624
anon_thp 505413632
anon 9051111424
anon_thp 505413632
anon 9311158272
anon_thp 767557632
anon 4419514368
anon_thp 146800640
anon 338186240
anon_thp 98566144
anon 990457856
anon_thp 134217728
anon 1248534528
anon_thp 102760448
anon 1369706496
anon_thp 142606336
anon 1363906560
anon_thp 111149056
anon 1404022784
anon_thp 111149056
anon 1482817536
anon_thp 144703488
anon 1533325312
anon_thp 113246208
