pgmigrate_success 54447255
pgmigrate_success 54447722
pgmigrate_success 54447817
pgmigrate_success 54447894
pgmigrate_success 54447960
pgmigrate_success 54448023
pgmigrate_success 54448096
pgmigrate_success 54448157
pgmigrate_success 54448215
pgmigrate_success 54448285
pgmigrate_success 54448341
pgmigrate_success 54448401
pgmigrate_success 54448462
pgmigrate_success 54448530
pgmigrate_success 54448578
pgmigrate_success 54448634
pgmigrate_success 54448700
pgmigrate_success 54448732
pgmigrate_success 54448968
pgmigrate_success 54449181
pgmigrate_success 54449421
pgmigrate_success 54449635
pgmigrate_success 54449853
pgmigrate_success 54450032
pgmigrate_success 54450250
pgmigrate_success 54450448
pgmigrate_success 54457590
pgmigrate_success 54508973
pgmigrate_success 54696654
pgmigrate_success 54696820
pgmigrate_success 54713317
pgmigrate_success 54721725
pgmigrate_success 54739665
pgmigrate_success 54745542
pgmigrate_success 54762881
pgmigrate_success 54764495
pgmigrate_success 54765486
pgmigrate_success 54832645
pgmigrate_success 54833406
pgmigrate_success 54833616
pgmigrate_success 54834333
pgmigrate_success 54852108
pgmigrate_success 54919783
pgmigrate_success 54920902
pgmigrate_success 55005132
pgmigrate_success 55015587
pgmigrate_success 55090242
pgmigrate_success 55091693
pgmigrate_success 55175115
pgmigrate_success 55175480
pgmigrate_success 55193354
pgmigrate_success 55259872
pgmigrate_success 55262456
pgmigrate_success 55299454
pgmigrate_success 55302699
pgmigrate_success 55303751
pgmigrate_success 55304381
pgmigrate_success 55304848
pgmigrate_success 55305221
pgmigrate_success 55305579
pgmigrate_success 55305893
pgmigrate_success 55316846
pgmigrate_success 55342583
pgmigrate_success 55345097
pgmigrate_success 55416530
pgmigrate_success 55418473
pgmigrate_success 55487515
pgmigrate_success 55489594
pgmigrate_success 55526315
pgmigrate_success 55528710
pgmigrate_success 55600476
pgmigrate_success 55601579
pgmigrate_success 55603176
pgmigrate_success 55653593
pgmigrate_success 55655073
pgmigrate_success 55655481
pgmigrate_success 55655830
pgmigrate_success 55656204
pgmigrate_success 55710427
pgmigrate_success 55711371
pgmigrate_success 55734513
pgmigrate_success 55749427
pgmigrate_success 55785594
pgmigrate_success 55790192
pgmigrate_success 55841564
pgmigrate_success 55843822
pgmigrate_success 55856996
pgmigrate_success 55894158
pgmigrate_success 55897133
pgmigrate_success 55897681
pgmigrate_success 55898457
pgmigrate_success 55899291
pgmigrate_success 55899605
pgmigrate_success 55901790
pgmigrate_success 55903479
pgmigrate_success 55907542
pgmigrate_success 55910775
pgmigrate_success 55978102
pgmigrate_success 55978102
pgmigrate_success 55978102
pgmigrate_success 55990994
pgmigrate_success 55990994
pgmigrate_success 55990994
pgmigrate_success 56019362
pgmigrate_success 56048163
pgmigrate_success 56105352
pgmigrate_success 56105352
pgmigrate_success 56219731
pgmigrate_success 56448490
pgmigrate_success 56692510
pgmigrate_success 56692741
pgmigrate_success 56692932
pgmigrate_success 56693125
pgmigrate_success 56693976
pgmigrate_success 56694654
pgmigrate_success 56710911
pgmigrate_success 56712255
pgmigrate_success 56729098
pgmigrate_success 56729862
pgmigrate_success 56746702
pgmigrate_success 56763937
pgmigrate_success 56765090
pgmigrate_success 56766031
pgmigrate_success 56766649
pgmigrate_success 56783323
pgmigrate_success 56786318
pgmigrate_success 56786785
pgmigrate_success 56790193
pgmigrate_success 56790261
pgmigrate_success 56914738
pgmigrate_success 57204017
pgmigrate_success 57204529
pgmigrate_success 57205041
pgmigrate_success 57205041
pgmigrate_success 57205853
pgmigrate_success 57205853
pgmigrate_success 57205853
pgmigrate_success 57205853
pgmigrate_success 57205853
pgmigrate_success 57206240
pgmigrate_success 57322473
pgmigrate_success 57736746
pgmigrate_success 57736746
pgmigrate_success 57736746
pgmigrate_success 57747167
pgmigrate_success 57802379
pgmigrate_success 57825583
pgmigrate_success 57940666
pgmigrate_success 57940787
pgmigrate_success 57940787
pgmigrate_success 58064649
pgmigrate_success 58064649
pgmigrate_success 58064649
pgmigrate_success 58064649
pgmigrate_success 58064649
pgmigrate_success 58316689
pgmigrate_success 58344186
pgmigrate_success 58375613
pgmigrate_success 58438467
pgmigrate_success 58438467
pgmigrate_success 58438467
pgmigrate_success 58548591
pgmigrate_success 58548591
pgmigrate_success 58548591
pgmigrate_success 58550730
pgmigrate_success 58563673
pgmigrate_success 58563673
pgmigrate_success 58563673
pgmigrate_success 58564241
pgmigrate_success 58564241
pgmigrate_success 58564241
pgmigrate_success 58564242
pgmigrate_success 58564368
pgmigrate_success 58564368
pgmigrate_success 58571169
pgmigrate_success 58571169
pgmigrate_success 58571169
pgmigrate_success 58571169
pgmigrate_success 58571169
pgmigrate_success 58571169
pgmigrate_success 58571295
pgmigrate_success 58576924
pgmigrate_success 58662770
pgmigrate_success 58787952
pgmigrate_success 58821900
pgmigrate_success 58823869
pgmigrate_success 58824133
pgmigrate_success 58857551
pgmigrate_success 58858935
pgmigrate_success 58861664
pgmigrate_success 58865419
pgmigrate_success 58900795
pgmigrate_success 58936253
pgmigrate_success 58937721
pgmigrate_success 58939785
pgmigrate_success 58942025
pgmigrate_success 59010070
pgmigrate_success 59011581
pgmigrate_success 59013811
pgmigrate_success 59049389
pgmigrate_success 59083157
pgmigrate_success 59084647
pgmigrate_success 59086985
pgmigrate_success 59122328
pgmigrate_success 59125539
pgmigrate_success 59128373
pgmigrate_success 59130327
pgmigrate_success 59165707
pgmigrate_success 59169606
pgmigrate_success 59173746
pgmigrate_success 59179874
pgmigrate_success 59180980
pgmigrate_success 59182371
pgmigrate_success 59186608
pgmigrate_success 59188392
pgmigrate_success 59189432
pgmigrate_success 59196298
pgmigrate_success 59207347
pgmigrate_success 59224139
pgmigrate_success 59225009
pgmigrate_success 59241790
pgmigrate_success 59258442
pgmigrate_success 59258712
pgmigrate_success 59266706
pgmigrate_success 59283689
pgmigrate_success 59286243
pgmigrate_success 59353819
pgmigrate_success 59359483
pgmigrate_success 59364911
pgmigrate_success 59370440
pgmigrate_success 59375469
pgmigrate_success 59381339
pgmigrate_success 59385982
pgmigrate_success 59390554
pgmigrate_success 59397167
pgmigrate_success 59399908
pgmigrate_success 59470348
pgmigrate_success 59480008
pgmigrate_success 59484922
pgmigrate_success 59491944
pgmigrate_success 59498254
pgmigrate_success 59508545
pgmigrate_success 59514743
pgmigrate_success 59585972
pgmigrate_success 59592151
pgmigrate_success 59595622
pgmigrate_success 59599463
pgmigrate_success 59605519
pgmigrate_success 59610586
pgmigrate_success 59610586
pgmigrate_success 59612006
pgmigrate_success 59686255
pgmigrate_success 59687040
pgmigrate_success 59687040
pgmigrate_success 59687040
pgmigrate_success 59732583
pgmigrate_success 59778310
pgmigrate_success 59781206
pgmigrate_success 59872660
pgmigrate_success 59872660
pgmigrate_success 59872660
pgmigrate_success 60055569
pgmigrate_success 60055569
pgmigrate_success 60055569
pgmigrate_success 60221726
pgmigrate_success 60221726
pgmigrate_success 60221726
pgmigrate_success 60221726
pgmigrate_success 60221726
pgmigrate_success 60221726
pgmigrate_success 60374717
pgmigrate_success 60375099
pgmigrate_success 60508989
pgmigrate_success 60510966
pgmigrate_success 60531230
pgmigrate_success 60644701
pgmigrate_success 60775841
pgmigrate_success 60779824
pgmigrate_success 60912139
pgmigrate_success 61045421
pgmigrate_success 61080023
pgmigrate_success 61180298
pgmigrate_success 61182194
pgmigrate_success 61184669
pgmigrate_success 61188215
pgmigrate_success 61192160
pgmigrate_success 61195505
pgmigrate_success 61200333
pgmigrate_success 61202697
pgmigrate_success 61204527
pgmigrate_success 61207330
pgmigrate_success 61209794
pgmigrate_success 61226999
pgmigrate_success 61234170
pgmigrate_success 61260070
pgmigrate_success 61264626
pgmigrate_success 61283217
pgmigrate_success 61288927
pgmigrate_success 61310631
pgmigrate_success 61333614
pgmigrate_success 61337662
pgmigrate_success 61361181
pgmigrate_success 61366530
pgmigrate_success 61367765
pgmigrate_success 61369144
pgmigrate_success 61369432
pgmigrate_success 61372582
pgmigrate_success 61376061
pgmigrate_success 61376346
pgmigrate_success 61378826
pgmigrate_success 61379665
pgmigrate_success 61380978
pgmigrate_success 61383388
pgmigrate_success 61387019
pgmigrate_success 61390209
pgmigrate_success 61394905
pgmigrate_success 61398594
pgmigrate_success 61402580
pgmigrate_success 61404886
pgmigrate_success 61417000
pgmigrate_success 61425843
pgmigrate_success 61431073
pgmigrate_success 61497256
pgmigrate_success 61497445
pgmigrate_success 61499570
pgmigrate_success 61508493
pgmigrate_success 61515224
pgmigrate_success 61526088
pgmigrate_success 61536285
pgmigrate_success 61612648
pgmigrate_success 61613817
pgmigrate_success 61614672
pgmigrate_success 61615796
pgmigrate_success 61621273
pgmigrate_success 61632534
pgmigrate_success 61645075
pgmigrate_success 61711699
pgmigrate_success 61712191
pgmigrate_success 61712797
pgmigrate_success 61713775
pgmigrate_success 61724011
pgmigrate_success 61734246
pgmigrate_success 61740288
pgmigrate_success 61808302
pgmigrate_success 61809348
pgmigrate_success 61809896
pgmigrate_success 61817117
pgmigrate_success 61824938
pgmigrate_success 61842492
pgmigrate_success 61847930
pgmigrate_success 61848562
pgmigrate_success 61849486
pgmigrate_success 61850068
pgmigrate_success 61861240
pgmigrate_success 61875180
pgmigrate_success 61890853
pgmigrate_success 61957867
pgmigrate_success 61958895
pgmigrate_success 61959278
pgmigrate_success 61959977
pgmigrate_success 61960676
pgmigrate_success 61962417
pgmigrate_success 61963214
pgmigrate_success 61964044
pgmigrate_success 61964377
pgmigrate_success 61966206
pgmigrate_success 61969075
pgmigrate_success 61969914
pgmigrate_success 61970631
pgmigrate_success 61972053
pgmigrate_success 61972602
pgmigrate_success 61974362
pgmigrate_success 61977461
pgmigrate_success 61980393
pgmigrate_success 61984086
pgmigrate_success 61991286
pgmigrate_success 61995346
pgmigrate_success 61999239
pgmigrate_success 62003989
pgmigrate_success 62008830
pgmigrate_success 62009213
pgmigrate_success 62012639
pgmigrate_success 62015378
pgmigrate_success 62084726
pgmigrate_success 62129683
pgmigrate_success 62165818
pgmigrate_success 62168210
pgmigrate_success 62204869
pgmigrate_success 62207564
pgmigrate_success 62211557
pgmigrate_success 62249834
pgmigrate_success 62282747
pgmigrate_success 62354166
pgmigrate_success 62357574
pgmigrate_success 62391827
pgmigrate_success 62396054
pgmigrate_success 62475928
pgmigrate_success 62479927
pgmigrate_success 62548663
pgmigrate_success 62619356
pgmigrate_success 62623285
pgmigrate_success 62630878
pgmigrate_success 62658723
pgmigrate_success 62659754
pgmigrate_success 62662238
pgmigrate_success 62731082
pgmigrate_success 62797549
pgmigrate_success 62802152
pgmigrate_success 62837700
pgmigrate_success 62841556
pgmigrate_success 62875039
pgmigrate_success 62973461
pgmigrate_success 63042264
pgmigrate_success 63097386
pgmigrate_success 63113239
pgmigrate_success 63148961
pgmigrate_success 63150277
pgmigrate_success 63152064
pgmigrate_success 63189616
pgmigrate_success 63226453
pgmigrate_success 63298675
pgmigrate_success 63301718
pgmigrate_success 63336047
pgmigrate_success 63337148
pgmigrate_success 63338499
pgmigrate_success 63340686
pgmigrate_success 63341068
pgmigrate_success 63341068
pgmigrate_success 63361609
pgmigrate_success 63372755
pgmigrate_success 63384536
pgmigrate_success 63392594
pgmigrate_success 63399572
pgmigrate_success 63413078
