pgmigrate_success 120922114
pgmigrate_success 120922346
pgmigrate_success 120922416
pgmigrate_success 120922480
pgmigrate_success 120922551
pgmigrate_success 120922610
pgmigrate_success 120922676
pgmigrate_success 120922741
pgmigrate_success 120922795
pgmigrate_success 120922867
pgmigrate_success 120922943
pgmigrate_success 120923005
pgmigrate_success 120923062
pgmigrate_success 120923120
pgmigrate_success 120923204
pgmigrate_success 120923264
pgmigrate_success 120923328
pgmigrate_success 120923359
pgmigrate_success 120923718
pgmigrate_success 120923925
pgmigrate_success 120924163
pgmigrate_success 120924349
pgmigrate_success 120924627
pgmigrate_success 120924828
pgmigrate_success 120925090
pgmigrate_success 120925294
pgmigrate_success 120925483
pgmigrate_success 120927809
pgmigrate_success 120930643
pgmigrate_success 120934452
pgmigrate_success 120935830
pgmigrate_success 120955409
pgmigrate_success 121003040
pgmigrate_success 121193567
pgmigrate_success 121210670
pgmigrate_success 121211708
pgmigrate_success 121212657
pgmigrate_success 121232649
pgmigrate_success 121279061
pgmigrate_success 121279285
pgmigrate_success 121280002
pgmigrate_success 121280780
pgmigrate_success 121366006
pgmigrate_success 121367033
pgmigrate_success 121403458
pgmigrate_success 121451678
pgmigrate_success 121535745
pgmigrate_success 121536867
pgmigrate_success 121573067
pgmigrate_success 121620647
pgmigrate_success 121638904
pgmigrate_success 121704985
pgmigrate_success 121707742
pgmigrate_success 121727141
pgmigrate_success 121778857
pgmigrate_success 121779370
pgmigrate_success 121779700
pgmigrate_success 121780947
pgmigrate_success 121781641
pgmigrate_success 121781815
pgmigrate_success 121782506
pgmigrate_success 121783113
pgmigrate_success 121852803
pgmigrate_success 121855012
pgmigrate_success 121913852
pgmigrate_success 121927366
pgmigrate_success 121994915
pgmigrate_success 121998770
pgmigrate_success 122036945
pgmigrate_success 122070973
pgmigrate_success 122105395
pgmigrate_success 122142379
pgmigrate_success 122144968
pgmigrate_success 122162532
pgmigrate_success 122195402
pgmigrate_success 122196946
pgmigrate_success 122197888
pgmigrate_success 122198325
pgmigrate_success 122198700
pgmigrate_success 122253251
pgmigrate_success 122254786
pgmigrate_success 122293045
pgmigrate_success 122294098
pgmigrate_success 122327845
pgmigrate_success 122332173
pgmigrate_success 122385734
pgmigrate_success 122387284
pgmigrate_success 122437284
pgmigrate_success 122438588
pgmigrate_success 122441542
pgmigrate_success 122441819
pgmigrate_success 122442871
pgmigrate_success 122443200
pgmigrate_success 122446338
pgmigrate_success 122449073
pgmigrate_success 122450566
pgmigrate_success 122453721
pgmigrate_success 122454345
pgmigrate_success 122454345
pgmigrate_success 122454345
pgmigrate_success 122466063
pgmigrate_success 122470061
pgmigrate_success 122545530
pgmigrate_success 122548885
pgmigrate_success 122625266
pgmigrate_success 122667469
pgmigrate_success 122704743
pgmigrate_success 122779729
pgmigrate_success 122781749
pgmigrate_success 122782022
pgmigrate_success 122782254
pgmigrate_success 122782474
pgmigrate_success 122782651
pgmigrate_success 122782842
pgmigrate_success 122782996
pgmigrate_success 122801252
pgmigrate_success 122801252
pgmigrate_success 122807182
pgmigrate_success 122846075
pgmigrate_success 122890526
pgmigrate_success 122979429
pgmigrate_success 122979429
pgmigrate_success 122979558
pgmigrate_success 123157364
pgmigrate_success 123157364
pgmigrate_success 123157364
pgmigrate_success 123157364
pgmigrate_success 123512976
pgmigrate_success 124141143
pgmigrate_success 124142782
pgmigrate_success 124143413
pgmigrate_success 124182324
pgmigrate_success 124444510
pgmigrate_success 124711437
pgmigrate_success 125034281
pgmigrate_success 125034366
pgmigrate_success 125034943
pgmigrate_success 125034943
pgmigrate_success 125034943
pgmigrate_success 125034943
pgmigrate_success 125034943
pgmigrate_success 125034943
pgmigrate_success 125034943
pgmigrate_success 125173539
pgmigrate_success 125585194
pgmigrate_success 125920945
pgmigrate_success 125920945
pgmigrate_success 125922739
pgmigrate_success 125928674
pgmigrate_success 125967378
pgmigrate_success 126011613
pgmigrate_success 126011613
pgmigrate_success 126100559
pgmigrate_success 126100559
pgmigrate_success 126100559
pgmigrate_success 126100559
pgmigrate_success 126277500
pgmigrate_success 126277500
pgmigrate_success 126277500
pgmigrate_success 126277500
pgmigrate_success 126277500
pgmigrate_success 126277500
pgmigrate_success 126631382
pgmigrate_success 126631382
pgmigrate_success 126631382
pgmigrate_success 126631382
pgmigrate_success 126631382
pgmigrate_success 126631382
pgmigrate_success 126631382
pgmigrate_success 126631382
pgmigrate_success 126631382
pgmigrate_success 126631382
pgmigrate_success 127100091
pgmigrate_success 127101878
pgmigrate_success 127102130
pgmigrate_success 127102130
pgmigrate_success 127111008
pgmigrate_success 127118573
pgmigrate_success 127118573
pgmigrate_success 127118699
pgmigrate_success 127118825
pgmigrate_success 127118825
pgmigrate_success 127118825
pgmigrate_success 127119329
pgmigrate_success 127119329
pgmigrate_success 127203592
pgmigrate_success 127406704
pgmigrate_success 127440536
pgmigrate_success 127442970
pgmigrate_success 127443311
pgmigrate_success 127448926
pgmigrate_success 127451866
pgmigrate_success 127454396
pgmigrate_success 127456601
pgmigrate_success 127490727
pgmigrate_success 127525710
pgmigrate_success 127527823
pgmigrate_success 127529990
pgmigrate_success 127565734
pgmigrate_success 127568525
pgmigrate_success 127570454
pgmigrate_success 127572904
pgmigrate_success 127609357
pgmigrate_success 127644359
pgmigrate_success 127646234
pgmigrate_success 127684971
pgmigrate_success 127718791
pgmigrate_success 127754159
pgmigrate_success 127756455
pgmigrate_success 127793956
pgmigrate_success 127796141
pgmigrate_success 127800834
pgmigrate_success 127805013
pgmigrate_success 127810420
pgmigrate_success 127810420
pgmigrate_success 127811296
pgmigrate_success 127815568
pgmigrate_success 127816932
pgmigrate_success 127817145
pgmigrate_success 127835139
pgmigrate_success 127835947
pgmigrate_success 127852697
pgmigrate_success 127869393
pgmigrate_success 127870329
pgmigrate_success 127887238
pgmigrate_success 127887890
pgmigrate_success 127904718
pgmigrate_success 127921468
pgmigrate_success 127923785
pgmigrate_success 127995814
pgmigrate_success 128002487
pgmigrate_success 128007878
pgmigrate_success 128010535
pgmigrate_success 128014853
pgmigrate_success 128019274
pgmigrate_success 128024002
pgmigrate_success 128028077
pgmigrate_success 128032290
pgmigrate_success 128036728
pgmigrate_success 128105157
pgmigrate_success 128114047
pgmigrate_success 128121319
pgmigrate_success 128127367
pgmigrate_success 128132243
pgmigrate_success 128136342
pgmigrate_success 128144170
pgmigrate_success 128214480
pgmigrate_success 128217497
pgmigrate_success 128221690
pgmigrate_success 128225332
pgmigrate_success 128231129
pgmigrate_success 128235228
pgmigrate_success 128235228
pgmigrate_success 128235228
pgmigrate_success 128235228
pgmigrate_success 128275164
pgmigrate_success 128310241
pgmigrate_success 128314256
pgmigrate_success 128384374
pgmigrate_success 128384374
pgmigrate_success 128384374
pgmigrate_success 128403394
pgmigrate_success 128461376
pgmigrate_success 128463522
pgmigrate_success 128540832
pgmigrate_success 128540832
pgmigrate_success 128540832
pgmigrate_success 128695452
pgmigrate_success 128695452
pgmigrate_success 128695452
pgmigrate_success 128695452
pgmigrate_success 128695452
pgmigrate_success 129004693
pgmigrate_success 129644639
pgmigrate_success 129646797
pgmigrate_success 129784154
pgmigrate_success 129786806
pgmigrate_success 129908801
pgmigrate_success 129923211
pgmigrate_success 130056459
pgmigrate_success 130129800
pgmigrate_success 130193411
pgmigrate_success 130327859
pgmigrate_success 130329747
pgmigrate_success 130468563
pgmigrate_success 130468690
pgmigrate_success 130474975
pgmigrate_success 130477516
pgmigrate_success 130480539
pgmigrate_success 130484336
pgmigrate_success 130488235
pgmigrate_success 130492463
pgmigrate_success 130495976
pgmigrate_success 130498370
pgmigrate_success 130499849
pgmigrate_success 130506761
pgmigrate_success 130517244
pgmigrate_success 130536340
pgmigrate_success 130541890
pgmigrate_success 130564805
pgmigrate_success 130588565
pgmigrate_success 130592151
pgmigrate_success 130612599
pgmigrate_success 130616838
pgmigrate_success 130637698
pgmigrate_success 130642722
pgmigrate_success 130643568
pgmigrate_success 130643823
pgmigrate_success 130645979
pgmigrate_success 130652821
pgmigrate_success 130653744
pgmigrate_success 130655685
pgmigrate_success 130656457
pgmigrate_success 130656887
pgmigrate_success 130658440
pgmigrate_success 130660045
pgmigrate_success 130661153
pgmigrate_success 130665405
pgmigrate_success 130669498
pgmigrate_success 130674108
pgmigrate_success 130677063
pgmigrate_success 130691452
pgmigrate_success 130701910
pgmigrate_success 130721682
pgmigrate_success 130789196
pgmigrate_success 130789316
pgmigrate_success 130790850
pgmigrate_success 130792113
pgmigrate_success 130794036
pgmigrate_success 130814216
pgmigrate_success 130823517
pgmigrate_success 130834890
pgmigrate_success 130901154
pgmigrate_success 130902730
pgmigrate_success 130903971
pgmigrate_success 130911219
pgmigrate_success 130915885
pgmigrate_success 130928862
pgmigrate_success 130973751
pgmigrate_success 131003175
pgmigrate_success 131004283
pgmigrate_success 131006040
pgmigrate_success 131015944
pgmigrate_success 131029185
pgmigrate_success 131051141
pgmigrate_success 131117631
pgmigrate_success 131118094
pgmigrate_success 131118788
pgmigrate_success 131119597
pgmigrate_success 131129125
pgmigrate_success 131135098
pgmigrate_success 131140117
pgmigrate_success 131140795
pgmigrate_success 131141416
pgmigrate_success 131142095
pgmigrate_success 131146176
pgmigrate_success 131153252
pgmigrate_success 131161321
pgmigrate_success 131224223
pgmigrate_success 131225250
pgmigrate_success 131225378
pgmigrate_success 131225587
pgmigrate_success 131226287
pgmigrate_success 131228015
pgmigrate_success 131229396
pgmigrate_success 131230796
pgmigrate_success 131232298
pgmigrate_success 131232692
pgmigrate_success 131235884
pgmigrate_success 131236011
pgmigrate_success 131238905
pgmigrate_success 131240477
pgmigrate_success 131242840
pgmigrate_success 131246022
pgmigrate_success 131248590
pgmigrate_success 131252318
pgmigrate_success 131253676
pgmigrate_success 131255315
pgmigrate_success 131260090
pgmigrate_success 131261905
pgmigrate_success 131264443
pgmigrate_success 131266738
pgmigrate_success 131269326
pgmigrate_success 131272825
pgmigrate_success 131341804
pgmigrate_success 131365412
pgmigrate_success 131418688
pgmigrate_success 131421273
pgmigrate_success 131458572
pgmigrate_success 131460805
pgmigrate_success 131591583
pgmigrate_success 131597982
pgmigrate_success 131699048
pgmigrate_success 131733843
pgmigrate_success 131738928
pgmigrate_success 131776174
pgmigrate_success 131779608
pgmigrate_success 131784061
pgmigrate_success 131795637
pgmigrate_success 131857416
pgmigrate_success 131930237
pgmigrate_success 131932124
pgmigrate_success 131971849
pgmigrate_success 131974154
pgmigrate_success 131997421
pgmigrate_success 132066220
pgmigrate_success 132102077
pgmigrate_success 132137544
pgmigrate_success 132172534
pgmigrate_success 132176475
pgmigrate_success 132177383
pgmigrate_success 132295769
pgmigrate_success 132363259
pgmigrate_success 132411114
pgmigrate_success 132416325
pgmigrate_success 132452338
pgmigrate_success 132455009
pgmigrate_success 132457499
pgmigrate_success 132550413
pgmigrate_success 132588775
pgmigrate_success 132652870
pgmigrate_success 132687357
pgmigrate_success 132721933
pgmigrate_success 132723506
pgmigrate_success 132726322
pgmigrate_success 132728442
pgmigrate_success 132728569
pgmigrate_success 132746035
pgmigrate_success 132759785
pgmigrate_success 132765378
pgmigrate_success 132774605
pgmigrate_success 132787347
pgmigrate_success 132796823
pgmigrate_success 132815143
