hot 0 warm 0 cold 0
hot 233 warm 0 cold 0
hot 309 warm 0 cold 0
hot 367 warm 0 cold 0
hot 436 warm 0 cold 0
hot 496 warm 0 cold 0
hot 565 warm 0 cold 0
hot 626 warm 0 cold 0
hot 688 warm 0 cold 0
hot 760 warm 0 cold 0
hot 835 warm 0 cold 0
hot 895 warm 0 cold 0
hot 954 warm 0 cold 0
hot 1024 warm 0 cold 0
hot 1094 warm 0 cold 0
hot 1153 warm 0 cold 0
hot 1219 warm 0 cold 0
hot 1310 warm 0 cold 129
hot 1649 warm 0 cold 129
hot 1848 warm 0 cold 129
hot 2078 warm 0 cold 129
hot 2342 warm 0 cold 129
hot 2547 warm 0 cold 128
hot 2764 warm 0 cold 128
hot 3016 warm 0 cold 128
hot 3226 warm 0 cold 128
hot 3406 warm 0 cold 128
hot 4175 warm 0 cold 128
hot 4011 warm 0 cold 0
hot 6230 warm 0 cold 0
hot 11443 warm 0 cold 0
hot 18401 warm 0 cold 0
hot 20523 warm 0 cold 0
hot 923 warm 0 cold 0
hot 18103 warm 0 cold 0
hot 19124 warm 0 cold 0
hot 20119 warm 0 cold 0
hot 70266 warm 0 cold 0
hot 70503 warm 0 cold 0
hot 71237 warm 0 cold 0
hot 71896 warm 0 cold 0
hot 23273 warm 0 cold 0
hot 75560 warm 0 cold 0
hot 27291 warm 0 cold 0
hot 79280 warm 0 cold 0
hot 14642 warm 0 cold 0
hot 82363 warm 0 cold 0
hot 33925 warm 0 cold 0
hot 85410 warm 0 cold 0
hot 20406 warm 0 cold 0
hot 87756 warm 0 cold 0
hot 88360 warm 0 cold 0
hot 74 warm 0 cold 0
hot 70564 warm 0 cold 0
hot 71441 warm 0 cold 0
hot 71848 warm 0 cold 0
hot 72131 warm 0 cold 0
hot 73718 warm 0 cold 0
hot 73718 warm 0 cold 0
hot 73718 warm 0 cold 0
hot 74395 warm 0 cold 0
hot 43653 warm 0 cold 0
hot 80294 warm 0 cold 0
hot 16449 warm 0 cold 0
hot 88021 warm 0 cold 0
hot 23634 warm 0 cold 0
hot 92355 warm 0 cold 0
hot 94851 warm 0 cold 0
hot 100900 warm 0 cold 0
hot 102112 warm 0 cold 0
hot 100138 warm 0 cold 0
hot 103694 warm 0 cold 0
hot 13998 warm 0 cold 0
hot 20435 warm 0 cold 0
hot 37747 warm 0 cold 0
hot 38260 warm 0 cold 0
hot 38741 warm 0 cold 0
hot 38758 warm 0 cold 0
hot 23985 warm 0 cold 0
hot 45307 warm 0 cold 0
hot 29894 warm 0 cold 0
hot 51551 warm 0 cold 0
hot 35961 warm 0 cold 0
hot 56932 warm 0 cold 0
hot 41361 warm 0 cold 0
hot 63067 warm 0 cold 0
hot 47374 warm 0 cold 0
hot 65569 warm 0 cold 0
hot 36012 warm 0 cold 0
hot 33 warm 0 cold 0
hot 509 warm 0 cold 0
hot 1361 warm 0 cold 0
hot 1953 warm 0 cold 0
hot 4513 warm 0 cold 0
hot 1145 warm 0 cold 0
hot 3582 warm 0 cold 0
hot 4490 warm 0 cold 0
hot 72191 warm 0 cold 0
hot 16742 warm 0 cold 0
hot 16742 warm 0 cold 0
hot 21364 warm 0 cold 0
hot 87227 warm 0 cold 0
hot 26268 warm 0 cold 0
hot 93941 warm 0 cold 0
hot 30746 warm 0 cold 0
hot 106440 warm 0 cold 0
hot 36414 warm 0 cold 0
hot 39264 warm 0 cold 0
hot 8922 warm 0 cold 0
hot 2277 warm 8 cold 0
hot 2504 warm 8 cold 0
hot 2717 warm 8 cold 0
hot 2901 warm 8 cold 0
hot 3085 warm 8 cold 0
hot 3719 warm 0 cold 0
hot 21473 warm 0 cold 0
hot 6181 warm 0 cold 0
hot 23503 warm 9 cold 0
hot 8709 warm 0 cold 0
hot 26251 warm 0 cold 0
hot 10123 warm 0 cold 0
hot 10601 warm 0 cold 0
hot 11965 warm 0 cold 0
hot 13033 warm 0 cold 0
hot 12121 warm 0 cold 0
hot 14115 warm 0 cold 0
hot 14448 warm 0 cold 0
hot 9002 warm 0 cold 0
hot 5782 warm 0 cold 0
hot 7942 warm 0 cold 0
hot 6882 warm 0 cold 0
hot 1090270 warm 0 cold 0
hot 1093087 warm 0 cold 0
hot 1100039 warm 0 cold 0
hot 1102028 warm 0 cold 0
hot 1105343 warm 0 cold 0
hot 1106619 warm 0 cold 0
hot 1108397 warm 0 cold 0
hot 31996 warm 0 cold 272
hot 27556 warm 0 cold 0
hot 61807 warm 0 cold 2413
hot 1033080 warm 0 cold 0
hot 1109368 warm 0 cold 0
hot 1115518 warm 0 cold 0
hot 1121730 warm 0 cold 0
hot 1130605 warm 0 cold 0
hot 53284 warm 0 cold 0
hot 53057 warm 0 cold 0
hot 85738 warm 0 cold 1
hot 1117419 warm 0 cold 0
hot 1134316 warm 0 cold 0
hot 1139720 warm 0 cold 0
hot 1143323 warm 0 cold 474
hot 1145731 warm 0 cold 474
hot 1148098 warm 0 cold 474
hot 1150443 warm 0 cold 474
hot 71241 warm 0 cold 472
hot 93767 warm 0 cold 0
hot 93767 warm 0 cold 0
hot 1141836 warm 0 cold 0
hot 1142348 warm 0 cold 0
hot 1146067 warm 0 cold 0
hot 1150408 warm 0 cold 0
hot 1153961 warm 0 cold 0
hot 1156763 warm 0 cold 0
hot 1159496 warm 0 cold 0
hot 80065 warm 0 cold 0
hot 107033 warm 0 cold 0
hot 952857 warm 0 cold 0
hot 1154585 warm 0 cold 0
hot 1157735 warm 0 cold 0
hot 1161742 warm 0 cold 0
hot 1164597 warm 0 cold 0
hot 1166559 warm 0 cold 1575
hot 1169512 warm 0 cold 1566
hot 90280 warm 0 cold 1557
hot 117819 warm 0 cold 0
hot 814141 warm 0 cold 0
hot 1165373 warm 0 cold 0
hot 1167424 warm 0 cold 0
hot 1169994 warm 0 cold 0
hot 1172935 warm 0 cold 0
hot 1175821 warm 0 cold 0
hot 1178126 warm 0 cold 0
hot 72154 warm 0 cold 0
hot 31954 warm 0 cold 0
hot 40025 warm 0 cold 0
hot 41052 warm 0 cold 0
hot 42988 warm 0 cold 0
hot 12082 warm 0 cold 0
hot 15267 warm 0 cold 0
hot 18153 warm 0 cold 0
hot 20647 warm 0 cold 0
hot 22899 warm 0 cold 0
hot 58855 warm 0 cold 0
hot 60638 warm 0 cold 0
hot 62146 warm 0 cold 0
hot 32983 warm 0 cold 0
hot 67516 warm 0 cold 0
hot 38129 warm 0 cold 0
hot 40482 warm 0 cold 0
hot 44874 warm 0 cold 0
hot 79381 warm 0 cold 0
hot 81351 warm 0 cold 0
hot 83045 warm 0 cold 0
hot 53864 warm 0 cold 0
hot 88983 warm 0 cold 0
hot 90920 warm 0 cold 0
hot 93286 warm 0 cold 0
hot 97681 warm 0 cold 0
hot 69591 warm 0 cold 0
hot 73056 warm 0 cold 0
hot 76057 warm 0 cold 0
hot 43388 warm 0 cold 0
hot 3866 warm 0 cold 0
hot 5503 warm 0 cold 0
hot 8117 warm 0 cold 0
hot 3757 warm 173 cold 0
hot 3999 warm 163 cold 0
hot 21360 warm 0 cold 0
hot 5490 warm 0 cold 0
hot 5490 warm 0 cold 0
hot 22126 warm 0 cold 0
hot 6438 warm 0 cold 0
hot 6684 warm 0 cold 0
hot 23635 warm 0 cold 0
hot 7392 warm 0 cold 0
hot 9206 warm 0 cold 0
hot 69244 warm 0 cold 0
hot 74802 warm 0 cold 0
hot 81599 warm 0 cold 0
hot 87164 warm 0 cold 0
hot 91202 warm 0 cold 0
hot 95578 warm 0 cold 0
hot 98762 warm 0 cold 0
hot 102235 warm 0 cold 0
hot 104520 warm 0 cold 0
hot 109870 warm 0 cold 0
hot 48108 warm 0 cold 0
hot 121406 warm 0 cold 0
hot 128781 warm 0 cold 0
hot 136570 warm 0 cold 0
hot 141902 warm 0 cold 0
hot 147160 warm 0 cold 0
hot 154182 warm 0 cold 0
hot 156980 warm 0 cold 0
hot 161503 warm 0 cold 0
hot 166035 warm 0 cold 0
hot 169767 warm 0 cold 0
hot 172998 warm 0 cold 0
hot 177786 warm 0 cold 0
hot 181169 warm 0 cold 0
hot 177570 warm 2151 cold 0
hot 177570 warm 2151 cold 0
hot 177570 warm 2151 cold 0
hot 177774 warm 3686 cold 0
hot 179605 warm 3174 cold 0
hot 185913 warm 1124 cold 0
hot 189377 warm 0 cold 0
hot 191247 warm 0 cold 0
hot 191412 warm 0 cold 0
hot 192187 warm 0 cold 0
hot 192985 warm 0 cold 0
hot 195174 warm 0 cold 0
hot 195800 warm 0 cold 0
hot 188677 warm 0 cold 0
hot 196758 warm 0 cold 0
hot 196847 warm 0 cold 0
hot 196964 warm 0 cold 0
hot 197224 warm 0 cold 0
hot 197712 warm 0 cold 0
hot 200264 warm 0 cold 0
hot 93088 warm 0 cold 0
hot 1222 warm 0 cold 0
hot 132748 warm 0 cold 0
hot 134659 warm 0 cold 0
hot 136077 warm 0 cold 0
hot 137103 warm 0 cold 0
hot 138964 warm 0 cold 0
hot 142844 warm 0 cold 0
hot 144120 warm 0 cold 0
hot 102242 warm 0 cold 0
hot 150550 warm 0 cold 0
hot 154024 warm 0 cold 0
hot 22623 warm 0 cold 0
hot 1127 warm 0 cold 130
hot 6853 warm 0 cold 0
hot 8855 warm 0 cold 0
hot 12953 warm 0 cold 0
hot 16326 warm 0 cold 0
hot 19747 warm 0 cold 0
hot 23193 warm 0 cold 0
hot 25698 warm 0 cold 0
hot 14174 warm 0 cold 0
hot 1140 warm 0 cold 0
hot 8711 warm 0 cold 0
hot 18904 warm 0 cold 0
hot 39069 warm 0 cold 0
hot 45584 warm 0 cold 0
hot 34283 warm 0 cold 0
hot 57543 warm 0 cold 0
hot 46142 warm 0 cold 0
hot 65198 warm 0 cold 0
hot 70256 warm 0 cold 0
hot 58381 warm 0 cold 0
hot 1053 warm 0 cold 0
hot 1755 warm 0 cold 0
hot 2179 warm 0 cold 0
hot 3746 warm 0 cold 0
hot 9378 warm 0 cold 0
hot 5795 warm 0 cold 0
hot 7332 warm 0 cold 0
hot 7847 warm 0 cold 0
hot 7847 warm 0 cold 0
hot 8874 warm 0 cold 0
hot 9391 warm 0 cold 0
hot 1705 warm 0 cold 0
hot 6670 warm 0 cold 0
hot 9897 warm 0 cold 0
hot 12852 warm 0 cold 0
hot 17149 warm 0 cold 0
hot 34276 warm 0 cold 0
hot 49803 warm 0 cold 0
hot 61851 warm 0 cold 0
hot 129049 warm 0 cold 0
hot 63688 warm 0 cold 0
hot 65589 warm 0 cold 0
hot 67216 warm 0 cold 0
hot 74680 warm 0 cold 0
hot 89690 warm 0 cold 0
hot 102482 warm 0 cold 0
hot 173550 warm 0 cold 0
hot 108648 warm 0 cold 0
hot 110191 warm 0 cold 0
hot 111172 warm 0 cold 0
hot 118414 warm 0 cold 0
hot 127472 warm 0 cold 0
hot 138210 warm 0 cold 0
hot 209156 warm 0 cold 0
hot 144300 warm 0 cold 0
hot 145644 warm 0 cold 0
hot 147230 warm 0 cold 0
hot 162373 warm 0 cold 0
hot 181602 warm 0 cold 0
hot 187617 warm 0 cold 0
hot 187505 warm 0 cold 0
hot 188201 warm 0 cold 0
hot 188847 warm 0 cold 0
hot 192844 warm 0 cold 0
hot 199638 warm 0 cold 0
hot 206742 warm 0 cold 0
hot 275587 warm 0 cold 0
hot 210109 warm 0 cold 0
hot 210728 warm 0 cold 0
hot 211402 warm 0 cold 0
hot 217239 warm 0 cold 0
hot 223510 warm 0 cold 0
hot 290579 warm 0 cold 0
hot 217817 warm 0 cold 0
hot 53323 warm 0 cold 0
hot 11546 warm 132 cold 0
hot 11724 warm 130 cold 0
hot 13341 warm 0 cold 0
hot 14481 warm 0 cold 0
hot 14993 warm 0 cold 0
hot 16529 warm 0 cold 0
hot 17042 warm 0 cold 0
hot 17044 warm 0 cold 0
hot 15139 warm 158 cold 0
hot 11855 warm 133 cold 0
hot 14476 warm 0 cold 0
hot 15200 warm 0 cold 0
hot 16801 warm 0 cold 0
hot 18891 warm 0 cold 0
hot 21210 warm 0 cold 0
hot 24972 warm 0 cold 0
hot 26341 warm 0 cold 0
hot 29916 warm 0 cold 0
hot 31594 warm 0 cold 0
hot 34548 warm 0 cold 0
hot 25852 warm 0 cold 0
hot 11656 warm 0 cold 0
hot 15323 warm 0 cold 0
hot 16486 warm 0 cold 0
hot 85773 warm 0 cold 0
hot 93217 warm 0 cold 0
hot 97857 warm 0 cold 0
hot 100833 warm 0 cold 0
hot 105180 warm 0 cold 0
hot 106987 warm 0 cold 0
hot 45187 warm 0 cold 0
hot 113149 warm 0 cold 0
hot 83809 warm 0 cold 0
hot 120750 warm 0 cold 0
hot 91763 warm 0 cold 0
hot 128987 warm 0 cold 0
hot 131843 warm 0 cold 0
hot 71220 warm 0 cold 0
hot 140123 warm 0 cold 0
hot 112450 warm 0 cold 0
hot 150720 warm 0 cold 0
hot 121563 warm 0 cold 0
hot 160025 warm 0 cold 0
hot 223279 warm 0 cold 0
hot 96828 warm 0 cold 0
hot 165319 warm 0 cold 0
hot 168603 warm 0 cold 0
hot 172070 warm 0 cold 0
hot 175206 warm 0 cold 0
hot 178618 warm 0 cold 0
hot 260701 warm 0 cold 0
hot 118006 warm 0 cold 0
hot 188162 warm 0 cold 0
hot 169107 warm 0 cold 0
hot 173342 warm 0 cold 0
hot 176453 warm 0 cold 0
hot 180059 warm 0 cold 0
hot 148646 warm 0 cold 0
hot 150707 warm 0 cold 0
hot 218223 warm 0 cold 0
hot 220516 warm 0 cold 0
hot 222870 warm 0 cold 0
hot 224994 warm 0 cold 0
hot 227453 warm 0 cold 0
hot 149415 warm 0 cold 0
hot 30573 warm 8 cold 0
hot 19772 warm 0 cold 0
hot 32739 warm 0 cold 0
hot 48012 warm 0 cold 0
hot 56632 warm 0 cold 0
hot 66770 warm 0 cold 0
hot 75366 warm 0 cold 0
hot 84506 warm 0 cold 0
hot 40243 warm 0 cold 0
