hot 0 warm 0 cold 0
hot 437 warm 0 cold 0
hot 437 warm 0 cold 0
hot 437 warm 0 cold 0
hot 437 warm 0 cold 0
hot 437 warm 0 cold 0
hot 437 warm 0 cold 0
hot 437 warm 0 cold 0
hot 437 warm 0 cold 0
hot 437 warm 0 cold 0
hot 437 warm 0 cold 0
hot 437 warm 0 cold 0
hot 437 warm 0 cold 0
hot 437 warm 0 cold 0
hot 437 warm 0 cold 0
hot 437 warm 0 cold 0
hot 437 warm 0 cold 0
hot 437 warm 0 cold 0
hot 437 warm 0 cold 0
hot 437 warm 0 cold 0
hot 437 warm 0 cold 0
hot 437 warm 0 cold 0
hot 437 warm 0 cold 0
hot 437 warm 0 cold 0
hot 437 warm 0 cold 0
hot 437 warm 0 cold 0
hot 437 warm 0 cold 0
hot 437 warm 0 cold 0
hot 437 warm 0 cold 0
hot 437 warm 0 cold 0
hot 437 warm 0 cold 0
hot 437 warm 0 cold 0
hot 437 warm 0 cold 0
hot 437 warm 0 cold 0
hot 437 warm 0 cold 0
hot 437 warm 0 cold 0
hot 437 warm 0 cold 0
hot 437 warm 0 cold 0
hot 437 warm 0 cold 0
hot 437 warm 0 cold 0
hot 437 warm 0 cold 0
hot 437 warm 0 cold 0
hot 437 warm 0 cold 0
hot 437 warm 0 cold 0
hot 437 warm 0 cold 0
hot 437 warm 0 cold 0
hot 437 warm 0 cold 0
hot 437 warm 0 cold 0
hot 437 warm 0 cold 0
hot 437 warm 0 cold 0
hot 437 warm 0 cold 0
hot 437 warm 0 cold 0
hot 437 warm 0 cold 0
hot 437 warm 0 cold 0
hot 437 warm 0 cold 0
hot 437 warm 0 cold 0
hot 437 warm 0 cold 0
hot 437 warm 0 cold 0
hot 437 warm 0 cold 0
hot 437 warm 0 cold 0
hot 437 warm 0 cold 0
hot 437 warm 0 cold 0
hot 437 warm 0 cold 0
hot 437 warm 0 cold 0
hot 437 warm 0 cold 0
hot 437 warm 0 cold 0
hot 437 warm 0 cold 0
hot 437 warm 0 cold 0
hot 437 warm 0 cold 0
hot 437 warm 0 cold 0
hot 437 warm 0 cold 0
hot 437 warm 0 cold 0
hot 437 warm 0 cold 0
hot 437 warm 0 cold 0
hot 437 warm 0 cold 0
hot 437 warm 0 cold 0
hot 437 warm 0 cold 0
hot 437 warm 0 cold 0
hot 437 warm 0 cold 0
hot 437 warm 0 cold 0
hot 437 warm 0 cold 0
hot 437 warm 0 cold 0
hot 437 warm 0 cold 0
hot 437 warm 0 cold 0
hot 437 warm 0 cold 0
hot 437 warm 0 cold 0
hot 437 warm 0 cold 0
hot 437 warm 0 cold 0
hot 506 warm 0 cold 487
hot 506 warm 0 cold 0
hot 507 warm 0 cold 0
hot 508 warm 0 cold 0
hot 510 warm 0 cold 0
hot 512 warm 0 cold 0
hot 513 warm 0 cold 0
hot 551939 warm 0 cold 0
hot 2264068 warm 0 cold 0
hot 2961414 warm 0 cold 0
hot 3350534 warm 0 cold 0
hot 3482632 warm 0 cold 0
hot 3561993 warm 0 cold 0
hot 3595274 warm 0 cold 0
hot 3609611 warm 0 cold 0
hot 3621389 warm 0 cold 0
hot 3625997 warm 0 cold 0
hot 3628558 warm 0 cold 0
hot 3629582 warm 0 cold 0
hot 3629582 warm 0 cold 0
hot 3630606 warm 0 cold 0
hot 3631630 warm 0 cold 0
hot 3632142 warm 0 cold 0
hot 3632144 warm 0 cold 0
hot 3632144 warm 0 cold 0
hot 3632144 warm 0 cold 0
hot 3632144 warm 0 cold 0
hot 3632144 warm 0 cold 0
hot 3632425 warm 0 cold 0
hot 3632468 warm 0 cold 0
hot 3632471 warm 0 cold 0
hot 3632472 warm 0 cold 0
hot 3632472 warm 0 cold 0
hot 3632492 warm 0 cold 0
hot 3632506 warm 0 cold 0
hot 3632506 warm 0 cold 0
hot 3632507 warm 0 cold 0
hot 3632508 warm 0 cold 0
hot 3633041 warm 0 cold 0
hot 3633055 warm 0 cold 0
hot 3633082 warm 0 cold 0
hot 3633105 warm 0 cold 0
hot 3633109 warm 0 cold 0
hot 3633119 warm 0 cold 0
hot 3633119 warm 0 cold 0
hot 3633130 warm 0 cold 0
hot 3633144 warm 0 cold 0
hot 3633159 warm 0 cold 0
hot 3633161 warm 0 cold 0
hot 3633161 warm 0 cold 0
hot 3633179 warm 0 cold 0
hot 3633187 warm 0 cold 0
hot 5164 warm 0 cold 3628044
hot 5175 warm 0 cold 3628044
hot 5179 warm 0 cold 3628044
hot 5180 warm 0 cold 3628044
hot 5200 warm 0 cold 3628044
hot 5738 warm 0 cold 3627532
hot 5751 warm 0 cold 3627532
hot 6796 warm 0 cold 3626508
hot 7322 warm 0 cold 3625996
hot 7855 warm 0 cold 3625484
hot 8385 warm 0 cold 3624972
hot 10454 warm 0 cold 3622924
hot 14049 warm 0 cold 3619340
hot 15601 warm 0 cold 3617804
hot 20220 warm 0 cold 3613196
hot 24840 warm 0 cold 3608588
hot 35087 warm 0 cold 3598348
hot 43284 warm 0 cold 3590156
hot 54046 warm 0 cold 3579404
hot 68909 warm 3471360 cold 93196
hot 82227 warm 3474432 cold 76812
hot 88373 warm 3471360 cold 73740
hot 88374 warm 3471360 cold 73740
hot 88374 warm 3471360 cold 73740
hot 88374 warm 3471360 cold 73740
hot 88375 warm 3471360 cold 73740
hot 88375 warm 3471360 cold 73740
hot 88375 warm 3471360 cold 73740
hot 88377 warm 3471360 cold 73740
hot 88378 warm 3471360 cold 73740
hot 88378 warm 3471360 cold 73740
hot 88378 warm 3471360 cold 73740
hot 88378 warm 3471360 cold 73740
hot 88380 warm 3471360 cold 73740
hot 88381 warm 3471360 cold 73740
hot 88381 warm 3471360 cold 73740
hot 88382 warm 3471360 cold 73740
hot 88382 warm 3471360 cold 73740
hot 88382 warm 3471360 cold 73740
hot 88382 warm 3471360 cold 73740
hot 88382 warm 3471360 cold 73740
hot 88384 warm 3471360 cold 73740
hot 88384 warm 3471360 cold 73740
hot 88385 warm 3471360 cold 73740
hot 88385 warm 3471360 cold 73740
hot 88386 warm 3471360 cold 73740
hot 88387 warm 3471360 cold 73740
hot 88387 warm 3471360 cold 73740
hot 88388 warm 3471360 cold 73740
hot 88389 warm 3471360 cold 73740
hot 88389 warm 3471360 cold 73740
hot 88390 warm 3471360 cold 73740
hot 96587 warm 3469312 cold 67596
hot 96587 warm 3469312 cold 67596
hot 106318 warm 3464192 cold 62988
hot 124759 warm 3456512 cold 52236
hot 155998 warm 3437056 cold 40460
hot 189803 warm 3409408 cold 34316
hot 242548 warm 3361280 cold 29708
hot 291199 warm 3319296 cold 23052
hot 319876 warm 3293184 cold 20492
hot 319877 warm 3293184 cold 20492
hot 319877 warm 3293184 cold 20492
hot 319878 warm 3293184 cold 20492
hot 319879 warm 3293184 cold 20492
hot 319879 warm 3293184 cold 20492
hot 319880 warm 3293184 cold 20492
hot 319880 warm 3293184 cold 20492
hot 319880 warm 3293184 cold 20492
hot 319881 warm 3293184 cold 20492
hot 319881 warm 3293184 cold 20492
hot 319881 warm 3293184 cold 20492
hot 319881 warm 3293184 cold 20492
hot 319881 warm 3293184 cold 20492
hot 319881 warm 3293184 cold 20492
hot 319882 warm 3293184 cold 20492
hot 319882 warm 3293184 cold 20492
hot 325004 warm 3289088 cold 19468
hot 331148 warm 3283968 cold 18444
hot 331149 warm 3283968 cold 18444
hot 331149 warm 3283968 cold 18444
hot 331149 warm 3283968 cold 18444
hot 331149 warm 3283968 cold 18444
hot 331149 warm 3283968 cold 18444
hot 331149 warm 3283968 cold 18444
hot 331149 warm 3283968 cold 18444
hot 331149 warm 3283968 cold 18444
hot 331150 warm 3283968 cold 18444
hot 331151 warm 3283968 cold 18444
hot 331151 warm 3283968 cold 18444
hot 331151 warm 3283968 cold 18444
hot 331151 warm 3283968 cold 18444
hot 331153 warm 3283968 cold 18444
hot 331153 warm 3283968 cold 18444
hot 331153 warm 3283968 cold 18444
hot 331153 warm 3283968 cold 18444
hot 331153 warm 3283968 cold 18444
hot 331153 warm 3283968 cold 18444
hot 331154 warm 3283968 cold 18444
hot 331155 warm 3283968 cold 18444
hot 331155 warm 3283968 cold 18444
hot 331155 warm 3283968 cold 18444
hot 331155 warm 3283968 cold 18444
hot 331155 warm 3283968 cold 18444
hot 331155 warm 3283968 cold 18444
hot 331155 warm 3283968 cold 18444
hot 331155 warm 3283968 cold 18444
hot 331156 warm 3283968 cold 18444
hot 331156 warm 3283968 cold 18444
hot 331157 warm 3283968 cold 18444
hot 331157 warm 3283968 cold 18444
hot 331157 warm 3283968 cold 18444
hot 331157 warm 3283968 cold 18444
hot 331157 warm 3283968 cold 18444
hot 331157 warm 3283968 cold 18444
hot 331157 warm 3283968 cold 18444
hot 331158 warm 3283968 cold 18444
hot 331158 warm 3283968 cold 18444
hot 331158 warm 3283968 cold 18444
hot 331158 warm 3283968 cold 18444
hot 331158 warm 3283968 cold 18444
hot 331158 warm 3283968 cold 18444
hot 331158 warm 3283968 cold 18444
hot 331158 warm 3283968 cold 18444
hot 331159 warm 3283968 cold 18444
hot 331159 warm 3283968 cold 18444
hot 331159 warm 3283968 cold 18444
hot 331161 warm 3283968 cold 18444
hot 331162 warm 3283968 cold 18444
hot 331162 warm 3283968 cold 18444
hot 331162 warm 3283968 cold 18444
hot 331162 warm 3283968 cold 18444
hot 331162 warm 3283968 cold 18444
hot 331162 warm 3283968 cold 18444
hot 331163 warm 3283968 cold 18444
hot 331163 warm 3283968 cold 18444
hot 331164 warm 3283968 cold 18444
hot 379813 warm 3238400 cold 15372
hot 468400 warm 0 cold 3165196
hot 539063 warm 0 cold 3094540
hot 637378 warm 0 cold 2996236
hot 747471 warm 0 cold 2886156
hot 820189 warm 0 cold 2813452
hot 884709 warm 0 cold 2748940
hot 986607 warm 0 cold 2647052
hot 5618 warm 0 cold 3628044
hot 5618 warm 0 cold 3628044
hot 5618 warm 0 cold 3628044
hot 5619 warm 0 cold 3628044
hot 5619 warm 0 cold 3628044
hot 5619 warm 0 cold 3628044
hot 5627 warm 0 cold 3628044
hot 5636 warm 0 cold 3628044
hot 5636 warm 0 cold 3628044
hot 5642 warm 0 cold 3628044
hot 5651 warm 0 cold 3628044
hot 5652 warm 0 cold 3628044
hot 5658 warm 0 cold 3628044
hot 5671 warm 0 cold 3628044
hot 5679 warm 0 cold 3628044
hot 5684 warm 0 cold 3628044
hot 5690 warm 0 cold 3628044
hot 5701 warm 0 cold 3628044
hot 5706 warm 0 cold 3628044
hot 5716 warm 0 cold 3628044
hot 5722 warm 0 cold 3628044
hot 5732 warm 2950144 cold 677900
hot 5737 warm 3015680 cold 612364
hot 5744 warm 3089920 cold 538124
hot 5754 warm 3166720 cold 461324
hot 5758 warm 3215360 cold 412684
hot 5764 warm 3262976 cold 365068
hot 5771 warm 3303424 cold 324620
hot 5778 warm 3336704 cold 291340
hot 7321 warm 3358720 cold 267788
hot 7323 warm 3393024 cold 233484
hot 9382 warm 3414528 cold 209932
hot 10413 warm 3432960 cold 190476
hot 13489 warm 3448832 cold 171532
hot 16564 warm 3465216 cold 152076
hot 18106 warm 3474944 cold 140812
hot 21187 warm 3485184 cold 127500
hot 23751 warm 3493888 cold 116236
hot 26315 warm 3503616 cold 103948
hot 30927 warm 3509248 cold 93708
hot 33489 warm 3516416 cold 83980
hot 42197 warm 3518464 cold 73228
hot 45788 warm 3524096 cold 64012
hot 57568 warm 3515904 cold 60428
hot 64739 warm 3512832 cold 56332
hot 68836 warm 3511808 cold 53260
hot 74983 warm 3507200 cold 51724
hot 89833 warm 3496960 cold 47116
hot 98545 warm 3489280 cold 46092
hot 106743 warm 3486720 cold 40460
hot 117498 warm 3479040 cold 37388
hot 127743 warm 3475456 cold 30732
hot 139011 warm 3467264 cold 27660
hot 153860 warm 3454464 cold 25612
hot 173829 warm 3435520 cold 24588
hot 191239 warm 3418624 cold 24076
hot 219403 warm 3393024 cold 21516
hot 243473 warm 3371008 cold 19468
hot 276754 warm 3338240 cold 18956
hot 319256 warm 3296768 cold 17932
hot 351000 warm 3265536 cold 17420
hot 385818 warm 3232256 cold 15884
hot 432927 warm 3186176 cold 14860
hot 479520 warm 0 cold 3154444
hot 527650 warm 0 cold 3106316
hot 5923 warm 571904 cold 3056140
hot 5924 warm 625152 cold 3002892
hot 5927 warm 667648 cold 2960396
hot 5931 warm 728064 cold 2899980
hot 5934 warm 775168 cold 2852876
hot 5936 warm 830464 cold 2797580
hot 5936 warm 898048 cold 2729996
hot 5937 warm 987136 cold 2640908
hot 5939 warm 1054208 cold 2573836
hot 5939 warm 1122816 cold 2505228
hot 5940 warm 1183232 cold 2444812
hot 5943 warm 1259008 cold 2369036
hot 5947 warm 1341952 cold 2286092
hot 5951 warm 1458688 cold 2169356
hot 5953 warm 1521664 cold 2106380
hot 5957 warm 1617920 cold 2010124
hot 5960 warm 1705984 cold 1922060
hot 5962 warm 1800192 cold 1827852
hot 5963 warm 1878528 cold 1749516
hot 5967 warm 1970176 cold 1657868
hot 5967 warm 1973760 cold 1654284
hot 5967 warm 1973760 cold 1654284
hot 5968 warm 1973760 cold 1654284
hot 5968 warm 1973760 cold 1654284
hot 5968 warm 1973760 cold 1654284
hot 5968 warm 1973760 cold 1654284
hot 5968 warm 1973760 cold 1654284
hot 5968 warm 1973760 cold 1654284
hot 5969 warm 1973760 cold 1654284
hot 5969 warm 1973760 cold 1654284
hot 5971 warm 1973760 cold 1654284
hot 5971 warm 1973760 cold 1654284
hot 5971 warm 1973760 cold 1654284
hot 5971 warm 1973760 cold 1654284
hot 5971 warm 1973760 cold 1654284
hot 5971 warm 1973760 cold 1654284
hot 5971 warm 1973760 cold 1654284
hot 5972 warm 1973760 cold 1654284
hot 5972 warm 1973760 cold 1654284
hot 5972 warm 1973760 cold 1654284
hot 5972 warm 1973760 cold 1654284
hot 5972 warm 1973760 cold 1654284
hot 5972 warm 1973760 cold 1654284
hot 5972 warm 1973760 cold 1654284
hot 5972 warm 1973760 cold 1654284
hot 5972 warm 1973760 cold 1654284
hot 5973 warm 1973760 cold 1654284
hot 5975 warm 2041344 cold 1586700
hot 5977 warm 2114048 cold 1513996
hot 5982 warm 2181120 cold 1446924
hot 5985 warm 2266112 cold 1361932
hot 5988 warm 2347520 cold 1280524
hot 5989 warm 2426368 cold 1201676
hot 5990 warm 2485248 cold 1142796
hot 5992 warm 2563584 cold 1064460
hot 5994 warm 2625024 cold 1003020
hot 5994 warm 2683904 cold 944140
hot 5996 warm 2743296 cold 884748
hot 5996 warm 2798080 cold 829964
hot 5999 warm 2843648 cold 784396
hot 6002 warm 2902016 cold 726028
hot 6003 warm 2946048 cold 681996
hot 6005 warm 2981376 cold 646668
hot 6007 warm 3030016 cold 598028
hot 6007 warm 3075584 cold 552460
hot 6008 warm 3111936 cold 516108
hot 6009 warm 3151360 cold 476684
hot 6011 warm 3185152 cold 442892
hot 6012 warm 3218432 cold 409612
hot 6013 warm 3250688 cold 377356
hot 6014 warm 3282944 cold 345100
hot 6017 warm 3306496 cold 321548
hot 6017 warm 3312640 cold 315404
hot 6018 warm 3312640 cold 315404
hot 6018 warm 3312640 cold 315404
hot 6018 warm 3312640 cold 315404
hot 6018 warm 3312640 cold 315404
hot 6018 warm 3312640 cold 315404
hot 6018 warm 3312640 cold 315404
hot 6018 warm 3312640 cold 315404
hot 6018 warm 3312640 cold 315404
hot 6018 warm 3312640 cold 315404
hot 6018 warm 3312640 cold 315404
hot 6018 warm 3312640 cold 315404
hot 6018 warm 3312640 cold 315404
hot 6018 warm 3312640 cold 315404
hot 6019 warm 3312640 cold 315404
hot 6019 warm 3312640 cold 315404
hot 6019 warm 3312640 cold 315404
hot 6019 warm 3312640 cold 315404
hot 6019 warm 3312640 cold 315404
hot 6020 warm 3312640 cold 315404
hot 6020 warm 3312640 cold 315404
hot 6020 warm 3312640 cold 315404
hot 6020 warm 3312640 cold 315404
hot 6020 warm 3312640 cold 315404
hot 6020 warm 3312640 cold 315404
hot 6022 warm 3315712 cold 312332
hot 6022 warm 3331072 cold 296972
hot 6024 warm 3351552 cold 276492
hot 6025 warm 3365376 cold 262668
hot 6025 warm 3375616 cold 252428
hot 6029 warm 3388416 cold 239628
hot 6031 warm 3400704 cold 227340
hot 6031 warm 3410944 cold 217100
hot 6031 warm 3415552 cold 212492
hot 6031 warm 3420672 cold 207372
hot 6545 warm 3428352 cold 199180
hot 6549 warm 3433984 cold 193548
hot 6549 warm 3443712 cold 183820
hot 6552 warm 3454464 cold 173068
hot 6553 warm 3459072 cold 168460
hot 6554 warm 3468288 cold 159244
hot 7578 warm 3470336 cold 156172
hot 7578 warm 3480064 cold 146444
hot 7579 warm 3491328 cold 135180
hot 7580 warm 3492864 cold 133644
hot 8605 warm 3499520 cold 125964
hot 9121 warm 3503616 cold 121356
hot 9121 warm 3506176 cold 118796
hot 9634 warm 3508224 cold 116236
hot 10147 warm 3513856 cold 110092
hot 11685 warm 3516928 cold 105484
hot 13737 warm 3518464 cold 101900
hot 14249 warm 3520512 cold 99340
hot 14250 warm 3522560 cold 97292
hot 14764 warm 3528192 cold 91148
hot 18352 warm 3528704 cold 87052
hot 20402 warm 3529216 cold 84492
hot 21427 warm 3531264 cold 81420
hot 21941 warm 3537920 cold 74252
hot 22967 warm 3541504 cold 69644
hot 24505 warm 3542016 cold 67596
hot 27067 warm 3544064 cold 62988
hot 28606 warm 3545600 cold 59916
hot 30144 warm 3547136 cold 56844
hot 30657 warm 3548160 cold 55308
hot 31681 warm 3550208 cold 52236
hot 34755 warm 3549696 cold 49676
hot 39364 warm 3547136 cold 47628
hot 40900 warm 3547136 cold 46092
hot 43974 warm 3548160 cold 41996
hot 45511 warm 3547648 cold 40972
hot 49607 warm 3545088 cold 39436
hot 51655 warm 3545088 cold 37388
hot 55241 warm 3543552 cold 35340
hot 57289 warm 3543552 cold 33292
hot 59338 warm 3544064 cold 30732
hot 62924 warm 3543040 cold 28172
hot 67021 warm 3540480 cold 26636
hot 70605 warm 3536896 cold 26636
hot 75217 warm 3534336 cold 24588
hot 79313 warm 3533824 cold 21004
hot 88019 warm 3527168 cold 18956
hot 92117 warm 3524096 cold 17932
hot 92630 warm 3523584 cold 17932
hot 96216 warm 3520512 cold 17420
hot 104921 warm 3512832 cold 16396
hot 113627 warm 3505664 cold 14860
hot 123355 warm 3496960 cold 13836
hot 131547 warm 3491328 cold 11276
hot 134619 warm 3488768 cold 10764
hot 144349 warm 3480064 cold 9740
hot 162273 warm 3462144 cold 9740
hot 173026 warm 3451392 cold 9740
hot 192994 warm 3431424 cold 9740
hot 204259 warm 3421184 cold 8716
hot 211427 warm 3415040 cold 7692
hot 221157 warm 3405824 cold 7180
hot 233959 warm 3393536 cold 6668
hot 245736 warm 3382784 cold 5644
hot 255977 warm 3372544 cold 5644
hot 270825 warm 3358720 cold 4620
hot 286697 warm 3342848 cold 4620
hot 301545 warm 3328000 cold 4620
hot 319466 warm 3311104 cold 3596
hot 334826 warm 3295744 cold 3596
hot 349675 warm 3280896 cold 3596
hot 374763 warm 3256320 cold 3084
hot 390635 warm 3240448 cold 3084
hot 413675 warm 3217408 cold 3084
hot 432621 warm 3199488 cold 2060
hot 467438 warm 0 cold 3166732
hot 493039 warm 0 cold 3141132
hot 528369 warm 0 cold 3105804
hot 556530 warm 0 cold 3077644
hot 585205 warm 0 cold 3048972
hot 611318 warm 0 cold 3022860
hot 630775 warm 0 cold 3003404
hot 5819 warm 0 cold 3628363
hot 5819 warm 0 cold 3628363
hot 5820 warm 0 cold 3628363
hot 5820 warm 0 cold 3628363
hot 5820 warm 0 cold 3628363
hot 5821 warm 0 cold 3628363
hot 5826 warm 0 cold 3628363
hot 5827 warm 0 cold 3628363
hot 5827 warm 0 cold 3628363
hot 5828 warm 0 cold 3628363
hot 5830 warm 0 cold 3628363
hot 5831 warm 0 cold 3628363
hot 5831 warm 0 cold 3628363
hot 5832 warm 0 cold 3628363
hot 5833 warm 0 cold 3628363
hot 5834 warm 0 cold 3628363
hot 5834 warm 1350975 cold 2277388
hot 5835 warm 1398079 cold 2230284
hot 5835 warm 1440063 cold 2188300
hot 5838 warm 1507135 cold 2121228
hot 5839 warm 1573183 cold 2055180
hot 5840 warm 1636671 cold 1991692
hot 5840 warm 1696575 cold 1931788
hot 5840 warm 1753919 cold 1874444
hot 5841 warm 1812287 cold 1816076
hot 5841 warm 1857855 cold 1770508
