pgmigrate_success 35796928
pgmigrate_success 35797352
pgmigrate_success 35797357
pgmigrate_success 35797358
pgmigrate_success 35797358
pgmigrate_success 35797358
pgmigrate_success 35797358
pgmigrate_success 35797358
pgmigrate_success 35797358
pgmigrate_success 35797358
pgmigrate_success 35797358
pgmigrate_success 35797358
pgmigrate_success 35797358
pgmigrate_success 35797358
pgmigrate_success 35797358
pgmigrate_success 35797358
pgmigrate_success 35797358
pgmigrate_success 35797358
pgmigrate_success 35797358
pgmigrate_success 35797358
pgmigrate_success 35797358
pgmigrate_success 35797358
pgmigrate_success 35797358
pgmigrate_success 35797358
pgmigrate_success 35797358
pgmigrate_success 35797358
pgmigrate_success 35797358
pgmigrate_success 35797358
pgmigrate_success 35797358
pgmigrate_success 35797358
pgmigrate_success 35797358
pgmigrate_success 35797358
pgmigrate_success 35798931
pgmigrate_success 35798931
pgmigrate_success 35798931
pgmigrate_success 35798931
pgmigrate_success 35798931
pgmigrate_success 35798931
pgmigrate_success 35798931
pgmigrate_success 35798931
pgmigrate_success 35798931
pgmigrate_success 35798931
pgmigrate_success 35798931
pgmigrate_success 35798931
pgmigrate_success 35798931
pgmigrate_success 35798931
pgmigrate_success 35798931
pgmigrate_success 35798931
pgmigrate_success 35798931
pgmigrate_success 35798931
pgmigrate_success 35798931
pgmigrate_success 35798931
pgmigrate_success 35798931
pgmigrate_success 35798931
pgmigrate_success 35798931
pgmigrate_success 35798931
pgmigrate_success 35798931
pgmigrate_success 35798931
pgmigrate_success 35798931
pgmigrate_success 35798931
pgmigrate_success 35798931
pgmigrate_success 35798931
pgmigrate_success 35798931
pgmigrate_success 35798979
pgmigrate_success 35798979
pgmigrate_success 35798979
pgmigrate_success 35798979
pgmigrate_success 35798979
pgmigrate_success 35798979
pgmigrate_success 35798979
pgmigrate_success 35798979
pgmigrate_success 35798979
pgmigrate_success 35798979
pgmigrate_success 35798979
pgmigrate_success 35798979
pgmigrate_success 35798979
pgmigrate_success 35798979
pgmigrate_success 35798979
pgmigrate_success 35798979
pgmigrate_success 35798979
pgmigrate_success 35798979
pgmigrate_success 35798979
pgmigrate_success 35798979
pgmigrate_success 35798979
pgmigrate_success 35798979
pgmigrate_success 35798979
pgmigrate_success 35798979
pgmigrate_success 35799635
pgmigrate_success 35799635
pgmigrate_success 35800667
pgmigrate_success 35850352
pgmigrate_success 35850864
pgmigrate_success 35850864
pgmigrate_success 35850864
pgmigrate_success 35850864
pgmigrate_success 35851445
pgmigrate_success 35851445
pgmigrate_success 35851445
pgmigrate_success 35851445
pgmigrate_success 35851445
pgmigrate_success 35851445
pgmigrate_success 35851445
pgmigrate_success 35851445
pgmigrate_success 35851445
pgmigrate_success 35851445
pgmigrate_success 35851445
pgmigrate_success 35851445
pgmigrate_success 35851445
pgmigrate_success 35851445
pgmigrate_success 35851445
pgmigrate_success 35851445
pgmigrate_success 35851445
pgmigrate_success 35851445
pgmigrate_success 35851445
pgmigrate_success 35851445
pgmigrate_success 35851445
pgmigrate_success 35851445
pgmigrate_success 35851445
pgmigrate_success 35851445
pgmigrate_success 35851445
pgmigrate_success 35851445
pgmigrate_success 35851445
pgmigrate_success 35851445
pgmigrate_success 35851445
pgmigrate_success 35851445
pgmigrate_success 35851445
pgmigrate_success 35851445
pgmigrate_success 35851494
pgmigrate_success 35851494
pgmigrate_success 35851494
pgmigrate_success 35851494
pgmigrate_success 35851494
pgmigrate_success 35851494
pgmigrate_success 35851494
pgmigrate_success 35851494
pgmigrate_success 35851494
pgmigrate_success 35861899
pgmigrate_success 35861899
pgmigrate_success 35862504
pgmigrate_success 35862504
pgmigrate_success 35862504
pgmigrate_success 35862504
pgmigrate_success 35862504
pgmigrate_success 35862504
pgmigrate_success 35862504
pgmigrate_success 35862504
pgmigrate_success 35862504
pgmigrate_success 35862504
pgmigrate_success 35862504
pgmigrate_success 35862504
pgmigrate_success 35862504
pgmigrate_success 35862504
pgmigrate_success 35862504
pgmigrate_success 35862504
pgmigrate_success 35862504
pgmigrate_success 35862504
pgmigrate_success 35862504
pgmigrate_success 35862504
pgmigrate_success 35862504
pgmigrate_success 35871474
pgmigrate_success 35871474
pgmigrate_success 35871474
pgmigrate_success 35871474
pgmigrate_success 35871474
pgmigrate_success 35871474
pgmigrate_success 35871474
pgmigrate_success 35871474
pgmigrate_success 35871474
pgmigrate_success 35871474
pgmigrate_success 35871474
pgmigrate_success 35871474
pgmigrate_success 35871474
pgmigrate_success 35871474
pgmigrate_success 35871474
pgmigrate_success 35871474
pgmigrate_success 35871986
pgmigrate_success 35871986
pgmigrate_success 35871986
pgmigrate_success 35873010
pgmigrate_success 35874160
pgmigrate_success 35874227
pgmigrate_success 35874772
pgmigrate_success 35874780
pgmigrate_success 35874785
pgmigrate_success 35874785
pgmigrate_success 35874785
pgmigrate_success 35874785
pgmigrate_success 35874786
pgmigrate_success 35874786
pgmigrate_success 35874786
pgmigrate_success 35874786
pgmigrate_success 35875336
pgmigrate_success 35875336
pgmigrate_success 35875336
pgmigrate_success 35875336
pgmigrate_success 35875336
pgmigrate_success 35875336
pgmigrate_success 35875336
pgmigrate_success 35875336
pgmigrate_success 35875336
pgmigrate_success 35875336
pgmigrate_success 35885689
pgmigrate_success 35933821
pgmigrate_success 35933821
pgmigrate_success 35934334
pgmigrate_success 35934334
pgmigrate_success 35934334
pgmigrate_success 35934334
pgmigrate_success 35934334
pgmigrate_success 35934334
pgmigrate_success 35934427
pgmigrate_success 35935041
pgmigrate_success 35935043
pgmigrate_success 35935047
pgmigrate_success 35935048
pgmigrate_success 35935049
pgmigrate_success 35935050
pgmigrate_success 35935051
pgmigrate_success 35935052
pgmigrate_success 35935053
pgmigrate_success 35935054
pgmigrate_success 35935055
pgmigrate_success 35936340
pgmigrate_success 35936340
pgmigrate_success 35936340
pgmigrate_success 35936340
pgmigrate_success 35936341
pgmigrate_success 35936854
pgmigrate_success 35936855
pgmigrate_success 35936855
pgmigrate_success 35936855
pgmigrate_success 35936856
pgmigrate_success 35936856
pgmigrate_success 35937368
pgmigrate_success 35937368
pgmigrate_success 35937368
pgmigrate_success 35937369
pgmigrate_success 35937881
pgmigrate_success 35937881
pgmigrate_success 35937881
pgmigrate_success 35937881
pgmigrate_success 35937881
pgmigrate_success 35937881
pgmigrate_success 35937881
pgmigrate_success 35937882
pgmigrate_success 35937882
pgmigrate_success 35937882
pgmigrate_success 35937882
pgmigrate_success 35937890
pgmigrate_success 35937895
pgmigrate_success 35937903
pgmigrate_success 35937915
pgmigrate_success 35937921
pgmigrate_success 35937928
pgmigrate_success 35938092
pgmigrate_success 35938097
pgmigrate_success 35938104
pgmigrate_success 35938108
pgmigrate_success 35938115
pgmigrate_success 35938122
pgmigrate_success 35938126
pgmigrate_success 35938128
pgmigrate_success 35938136
pgmigrate_success 35938142
pgmigrate_success 35938152
pgmigrate_success 35938670
pgmigrate_success 35938672
pgmigrate_success 35938676
pgmigrate_success 35938683
pgmigrate_success 35938691
pgmigrate_success 35939722
pgmigrate_success 35940749
pgmigrate_success 35942287
pgmigrate_success 35942288
pgmigrate_success 35942288
pgmigrate_success 35942291
pgmigrate_success 35942292
pgmigrate_success 35942295
pgmigrate_success 35942295
pgmigrate_success 35942299
pgmigrate_success 35942299
pgmigrate_success 35942299
pgmigrate_success 35942299
pgmigrate_success 35942299
pgmigrate_success 35942299
pgmigrate_success 35942299
pgmigrate_success 35942384
pgmigrate_success 35942384
pgmigrate_success 35942899
pgmigrate_success 35942906
pgmigrate_success 35942906
pgmigrate_success 35942906
pgmigrate_success 35943420
pgmigrate_success 35943420
pgmigrate_success 35943422
pgmigrate_success 35943422
pgmigrate_success 35943422
pgmigrate_success 35943422
pgmigrate_success 35943422
pgmigrate_success 35943934
pgmigrate_success 35943934
pgmigrate_success 35943934
pgmigrate_success 35943934
pgmigrate_success 35958787
pgmigrate_success 35959299
pgmigrate_success 35959299
pgmigrate_success 35959299
pgmigrate_success 35959299
pgmigrate_success 35959299
pgmigrate_success 35959811
pgmigrate_success 35959811
pgmigrate_success 35959811
pgmigrate_success 35959811
pgmigrate_success 35959928
pgmigrate_success 35959935
pgmigrate_success 35959937
pgmigrate_success 35959939
pgmigrate_success 35959944
pgmigrate_success 35960124
pgmigrate_success 35960126
pgmigrate_success 35960127
pgmigrate_success 35960131
pgmigrate_success 35960131
pgmigrate_success 35960133
pgmigrate_success 35960136
pgmigrate_success 35960136
pgmigrate_success 35960137
pgmigrate_success 35960141
pgmigrate_success 35960141
pgmigrate_success 35960143
pgmigrate_success 35960146
pgmigrate_success 35960150
pgmigrate_success 35960154
pgmigrate_success 35960155
pgmigrate_success 35960155
pgmigrate_success 35960157
pgmigrate_success 35960161
pgmigrate_success 35960163
pgmigrate_success 35960165
pgmigrate_success 35960167
pgmigrate_success 35960168
pgmigrate_success 35960169
pgmigrate_success 35960170
pgmigrate_success 35960174
pgmigrate_success 35960178
pgmigrate_success 35960178
pgmigrate_success 35960179
pgmigrate_success 35960179
pgmigrate_success 35960179
pgmigrate_success 35960221
pgmigrate_success 35960318
pgmigrate_success 35960318
pgmigrate_success 35960319
pgmigrate_success 35960323
pgmigrate_success 35960324
pgmigrate_success 35960326
pgmigrate_success 35960326
pgmigrate_success 35960326
pgmigrate_success 35960327
pgmigrate_success 35960328
pgmigrate_success 35960332
pgmigrate_success 35960332
pgmigrate_success 35960332
pgmigrate_success 35960332
pgmigrate_success 35960334
pgmigrate_success 35960338
pgmigrate_success 35960339
pgmigrate_success 35960339
pgmigrate_success 35960339
pgmigrate_success 35960339
pgmigrate_success 35960343
pgmigrate_success 35960347
pgmigrate_success 35960349
pgmigrate_success 35960353
pgmigrate_success 35960353
pgmigrate_success 35960355
pgmigrate_success 35960357
pgmigrate_success 35960358
pgmigrate_success 35960358
pgmigrate_success 35960358
pgmigrate_success 35960358
pgmigrate_success 35960426
pgmigrate_success 35960940
pgmigrate_success 35961455
pgmigrate_success 35961455
pgmigrate_success 35961455
pgmigrate_success 35961456
pgmigrate_success 35961458
pgmigrate_success 35961459
pgmigrate_success 35961461
pgmigrate_success 35961462
pgmigrate_success 35961462
pgmigrate_success 35961462
pgmigrate_success 35961462
pgmigrate_success 35961462
pgmigrate_success 35961462
pgmigrate_success 35961464
pgmigrate_success 35961466
pgmigrate_success 35961466
pgmigrate_success 35961466
pgmigrate_success 35961466
pgmigrate_success 35961466
pgmigrate_success 35961467
pgmigrate_success 35961467
pgmigrate_success 35961467
pgmigrate_success 35961467
pgmigrate_success 35961467
pgmigrate_success 35961467
pgmigrate_success 35961467
pgmigrate_success 35961468
pgmigrate_success 35961468
pgmigrate_success 35961469
pgmigrate_success 35961469
pgmigrate_success 35961538
pgmigrate_success 35961538
pgmigrate_success 35961539
pgmigrate_success 35961539
pgmigrate_success 35961539
pgmigrate_success 35961539
pgmigrate_success 35961539
pgmigrate_success 35961539
pgmigrate_success 35961540
pgmigrate_success 35961540
pgmigrate_success 35961540
pgmigrate_success 35961540
pgmigrate_success 35961541
pgmigrate_success 35961541
pgmigrate_success 35961541
pgmigrate_success 35961543
pgmigrate_success 35961544
pgmigrate_success 35961544
pgmigrate_success 35961544
pgmigrate_success 35961544
pgmigrate_success 35961544
pgmigrate_success 35961544
pgmigrate_success 35961544
pgmigrate_success 35961544
pgmigrate_success 35961544
pgmigrate_success 35961544
pgmigrate_success 35961544
pgmigrate_success 35961544
pgmigrate_success 35961544
pgmigrate_success 35961545
pgmigrate_success 35961546
pgmigrate_success 35961546
pgmigrate_success 35961589
pgmigrate_success 35961589
pgmigrate_success 35961589
pgmigrate_success 35961589
pgmigrate_success 35961589
pgmigrate_success 35961589
pgmigrate_success 35961589
pgmigrate_success 35961589
pgmigrate_success 35961590
pgmigrate_success 35961590
pgmigrate_success 35961590
pgmigrate_success 35961590
pgmigrate_success 35961590
pgmigrate_success 35961590
pgmigrate_success 35961590
pgmigrate_success 35961590
pgmigrate_success 35961590
pgmigrate_success 35961590
pgmigrate_success 35961590
pgmigrate_success 35961590
pgmigrate_success 35961590
pgmigrate_success 35961590
pgmigrate_success 35961590
pgmigrate_success 35961590
pgmigrate_success 35961590
pgmigrate_success 35961590
pgmigrate_success 35961590
pgmigrate_success 35961591
pgmigrate_success 35961591
pgmigrate_success 35961591
pgmigrate_success 35961591
pgmigrate_success 35961591
pgmigrate_success 35961621
pgmigrate_success 35961621
pgmigrate_success 35961621
pgmigrate_success 35961621
pgmigrate_success 35961621
pgmigrate_success 35961621
pgmigrate_success 35961621
pgmigrate_success 35961621
pgmigrate_success 35961621
pgmigrate_success 35961621
pgmigrate_success 35961621
pgmigrate_success 35961622
pgmigrate_success 35961622
pgmigrate_success 35961622
pgmigrate_success 35961622
pgmigrate_success 35961622
pgmigrate_success 35961622
pgmigrate_success 35961622
pgmigrate_success 35961622
pgmigrate_success 35961622
pgmigrate_success 35962135
pgmigrate_success 35962135
pgmigrate_success 35962135
pgmigrate_success 35962135
pgmigrate_success 35962135
pgmigrate_success 35962135
pgmigrate_success 35962135
pgmigrate_success 35962135
pgmigrate_success 35962135
pgmigrate_success 35962135
pgmigrate_success 35962135
pgmigrate_success 35962217
pgmigrate_success 35962217
pgmigrate_success 35965305
pgmigrate_success 35967865
pgmigrate_success 35967865
pgmigrate_success 35968378
pgmigrate_success 35968378
pgmigrate_success 35968378
pgmigrate_success 35968378
pgmigrate_success 35968378
pgmigrate_success 35968378
pgmigrate_success 35968378
pgmigrate_success 35968378
pgmigrate_success 35968378
pgmigrate_success 35968444
pgmigrate_success 35968447
pgmigrate_success 35968448
pgmigrate_success 35968450
pgmigrate_success 35968452
pgmigrate_success 35968452
pgmigrate_success 35968453
pgmigrate_success 35968455
pgmigrate_success 35968457
pgmigrate_success 35968458
pgmigrate_success 35968460
pgmigrate_success 35968463
pgmigrate_success 35968467
pgmigrate_success 35968467
pgmigrate_success 35968467
pgmigrate_success 35968469
pgmigrate_success 35968470
pgmigrate_success 35968471
pgmigrate_success 35968568
pgmigrate_success 35968569
pgmigrate_success 35968569
pgmigrate_success 35968569
pgmigrate_success 35968571
pgmigrate_success 35968573
pgmigrate_success 35968575
pgmigrate_success 35968576
pgmigrate_success 35968576
pgmigrate_success 35968577
pgmigrate_success 35968579
pgmigrate_success 35968580
pgmigrate_success 35968580
pgmigrate_success 35968581
pgmigrate_success 35968583
pgmigrate_success 35968584
pgmigrate_success 35968585
pgmigrate_success 35968586
pgmigrate_success 35968588
pgmigrate_success 35968589
pgmigrate_success 35968589
pgmigrate_success 35968589
pgmigrate_success 35968589
