anon 0
anon_thp 0
anon 51531776
anon_thp 25165824
anon 655339520
anon_thp 627048448
anon 655339520
anon_thp 627048448
anon 655339520
anon_thp 627048448
anon 1038876672
anon_thp 1008730112
anon 2500591616
anon_thp 2470445056
anon 3947626496
anon_thp 3917479936
anon 5411438592
anon_thp 5381292032
anon 6896222208
anon_thp 6866075648
anon 8378908672
anon_thp 8348762112
anon 9863692288
anon_thp 9833545728
anon 11333795840
anon_thp 11303649280
anon 12793413632
anon_thp 12763267072
anon 14225768448
anon_thp 14195621888
anon 14916157440
anon_thp 14885584896
anon 14916157440
anon_thp 14885584896
anon 14916157440
anon_thp 14885584896
anon 14916157440
anon_thp 14885584896
anon 14916157440
anon_thp 14885584896
anon 14916157440
anon_thp 14885584896
anon 14916157440
anon_thp 14885584896
anon 14916157440
anon_thp 14885584896
anon 14916157440
anon_thp 14885584896
anon 14916157440
anon_thp 14885584896
anon 14916157440
anon_thp 14885584896
anon 14916157440
anon_thp 14885584896
anon 14916157440
anon_thp 14885584896
anon 14916157440
anon_thp 14885584896
anon 14916157440
anon_thp 14885584896
anon 14916157440
anon_thp 14885584896
anon 14916157440
anon_thp 14885584896
anon 14916157440
anon_thp 14885584896
anon 14916157440
anon_thp 14885584896
anon 14916157440
anon_thp 14885584896
anon 14916157440
anon_thp 14885584896
anon 14916157440
anon_thp 14885584896
anon 14916157440
anon_thp 14885584896
anon 14916157440
anon_thp 14885584896
anon 14916157440
anon_thp 14885584896
anon 14916157440
anon_thp 14885584896
anon 14916157440
anon_thp 14885584896
anon 14916157440
anon_thp 14885584896
anon 14916157440
anon_thp 14885584896
anon 14916157440
anon_thp 14885584896
anon 14916157440
anon_thp 14885584896
anon 14916157440
anon_thp 14885584896
anon 14916157440
anon_thp 14885584896
anon 14916157440
anon_thp 14885584896
anon 14916157440
anon_thp 14885584896
anon 14916157440
anon_thp 14885584896
anon 14916157440
anon_thp 14885584896
anon 14916157440
anon_thp 14885584896
anon 14916157440
anon_thp 14885584896
anon 14916157440
anon_thp 14885584896
anon 14916157440
anon_thp 14885584896
anon 14916157440
anon_thp 14885584896
anon 14916157440
anon_thp 14885584896
anon 14916157440
anon_thp 14885584896
anon 14916157440
anon_thp 14885584896
anon 14916157440
anon_thp 14885584896
anon 14916157440
anon_thp 14885584896
anon 14916157440
anon_thp 14885584896
anon 14916157440
anon_thp 14885584896
anon 14916157440
anon_thp 14885584896
anon 14916157440
anon_thp 14885584896
anon 14916157440
anon_thp 14885584896
anon 14916157440
anon_thp 14885584896
anon 14916157440
anon_thp 14885584896
anon 14916157440
anon_thp 14885584896
anon 14916157440
anon_thp 14885584896
anon 14916157440
anon_thp 14885584896
anon 14916157440
anon_thp 14885584896
anon 14916157440
anon_thp 14885584896
anon 14916157440
anon_thp 14885584896
anon 14916157440
anon_thp 14885584896
anon 14916157440
anon_thp 14885584896
anon 14916157440
anon_thp 14885584896
anon 14916157440
anon_thp 14885584896
anon 14916157440
anon_thp 14885584896
anon 14916157440
anon_thp 14885584896
anon 14916157440
anon_thp 14885584896
anon 14916157440
anon_thp 14885584896
anon 14916157440
anon_thp 14885584896
anon 14916157440
anon_thp 14885584896
anon 14916157440
anon_thp 14885584896
anon 14916157440
anon_thp 14885584896
anon 14916157440
anon_thp 14885584896
anon 14955417600
anon_thp 14904459264
anon 14955503616
anon_thp 14885584896
anon 14955532288
anon_thp 14885584896
anon 14955565056
anon_thp 14885584896
anon 14955565056
anon_thp 14885584896
anon 14955565056
anon_thp 14885584896
anon 14955646976
anon_thp 14885584896
anon 14955712512
anon_thp 14885584896
anon 14955712512
anon_thp 14885584896
anon 14955712512
anon_thp 14885584896
anon 14955712512
anon_thp 14885584896
anon 14955712512
anon_thp 14885584896
anon 14955712512
anon_thp 14885584896
anon 14955745280
anon_thp 14885584896
anon 14955745280
anon_thp 14885584896
anon 14955745280
anon_thp 14885584896
anon 14955745280
anon_thp 14885584896
anon 14955745280
anon_thp 14885584896
anon 14955745280
anon_thp 14885584896
anon 14955745280
anon_thp 14885584896
anon 14955745280
anon_thp 14885584896
anon 14955778048
anon_thp 14885584896
anon 14955810816
anon_thp 14885584896
anon 14955810816
anon_thp 14885584896
anon 14955810816
anon_thp 14885584896
anon 14955810816
anon_thp 14885584896
anon 14955810816
anon_thp 14885584896
anon 14955810816
anon_thp 14885584896
anon 14955843584
anon_thp 14885584896
anon 14955843584
anon_thp 14885584896
anon 14955843584
anon_thp 14885584896
anon 14955843584
anon_thp 14885584896
anon 14955843584
anon_thp 14885584896
anon 14955876352
anon_thp 14885584896
anon 14955876352
anon_thp 14885584896
anon 14955876352
anon_thp 14885584896
anon 14955876352
anon_thp 14885584896
anon 14955876352
anon_thp 14885584896
anon 14955876352
anon_thp 14885584896
anon 14955876352
anon_thp 14885584896
anon 14955876352
anon_thp 14885584896
anon 14955876352
anon_thp 14885584896
anon 14955876352
anon_thp 14885584896
anon 14955876352
anon_thp 14885584896
anon 14955876352
anon_thp 14885584896
anon 14955876352
anon_thp 14885584896
anon 14955876352
anon_thp 14885584896
anon 14955876352
anon_thp 14885584896
anon 14955876352
anon_thp 14885584896
anon 14955876352
anon_thp 14885584896
anon 14955876352
anon_thp 14885584896
anon 14955876352
anon_thp 14885584896
anon 14955876352
anon_thp 14885584896
anon 14955876352
anon_thp 14885584896
anon 14955876352
anon_thp 14885584896
anon 14955876352
anon_thp 14885584896
anon 14955876352
anon_thp 14885584896
anon 14955876352
anon_thp 14885584896
anon 14955876352
anon_thp 14885584896
anon 14955876352
anon_thp 14885584896
anon 14955876352
anon_thp 14885584896
anon 14955876352
anon_thp 14885584896
anon 14955876352
anon_thp 14885584896
anon 14955876352
anon_thp 14885584896
anon 14955876352
anon_thp 14885584896
anon 14955876352
anon_thp 14885584896
anon 14955876352
anon_thp 14885584896
anon 14955876352
anon_thp 14885584896
anon 14955876352
anon_thp 14885584896
anon 14955876352
anon_thp 14885584896
anon 14955876352
anon_thp 14885584896
anon 14955876352
anon_thp 14885584896
anon 14955876352
anon_thp 14885584896
anon 14955876352
anon_thp 14885584896
anon 14955876352
anon_thp 14885584896
anon 14955876352
anon_thp 14885584896
anon 14955876352
anon_thp 14885584896
anon 14955876352
anon_thp 14885584896
anon 14955876352
anon_thp 14885584896
anon 14955876352
anon_thp 14885584896
anon 14955876352
anon_thp 14885584896
anon 14955876352
anon_thp 14885584896
anon 14955876352
anon_thp 14885584896
anon 14955876352
anon_thp 14885584896
anon 14955876352
anon_thp 14885584896
anon 14955876352
anon_thp 14885584896
anon 14955876352
anon_thp 14885584896
anon 14955876352
anon_thp 14885584896
anon 14955876352
anon_thp 14885584896
anon 14955876352
anon_thp 14885584896
anon 14955876352
anon_thp 14885584896
anon 14955876352
anon_thp 14885584896
anon 14955876352
anon_thp 14885584896
anon 14955876352
anon_thp 14885584896
anon 14955876352
anon_thp 14885584896
anon 14955876352
anon_thp 14885584896
anon 14953779200
anon_thp 14883487744
anon 14955876352
anon_thp 14885584896
anon 14955876352
anon_thp 14885584896
anon 14955876352
anon_thp 14885584896
anon 14955876352
anon_thp 14885584896
anon 14955876352
anon_thp 14885584896
anon 14955876352
anon_thp 14885584896
anon 14955876352
anon_thp 14885584896
anon 14955876352
anon_thp 14885584896
anon 14955876352
anon_thp 14885584896
anon 14955876352
anon_thp 14885584896
anon 14955876352
anon_thp 14885584896
anon 14955876352
anon_thp 14885584896
anon 14955876352
anon_thp 14885584896
anon 14955876352
anon_thp 14885584896
anon 14955876352
anon_thp 14885584896
anon 14955876352
anon_thp 14885584896
anon 14955876352
anon_thp 14885584896
anon 14955876352
anon_thp 14885584896
anon 14955876352
anon_thp 14885584896
anon 14955876352
anon_thp 14885584896
anon 14955876352
anon_thp 14885584896
anon 14955876352
anon_thp 14885584896
anon 14955876352
anon_thp 14885584896
anon 14955876352
anon_thp 14885584896
anon 14955876352
anon_thp 14885584896
anon 14955876352
anon_thp 14885584896
anon 14955876352
anon_thp 14885584896
anon 14955876352
anon_thp 14885584896
anon 14955876352
anon_thp 14885584896
anon 14955876352
anon_thp 14885584896
anon 14955876352
anon_thp 14885584896
anon 14955876352
anon_thp 14885584896
anon 14955876352
anon_thp 14885584896
anon 14955876352
anon_thp 14885584896
anon 14955876352
anon_thp 14885584896
anon 14955876352
anon_thp 14885584896
anon 14955876352
anon_thp 14885584896
anon 14955876352
anon_thp 14885584896
anon 14955876352
anon_thp 14885584896
anon 14955876352
anon_thp 14885584896
anon 14955876352
anon_thp 14885584896
anon 14955876352
anon_thp 14885584896
anon 14955876352
anon_thp 14885584896
anon 14955876352
anon_thp 14885584896
anon 14955876352
anon_thp 14885584896
anon 14955876352
anon_thp 14885584896
anon 14955876352
anon_thp 14885584896
anon 14955876352
anon_thp 14885584896
anon 14955876352
anon_thp 14885584896
anon 14955876352
anon_thp 14885584896
anon 14955876352
anon_thp 14885584896
anon 14955876352
anon_thp 14885584896
anon 14955876352
anon_thp 14885584896
anon 14955876352
anon_thp 14885584896
anon 14955876352
anon_thp 14885584896
anon 14955876352
anon_thp 14885584896
anon 14955876352
anon_thp 14885584896
anon 14955876352
anon_thp 14885584896
anon 14955876352
anon_thp 14885584896
anon 14955876352
anon_thp 14885584896
anon 14955876352
anon_thp 14885584896
anon 14955876352
anon_thp 14885584896
anon 14955876352
anon_thp 14885584896
anon 14955876352
anon_thp 14885584896
anon 14955876352
anon_thp 14885584896
anon 14955876352
anon_thp 14885584896
anon 14955876352
anon_thp 14885584896
anon 14955876352
anon_thp 14885584896
anon 14955876352
anon_thp 14885584896
anon 14955876352
anon_thp 14885584896
anon 14953779200
anon_thp 14883487744
anon 14955876352
anon_thp 14885584896
anon 14955876352
anon_thp 14885584896
anon 14955876352
anon_thp 14885584896
anon 14955876352
anon_thp 14885584896
anon 14955876352
anon_thp 14885584896
anon 14955876352
anon_thp 14885584896
anon 14955876352
anon_thp 14885584896
anon 14955876352
anon_thp 14885584896
anon 14955876352
anon_thp 14885584896
anon 14955876352
anon_thp 14885584896
anon 14955876352
anon_thp 14885584896
anon 14955876352
anon_thp 14885584896
anon 14955876352
anon_thp 14885584896
anon 14955876352
anon_thp 14885584896
anon 14955876352
anon_thp 14885584896
anon 14955876352
anon_thp 14885584896
anon 14955876352
anon_thp 14885584896
anon 14955876352
anon_thp 14885584896
anon 14955876352
anon_thp 14885584896
anon 14955876352
anon_thp 14885584896
anon 14955876352
anon_thp 14885584896
anon 14955876352
anon_thp 14885584896
anon 14955876352
anon_thp 14885584896
anon 14955876352
anon_thp 14885584896
anon 14955876352
anon_thp 14885584896
anon 14955876352
anon_thp 14885584896
anon 14955876352
anon_thp 14885584896
anon 14955876352
anon_thp 14885584896
anon 14955876352
anon_thp 14885584896
anon 14955876352
anon_thp 14885584896
anon 14955876352
anon_thp 14885584896
anon 14955876352
anon_thp 14885584896
anon 14955876352
anon_thp 14885584896
anon 14955876352
anon_thp 14885584896
anon 14955876352
anon_thp 14885584896
anon 14955876352
anon_thp 14885584896
anon 14955876352
anon_thp 14885584896
anon 14955876352
anon_thp 14885584896
anon 14955876352
anon_thp 14885584896
anon 14955876352
anon_thp 14885584896
anon 14955876352
anon_thp 14885584896
anon 14955876352
anon_thp 14885584896
anon 14955876352
anon_thp 14885584896
anon 14955876352
anon_thp 14885584896
anon 14955876352
anon_thp 14885584896
anon 14955876352
anon_thp 14885584896
anon 14955876352
anon_thp 14885584896
anon 14955876352
anon_thp 14885584896
anon 14955876352
anon_thp 14885584896
anon 14955876352
anon_thp 14885584896
anon 14955876352
anon_thp 14885584896
anon 14955876352
anon_thp 14885584896
anon 14955876352
anon_thp 14885584896
anon 14955876352
anon_thp 14885584896
anon 14955876352
anon_thp 14885584896
anon 14955876352
anon_thp 14885584896
anon 14955876352
anon_thp 14885584896
anon 14955876352
anon_thp 14885584896
anon 14955876352
anon_thp 14885584896
anon 14955876352
anon_thp 14885584896
anon 14955876352
anon_thp 14885584896
anon 14955876352
anon_thp 14885584896
anon 14955876352
anon_thp 14885584896
anon 14955876352
anon_thp 14885584896
anon 14955876352
anon_thp 14885584896
anon 14955876352
anon_thp 14885584896
anon 14955876352
anon_thp 14885584896
anon 14955876352
anon_thp 14885584896
anon 14955876352
anon_thp 14885584896
anon 14955876352
anon_thp 14885584896
anon 14955876352
anon_thp 14885584896
anon 14955876352
anon_thp 14885584896
anon 14955876352
anon_thp 14885584896
anon 14955876352
anon_thp 14885584896
anon 14955876352
anon_thp 14885584896
anon 14955876352
anon_thp 14885584896
anon 14955876352
anon_thp 14885584896
anon 14955876352
anon_thp 14885584896
anon 14955876352
anon_thp 14885584896
anon 14955876352
anon_thp 14885584896
anon 14955876352
anon_thp 14885584896
anon 14955876352
anon_thp 14885584896
anon 14955876352
anon_thp 14885584896
anon 14955876352
anon_thp 14885584896
anon 14955876352
anon_thp 14885584896
anon 14955876352
anon_thp 14885584896
anon 14955876352
anon_thp 14885584896
anon 14955876352
anon_thp 14885584896
anon 14955876352
anon_thp 14885584896
anon 14955876352
anon_thp 14885584896
anon 14955876352
anon_thp 14885584896
anon 14955876352
anon_thp 14885584896
anon 14955876352
anon_thp 14885584896
anon 14955876352
anon_thp 14885584896
anon 14955876352
anon_thp 14885584896
anon 14955876352
anon_thp 14885584896
anon 14955876352
anon_thp 14885584896
anon 14955876352
anon_thp 14885584896
anon 14955876352
anon_thp 14885584896
anon 14955876352
anon_thp 14885584896
anon 14955876352
anon_thp 14885584896
anon 14955876352
anon_thp 14885584896
anon 14955876352
anon_thp 14885584896
anon 14955876352
anon_thp 14885584896
anon 14955876352
anon_thp 14885584896
anon 14955876352
anon_thp 14885584896
anon 14955876352
anon_thp 14885584896
anon 14955876352
anon_thp 14885584896
anon 14955876352
anon_thp 14885584896
anon 14955876352
anon_thp 14885584896
anon 14955876352
anon_thp 14885584896
anon 14955876352
anon_thp 14885584896
anon 14955876352
anon_thp 14885584896
anon 14955876352
anon_thp 14885584896
anon 14955876352
anon_thp 14885584896
anon 14955876352
anon_thp 14885584896
anon 14955876352
anon_thp 14885584896
anon 14955876352
anon_thp 14885584896
anon 14955876352
anon_thp 14885584896
anon 14955876352
anon_thp 14885584896
anon 14955876352
anon_thp 14885584896
anon 14955876352
anon_thp 14885584896
anon 14955876352
anon_thp 14885584896
anon 14955876352
anon_thp 14885584896
anon 14955876352
anon_thp 14885584896
anon 14955876352
anon_thp 14885584896
anon 14955876352
anon_thp 14885584896
anon 14955876352
anon_thp 14885584896
anon 14955876352
anon_thp 14885584896
anon 14955876352
anon_thp 14885584896
anon 14955876352
anon_thp 14885584896
anon 14955876352
anon_thp 14885584896
anon 14955876352
anon_thp 14885584896
anon 14955876352
anon_thp 14885584896
anon 14955876352
anon_thp 14885584896
anon 14955876352
anon_thp 14885584896
anon 14955876352
anon_thp 14885584896
anon 14955876352
anon_thp 14885584896
anon 14955876352
anon_thp 14885584896
anon 14955876352
anon_thp 14885584896
anon 14955876352
anon_thp 14885584896
anon 14955876352
anon_thp 14885584896
anon 14955876352
anon_thp 14885584896
anon 14955876352
anon_thp 14885584896
anon 14955876352
anon_thp 14885584896
anon 14955876352
anon_thp 14885584896
anon 14955876352
anon_thp 14885584896
anon 14955876352
anon_thp 14885584896
anon 14955876352
anon_thp 14885584896
anon 14955876352
anon_thp 14885584896
anon 14955876352
anon_thp 14885584896
anon 14955876352
anon_thp 14885584896
anon 14955876352
anon_thp 14885584896
anon 14955876352
anon_thp 14885584896
anon 14955876352
anon_thp 14885584896
anon 14955876352
anon_thp 14885584896
anon 14955876352
anon_thp 14885584896
anon 14955876352
anon_thp 14885584896
anon 14955876352
anon_thp 14885584896
anon 14955876352
anon_thp 14885584896
anon 14955876352
anon_thp 14885584896
anon 14955876352
anon_thp 14885584896
anon 14955876352
anon_thp 14885584896
anon 14955876352
anon_thp 14885584896
anon 14955876352
anon_thp 14885584896
anon 14955876352
anon_thp 14885584896
anon 14955876352
anon_thp 14885584896
anon 14955876352
anon_thp 14885584896
anon 14955876352
anon_thp 14885584896
anon 14955876352
anon_thp 14885584896
anon 14955876352
anon_thp 14885584896
anon 14955876352
anon_thp 14885584896
anon 14955876352
anon_thp 14885584896
anon 14955876352
anon_thp 14885584896
anon 14955876352
anon_thp 14885584896
anon 14955876352
anon_thp 14885584896
anon 14955876352
anon_thp 14885584896
anon 14955876352
anon_thp 14885584896
anon 14955876352
anon_thp 14885584896
anon 14955876352
anon_thp 14885584896
anon 14955876352
anon_thp 14885584896
anon 14955876352
anon_thp 14885584896
anon 14955876352
anon_thp 14885584896
anon 14955876352
anon_thp 14885584896
anon 14955876352
anon_thp 14885584896
anon 14955876352
anon_thp 14885584896
anon 14955876352
anon_thp 14885584896
anon 14955876352
anon_thp 14885584896
anon 14955876352
anon_thp 14885584896
anon 14955876352
anon_thp 14885584896
anon 14955876352
anon_thp 14885584896
anon 14955876352
anon_thp 14885584896
anon 14955876352
anon_thp 14885584896
anon 14955876352
anon_thp 14885584896
anon 14955876352
anon_thp 14885584896
anon 14955876352
anon_thp 14885584896
anon 14955876352
anon_thp 14885584896
anon 14955876352
anon_thp 14885584896
anon 14955876352
anon_thp 14885584896
anon 14955876352
anon_thp 14885584896
anon 14955876352
anon_thp 14885584896
anon 14955876352
anon_thp 14885584896
anon 14955876352
anon_thp 14885584896
anon 14955876352
anon_thp 14885584896
anon 14955876352
anon_thp 14885584896
anon 14955876352
anon_thp 14885584896
anon 14955876352
anon_thp 14885584896
anon 14955876352
anon_thp 14885584896
anon 14955876352
anon_thp 14885584896
anon 14955876352
anon_thp 14885584896
anon 14955876352
anon_thp 14885584896
anon 14955876352
anon_thp 14885584896
anon 14955876352
anon_thp 14885584896
anon 14955876352
anon_thp 14885584896
anon 14955876352
anon_thp 14885584896
anon 14955876352
anon_thp 14885584896
anon 14955876352
anon_thp 14885584896
anon 14955876352
anon_thp 14885584896
anon 14955876352
anon_thp 14885584896
anon 14955876352
anon_thp 14885584896
anon 14955876352
anon_thp 14885584896
anon 14955876352
anon_thp 14885584896
anon 14955876352
anon_thp 14885584896
anon 14955876352
anon_thp 14885584896
anon 14955876352
anon_thp 14885584896
anon 14955876352
anon_thp 14885584896
anon 14955876352
anon_thp 14885584896
anon 14955876352
anon_thp 14885584896
anon 14955876352
anon_thp 14885584896
anon 14955876352
anon_thp 14885584896
anon 14955876352
anon_thp 14885584896
anon 14955876352
anon_thp 14885584896
anon 14955876352
anon_thp 14885584896
anon 14955876352
anon_thp 14885584896
anon 14955876352
anon_thp 14885584896
anon 14955876352
anon_thp 14885584896
anon 14955876352
anon_thp 14885584896
anon 14955876352
anon_thp 14885584896
anon 14955876352
anon_thp 14885584896
anon 14955876352
anon_thp 14885584896
anon 14955876352
anon_thp 14885584896
anon 14955876352
anon_thp 14885584896
anon 14955876352
anon_thp 14885584896
anon 14955876352
anon_thp 14885584896
anon 14955876352
anon_thp 14885584896
anon 14955876352
anon_thp 14885584896
anon 14955876352
anon_thp 14885584896
anon 14955876352
anon_thp 14885584896
anon 14955876352
anon_thp 14885584896
anon 14955876352
anon_thp 14885584896
anon 14955876352
anon_thp 14885584896
anon 14955876352
anon_thp 14885584896
anon 14955876352
anon_thp 14885584896
anon 14955876352
anon_thp 14885584896
anon 14955876352
anon_thp 14885584896
anon 14955876352
anon_thp 14885584896
anon 14955876352
anon_thp 14885584896
anon 14955876352
anon_thp 14885584896
anon 14955876352
anon_thp 14885584896
anon 14955876352
anon_thp 14885584896
anon 14955876352
anon_thp 14885584896
anon 14955876352
anon_thp 14885584896
anon 14955876352
anon_thp 14885584896
anon 14955876352
anon_thp 14885584896
anon 14955876352
anon_thp 14885584896
anon 14955876352
anon_thp 14885584896
anon 14955876352
anon_thp 14885584896
anon 14955876352
anon_thp 14885584896
anon 14955876352
anon_thp 14885584896
anon 14955876352
anon_thp 14885584896
anon 14955876352
anon_thp 14885584896
anon 14955876352
anon_thp 14885584896
anon 14955876352
anon_thp 14885584896
anon 14955876352
anon_thp 14885584896
anon 14955876352
anon_thp 14885584896
