pgmigrate_success 31486017
pgmigrate_success 31486461
pgmigrate_success 31486463
pgmigrate_success 31486463
pgmigrate_success 31486463
pgmigrate_success 31486464
pgmigrate_success 31486464
pgmigrate_success 31486464
pgmigrate_success 31486464
pgmigrate_success 31486464
pgmigrate_success 31486464
pgmigrate_success 31486464
pgmigrate_success 31486464
pgmigrate_success 31486464
pgmigrate_success 31486464
pgmigrate_success 31486464
pgmigrate_success 31486464
pgmigrate_success 31486464
pgmigrate_success 31486464
pgmigrate_success 31486464
pgmigrate_success 31486464
pgmigrate_success 31486464
pgmigrate_success 31486464
pgmigrate_success 31486464
pgmigrate_success 31486464
pgmigrate_success 31486464
pgmigrate_success 31486464
pgmigrate_success 31486464
pgmigrate_success 31486464
pgmigrate_success 31486464
pgmigrate_success 31486464
pgmigrate_success 31486464
pgmigrate_success 31486464
pgmigrate_success 31486464
pgmigrate_success 31486464
pgmigrate_success 31486464
pgmigrate_success 31486464
pgmigrate_success 31486464
pgmigrate_success 31486464
pgmigrate_success 31486955
pgmigrate_success 31486960
pgmigrate_success 31486960
pgmigrate_success 31486960
pgmigrate_success 31486960
pgmigrate_success 31486960
pgmigrate_success 31486960
pgmigrate_success 31486960
pgmigrate_success 31486960
pgmigrate_success 31486960
pgmigrate_success 31486960
pgmigrate_success 31486960
pgmigrate_success 31486960
pgmigrate_success 31486960
pgmigrate_success 31486960
pgmigrate_success 31486960
pgmigrate_success 31486960
pgmigrate_success 31486960
pgmigrate_success 31486960
pgmigrate_success 31486960
pgmigrate_success 31486960
pgmigrate_success 31486960
pgmigrate_success 31486960
pgmigrate_success 31486960
pgmigrate_success 31486960
pgmigrate_success 31486960
pgmigrate_success 31486960
pgmigrate_success 31486960
pgmigrate_success 31486960
pgmigrate_success 31486960
pgmigrate_success 31486960
pgmigrate_success 31486960
pgmigrate_success 31486960
pgmigrate_success 31486960
pgmigrate_success 31486960
pgmigrate_success 31486960
pgmigrate_success 31486960
pgmigrate_success 31486960
pgmigrate_success 31486960
pgmigrate_success 31486960
pgmigrate_success 31486960
pgmigrate_success 31486960
pgmigrate_success 31486960
pgmigrate_success 31486960
pgmigrate_success 31486960
pgmigrate_success 31486960
pgmigrate_success 31486960
pgmigrate_success 31486960
pgmigrate_success 31486960
pgmigrate_success 31486960
pgmigrate_success 31486960
pgmigrate_success 31486960
pgmigrate_success 31486960
pgmigrate_success 31486962
pgmigrate_success 31486963
pgmigrate_success 31486963
pgmigrate_success 31486964
pgmigrate_success 31486964
pgmigrate_success 31486966
pgmigrate_success 31486967
pgmigrate_success 31486968
pgmigrate_success 31608413
pgmigrate_success 31953163
pgmigrate_success 31953163
pgmigrate_success 31953163
pgmigrate_success 31953163
pgmigrate_success 31953163
pgmigrate_success 31953163
pgmigrate_success 31953163
pgmigrate_success 31953163
pgmigrate_success 31953163
pgmigrate_success 31953675
pgmigrate_success 31953675
pgmigrate_success 31953675
pgmigrate_success 31953675
pgmigrate_success 31953675
pgmigrate_success 31953675
pgmigrate_success 31953675
pgmigrate_success 31953675
pgmigrate_success 31953675
pgmigrate_success 31953675
pgmigrate_success 31953675
pgmigrate_success 31953675
pgmigrate_success 31953675
pgmigrate_success 31953675
pgmigrate_success 31953675
pgmigrate_success 31953675
pgmigrate_success 31953675
pgmigrate_success 31953675
pgmigrate_success 31953675
pgmigrate_success 31953675
pgmigrate_success 31953675
pgmigrate_success 31953675
pgmigrate_success 31953675
pgmigrate_success 31954263
pgmigrate_success 31954263
pgmigrate_success 31954263
pgmigrate_success 31954263
pgmigrate_success 31954263
pgmigrate_success 31954263
pgmigrate_success 31954263
pgmigrate_success 31954263
pgmigrate_success 31954263
pgmigrate_success 31954263
pgmigrate_success 31954263
pgmigrate_success 31954263
pgmigrate_success 31954263
pgmigrate_success 31954263
pgmigrate_success 31954263
pgmigrate_success 31954263
pgmigrate_success 31954263
pgmigrate_success 31954263
pgmigrate_success 31954263
pgmigrate_success 31954263
pgmigrate_success 31954263
pgmigrate_success 31954263
pgmigrate_success 31954775
pgmigrate_success 31954775
pgmigrate_success 31954775
pgmigrate_success 31954775
pgmigrate_success 31954775
pgmigrate_success 31954775
pgmigrate_success 31954775
pgmigrate_success 31954775
pgmigrate_success 31954775
pgmigrate_success 31954775
pgmigrate_success 31954827
pgmigrate_success 31954827
pgmigrate_success 31954827
pgmigrate_success 31954827
pgmigrate_success 31955307
pgmigrate_success 31955307
pgmigrate_success 31955307
pgmigrate_success 31955307
pgmigrate_success 31955307
pgmigrate_success 31955307
pgmigrate_success 31955307
pgmigrate_success 31955307
pgmigrate_success 31955307
pgmigrate_success 31955307
pgmigrate_success 31955307
pgmigrate_success 31955307
pgmigrate_success 31955307
pgmigrate_success 31955307
pgmigrate_success 31955819
pgmigrate_success 31955819
pgmigrate_success 31955819
pgmigrate_success 31955819
pgmigrate_success 31955819
pgmigrate_success 31955819
pgmigrate_success 31955819
pgmigrate_success 31955819
pgmigrate_success 31955819
pgmigrate_success 31955819
pgmigrate_success 31955819
pgmigrate_success 31955819
pgmigrate_success 31955819
pgmigrate_success 31956333
pgmigrate_success 31956360
pgmigrate_success 31956360
pgmigrate_success 31956360
pgmigrate_success 31956360
pgmigrate_success 31956360
pgmigrate_success 31956360
pgmigrate_success 31956360
pgmigrate_success 31956360
pgmigrate_success 31956360
pgmigrate_success 31956360
pgmigrate_success 31956360
pgmigrate_success 31956360
pgmigrate_success 31956360
pgmigrate_success 31956360
pgmigrate_success 31956360
pgmigrate_success 31956360
pgmigrate_success 31956360
pgmigrate_success 31956360
pgmigrate_success 31956360
pgmigrate_success 31956360
pgmigrate_success 31956360
pgmigrate_success 31956360
pgmigrate_success 31956360
pgmigrate_success 31956360
pgmigrate_success 31956360
pgmigrate_success 31956360
pgmigrate_success 31956360
pgmigrate_success 31956360
pgmigrate_success 31956360
pgmigrate_success 31956360
pgmigrate_success 31956360
pgmigrate_success 31956406
pgmigrate_success 31956406
pgmigrate_success 31956406
pgmigrate_success 31956406
pgmigrate_success 31956406
pgmigrate_success 31956406
pgmigrate_success 31956406
pgmigrate_success 31956406
pgmigrate_success 31956406
pgmigrate_success 31956406
pgmigrate_success 31956406
pgmigrate_success 31956406
pgmigrate_success 31956406
pgmigrate_success 31956406
pgmigrate_success 31956406
pgmigrate_success 31956406
pgmigrate_success 31956406
pgmigrate_success 31956406
pgmigrate_success 31956406
pgmigrate_success 31956406
pgmigrate_success 31956406
pgmigrate_success 31956406
pgmigrate_success 31956406
pgmigrate_success 31956406
pgmigrate_success 31956406
pgmigrate_success 31956406
pgmigrate_success 31957930
pgmigrate_success 31957930
pgmigrate_success 31957930
pgmigrate_success 31957930
pgmigrate_success 31957930
pgmigrate_success 31957930
pgmigrate_success 31959192
pgmigrate_success 31959721
pgmigrate_success 31959721
pgmigrate_success 31959721
pgmigrate_success 31959721
pgmigrate_success 31959721
pgmigrate_success 31960233
pgmigrate_success 31960233
pgmigrate_success 31960233
pgmigrate_success 31960233
pgmigrate_success 31960233
pgmigrate_success 31960233
pgmigrate_success 31960233
pgmigrate_success 31960233
pgmigrate_success 31960233
pgmigrate_success 31960233
pgmigrate_success 31960233
pgmigrate_success 31960233
pgmigrate_success 31960233
pgmigrate_success 31960233
pgmigrate_success 31960233
pgmigrate_success 31960233
pgmigrate_success 31960233
pgmigrate_success 31960233
pgmigrate_success 31960233
pgmigrate_success 31960233
pgmigrate_success 31960233
pgmigrate_success 31960233
pgmigrate_success 31960233
pgmigrate_success 31960233
pgmigrate_success 31960233
pgmigrate_success 31960233
pgmigrate_success 31960233
pgmigrate_success 31960281
pgmigrate_success 31960281
pgmigrate_success 31960281
pgmigrate_success 31960281
pgmigrate_success 31960281
pgmigrate_success 31960281
pgmigrate_success 31960281
pgmigrate_success 31969883
pgmigrate_success 31969883
pgmigrate_success 31969883
pgmigrate_success 31969883
pgmigrate_success 31969889
pgmigrate_success 31969889
pgmigrate_success 31969889
pgmigrate_success 31969889
pgmigrate_success 31969889
pgmigrate_success 31969889
pgmigrate_success 31969889
pgmigrate_success 31969889
pgmigrate_success 31969889
pgmigrate_success 31969889
pgmigrate_success 31969889
pgmigrate_success 31969889
pgmigrate_success 31969889
pgmigrate_success 31969889
pgmigrate_success 31969889
pgmigrate_success 31969889
pgmigrate_success 31969889
pgmigrate_success 31969889
pgmigrate_success 31969889
pgmigrate_success 31969889
pgmigrate_success 31977330
pgmigrate_success 31979390
pgmigrate_success 31979902
pgmigrate_success 31979902
pgmigrate_success 31979902
pgmigrate_success 31979902
pgmigrate_success 31979902
pgmigrate_success 31979902
pgmigrate_success 31979902
pgmigrate_success 31979902
pgmigrate_success 31979902
pgmigrate_success 31979902
pgmigrate_success 31979902
pgmigrate_success 31979902
pgmigrate_success 31979902
pgmigrate_success 31979902
pgmigrate_success 31979902
pgmigrate_success 31981438
pgmigrate_success 31981950
pgmigrate_success 31981950
pgmigrate_success 31982462
pgmigrate_success 31982462
pgmigrate_success 31982462
pgmigrate_success 31982974
pgmigrate_success 31982974
pgmigrate_success 31982974
pgmigrate_success 31982974
pgmigrate_success 31982974
pgmigrate_success 31982974
pgmigrate_success 31982974
pgmigrate_success 31982974
pgmigrate_success 31982974
pgmigrate_success 31982974
pgmigrate_success 31983354
pgmigrate_success 31983354
pgmigrate_success 31983354
pgmigrate_success 31983354
pgmigrate_success 31983354
pgmigrate_success 31983354
pgmigrate_success 31983354
pgmigrate_success 31983354
pgmigrate_success 31983354
pgmigrate_success 31983354
pgmigrate_success 31983354
pgmigrate_success 31983354
pgmigrate_success 31983354
pgmigrate_success 31983354
pgmigrate_success 31983354
pgmigrate_success 31983354
pgmigrate_success 31983354
pgmigrate_success 31983354
pgmigrate_success 31983354
pgmigrate_success 31983354
pgmigrate_success 31983354
pgmigrate_success 31983354
pgmigrate_success 31983354
pgmigrate_success 31983354
pgmigrate_success 31983354
pgmigrate_success 31983354
pgmigrate_success 31983354
pgmigrate_success 31983354
pgmigrate_success 31983866
pgmigrate_success 31983866
pgmigrate_success 31983866
pgmigrate_success 31983866
pgmigrate_success 31983966
pgmigrate_success 31983966
pgmigrate_success 31983966
pgmigrate_success 31983966
pgmigrate_success 31983966
pgmigrate_success 31983966
pgmigrate_success 31983966
pgmigrate_success 31983966
pgmigrate_success 31983966
pgmigrate_success 31983966
pgmigrate_success 31983966
pgmigrate_success 31983966
pgmigrate_success 31983966
pgmigrate_success 31983966
pgmigrate_success 31983966
pgmigrate_success 31983966
pgmigrate_success 31983966
pgmigrate_success 31983966
pgmigrate_success 31983966
pgmigrate_success 31983966
pgmigrate_success 31983966
pgmigrate_success 31983966
pgmigrate_success 31983966
pgmigrate_success 31983966
pgmigrate_success 31983966
pgmigrate_success 31983966
pgmigrate_success 31983966
pgmigrate_success 31983966
pgmigrate_success 31983966
pgmigrate_success 31983966
pgmigrate_success 31986684
pgmigrate_success 31988918
pgmigrate_success 31989474
pgmigrate_success 31989474
pgmigrate_success 31989474
pgmigrate_success 31989474
pgmigrate_success 31989474
pgmigrate_success 31989474
pgmigrate_success 31989474
pgmigrate_success 31989474
pgmigrate_success 31989474
pgmigrate_success 31989474
pgmigrate_success 31989474
pgmigrate_success 31989986
pgmigrate_success 31989986
pgmigrate_success 31989986
pgmigrate_success 31989986
pgmigrate_success 31989986
pgmigrate_success 31989986
pgmigrate_success 31989986
pgmigrate_success 31989986
pgmigrate_success 31989986
pgmigrate_success 31989986
pgmigrate_success 31989986
pgmigrate_success 31989986
pgmigrate_success 31989986
pgmigrate_success 31989986
pgmigrate_success 31989986
pgmigrate_success 31989986
pgmigrate_success 31990498
pgmigrate_success 31990498
pgmigrate_success 31990498
pgmigrate_success 31990498
pgmigrate_success 31990498
pgmigrate_success 31990545
pgmigrate_success 31990545
pgmigrate_success 31990545
pgmigrate_success 31990545
pgmigrate_success 31990545
pgmigrate_success 31990545
pgmigrate_success 31990545
pgmigrate_success 31990545
pgmigrate_success 31990545
pgmigrate_success 31990545
pgmigrate_success 31990545
pgmigrate_success 31990545
pgmigrate_success 31990545
pgmigrate_success 31990545
pgmigrate_success 31990545
pgmigrate_success 31990545
pgmigrate_success 31990545
pgmigrate_success 31990545
pgmigrate_success 31990545
pgmigrate_success 31990545
pgmigrate_success 31990545
pgmigrate_success 31990545
pgmigrate_success 31990545
pgmigrate_success 31990545
pgmigrate_success 31990545
pgmigrate_success 31990545
pgmigrate_success 31990545
pgmigrate_success 31990545
pgmigrate_success 31990545
pgmigrate_success 31990545
pgmigrate_success 31990545
pgmigrate_success 31990545
pgmigrate_success 31990601
pgmigrate_success 31990601
pgmigrate_success 31990601
pgmigrate_success 31990601
pgmigrate_success 31990601
pgmigrate_success 31990689
pgmigrate_success 31990689
pgmigrate_success 31990689
pgmigrate_success 31990689
pgmigrate_success 31990689
pgmigrate_success 31990689
pgmigrate_success 31990689
pgmigrate_success 31990689
pgmigrate_success 31990689
pgmigrate_success 31990689
pgmigrate_success 31990689
pgmigrate_success 31990689
pgmigrate_success 31990689
pgmigrate_success 31991667
pgmigrate_success 31991667
pgmigrate_success 31991667
pgmigrate_success 31991667
pgmigrate_success 31991667
pgmigrate_success 31991667
pgmigrate_success 31991667
pgmigrate_success 31991667
pgmigrate_success 31991667
pgmigrate_success 31991667
pgmigrate_success 31991667
pgmigrate_success 31991667
pgmigrate_success 31991667
pgmigrate_success 31992665
pgmigrate_success 31992665
pgmigrate_success 31992665
pgmigrate_success 31992665
pgmigrate_success 31992665
pgmigrate_success 31992665
pgmigrate_success 31992665
pgmigrate_success 31992665
pgmigrate_success 31992665
pgmigrate_success 31992665
pgmigrate_success 31992665
pgmigrate_success 31992665
pgmigrate_success 31992665
pgmigrate_success 31992665
pgmigrate_success 31992665
