anon 0
anon_thp 0
anon 53211136
anon_thp 25165824
anon 655347712
anon_thp 627048448
anon 655347712
anon_thp 627048448
anon 655347712
anon_thp 627048448
anon 1179394048
anon_thp 1149239296
anon 2626428928
anon_thp 2596274176
anon 4067172352
anon_thp 4037017600
anon 5505818624
anon_thp 5475663872
anon 6952853504
anon_thp 6922698752
anon 8425054208
anon_thp 8394899456
anon 9895157760
anon_thp 9865003008
anon 11367358464
anon_thp 11337203712
anon 12835364864
anon_thp 12805210112
anon 14280302592
anon_thp 14250147840
anon 14916165632
anon_thp 14885584896
anon 14916165632
anon_thp 14885584896
anon 14916165632
anon_thp 14885584896
anon 14916165632
anon_thp 14885584896
anon 14916165632
anon_thp 14885584896
anon 14916165632
anon_thp 14885584896
anon 14916165632
anon_thp 14885584896
anon 14916165632
anon_thp 14885584896
anon 14916165632
anon_thp 14885584896
anon 14916165632
anon_thp 14885584896
anon 14916165632
anon_thp 14885584896
anon 14916165632
anon_thp 14885584896
anon 14916165632
anon_thp 14885584896
anon 14916165632
anon_thp 14885584896
anon 14916165632
anon_thp 14885584896
anon 14916165632
anon_thp 14885584896
anon 14916165632
anon_thp 14885584896
anon 14916165632
anon_thp 14885584896
anon 14916165632
anon_thp 14885584896
anon 14916165632
anon_thp 14885584896
anon 14916165632
anon_thp 14885584896
anon 14916165632
anon_thp 14885584896
anon 14916165632
anon_thp 14885584896
anon 14916165632
anon_thp 14885584896
anon 14916165632
anon_thp 14885584896
anon 14916165632
anon_thp 14885584896
anon 14916165632
anon_thp 14885584896
anon 14916165632
anon_thp 14885584896
anon 14916165632
anon_thp 14885584896
anon 14916165632
anon_thp 14885584896
anon 14916165632
anon_thp 14885584896
anon 14916165632
anon_thp 14885584896
anon 14916165632
anon_thp 14885584896
anon 14916165632
anon_thp 14885584896
anon 14916165632
anon_thp 14885584896
anon 14916165632
anon_thp 14885584896
anon 14916165632
anon_thp 14885584896
anon 14916165632
anon_thp 14885584896
anon 14916165632
anon_thp 14885584896
anon 14916165632
anon_thp 14885584896
anon 14916165632
anon_thp 14885584896
anon 14916165632
anon_thp 14885584896
anon 14916165632
anon_thp 14885584896
anon 14916165632
anon_thp 14885584896
anon 14916165632
anon_thp 14885584896
anon 14916165632
anon_thp 14885584896
anon 14916165632
anon_thp 14885584896
anon 14916165632
anon_thp 14885584896
anon 14916165632
anon_thp 14885584896
anon 14916165632
anon_thp 14885584896
anon 14916165632
anon_thp 14885584896
anon 14916165632
anon_thp 14885584896
anon 14916165632
anon_thp 14885584896
anon 14916165632
anon_thp 14885584896
anon 14916165632
anon_thp 14885584896
anon 14916165632
anon_thp 14885584896
anon 14916165632
anon_thp 14885584896
anon 14916165632
anon_thp 14885584896
anon 14916165632
anon_thp 14885584896
anon 14916165632
anon_thp 14885584896
anon 14916165632
anon_thp 14885584896
anon 14916165632
anon_thp 14885584896
anon 14916165632
anon_thp 14885584896
anon 14916165632
anon_thp 14885584896
anon 14916165632
anon_thp 14885584896
anon 14916165632
anon_thp 14885584896
anon 14916165632
anon_thp 14885584896
anon 14916165632
anon_thp 14885584896
anon 14916165632
anon_thp 14885584896
anon 14916165632
anon_thp 14885584896
anon 14916165632
anon_thp 14885584896
anon 14916165632
anon_thp 14885584896
anon 14916165632
anon_thp 14885584896
anon 14916165632
anon_thp 14885584896
anon 14955536384
anon_thp 14887682048
anon 14955552768
anon_thp 14887682048
anon 14955552768
anon_thp 14887682048
anon 14955552768
anon_thp 14887682048
anon 14955552768
anon_thp 14887682048
anon 14955552768
anon_thp 14887682048
anon 14955552768
anon_thp 14887682048
anon 14955552768
anon_thp 14887682048
anon 14955552768
anon_thp 14887682048
anon 14955552768
anon_thp 14887682048
anon 14955585536
anon_thp 14887682048
anon 14955618304
anon_thp 14887682048
anon 14955618304
anon_thp 14887682048
anon 14955618304
anon_thp 14887682048
anon 14955618304
anon_thp 14887682048
anon 14955618304
anon_thp 14887682048
anon 14955618304
anon_thp 14887682048
anon 14955618304
anon_thp 14887682048
anon 14955618304
anon_thp 14887682048
anon 14955618304
anon_thp 14887682048
anon 14955626496
anon_thp 14887682048
anon 14955757568
anon_thp 14887682048
anon 14955757568
anon_thp 14887682048
anon 14955757568
anon_thp 14887682048
anon 14955757568
anon_thp 14887682048
anon 14955790336
anon_thp 14887682048
anon 14955790336
anon_thp 14887682048
anon 14955823104
anon_thp 14887682048
anon 14955823104
anon_thp 14887682048
anon 14955823104
anon_thp 14887682048
anon 14955855872
anon_thp 14887682048
anon 14955855872
anon_thp 14887682048
anon 14955855872
anon_thp 14887682048
anon 14955855872
anon_thp 14887682048
anon 14955855872
anon_thp 14887682048
anon 14955855872
anon_thp 14887682048
anon 14955855872
anon_thp 14887682048
anon 14955855872
anon_thp 14887682048
anon 14955855872
anon_thp 14887682048
anon 14955855872
anon_thp 14887682048
anon 14955888640
anon_thp 14887682048
anon 14955888640
anon_thp 14887682048
anon 14955888640
anon_thp 14887682048
anon 14955888640
anon_thp 14887682048
anon 14955888640
anon_thp 14887682048
anon 14955888640
anon_thp 14887682048
anon 14955888640
anon_thp 14887682048
anon 14955888640
anon_thp 14887682048
anon 14955888640
anon_thp 14887682048
anon 14955888640
anon_thp 14887682048
anon 14955888640
anon_thp 14887682048
anon 14955888640
anon_thp 14887682048
anon 14955888640
anon_thp 14887682048
anon 14955888640
anon_thp 14887682048
anon 14955888640
anon_thp 14887682048
anon 14955888640
anon_thp 14887682048
anon 14955888640
anon_thp 14887682048
anon 14955888640
anon_thp 14887682048
anon 14955888640
anon_thp 14887682048
anon 14955888640
anon_thp 14887682048
anon 14955888640
anon_thp 14887682048
anon 14955888640
anon_thp 14887682048
anon 14955888640
anon_thp 14887682048
anon 14955888640
anon_thp 14887682048
anon 14955888640
anon_thp 14887682048
anon 14955888640
anon_thp 14887682048
anon 14955888640
anon_thp 14887682048
anon 14955888640
anon_thp 14887682048
anon 14955888640
anon_thp 14887682048
anon 14955888640
anon_thp 14887682048
anon 14955888640
anon_thp 14887682048
anon 14955888640
anon_thp 14887682048
anon 14955888640
anon_thp 14887682048
anon 14955888640
anon_thp 14887682048
anon 14955888640
anon_thp 14887682048
anon 14955888640
anon_thp 14887682048
anon 14955888640
anon_thp 14887682048
anon 14955888640
anon_thp 14887682048
anon 14955888640
anon_thp 14887682048
anon 14955888640
anon_thp 14887682048
anon 14955888640
anon_thp 14887682048
anon 14955888640
anon_thp 14887682048
anon 14955888640
anon_thp 14887682048
anon 14955888640
anon_thp 14887682048
anon 14955888640
anon_thp 14887682048
anon 14955888640
anon_thp 14887682048
anon 14955888640
anon_thp 14887682048
anon 14955888640
anon_thp 14887682048
anon 14955888640
anon_thp 14887682048
anon 14955888640
anon_thp 14887682048
anon 14955888640
anon_thp 14887682048
anon 14955888640
anon_thp 14887682048
anon 14955888640
anon_thp 14887682048
anon 14955888640
anon_thp 14887682048
anon 14955888640
anon_thp 14887682048
anon 14955888640
anon_thp 14887682048
anon 14955888640
anon_thp 14887682048
anon 14955888640
anon_thp 14887682048
anon 14955888640
anon_thp 14887682048
anon 14955888640
anon_thp 14887682048
anon 14955888640
anon_thp 14887682048
anon 14955888640
anon_thp 14887682048
anon 14955888640
anon_thp 14887682048
anon 14955888640
anon_thp 14887682048
anon 14955888640
anon_thp 14887682048
anon 14955888640
anon_thp 14887682048
anon 14955888640
anon_thp 14887682048
anon 14955888640
anon_thp 14887682048
anon 14955888640
anon_thp 14887682048
anon 14955888640
anon_thp 14887682048
anon 14955888640
anon_thp 14887682048
anon 14955888640
anon_thp 14887682048
anon 14955888640
anon_thp 14887682048
anon 14955888640
anon_thp 14887682048
anon 14955888640
anon_thp 14887682048
anon 14955888640
anon_thp 14887682048
anon 14955888640
anon_thp 14887682048
anon 14955888640
anon_thp 14887682048
anon 14955888640
anon_thp 14887682048
anon 14955888640
anon_thp 14887682048
anon 14955888640
anon_thp 14887682048
anon 14955888640
anon_thp 14887682048
anon 14955888640
anon_thp 14887682048
anon 14955888640
anon_thp 14887682048
anon 14955888640
anon_thp 14887682048
anon 14955888640
anon_thp 14887682048
anon 14955888640
anon_thp 14887682048
anon 14955888640
anon_thp 14887682048
anon 14955888640
anon_thp 14887682048
anon 14955888640
anon_thp 14887682048
anon 14955888640
anon_thp 14887682048
anon 14955888640
anon_thp 14887682048
anon 14955888640
anon_thp 14887682048
anon 14955888640
anon_thp 14887682048
anon 14955888640
anon_thp 14887682048
anon 14955888640
anon_thp 14887682048
anon 14955888640
anon_thp 14887682048
anon 14955888640
anon_thp 14887682048
anon 14955888640
anon_thp 14887682048
anon 14955888640
anon_thp 14887682048
anon 14955888640
anon_thp 14887682048
anon 14955888640
anon_thp 14887682048
anon 14955888640
anon_thp 14887682048
anon 14955888640
anon_thp 14887682048
anon 14955888640
anon_thp 14887682048
anon 14955888640
anon_thp 14887682048
anon 14955888640
anon_thp 14887682048
anon 14955888640
anon_thp 14887682048
anon 14955888640
anon_thp 14887682048
anon 14955888640
anon_thp 14887682048
anon 14955888640
anon_thp 14887682048
anon 14955888640
anon_thp 14887682048
anon 14955888640
anon_thp 14887682048
anon 14955888640
anon_thp 14887682048
anon 14955888640
anon_thp 14887682048
anon 14955888640
anon_thp 14887682048
anon 14955888640
anon_thp 14887682048
anon 14955888640
anon_thp 14887682048
anon 14955888640
anon_thp 14887682048
anon 14955888640
anon_thp 14887682048
anon 14955888640
anon_thp 14887682048
anon 14955888640
anon_thp 14887682048
anon 14955888640
anon_thp 14887682048
anon 14955888640
anon_thp 14887682048
anon 14955888640
anon_thp 14887682048
anon 14955888640
anon_thp 14887682048
anon 14955888640
anon_thp 14887682048
anon 14955888640
anon_thp 14887682048
anon 14955888640
anon_thp 14887682048
anon 14955888640
anon_thp 14887682048
anon 14955888640
anon_thp 14887682048
anon 14955888640
anon_thp 14887682048
anon 14955888640
anon_thp 14887682048
anon 14955888640
anon_thp 14887682048
anon 14955888640
anon_thp 14887682048
anon 14955888640
anon_thp 14887682048
anon 14955888640
anon_thp 14887682048
anon 14955888640
anon_thp 14887682048
anon 14955888640
anon_thp 14887682048
anon 14955888640
anon_thp 14887682048
anon 14955888640
anon_thp 14887682048
anon 14955888640
anon_thp 14887682048
anon 14955888640
anon_thp 14887682048
anon 14955888640
anon_thp 14887682048
anon 14955888640
anon_thp 14887682048
anon 14955888640
anon_thp 14887682048
anon 14955888640
anon_thp 14887682048
anon 14955888640
anon_thp 14887682048
anon 14955888640
anon_thp 14887682048
anon 14955888640
anon_thp 14887682048
anon 14955888640
anon_thp 14887682048
anon 14955888640
anon_thp 14887682048
anon 14955888640
anon_thp 14887682048
anon 14955888640
anon_thp 14887682048
anon 14955888640
anon_thp 14887682048
anon 14955888640
anon_thp 14887682048
anon 14955888640
anon_thp 14887682048
anon 14955888640
anon_thp 14887682048
anon 14955888640
anon_thp 14887682048
anon 14955888640
anon_thp 14887682048
anon 14955888640
anon_thp 14887682048
anon 14955888640
anon_thp 14887682048
anon 14955888640
anon_thp 14887682048
anon 14955888640
anon_thp 14887682048
anon 14955888640
anon_thp 14887682048
anon 14955888640
anon_thp 14887682048
anon 14955888640
anon_thp 14887682048
anon 14955888640
anon_thp 14887682048
anon 14955888640
anon_thp 14887682048
anon 14955888640
anon_thp 14887682048
anon 14955888640
anon_thp 14887682048
anon 14955888640
anon_thp 14887682048
anon 14955888640
anon_thp 14887682048
anon 14955888640
anon_thp 14887682048
anon 14955888640
anon_thp 14887682048
anon 14955888640
anon_thp 14887682048
anon 14955888640
anon_thp 14887682048
anon 14955888640
anon_thp 14887682048
anon 14955888640
anon_thp 14887682048
anon 14955888640
anon_thp 14887682048
anon 14955888640
anon_thp 14887682048
anon 14955888640
anon_thp 14887682048
anon 14955888640
anon_thp 14887682048
anon 14955888640
anon_thp 14887682048
anon 14955888640
anon_thp 14887682048
anon 14955888640
anon_thp 14887682048
anon 14955888640
anon_thp 14887682048
anon 14955888640
anon_thp 14887682048
anon 14955888640
anon_thp 14887682048
anon 14955888640
anon_thp 14887682048
anon 14955888640
anon_thp 14887682048
anon 14955888640
anon_thp 14887682048
anon 14955888640
anon_thp 14887682048
anon 14955888640
anon_thp 14887682048
anon 14955888640
anon_thp 14887682048
anon 14955888640
anon_thp 14887682048
anon 14955888640
anon_thp 14887682048
anon 14955888640
anon_thp 14887682048
anon 14955888640
anon_thp 14887682048
anon 14955888640
anon_thp 14887682048
anon 14955888640
anon_thp 14887682048
anon 14955888640
anon_thp 14887682048
anon 14955888640
anon_thp 14887682048
anon 14955888640
anon_thp 14887682048
anon 14955888640
anon_thp 14887682048
anon 14955888640
anon_thp 14887682048
anon 14955888640
anon_thp 14887682048
anon 14955888640
anon_thp 14887682048
anon 14955888640
anon_thp 14887682048
anon 14955888640
anon_thp 14887682048
anon 14955888640
anon_thp 14887682048
anon 14955888640
anon_thp 14887682048
anon 14955888640
anon_thp 14887682048
anon 14955888640
anon_thp 14887682048
anon 14955888640
anon_thp 14887682048
anon 14955888640
anon_thp 14887682048
anon 14955888640
anon_thp 14887682048
anon 14955888640
anon_thp 14887682048
anon 14955888640
anon_thp 14887682048
anon 14955888640
anon_thp 14887682048
anon 14955888640
anon_thp 14887682048
anon 14955888640
anon_thp 14887682048
anon 14955888640
anon_thp 14887682048
anon 14955888640
anon_thp 14887682048
anon 14955888640
anon_thp 14887682048
anon 14955888640
anon_thp 14887682048
anon 14955888640
anon_thp 14887682048
anon 14955888640
anon_thp 14887682048
anon 14955888640
anon_thp 14887682048
anon 14955888640
anon_thp 14887682048
anon 14955888640
anon_thp 14887682048
anon 14955888640
anon_thp 14887682048
anon 14955888640
anon_thp 14887682048
anon 14955888640
anon_thp 14887682048
anon 14955888640
anon_thp 14887682048
anon 14955888640
anon_thp 14887682048
anon 14955888640
anon_thp 14887682048
anon 14955888640
anon_thp 14887682048
anon 14955888640
anon_thp 14887682048
anon 14955888640
anon_thp 14887682048
anon 14955888640
anon_thp 14887682048
anon 14955888640
anon_thp 14887682048
anon 14955888640
anon_thp 14887682048
anon 14955888640
anon_thp 14887682048
anon 14955888640
anon_thp 14887682048
anon 14955888640
anon_thp 14887682048
anon 14955888640
anon_thp 14887682048
anon 14955888640
anon_thp 14887682048
anon 14955888640
anon_thp 14887682048
anon 14955888640
anon_thp 14887682048
anon 14955888640
anon_thp 14887682048
anon 14955888640
anon_thp 14887682048
anon 14955888640
anon_thp 14887682048
anon 14955888640
anon_thp 14887682048
anon 14955888640
anon_thp 14887682048
anon 14955888640
anon_thp 14887682048
anon 14955888640
anon_thp 14887682048
anon 14955888640
anon_thp 14887682048
anon 14955888640
anon_thp 14887682048
anon 14955888640
anon_thp 14887682048
anon 14955888640
anon_thp 14887682048
anon 14955888640
anon_thp 14887682048
anon 14955888640
anon_thp 14887682048
anon 14955888640
anon_thp 14887682048
anon 14955888640
anon_thp 14887682048
anon 14955888640
anon_thp 14887682048
anon 14955888640
anon_thp 14887682048
anon 14955888640
anon_thp 14887682048
anon 14955888640
anon_thp 14887682048
anon 14955888640
anon_thp 14887682048
anon 14955888640
anon_thp 14887682048
anon 14955888640
anon_thp 14887682048
anon 14955888640
anon_thp 14887682048
anon 14955888640
anon_thp 14887682048
anon 14955888640
anon_thp 14887682048
anon 14955888640
anon_thp 14887682048
anon 14955888640
anon_thp 14887682048
anon 14955888640
anon_thp 14887682048
anon 14955888640
anon_thp 14887682048
anon 14955888640
anon_thp 14887682048
anon 14955888640
anon_thp 14887682048
anon 14955888640
anon_thp 14887682048
anon 14955888640
anon_thp 14887682048
anon 14955888640
anon_thp 14887682048
anon 14955888640
anon_thp 14887682048
anon 14955888640
anon_thp 14887682048
anon 14955888640
anon_thp 14887682048
anon 14955888640
anon_thp 14887682048
anon 14955888640
anon_thp 14887682048
anon 14955888640
anon_thp 14887682048
anon 14955888640
anon_thp 14887682048
anon 14955888640
anon_thp 14887682048
anon 14955888640
anon_thp 14887682048
anon 14955888640
anon_thp 14887682048
anon 14955888640
anon_thp 14887682048
anon 14955888640
anon_thp 14887682048
anon 14955888640
anon_thp 14887682048
anon 14955888640
anon_thp 14887682048
anon 14955888640
anon_thp 14887682048
anon 14955888640
anon_thp 14887682048
anon 14955888640
anon_thp 14887682048
anon 14955888640
anon_thp 14887682048
anon 14955888640
anon_thp 14887682048
anon 14955888640
anon_thp 14887682048
anon 14955888640
anon_thp 14887682048
anon 14955888640
anon_thp 14887682048
anon 14955888640
anon_thp 14887682048
anon 14955888640
anon_thp 14887682048
anon 14955888640
anon_thp 14887682048
anon 14955888640
anon_thp 14887682048
anon 14955888640
anon_thp 14887682048
anon 14955888640
anon_thp 14887682048
anon 14955888640
anon_thp 14887682048
anon 14955888640
anon_thp 14887682048
anon 14955888640
anon_thp 14887682048
anon 14955888640
anon_thp 14887682048
anon 14955888640
anon_thp 14887682048
anon 14955888640
anon_thp 14887682048
anon 14955888640
anon_thp 14887682048
anon 14955888640
anon_thp 14887682048
anon 14955888640
anon_thp 14887682048
anon 14955888640
anon_thp 14887682048
anon 14955888640
anon_thp 14887682048
anon 14955888640
anon_thp 14887682048
anon 14955888640
anon_thp 14887682048
anon 14955888640
anon_thp 14887682048
anon 14955888640
anon_thp 14887682048
anon 14955888640
anon_thp 14887682048
anon 14955888640
anon_thp 14887682048
anon 14955888640
anon_thp 14887682048
anon 14955888640
anon_thp 14887682048
anon 14955888640
anon_thp 14887682048
anon 14955888640
anon_thp 14887682048
anon 14955888640
anon_thp 14887682048
anon 14955888640
anon_thp 14887682048
anon 14955888640
anon_thp 14887682048
anon 14955888640
anon_thp 14887682048
anon 14955888640
anon_thp 14887682048
anon 14955888640
anon_thp 14887682048
anon 14955888640
anon_thp 14887682048
anon 14955888640
anon_thp 14887682048
anon 14955888640
anon_thp 14887682048
anon 14955888640
anon_thp 14887682048
anon 14955888640
anon_thp 14887682048
anon 14955888640
anon_thp 14887682048
anon 14955888640
anon_thp 14887682048
anon 14955888640
anon_thp 14887682048
anon 14955888640
anon_thp 14887682048
anon 14955888640
anon_thp 14887682048
anon 14955888640
anon_thp 14887682048
anon 14955888640
anon_thp 14887682048
anon 14955888640
anon_thp 14887682048
anon 14955888640
anon_thp 14887682048
anon 14955888640
anon_thp 14887682048
anon 14955888640
anon_thp 14887682048
anon 14955888640
anon_thp 14887682048
anon 14955888640
anon_thp 14887682048
anon 14955888640
anon_thp 14887682048
anon 14955888640
anon_thp 14887682048
anon 14955888640
anon_thp 14887682048
anon 14955888640
anon_thp 14887682048
anon 14955888640
anon_thp 14887682048
anon 14955888640
anon_thp 14887682048
anon 14955888640
anon_thp 14887682048
anon 14955888640
anon_thp 14887682048
anon 14955888640
anon_thp 14887682048
anon 14955888640
anon_thp 14887682048
anon 14955888640
anon_thp 14887682048
anon 14955888640
anon_thp 14887682048
anon 14955888640
anon_thp 14887682048
anon 14955888640
anon_thp 14887682048
anon 14955888640
anon_thp 14887682048
anon 14955888640
anon_thp 14887682048
anon 14955888640
anon_thp 14887682048
anon 14955888640
anon_thp 14887682048
