hot 0 warm 0 cold 0
hot 247 warm 0 cold 0
hot 296 warm 0 cold 0
hot 362 warm 0 cold 0
hot 429 warm 0 cold 0
hot 496 warm 0 cold 0
hot 554 warm 0 cold 0
hot 626 warm 0 cold 0
hot 682 warm 0 cold 0
hot 736 warm 0 cold 0
hot 790 warm 0 cold 0
hot 844 warm 0 cold 0
hot 907 warm 0 cold 0
hot 964 warm 0 cold 0
hot 1010 warm 0 cold 0
hot 1079 warm 0 cold 0
hot 1148 warm 0 cold 0
hot 1196 warm 0 cold 0
hot 1557 warm 0 cold 130
hot 1823 warm 0 cold 130
hot 2026 warm 0 cold 130
hot 2228 warm 0 cold 129
hot 2476 warm 0 cold 129
hot 2692 warm 0 cold 129
hot 3062 warm 0 cold 129
hot 3265 warm 0 cold 129
hot 3455 warm 0 cold 129
hot 3640 warm 0 cold 129
hot 422 warm 0 cold 126
hot 754 warm 0 cold 0
hot 1358 warm 0 cold 0
hot 7278 warm 0 cold 0
hot 14964 warm 0 cold 0
hot 18122 warm 0 cold 0
hot 1080 warm 0 cold 0
hot 17616 warm 1 cold 0
hot 19063 warm 0 cold 0
hot 19903 warm 0 cold 0
hot 70098 warm 0 cold 0
hot 71852 warm 0 cold 0
hot 72876 warm 0 cold 0
hot 75948 warm 0 cold 0
hot 77484 warm 0 cold 0
hot 80704 warm 0 cold 0
hot 81230 warm 0 cold 0
hot 84221 warm 0 cold 0
hot 84802 warm 0 cold 0
hot 21722 warm 0 cold 0
hot 88614 warm 0 cold 0
hot 25572 warm 0 cold 0
hot 91834 warm 0 cold 0
hot 27998 warm 0 cold 0
hot 94076 warm 0 cold 0
hot 9956 warm 12 cold 0
hot 36640 warm 0 cold 0
hot 72977 warm 0 cold 0
hot 74193 warm 0 cold 0
hot 75218 warm 0 cold 0
hot 75730 warm 0 cold 0
hot 76754 warm 0 cold 0
hot 76754 warm 0 cold 0
hot 77266 warm 0 cold 0
hot 13223 warm 0 cold 0
hot 83642 warm 0 cold 0
hot 20188 warm 0 cold 0
hot 87792 warm 0 cold 0
hot 24354 warm 0 cold 0
hot 93882 warm 0 cold 0
hot 95665 warm 0 cold 0
hot 94254 warm 0 cold 0
hot 97664 warm 0 cold 0
hot 66374 warm 0 cold 0
hot 103160 warm 0 cold 0
hot 29239 warm 0 cold 0
hot 18769 warm 0 cold 0
hot 37699 warm 0 cold 0
hot 39690 warm 0 cold 0
hot 42762 warm 0 cold 0
hot 43786 warm 0 cold 0
hot 10942 warm 0 cold 0
hot 49547 warm 0 cold 0
hot 18139 warm 0 cold 0
hot 55948 warm 0 cold 0
hot 58169 warm 0 cold 0
hot 61661 warm 0 cold 0
hot 62719 warm 0 cold 0
hot 64815 warm 0 cold 0
hot 65832 warm 0 cold 0
hot 67461 warm 0 cold 0
hot 68526 warm 0 cold 0
hot 10574 warm 0 cold 0
hot 2269 warm 0 cold 0
hot 2975 warm 0 cold 0
hot 3562 warm 0 cold 0
hot 4668 warm 0 cold 0
hot 3634 warm 0 cold 0
hot 4928 warm 80 cold 0
hot 7589 warm 0 cold 0
hot 68517 warm 0 cold 0
hot 18453 warm 0 cold 0
hot 18965 warm 0 cold 0
hot 24060 warm 0 cold 0
hot 90493 warm 0 cold 0
hot 30828 warm 0 cold 0
hot 105019 warm 0 cold 0
hot 36829 warm 0 cold 0
hot 111983 warm 0 cold 0
hot 41594 warm 0 cold 0
hot 37923 warm 0 cold 0
hot 15880 warm 0 cold 0
hot 4303 warm 24 cold 0
hot 5034 warm 0 cold 0
hot 5247 warm 0 cold 0
hot 5436 warm 0 cold 0
hot 6091 warm 0 cold 0
hot 7627 warm 0 cold 0
hot 25036 warm 0 cold 0
hot 9872 warm 0 cold 0
hot 11417 warm 0 cold 0
hot 12141 warm 0 cold 0
hot 13639 warm 0 cold 0
hot 30983 warm 0 cold 0
hot 17256 warm 0 cold 0
hot 17997 warm 0 cold 0
hot 19643 warm 0 cold 0
hot 35998 warm 0 cold 0
hot 13941 warm 0 cold 0
hot 4233 warm 0 cold 3
hot 8905 warm 0 cold 0
hot 6763 warm 0 cold 2208
hot 924271 warm 0 cold 0
hot 1079407 warm 0 cold 0
hot 1092965 warm 0 cold 0
hot 1096077 warm 0 cold 0
hot 1098341 warm 0 cold 0
hot 1101004 warm 0 cold 0
hot 1102355 warm 0 cold 0
hot 59039 warm 0 cold 0
hot 26372 warm 517 cold 0
hot 23476 warm 3135 cold 0
hot 977844 warm 0 cold 0
hot 1069492 warm 0 cold 0
hot 1105333 warm 0 cold 0
hot 1106357 warm 0 cold 0
hot 1108643 warm 0 cold 0
hot 1111349 warm 0 cold 0
hot 1084857 warm 0 cold 0
hot 51771 warm 1709 cold 0
hot 51771 warm 2696 cold 0
hot 1079355 warm 0 cold 0
hot 1109389 warm 0 cold 0
hot 1117699 warm 0 cold 0
hot 1120943 warm 0 cold 0
hot 1121471 warm 0 cold 0
hot 44636 warm 0 cold 0
hot 76496 warm 0 cold 0
hot 228050 warm 0 cold 0
hot 845522 warm 0 cold 0
hot 966866 warm 0 cold 0
hot 988377 warm 0 cold 1582
hot 993497 warm 0 cold 0
hot 997593 warm 0 cold 0
hot 1001179 warm 0 cold 0
hot 1003739 warm 0 cold 0
hot 58656 warm 0 cold 0
hot 81583 warm 0 cold 0
hot 999087 warm 0 cold 0
hot 1124015 warm 0 cold 0
hot 1129649 warm 0 cold 0
hot 1130161 warm 0 cold 0
hot 1130161 warm 0 cold 0
hot 1131185 warm 0 cold 408
hot 1131697 warm 0 cold 0
hot 61357 warm 0 cold 0
hot 56172 warm 0 cold 0
hot 83823 warm 0 cold 0
hot 706927 warm 0 cold 0
hot 929135 warm 0 cold 0
hot 935791 warm 0 cold 0
hot 938351 warm 0 cold 0
hot 941423 warm 0 cold 0
hot 945520 warm 0 cold 0
hot 959344 warm 0 cold 0
hot 44210 warm 0 cold 0
hot 22270 warm 0 cold 0
hot 1657 warm 1 cold 0
hot 34909 warm 0 cold 0
hot 35949 warm 0 cold 0
hot 36350 warm 0 cold 0
hot 5936 warm 0 cold 0
hot 8376 warm 0 cold 0
hot 9400 warm 0 cold 0
hot 12146 warm 0 cold 0
hot 52105 warm 0 cold 0
hot 24097 warm 0 cold 0
hot 27349 warm 0 cold 0
hot 30654 warm 0 cold 0
hot 67348 warm 0 cold 0
hot 38357 warm 0 cold 0
hot 41647 warm 0 cold 0
hot 44748 warm 0 cold 0
hot 81428 warm 0 cold 0
hot 83666 warm 0 cold 0
hot 86104 warm 0 cold 0
hot 57347 warm 0 cold 0
hot 93622 warm 0 cold 0
hot 95767 warm 0 cold 0
hot 98090 warm 0 cold 0
hot 70551 warm 0 cold 0
hot 73488 warm 0 cold 0
hot 110584 warm 0 cold 0
hot 113969 warm 0 cold 0
hot 57522 warm 0 cold 0
hot 12339 warm 0 cold 0
hot 3154 warm 0 cold 0
hot 10157 warm 0 cold 0
hot 2168 warm 0 cold 0
hot 2186 warm 8 cold 0
hot 18203 warm 0 cold 0
hot 4415 warm 0 cold 0
hot 20288 warm 0 cold 0
hot 20803 warm 0 cold 0
hot 4487 warm 0 cold 0
hot 20967 warm 0 cold 0
hot 21078 warm 0 cold 0
hot 6578 warm 0 cold 0
hot 8191 warm 0 cold 0
hot 1258 warm 0 cold 0
hot 72482 warm 0 cold 0
hot 79149 warm 0 cold 0
hot 83851 warm 0 cold 0
hot 90655 warm 0 cold 0
hot 94850 warm 0 cold 0
hot 99403 warm 0 cold 0
hot 103723 warm 0 cold 0
hot 106010 warm 0 cold 0
hot 114076 warm 0 cold 0
hot 58008 warm 0 cold 0
hot 131828 warm 0 cold 0
hot 140096 warm 0 cold 0
hot 148944 warm 0 cold 0
hot 156453 warm 0 cold 0
hot 162326 warm 0 cold 0
hot 168450 warm 0 cold 0
hot 170480 warm 0 cold 0
hot 174719 warm 0 cold 0
hot 177964 warm 0 cold 0
hot 180604 warm 0 cold 0
hot 182895 warm 0 cold 0
hot 187132 warm 0 cold 0
hot 190138 warm 0 cold 0
hot 192760 warm 0 cold 0
hot 194684 warm 0 cold 0
hot 196312 warm 0 cold 0
hot 197846 warm 0 cold 0
hot 201591 warm 0 cold 0
hot 138508 warm 0 cold 0
hot 205151 warm 0 cold 0
hot 206783 warm 0 cold 0
hot 203331 warm 2313 cold 0
hot 203331 warm 2313 cold 0
hot 203843 warm 1801 cold 0
hot 203843 warm 1801 cold 0
hot 201274 warm 0 cold 0
hot 203077 warm 0 cold 0
hot 204276 warm 0 cold 0
hot 205336 warm 0 cold 0
hot 205980 warm 0 cold 0
hot 207588 warm 0 cold 0
hot 210242 warm 0 cold 0
hot 32187 warm 0 cold 0
hot 115970 warm 0 cold 0
hot 139013 warm 0 cold 0
hot 141061 warm 0 cold 0
hot 141561 warm 0 cold 0
hot 14661 warm 0 cold 0
hot 148688 warm 0 cold 0
hot 147920 warm 0 cold 0
hot 151840 warm 0 cold 0
hot 153673 warm 0 cold 0
hot 155334 warm 0 cold 0
hot 161317 warm 0 cold 0
hot 6174 warm 0 cold 0
hot 6450 warm 0 cold 0
hot 12513 warm 0 cold 0
hot 17269 warm 0 cold 0
hot 19954 warm 0 cold 0
hot 21635 warm 0 cold 0
hot 23856 warm 0 cold 0
hot 26812 warm 0 cold 0
hot 27491 warm 0 cold 0
hot 4793 warm 0 cold 0
hot 21832 warm 0 cold 0
hot 13939 warm 0 cold 0
hot 37448 warm 0 cold 0
hot 28305 warm 0 cold 0
hot 48238 warm 0 cold 0
hot 39667 warm 0 cold 0
hot 43915 warm 0 cold 0
hot 65763 warm 0 cold 0
hot 54565 warm 0 cold 0
hot 74931 warm 0 cold 0
hot 64817 warm 0 cold 0
hot 2817 warm 0 cold 0
hot 3330 warm 0 cold 0
hot 6406 warm 0 cold 0
hot 11526 warm 0 cold 0
hot 13575 warm 0 cold 0
hot 14089 warm 0 cold 0
hot 14603 warm 0 cold 0
hot 15628 warm 0 cold 0
hot 16141 warm 0 cold 0
hot 17679 warm 0 cold 0
hot 7673 warm 0 cold 0
hot 10070 warm 0 cold 0
hot 12090 warm 0 cold 0
hot 17726 warm 0 cold 0
hot 20350 warm 0 cold 0
hot 31160 warm 0 cold 0
hot 51263 warm 0 cold 0
hot 66543 warm 0 cold 0
hot 137790 warm 0 cold 0
hot 137892 warm 0 cold 0
hot 73394 warm 0 cold 0
hot 74351 warm 0 cold 0
hot 75800 warm 0 cold 0
hot 85166 warm 0 cold 0
hot 99213 warm 0 cold 0
hot 109961 warm 0 cold 0
hot 107753 warm 0 cold 0
hot 108367 warm 0 cold 0
hot 109181 warm 0 cold 0
hot 110496 warm 0 cold 0
hot 122765 warm 0 cold 0
hot 131268 warm 0 cold 0
hot 136796 warm 0 cold 0
hot 138080 warm 0 cold 0
hot 139016 warm 0 cold 0
hot 140476 warm 0 cold 0
hot 146029 warm 0 cold 0
hot 153452 warm 0 cold 0
hot 161979 warm 0 cold 0
hot 223395 warm 0 cold 0
hot 157735 warm 0 cold 0
hot 158188 warm 0 cold 0
hot 158787 warm 0 cold 0
hot 164510 warm 0 cold 0
hot 170967 warm 0 cold 0
hot 177724 warm 0 cold 0
hot 180041 warm 0 cold 0
hot 180629 warm 0 cold 0
hot 181536 warm 0 cold 0
hot 186752 warm 0 cold 0
hot 200532 warm 0 cold 0
hot 216245 warm 0 cold 0
hot 277180 warm 0 cold 0
hot 142320 warm 0 cold 0
hot 55835 warm 0 cold 0
hot 7525 warm 0 cold 0
hot 8523 warm 0 cold 0
hot 9489 warm 0 cold 0
hot 12505 warm 0 cold 0
hot 15066 warm 0 cold 0
hot 15578 warm 0 cold 0
hot 17114 warm 0 cold 0
hot 18138 warm 0 cold 0
hot 10170 warm 0 cold 0
hot 7325 warm 320 cold 0
hot 12316 warm 0 cold 0
hot 13853 warm 0 cold 0
hot 14866 warm 0 cold 0
hot 19401 warm 0 cold 0
hot 21419 warm 0 cold 0
hot 24834 warm 0 cold 0
hot 27923 warm 0 cold 0
hot 29367 warm 0 cold 0
hot 32898 warm 0 cold 0
hot 36277 warm 0 cold 0
hot 21413 warm 0 cold 0
hot 8400 warm 0 cold 0
hot 11552 warm 0 cold 0
hot 13164 warm 0 cold 0
hot 85883 warm 0 cold 0
hot 92469 warm 0 cold 0
hot 97938 warm 0 cold 0
hot 101922 warm 0 cold 0
hot 106692 warm 0 cold 0
hot 108497 warm 0 cold 0
hot 46457 warm 0 cold 0
hot 114950 warm 0 cold 0
hot 120642 warm 0 cold 0
hot 124431 warm 0 cold 0
hot 95740 warm 0 cold 0
hot 132978 warm 0 cold 0
hot 135354 warm 0 cold 0
hot 75233 warm 0 cold 0
hot 144383 warm 0 cold 0
hot 148629 warm 0 cold 0
hot 152868 warm 0 cold 0
hot 123981 warm 0 cold 0
hot 160005 warm 0 cold 0
hot 162015 warm 0 cold 0
hot 99917 warm 0 cold 0
hot 166686 warm 0 cold 0
hot 136940 warm 0 cold 0
hot 172702 warm 0 cold 0
hot 142787 warm 0 cold 0
hot 178710 warm 0 cold 0
hot 180738 warm 0 cold 0
hot 119007 warm 0 cold 0
hot 186879 warm 0 cold 0
hot 157265 warm 0 cold 0
hot 192473 warm 0 cold 0
hot 162456 warm 0 cold 0
hot 196384 warm 0 cold 0
hot 165049 warm 0 cold 0
hot 135286 warm 0 cold 0
hot 202659 warm 0 cold 0
hot 204489 warm 0 cold 0
hot 206097 warm 0 cold 0
hot 209135 warm 0 cold 0
hot 212674 warm 0 cold 0
hot 312393 warm 0 cold 0
hot 42857 warm 0 cold 0
hot 15296 warm 0 cold 0
hot 30610 warm 0 cold 0
hot 41831 warm 0 cold 0
hot 51367 warm 0 cold 0
hot 60315 warm 0 cold 0
hot 59886 warm 398 cold 0
hot 63089 warm 1852 cold 0
hot 38511 warm 0 cold 0
