anon 0
anon_thp 0
anon 201306112
anon_thp 6291456
anon 540725248
anon_thp 6291456
anon 886796288
anon_thp 6291456
anon 1219465216
anon_thp 6291456
anon 1549844480
anon_thp 6291456
anon 1884266496
anon_thp 6291456
anon 2223529984
anon_thp 6291456
anon 2553200640
anon_thp 6291456
anon 2890223616
anon_thp 6291456
anon 3221700608
anon_thp 6291456
anon 3550920704
anon_thp 6291456
anon 3885047808
anon_thp 6291456
anon 4220239872
anon_thp 6291456
anon 4552073216
anon_thp 6291456
anon 4871237632
anon_thp 6291456
anon 5191733248
anon_thp 6291456
anon 5502033920
anon_thp 6291456
anon 5571948544
anon_thp 6291456
anon 5572243456
anon_thp 6291456
anon 5574021120
anon_thp 6291456
anon 5575184384
anon_thp 6291456
anon 5575495680
anon_thp 6291456
anon 5576581120
anon_thp 6291456
anon 5576781824
anon_thp 6291456
anon 5577404416
anon_thp 6291456
anon 5577539584
anon_thp 6291456
anon 2087747584
anon_thp 98566144
anon 389844992
anon_thp 67108864
anon 752951296
anon_thp 96468992
anon 1130434560
anon_thp 180355072
anon 1313673216
anon_thp 136314880
anon 1540829184
anon_thp 140509184
anon 49635328
anon_thp 25165824
anon 505294848
anon_thp 23068672
anon 913985536
anon_thp 23068672
anon 1329905664
anon_thp 35651584
anon 1912844288
anon_thp 312475648
anon 3013857280
anon_thp 367001600
anon 4364525568
anon_thp 373293056
anon 5693370368
anon_thp 383778816
anon 6726193152
anon_thp 150994944
anon 7000248320
anon_thp 383778816
anon 6789877760
anon_thp 150994944
anon 7033237504
anon_thp 383778816
anon 7044669440
anon_thp 383778816
anon 7060840448
anon_thp 381681664
anon 7070052352
anon_thp 383778816
anon 7079710720
anon_thp 383778816
anon 7085891584
anon_thp 383778816
anon 7092826112
anon_thp 383778816
anon 7093395456
anon_thp 383778816
anon 121724928
anon_thp 60817408
anon 1592397824
anon_thp 364904448
anon 2017566720
anon_thp 375390208
anon 2534461440
anon_thp 406847488
anon 3056095232
anon_thp 429916160
anon 3575676928
anon_thp 429916160
anon 4085121024
anon_thp 432013312
anon 4596830208
anon_thp 434110464
anon 5109874688
anon_thp 436207616
anon 5413109760
anon_thp 306184192
anon 5555490816
anon_thp 442499072
anon 5333573632
anon_thp 176160768
anon 5727854592
anon_thp 442499072
anon 5727854592
anon_thp 442499072
anon 5717929984
anon_thp 442499072
anon 5720027136
anon_thp 444596224
anon 5637197824
anon_thp 310378496
anon 5816086528
anon_thp 442499072
anon 5527052288
anon_thp 176160768
anon 5819355136
anon_thp 444596224
anon 5819355136
anon_thp 444596224
anon 169402368
anon_thp 33554432
anon 1865211904
anon_thp 203423744
anon 3275767808
anon_thp 241172480
anon 4728016896
anon_thp 243269632
anon 6126772224
anon_thp 247463936
anon 7466975232
anon_thp 247463936
anon 7955333120
anon_thp 262144000
anon 7955628032
anon_thp 262144000
anon 8003260416
anon_thp 276824064
anon 8003293184
anon_thp 276824064
anon 8028061696
anon_thp 283115520
anon 8028143616
anon_thp 283115520
anon 8014614528
anon_thp 253755392
anon 8054550528
anon_thp 293601280
anon 7989735424
anon_thp 226492416
anon 8075337728
anon_thp 306184192
anon 5053116416
anon_thp 136314880
anon 1209651200
anon_thp 79691776
anon 4366540800
anon_thp 119537664
anon 5147488256
anon_thp 119537664
anon 5148557312
anon_thp 119537664
anon 3237572608
anon_thp 65011712
anon 1392586752
anon_thp 62914560
anon 4469968896
anon_thp 81788928
anon 7411634176
anon_thp 106954752
anon 9123704832
anon_thp 411041792
anon 9309057024
anon_thp 121634816
anon 9667846144
anon_thp 423624704
anon 9372598272
anon_thp 121634816
anon 9719463936
anon_thp 423624704
anon 9421012992
anon_thp 121634816
anon 9765453824
anon_thp 423624704
anon 9463074816
anon_thp 121634816
anon 9781706752
anon_thp 421527552
anon 9488814080
anon_thp 121634816
anon 9481232384
anon_thp 121634816
anon 3635372032
anon_thp 121634816
anon 693825536
anon_thp 130023424
anon 2070958080
anon_thp 159383552
anon 3452526592
anon_thp 167772160
anon 4826673152
anon_thp 182452224
anon 6193385472
anon_thp 184549376
anon 7540248576
anon_thp 186646528
anon 8933892096
anon_thp 262144000
anon 9656668160
anon_thp 199229440
anon 9771540480
anon_thp 268435456
anon 9715363840
anon_thp 205520896
anon 9724485632
anon_thp 205520896
anon 9745694720
anon_thp 224395264
anon 9733816320
anon_thp 205520896
anon 9804701696
anon_thp 272629760
anon 9740693504
anon_thp 205520896
anon 9748811776
anon_thp 205520896
anon 574132224
anon_thp 83886080
anon 694964224
anon_thp 117440512
anon 3986702336
anon_thp 165675008
anon 7201030144
anon_thp 3128950784
anon 8635760640
anon_thp 4563402752
anon 8637857792
anon_thp 4565499904
anon 9595052032
anon_thp 4567597056
anon 11271639040
anon_thp 4567597056
anon 13083758592
anon_thp 4573888512
anon 14940676096
anon_thp 4573888512
anon 16803864576
anon_thp 4573888512
anon 13660856320
anon_thp 150994944
anon 14014840832
anon_thp 184549376
anon 16213450752
anon_thp 2644508672
anon 17790504960
anon_thp 4221566976
anon 18129461248
anon_thp 4563402752
anon 18127364096
anon_thp 4561305600
anon 18146840576
anon_thp 4563402752
anon 18149363712
anon_thp 4565499904
anon 18149830656
anon_thp 4565499904
anon 13897736192
anon_thp 171966464
anon 15524106240
anon_thp 1900019712
anon 18194845696
anon_thp 4569694208
anon 18196258816
anon_thp 4578082816
anon 18214367232
anon_thp 4586471424
anon 18214756352
anon_thp 4586471424
anon 18214944768
anon_thp 4586471424
anon 18215510016
anon_thp 4586471424
anon 18215727104
anon_thp 4586471424
anon 18215837696
anon_thp 4586471424
anon 13955379200
anon_thp 195035136
anon 17072066560
anon_thp 3386900480
anon 18263281664
anon_thp 4575985664
anon 18263523328
anon_thp 4578082816
anon 18280001536
anon_thp 4580179968
anon 18280374272
anon_thp 4580179968
anon 18280554496
anon_thp 4580179968
anon 18280841216
anon_thp 4580179968
anon 18280955904
anon_thp 4580179968
anon 13843947520
anon_thp 150994944
anon 15115317248
anon_thp 1430257664
anon 18250924032
anon_thp 4565499904
anon 18251001856
anon_thp 4565499904
anon 18267271168
anon_thp 4565499904
anon 18267774976
anon_thp 4565499904
anon 18268090368
anon_thp 4565499904
anon 18268131328
anon_thp 4565499904
anon 18268188672
anon_thp 4565499904
anon 18268200960
anon_thp 4565499904
anon 13984034816
anon_thp 169869312
anon 16690896896
anon_thp 2956984320
anon 18296262656
anon_thp 4561305600
anon 18296262656
anon_thp 4561305600
anon 18314543104
anon_thp 4563402752
anon 18315010048
anon_thp 4563402752
anon 18315157504
anon_thp 4563402752
anon 18315157504
anon_thp 4563402752
anon 18315395072
anon_thp 4565499904
anon 9243029504
anon_thp 142606336
anon 391950336
anon_thp 132120576
anon 1729544192
anon_thp 278921216
anon 2539778048
anon_thp 293601280
anon 3341725696
anon_thp 295698432
anon 3958665216
anon_thp 297795584
anon 5657153536
anon_thp 306184192
anon 7447298048
anon_thp 325058560
anon 9245327360
anon_thp 327155712
anon 10033631232
anon_thp 195035136
anon 10385182720
anon_thp 295698432
anon 10459774976
anon_thp 329252864
anon 10517233664
anon_thp 329252864
anon 10562072576
anon_thp 329252864
anon 10566000640
anon_thp 329252864
anon 10572324864
anon_thp 329252864
anon 10614083584
anon_thp 329252864
anon 10635816960
anon_thp 327155712
anon 10638098432
anon_thp 329252864
anon 10644512768
anon_thp 329252864
anon 10596786176
anon_thp 195035136
anon 10705162240
anon_thp 329252864
anon 10705170432
anon_thp 329252864
anon 10714857472
anon_thp 329252864
anon 10605678592
anon_thp 195035136
anon 10735702016
anon_thp 197132288
anon 10735714304
anon_thp 197132288
anon 10756214784
anon_thp 197132288
anon 10543226880
anon_thp 153092096
anon 2626486272
anon_thp 203423744
anon 746586112
anon_thp 117440512
anon 1307127808
anon_thp 136314880
anon 581246976
anon_thp 79691776
anon 2243932160
anon_thp 81788928
anon 5030313984
anon_thp 92274688
anon 5910753280
anon_thp 98566144
anon 5998645248
anon_thp 165675008
anon 5933592576
anon_thp 98566144
anon 5935939584
anon_thp 98566144
anon 6003884032
anon_thp 165675008
anon 5937065984
anon_thp 98566144
anon 5937635328
anon_thp 98566144
anon 6009282560
anon_thp 165675008
anon 128098304
anon_thp 33554432
anon 1137098752
anon_thp 346030080
anon 1903124480
anon_thp 350224384
anon 2753560576
anon_thp 362807296
anon 3613761536
anon_thp 371195904
anon 4475891712
anon_thp 373293056
anon 5316472832
anon_thp 377487360
anon 6149922816
anon_thp 377487360
anon 6995009536
anon_thp 392167424
anon 7682699264
anon_thp 486539264
anon 7713951744
anon_thp 494927872
anon 7761940480
anon_thp 494927872
anon 7965188096
anon_thp 494927872
anon 8146198528
anon_thp 494927872
anon 8296886272
anon_thp 494927872
anon 8392077312
anon_thp 494927872
anon 8479674368
anon_thp 515899392
anon 8283701248
anon_thp 320864256
anon 8483450880
anon_thp 520093696
anon 8488386560
anon_thp 520093696
anon 8493314048
anon_thp 520093696
anon 8505393152
anon_thp 520093696
anon 8600256512
anon_thp 543162368
anon 8603054080
anon_thp 543162368
anon 8592216064
anon_thp 536870912
anon 8592326656
anon_thp 536870912
anon 8592535552
anon_thp 536870912
anon 8592531456
anon_thp 536870912
anon 8592605184
anon_thp 536870912
anon 8630026240
anon_thp 536870912
anon 8701206528
anon_thp 536870912
anon 8744611840
anon_thp 547356672
anon 8703229952
anon_thp 536870912
anon 8703234048
anon_thp 536870912
anon 8703229952
anon_thp 536870912
anon 8703229952
anon_thp 536870912
anon 8703234048
anon_thp 536870912
anon 8753860608
anon_thp 536870912
anon 8861593600
anon_thp 555745280
anon 8865058816
anon_thp 555745280
anon 8856092672
anon_thp 549453824
anon 8856088576
anon_thp 549453824
anon 8856088576
anon_thp 549453824
anon 8856829952
anon_thp 549453824
anon 8884207616
anon_thp 549453824
anon 8964890624
anon_thp 549453824
anon 9021026304
anon_thp 564133888
anon 4700020736
anon_thp 283115520
anon 511082496
anon_thp 155189248
anon 2664394752
anon_thp 736100352
anon 5423599616
anon_thp 754974720
anon 7290064896
anon_thp 312475648
anon 7746449408
anon_thp 765460480
anon 7786799104
anon_thp 765460480
anon 7272837120
anon_thp 228589568
anon 7825862656
anon_thp 765460480
anon 7862259712
anon_thp 765460480
anon 7326306304
anon_thp 228589568
anon 7891005440
anon_thp 765460480
anon 4446777344
anon_thp 150994944
anon 917471232
anon_thp 94371840
anon 3803336704
anon_thp 130023424
anon 6613078016
anon_thp 155189248
anon 7381987328
anon_thp 171966464
anon 7484399616
anon_thp 171966464
anon 7506984960
anon_thp 174063616
anon 7523508224
anon_thp 174063616
anon 7531130880
anon_thp 174063616
anon 5094846464
anon_thp 117440512
anon 373014528
anon_thp 79691776
anon 1619046400
anon_thp 178257920
anon 2204692480
anon_thp 138412032
anon 2406711296
anon_thp 121634816
anon 2562068480
anon_thp 188743680
anon 2603606016
anon_thp 121634816
anon 2691661824
anon_thp 188743680
anon 2663960576
anon_thp 121634816
anon 2678931456
anon_thp 121634816
anon 2756050944
anon_thp 188743680
anon 2708221952
anon_thp 121634816
anon 440733696
anon_thp 77594624
anon 3507421184
anon_thp 115343360
anon 5612290048
anon_thp 150994944
anon 5638447104
anon_thp 150994944
anon 5651427328
anon_thp 150994944
anon 5673025536
anon_thp 165675008
anon 5677019136
anon_thp 165675008
anon 5698752512
anon_thp 165675008
anon 5719252992
anon_thp 167772160
anon 5722595328
anon_thp 167772160
anon 4970201088
anon_thp 138412032
anon 1107640320
anon_thp 79691776
anon 3044151296
anon_thp 98566144
anon 4945584128
anon_thp 121634816
anon 6688722944
anon_thp 157286400
anon 8634834944
anon_thp 327155712
anon 8878493696
anon_thp 387973120
anon 8901951488
anon_thp 387973120
anon 8919457792
anon_thp 387973120
anon 9111842816
anon_thp 580911104
anon 8868757504
anon_thp 312475648
anon 8935116800
anon_thp 312475648
anon 9276764160
anon_thp 312475648
anon 10573676544
anon_thp 551550976
anon 10614812672
anon_thp 553648128
anon 10645524480
anon_thp 553648128
anon 10442125312
anon_thp 658505728
anon 10173751296
anon_thp 390070272
anon 10140954624
anon_thp 375390208
anon 10251018240
anon_thp 375390208
anon 10711646208
anon_thp 507510784
anon 10731339776
anon_thp 509607936
anon 10744692736
anon_thp 509607936
anon 10717335552
anon_thp 643825664
anon 10382446592
anon_thp 375390208
anon 10411761664
anon_thp 375390208
anon 10740649984
anon_thp 375390208
anon 10940796928
anon_thp 497025024
anon 10952015872
anon_thp 497025024
anon 11039461376
anon_thp 673185792
anon 10656534528
anon_thp 390070272
anon 10657095680
anon_thp 390070272
anon 10767908864
anon_thp 390070272
anon 11033088000
anon_thp 450887680
anon 11041763328
anon_thp 450887680
anon 10979778560
anon_thp 513802240
anon 10870722560
anon_thp 404750336
anon 10871005184
anon_thp 404750336
anon 10881519616
anon_thp 404750336
anon 11231825920
anon_thp 494927872
anon 11240685568
anon_thp 494927872
anon 11245133824
anon_thp 494927872
anon 10881044480
anon_thp 404750336
anon 8571883520
anon_thp 283115520
anon 1445146624
anon_thp 255852544
anon 1931460608
anon_thp 184549376
anon 5031321600
anon_thp 203423744
anon 7894220800
anon_thp 226492416
anon 8581619712
anon_thp 226492416
anon 8584724480
anon_thp 226492416
anon 8586571776
anon_thp 226492416
anon 8589053952
anon_thp 226492416
anon 8591347712
anon_thp 226492416
anon 3367653376
anon_thp 85983232
anon 829460480
anon_thp 71303168
anon 3002671104
anon_thp 88080384
anon 5816266752
anon_thp 125829120
anon 8107851776
anon_thp 159383552
anon 8185929728
anon_thp 176160768
anon 8256856064
anon_thp 195035136
anon 8238911488
anon_thp 163577856
anon 8278749184
anon_thp 180355072
anon 8300732416
anon_thp 180355072
anon 8296636416
anon_thp 163577856
anon 8326152192
anon_thp 167772160
anon 3158831104
anon_thp 98566144
anon 1258983424
anon_thp 106954752
anon 4167073792
anon_thp 132120576
anon 6631432192
anon_thp 436207616
anon 7786889216
anon_thp 450887680
anon 8032940032
anon_thp 446693376
anon 8035069952
anon_thp 448790528
anon 8116228096
anon_thp 448790528
anon 8127852544
anon_thp 448790528
anon 8388546560
anon_thp 683671552
anon 7909597184
anon_thp 182452224
anon 8248406016
anon_thp 450887680
anon 8444739584
anon_thp 450887680
anon 8444739584
anon_thp 450887680
anon 8447053824
anon_thp 450887680
anon 8448913408
anon_thp 450887680
anon 8857690112
anon_thp 855638016
anon 8159670272
anon_thp 182452224
anon 8447299584
anon_thp 450887680
anon 8560242688
anon_thp 448790528
anon 8560242688
anon_thp 448790528
anon 8569339904
anon_thp 448790528
anon 8569905152
anon_thp 448790528
anon 8570425344
anon_thp 448790528
anon 8438460416
anon_thp 316669952
anon 8426672128
anon_thp 308281344
anon 8646483968
anon_thp 452984832
anon 8665501696
anon_thp 450887680
anon 8665501696
anon_thp 450887680
anon 8686219264
anon_thp 465567744
anon 8686219264
anon_thp 465567744
anon 9090899968
anon_thp 870318080
anon 8419885056
anon_thp 199229440
anon 8690163712
anon_thp 467664896
anon 8632979456
anon_thp 335544320
anon 8790130688
anon_thp 467664896
anon 8790134784
anon_thp 467664896
anon 8655945728
anon_thp 335544320
anon 8807153664
anon_thp 482344960
anon 8808042496
anon_thp 482344960
anon 9097621504
anon_thp 773849088
anon 8539770880
anon_thp 216006656
anon 8810934272
anon_thp 484442112
anon 8726360064
anon_thp 350224384
anon 8875778048
anon_thp 482344960
anon 8875782144
anon_thp 482344960
anon 8742080512
anon_thp 350224384
anon 8884928512
anon_thp 482344960
anon 8884924416
anon_thp 482344960
anon 8885125120
anon_thp 482344960
anon 5862129664
anon_thp 195035136
anon 358842368
anon_thp 178257920
anon 980828160
anon_thp 186646528
anon 1336930304
anon_thp 188743680
anon 1452720128
anon_thp 190840832
anon 1452756992
anon_thp 190840832
anon 1514827776
anon_thp 190840832
anon 1569714176
anon_thp 190840832
anon 1620074496
anon_thp 190840832
