pgmigrate_success 91544432
pgmigrate_fail 188187
thp_migration_success 164923
thp_migration_fail 53
thp_migration_split 0
thp_fault_alloc 195294
thp_fault_fallback 0
thp_fault_fallback_charge 0
thp_collapse_alloc 21004
thp_collapse_alloc_failed 763
thp_file_alloc 195
thp_file_fallback 0
thp_file_fallback_charge 0
thp_file_mapped 0
thp_split_page 1576
thp_split_page_failed 367
thp_deferred_split_page 19845
thp_split_pmd 68799
thp_split_pud 0
thp_zero_page_alloc 0
thp_zero_page_alloc_failed 0
thp_swpout 0
thp_swpout_fallback 0
htmm_nr_promoted 70079218
htmm_nr_demoted 20254928
htmm_nr_sampled 0
htmm_missed_dramread 1030
htmm_missed_nvmread 0
htmm_missed_write 0
htmm_alloc_dram 143591434
htmm_alloc_nvm 0
