pgmigrate_success 30572201
pgmigrate_fail 459488
thp_migration_success 47041
thp_migration_fail 1
thp_migration_split 0
thp_fault_alloc 315615
thp_fault_fallback 0
thp_fault_fallback_charge 0
thp_collapse_alloc 41884
thp_collapse_alloc_failed 248292
thp_file_alloc 376
thp_file_fallback 0
thp_file_fallback_charge 0
thp_file_mapped 0
thp_split_page 13000
thp_split_page_failed 1857
thp_deferred_split_page 42782
thp_split_pmd 111167
thp_split_pud 0
thp_zero_page_alloc 0
thp_zero_page_alloc_failed 0
thp_swpout 0
thp_swpout_fallback 0
htmm_nr_promoted 24523447
htmm_nr_demoted 3888150
htmm_nr_sampled 0
htmm_missed_dramread 12736
htmm_missed_nvmread 0
htmm_missed_write 0
htmm_alloc_dram 244773878
htmm_alloc_nvm 0
