pgmigrate_success 17829105
pgmigrate_fail 277053
thp_migration_success 28032
thp_migration_fail 1
thp_migration_split 0
thp_fault_alloc 195464
thp_fault_fallback 0
thp_fault_fallback_charge 0
thp_collapse_alloc 23623
thp_collapse_alloc_failed 159450
thp_file_alloc 231
thp_file_fallback 0
thp_file_fallback_charge 0
thp_file_mapped 0
thp_split_page 6971
thp_split_page_failed 1293
thp_deferred_split_page 24261
thp_split_pmd 64682
thp_split_pud 0
thp_zero_page_alloc 0
thp_zero_page_alloc_failed 0
thp_swpout 0
thp_swpout_fallback 0
htmm_nr_promoted 14325112
htmm_nr_demoted 2093599
htmm_nr_sampled 0
htmm_missed_dramread 6851
htmm_missed_nvmread 0
htmm_missed_write 0
htmm_alloc_dram 143134342
htmm_alloc_nvm 0
