anon 0
anon_thp 0
anon 203251712
anon_thp 6291456
anon 540798976
anon_thp 6291456
anon 884092928
anon_thp 6291456
anon 1216278528
anon_thp 6291456
anon 1552609280
anon_thp 6291456
anon 1887948800
anon_thp 6291456
anon 2227478528
anon_thp 6291456
anon 2563858432
anon_thp 6291456
anon 2902671360
anon_thp 6291456
anon 3235233792
anon_thp 6291456
anon 3564077056
anon_thp 6291456
anon 3897987072
anon_thp 6291456
anon 4229947392
anon_thp 6291456
anon 4560044032
anon_thp 6291456
anon 4877717504
anon_thp 6291456
anon 5204627456
anon_thp 6291456
anon 5517922304
anon_thp 6291456
anon 5572476928
anon_thp 6291456
anon 5572726784
anon_thp 6291456
anon 5574557696
anon_thp 6291456
anon 5575647232
anon_thp 6291456
anon 5575892992
anon_thp 6291456
anon 5576667136
anon_thp 6291456
anon 5576814592
anon_thp 6291456
anon 5577728000
anon_thp 6291456
anon 5577801728
anon_thp 6291456
anon 3305844736
anon_thp 58720256
anon 308690944
anon_thp 16777216
anon 702820352
anon_thp 94371840
anon 1051889664
anon_thp 96468992
anon 1211158528
anon_thp 98566144
anon 1328136192
anon_thp 140509184
anon 179683328
anon_thp 77594624
anon 605130752
anon_thp 81788928
anon 1019887616
anon_thp 81788928
anon 1437245440
anon_thp 83886080
anon 2079150080
anon_thp 287309824
anon 3429498880
anon_thp 289406976
anon 4781625344
anon_thp 289406976
anon 6138327040
anon_thp 293601280
anon 6769008640
anon_thp 90177536
anon 6991044608
anon_thp 293601280
anon 6830440448
anon_thp 90177536
anon 7042625536
anon_thp 293601280
anon 6851633152
anon_thp 88080384
anon 7057252352
anon_thp 293601280
anon 6869913600
anon_thp 90177536
anon 7075028992
anon_thp 291504128
anon 6884777984
anon_thp 90177536
anon 7086796800
anon_thp 293601280
anon 6822830080
anon_thp 25165824
anon 240693248
anon_thp 46137344
anon 1579003904
anon_thp 186646528
anon 2024185856
anon_thp 190840832
anon 2533208064
anon_thp 192937984
anon 3058900992
anon_thp 192937984
anon 3566821376
anon_thp 192937984
anon 4071043072
anon_thp 192937984
anon 4578668544
anon_thp 192937984
anon 5094563840
anon_thp 195035136
anon 5512617984
anon_thp 195035136
anon 5515554816
anon_thp 207618048
anon 5721145344
anon_thp 341835776
anon 5721403392
anon_thp 341835776
anon 5583761408
anon_thp 117440512
anon 5886124032
anon_thp 362807296
anon 5560152064
anon_thp 96468992
anon 5706563584
anon_thp 230686720
anon 5707968512
anon_thp 230686720
anon 5861834752
anon_thp 381681664
anon 2612662272
anon_thp 73400320
anon 1172807680
anon_thp 96468992
anon 2536169472
anon_thp 188743680
anon 3956736000
anon_thp 197132288
anon 5340532736
anon_thp 197132288
anon 6676652032
anon_thp 199229440
anon 7790546944
anon_thp 132120576
anon 7959601152
anon_thp 216006656
anon 7898415104
anon_thp 146800640
anon 8012566528
anon_thp 224395264
anon 8014663680
anon_thp 226492416
anon 8048705536
anon_thp 241172480
anon 7915089920
anon_thp 106954752
anon 8054075392
anon_thp 241172480
anon 7919853568
anon_thp 106954752
anon 8075517952
anon_thp 251658240
anon 8075517952
anon_thp 251658240
anon 669339648
anon_thp 85983232
anon 2582335488
anon_thp 58720256
anon 5112619008
anon_thp 81788928
anon 5113585664
anon_thp 81788928
anon 5114380288
anon_thp 81788928
anon 52535296
anon_thp 12582912
anon 2759520256
anon_thp 16777216
anon 5741563904
anon_thp 41943040
anon 8681967616
anon_thp 320864256
anon 9331044352
anon_thp 65011712
anon 9443606528
anon_thp 104857600
anon 9408237568
anon_thp 65011712
anon 9438318592
anon_thp 77594624
anon 9457590272
anon_thp 85983232
anon 9760743424
anon_thp 383778816
anon 9462759424
anon_thp 85983232
anon 9787838464
anon_thp 385875968
anon 9500946432
anon_thp 94371840
anon 9558495232
anon_thp 132120576
anon 9478455296
anon_thp 94371840
anon 714047488
anon_thp 127926272
anon 1153572864
anon_thp 81788928
anon 2510983168
anon_thp 85983232
anon 3846848512
anon_thp 88080384
anon 5218717696
anon_thp 90177536
anon 6545883136
anon_thp 106954752
anon 7881269248
anon_thp 109051904
anon 9489805312
anon_thp 174063616
anon 9676169216
anon_thp 113246208
anon 9716015104
anon_thp 115343360
anon 9726459904
anon_thp 115343360
anon 9737744384
anon_thp 115343360
anon 9817645056
anon_thp 180355072
anon 9756827648
anon_thp 115343360
anon 9769000960
anon_thp 115343360
anon 9775292416
anon_thp 115343360
anon 8724180992
anon_thp 81788928
anon 39968768
anon_thp 31457280
anon 1332408320
anon_thp 90177536
anon 4137590784
anon_thp 136314880
anon 7769231360
anon_thp 3672113152
anon 8635764736
anon_thp 4536139776
anon 8635764736
anon_thp 4536139776
anon 10257661952
anon_thp 4559208448
anon 12054458368
anon_thp 4565499904
anon 13832073216
anon_thp 4565499904
anon 15633571840
anon_thp 4565499904
anon 17427505152
anon_thp 4565499904
anon 13773963264
anon_thp 140509184
anon 14769950720
anon_thp 1224736768
anon 17986404352
anon_thp 4441767936
anon 18131120128
anon_thp 4590665728
anon 18129473536
anon_thp 4590665728
anon 18147950592
anon_thp 4592762880
anon 18148724736
anon_thp 4594860032
anon 18149052416
anon_thp 4594860032
anon 13680037888
anon_thp 134217728
anon 14286667776
anon_thp 641728512
anon 18162110464
anon_thp 4517265408
anon 18186485760
anon_thp 4542431232
anon 18186481664
anon_thp 4542431232
anon 18203254784
anon_thp 4542431232
anon 18203717632
anon_thp 4542431232
anon 18203860992
anon_thp 4542431232
anon 18204282880
anon_thp 4542431232
anon 18204459008
anon_thp 4542431232
anon 13800558592
anon_thp 113246208
anon 15349510144
anon_thp 1671430144
anon 18229813248
anon_thp 4550819840
anon 18229833728
anon_thp 4550819840
anon 18245812224
anon_thp 4550819840
anon 18246594560
anon_thp 4550819840
anon 18246701056
anon_thp 4550819840
anon 18246922240
anon_thp 4550819840
anon 18247168000
anon_thp 4550819840
anon 13825761280
anon_thp 121634816
anon 14232760320
anon_thp 574619648
anon 17665409024
anon_thp 4007657472
anon 18246074368
anon_thp 4588568576
anon 18264293376
anon_thp 4590665728
anon 18266652672
anon_thp 4592762880
anon 18266796032
anon_thp 4592762880
anon 18266976256
anon_thp 4592762880
anon 18267136000
anon_thp 4592762880
anon 13792538624
anon_thp 134217728
anon 15075074048
anon_thp 1384120320
anon 18246688768
anon_thp 4555014144
anon 18246721536
anon_thp 4555014144
anon 18264764416
anon_thp 4557111296
anon 18265366528
anon_thp 4557111296
anon 18265436160
anon_thp 4557111296
anon 18265456640
anon_thp 4557111296
anon 18265595904
anon_thp 4557111296
anon 10994438144
anon_thp 85983232
anon 4070150144
anon_thp 98566144
anon 938065920
anon_thp 115343360
anon 2109476864
anon_thp 251658240
anon 2906189824
anon_thp 253755392
anon 3679789056
anon_thp 255852544
anon 4704907264
anon_thp 255852544
anon 6464905216
anon_thp 266338304
anon 8240312320
anon_thp 287309824
anon 10005753856
anon_thp 289406976
anon 10206793728
anon_thp 289406976
anon 10386276352
anon_thp 289406976
anon 10437693440
anon_thp 289406976
anon 10441428992
anon_thp 155189248
anon 10545852416
anon_thp 289406976
anon 10550554624
anon_thp 289406976
anon 10571272192
anon_thp 289406976
anon 10516328448
anon_thp 155189248
anon 10593259520
anon_thp 287309824
anon 10596495360
anon_thp 289406976
anon 10607280128
anon_thp 289406976
anon 10467803136
anon_thp 155189248
anon 10601488384
anon_thp 155189248
anon 10601488384
anon_thp 155189248
anon 10626330624
anon_thp 155189248
anon 10711351296
anon_thp 236978176
anon 10629566464
anon_thp 155189248
anon 10633789440
anon_thp 155189248
anon 10695094272
anon_thp 155189248
anon 9759780864
anon_thp 119537664
anon 1498128384
anon_thp 111149056
anon 1043648512
anon_thp 83886080
anon 1305231360
anon_thp 85983232
anon 82726912
anon_thp 25165824
anon 2813214720
anon_thp 33554432
anon 5341392896
anon_thp 109051904
anon 5910953984
anon_thp 48234496
anon 5924642816
anon_thp 48234496
anon 5996498944
anon_thp 115343360
anon 5930172416
anon_thp 48234496
anon 5932847104
anon_thp 48234496
anon 6002810880
anon_thp 62914560
anon 6003232768
anon_thp 62914560
anon 6006169600
anon_thp 62914560
anon 284712960
anon_thp 46137344
anon 1192427520
anon_thp 322961408
anon 1972514816
anon_thp 322961408
anon 2811707392
anon_thp 333447168
anon 3648360448
anon_thp 339738624
anon 4513968128
anon_thp 341835776
anon 5367332864
anon_thp 356515840
anon 6221500416
anon_thp 362807296
anon 7067799552
anon_thp 379584512
anon 7683051520
anon_thp 473956352
anon 7714222080
anon_thp 476053504
anon 7764938752
anon_thp 476053504
anon 8003993600
anon_thp 476053504
anon 8179294208
anon_thp 476053504
anon 8333586432
anon_thp 476053504
anon 8517296128
anon_thp 476053504
anon 8585543680
anon_thp 501219328
anon 8559497216
anon_thp 494927872
anon 8560910336
anon_thp 494927872
anon 8563486720
anon_thp 494927872
anon 8564441088
anon_thp 494927872
anon 8615563264
anon_thp 494927872
anon 8677355520
anon_thp 507510784
anon 8614301696
anon_thp 484442112
anon 8614473728
anon_thp 484442112
anon 8615157760
anon_thp 484442112
anon 8615243776
anon_thp 484442112
anon 8618938368
anon_thp 484442112
anon 8683175936
anon_thp 503316480
anon 8684032000
anon_thp 503316480
anon 8684683264
anon_thp 505413632
anon 8684728320
anon_thp 505413632
anon 8685080576
anon_thp 505413632
anon 8685088768
anon_thp 505413632
anon 8685137920
anon_thp 505413632
anon 8706846720
anon_thp 505413632
anon 8784965632
anon_thp 530579456
anon 8787222528
anon_thp 530579456
anon 8732782592
anon_thp 517996544
anon 8732782592
anon_thp 517996544
anon 8732782592
anon_thp 517996544
anon 8733425664
anon_thp 517996544
anon 8744644608
anon_thp 517996544
anon 8787316736
anon_thp 517996544
anon 8461152256
anon_thp 245366784
anon 1374478336
anon_thp 264241152
anon 1832222720
anon_thp 650117120
anon 4281946112
anon_thp 668991488
anon 7020011520
anon_thp 679477248
anon 7760523264
anon_thp 685768704
anon 7402573824
anon_thp 266338304
anon 7825592320
anon_thp 687865856
anon 7849259008
anon_thp 687865856
anon 7311761408
anon_thp 150994944
anon 7860002816
anon_thp 687865856
anon 7874035712
anon_thp 685768704
anon 7339692032
anon_thp 150994944
anon 233381888
anon_thp 54525952
anon 2554896384
anon_thp 121634816
anon 5354995712
anon_thp 136314880
anon 7252164608
anon_thp 165675008
anon 7498969088
anon_thp 165675008
anon 7527018496
anon_thp 169869312
anon 7548137472
anon_thp 171966464
anon 7552880640
anon_thp 171966464
anon 7556571136
anon_thp 171966464
anon 584806400
anon_thp 60817408
anon 1052192768
anon_thp 144703488
anon 2008084480
anon_thp 88080384
anon 2305736704
anon_thp 155189248
anon 2487779328
anon_thp 90177536
anon 2600828928
anon_thp 157286400
anon 2653921280
anon_thp 140509184
anon 2657460224
anon_thp 90177536
anon 2731499520
anon_thp 157286400
anon 2706649088
anon_thp 90177536
anon 2761285632
anon_thp 157286400
anon 2419458048
anon_thp 65011712
anon 1474187264
anon_thp 71303168
anon 4396335104
anon_thp 88080384
anon 5616852992
anon_thp 111149056
anon 5665501184
anon_thp 125829120
anon 5671575552
anon_thp 125829120
anon 5693599744
anon_thp 140509184
anon 5716692992
anon_thp 142606336
anon 5719617536
anon_thp 142606336
anon 5741150208
anon_thp 157286400
anon 5762551808
anon_thp 171966464
anon 2253078528
anon_thp 119537664
anon 1728368640
anon_thp 96468992
anon 3685236736
anon_thp 104857600
anon 5590630400
anon_thp 117440512
anon 7465885696
anon_thp 136314880
anon 8881598464
anon_thp 352321536
anon 8894185472
anon_thp 362807296
anon 8908021760
anon_thp 362807296
anon 9038094336
anon_thp 547356672
anon 9068412928
anon_thp 547356672
anon 8847708160
anon_thp 278921216
anon 8990728192
anon_thp 278921216
anon 9642971136
anon_thp 278921216
anon 10583289856
anon_thp 501219328
anon 10633113600
anon_thp 501219328
anon 10666815488
anon_thp 501219328
anon 10345164800
anon_thp 603979776
anon 10009575424
anon_thp 308281344
anon 10068750336
anon_thp 308281344
anon 10474229760
anon_thp 308281344
anon 10852212736
anon_thp 515899392
anon 10868981760
anon_thp 515899392
anon 10794381312
anon_thp 450887680
anon 10554036224
anon_thp 293601280
anon 10554040320
anon_thp 293601280
anon 10629636096
anon_thp 293601280
anon 11146547200
anon_thp 406847488
anon 11137134592
anon_thp 408944640
anon 11145605120
anon_thp 406847488
anon 11062779904
anon_thp 562036736
anon 10794467328
anon_thp 293601280
anon 10794594304
anon_thp 293601280
anon 11035774976
anon_thp 293601280
anon 11427274752
anon_thp 434110464
anon 11441528832
anon_thp 434110464
anon 11454685184
anon_thp 434110464
anon 11167592448
anon_thp 293601280
anon 11167592448
anon_thp 293601280
anon 11241979904
anon_thp 293601280
anon 11690795008
anon_thp 379584512
anon 11751256064
anon_thp 381681664
anon 11764510720
anon_thp 381681664
anon 11779997696
anon_thp 576716800
anon 11478614016
anon_thp 293601280
anon 4982132736
anon_thp 157286400
anon 406933504
anon_thp 109051904
anon 3399655424
anon_thp 132120576
anon 6208528384
anon_thp 163577856
anon 8567750656
anon_thp 184549376
anon 8572313600
anon_thp 184549376
anon 8575012864
anon_thp 184549376
anon 8577454080
anon_thp 184549376
anon 8579207168
anon_thp 184549376
anon 8579739648
anon_thp 184549376
anon 824184832
anon_thp 58720256
anon 1058545664
anon_thp 71303168
anon 3849203712
anon_thp 88080384
anon 6531276800
anon_thp 111149056
anon 8154214400
anon_thp 121634816
anon 8190541824
anon_thp 123731968
anon 8249741312
anon_thp 125829120
anon 8272986112
anon_thp 125829120
anon 8303833088
anon_thp 132120576
anon 8337592320
anon_thp 134217728
anon 8347738112
anon_thp 134217728
anon 8387260416
anon_thp 140509184
anon 3793612800
anon_thp 81788928
anon 1021829120
anon_thp 67108864
anon 3837485056
anon_thp 85983232
anon 6569041920
anon_thp 369098752
anon 7477657600
anon_thp 383778816
anon 7996215296
anon_thp 387973120
anon 7996305408
anon_thp 387973120
anon 8077336576
anon_thp 387973120
anon 8085753856
anon_thp 387973120
anon 8120156160
anon_thp 387973120
anon 7871254528
anon_thp 121634816
anon 8155758592
anon_thp 387973120
anon 8240267264
anon_thp 260046848
anon 8377393152
anon_thp 392167424
anon 8243200000
anon_thp 260046848
anon 8389967872
anon_thp 392167424
anon 8395071488
anon_thp 392167424
anon 8135499776
anon_thp 123731968
anon 8403947520
anon_thp 392167424
anon 8476884992
anon_thp 392167424
anon 8526196736
anon_thp 392167424
anon 8526196736
anon_thp 392167424
anon 8530407424
anon_thp 392167424
anon 8530853888
anon_thp 394264576
anon 8256454656
anon_thp 125829120
anon 8524906496
anon_thp 394264576
anon 8490115072
anon_thp 260046848
anon 8653352960
anon_thp 392167424
anon 8653352960
anon_thp 392167424
anon 8665202688
anon_thp 392167424
anon 8666599424
anon_thp 392167424
anon 9069834240
anon_thp 796917760
anon 8501579776
anon_thp 228589568
anon 8580464640
anon_thp 216006656
anon 8777715712
anon_thp 392167424
anon 8777715712
anon_thp 392167424
anon 8778141696
anon_thp 392167424
anon 8778919936
anon_thp 394264576
anon 8490536960
anon_thp 132120576
anon 8758976512
anon_thp 400556032
anon 8772370432
anon_thp 322961408
anon 8866738176
anon_thp 415236096
anon 8732516352
anon_thp 285212672
anon 8867962880
anon_thp 417333248
anon 8868200448
anon_thp 417333248
anon 5756354560
anon_thp 109051904
anon 146669568
anon_thp 92274688
anon 748077056
anon_thp 146800640
anon 967372800
anon_thp 163577856
anon 1357352960
anon_thp 169869312
anon 1364787200
anon_thp 169869312
anon 1464291328
anon_thp 171966464
anon 1530880000
anon_thp 171966464
anon 1556746240
anon_thp 171966464
anon 1607606272
anon_thp 203423744
