hot 0 warm 0 cold 0
hot 314 warm 0 cold 0
hot 314 warm 0 cold 0
hot 347 warm 0 cold 0
hot 409 warm 0 cold 0
hot 486 warm 0 cold 0
hot 548 warm 0 cold 0
hot 609 warm 0 cold 0
hot 674 warm 0 cold 0
hot 732 warm 0 cold 0
hot 789 warm 0 cold 0
hot 862 warm 0 cold 0
hot 927 warm 0 cold 0
hot 981 warm 0 cold 0
hot 1037 warm 0 cold 0
hot 1094 warm 0 cold 0
hot 1155 warm 0 cold 0
hot 1268 warm 0 cold 0
hot 1814 warm 0 cold 127
hot 2005 warm 0 cold 127
hot 2252 warm 0 cold 127
hot 2523 warm 0 cold 127
hot 2736 warm 0 cold 127
hot 2959 warm 0 cold 127
hot 3185 warm 0 cold 126
hot 3526 warm 0 cold 126
hot 3738 warm 0 cold 125
hot 3933 warm 0 cold 125
hot 446 warm 0 cold 0
hot 830 warm 0 cold 0
hot 10595 warm 0 cold 0
hot 14108 warm 0 cold 0
hot 38011 warm 0 cold 0
hot 30523 warm 0 cold 0
hot 19495 warm 0 cold 0
hot 20282 warm 0 cold 0
hot 21694 warm 0 cold 0
hot 22458 warm 0 cold 0
hot 72435 warm 0 cold 0
hot 73168 warm 0 cold 0
hot 73399 warm 0 cold 0
hot 74742 warm 0 cold 0
hot 78382 warm 0 cold 0
hot 79006 warm 0 cold 0
hot 81883 warm 0 cold 0
hot 82437 warm 0 cold 0
hot 84713 warm 0 cold 0
hot 85256 warm 0 cold 0
hot 37473 warm 0 cold 0
hot 87722 warm 0 cold 0
hot 40079 warm 0 cold 0
hot 90740 warm 0 cold 0
hot 17077 warm 46 cold 0
hot 3426 warm 0 cold 0
hot 71769 warm 0 cold 0
hot 73473 warm 0 cold 0
hot 74260 warm 0 cold 0
hot 75166 warm 0 cold 0
hot 75415 warm 0 cold 0
hot 75627 warm 0 cold 0
hot 75821 warm 0 cold 0
hot 43713 warm 0 cold 0
hot 82788 warm 0 cold 0
hot 84523 warm 0 cold 0
hot 89173 warm 0 cold 0
hot 91070 warm 0 cold 0
hot 96887 warm 0 cold 0
hot 98411 warm 0 cold 0
hot 101889 warm 0 cold 0
hot 105622 warm 0 cold 0
hot 95732 warm 0 cold 0
hot 99666 warm 0 cold 0
hot 15375 warm 0 cold 0
hot 22064 warm 0 cold 0
hot 39577 warm 0 cold 0
hot 41061 warm 0 cold 0
hot 41561 warm 0 cold 0
hot 41526 warm 0 cold 0
hot 26995 warm 0 cold 0
hot 48126 warm 0 cold 0
hot 33494 warm 0 cold 0
hot 54300 warm 0 cold 0
hot 39018 warm 0 cold 0
hot 59631 warm 0 cold 0
hot 44747 warm 0 cold 0
hot 62414 warm 0 cold 0
hot 47382 warm 0 cold 0
hot 68044 warm 0 cold 0
hot 30750 warm 0 cold 0
hot 2914 warm 0 cold 0
hot 3422 warm 0 cold 0
hot 4384 warm 0 cold 0
hot 5920 warm 0 cold 0
hot 7652 warm 0 cold 0
hot 4826 warm 0 cold 0
hot 5743 warm 0 cold 0
hot 8354 warm 0 cold 0
hot 75481 warm 0 cold 0
hot 15629 warm 6 cold 0
hot 81465 warm 0 cold 0
hot 25070 warm 0 cold 0
hot 101293 warm 0 cold 0
hot 29132 warm 0 cold 0
hot 103825 warm 0 cold 0
hot 34151 warm 0 cold 0
hot 108832 warm 0 cold 0
hot 36962 warm 0 cold 0
hot 111335 warm 0 cold 0
hot 23376 warm 0 cold 0
hot 3517 warm 0 cold 0
hot 4376 warm 0 cold 0
hot 4373 warm 0 cold 0
hot 4373 warm 0 cold 0
hot 5397 warm 0 cold 0
hot 6921 warm 0 cold 0
hot 23818 warm 0 cold 0
hot 7976 warm 0 cold 0
hot 24360 warm 0 cold 0
hot 8910 warm 0 cold 0
hot 9958 warm 0 cold 0
hot 11342 warm 0 cold 0
hot 12331 warm 0 cold 0
hot 30092 warm 0 cold 0
hot 14492 warm 0 cold 0
hot 31734 warm 0 cold 0
hot 9844 warm 0 cold 0
hot 2257 warm 0 cold 0
hot 3344 warm 0 cold 0
hot 4072 warm 0 cold 1296
hot 1052832 warm 0 cold 0
hot 639205 warm 0 cold 446765
hot 1010866 warm 0 cold 78637
hot 1019394 warm 0 cold 71981
hot 1034357 warm 0 cold 64813
hot 1043843 warm 0 cold 58157
hot 1050032 warm 0 cold 53898
hot 1059439 warm 0 cold 46381
hot 10677 warm 0 cold 2374
hot 94112 warm 0 cold 10205
hot 165665 warm 0 cold 8415
hot 972159 warm 0 cold 8414
hot 1204785 warm 0 cold 8414
hot 1217226 warm 1024 cold 7450
hot 1220042 warm 0 cold 8404
hot 1223635 warm 0 cold 8404
hot 1226556 warm 0 cold 8403
hot 155438 warm 0 cold 8390
hot 184328 warm 0 cold 8368
hot 184329 warm 0 cold 8912
hot 29090 warm 1072550 cold 134199
hot 29394 warm 1079142 cold 134709
hot 67168 warm 1045466 cold 144240
hot 69682 warm 1044614 cold 143090
hot 72135 warm 1043859 cold 142323
hot 74516 warm 1042619 cold 142830
hot 77336 warm 1040846 cold 142830
hot 46754 warm 0 cold 142829
hot 54694 warm 0 cold 143749
hot 43051 warm 0 cold 143248
hot 1070154 warm 0 cold 142761
hot 1092037 warm 0 cold 142755
hot 1126484 warm 0 cold 152482
hot 47406 warm 1080198 cold 152551
hot 81279 warm 1048353 cold 153164
hot 84565 warm 0 cold 1199349
hot 87234 warm 0 cold 1198501
hot 54898 warm 0 cold 152986
hot 46838 warm 0 cold 153482
hot 785853 warm 0 cold 151565
hot 1118544 warm 0 cold 151538
hot 1129654 warm 0 cold 153042
hot 1131235 warm 0 cold 156127
hot 1132748 warm 0 cold 155039
hot 1134241 warm 0 cold 155100
hot 1135635 warm 0 cold 155395
hot 62761 warm 0 cold 155390
hot 57895 warm 0 cold 157166
hot 1085004 warm 0 cold 155593
hot 8297 warm 1090793 cold 163943
hot 9245 warm 1095944 cold 166392
hot 10892 warm 1096797 cold 165409
hot 15399 warm 1094459 cold 165392
hot 8252 warm 0 cold 157199
hot 2870 warm 0 cold 107663
hot 30178 warm 5 cold 70341
hot 34791 warm 7 cold 70340
hot 36806 warm 7 cold 70340
hot 37321 warm 4 cold 70340
hot 39883 warm 5 cold 70336
hot 42448 warm 2 cold 70336
hot 47058 warm 2 cold 70335
hot 15795 warm 2 cold 70335
hot 51126 warm 4 cold 70334
hot 19382 warm 3 cold 70334
hot 20406 warm 4 cold 70334
hot 91257 warm 0 cold 0
hot 123139 warm 0 cold 0
hot 125188 warm 0 cold 0
hot 126724 warm 0 cold 0
hot 128261 warm 0 cold 0
hot 96516 warm 0 cold 0
hot 130382 warm 0 cold 0
hot 130893 warm 0 cold 0
hot 131918 warm 0 cold 0
hot 131918 warm 0 cold 0
hot 99227 warm 0 cold 0
hot 132507 warm 0 cold 0
hot 133026 warm 0 cold 0
hot 133538 warm 0 cold 0
hot 101350 warm 0 cold 0
hot 134117 warm 0 cold 0
hot 135141 warm 0 cold 0
hot 135141 warm 0 cold 0
hot 76327 warm 0 cold 0
hot 71002 warm 0 cold 0
hot 71652 warm 0 cold 384
hot 74538 warm 0 cold 0
hot 70139 warm 0 cold 0
hot 70085 warm 0 cold 148
hot 87545 warm 0 cold 0
hot 71676 warm 0 cold 0
hot 71682 warm 0 cold 0
hot 88209 warm 0 cold 0
hot 72050 warm 0 cold 0
hot 81466 warm 0 cold 0
hot 98896 warm 0 cold 0
hot 82512 warm 0 cold 0
hot 99410 warm 0 cold 0
hot 69866 warm 0 cold 0
hot 139703 warm 0 cold 0
hot 142846 warm 0 cold 0
hot 146195 warm 0 cold 0
hot 148239 warm 0 cold 0
hot 151531 warm 0 cold 0
hot 154552 warm 0 cold 0
hot 157232 warm 0 cold 0
hot 158221 warm 0 cold 0
hot 163048 warm 0 cold 0
hot 173555 warm 0 cold 0
hot 178291 warm 0 cold 0
hot 184597 warm 0 cold 0
hot 190496 warm 0 cold 0
hot 196241 warm 0 cold 0
hot 201224 warm 0 cold 0
hot 206082 warm 0 cold 0
hot 210056 warm 0 cold 0
hot 213162 warm 0 cold 0
hot 217108 warm 0 cold 0
hot 220675 warm 0 cold 0
hot 223753 warm 0 cold 0
hot 228322 warm 0 cold 0
hot 234029 warm 0 cold 0
hot 236425 warm 0 cold 0
hot 240175 warm 0 cold 0
hot 242781 warm 0 cold 0
hot 245039 warm 0 cold 0
hot 247077 warm 0 cold 0
hot 250936 warm 0 cold 0
hot 252754 warm 0 cold 0
hot 255168 warm 0 cold 0
hot 257142 warm 0 cold 0
hot 258820 warm 0 cold 0
hot 260363 warm 0 cold 0
hot 263672 warm 0 cold 0
hot 267213 warm 0 cold 0
hot 190745 warm 2376 cold 0
hot 202545 warm 2392 cold 0
hot 202545 warm 2392 cold 0
hot 202545 warm 2392 cold 0
hot 204081 warm 344 cold 0
hot 200991 warm 0 cold 0
hot 17917 warm 40 cold 0
hot 131935 warm 0 cold 0
hot 139075 warm 0 cold 0
hot 140100 warm 0 cold 0
hot 141123 warm 0 cold 0
hot 16495 warm 0 cold 0
hot 148533 warm 0 cold 0
hot 150063 warm 0 cold 0
hot 21484 warm 0 cold 0
hot 152587 warm 0 cold 0
hot 155581 warm 0 cold 0
hot 27055 warm 0 cold 0
hot 7206 warm 0 cold 0
hot 4356 warm 0 cold 0
hot 10355 warm 0 cold 0
hot 16981 warm 0 cold 0
hot 17492 warm 0 cold 0
hot 19031 warm 0 cold 0
hot 20055 warm 0 cold 0
hot 22103 warm 0 cold 0
hot 24152 warm 0 cold 0
hot 5415 warm 0 cold 0
hot 18772 warm 0 cold 0
hot 23383 warm 0 cold 0
hot 32116 warm 0 cold 0
hot 19105 warm 0 cold 0
hot 40402 warm 0 cold 0
hot 27560 warm 0 cold 0
hot 45942 warm 0 cold 0
hot 32678 warm 0 cold 0
hot 34525 warm 0 cold 0
hot 53478 warm 0 cold 0
hot 39853 warm 0 cold 0
hot 1356 warm 0 cold 0
hot 1796 warm 384 cold 0
hot 4248 warm 0 cold 0
hot 5274 warm 0 cold 0
hot 5275 warm 0 cold 0
hot 5785 warm 0 cold 0
hot 7830 warm 0 cold 0
hot 10387 warm 0 cold 0
hot 10899 warm 0 cold 0
hot 10897 warm 0 cold 0
hot 4086 warm 0 cold 0
hot 2370 warm 384 cold 0
hot 7442 warm 0 cold 0
hot 11504 warm 0 cold 0
hot 16319 warm 0 cold 0
hot 18324 warm 0 cold 0
hot 33872 warm 0 cold 0
hot 42889 warm 0 cold 0
hot 46436 warm 0 cold 0
hot 111975 warm 0 cold 0
hot 46847 warm 0 cold 0
hot 47916 warm 0 cold 0
hot 50850 warm 0 cold 0
hot 56765 warm 0 cold 0
hot 73937 warm 0 cold 0
hot 88919 warm 0 cold 0
hot 93126 warm 0 cold 0
hot 94125 warm 0 cold 0
hot 94668 warm 0 cold 0
hot 95312 warm 0 cold 0
hot 101710 warm 0 cold 0
hot 109581 warm 0 cold 0
hot 115447 warm 0 cold 0
hot 185064 warm 0 cold 0
hot 120574 warm 0 cold 0
hot 120574 warm 0 cold 0
hot 120756 warm 0 cold 0
hot 128519 warm 0 cold 0
hot 137433 warm 0 cold 0
hot 149272 warm 0 cold 0
hot 149660 warm 0 cold 0
hot 150422 warm 0 cold 0
hot 150980 warm 0 cold 0
hot 155819 warm 0 cold 0
hot 160636 warm 0 cold 0
hot 165915 warm 0 cold 0
hot 229780 warm 0 cold 0
hot 164708 warm 0 cold 0
hot 165873 warm 0 cold 0
hot 166854 warm 0 cold 0
hot 174701 warm 0 cold 0
hot 185418 warm 0 cold 0
hot 196554 warm 0 cold 0
hot 193416 warm 0 cold 0
hot 85444 warm 0 cold 0
hot 11726 warm 0 cold 0
hot 8294 warm 0 cold 0
hot 9767 warm 0 cold 0
hot 10188 warm 0 cold 0
hot 10699 warm 0 cold 0
hot 10699 warm 0 cold 0
hot 11211 warm 0 cold 0
hot 12236 warm 0 cold 0
hot 13260 warm 0 cold 0
hot 8525 warm 0 cold 0
hot 6682 warm 384 cold 0
hot 10781 warm 0 cold 0
hot 12317 warm 0 cold 0
hot 15904 warm 0 cold 0
hot 20512 warm 0 cold 0
hot 27682 warm 0 cold 0
hot 28688 warm 0 cold 0
hot 32006 warm 0 cold 0
hot 34072 warm 0 cold 0
hot 36121 warm 0 cold 0
hot 40409 warm 0 cold 0
hot 16243 warm 0 cold 0
hot 8252 warm 0 cold 0
hot 11793 warm 0 cold 0
hot 79000 warm 0 cold 0
hot 83628 warm 0 cold 0
hot 95472 warm 0 cold 0
hot 99196 warm 0 cold 0
hot 103272 warm 0 cold 0
hot 107214 warm 0 cold 0
hot 174645 warm 0 cold 0
hot 47304 warm 0 cold 0
hot 115480 warm 0 cold 0
hot 119195 warm 0 cold 0
hot 124570 warm 0 cold 0
hot 95477 warm 0 cold 0
hot 129599 warm 0 cold 0
hot 98299 warm 0 cold 0
hot 68458 warm 0 cold 0
hot 136413 warm 0 cold 0
hot 116010 warm 0 cold 0
hot 121038 warm 0 cold 0
hot 124295 warm 0 cold 0
hot 160843 warm 0 cold 0
hot 162777 warm 0 cold 0
hot 101307 warm 0 cold 0
hot 170081 warm 0 cold 0
hot 140669 warm 0 cold 0
hot 145375 warm 0 cold 0
hot 180026 warm 0 cold 0
hot 184605 warm 0 cold 0
hot 186905 warm 0 cold 0
hot 124352 warm 0 cold 0
hot 192216 warm 0 cold 0
hot 162378 warm 0 cold 0
hot 196123 warm 0 cold 0
hot 165826 warm 0 cold 0
hot 202019 warm 0 cold 0
hot 203864 warm 0 cold 0
hot 141189 warm 0 cold 0
hot 210015 warm 0 cold 0
hot 183525 warm 0 cold 0
hot 187178 warm 0 cold 0
hot 222423 warm 0 cold 0
hot 226299 warm 0 cold 0
hot 195315 warm 0 cold 0
hot 70571 warm 266 cold 0
hot 5534 warm 405 cold 0
hot 25915 warm 0 cold 0
hot 28201 warm 0 cold 0
hot 47029 warm 0 cold 0
hot 49661 warm 0 cold 0
hot 60004 warm 0 cold 0
hot 75617 warm 0 cold 0
hot 76168 warm 0 cold 0
