anon 0
anon_thp 0
anon 200359936
anon_thp 6291456
anon 531845120
anon_thp 6291456
anon 876556288
anon_thp 6291456
anon 1209126912
anon_thp 6291456
anon 1541173248
anon_thp 6291456
anon 1874345984
anon_thp 6291456
anon 2211717120
anon_thp 6291456
anon 2537971712
anon_thp 6291456
anon 2877231104
anon_thp 6291456
anon 3210518528
anon_thp 6291456
anon 3540942848
anon_thp 6291456
anon 3873247232
anon_thp 6291456
anon 4204920832
anon_thp 6291456
anon 4525867008
anon_thp 6291456
anon 4848861184
anon_thp 6291456
anon 5173534720
anon_thp 6291456
anon 5483188224
anon_thp 6291456
anon 5571211264
anon_thp 6291456
anon 5571391488
anon_thp 6291456
anon 5573165056
anon_thp 6291456
anon 5573410816
anon_thp 6291456
anon 5574529024
anon_thp 6291456
anon 5575368704
anon_thp 6291456
anon 5575520256
anon_thp 6291456
anon 5576294400
anon_thp 6291456
anon 5576413184
anon_thp 6291456
anon 1610100736
anon_thp 106954752
anon 391200768
anon_thp 27262976
anon 737681408
anon_thp 29360128
anon 1029111808
anon_thp 29360128
anon 1149280256
anon_thp 29360128
anon 1322500096
anon_thp 33554432
anon 94035968
anon_thp 16777216
anon 560951296
anon_thp 81788928
anon 979177472
anon_thp 83886080
anon 1400115200
anon_thp 83886080
anon 1959989248
anon_thp 287309824
anon 3300634624
anon_thp 291504128
anon 4656328704
anon_thp 295698432
anon 6006468608
anon_thp 297795584
anon 6764371968
anon_thp 94371840
anon 6987563008
anon_thp 297795584
anon 6819422208
anon_thp 94371840
anon 7034277888
anon_thp 297795584
anon 6818295808
anon_thp 60817408
anon 7061446656
anon_thp 297795584
anon 6867116032
anon_thp 94371840
anon 7071031296
anon_thp 297795584
anon 6807220224
anon_thp 29360128
anon 7085084672
anon_thp 297795584
anon 7089508352
anon_thp 297795584
anon 87269376
anon_thp 56623104
anon 1560858624
anon_thp 341835776
anon 1989931008
anon_thp 341835776
anon 2508886016
anon_thp 341835776
anon 3027501056
anon_thp 341835776
anon 3545894912
anon_thp 346030080
anon 4067201024
anon_thp 346030080
anon 4574031872
anon_thp 348127232
anon 5088931840
anon_thp 350224384
anon 5417005056
anon_thp 255852544
anon 5514518528
anon_thp 352321536
anon 5318524928
anon_thp 123731968
anon 5584076800
anon_thp 367001600
anon 5323210752
anon_thp 98566144
anon 5747515392
anon_thp 364904448
anon 5747527680
anon_thp 364904448
anon 5761232896
anon_thp 381681664
anon 5763330048
anon_thp 383778816
anon 5776830464
anon_thp 367001600
anon 5776830464
anon_thp 367001600
anon 1832968192
anon_thp 67108864
anon 1405882368
anon_thp 109051904
anon 2696990720
anon_thp 178257920
anon 4148588544
anon_thp 188743680
anon 5574782976
anon_thp 199229440
anon 6965051392
anon_thp 199229440
anon 7848333312
anon_thp 132120576
anon 7960494080
anon_thp 211812352
anon 7899541504
anon_thp 144703488
anon 8015892480
anon_thp 226492416
anon 7952343040
anon_thp 159383552
anon 8042713088
anon_thp 236978176
anon 7976595456
anon_thp 169869312
anon 8069001216
anon_thp 251658240
anon 8001908736
anon_thp 184549376
anon 8071737344
anon_thp 251658240
anon 7937552384
anon_thp 119537664
anon 64757760
anon_thp 54525952
anon 3249160192
anon_thp 75497472
anon 5113786368
anon_thp 96468992
anon 5115056128
anon_thp 96468992
anon 5115916288
anon_thp 96468992
anon 411443200
anon_thp 25165824
anon 3526406144
anon_thp 41943040
anon 6577823744
anon_thp 56623104
anon 8706191360
anon_thp 358612992
anon 9292652544
anon_thp 69206016
anon 9352282112
anon_thp 69206016
anon 9381634048
anon_thp 81788928
anon 9747193856
anon_thp 383778816
anon 9458511872
anon_thp 85983232
anon 9807106048
anon_thp 387973120
anon 9505738752
anon_thp 85983232
anon 9812148224
anon_thp 385875968
anon 9537064960
anon_thp 98566144
anon 9536831488
anon_thp 98566144
anon 952012800
anon_thp 77594624
anon 1121685504
anon_thp 134217728
anon 2509864960
anon_thp 136314880
anon 3854086144
anon_thp 138412032
anon 5250908160
anon_thp 140509184
anon 6618959872
anon_thp 155189248
anon 7969660928
anon_thp 163577856
anon 9552564224
anon_thp 239075328
anon 9661804544
anon_thp 176160768
anon 9763610624
anon_thp 245366784
anon 9703108608
anon_thp 182452224
anon 9781620736
anon_thp 249561088
anon 9711030272
anon_thp 182452224
anon 9722593280
anon_thp 182452224
anon 9719021568
anon_thp 184549376
anon 9726857216
anon_thp 184549376
anon 9722609664
anon_thp 182452224
anon 9731293184
anon_thp 184549376
anon 9770881024
anon_thp 222298112
anon 2031902720
anon_thp 85983232
anon 2974863360
anon_thp 75497472
anon 3944873984
anon_thp 85983232
anon 7260254208
anon_thp 3162505216
anon 8634003456
anon_thp 4536139776
anon 8634003456
anon_thp 4536139776
anon 9707876352
anon_thp 4546625536
anon 11504025600
anon_thp 4555014144
anon 13363564544
anon_thp 4565499904
anon 15218184192
anon_thp 4565499904
anon 17061310464
anon_thp 4565499904
anon 13703847936
anon_thp 136314880
anon 13843673088
anon_thp 281018368
anon 17009790976
anon_thp 3445620736
anon 18147905536
anon_thp 4590665728
anon 18147905536
anon_thp 4590665728
anon 18165080064
anon_thp 4590665728
anon 18167795712
anon_thp 4592762880
anon 18167902208
anon_thp 4592762880
anon 13741555712
anon_thp 163577856
anon 13915701248
anon_thp 278921216
anon 16902266880
anon_thp 3288334336
anon 18226782208
anon_thp 4611637248
anon 18226778112
anon_thp 4611637248
anon 18243031040
anon_thp 4611637248
anon 18243141632
anon_thp 4611637248
anon 18243420160
anon_thp 4611637248
anon 18243579904
anon_thp 4611637248
anon 18243809280
anon_thp 4611637248
anon 13875212288
anon_thp 182452224
anon 14686294016
anon_thp 987758592
anon 18270154752
anon_thp 4571791360
anon 18292252672
anon_thp 4592762880
anon 18308714496
anon_thp 4592762880
anon 18309341184
anon_thp 4592762880
anon 18309627904
anon_thp 4592762880
anon 18309967872
anon_thp 4592762880
anon 18310115328
anon_thp 4592762880
anon 18310262784
anon_thp 4592762880
anon 13929246720
anon_thp 163577856
anon 15582662656
anon_thp 1853882368
anon 18333143040
anon_thp 4603248640
anon 18333167616
anon_thp 4603248640
anon 18349256704
anon_thp 4603248640
anon 18351812608
anon_thp 4605345792
anon 18351886336
anon_thp 4605345792
anon 18352001024
anon_thp 4605345792
anon 18352402432
anon_thp 4605345792
anon 14000406528
anon_thp 176160768
anon 15417552896
anon_thp 1656750080
anon 18354634752
anon_thp 4592762880
anon 18354663424
anon_thp 4592762880
anon 18370985984
anon_thp 4592762880
anon 18371297280
anon_thp 4592762880
anon 18371387392
anon_thp 4592762880
anon 18371579904
anon_thp 4592762880
anon 18371706880
anon_thp 4592762880
anon 9958371328
anon_thp 207618048
anon 1670205440
anon_thp 249561088
anon 1630269440
anon_thp 314572800
anon 2468888576
anon_thp 322961408
anon 3255238656
anon_thp 331350016
anon 3936239616
anon_thp 205520896
anon 5436334080
anon_thp 211812352
anon 7100862464
anon_thp 216006656
anon 8777461760
anon_thp 218103808
anon 10139729920
anon_thp 218103808
anon 10493952000
anon_thp 352321536
anon 10599698432
anon_thp 352321536
anon 10644549632
anon_thp 352321536
anon 10573099008
anon_thp 218103808
anon 10708336640
anon_thp 352321536
anon 10578206720
anon_thp 218103808
anon 10617286656
anon_thp 218103808
anon 10690695168
anon_thp 218103808
anon 10825191424
anon_thp 352321536
anon 10826399744
anon_thp 352321536
anon 10865520640
anon_thp 352321536
anon 10758025216
anon_thp 218103808
anon 10892746752
anon_thp 352321536
anon 10892767232
anon_thp 352321536
anon 10899288064
anon_thp 352321536
anon 10913275904
anon_thp 352321536
anon 10779185152
anon_thp 218103808
anon 10780123136
anon_thp 218103808
anon 10849341440
anon_thp 220200960
anon 7604363264
anon_thp 195035136
anon 69144576
anon_thp 46137344
anon 1185333248
anon_thp 127926272
anon 1339809792
anon_thp 127926272
anon 778031104
anon_thp 69206016
anon 3605159936
anon_thp 90177536
anon 5624631296
anon_thp 167772160
anon 5930528768
anon_thp 102760448
anon 5936111616
anon_thp 102760448
anon 6007042048
anon_thp 169869312
anon 5961281536
anon_thp 123731968
anon 5940895744
anon_thp 102760448
anon 6012653568
anon_thp 169869312
anon 5948342272
anon_thp 102760448
anon 5048668160
anon_thp 77594624
anon 601669632
anon_thp 354418688
anon 1367506944
anon_thp 369098752
anon 2177712128
anon_thp 377487360
anon 3017379840
anon_thp 387973120
anon 3878920192
anon_thp 387973120
anon 4737769472
anon_thp 400556032
anon 5581004800
anon_thp 402653184
anon 6436712448
anon_thp 402653184
anon 7283802112
anon_thp 411041792
anon 7686942720
anon_thp 488636416
anon 7727009792
anon_thp 480247808
anon 7800512512
anon_thp 488636416
anon 8032903168
anon_thp 488636416
anon 8204492800
anon_thp 488636416
anon 8309227520
anon_thp 488636416
anon 8536215552
anon_thp 509607936
anon 8540913664
anon_thp 515899392
anon 8549163008
anon_thp 515899392
anon 8553549824
anon_thp 515899392
anon 8555671552
anon_thp 515899392
anon 8557879296
anon_thp 515899392
anon 8620085248
anon_thp 515899392
anon 8718229504
anon_thp 541065216
anon 8679985152
anon_thp 530579456
anon 8686477312
anon_thp 536870912
anon 8686985216
anon_thp 536870912
anon 8686997504
anon_thp 536870912
anon 8687095808
anon_thp 536870912
anon 8722083840
anon_thp 536870912
anon 8761192448
anon_thp 541065216
anon 8762056704
anon_thp 541065216
anon 8762122240
anon_thp 541065216
anon 8762122240
anon_thp 541065216
anon 8762400768
anon_thp 541065216
anon 8792752128
anon_thp 541065216
anon 8861036544
anon_thp 555745280
anon 8862146560
anon_thp 555745280
anon 8818270208
anon_thp 541065216
anon 8818270208
anon_thp 541065216
anon 8818327552
anon_thp 541065216
anon 8818327552
anon_thp 541065216
anon 8821030912
anon_thp 541065216
anon 8860073984
anon_thp 541065216
anon 8929378304
anon_thp 559939584
anon 7443394560
anon_thp 205520896
anon 120885248
anon_thp 58720256
anon 2329468928
anon_thp 681574400
anon 4936994816
anon_thp 713031680
anon 7653822464
anon_thp 734003200
anon 7773188096
anon_thp 734003200
anon 7809871872
anon_thp 734003200
anon 7811293184
anon_thp 734003200
anon 7865716736
anon_thp 734003200
anon 7898628096
anon_thp 734003200
anon 7899357184
anon_thp 734003200
anon 7916945408
anon_thp 734003200
anon 6503825408
anon_thp 125829120
anon 238231552
anon_thp 83886080
anon 3209908224
anon_thp 138412032
anon 6088843264
anon_thp 153092096
anon 7329738752
anon_thp 169869312
anon 7490732032
anon_thp 174063616
anon 7524823040
anon_thp 174063616
anon 7541817344
anon_thp 174063616
anon 7549292544
anon_thp 174063616
anon 6902792192
anon_thp 117440512
anon 109416448
anon_thp 41943040
anon 1407397888
anon_thp 115343360
anon 2266320896
anon_thp 130023424
anon 2521743360
anon_thp 197132288
anon 2639384576
anon_thp 199229440
anon 2666688512
anon_thp 132120576
anon 2764361728
anon_thp 199229440
anon 2751365120
anon_thp 132120576
anon 2827055104
anon_thp 199229440
anon 2834944000
anon_thp 199229440
anon 2775121920
anon_thp 132120576
anon 72421376
anon_thp 20971520
anon 3041849344
anon_thp 125829120
anon 5620457472
anon_thp 140509184
anon 5644722176
anon_thp 140509184
anon 5673566208
anon_thp 157286400
anon 5681893376
anon_thp 140509184
anon 5684396032
anon_thp 140509184
anon 5688344576
anon_thp 140509184
anon 5709090816
anon_thp 140509184
anon 5711998976
anon_thp 140509184
anon 5730172928
anon_thp 140509184
anon 814333952
anon_thp 67108864
anon 2884337664
anon_thp 106954752
anon 4827062272
anon_thp 121634816
anon 6683136000
anon_thp 134217728
anon 8682811392
anon_thp 295698432
anon 8949071872
anon_thp 314572800
anon 8977973248
anon_thp 327155712
anon 8959442944
anon_thp 310378496
anon 9223512064
anon_thp 564133888
anon 8991305728
anon_thp 295698432
anon 9088319488
anon_thp 295698432
anon 9417003008
anon_thp 295698432
anon 10582401024
anon_thp 522190848
anon 10616721408
anon_thp 524288000
anon 10640613376
anon_thp 524288000
anon 10571386880
anon_thp 639631360
anon 10178965504
anon_thp 356515840
anon 10181857280
anon_thp 356515840
anon 10424168448
anon_thp 356515840
anon 10888638464
anon_thp 528482304
anon 10904989696
anon_thp 541065216
anon 10916851712
anon_thp 543162368
anon 10827517952
anon_thp 668991488
anon 10510614528
anon_thp 385875968
anon 10521235456
anon_thp 385875968
anon 10849849344
anon_thp 385875968
anon 11154513920
anon_thp 520093696
anon 11173347328
anon_thp 520093696
anon 11007610880
anon_thp 459276288
anon 10694766592
anon_thp 385875968
anon 10694770688
anon_thp 385875968
anon 10787069952
anon_thp 385875968
anon 11185037312
anon_thp 497025024
anon 11196952576
anon_thp 509607936
anon 11207786496
anon_thp 511705088
anon 11294461952
anon_thp 683671552
anon 10875109376
anon_thp 400556032
anon 10880745472
anon_thp 400556032
anon 11123666944
anon_thp 400556032
anon 11168116736
anon_thp 465567744
anon 11173289984
anon_thp 465567744
anon 11161194496
anon_thp 654311424
anon 10742530048
anon_thp 377487360
anon 3373735936
anon_thp 190840832
anon 1347796992
anon_thp 130023424
anon 4436684800
anon_thp 167772160
anon 7328845824
anon_thp 190840832
anon 8651505664
anon_thp 197132288
anon 8654221312
anon_thp 197132288
anon 8657379328
anon_thp 197132288
anon 8659517440
anon_thp 197132288
anon 8661602304
anon_thp 197132288
anon 4801773568
anon_thp 102760448
anon 544083968
anon_thp 79691776
anon 2575335424
anon_thp 111149056
anon 5438013440
anon_thp 132120576
anon 8174866432
anon_thp 146800640
anon 8261459968
anon_thp 148897792
anon 8347082752
anon_thp 171966464
anon 8352944128
anon_thp 171966464
anon 8376180736
anon_thp 155189248
anon 8409632768
anon_thp 159383552
anon 8416645120
anon_thp 159383552
anon 8449355776
anon_thp 159383552
anon 6522822656
anon_thp 96468992
anon 201797632
anon_thp 71303168
anon 3088093184
anon_thp 102760448
anon 6028902400
anon_thp 121634816
anon 7222300672
anon_thp 396361728
anon 8066166784
anon_thp 417333248
anon 8066490368
anon_thp 417333248
anon 8147673088
anon_thp 417333248
anon 8161263616
anon_thp 417333248
anon 8208134144
anon_thp 417333248
anon 7957749760
anon_thp 150994944
anon 8250396672
anon_thp 419430400
anon 8335626240
anon_thp 287309824
anon 8472182784
anon_thp 419430400
anon 8338006016
anon_thp 287309824
anon 8488452096
anon_thp 419430400
anon 8491618304
anon_thp 419430400
anon 8226557952
anon_thp 150994944
anon 8495566848
anon_thp 419430400
anon 8492625920
anon_thp 295698432
anon 8662384640
anon_thp 442499072
anon 8677470208
anon_thp 459276288
anon 8679874560
anon_thp 461373440
anon 9087492096
anon_thp 864026624
anon 8390680576
anon_thp 176160768
anon 8702660608
anon_thp 444596224
anon 8757243904
anon_thp 442499072
anon 8757243904
anon_thp 442499072
anon 8769568768
anon_thp 442499072
anon 8769568768
anon_thp 442499072
anon 9172975616
anon_thp 847249408
anon 8496934912
anon_thp 176160768
anon 8779857920
anon_thp 444596224
anon 8840237056
anon_thp 343932928
anon 8840237056
anon_thp 343932928
anon 8846307328
anon_thp 343932928
anon 8846491648
anon_thp 343932928
anon 9226141696
anon_thp 723517440
anon 8712347648
anon_thp 209715200
anon 8981725184
anon_thp 478150656
anon 9069056000
anon_thp 476053504
anon 9069056000
anon_thp 476053504
anon 9070624768
anon_thp 476053504
anon 9070624768
anon_thp 478150656
anon 8342024192
anon_thp 178257920
anon 1016762368
anon_thp 178257920
anon 763260928
anon_thp 109051904
anon 1191153664
anon_thp 111149056
anon 1331412992
anon_thp 119537664
anon 1404051456
anon_thp 119537664
anon 1466023936
anon_thp 119537664
anon 1559261184
anon_thp 119537664
anon 1604780032
anon_thp 119537664
anon 725168128
anon_thp 73400320
