pgmigrate_success 76495265
pgmigrate_success 76495494
pgmigrate_success 76495567
pgmigrate_success 76495642
pgmigrate_success 76495705
pgmigrate_success 76495770
pgmigrate_success 76495839
pgmigrate_success 76495909
pgmigrate_success 76495966
pgmigrate_success 76496027
pgmigrate_success 76496087
pgmigrate_success 76496144
pgmigrate_success 76496208
pgmigrate_success 76496262
pgmigrate_success 76496332
pgmigrate_success 76496393
pgmigrate_success 76496449
pgmigrate_success 76496513
pgmigrate_success 76496752
pgmigrate_success 76496983
pgmigrate_success 76497230
pgmigrate_success 76497442
pgmigrate_success 76497657
pgmigrate_success 76497931
pgmigrate_success 76498144
pgmigrate_success 76498348
pgmigrate_success 76498565
pgmigrate_success 76500797
pgmigrate_success 76501220
pgmigrate_success 76508150
pgmigrate_success 76509418
pgmigrate_success 76525969
pgmigrate_success 76573885
pgmigrate_success 76637773
pgmigrate_success 76782511
pgmigrate_success 76783622
pgmigrate_success 76784493
pgmigrate_success 76785313
pgmigrate_success 76851485
pgmigrate_success 76853273
pgmigrate_success 76853992
pgmigrate_success 76854690
pgmigrate_success 76871581
pgmigrate_success 76940707
pgmigrate_success 76959437
pgmigrate_success 77027341
pgmigrate_success 77028098
pgmigrate_success 77112098
pgmigrate_success 77129845
pgmigrate_success 77196709
pgmigrate_success 77197271
pgmigrate_success 77280754
pgmigrate_success 77283402
pgmigrate_success 77283678
pgmigrate_success 77318802
pgmigrate_success 77355474
pgmigrate_success 77357397
pgmigrate_success 77357682
pgmigrate_success 77358420
pgmigrate_success 77358596
pgmigrate_success 77359301
pgmigrate_success 77360496
pgmigrate_success 77361118
pgmigrate_success 77430317
pgmigrate_success 77432882
pgmigrate_success 77469956
pgmigrate_success 77501493
pgmigrate_success 77570637
pgmigrate_success 77573778
pgmigrate_success 77577677
pgmigrate_success 77646306
pgmigrate_success 77647719
pgmigrate_success 77717697
pgmigrate_success 77721558
pgmigrate_success 77722707
pgmigrate_success 77775753
pgmigrate_success 77776116
pgmigrate_success 77776448
pgmigrate_success 77777764
pgmigrate_success 77778066
pgmigrate_success 77833319
pgmigrate_success 77835583
pgmigrate_success 77864960
pgmigrate_success 77891657
pgmigrate_success 77894228
pgmigrate_success 77932153
pgmigrate_success 77935825
pgmigrate_success 77972100
pgmigrate_success 77977664
pgmigrate_success 78010814
pgmigrate_success 78013552
pgmigrate_success 78014360
pgmigrate_success 78014664
pgmigrate_success 78014974
pgmigrate_success 78015308
pgmigrate_success 78019221
pgmigrate_success 78020094
pgmigrate_success 78022745
pgmigrate_success 78025652
pgmigrate_success 78027050
pgmigrate_success 78027050
pgmigrate_success 78029467
pgmigrate_success 78106766
pgmigrate_success 78111175
pgmigrate_success 78188338
pgmigrate_success 78189645
pgmigrate_success 78265371
pgmigrate_success 78339526
pgmigrate_success 78341955
pgmigrate_success 78416307
pgmigrate_success 78418395
pgmigrate_success 78418536
pgmigrate_success 78418757
pgmigrate_success 78418956
pgmigrate_success 78419719
pgmigrate_success 78420420
pgmigrate_success 78420571
pgmigrate_success 78437299
pgmigrate_success 78439384
pgmigrate_success 78456558
pgmigrate_success 78457607
pgmigrate_success 78474540
pgmigrate_success 78474540
pgmigrate_success 78496758
pgmigrate_success 78519155
pgmigrate_success 78563950
pgmigrate_success 78653540
pgmigrate_success 78653540
pgmigrate_success 78832769
pgmigrate_success 79191411
pgmigrate_success 79194320
pgmigrate_success 79195396
pgmigrate_success 79325199
pgmigrate_success 79453731
pgmigrate_success 79717057
pgmigrate_success 80168751
pgmigrate_success 80168751
pgmigrate_success 80169263
pgmigrate_success 80169265
pgmigrate_success 80169265
pgmigrate_success 80169265
pgmigrate_success 80169265
pgmigrate_success 80194336
pgmigrate_success 80349655
pgmigrate_success 80741403
pgmigrate_success 81152555
pgmigrate_success 81154670
pgmigrate_success 81155472
pgmigrate_success 81155472
pgmigrate_success 81155472
pgmigrate_success 81155472
pgmigrate_success 81178561
pgmigrate_success 81200932
pgmigrate_success 81246451
pgmigrate_success 81335936
pgmigrate_success 81335936
pgmigrate_success 81335936
pgmigrate_success 81514906
pgmigrate_success 81514906
pgmigrate_success 81514906
pgmigrate_success 81514906
pgmigrate_success 81514906
pgmigrate_success 81515722
pgmigrate_success 81873663
pgmigrate_success 81873663
pgmigrate_success 81873663
pgmigrate_success 81873663
pgmigrate_success 81873663
pgmigrate_success 81873663
pgmigrate_success 81873663
pgmigrate_success 81873663
pgmigrate_success 81873663
pgmigrate_success 81873663
pgmigrate_success 81873919
pgmigrate_success 82382867
pgmigrate_success 82382867
pgmigrate_success 82382995
pgmigrate_success 82385980
pgmigrate_success 82400520
pgmigrate_success 82401522
pgmigrate_success 82401522
pgmigrate_success 82401522
pgmigrate_success 82401522
pgmigrate_success 82401522
pgmigrate_success 82401522
pgmigrate_success 82413767
pgmigrate_success 82499920
pgmigrate_success 82646066
pgmigrate_success 82678243
pgmigrate_success 82679577
pgmigrate_success 82680352
pgmigrate_success 82686499
pgmigrate_success 82689281
pgmigrate_success 82691883
pgmigrate_success 82693575
pgmigrate_success 82699383
pgmigrate_success 82735589
pgmigrate_success 82738435
pgmigrate_success 82740573
pgmigrate_success 82760975
pgmigrate_success 82777595
pgmigrate_success 82811935
pgmigrate_success 82813134
pgmigrate_success 82848971
pgmigrate_success 82884109
pgmigrate_success 82890192
pgmigrate_success 82910527
pgmigrate_success 82946119
pgmigrate_success 82948983
pgmigrate_success 82951570
pgmigrate_success 82955533
pgmigrate_success 82995451
pgmigrate_success 83025184
pgmigrate_success 83026654
pgmigrate_success 83029799
pgmigrate_success 83030953
pgmigrate_success 83031158
pgmigrate_success 83034684
pgmigrate_success 83036883
pgmigrate_success 83037074
pgmigrate_success 83037793
pgmigrate_success 83055073
pgmigrate_success 83071766
pgmigrate_success 83074148
pgmigrate_success 83090972
pgmigrate_success 83108773
pgmigrate_success 83110169
pgmigrate_success 83126927
pgmigrate_success 83127563
pgmigrate_success 83146717
pgmigrate_success 83213166
pgmigrate_success 83218159
pgmigrate_success 83221998
pgmigrate_success 83227153
pgmigrate_success 83231373
pgmigrate_success 83238552
pgmigrate_success 83241415
pgmigrate_success 83244417
pgmigrate_success 83248624
pgmigrate_success 83257276
pgmigrate_success 83327911
pgmigrate_success 83332384
pgmigrate_success 83341116
pgmigrate_success 83348550
pgmigrate_success 83355208
pgmigrate_success 83362928
pgmigrate_success 83368229
pgmigrate_success 83440920
pgmigrate_success 83446199
pgmigrate_success 83448673
pgmigrate_success 83452289
pgmigrate_success 83455580
pgmigrate_success 83464854
pgmigrate_success 83506178
pgmigrate_success 83537290
pgmigrate_success 83540110
pgmigrate_success 83542402
pgmigrate_success 83544206
pgmigrate_success 83551936
pgmigrate_success 83590376
pgmigrate_success 83623100
pgmigrate_success 83624845
pgmigrate_success 83626169
pgmigrate_success 83627419
pgmigrate_success 83634616
pgmigrate_success 83674353
pgmigrate_success 83706947
pgmigrate_success 83708201
pgmigrate_success 83708751
pgmigrate_success 83708751
pgmigrate_success 83711490
pgmigrate_success 83715664
pgmigrate_success 83716235
pgmigrate_success 83723134
pgmigrate_success 83851757
pgmigrate_success 83854195
pgmigrate_success 83891983
pgmigrate_success 83992639
pgmigrate_success 84126952
pgmigrate_success 84199030
pgmigrate_success 84266897
pgmigrate_success 84266897
pgmigrate_success 84277507
pgmigrate_success 84310370
pgmigrate_success 84441823
pgmigrate_success 84621712
pgmigrate_success 84626886
pgmigrate_success 84630288
pgmigrate_success 84637058
pgmigrate_success 84640507
pgmigrate_success 84643373
pgmigrate_success 84646145
pgmigrate_success 84647885
pgmigrate_success 84649468
pgmigrate_success 84666307
pgmigrate_success 84675596
pgmigrate_success 84682180
pgmigrate_success 84704331
pgmigrate_success 84728915
pgmigrate_success 84736630
pgmigrate_success 84755904
pgmigrate_success 84761545
pgmigrate_success 84781962
pgmigrate_success 84803033
pgmigrate_success 84806685
pgmigrate_success 84807273
pgmigrate_success 84807466
pgmigrate_success 84807674
pgmigrate_success 84812333
pgmigrate_success 84813814
pgmigrate_success 84814640
pgmigrate_success 84816587
pgmigrate_success 84819670
pgmigrate_success 84821051
pgmigrate_success 84823940
pgmigrate_success 84826649
pgmigrate_success 84828184
pgmigrate_success 84834903
pgmigrate_success 84839662
pgmigrate_success 84847848
pgmigrate_success 84851454
pgmigrate_success 84865796
pgmigrate_success 84871313
pgmigrate_success 84880630
pgmigrate_success 84947913
pgmigrate_success 84948278
pgmigrate_success 84949393
pgmigrate_success 84950538
pgmigrate_success 84954127
pgmigrate_success 84970496
pgmigrate_success 84984631
pgmigrate_success 84992531
pgmigrate_success 85014247
pgmigrate_success 85015443
pgmigrate_success 85016825
pgmigrate_success 85025144
pgmigrate_success 85038655
pgmigrate_success 85044685
pgmigrate_success 85115721
pgmigrate_success 85116809
pgmigrate_success 85117558
pgmigrate_success 85118560
pgmigrate_success 85128397
pgmigrate_success 85136340
pgmigrate_success 85177560
pgmigrate_success 85211602
pgmigrate_success 85212142
pgmigrate_success 85212690
pgmigrate_success 85217539
pgmigrate_success 85227062
pgmigrate_success 85237181
pgmigrate_success 85303657
pgmigrate_success 85304193
pgmigrate_success 85305334
pgmigrate_success 85305828
pgmigrate_success 85311749
pgmigrate_success 85318811
pgmigrate_success 85321928
pgmigrate_success 85389759
pgmigrate_success 85391178
pgmigrate_success 85391817
pgmigrate_success 85393732
pgmigrate_success 85394461
pgmigrate_success 85395312
pgmigrate_success 85396230
pgmigrate_success 85396628
pgmigrate_success 85398530
pgmigrate_success 85399427
pgmigrate_success 85405438
pgmigrate_success 85405573
pgmigrate_success 85408959
pgmigrate_success 85411676
pgmigrate_success 85413046
pgmigrate_success 85417330
pgmigrate_success 85420309
pgmigrate_success 85423082
pgmigrate_success 85428274
pgmigrate_success 85429755
pgmigrate_success 85430745
pgmigrate_success 85438057
pgmigrate_success 85442396
pgmigrate_success 85443182
pgmigrate_success 85448687
pgmigrate_success 85451722
pgmigrate_success 85523358
pgmigrate_success 85555274
pgmigrate_success 85576671
pgmigrate_success 85582701
pgmigrate_success 85619734
pgmigrate_success 85622859
pgmigrate_success 85661976
pgmigrate_success 85728022
pgmigrate_success 85768178
pgmigrate_success 85804911
pgmigrate_success 85807185
pgmigrate_success 85844539
pgmigrate_success 85846887
pgmigrate_success 85851013
pgmigrate_success 85918752
pgmigrate_success 85956779
pgmigrate_success 85963301
pgmigrate_success 86000087
pgmigrate_success 86001917
pgmigrate_success 86058139
pgmigrate_success 86061622
pgmigrate_success 86130584
pgmigrate_success 86200459
pgmigrate_success 86202973
pgmigrate_success 86239326
pgmigrate_success 86242450
pgmigrate_success 86329121
pgmigrate_success 86333169
pgmigrate_success 86419609
pgmigrate_success 86470968
pgmigrate_success 86475121
pgmigrate_success 86509585
pgmigrate_success 86510687
pgmigrate_success 86622709
pgmigrate_success 86690963
pgmigrate_success 86730092
pgmigrate_success 86762614
pgmigrate_success 86765618
pgmigrate_success 86800379
pgmigrate_success 86801442
pgmigrate_success 86804441
pgmigrate_success 86804568
pgmigrate_success 86814006
pgmigrate_success 86822191
pgmigrate_success 86836651
pgmigrate_success 86847814
pgmigrate_success 86859285
pgmigrate_success 86869805
pgmigrate_success 86879304
