anon 933888
anon_thp 0
anon 168521728
anon_thp 165675008
anon 252407808
anon_thp 249561088
anon 409690112
anon_thp 406847488
anon 548098048
anon_thp 545259520
anon 684417024
anon_thp 681574400
anon 885739520
anon_thp 882900992
anon 1068199936
anon_thp 1065353216
anon 1274220544
anon_thp 1268776960
anon 1477640192
anon_thp 1472200704
anon 1597177856
anon_thp 1591738368
anon 1804800000
anon_thp 1799356416
anon 1903362048
anon_thp 1897922560
anon 2018705408
anon_thp 2013265920
anon 2222129152
anon_thp 2216689664
anon 2259877888
anon_thp 2254438400
anon 2408775680
anon_thp 2403336192
anon 2622685184
anon_thp 2617245696
anon 2788360192
anon_thp 2782920704
anon 2926772224
anon_thp 2921332736
anon 3077767168
anon_thp 3072327680
anon 3214086144
anon_thp 3208642560
anon 3427987456
anon_thp 3422552064
anon 3585273856
anon_thp 3579838464
anon 3679649792
anon_thp 3674210304
anon 3891466240
anon_thp 3886022656
anon 4055044096
anon_thp 4049600512
anon 4078112768
anon_thp 4072669184
anon 4101181440
anon_thp 4095737856
anon 4218613760
anon_thp 4213178368
anon 4434624512
anon_thp 4429185024
anon 4558356480
anon_thp 4552916992
anon 4596105216
anon_thp 4590665728
anon 4753391616
anon_thp 4747952128
anon 4916965376
anon_thp 4911529984
anon 5107810304
anon_thp 5102370816
anon 5321719808
anon_thp 5316280320
anon 5458030592
anon_thp 5452595200
anon 5663555584
anon_thp 5658116096
anon 5875367936
anon_thp 5869928448
anon 5990707200
anon_thp 5985271808
anon 6202527744
anon_thp 6197084160
anon 6370291712
anon_thp 6364856320
anon 6481448960
anon_thp 6476005376
anon 6693257216
anon_thp 6687817728
anon 6905069568
anon_thp 6899630080
anon 7118979072
anon_thp 7113539584
anon 7311917056
anon_thp 7306477568
anon 7521636352
anon_thp 7516192768
anon 7722958848
anon_thp 7717519360
anon 7926382592
anon_thp 7920943104
anon 8134000640
anon_thp 8128561152
anon 8284999680
anon_thp 8279556096
anon 8465346560
anon_thp 8459911168
anon 8652001280
anon_thp 8646557696
anon 8792510464
anon_thp 8787066880
anon 8979152896
anon_thp 8973713408
anon 9174188032
anon_thp 9168748544
anon 9356640256
anon_thp 9351200768
anon 9547481088
anon_thp 9542041600
anon 9748807680
anon_thp 9743368192
anon 9952231424
anon_thp 9946791936
anon 10015145984
anon_thp 10009706496
anon 10157752320
anon_thp 10152312832
anon 10319233024
anon_thp 10313793536
anon 10375856128
anon_thp 10370416640
anon 10579283968
anon_thp 10573840384
anon 10742857728
anon_thp 10737418240
anon 10868690944
anon_thp 10863247360
anon 10908532736
anon_thp 10903093248
anon 11074203648
anon_thp 11068768256
anon 11137122304
anon_thp 11131682816
anon 11342639104
anon_thp 11337203712
anon 11552362496
anon_thp 11546918912
anon 11762073600
anon_thp 11756634112
anon 11799822336
anon_thp 11794382848
anon 11808210944
anon_thp 11802771456
anon 11843862528
anon_thp 11838423040
anon 12015824896
anon_thp 12010389504
anon 12212961280
anon_thp 12207521792
anon 12422680576
anon_thp 12417236992
anon 12598833152
anon_thp 12593397760
anon 12772900864
anon_thp 12767461376
anon 12982620160
anon_thp 12977176576
anon 13183942656
anon_thp 13178503168
anon 13269925888
anon_thp 13264486400
anon 13429313536
anon_thp 13423869952
anon 13639024640
anon_thp 13633585152
anon 13825671168
anon_thp 13820231680
anon 13959884800
anon_thp 13954449408
anon 14100398080
anon_thp 14094958592
anon 14274461696
anon_thp 14269022208
anon 14473691136
anon_thp 14468251648
anon 14616297472
anon_thp 14610857984
anon 14805045248
anon_thp 14799601664
anon 15012659200
anon_thp 15007219712
anon 15190921216
anon_thp 15185477632
anon 15396438016
anon_thp 15390998528
anon 15604051968
anon_thp 15598616576
anon 15813775360
anon_thp 15808331776
anon 15981539328
anon_thp 15976103936
anon 16134635520
anon_thp 16129196032
anon 16266752000
anon_thp 16261316608
anon 16342253568
anon_thp 16336814080
anon 16533098496
anon_thp 16527654912
anon 16700866560
anon_thp 16695427072
anon 16908484608
anon_thp 16903045120
anon 17063669760
anon_thp 17058234368
anon 17271296000
anon_thp 17265852416
anon 17327915008
anon_thp 17322475520
anon 17501982720
anon_thp 17496539136
anon 17711697920
anon_thp 17706254336
anon 17864785920
anon_thp 17859346432
anon 18068332544
anon_thp 18060673024
anon 19044032512
anon_thp 19033751552
anon 19044028416
anon_thp 19033751552
anon 19046129664
anon_thp 19035848704
anon 19046129664
anon_thp 19035848704
anon 19046129664
anon_thp 19035848704
anon 19046129664
anon_thp 19035848704
anon 19046129664
anon_thp 19035848704
anon 19046129664
anon_thp 19035848704
anon 19046129664
anon_thp 19035848704
anon 19046125568
anon_thp 19035848704
anon 19046133760
anon_thp 19035848704
anon 19046129664
anon_thp 19035848704
anon 19046129664
anon_thp 19035848704
anon 19046129664
anon_thp 19035848704
anon 19044032512
anon_thp 19033751552
anon 19046129664
anon_thp 19035848704
anon 19046129664
anon_thp 19035848704
anon 19046125568
anon_thp 19035848704
anon 19046133760
anon_thp 19035848704
anon 19046129664
anon_thp 19035848704
anon 19046129664
anon_thp 19035848704
anon 19046125568
anon_thp 19035848704
anon 19046129664
anon_thp 19035848704
anon 19044028416
anon_thp 19033751552
anon 19046129664
anon_thp 19035848704
anon 19046133760
anon_thp 19035848704
anon 19046129664
anon_thp 19035848704
anon 19046125568
anon_thp 19035848704
anon 19046129664
anon_thp 19035848704
anon 19046129664
anon_thp 19035848704
anon 19046133760
anon_thp 19035848704
anon 19046129664
anon_thp 19035848704
anon 19044036608
anon_thp 19033751552
anon 19046133760
anon_thp 19035848704
anon 19046129664
anon_thp 19035848704
anon 19044032512
anon_thp 19033751552
anon 19046129664
anon_thp 19035848704
anon 19046129664
anon_thp 19035848704
anon 19046133760
anon_thp 19035848704
anon 19046125568
anon_thp 19035848704
anon 19046133760
anon_thp 19035848704
anon 19046129664
anon_thp 19035848704
anon 19046129664
anon_thp 19035848704
anon 19046133760
anon_thp 19035848704
anon 19046129664
anon_thp 19035848704
anon 19046129664
anon_thp 19035848704
anon 19046129664
anon_thp 19035848704
anon 19046129664
anon_thp 19035848704
anon 19046129664
anon_thp 19035848704
anon 19046129664
anon_thp 19035848704
anon 19046129664
anon_thp 19035848704
anon 19046129664
anon_thp 19035848704
anon 19046129664
anon_thp 19035848704
anon 19046133760
anon_thp 19035848704
anon 19046133760
anon_thp 19035848704
anon 19046129664
anon_thp 19035848704
anon 19046129664
anon_thp 19035848704
anon 19046133760
anon_thp 19035848704
anon 19046129664
anon_thp 19035848704
anon 19046129664
anon_thp 19035848704
anon 19046125568
anon_thp 19035848704
anon 19046129664
anon_thp 19035848704
anon 19046133760
anon_thp 19035848704
anon 19046129664
anon_thp 19035848704
anon 19046129664
anon_thp 19035848704
anon 19046129664
anon_thp 19035848704
anon 19046133760
anon_thp 19035848704
anon 19046129664
anon_thp 19035848704
anon 19046129664
anon_thp 19035848704
anon 19046129664
anon_thp 19035848704
anon 19046129664
anon_thp 19035848704
anon 18633039872
anon_thp 18624806912
anon 19046133760
anon_thp 19035848704
anon 19046125568
anon_thp 19035848704
anon 19046133760
anon_thp 19035848704
anon 19046129664
anon_thp 19035848704
anon 19046129664
anon_thp 19035848704
anon 19046125568
anon_thp 19035848704
anon 19046133760
anon_thp 19035848704
anon 19046129664
anon_thp 19035848704
anon 19046129664
anon_thp 19035848704
anon 19046133760
anon_thp 19035848704
anon 19046133760
anon_thp 19035848704
anon 19046129664
anon_thp 19035848704
anon 19046129664
anon_thp 19035848704
anon 19046129664
anon_thp 19035848704
anon 19046125568
anon_thp 19035848704
anon 19046129664
anon_thp 19035848704
anon 19046133760
anon_thp 19035848704
anon 19046129664
anon_thp 19035848704
anon 19046129664
anon_thp 19035848704
anon 19046129664
anon_thp 19035848704
anon 19046129664
anon_thp 19035848704
anon 19046129664
anon_thp 19035848704
anon 19046133760
anon_thp 19035848704
anon 19046129664
anon_thp 19035848704
anon 19046133760
anon_thp 19035848704
anon 19046129664
anon_thp 19035848704
anon 19046133760
anon_thp 19035848704
anon 19046133760
anon_thp 19035848704
anon 19046125568
anon_thp 19035848704
anon 19046129664
anon_thp 19035848704
anon 19046125568
anon_thp 19035848704
anon 19046129664
anon_thp 19035848704
anon 19046133760
anon_thp 19035848704
anon 19046133760
anon_thp 19035848704
anon 19046133760
anon_thp 19035848704
anon 19046129664
anon_thp 19035848704
anon 19046133760
anon_thp 19035848704
anon 19046133760
anon_thp 19035848704
anon 19046129664
anon_thp 19035848704
anon 19046133760
anon_thp 19035848704
anon 19046133760
anon_thp 19035848704
anon 19046133760
anon_thp 19035848704
anon 19046125568
anon_thp 19035848704
anon 19046129664
anon_thp 19035848704
anon 19046125568
anon_thp 19035848704
anon 19046129664
anon_thp 19035848704
anon 19046129664
anon_thp 19035848704
anon 19046129664
anon_thp 19035848704
anon 19046125568
anon_thp 19035848704
anon 19046129664
anon_thp 19035848704
anon 19046129664
anon_thp 19035848704
anon 19046133760
anon_thp 19035848704
anon 19046129664
anon_thp 19035848704
anon 19046125568
anon_thp 19035848704
anon 19046129664
anon_thp 19035848704
anon 19046133760
anon_thp 19035848704
anon 19046129664
anon_thp 19035848704
anon 19046125568
anon_thp 19035848704
anon 19046129664
anon_thp 19035848704
anon 19046129664
anon_thp 19035848704
anon 19046129664
anon_thp 19035848704
anon 19046129664
anon_thp 19035848704
anon 19046129664
anon_thp 19035848704
anon 19046133760
anon_thp 19035848704
anon 19046125568
anon_thp 19035848704
anon 19046129664
anon_thp 19035848704
anon 19046129664
anon_thp 19035848704
anon 19046129664
anon_thp 19035848704
anon 19046129664
anon_thp 19035848704
anon 19046129664
anon_thp 19035848704
anon 18018000896
anon_thp 18010341376
anon 19046129664
anon_thp 19035848704
anon 19046133760
anon_thp 19035848704
anon 19046129664
anon_thp 19035848704
anon 19046129664
anon_thp 19035848704
anon 19046129664
anon_thp 19035848704
anon 19046129664
anon_thp 19035848704
anon 19046125568
anon_thp 19035848704
anon 19046129664
anon_thp 19035848704
anon 19046129664
anon_thp 19035848704
anon 19046133760
anon_thp 19035848704
anon 19046129664
anon_thp 19035848704
anon 19046125568
anon_thp 19035848704
anon 19046129664
anon_thp 19035848704
anon 19046133760
anon_thp 19035848704
anon 19046129664
anon_thp 19035848704
anon 19046129664
anon_thp 19035848704
anon 19046133760
anon_thp 19035848704
anon 19046129664
anon_thp 19035848704
anon 19046133760
anon_thp 19035848704
anon 19046133760
anon_thp 19035848704
anon 19046129664
anon_thp 19035848704
anon 19046133760
anon_thp 19035848704
anon 19046125568
anon_thp 19035848704
anon 19046129664
anon_thp 19035848704
anon 19046125568
anon_thp 19035848704
anon 19046129664
anon_thp 19035848704
anon 19046129664
anon_thp 19035848704
anon 19046129664
anon_thp 19035848704
anon 19046125568
anon_thp 19035848704
anon 19046129664
anon_thp 19035848704
anon 19046129664
anon_thp 19035848704
anon 19046129664
anon_thp 19035848704
anon 19046133760
anon_thp 19035848704
anon 19046129664
anon_thp 19035848704
anon 19046125568
anon_thp 19035848704
anon 19046129664
anon_thp 19035848704
anon 19046133760
anon_thp 19035848704
anon 19046129664
anon_thp 19035848704
anon 19046133760
anon_thp 19035848704
anon 19046129664
anon_thp 19035848704
anon 19046129664
anon_thp 19035848704
anon 19046133760
anon_thp 19035848704
anon 19046129664
anon_thp 19035848704
anon 19046133760
anon_thp 19035848704
anon 19044032512
anon_thp 19033751552
anon 19046125568
anon_thp 19035848704
anon 19046133760
anon_thp 19035848704
anon 19046133760
anon_thp 19035848704
anon 19046129664
anon_thp 19035848704
anon 19046129664
anon_thp 19035848704
anon 19044032512
anon_thp 19033751552
anon 19046129664
anon_thp 19035848704
anon 19046133760
anon_thp 19035848704
anon 19046129664
anon_thp 19035848704
anon 19046133760
anon_thp 19035848704
anon 19046125568
anon_thp 19035848704
anon 19046129664
anon_thp 19035848704
anon 19046133760
anon_thp 19035848704
anon 19046129664
anon_thp 19035848704
anon 19046129664
anon_thp 19035848704
anon 19046125568
anon_thp 19035848704
anon 19046129664
anon_thp 19035848704
anon 19046133760
anon_thp 19035848704
anon 19046129664
anon_thp 19035848704
anon 19046129664
anon_thp 19035848704
anon 19046129664
anon_thp 19035848704
anon 19046129664
anon_thp 19035848704
anon 19046125568
anon_thp 19035848704
anon 19046129664
anon_thp 19035848704
anon 19046129664
anon_thp 19035848704
anon 19046133760
anon_thp 19035848704
anon 19044032512
anon_thp 19033751552
anon 19046133760
anon_thp 19035848704
anon 19046133760
anon_thp 19035848704
anon 19046129664
anon_thp 19035848704
anon 19046129664
anon_thp 19035848704
anon 19046129664
anon_thp 19035848704
anon 19046129664
anon_thp 19035848704
anon 19046129664
anon_thp 19035848704
anon 19046129664
anon_thp 19035848704
anon 19046129664
anon_thp 19035848704
anon 19046133760
anon_thp 19035848704
anon 19046129664
anon_thp 19035848704
anon 19046129664
anon_thp 19035848704
anon 19046125568
anon_thp 19035848704
anon 19046125568
anon_thp 19035848704
anon 19046133760
anon_thp 19035848704
anon 19046129664
anon_thp 19035848704
anon 19046129664
anon_thp 19035848704
anon 19046129664
anon_thp 19035848704
anon 19046146048
anon_thp 19035848704
anon 19046129664
anon_thp 19035848704
anon 19046129664
anon_thp 19035848704
anon 19046129664
anon_thp 19035848704
