anon 0
anon_thp 0
anon 272420864
anon_thp 270532608
anon 553439232
anon_thp 551550976
anon 836554752
anon_thp 834666496
anon 1120169984
anon_thp 1115684864
anon 1401188352
anon_thp 1396703232
anon 1684303872
anon_thp 1679818752
anon 1963225088
anon_thp 1958739968
anon 2246340608
anon_thp 2241855488
anon 2523164672
anon_thp 2518679552
anon 2810474496
anon_thp 2805989376
anon 3091492864
anon_thp 3087007744
anon 3366219776
anon_thp 3361734656
anon 3653529600
anon_thp 3649044480
anon 3936645120
anon_thp 3932160000
anon 4215566336
anon_thp 4211081216
anon 4504973312
anon_thp 4500488192
anon 4785991680
anon_thp 4781506560
anon 5067010048
anon_thp 5062524928
anon 5352222720
anon_thp 5347737600
anon 5635338240
anon_thp 5630853120
anon 5920550912
anon_thp 5916065792
anon 6199472128
anon_thp 6194987008
anon 6480490496
anon_thp 6476005376
anon 6765703168
anon_thp 6761218048
anon 7048818688
anon_thp 7044333568
anon 7331934208
anon_thp 7327449088
anon 7612952576
anon_thp 7608467456
anon 7902359552
anon_thp 7897874432
anon 8185475072
anon_thp 8180989952
anon 8462299136
anon_thp 8457814016
anon 8741220352
anon_thp 8736735232
anon 9034821632
anon_thp 9030336512
anon 9311645696
anon_thp 9307160576
anon 9590566912
anon_thp 9586081792
anon 9873682432
anon_thp 9869197312
anon 10171478016
anon_thp 10166992896
anon 10452496384
anon_thp 10448011264
anon 10737709056
anon_thp 10733223936
anon 11018727424
anon_thp 11014242304
anon 11308134400
anon_thp 11303649280
anon 11591249920
anon_thp 11586764800
anon 11874365440
anon_thp 11869880320
anon 12155383808
anon_thp 12150898688
anon 12444790784
anon_thp 12440305664
anon 12727906304
anon_thp 12723421184
anon 13008924672
anon_thp 13004439552
anon 13292040192
anon_thp 13287555072
anon 13583544320
anon_thp 13579059200
anon 13866659840
anon_thp 13862174720
anon 14153969664
anon_thp 14149484544
anon 14443376640
anon_thp 14438891520
anon 14728589312
anon_thp 14724104192
anon 15015899136
anon_thp 15011414016
anon 15299014656
anon_thp 15294529536
anon 15582130176
anon_thp 15577645056
anon 15873634304
anon_thp 15869149184
anon 16152555520
anon_thp 16148070400
anon 16435671040
anon_thp 16431185920
anon 16722980864
anon_thp 16718495744
anon 17020776448
anon_thp 17016291328
anon 17305989120
anon_thp 17301504000
anon 17593298944
anon_thp 17588813824
anon 17865928704
anon_thp 17861443584
anon 18772606976
anon_thp 18763218944
anon 19039182848
anon_thp 19029557248
anon 19041280000
anon_thp 19031654400
anon 19041280000
anon_thp 19031654400
anon 19041280000
anon_thp 19031654400
anon 19039182848
anon_thp 19029557248
anon 19041280000
anon_thp 19031654400
anon 19041280000
anon_thp 19031654400
anon 19041280000
anon_thp 19031654400
anon 19041280000
anon_thp 19031654400
anon 19041280000
anon_thp 19031654400
anon 19041280000
anon_thp 19031654400
anon 19041280000
anon_thp 19031654400
anon 19041280000
anon_thp 19031654400
anon 19041280000
anon_thp 19031654400
anon 19041280000
anon_thp 19031654400
anon 19039182848
anon_thp 19029557248
anon 19039182848
anon_thp 19029557248
anon 19041280000
anon_thp 19031654400
anon 19041280000
anon_thp 19031654400
anon 19041280000
anon_thp 19031654400
anon 19041570816
anon_thp 19035848704
anon 19041570816
anon_thp 19035848704
anon 19041570816
anon_thp 19035848704
anon 19041570816
anon_thp 19035848704
anon 19041570816
anon_thp 19035848704
anon 19041570816
anon_thp 19035848704
anon 19041570816
anon_thp 19035848704
anon 19041570816
anon_thp 19035848704
anon 19041570816
anon_thp 19035848704
anon 19041570816
anon_thp 19035848704
anon 19041570816
anon_thp 19035848704
anon 19041570816
anon_thp 19035848704
anon 19041570816
anon_thp 19035848704
anon 19041570816
anon_thp 19035848704
anon 19041570816
anon_thp 19035848704
anon 19041570816
anon_thp 19035848704
anon 19041570816
anon_thp 19035848704
anon 19041570816
anon_thp 19035848704
anon 19041570816
anon_thp 19035848704
anon 19041570816
anon_thp 19035848704
anon 19041570816
anon_thp 19035848704
anon 19041570816
anon_thp 19035848704
anon 19041570816
anon_thp 19035848704
anon 19041570816
anon_thp 19035848704
anon 19041570816
anon_thp 19035848704
anon 19041570816
anon_thp 19035848704
anon 19041570816
anon_thp 19035848704
anon 19041570816
anon_thp 19035848704
anon 19041570816
anon_thp 19035848704
anon 19041570816
anon_thp 19035848704
anon 19041570816
anon_thp 19035848704
anon 19041570816
anon_thp 19035848704
anon 19041570816
anon_thp 19035848704
anon 19041570816
anon_thp 19035848704
anon 19041570816
anon_thp 19035848704
anon 19041570816
anon_thp 19035848704
anon 19041570816
anon_thp 19035848704
anon 19041570816
anon_thp 19035848704
anon 19041570816
anon_thp 19035848704
anon 19041570816
anon_thp 19035848704
anon 19041570816
anon_thp 19035848704
anon 19041570816
anon_thp 19035848704
anon 19041570816
anon_thp 19035848704
anon 19041570816
anon_thp 19035848704
anon 19041570816
anon_thp 19035848704
anon 19041570816
anon_thp 19035848704
anon 19041570816
anon_thp 19035848704
anon 19041570816
anon_thp 19035848704
anon 19041570816
anon_thp 19035848704
anon 19041570816
anon_thp 19035848704
anon 19041570816
anon_thp 19035848704
anon 19041570816
anon_thp 19035848704
anon 19041570816
anon_thp 19035848704
anon 19041570816
anon_thp 19035848704
anon 19041570816
anon_thp 19035848704
anon 19041570816
anon_thp 19035848704
anon 18945101824
anon_thp 18939379712
anon 19041570816
anon_thp 19035848704
anon 19041570816
anon_thp 19035848704
anon 19041570816
anon_thp 19035848704
anon 19041570816
anon_thp 19035848704
anon 19041570816
anon_thp 19035848704
anon 19041570816
anon_thp 19035848704
anon 19041570816
anon_thp 19035848704
anon 19041570816
anon_thp 19035848704
anon 19041570816
anon_thp 19035848704
anon 19041570816
anon_thp 19035848704
anon 19041570816
anon_thp 19035848704
anon 19041570816
anon_thp 19035848704
anon 19041570816
anon_thp 19035848704
anon 19041570816
anon_thp 19035848704
anon 19041570816
anon_thp 19035848704
anon 19041570816
anon_thp 19035848704
anon 19041570816
anon_thp 19035848704
anon 19041570816
anon_thp 19035848704
anon 19041570816
anon_thp 19035848704
anon 19041570816
anon_thp 19035848704
anon 19041570816
anon_thp 19035848704
anon 19041570816
anon_thp 19035848704
anon 19041570816
anon_thp 19035848704
anon 19041570816
anon_thp 19035848704
anon 19041570816
anon_thp 19035848704
anon 19041570816
anon_thp 19035848704
anon 19041570816
anon_thp 19035848704
anon 19041570816
anon_thp 19035848704
anon 19041570816
anon_thp 19035848704
anon 19041570816
anon_thp 19035848704
anon 19041570816
anon_thp 19035848704
anon 19041570816
anon_thp 19035848704
anon 19041570816
anon_thp 19035848704
anon 19041570816
anon_thp 19035848704
anon 19041570816
anon_thp 19035848704
anon 19041570816
anon_thp 19035848704
anon 19041570816
anon_thp 19035848704
anon 19041570816
anon_thp 19035848704
anon 19041570816
anon_thp 19035848704
anon 19041570816
anon_thp 19035848704
anon 19041570816
anon_thp 19035848704
anon 19041570816
anon_thp 19035848704
anon 19041570816
anon_thp 19035848704
anon 19041570816
anon_thp 19035848704
anon 19041570816
anon_thp 19035848704
anon 19041570816
anon_thp 19035848704
anon 19041570816
anon_thp 19035848704
anon 19041570816
anon_thp 19035848704
anon 19041570816
anon_thp 19035848704
anon 19041570816
anon_thp 19035848704
anon 19041570816
anon_thp 19035848704
anon 19041570816
anon_thp 19035848704
anon 19041570816
anon_thp 19035848704
anon 19041570816
anon_thp 19035848704
anon 19041570816
anon_thp 19035848704
anon 19041570816
anon_thp 19035848704
anon 19041570816
anon_thp 19035848704
anon 19041570816
anon_thp 19035848704
anon 19041570816
anon_thp 19035848704
anon 19041570816
anon_thp 19035848704
anon 19041570816
anon_thp 19035848704
anon 19041570816
anon_thp 19035848704
anon 19041570816
anon_thp 19035848704
anon 19041570816
anon_thp 19035848704
anon 19041570816
anon_thp 19035848704
anon 19041570816
anon_thp 19035848704
anon 19041570816
anon_thp 19035848704
anon 19041570816
anon_thp 19035848704
anon 19041570816
anon_thp 19035848704
anon 19041570816
anon_thp 19035848704
anon 19041570816
anon_thp 19035848704
anon 19041570816
anon_thp 19035848704
anon 19041570816
anon_thp 19035848704
anon 19041570816
anon_thp 19035848704
anon 19041570816
anon_thp 19035848704
anon 19041570816
anon_thp 19035848704
anon 19041570816
anon_thp 19035848704
anon 19041570816
anon_thp 19035848704
anon 19041570816
anon_thp 19035848704
anon 19041570816
anon_thp 19035848704
anon 19041570816
anon_thp 19035848704
anon 19041570816
anon_thp 19035848704
anon 19041570816
anon_thp 19035848704
anon 19041570816
anon_thp 19035848704
anon 19041570816
anon_thp 19035848704
anon 19041570816
anon_thp 19035848704
anon 19041570816
anon_thp 19035848704
anon 19041570816
anon_thp 19035848704
anon 19041570816
anon_thp 19035848704
anon 19041570816
anon_thp 19035848704
anon 19041570816
anon_thp 19035848704
anon 19041570816
anon_thp 19035848704
anon 19041570816
anon_thp 19035848704
anon 19041570816
anon_thp 19035848704
anon 19041570816
anon_thp 19035848704
anon 19041570816
anon_thp 19035848704
anon 19041570816
anon_thp 19035848704
anon 19041570816
anon_thp 19035848704
anon 19039473664
anon_thp 19033751552
anon 19041570816
anon_thp 19035848704
anon 19041570816
anon_thp 19035848704
anon 19041570816
anon_thp 19035848704
anon 19041570816
anon_thp 19035848704
anon 19041570816
anon_thp 19035848704
anon 19041570816
anon_thp 19035848704
anon 19041570816
anon_thp 19035848704
anon 19041570816
anon_thp 19035848704
anon 19041570816
anon_thp 19035848704
anon 19041570816
anon_thp 19035848704
anon 19041570816
anon_thp 19035848704
anon 19041570816
anon_thp 19035848704
anon 19041570816
anon_thp 19035848704
anon 19041570816
anon_thp 19035848704
anon 18854686720
anon_thp 18849202176
anon 19041570816
anon_thp 19035848704
anon 19041570816
anon_thp 19035848704
anon 19041570816
anon_thp 19035848704
anon 19041570816
anon_thp 19035848704
anon 19041570816
anon_thp 19035848704
anon 19041570816
anon_thp 19035848704
anon 19041570816
anon_thp 19035848704
anon 19041570816
anon_thp 19035848704
anon 19041570816
anon_thp 19035848704
anon 19041570816
anon_thp 19035848704
anon 19041570816
anon_thp 19035848704
anon 19041570816
anon_thp 19035848704
anon 19041570816
anon_thp 19035848704
anon 19041570816
anon_thp 19035848704
anon 19041570816
anon_thp 19035848704
anon 19041570816
anon_thp 19035848704
anon 19041570816
anon_thp 19035848704
anon 19041570816
anon_thp 19035848704
anon 19041570816
anon_thp 19035848704
anon 19041570816
anon_thp 19035848704
anon 19041570816
anon_thp 19035848704
anon 19041570816
anon_thp 19035848704
anon 19041570816
anon_thp 19035848704
anon 19041570816
anon_thp 19035848704
anon 19041570816
anon_thp 19035848704
anon 19041570816
anon_thp 19035848704
anon 19041570816
anon_thp 19035848704
anon 19039473664
anon_thp 19033751552
anon 19041570816
anon_thp 19035848704
anon 19041570816
anon_thp 19035848704
anon 19041570816
anon_thp 19035848704
anon 19041570816
anon_thp 19035848704
anon 19041570816
anon_thp 19035848704
anon 19041570816
anon_thp 19035848704
anon 19041570816
anon_thp 19035848704
anon 19041570816
anon_thp 19035848704
anon 19041570816
anon_thp 19035848704
anon 19041570816
anon_thp 19035848704
anon 19041570816
anon_thp 19035848704
anon 19041570816
anon_thp 19035848704
anon 19041570816
anon_thp 19035848704
anon 19041570816
anon_thp 19035848704
anon 19041570816
anon_thp 19035848704
anon 19041570816
anon_thp 19035848704
anon 19041570816
anon_thp 19035848704
anon 19041570816
anon_thp 19035848704
anon 19041570816
anon_thp 19035848704
anon 19041570816
anon_thp 19035848704
anon 19041570816
anon_thp 19035848704
anon 19041570816
anon_thp 19035848704
anon 19041570816
anon_thp 19035848704
anon 19041570816
anon_thp 19035848704
anon 19041570816
anon_thp 19035848704
anon 19039473664
anon_thp 19033751552
anon 19041570816
anon_thp 19035848704
anon 19041570816
anon_thp 19035848704
anon 19041570816
anon_thp 19035848704
anon 19041570816
anon_thp 19035848704
anon 19041570816
anon_thp 19035848704
anon 19041570816
anon_thp 19035848704
anon 19041570816
anon_thp 19035848704
anon 19041570816
anon_thp 19035848704
anon 19041570816
anon_thp 19035848704
anon 19041570816
anon_thp 19035848704
anon 19041570816
anon_thp 19035848704
anon 19041570816
anon_thp 19035848704
anon 19041570816
anon_thp 19035848704
anon 19041570816
anon_thp 19035848704
anon 19041570816
anon_thp 19035848704
anon 19041570816
anon_thp 19035848704
anon 19041570816
anon_thp 19035848704
anon 19041570816
anon_thp 19035848704
anon 19039473664
anon_thp 19033751552
anon 19041570816
anon_thp 19035848704
anon 19041570816
anon_thp 19035848704
anon 19041570816
anon_thp 19035848704
anon 19041570816
anon_thp 19035848704
anon 19041570816
anon_thp 19035848704
anon 19016167424
anon_thp 19010682880
anon 19041570816
anon_thp 19035848704
anon 19041570816
anon_thp 19035848704
anon 19041570816
anon_thp 19035848704
anon 19041570816
anon_thp 19035848704
anon 19041570816
anon_thp 19035848704
anon 19041570816
anon_thp 19035848704
anon 19041570816
anon_thp 19035848704
anon 19041570816
anon_thp 19035848704
anon 19041570816
anon_thp 19035848704
anon 19041570816
anon_thp 19035848704
anon 19041570816
anon_thp 19035848704
anon 19041570816
anon_thp 19035848704
anon 19041570816
anon_thp 19035848704
anon 19041570816
anon_thp 19035848704
anon 19041570816
anon_thp 19035848704
anon 19041570816
anon_thp 19035848704
anon 19041570816
anon_thp 19035848704
anon 19041570816
anon_thp 19035848704
anon 19041570816
anon_thp 19035848704
anon 19041570816
anon_thp 19035848704
anon 19041570816
anon_thp 19035848704
anon 19041570816
anon_thp 19035848704
anon 19041570816
anon_thp 19035848704
anon 19041570816
anon_thp 19035848704
anon 19041570816
anon_thp 19035848704
anon 19041570816
anon_thp 19035848704
anon 19041570816
anon_thp 19035848704
anon 19041570816
anon_thp 19035848704
anon 19041570816
anon_thp 19035848704
anon 19041570816
anon_thp 19035848704
anon 19041570816
anon_thp 19035848704
anon 19041570816
anon_thp 19035848704
anon 19041570816
anon_thp 19035848704
anon 19041570816
anon_thp 19035848704
anon 19041570816
anon_thp 19035848704
anon 19041570816
anon_thp 19035848704
anon 19041570816
anon_thp 19035848704
anon 19041570816
anon_thp 19035848704
anon 19041570816
anon_thp 19035848704
anon 19041570816
anon_thp 19035848704
anon 19041570816
anon_thp 19035848704
anon 19041570816
anon_thp 19035848704
anon 19041570816
anon_thp 19035848704
anon 19041570816
anon_thp 19035848704
anon 19041570816
anon_thp 19035848704
anon 19041570816
anon_thp 19035848704
anon 19041570816
anon_thp 19035848704
anon 19041570816
anon_thp 19035848704
anon 19041570816
anon_thp 19035848704
anon 19041570816
anon_thp 19035848704
anon 19041570816
anon_thp 19035848704
anon 19041570816
anon_thp 19035848704
anon 19041570816
anon_thp 19035848704
anon 19041570816
anon_thp 19035848704
anon 19041570816
anon_thp 19035848704
anon 19041570816
anon_thp 19035848704
anon 19041570816
anon_thp 19035848704
anon 19041570816
anon_thp 19035848704
anon 19041570816
anon_thp 19035848704
anon 19041570816
anon_thp 19035848704
anon 19041570816
anon_thp 19035848704
anon 19041570816
anon_thp 19035848704
anon 19041570816
anon_thp 19035848704
anon 19041570816
anon_thp 19035848704
anon 19041570816
anon_thp 19035848704
anon 19041570816
anon_thp 19035848704
anon 19041570816
anon_thp 19035848704
anon 19041570816
anon_thp 19035848704
anon 19041570816
anon_thp 19035848704
anon 19041570816
anon_thp 19035848704
anon 19041570816
anon_thp 19035848704
anon 19041570816
anon_thp 19035848704
anon 19041570816
anon_thp 19035848704
anon 19041570816
anon_thp 19035848704
anon 19041570816
anon_thp 19035848704
anon 19041570816
anon_thp 19035848704
anon 19041570816
anon_thp 19035848704
anon 19041570816
anon_thp 19035848704
anon 19041570816
anon_thp 19035848704
anon 19041570816
anon_thp 19035848704
anon 19041570816
anon_thp 19035848704
anon 19041570816
anon_thp 19035848704
anon 19041570816
anon_thp 19035848704
anon 19041570816
anon_thp 19035848704
anon 19041570816
anon_thp 19035848704
anon 19041570816
anon_thp 19035848704
anon 19041570816
anon_thp 19035848704
anon 19041570816
anon_thp 19035848704
anon 19041570816
anon_thp 19035848704
anon 19041570816
anon_thp 19035848704
anon 19041570816
anon_thp 19035848704
anon 19041570816
anon_thp 19035848704
anon 19041570816
anon_thp 19035848704
anon 19041570816
anon_thp 19035848704
anon 19041570816
anon_thp 19035848704
anon 19041570816
anon_thp 19035848704
anon 19041570816
anon_thp 19035848704
anon 19041570816
anon_thp 19035848704
anon 19041570816
anon_thp 19035848704
anon 19041570816
anon_thp 19035848704
anon 19041570816
anon_thp 19035848704
anon 19041570816
anon_thp 19035848704
anon 19041570816
anon_thp 19035848704
anon 19041570816
anon_thp 19035848704
anon 19041570816
anon_thp 19035848704
anon 19041570816
anon_thp 19035848704
anon 19041570816
anon_thp 19035848704
anon 19041570816
anon_thp 19035848704
anon 19041570816
anon_thp 19035848704
anon 19041570816
anon_thp 19035848704
anon 19041570816
anon_thp 19035848704
anon 19041570816
anon_thp 19035848704
anon 19041570816
anon_thp 19035848704
anon 19041570816
anon_thp 19035848704
anon 19041570816
anon_thp 19035848704
anon 19041570816
anon_thp 19035848704
anon 19041570816
anon_thp 19035848704
anon 19041570816
anon_thp 19035848704
anon 19041570816
anon_thp 19035848704
anon 19041570816
anon_thp 19035848704
anon 19041570816
anon_thp 19035848704
anon 19041570816
anon_thp 19035848704
anon 19041570816
anon_thp 19035848704
anon 19041570816
anon_thp 19035848704
anon 19041570816
anon_thp 19035848704
anon 19041570816
anon_thp 19035848704
anon 19041570816
anon_thp 19035848704
anon 19041570816
anon_thp 19035848704
anon 19041570816
anon_thp 19035848704
anon 19041570816
anon_thp 19035848704
anon 19041570816
anon_thp 19035848704
anon 19041570816
anon_thp 19035848704
anon 19041570816
anon_thp 19035848704
anon 19041570816
anon_thp 19035848704
anon 19041570816
anon_thp 19035848704
