pgmigrate_success 85393984
pgmigrate_fail 293992
thp_migration_success 151661
thp_migration_fail 18
thp_migration_split 0
thp_fault_alloc 303348
thp_fault_fallback 0
thp_fault_fallback_charge 0
thp_collapse_alloc 27560
thp_collapse_alloc_failed 0
thp_file_alloc 344
thp_file_fallback 0
thp_file_fallback_charge 0
thp_file_mapped 0
thp_split_page 1779
thp_split_page_failed 15
thp_deferred_split_page 25600
thp_split_pmd 89333
thp_split_pud 0
thp_zero_page_alloc 1
thp_zero_page_alloc_failed 0
thp_swpout 0
thp_swpout_fallback 0
htmm_nr_promoted 67482089
htmm_nr_demoted 16513941
htmm_nr_sampled 0
htmm_missed_dramread 0
htmm_missed_nvmread 0
htmm_missed_write 0
htmm_alloc_dram 237422970
htmm_alloc_nvm 0
