pgmigrate_success 81179723
pgmigrate_fail 273473
thp_migration_success 143453
thp_migration_fail 18
thp_migration_split 0
thp_fault_alloc 289171
thp_fault_fallback 0
thp_fault_fallback_charge 0
thp_collapse_alloc 26283
thp_collapse_alloc_failed 0
thp_file_alloc 326
thp_file_fallback 0
thp_file_fallback_charge 0
thp_file_mapped 0
thp_split_page 1779
thp_split_page_failed 15
thp_deferred_split_page 24353
thp_split_pmd 84486
thp_split_pud 0
thp_zero_page_alloc 1
thp_zero_page_alloc_failed 0
thp_swpout 0
thp_swpout_fallback 0
htmm_nr_promoted 64709730
htmm_nr_demoted 15075956
htmm_nr_sampled 0
htmm_missed_dramread 0
htmm_missed_nvmread 0
htmm_missed_write 0
htmm_alloc_dram 230047055
htmm_alloc_nvm 0
