pgmigrate_success 207779776
pgmigrate_success 207779784
pgmigrate_success 207779786
pgmigrate_success 207779787
pgmigrate_success 207779788
pgmigrate_success 207779789
pgmigrate_success 207779790
pgmigrate_success 207779791
pgmigrate_success 207779792
pgmigrate_success 207779793
pgmigrate_success 207779794
pgmigrate_success 207779795
pgmigrate_success 207779796
pgmigrate_success 207779797
pgmigrate_success 207779798
pgmigrate_success 207779799
pgmigrate_success 207779800
pgmigrate_success 207779801
pgmigrate_success 207779802
pgmigrate_success 207779803
pgmigrate_success 207779804
pgmigrate_success 207779805
pgmigrate_success 207779806
pgmigrate_success 207779807
pgmigrate_success 207779807
pgmigrate_success 207779808
pgmigrate_success 207779809
pgmigrate_success 207779810
pgmigrate_success 207779811
pgmigrate_success 207779812
pgmigrate_success 207779813
pgmigrate_success 207779814
pgmigrate_success 207779815
pgmigrate_success 207779816
pgmigrate_success 207779817
pgmigrate_success 207779818
pgmigrate_success 207779819
pgmigrate_success 207779820
pgmigrate_success 207779821
pgmigrate_success 207779822
pgmigrate_success 207779823
pgmigrate_success 207779824
pgmigrate_success 207779825
pgmigrate_success 207779826
pgmigrate_success 207779827
pgmigrate_success 207779828
pgmigrate_success 207779829
pgmigrate_success 207779830
pgmigrate_success 207779831
pgmigrate_success 207779832
pgmigrate_success 207779833
pgmigrate_success 207779834
pgmigrate_success 207779835
pgmigrate_success 207779836
pgmigrate_success 207779837
pgmigrate_success 207779838
pgmigrate_success 207779839
pgmigrate_success 207779840
pgmigrate_success 207779841
pgmigrate_success 207779842
pgmigrate_success 207779843
pgmigrate_success 207779844
pgmigrate_success 207779845
pgmigrate_success 207779846
pgmigrate_success 207779847
pgmigrate_success 207779848
pgmigrate_success 207779849
pgmigrate_success 207779851
pgmigrate_success 207779852
pgmigrate_success 207779853
pgmigrate_success 207779854
pgmigrate_success 207779855
pgmigrate_success 207779856
pgmigrate_success 207779857
pgmigrate_success 207779858
pgmigrate_success 207779859
pgmigrate_success 207779860
pgmigrate_success 207779861
pgmigrate_success 207779862
pgmigrate_success 207779863
pgmigrate_success 207779864
pgmigrate_success 207779865
pgmigrate_success 207779866
pgmigrate_success 207779867
pgmigrate_success 207779868
pgmigrate_success 207779869
pgmigrate_success 207779870
pgmigrate_success 207779871
pgmigrate_success 207779872
pgmigrate_success 207779873
pgmigrate_success 207779874
pgmigrate_success 207779875
pgmigrate_success 207779876
pgmigrate_success 207779877
pgmigrate_success 207779878
pgmigrate_success 207779879
pgmigrate_success 207779880
pgmigrate_success 207813164
pgmigrate_success 207887916
pgmigrate_success 207887916
pgmigrate_success 207887916
pgmigrate_success 207887916
pgmigrate_success 207887916
pgmigrate_success 207887916
pgmigrate_success 207887916
pgmigrate_success 207887916
pgmigrate_success 207887916
pgmigrate_success 207887916
pgmigrate_success 207887916
pgmigrate_success 207887916
pgmigrate_success 207887916
pgmigrate_success 207887916
pgmigrate_success 207887916
pgmigrate_success 207887916
pgmigrate_success 207887916
pgmigrate_success 207887916
pgmigrate_success 207887916
pgmigrate_success 207887916
pgmigrate_success 207887916
pgmigrate_success 207887916
pgmigrate_success 207887916
pgmigrate_success 207887916
pgmigrate_success 207887916
pgmigrate_success 207887916
pgmigrate_success 207887916
pgmigrate_success 207887916
pgmigrate_success 207887916
pgmigrate_success 207887916
pgmigrate_success 207935021
pgmigrate_success 207979053
pgmigrate_success 207979053
pgmigrate_success 207979053
pgmigrate_success 207979053
pgmigrate_success 207979053
pgmigrate_success 207979053
pgmigrate_success 207979053
pgmigrate_success 207979053
pgmigrate_success 207979053
pgmigrate_success 207979053
pgmigrate_success 207979053
pgmigrate_success 207979053
pgmigrate_success 207979053
pgmigrate_success 207979053
pgmigrate_success 207979053
pgmigrate_success 207979053
pgmigrate_success 207979053
pgmigrate_success 207979053
pgmigrate_success 207979053
pgmigrate_success 207979053
pgmigrate_success 207979053
pgmigrate_success 207979053
pgmigrate_success 207979053
pgmigrate_success 207979053
pgmigrate_success 207979053
pgmigrate_success 207979053
pgmigrate_success 207979053
pgmigrate_success 207979053
pgmigrate_success 207979053
pgmigrate_success 207979053
pgmigrate_success 207979053
pgmigrate_success 207979053
pgmigrate_success 207979053
pgmigrate_success 207979053
pgmigrate_success 207979053
pgmigrate_success 207979053
pgmigrate_success 207979053
pgmigrate_success 207979053
pgmigrate_success 207979053
pgmigrate_success 207979053
pgmigrate_success 207979053
pgmigrate_success 207979053
pgmigrate_success 207979053
pgmigrate_success 207979053
pgmigrate_success 207979053
pgmigrate_success 207979053
pgmigrate_success 207979053
pgmigrate_success 207979053
pgmigrate_success 207979053
pgmigrate_success 207979053
pgmigrate_success 207979053
pgmigrate_success 207979053
pgmigrate_success 207979053
pgmigrate_success 207979053
pgmigrate_success 207979053
pgmigrate_success 207979053
pgmigrate_success 207979053
pgmigrate_success 207979053
pgmigrate_success 207979053
pgmigrate_success 207979053
pgmigrate_success 207979053
pgmigrate_success 207979053
pgmigrate_success 207979053
pgmigrate_success 207979053
pgmigrate_success 207979053
pgmigrate_success 207979053
pgmigrate_success 207979053
pgmigrate_success 207979053
pgmigrate_success 207979053
pgmigrate_success 207979053
pgmigrate_success 207979053
pgmigrate_success 207979053
pgmigrate_success 207979053
pgmigrate_success 207979053
pgmigrate_success 207979053
pgmigrate_success 207979053
pgmigrate_success 207979053
pgmigrate_success 207979053
pgmigrate_success 207979053
pgmigrate_success 207979053
pgmigrate_success 207979053
pgmigrate_success 207979053
pgmigrate_success 207979053
pgmigrate_success 207979053
pgmigrate_success 207979053
pgmigrate_success 207979053
pgmigrate_success 207979053
pgmigrate_success 207979053
pgmigrate_success 207979053
pgmigrate_success 207979053
pgmigrate_success 207979053
pgmigrate_success 207979053
pgmigrate_success 207979053
pgmigrate_success 207979053
pgmigrate_success 207979053
pgmigrate_success 207979053
pgmigrate_success 207979053
pgmigrate_success 207979053
pgmigrate_success 207979053
pgmigrate_success 207979053
pgmigrate_success 207979053
pgmigrate_success 207979053
pgmigrate_success 207979053
pgmigrate_success 207979053
pgmigrate_success 207979053
pgmigrate_success 207979053
pgmigrate_success 207979053
pgmigrate_success 207979053
pgmigrate_success 207979053
pgmigrate_success 207979053
pgmigrate_success 207979053
pgmigrate_success 207979053
pgmigrate_success 207979053
pgmigrate_success 207979053
pgmigrate_success 207979053
pgmigrate_success 207979053
pgmigrate_success 207979053
pgmigrate_success 207979053
pgmigrate_success 207979053
pgmigrate_success 207979053
pgmigrate_success 207979053
pgmigrate_success 207979053
pgmigrate_success 207979053
pgmigrate_success 207979053
pgmigrate_success 207979053
pgmigrate_success 207979053
pgmigrate_success 207979053
pgmigrate_success 207979053
pgmigrate_success 207979053
pgmigrate_success 207979053
pgmigrate_success 207979053
pgmigrate_success 207979053
pgmigrate_success 207979053
pgmigrate_success 207979053
pgmigrate_success 207979053
pgmigrate_success 207979053
pgmigrate_success 207979053
pgmigrate_success 207979053
pgmigrate_success 207979053
pgmigrate_success 207979053
pgmigrate_success 207979053
pgmigrate_success 207979053
pgmigrate_success 207979053
pgmigrate_success 207979053
pgmigrate_success 207979053
pgmigrate_success 207979053
pgmigrate_success 207979053
pgmigrate_success 207979053
pgmigrate_success 207979053
pgmigrate_success 207979053
pgmigrate_success 207979053
pgmigrate_success 207979053
pgmigrate_success 207979053
pgmigrate_success 207979053
pgmigrate_success 207979053
pgmigrate_success 207979053
pgmigrate_success 207979053
pgmigrate_success 207979053
pgmigrate_success 207979053
pgmigrate_success 207979053
pgmigrate_success 207979053
pgmigrate_success 207979053
pgmigrate_success 207979053
pgmigrate_success 207979053
pgmigrate_success 207979053
pgmigrate_success 207979053
pgmigrate_success 207979053
pgmigrate_success 207979053
pgmigrate_success 207979053
pgmigrate_success 207979053
pgmigrate_success 207979053
pgmigrate_success 207979053
pgmigrate_success 207979053
pgmigrate_success 207979053
pgmigrate_success 207979053
pgmigrate_success 207979053
pgmigrate_success 207979053
pgmigrate_success 207979053
pgmigrate_success 207979053
pgmigrate_success 207979053
pgmigrate_success 207979053
pgmigrate_success 207979053
pgmigrate_success 207979053
pgmigrate_success 207979053
pgmigrate_success 207979053
pgmigrate_success 207979053
pgmigrate_success 207979053
pgmigrate_success 207979053
pgmigrate_success 207979053
pgmigrate_success 207979053
pgmigrate_success 207979053
pgmigrate_success 207979053
pgmigrate_success 207979053
pgmigrate_success 207979053
pgmigrate_success 207979053
pgmigrate_success 207979053
pgmigrate_success 207979053
pgmigrate_success 207979053
pgmigrate_success 207979053
pgmigrate_success 207979053
pgmigrate_success 207979053
pgmigrate_success 207979053
pgmigrate_success 207979053
pgmigrate_success 207979053
pgmigrate_success 207979053
pgmigrate_success 207979053
pgmigrate_success 207979053
pgmigrate_success 207979053
pgmigrate_success 207979053
pgmigrate_success 207979053
pgmigrate_success 207979053
pgmigrate_success 207979053
pgmigrate_success 207979053
pgmigrate_success 207979053
pgmigrate_success 207979053
pgmigrate_success 207979053
pgmigrate_success 207979053
pgmigrate_success 207979053
pgmigrate_success 207979053
pgmigrate_success 207979053
pgmigrate_success 207979053
pgmigrate_success 207979053
pgmigrate_success 207979053
pgmigrate_success 207979053
pgmigrate_success 207979053
pgmigrate_success 207979053
pgmigrate_success 207979053
pgmigrate_success 207979053
pgmigrate_success 207979053
pgmigrate_success 207979053
pgmigrate_success 207979053
pgmigrate_success 207979053
pgmigrate_success 207979053
pgmigrate_success 207979053
pgmigrate_success 207979053
pgmigrate_success 207979053
pgmigrate_success 207979053
pgmigrate_success 207979053
pgmigrate_success 207979053
pgmigrate_success 207979053
pgmigrate_success 207979053
pgmigrate_success 207979053
pgmigrate_success 207979053
pgmigrate_success 207979053
pgmigrate_success 207979053
pgmigrate_success 207979053
pgmigrate_success 207979053
pgmigrate_success 207979053
pgmigrate_success 207979053
pgmigrate_success 207979053
pgmigrate_success 207979053
pgmigrate_success 207979053
pgmigrate_success 207979053
pgmigrate_success 207979053
pgmigrate_success 207979053
pgmigrate_success 207979053
pgmigrate_success 207979053
pgmigrate_success 207979053
pgmigrate_success 207979053
pgmigrate_success 207979053
pgmigrate_success 207979053
pgmigrate_success 207979053
pgmigrate_success 207979053
pgmigrate_success 207979053
pgmigrate_success 207979053
pgmigrate_success 207979053
pgmigrate_success 207979053
pgmigrate_success 207979053
pgmigrate_success 207979053
pgmigrate_success 207979053
pgmigrate_success 207979053
pgmigrate_success 207979053
pgmigrate_success 207979053
pgmigrate_success 207979053
pgmigrate_success 207979053
pgmigrate_success 207979053
pgmigrate_success 207979053
pgmigrate_success 207979053
pgmigrate_success 207979053
pgmigrate_success 207979053
pgmigrate_success 207979053
pgmigrate_success 207979053
pgmigrate_success 207979053
pgmigrate_success 207979053
pgmigrate_success 207979053
pgmigrate_success 207979053
pgmigrate_success 207979053
pgmigrate_success 207979053
pgmigrate_success 207979053
pgmigrate_success 207979053
pgmigrate_success 207979053
pgmigrate_success 207979053
pgmigrate_success 207979053
pgmigrate_success 207979053
pgmigrate_success 207979053
pgmigrate_success 207979053
pgmigrate_success 207979053
pgmigrate_success 207979053
pgmigrate_success 207979053
pgmigrate_success 207979053
pgmigrate_success 207979053
pgmigrate_success 207979053
pgmigrate_success 207979053
pgmigrate_success 207979053
pgmigrate_success 207979053
pgmigrate_success 207979053
pgmigrate_success 207979053
pgmigrate_success 207979053
pgmigrate_success 207979053
pgmigrate_success 207979053
pgmigrate_success 207979053
pgmigrate_success 207979053
pgmigrate_success 207979053
pgmigrate_success 207979053
pgmigrate_success 207979053
pgmigrate_success 207979053
pgmigrate_success 207979053
pgmigrate_success 207979053
pgmigrate_success 207979053
pgmigrate_success 207979053
pgmigrate_success 207979053
pgmigrate_success 207979053
pgmigrate_success 207979053
pgmigrate_success 207979053
pgmigrate_success 207979053
pgmigrate_success 207979053
pgmigrate_success 207979053
pgmigrate_success 207979053
pgmigrate_success 207979053
pgmigrate_success 207979053
pgmigrate_success 207979053
pgmigrate_success 207979053
pgmigrate_success 207979053
pgmigrate_success 207979053
pgmigrate_success 207979053
pgmigrate_success 207979053
pgmigrate_success 207979053
pgmigrate_success 207979053
pgmigrate_success 207979053
pgmigrate_success 207979053
pgmigrate_success 207979053
pgmigrate_success 207979053
pgmigrate_success 207979053
pgmigrate_success 207979053
pgmigrate_success 207979053
pgmigrate_success 207979053
pgmigrate_success 207979053
pgmigrate_success 207979053
pgmigrate_success 207979053
pgmigrate_success 207979053
pgmigrate_success 207979053
pgmigrate_success 207979053
pgmigrate_success 207979053
pgmigrate_success 207979053
pgmigrate_success 207979053
pgmigrate_success 207979053
pgmigrate_success 207979053
pgmigrate_success 207979053
pgmigrate_success 207979053
pgmigrate_success 207979053
pgmigrate_success 207979053
pgmigrate_success 207979053
pgmigrate_success 207979053
pgmigrate_success 207979053
pgmigrate_success 207979053
pgmigrate_success 207979053
pgmigrate_success 207979053
pgmigrate_success 207979053
pgmigrate_success 207979053
pgmigrate_success 207979053
pgmigrate_success 207979053
pgmigrate_success 207979053
pgmigrate_success 207979053
pgmigrate_success 207979053
pgmigrate_success 207979053
pgmigrate_success 207979053
pgmigrate_success 207979053
pgmigrate_success 207979053
pgmigrate_success 207979053
pgmigrate_success 207979053
pgmigrate_success 207979053
pgmigrate_success 207979053
pgmigrate_success 207979053
pgmigrate_success 207979053
pgmigrate_success 207979053
pgmigrate_success 207979053
pgmigrate_success 207979053
pgmigrate_success 207979053
pgmigrate_success 207979053
pgmigrate_success 207979053
pgmigrate_success 207979053
pgmigrate_success 207979053
pgmigrate_success 207979053
pgmigrate_success 207979053
pgmigrate_success 207979053
pgmigrate_success 207979053
pgmigrate_success 207979053
pgmigrate_success 207979053
pgmigrate_success 207979053
pgmigrate_success 207979053
pgmigrate_success 207979053
pgmigrate_success 207979053
pgmigrate_success 207979053
pgmigrate_success 207979053
pgmigrate_success 207979053
pgmigrate_success 207979053
pgmigrate_success 207979053
pgmigrate_success 207979053
pgmigrate_success 207979053
pgmigrate_success 207979053
pgmigrate_success 207979053
pgmigrate_success 207979053
pgmigrate_success 207979053
pgmigrate_success 207979053
pgmigrate_success 207979053
pgmigrate_success 207979053
pgmigrate_success 207979053
pgmigrate_success 207979053
pgmigrate_success 207979053
pgmigrate_success 207979053
pgmigrate_success 207979053
pgmigrate_success 207979053
pgmigrate_success 207979053
pgmigrate_success 207979053
pgmigrate_success 207979053
pgmigrate_success 207979053
pgmigrate_success 207979053
pgmigrate_success 207979053
pgmigrate_success 207979053
pgmigrate_success 207979053
pgmigrate_success 207979053
pgmigrate_success 207979053
pgmigrate_success 207979053
pgmigrate_success 207979053
pgmigrate_success 207979053
pgmigrate_success 207979053
pgmigrate_success 207979053
pgmigrate_success 207979053
pgmigrate_success 207979053
pgmigrate_success 207979053
pgmigrate_success 207979053
pgmigrate_success 207979053
pgmigrate_success 207979053
pgmigrate_success 207979053
pgmigrate_success 207979053
pgmigrate_success 207979053
pgmigrate_success 207979053
pgmigrate_success 207979053
pgmigrate_success 207979053
pgmigrate_success 207979053
pgmigrate_success 207979053
pgmigrate_success 207979053
pgmigrate_success 207979053
pgmigrate_success 207979053
pgmigrate_success 207979053
pgmigrate_success 207979053
pgmigrate_success 207979053
pgmigrate_success 207979053
pgmigrate_success 207979053
pgmigrate_success 207979053
pgmigrate_success 207979053
pgmigrate_success 207979053
pgmigrate_success 207979053
pgmigrate_success 207979053
pgmigrate_success 207979053
pgmigrate_success 207979053
pgmigrate_success 207979053
pgmigrate_success 207979053
pgmigrate_success 207979053
pgmigrate_success 207979053
pgmigrate_success 207979053
pgmigrate_success 207979053
pgmigrate_success 207979053
pgmigrate_success 207979053
pgmigrate_success 207979053
pgmigrate_success 207979053
pgmigrate_success 207979053
pgmigrate_success 207979053
pgmigrate_success 207979053
