hot 0 warm 0 cold 0
hot 1 warm 0 cold 0
hot 1 warm 0 cold 0
hot 1 warm 0 cold 0
hot 1 warm 0 cold 0
hot 1 warm 0 cold 0
hot 1 warm 0 cold 0
hot 1 warm 0 cold 0
hot 1 warm 0 cold 0
hot 1 warm 0 cold 0
hot 1 warm 0 cold 0
hot 1 warm 0 cold 0
hot 1 warm 0 cold 0
hot 1 warm 0 cold 0
hot 1 warm 0 cold 0
hot 1 warm 0 cold 0
hot 1 warm 0 cold 0
hot 1 warm 0 cold 0
hot 1 warm 0 cold 0
hot 1 warm 0 cold 0
hot 1 warm 0 cold 0
hot 1 warm 0 cold 0
hot 1 warm 0 cold 0
hot 1 warm 0 cold 0
hot 1 warm 0 cold 0
hot 1 warm 0 cold 0
hot 1 warm 0 cold 0
hot 1 warm 0 cold 0
hot 1 warm 0 cold 0
hot 1 warm 0 cold 0
hot 1 warm 0 cold 0
hot 1 warm 0 cold 0
hot 1 warm 0 cold 0
hot 1 warm 0 cold 0
hot 1 warm 0 cold 0
hot 1 warm 0 cold 0
hot 1 warm 0 cold 0
hot 1 warm 0 cold 0
hot 1 warm 0 cold 0
hot 1 warm 0 cold 0
hot 1 warm 0 cold 0
hot 1 warm 0 cold 0
hot 1 warm 0 cold 0
hot 1 warm 0 cold 0
hot 1 warm 0 cold 0
hot 1 warm 0 cold 0
hot 1 warm 0 cold 0
hot 1 warm 0 cold 0
hot 1 warm 0 cold 0
hot 1 warm 0 cold 0
hot 1 warm 0 cold 0
hot 1 warm 0 cold 0
hot 1 warm 0 cold 0
hot 1 warm 0 cold 0
hot 1 warm 0 cold 0
hot 1 warm 0 cold 0
hot 1 warm 0 cold 0
hot 1 warm 0 cold 0
hot 1 warm 0 cold 0
hot 1 warm 0 cold 0
hot 1 warm 0 cold 0
hot 1 warm 0 cold 0
hot 1 warm 0 cold 0
hot 26627 warm 0 cold 0
hot 189443 warm 0 cold 0
hot 246275 warm 0 cold 0
hot 296963 warm 0 cold 0
hot 288676 warm 0 cold 67679
hot 326592 warm 0 cold 87107
hot 269273 warm 0 cold 200746
hot 291818 warm 0 cold 232473
hot 159733 warm 0 cold 419342
hot 164347 warm 175104 cold 290312
hot 167425 warm 197120 cold 319490
hot 171013 warm 216064 cold 346110
hot 174086 warm 229888 cold 366077
hot 177158 warm 245760 cold 381437
hot 178695 warm 262144 cold 405500
hot 179719 warm 282112 cold 428540
hot 182279 warm 298496 cold 450044
hot 184839 warm 313344 cold 468476
hot 187399 warm 326656 cold 492540
hot 188935 warm 345088 cold 514556
hot 188936 warm 365056 cold 541179
hot 191496 warm 380928 cold 564731
hot 193545 warm 396288 cold 581626
hot 196617 warm 412672 cold 596986
hot 197129 warm 429056 cold 621050
hot 199689 warm 445952 cold 639994
hot 201225 warm 459264 cold 654330
hot 203273 warm 468480 cold 676858
hot 205321 warm 479744 cold 699898
hot 208393 warm 487424 cold 718842
hot 208905 warm 502272 cold 735738
hot 210441 warm 511488 cold 754170
hot 211465 warm 524288 cold 773114
hot 211977 warm 538624 cold 787962
hot 213513 warm 548864 cold 805370
hot 216585 warm 558080 cold 820218
hot 218633 warm 0 cold 1406458
hot 222217 warm 0 cold 1427962
hot 224265 warm 0 cold 1454074
hot 225801 warm 0 cold 1482234
hot 226313 warm 0 cold 1515002
hot 228361 warm 0 cold 1540602
hot 228361 warm 0 cold 1573370
hot 228361 warm 0 cold 1607674
hot 230409 warm 0 cold 1625594
hot 233481 warm 0 cold 1643002
hot 236553 warm 0 cold 1662458
hot 237065 warm 0 cold 1691642
hot 239113 warm 0 cold 1717242
hot 240649 warm 0 cold 1740794
hot 241161 warm 0 cold 1768442
hot 243209 warm 0 cold 1783290
hot 244233 warm 0 cold 1808890
hot 246281 warm 0 cold 1828346
hot 118279 warm 0 cold 1735162
hot 250887 warm 0 cold 1753594
hot 253447 warm 0 cold 1776634
hot 138409 warm 0 cold 4365574
hot 139433 warm 0 cold 4366598
hot 140457 warm 0 cold 4366598
hot 141993 warm 0 cold 4367622
hot 145065 warm 174080 cold 4194054
hot 147113 warm 182784 cold 4186374
hot 150185 warm 192512 cold 4176646
hot 152233 warm 199168 cold 4169478
hot 155817 warm 205824 cold 4162822
hot 158377 warm 218624 cold 4149510
hot 160425 warm 227840 cold 4139782
hot 162473 warm 237056 cold 4130054
hot 165033 warm 245248 cold 4121862
hot 167081 warm 253952 cold 4112646
hot 167081 warm 259584 cold 4108038
hot 168617 warm 266752 cold 4101382
hot 169641 warm 274944 cold 4093702
hot 170665 warm 286208 cold 4082950
hot 171689 warm 291840 cold 4077318
hot 173737 warm 294912 cold 4074758
hot 174249 warm 301568 cold 4068102
hot 178345 warm 308224 cold 4060934
hot 178857 warm 312832 cold 4056326
hot 180393 warm 318464 cold 4050694
hot 183465 warm 323584 cold 4045062
hot 183977 warm 329216 cold 4039430
hot 184489 warm 335360 cold 4033798
hot 186025 warm 338944 cold 4030726
hot 186537 warm 346624 cold 4024070
hot 187561 warm 354304 cold 4016390
hot 187561 warm 360448 cold 4010246
hot 188073 warm 366592 cold 4004102
hot 189097 warm 374272 cold 3995910
hot 192169 warm 383488 cold 3984134
hot 195753 warm 390144 cold 3975942
hot 196777 warm 397312 cold 3968262
hot 198313 warm 402944 cold 3962630
hot 199337 warm 409088 cold 3956486
hot 200361 warm 416768 cold 3948294
hot 202409 warm 424448 cold 3939590
hot 204969 warm 429568 cold 3933958
hot 206505 warm 436224 cold 3926790
hot 207529 warm 443392 cold 3919622
hot 208553 warm 452096 cold 3910918
hot 209065 warm 459264 cold 3903750
hot 210089 warm 468992 cold 3894022
hot 211113 warm 476160 cold 3887366
hot 211625 warm 485888 cold 3877638
hot 214185 warm 491008 cold 3870982
hot 217769 warm 495616 cold 3865350
hot 218281 warm 499712 cold 3861254
hot 21512 warm 506880 cold 3854085
hot 152072 warm 512000 cold 3848453
hot 154632 warm 517120 cold 3842309
hot 157704 warm 526336 cold 3832581
hot 160776 warm 534016 cold 3824389
hot 161800 warm 539136 cold 3818757
hot 163336 warm 548352 cold 3810053
hot 164872 warm 557056 cold 3800837
hot 166920 warm 563712 cold 3794181
hot 168968 warm 572928 cold 3784453
hot 173576 warm 580096 cold 3776261
hot 174600 warm 589824 cold 3766533
hot 177160 warm 600064 cold 3755781
hot 180232 warm 609280 cold 3744517
hot 182792 warm 619008 cold 3734277
hot 184328 warm 624640 cold 3728133
hot 184840 warm 627712 cold 3725061
hot 188936 warm 634368 cold 3716869
hot 190472 warm 644608 cold 3706629
hot 195592 warm 649728 cold 3699461
hot 198152 warm 654848 cold 3694853
hot 201224 warm 660480 cold 3687685
hot 204296 warm 668672 cold 3680005
hot 206344 warm 675840 cold 3671301
hot 209416 warm 681472 cold 3664645
hot 211464 warm 689152 cold 3654917
hot 216584 warm 697344 cold 3644677
hot 220168 warm 704000 cold 3636997
hot 223752 warm 707072 cold 3632901
hot 227336 warm 713216 cold 3624709
hot 230920 warm 721920 cold 3614981
hot 232968 warm 0 cold 4336901
hot 236040 warm 0 cold 4335877
hot 239112 warm 0 cold 4333829
hot 242184 warm 0 cold 4332805
hot 244232 warm 0 cold 4330757
hot 246792 warm 0 cold 4329733
hot 248328 warm 0 cold 4329733
hot 253448 warm 0 cold 4325125
hot 256008 warm 0 cold 4324101
hot 258056 warm 0 cold 4323077
hot 260616 warm 0 cold 4321029
hot 260616 warm 0 cold 4321029
hot 262152 warm 0 cold 4320005
hot 265224 warm 0 cold 4318469
hot 267272 warm 0 cold 4318469
hot 203782 warm 0 cold 3881474
hot 204294 warm 0 cold 4385917
hot 205318 warm 0 cold 4385917
hot 205830 warm 0 cold 4385917
hot 206854 warm 0 cold 4385917
hot 207366 warm 130048 cold 4255869
hot 207878 warm 133120 cold 4252797
hot 208902 warm 137728 cold 4248189
hot 96263 warm 140800 cold 4245117
hot 133639 warm 148480 cold 4237437
hot 136711 warm 150016 cold 4235389
hot 138247 warm 157184 cold 4227709
hot 138759 warm 162304 cold 4222589
hot 140295 warm 164864 cold 4220029
hot 141319 warm 169472 cold 4215421
hot 143367 warm 175616 cold 4209277
hot 144903 warm 179200 cold 4205693
hot 145927 warm 188416 cold 4196477
hot 146951 warm 194048 cold 4190845
hot 146951 warm 200704 cold 4184189
hot 147463 warm 206848 cold 4178045
hot 149511 warm 213504 cold 4171389
hot 150023 warm 222208 cold 4162685
hot 151047 warm 227328 cold 4157565
hot 152071 warm 231936 cold 4152957
hot 152583 warm 240640 cold 4144253
hot 153607 warm 246272 cold 4138621
hot 155143 warm 254464 cold 4130429
hot 157191 warm 261632 cold 4122749
hot 158727 warm 269312 cold 4115069
hot 159751 warm 274944 cold 4109437
hot 159751 warm 279552 cold 4104829
hot 160775 warm 285184 cold 4099197
hot 162823 warm 291840 cold 4091517
hot 163847 warm 299520 cold 4083837
hot 165383 warm 309248 cold 4074109
hot 167943 warm 316416 cold 4066941
hot 169479 warm 320512 cold 4062845
hot 172039 warm 327168 cold 4056189
hot 173063 warm 330752 cold 4052605
hot 174087 warm 338944 cold 4044413
hot 176135 warm 348672 cold 4034685
hot 177159 warm 356352 cold 4027005
hot 179207 warm 363520 cold 4018301
hot 181255 warm 372224 cold 4008573
hot 183815 warm 378368 cold 4002429
hot 184839 warm 382976 cold 3997309
hot 186375 warm 388096 cold 3991165
hot 187911 warm 390656 cold 3987581
hot 188935 warm 396288 cold 3981949
hot 189959 warm 404480 cold 3973757
hot 190983 warm 413184 cold 3965053
hot 192519 warm 422400 cold 3955837
hot 193543 warm 426496 cold 3951229
hot 197127 warm 430592 cold 3945597
hot 199175 warm 432640 cold 3942525
hot 200199 warm 442880 cold 3931773
hot 201735 warm 448000 cold 3925629
hot 203271 warm 456192 cold 3916413
hot 205319 warm 462848 cold 3909757
hot 205831 warm 468480 cold 3904125
hot 206855 warm 472064 cold 3900029
hot 146440 warm 476160 cold 3895933
hot 146952 warm 484352 cold 3887741
hot 150024 warm 489984 cold 3881085
hot 152072 warm 497152 cold 3872893
hot 154632 warm 505344 cold 3864189
hot 158728 warm 509440 cold 3859069
hot 160264 warm 516608 cold 3851901
hot 161800 warm 527872 cold 3839613
hot 163336 warm 533504 cold 3833981
hot 165896 warm 539136 cold 3827325
hot 167944 warm 543744 cold 3821693
hot 171528 warm 551424 cold 3812477
hot 174600 warm 559616 cold 3803261
hot 176648 warm 568832 cold 3794045
hot 178184 warm 577536 cold 3784829
hot 179720 warm 585728 cold 3776125
hot 183304 warm 589824 cold 3770493
hot 185352 warm 596992 cold 3762301
hot 185864 warm 603136 cold 3756157
hot 186376 warm 610816 cold 3747965
hot 188936 warm 620032 cold 3738237
hot 190984 warm 629248 cold 3727997
hot 192008 warm 634880 cold 3721853
hot 195592 warm 644096 cold 3711613
hot 196616 warm 651776 cold 3703933
hot 198152 warm 659968 cold 3694717
hot 200200 warm 665600 cold 3688061
hot 203272 warm 673280 cold 3678333
hot 205832 warm 678912 cold 3671677
hot 207368 warm 689152 cold 3661437
hot 209416 warm 693760 cold 3655293
hot 209928 warm 705024 cold 3644029
hot 211976 warm 707584 cold 3640445
hot 213000 warm 710144 cold 3637373
hot 214024 warm 716288 cold 3630717
hot 215048 warm 722432 cold 3623549
hot 217608 warm 0 cold 4343933
hot 219144 warm 0 cold 4343421
hot 220168 warm 0 cold 4343421
hot 222216 warm 0 cold 4342397
hot 224776 warm 0 cold 4340349
hot 227848 warm 0 cold 4338813
hot 229896 warm 0 cold 4337277
hot 233480 warm 0 cold 4335741
hot 233480 warm 0 cold 4335741
hot 234504 warm 0 cold 4335229
hot 236552 warm 0 cold 4334717
hot 238600 warm 0 cold 4334717
hot 240648 warm 0 cold 4333693
hot 242696 warm 0 cold 4332157
hot 249352 warm 0 cold 4327549
hot 249864 warm 0 cold 4327037
hot 250376 warm 0 cold 4326525
hot 252424 warm 0 cold 4325501
hot 131074 warm 0 cold 3281090
hot 133122 warm 0 cold 3282626
hot 134146 warm 0 cold 3291330
hot 135682 warm 0 cold 3297986
hot 137730 warm 0 cold 3304130
hot 139778 warm 0 cold 3309250
hot 193538 warm 629248 cold 2635970
hot 200194 warm 649216 cold 2621122
hot 209922 warm 666624 cold 2604738
hot 217090 warm 682496 cold 2589378
hot 224770 warm 697344 cold 2579138
hot 233474 warm 712192 cold 2563266
hot 243714 warm 0 cold 3273410
hot 249346 warm 0 cold 3275970
hot 257026 warm 0 cold 3279554
hot 263170 warm 0 cold 3279554
hot 271362 warm 0 cold 3283138
hot 283650 warm 0 cold 3280578
hot 290306 warm 0 cold 3280578
hot 296962 warm 0 cold 3278018
hot 303618 warm 0 cold 3280066
hot 311810 warm 0 cold 3280066
hot 320514 warm 0 cold 3279554
hot 165890 warm 158720 cold 3280578
hot 166914 warm 167936 cold 3279042
hot 168962 warm 172032 cold 3278530
hot 169986 warm 178176 cold 3280578
hot 172034 warm 189440 cold 3272386
hot 173570 warm 193536 cold 3272898
hot 174082 warm 200192 cold 3273410
hot 175618 warm 204288 cold 3275970
hot 176130 warm 210432 cold 3273922
hot 178178 warm 217600 cold 3268802
hot 179202 warm 222208 cold 3271874
hot 180738 warm 231936 cold 3264194
hot 183298 warm 236032 cold 3265730
hot 185858 warm 241664 cold 3264194
hot 187906 warm 247808 cold 3259586
hot 189954 warm 257024 cold 3253954
hot 190466 warm 261632 cold 3251394
hot 191490 warm 268800 cold 3247298
hot 192002 warm 274944 cold 3246274
hot 193538 warm 281088 cold 3244738
hot 194562 warm 289280 cold 3241154
hot 195586 warm 302592 cold 3233986
hot 197634 warm 309760 cold 3230914
hot 200194 warm 321536 cold 3223234
hot 202754 warm 331264 cold 3217602
hot 205314 warm 341504 cold 3211970
hot 206338 warm 351232 cold 3204290
hot 207874 warm 360448 cold 3200706
hot 209410 warm 367616 cold 3196610
hot 209922 warm 376832 cold 3192002
hot 210946 warm 384512 cold 3190466
hot 139265 warm 388608 cold 3033600
hot 141313 warm 398848 cold 3030016
hot 143361 warm 406528 cold 3029504
hot 144385 warm 416768 cold 3023872
hot 144897 warm 423936 cold 3026432
hot 147457 warm 428544 cold 3026432
hot 151041 warm 432128 cold 3027968
hot 154113 warm 444416 cold 3020800
hot 156161 warm 456704 cold 3016704
hot 158721 warm 466432 cold 3014656
hot 161281 warm 471552 cold 3015680
hot 161793 warm 478720 cold 3016704
hot 162817 warm 488960 cold 3015680
hot 164353 warm 494080 cold 3014144
hot 166401 warm 503808 cold 3011072
hot 168961 warm 513536 cold 3006976
hot 172033 warm 521216 cold 3002880
hot 174081 warm 526336 cold 3002880
hot 174593 warm 532480 cold 3005952
hot 176129 warm 542720 cold 3000832
hot 177665 warm 553472 cold 3000832
hot 181761 warm 560128 cold 2994176
hot 185857 warm 567296 cold 2993664
hot 186881 warm 574976 cold 2989056
hot 188929 warm 583680 cold 2990592
hot 192513 warm 588288 cold 2990592
hot 194049 warm 599040 cold 2986496
hot 196097 warm 603648 cold 2988032
hot 197121 warm 610816 cold 2982400
hot 199169 warm 616448 cold 2981888
hot 199681 warm 625152 cold 2977792
hot 201729 warm 630784 cold 2975744
hot 203265 warm 636928 cold 2974208
hot 204289 warm 643584 cold 2973184
hot 206337 warm 650752 cold 2970112
hot 206849 warm 659456 cold 2968576
hot 207873 warm 666112 cold 2967552
hot 210945 warm 674304 cold 2962432
hot 212993 warm 680448 cold 2963456
hot 215553 warm 0 cold 3651584
hot 218113 warm 0 cold 3657216
hot 219649 warm 0 cold 3660288
hot 221185 warm 0 cold 3664384
hot 223233 warm 0 cold 3666432
hot 227841 warm 0 cold 3670016
hot 230913 warm 0 cold 3675136
hot 233473 warm 0 cold 3679232
hot 234497 warm 0 cold 3679744
hot 236033 warm 0 cold 3681792
hot 238593 warm 0 cold 3684352
hot 242177 warm 0 cold 3684864
hot 243713 warm 0 cold 3685888
hot 246785 warm 0 cold 3689472
hot 250881 warm 0 cold 3691520
hot 187905 warm 0 cold 3692032
hot 189953 warm 0 cold 3696640
hot 193537 warm 0 cold 3696640
hot 196609 warm 807424 cold 2893824
hot 199169 warm 815104 cold 2888704
hot 201729 warm 823808 cold 2884096
hot 205313 warm 832000 cold 2877440
hot 207361 warm 837120 cold 2875392
hot 209921 warm 842752 cold 2876416
hot 148323 warm 24576 cold 2944706
hot 151395 warm 28672 cold 2951362
hot 152931 warm 35328 cold 2955970
hot 154979 warm 43008 cold 2961090
hot 156003 warm 48640 cold 2966722
hot 158051 warm 53248 cold 2979010
hot 216931 warm 560640 cold 2428610
hot 225635 warm 576512 cold 2418882
hot 231779 warm 594944 cold 2408130
hot 240483 warm 609280 cold 2395330
hot 248675 warm 626176 cold 2384578
hot 252771 warm 0 cold 3012802
hot 260963 warm 0 cold 3015874
hot 270691 warm 0 cold 3016898
hot 281955 warm 0 cold 3020482
hot 287587 warm 0 cold 3022018
hot 293731 warm 0 cold 3028162
hot 172387 warm 128512 cold 3033794
hot 173411 warm 134656 cold 3043010
hot 174435 warm 139776 cold 3048642
hot 175459 warm 146432 cold 3049666
hot 177507 warm 150528 cold 3051714
hot 178531 warm 156672 cold 3046594
hot 179043 warm 165376 cold 3045570
hot 179043 warm 173568 cold 3048642
hot 179555 warm 180736 cold 3054274
hot 181091 warm 186880 cold 3061954
hot 183651 warm 197632 cold 3061442
hot 184675 warm 203776 cold 3064002
hot 186211 warm 212480 cold 3070658
hot 186723 warm 218624 cold 3082434
hot 188259 warm 227840 cold 3084482
hot 188771 warm 239616 cold 3079874
hot 189283 warm 246784 cold 3075778
hot 189795 warm 252928 cold 3081410
hot 191843 warm 260608 cold 3079874
hot 193379 warm 266752 cold 3083458
hot 194403 warm 275456 cold 3082946
hot 195939 warm 282112 cold 3084482
hot 195939 warm 289280 cold 3081922
hot 196451 warm 297472 cold 3081922
hot 197987 warm 301568 cold 3087554
hot 198499 warm 309248 cold 3087042
hot 199011 warm 314880 cold 3087042
hot 5635 warm 320000 cold 3016386
hot 136195 warm 325632 cold 2883778
hot 137731 warm 333312 cold 2881730
hot 140291 warm 343552 cold 2880706
hot 143875 warm 348160 cold 2881218
hot 146435 warm 356352 cold 2880194
hot 149507 warm 363520 cold 2878658
hot 151043 warm 371712 cold 2876098
hot 153091 warm 380928 cold 2874050
hot 153603 warm 388608 cold 2874050
hot 154627 warm 394752 cold 2871490
hot 158211 warm 401408 cold 2867394
hot 158211 warm 409088 cold 2864834
hot 160771 warm 417792 cold 2861250
hot 162819 warm 425984 cold 2858690
hot 164867 warm 433152 cold 2855106
hot 167427 warm 443392 cold 2851010
hot 169475 warm 454656 cold 2849280
hot 171011 warm 460800 cold 2851328
hot 173059 warm 467968 cold 2850304
hot 173059 warm 476672 cold 2851328
hot 174595 warm 483840 cold 2848256
hot 176131 warm 493056 cold 2848768
hot 178691 warm 498176 cold 2847744
hot 179715 warm 503296 cold 2855424
hot 180227 warm 513536 cold 2855936
hot 183299 warm 519680 cold 2860544
hot 183811 warm 527360 cold 2860032
hot 184835 warm 535040 cold 2861568
hot 186883 warm 542720 cold 2863104
hot 187907 warm 550912 cold 2863104
hot 190979 warm 562176 cold 2856448
hot 191491 warm 571392 cold 2851328
hot 193539 warm 577024 cold 2854912
hot 195587 warm 584192 cold 2855424
hot 197123 warm 594432 cold 2856960
hot 198147 warm 603648 cold 2855936
hot 199171 warm 611840 cold 2858496
hot 200195 warm 621568 cold 2858496
hot 201731 warm 629760 cold 2857472
hot 202755 warm 639488 cold 2855936
hot 202755 warm 649216 cold 2853376
hot 205315 warm 654848 cold 2849280
hot 206339 warm 663552 cold 2842112
hot 207363 warm 674304 cold 2839040
hot 207875 warm 680960 cold 2840576
hot 207875 warm 689152 cold 2844160
hot 208899 warm 695808 cold 2846208
hot 209923 warm 705024 cold 2843648
hot 210947 warm 714240 cold 2840064
hot 211971 warm 719360 cold 2840576
hot 212995 warm 726528 cold 2842112
hot 216579 warm 736256 cold 2837504
hot 218627 warm 743936 cold 2835968
hot 158211 warm 749568 cold 2832896
hot 161283 warm 759296 cold 2831360
hot 162307 warm 769024 cold 2823680
hot 163331 warm 775680 cold 2823680
hot 164867 warm 782848 cold 2819584
hot 169987 warm 788992 cold 2817536
hot 174083 warm 795136 cold 2812416
hot 178691 warm 805376 cold 2807808
hot 182275 warm 812544 cold 2800640
hot 185859 warm 819712 cold 2798592
hot 190467 warm 824832 cold 2797056
hot 192515 warm 832000 cold 2797056
hot 195587 warm 839680 cold 2793984
hot 197635 warm 847872 cold 2793984
hot 198659 warm 855552 cold 2793472
hot 201219 warm 862208 cold 2788352
hot 203267 warm 873472 cold 2783744
hot 204291 warm 883712 cold 2776064
hot 130567 warm 512 cold 6144
hot 160220 warm 17409 cold 2451650
hot 161756 warm 22529 cold 2462914
hot 162268 warm 30209 cold 2465986
hot 162780 warm 35329 cold 2479298
hot 164316 warm 40961 cold 2491586
hot 213981 warm 439808 cold 2062530
hot 222173 warm 455168 cold 2056386
hot 229341 warm 472064 cold 2049218
hot 236509 warm 487936 cold 2040002
hot 242141 warm 502272 cold 2034882
hot 248285 warm 523264 cold 2028226
hot 255453 warm 0 cold 2557122
hot 262109 warm 0 cold 2566850
hot 272861 warm 0 cold 2568386
hot 283613 warm 0 cold 2574530
hot 292317 warm 0 cold 2579138
hot 298461 warm 0 cold 2592962
hot 180188 warm 125441 cold 2601666
hot 182236 warm 131073 cold 2605762
hot 183260 warm 137729 cold 2613954
hot 184796 warm 144897 cold 2619586
hot 187868 warm 150529 cold 2624706
hot 188892 warm 154625 cold 2633922
hot 190940 warm 161793 cold 2633922
hot 191964 warm 174081 cold 2631874
hot 194012 warm 179713 cold 2636994
hot 194524 warm 188417 cold 2644674
hot 195548 warm 196609 cold 2651842
hot 196572 warm 203777 cold 2652866
hot 197596 warm 210433 cold 2663618
hot 199644 warm 215041 cold 2670786
hot 200668 warm 222721 cold 2675394
hot 201692 warm 228353 cold 2681026
hot 202204 warm 237569 cold 2683074
hot 203740 warm 247809 cold 2686146
