hot 0 warm 0 cold 0
hot 1 warm 0 cold 0
hot 1 warm 0 cold 0
hot 1 warm 0 cold 0
hot 1 warm 0 cold 0
hot 1 warm 0 cold 0
hot 1 warm 0 cold 0
hot 1 warm 0 cold 0
hot 1 warm 0 cold 0
hot 1 warm 0 cold 0
hot 1 warm 0 cold 0
hot 1 warm 0 cold 0
hot 1 warm 0 cold 0
hot 1 warm 0 cold 0
hot 1 warm 0 cold 0
hot 1 warm 0 cold 0
hot 1 warm 0 cold 0
hot 1 warm 0 cold 0
hot 1 warm 0 cold 0
hot 1 warm 0 cold 0
hot 1 warm 0 cold 0
hot 1 warm 0 cold 0
hot 1 warm 0 cold 0
hot 1 warm 0 cold 0
hot 1 warm 0 cold 0
hot 1 warm 0 cold 0
hot 1 warm 0 cold 0
hot 1 warm 0 cold 0
hot 1 warm 0 cold 0
hot 1 warm 0 cold 0
hot 1 warm 0 cold 0
hot 1 warm 0 cold 0
hot 1 warm 0 cold 0
hot 1 warm 0 cold 0
hot 1 warm 0 cold 0
hot 1 warm 0 cold 0
hot 1 warm 0 cold 0
hot 1 warm 0 cold 0
hot 1 warm 0 cold 0
hot 1 warm 0 cold 0
hot 1 warm 0 cold 0
hot 1 warm 0 cold 0
hot 1 warm 0 cold 0
hot 1 warm 0 cold 0
hot 1 warm 0 cold 0
hot 1 warm 0 cold 0
hot 1 warm 0 cold 0
hot 1 warm 0 cold 0
hot 1 warm 0 cold 0
hot 1 warm 0 cold 0
hot 1 warm 0 cold 0
hot 1 warm 0 cold 0
hot 1 warm 0 cold 0
hot 1 warm 0 cold 0
hot 1 warm 0 cold 0
hot 1 warm 0 cold 0
hot 1 warm 0 cold 0
hot 1 warm 0 cold 0
hot 1 warm 0 cold 0
hot 1 warm 0 cold 0
hot 1 warm 0 cold 0
hot 1 warm 0 cold 0
hot 1 warm 0 cold 0
hot 6659 warm 0 cold 0
hot 176130 warm 0 cold 0
hot 240642 warm 0 cold 0
hot 359938 warm 0 cold 0
hot 428034 warm 0 cold 0
hot 490498 warm 0 cold 0
hot 394789 warm 0 cold 110045
hot 464421 warm 0 cold 120797
hot 361509 warm 0 cold 227805
hot 363045 warm 0 cold 232925
hot 363557 warm 0 cold 241629
hot 450086 warm 0 cold 285660
hot 458790 warm 0 cold 289244
hot 278054 warm 191488 cold 3962022
hot 280102 warm 189952 cold 3962022
hot 283174 warm 189440 cold 3960486
hot 291366 warm 181248 cold 3961510
hot 298022 warm 174592 cold 3962534
hot 299046 warm 173568 cold 3963046
hot 302630 warm 172032 cold 3961510
hot 305191 warm 169472 cold 3962021
hot 318503 warm 156160 cold 3963045
hot 324647 warm 150016 cold 3964069
hot 372775 warm 0 cold 4075173
hot 374311 warm 0 cold 4073637
hot 255523 warm 0 cold 3952807
hot 391203 warm 0 cold 3943591
hot 419363 warm 0 cold 3924135
hot 177054 warm 0 cold 834560
hot 204190 warm 306176 cold 4021749
hot 214430 warm 307712 cold 4013557
hot 237470 warm 331776 cold 3967989
hot 266654 warm 333312 cold 3939829
hot 315294 warm 0 cold 4228085
hot 371102 warm 0 cold 4178421
hot 418206 warm 0 cold 4134901
hot 472990 warm 0 cold 4083189
hot 167326 warm 366080 cold 4024821
hot 171422 warm 406016 cold 3983349
hot 175518 warm 448000 cold 3937781
hot 179614 warm 456704 cold 3928053
hot 183198 warm 475136 cold 3907061
hot 189342 warm 512000 cold 3865589
hot 195998 warm 558080 cold 3815413
hot 200094 warm 574464 cold 3795957
hot 202654 warm 573440 cold 3795957
hot 213918 warm 599552 cold 3760629
hot 224670 warm 634880 cold 3717109
hot 131107 warm 201216 cold 4316724
hot 350243 warm 772608 cold 3526196
hot 234530 warm 0 cold 4152371
hot 253474 warm 769024 cold 3364403
hot 304162 warm 0 cold 4082739
hot 352802 warm 780288 cold 3253811
hot 404002 warm 0 cold 3982899
hot 451106 warm 0 cold 3935795
hot 495138 warm 0 cold 3891763
hot 196130 warm 348160 cold 3842611
hot 203298 warm 0 cold 4183603
hot 208418 warm 0 cold 4178483
hot 215586 warm 459776 cold 3711539
hot 220706 warm 492544 cold 3673651
hot 228386 warm 524800 cold 3633715
hot 239138 warm 0 cold 4147763
hot 249890 warm 0 cold 4137011
hot 258082 warm 0 cold 4128819
hot 267823 warm 640000 cold 3479078
hot 276527 warm 0 cold 4110374
hot 285744 warm 0 cold 4101157
hot 292912 warm 0 cold 4093989
hot 306224 warm 0 cold 4080677
hot 316976 warm 0 cold 4069925
hot 328240 warm 0 cold 4058661
hot 335408 warm 0 cold 4051493
hot 345136 warm 0 cold 4041765
hot 295982 warm 0 cold 3828773
hot 302638 warm 0 cold 3822117
hot 318510 warm 877056 cold 2929189
hot 331822 warm 898048 cold 2894885
hot 343598 warm 919552 cold 2861605
hot 357934 warm 0 cold 3766821
hot 373806 warm 0 cold 3750949
hot 389166 warm 0 cold 3735589
hot 395822 warm 0 cold 3728933
hot 395822 warm 0 cold 3728933
hot 398382 warm 0 cold 3726373
hot 407086 warm 0 cold 3717669
hot 422446 warm 0 cold 3702309
hot 432686 warm 0 cold 3692069
hot 443438 warm 0 cold 3681317
hot 456238 warm 0 cold 3668517
hot 472110 warm 0 cold 3652645
hot 489006 warm 0 cold 3635749
hot 172080 warm 0 cold 3952675
hot 173104 warm 0 cold 3951651
hot 132657 warm 0 cold 32768
hot 134156 warm 0 cold 4425282
hot 135180 warm 0 cold 4424258
hot 188969 warm 524288 cold 3846181
hot 15920 warm 550400 cold 3731493
hot 151088 warm 565248 cold 3581477
hot 158256 warm 590336 cold 3549221
hot 163888 warm 617984 cold 3515941
hot 169520 warm 653312 cold 3474981
hot 179248 warm 684032 cold 3434533
hot 184880 warm 718336 cold 3394597
hot 187952 warm 755200 cold 3354661
hot 196656 warm 784384 cold 3316773
hot 201264 warm 819200 cold 3277349
hot 210992 warm 844288 cold 3242533
hot 214576 warm 856064 cold 3227173
hot 216112 warm 855040 cold 3226661
hot 217648 warm 854528 cold 3225637
hot 221232 warm 858624 cold 3217957
hot 231984 warm 0 cold 4065829
hot 243760 warm 0 cold 4054053
hot 252976 warm 0 cold 4044837
hot 258608 warm 0 cold 4039205
hot 267312 warm 1007616 cold 3022885
hot 281136 warm 0 cold 4016677
hot 297008 warm 0 cold 4000805
hot 308272 warm 0 cold 3989541
hot 325168 warm 0 cold 3972645
hot 150574 warm 0 cold 3885093
hot 283694 warm 0 cold 3751973
hot 294446 warm 1112064 cold 2629157
hot 311342 warm 1132032 cold 2592293
hot 323118 warm 1157120 cold 2555429
hot 337966 warm 0 cold 3697701
hot 347694 warm 0 cold 3687973
hot 362542 warm 0 cold 3673125
hot 375342 warm 0 cold 3660325
hot 384558 warm 0 cold 3651109
hot 398382 warm 0 cold 3637285
hot 412726 warm 0 cold 3622941
hot 431670 warm 0 cold 3603997
hot 447542 warm 0 cold 3588125
hot 459318 warm 0 cold 3576349
hot 473654 warm 0 cold 3562013
hot 166425 warm 323613 cold 3545629
hot 168473 warm 0 cold 3867194
hot 170521 warm 0 cold 3865146
hot 173081 warm 366109 cold 3496477
hot 175129 warm 378909 cold 3484160
hot 177689 warm 394781 cold 3478016
hot 179225 warm 408605 cold 3472384
hot 182809 warm 417309 cold 3476480
hot 34 warm 430621 cold 3472896
hot 131106 warm 433693 cold 3472896
hot 135714 warm 449565 cold 3466240
hot 138274 warm 456221 cold 3460608
hot 138274 warm 456221 cold 3460608
hot 138786 warm 455709 cold 3460608
hot 141858 warm 471581 cold 3449344
hot 142882 warm 489501 cold 3440128
hot 143185 warm 4608 cold 4382259
hot 146257 warm 6656 cold 4377139
hot 157009 warm 663581 cold 3709462
hot 161105 warm 701981 cold 3666966
hot 167249 warm 739869 cold 3622934
hot 172881 warm 772637 cold 3584534
hot 174929 warm 783901 cold 3571222
hot 175953 warm 783389 cold 3570710
hot 176465 warm 782877 cold 3570710
hot 176977 warm 784413 cold 3568662
hot 183633 warm 811549 cold 3534870
hot 191825 warm 839709 cold 3498518
hot 198993 warm 867357 cold 3463702
hot 206161 warm 897053 cold 3426838
hot 209233 warm 931869 cold 3388950
hot 215889 warm 963613 cold 3350550
hot 48146 warm 992285 cold 3228182
hot 180242 warm 996893 cold 3091478
hot 189970 warm 1015837 cold 3062806
hot 196626 warm 1043485 cold 3028502
hot 204306 warm 1066525 cold 2997782
hot 211986 warm 1091101 cold 2965526
hot 219165 warm 1118749 cold 2930699
hot 226845 warm 0 cold 4041768
hot 240157 warm 0 cold 4028456
hot 253469 warm 0 cold 4015144
hot 261149 warm 1207325 cold 2800139
hot 270877 warm 0 cold 3997736
hot 283677 warm 0 cold 3984936
hot 293917 warm 0 cold 3974696
hot 307229 warm 0 cold 3961384
hot 321053 warm 0 cold 3947560
hot 335901 warm 0 cold 3932712
hot 349213 warm 0 cold 3919400
hot 364061 warm 0 cold 3904552
hot 375837 warm 0 cold 3892776
hot 388125 warm 0 cold 3880488
hot 401949 warm 0 cold 3866664
hot 412701 warm 0 cold 3855912
hot 421405 warm 0 cold 3847208
hot 438301 warm 0 cold 3830312
hot 277021 warm 0 cold 3758109
hot 408605 warm 0 cold 3762205
hot 418333 warm 0 cold 3765277
hot 429597 warm 0 cold 3764253
hot 438813 warm 0 cold 3762717
hot 450589 warm 0 cold 3763741
hot 460317 warm 0 cold 3762717
hot 475677 warm 0 cold 3753501
hot 483869 warm 0 cold 3754525
hot 147485 warm 347136 cold 3750941
hot 149021 warm 355840 cold 3752477
hot 151069 warm 365568 cold 3750429
hot 152605 warm 379392 cold 3740701
hot 154141 warm 389120 cold 3735069
hot 155677 warm 404992 cold 3725853
hot 158749 warm 414720 cold 3725853
hot 158749 warm 429056 cold 3719709
hot 132138 warm 28634 cold 4386344
hot 132138 warm 28634 cold 4386344
hot 162308 warm 588288 cold 3796520
hot 163844 warm 621568 cold 3761704
hot 165380 warm 657408 cold 3724328
hot 167428 warm 695808 cold 3683880
hot 169988 warm 732160 cold 3644968
hot 174596 warm 760320 cold 3612200
hot 6173 warm 789504 cold 3489320
hot 139293 warm 791552 cold 3354152
hot 145437 warm 821248 cold 3318312
hot 150557 warm 854528 cold 3279912
hot 156189 warm 884224 cold 3244584
hot 162333 warm 915968 cold 3206696
hot 168989 warm 943616 cold 3172392
hot 176157 warm 972800 cold 3136040
hot 184861 warm 1000960 cold 3099176
hot 189469 warm 0 cold 4095528
hot 191517 warm 0 cold 4093480
hot 195111 warm 0 cold 4089886
hot 203303 warm 0 cold 4081694
hot 212007 warm 0 cold 4072990
hot 217639 warm 0 cold 4070941
hot 224295 warm 0 cold 4074525
hot 230951 warm 0 cold 4074013
hot 236583 warm 0 cold 4078109
hot 244263 warm 1274880 cold 2802205
hot 250919 warm 0 cold 4074525
hot 259623 warm 0 cold 4075549
hot 273447 warm 0 cold 4064797
hot 280615 warm 0 cold 4060189
hot 289319 warm 0 cold 4055069
hot 295463 warm 0 cold 4059165
