pgmigrate_success 15325114
pgmigrate_fail 75233
thp_migration_success 28316
thp_migration_fail 0
thp_migration_split 0
thp_fault_alloc 62048
thp_fault_fallback 0
thp_fault_fallback_charge 0
thp_collapse_alloc 1905
thp_collapse_alloc_failed 5227
thp_file_alloc 66
thp_file_fallback 0
thp_file_fallback_charge 0
thp_file_mapped 0
thp_split_page 386
thp_split_page_failed 97
thp_deferred_split_page 1487
thp_split_pmd 3644
thp_split_pud 0
thp_zero_page_alloc 0
thp_zero_page_alloc_failed 0
thp_swpout 0
thp_swpout_fallback 0
htmm_nr_promoted 11497206
htmm_nr_demoted 2989733
htmm_nr_sampled 0
htmm_missed_dramread 496
htmm_missed_nvmread 0
htmm_missed_write 0
htmm_alloc_dram 34285753
htmm_alloc_nvm 0
