hot 0 warm 0 cold 0
hot 1 warm 0 cold 0
hot 1 warm 0 cold 0
hot 1 warm 0 cold 0
hot 1 warm 0 cold 0
hot 1 warm 0 cold 0
hot 1 warm 0 cold 0
hot 1 warm 0 cold 0
hot 1 warm 0 cold 0
hot 1 warm 0 cold 0
hot 1 warm 0 cold 0
hot 1 warm 0 cold 0
hot 1 warm 0 cold 0
hot 1 warm 0 cold 0
hot 1 warm 0 cold 0
hot 1 warm 0 cold 0
hot 1 warm 0 cold 0
hot 1 warm 0 cold 0
hot 1 warm 0 cold 0
hot 1 warm 0 cold 0
hot 1 warm 0 cold 0
hot 1 warm 0 cold 0
hot 1 warm 0 cold 0
hot 1 warm 0 cold 0
hot 1 warm 0 cold 0
hot 1 warm 0 cold 0
hot 1 warm 0 cold 0
hot 1 warm 0 cold 0
hot 1 warm 0 cold 0
hot 1 warm 0 cold 0
hot 1 warm 0 cold 0
hot 1 warm 0 cold 0
hot 1 warm 0 cold 0
hot 1 warm 0 cold 0
hot 1 warm 0 cold 0
hot 1 warm 0 cold 0
hot 1 warm 0 cold 0
hot 1 warm 0 cold 0
hot 1 warm 0 cold 0
hot 1 warm 0 cold 0
hot 1 warm 0 cold 0
hot 1 warm 0 cold 0
hot 1 warm 0 cold 0
hot 1 warm 0 cold 0
hot 1 warm 0 cold 0
hot 1 warm 0 cold 0
hot 1 warm 0 cold 0
hot 1 warm 0 cold 0
hot 1 warm 0 cold 0
hot 1 warm 0 cold 0
hot 1 warm 0 cold 0
hot 1 warm 0 cold 0
hot 1 warm 0 cold 0
hot 1 warm 0 cold 0
hot 1 warm 0 cold 0
hot 1 warm 0 cold 0
hot 1 warm 0 cold 0
hot 1 warm 0 cold 0
hot 1 warm 0 cold 0
hot 1 warm 0 cold 0
hot 1 warm 0 cold 0
hot 1 warm 0 cold 0
hot 1 warm 0 cold 0
hot 17924 warm 0 cold 0
hot 175619 warm 0 cold 0
hot 204291 warm 0 cold 0
hot 214531 warm 0 cold 0
hot 222723 warm 0 cold 0
hot 291843 warm 0 cold 0
hot 330243 warm 0 cold 0
hot 337411 warm 0 cold 0
hot 341507 warm 0 cold 0
hot 413187 warm 0 cold 0
hot 354285 warm 0 cold 106006
hot 368110 warm 0 cold 112661
hot 436216 warm 0 cold 125451
hot 411643 warm 0 cold 217608
hot 349184 warm 0 cold 366595
hot 388616 warm 0 cold 408571
hot 426504 warm 0 cold 466427
hot 165898 warm 0 cold 791545
hot 165898 warm 285184 cold 507897
hot 166410 warm 284672 cold 508409
hot 167946 warm 283136 cold 508409
hot 170506 warm 303616 cold 538105
hot 131082 warm 40960 cold 4382977
hot 172042 warm 313856 cold 4069569
hot 173578 warm 312320 cold 4069569
hot 178695 warm 319488 cold 3966658
hot 199175 warm 353280 cold 3921602
hot 207367 warm 399872 cold 3870402
hot 215047 warm 433152 cold 3836098
hot 219655 warm 459264 cold 3809986
hot 228359 warm 479232 cold 3786434
hot 236551 warm 512000 cold 3748034
hot 247815 warm 532480 cold 3722434
hot 258567 warm 581632 cold 3668162
hot 271367 warm 628736 cold 3614914
hot 283143 warm 671232 cold 3563202
hot 292359 warm 704512 cold 3523778
hot 300551 warm 723968 cold 3499202
hot 302087 warm 723968 cold 3499202
hot 304135 warm 723968 cold 3499202
hot 312839 warm 757760 cold 3459778
hot 323591 warm 775680 cold 3434178
hot 335367 warm 794624 cold 3406018
hot 347143 warm 0 cold 4190402
hot 359431 warm 0 cold 4180162
hot 201219 warm 0 cold 4378530
hot 471043 warm 0 cold 4109730
hot 209923 warm 0 cold 4371362
hot 211971 warm 309760 cold 4059554
hot 213507 warm 351744 cold 4016546
hot 217603 warm 377856 cold 3987874
hot 154114 warm 394752 cold 3968930
hot 162306 warm 408064 cold 3949986
hot 173058 warm 443904 cold 3904418
hot 188418 warm 471552 cold 3866530
hot 202242 warm 506880 cold 3820450
hot 215554 warm 538112 cold 3778978
hot 227330 warm 565248 cold 3742114
hot 233986 warm 602624 cold 3700642
hot 241666 warm 636416 cold 3660706
hot 252418 warm 663040 cold 3625378
hot 260610 warm 694272 cold 3588002
hot 271874 warm 717824 cold 3553698
hot 283138 warm 744960 cold 3518370
hot 291842 warm 774656 cold 3480482
hot 301570 warm 803328 cold 3444642
hot 315907 warm 821760 cold 3413409
hot 331267 warm 840192 cold 3380641
hot 342531 warm 866816 cold 3344289
hot 350723 warm 0 cold 4204449
hot 363523 warm 0 cold 4193185
hot 379395 warm 0 cold 4180385
hot 393731 warm 0 cold 4168609
hot 407043 warm 0 cold 4155809
hot 424451 warm 0 cold 4139425
hot 438275 warm 0 cold 4127137
hot 448515 warm 0 cold 4117409
hot 184835 warm 0 cold 4381601
hot 135681 warm 0 cold 4380577
hot 140289 warm 0 cold 4379553
hot 141825 warm 0 cold 4379041
hot 143361 warm 0 cold 4379041
hot 148481 warm 342016 cold 4034977
hot 153089 warm 360448 cold 4016033
hot 154625 warm 378880 cold 3997089
hot 158721 warm 397824 cold 3977121
hot 159745 warm 397824 cold 3977121
hot 160257 warm 397824 cold 3977121
hot 163841 warm 404480 cold 3968929
hot 166401 warm 424448 cold 3947937
hot 169473 warm 439296 cold 3931553
hot 171009 warm 454656 cold 3915681
hot 157169 warm 28160 cold 4358113
hot 158705 warm 41984 cold 4342753
hot 210417 warm 580608 cold 3752417
hot 222193 warm 612864 cold 3708385
hot 236017 warm 643584 cold 3663841
hot 250865 warm 675840 cold 3616737
hot 264689 warm 705024 cold 3573729
hot 279025 warm 732672 cold 3531745
hot 290801 warm 755200 cold 3497441
hot 300529 warm 784384 cold 3458529
hot 312817 warm 807424 cold 3423201
hot 281090 warm 815104 cold 3185633
hot 284162 warm 822784 cold 3174881
hot 286722 warm 829440 cold 3165665
hot 288258 warm 834560 cold 3159009
hot 290818 warm 840704 cold 3150305
hot 293378 warm 844288 cold 3144161
hot 297474 warm 848896 cold 3135457
hot 301058 warm 851456 cold 3129313
hot 303106 warm 857600 cold 3121121
hot 305154 warm 865792 cold 3110881
hot 310274 warm 869376 cold 3102177
hot 314372 warm 870912 cold 3096543
hot 317956 warm 876032 cold 3087839
hot 320516 warm 884224 cold 3077087
hot 322564 warm 891904 cold 3067359
hot 327684 warm 898560 cold 3055583
hot 332292 warm 901632 cold 3047903
hot 337924 warm 904192 cold 3039711
hot 341508 warm 908288 cold 3032031
hot 342020 warm 0 cold 3939807
hot 343044 warm 0 cold 3938783
hot 345604 warm 0 cold 3936223
hot 349700 warm 0 cold 3932127
hot 353284 warm 0 cold 3928543
hot 353796 warm 0 cold 3928031
hot 356868 warm 0 cold 3924959
hot 358404 warm 0 cold 3923423
hot 359940 warm 0 cold 3921887
hot 362500 warm 0 cold 3919327
hot 365060 warm 0 cold 3916767
hot 369668 warm 0 cold 3912159
hot 372228 warm 0 cold 3909599
hot 373252 warm 0 cold 3908575
hot 375300 warm 0 cold 3906527
hot 379908 warm 0 cold 3901919
hot 383492 warm 0 cold 3898335
hot 386052 warm 0 cold 3895775
hot 386564 warm 0 cold 3895263
hot 389636 warm 0 cold 3892191
hot 393220 warm 0 cold 3888607
hot 394756 warm 0 cold 3887071
hot 397828 warm 0 cold 3883999
hot 403978 warm 0 cold 3877849
hot 406026 warm 0 cold 3875801
hot 409098 warm 0 cold 3872729
hot 410634 warm 0 cold 3871193
hot 412170 warm 0 cold 3869657
hot 414218 warm 0 cold 3867609
hot 416266 warm 0 cold 3865561
hot 420362 warm 0 cold 3861465
hot 427018 warm 0 cold 3854809
hot 431626 warm 0 cold 3850201
hot 435210 warm 0 cold 3846617
hot 374792 warm 0 cold 3644889
hot 378888 warm 0 cold 3640793
hot 382472 warm 0 cold 3637209
hot 386056 warm 0 cold 3633625
hot 391688 warm 0 cold 3627993
hot 394760 warm 0 cold 3624921
hot 397320 warm 0 cold 3623424
hot 399880 warm 0 cold 3624448
hot 403464 warm 0 cold 3626496
hot 408584 warm 0 cold 3624960
hot 412680 warm 0 cold 3628544
hot 415752 warm 0 cold 3628032
hot 420872 warm 0 cold 3628032
hot 424968 warm 0 cold 3627520
hot 429064 warm 0 cold 3627520
hot 431112 warm 0 cold 3628544
hot 436232 warm 0 cold 3631616
hot 441352 warm 0 cold 3632128
hot 444936 warm 0 cold 3633152
hot 446472 warm 0 cold 3633664
hot 450568 warm 0 cold 3635200
hot 452616 warm 0 cold 3636736
hot 454664 warm 0 cold 3639296
hot 460296 warm 0 cold 3637248
hot 182792 warm 0 cold 3917824
hot 183304 warm 0 cold 3920384
hot 184328 warm 0 cold 3923456
hot 185352 warm 0 cold 3929600
hot 186376 warm 0 cold 3935232
hot 188936 warm 0 cold 3938304
hot 190472 warm 295424 cold 3644928
hot 191496 warm 296960 cold 3646976
hot 193032 warm 297472 cold 3648512
hot 193544 warm 301568 cold 3645952
hot 195080 warm 303616 cold 3648000
hot 131075 warm 41984 cold 3552217
hot 132615 warm 66560 cold 4360153
hot 134151 warm 67584 cold 4357593
hot 135687 warm 68096 cold 4355545
hot 137223 warm 69120 cold 4352985
hot 138759 warm 69120 cold 4351449
hot 208903 warm 380416 cold 3970009
hot 212999 warm 382976 cold 3963353
hot 215047 warm 390144 cold 3954137
hot 216583 warm 394240 cold 3948505
hot 219143 warm 403968 cold 3936217
hot 221703 warm 411648 cold 3925977
hot 222727 warm 419328 cold 3917273
hot 227335 warm 422400 cold 3909593
hot 229383 warm 429568 cold 3900377
hot 231431 warm 437760 cold 3890137
hot 232967 warm 444416 cold 3881945
hot 46597 warm 451584 cold 3799001
hot 181253 warm 459264 cold 3656665
hot 182277 warm 467968 cold 3646937
hot 184837 warm 477696 cold 3634649
hot 189445 warm 482816 cold 3624921
hot 192517 warm 492032 cold 3612633
hot 195589 warm 497152 cold 3604441
hot 197637 warm 505856 cold 3593689
hot 198661 warm 513024 cold 3585497
hot 200709 warm 523776 cold 3572697
hot 204805 warm 535040 cold 3557337
hot 205829 warm 542208 cold 3549145
hot 209413 warm 549888 cold 3537881
hot 211973 warm 558080 cold 3527129
hot 214533 warm 565760 cold 3516889
hot 218117 warm 575488 cold 3503577
hot 219653 warm 582656 cold 3494873
hot 220677 warm 590336 cold 3486169
hot 223749 warm 598016 cold 3475417
hot 224773 warm 606720 cold 3465689
hot 228357 warm 613376 cold 3455449
hot 230405 warm 619008 cold 3447769
hot 231941 warm 629248 cold 3435993
hot 233477 warm 636928 cold 3426777
hot 235525 warm 646144 cold 3415513
hot 237573 warm 652288 cold 3407321
hot 239621 warm 663040 cold 3394521
hot 241669 warm 672256 cold 3383257
hot 244741 warm 678912 cold 3373529
hot 246277 warm 685056 cold 3365849
hot 247301 warm 694272 cold 3355609
hot 250373 warm 697856 cold 3348953
hot 251909 warm 708608 cold 3336665
hot 255493 warm 716800 cold 3324889
hot 259077 warm 721920 cold 3316185
hot 261125 warm 731136 cold 3304921
hot 263685 warm 735744 cold 3297753
hot 265221 warm 743424 cold 3288537
hot 267781 warm 752128 cold 3277273
hot 268293 warm 759808 cold 3269081
hot 269829 warm 765440 cold 3261913
hot 270341 warm 771584 cold 3255257
hot 272901 warm 777216 cold 3247065
hot 273925 warm 782848 cold 3240409
hot 274949 warm 793600 cold 3228633
hot 275461 warm 801280 cold 3220441
hot 280069 warm 804864 cold 3212249
hot 282117 warm 813056 cold 3202009
hot 283141 warm 821760 cold 3192281
hot 284165 warm 830464 cold 3182553
hot 284677 warm 838656 cold 3173849
hot 286213 warm 845824 cold 3165145
hot 289285 warm 851456 cold 3156441
hot 100355 warm 858112 cold 3106816
hot 232451 warm 864768 cold 3101184
hot 233475 warm 871936 cold 3099136
hot 234499 warm 879616 cold 3094528
hot 236035 warm 885760 cold 3089920
hot 239107 warm 889856 cold 3089408
hot 242691 warm 893440 cold 3089408
hot 244739 warm 898560 cold 3085824
hot 246787 warm 904192 cold 3085824
hot 248835 warm 911872 cold 3080192
hot 251395 warm 917504 cold 3076608
hot 254979 warm 918528 cold 3077120
hot 258051 warm 920064 cold 3077120
hot 260611 warm 925184 cold 3074048
hot 263683 warm 929792 cold 3073536
hot 265219 warm 933888 cold 3073536
hot 265731 warm 939520 cold 3071488
hot 268291 warm 942080 cold 3069952
hot 271875 warm 944128 cold 3072000
hot 274435 warm 947200 cold 3072512
hot 277507 warm 950272 cold 3071488
hot 279043 warm 956416 cold 3068928
hot 280579 warm 961024 cold 3068928
hot 282115 warm 965632 cold 3064320
hot 284163 warm 970752 cold 3061760
hot 285187 warm 977408 cold 3058688
hot 286723 warm 983552 cold 3054592
hot 174603 warm 119808 cold 1347587
hot 176139 warm 124928 cold 4248537
hot 177675 warm 125952 cold 4245977
hot 178699 warm 126976 cold 4243929
hot 307211 warm 1191936 cold 3050457
hot 311819 warm 1199104 cold 3038681
hot 315403 warm 1209344 cold 3024857
hot 317963 warm 1222144 cold 3009497
hot 321035 warm 1229312 cold 2999257
hot 322571 warm 1241600 cold 2985433
hot 324619 warm 1251328 cold 2973657
hot 327691 warm 1257984 cold 2963929
hot 330251 warm 1268224 cold 2951129
hot 331787 warm 1275904 cold 2941913
hot 332299 warm 1287680 cold 2929625
hot 335371 warm 1297408 cold 2916825
hot 336907 warm 0 cold 4212697
hot 339468 warm 0 cold 4210136
hot 342028 warm 0 cold 4207576
hot 345612 warm 0 cold 4203992
hot 350732 warm 0 cold 4198872
hot 352780 warm 0 cold 4196824
hot 356364 warm 0 cold 4193240
hot 358924 warm 0 cold 4190680
hot 361484 warm 0 cold 4188120
hot 362508 warm 0 cold 4187096
hot 365580 warm 0 cold 4184024
hot 184332 warm 0 cold 4103128
hot 318988 warm 0 cold 3968472
hot 325644 warm 1427968 cold 2533848
hot 327180 warm 1436160 cold 2524120
hot 331276 warm 1444352 cold 2511832
hot 333324 warm 1454592 cold 2499544
hot 337420 warm 0 cold 3950040
hot 341516 warm 0 cold 3945944
hot 344076 warm 0 cold 3943384
hot 348684 warm 0 cold 3940352
hot 351756 warm 0 cold 3939840
hot 355340 warm 0 cold 3939328
hot 358924 warm 0 cold 3938816
hot 365068 warm 0 cold 3934720
hot 368652 warm 0 cold 3935744
hot 375820 warm 0 cold 3933184
hot 377868 warm 0 cold 3933696
hot 384012 warm 0 cold 3931136
hot 389132 warm 0 cold 3931648
hot 394252 warm 0 cold 3931648
hot 399372 warm 0 cold 3929600
hot 403980 warm 0 cold 3929088
hot 411148 warm 0 cold 3924480
hot 416780 warm 0 cold 3921920
hot 425484 warm 0 cold 3917824
hot 432652 warm 0 cold 3915264
hot 439820 warm 0 cold 3910656
hot 448012 warm 0 cold 3909120
hot 459276 warm 0 cold 3904000
hot 471052 warm 0 cold 3894784
hot 206348 warm 0 cold 4163072
hot 207884 warm 0 cold 4165632
hot 207884 warm 0 cold 4168704
hot 208908 warm 0 cold 4171264
hot 210444 warm 311296 cold 3859968
hot 213004 warm 318976 cold 3853312
hot 215564 warm 327168 cold 3844608
hot 217612 warm 338944 cold 3833344
hot 218636 warm 347648 cold 3829248
hot 221196 warm 354816 cold 3821056
hot 222220 warm 365568 cold 3811328
hot 223244 warm 369664 cold 3809280
hot 225292 warm 374784 cold 3804672
hot 225804 warm 385536 cold 3796480
hot 226828 warm 394240 cold 3788800
hot 227852 warm 402944 cold 3780608
hot 229388 warm 413184 cold 3770368
hot 52746 warm 420352 cold 3763712
hot 183306 warm 429568 cold 3755008
hot 185354 warm 440832 cold 3747328
hot 187914 warm 454144 cold 3734016
hot 189450 warm 470016 cold 3719680
hot 190474 warm 486400 cold 3704320
hot 195082 warm 498688 cold 3692032
hot 197130 warm 511488 cold 3679744
hot 199690 warm 527360 cold 3663872
hot 144733 warm 50176 cold 811520
hot 149343 warm 74752 cold 4305880
hot 151391 warm 81408 cold 4297176
hot 153439 warm 87040 cold 4289496
hot 153439 warm 93696 cold 4282840
hot 155487 warm 102400 cold 4272088
hot 264543 warm 804864 cold 3460568
hot 273759 warm 823296 cold 3432920
hot 286559 warm 838144 cold 3405272
hot 295775 warm 853504 cold 3380696
hot 308575 warm 866304 cold 3355096
hot 318303 warm 884736 cold 3326936
hot 329567 warm 902656 cold 3297752
hot 338783 warm 916480 cold 3274712
hot 351071 warm 931328 cold 3247576
hot 360287 warm 945152 cold 3224536
hot 370527 warm 964608 cold 3194840
hot 384863 warm 0 cold 4145112
hot 396127 warm 0 cold 4133848
hot 407391 warm 0 cold 4122584
hot 424799 warm 0 cold 4105176
hot 437087 warm 0 cold 4092888
hot 448351 warm 0 cold 4081624
hot 188767 warm 0 cold 4341208
hot 189791 warm 0 cold 4340184
hot 191327 warm 0 cold 4338648
hot 193375 warm 0 cold 4336600
hot 193887 warm 0 cold 4336088
hot 195935 warm 0 cold 4334040
hot 200031 warm 382464 cold 3947480
hot 205151 warm 396800 cold 3928024
