pgmigrate_success 24582757
pgmigrate_fail 122450
thp_migration_success 46265
thp_migration_fail 12
thp_migration_split 0
thp_fault_alloc 124303
thp_fault_fallback 0
thp_fault_fallback_charge 0
thp_collapse_alloc 17199
thp_collapse_alloc_failed 18251
thp_file_alloc 135
thp_file_fallback 0
thp_file_fallback_charge 0
thp_file_mapped 0
thp_split_page 31
thp_split_page_failed 64
thp_deferred_split_page 16132
thp_split_pmd 49597
thp_split_pud 0
thp_zero_page_alloc 0
thp_zero_page_alloc_failed 0
thp_swpout 0
thp_swpout_fallback 0
htmm_nr_promoted 19522169
htmm_nr_demoted 4143018
htmm_nr_sampled 0
htmm_missed_dramread 74
htmm_missed_nvmread 0
htmm_missed_write 0
htmm_alloc_dram 67625974
htmm_alloc_nvm 0
