anon 0
anon_thp 0
anon 271917056
anon_thp 270532608
anon 550838272
anon_thp 549453824
anon 827662336
anon_thp 826277888
anon 1107083264
anon_thp 1103101952
anon 1390198784
anon_thp 1386217472
anon 1673314304
anon_thp 1669332992
anon 1960624128
anon_thp 1956642816
anon 2247933952
anon_thp 2243952640
anon 2531049472
anon_thp 2527068160
anon 2814164992
anon_thp 2810183680
anon 3097280512
anon_thp 3093299200
anon 3386687488
anon_thp 3382706176
anon 3678191616
anon_thp 3674210304
anon 3967598592
anon_thp 3963617280
anon 4246519808
anon_thp 4242538496
anon 4546412544
anon_thp 4542431232
anon 4840013824
anon_thp 4836032512
anon 5133615104
anon_thp 5129633792
anon 5420924928
anon_thp 5416943616
anon 5708234752
anon_thp 5704253440
anon 5993447424
anon_thp 5989466112
anon 6276562944
anon_thp 6272581632
anon 6559678464
anon_thp 6555697152
anon 6849085440
anon_thp 6845104128
anon 7132200960
anon_thp 7128219648
anon 7419510784
anon_thp 7415529472
anon 7702626304
anon_thp 7698644992
anon 7992033280
anon_thp 7988051968
anon 8277245952
anon_thp 8273264640
anon 8554070016
anon_thp 8550088704
anon 8835088384
anon_thp 8831107072
anon 9122398208
anon_thp 9118416896
anon 9409708032
anon_thp 9405726720
anon 9699115008
anon_thp 9695133696
anon 9994813440
anon_thp 9990832128
anon 10292609024
anon_thp 10288627712
anon 10582016000
anon_thp 10578034688
anon 10869325824
anon_thp 10865344512
anon 11158732800
anon_thp 11154751488
anon 11450236928
anon_thp 11446255616
anon 11741741056
anon_thp 11737759744
anon 12031148032
anon_thp 12027166720
anon 12318457856
anon_thp 12314476544
anon 12614156288
anon_thp 12610174976
anon 12903563264
anon_thp 12899581952
anon 13195067392
anon_thp 13191086080
anon 13480280064
anon_thp 13476298752
anon 13773881344
anon_thp 13769900032
anon 14059094016
anon_thp 14055112704
anon 14346403840
anon_thp 14342422528
anon 14629519360
anon_thp 14625538048
anon 14929412096
anon_thp 14925430784
anon 15223013376
anon_thp 15219032064
anon 15510323200
anon_thp 15506341888
anon 15806021632
anon_thp 15802040320
anon 16087040000
anon_thp 16083058688
anon 16374349824
anon_thp 16370368512
anon 16661659648
anon_thp 16657678336
anon 16951066624
anon_thp 16947085312
anon 17238376448
anon_thp 17234395136
anon 17517297664
anon_thp 17513316352
anon 17796218880
anon_thp 17792237568
anon 17965424640
anon_thp 17960009728
anon 19041271808
anon_thp 19031654400
anon 19041271808
anon_thp 19031654400
anon 19041271808
anon_thp 19031654400
anon 19041271808
anon_thp 19031654400
anon 19041271808
anon_thp 19031654400
anon 19041271808
anon_thp 19031654400
anon 19041271808
anon_thp 19031654400
anon 19041271808
anon_thp 19031654400
anon 19041271808
anon_thp 19031654400
anon 19041271808
anon_thp 19031654400
anon 19041271808
anon_thp 19031654400
anon 19041271808
anon_thp 19031654400
anon 19041271808
anon_thp 19031654400
anon 19041271808
anon_thp 19031654400
anon 19041271808
anon_thp 19031654400
anon 19041271808
anon_thp 19031654400
anon 19041271808
anon_thp 19031654400
anon 19041271808
anon_thp 19031654400
anon 19041271808
anon_thp 19031654400
anon 19041271808
anon_thp 19031654400
anon 19041271808
anon_thp 19031654400
anon 19041271808
anon_thp 19031654400
anon 19041271808
anon_thp 19031654400
anon 19041271808
anon_thp 19031654400
anon 19042058240
anon_thp 19035848704
anon 19042058240
anon_thp 19035848704
anon 19042058240
anon_thp 19035848704
anon 19042058240
anon_thp 19035848704
anon 19042058240
anon_thp 19035848704
anon 19042058240
anon_thp 19035848704
anon 19042058240
anon_thp 19035848704
anon 19042058240
anon_thp 19035848704
anon 19042058240
anon_thp 19035848704
anon 19042058240
anon_thp 19035848704
anon 19042058240
anon_thp 19035848704
anon 19042058240
anon_thp 19035848704
anon 19042058240
anon_thp 19035848704
anon 19042058240
anon_thp 19035848704
anon 19042058240
anon_thp 19035848704
anon 19042058240
anon_thp 19035848704
anon 19042058240
anon_thp 19035848704
anon 19042058240
anon_thp 19035848704
anon 19042058240
anon_thp 19035848704
anon 19042058240
anon_thp 19035848704
anon 19042058240
anon_thp 19035848704
anon 19042058240
anon_thp 19035848704
anon 19042058240
anon_thp 19035848704
anon 19042058240
anon_thp 19035848704
anon 18538008576
anon_thp 18532532224
anon 19042058240
anon_thp 19035848704
anon 19042058240
anon_thp 19035848704
anon 19042058240
anon_thp 19035848704
anon 19042058240
anon_thp 19035848704
anon 19042058240
anon_thp 19035848704
anon 19042058240
anon_thp 19035848704
anon 19042058240
anon_thp 19035848704
anon 19042058240
anon_thp 19035848704
anon 19042058240
anon_thp 19035848704
anon 19042058240
anon_thp 19035848704
anon 19042058240
anon_thp 19035848704
anon 19042058240
anon_thp 19035848704
anon 19042058240
anon_thp 19035848704
anon 19042058240
anon_thp 19035848704
anon 19042058240
anon_thp 19035848704
anon 19042058240
anon_thp 19035848704
anon 19042058240
anon_thp 19035848704
anon 19042058240
anon_thp 19035848704
anon 19042058240
anon_thp 19035848704
anon 19042058240
anon_thp 19035848704
anon 19042058240
anon_thp 19035848704
anon 19042058240
anon_thp 19035848704
anon 19042058240
anon_thp 19035848704
anon 19042058240
anon_thp 19035848704
anon 19039961088
anon_thp 19033751552
anon 19042058240
anon_thp 19035848704
anon 19042058240
anon_thp 19035848704
anon 19042058240
anon_thp 19035848704
anon 19042058240
anon_thp 19035848704
anon 19042058240
anon_thp 19035848704
anon 19042058240
anon_thp 19035848704
anon 19042058240
anon_thp 19035848704
anon 19042058240
anon_thp 19035848704
anon 19042058240
anon_thp 19035848704
anon 19042058240
anon_thp 19035848704
anon 19042058240
anon_thp 19035848704
anon 19042058240
anon_thp 19035848704
anon 19042058240
anon_thp 19035848704
anon 19042058240
anon_thp 19035848704
anon 19042058240
anon_thp 19035848704
anon 19042058240
anon_thp 19035848704
anon 19042058240
anon_thp 19035848704
anon 19042058240
anon_thp 19035848704
anon 19042058240
anon_thp 19035848704
anon 19042058240
anon_thp 19035848704
anon 19042058240
anon_thp 19035848704
anon 19042058240
anon_thp 19035848704
anon 19042058240
anon_thp 19035848704
anon 19042058240
anon_thp 19035848704
anon 19042058240
anon_thp 19035848704
anon 19042058240
anon_thp 19035848704
anon 19042058240
anon_thp 19035848704
anon 19042058240
anon_thp 19035848704
anon 19042058240
anon_thp 19035848704
anon 19042058240
anon_thp 19035848704
anon 19042058240
anon_thp 19035848704
anon 19042058240
anon_thp 19035848704
anon 19042058240
anon_thp 19035848704
anon 19042058240
anon_thp 19035848704
anon 18487103488
anon_thp 18484297728
anon 19042058240
anon_thp 19035848704
anon 19042058240
anon_thp 19035848704
anon 19042058240
anon_thp 19035848704
anon 19042058240
anon_thp 19035848704
anon 19042058240
anon_thp 19035848704
anon 19042058240
anon_thp 19035848704
anon 19042058240
anon_thp 19035848704
anon 19042058240
anon_thp 19035848704
anon 19042058240
anon_thp 19035848704
anon 19042058240
anon_thp 19035848704
anon 19042058240
anon_thp 19035848704
anon 19042058240
anon_thp 19035848704
anon 19042058240
anon_thp 19035848704
anon 19042058240
anon_thp 19035848704
anon 19042058240
anon_thp 19035848704
anon 19042058240
anon_thp 19035848704
anon 19042058240
anon_thp 19035848704
anon 19042058240
anon_thp 19035848704
anon 19042058240
anon_thp 19035848704
anon 19042058240
anon_thp 19035848704
anon 19042058240
anon_thp 19035848704
anon 19042058240
anon_thp 19035848704
anon 19042058240
anon_thp 19035848704
anon 19042058240
anon_thp 19035848704
anon 19042058240
anon_thp 19035848704
anon 19042058240
anon_thp 19035848704
anon 19042058240
anon_thp 19035848704
anon 19042058240
anon_thp 19035848704
anon 19042058240
anon_thp 19035848704
anon 19042058240
anon_thp 19035848704
anon 19042058240
anon_thp 19035848704
anon 19042058240
anon_thp 19035848704
anon 19042058240
anon_thp 19035848704
anon 19042058240
anon_thp 19035848704
anon 19042058240
anon_thp 19035848704
anon 19042058240
anon_thp 19035848704
anon 19042058240
anon_thp 19035848704
anon 19042058240
anon_thp 19035848704
anon 19042058240
anon_thp 19035848704
anon 19042058240
anon_thp 19035848704
anon 19042058240
anon_thp 19035848704
anon 19042058240
anon_thp 19035848704
anon 19042058240
anon_thp 19035848704
anon 19042058240
anon_thp 19035848704
anon 19042058240
anon_thp 19035848704
anon 19042058240
anon_thp 19035848704
anon 19042058240
anon_thp 19035848704
anon 19042058240
anon_thp 19035848704
anon 19042058240
anon_thp 19035848704
anon 19042058240
anon_thp 19035848704
anon 19042058240
anon_thp 19035848704
anon 19042058240
anon_thp 19035848704
anon 19042058240
anon_thp 19035848704
anon 19042058240
anon_thp 19035848704
anon 19042058240
anon_thp 19035848704
anon 19042058240
anon_thp 19035848704
anon 19042058240
anon_thp 19035848704
anon 19042058240
anon_thp 19035848704
anon 19042058240
anon_thp 19035848704
anon 19042058240
anon_thp 19035848704
anon 19042058240
anon_thp 19035848704
anon 19042058240
anon_thp 19035848704
anon 19042058240
anon_thp 19035848704
anon 19042058240
anon_thp 19035848704
anon 19042058240
anon_thp 19035848704
anon 19042058240
anon_thp 19035848704
anon 19042058240
anon_thp 19035848704
anon 19042058240
anon_thp 19035848704
anon 19042058240
anon_thp 19035848704
anon 19042058240
anon_thp 19035848704
anon 19042058240
anon_thp 19035848704
anon 19042058240
anon_thp 19035848704
anon 19042058240
anon_thp 19035848704
anon 19042058240
anon_thp 19035848704
anon 19042058240
anon_thp 19035848704
anon 19042058240
anon_thp 19035848704
anon 19042058240
anon_thp 19035848704
anon 19042058240
anon_thp 19035848704
anon 19042058240
anon_thp 19035848704
anon 19042058240
anon_thp 19035848704
anon 19042058240
anon_thp 19035848704
anon 19042058240
anon_thp 19035848704
anon 19042058240
anon_thp 19035848704
anon 19042058240
anon_thp 19035848704
anon 19042058240
anon_thp 19035848704
anon 19042058240
anon_thp 19035848704
anon 19042058240
anon_thp 19035848704
anon 19042058240
anon_thp 19035848704
anon 19042058240
anon_thp 19035848704
anon 19042058240
anon_thp 19035848704
anon 19042058240
anon_thp 19035848704
anon 19042058240
anon_thp 19035848704
anon 19042058240
anon_thp 19035848704
anon 19042058240
anon_thp 19035848704
anon 19042058240
anon_thp 19035848704
anon 19042058240
anon_thp 19035848704
anon 19042058240
anon_thp 19035848704
anon 19042058240
anon_thp 19035848704
anon 19042058240
anon_thp 19035848704
anon 19042058240
anon_thp 19035848704
anon 19042058240
anon_thp 19035848704
anon 19042058240
anon_thp 19035848704
anon 19042058240
anon_thp 19035848704
anon 19042058240
anon_thp 19035848704
anon 19042058240
anon_thp 19035848704
anon 19042058240
anon_thp 19035848704
anon 19042058240
anon_thp 19035848704
anon 19042058240
anon_thp 19035848704
anon 19042058240
anon_thp 19035848704
anon 19042058240
anon_thp 19035848704
anon 19042058240
anon_thp 19035848704
anon 19042058240
anon_thp 19035848704
anon 19042058240
anon_thp 19035848704
anon 19042058240
anon_thp 19035848704
anon 19042058240
anon_thp 19035848704
anon 19042058240
anon_thp 19035848704
anon 19042058240
anon_thp 19035848704
anon 19042058240
anon_thp 19035848704
anon 19042058240
anon_thp 19035848704
anon 19042058240
anon_thp 19035848704
anon 19042058240
anon_thp 19035848704
anon 19042058240
anon_thp 19035848704
anon 19042058240
anon_thp 19035848704
anon 19042058240
anon_thp 19035848704
anon 19042058240
anon_thp 19035848704
anon 19042058240
anon_thp 19035848704
anon 19042058240
anon_thp 19035848704
anon 19042058240
anon_thp 19035848704
anon 19042058240
anon_thp 19035848704
anon 19042058240
anon_thp 19035848704
anon 19042058240
anon_thp 19035848704
anon 19042058240
anon_thp 19035848704
anon 19042058240
anon_thp 19035848704
anon 19042058240
anon_thp 19035848704
anon 19042058240
anon_thp 19035848704
anon 19042058240
anon_thp 19035848704
anon 19042058240
anon_thp 19035848704
anon 19042058240
anon_thp 19035848704
anon 19042058240
anon_thp 19035848704
anon 19042058240
anon_thp 19035848704
anon 19042058240
anon_thp 19035848704
anon 19042058240
anon_thp 19035848704
anon 19042058240
anon_thp 19035848704
anon 19042058240
anon_thp 19035848704
anon 19042058240
anon_thp 19035848704
anon 19042058240
anon_thp 19035848704
anon 19042058240
anon_thp 19035848704
anon 19042058240
anon_thp 19035848704
anon 19042058240
anon_thp 19035848704
anon 19042058240
anon_thp 19035848704
anon 19042058240
anon_thp 19035848704
anon 19042058240
anon_thp 19035848704
anon 19042058240
anon_thp 19035848704
anon 19042058240
anon_thp 19035848704
anon 19042058240
anon_thp 19035848704
anon 19042058240
anon_thp 19035848704
anon 19042058240
anon_thp 19035848704
anon 18600923136
anon_thp 18595446784
anon 19042058240
anon_thp 19035848704
anon 19042058240
anon_thp 19035848704
anon 19042058240
anon_thp 19035848704
anon 19042058240
anon_thp 19035848704
anon 19042058240
anon_thp 19035848704
anon 19042058240
anon_thp 19035848704
anon 19042058240
anon_thp 19035848704
anon 19042058240
anon_thp 19035848704
anon 19042058240
anon_thp 19035848704
anon 19042058240
anon_thp 19035848704
anon 19042058240
anon_thp 19035848704
anon 19042058240
anon_thp 19035848704
anon 19042058240
anon_thp 19035848704
anon 19042058240
anon_thp 19035848704
anon 19042058240
anon_thp 19035848704
anon 19042058240
anon_thp 19035848704
anon 19042058240
anon_thp 19035848704
anon 19042058240
anon_thp 19035848704
anon 19042058240
anon_thp 19035848704
anon 19042058240
anon_thp 19035848704
anon 19042058240
anon_thp 19035848704
anon 19042058240
anon_thp 19035848704
anon 19042058240
anon_thp 19035848704
anon 19042058240
anon_thp 19035848704
anon 19042058240
anon_thp 19035848704
anon 19042058240
anon_thp 19035848704
anon 19042058240
anon_thp 19035848704
anon 19042058240
anon_thp 19035848704
anon 19042058240
anon_thp 19035848704
anon 19042058240
anon_thp 19035848704
anon 19042058240
anon_thp 19035848704
anon 19042058240
anon_thp 19035848704
anon 19042058240
anon_thp 19035848704
anon 19042058240
anon_thp 19035848704
anon 19042058240
anon_thp 19035848704
anon 19042058240
anon_thp 19035848704
anon 19042058240
anon_thp 19035848704
anon 19042058240
anon_thp 19035848704
anon 19042058240
anon_thp 19035848704
anon 19042058240
anon_thp 19035848704
anon 19042058240
anon_thp 19035848704
anon 19042058240
anon_thp 19035848704
anon 19042058240
anon_thp 19035848704
anon 19042058240
anon_thp 19035848704
anon 19042058240
anon_thp 19035848704
anon 19042058240
anon_thp 19035848704
anon 19042058240
anon_thp 19035848704
anon 19042058240
anon_thp 19035848704
anon 19042058240
anon_thp 19035848704
anon 19042058240
anon_thp 19035848704
anon 19042058240
anon_thp 19035848704
anon 19042058240
anon_thp 19035848704
anon 19042058240
anon_thp 19035848704
anon 19042058240
anon_thp 19035848704
anon 19042058240
anon_thp 19035848704
anon 19042058240
anon_thp 19035848704
anon 19042058240
anon_thp 19035848704
anon 19042058240
anon_thp 19035848704
anon 19042058240
anon_thp 19035848704
anon 19042058240
anon_thp 19035848704
anon 19042058240
anon_thp 19035848704
anon 19042058240
anon_thp 19035848704
anon 19042058240
anon_thp 19035848704
anon 19042058240
anon_thp 19035848704
anon 19042058240
anon_thp 19035848704
anon 19042058240
anon_thp 19035848704
anon 19042058240
anon_thp 19035848704
anon 19042058240
anon_thp 19035848704
anon 19042058240
anon_thp 19035848704
anon 19042058240
anon_thp 19035848704
anon 19042058240
anon_thp 19035848704
anon 19042058240
anon_thp 19035848704
anon 19042058240
anon_thp 19035848704
anon 19042058240
anon_thp 19035848704
anon 19042058240
anon_thp 19035848704
anon 19042058240
anon_thp 19035848704
anon 19042058240
anon_thp 19035848704
anon 19042058240
anon_thp 19035848704
anon 19042058240
anon_thp 19035848704
anon 19042058240
anon_thp 19035848704
anon 19042058240
anon_thp 19035848704
anon 19042058240
anon_thp 19035848704
anon 19042058240
anon_thp 19035848704
anon 19042058240
anon_thp 19035848704
anon 19042058240
anon_thp 19035848704
anon 19042058240
anon_thp 19035848704
anon 19042058240
anon_thp 19035848704
anon 19042058240
anon_thp 19035848704
anon 19042058240
anon_thp 19035848704
anon 19042058240
anon_thp 19035848704
anon 19042058240
anon_thp 19035848704
anon 19042058240
anon_thp 19035848704
anon 19042058240
anon_thp 19035848704
anon 19042058240
anon_thp 19035848704
anon 19042058240
anon_thp 19035848704
anon 19042058240
anon_thp 19035848704
anon 19042058240
anon_thp 19035848704
anon 19042058240
anon_thp 19035848704
anon 19042058240
anon_thp 19035848704
anon 19042058240
anon_thp 19035848704
anon 19042058240
anon_thp 19035848704
anon 19042058240
anon_thp 19035848704
anon 19042058240
anon_thp 19035848704
anon 19042058240
anon_thp 19035848704
anon 19042058240
anon_thp 19035848704
anon 19042058240
anon_thp 19035848704
anon 19042058240
anon_thp 19035848704
anon 19042058240
anon_thp 19035848704
anon 19042058240
anon_thp 19035848704
anon 19042058240
anon_thp 19035848704
anon 19042058240
anon_thp 19035848704
anon 19042058240
anon_thp 19035848704
anon 19042058240
anon_thp 19035848704
anon 19042058240
anon_thp 19035848704
anon 19042058240
anon_thp 19035848704
anon 19042058240
anon_thp 19035848704
anon 19042058240
anon_thp 19035848704
anon 19042058240
anon_thp 19035848704
