pgmigrate_success 175154980
pgmigrate_success 175154988
pgmigrate_success 175154990
pgmigrate_success 175154991
pgmigrate_success 175154992
pgmigrate_success 175154993
pgmigrate_success 175154994
pgmigrate_success 175154995
pgmigrate_success 175154996
pgmigrate_success 175154997
pgmigrate_success 175154998
pgmigrate_success 175154999
pgmigrate_success 175155000
pgmigrate_success 175155001
pgmigrate_success 175155002
pgmigrate_success 175155003
pgmigrate_success 175155004
pgmigrate_success 175155005
pgmigrate_success 175155006
pgmigrate_success 175155007
pgmigrate_success 175155008
pgmigrate_success 175155009
pgmigrate_success 175155010
pgmigrate_success 175155011
pgmigrate_success 175155012
pgmigrate_success 175155013
pgmigrate_success 175155014
pgmigrate_success 175155015
pgmigrate_success 175155016
pgmigrate_success 175155017
pgmigrate_success 175155018
pgmigrate_success 175155019
pgmigrate_success 175155020
pgmigrate_success 175155021
pgmigrate_success 175155022
pgmigrate_success 175155023
pgmigrate_success 175155024
pgmigrate_success 175155025
pgmigrate_success 175155026
pgmigrate_success 175155027
pgmigrate_success 175155028
pgmigrate_success 175155029
pgmigrate_success 175155030
pgmigrate_success 175155031
pgmigrate_success 175155032
pgmigrate_success 175155033
pgmigrate_success 175155034
pgmigrate_success 175155035
pgmigrate_success 175155036
pgmigrate_success 175155037
pgmigrate_success 175155038
pgmigrate_success 175155039
pgmigrate_success 175155040
pgmigrate_success 175155042
pgmigrate_success 175155043
pgmigrate_success 175155044
pgmigrate_success 175155045
pgmigrate_success 175155046
pgmigrate_success 175155047
pgmigrate_success 175155048
pgmigrate_success 175155049
pgmigrate_success 175155050
pgmigrate_success 175155051
pgmigrate_success 175155052
pgmigrate_success 175155053
pgmigrate_success 175155054
pgmigrate_success 175155055
pgmigrate_success 175155056
pgmigrate_success 175155057
pgmigrate_success 175155058
pgmigrate_success 175155059
pgmigrate_success 175155060
pgmigrate_success 175155061
pgmigrate_success 175155062
pgmigrate_success 175155063
pgmigrate_success 175155064
pgmigrate_success 175155065
pgmigrate_success 175155066
pgmigrate_success 175155067
pgmigrate_success 175155068
pgmigrate_success 175155069
pgmigrate_success 175155069
pgmigrate_success 175155070
pgmigrate_success 175155071
pgmigrate_success 175155072
pgmigrate_success 175155073
pgmigrate_success 175155074
pgmigrate_success 175155075
pgmigrate_success 175155076
pgmigrate_success 175155077
pgmigrate_success 175155078
pgmigrate_success 175155079
pgmigrate_success 175155080
pgmigrate_success 175155081
pgmigrate_success 175155082
pgmigrate_success 175155083
pgmigrate_success 175155084
pgmigrate_success 175155085
pgmigrate_success 175155086
pgmigrate_success 175155087
pgmigrate_success 175155088
pgmigrate_success 175155089
pgmigrate_success 175155090
pgmigrate_success 175155091
pgmigrate_success 175155092
pgmigrate_success 175155093
pgmigrate_success 175155094
pgmigrate_success 175155095
pgmigrate_success 175155096
pgmigrate_success 175155097
pgmigrate_success 175155098
pgmigrate_success 175155099
pgmigrate_success 175155100
pgmigrate_success 175155101
pgmigrate_success 175155102
pgmigrate_success 175155103
pgmigrate_success 175155104
pgmigrate_success 175155105
pgmigrate_success 175155106
pgmigrate_success 175155107
pgmigrate_success 175155108
pgmigrate_success 175155109
pgmigrate_success 175155110
pgmigrate_success 175155111
pgmigrate_success 175155112
pgmigrate_success 175155113
pgmigrate_success 175155114
pgmigrate_success 175155115
pgmigrate_success 175155116
pgmigrate_success 175155117
pgmigrate_success 175155118
pgmigrate_success 175155119
pgmigrate_success 175155120
pgmigrate_success 175155122
pgmigrate_success 175155123
pgmigrate_success 175155124
pgmigrate_success 175155125
pgmigrate_success 175155126
pgmigrate_success 175155127
pgmigrate_success 175155128
pgmigrate_success 175155129
pgmigrate_success 175155130
pgmigrate_success 175155131
pgmigrate_success 175155133
pgmigrate_success 175170497
pgmigrate_success 175331369
pgmigrate_success 175422721
pgmigrate_success 175538049
pgmigrate_success 175650225
pgmigrate_success 175779777
pgmigrate_success 175802308
pgmigrate_success 175805382
pgmigrate_success 175825353
pgmigrate_success 175883726
pgmigrate_success 175888336
pgmigrate_success 175893970
pgmigrate_success 175913122
pgmigrate_success 175924898
pgmigrate_success 175924898
pgmigrate_success 175924898
pgmigrate_success 175924898
pgmigrate_success 175924905
pgmigrate_success 175924905
pgmigrate_success 175924905
pgmigrate_success 175924905
pgmigrate_success 175969489
pgmigrate_success 176234358
pgmigrate_success 176402810
pgmigrate_success 176593786
pgmigrate_success 176733053
pgmigrate_success 176905750
pgmigrate_success 177019475
pgmigrate_success 177113830
pgmigrate_success 177296193
pgmigrate_success 177296193
pgmigrate_success 177296193
pgmigrate_success 177296193
pgmigrate_success 177296193
pgmigrate_success 177296193
pgmigrate_success 177296193
pgmigrate_success 177296196
pgmigrate_success 177349512
pgmigrate_success 177352077
pgmigrate_success 177353615
pgmigrate_success 177359761
pgmigrate_success 177372563
pgmigrate_success 177375125
pgmigrate_success 177378199
pgmigrate_success 177381271
pgmigrate_success 177383326
pgmigrate_success 177397152
pgmigrate_success 177403810
pgmigrate_success 177409444
pgmigrate_success 177537990
pgmigrate_success 177543363
pgmigrate_success 177546547
pgmigrate_success 177551728
pgmigrate_success 177556368
pgmigrate_success 177557917
pgmigrate_success 177561003
pgmigrate_success 177562031
pgmigrate_success 177563057
pgmigrate_success 177563058
pgmigrate_success 177565108
pgmigrate_success 177567672
pgmigrate_success 177569210
pgmigrate_success 177570237
pgmigrate_success 177571776
pgmigrate_success 177574851
pgmigrate_success 177576390
pgmigrate_success 177576906
pgmigrate_success 177578444
pgmigrate_success 177581006
pgmigrate_success 177582558
pgmigrate_success 177582559
pgmigrate_success 177583073
pgmigrate_success 177618916
pgmigrate_success 177715814
pgmigrate_success 177717464
pgmigrate_success 177721117
pgmigrate_success 177724760
pgmigrate_success 177726839
pgmigrate_success 177728914
pgmigrate_success 177729961
pgmigrate_success 177732544
pgmigrate_success 177734093
pgmigrate_success 177736154
pgmigrate_success 177737188
pgmigrate_success 177739241
pgmigrate_success 177740782
pgmigrate_success 177743350
pgmigrate_success 177745402
pgmigrate_success 177747455
pgmigrate_success 177748483
pgmigrate_success 177750533
pgmigrate_success 177753096
pgmigrate_success 177754634
pgmigrate_success 177756684
pgmigrate_success 177757198
pgmigrate_success 177759248
pgmigrate_success 177890357
pgmigrate_success 177893027
pgmigrate_success 177894660
pgmigrate_success 177897257
pgmigrate_success 177901407
pgmigrate_success 177903506
pgmigrate_success 177906613
pgmigrate_success 177909712
pgmigrate_success 177912296
pgmigrate_success 177915899
pgmigrate_success 177918469
pgmigrate_success 177920014
pgmigrate_success 177923607
pgmigrate_success 177925660
pgmigrate_success 177927711
pgmigrate_success 177929765
pgmigrate_success 177931303
pgmigrate_success 177933866
pgmigrate_success 177935918
pgmigrate_success 177938993
pgmigrate_success 177941044
pgmigrate_success 177942582
pgmigrate_success 177964616
pgmigrate_success 177998922
pgmigrate_success 178101462
pgmigrate_success 178108787
pgmigrate_success 178113477
pgmigrate_success 178119152
pgmigrate_success 178120725
pgmigrate_success 178124334
pgmigrate_success 178130491
pgmigrate_success 178135620
pgmigrate_success 178137165
pgmigrate_success 178141272
pgmigrate_success 178142298
pgmigrate_success 178164835
pgmigrate_success 178169445
pgmigrate_success 178182761
pgmigrate_success 178192492
pgmigrate_success 178198639
pgmigrate_success 178210930
pgmigrate_success 178215028
pgmigrate_success 178227830
pgmigrate_success 178230390
pgmigrate_success 178232950
pgmigrate_success 178233464
pgmigrate_success 178238074
pgmigrate_success 178309244
pgmigrate_success 178378454
pgmigrate_success 178388778
pgmigrate_success 178396019
pgmigrate_success 178402208
pgmigrate_success 178409919
pgmigrate_success 178431476
pgmigrate_success 178450453
pgmigrate_success 178465325
pgmigrate_success 178495560
pgmigrate_success 178509903
pgmigrate_success 178533473
pgmigrate_success 178548333
pgmigrate_success 178550381
pgmigrate_success 178583185
pgmigrate_success 178597529
pgmigrate_success 178616480
pgmigrate_success 178619045
pgmigrate_success 178621610
pgmigrate_success 178624685
pgmigrate_success 178731184
pgmigrate_success 178976954
pgmigrate_success 179030202
pgmigrate_success 179099327
pgmigrate_success 179233490
pgmigrate_success 179272450
pgmigrate_success 179343176
pgmigrate_success 179384179
pgmigrate_success 179485648
pgmigrate_success 179550336
pgmigrate_success 179604141
pgmigrate_success 179604141
pgmigrate_success 179604141
pgmigrate_success 179604141
pgmigrate_success 179604141
pgmigrate_success 179604141
pgmigrate_success 179604144
pgmigrate_success 179629932
pgmigrate_success 179631982
pgmigrate_success 179636080
pgmigrate_success 179639154
pgmigrate_success 179645300
pgmigrate_success 179646326
pgmigrate_success 179649915
pgmigrate_success 179655037
pgmigrate_success 179657087
pgmigrate_success 179658625
pgmigrate_success 179664771
pgmigrate_success 179793313
pgmigrate_success 179795473
pgmigrate_success 179799121
pgmigrate_success 179800731
pgmigrate_success 179802307
pgmigrate_success 179802343
pgmigrate_success 179805447
pgmigrate_success 179807524
pgmigrate_success 179811136
pgmigrate_success 179815249
pgmigrate_success 179818338
pgmigrate_success 179821931
pgmigrate_success 179822972
pgmigrate_success 179825540
pgmigrate_success 179829131
pgmigrate_success 179831185
pgmigrate_success 179832213
pgmigrate_success 179838875
pgmigrate_success 179842973
pgmigrate_success 179850144
pgmigrate_success 179852710
pgmigrate_success 179853736
pgmigrate_success 179857835
pgmigrate_success 179881389
pgmigrate_success 179993605
pgmigrate_success 179997777
pgmigrate_success 180002448
pgmigrate_success 180005552
pgmigrate_success 180009186
pgmigrate_success 180011794
pgmigrate_success 180014389
pgmigrate_success 180016463
pgmigrate_success 180017501
pgmigrate_success 180022137
pgmigrate_success 180026254
pgmigrate_success 180029345
pgmigrate_success 180031913
pgmigrate_success 180033456
pgmigrate_success 180045751
pgmigrate_success 180151252
pgmigrate_success 180178390
pgmigrate_success 180185560
pgmigrate_success 180229605
pgmigrate_success 180252138
pgmigrate_success 180274668
pgmigrate_success 180314606
