pgmigrate_success 62988001
pgmigrate_success 62988010
pgmigrate_success 62988012
pgmigrate_success 62988013
pgmigrate_success 62988014
pgmigrate_success 62988015
pgmigrate_success 62988016
pgmigrate_success 62988017
pgmigrate_success 62988018
pgmigrate_success 62988019
pgmigrate_success 62988020
pgmigrate_success 62988021
pgmigrate_success 62988022
pgmigrate_success 62988023
pgmigrate_success 62988024
pgmigrate_success 62988025
pgmigrate_success 62988026
pgmigrate_success 62988027
pgmigrate_success 62988028
pgmigrate_success 62988029
pgmigrate_success 62988030
pgmigrate_success 62988031
pgmigrate_success 62988032
pgmigrate_success 62988033
pgmigrate_success 62988034
pgmigrate_success 62988035
pgmigrate_success 62988036
pgmigrate_success 62988037
pgmigrate_success 62988038
pgmigrate_success 62988039
pgmigrate_success 62988040
pgmigrate_success 62988041
pgmigrate_success 62988042
pgmigrate_success 62988043
pgmigrate_success 62988044
pgmigrate_success 62988045
pgmigrate_success 62988046
pgmigrate_success 62988047
pgmigrate_success 62988048
pgmigrate_success 62988049
pgmigrate_success 62988050
pgmigrate_success 62988051
pgmigrate_success 62988052
pgmigrate_success 62988053
pgmigrate_success 62988054
pgmigrate_success 62988055
pgmigrate_success 62988056
pgmigrate_success 62988057
pgmigrate_success 62988058
pgmigrate_success 62988059
pgmigrate_success 62988060
pgmigrate_success 62988061
pgmigrate_success 62988062
pgmigrate_success 62988063
pgmigrate_success 62988064
pgmigrate_success 62988065
pgmigrate_success 62988066
pgmigrate_success 62988067
pgmigrate_success 62988068
pgmigrate_success 62988069
pgmigrate_success 62988070
pgmigrate_success 62988071
pgmigrate_success 62988072
pgmigrate_success 62988073
pgmigrate_success 62988074
pgmigrate_success 62988075
pgmigrate_success 62988076
pgmigrate_success 62988077
pgmigrate_success 62988078
pgmigrate_success 62988079
pgmigrate_success 62988080
pgmigrate_success 62988081
pgmigrate_success 62988082
pgmigrate_success 62988083
pgmigrate_success 62988084
pgmigrate_success 62988085
pgmigrate_success 62988086
pgmigrate_success 62988087
pgmigrate_success 62988088
pgmigrate_success 62988089
pgmigrate_success 62988090
pgmigrate_success 62988091
pgmigrate_success 62988092
pgmigrate_success 62988093
pgmigrate_success 62988094
pgmigrate_success 62988095
pgmigrate_success 62988096
pgmigrate_success 62988097
pgmigrate_success 62988098
pgmigrate_success 62988099
pgmigrate_success 62988100
pgmigrate_success 62988101
pgmigrate_success 62988102
pgmigrate_success 62988103
pgmigrate_success 62988104
pgmigrate_success 62988105
pgmigrate_success 62988106
pgmigrate_success 62988107
pgmigrate_success 62988108
pgmigrate_success 62988109
pgmigrate_success 62988110
pgmigrate_success 62988111
pgmigrate_success 62988112
pgmigrate_success 62988113
pgmigrate_success 62988114
pgmigrate_success 62988115
pgmigrate_success 62988116
pgmigrate_success 62988117
pgmigrate_success 62988118
pgmigrate_success 62988119
pgmigrate_success 62988120
pgmigrate_success 62988121
pgmigrate_success 62988122
pgmigrate_success 62988123
pgmigrate_success 62988124
pgmigrate_success 62988125
pgmigrate_success 62988126
pgmigrate_success 62988127
pgmigrate_success 62988128
pgmigrate_success 62988129
pgmigrate_success 62988130
pgmigrate_success 62988131
pgmigrate_success 62988132
pgmigrate_success 62988133
pgmigrate_success 62988135
pgmigrate_success 62988136
pgmigrate_success 62988137
pgmigrate_success 62988138
pgmigrate_success 62988139
pgmigrate_success 62988140
pgmigrate_success 62988141
pgmigrate_success 62988142
pgmigrate_success 62988143
pgmigrate_success 62988144
pgmigrate_success 62988145
pgmigrate_success 62988146
pgmigrate_success 62988147
pgmigrate_success 62988148
pgmigrate_success 62988149
pgmigrate_success 62988150
pgmigrate_success 62988151
pgmigrate_success 62988152
pgmigrate_success 62988153
pgmigrate_success 62988154
pgmigrate_success 62988155
pgmigrate_success 62988156
pgmigrate_success 62988157
pgmigrate_success 62988158
pgmigrate_success 62988159
pgmigrate_success 62988160
pgmigrate_success 62988161
pgmigrate_success 62988162
pgmigrate_success 62988163
pgmigrate_success 62988164
pgmigrate_success 62988165
pgmigrate_success 62988166
pgmigrate_success 62988167
pgmigrate_success 62988168
pgmigrate_success 62988169
pgmigrate_success 62988170
pgmigrate_success 62988171
pgmigrate_success 62988172
pgmigrate_success 62988173
pgmigrate_success 62988174
pgmigrate_success 62988175
pgmigrate_success 62988176
pgmigrate_success 62988177
pgmigrate_success 62988178
pgmigrate_success 62988179
pgmigrate_success 62988180
pgmigrate_success 62988181
pgmigrate_success 62988182
pgmigrate_success 62988183
pgmigrate_success 62988184
pgmigrate_success 62988185
pgmigrate_success 62988186
pgmigrate_success 62988187
pgmigrate_success 62988188
pgmigrate_success 62988189
pgmigrate_success 62988190
pgmigrate_success 62988191
pgmigrate_success 62988192
pgmigrate_success 62988193
pgmigrate_success 62988194
pgmigrate_success 62988195
pgmigrate_success 62988196
pgmigrate_success 62988197
pgmigrate_success 62988198
pgmigrate_success 62988199
pgmigrate_success 62988200
pgmigrate_success 62988201
pgmigrate_success 62988202
pgmigrate_success 62988203
pgmigrate_success 62988204
pgmigrate_success 62988205
pgmigrate_success 62988206
pgmigrate_success 62988207
pgmigrate_success 62988208
pgmigrate_success 62988209
pgmigrate_success 62988210
pgmigrate_success 62988211
pgmigrate_success 62988212
pgmigrate_success 62988213
pgmigrate_success 62988214
pgmigrate_success 62988215
pgmigrate_success 62988216
pgmigrate_success 62988217
pgmigrate_success 62988218
pgmigrate_success 62988219
pgmigrate_success 62988220
pgmigrate_success 62988221
pgmigrate_success 62988222
pgmigrate_success 62988223
pgmigrate_success 62988224
pgmigrate_success 62988225
pgmigrate_success 62988226
pgmigrate_success 62988227
pgmigrate_success 62988228
pgmigrate_success 62988229
pgmigrate_success 62988230
pgmigrate_success 62988231
pgmigrate_success 62988232
pgmigrate_success 62988233
pgmigrate_success 62988234
pgmigrate_success 62988235
pgmigrate_success 62988236
pgmigrate_success 62988237
pgmigrate_success 62988238
pgmigrate_success 62988239
pgmigrate_success 62988240
pgmigrate_success 62988241
pgmigrate_success 62988242
pgmigrate_success 63003606
pgmigrate_success 63090652
pgmigrate_success 63227113
pgmigrate_success 63353210
pgmigrate_success 63450538
pgmigrate_success 63466412
pgmigrate_success 63477678
pgmigrate_success 63497145
pgmigrate_success 63555762
pgmigrate_success 63622324
pgmigrate_success 63664822
pgmigrate_success 63757496
pgmigrate_success 63793850
pgmigrate_success 63830204
pgmigrate_success 63851689
pgmigrate_success 63851689
pgmigrate_success 63852201
pgmigrate_success 63852201
pgmigrate_success 63852202
pgmigrate_success 63852203
pgmigrate_success 63852204
pgmigrate_success 63852205
pgmigrate_success 63852206
pgmigrate_success 63852207
pgmigrate_success 63855793
pgmigrate_success 63926451
pgmigrate_success 63995338
pgmigrate_success 64004188
pgmigrate_success 64011903
pgmigrate_success 64019645
pgmigrate_success 64022719
pgmigrate_success 64028865
pgmigrate_success 64044231
pgmigrate_success 64049353
pgmigrate_success 64054987
pgmigrate_success 64062158
pgmigrate_success 64072401
pgmigrate_success 64079059
pgmigrate_success 64086229
pgmigrate_success 64089303
pgmigrate_success 64089817
pgmigrate_success 64099547
pgmigrate_success 64099547
pgmigrate_success 64103132
pgmigrate_success 64144092
pgmigrate_success 64197872
pgmigrate_success 64383216
pgmigrate_success 64538354
pgmigrate_success 64553202
pgmigrate_success 64655606
pgmigrate_success 64744445
pgmigrate_success 64794245
pgmigrate_success 64800399
pgmigrate_success 64846479
pgmigrate_success 64915135
pgmigrate_success 64933058
pgmigrate_success 65028832
pgmigrate_success 65095911
pgmigrate_success 65171699
pgmigrate_success 65244106
pgmigrate_success 65297870
pgmigrate_success 65370062
pgmigrate_success 65484241
pgmigrate_success 65503185
pgmigrate_success 65503185
pgmigrate_success 65504145
pgmigrate_success 65504210
pgmigrate_success 65504212
pgmigrate_success 65504212
pgmigrate_success 65504212
pgmigrate_success 65504212
pgmigrate_success 65504212
pgmigrate_success 65507284
pgmigrate_success 65584092
pgmigrate_success 65653366
pgmigrate_success 65664225
pgmigrate_success 65675547
pgmigrate_success 65675840
pgmigrate_success 65717868
pgmigrate_success 65737865
pgmigrate_success 65778860
pgmigrate_success 65788591
pgmigrate_success 65829073
pgmigrate_success 65860833
pgmigrate_success 65876198
pgmigrate_success 65904364
pgmigrate_success 65914612
pgmigrate_success 65965313
pgmigrate_success 65992965
pgmigrate_success 66028808
pgmigrate_success 66065161
pgmigrate_success 66091789
pgmigrate_success 66132237
pgmigrate_success 66169102
pgmigrate_success 66207504
pgmigrate_success 66255120
pgmigrate_success 66304275
pgmigrate_success 66419989
pgmigrate_success 66443753
pgmigrate_success 66443758
pgmigrate_success 66443761
pgmigrate_success 66443764
pgmigrate_success 66443764
pgmigrate_success 66475001
pgmigrate_success 66534562
pgmigrate_success 66564796
pgmigrate_success 66570945
pgmigrate_success 66599650
pgmigrate_success 66599656
pgmigrate_success 66701822
pgmigrate_success 66911761
pgmigrate_success 67069490
pgmigrate_success 67083826
pgmigrate_success 67083826
pgmigrate_success 67084345
pgmigrate_success 67084345
pgmigrate_success 67084345
pgmigrate_success 67084345
pgmigrate_success 67084345
pgmigrate_success 67084345
pgmigrate_success 67120700
pgmigrate_success 67221211
pgmigrate_success 67224409
pgmigrate_success 67227572
pgmigrate_success 67229672
pgmigrate_success 67232252
pgmigrate_success 67238416
pgmigrate_success 67239458
pgmigrate_success 67242029
pgmigrate_success 67242031
pgmigrate_success 67242031
pgmigrate_success 67242033
pgmigrate_success 67242033
pgmigrate_success 67242033
pgmigrate_success 67242033
pgmigrate_success 67242033
pgmigrate_success 67255346
pgmigrate_success 67261494
pgmigrate_success 67278914
pgmigrate_success 67280450
pgmigrate_success 67296836
pgmigrate_success 67297187
pgmigrate_success 67314088
pgmigrate_success 67328938
pgmigrate_success 67399083
pgmigrate_success 67463245
pgmigrate_success 67493047
pgmigrate_success 67570665
pgmigrate_success 67613417
pgmigrate_success 67649769
pgmigrate_success 67712235
pgmigrate_success 67777261
pgmigrate_success 67853746
pgmigrate_success 67878322
pgmigrate_success 67951029
pgmigrate_success 67981237
pgmigrate_success 68037558
pgmigrate_success 68079030
pgmigrate_success 68155831
pgmigrate_success 68211128
pgmigrate_success 68274620
pgmigrate_success 68358077
pgmigrate_success 68413888
pgmigrate_success 68478402
pgmigrate_success 68549060
pgmigrate_success 68571588
pgmigrate_success 68571588
pgmigrate_success 68585924
pgmigrate_success 68691910
pgmigrate_success 68733382
pgmigrate_success 68733382
pgmigrate_success 68733387
pgmigrate_success 68733418
pgmigrate_success 68781049
pgmigrate_success 68832033
pgmigrate_success 68836765
pgmigrate_success 68838813
pgmigrate_success 68840350
pgmigrate_success 68841899
pgmigrate_success 68847579
pgmigrate_success 68851163
pgmigrate_success 68856796
pgmigrate_success 68858844
pgmigrate_success 68865500
pgmigrate_success 68878300
pgmigrate_success 68885468
pgmigrate_success 68896232
pgmigrate_success 68906473
pgmigrate_success 68912105
pgmigrate_success 68915177
pgmigrate_success 68932073
pgmigrate_success 68946409
pgmigrate_success 68954601
pgmigrate_success 68956137
pgmigrate_success 69042156
pgmigrate_success 69110348
pgmigrate_success 69116538
pgmigrate_success 69116553
pgmigrate_success 69116556
pgmigrate_success 69127830
pgmigrate_success 69157104
pgmigrate_success 69170956
pgmigrate_success 69193017
pgmigrate_success 69207363
pgmigrate_success 69228132
pgmigrate_success 69252737
pgmigrate_success 69275792
pgmigrate_success 69286604
pgmigrate_success 69286608
pgmigrate_success 69286610
pgmigrate_success 69286611
pgmigrate_success 69576420
pgmigrate_success 69730541
pgmigrate_success 69822191
pgmigrate_success 69912817
pgmigrate_success 70018289
pgmigrate_success 70098675
pgmigrate_success 70210293
pgmigrate_success 70281464
pgmigrate_success 70373734
pgmigrate_success 70401915
pgmigrate_success 70479820
pgmigrate_success 70519271
pgmigrate_success 70519271
pgmigrate_success 70519271
pgmigrate_success 70519271
pgmigrate_success 70519271
pgmigrate_success 70519798
pgmigrate_success 70525465
pgmigrate_success 70528635
pgmigrate_success 70533243
pgmigrate_success 70544535
pgmigrate_success 70550679
pgmigrate_success 70560417
pgmigrate_success 70569164
pgmigrate_success 70584014
pgmigrate_success 70598568
pgmigrate_success 70605749
pgmigrate_success 70618555
pgmigrate_success 70628795
pgmigrate_success 70635976
