hot 3 warm 0 cold 362
hot 4 warm 0 cold 362
hot 4 warm 0 cold 362
hot 4 warm 0 cold 362
hot 4 warm 0 cold 362
hot 4 warm 0 cold 362
hot 4 warm 0 cold 362
hot 4 warm 0 cold 362
hot 4 warm 0 cold 362
hot 4 warm 0 cold 362
hot 4 warm 0 cold 362
hot 4 warm 0 cold 362
hot 4 warm 0 cold 362
hot 4 warm 0 cold 362
hot 4 warm 0 cold 362
hot 4 warm 0 cold 362
hot 4 warm 0 cold 362
hot 4 warm 0 cold 362
hot 4 warm 0 cold 362
hot 4 warm 0 cold 362
hot 4 warm 0 cold 362
hot 4 warm 0 cold 362
hot 4 warm 0 cold 362
hot 4 warm 0 cold 362
hot 4 warm 0 cold 362
hot 4 warm 0 cold 362
hot 4 warm 0 cold 362
hot 4 warm 0 cold 362
hot 4 warm 0 cold 362
hot 4 warm 0 cold 362
hot 4 warm 0 cold 362
hot 4 warm 0 cold 362
hot 4 warm 0 cold 362
hot 4 warm 0 cold 362
hot 4 warm 0 cold 362
hot 4 warm 0 cold 362
hot 4 warm 0 cold 362
hot 4 warm 0 cold 362
hot 4 warm 0 cold 362
hot 4 warm 0 cold 362
hot 4 warm 0 cold 362
hot 4 warm 0 cold 362
hot 4 warm 0 cold 362
hot 4 warm 0 cold 362
hot 4 warm 0 cold 362
hot 4 warm 0 cold 362
hot 4 warm 0 cold 362
hot 4 warm 0 cold 362
hot 4 warm 0 cold 362
hot 4 warm 0 cold 362
hot 4 warm 0 cold 362
hot 4 warm 0 cold 362
hot 4 warm 0 cold 362
hot 4 warm 0 cold 362
hot 4 warm 0 cold 362
hot 4 warm 0 cold 362
hot 4 warm 0 cold 362
hot 4 warm 0 cold 362
hot 4 warm 0 cold 362
hot 4 warm 0 cold 362
hot 4 warm 0 cold 362
hot 4 warm 0 cold 362
hot 4 warm 0 cold 362
hot 4 warm 0 cold 362
hot 4 warm 0 cold 362
hot 4 warm 0 cold 362
hot 4 warm 0 cold 362
hot 4 warm 0 cold 362
hot 4 warm 0 cold 362
hot 4 warm 0 cold 362
hot 4 warm 0 cold 362
hot 4 warm 0 cold 362
hot 4 warm 0 cold 362
hot 4 warm 0 cold 362
hot 4 warm 0 cold 362
hot 4 warm 0 cold 362
hot 4 warm 0 cold 362
hot 4 warm 0 cold 362
hot 4 warm 0 cold 362
hot 4 warm 0 cold 362
hot 4 warm 0 cold 362
hot 4 warm 0 cold 362
hot 4 warm 0 cold 362
hot 4 warm 0 cold 362
hot 4 warm 0 cold 362
hot 4 warm 0 cold 362
hot 4 warm 0 cold 362
hot 4 warm 0 cold 362
hot 4 warm 0 cold 362
hot 4 warm 0 cold 362
hot 4 warm 0 cold 362
hot 4 warm 0 cold 362
hot 4 warm 0 cold 362
hot 4 warm 0 cold 362
hot 4 warm 0 cold 362
hot 4 warm 0 cold 362
hot 4 warm 0 cold 362
hot 4 warm 0 cold 362
hot 4 warm 0 cold 362
hot 4 warm 0 cold 362
hot 4 warm 0 cold 362
hot 4 warm 0 cold 362
hot 4 warm 0 cold 362
hot 4 warm 0 cold 362
hot 4 warm 0 cold 362
hot 4 warm 0 cold 362
hot 4 warm 0 cold 362
hot 4 warm 0 cold 362
hot 4 warm 0 cold 362
hot 4 warm 0 cold 362
hot 4 warm 0 cold 362
hot 4 warm 0 cold 362
hot 4 warm 0 cold 362
hot 168450 warm 0 cold 362
hot 267113 warm 0 cold 0
hot 382825 warm 0 cold 0
hot 417641 warm 0 cold 0
hot 462697 warm 0 cold 0
hot 542569 warm 0 cold 0
hot 553676 warm 0 cold 0
hot 558796 warm 0 cold 0
hot 654030 warm 0 cold 0
hot 715982 warm 0 cold 0
hot 742095 warm 0 cold 0
hot 745167 warm 0 cold 0
hot 794319 warm 0 cold 0
hot 860367 warm 0 cold 0
hot 885455 warm 0 cold 0
hot 889551 warm 0 cold 0
hot 902863 warm 0 cold 0
hot 548356 warm 0 cold 419018
hot 607234 warm 0 cold 419018
hot 640516 warm 0 cold 419016
hot 661510 warm 0 cold 419016
hot 739334 warm 0 cold 419016
hot 811526 warm 0 cold 419016
hot 131074 warm 0 cold 636946
hot 134656 warm 0 cold 4331227
hot 138748 warm 3970576 cold 360651
hot 142840 warm 3970576 cold 360651
hot 148980 warm 3970576 cold 360651
hot 156656 warm 3970576 cold 360651
hot 161260 warm 3970576 cold 360651
hot 166888 warm 3970576 cold 360651
hot 175077 warm 3970576 cold 360651
hot 178145 warm 3970576 cold 360651
hot 183773 warm 3970576 cold 360651
hot 186842 warm 3970576 cold 360650
hot 189398 warm 3970576 cold 360650
hot 192466 warm 3970576 cold 360650
hot 194510 warm 3970576 cold 360650
hot 196042 warm 3970576 cold 360650
hot 197574 warm 3970576 cold 360650
hot 199106 warm 3971088 cold 360138
hot 201662 warm 3971088 cold 360138
hot 205754 warm 3971088 cold 360138
hot 206775 warm 3971088 cold 360137
hot 208307 warm 3971088 cold 360137
hot 210351 warm 3971088 cold 360137
hot 211371 warm 3971088 cold 360137
hot 4 warm 3971088 cold 360137
hot 133124 warm 3971088 cold 360136
hot 136192 warm 3971088 cold 360136
hot 139260 warm 3971088 cold 360136
hot 141681 warm 3 cold 4386517
hot 143725 warm 3 cold 4386517
hot 147308 warm 4026381 cold 360136
hot 152424 warm 4027405 cold 359112
hot 157028 warm 4027405 cold 359112
hot 160096 warm 4027405 cold 359112
hot 164190 warm 4027405 cold 359110
hot 164186 warm 4027405 cold 359110
hot 164694 warm 4027917 cold 358598
hot 167250 warm 4027917 cold 358598
hot 169806 warm 4027917 cold 358598
hot 172362 warm 4028429 cold 358086
hot 174918 warm 4028941 cold 357574
hot 177474 warm 4029453 cold 357062
hot 179006 warm 4029453 cold 357062
hot 180026 warm 4029453 cold 357062
hot 182582 warm 4030477 cold 356038
hot 185138 warm 4030477 cold 356038
hot 187182 warm 4030477 cold 356038
hot 189226 warm 4030477 cold 356038
hot 131588 warm 4030477 cold 356037
hot 133632 warm 4030477 cold 356037
hot 137212 warm 4030477 cold 356037
hot 141816 warm 4030477 cold 356037
hot 144372 warm 4030477 cold 356037
hot 148464 warm 4030477 cold 356037
hot 149996 warm 4030477 cold 356037
hot 152552 warm 4030477 cold 356037
hot 155108 warm 4030477 cold 356037
hot 157664 warm 4030477 cold 356037
hot 160220 warm 4030477 cold 356037
hot 161752 warm 4030989 cold 355525
hot 164308 warm 4032013 cold 354501
hot 166352 warm 4032013 cold 354501
hot 168396 warm 4032525 cold 353989
hot 169929 warm 4033549 cold 352964
hot 172485 warm 4034061 cold 352452
hot 174017 warm 4034061 cold 352452
hot 177085 warm 4034061 cold 352452
hot 178105 warm 4034573 cold 351940
hot 179637 warm 4036109 cold 350404
hot 132635 warm 0 cold 3924676
hot 182785 warm 515 cold 4386001
hot 184829 warm 515 cold 4386001
hot 132106 warm 4038157 cold 347843
hot 134150 warm 4039693 cold 346307
hot 137218 warm 4042765 cold 343235
hot 138238 warm 4042765 cold 342723
hot 139770 warm 4042765 cold 342211
hot 140790 warm 4044301 cold 340675
hot 142322 warm 4044813 cold 340163
hot 146926 warm 4045325 cold 338627
hot 149994 warm 4045837 cold 338115
hot 151014 warm 4046349 cold 337603
hot 153058 warm 4050957 cold 332995
hot 155614 warm 4050957 cold 332995
hot 159706 warm 4050445 cold 332483
hot 163286 warm 4049421 cold 332483
hot 167378 warm 4049933 cold 331971
hot 168910 warm 4051981 cold 329411
hot 170442 warm 4054029 cold 327363
hot 173510 warm 4054029 cold 327363
hot 178114 warm 4054029 cold 326339
hot 178622 warm 4056077 cold 324291
hot 181178 warm 4056589 cold 323267
hot 183734 warm 4054541 cold 322755
hot 186802 warm 4054029 cold 322755
hot 9734 warm 4057101 cold 319683
hot 141317 warm 4057101 cold 319683
hot 143361 warm 4060173 cold 316611
hot 144381 warm 4061197 cold 315075
hot 146425 warm 4061197 cold 314563
hot 148469 warm 4061197 cold 314051
hot 151537 warm 4063245 cold 311491
hot 154093 warm 4064269 cold 309955
hot 156649 warm 4064269 cold 309955
hot 160229 warm 4063757 cold 309955
hot 163809 warm 4065293 cold 307907
hot 165853 warm 4065293 cold 305859
hot 168921 warm 4064781 cold 304323
hot 171477 warm 4063245 cold 304323
hot 174545 warm 4061709 cold 304323
hot 180173 warm 4060173 cold 302787
hot 186825 warm 4058125 cold 301763
hot 190917 warm 4056589 cold 301251
hot 198081 warm 4056077 cold 299203
hot 202685 warm 4056589 cold 296131
hot 206265 warm 4057101 cold 294083
hot 210357 warm 4058637 cold 291011
hot 212913 warm 4058125 cold 290499
hot 215981 warm 4058125 cold 289475
hot 171013 warm 4057613 cold 288451
hot 173057 warm 4057101 cold 288451
hot 179709 warm 4055565 cold 286915
hot 138455 warm 53251 cold 4333264
hot 140499 warm 67075 cold 4319440
hot 219858 warm 4035597 cold 273603
hot 230095 warm 4034061 cold 267458
hot 242891 warm 0 cold 4289743
hot 256711 warm 0 cold 4278479
hot 272579 warm 0 cold 4264655
hot 286399 warm 0 cold 4253391
hot 300220 warm 0 cold 4240591
hot 315576 warm 0 cold 4226255
hot 328884 warm 0 cold 4214479
hot 346288 warm 0 cold 4200143
hot 363180 warm 0 cold 4184271
hot 378024 warm 0 cold 4170959
hot 390820 warm 0 cold 4160207
hot 407200 warm 0 cold 4145359
hot 421532 warm 0 cold 4131535
hot 437400 warm 3875853 cold 241346
hot 454804 warm 0 cold 4103887
hot 473232 warm 0 cold 4088527
hot 489612 warm 0 cold 4073167
hot 449029 warm 0 cold 4069071
hot 460801 warm 0 cold 4060367
hot 478205 warm 3816973 cold 227522
hot 496121 warm 0 cold 4028111
hot 513013 warm 0 cold 4014287
hot 527346 warm 0 cold 3999950
hot 545262 warm 0 cold 3985614
hot 563690 warm 3761677 cold 208065
hot 580070 warm 0 cold 3955406
hot 594402 warm 0 cold 3943630
hot 610784 warm 0 cold 3928780
hot 625116 warm 0 cold 3916492
hot 646616 warm 3697165 cold 199871
hot 661460 warm 0 cold 3883724
hot 683984 warm 0 cold 3862732
hot 704460 warm 0 cold 3843788
hot 725960 warm 0 cold 3823820
hot 750532 warm 0 cold 3804364
hot 765888 warm 0 cold 3789004
hot 784828 warm 0 cold 3773132
hot 798648 warm 0 cold 3759308
hot 814004 warm 0 cold 3744460
hot 828336 warm 0 cold 3731660
hot 847788 warm 0 cold 3714252
hot 806408 warm 0 cold 3712716
hot 812036 warm 0 cold 3708108
hot 819200 warm 0 cold 3701964
hot 821244 warm 0 cold 3699916
hot 828408 warm 0 cold 3694284
hot 834548 warm 0 cold 3690188
hot 844784 warm 0 cold 3683020
hot 852972 warm 0 cold 3676876
hot 859624 warm 0 cold 3671244
hot 863716 warm 0 cold 3667148
hot 872928 warm 0 cold 3660492
hot 879580 warm 0 cold 3655372
hot 151976 warm 0 cold 4385487
hot 154020 warm 0 cold 4384975
hot 156064 warm 0 cold 4384975
hot 158108 warm 913411 cold 3471564
hot 161176 warm 954371 cold 3429580
hot 164244 warm 997891 cold 3386060
hot 166288 warm 1040387 cold 3343564
hot 167820 warm 1089539 cold 3294412
hot 171912 warm 1127427 cold 3256012
hot 174980 warm 1164803 cold 3217612
hot 180096 warm 1200643 cold 3179724
hot 182652 warm 1241091 cold 3138252
hot 186744 warm 1276419 cold 3101388
hot 189300 warm 1313283 cold 3064012
hot 192880 warm 1350147 cold 3025612
hot 194412 warm 1386499 cold 2988236
hot 196968 warm 1420803 cold 2952396
hot 14347 warm 1452547 cold 2919628
hot 150026 warm 1454595 cold 2914508
hot 152582 warm 1495043 cold 2872524
hot 154626 warm 1530371 cold 2836684
hot 157182 warm 1562627 cold 2802892
hot 162298 warm 1591299 cold 2771660
hot 165366 warm 1620995 cold 2740940
hot 172018 warm 1649155 cold 2709708
hot 176110 warm 1681411 cold 2675916
hot 179690 warm 1708035 cold 2647244
hot 184806 warm 1732099 cold 2620108
hot 187362 warm 1768451 cold 2582220
hot 193502 warm 1796611 cold 2550476
hot 199642 warm 1819139 cold 2524876
hot 203222 warm 1852419 cold 2489036
hot 207826 warm 1879043 cold 2458828
hot 216014 warm 1903619 cold 2429132
hot 221642 warm 0 cold 4329679
hot 228806 warm 0 cold 4325583
hot 235458 warm 0 cold 4321487
hot 239038 warm 0 cold 4318927
hot 242106 warm 0 cold 4316879
hot 246710 warm 0 cold 4313807
hot 251314 warm 0 cold 4309199
