anon 0
anon_thp 0
anon 261144576
anon_thp 260046848
anon 535871488
anon_thp 534773760
anon 804306944
anon_thp 803209216
anon 1079533568
anon_thp 1075838976
anon 1358454784
anon_thp 1354760192
anon 1633181696
anon_thp 1629487104
anon 1905811456
anon_thp 1902116864
anon 2188926976
anon_thp 2185232384
anon 2459459584
anon_thp 2455764992
anon 2736283648
anon_thp 2732589056
anon 3013107712
anon_thp 3009413120
anon 3292028928
anon_thp 3288334336
anon 3575144448
anon_thp 3571449856
anon 3854065664
anon_thp 3850371072
anon 4128792576
anon_thp 4125097984
anon 4411908096
anon_thp 4408213504
anon 4692926464
anon_thp 4689231872
anon 4971847680
anon_thp 4968153088
anon 5242380288
anon_thp 5238685696
anon 5521301504
anon_thp 5517606912
anon 5796028416
anon_thp 5792333824
anon 6070755328
anon_thp 6067060736
anon 6347579392
anon_thp 6343884800
anon 6624403456
anon_thp 6620708864
anon 6897033216
anon_thp 6893338624
anon 7173857280
anon_thp 7170162688
anon 7459069952
anon_thp 7455375360
anon 7733796864
anon_thp 7730102272
anon 8019009536
anon_thp 8015314944
anon 8302125056
anon_thp 8298430464
anon 8576851968
anon_thp 8573157376
anon 8855773184
anon_thp 8852078592
anon 9138888704
anon_thp 9135194112
anon 9426198528
anon_thp 9422503936
anon 9705119744
anon_thp 9701425152
anon 9984040960
anon_thp 9980346368
anon 10265059328
anon_thp 10261364736
anon 10537689088
anon_thp 10533994496
anon 10820804608
anon_thp 10817110016
anon 11095531520
anon_thp 11091836928
anon 11384938496
anon_thp 11381243904
anon 11661762560
anon_thp 11658067968
anon 11946975232
anon_thp 11943280640
anon 12221702144
anon_thp 12218007552
anon 12504817664
anon_thp 12501123072
anon 12785836032
anon_thp 12782141440
anon 13062660096
anon_thp 13058965504
anon 13341581312
anon_thp 13337886720
anon 13626793984
anon_thp 13623099392
anon 13903618048
anon_thp 13899923456
anon 14184636416
anon_thp 14180941824
anon 14467751936
anon_thp 14464057344
anon 14746673152
anon_thp 14742978560
anon 15027691520
anon_thp 15023996928
anon 15306612736
anon_thp 15302918144
anon 15583436800
anon_thp 15579742208
anon 15862358016
anon_thp 15858663424
anon 16137084928
anon_thp 16133390336
anon 16411811840
anon_thp 16408117248
anon 16690733056
anon_thp 16687038464
anon 16975945728
anon_thp 16972251136
anon 17252769792
anon_thp 17249075200
anon 17531691008
anon_thp 17527996416
anon 17795932160
anon_thp 17792237568
anon 19021307904
anon_thp 19014877184
anon 19041267712
anon_thp 19031654400
anon 19041267712
anon_thp 19031654400
anon 19039170560
anon_thp 19029557248
anon 19041267712
anon_thp 19031654400
anon 19041267712
anon_thp 19031654400
anon 19041267712
anon_thp 19031654400
anon 19041267712
anon_thp 19031654400
anon 19041267712
anon_thp 19031654400
anon 19041267712
anon_thp 19031654400
anon 19041267712
anon_thp 19031654400
anon 19041267712
anon_thp 19031654400
anon 19041267712
anon_thp 19031654400
anon 19041267712
anon_thp 19031654400
anon 19041267712
anon_thp 19031654400
anon 19041267712
anon_thp 19031654400
anon 19041267712
anon_thp 19031654400
anon 19041267712
anon_thp 19031654400
anon 19041267712
anon_thp 19031654400
anon 19041267712
anon_thp 19031654400
anon 19041267712
anon_thp 19031654400
anon 19042336768
anon_thp 19035848704
anon 19042336768
anon_thp 19035848704
anon 19042336768
anon_thp 19035848704
anon 18480807936
anon_thp 18478006272
anon 19042336768
anon_thp 19035848704
anon 19042336768
anon_thp 19035848704
anon 19042336768
anon_thp 19035848704
anon 19042336768
anon_thp 19035848704
anon 19042336768
anon_thp 19035848704
anon 19042336768
anon_thp 19035848704
anon 19042336768
anon_thp 19035848704
anon 19042336768
anon_thp 19035848704
anon 19042336768
anon_thp 19035848704
anon 19042336768
anon_thp 19035848704
anon 19042336768
anon_thp 19035848704
anon 19042336768
anon_thp 19035848704
anon 19042336768
anon_thp 19035848704
anon 19042336768
anon_thp 19035848704
anon 19042336768
anon_thp 19035848704
anon 19042336768
anon_thp 19035848704
anon 19042336768
anon_thp 19035848704
anon 19042336768
anon_thp 19035848704
anon 19042336768
anon_thp 19035848704
anon 19042336768
anon_thp 19035848704
anon 19042336768
anon_thp 19035848704
anon 19042336768
anon_thp 19035848704
anon 19042336768
anon_thp 19035848704
anon 19042336768
anon_thp 19035848704
anon 19042336768
anon_thp 19035848704
anon 19042336768
anon_thp 19035848704
anon 19042336768
anon_thp 19035848704
anon 19042336768
anon_thp 19035848704
anon 19042336768
anon_thp 19035848704
anon 19042336768
anon_thp 19035848704
anon 19042336768
anon_thp 19035848704
anon 19042336768
anon_thp 19035848704
anon 19042336768
anon_thp 19035848704
anon 19042336768
anon_thp 19035848704
anon 19042336768
anon_thp 19035848704
anon 19042336768
anon_thp 19035848704
anon 19042336768
anon_thp 19035848704
anon 19042336768
anon_thp 19035848704
anon 19042336768
anon_thp 19035848704
anon 19042336768
anon_thp 19035848704
anon 19042336768
anon_thp 19035848704
anon 19042336768
anon_thp 19035848704
anon 19042336768
anon_thp 19035848704
anon 19042336768
anon_thp 19035848704
anon 19042336768
anon_thp 19035848704
anon 19042336768
anon_thp 19035848704
anon 19042336768
anon_thp 19035848704
anon 19042336768
anon_thp 19035848704
anon 19042336768
anon_thp 19035848704
anon 19042336768
anon_thp 19035848704
anon 19042336768
anon_thp 19035848704
anon 19042336768
anon_thp 19035848704
anon 19042336768
anon_thp 19035848704
anon 19042336768
anon_thp 19035848704
anon 19042336768
anon_thp 19035848704
anon 19042336768
anon_thp 19035848704
anon 19042336768
anon_thp 19035848704
anon 19042336768
anon_thp 19035848704
anon 19042336768
anon_thp 19035848704
anon 19042336768
anon_thp 19035848704
anon 19042336768
anon_thp 19035848704
anon 19042336768
anon_thp 19035848704
anon 19042336768
anon_thp 19035848704
anon 19042336768
anon_thp 19035848704
anon 19042336768
anon_thp 19035848704
anon 19042336768
anon_thp 19035848704
anon 19042336768
anon_thp 19035848704
anon 19042336768
anon_thp 19035848704
anon 19042336768
anon_thp 19035848704
anon 19042336768
anon_thp 19035848704
anon 19042336768
anon_thp 19035848704
anon 19042336768
anon_thp 19035848704
anon 19042336768
anon_thp 19035848704
anon 19042336768
anon_thp 19035848704
anon 19042336768
anon_thp 19035848704
anon 19042336768
anon_thp 19035848704
anon 19042336768
anon_thp 19035848704
anon 19042336768
anon_thp 19035848704
anon 19042336768
anon_thp 19035848704
anon 19042336768
anon_thp 19035848704
anon 19042336768
anon_thp 19035848704
anon 19040239616
anon_thp 19033751552
anon 19042336768
anon_thp 19035848704
anon 19042336768
anon_thp 19035848704
anon 19042336768
anon_thp 19035848704
anon 19042336768
anon_thp 19035848704
anon 19042336768
anon_thp 19035848704
anon 19042336768
anon_thp 19035848704
anon 19042336768
anon_thp 19035848704
anon 19042336768
anon_thp 19035848704
anon 19042336768
anon_thp 19035848704
anon 19042336768
anon_thp 19035848704
anon 19042336768
anon_thp 19035848704
anon 19042336768
anon_thp 19035848704
anon 19042336768
anon_thp 19035848704
anon 19042336768
anon_thp 19035848704
anon 19042336768
anon_thp 19035848704
anon 19042336768
anon_thp 19035848704
anon 19042336768
anon_thp 19035848704
anon 19042336768
anon_thp 19035848704
anon 19042336768
anon_thp 19035848704
anon 19042336768
anon_thp 19035848704
anon 19042336768
anon_thp 19035848704
anon 19042336768
anon_thp 19035848704
anon 19042336768
anon_thp 19035848704
anon 19042336768
anon_thp 19035848704
anon 19042336768
anon_thp 19035848704
anon 19042336768
anon_thp 19035848704
anon 19042336768
anon_thp 19035848704
anon 19042336768
anon_thp 19035848704
anon 19042336768
anon_thp 19035848704
anon 19042336768
anon_thp 19035848704
anon 19042336768
anon_thp 19035848704
anon 19042336768
anon_thp 19035848704
anon 19042336768
anon_thp 19035848704
anon 19042336768
anon_thp 19035848704
anon 18086543360
anon_thp 18083741696
anon 19042336768
anon_thp 19035848704
anon 19042336768
anon_thp 19035848704
anon 19042336768
anon_thp 19035848704
anon 19042336768
anon_thp 19035848704
anon 19042336768
anon_thp 19035848704
anon 19042336768
anon_thp 19035848704
anon 19042336768
anon_thp 19035848704
anon 19042336768
anon_thp 19035848704
anon 19042336768
anon_thp 19035848704
anon 19042336768
anon_thp 19035848704
anon 19042336768
anon_thp 19035848704
anon 19042336768
anon_thp 19035848704
anon 19042336768
anon_thp 19035848704
anon 19042336768
anon_thp 19035848704
anon 19042336768
anon_thp 19035848704
anon 19042336768
anon_thp 19035848704
anon 19042336768
anon_thp 19035848704
anon 19042336768
anon_thp 19035848704
anon 19042336768
anon_thp 19035848704
anon 19042336768
anon_thp 19035848704
anon 19042336768
anon_thp 19035848704
anon 19042336768
anon_thp 19035848704
anon 19042336768
anon_thp 19035848704
anon 19042336768
anon_thp 19035848704
anon 19042336768
anon_thp 19035848704
anon 19042336768
anon_thp 19035848704
anon 19042336768
anon_thp 19035848704
anon 19042336768
anon_thp 19035848704
anon 19042336768
anon_thp 19035848704
anon 19042336768
anon_thp 19035848704
anon 19042336768
anon_thp 19035848704
anon 19042336768
anon_thp 19035848704
anon 19042336768
anon_thp 19035848704
anon 19042336768
anon_thp 19035848704
anon 19042336768
anon_thp 19035848704
anon 19042336768
anon_thp 19035848704
anon 19042336768
anon_thp 19035848704
anon 19042336768
anon_thp 19035848704
anon 19042336768
anon_thp 19035848704
anon 19042336768
anon_thp 19035848704
anon 19042336768
anon_thp 19035848704
anon 18902908928
anon_thp 18897436672
anon 19042336768
anon_thp 19035848704
anon 19042336768
anon_thp 19035848704
anon 19042336768
anon_thp 19035848704
anon 19042336768
anon_thp 19035848704
anon 19042336768
anon_thp 19035848704
anon 19042336768
anon_thp 19035848704
anon 19042336768
anon_thp 19035848704
anon 19042336768
anon_thp 19035848704
anon 19042336768
anon_thp 19035848704
anon 19042336768
anon_thp 19035848704
anon 19042336768
anon_thp 19035848704
anon 19042336768
anon_thp 19035848704
anon 19042336768
anon_thp 19035848704
anon 19042336768
anon_thp 19035848704
anon 19042336768
anon_thp 19035848704
anon 19042336768
anon_thp 19035848704
anon 19042336768
anon_thp 19035848704
anon 19042336768
anon_thp 19035848704
anon 19042336768
anon_thp 19035848704
anon 19042336768
anon_thp 19035848704
anon 19042336768
anon_thp 19035848704
anon 19042336768
anon_thp 19035848704
anon 19042336768
anon_thp 19035848704
anon 19042336768
anon_thp 19035848704
anon 19042336768
anon_thp 19035848704
anon 19042336768
anon_thp 19035848704
anon 19042336768
anon_thp 19035848704
anon 19042336768
anon_thp 19035848704
anon 19042336768
anon_thp 19035848704
anon 19042336768
anon_thp 19035848704
anon 19042336768
anon_thp 19035848704
anon 19042336768
anon_thp 19035848704
anon 19042336768
anon_thp 19035848704
anon 19042336768
anon_thp 19035848704
anon 19042336768
anon_thp 19035848704
anon 19042336768
anon_thp 19035848704
anon 19042336768
anon_thp 19035848704
anon 19042336768
anon_thp 19035848704
anon 19042336768
anon_thp 19035848704
anon 19042336768
anon_thp 19035848704
anon 19042336768
anon_thp 19035848704
anon 19042336768
anon_thp 19035848704
anon 19042336768
anon_thp 19035848704
anon 19042336768
anon_thp 19035848704
anon 19042336768
anon_thp 19035848704
anon 19042336768
anon_thp 19035848704
anon 19042336768
anon_thp 19035848704
anon 19042336768
anon_thp 19035848704
anon 19042336768
anon_thp 19035848704
anon 19042336768
anon_thp 19035848704
anon 19042336768
anon_thp 19035848704
anon 19042336768
anon_thp 19035848704
anon 19042336768
anon_thp 19035848704
anon 19042336768
anon_thp 19035848704
anon 19042336768
anon_thp 19035848704
anon 19040239616
anon_thp 19033751552
anon 19042336768
anon_thp 19035848704
anon 19042336768
anon_thp 19035848704
anon 19042336768
anon_thp 19035848704
anon 19042336768
anon_thp 19035848704
anon 19042336768
anon_thp 19035848704
anon 19042336768
anon_thp 19035848704
anon 19042336768
anon_thp 19035848704
anon 19042336768
anon_thp 19035848704
anon 19042336768
anon_thp 19035848704
anon 19042336768
anon_thp 19035848704
anon 19042336768
anon_thp 19035848704
anon 19042336768
anon_thp 19035848704
anon 19042336768
anon_thp 19035848704
anon 19042336768
anon_thp 19035848704
anon 19042336768
anon_thp 19035848704
anon 19042336768
anon_thp 19035848704
anon 19042336768
anon_thp 19035848704
anon 19042336768
anon_thp 19035848704
anon 19042336768
anon_thp 19035848704
anon 19042336768
anon_thp 19035848704
anon 19042336768
anon_thp 19035848704
anon 19042336768
anon_thp 19035848704
anon 19042336768
anon_thp 19035848704
anon 19042336768
anon_thp 19035848704
anon 19042336768
anon_thp 19035848704
anon 19042336768
anon_thp 19035848704
anon 19042336768
anon_thp 19035848704
anon 19042336768
anon_thp 19035848704
anon 19042336768
anon_thp 19035848704
anon 19042336768
anon_thp 19035848704
anon 19042336768
anon_thp 19035848704
anon 19042336768
anon_thp 19035848704
anon 19042336768
anon_thp 19035848704
anon 19042336768
anon_thp 19035848704
anon 19042336768
anon_thp 19035848704
anon 19042336768
anon_thp 19035848704
anon 19042336768
anon_thp 19035848704
anon 19042336768
anon_thp 19035848704
anon 19042336768
anon_thp 19035848704
anon 19042336768
anon_thp 19035848704
anon 19042336768
anon_thp 19035848704
anon 19042336768
anon_thp 19035848704
anon 19042336768
anon_thp 19035848704
anon 19042336768
anon_thp 19035848704
anon 19042336768
anon_thp 19035848704
anon 19042336768
anon_thp 19035848704
anon 19042336768
anon_thp 19035848704
anon 19042336768
anon_thp 19035848704
anon 19042336768
anon_thp 19035848704
anon 19042336768
anon_thp 19035848704
anon 19042336768
anon_thp 19035848704
anon 19042336768
anon_thp 19035848704
anon 19042336768
anon_thp 19035848704
anon 19042336768
anon_thp 19035848704
anon 19042336768
anon_thp 19035848704
anon 19042336768
anon_thp 19035848704
anon 19042336768
anon_thp 19035848704
anon 19042336768
anon_thp 19035848704
anon 19042336768
anon_thp 19035848704
anon 19042336768
anon_thp 19035848704
anon 19042336768
anon_thp 19035848704
anon 19042336768
anon_thp 19035848704
anon 19042336768
anon_thp 19035848704
anon 19042336768
anon_thp 19035848704
anon 19042336768
anon_thp 19035848704
anon 19042336768
anon_thp 19035848704
anon 19042336768
anon_thp 19035848704
anon 19042336768
anon_thp 19035848704
anon 19042336768
anon_thp 19035848704
anon 19042336768
anon_thp 19035848704
anon 19042336768
anon_thp 19035848704
anon 19042336768
anon_thp 19035848704
anon 19042336768
anon_thp 19035848704
anon 19042336768
anon_thp 19035848704
anon 19042336768
anon_thp 19035848704
anon 19042336768
anon_thp 19035848704
anon 19042336768
anon_thp 19035848704
anon 19042336768
anon_thp 19035848704
anon 19042336768
anon_thp 19035848704
anon 19040239616
anon_thp 19033751552
anon 19042336768
anon_thp 19035848704
anon 19042336768
anon_thp 19035848704
anon 19042336768
anon_thp 19035848704
anon 19042336768
anon_thp 19035848704
anon 19042336768
anon_thp 19035848704
anon 19042336768
anon_thp 19035848704
anon 19042336768
anon_thp 19035848704
anon 19042336768
anon_thp 19035848704
anon 19042336768
anon_thp 19035848704
anon 19042336768
anon_thp 19035848704
anon 19042336768
anon_thp 19035848704
anon 19042336768
anon_thp 19035848704
anon 19042336768
anon_thp 19035848704
anon 19042336768
anon_thp 19035848704
anon 18224955392
anon_thp 18222153728
anon 19042336768
anon_thp 19035848704
anon 19042336768
anon_thp 19035848704
anon 19042336768
anon_thp 19035848704
anon 19042336768
anon_thp 19035848704
anon 19042336768
anon_thp 19035848704
anon 19042336768
anon_thp 19035848704
anon 19042336768
anon_thp 19035848704
anon 19042336768
anon_thp 19035848704
anon 19042336768
anon_thp 19035848704
anon 19042336768
anon_thp 19035848704
anon 19042336768
anon_thp 19035848704
anon 19042336768
anon_thp 19035848704
anon 19042336768
anon_thp 19035848704
anon 19042336768
anon_thp 19035848704
anon 19042336768
anon_thp 19035848704
anon 19042336768
anon_thp 19035848704
anon 19042336768
anon_thp 19035848704
anon 19042336768
anon_thp 19035848704
anon 19042336768
anon_thp 19035848704
anon 19042336768
anon_thp 19035848704
anon 19042336768
anon_thp 19035848704
anon 19042336768
anon_thp 19035848704
anon 19042336768
anon_thp 19035848704
anon 19042336768
anon_thp 19035848704
anon 19042336768
anon_thp 19035848704
anon 19042336768
anon_thp 19035848704
anon 19042336768
anon_thp 19035848704
anon 19042336768
anon_thp 19035848704
anon 19042336768
anon_thp 19035848704
anon 19042336768
anon_thp 19035848704
anon 19042336768
anon_thp 19035848704
anon 19042336768
anon_thp 19035848704
