hot 0 warm 0 cold 0
hot 1 warm 0 cold 0
hot 1 warm 0 cold 0
hot 1 warm 0 cold 0
hot 1 warm 0 cold 0
hot 1 warm 0 cold 0
hot 1 warm 0 cold 0
hot 1 warm 0 cold 0
hot 1 warm 0 cold 0
hot 1 warm 0 cold 0
hot 1 warm 0 cold 0
hot 1 warm 0 cold 0
hot 1 warm 0 cold 0
hot 1 warm 0 cold 0
hot 1 warm 0 cold 0
hot 1 warm 0 cold 0
hot 1 warm 0 cold 0
hot 1 warm 0 cold 0
hot 1 warm 0 cold 0
hot 1 warm 0 cold 0
hot 1 warm 0 cold 0
hot 1 warm 0 cold 0
hot 1 warm 0 cold 0
hot 1 warm 0 cold 0
hot 1 warm 0 cold 0
hot 1 warm 0 cold 0
hot 1 warm 0 cold 0
hot 1 warm 0 cold 0
hot 1 warm 0 cold 0
hot 1 warm 0 cold 0
hot 1 warm 0 cold 0
hot 1 warm 0 cold 0
hot 1 warm 0 cold 0
hot 1 warm 0 cold 0
hot 1 warm 0 cold 0
hot 1 warm 0 cold 0
hot 1 warm 0 cold 0
hot 1 warm 0 cold 0
hot 1 warm 0 cold 0
hot 1 warm 0 cold 0
hot 1 warm 0 cold 0
hot 1 warm 0 cold 0
hot 1 warm 0 cold 0
hot 1 warm 0 cold 0
hot 1 warm 0 cold 0
hot 1 warm 0 cold 0
hot 1 warm 0 cold 0
hot 1 warm 0 cold 0
hot 1 warm 0 cold 0
hot 1 warm 0 cold 0
hot 1 warm 0 cold 0
hot 1 warm 0 cold 0
hot 1 warm 0 cold 0
hot 1 warm 0 cold 0
hot 1 warm 0 cold 0
hot 1 warm 0 cold 0
hot 1 warm 0 cold 0
hot 1 warm 0 cold 0
hot 1 warm 0 cold 0
hot 1 warm 0 cold 0
hot 1 warm 0 cold 0
hot 1 warm 0 cold 0
hot 1 warm 0 cold 0
hot 1 warm 0 cold 0
hot 1 warm 0 cold 0
hot 25091 warm 0 cold 0
hot 180226 warm 0 cold 0
hot 292866 warm 0 cold 0
hot 404994 warm 0 cold 0
hot 451586 warm 0 cold 0
hot 493058 warm 0 cold 0
hot 513026 warm 0 cold 0
hot 519170 warm 0 cold 0
hot 524290 warm 0 cold 0
hot 565762 warm 0 cold 0
hot 657922 warm 0 cold 0
hot 745986 warm 0 cold 0
hot 842242 warm 0 cold 0
hot 931842 warm 0 cold 0
hot 846346 warm 0 cold 178169
hot 918538 warm 0 cold 182777
hot 930827 warm 0 cold 184824
hot 759307 warm 0 cold 366584
hot 759307 warm 0 cold 368120
hot 760843 warm 0 cold 367608
hot 763403 warm 0 cold 365048
hot 581131 warm 0 cold 4006594
hot 883211 warm 0 cold 3706050
hot 951307 warm 0 cold 3643586
hot 607242 warm 0 cold 3760322
hot 747018 warm 0 cold 3754690
hot 752138 warm 0 cold 3752130
hot 755722 warm 0 cold 3752642
hot 759306 warm 0 cold 3751106
hot 762890 warm 0 cold 3750082
hot 770570 warm 0 cold 3746498
hot 773642 warm 0 cold 3744450
hot 775690 warm 0 cold 3743938
hot 779786 warm 0 cold 3742914
hot 785930 warm 0 cold 3738818
hot 787978 warm 0 cold 3736770
hot 794122 warm 0 cold 3732162
hot 803338 warm 0 cold 3725506
hot 810506 warm 0 cold 3720386
hot 815626 warm 0 cold 3717826
hot 820234 warm 0 cold 3714754
hot 825354 warm 0 cold 3710146
hot 830986 warm 0 cold 3707586
hot 834570 warm 0 cold 3706050
hot 839690 warm 0 cold 3701954
hot 844298 warm 0 cold 3698882
hot 847882 warm 0 cold 3695810
hot 854026 warm 0 cold 3691714
hot 856074 warm 0 cold 3690178
hot 865290 warm 0 cold 3683522
hot 874506 warm 0 cold 3675842
hot 886794 warm 0 cold 3666114
hot 899082 warm 0 cold 3655362
hot 913418 warm 0 cold 3643074
hot 925706 warm 0 cold 3632322
hot 935946 warm 0 cold 3622594
hot 951818 warm 0 cold 3608770
hot 503818 warm 465920 cold 3592898
hot 507914 warm 478720 cold 3577538
hot 510986 warm 492032 cold 3561666
hot 516106 warm 506880 cold 3542722
hot 524810 warm 515072 cold 3528386
hot 162487 warm 288256 cold 1604096
hot 166918 warm 397824 cold 4014539
hot 578054 warm 652288 cold 3348939
hot 594950 warm 677888 cold 3307467
hot 605702 warm 718336 cold 3257291
hot 615942 warm 753152 cold 3212747
hot 558596 warm 771072 cold 3187659
hot 563716 warm 784384 cold 3169739
hot 568836 warm 795648 cold 3154379
hot 575492 warm 808448 cold 3136971
hot 586244 warm 812544 cold 3123659
hot 595460 warm 814592 cold 3113419
hot 602116 warm 825856 cold 3098059
hot 610820 warm 832512 cold 3084235
hot 620036 warm 839168 cold 3069387
hot 628228 warm 844288 cold 3057099
hot 633348 warm 858624 cold 3039691
hot 640516 warm 869376 cold 3025355
hot 645124 warm 880128 cold 3009995
hot 650244 warm 889856 cold 2995147
hot 655876 warm 904192 cold 2976715
hot 663556 warm 909312 cold 2964939
hot 670212 warm 921088 cold 2947019
hot 675844 warm 932864 cold 2930123
hot 684548 warm 941056 cold 2913739
hot 690180 warm 948224 cold 2901451
hot 695812 warm 957440 cold 2887115
hot 700932 warm 967680 cold 2872267
hot 708612 warm 979456 cold 2855371
hot 716804 warm 992256 cold 2835403
hot 724996 warm 996864 cold 2823627
hot 730116 warm 1009152 cold 2806219
hot 737284 warm 0 cold 3810763
hot 741380 warm 0 cold 3806667
hot 749572 warm 0 cold 3799499
hot 760836 warm 0 cold 3790283
hot 772100 warm 0 cold 3780555
hot 781828 warm 0 cold 3771851
hot 794116 warm 0 cold 3760587
hot 805892 warm 0 cold 3750859
hot 822276 warm 0 cold 3736011
hot 833540 warm 0 cold 3725771
hot 848900 warm 0 cold 3712971
hot 865284 warm 0 cold 3697611
hot 889348 warm 0 cold 3675595
hot 915972 warm 0 cold 3649995
hot 943620 warm 0 cold 3623371
hot 321540 warm 0 cold 4246475
hot 328708 warm 0 cold 4240331
hot 334340 warm 0 cold 4235723
hot 343556 warm 726528 cold 3502027
hot 160770 warm 724992 cold 3502027
hot 294402 warm 727040 cold 3495883
hot 300546 warm 747008 cold 3472843
hot 310274 warm 764416 cold 3448267
hot 317954 warm 784896 cold 3422155
hot 326658 warm 798208 cold 3401675
hot 332802 warm 826880 cold 3369419
hot 337410 warm 859136 cold 3334091
hot 343554 warm 880128 cold 3308491
hot 350722 warm 901120 cold 3282379
hot 352770 warm 907776 cold 3274699
hot 359938 warm 928256 cold 3248075
hot 370178 warm 947712 cold 3220939
hot 380418 warm 972288 cold 3189195
hot 387074 warm 1000448 cold 3155403
hot 392706 warm 1021952 cold 3129803
hot 132146 warm 4096 cold 30720
hot 175109 warm 276992 cold 4096521
hot 474117 warm 1206784 cold 2867721
hot 497669 warm 1231872 cold 2819081
hot 518661 warm 1241600 cold 2788361
hot 521733 warm 1239552 cold 2787337
hot 529925 warm 1231360 cold 2787337
hot 552965 warm 1244672 cold 2750985
hot 580101 warm 1258496 cold 2710025
hot 608773 warm 1272832 cold 2667017
hot 640005 warm 1285632 cold 2622985
hot 665605 warm 1317376 cold 2565641
hot 509444 warm 0 cold 3777545
hot 647684 warm 0 cold 3639305
hot 651780 warm 0 cold 3635209
hot 659460 warm 0 cold 3627529
hot 664580 warm 1357824 cold 2264585
hot 670724 warm 1363968 cold 2252297
hot 678404 warm 1369088 cold 2239497
hot 684036 warm 1377280 cold 2225673
hot 693252 warm 1380352 cold 2213385
hot 701444 warm 0 cold 3585545
hot 710660 warm 0 cold 3576329
hot 719364 warm 0 cold 3567625
hot 726532 warm 0 cold 3560457
hot 732676 warm 0 cold 3554313
hot 744452 warm 0 cold 3542537
hot 754692 warm 0 cold 3532297
hot 762884 warm 0 cold 3524105
hot 779268 warm 0 cold 3507721
hot 796164 warm 0 cold 3490825
hot 817156 warm 0 cold 3469833
hot 837124 warm 0 cold 3449865
hot 857604 warm 0 cold 3429385
hot 876548 warm 0 cold 3410441
hot 891908 warm 0 cold 3395081
hot 910852 warm 0 cold 3376137
hot 928772 warm 0 cold 3358217
hot 948740 warm 0 cold 3338249
hot 964612 warm 0 cold 3322377
hot 263172 warm 0 cold 4023817
hot 267780 warm 0 cold 4019209
hot 271364 warm 0 cold 4015625
hot 277508 warm 0 cold 4009481
hot 282628 warm 784384 cold 3219977
hot 288772 warm 798720 cold 3199497
hot 294916 warm 811008 cold 3181065
hot 299012 warm 825856 cold 3162121
hot 304644 warm 839680 cold 3142665
hot 309764 warm 852992 cold 3124233
hot 313348 warm 868864 cold 3104777
hot 318468 warm 878592 cold 3089929
hot 320516 warm 894464 cold 3072009
hot 326660 warm 903680 cold 3056649
hot 143874 warm 919552 cold 2961417
hot 275458 warm 927744 cold 2938368
hot 278530 warm 937472 cold 2930176
hot 283650 warm 944640 cold 2924544
hot 288258 warm 956928 cold 2912256
hot 291842 warm 966144 cold 2904064
hot 294914 warm 979456 cold 2892288
hot 297986 warm 995840 cold 2878464
hot 304130 warm 1006080 cold 2869248
hot 311298 warm 1015296 cold 2856448
hot 318466 warm 1027072 cold 2842112
hot 323586 warm 1036800 cold 2830848
hot 327170 warm 1048064 cold 2820096
hot 335874 warm 1058816 cold 2810368
hot 340482 warm 1069056 cold 2802688
hot 346626 warm 1077248 cold 2793472
hot 356354 warm 1083392 cold 2783232
hot 363522 warm 1093632 cold 2773504
hot 372226 warm 1099264 cold 2765824
hot 377858 warm 1109504 cold 2755072
hot 384514 warm 1118208 cold 2743808
hot 390658 warm 1127936 cold 2732032
hot 400386 warm 1131008 cold 2722816
hot 407554 warm 1137152 cold 2712576
hot 415234 warm 1144832 cold 2701312
hot 419842 warm 1155072 cold 2689536
hot 423938 warm 1164800 cold 2679808
hot 433154 warm 1170944 cold 2668032
hot 443394 warm 1175552 cold 2659328
hot 449026 warm 1183232 cold 2647552
hot 453122 warm 1196032 cold 2637312
hot 460802 warm 1204224 cold 2625024
hot 467458 warm 1209856 cold 2617856
hot 472578 warm 1218560 cold 2608640
hot 478733 warm 1228800 cold 2595840
hot 201745 warm 322048 cold 4045817
hot 205329 warm 335872 cold 4028409
hot 207377 warm 350720 cold 4011513
hot 210449 warm 367616 cold 3991545
hot 214545 warm 380928 cold 3974137
hot 613393 warm 0 cold 3956217
hot 628753 warm 0 cold 3940857
hot 647185 warm 0 cold 3922425
hot 595984 warm 0 cold 3711993
hot 606736 warm 0 cold 3701241
hot 617488 warm 1400320 cold 2290169
hot 626704 warm 1410048 cold 2271225
hot 634384 warm 1417216 cold 2256377
hot 644624 warm 1421312 cold 2242041
hot 653840 warm 1429504 cold 2224633
hot 668688 warm 0 cold 3639289
hot 676880 warm 0 cold 3631097
hot 689680 warm 0 cold 3618297
hot 701456 warm 0 cold 3606521
hot 715280 warm 0 cold 3592697
hot 730128 warm 0 cold 3577849
hot 747024 warm 0 cold 3560953
hot 763408 warm 0 cold 3544569
hot 787472 warm 0 cold 3520505
hot 814096 warm 0 cold 3493881
hot 848912 warm 0 cold 3459065
hot 878096 warm 0 cold 3429881
hot 909840 warm 0 cold 3398137
hot 265744 warm 680448 cold 3361785
hot 268816 warm 0 cold 4039161
hot 272912 warm 0 cold 4035065
hot 282640 warm 758272 cold 3267065
hot 289296 warm 775168 cold 3243513
hot 291344 warm 773632 cold 3243001
hot 295440 warm 770560 cold 3241977
hot 300048 warm 766976 cold 3240953
hot 304144 warm 779264 cold 3224569
hot 308240 warm 808448 cold 3191289
hot 316944 warm 835584 cold 3155449
hot 325648 warm 862208 cold 3120121
hot 336400 warm 883200 cold 3088377
hot 341520 warm 913408 cold 3053049
hot 349200 warm 940032 cold 3019264
hot 363536 warm 953344 cold 2998784
hot 308750 warm 960512 cold 2989568
hot 315406 warm 971776 cold 2973184
hot 322574 warm 981504 cold 2959872
hot 332302 warm 990208 cold 2947584
hot 341518 warm 998912 cold 2933760
hot 351246 warm 1010688 cold 2917376
hot 358414 warm 1026048 cold 2901504
hot 366094 warm 1040384 cold 2883584
hot 371726 warm 1052160 cold 2870784
hot 381454 warm 1057792 cold 2862592
hot 389134 warm 1071104 cold 2846720
hot 398862 warm 1080832 cold 2831872
hot 409102 warm 1085440 cold 2819072
hot 416782 warm 1095168 cold 2810368
hot 424974 warm 1107456 cold 2796544
hot 436750 warm 1111040 cold 2783744
hot 442382 warm 1125888 cold 2766336
hot 449550 warm 1138176 cold 2748928
hot 457230 warm 1146880 cold 2736128
hot 465934 warm 1158144 cold 2720768
hot 473614 warm 1165824 cold 2709504
hot 480270 warm 1180672 cold 2691584
hot 495630 warm 1182720 cold 2677760
hot 502286 warm 1197056 cold 2661376
hot 507406 warm 1207808 cold 2651136
hot 512526 warm 1224704 cold 2632192
hot 519182 warm 1233920 cold 2618368
hot 525838 warm 1247232 cold 2603008
hot 535054 warm 1254400 cold 2589696
hot 540686 warm 1265664 cold 2576896
hot 550414 warm 1271808 cold 2563584
hot 558607 warm 1279488 cold 2552320
hot 563215 warm 1296384 cold 2533888
hot 573455 warm 1299968 cold 2523136
hot 579599 warm 1309696 cold 2508800
hot 586767 warm 1320448 cold 2493952
hot 597007 warm 1329152 cold 2478592
hot 605199 warm 1333248 cold 2468352
hot 611855 warm 1339392 cold 2459136
hot 558093 warm 1342976 cold 2452992
hot 564237 warm 1344000 cold 2447872
hot 568333 warm 1347584 cold 2442752
hot 167554 warm 463874 cold 3892216
hot 171650 warm 469506 cold 3882488
hot 176770 warm 476162 cold 3870712
hot 184450 warm 478210 cold 3860984
hot 192642 warm 481794 cold 3849208
hot 690308 warm 1443328 cold 2390008
hot 700548 warm 0 cold 3823096
hot 710788 warm 0 cold 3812856
hot 722564 warm 0 cold 3801080
hot 732292 warm 0 cold 3791352
hot 744580 warm 0 cold 3779064
hot 760964 warm 0 cold 3762680
hot 777860 warm 0 cold 3745784
hot 797828 warm 0 cold 3725816
hot 818820 warm 0 cold 3704824
hot 843396 warm 0 cold 3680248
hot 875140 warm 0 cold 3648504
hot 917636 warm 0 cold 3606008
hot 266882 warm 689154 cold 3567608
hot 274050 warm 717826 cold 3531768
hot 283266 warm 751618 cold 3488760
hot 288898 warm 795138 cold 3439608
hot 298626 warm 821762 cold 3403256
hot 307842 warm 854530 cold 3361272
hot 320642 warm 882178 cold 3320824
hot 331906 warm 912386 cold 3279352
hot 339596 warm 947714 cold 3236334
hot 350348 warm 980482 cold 3192814
hot 360588 warm 1014274 cold 3148782
hot 377484 warm 1030658 cold 3115502
hot 193674 warm 1050114 cold 3017710
hot 329354 warm 1054210 cold 2923008
hot 338058 warm 1069058 cold 2905088
hot 349834 warm 1080322 cold 2888704
hot 358026 warm 1100290 cold 2863104
hot 369290 warm 1110530 cold 2844672
hot 387210 warm 1115650 cold 2826240
hot 400010 warm 1122306 cold 2811904
hot 409738 warm 1136642 cold 2790400
hot 418954 warm 1154050 cold 2766336
hot 434826 warm 1160706 cold 2748416
hot 444042 warm 1174018 cold 2728448
hot 454282 warm 1186818 cold 2709504
hot 465034 warm 1198594 cold 2690048
hot 477834 warm 1205762 cold 2671616
hot 487562 warm 1218050 cold 2653184
hot 494218 warm 1230338 cold 2636800
hot 504970 warm 1242114 cold 2618368
hot 513162 warm 1257474 cold 2598400
hot 525962 warm 1264130 cold 2583552
hot 533642 warm 1280514 cold 2565632
hot 548490 warm 1288194 cold 2545152
hot 559754 warm 1296898 cold 2530304
hot 574090 warm 1303554 cold 2511872
hot 587402 warm 1314818 cold 2490368
hot 598154 warm 1331202 cold 2466304
hot 608394 warm 1347074 cold 2444288
hot 621706 warm 1354754 cold 2426368
hot 631946 warm 1367554 cold 2408448
hot 645258 warm 0 cold 3767810
hot 653962 warm 0 cold 3762178
hot 664714 warm 0 cold 3756546
hot 675466 warm 0 cold 3748354
