hot 0 warm 0 cold 0
hot 2 warm 0 cold 0
hot 2 warm 0 cold 0
hot 2 warm 0 cold 0
hot 2 warm 0 cold 0
hot 2 warm 0 cold 0
hot 2 warm 0 cold 0
hot 2 warm 0 cold 0
hot 2 warm 0 cold 0
hot 2 warm 0 cold 0
hot 2 warm 0 cold 0
hot 2 warm 0 cold 0
hot 2 warm 0 cold 0
hot 2 warm 0 cold 0
hot 2 warm 0 cold 0
hot 2 warm 0 cold 0
hot 2 warm 0 cold 0
hot 2 warm 0 cold 0
hot 2 warm 0 cold 0
hot 2 warm 0 cold 0
hot 2 warm 0 cold 0
hot 2 warm 0 cold 0
hot 2 warm 0 cold 0
hot 2 warm 0 cold 0
hot 2 warm 0 cold 0
hot 2 warm 0 cold 0
hot 2 warm 0 cold 0
hot 2 warm 0 cold 0
hot 2 warm 0 cold 0
hot 2 warm 0 cold 0
hot 2 warm 0 cold 0
hot 2 warm 0 cold 0
hot 2 warm 0 cold 0
hot 2 warm 0 cold 0
hot 2 warm 0 cold 0
hot 2 warm 0 cold 0
hot 2 warm 0 cold 0
hot 2 warm 0 cold 0
hot 2 warm 0 cold 0
hot 2 warm 0 cold 0
hot 2 warm 0 cold 0
hot 2 warm 0 cold 0
hot 2 warm 0 cold 0
hot 2 warm 0 cold 0
hot 2 warm 0 cold 0
hot 2 warm 0 cold 0
hot 2 warm 0 cold 0
hot 2 warm 0 cold 0
hot 2 warm 0 cold 0
hot 2 warm 0 cold 0
hot 2 warm 0 cold 0
hot 2 warm 0 cold 0
hot 2 warm 0 cold 0
hot 2 warm 0 cold 0
hot 2 warm 0 cold 0
hot 2 warm 0 cold 0
hot 2 warm 0 cold 0
hot 2 warm 0 cold 0
hot 2 warm 0 cold 0
hot 2 warm 0 cold 0
hot 2 warm 0 cold 0
hot 2 warm 0 cold 0
hot 2 warm 0 cold 0
hot 2 warm 0 cold 0
hot 21001 warm 0 cold 0
hot 176648 warm 0 cold 0
hot 198152 warm 0 cold 0
hot 237576 warm 0 cold 0
hot 281608 warm 0 cold 0
hot 288264 warm 0 cold 0
hot 290824 warm 0 cold 0
hot 348680 warm 0 cold 0
hot 352264 warm 0 cold 0
hot 361992 warm 0 cold 0
hot 382984 warm 0 cold 0
hot 480776 warm 0 cold 0
hot 561160 warm 0 cold 0
hot 563720 warm 0 cold 0
hot 565256 warm 0 cold 0
hot 638984 warm 0 cold 0
hot 725000 warm 0 cold 0
hot 823816 warm 0 cold 0
hot 936456 warm 0 cold 0
hot 1040904 warm 0 cold 0
hot 926758 warm 0 cold 190434
hot 811558 warm 0 cold 373730
hot 875558 warm 0 cold 395746
hot 489826 warm 0 cold 3854566
hot 779268 warm 0 cold 3557542
hot 933380 warm 0 cold 3537062
hot 964612 warm 0 cold 3511462
hot 660996 warm 0 cold 3818662
hot 681988 warm 0 cold 3802278
hot 702980 warm 0 cold 3787942
hot 726020 warm 0 cold 3768486
hot 747524 warm 0 cold 3752102
hot 766468 warm 0 cold 3736230
hot 788484 warm 0 cold 3719334
hot 811012 warm 0 cold 3699878
hot 838660 warm 0 cold 3674790
hot 870916 warm 0 cold 3644582
hot 913924 warm 0 cold 3604646
hot 968708 warm 0 cold 3556518
hot 275457 warm 0 cold 4254377
hot 293890 warm 0 cold 4237992
hot 304644 warm 794625 cold 3435685
hot 316932 warm 823297 cold 3395749
hot 334854 warm 842751 cold 3360421
hot 345607 warm 874494 cold 3320997
hot 356359 warm 904702 cold 3282085
hot 375815 warm 924158 cold 3245221
hot 392199 warm 948734 cold 3206821
hot 408583 warm 967166 cold 3174565
hot 431111 warm 979966 cold 3143845
hot 449031 warm 998398 cold 3109029
hot 463367 warm 1023486 cold 3073189
hot 478727 warm 1046526 cold 3035813
hot 492039 warm 1073150 cold 2997413
hot 509447 warm 1094142 cold 2964133
hot 521221 warm 1026558 cold 2950821
hot 528389 warm 1027070 cold 2944677
hot 537093 warm 1027070 cold 2939557
hot 546309 warm 1026558 cold 2932389
hot 555525 warm 1026558 cold 2925221
hot 566277 warm 1023998 cold 2920101
hot 571909 warm 0 cold 3941539
hot 578053 warm 0 cold 3937443
hot 586757 warm 1029630 cold 2901157
hot 592901 warm 0 cold 3928739
hot 599045 warm 0 cold 3923619
hot 606725 warm 0 cold 3917987
hot 614917 warm 0 cold 3910819
hot 627205 warm 0 cold 3900579
hot 641029 warm 0 cold 3890339
hot 647685 warm 0 cold 3885219
hot 656901 warm 0 cold 3877539
hot 667653 warm 0 cold 3869859
hot 680453 warm 1090046 cold 2770597
hot 694277 warm 0 cold 3847843
hot 713221 warm 0 cold 3830947
hot 724997 warm 0 cold 3820707
hot 735749 warm 0 cold 3810979
hot 745477 warm 0 cold 3804323
hot 224772 warm 0 cold 2747907
hot 234500 warm 0 cold 4330762
hot 246788 warm 0 cold 4320010
hot 891396 warm 0 cold 3676426
hot 922628 warm 0 cold 3647242
hot 962564 warm 0 cold 3608330
hot 283652 warm 0 cold 4287242
hot 291332 warm 0 cold 4280586
hot 301572 warm 0 cold 4271882
hot 310788 warm 784896 cold 3478794
hot 322564 warm 809472 cold 3443466
hot 333828 warm 828416 cold 3413770
hot 340484 warm 859648 cold 3376906
hot 348676 warm 881152 cold 3349258
hot 288260 warm 896512 cold 3331850
hot 294916 warm 900608 cold 3321098
hot 305668 warm 907776 cold 3306250
hot 316420 warm 913408 cold 3291914
hot 325636 warm 925696 cold 3272970
hot 330756 warm 940032 cold 3255562
hot 338948 warm 943616 cold 3243786
hot 346116 warm 954368 cold 3227914
hot 354820 warm 958976 cold 3216138
hot 361988 warm 966656 cold 3202826
hot 370180 warm 973312 cold 3190026
hot 379908 warm 975872 cold 3178762
hot 383492 warm 986624 cold 3164938
hot 390148 warm 997376 cold 3149066
hot 400388 warm 1004032 cold 3133706
hot 406532 warm 1008640 cold 3123466
hot 413188 warm 1014784 cold 3111178
hot 416260 warm 1027584 cold 3095818
hot 420356 warm 1038848 cold 3080458
hot 430596 warm 1041920 cold 3068170
hot 438788 warm 1046016 cold 3056906
hot 445956 warm 1055232 cold 3041546
hot 454148 warm 1061888 cold 3028234
hot 457220 warm 1076224 cold 3012874
hot 461828 warm 1084928 cold 3000586
hot 467972 warm 1093120 cold 2987786
hot 475652 warm 1103360 cold 2971914
hot 477700 warm 1119232 cold 2953994
hot 486404 warm 1127424 cold 2939658
hot 495108 warm 1134080 cold 2926346
hot 500228 warm 1141760 cold 2914570
hot 508932 warm 1147904 cold 2901258
hot 517636 warm 1153536 cold 2887434
hot 521732 warm 1160704 cold 2877194
hot 527876 warm 1167872 cold 2864906
hot 532484 warm 1175552 cold 2853130
hot 538116 warm 1187840 cold 2836746
hot 543748 warm 1198080 cold 2821898
hot 551428 warm 1208320 cold 2805002
hot 558596 warm 1216512 cold 2791690
hot 563716 warm 1225216 cold 2778378
hot 571396 warm 1235456 cold 2762506
hot 576004 warm 1247232 cold 2746634
hot 584708 warm 1252352 cold 2734346
hot 532994 warm 1253888 cold 2728714
hot 537090 warm 1259520 cold 2720522
hot 546818 warm 1257984 cold 2715402
hot 556034 warm 1257472 cold 2709258
hot 562178 warm 1259008 cold 2703626
hot 566274 warm 1262592 cold 2696970
hot 570370 warm 1267200 cold 2689290
hot 574978 warm 1271808 cold 2682122
hot 578562 warm 1277440 cold 2673930
hot 585730 warm 1279488 cold 2667274
hot 590850 warm 1284096 cold 2659594
hot 596482 warm 1285632 cold 2653962
hot 601090 warm 1290240 cold 2645770
hot 605186 warm 1297920 cold 2635530
hot 610818 warm 1299968 cold 2628362
hot 616450 warm 1305088 cold 2620170
hot 620034 warm 1307136 cold 2615562
hot 627202 warm 1306624 cold 2611466
hot 632834 warm 1308160 cold 2604810
hot 637442 warm 1308160 cold 2600714
hot 646146 warm 0 cold 3903242
hot 654338 warm 0 cold 3896586
hot 658434 warm 0 cold 3893002
hot 664066 warm 0 cold 3888394
hot 673282 warm 0 cold 3881226
hot 680450 warm 0 cold 3877642
hot 687618 warm 0 cold 3872010
hot 696834 warm 0 cold 3863306
hot 236028 warm 0 cold 1146371
hot 242172 warm 0 cold 4321610
hot 247804 warm 0 cold 4315978
hot 253436 warm 0 cold 4310346
hot 856060 warm 0 cold 3707722
hot 880636 warm 0 cold 3683146
hot 911868 warm 0 cold 3651914
hot 944636 warm 0 cold 3619146
hot 274428 warm 0 cold 4289354
hot 280572 warm 0 cold 4283210
hot 285692 warm 0 cold 4278090
hot 287740 warm 0 cold 4276042
hot 294396 warm 786944 cold 3482442
hot 302076 warm 804864 cold 3456842
hot 305660 warm 827904 cold 3430218
hot 311804 warm 842752 cold 3409226
hot 250375 warm 857600 cold 3194183
hot 254471 warm 870400 cold 3177287
hot 260103 warm 886784 cold 3155271
hot 270343 warm 898560 cold 3133255
hot 280071 warm 905216 cold 3116871
hot 286727 warm 921088 cold 3094343
hot 294919 warm 930304 cold 3076935
hot 300039 warm 942592 cold 3059527
hot 308743 warm 952320 cold 3041095
hot 316423 warm 963072 cold 3022663
hot 326151 warm 974848 cold 3001159
hot 334855 warm 985088 cold 2982215
hot 344071 warm 997376 cold 2960711
hot 350727 warm 1007616 cold 2943815
hot 356359 warm 1020416 cold 2925383
hot 359943 warm 1040384 cold 2901831
hot 368647 warm 1056256 cold 2877255
hot 379399 warm 1066496 cold 2856263
hot 388615 warm 1075200 cold 2838343
hot 398855 warm 1085440 cold 2817863
hot 406023 warm 1098752 cold 2797383
hot 412679 warm 1114112 cold 2775367
hot 418823 warm 1125888 cold 2757447
hot 422919 warm 1138688 cold 2740551
hot 433671 warm 1149952 cold 2718535
hot 442375 warm 1154560 cold 2705223
hot 450055 warm 1164288 cold 2687815
hot 459271 warm 1171456 cold 2671431
hot 465927 warm 1180672 cold 2655559
hot 474631 warm 1193984 cold 2633543
hot 486407 warm 1198592 cold 2617159
hot 495111 warm 1207296 cold 2599751
hot 507399 warm 1213440 cold 2581319
hot 515079 warm 1223680 cold 2563399
hot 524807 warm 1228800 cold 2548551
hot 531975 warm 1239040 cold 2531143
hot 539143 warm 1251328 cold 2511687
hot 400072 warm 1262080 cold 2471751
hot 497157 warm 1261568 cold 2418688
hot 501765 warm 1261568 cold 2423296
hot 507909 warm 1261568 cold 2424832
hot 513541 warm 1263104 cold 2423808
hot 518661 warm 1267200 cold 2418176
hot 521733 warm 1270272 cold 2419712
hot 523269 warm 1277440 cold 2417152
hot 526853 warm 1283584 cold 2417152
hot 529925 warm 1285120 cold 2420224
hot 536581 warm 1283072 cold 2424832
hot 540677 warm 1284608 cold 2425344
hot 545285 warm 1289216 cold 2421248
hot 549381 warm 1290240 cold 2423296
hot 555525 warm 1290240 cold 2419200
hot 559621 warm 1291776 cold 2417152
hot 563205 warm 1292800 cold 2417152
hot 568325 warm 1295360 cold 2414080
hot 572933 warm 1294848 cold 2414592
hot 573957 warm 1298432 cold 2415104
hot 578053 warm 1300480 cold 2412544
hot 583173 warm 1302016 cold 2412544
hot 585221 warm 1306112 cold 2409472
hot 593413 warm 1302016 cold 2411520
hot 180228 warm 462849 cold 3898695
hot 183300 warm 469505 cold 3888967
hot 187396 warm 470529 cold 3883847
hot 663557 warm 1409536 cold 2468679
hot 671749 warm 1412608 cold 2457415
hot 680965 warm 1418240 cold 2442567
hot 681477 warm 1427968 cold 2432327
hot 683525 warm 1437184 cold 2421063
hot 688645 warm 1439744 cold 2413383
hot 690693 warm 1448448 cold 2402631
hot 696325 warm 1447936 cold 2397511
hot 700421 warm 0 cold 3841351
hot 707077 warm 0 cold 3834695
hot 714245 warm 0 cold 3827527
hot 718853 warm 0 cold 3822919
hot 722437 warm 0 cold 3819335
hot 728581 warm 0 cold 3813191
hot 734725 warm 0 cold 3807047
hot 742405 warm 0 cold 3799367
hot 748549 warm 0 cold 3793223
hot 758277 warm 0 cold 3783495
hot 762373 warm 0 cold 3779399
hot 770565 warm 0 cold 3771207
hot 773637 warm 0 cold 3768135
hot 782853 warm 0 cold 3758919
hot 786949 warm 0 cold 3754823
hot 791557 warm 0 cold 3750215
hot 795653 warm 0 cold 3746119
hot 756232 warm 0 cold 3529728
hot 762376 warm 0 cold 3529728
hot 768008 warm 0 cold 3528192
hot 774664 warm 0 cold 3525120
hot 779272 warm 0 cold 3522048
hot 783368 warm 0 cold 3523072
hot 789000 warm 0 cold 3521024
hot 791560 warm 0 cold 3523072
hot 798216 warm 0 cold 3519488
hot 808456 warm 0 cold 3515392
hot 814600 warm 0 cold 3512320
hot 820232 warm 0 cold 3511296
hot 823816 warm 0 cold 3512832
hot 827400 warm 0 cold 3513344
hot 829960 warm 0 cold 3512320
hot 835592 warm 0 cold 3511296
hot 841224 warm 0 cold 3510784
hot 845320 warm 0 cold 3509248
hot 850952 warm 0 cold 3507200
hot 858632 warm 0 cold 3505152
hot 867848 warm 0 cold 3501056
hot 882184 warm 0 cold 3489280
hot 893960 warm 0 cold 3481088
hot 909832 warm 0 cold 3470336
hot 931336 warm 0 cold 3450880
hot 958984 warm 0 cold 3425280
hot 317447 warm 0 cold 4070401
hot 320519 warm 0 cold 4070401
hot 324615 warm 0 cold 4069889
hot 327175 warm 0 cold 4070401
hot 329735 warm 759297 cold 3311616
hot 333319 warm 782337 cold 3288576
hot 337927 warm 800257 cold 3269632
hot 342535 warm 820737 cold 3247104
hot 349191 warm 836097 cold 3226624
hot 357895 warm 853505 cold 3203584
hot 366087 warm 867329 cold 3184640
hot 370695 warm 890369 cold 3160064
hot 376327 warm 907777 cold 3139584
hot 380423 warm 930305 cold 3116544
hot 336901 warm 937473 cold 3108864
hot 338949 warm 951297 cold 3097088
hot 342021 warm 968705 cold 3078656
hot 348677 warm 981505 cold 3063808
hot 354309 warm 988161 cold 3054080
hot 358405 warm 1005057 cold 3037184
hot 363013 warm 1020417 cold 3019776
hot 368133 warm 1036801 cold 3000832
hot 372229 warm 1047553 cold 2988544
hot 378373 warm 1063425 cold 2968576
hot 382469 warm 1081857 cold 2950144
hot 387077 warm 1093121 cold 2938368
hot 393733 warm 1107969 cold 2919936
hot 400389 warm 1122817 cold 2900992
hot 409093 warm 1135617 cold 2881536
hot 162254 warm 285185 cold 4090183
hot 164814 warm 304129 cold 4068679
hot 169422 warm 320001 cold 4048199
hot 172494 warm 338433 cold 4026695
hot 532943 warm 1299457 cold 2705222
hot 556495 warm 1306625 cold 2674502
hot 580047 warm 1307137 cold 2650438
hot 595919 warm 1320961 cold 2620742
hot 618447 warm 1327617 cold 2591558
hot 637391 warm 1338369 cold 2561862
hot 654799 warm 1349121 cold 2533702
hot 672719 warm 0 cold 3864903
hot 695247 warm 0 cold 3842375
hot 718799 warm 0 cold 3818823
hot 752079 warm 0 cold 3785543
hot 787919 warm 0 cold 3749703
hot 821711 warm 0 cold 3715911
hot 857039 warm 0 cold 3680583
hot 891343 warm 0 cold 3646279
hot 737800 warm 0 cold 3538247
hot 869384 warm 0 cold 3464193
hot 874504 warm 0 cold 3462657
hot 880136 warm 0 cold 3461121
hot 883208 warm 0 cold 3461633
hot 889352 warm 0 cold 3459585
hot 894984 warm 0 cold 3458049
hot 899592 warm 0 cold 3457537
hot 903688 warm 0 cold 3459585
hot 911368 warm 0 cold 3454977
hot 915976 warm 0 cold 3452417
hot 921096 warm 0 cold 3452417
hot 926728 warm 0 cold 3451393
hot 934920 warm 0 cold 3447809
hot 942600 warm 0 cold 3443713
hot 263175 warm 686081 cold 3441665
hot 267783 warm 689665 cold 3438081
hot 269319 warm 695809 cold 3431937
hot 274439 warm 698369 cold 3429377
hot 278023 warm 699905 cold 3426817
hot 283655 warm 703489 cold 3421185
hot 287239 warm 706561 cold 3417089
hot 293895 warm 705537 cold 3414529
hot 298503 warm 704513 cold 3411969
hot 302087 warm 707073 cold 3409409
hot 308743 warm 706561 cold 3404801
hot 313351 warm 707585 cold 3403265
hot 318983 warm 709121 cold 3398145
hot 322567 warm 712705 cold 3393025
hot 326663 warm 715265 cold 3390465
hot 330759 warm 717825 cold 3387393
hot 334855 warm 721409 cold 3383297
hot 340487 warm 722433 cold 3379201
hot 347655 warm 721409 cold 3376129
hot 351751 warm 722433 cold 3372545
hot 356871 warm 724993 cold 3368961
hot 359431 warm 731137 cold 3363329
hot 365063 warm 733697 cold 3357185
hot 368647 warm 736769 cold 3352577
hot 371207 warm 741889 cold 3348993
hot 372231 warm 748033 cold 3343873
hot 372743 warm 753665 cold 3339265
hot 376839 warm 755713 cold 3333633
hot 381447 warm 757249 cold 3329537
hot 386055 warm 760321 cold 3322881
hot 389127 warm 766465 cold 3316225
hot 391687 warm 766977 cold 3314689
hot 391687 warm 771585 cold 3312129
hot 392711 warm 776705 cold 3307521
