pgmigrate_success 77196726
pgmigrate_success 77196731
pgmigrate_success 77196731
pgmigrate_success 77196731
pgmigrate_success 77196731
pgmigrate_success 77196731
pgmigrate_success 77196731
pgmigrate_success 77196731
pgmigrate_success 77196731
pgmigrate_success 77196731
pgmigrate_success 77196731
pgmigrate_success 77196731
pgmigrate_success 77196731
pgmigrate_success 77196731
pgmigrate_success 77196731
pgmigrate_success 77196731
pgmigrate_success 77196731
pgmigrate_success 77196731
pgmigrate_success 77196731
pgmigrate_success 77196731
pgmigrate_success 77196731
pgmigrate_success 77196731
pgmigrate_success 77196731
pgmigrate_success 77196731
pgmigrate_success 77196731
pgmigrate_success 77196731
pgmigrate_success 77196731
pgmigrate_success 77196731
pgmigrate_success 77196731
pgmigrate_success 77196731
pgmigrate_success 77196731
pgmigrate_success 77196731
pgmigrate_success 77196731
pgmigrate_success 77196731
pgmigrate_success 77196731
pgmigrate_success 77196731
pgmigrate_success 77196731
pgmigrate_success 77196731
pgmigrate_success 77196731
pgmigrate_success 77196731
pgmigrate_success 77196731
pgmigrate_success 77196731
pgmigrate_success 77196731
pgmigrate_success 77196731
pgmigrate_success 77196731
pgmigrate_success 77196731
pgmigrate_success 77196731
pgmigrate_success 77196731
pgmigrate_success 77196731
pgmigrate_success 77196731
pgmigrate_success 77196731
pgmigrate_success 77196731
pgmigrate_success 77196731
pgmigrate_success 77196731
pgmigrate_success 77196731
pgmigrate_success 77196731
pgmigrate_success 77196731
pgmigrate_success 77196731
pgmigrate_success 77196731
pgmigrate_success 77196731
pgmigrate_success 77196731
pgmigrate_success 77196731
pgmigrate_success 77196731
pgmigrate_success 77196731
pgmigrate_success 77205435
pgmigrate_success 77367315
pgmigrate_success 77404338
pgmigrate_success 77444778
pgmigrate_success 77490858
pgmigrate_success 77498538
pgmigrate_success 77500074
pgmigrate_success 77532330
pgmigrate_success 77560490
pgmigrate_success 77567658
pgmigrate_success 77574826
pgmigrate_success 77664426
pgmigrate_success 77728426
pgmigrate_success 77773482
pgmigrate_success 77775018
pgmigrate_success 77835717
pgmigrate_success 77839813
pgmigrate_success 77839813
pgmigrate_success 77839813
pgmigrate_success 77839907
pgmigrate_success 77847075
pgmigrate_success 78075084
pgmigrate_success 78121676
pgmigrate_success 78167756
pgmigrate_success 78193356
pgmigrate_success 78333132
pgmigrate_success 78390476
pgmigrate_success 78390476
pgmigrate_success 78390476
pgmigrate_success 78390476
pgmigrate_success 78390641
pgmigrate_success 78390641
pgmigrate_success 78390641
pgmigrate_success 78393201
pgmigrate_success 78422897
pgmigrate_success 78455154
pgmigrate_success 78521730
pgmigrate_success 78613228
pgmigrate_success 78657260
pgmigrate_success 78657260
pgmigrate_success 78657260
pgmigrate_success 78657260
pgmigrate_success 78657358
pgmigrate_success 78657358
pgmigrate_success 78657358
pgmigrate_success 78658382
pgmigrate_success 78658382
pgmigrate_success 78659102
pgmigrate_success 78659102
pgmigrate_success 78659102
pgmigrate_success 78659102
pgmigrate_success 78659102
pgmigrate_success 78659102
pgmigrate_success 78659102
pgmigrate_success 78659102
pgmigrate_success 78774305
pgmigrate_success 78774305
pgmigrate_success 78774305
pgmigrate_success 78774305
pgmigrate_success 78774305
pgmigrate_success 78774305
pgmigrate_success 78778913
pgmigrate_success 78788641
pgmigrate_success 78803491
pgmigrate_success 78813734
pgmigrate_success 78824486
pgmigrate_success 78834726
pgmigrate_success 78841894
pgmigrate_success 78858279
pgmigrate_success 78878247
pgmigrate_success 78895655
pgmigrate_success 78906934
pgmigrate_success 78923830
pgmigrate_success 78941239
pgmigrate_success 78962745
pgmigrate_success 78993465
pgmigrate_success 79014969
pgmigrate_success 79038521
pgmigrate_success 79057977
pgmigrate_success 79074123
pgmigrate_success 79077747
pgmigrate_success 79077747
pgmigrate_success 79111027
pgmigrate_success 79342623
pgmigrate_success 79407650
pgmigrate_success 79414306
pgmigrate_success 79414818
pgmigrate_success 79414818
pgmigrate_success 79414818
pgmigrate_success 79414822
pgmigrate_success 79414822
pgmigrate_success 79414822
pgmigrate_success 79414822
pgmigrate_success 79486505
pgmigrate_success 79519274
pgmigrate_success 79519274
pgmigrate_success 79519274
pgmigrate_success 79519274
pgmigrate_success 79519274
pgmigrate_success 79519274
pgmigrate_success 79519274
pgmigrate_success 79519274
pgmigrate_success 79519274
pgmigrate_success 79519274
pgmigrate_success 79519274
pgmigrate_success 79519274
pgmigrate_success 79519274
pgmigrate_success 79519275
pgmigrate_success 79519275
pgmigrate_success 79519275
pgmigrate_success 79519275
pgmigrate_success 79519487
pgmigrate_success 79519496
pgmigrate_success 79519496
pgmigrate_success 79519496
pgmigrate_success 79519496
pgmigrate_success 79519496
pgmigrate_success 79519496
pgmigrate_success 79519496
pgmigrate_success 79519496
pgmigrate_success 79519496
pgmigrate_success 79519496
pgmigrate_success 79519496
pgmigrate_success 79519496
pgmigrate_success 79519496
pgmigrate_success 79519496
pgmigrate_success 79519496
pgmigrate_success 79519496
pgmigrate_success 79520008
pgmigrate_success 79520012
pgmigrate_success 79520012
pgmigrate_success 79520012
pgmigrate_success 79520012
pgmigrate_success 79520021
pgmigrate_success 79520021
pgmigrate_success 79520021
pgmigrate_success 79520021
pgmigrate_success 79553301
pgmigrate_success 79553813
pgmigrate_success 79553813
pgmigrate_success 79553813
pgmigrate_success 79553813
pgmigrate_success 79553813
pgmigrate_success 79553884
pgmigrate_success 79553884
pgmigrate_success 79553884
pgmigrate_success 79553884
pgmigrate_success 79553884
pgmigrate_success 79553884
pgmigrate_success 79553884
pgmigrate_success 79553884
pgmigrate_success 79553884
pgmigrate_success 79553884
pgmigrate_success 79553884
pgmigrate_success 79553884
pgmigrate_success 79553884
pgmigrate_success 79553884
pgmigrate_success 79557980
pgmigrate_success 79572317
pgmigrate_success 79577949
pgmigrate_success 79586653
pgmigrate_success 79591261
pgmigrate_success 79609693
pgmigrate_success 79621981
pgmigrate_success 79639901
pgmigrate_success 79650141
pgmigrate_success 79653213
pgmigrate_success 79653213
pgmigrate_success 79653222
pgmigrate_success 79701872
pgmigrate_success 79928192
pgmigrate_success 80011648
pgmigrate_success 80067459
pgmigrate_success 80067971
pgmigrate_success 80068038
pgmigrate_success 80068554
pgmigrate_success 80068554
pgmigrate_success 80068554
pgmigrate_success 80068554
pgmigrate_success 80068554
pgmigrate_success 80068554
pgmigrate_success 80099792
pgmigrate_success 80151505
pgmigrate_success 80151505
pgmigrate_success 80151505
pgmigrate_success 80151505
pgmigrate_success 80151505
pgmigrate_success 80151505
pgmigrate_success 80151505
pgmigrate_success 80151505
pgmigrate_success 80151507
pgmigrate_success 80151507
pgmigrate_success 80151507
pgmigrate_success 80151507
pgmigrate_success 80151507
pgmigrate_success 80151507
pgmigrate_success 80151510
pgmigrate_success 80151512
pgmigrate_success 80151512
pgmigrate_success 80151512
pgmigrate_success 80151512
pgmigrate_success 80151512
pgmigrate_success 80151512
pgmigrate_success 80151512
pgmigrate_success 80151512
pgmigrate_success 80151512
pgmigrate_success 80151552
pgmigrate_success 80151552
pgmigrate_success 80151552
pgmigrate_success 80151552
pgmigrate_success 80151552
pgmigrate_success 80151552
pgmigrate_success 80151552
pgmigrate_success 80151552
pgmigrate_success 80151552
pgmigrate_success 80151552
pgmigrate_success 80151552
pgmigrate_success 80151552
pgmigrate_success 80151552
pgmigrate_success 80208384
pgmigrate_success 80208384
pgmigrate_success 80208384
pgmigrate_success 80209408
pgmigrate_success 80209408
pgmigrate_success 80209408
pgmigrate_success 80209408
pgmigrate_success 80209408
pgmigrate_success 80209408
pgmigrate_success 80209920
pgmigrate_success 80209920
pgmigrate_success 80209920
pgmigrate_success 80209920
pgmigrate_success 80209920
pgmigrate_success 80209920
pgmigrate_success 80209920
pgmigrate_success 80209920
pgmigrate_success 80209920
pgmigrate_success 80209920
pgmigrate_success 80209956
pgmigrate_success 80209956
pgmigrate_success 80209956
pgmigrate_success 80209956
pgmigrate_success 80209956
pgmigrate_success 80209956
pgmigrate_success 80209956
pgmigrate_success 80209994
pgmigrate_success 80209994
pgmigrate_success 80209994
pgmigrate_success 80209994
pgmigrate_success 80209994
pgmigrate_success 80209994
pgmigrate_success 80209994
pgmigrate_success 80209994
pgmigrate_success 80209994
pgmigrate_success 80210506
pgmigrate_success 80214602
pgmigrate_success 80218703
pgmigrate_success 80227410
pgmigrate_success 80231506
pgmigrate_success 80236629
pgmigrate_success 80243927
pgmigrate_success 80248536
pgmigrate_success 80260368
pgmigrate_success 80263440
pgmigrate_success 80271125
pgmigrate_success 80275733
pgmigrate_success 80283925
pgmigrate_success 80294056
pgmigrate_success 80302248
pgmigrate_success 80306856
pgmigrate_success 80343802
pgmigrate_success 80343802
pgmigrate_success 80343802
pgmigrate_success 80343802
pgmigrate_success 80343802
pgmigrate_success 80343802
pgmigrate_success 80343802
pgmigrate_success 80343802
pgmigrate_success 80344826
pgmigrate_success 80344826
pgmigrate_success 80344826
pgmigrate_success 80357114
pgmigrate_success 80361210
pgmigrate_success 80369914
pgmigrate_success 80373498
pgmigrate_success 80381178
pgmigrate_success 80391418
pgmigrate_success 80396027
pgmigrate_success 80409339
pgmigrate_success 80419579
pgmigrate_success 80434427
pgmigrate_success 80457979
pgmigrate_success 80485115
pgmigrate_success 80508667
pgmigrate_success 80531708
pgmigrate_success 80550155
pgmigrate_success 80550158
pgmigrate_success 80550681
pgmigrate_success 80550706
pgmigrate_success 80550726
pgmigrate_success 80550726
pgmigrate_success 80550726
pgmigrate_success 80550770
pgmigrate_success 80550770
pgmigrate_success 80550770
pgmigrate_success 80550770
pgmigrate_success 80550770
pgmigrate_success 80551006
pgmigrate_success 80551137
pgmigrate_success 80551137
pgmigrate_success 80574694
pgmigrate_success 80635110
pgmigrate_success 80635110
pgmigrate_success 80635110
pgmigrate_success 80635110
pgmigrate_success 80635110
pgmigrate_success 80635110
pgmigrate_success 80635110
pgmigrate_success 80635110
pgmigrate_success 80635110
pgmigrate_success 80635110
pgmigrate_success 80635119
pgmigrate_success 80635119
pgmigrate_success 80635122
pgmigrate_success 80635122
pgmigrate_success 80635122
pgmigrate_success 80635122
pgmigrate_success 80635122
pgmigrate_success 80635122
pgmigrate_success 80635122
pgmigrate_success 80635122
pgmigrate_success 80635122
pgmigrate_success 80635122
pgmigrate_success 80635146
pgmigrate_success 80635267
pgmigrate_success 80635267
pgmigrate_success 80654240
pgmigrate_success 80692222
pgmigrate_success 80731180
pgmigrate_success 80781944
pgmigrate_success 80839814
pgmigrate_success 80915591
pgmigrate_success 80981127
pgmigrate_success 81028743
pgmigrate_success 81088647
pgmigrate_success 81232007
pgmigrate_success 81232007
pgmigrate_success 81232007
pgmigrate_success 81232007
pgmigrate_success 81232007
pgmigrate_success 81232007
pgmigrate_success 81232007
pgmigrate_success 81232007
pgmigrate_success 81232007
pgmigrate_success 81232007
pgmigrate_success 81235079
pgmigrate_success 81246855
pgmigrate_success 81257095
pgmigrate_success 81259143
pgmigrate_success 81259143
pgmigrate_success 81259143
pgmigrate_success 81259155
pgmigrate_success 81259155
pgmigrate_success 81259155
pgmigrate_success 81259155
pgmigrate_success 81259195
pgmigrate_success 81259195
pgmigrate_success 81259232
pgmigrate_success 81259232
pgmigrate_success 81259232
pgmigrate_success 81259232
pgmigrate_success 81259232
pgmigrate_success 81259232
pgmigrate_success 81259232
pgmigrate_success 81259232
pgmigrate_success 81259232
pgmigrate_success 81259232
pgmigrate_success 81259281
pgmigrate_success 81259281
pgmigrate_success 81259768
pgmigrate_success 81259768
pgmigrate_success 81259768
pgmigrate_success 81259768
pgmigrate_success 81259768
pgmigrate_success 81259768
pgmigrate_success 81259768
pgmigrate_success 81259768
pgmigrate_success 81259768
pgmigrate_success 81259768
pgmigrate_success 81259768
pgmigrate_success 81259768
pgmigrate_success 81259768
pgmigrate_success 81259768
