anon 0
anon_thp 0
anon 268222464
anon_thp 266338304
anon 542949376
anon_thp 541065216
anon 819773440
anon_thp 817889280
anon 1105485824
anon_thp 1101004800
anon 1384407040
anon_thp 1379926016
anon 1667522560
anon_thp 1663041536
anon 1950638080
anon_thp 1946157056
anon 2235850752
anon_thp 2231369728
anon 2512674816
anon_thp 2508193792
anon 2789498880
anon_thp 2785017856
anon 3068420096
anon_thp 3063939072
anon 3349438464
anon_thp 3344957440
anon 3628359680
anon_thp 3623878656
anon 3903086592
anon_thp 3898605568
anon 4184104960
anon_thp 4179623936
anon 4471414784
anon_thp 4466933760
anon 4754530304
anon_thp 4750049280
anon 5039742976
anon_thp 5035261952
anon 5316567040
anon_thp 5312086016
anon 5597585408
anon_thp 5593104384
anon 5882798080
anon_thp 5878317056
anon 6165913600
anon_thp 6161432576
anon 6446931968
anon_thp 6442450944
anon 6732144640
anon_thp 6727663616
anon 7011065856
anon_thp 7006584832
anon 7292084224
anon_thp 7287603200
anon 7568908288
anon_thp 7564427264
anon 7858315264
anon_thp 7853834240
anon 8143527936
anon_thp 8139046912
anon 8416157696
anon_thp 8411676672
anon 8695078912
anon_thp 8690597888
anon 8986583040
anon_thp 8982102016
anon 9269698560
anon_thp 9265217536
anon 9552814080
anon_thp 9548333056
anon 9838026752
anon_thp 9833545728
anon 10127433728
anon_thp 10122952704
anon 10406354944
anon_thp 10401873920
anon 10685276160
anon_thp 10680795136
anon 10966294528
anon_thp 10961813504
anon 11259895808
anon_thp 11255414784
anon 11540914176
anon_thp 11536433152
anon 11826126848
anon_thp 11821645824
anon 12105048064
anon_thp 12100567040
anon 12392357888
anon_thp 12387876864
anon 12679667712
anon_thp 12675186688
anon 12958588928
anon_thp 12954107904
anon 13239607296
anon_thp 13235126272
anon 13518528512
anon_thp 13514047488
anon 13807935488
anon_thp 13803454464
anon 14086856704
anon_thp 14082375680
anon 14372069376
anon_thp 14367588352
anon 14655184896
anon_thp 14650703872
anon 14940397568
anon_thp 14935916544
anon 15219318784
anon_thp 15214837760
anon 15504531456
anon_thp 15500050432
anon 15793938432
anon_thp 15789457408
anon 16079151104
anon_thp 16074670080
anon 16366460928
anon_thp 16361979904
anon 16643284992
anon_thp 16638803968
anon 16938983424
anon_thp 16934502400
anon 17226293248
anon_thp 17221812224
anon 17507311616
anon_thp 17502830592
anon 17782038528
anon_thp 17777557504
anon 18837544960
anon_thp 18830327808
anon 19041267712
anon_thp 19031654400
anon 19041267712
anon_thp 19031654400
anon 19041267712
anon_thp 19031654400
anon 19041267712
anon_thp 19031654400
anon 19041267712
anon_thp 19031654400
anon 19041267712
anon_thp 19031654400
anon 19039170560
anon_thp 19029557248
anon 19041267712
anon_thp 19031654400
anon 19041267712
anon_thp 19031654400
anon 19041267712
anon_thp 19031654400
anon 19041267712
anon_thp 19031654400
anon 19041267712
anon_thp 19031654400
anon 19041267712
anon_thp 19031654400
anon 19041267712
anon_thp 19031654400
anon 19041267712
anon_thp 19031654400
anon 19041267712
anon_thp 19031654400
anon 19041267712
anon_thp 19031654400
anon 19041267712
anon_thp 19031654400
anon 19041267712
anon_thp 19031654400
anon 19041267712
anon_thp 19031654400
anon 19041267712
anon_thp 19031654400
anon 19041267712
anon_thp 19031654400
anon 19041550336
anon_thp 19035848704
anon 18164137984
anon_thp 18161336320
anon 19041550336
anon_thp 19035848704
anon 19041550336
anon_thp 19035848704
anon 19041550336
anon_thp 19035848704
anon 19041550336
anon_thp 19035848704
anon 19041550336
anon_thp 19035848704
anon 19041550336
anon_thp 19035848704
anon 19041550336
anon_thp 19035848704
anon 19041550336
anon_thp 19035848704
anon 19041550336
anon_thp 19035848704
anon 19041550336
anon_thp 19035848704
anon 19041550336
anon_thp 19035848704
anon 19041550336
anon_thp 19035848704
anon 19041550336
anon_thp 19035848704
anon 19041550336
anon_thp 19035848704
anon 19041550336
anon_thp 19035848704
anon 19041550336
anon_thp 19035848704
anon 19041550336
anon_thp 19035848704
anon 19041550336
anon_thp 19035848704
anon 19041550336
anon_thp 19035848704
anon 19041550336
anon_thp 19035848704
anon 19041550336
anon_thp 19035848704
anon 19041550336
anon_thp 19035848704
anon 19041550336
anon_thp 19035848704
anon 19041550336
anon_thp 19035848704
anon 19041550336
anon_thp 19035848704
anon 19041550336
anon_thp 19035848704
anon 19041550336
anon_thp 19035848704
anon 19041550336
anon_thp 19035848704
anon 19041550336
anon_thp 19035848704
anon 19041550336
anon_thp 19035848704
anon 19039453184
anon_thp 19033751552
anon 19041550336
anon_thp 19035848704
anon 19041550336
anon_thp 19035848704
anon 19041550336
anon_thp 19035848704
anon 19041550336
anon_thp 19035848704
anon 19041550336
anon_thp 19035848704
anon 19041550336
anon_thp 19035848704
anon 19041550336
anon_thp 19035848704
anon 19041550336
anon_thp 19035848704
anon 19039453184
anon_thp 19033751552
anon 19041550336
anon_thp 19035848704
anon 19041550336
anon_thp 19035848704
anon 19041550336
anon_thp 19035848704
anon 19041550336
anon_thp 19035848704
anon 19041550336
anon_thp 19035848704
anon 19041550336
anon_thp 19035848704
anon 19041550336
anon_thp 19035848704
anon 19041550336
anon_thp 19035848704
anon 19041550336
anon_thp 19035848704
anon 19041550336
anon_thp 19035848704
anon 19041550336
anon_thp 19035848704
anon 19041550336
anon_thp 19035848704
anon 19041550336
anon_thp 19035848704
anon 19041550336
anon_thp 19035848704
anon 19041550336
anon_thp 19035848704
anon 19041550336
anon_thp 19035848704
anon 19041550336
anon_thp 19035848704
anon 19039453184
anon_thp 19033751552
anon 19039453184
anon_thp 19033751552
anon 19041550336
anon_thp 19035848704
anon 19041550336
anon_thp 19035848704
anon 19041550336
anon_thp 19035848704
anon 19041550336
anon_thp 19035848704
anon 19041550336
anon_thp 19035848704
anon 19041550336
anon_thp 19035848704
anon 19041550336
anon_thp 19035848704
anon 19041550336
anon_thp 19035848704
anon 19041550336
anon_thp 19035848704
anon 19041550336
anon_thp 19035848704
anon 19041550336
anon_thp 19035848704
anon 19041550336
anon_thp 19035848704
anon 19041550336
anon_thp 19035848704
anon 19041550336
anon_thp 19035848704
anon 19041550336
anon_thp 19035848704
anon 19041550336
anon_thp 19035848704
anon 19041550336
anon_thp 19035848704
anon 19041550336
anon_thp 19035848704
anon 19041550336
anon_thp 19035848704
anon 19041550336
anon_thp 19035848704
anon 19041550336
anon_thp 19035848704
anon 19041550336
anon_thp 19035848704
anon 19041550336
anon_thp 19035848704
anon 19041550336
anon_thp 19035848704
anon 19041550336
anon_thp 19035848704
anon 19041550336
anon_thp 19035848704
anon 19041550336
anon_thp 19035848704
anon 19041550336
anon_thp 19035848704
anon 19041550336
anon_thp 19035848704
anon 19041550336
anon_thp 19035848704
anon 19041550336
anon_thp 19035848704
anon 19041550336
anon_thp 19035848704
anon 19041550336
anon_thp 19035848704
anon 19041550336
anon_thp 19035848704
anon 19041550336
anon_thp 19035848704
anon 19041550336
anon_thp 19035848704
anon 19041550336
anon_thp 19035848704
anon 19041550336
anon_thp 19035848704
anon 19041550336
anon_thp 19035848704
anon 19041550336
anon_thp 19035848704
anon 19041550336
anon_thp 19035848704
anon 19041550336
anon_thp 19035848704
anon 19041550336
anon_thp 19035848704
anon 19041550336
anon_thp 19035848704
anon 19041550336
anon_thp 19035848704
anon 19041550336
anon_thp 19035848704
anon 19041550336
anon_thp 19035848704
anon 19041550336
anon_thp 19035848704
anon 19041550336
anon_thp 19035848704
anon 19041550336
anon_thp 19035848704
anon 19041550336
anon_thp 19035848704
anon 19041550336
anon_thp 19035848704
anon 19041550336
anon_thp 19035848704
anon 19041550336
anon_thp 19035848704
anon 19041550336
anon_thp 19035848704
anon 19041550336
anon_thp 19035848704
anon 19041550336
anon_thp 19035848704
anon 19041550336
anon_thp 19035848704
anon 19041550336
anon_thp 19035848704
anon 19041550336
anon_thp 19035848704
anon 19041550336
anon_thp 19035848704
anon 19041550336
anon_thp 19035848704
anon 19041550336
anon_thp 19035848704
anon 19041550336
anon_thp 19035848704
anon 19041550336
anon_thp 19035848704
anon 19041550336
anon_thp 19035848704
anon 19041550336
anon_thp 19035848704
anon 19041550336
anon_thp 19035848704
anon 19041550336
anon_thp 19035848704
anon 19041550336
anon_thp 19035848704
anon 19041550336
anon_thp 19035848704
anon 19041550336
anon_thp 19035848704
anon 19041550336
anon_thp 19035848704
anon 19041550336
anon_thp 19035848704
anon 19041550336
anon_thp 19035848704
anon 19041550336
anon_thp 19035848704
anon 19041550336
anon_thp 19035848704
anon 19041550336
anon_thp 19035848704
anon 19041550336
anon_thp 19035848704
anon 19041550336
anon_thp 19035848704
anon 19041550336
anon_thp 19035848704
anon 19041550336
anon_thp 19035848704
anon 19041550336
anon_thp 19035848704
anon 19041550336
anon_thp 19035848704
anon 19041550336
anon_thp 19035848704
anon 19039453184
anon_thp 19033751552
anon 19039453184
anon_thp 19033751552
anon 19041550336
anon_thp 19035848704
anon 19041550336
anon_thp 19035848704
anon 19041550336
anon_thp 19035848704
anon 19041550336
anon_thp 19035848704
anon 19041550336
anon_thp 19035848704
anon 19041550336
anon_thp 19035848704
anon 19041550336
anon_thp 19035848704
anon 19041550336
anon_thp 19035848704
anon 19041550336
anon_thp 19035848704
anon 19041550336
anon_thp 19035848704
anon 19041550336
anon_thp 19035848704
anon 19041550336
anon_thp 19035848704
anon 19041550336
anon_thp 19035848704
anon 19041550336
anon_thp 19035848704
anon 19041550336
anon_thp 19035848704
anon 19041550336
anon_thp 19035848704
anon 19041550336
anon_thp 19035848704
anon 19041550336
anon_thp 19035848704
anon 19041550336
anon_thp 19035848704
anon 19041550336
anon_thp 19035848704
anon 19041550336
anon_thp 19035848704
anon 19041550336
anon_thp 19035848704
anon 19041550336
anon_thp 19035848704
anon 19041550336
anon_thp 19035848704
anon 19041550336
anon_thp 19035848704
anon 19041550336
anon_thp 19035848704
anon 19041550336
anon_thp 19035848704
anon 19041550336
anon_thp 19035848704
anon 19041550336
anon_thp 19035848704
anon 19041550336
anon_thp 19035848704
anon 19041550336
anon_thp 19035848704
anon 19041550336
anon_thp 19035848704
anon 19041550336
anon_thp 19035848704
anon 19041550336
anon_thp 19035848704
anon 19041550336
anon_thp 19035848704
anon 19041550336
anon_thp 19035848704
anon 19041550336
anon_thp 19035848704
anon 19041550336
anon_thp 19035848704
anon 19041550336
anon_thp 19035848704
anon 19041550336
anon_thp 19035848704
anon 19041550336
anon_thp 19035848704
anon 19041550336
anon_thp 19035848704
anon 19041550336
anon_thp 19035848704
anon 19041550336
anon_thp 19035848704
anon 19041550336
anon_thp 19035848704
anon 19041550336
anon_thp 19035848704
anon 19041550336
anon_thp 19035848704
anon 18504675328
anon_thp 18501074944
anon 19041550336
anon_thp 19035848704
anon 19041550336
anon_thp 19035848704
anon 19041550336
anon_thp 19035848704
anon 19041550336
anon_thp 19035848704
anon 19041550336
anon_thp 19035848704
anon 19041550336
anon_thp 19035848704
anon 19041550336
anon_thp 19035848704
anon 19041550336
anon_thp 19035848704
anon 19041550336
anon_thp 19035848704
anon 19041550336
anon_thp 19035848704
anon 19041550336
anon_thp 19035848704
anon 19041550336
anon_thp 19035848704
anon 19041550336
anon_thp 19035848704
anon 19041550336
anon_thp 19035848704
anon 19041550336
anon_thp 19035848704
anon 19041550336
anon_thp 19035848704
anon 19041550336
anon_thp 19035848704
anon 19041550336
anon_thp 19035848704
anon 19041550336
anon_thp 19035848704
anon 19041550336
anon_thp 19035848704
anon 19041550336
anon_thp 19035848704
anon 19041550336
anon_thp 19035848704
anon 19041550336
anon_thp 19035848704
anon 19041550336
anon_thp 19035848704
anon 19041550336
anon_thp 19035848704
anon 19041550336
anon_thp 19035848704
anon 19041550336
anon_thp 19035848704
anon 19041550336
anon_thp 19035848704
anon 19041550336
anon_thp 19035848704
anon 19041550336
anon_thp 19035848704
anon 19041550336
anon_thp 19035848704
anon 19041550336
anon_thp 19035848704
anon 19041550336
anon_thp 19035848704
anon 19041550336
anon_thp 19035848704
anon 19041550336
anon_thp 19035848704
anon 19041550336
anon_thp 19035848704
anon 19041550336
anon_thp 19035848704
anon 19041550336
anon_thp 19035848704
anon 19041550336
anon_thp 19035848704
anon 19041550336
anon_thp 19035848704
anon 19041550336
anon_thp 19035848704
anon 19039453184
anon_thp 19033751552
anon 19041550336
anon_thp 19035848704
anon 19041550336
anon_thp 19035848704
anon 19041550336
anon_thp 19035848704
anon 19041550336
anon_thp 19035848704
anon 19041550336
anon_thp 19035848704
anon 19041550336
anon_thp 19035848704
anon 19041550336
anon_thp 19035848704
anon 19041550336
anon_thp 19035848704
anon 19041550336
anon_thp 19035848704
anon 19041550336
anon_thp 19035848704
anon 19041550336
anon_thp 19035848704
anon 19041550336
anon_thp 19035848704
anon 19041550336
anon_thp 19035848704
anon 19041550336
anon_thp 19035848704
anon 19041550336
anon_thp 19035848704
anon 19041550336
anon_thp 19035848704
anon 19041550336
anon_thp 19035848704
anon 19041550336
anon_thp 19035848704
anon 19041550336
anon_thp 19035848704
anon 19041550336
anon_thp 19035848704
anon 19041550336
anon_thp 19035848704
anon 19041550336
anon_thp 19035848704
anon 19041550336
anon_thp 19035848704
anon 19041550336
anon_thp 19035848704
anon 19041550336
anon_thp 19035848704
anon 19041550336
anon_thp 19035848704
anon 19041550336
anon_thp 19035848704
anon 19041550336
anon_thp 19035848704
anon 19041550336
anon_thp 19035848704
anon 19041550336
anon_thp 19035848704
anon 19041550336
anon_thp 19035848704
anon 19041550336
anon_thp 19035848704
anon 19039453184
anon_thp 19033751552
anon 19041550336
anon_thp 19035848704
anon 19041550336
anon_thp 19035848704
anon 19041550336
anon_thp 19035848704
anon 19041550336
anon_thp 19035848704
anon 19041550336
anon_thp 19035848704
anon 19041550336
anon_thp 19035848704
anon 19041550336
anon_thp 19035848704
anon 19041550336
anon_thp 19035848704
anon 19041550336
anon_thp 19035848704
anon 19041550336
anon_thp 19035848704
anon 19041550336
anon_thp 19035848704
anon 19041550336
anon_thp 19035848704
anon 19041550336
anon_thp 19035848704
anon 19041550336
anon_thp 19035848704
anon 19041550336
anon_thp 19035848704
anon 19041550336
anon_thp 19035848704
anon 19041550336
anon_thp 19035848704
anon 19041550336
anon_thp 19035848704
anon 19041550336
anon_thp 19035848704
anon 19041550336
anon_thp 19035848704
anon 19041550336
anon_thp 19035848704
anon 19041550336
anon_thp 19035848704
anon 19041550336
anon_thp 19035848704
anon 19041550336
anon_thp 19035848704
anon 19041550336
anon_thp 19035848704
anon 19041550336
anon_thp 19035848704
anon 19041550336
anon_thp 19035848704
anon 19041550336
anon_thp 19035848704
anon 19041550336
anon_thp 19035848704
anon 19041550336
anon_thp 19035848704
anon 19041550336
anon_thp 19035848704
anon 19041550336
anon_thp 19035848704
anon 19041550336
anon_thp 19035848704
anon 19041550336
anon_thp 19035848704
anon 19041550336
anon_thp 19035848704
anon 19041550336
anon_thp 19035848704
anon 19041550336
anon_thp 19035848704
anon 19041550336
anon_thp 19035848704
anon 19041550336
anon_thp 19035848704
anon 19041550336
anon_thp 19035848704
anon 19041550336
anon_thp 19035848704
anon 19041550336
anon_thp 19035848704
anon 19041550336
anon_thp 19035848704
anon 19041550336
anon_thp 19035848704
anon 19039453184
anon_thp 19033751552
anon 19041550336
anon_thp 19035848704
anon 19041550336
anon_thp 19035848704
anon 19041550336
anon_thp 19035848704
anon 19041550336
anon_thp 19035848704
anon 19039453184
anon_thp 19033751552
anon 18955337728
anon_thp 18949865472
anon 19041550336
anon_thp 19035848704
anon 19041550336
anon_thp 19035848704
anon 19041550336
anon_thp 19035848704
anon 19041550336
anon_thp 19035848704
anon 19041550336
anon_thp 19035848704
anon 19041550336
anon_thp 19035848704
anon 19041550336
anon_thp 19035848704
anon 19041550336
anon_thp 19035848704
anon 19041550336
anon_thp 19035848704
anon 19041550336
anon_thp 19035848704
anon 19041550336
anon_thp 19035848704
anon 19041550336
anon_thp 19035848704
anon 19041550336
anon_thp 19035848704
anon 19041550336
anon_thp 19035848704
anon 19041550336
anon_thp 19035848704
anon 19041550336
anon_thp 19035848704
anon 19041550336
anon_thp 19035848704
anon 19041550336
anon_thp 19035848704
anon 19041550336
anon_thp 19035848704
anon 19041550336
anon_thp 19035848704
anon 19041550336
anon_thp 19035848704
anon 19041550336
anon_thp 19035848704
anon 19041550336
anon_thp 19035848704
anon 19041550336
anon_thp 19035848704
anon 19041550336
anon_thp 19035848704
anon 19041550336
anon_thp 19035848704
anon 19041550336
anon_thp 19035848704
anon 19041550336
anon_thp 19035848704
anon 19041550336
anon_thp 19035848704
anon 19041550336
anon_thp 19035848704
anon 19041550336
anon_thp 19035848704
anon 19041550336
anon_thp 19035848704
anon 19041550336
anon_thp 19035848704
anon 19041550336
anon_thp 19035848704
anon 19041550336
anon_thp 19035848704
anon 19041550336
anon_thp 19035848704
anon 19041550336
anon_thp 19035848704
anon 19041550336
anon_thp 19035848704
anon 19041550336
anon_thp 19035848704
anon 19041550336
anon_thp 19035848704
anon 19041550336
anon_thp 19035848704
anon 19041550336
anon_thp 19035848704
anon 19041550336
anon_thp 19035848704
anon 19041550336
anon_thp 19035848704
anon 19041550336
anon_thp 19035848704
anon 19041550336
anon_thp 19035848704
anon 19041550336
anon_thp 19035848704
anon 19041550336
anon_thp 19035848704
