hot 39522837 warm 124485726 cold 161074852
hot 39522815 warm 124485726 cold 161074853
hot 39522811 warm 124485726 cold 161074853
hot 39522807 warm 124485726 cold 161074855
hot 39522803 warm 124485726 cold 161074856
hot 39522799 warm 124485726 cold 161074856
hot 39640555 warm 124485726 cold 161074860
hot 39654887 warm 124485726 cold 161074862
hot 39654883 warm 124485726 cold 161074864
hot 39673311 warm 124485726 cold 161074911
hot 39734235 warm 124485726 cold 161075077
hot 39796183 warm 124485726 cold 161075247
hot 39859667 warm 124485726 cold 161075424
hot 39922639 warm 124485726 cold 161075565
hot 39927755 warm 124485726 cold 161075633
hot 39947719 warm 124485726 cold 161075764
hot 39970243 warm 124485726 cold 161076027
hot 39970239 warm 124485726 cold 161076220
hot 39970235 warm 124485726 cold 161076454
hot 39970231 warm 124485726 cold 161076708
hot 39971763 warm 124485726 cold 161076985
hot 39971759 warm 124485726 cold 161077243
hot 39972779 warm 124485726 cold 161077629
hot 39972775 warm 124485726 cold 161078029
hot 39972771 warm 124485726 cold 161078208
hot 39972767 warm 124485726 cold 161078208
hot 39972763 warm 124485726 cold 161078211
hot 39972759 warm 124485726 cold 161078212
hot 39972755 warm 124485726 cold 161078212
hot 39972751 warm 124485726 cold 161078321
hot 39972747 warm 124485726 cold 161078550
hot 39972743 warm 124485726 cold 161078726
hot 39972739 warm 124485726 cold 161078903
hot 39972735 warm 124485726 cold 161078903
hot 39972731 warm 124485726 cold 161079095
hot 39973239 warm 124485726 cold 161079313
hot 39973235 warm 124485726 cold 161079546
hot 39973231 warm 124485726 cold 161079936
hot 39973227 warm 124485726 cold 161080130
hot 39973223 warm 124485726 cold 161080261
hot 39973219 warm 124485726 cold 161080532
hot 39973215 warm 124485726 cold 161080913
hot 39973211 warm 124485726 cold 161081322
hot 39973207 warm 124485726 cold 161081518
hot 39973203 warm 124485726 cold 161081579
hot 39973199 warm 124485726 cold 161081726
hot 39973195 warm 124485726 cold 161082025
hot 39973191 warm 124485726 cold 161082286
hot 39973187 warm 124485726 cold 161082666
hot 39973183 warm 124485726 cold 161082786
hot 39973179 warm 124485726 cold 161082978
hot 39973175 warm 124485726 cold 161083284
hot 39973171 warm 124485726 cold 161083602
hot 39973167 warm 124485726 cold 161083836
hot 39973163 warm 124485726 cold 161084167
hot 39973159 warm 124485726 cold 161084265
hot 39973155 warm 124485726 cold 161084456
hot 39973151 warm 124485726 cold 161084666
hot 39973147 warm 124485726 cold 161084903
hot 39973143 warm 124485726 cold 161085138
hot 39973139 warm 124485726 cold 161085407
hot 39973135 warm 124485726 cold 161085675
hot 39973131 warm 124485726 cold 161086019
hot 39973127 warm 124485726 cold 161086275
hot 39973123 warm 124485726 cold 161086513
hot 39973119 warm 124485726 cold 161086784
hot 39973115 warm 124485726 cold 161086944
hot 39973111 warm 124485726 cold 161087152
hot 39973107 warm 124485726 cold 161087346
hot 39973103 warm 124485726 cold 161087581
hot 39973099 warm 124485726 cold 161087850
hot 39973095 warm 124485726 cold 161088106
hot 39973091 warm 124485726 cold 161088366
hot 39973087 warm 124485726 cold 161088727
hot 39973083 warm 124485726 cold 161088970
hot 39973079 warm 124485726 cold 161089225
hot 39973075 warm 124485726 cold 161089452
hot 39973071 warm 124485726 cold 161089619
hot 39973067 warm 124485726 cold 161089858
hot 39973063 warm 124485726 cold 161090037
hot 39973059 warm 124485726 cold 161090288
hot 39983295 warm 124485726 cold 161090586
hot 40175291 warm 124485726 cold 161090816
hot 40225975 warm 124485726 cold 161091074
hot 40275123 warm 124485726 cold 161091422
hot 40322223 warm 124485726 cold 161091665
hot 40369323 warm 124485726 cold 161091914
hot 40381095 warm 124485726 cold 161092121
hot 40402595 warm 124485726 cold 161092274
hot 40421535 warm 124485726 cold 161092507
hot 40421531 warm 124485726 cold 161092731
hot 40421527 warm 124485726 cold 161092979
hot 40421523 warm 124485726 cold 161093235
hot 40421519 warm 124485726 cold 161093494
hot 40421515 warm 124485726 cold 161093783
hot 40421511 warm 124485726 cold 161094107
hot 40421507 warm 124485726 cold 161094339
hot 40421503 warm 124485726 cold 161094595
hot 40421499 warm 124485726 cold 161094778
hot 40422519 warm 124485726 cold 161094962
hot 40422515 warm 124485726 cold 161095202
hot 40422511 warm 124485726 cold 161095510
hot 40422507 warm 124485726 cold 161095758
hot 40422503 warm 124485726 cold 161095922
hot 40422499 warm 124485726 cold 161096184
hot 40422495 warm 124485726 cold 161096496
hot 40422491 warm 124485726 cold 161096770
hot 40422487 warm 124485726 cold 161097015
hot 40422483 warm 124485726 cold 161097303
hot 40422479 warm 124485726 cold 161097434
hot 40422987 warm 124485726 cold 161097628
hot 40422983 warm 124485726 cold 161097821
hot 40422979 warm 124485726 cold 161098077
hot 40422975 warm 124485726 cold 161098312
hot 40422971 warm 124485726 cold 161098586
hot 40422967 warm 124485726 cold 161098849
hot 40422963 warm 124485726 cold 161099231
hot 40422959 warm 124485726 cold 161099456
hot 40422955 warm 124485726 cold 161099694
hot 40422951 warm 124485726 cold 161099944
hot 40422947 warm 124485726 cold 161100102
hot 40422943 warm 124485726 cold 161100344
hot 40422939 warm 124485726 cold 161100527
hot 40422935 warm 124485726 cold 161100762
hot 40422931 warm 124485726 cold 161101015
hot 40422927 warm 124485726 cold 161101297
hot 40422923 warm 124485726 cold 161101557
hot 40423431 warm 124485726 cold 161101929
hot 40423427 warm 124485726 cold 161102341
hot 40423423 warm 124485726 cold 161102573
hot 40423419 warm 124485726 cold 161102629
hot 40423415 warm 124485726 cold 161102800
hot 40423411 warm 124485726 cold 161103042
hot 40423407 warm 124485726 cold 161103209
hot 40423403 warm 124485726 cold 161103461
hot 40423399 warm 124485726 cold 161103798
hot 40423395 warm 124485726 cold 161103987
hot 40423391 warm 124485726 cold 161104275
hot 40423387 warm 124485726 cold 161104604
hot 40423383 warm 124485726 cold 161104841
hot 40423379 warm 124485726 cold 161105181
hot 40423375 warm 124485726 cold 161105277
hot 40423371 warm 124485726 cold 161105452
hot 40423367 warm 124485726 cold 161105640
hot 40423363 warm 124485726 cold 161105892
hot 40423359 warm 124485726 cold 161106126
hot 40423355 warm 124485726 cold 161106408
hot 40423351 warm 124485726 cold 161106670
hot 40423347 warm 124485726 cold 161106997
hot 40423343 warm 124485726 cold 161107378
hot 40423339 warm 124485726 cold 161107756
hot 40423335 warm 124485726 cold 161107784
hot 40423331 warm 124485726 cold 161107920
hot 40423327 warm 124485726 cold 161108105
hot 40423323 warm 124485726 cold 161108326
hot 40423319 warm 124485726 cold 161108548
hot 40423315 warm 124485726 cold 161108796
hot 40423311 warm 124485726 cold 161109083
hot 40423307 warm 124485726 cold 161109343
hot 40423303 warm 124485726 cold 161109704
hot 40423299 warm 124485726 cold 161109929
hot 40423295 warm 124485726 cold 161110185
hot 40423803 warm 124485726 cold 161110421
hot 40423799 warm 124485726 cold 161110580
hot 40423795 warm 124485726 cold 161110784
hot 40423791 warm 124485726 cold 161111017
hot 40423787 warm 124485726 cold 161111414
hot 40423783 warm 124485726 cold 161111619
hot 40423779 warm 124485726 cold 161111755
hot 40423775 warm 124485726 cold 161112014
hot 40423771 warm 124485726 cold 161112375
hot 40423767 warm 124485726 cold 161112785
hot 40423763 warm 124485726 cold 161113002
hot 40423759 warm 124485726 cold 161113062
hot 40423755 warm 124485726 cold 161113217
hot 40423751 warm 124485726 cold 161113449
hot 40423747 warm 124485726 cold 161113655
hot 40423743 warm 124485726 cold 161113903
hot 40423739 warm 124485726 cold 161114214
hot 40423735 warm 124485726 cold 161114435
hot 40423731 warm 124485726 cold 161114698
hot 40423727 warm 124485726 cold 161115030
hot 40423723 warm 124485726 cold 161115265
hot 40423719 warm 124485726 cold 161115581
hot 40423715 warm 124485726 cold 161115701
hot 40423711 warm 124485726 cold 161115868
hot 40423707 warm 124485726 cold 161116096
hot 40423703 warm 124485726 cold 161116443
hot 40423699 warm 124485726 cold 161116825
hot 40423695 warm 124485726 cold 161116848
hot 40423691 warm 124485726 cold 161117093
hot 40423687 warm 124485726 cold 161117425
hot 40423683 warm 124485726 cold 161117707
hot 40423679 warm 124485726 cold 161117944
hot 40423675 warm 124485726 cold 161118235
hot 40423671 warm 124485726 cold 161118367
hot 40424179 warm 124485726 cold 161118557
hot 40424175 warm 124485726 cold 161118758
hot 40424171 warm 124485726 cold 161118996
hot 40424167 warm 124485726 cold 161119236
hot 40424163 warm 124485726 cold 161119514
hot 40424159 warm 124485726 cold 161119770
hot 40424155 warm 124485726 cold 161120153
hot 40424151 warm 124485726 cold 161120516
hot 40424147 warm 124485726 cold 161120847
hot 40424143 warm 124485726 cold 161120864
hot 40424139 warm 124485726 cold 161121027
hot 40424135 warm 124485726 cold 161121249
hot 40424131 warm 124485726 cold 161121423
hot 40424127 warm 124485726 cold 161121656
hot 40424123 warm 124485726 cold 161121915
hot 40424119 warm 124485726 cold 161122183
hot 40424115 warm 124485726 cold 161122442
hot 40424111 warm 124485726 cold 161122778
hot 40424107 warm 124485726 cold 161123026
hot 40424103 warm 124485726 cold 161123264
hot 40424099 warm 124485726 cold 161123491
hot 40424095 warm 124485726 cold 161123667
hot 40424091 warm 124485726 cold 161123904
hot 40424087 warm 124485726 cold 161124115
hot 40424083 warm 124485726 cold 161124349
hot 40424079 warm 124485726 cold 161124612
hot 40424075 warm 124485726 cold 161124887
hot 40424071 warm 124485726 cold 161125142
hot 40424067 warm 124485726 cold 161125483
hot 40424063 warm 124485726 cold 161125720
hot 40424059 warm 124485726 cold 161125965
hot 40424055 warm 124485726 cold 161126160
hot 40424051 warm 124485726 cold 161126327
hot 40424047 warm 124485726 cold 161126551
hot 40424043 warm 124485726 cold 161126778
hot 40424039 warm 124485726 cold 161127009
hot 40424035 warm 124485726 cold 161127296
hot 40424031 warm 124485726 cold 161127532
hot 40424027 warm 124485726 cold 161127861
hot 40424023 warm 124485726 cold 161128142
hot 40424019 warm 124485726 cold 161128379
hot 40424015 warm 124485726 cold 161128629
hot 40424011 warm 124485726 cold 161128806
hot 40424007 warm 124485726 cold 161129008
hot 40424003 warm 124485726 cold 161129224
hot 40423999 warm 124485726 cold 161129571
hot 40423995 warm 124485726 cold 161129923
hot 40423991 warm 124485726 cold 161129974
hot 40423987 warm 124485726 cold 161130402
hot 40423983 warm 124485726 cold 161130614
hot 40423979 warm 124485726 cold 161130957
hot 40423975 warm 124485726 cold 161131307
hot 40423971 warm 124485726 cold 161131332
hot 40423967 warm 124485726 cold 161131484
hot 40423963 warm 124485726 cold 161131670
hot 40423959 warm 124485726 cold 161131871
hot 40423955 warm 124485726 cold 161132121
hot 40423951 warm 124485726 cold 161132371
hot 40423947 warm 124485726 cold 161132626
hot 40423943 warm 124485726 cold 161132887
hot 40423939 warm 124485726 cold 161133238
hot 40423935 warm 124485726 cold 161133663
hot 40423931 warm 124485726 cold 161133916
hot 40423927 warm 124485726 cold 161133953
hot 40423923 warm 124485726 cold 161134111
hot 40423919 warm 124485726 cold 161134334
hot 40423915 warm 124485726 cold 161134531
hot 40423911 warm 124485726 cold 161134784
hot 40423907 warm 124485726 cold 161135096
hot 40423903 warm 124485726 cold 161135312
hot 40423899 warm 124485726 cold 161135590
hot 40423895 warm 124485726 cold 161135925
hot 40423891 warm 124485726 cold 161136160
hot 40423887 warm 124485726 cold 161136487
hot 40423883 warm 124485726 cold 161136621
hot 40423879 warm 124485726 cold 161136790
hot 40423875 warm 124485726 cold 161137052
hot 40423871 warm 124485726 cold 161137230
hot 40423867 warm 124485726 cold 161137487
hot 40423863 warm 124485726 cold 161137762
hot 40423859 warm 124485726 cold 161138166
hot 40423855 warm 124485726 cold 161138480
hot 40423851 warm 124485726 cold 161138625
hot 40423847 warm 124485726 cold 161138861
hot 40423843 warm 124485726 cold 161139132
hot 40423839 warm 124485726 cold 161139286
hot 40423835 warm 124485726 cold 161139482
hot 40423831 warm 124485726 cold 161139661
hot 40423827 warm 124485726 cold 161140067
hot 40423823 warm 124485726 cold 161140409
hot 40423819 warm 124485726 cold 161140439
hot 40423815 warm 124485726 cold 161140701
hot 40423811 warm 124485726 cold 161140995
hot 40423807 warm 124485726 cold 161141439
hot 40423803 warm 124485726 cold 161141796
hot 40423799 warm 124485726 cold 161141810
hot 40423795 warm 124485726 cold 161141970
hot 40423791 warm 124485726 cold 161142219
hot 40423787 warm 124485726 cold 161142366
hot 40423783 warm 124485726 cold 161142619
hot 40423779 warm 124485726 cold 161142859
hot 40423775 warm 124485726 cold 161143126
hot 40423771 warm 124485726 cold 161143399
hot 40423767 warm 124485726 cold 161143738
hot 40423763 warm 124485726 cold 161143991
hot 40423759 warm 124485726 cold 161144232
hot 40423755 warm 124485726 cold 161144458
hot 40423751 warm 124485726 cold 161144605
hot 40423747 warm 124485726 cold 161144857
hot 40423743 warm 124485726 cold 161145032
hot 40423739 warm 124485726 cold 161145282
hot 40423735 warm 124485726 cold 161145528
hot 40423731 warm 124485726 cold 161145795
hot 40423727 warm 124485726 cold 161146078
hot 40423723 warm 124485726 cold 161146420
hot 40423719 warm 124485726 cold 161146655
hot 40423715 warm 124485726 cold 161146899
hot 40423711 warm 124485726 cold 161147159
hot 40423707 warm 124485726 cold 161147227
hot 40423703 warm 124485726 cold 161147505
hot 40423699 warm 124485726 cold 161147689
hot 40423695 warm 124485726 cold 161147929
hot 40423691 warm 124485726 cold 161148229
hot 40423687 warm 124485726 cold 161148469
hot 40423683 warm 124485726 cold 161148781
hot 40423679 warm 124485726 cold 161149065
hot 40423675 warm 124485726 cold 161149303
hot 40423671 warm 124485726 cold 161149569
hot 40423667 warm 124485726 cold 161149726
hot 40423663 warm 124485726 cold 161149929
hot 40423659 warm 124485726 cold 161150148
hot 40423655 warm 124485726 cold 161150489
hot 40423651 warm 124485726 cold 161150837
hot 40423647 warm 124485726 cold 161150866
hot 40423643 warm 124485726 cold 161151121
hot 40423639 warm 124485726 cold 161151490
hot 40423635 warm 124485726 cold 161151726
hot 40423631 warm 124485726 cold 161151975
hot 40423627 warm 124485726 cold 161152234
hot 40423623 warm 124485726 cold 161152396
hot 40423619 warm 124485726 cold 161152600
hot 40423615 warm 124485726 cold 161152797
hot 40423611 warm 124485726 cold 161153040
hot 40423607 warm 124485726 cold 161153284
hot 40423603 warm 124485726 cold 161153554
hot 40423599 warm 124485726 cold 161153810
hot 40423595 warm 124485726 cold 161154152
hot 40423591 warm 124485726 cold 161154404
hot 40423587 warm 124485726 cold 161154658
hot 40423583 warm 124485726 cold 161154879
hot 40423579 warm 124485726 cold 161155054
hot 40423575 warm 124485726 cold 161155281
hot 40423571 warm 124485726 cold 161155473
hot 40423567 warm 124485726 cold 161155707
hot 40423563 warm 124485726 cold 161156017
hot 40423559 warm 124485726 cold 161156233
hot 40423555 warm 124485726 cold 161156492
hot 40423551 warm 124485726 cold 161156872
hot 40423547 warm 124485726 cold 161157276
hot 40423543 warm 124485726 cold 161157457
hot 40423539 warm 124485726 cold 161157527
hot 40423535 warm 124485726 cold 161157688
hot 40423531 warm 124485726 cold 161157956
hot 40423527 warm 124485726 cold 161158141
hot 40423523 warm 124485726 cold 161158379
hot 40423519 warm 124485726 cold 161158693
hot 40423515 warm 124485726 cold 161158919
hot 40423511 warm 124485726 cold 161159223
hot 40423507 warm 124485726 cold 161159620
hot 40423503 warm 124485726 cold 161160013
hot 40423499 warm 124485726 cold 161160085
hot 40423495 warm 124485726 cold 161160205
hot 40423491 warm 124485726 cold 161160417
hot 40423487 warm 124485726 cold 161160631
hot 40423483 warm 124485726 cold 161160824
hot 40423479 warm 124485726 cold 161161077
hot 40423475 warm 124485726 cold 161161347
hot 40423471 warm 124485726 cold 161161604
hot 40423467 warm 124485726 cold 161161973
hot 40423463 warm 124485726 cold 161162202
hot 40423459 warm 124485726 cold 161162446
hot 40423455 warm 124485726 cold 161162706
hot 40423451 warm 124485726 cold 161162872
hot 40423447 warm 124485726 cold 161163090
hot 40423443 warm 124485726 cold 161163302
hot 40423439 warm 124485726 cold 161163707
hot 40423435 warm 124485726 cold 161163955
hot 40423431 warm 124485726 cold 161164125
hot 40423427 warm 124485726 cold 161164451
hot 40423423 warm 124485726 cold 161164671
hot 40423419 warm 124485726 cold 161164906
hot 40423415 warm 124485726 cold 161165160
hot 40423411 warm 124485726 cold 161165416
hot 40423407 warm 124485726 cold 161165537
hot 40423915 warm 124485726 cold 161165789
hot 40423911 warm 124485726 cold 161165973
hot 40423907 warm 124485726 cold 161166214
hot 40423903 warm 124485726 cold 161166477
hot 40423899 warm 124485726 cold 161166731
hot 40423895 warm 124485726 cold 161167012
hot 40423891 warm 124485726 cold 161167403
hot 40423887 warm 124485726 cold 161167803
hot 40423883 warm 124485726 cold 161167963
hot 40423879 warm 124485726 cold 161168041
hot 40423875 warm 124485726 cold 161168201
hot 40423871 warm 124485726 cold 161168466
hot 40423867 warm 124485726 cold 161168650
hot 40423863 warm 124485726 cold 161168901
hot 40423859 warm 124485726 cold 161169197
hot 40423855 warm 124485726 cold 161169561
hot 40423851 warm 124485726 cold 161169893
hot 40423847 warm 124485726 cold 161170030
hot 40423843 warm 124485726 cold 161170265
hot 40423839 warm 124485726 cold 161170583
hot 40423835 warm 124485726 cold 161170702
hot 40423831 warm 124485726 cold 161170900
hot 40423827 warm 124485726 cold 161171087
hot 40423823 warm 124485726 cold 161171349
hot 40423819 warm 124485726 cold 161171567
hot 40423815 warm 124485726 cold 161171862
hot 40423811 warm 124485726 cold 161172138
hot 40423807 warm 124485726 cold 161172433
hot 40423803 warm 124485726 cold 161172735
hot 40423799 warm 124485726 cold 161172969
hot 40423795 warm 124485726 cold 161173226
hot 40423791 warm 124485726 cold 161173389
hot 40423787 warm 124485726 cold 161173636
hot 40423783 warm 124485726 cold 161173799
hot 40423779 warm 124485726 cold 161174044
hot 40423775 warm 124485726 cold 161174288
hot 40423771 warm 124485726 cold 161174550
hot 40423767 warm 124485726 cold 161174814
hot 40423763 warm 124485726 cold 161175186
hot 40423759 warm 124485726 cold 161175420
hot 40423755 warm 124485726 cold 161175694
hot 40423751 warm 124485726 cold 161175891
hot 40423747 warm 124485726 cold 161176053
hot 40423743 warm 124485726 cold 161176260
hot 40423739 warm 124485726 cold 161176478
hot 40423735 warm 124485726 cold 161176727
hot 40423731 warm 124485726 cold 161176964
hot 40423727 warm 124485726 cold 161177227
hot 40423723 warm 124485726 cold 161177516
hot 40423719 warm 124485726 cold 161177854
hot 40423715 warm 124485726 cold 161178090
hot 40423711 warm 124485726 cold 161178343
hot 40423707 warm 124485726 cold 161178531
hot 40423703 warm 124485726 cold 161178706
hot 40423699 warm 124485726 cold 161178950
hot 40423695 warm 124485726 cold 161179160
hot 40423691 warm 124485726 cold 161179411
hot 40423687 warm 124485726 cold 161179681
hot 40423683 warm 124485726 cold 161179940
hot 40423679 warm 124485726 cold 161180229
hot 40423675 warm 124485726 cold 161180547
hot 40423671 warm 124485726 cold 161180777
hot 40423667 warm 124485726 cold 161181088
hot 40423663 warm 124485726 cold 161181205
hot 40423659 warm 124485726 cold 161181376
hot 40423655 warm 124485726 cold 161181597
hot 40423651 warm 124485726 cold 161181843
hot 40423647 warm 124485726 cold 161182081
hot 40423643 warm 124485726 cold 161182363
hot 40423639 warm 124485726 cold 161182616
hot 40423635 warm 124485726 cold 161182980
hot 40423631 warm 124485726 cold 161183221
hot 40423627 warm 124485726 cold 161183455
hot 40423623 warm 124485726 cold 161183729
hot 40423619 warm 124485726 cold 161183885
hot 40423615 warm 124485726 cold 161184112
hot 40423611 warm 124485726 cold 161184280
hot 40423607 warm 124485726 cold 161184528
hot 40423603 warm 124485726 cold 161184769
hot 40423599 warm 124485726 cold 161185019
hot 40423595 warm 124485726 cold 161185281
hot 40423591 warm 124485726 cold 161185639
hot 40423587 warm 124485726 cold 161185884
hot 40423583 warm 124485726 cold 161186141
hot 40423579 warm 124485726 cold 161186361
hot 40423575 warm 124485726 cold 161186526
hot 40423571 warm 124485726 cold 161186759
hot 40423567 warm 124485726 cold 161186950
hot 40423563 warm 124485726 cold 161187200
hot 40423559 warm 124485726 cold 161187491
hot 40423555 warm 124485726 cold 161187716
hot 40423551 warm 124485726 cold 161187974
hot 40423547 warm 124485726 cold 161188321
hot 40423543 warm 124485726 cold 161188569
hot 40423539 warm 124485726 cold 161188855
hot 40423535 warm 124485726 cold 161189021
hot 40423531 warm 124485726 cold 161189190
hot 40423527 warm 124485726 cold 161189444
hot 40423523 warm 124485726 cold 161189624
hot 40423519 warm 124485726 cold 161189866
hot 40423515 warm 124485726 cold 161190140
hot 40423511 warm 124485726 cold 161190524
hot 40423507 warm 124485726 cold 161190899
hot 40423503 warm 124579422 cold 161191083
hot 40423499 warm 124805726 cold 161191479
hot 40423495 warm 124867678 cold 161191592
hot 40423491 warm 124888158 cold 161191684
hot 40423487 warm 124925022 cold 161191868
hot 40423483 warm 124927070 cold 161192058
hot 40423479 warm 124931166 cold 161192301
hot 40423475 warm 124931166 cold 161192550
hot 40423471 warm 124931166 cold 161192821
hot 40423467 warm 124932702 cold 161193084
hot 40423463 warm 124932702 cold 161193370
hot 40423459 warm 124933214 cold 161193688
hot 40423455 warm 124933214 cold 161193924
hot 40423451 warm 124933214 cold 161194196
hot 40423447 warm 124933214 cold 161194364
hot 40423443 warm 124934750 cold 161194544
hot 40423439 warm 124934750 cold 161194742
hot 40423435 warm 124934750 cold 161194984
hot 40423431 warm 124934750 cold 161195236
hot 40423427 warm 124934750 cold 161195497
hot 40423423 warm 124934750 cold 161195764
hot 40423419 warm 124934750 cold 161196115
hot 40423415 warm 124934750 cold 161196425
hot 40423411 warm 124934750 cold 161196662
hot 40423407 warm 124934750 cold 161196842
hot 40423403 warm 124934750 cold 161196997
hot 40423399 warm 124934750 cold 161197211
hot 40423395 warm 124934750 cold 161197457
hot 40423391 warm 124934750 cold 161197858
hot 40423387 warm 124934750 cold 161198038
hot 40423383 warm 124934750 cold 161198190
hot 40423379 warm 124934750 cold 161198450
hot 40423375 warm 124935262 cold 161198779
hot 40423371 warm 124935262 cold 161199027
hot 40423367 warm 124935262 cold 161199284
hot 40423363 warm 124935262 cold 161199478
hot 40423359 warm 124935262 cold 161199628
hot 40423355 warm 124935262 cold 161199890
hot 40423351 warm 124935262 cold 161200068
hot 40423347 warm 124935262 cold 161200317
hot 40423343 warm 124935262 cold 161200567
hot 40423339 warm 124935262 cold 161200838
hot 40423335 warm 124935262 cold 161201143
hot 40423331 warm 124935262 cold 161201453
hot 40423327 warm 124935262 cold 161201688
hot 40423323 warm 124935262 cold 161202017
hot 40423319 warm 124935262 cold 161202127
hot 40423315 warm 124935774 cold 161202301
hot 40423311 warm 124935774 cold 161202557
hot 40423307 warm 124935774 cold 161202758
hot 40423303 warm 124935774 cold 161202994
hot 40423299 warm 124935774 cold 161203273
hot 40423295 warm 124935774 cold 161203712
hot 40423291 warm 124935774 cold 161203936
hot 40423287 warm 124935774 cold 161204266
hot 40423283 warm 124935774 cold 161204636
hot 40423279 warm 124935774 cold 161204640
hot 40423275 warm 124935774 cold 161204806
hot 40423271 warm 124935774 cold 161205005
hot 40423267 warm 124935774 cold 161205194
hot 40423263 warm 124935774 cold 161205445
hot 40423259 warm 124935774 cold 161205701
hot 40423255 warm 124935774 cold 161205950
hot 40423251 warm 124935774 cold 161206214
hot 40423247 warm 124935774 cold 161206579
hot 40423243 warm 124935774 cold 161206814
hot 40423239 warm 124935774 cold 161207072
hot 40423747 warm 124935774 cold 161207294
hot 40423743 warm 124935774 cold 161207464
hot 40423739 warm 124935774 cold 161207701
hot 40423735 warm 124935774 cold 161207944
hot 40423731 warm 124935774 cold 161208347
hot 40423727 warm 124935774 cold 161208512
hot 40423723 warm 124935774 cold 161208669
hot 40423719 warm 124935774 cold 161208927
hot 40423715 warm 124935774 cold 161209265
hot 40423711 warm 124935774 cold 161209514
hot 40423707 warm 124935774 cold 161209820
hot 40423703 warm 124935774 cold 161209891
