anon 864256
anon_thp 0
anon 3749138432
anon_thp 3747610624
anon 7228313600
anon_thp 7226785792
anon 10753892352
anon_thp 10752098304
anon 14065291264
anon_thp 14063501312
anon 17282162688
anon_thp 17278435328
anon 17280069632
anon_thp 17276338176
anon 17282162688
anon_thp 17278435328
anon 17282195456
anon_thp 17278435328
anon 17999687680
anon_thp 17995661312
anon 20195405824
anon_thp 20191379456
anon 22399512576
anon_thp 22395486208
anon 24670724096
anon_thp 24666701824
anon 25923497984
anon_thp 25918701568
anon 26472947712
anon_thp 26468155392
anon 28104654848
anon_thp 28097642496
anon 28410904576
anon_thp 28403826688
anon 28410904576
anon_thp 28403826688
anon 28410908672
anon_thp 28403826688
anon 28410908672
anon_thp 28403826688
anon 28410912768
anon_thp 28403826688
anon 28410908672
anon_thp 28403826688
anon 28410908672
anon_thp 28403826688
anon 28410908672
anon_thp 28403826688
anon 28410908672
anon_thp 28403826688
anon 28410908672
anon_thp 28403826688
anon 28410904576
anon_thp 28403826688
anon 28410908672
anon_thp 28403826688
anon 28410920960
anon_thp 28403826688
anon 28410920960
anon_thp 28403826688
anon 28410920960
anon_thp 28403826688
anon 28410925056
anon_thp 28403826688
anon 28410925056
anon_thp 28403826688
anon 28410929152
anon_thp 28403826688
anon 28410925056
anon_thp 28403826688
anon 28410925056
anon_thp 28403826688
anon 28410920960
anon_thp 28403826688
anon 28410925056
anon_thp 28403826688
anon 28410920960
anon_thp 28403826688
anon 28410929152
anon_thp 28403826688
anon 28410920960
anon_thp 28403826688
anon 28410925056
anon_thp 28403826688
anon 28410920960
anon_thp 28403826688
anon 28410929152
anon_thp 28403826688
anon 28410925056
anon_thp 28403826688
anon 28410925056
anon_thp 28403826688
anon 28410929152
anon_thp 28403826688
anon 28410929152
anon_thp 28403826688
anon 28410929152
anon_thp 28403826688
anon 28410929152
anon_thp 28403826688
anon 28410925056
anon_thp 28403826688
anon 28410925056
anon_thp 28403826688
anon 28410929152
anon_thp 28403826688
anon 28410920960
anon_thp 28403826688
anon 28410920960
anon_thp 28403826688
anon 28410929152
anon_thp 28403826688
anon 28410920960
anon_thp 28403826688
anon 28410925056
anon_thp 28403826688
anon 28410925056
anon_thp 28403826688
anon 28410925056
anon_thp 28403826688
anon 28410920960
anon_thp 28403826688
anon 28410929152
anon_thp 28403826688
anon 28410925056
anon_thp 28403826688
anon 28410929152
anon_thp 28403826688
anon 28410929152
anon_thp 28403826688
anon 28410929152
anon_thp 28403826688
anon 28410929152
anon_thp 28403826688
anon 28410929152
anon_thp 28403826688
anon 28410925056
anon_thp 28403826688
anon 28410925056
anon_thp 28403826688
anon 28410929152
anon_thp 28403826688
anon 28410925056
anon_thp 28403826688
anon 28410920960
anon_thp 28403826688
anon 28410929152
anon_thp 28403826688
anon 28410929152
anon_thp 28403826688
anon 28410929152
anon_thp 28403826688
anon 28410929152
anon_thp 28403826688
anon 28410925056
anon_thp 28403826688
anon 28410925056
anon_thp 28403826688
anon 28410925056
anon_thp 28403826688
anon 28410929152
anon_thp 28403826688
anon 28410920960
anon_thp 28403826688
anon 28410929152
anon_thp 28403826688
anon 28410925056
anon_thp 28403826688
anon 28410920960
anon_thp 28403826688
anon 28410920960
anon_thp 28403826688
anon 28410925056
anon_thp 28403826688
anon 28410925056
anon_thp 28403826688
anon 28410925056
anon_thp 28403826688
anon 28410925056
anon_thp 28403826688
anon 28410920960
anon_thp 28403826688
anon 28410929152
anon_thp 28403826688
anon 28410925056
anon_thp 28403826688
anon 28410929152
anon_thp 28403826688
anon 28410920960
anon_thp 28403826688
anon 28410920960
anon_thp 28403826688
anon 28410920960
anon_thp 28403826688
anon 28410929152
anon_thp 28403826688
anon 28410920960
anon_thp 28403826688
anon 28410925056
anon_thp 28403826688
anon 28410925056
anon_thp 28403826688
anon 28410920960
anon_thp 28403826688
anon 28410925056
anon_thp 28403826688
anon 28410920960
anon_thp 28403826688
anon 28410925056
anon_thp 28403826688
anon 28410925056
anon_thp 28403826688
anon 28410920960
anon_thp 28403826688
anon 28410920960
anon_thp 28403826688
anon 28410925056
anon_thp 28403826688
anon 28410920960
anon_thp 28403826688
anon 28410929152
anon_thp 28403826688
anon 28410929152
anon_thp 28403826688
anon 28410925056
anon_thp 28403826688
anon 28410920960
anon_thp 28403826688
anon 28410925056
anon_thp 28403826688
anon 28410925056
anon_thp 28403826688
anon 28410925056
anon_thp 28403826688
anon 28410925056
anon_thp 28403826688
anon 28410929152
anon_thp 28403826688
anon 28410925056
anon_thp 28403826688
anon 28410929152
anon_thp 28403826688
anon 28410929152
anon_thp 28403826688
anon 28410920960
anon_thp 28403826688
anon 28410920960
anon_thp 28403826688
anon 28410925056
anon_thp 28403826688
anon 28410925056
anon_thp 28403826688
anon 28410925056
anon_thp 28403826688
anon 28410925056
anon_thp 28403826688
anon 28410920960
anon_thp 28403826688
anon 28410929152
anon_thp 28403826688
anon 28410920960
anon_thp 28403826688
anon 28410920960
anon_thp 28403826688
anon 28410925056
anon_thp 28403826688
anon 28410920960
anon_thp 28403826688
anon 28410925056
anon_thp 28403826688
anon 28410929152
anon_thp 28403826688
anon 28410925056
anon_thp 28403826688
anon 28410925056
anon_thp 28403826688
anon 28410925056
anon_thp 28403826688
anon 28410925056
anon_thp 28403826688
anon 28410925056
anon_thp 28403826688
anon 28410929152
anon_thp 28403826688
anon 28410920960
anon_thp 28403826688
anon 28410929152
anon_thp 28403826688
anon 28410925056
anon_thp 28403826688
anon 28410920960
anon_thp 28403826688
anon 28410929152
anon_thp 28403826688
anon 28410929152
anon_thp 28403826688
anon 28410929152
anon_thp 28403826688
anon 28410920960
anon_thp 28403826688
anon 28410925056
anon_thp 28403826688
anon 28410925056
anon_thp 28403826688
anon 28410920960
anon_thp 28403826688
anon 28410929152
anon_thp 28403826688
anon 28410929152
anon_thp 28403826688
anon 28410920960
anon_thp 28403826688
anon 28410929152
anon_thp 28403826688
anon 28410925056
anon_thp 28403826688
anon 28410925056
anon_thp 28403826688
anon 28410925056
anon_thp 28403826688
anon 28410925056
anon_thp 28403826688
anon 28410925056
anon_thp 28403826688
anon 28410925056
anon_thp 28403826688
anon 28410929152
anon_thp 28403826688
anon 28410925056
anon_thp 28403826688
anon 28410925056
anon_thp 28403826688
anon 28410920960
anon_thp 28403826688
anon 28410925056
anon_thp 28403826688
anon 28410925056
anon_thp 28403826688
anon 28410929152
anon_thp 28403826688
anon 28410925056
anon_thp 28403826688
anon 28410925056
anon_thp 28403826688
anon 28410920960
anon_thp 28403826688
anon 28410925056
anon_thp 28403826688
anon 28410925056
anon_thp 28403826688
anon 28410929152
anon_thp 28403826688
anon 28410929152
anon_thp 28403826688
anon 28410920960
anon_thp 28403826688
anon 28410925056
anon_thp 28403826688
anon 28410929152
anon_thp 28403826688
anon 28410929152
anon_thp 28403826688
anon 28410929152
anon_thp 28403826688
anon 28410929152
anon_thp 28403826688
anon 28410920960
anon_thp 28403826688
anon 28410925056
anon_thp 28403826688
anon 28410925056
anon_thp 28403826688
anon 28410929152
anon_thp 28403826688
anon 28410929152
anon_thp 28403826688
anon 28410925056
anon_thp 28403826688
anon 28410929152
anon_thp 28403826688
anon 28410929152
anon_thp 28403826688
anon 28410920960
anon_thp 28403826688
anon 28410929152
anon_thp 28403826688
anon 28410929152
anon_thp 28403826688
anon 28410925056
anon_thp 28403826688
anon 28410925056
anon_thp 28403826688
anon 28410920960
anon_thp 28403826688
anon 28410925056
anon_thp 28403826688
anon 28410929152
anon_thp 28403826688
anon 28410925056
anon_thp 28403826688
anon 28410925056
anon_thp 28403826688
anon 28410925056
anon_thp 28403826688
anon 28410925056
anon_thp 28403826688
anon 28410925056
anon_thp 28403826688
anon 28410925056
anon_thp 28403826688
anon 28410929152
anon_thp 28403826688
anon 28410929152
anon_thp 28403826688
anon 28410925056
anon_thp 28403826688
anon 28410929152
anon_thp 28403826688
anon 28410929152
anon_thp 28403826688
anon 28410929152
anon_thp 28403826688
anon 28410925056
anon_thp 28403826688
anon 28410925056
anon_thp 28403826688
anon 28410920960
anon_thp 28403826688
anon 28410929152
anon_thp 28403826688
anon 28410925056
anon_thp 28403826688
anon 28410925056
anon_thp 28403826688
anon 28410920960
anon_thp 28403826688
anon 28410925056
anon_thp 28403826688
anon 28410929152
anon_thp 28403826688
anon 28410929152
anon_thp 28403826688
anon 28410925056
anon_thp 28403826688
anon 28410920960
anon_thp 28403826688
anon 28410925056
anon_thp 28403826688
anon 28410929152
anon_thp 28403826688
anon 28410925056
anon_thp 28403826688
anon 28410929152
anon_thp 28403826688
anon 28410929152
anon_thp 28403826688
anon 28410925056
anon_thp 28403826688
anon 28410920960
anon_thp 28403826688
anon 28410925056
anon_thp 28403826688
anon 28410929152
anon_thp 28403826688
anon 28410925056
anon_thp 28403826688
anon 28410925056
anon_thp 28403826688
anon 28410925056
anon_thp 28403826688
anon 28410925056
anon_thp 28403826688
anon 28410929152
anon_thp 28403826688
anon 28410929152
anon_thp 28403826688
anon 28410925056
anon_thp 28403826688
anon 28410929152
anon_thp 28403826688
anon 28410920960
anon_thp 28403826688
anon 28410929152
anon_thp 28403826688
anon 28410929152
anon_thp 28403826688
anon 28410925056
anon_thp 28403826688
anon 28410920960
anon_thp 28403826688
anon 28410925056
anon_thp 28403826688
anon 28410929152
anon_thp 28403826688
anon 28410920960
anon_thp 28403826688
anon 28410920960
anon_thp 28403826688
anon 28410925056
anon_thp 28403826688
anon 28410929152
anon_thp 28403826688
anon 28410929152
anon_thp 28403826688
anon 28410925056
anon_thp 28403826688
anon 28410929152
anon_thp 28403826688
anon 28410925056
anon_thp 28403826688
anon 28410925056
anon_thp 28403826688
anon 28410929152
anon_thp 28403826688
anon 28410925056
anon_thp 28403826688
anon 28410925056
anon_thp 28403826688
anon 28410929152
anon_thp 28403826688
anon 28410925056
anon_thp 28403826688
anon 28410925056
anon_thp 28403826688
anon 28410925056
anon_thp 28403826688
anon 28410925056
anon_thp 28403826688
anon 28410925056
anon_thp 28403826688
anon 28410925056
anon_thp 28403826688
anon 28410929152
anon_thp 28403826688
anon 28410920960
anon_thp 28403826688
anon 28410929152
anon_thp 28403826688
anon 28410925056
anon_thp 28403826688
anon 28410925056
anon_thp 28403826688
anon 28410920960
anon_thp 28403826688
anon 28410920960
anon_thp 28403826688
anon 28410920960
anon_thp 28403826688
anon 28410929152
anon_thp 28403826688
anon 28410925056
anon_thp 28403826688
anon 28410929152
anon_thp 28403826688
anon 28410929152
anon_thp 28403826688
anon 28410929152
anon_thp 28403826688
anon 28410925056
anon_thp 28403826688
anon 28410929152
anon_thp 28403826688
anon 28410925056
anon_thp 28403826688
anon 28410925056
anon_thp 28403826688
anon 28410929152
anon_thp 28403826688
anon 28410925056
anon_thp 28403826688
anon 28410925056
anon_thp 28403826688
anon 28410925056
anon_thp 28403826688
anon 28410925056
anon_thp 28403826688
anon 28410929152
anon_thp 28403826688
anon 28410929152
anon_thp 28403826688
anon 28410920960
anon_thp 28403826688
anon 28410925056
anon_thp 28403826688
anon 28410920960
anon_thp 28403826688
anon 28410929152
anon_thp 28403826688
anon 28410925056
anon_thp 28403826688
anon 28410925056
anon_thp 28403826688
anon 28410929152
anon_thp 28403826688
anon 28410929152
anon_thp 28403826688
anon 28410925056
anon_thp 28403826688
anon 28410929152
anon_thp 28403826688
anon 28410925056
anon_thp 28403826688
anon 28410929152
anon_thp 28403826688
anon 28410925056
anon_thp 28403826688
anon 28410925056
anon_thp 28403826688
anon 28410929152
anon_thp 28403826688
anon 28410925056
anon_thp 28403826688
anon 28410925056
anon_thp 28403826688
anon 28410925056
anon_thp 28403826688
anon 28410920960
anon_thp 28403826688
anon 28410925056
anon_thp 28403826688
anon 28410929152
anon_thp 28403826688
anon 28410925056
anon_thp 28403826688
anon 28410925056
anon_thp 28403826688
anon 28410925056
anon_thp 28403826688
anon 28410929152
anon_thp 28403826688
anon 28410925056
anon_thp 28403826688
anon 28410925056
anon_thp 28403826688
anon 28410925056
anon_thp 28403826688
anon 28410925056
anon_thp 28403826688
anon 28410929152
anon_thp 28403826688
anon 28410925056
anon_thp 28403826688
anon 28410920960
anon_thp 28403826688
anon 28410925056
anon_thp 28403826688
anon 28410925056
anon_thp 28403826688
anon 28410925056
anon_thp 28403826688
anon 28410925056
anon_thp 28403826688
anon 28410925056
anon_thp 28403826688
anon 28410920960
anon_thp 28403826688
anon 28410925056
anon_thp 28403826688
anon 28410925056
anon_thp 28403826688
anon 28410925056
anon_thp 28403826688
anon 28410925056
anon_thp 28403826688
anon 28410929152
anon_thp 28403826688
anon 28410925056
anon_thp 28403826688
anon 28410925056
anon_thp 28403826688
anon 28410929152
anon_thp 28403826688
anon 28410929152
anon_thp 28403826688
anon 28410925056
anon_thp 28403826688
anon 28410920960
anon_thp 28403826688
anon 28410929152
anon_thp 28403826688
anon 28410925056
anon_thp 28403826688
anon 28410925056
anon_thp 28403826688
anon 28410925056
anon_thp 28403826688
anon 28410925056
anon_thp 28403826688
anon 28410925056
anon_thp 28403826688
anon 28410925056
anon_thp 28403826688
anon 28410929152
anon_thp 28403826688
anon 28410920960
anon_thp 28403826688
anon 28410925056
anon_thp 28403826688
anon 28410920960
anon_thp 28403826688
anon 28410929152
anon_thp 28403826688
anon 28410925056
anon_thp 28403826688
anon 28410925056
anon_thp 28403826688
anon 28410925056
anon_thp 28403826688
anon 28410925056
anon_thp 28403826688
anon 28410925056
anon_thp 28403826688
anon 28410925056
anon_thp 28403826688
anon 28410929152
anon_thp 28403826688
anon 28410925056
anon_thp 28403826688
anon 28410925056
anon_thp 28403826688
anon 28410925056
anon_thp 28403826688
anon 28410929152
anon_thp 28403826688
anon 28410925056
anon_thp 28403826688
anon 28410929152
anon_thp 28403826688
anon 28410929152
anon_thp 28403826688
anon 28410925056
anon_thp 28403826688
anon 28410920960
anon_thp 28403826688
anon 28410925056
anon_thp 28403826688
anon 28410920960
anon_thp 28403826688
anon 28410925056
anon_thp 28403826688
anon 28410925056
anon_thp 28403826688
anon 28410925056
anon_thp 28403826688
anon 28410925056
anon_thp 28403826688
anon 28410929152
anon_thp 28403826688
anon 28410925056
anon_thp 28403826688
anon 28410929152
anon_thp 28403826688
anon 28410925056
anon_thp 28403826688
anon 28410925056
anon_thp 28403826688
anon 28410925056
anon_thp 28403826688
anon 28410925056
anon_thp 28403826688
anon 28410929152
anon_thp 28403826688
anon 28410925056
anon_thp 28403826688
anon 28410925056
anon_thp 28403826688
anon 28410929152
anon_thp 28403826688
anon 28410925056
anon_thp 28403826688
anon 28410929152
anon_thp 28403826688
anon 28410920960
anon_thp 28403826688
anon 28410925056
anon_thp 28403826688
anon 28410925056
anon_thp 28403826688
anon 28410925056
anon_thp 28403826688
anon 28410929152
anon_thp 28403826688
anon 28410929152
anon_thp 28403826688
anon 28410925056
anon_thp 28403826688
anon 28410929152
anon_thp 28403826688
anon 28410925056
anon_thp 28403826688
anon 28410929152
anon_thp 28403826688
anon 28410929152
anon_thp 28403826688
anon 28410920960
anon_thp 28403826688
anon 28410920960
anon_thp 28403826688
anon 28410925056
anon_thp 28403826688
anon 28410925056
anon_thp 28403826688
anon 28410920960
anon_thp 28403826688
anon 28410929152
anon_thp 28403826688
anon 28410925056
anon_thp 28403826688
anon 28410925056
anon_thp 28403826688
anon 28410920960
anon_thp 28403826688
anon 28410929152
anon_thp 28403826688
anon 28410925056
anon_thp 28403826688
anon 28410929152
anon_thp 28403826688
anon 28410925056
anon_thp 28403826688
anon 28410929152
anon_thp 28403826688
anon 28410925056
anon_thp 28403826688
anon 28410925056
anon_thp 28403826688
anon 28410925056
anon_thp 28403826688
anon 28410925056
anon_thp 28403826688
anon 28410925056
anon_thp 28403826688
anon 28410925056
anon_thp 28403826688
anon 28410925056
anon_thp 28403826688
anon 28410925056
anon_thp 28403826688
anon 28410929152
anon_thp 28403826688
anon 28410920960
anon_thp 28403826688
anon 28410929152
anon_thp 28403826688
anon 28410925056
anon_thp 28403826688
anon 28410925056
anon_thp 28403826688
anon 28410925056
anon_thp 28403826688
anon 28410925056
anon_thp 28403826688
anon 28410925056
anon_thp 28403826688
anon 28410925056
anon_thp 28403826688
anon 28410920960
anon_thp 28403826688
anon 28410929152
anon_thp 28403826688
anon 28410925056
anon_thp 28403826688
anon 28410929152
anon_thp 28403826688
anon 28410929152
anon_thp 28403826688
anon 28410925056
anon_thp 28403826688
anon 28410929152
anon_thp 28403826688
anon 28410920960
anon_thp 28403826688
anon 28410929152
anon_thp 28403826688
anon 28410925056
anon_thp 28403826688
anon 28410925056
anon_thp 28403826688
anon 28410920960
anon_thp 28403826688
anon 28410920960
anon_thp 28403826688
anon 28410929152
anon_thp 28403826688
anon 28410925056
anon_thp 28403826688
anon 28410929152
anon_thp 28403826688
anon 28410925056
anon_thp 28403826688
anon 28410925056
anon_thp 28403826688
anon 28410925056
anon_thp 28403826688
anon 28410929152
anon_thp 28403826688
anon 28410929152
anon_thp 28403826688
anon 28410925056
anon_thp 28403826688
anon 28410920960
anon_thp 28403826688
anon 28410925056
anon_thp 28403826688
anon 28410925056
anon_thp 28403826688
anon 28410929152
anon_thp 28403826688
anon 28410925056
anon_thp 28403826688
anon 28410925056
anon_thp 28403826688
anon 28410925056
anon_thp 28403826688
anon 28410925056
anon_thp 28403826688
anon 28410925056
anon_thp 28403826688
anon 28410929152
anon_thp 28403826688
anon 28410925056
anon_thp 28403826688
anon 28410925056
anon_thp 28403826688
anon 28410925056
anon_thp 28403826688
anon 28410925056
anon_thp 28403826688
anon 28410920960
anon_thp 28403826688
anon 28410920960
anon_thp 28403826688
anon 28410925056
anon_thp 28403826688
anon 28410929152
anon_thp 28403826688
anon 28410925056
anon_thp 28403826688
anon 28410929152
anon_thp 28403826688
anon 28410925056
anon_thp 28403826688
anon 28410925056
anon_thp 28403826688
anon 28410929152
anon_thp 28403826688
anon 28410925056
anon_thp 28403826688
anon 28410925056
anon_thp 28403826688
anon 28410925056
anon_thp 28403826688
anon 28410925056
anon_thp 28403826688
anon 28410925056
anon_thp 28403826688
anon 28410925056
anon_thp 28403826688
anon 28410929152
anon_thp 28403826688
anon 28410929152
anon_thp 28403826688
anon 28410925056
anon_thp 28403826688
anon 28410925056
anon_thp 28403826688
anon 28410925056
anon_thp 28403826688
anon 28410929152
anon_thp 28403826688
anon 28410929152
anon_thp 28403826688
anon 28410925056
anon_thp 28403826688
anon 28410925056
anon_thp 28403826688
anon 28410929152
anon_thp 28403826688
anon 28410925056
anon_thp 28403826688
anon 28410925056
anon_thp 28403826688
anon 28410929152
anon_thp 28403826688
anon 28410925056
anon_thp 28403826688
anon 28410920960
anon_thp 28403826688
anon 28410929152
anon_thp 28403826688
anon 28410925056
anon_thp 28403826688
anon 28410920960
anon_thp 28403826688
anon 28410929152
anon_thp 28403826688
anon 28410925056
anon_thp 28403826688
anon 28410925056
anon_thp 28403826688
anon 28410929152
anon_thp 28403826688
anon 28410920960
anon_thp 28403826688
anon 28410920960
anon_thp 28403826688
anon 28410929152
anon_thp 28403826688
anon 28410920960
anon_thp 28403826688
anon 28410925056
anon_thp 28403826688
anon 28410925056
anon_thp 28403826688
anon 28410929152
anon_thp 28403826688
anon 28410925056
anon_thp 28403826688
anon 28410925056
anon_thp 28403826688
anon 28410929152
anon_thp 28403826688
anon 28410925056
anon_thp 28403826688
anon 28410925056
anon_thp 28403826688
anon 28410925056
anon_thp 28403826688
anon 28410925056
anon_thp 28403826688
anon 28410925056
anon_thp 28403826688
anon 28410929152
anon_thp 28403826688
anon 28410925056
anon_thp 28403826688
anon 28410925056
anon_thp 28403826688
anon 28410920960
anon_thp 28403826688
anon 28410929152
anon_thp 28403826688
anon 28410929152
anon_thp 28403826688
anon 28410920960
anon_thp 28403826688
anon 28410925056
anon_thp 28403826688
anon 28410925056
anon_thp 28403826688
anon 28410925056
anon_thp 28403826688
anon 28410925056
anon_thp 28403826688
anon 28410925056
anon_thp 28403826688
anon 28410929152
anon_thp 28403826688
anon 28410920960
anon_thp 28403826688
anon 28410920960
anon_thp 28403826688
anon 28410920960
anon_thp 28403826688
anon 28410925056
anon_thp 28403826688
anon 28410925056
anon_thp 28403826688
anon 28410920960
anon_thp 28403826688
anon 28410925056
anon_thp 28403826688
anon 28410929152
anon_thp 28403826688
anon 28410929152
anon_thp 28403826688
anon 28410929152
anon_thp 28403826688
anon 28410925056
anon_thp 28403826688
anon 28410925056
anon_thp 28403826688
anon 28410925056
anon_thp 28403826688
anon 28410925056
anon_thp 28403826688
anon 28410920960
anon_thp 28403826688
anon 28410929152
anon_thp 28403826688
anon 28410925056
anon_thp 28403826688
anon 28410925056
anon_thp 28403826688
anon 28410929152
anon_thp 28403826688
anon 28410929152
anon_thp 28403826688
anon 28410925056
anon_thp 28403826688
anon 28410925056
anon_thp 28403826688
anon 28410920960
anon_thp 28403826688
anon 28410925056
anon_thp 28403826688
anon 28410920960
anon_thp 28403826688
anon 28410925056
anon_thp 28403826688
anon 28410925056
anon_thp 28403826688
anon 28410929152
anon_thp 28403826688
anon 28410925056
anon_thp 28403826688
anon 28410925056
anon_thp 28403826688
anon 28410929152
anon_thp 28403826688
anon 28410920960
anon_thp 28403826688
anon 28410925056
anon_thp 28403826688
anon 28410925056
anon_thp 28403826688
anon 28410920960
anon_thp 28403826688
anon 28410929152
anon_thp 28403826688
anon 28410929152
anon_thp 28403826688
anon 28410925056
anon_thp 28403826688
anon 28410925056
anon_thp 28403826688
anon 28410925056
anon_thp 28403826688
anon 28410925056
anon_thp 28403826688
anon 28410920960
anon_thp 28403826688
anon 28410925056
anon_thp 28403826688
