pgmigrate_success 64890474
pgmigrate_fail 30433
thp_migration_success 87277
thp_migration_fail 11
thp_migration_split 0
thp_fault_alloc 113490
thp_fault_fallback 2066
thp_fault_fallback_charge 0
thp_collapse_alloc 175
thp_collapse_alloc_failed 0
thp_file_alloc 0
thp_file_fallback 0
thp_file_fallback_charge 0
thp_file_mapped 0
thp_split_page 81
thp_split_page_failed 0
thp_deferred_split_page 543
thp_split_pmd 1077
thp_split_pud 0
thp_zero_page_alloc 0
thp_zero_page_alloc_failed 0
thp_swpout 0
thp_swpout_fallback 0
htmm_nr_promoted 38414479
htmm_nr_demoted 22907216
htmm_nr_sampled 0
htmm_missed_dramread 0
htmm_missed_nvmread 0
htmm_missed_write 0
htmm_alloc_dram 139394271
htmm_alloc_nvm 0
