pgmigrate_success 301136475
pgmigrate_success 301136484
pgmigrate_success 301136486
pgmigrate_success 301136487
pgmigrate_success 301136488
pgmigrate_success 301136489
pgmigrate_success 301136490
pgmigrate_success 301136491
pgmigrate_success 301136492
pgmigrate_success 301136493
pgmigrate_success 301136494
pgmigrate_success 301136495
pgmigrate_success 301136496
pgmigrate_success 301136497
pgmigrate_success 301136498
pgmigrate_success 301136499
pgmigrate_success 301136500
pgmigrate_success 301136501
pgmigrate_success 301136502
pgmigrate_success 301136503
pgmigrate_success 301136504
pgmigrate_success 301136505
pgmigrate_success 301136506
pgmigrate_success 301136507
pgmigrate_success 301136508
pgmigrate_success 301136509
pgmigrate_success 301136510
pgmigrate_success 301136511
pgmigrate_success 301136512
pgmigrate_success 301136513
pgmigrate_success 301136514
pgmigrate_success 301136515
pgmigrate_success 301136516
pgmigrate_success 301136517
pgmigrate_success 301136518
pgmigrate_success 301136519
pgmigrate_success 301136520
pgmigrate_success 301136521
pgmigrate_success 301136522
pgmigrate_success 301136523
pgmigrate_success 301136524
pgmigrate_success 301136525
pgmigrate_success 301136526
pgmigrate_success 301136527
pgmigrate_success 301136528
pgmigrate_success 301136529
pgmigrate_success 301136530
pgmigrate_success 301136531
pgmigrate_success 301136532
pgmigrate_success 301136533
pgmigrate_success 301136534
pgmigrate_success 301136535
pgmigrate_success 301136536
pgmigrate_success 301136537
pgmigrate_success 301136538
pgmigrate_success 301136539
pgmigrate_success 301136540
pgmigrate_success 301136541
pgmigrate_success 301136542
pgmigrate_success 301136543
pgmigrate_success 301136544
pgmigrate_success 301136545
pgmigrate_success 301136547
pgmigrate_success 301136548
pgmigrate_success 301136549
pgmigrate_success 301136550
pgmigrate_success 301136551
pgmigrate_success 301136552
pgmigrate_success 301136553
pgmigrate_success 301136554
pgmigrate_success 301136555
pgmigrate_success 301136556
pgmigrate_success 301136557
pgmigrate_success 301136558
pgmigrate_success 301136559
pgmigrate_success 301136560
pgmigrate_success 301136561
pgmigrate_success 301136562
pgmigrate_success 301136563
pgmigrate_success 301136564
pgmigrate_success 301136565
pgmigrate_success 301136566
pgmigrate_success 301136567
pgmigrate_success 301136568
pgmigrate_success 301136569
pgmigrate_success 301136570
pgmigrate_success 301136571
pgmigrate_success 301136572
pgmigrate_success 301136573
pgmigrate_success 301136574
pgmigrate_success 301136575
pgmigrate_success 301136576
pgmigrate_success 301136577
pgmigrate_success 301136578
pgmigrate_success 301136579
pgmigrate_success 301136580
pgmigrate_success 301136581
pgmigrate_success 301136582
pgmigrate_success 301136583
pgmigrate_success 301136584
pgmigrate_success 301136585
pgmigrate_success 301136586
pgmigrate_success 301136587
pgmigrate_success 301136588
pgmigrate_success 301136589
pgmigrate_success 301136590
pgmigrate_success 301136591
pgmigrate_success 301136592
pgmigrate_success 301136593
pgmigrate_success 301136594
pgmigrate_success 301136595
pgmigrate_success 301136596
pgmigrate_success 301136597
pgmigrate_success 301155035
pgmigrate_success 301306108
pgmigrate_success 301374897
pgmigrate_success 301451187
pgmigrate_success 301556149
pgmigrate_success 301665719
pgmigrate_success 301789113
pgmigrate_success 301884859
pgmigrate_success 302027197
pgmigrate_success 302116287
pgmigrate_success 302203841
pgmigrate_success 302281669
pgmigrate_success 302399431
pgmigrate_success 302459850
pgmigrate_success 302520268
pgmigrate_success 302633478
pgmigrate_success 302681616
pgmigrate_success 302753298
pgmigrate_success 302821396
pgmigrate_success 302876694
pgmigrate_success 302957846
pgmigrate_success 302957846
pgmigrate_success 302957846
pgmigrate_success 303057686
pgmigrate_success 303165718
pgmigrate_success 303478552
pgmigrate_success 303562011
pgmigrate_success 303699035
pgmigrate_success 303699035
pgmigrate_success 303822139
pgmigrate_success 304010143
pgmigrate_success 304107968
pgmigrate_success 304178638
pgmigrate_success 304291796
pgmigrate_success 304340443
pgmigrate_success 304429539
pgmigrate_success 304527846
pgmigrate_success 304546279
pgmigrate_success 304552441
pgmigrate_success 304558587
pgmigrate_success 304582141
pgmigrate_success 304600575
pgmigrate_success 304625153
pgmigrate_success 304644611
pgmigrate_success 304668165
pgmigrate_success 304693768
pgmigrate_success 304725514
pgmigrate_success 304755724
pgmigrate_success 304786446
pgmigrate_success 304797712
pgmigrate_success 304933483
pgmigrate_success 304949530
pgmigrate_success 304963935
pgmigrate_success 304975773
pgmigrate_success 304986059
pgmigrate_success 304989662
pgmigrate_success 304989663
pgmigrate_success 304991201
pgmigrate_success 304996327
pgmigrate_success 305006075
pgmigrate_success 305021963
pgmigrate_success 305039388
pgmigrate_success 305053221
pgmigrate_success 305074729
pgmigrate_success 305094704
pgmigrate_success 305114162
pgmigrate_success 305136692
pgmigrate_success 305146935
pgmigrate_success 305166393
pgmigrate_success 305186363
pgmigrate_success 305204285
pgmigrate_success 305217087
pgmigrate_success 305219138
pgmigrate_success 305289796
pgmigrate_success 305410747
pgmigrate_success 305513659
pgmigrate_success 305583180
pgmigrate_success 305656910
pgmigrate_success 305737808
pgmigrate_success 305782864
pgmigrate_success 305861714
pgmigrate_success 305914964
pgmigrate_success 305986646
pgmigrate_success 306019417
pgmigrate_success 306085467
pgmigrate_success 306157674
pgmigrate_success 306221676
pgmigrate_success 306279534
pgmigrate_success 306301553
pgmigrate_success 306388595
pgmigrate_success 306441845
pgmigrate_success 306495607
pgmigrate_success 306550905
pgmigrate_success 306599547
pgmigrate_success 306694781
pgmigrate_success 306740351
pgmigrate_success 306792577
pgmigrate_success 306876548
pgmigrate_success 306967317
pgmigrate_success 306998626
pgmigrate_success 307060634
pgmigrate_success 307138531
pgmigrate_success 307201545
pgmigrate_success 307276336
pgmigrate_success 307341893
pgmigrate_success 307363920
pgmigrate_success 307416163
pgmigrate_success 307486329
pgmigrate_success 307515518
pgmigrate_success 307525250
pgmigrate_success 307563146
pgmigrate_success 307565195
pgmigrate_success 307565195
pgmigrate_success 307565195
pgmigrate_success 307565195
pgmigrate_success 307565195
pgmigrate_success 307565195
pgmigrate_success 307599530
pgmigrate_success 307604652
pgmigrate_success 307606190
pgmigrate_success 307613872
pgmigrate_success 307745482
pgmigrate_success 307749729
pgmigrate_success 307751356
pgmigrate_success 307752966
pgmigrate_success 307772611
pgmigrate_success 307779269
pgmigrate_success 307786951
pgmigrate_success 307792073
pgmigrate_success 307816651
pgmigrate_success 307824845
pgmigrate_success 307850447
pgmigrate_success 307869905
pgmigrate_success 307888337
pgmigrate_success 307910355
pgmigrate_success 307932885
pgmigrate_success 307936469
pgmigrate_success 307965143
pgmigrate_success 307991769
pgmigrate_success 308016347
pgmigrate_success 308056797
pgmigrate_success 308080351
pgmigrate_success 308113121
pgmigrate_success 308138211
pgmigrate_success 308225253
pgmigrate_success 308292938
pgmigrate_success 308308899
pgmigrate_success 308322769
pgmigrate_success 308323795
pgmigrate_success 308334608
pgmigrate_success 308336668
pgmigrate_success 308385854
pgmigrate_success 308425331
pgmigrate_success 308446362
pgmigrate_success 308488372
pgmigrate_success 308519620
pgmigrate_success 308537550
pgmigrate_success 308597986
pgmigrate_success 308626666
pgmigrate_success 308644591
pgmigrate_success 308702456
pgmigrate_success 308732670
pgmigrate_success 308745473
pgmigrate_success 308801285
pgmigrate_success 308843787
pgmigrate_success 308879117
pgmigrate_success 308912911
pgmigrate_success 308945682
pgmigrate_success 309017365
pgmigrate_success 309091223
pgmigrate_success 309118441
pgmigrate_success 309125115
pgmigrate_success 309199471
pgmigrate_success 309233798
pgmigrate_success 309272221
pgmigrate_success 309325511
pgmigrate_success 309359839
pgmigrate_success 309405436
pgmigrate_success 309450503
pgmigrate_success 309478155
pgmigrate_success 309482774
pgmigrate_success 309488410
pgmigrate_success 309492002
pgmigrate_success 309498663
pgmigrate_success 309507373
pgmigrate_success 309519153
pgmigrate_success 309548341
pgmigrate_success 309834549
pgmigrate_success 310076725
pgmigrate_success 310323515
pgmigrate_success 310495547
pgmigrate_success 310581565
pgmigrate_success 310652735
pgmigrate_success 310777262
pgmigrate_success 310851099
pgmigrate_success 310863392
pgmigrate_success 310863392
pgmigrate_success 310863392
pgmigrate_success 310863392
pgmigrate_success 310892871
pgmigrate_success 310896457
pgmigrate_success 310904651
pgmigrate_success 310924118
pgmigrate_success 310931800
pgmigrate_success 310939482
pgmigrate_success 310945628
pgmigrate_success 310957918
pgmigrate_success 310966622
pgmigrate_success 310981472
pgmigrate_success 310989666
pgmigrate_success 311006052
pgmigrate_success 311026022
pgmigrate_success 311033704
pgmigrate_success 311054698
pgmigrate_success 311077740
pgmigrate_success 311149422
pgmigrate_success 311225798
pgmigrate_success 311234083
pgmigrate_success 311244906
pgmigrate_success 311256230
pgmigrate_success 311260341
pgmigrate_success 311295725
pgmigrate_success 311338772
pgmigrate_success 311373100
pgmigrate_success 311390014
pgmigrate_success 311421271
pgmigrate_success 311450981
pgmigrate_success 311465327
pgmigrate_success 311518589
pgmigrate_success 311544191
pgmigrate_success 311568769
pgmigrate_success 311604615
pgmigrate_success 311641995
pgmigrate_success 311679375
pgmigrate_success 311728530
pgmigrate_success 311745940
pgmigrate_success 311790488
pgmigrate_success 311804824
