pgmigrate_success 194764132
pgmigrate_success 194764140
pgmigrate_success 194764142
pgmigrate_success 194764143
pgmigrate_success 194764144
pgmigrate_success 194764145
pgmigrate_success 194764146
pgmigrate_success 194764147
pgmigrate_success 194764148
pgmigrate_success 194764149
pgmigrate_success 194764150
pgmigrate_success 194764151
pgmigrate_success 194764152
pgmigrate_success 194764153
pgmigrate_success 194764154
pgmigrate_success 194764155
pgmigrate_success 194764156
pgmigrate_success 194764157
pgmigrate_success 194764158
pgmigrate_success 194764159
pgmigrate_success 194764160
pgmigrate_success 194764161
pgmigrate_success 194764162
pgmigrate_success 194764163
pgmigrate_success 194764164
pgmigrate_success 194764165
pgmigrate_success 194764166
pgmigrate_success 194764167
pgmigrate_success 194764168
pgmigrate_success 194764169
pgmigrate_success 194764170
pgmigrate_success 194764171
pgmigrate_success 194764172
pgmigrate_success 194764173
pgmigrate_success 194764174
pgmigrate_success 194764175
pgmigrate_success 194764176
pgmigrate_success 194764177
pgmigrate_success 194764178
pgmigrate_success 194764179
pgmigrate_success 194764180
pgmigrate_success 194764181
pgmigrate_success 194764182
pgmigrate_success 194764183
pgmigrate_success 194764184
pgmigrate_success 194764185
pgmigrate_success 194764186
pgmigrate_success 194764187
pgmigrate_success 194764189
pgmigrate_success 194764190
pgmigrate_success 194764191
pgmigrate_success 194764192
pgmigrate_success 194764193
pgmigrate_success 194764194
pgmigrate_success 194764195
pgmigrate_success 194764196
pgmigrate_success 194764197
pgmigrate_success 194764198
pgmigrate_success 194764199
pgmigrate_success 194764200
pgmigrate_success 194764201
pgmigrate_success 194764202
pgmigrate_success 194764203
pgmigrate_success 194764204
pgmigrate_success 194764205
pgmigrate_success 194764206
pgmigrate_success 194764207
pgmigrate_success 194764208
pgmigrate_success 194764209
pgmigrate_success 194764210
pgmigrate_success 194764211
pgmigrate_success 194764212
pgmigrate_success 194764213
pgmigrate_success 194764214
pgmigrate_success 194764215
pgmigrate_success 194764216
pgmigrate_success 194764217
pgmigrate_success 194764218
pgmigrate_success 194764219
pgmigrate_success 194764220
pgmigrate_success 194764221
pgmigrate_success 194764222
pgmigrate_success 194764223
pgmigrate_success 194764224
pgmigrate_success 194764225
pgmigrate_success 194764226
pgmigrate_success 194764227
pgmigrate_success 194764228
pgmigrate_success 194764229
pgmigrate_success 194764230
pgmigrate_success 194807249
pgmigrate_success 194896337
pgmigrate_success 194896337
pgmigrate_success 194896337
pgmigrate_success 194896337
pgmigrate_success 194896337
pgmigrate_success 194896337
pgmigrate_success 194896337
pgmigrate_success 194896337
pgmigrate_success 194896337
pgmigrate_success 194896337
pgmigrate_success 194896337
pgmigrate_success 194896337
pgmigrate_success 194896337
pgmigrate_success 194896337
pgmigrate_success 194896337
pgmigrate_success 194896337
pgmigrate_success 194896337
pgmigrate_success 194896337
pgmigrate_success 194896337
pgmigrate_success 194896337
pgmigrate_success 194896337
pgmigrate_success 194896337
pgmigrate_success 194896337
pgmigrate_success 194896337
pgmigrate_success 194896337
pgmigrate_success 194896337
pgmigrate_success 195011025
pgmigrate_success 195011025
pgmigrate_success 195011025
pgmigrate_success 195011025
pgmigrate_success 195011025
pgmigrate_success 195011025
pgmigrate_success 195011025
pgmigrate_success 195011025
pgmigrate_success 195011025
pgmigrate_success 195011025
pgmigrate_success 195011025
pgmigrate_success 195011025
pgmigrate_success 195011025
pgmigrate_success 195011025
pgmigrate_success 195011025
pgmigrate_success 195011025
pgmigrate_success 195011025
pgmigrate_success 195011025
pgmigrate_success 195011025
pgmigrate_success 195011025
pgmigrate_success 195011025
pgmigrate_success 195011025
pgmigrate_success 195011025
pgmigrate_success 195011025
pgmigrate_success 195011025
pgmigrate_success 195011025
pgmigrate_success 195011025
pgmigrate_success 195011025
pgmigrate_success 195011025
pgmigrate_success 195011025
pgmigrate_success 195011025
pgmigrate_success 195011025
pgmigrate_success 195011025
pgmigrate_success 195011025
pgmigrate_success 195011025
pgmigrate_success 195011025
pgmigrate_success 195011025
pgmigrate_success 195011025
pgmigrate_success 195011025
pgmigrate_success 195011025
pgmigrate_success 195011025
pgmigrate_success 195011025
pgmigrate_success 195011025
pgmigrate_success 195011025
pgmigrate_success 195011025
pgmigrate_success 195011025
pgmigrate_success 195011025
pgmigrate_success 195011025
pgmigrate_success 195011025
pgmigrate_success 195011025
pgmigrate_success 195011025
pgmigrate_success 195011025
pgmigrate_success 195011025
pgmigrate_success 195011025
pgmigrate_success 195011025
pgmigrate_success 195011025
pgmigrate_success 195011025
pgmigrate_success 195011025
pgmigrate_success 195011025
pgmigrate_success 195011025
pgmigrate_success 195011025
pgmigrate_success 195011025
pgmigrate_success 195011025
pgmigrate_success 195011025
pgmigrate_success 195011025
pgmigrate_success 195011025
pgmigrate_success 195011025
pgmigrate_success 195011025
pgmigrate_success 195011025
pgmigrate_success 195011025
pgmigrate_success 195011025
pgmigrate_success 195011025
pgmigrate_success 195011025
pgmigrate_success 195011025
pgmigrate_success 195011025
pgmigrate_success 195011025
pgmigrate_success 195011025
pgmigrate_success 195011025
pgmigrate_success 195011025
pgmigrate_success 195011025
pgmigrate_success 195011025
pgmigrate_success 195011025
pgmigrate_success 195011025
pgmigrate_success 195011025
pgmigrate_success 195011025
pgmigrate_success 195011025
pgmigrate_success 195011025
pgmigrate_success 195011025
pgmigrate_success 195011025
pgmigrate_success 195011025
pgmigrate_success 195011025
pgmigrate_success 195011025
pgmigrate_success 195011025
pgmigrate_success 195011025
pgmigrate_success 195011025
pgmigrate_success 195011025
pgmigrate_success 195011025
pgmigrate_success 195011025
pgmigrate_success 195011025
pgmigrate_success 195011025
pgmigrate_success 195011025
pgmigrate_success 195011025
pgmigrate_success 195011025
pgmigrate_success 195011025
pgmigrate_success 195011025
pgmigrate_success 195011025
pgmigrate_success 195011025
pgmigrate_success 195011025
pgmigrate_success 195011025
pgmigrate_success 195011025
pgmigrate_success 195011025
pgmigrate_success 195011025
pgmigrate_success 195011025
pgmigrate_success 195011025
pgmigrate_success 195011025
pgmigrate_success 195011025
pgmigrate_success 195011025
pgmigrate_success 195011025
pgmigrate_success 195011025
pgmigrate_success 195011025
pgmigrate_success 195011025
pgmigrate_success 195011025
pgmigrate_success 195011025
pgmigrate_success 195011025
pgmigrate_success 195011025
pgmigrate_success 195011025
pgmigrate_success 195011025
pgmigrate_success 195011025
pgmigrate_success 195011025
pgmigrate_success 195011025
pgmigrate_success 195011025
pgmigrate_success 195011025
pgmigrate_success 195011025
pgmigrate_success 195011025
pgmigrate_success 195011025
pgmigrate_success 195011025
pgmigrate_success 195011025
pgmigrate_success 195011025
pgmigrate_success 195011025
pgmigrate_success 195011025
pgmigrate_success 195011025
pgmigrate_success 195011025
pgmigrate_success 195011025
pgmigrate_success 195011025
pgmigrate_success 195011025
pgmigrate_success 195011025
pgmigrate_success 195011025
pgmigrate_success 195011025
pgmigrate_success 195011025
pgmigrate_success 195011025
pgmigrate_success 195011025
pgmigrate_success 195011025
pgmigrate_success 195011025
pgmigrate_success 195011025
pgmigrate_success 195011025
pgmigrate_success 195011025
pgmigrate_success 195011025
pgmigrate_success 195011025
pgmigrate_success 195011025
pgmigrate_success 195011025
pgmigrate_success 195011025
pgmigrate_success 195011025
pgmigrate_success 195011025
pgmigrate_success 195011025
pgmigrate_success 195011025
pgmigrate_success 195011025
pgmigrate_success 195011025
pgmigrate_success 195011025
pgmigrate_success 195011025
pgmigrate_success 195011025
pgmigrate_success 195011025
pgmigrate_success 195011025
pgmigrate_success 195011025
pgmigrate_success 195011025
pgmigrate_success 195011025
pgmigrate_success 195011025
pgmigrate_success 195011025
pgmigrate_success 195011025
pgmigrate_success 195011025
pgmigrate_success 195011025
pgmigrate_success 195011025
pgmigrate_success 195011025
pgmigrate_success 195011025
pgmigrate_success 195011025
pgmigrate_success 195011025
pgmigrate_success 195011025
pgmigrate_success 195011025
pgmigrate_success 195011025
pgmigrate_success 195011025
pgmigrate_success 195011025
pgmigrate_success 195011025
pgmigrate_success 195011025
pgmigrate_success 195011025
pgmigrate_success 195011025
pgmigrate_success 195011025
pgmigrate_success 195011025
pgmigrate_success 195011025
pgmigrate_success 195011025
pgmigrate_success 195011025
pgmigrate_success 195011025
pgmigrate_success 195011025
pgmigrate_success 195011025
pgmigrate_success 195011025
pgmigrate_success 195011025
pgmigrate_success 195011025
pgmigrate_success 195011025
pgmigrate_success 195011025
pgmigrate_success 195011025
pgmigrate_success 195011025
pgmigrate_success 195011025
pgmigrate_success 195011025
pgmigrate_success 195011025
pgmigrate_success 195011025
pgmigrate_success 195011025
pgmigrate_success 195011025
pgmigrate_success 195011025
pgmigrate_success 195011025
pgmigrate_success 195011025
pgmigrate_success 195011025
pgmigrate_success 195011025
pgmigrate_success 195011025
pgmigrate_success 195011025
pgmigrate_success 195011025
pgmigrate_success 195011025
pgmigrate_success 195011025
pgmigrate_success 195011025
pgmigrate_success 195011025
pgmigrate_success 195011025
pgmigrate_success 195011025
pgmigrate_success 195011025
pgmigrate_success 195011025
pgmigrate_success 195011025
pgmigrate_success 195011025
pgmigrate_success 195011025
pgmigrate_success 195011025
pgmigrate_success 195011025
pgmigrate_success 195011025
pgmigrate_success 195011025
pgmigrate_success 195011025
pgmigrate_success 195011025
pgmigrate_success 195011025
pgmigrate_success 195011025
pgmigrate_success 195011025
pgmigrate_success 195011025
pgmigrate_success 195011025
pgmigrate_success 195011025
pgmigrate_success 195011025
pgmigrate_success 195011025
pgmigrate_success 195011025
pgmigrate_success 195011025
pgmigrate_success 195011025
pgmigrate_success 195011025
pgmigrate_success 195011025
pgmigrate_success 195011025
pgmigrate_success 195011025
pgmigrate_success 195011025
pgmigrate_success 195011025
pgmigrate_success 195011025
pgmigrate_success 195011025
pgmigrate_success 195011025
pgmigrate_success 195011025
pgmigrate_success 195011025
pgmigrate_success 195011025
pgmigrate_success 195011025
pgmigrate_success 195011025
pgmigrate_success 195011025
pgmigrate_success 195011025
pgmigrate_success 195011025
pgmigrate_success 195011025
pgmigrate_success 195011025
pgmigrate_success 195011025
pgmigrate_success 195011025
pgmigrate_success 195011025
pgmigrate_success 195011025
pgmigrate_success 195011025
pgmigrate_success 195011025
pgmigrate_success 195011025
pgmigrate_success 195011025
pgmigrate_success 195011025
pgmigrate_success 195011025
pgmigrate_success 195011025
pgmigrate_success 195011025
pgmigrate_success 195011025
pgmigrate_success 195011025
pgmigrate_success 195011025
pgmigrate_success 195011025
pgmigrate_success 195011025
pgmigrate_success 195011025
pgmigrate_success 195011025
pgmigrate_success 195011025
pgmigrate_success 195011025
pgmigrate_success 195011025
pgmigrate_success 195011025
pgmigrate_success 195011025
pgmigrate_success 195011025
pgmigrate_success 195011025
pgmigrate_success 195011025
pgmigrate_success 195011025
pgmigrate_success 195011025
pgmigrate_success 195011025
pgmigrate_success 195011025
pgmigrate_success 195011025
pgmigrate_success 195011025
pgmigrate_success 195011025
pgmigrate_success 195011025
pgmigrate_success 195011025
pgmigrate_success 195011025
pgmigrate_success 195011025
pgmigrate_success 195011025
pgmigrate_success 195011025
pgmigrate_success 195011025
pgmigrate_success 195011025
pgmigrate_success 195011025
pgmigrate_success 195011025
pgmigrate_success 195011025
pgmigrate_success 195011025
pgmigrate_success 195011025
pgmigrate_success 195011025
pgmigrate_success 195011025
pgmigrate_success 195011025
pgmigrate_success 195011025
pgmigrate_success 195011025
pgmigrate_success 195011025
pgmigrate_success 195011025
pgmigrate_success 195011025
pgmigrate_success 195011025
pgmigrate_success 195011025
pgmigrate_success 195011025
pgmigrate_success 195011025
pgmigrate_success 195011025
pgmigrate_success 195011025
pgmigrate_success 195011025
pgmigrate_success 195011025
pgmigrate_success 195011025
pgmigrate_success 195011025
pgmigrate_success 195011025
pgmigrate_success 195011025
pgmigrate_success 195011025
pgmigrate_success 195011025
pgmigrate_success 195011025
pgmigrate_success 195011025
pgmigrate_success 195011025
pgmigrate_success 195011025
pgmigrate_success 195011025
pgmigrate_success 195011025
pgmigrate_success 195011025
pgmigrate_success 195011025
pgmigrate_success 195011025
pgmigrate_success 195011025
pgmigrate_success 195011025
pgmigrate_success 195011025
pgmigrate_success 195011025
pgmigrate_success 195011025
pgmigrate_success 195011025
pgmigrate_success 195011025
pgmigrate_success 195011025
pgmigrate_success 195011025
pgmigrate_success 195011025
pgmigrate_success 195011025
pgmigrate_success 195011025
pgmigrate_success 195011025
pgmigrate_success 195011025
pgmigrate_success 195011025
pgmigrate_success 195011025
pgmigrate_success 195011025
pgmigrate_success 195011025
pgmigrate_success 195011025
pgmigrate_success 195011025
pgmigrate_success 195011025
pgmigrate_success 195011025
pgmigrate_success 195011025
pgmigrate_success 195011025
pgmigrate_success 195011025
pgmigrate_success 195011025
pgmigrate_success 195011025
pgmigrate_success 195011025
pgmigrate_success 195011025
pgmigrate_success 195011025
pgmigrate_success 195011025
pgmigrate_success 195011025
pgmigrate_success 195011025
pgmigrate_success 195011025
pgmigrate_success 195011025
pgmigrate_success 195011025
pgmigrate_success 195011025
pgmigrate_success 195011025
pgmigrate_success 195011025
pgmigrate_success 195011025
pgmigrate_success 195011025
pgmigrate_success 195011025
pgmigrate_success 195011025
pgmigrate_success 195011025
pgmigrate_success 195011025
pgmigrate_success 195011025
pgmigrate_success 195011025
pgmigrate_success 195011025
pgmigrate_success 195011025
pgmigrate_success 195011025
pgmigrate_success 195011025
pgmigrate_success 195011025
pgmigrate_success 195011025
pgmigrate_success 195011025
pgmigrate_success 195011025
pgmigrate_success 195011025
pgmigrate_success 195011025
pgmigrate_success 195011025
pgmigrate_success 195011025
pgmigrate_success 195011025
pgmigrate_success 195011025
pgmigrate_success 195011025
pgmigrate_success 195011025
pgmigrate_success 195011025
pgmigrate_success 195011025
pgmigrate_success 195011025
pgmigrate_success 195011025
pgmigrate_success 195011025
pgmigrate_success 195011025
pgmigrate_success 195011025
pgmigrate_success 195011025
pgmigrate_success 195011025
pgmigrate_success 195011025
pgmigrate_success 195011025
pgmigrate_success 195011025
pgmigrate_success 195011025
pgmigrate_success 195011025
pgmigrate_success 195011025
pgmigrate_success 195011025
pgmigrate_success 195011025
pgmigrate_success 195011025
pgmigrate_success 195011025
pgmigrate_success 195011025
pgmigrate_success 195011025
pgmigrate_success 195011025
pgmigrate_success 195011025
pgmigrate_success 195011025
pgmigrate_success 195011025
pgmigrate_success 195011025
pgmigrate_success 195011025
pgmigrate_success 195011025
pgmigrate_success 195011025
pgmigrate_success 195011025
pgmigrate_success 195011025
pgmigrate_success 195011025
pgmigrate_success 195011025
pgmigrate_success 195011025
pgmigrate_success 195011025
pgmigrate_success 195011025
pgmigrate_success 195011025
pgmigrate_success 195011025
pgmigrate_success 195011025
pgmigrate_success 195011025
pgmigrate_success 195011025
pgmigrate_success 195011025
pgmigrate_success 195011025
pgmigrate_success 195011025
pgmigrate_success 195011025
pgmigrate_success 195011025
pgmigrate_success 195011025
pgmigrate_success 195011025
pgmigrate_success 195011025
pgmigrate_success 195011025
pgmigrate_success 195011025
pgmigrate_success 195011025
pgmigrate_success 195011025
pgmigrate_success 195011025
pgmigrate_success 195011025
pgmigrate_success 195011025
pgmigrate_success 195011025
pgmigrate_success 195011025
pgmigrate_success 195011025
pgmigrate_success 195011025
pgmigrate_success 195011025
pgmigrate_success 195011025
pgmigrate_success 195011025
pgmigrate_success 195011025
pgmigrate_success 195011025
pgmigrate_success 195011025
pgmigrate_success 195011025
pgmigrate_success 195011025
