anon 761856
anon_thp 0
anon 170127360
anon_thp 167772160
anon 251920384
anon_thp 249561088
anon 411299840
anon_thp 408944640
anon 547614720
anon_thp 545259520
anon 683929600
anon_thp 681574400
anon 885260288
anon_thp 882900992
anon 1067712512
anon_thp 1065353216
anon 1271631872
anon_thp 1266679808
anon 1475055616
anon_thp 1470103552
anon 1592496128
anon_thp 1587544064
anon 1802215424
anon_thp 1797259264
anon 1902878720
anon_thp 1897922560
anon 2016124928
anon_thp 2011168768
anon 2221641728
anon_thp 2216689664
anon 2261491712
anon_thp 2256535552
anon 2404093952
anon_thp 2399141888
anon 2618003456
anon_thp 2613051392
anon 2777387008
anon_thp 2772434944
anon 2905317376
anon_thp 2900361216
anon 3073081344
anon_thp 3068133376
anon 3192627200
anon_thp 3187671040
anon 3404431360
anon_thp 3399483392
anon 3570110464
anon_thp 3565158400
anon 3643510784
anon_thp 3638558720
anon 3855327232
anon_thp 3850371072
anon 4052455424
anon_thp 4047503360
anon 4075528192
anon_thp 4070572032
anon 4098596864
anon_thp 4093640704
anon 4184571904
anon_thp 4179623936
anon 4398481408
anon_thp 4393533440
anon 4557864960
anon_thp 4552916992
anon 4580937728
anon_thp 4575985664
anon 4713054208
anon_thp 4708106240
anon 4897603584
anon_thp 4892655616
anon 5071671296
anon_thp 5066719232
anon 5285584896
anon_thp 5280628736
anon 5440770048
anon_thp 5435817984
anon 5629513728
anon_thp 5624561664
anon 5841326080
anon_thp 5836374016
anon 5954568192
anon_thp 5949620224
anon 6168481792
anon_thp 6163529728
anon 6365618176
anon_thp 6360662016
anon 6462087168
anon_thp 6457131008
anon 6675992576
anon_thp 6671040512
anon 6885707776
anon_thp 6880755712
anon 7097520128
anon_thp 7092568064
anon 7290458112
anon_thp 7285506048
anon 7498080256
anon_thp 7493124096
anon 7703597056
anon_thp 7698644992
anon 7902826496
anon_thp 7897874432
anon 8112537600
anon_thp 8107589632
anon 8261443584
anon_thp 8256487424
anon 8443891712
anon_thp 8438939648
anon 8649412608
anon_thp 8644460544
anon 8789925888
anon_thp 8784969728
anon 8974475264
anon_thp 8969519104
anon 9175793664
anon_thp 9170845696
anon 9351958528
anon_thp 9347006464
anon 9544896512
anon_thp 9539944448
anon 9744125952
anon_thp 9739173888
anon 9947553792
anon_thp 9942597632
anon 10002071552
anon_thp 9997123584
anon 10142580736
anon_thp 10137632768
anon 10312458240
anon_thp 10307502080
anon 10356498432
anon_thp 10351542272
anon 10566213632
anon_thp 10561257472
anon 10742370304
anon_thp 10737418240
anon 10851422208
anon_thp 10846470144
anon 10905952256
anon_thp 10900996096
anon 11061141504
anon_thp 11056185344
anon 11115667456
anon_thp 11110711296
anon 11323281408
anon_thp 11318329344
anon 11533000704
anon_thp 11528044544
anon 11740610560
anon_thp 11735662592
anon 11797241856
anon_thp 11792285696
anon 11805626368
anon_thp 11800674304
anon 11843375104
anon_thp 11838423040
anon 11998568448
anon_thp 11993612288
anon 12197797888
anon_thp 12192841728
anon 12405411840
anon_thp 12400459776
anon 12600451072
anon_thp 12595494912
anon 12766121984
anon_thp 12761169920
anon 12973735936
anon_thp 12968787968
anon 13177163776
anon_thp 13172211712
anon 13263151104
anon_thp 13258194944
anon 13424627712
anon_thp 13419675648
anon 13634347008
anon_thp 13629390848
anon 13827284992
anon_thp 13822328832
anon 13959401472
anon_thp 13954449408
anon 14108299264
anon_thp 14103347200
anon 14280269824
anon_thp 14275313664
anon 14479495168
anon_thp 14474543104
anon 14624198656
anon_thp 14619246592
anon 14812942336
anon_thp 14807990272
anon 15014268928
anon_thp 15009316864
anon 15194624000
anon_thp 15189671936
anon 15402242048
anon_thp 15397289984
anon 15609860096
anon_thp 15604908032
anon 15819579392
anon_thp 15814623232
anon 15989440512
anon_thp 15984492544
anon 16136245248
anon_thp 16131293184
anon 16266268672
anon_thp 16261316608
anon 16354353152
anon_thp 16349396992
anon 16538902528
anon_thp 16533946368
anon 16715055104
anon_thp 16710107136
anon 16922681344
anon_thp 16917725184
anon 17079959552
anon_thp 17075011584
anon 17287581696
anon_thp 17282629632
anon 17329528832
anon_thp 17324572672
anon 17524559872
anon_thp 17519607808
anon 17732177920
anon_thp 17727225856
anon 17887367168
anon_thp 17882415104
anon 18548678656
anon_thp 18538823680
anon 19041939456
anon_thp 19031654400
anon 19039850496
anon_thp 19029557248
anon 19041939456
anon_thp 19031654400
anon 19039846400
anon_thp 19029557248
anon 19041943552
anon_thp 19031654400
anon 19041939456
anon_thp 19031654400
anon 19041943552
anon_thp 19031654400
anon 19041943552
anon_thp 19031654400
anon 19041943552
anon_thp 19031654400
anon 19041943552
anon_thp 19031654400
anon 19041947648
anon_thp 19031654400
anon 19041947648
anon_thp 19031654400
anon 19041939456
anon_thp 19031654400
anon 19041947648
anon_thp 19031654400
anon 19041947648
anon_thp 19031654400
anon 19041943552
anon_thp 19031654400
anon 19041947648
anon_thp 19031654400
anon 19041943552
anon_thp 19031654400
anon 19041939456
anon_thp 19031654400
anon 19041943552
anon_thp 19031654400
anon 19041943552
anon_thp 19031654400
anon 19041939456
anon_thp 19031654400
anon 19041947648
anon_thp 19031654400
anon 19041943552
anon_thp 19031654400
anon 19041947648
anon_thp 19031654400
anon 19041939456
anon_thp 19031654400
anon 19041943552
anon_thp 19031654400
anon 19041947648
anon_thp 19031654400
anon 19041943552
anon_thp 19031654400
anon 19041943552
anon_thp 19031654400
anon 19041947648
anon_thp 19031654400
anon 19041947648
anon_thp 19031654400
anon 19041947648
anon_thp 19031654400
anon 19041939456
anon_thp 19031654400
anon 19041943552
anon_thp 19031654400
anon 19041943552
anon_thp 19031654400
anon 19041947648
anon_thp 19031654400
anon 19041943552
anon_thp 19031654400
anon 19041943552
anon_thp 19031654400
anon 19041943552
anon_thp 19031654400
anon 19041947648
anon_thp 19031654400
anon 19041943552
anon_thp 19031654400
anon 19041943552
anon_thp 19031654400
anon 19041943552
anon_thp 19031654400
anon 19041943552
anon_thp 19031654400
anon 19041939456
anon_thp 19031654400
anon 19041943552
anon_thp 19031654400
anon 19041939456
anon_thp 19031654400
anon 19041939456
anon_thp 19031654400
anon 19041947648
anon_thp 19031654400
anon 19041947648
anon_thp 19031654400
anon 19041947648
anon_thp 19031654400
anon 19041947648
anon_thp 19031654400
anon 19041947648
anon_thp 19031654400
anon 19041943552
anon_thp 19031654400
anon 19041943552
anon_thp 19031654400
anon 19041939456
anon_thp 19031654400
anon 19041947648
anon_thp 19031654400
anon 19041943552
anon_thp 19031654400
anon 19039846400
anon_thp 19029557248
anon 19041947648
anon_thp 19031654400
anon 19041943552
anon_thp 19031654400
anon 19041943552
anon_thp 19031654400
anon 19041939456
anon_thp 19031654400
anon 19041939456
anon_thp 19031654400
anon 19041939456
anon_thp 19031654400
anon 19041943552
anon_thp 19031654400
anon 19041939456
anon_thp 19031654400
anon 19041943552
anon_thp 19031654400
anon 19041947648
anon_thp 19031654400
anon 19041947648
anon_thp 19031654400
anon 18088828928
anon_thp 18081644544
anon 19041947648
anon_thp 19031654400
anon 19041943552
anon_thp 19031654400
anon 19041943552
anon_thp 19031654400
anon 19041943552
anon_thp 19031654400
anon 19041943552
anon_thp 19031654400
anon 19041943552
anon_thp 19031654400
anon 19041939456
anon_thp 19031654400
anon 19041947648
anon_thp 19031654400
anon 19041947648
anon_thp 19031654400
anon 19041943552
anon_thp 19031654400
anon 19039846400
anon_thp 19029557248
anon 19041943552
anon_thp 19031654400
anon 19041943552
anon_thp 19031654400
anon 19041943552
anon_thp 19031654400
anon 19041943552
anon_thp 19031654400
anon 19041939456
anon_thp 19031654400
anon 19041943552
anon_thp 19031654400
anon 19041939456
anon_thp 19031654400
anon 19041947648
anon_thp 19031654400
anon 19041943552
anon_thp 19031654400
anon 19041947648
anon_thp 19031654400
anon 19041947648
anon_thp 19031654400
anon 19039846400
anon_thp 19029557248
anon 19041939456
anon_thp 19031654400
anon 19039846400
anon_thp 19029557248
anon 19041939456
anon_thp 19031654400
anon 19039850496
anon_thp 19029557248
anon 19041947648
anon_thp 19031654400
anon 19041943552
anon_thp 19031654400
anon 19041947648
anon_thp 19031654400
anon 19041947648
anon_thp 19031654400
anon 19041943552
anon_thp 19031654400
anon 19041943552
anon_thp 19031654400
anon 19041947648
anon_thp 19031654400
anon 19041943552
anon_thp 19031654400
anon 19041947648
anon_thp 19031654400
anon 19041943552
anon_thp 19031654400
anon 19041943552
anon_thp 19031654400
anon 19041943552
anon_thp 19031654400
anon 19041947648
anon_thp 19031654400
anon 19041943552
anon_thp 19031654400
anon 19041943552
anon_thp 19031654400
anon 19041947648
anon_thp 19031654400
anon 19041947648
anon_thp 19031654400
anon 19041939456
anon_thp 19031654400
anon 19041947648
anon_thp 19031654400
anon 19041947648
anon_thp 19031654400
anon 18290155520
anon_thp 18282971136
anon 19041943552
anon_thp 19031654400
anon 19041939456
anon_thp 19031654400
anon 19041943552
anon_thp 19031654400
anon 19041943552
anon_thp 19031654400
anon 19041943552
anon_thp 19031654400
anon 19041943552
anon_thp 19031654400
anon 19041947648
anon_thp 19031654400
anon 19041943552
anon_thp 19031654400
anon 19041943552
anon_thp 19031654400
anon 19041943552
anon_thp 19031654400
anon 19041943552
anon_thp 19031654400
anon 19041939456
anon_thp 19031654400
anon 19041943552
anon_thp 19031654400
anon 19041943552
anon_thp 19031654400
anon 19041939456
anon_thp 19031654400
anon 19041943552
anon_thp 19031654400
anon 19041939456
anon_thp 19031654400
anon 19041947648
anon_thp 19031654400
anon 19041947648
anon_thp 19031654400
anon 19041947648
anon_thp 19031654400
anon 19041943552
anon_thp 19031654400
anon 19041943552
anon_thp 19031654400
anon 19041947648
anon_thp 19031654400
anon 19007954944
anon_thp 18998099968
anon 19041947648
anon_thp 19031654400
anon 19041947648
anon_thp 19031654400
anon 19041943552
anon_thp 19031654400
anon 19041943552
anon_thp 19031654400
anon 19041943552
anon_thp 19031654400
anon 19041947648
anon_thp 19031654400
anon 19041947648
anon_thp 19031654400
anon 19041943552
anon_thp 19031654400
anon 19041943552
anon_thp 19031654400
anon 19041939456
anon_thp 19031654400
anon 19041947648
anon_thp 19031654400
anon 19041947648
anon_thp 19031654400
anon 19041947648
anon_thp 19031654400
anon 19041943552
anon_thp 19031654400
anon 19041943552
anon_thp 19031654400
anon 19041947648
anon_thp 19031654400
anon 19041943552
anon_thp 19031654400
anon 19039846400
anon_thp 19029557248
anon 19041947648
anon_thp 19031654400
anon 19041943552
anon_thp 19031654400
anon 19041943552
anon_thp 19031654400
anon 19039842304
anon_thp 19029557248
anon 19041947648
anon_thp 19031654400
anon 19041943552
anon_thp 19031654400
anon 19041947648
anon_thp 19031654400
anon 19041943552
anon_thp 19031654400
anon 19041939456
anon_thp 19031654400
anon 19041947648
anon_thp 19031654400
anon 19041943552
anon_thp 19031654400
anon 19041943552
anon_thp 19031654400
anon 19041943552
anon_thp 19031654400
anon 19041947648
anon_thp 19031654400
anon 19041943552
anon_thp 19031654400
anon 19041939456
anon_thp 19031654400
anon 19041943552
anon_thp 19031654400
anon 19041943552
anon_thp 19031654400
anon 19041939456
anon_thp 19031654400
anon 19039846400
anon_thp 19029557248
anon 19041947648
anon_thp 19031654400
anon 19041947648
anon_thp 19031654400
anon 19041943552
anon_thp 19031654400
anon 19041943552
anon_thp 19031654400
anon 19041947648
anon_thp 19031654400
anon 19041943552
anon_thp 19031654400
anon 19041943552
anon_thp 19031654400
anon 19041947648
anon_thp 19031654400
anon 19041943552
anon_thp 19031654400
anon 19041943552
anon_thp 19031654400
anon 19041943552
anon_thp 19031654400
anon 19041947648
anon_thp 19031654400
anon 19041939456
anon_thp 19031654400
anon 19041943552
anon_thp 19031654400
anon 19041943552
anon_thp 19031654400
anon 19041943552
anon_thp 19031654400
anon 19041943552
anon_thp 19031654400
anon 19041939456
anon_thp 19031654400
anon 19041943552
anon_thp 19031654400
anon 19041943552
anon_thp 19031654400
anon 19041943552
anon_thp 19031654400
anon 19041939456
anon_thp 19031654400
anon 19041943552
anon_thp 19031654400
anon 19041947648
anon_thp 19031654400
anon 19041943552
anon_thp 19031654400
anon 19041943552
anon_thp 19031654400
anon 19041943552
anon_thp 19031654400
anon 19041947648
anon_thp 19031654400
anon 19041943552
anon_thp 19031654400
anon 19041947648
anon_thp 19031654400
anon 19041947648
anon_thp 19031654400
anon 19041947648
anon_thp 19031654400
anon 19041943552
anon_thp 19031654400
anon 19041947648
anon_thp 19031654400
anon 18588524544
anon_thp 18578669568
anon 19041943552
anon_thp 19031654400
anon 19041943552
anon_thp 19031654400
anon 19041947648
anon_thp 19031654400
anon 19041947648
anon_thp 19031654400
anon 19041943552
anon_thp 19031654400
anon 19041943552
anon_thp 19031654400
anon 19041939456
anon_thp 19031654400
anon 19041939456
anon_thp 19031654400
anon 19041943552
anon_thp 19031654400
anon 19041947648
anon_thp 19031654400
anon 19041939456
anon_thp 19031654400
anon 19041943552
anon_thp 19031654400
anon 19041943552
anon_thp 19031654400
anon 19041943552
anon_thp 19031654400
anon 19041943552
anon_thp 19031654400
anon 19041943552
anon_thp 19031654400
anon 19041943552
anon_thp 19031654400
anon 19041943552
anon_thp 19031654400
anon 19041943552
anon_thp 19031654400
anon 19041947648
anon_thp 19031654400
anon 19039846400
anon_thp 19029557248
anon 19041943552
anon_thp 19031654400
anon 19041939456
anon_thp 19031654400
