pgmigrate_success 159090283
pgmigrate_fail 431854
thp_migration_success 206150
thp_migration_fail 44
thp_migration_split 0
thp_fault_alloc 332281
thp_fault_fallback 8326
thp_fault_fallback_charge 0
thp_collapse_alloc 375
thp_collapse_alloc_failed 0
thp_file_alloc 0
thp_file_fallback 0
thp_file_fallback_charge 0
thp_file_mapped 0
thp_split_page 1557
thp_split_page_failed 896
thp_deferred_split_page 2084
thp_split_pmd 5758
thp_split_pud 0
thp_zero_page_alloc 0
thp_zero_page_alloc_failed 0
thp_swpout 0
thp_swpout_fallback 0
htmm_nr_promoted 78664686
htmm_nr_demoted 73036555
htmm_nr_sampled 0
htmm_missed_dramread 1409
htmm_missed_nvmread 0
htmm_missed_write 0
htmm_alloc_dram 335106416
htmm_alloc_nvm 0
