anon 946176
anon_thp 0
anon 853942272
anon_thp 851443712
anon 853942272
anon_thp 851443712
anon 853946368
anon_thp 851443712
anon 853946368
anon_thp 851443712
anon 1032810496
anon_thp 1025507328
anon 1068462080
anon_thp 1061158912
anon 1487831040
anon_thp 1480589312
anon 2521731072
anon_thp 2514485248
anon 3551432704
anon_thp 3544186880
anon 4583227392
anon_thp 4575985664
anon 5615026176
anon_thp 5607784448
anon 6642630656
anon_thp 6635388928
anon 7674433536
anon_thp 7667187712
anon 8699940864
anon_thp 8692695040
anon 9735933952
anon_thp 9728688128
anon 10776117248
anon_thp 10768875520
anon 11816308736
anon_thp 11809062912
anon 12850200576
anon_thp 12842958848
anon 13884100608
anon_thp 13876854784
anon 14922186752
anon_thp 14914945024
anon 15962378240
anon_thp 15955132416
anon 17002561536
anon_thp 16995319808
anon 18040655872
anon_thp 18033410048
anon 19080835072
anon_thp 19073597440
anon 20121026560
anon_thp 20113784832
anon 21161218048
anon_thp 21153972224
anon 22201405440
anon_thp 22194159616
anon 23239491584
anon_thp 23232249856
anon 24277585920
anon_thp 24270340096
anon 25311477760
anon_thp 25304236032
anon 26201067520
anon_thp 26193428480
anon 26201071616
anon_thp 26193428480
anon 26201075712
anon_thp 26193428480
anon 26201071616
anon_thp 26193428480
anon 26201075712
anon_thp 26193428480
anon 26201075712
anon_thp 26193428480
anon 26201071616
anon_thp 26193428480
anon 26201075712
anon_thp 26193428480
anon 26201071616
anon_thp 26193428480
anon 26201075712
anon_thp 26193428480
anon 26201075712
anon_thp 26193428480
anon 26201071616
anon_thp 26193428480
anon 26201075712
anon_thp 26193428480
anon 26198974464
anon_thp 26191331328
anon 26201067520
anon_thp 26193428480
anon 26201071616
anon_thp 26193428480
anon 26201075712
anon_thp 26193428480
anon 26201075712
anon_thp 26193428480
anon 26198978560
anon_thp 26191331328
anon 26198970368
anon_thp 26191331328
anon 26201071616
anon_thp 26193428480
anon 26201071616
anon_thp 26193428480
anon 26201067520
anon_thp 26193428480
anon 26201071616
anon_thp 26193428480
anon 26201067520
anon_thp 26193428480
anon 26201071616
anon_thp 26193428480
anon 26201075712
anon_thp 26193428480
anon 26201071616
anon_thp 26193428480
anon 26201075712
anon_thp 26193428480
anon 26201071616
anon_thp 26193428480
anon 26201071616
anon_thp 26193428480
anon 26201071616
anon_thp 26193428480
anon 26201075712
anon_thp 26193428480
anon 26201071616
anon_thp 26193428480
anon 26201075712
anon_thp 26193428480
anon 26201071616
anon_thp 26193428480
anon 26201071616
anon_thp 26193428480
anon 26201075712
anon_thp 26193428480
anon 26201075712
anon_thp 26193428480
anon 26201067520
anon_thp 26193428480
anon 26201067520
anon_thp 26193428480
anon 26201071616
anon_thp 26193428480
anon 26201075712
anon_thp 26193428480
anon 26201067520
anon_thp 26193428480
anon 26201071616
anon_thp 26193428480
anon 26201067520
anon_thp 26193428480
anon 26201071616
anon_thp 26193428480
anon 26201067520
anon_thp 26193428480
anon 26201075712
anon_thp 26193428480
anon 26201075712
anon_thp 26193428480
anon 26201071616
anon_thp 26193428480
anon 26201071616
anon_thp 26193428480
anon 26201071616
anon_thp 26193428480
anon 26201071616
anon_thp 26193428480
anon 26201067520
anon_thp 26193428480
anon 26201075712
anon_thp 26193428480
anon 26201071616
anon_thp 26193428480
anon 26201075712
anon_thp 26193428480
anon 26201071616
anon_thp 26193428480
anon 26201075712
anon_thp 26193428480
anon 26201075712
anon_thp 26193428480
anon 26201071616
anon_thp 26193428480
anon 26201075712
anon_thp 26193428480
anon 26201071616
anon_thp 26193428480
anon 26201075712
anon_thp 26193428480
anon 26201067520
anon_thp 26193428480
anon 26201075712
anon_thp 26193428480
anon 26201071616
anon_thp 26193428480
anon 26198974464
anon_thp 26191331328
anon 26198974464
anon_thp 26191331328
anon 26201071616
anon_thp 26193428480
anon 26201071616
anon_thp 26193428480
anon 26201071616
anon_thp 26193428480
anon 26201075712
anon_thp 26193428480
anon 26201075712
anon_thp 26193428480
anon 26201075712
anon_thp 26193428480
anon 26201071616
anon_thp 26193428480
anon 26201071616
anon_thp 26193428480
anon 26201071616
anon_thp 26193428480
anon 26201071616
anon_thp 26193428480
anon 26201071616
anon_thp 26193428480
anon 26201067520
anon_thp 26193428480
anon 26201071616
anon_thp 26193428480
anon 26201071616
anon_thp 26193428480
anon 26201071616
anon_thp 26193428480
anon 26201075712
anon_thp 26193428480
anon 26201071616
anon_thp 26193428480
anon 26201075712
anon_thp 26193428480
anon 26201071616
anon_thp 26193428480
anon 26201075712
anon_thp 26193428480
anon 26201071616
anon_thp 26193428480
anon 26201071616
anon_thp 26193428480
anon 26201067520
anon_thp 26193428480
anon 26201071616
anon_thp 26193428480
anon 26201071616
anon_thp 26193428480
anon 26201075712
anon_thp 26193428480
anon 26201067520
anon_thp 26193428480
anon 26201075712
anon_thp 26193428480
anon 26201071616
anon_thp 26193428480
anon 26201071616
anon_thp 26193428480
anon 26201071616
anon_thp 26193428480
anon 26201071616
anon_thp 26193428480
anon 26201067520
anon_thp 26193428480
anon 26201071616
anon_thp 26193428480
anon 26201075712
anon_thp 26193428480
anon 26201071616
anon_thp 26193428480
anon 26201071616
anon_thp 26193428480
anon 26201075712
anon_thp 26193428480
anon 26201067520
anon_thp 26193428480
anon 26201067520
anon_thp 26193428480
anon 26201075712
anon_thp 26193428480
anon 26201075712
anon_thp 26193428480
anon 26201071616
anon_thp 26193428480
anon 26201071616
anon_thp 26193428480
anon 26201071616
anon_thp 26193428480
anon 26201075712
anon_thp 26193428480
anon 26201071616
anon_thp 26193428480
anon 26198978560
anon_thp 26191331328
anon 26201075712
anon_thp 26193428480
anon 26201071616
anon_thp 26193428480
anon 26201067520
anon_thp 26193428480
anon 26201071616
anon_thp 26193428480
anon 26201075712
anon_thp 26193428480
anon 26198974464
anon_thp 26191331328
anon 26201075712
anon_thp 26193428480
anon 1024000
anon_thp 0
