anon 921600
anon_thp 0
anon 853950464
anon_thp 851443712
anon 853946368
anon_thp 851443712
anon 853942272
anon_thp 851443712
anon 853942272
anon_thp 851443712
anon 1032687616
anon_thp 1025507328
anon 1068343296
anon_thp 1061158912
anon 1525460992
anon_thp 1518338048
anon 2567741440
anon_thp 2560622592
anon 3607928832
anon_thp 3600809984
anon 4648116224
anon_thp 4640997376
anon 5702987776
anon_thp 5695864832
anon 6751559680
anon_thp 6744440832
anon 7795945472
anon_thp 7788822528
anon 8840323072
anon_thp 8833204224
anon 9882603520
anon_thp 9875488768
anon 10922795008
anon_thp 10915676160
anon 11967172608
anon_thp 11960057856
anon 13011562496
anon_thp 13004439552
anon 14053847040
anon_thp 14046724096
anon 15094026240
anon_thp 15086911488
anon 16136318976
anon_thp 16129196032
anon 17176502272
anon_thp 17169383424
anon 18258636800
anon_thp 18251513856
anon 19349151744
anon_thp 19342032896
anon 20439670784
anon_thp 20432551936
anon 21486145536
anon_thp 21479030784
anon 22528438272
anon_thp 22521315328
anon 23570718720
anon_thp 23563599872
anon 24615100416
anon_thp 24607981568
anon 25651093504
anon_thp 25643974656
anon 26201071616
anon_thp 26193428480
anon 26196877312
anon_thp 26189234176
anon 26198974464
anon_thp 26191331328
anon 26201071616
anon_thp 26193428480
anon 26201075712
anon_thp 26193428480
anon 26201075712
anon_thp 26193428480
anon 26201071616
anon_thp 26193428480
anon 26201071616
anon_thp 26193428480
anon 26201071616
anon_thp 26193428480
anon 26201071616
anon_thp 26193428480
anon 26201071616
anon_thp 26193428480
anon 26201071616
anon_thp 26193428480
anon 26201071616
anon_thp 26193428480
anon 26201075712
anon_thp 26193428480
anon 26201071616
anon_thp 26193428480
anon 26201071616
anon_thp 26193428480
anon 26201067520
anon_thp 26193428480
anon 26201071616
anon_thp 26193428480
anon 26201075712
anon_thp 26193428480
anon 26201071616
anon_thp 26193428480
anon 26201071616
anon_thp 26193428480
anon 26201075712
anon_thp 26193428480
anon 26201067520
anon_thp 26193428480
anon 26201071616
anon_thp 26193428480
anon 26201075712
anon_thp 26193428480
anon 26201071616
anon_thp 26193428480
anon 26201075712
anon_thp 26193428480
anon 26201071616
anon_thp 26193428480
anon 26201075712
anon_thp 26193428480
anon 26201071616
anon_thp 26193428480
anon 26201075712
anon_thp 26193428480
anon 26201071616
anon_thp 26193428480
anon 26201071616
anon_thp 26193428480
anon 26201071616
anon_thp 26193428480
anon 26201075712
anon_thp 26193428480
anon 26201071616
anon_thp 26193428480
anon 26201071616
anon_thp 26193428480
anon 26201071616
anon_thp 26193428480
anon 26201067520
anon_thp 26193428480
anon 26201067520
anon_thp 26193428480
anon 26201071616
anon_thp 26193428480
anon 26201071616
anon_thp 26193428480
anon 26201071616
anon_thp 26193428480
anon 26201075712
anon_thp 26193428480
anon 26201071616
anon_thp 26193428480
anon 26201071616
anon_thp 26193428480
anon 26201075712
anon_thp 26193428480
anon 26201071616
anon_thp 26193428480
anon 26201071616
anon_thp 26193428480
anon 26201067520
anon_thp 26193428480
anon 26201075712
anon_thp 26193428480
anon 26201067520
anon_thp 26193428480
anon 26201071616
anon_thp 26193428480
anon 26201075712
anon_thp 26193428480
anon 26201075712
anon_thp 26193428480
anon 26201075712
anon_thp 26193428480
anon 26201071616
anon_thp 26193428480
anon 26201071616
anon_thp 26193428480
anon 26201075712
anon_thp 26193428480
anon 26201075712
anon_thp 26193428480
anon 26201071616
anon_thp 26193428480
anon 26201071616
anon_thp 26193428480
anon 26201071616
anon_thp 26193428480
anon 26201067520
anon_thp 26193428480
anon 26201071616
anon_thp 26193428480
anon 26201071616
anon_thp 26193428480
anon 26201071616
anon_thp 26193428480
anon 26201071616
anon_thp 26193428480
anon 26201071616
anon_thp 26193428480
anon 26201075712
anon_thp 26193428480
anon 26201075712
anon_thp 26193428480
anon 26201067520
anon_thp 26193428480
anon 26201071616
anon_thp 26193428480
anon 26201071616
anon_thp 26193428480
anon 26201071616
anon_thp 26193428480
anon 26201071616
anon_thp 26193428480
anon 26201071616
anon_thp 26193428480
anon 26201071616
anon_thp 26193428480
anon 26201075712
anon_thp 26193428480
anon 26201075712
anon_thp 26193428480
anon 26201071616
anon_thp 26193428480
anon 26201075712
anon_thp 26193428480
anon 26201071616
anon_thp 26193428480
anon 26201071616
anon_thp 26193428480
anon 26201075712
anon_thp 26193428480
anon 26201075712
anon_thp 26193428480
anon 26201071616
anon_thp 26193428480
anon 26201075712
anon_thp 26193428480
anon 26201067520
anon_thp 26193428480
anon 26201071616
anon_thp 26193428480
anon 26201075712
anon_thp 26193428480
anon 26201071616
anon_thp 26193428480
anon 26201067520
anon_thp 26193428480
anon 26201071616
anon_thp 26193428480
anon 26201071616
anon_thp 26193428480
anon 26201075712
anon_thp 26193428480
anon 26201071616
anon_thp 26193428480
anon 26201075712
anon_thp 26193428480
anon 26201071616
anon_thp 26193428480
anon 26201071616
anon_thp 26193428480
anon 26201071616
anon_thp 26193428480
anon 26201071616
anon_thp 26193428480
anon 26201075712
anon_thp 26193428480
anon 26201075712
anon_thp 26193428480
anon 26201071616
anon_thp 26193428480
anon 26201071616
anon_thp 26193428480
anon 26201075712
anon_thp 26193428480
anon 26201071616
anon_thp 26193428480
anon 26201075712
anon_thp 26193428480
anon 26201071616
anon_thp 26193428480
anon 26201071616
anon_thp 26193428480
anon 26201067520
anon_thp 26193428480
anon 26201071616
anon_thp 26193428480
anon 26201075712
anon_thp 26193428480
anon 26201075712
anon_thp 26193428480
anon 26201071616
anon_thp 26193428480
anon 26201075712
anon_thp 26193428480
anon 26201071616
anon_thp 26193428480
anon 26201067520
anon_thp 26193428480
anon 26201071616
anon_thp 26193428480
anon 26201071616
anon_thp 26193428480
anon 26201067520
anon_thp 26193428480
anon 26201075712
anon_thp 26193428480
anon 26201075712
anon_thp 26193428480
anon 26201075712
anon_thp 26193428480
anon 26201071616
anon_thp 26193428480
anon 26201071616
anon_thp 26193428480
anon 26201067520
anon_thp 26193428480
