pgmigrate_success 117239125
pgmigrate_success 117283678
pgmigrate_success 117447134
pgmigrate_success 117447207
pgmigrate_success 117447213
pgmigrate_success 117483173
pgmigrate_success 117498711
pgmigrate_success 117537148
pgmigrate_success 117699969
pgmigrate_success 117828483
pgmigrate_success 118002261
pgmigrate_success 118114674
pgmigrate_success 118114674
pgmigrate_success 118114674
pgmigrate_success 118114674
pgmigrate_success 118114674
pgmigrate_success 118114674
pgmigrate_success 118114674
pgmigrate_success 118114674
pgmigrate_success 118114674
pgmigrate_success 118114674
pgmigrate_success 118114674
pgmigrate_success 118114674
pgmigrate_success 118114674
pgmigrate_success 118114674
pgmigrate_success 118114674
pgmigrate_success 118114674
pgmigrate_success 118114674
pgmigrate_success 118114674
pgmigrate_success 118114674
pgmigrate_success 118201714
pgmigrate_success 118672758
pgmigrate_success 118985612
pgmigrate_success 119265679
pgmigrate_success 119413137
pgmigrate_success 119413137
pgmigrate_success 119413137
pgmigrate_success 119413364
pgmigrate_success 119413449
pgmigrate_success 119413688
pgmigrate_success 119413727
pgmigrate_success 119413783
pgmigrate_success 119414444
pgmigrate_success 119414466
pgmigrate_success 119414467
pgmigrate_success 119414471
pgmigrate_success 119414473
pgmigrate_success 119454434
pgmigrate_success 119454437
pgmigrate_success 119454440
pgmigrate_success 119454440
pgmigrate_success 119454449
pgmigrate_success 119454455
pgmigrate_success 119454461
pgmigrate_success 119454464
pgmigrate_success 119454482
pgmigrate_success 119454494
pgmigrate_success 119454497
pgmigrate_success 119454576
pgmigrate_success 119454579
pgmigrate_success 119454579
pgmigrate_success 119454579
pgmigrate_success 119454579
pgmigrate_success 119454579
pgmigrate_success 119454579
pgmigrate_success 119454585
pgmigrate_success 119454585
pgmigrate_success 119454585
pgmigrate_success 119454585
pgmigrate_success 119454588
pgmigrate_success 119454588
pgmigrate_success 119454588
pgmigrate_success 119454588
pgmigrate_success 119454588
pgmigrate_success 119454791
pgmigrate_success 119454800
pgmigrate_success 119454803
pgmigrate_success 119454806
pgmigrate_success 119454806
pgmigrate_success 119454806
pgmigrate_success 119454809
pgmigrate_success 119454812
pgmigrate_success 119454812
pgmigrate_success 119454812
pgmigrate_success 119454815
pgmigrate_success 119454818
pgmigrate_success 119454818
pgmigrate_success 119454818
pgmigrate_success 119454824
pgmigrate_success 119454830
pgmigrate_success 119454836
pgmigrate_success 119454839
pgmigrate_success 119454839
pgmigrate_success 119454845
pgmigrate_success 119454848
pgmigrate_success 119454851
pgmigrate_success 119454851
pgmigrate_success 119454851
pgmigrate_success 119454851
pgmigrate_success 119454854
pgmigrate_success 119454854
pgmigrate_success 119454854
pgmigrate_success 119454860
pgmigrate_success 119454860
pgmigrate_success 119454860
pgmigrate_success 119454860
pgmigrate_success 119454932
pgmigrate_success 119454932
pgmigrate_success 119454932
pgmigrate_success 119454938
pgmigrate_success 119454938
pgmigrate_success 119454941
pgmigrate_success 119454947
pgmigrate_success 119454950
pgmigrate_success 119454950
pgmigrate_success 119454950
pgmigrate_success 119454950
pgmigrate_success 119454950
pgmigrate_success 119454953
pgmigrate_success 119454953
pgmigrate_success 119454953
pgmigrate_success 119454953
pgmigrate_success 119454956
pgmigrate_success 119454956
pgmigrate_success 119454956
pgmigrate_success 119454956
pgmigrate_success 119454956
pgmigrate_success 119454956
pgmigrate_success 119454956
pgmigrate_success 119454959
pgmigrate_success 119454965
pgmigrate_success 119454965
pgmigrate_success 119454965
pgmigrate_success 119454965
pgmigrate_success 119454965
pgmigrate_success 119454968
pgmigrate_success 119454968
pgmigrate_success 119454968
pgmigrate_success 119455030
pgmigrate_success 119455030
pgmigrate_success 119455030
pgmigrate_success 119455030
pgmigrate_success 119455030
pgmigrate_success 119455030
pgmigrate_success 119455030
pgmigrate_success 119455033
pgmigrate_success 119455037
pgmigrate_success 119455037
pgmigrate_success 119455037
pgmigrate_success 119455040
pgmigrate_success 119455040
pgmigrate_success 119455040
pgmigrate_success 119455040
pgmigrate_success 119455040
pgmigrate_success 119455552
pgmigrate_success 119456065
pgmigrate_success 119456065
pgmigrate_success 119456065
pgmigrate_success 119456065
