pgmigrate_success 108998688
pgmigrate_fail 229178
thp_migration_success 189422
thp_migration_fail 53
thp_migration_split 0
thp_fault_alloc 241384
thp_fault_fallback 0
thp_fault_fallback_charge 0
thp_collapse_alloc 34534
thp_collapse_alloc_failed 763
thp_file_alloc 256
thp_file_fallback 0
thp_file_fallback_charge 0
thp_file_mapped 0
thp_split_page 2536
thp_split_page_failed 389
thp_deferred_split_page 32446
thp_split_pmd 113101
thp_split_pud 0
thp_zero_page_alloc 0
thp_zero_page_alloc_failed 0
thp_swpout 0
thp_swpout_fallback 0
htmm_nr_promoted 86071118
htmm_nr_demoted 20989512
htmm_nr_sampled 0
htmm_missed_dramread 1030
htmm_missed_nvmread 0
htmm_missed_write 0
htmm_alloc_dram 206105224
htmm_alloc_nvm 0
