anon 0
anon_thp 0
anon 266981376
anon_thp 266338304
anon 542941184
anon_thp 538968064
anon 821862400
anon_thp 817889280
anon 1100783616
anon_thp 1096810496
anon 1379704832
anon_thp 1375731712
anon 1656528896
anon_thp 1652555776
anon 1933352960
anon_thp 1929379840
anon 2210177024
anon_thp 2206203904
anon 2491195392
anon_thp 2487222272
anon 2778505216
anon_thp 2774532096
anon 3055329280
anon_thp 3051356160
anon 3334250496
anon_thp 3330277376
anon 3617366016
anon_thp 3613392896
anon 3900481536
anon_thp 3896508416
anon 4185694208
anon_thp 4181721088
anon 4464615424
anon_thp 4460642304
anon 4739342336
anon_thp 4735369216
anon 5020360704
anon_thp 5016387584
anon 5299281920
anon_thp 5295308800
anon 5580300288
anon_thp 5576327168
anon 5859221504
anon_thp 5855248384
anon 6138142720
anon_thp 6134169600
anon 6859440128
anon_thp 6851395584
anon 6859440128
anon_thp 6851395584
anon 6941929472
anon_thp 6933184512
anon 7222947840
anon_thp 7214202880
anon 7501869056
anon_thp 7493124096
anon 7784984576
anon_thp 7776239616
anon 8072294400
anon_thp 8063549440
anon 8351215616
anon_thp 8342470656
anon 8634331136
anon_thp 8625586176
anon 8917446656
anon_thp 8908701696
anon 9202659328
anon_thp 9193914368
anon 9481580544
anon_thp 9472835584
anon 9758404608
anon_thp 9749659648
anon 10041520128
anon_thp 10032775168
anon 10324635648
anon_thp 10315890688
anon 10607751168
anon_thp 10599006208
anon 10884575232
anon_thp 10875830272
anon 11161399296
anon_thp 11152654336
anon 11444514816
anon_thp 11435769856
anon 11725533184
anon_thp 11716788224
anon 12000260096
anon_thp 11991515136
anon 12274987008
anon_thp 12266242048
anon 12549713920
anon_thp 12540968960
anon 13440253952
anon_thp 13425967104
anon 13952307200
anon_thp 13933477888
anon 13977473024
anon_thp 13958643712
anon 13992153088
anon_thp 13973323776
anon 14008930304
anon_thp 13990100992
anon 14023610368
anon_thp 14004781056
anon 14031998976
anon_thp 14013169664
anon 14042484736
anon_thp 14023655424
anon 14044581888
anon_thp 14025752576
anon 14044581888
anon_thp 14025752576
anon 14044581888
anon_thp 14025752576
anon 13922947072
anon_thp 13904117760
anon 13971181568
anon_thp 13952352256
anon 13985861632
anon_thp 13967032320
anon 13998444544
anon_thp 13979615232
anon 14008930304
anon_thp 13990100992
anon 14023610368
anon_thp 14004781056
anon 14034096128
anon_thp 14015266816
anon 14044581888
anon_thp 14025752576
anon 14044581888
anon_thp 14025752576
anon 14044581888
anon_thp 14025752576
anon 14044581888
anon_thp 14025752576
anon 13931335680
anon_thp 13912506368
anon 13979570176
anon_thp 13960740864
anon 14000541696
anon_thp 13981712384
anon 14013124608
anon_thp 13994295296
anon 14023610368
anon_thp 14004781056
anon 14036193280
anon_thp 14017363968
anon 14044581888
anon_thp 14025752576
anon 14044581888
anon_thp 14025752576
anon 14044581888
anon_thp 14025752576
anon 13592711168
anon_thp 13576962048
anon 13952307200
anon_thp 13933477888
anon 13987958784
anon_thp 13969129472
anon 14006833152
anon_thp 13988003840
anon 14017318912
anon_thp 13998489600
anon 14027804672
anon_thp 14008975360
anon 14040387584
anon_thp 14021558272
anon 14044581888
anon_thp 14025752576
anon 14044581888
anon_thp 14025752576
anon 14044581888
anon_thp 14025752576
anon 13935529984
anon_thp 13916700672
anon 13971181568
anon_thp 13952352256
anon 13985861632
anon_thp 13967032320
anon 14011027456
anon_thp 13992198144
anon 14023610368
anon_thp 14004781056
anon 14036193280
anon_thp 14017363968
anon 14044581888
anon_thp 14025752576
anon 14044581888
anon_thp 14025752576
anon 14044581888
anon_thp 14025752576
anon 13912461312
anon_thp 13893632000
anon 13973278720
anon_thp 13954449408
anon 13996347392
anon_thp 13977518080
anon 14011027456
anon_thp 13992198144
anon 14025707520
anon_thp 14006878208
anon 14040387584
anon_thp 14021558272
anon 14044581888
anon_thp 14025752576
anon 14044581888
anon_thp 14025752576
anon 14044581888
anon_thp 14025752576
anon 13922947072
anon_thp 13904117760
anon 13973278720
anon_thp 13954449408
anon 14004736000
anon_thp 13985906688
anon 14019416064
anon_thp 14000586752
anon 14031998976
anon_thp 14013169664
anon 14044581888
anon_thp 14025752576
anon 14044581888
anon_thp 14025752576
anon 14045368320
anon_thp 14029946880
anon 13699342336
anon_thp 13688111104
anon 13959385088
anon_thp 13946060800
anon 13995036672
anon_thp 13981712384
anon 14016008192
anon_thp 14002683904
anon 14028591104
anon_thp 14011072512
anon 14041174016
anon_thp 14027849728
anon 14045368320
anon_thp 14032044032
anon 14045368320
anon_thp 14032044032
anon 14045368320
anon_thp 14032044032
anon 13940510720
anon_thp 13925089280
anon 13976162304
anon_thp 13960740864
anon 13995036672
anon_thp 13979615232
anon 14009716736
anon_thp 13994295296
anon 14028591104
anon_thp 14013169664
anon 14043271168
anon_thp 14027849728
anon 14045368320
anon_thp 14029946880
anon 14045368320
anon_thp 14029946880
anon 14045368320
anon_thp 14029946880
anon 13927927808
anon_thp 13912506368
anon 13971968000
anon_thp 13956546560
anon 14001328128
anon_thp 13985906688
anon 14016008192
anon_thp 14000586752
anon 14028591104
anon_thp 14013169664
anon 14043271168
anon_thp 14027849728
anon 14045368320
anon_thp 14029946880
anon 14045368320
anon_thp 14029946880
anon 14045368320
anon_thp 14029946880
