pgmigrate_success 11664658
pgmigrate_fail 187826
thp_migration_success 16282
thp_migration_fail 1
thp_migration_split 0
thp_fault_alloc 120740
thp_fault_fallback 0
thp_fault_fallback_charge 0
thp_collapse_alloc 15276
thp_collapse_alloc_failed 91772
thp_file_alloc 151
thp_file_fallback 0
thp_file_fallback_charge 0
thp_file_mapped 0
thp_split_page 4516
thp_split_page_failed 700
thp_deferred_split_page 15482
thp_split_pmd 40442
thp_split_pud 0
thp_zero_page_alloc 0
thp_zero_page_alloc_failed 0
thp_swpout 0
thp_swpout_fallback 0
htmm_nr_promoted 9259878
htmm_nr_demoted 1107017
htmm_nr_sampled 0
htmm_missed_dramread 4195
htmm_missed_nvmread 0
htmm_missed_write 0
htmm_alloc_dram 103436967
htmm_alloc_nvm 0
