anon 0
anon_thp 0
anon 270569472
anon_thp 268435456
anon 546529280
anon_thp 543162368
anon 823353344
anon_thp 819986432
anon 1100177408
anon_thp 1096810496
anon 1374904320
anon_thp 1371537408
anon 1651728384
anon_thp 1648361472
anon 1930649600
anon_thp 1927282688
anon 2207473664
anon_thp 2204106752
anon 2484297728
anon_thp 2480930816
anon 2761121792
anon_thp 2757754880
anon 3044237312
anon_thp 3040870400
anon 3321061376
anon_thp 3317694464
anon 3595788288
anon_thp 3592421376
anon 3870515200
anon_thp 3867148288
anon 4149436416
anon_thp 4146069504
anon 4422066176
anon_thp 4418699264
anon 4700987392
anon_thp 4697620480
anon 4979908608
anon_thp 4976541696
anon 5267218432
anon_thp 5263851520
anon 5544042496
anon_thp 5540675584
anon 5825060864
anon_thp 5821693952
anon 6103982080
anon_thp 6100615168
anon 6533173248
anon_thp 6528434176
anon 6859436032
anon_thp 6853492736
anon 6907764736
anon_thp 6901727232
anon 7184588800
anon_thp 7178551296
anon 7465607168
anon_thp 7459569664
anon 7746625536
anon_thp 7740588032
anon 8027643904
anon_thp 8021606400
anon 8314953728
anon_thp 8308916224
anon 8600166400
anon_thp 8594128896
anon 8883281920
anon_thp 8877244416
anon 9168494592
anon_thp 9162457088
anon 9447415808
anon_thp 9441378304
anon 9724239872
anon_thp 9718202368
anon 10005258240
anon_thp 9999220736
anon 10288373760
anon_thp 10282336256
anon 10565197824
anon_thp 10559160320
anon 10837827584
anon_thp 10831790080
anon 11116748800
anon_thp 11110711296
anon 11399864320
anon_thp 11393826816
anon 11685076992
anon_thp 11679039488
anon 11961901056
anon_thp 11955863552
anon 12238725120
anon_thp 12232687616
anon 12511354880
anon_thp 12505317376
anon 12918054912
anon_thp 12907970560
anon 13943308288
anon_thp 13922992128
anon 13972668416
anon_thp 13952352256
anon 13987348480
anon_thp 13967032320
anon 13999931392
anon_thp 13979615232
anon 14018805760
anon_thp 13998489600
anon 14031388672
anon_thp 14011072512
anon 14041874432
anon_thp 14021558272
anon 14041874432
anon_thp 14021558272
anon 14043971584
anon_thp 14023655424
anon 13198131200
anon_thp 13184794624
anon 13947502592
anon_thp 13927186432
anon 13976862720
anon_thp 13956546560
anon 13989445632
anon_thp 13969129472
anon 14002028544
anon_thp 13981712384
anon 14018805760
anon_thp 13998489600
anon 14031388672
anon_thp 14011072512
anon 14043971584
anon_thp 14023655424
anon 14043971584
anon_thp 14023655424
anon 14043971584
anon_thp 14023655424
anon 13926531072
anon_thp 13906214912
anon 13985251328
anon_thp 13964935168
anon 14012514304
anon_thp 13992198144
anon 14031388672
anon_thp 14011072512
anon 14043971584
anon_thp 14023655424
anon 14043971584
anon_thp 14023655424
anon 14043971584
anon_thp 14023655424
anon 13934919680
anon_thp 13914603520
anon 13978959872
anon_thp 13958643712
anon 14002028544
anon_thp 13981712384
anon 14014611456
anon_thp 13994295296
anon 14025097216
anon_thp 14004781056
anon 14041874432
anon_thp 14021558272
anon 14043971584
anon_thp 14023655424
anon 14043971584
anon_thp 14023655424
anon 13571129344
anon_thp 13555990528
anon 13955891200
anon_thp 13935575040
anon 13976862720
anon_thp 13956546560
anon 13995737088
anon_thp 13975420928
anon 14016708608
anon_thp 13996392448
anon 14029291520
anon_thp 14008975360
anon 13838999552
anon_thp 13820231680
anon 14043971584
anon_thp 14023655424
anon 14043971584
anon_thp 14023655424
anon 13600489472
anon_thp 13585350656
anon 13957988352
anon_thp 13937672192
anon 13989445632
anon_thp 13969129472
anon 14004125696
anon_thp 13983809536
anon 14018805760
anon_thp 13998489600
anon 14033485824
anon_thp 14013169664
anon 14043971584
anon_thp 14023655424
anon 14043971584
anon_thp 14023655424
anon 14043971584
anon_thp 14023655424
anon 13911851008
anon_thp 13891534848
anon 13957988352
anon_thp 13937672192
anon 13995737088
anon_thp 13975420928
anon 14014611456
anon_thp 13994295296
anon 14027194368
anon_thp 14006878208
anon 14043971584
anon_thp 14023655424
anon 14043971584
anon_thp 14023655424
anon 14045364224
anon_thp 14027849728
anon 13536870400
anon_thp 13524533248
anon 13946798080
anon_thp 13929283584
anon 13986643968
anon_thp 13872660480
anon 14009712640
anon_thp 13889437696
anon 14026489856
anon_thp 14008975360
anon 14041169920
anon_thp 14023655424
anon 14045364224
anon_thp 14027849728
anon 14045364224
anon_thp 14027849728
anon 13503315968
anon_thp 13490978816
anon 13959380992
anon_thp 13941866496
anon 13988741120
anon_thp 13971226624
anon 14007615488
anon_thp 13990100992
anon 14032781312
anon_thp 14015266816
anon 14045364224
anon_thp 14027849728
anon 14045364224
anon_thp 14027849728
anon 14045364224
anon_thp 14027849728
anon 13921632256
anon_thp 13904117760
anon 13980352512
anon_thp 13962838016
anon 14007615488
anon_thp 13990100992
anon 14022295552
anon_thp 14004781056
anon 14039072768
anon_thp 14021558272
anon 14045364224
anon_thp 14027849728
anon 14045364224
anon_thp 14027849728
anon 6369304576
anon_thp 6360662016
