hot 38105381 warm 41436797 cold 57573206
hot 38105359 warm 41436797 cold 57573206
hot 38105355 warm 41436797 cold 57573206
hot 38105351 warm 41436797 cold 57573206
hot 38105347 warm 41436797 cold 57573206
hot 38105343 warm 41436797 cold 57573206
hot 38105339 warm 41436797 cold 57573206
hot 38105335 warm 41436797 cold 57573206
hot 38105331 warm 41436797 cold 57573206
hot 38105327 warm 41436797 cold 57573206
hot 38105323 warm 41436797 cold 57573206
hot 38105319 warm 41436797 cold 57573206
hot 38105315 warm 41436797 cold 57573206
hot 38105311 warm 41436797 cold 57573206
hot 38105307 warm 41436797 cold 57573206
hot 38105303 warm 41436797 cold 57573206
hot 38105299 warm 41436797 cold 57573206
hot 38105295 warm 41436797 cold 57573206
hot 38105291 warm 41436797 cold 57573206
hot 38105287 warm 41436797 cold 57573206
hot 38105283 warm 41436797 cold 57573206
hot 38105279 warm 41436797 cold 57573206
hot 38105275 warm 41436797 cold 57573206
hot 38105271 warm 41436797 cold 57573206
hot 38105267 warm 41436797 cold 57573206
hot 38105263 warm 41436797 cold 57573206
hot 38105259 warm 41436797 cold 57573206
hot 38105255 warm 41436797 cold 57573206
hot 38105251 warm 41436797 cold 57573206
hot 38105247 warm 41436797 cold 57573206
hot 38105243 warm 41436797 cold 57573206
hot 38105239 warm 41436797 cold 57573206
hot 38105235 warm 41436797 cold 57573206
hot 38105231 warm 41436797 cold 57573206
hot 38105227 warm 41436797 cold 57573206
hot 38105223 warm 41436797 cold 57573206
hot 38105219 warm 41436797 cold 57573206
hot 38105215 warm 41436797 cold 57573206
hot 38105211 warm 41436797 cold 57573206
hot 38105207 warm 41436797 cold 57573206
hot 38105203 warm 41436797 cold 57573206
hot 38105199 warm 41436797 cold 57573206
hot 38105195 warm 41436797 cold 57573206
hot 38105191 warm 41436797 cold 57573206
hot 38105187 warm 41436797 cold 57573206
hot 38105183 warm 41436797 cold 57573206
hot 38105179 warm 41436797 cold 57573206
hot 38105175 warm 41436797 cold 57573206
hot 38105171 warm 41436797 cold 57573206
hot 38105167 warm 41436797 cold 57573206
hot 38105163 warm 41436797 cold 57573206
hot 38105159 warm 41436797 cold 57573206
hot 38105155 warm 41436797 cold 57573206
hot 38105151 warm 41436797 cold 57573206
hot 38105147 warm 41436797 cold 57573206
hot 38105143 warm 41436797 cold 57573206
hot 38105139 warm 41436797 cold 57573206
hot 38105135 warm 41436797 cold 57573206
hot 38105131 warm 41436797 cold 57573206
hot 38105127 warm 41436797 cold 57573206
hot 38105123 warm 41436797 cold 57573206
hot 38105119 warm 41436797 cold 57573206
hot 38105115 warm 41436797 cold 57573206
hot 38105111 warm 41436797 cold 57573206
hot 38105107 warm 41436797 cold 57573206
hot 38105103 warm 41436797 cold 57573206
hot 38105099 warm 41436797 cold 57573206
hot 38105095 warm 41436797 cold 57573206
hot 38105091 warm 41436797 cold 57573206
hot 38105087 warm 41436797 cold 57573206
hot 38105083 warm 41436797 cold 57573206
hot 38105079 warm 41436797 cold 57573206
hot 38105075 warm 41436797 cold 57573206
hot 38105071 warm 41436797 cold 57573206
hot 38105067 warm 41436797 cold 57573206
hot 38105063 warm 41436797 cold 57573206
hot 38105059 warm 41436797 cold 57573206
hot 38105055 warm 41436797 cold 57573206
hot 38105051 warm 41436797 cold 57573206
hot 38105047 warm 41436797 cold 57573206
hot 38105043 warm 41436797 cold 57573206
hot 38105039 warm 41436797 cold 57573206
hot 38105035 warm 41436797 cold 57573206
hot 38105031 warm 41436797 cold 57573206
hot 38105027 warm 41436797 cold 57573206
hot 38105023 warm 41436797 cold 57573206
hot 38105019 warm 41436797 cold 57573206
hot 38105015 warm 41436797 cold 57573206
hot 38105011 warm 41436797 cold 57573206
hot 38109103 warm 41436797 cold 57573206
hot 38325674 warm 41436797 cold 57573206
hot 38441382 warm 41436797 cold 57573206
hot 38561698 warm 41436797 cold 57573206
hot 38633886 warm 41436797 cold 57573206
hot 38882361 warm 41436797 cold 57573206
hot 38912596 warm 41436797 cold 57573206
hot 38926418 warm 41436797 cold 57573206
hot 38979232 warm 41436797 cold 57573206
hot 39001776 warm 41436797 cold 57573206
hot 39017132 warm 41436797 cold 57573206
hot 39025321 warm 41436797 cold 57573206
hot 39075553 warm 41436797 cold 57573206
hot 39178036 warm 41436797 cold 57573206
hot 39285586 warm 41436797 cold 57573206
hot 39324501 warm 41436797 cold 57573206
hot 39375188 warm 41436797 cold 57573206
hot 39457623 warm 41436797 cold 57573206
hot 39530327 warm 41436797 cold 57573206
hot 39610196 warm 41436797 cold 57573206
hot 39693649 warm 41436797 cold 57573206
hot 39776589 warm 41436797 cold 57573206
hot 39846217 warm 41436797 cold 57573206
hot 39911238 warm 41436797 cold 57573206
hot 39984450 warm 41436797 cold 57573206
hot 40132575 warm 41437822 cold 57573208
hot 40217598 warm 41446014 cold 57573208
hot 40299024 warm 41460350 cold 57573208
hot 40379933 warm 41467006 cold 57573208
hot 40466463 warm 41475710 cold 57573208
hot 40544800 warm 41481854 cold 57573208
hot 40613919 warm 41487998 cold 57573208
hot 40681501 warm 41496190 cold 57573208
hot 40749595 warm 41501310 cold 57573208
hot 40816151 warm 41508990 cold 57573208
hot 40886291 warm 41514110 cold 57573208
hot 40960532 warm 41521790 cold 57573208
hot 41002000 warm 41526910 cold 57573208
hot 41004556 warm 41527422 cold 57573208
hot 41006600 warm 41527422 cold 57573208
hot 41059845 warm 41532030 cold 57573208
hot 41118721 warm 41537662 cold 57573208
hot 41170941 warm 41537662 cold 57573208
hot 41232889 warm 41543294 cold 57573208
hot 41294325 warm 41549438 cold 57573208
hot 41354225 warm 41554558 cold 57573208
hot 41406445 warm 41558142 cold 57573208
hot 41462761 warm 41559166 cold 57573208
hot 41508325 warm 41566846 cold 57573208
hot 41557473 warm 41573502 cold 57573208
hot 41605597 warm 41578622 cold 57573208
hot 41656793 warm 41580158 cold 57573208
hot 41701333 warm 41582206 cold 57573208
hot 41658831 warm 41586814 cold 57573208
hot 41682891 warm 41588862 cold 57573208
hot 41713095 warm 41590910 cold 57573208
hot 41744323 warm 41593470 cold 57573208
hot 41766847 warm 41595006 cold 57573208
hot 41790907 warm 41596030 cold 57573208
hot 41815479 warm 41598590 cold 57573208
hot 41831859 warm 41599102 cold 57573208
hot 41857967 warm 41606782 cold 57573208
hot 41883051 warm 41607806 cold 57573208
hot 41905063 warm 41609854 cold 57573208
hot 41929123 warm 41613438 cold 57573208
hot 41954719 warm 41614462 cold 57573208
hot 41978267 warm 41614974 cold 57573208
hot 42006423 warm 41617022 cold 57573208
hot 42029459 warm 41620606 cold 57573208
hot 42053519 warm 41620606 cold 57573208
hot 42083723 warm 41622142 cold 57573208
hot 42101127 warm 41625726 cold 57573208
hot 42122627 warm 41626238 cold 57573208
hot 42143103 warm 41626238 cold 57573208
hot 42162043 warm 41628286 cold 57573208
hot 42180983 warm 41635454 cold 57573208
hot 42207091 warm 41638526 cold 57573208
hot 42226031 warm 41640062 cold 57573208
hot 42249067 warm 41642622 cold 57573208
hot 42265959 warm 41642622 cold 57573208
hot 42284387 warm 41643134 cold 57573208
hot 42307935 warm 41643134 cold 57573208
hot 42325851 warm 41643134 cold 57573208
hot 42465162 warm 41668734 cold 57575768
hot 42466792 warm 41709694 cold 57581400
hot 42469411 warm 41755774 cold 57587544
hot 42473553 warm 41798782 cold 57594200
hot 42474626 warm 41841790 cold 57599832
hot 42475175 warm 41886846 cold 57599832
hot 42476216 warm 41925246 cold 57608536
hot 42476741 warm 41968766 cold 57614680
hot 42478802 warm 42016894 cold 57616728
hot 42480863 warm 42062974 cold 57620312
hot 42482915 warm 42098814 cold 57625432
hot 42484458 warm 42133118 cold 57632088
hot 42486002 warm 42171518 cold 57637208
hot 42486516 warm 42209918 cold 57640280
hot 42486520 warm 42246782 cold 57642328
hot 42486524 warm 42285182 cold 57644888
hot 42488058 warm 42320510 cold 57650520
hot 42491132 warm 42355326 cold 57653592
hot 42435318 warm 42379902 cold 57658200
hot 42436338 warm 42419326 cold 57663832
hot 42439406 warm 42450559 cold 57671000
hot 42440426 warm 42487935 cold 57673560
hot 42440934 warm 42525311 cold 57675608
hot 42441442 warm 42554495 cold 57681240
hot 42442974 warm 42597503 cold 57681752
hot 42443994 warm 42630271 cold 57686872
hot 42446038 warm 42662016 cold 57691992
hot 42449106 warm 42700416 cold 57693528
hot 42450638 warm 42734720 cold 57697624
hot 42452682 warm 42762880 cold 57700696
hot 42454214 warm 42791040 cold 57703256
hot 42455234 warm 42820736 cold 57705304
hot 42456766 warm 42854528 cold 57706328
hot 42459322 warm 42886784 cold 57707352
hot 42460342 warm 42909312 cold 57709912
hot 42461362 warm 42943616 cold 57715032
hot 42463406 warm 42977408 cold 57717080
hot 42464938 warm 43009664 cold 57722712
hot 42465958 warm 43033728 cold 57722712
hot 42465954 warm 43062912 cold 57724248
hot 42467998 warm 43084928 cold 57729368
hot 42470042 warm 43108992 cold 57733464
hot 42470038 warm 43137152 cold 57738072
hot 42470546 warm 43168896 cold 57738072
hot 42472590 warm 43195520 cold 57739096
hot 42475146 warm 43217536 cold 57745752
hot 42475654 warm 43251329 cold 57746264
hot 42476162 warm 43281025 cold 57749336
hot 42476670 warm 43297409 cold 57750360
hot 42477178 warm 43324545 cold 57751384
hot 42477174 warm 43347073 cold 57753944
hot 42477682 warm 43369601 cold 57757528
hot 42477678 warm 43388033 cold 57759064
hot 42478186 warm 43406465 cold 57762136
hot 42478182 warm 43430529 cold 57764184
hot 42478690 warm 43454593 cold 57765720
hot 42480222 warm 43476609 cold 57766744
hot 42481754 warm 43499137 cold 57767768
hot 42481750 warm 43524225 cold 57767768
hot 42482770 warm 43549313 cold 57771352
hot 42483278 warm 43568769 cold 57776472
hot 42483786 warm 43586177 cold 57780056
hot 42483782 warm 43605121 cold 57780568
hot 42483778 warm 43625601 cold 57782616
hot 42483774 warm 43643521 cold 57784664
hot 42302520 warm 43659393 cold 57784664
hot 42436148 warm 43681409 cold 57789784
hot 42437680 warm 43704961 cold 57791320
hot 42441260 warm 43720833 cold 57793368
hot 42443304 warm 43731073 cold 57797464
hot 42445860 warm 43749505 cold 57800536
hot 42448416 warm 43765889 cold 57802584
hot 42450460 warm 43785857 cold 57802584
hot 42453528 warm 43806337 cold 57803096
hot 42456596 warm 43829377 cold 57806680
hot 42459152 warm 43845249 cold 57807704
hot 42459660 warm 43868801 cold 57807704
hot 42460168 warm 43885185 cold 57810776
hot 42460164 warm 43899521 cold 57812312
hot 42591827 warm 43902081 cold 57857881
hot 42593950 warm 43902081 cold 57904473
hot 42596051 warm 43902081 cold 57951577
hot 42598136 warm 43902081 cold 58005337
hot 42599706 warm 43902081 cold 58052953
hot 42601269 warm 43902081 cold 58099545
hot 42603333 warm 43902081 cold 58147673
hot 42604882 warm 43902081 cold 58194777
hot 42608998 warm 43902081 cold 58240857
hot 42609520 warm 43902081 cold 58285913
hot 42611061 warm 43902081 cold 58328409
hot 42612608 warm 43902081 cold 58368345
hot 42613637 warm 43902081 cold 58411865
hot 42615175 warm 43902081 cold 58448729
hot 42616201 warm 43902081 cold 58491737
hot 42616202 warm 43902081 cold 58526041
hot 42616712 warm 43902081 cold 58567513
hot 42617221 warm 43902081 cold 58609497
hot 42617218 warm 43902081 cold 58647897
hot 42617727 warm 43902081 cold 58683225
hot 42618748 warm 43902081 cold 58718553
hot 42620793 warm 43902081 cold 58757977
hot 42620789 warm 43902081 cold 58792281
hot 42621297 warm 43902081 cold 58824025
hot 42624365 warm 43902081 cold 58867546
hot 42625387 warm 43902081 cold 58906458
hot 42626408 warm 43902081 cold 58936666
hot 42627428 warm 43902081 cold 58968410
hot 42629984 warm 43902081 cold 59006810
hot 42631516 warm 43902081 cold 59032922
hot 42632536 warm 43902081 cold 59056474
hot 42634069 warm 43902081 cold 59090266
hot 42634065 warm 43902081 cold 59125082
hot 42634061 warm 43902081 cold 59155802
hot 42570055 warm 43902081 cold 59182426
hot 42573635 warm 43902081 cold 59219802
hot 42575679 warm 43902081 cold 59255130
hot 42578235 warm 43902081 cold 59286874
hot 42580279 warm 43902081 cold 59311962
hot 42580787 warm 43902081 cold 59341658
hot 42583855 warm 43902081 cold 59374426
hot 42585387 warm 43902081 cold 59407194
hot 42586407 warm 43902081 cold 59435354
hot 42589475 warm 43902081 cold 59467610
hot 42589471 warm 43902081 cold 59493210
hot 42589979 warm 43902081 cold 59519834
hot 42589975 warm 43902081 cold 59557210
hot 42591507 warm 43902081 cold 59580762
hot 42593551 warm 43902081 cold 59604826
hot 42596619 warm 43902081 cold 59629402
hot 42597639 warm 43902081 cold 59650394
hot 42598659 warm 43902081 cold 59678554
hot 42601215 warm 43902081 cold 59705178
hot 42601723 warm 43902081 cold 59732315
hot 42604279 warm 43902081 cold 59758939
hot 42607347 warm 43902081 cold 59780443
hot 42608879 warm 43902081 cold 59809627
hot 42609899 warm 43902081 cold 59834203
hot 42611943 warm 43902081 cold 59855707
hot 42612963 warm 43902081 cold 59873627
hot 42613471 warm 43902081 cold 59894619
hot 42613467 warm 43902081 cold 59920219
hot 42613463 warm 43902081 cold 59945307
hot 42613459 warm 43902081 cold 59962203
hot 42614479 warm 43902081 cold 59984220
hot 42615499 warm 43902081 cold 60006236
hot 42618055 warm 43902081 cold 60029276
hot 42619587 warm 43902081 cold 60045148
hot 42619583 warm 43902081 cold 60068700
hot 42619579 warm 43902081 cold 60093788
hot 42619575 warm 43902081 cold 60108636
hot 42620595 warm 43902081 cold 60129116
hot 42622639 warm 43902081 cold 60151134
hot 42624171 warm 43902081 cold 60162398
hot 42624679 warm 43902081 cold 60179294
hot 42626211 warm 43902081 cold 60200798
hot 42627231 warm 43902081 cold 60212574
hot 42740923 warm 43902081 cold 60238686
hot 42742031 warm 43902081 cold 60288350
hot 42761560 warm 43902081 cold 60334430
hot 42765706 warm 43902081 cold 60382046
hot 42768819 warm 43902081 cold 60433246
hot 42704822 warm 43902081 cold 60473694
hot 42705842 warm 43902081 cold 60521310
hot 42706350 warm 43902081 cold 60568926
hot 42706858 warm 43902081 cold 60621150
hot 42707366 warm 43902081 cold 60668254
hot 42708386 warm 43902081 cold 60711262
hot 42708894 warm 43902081 cold 60753758
hot 42709914 warm 43902081 cold 60795230
hot 42710422 warm 43902081 cold 60834142
hot 42712466 warm 43902081 cold 60879200
hot 42713998 warm 43902081 cold 60921184
hot 42714506 warm 43902081 cold 60953952
hot 42715014 warm 43902081 cold 60999520
hot 42716546 warm 43902081 cold 61033312
hot 42717054 warm 43902081 cold 61077856
hot 42717050 warm 43902081 cold 61113696
hot 42718070 warm 43902081 cold 61147488
hot 42720114 warm 43902081 cold 61181792
hot 42721134 warm 43902081 cold 61217120
hot 42722666 warm 43902081 cold 61253984
hot 42723686 warm 43902081 cold 61293408
hot 42725730 warm 43902081 cold 61330272
hot 42727262 warm 43902081 cold 61363040
hot 42728794 warm 43902081 cold 61405536
hot 42729814 warm 43902081 cold 61442400
hot 42731346 warm 43902081 cold 61475680
hot 42732366 warm 43902081 cold 61513568
hot 42732362 warm 43902081 cold 61540704
hot 42732870 warm 43902081 cold 61573473
hot 42733378 warm 43902081 cold 61602145
hot 42733886 warm 43902081 cold 61629281
hot 42733882 warm 43902081 cold 61658977
hot 42734390 warm 43902081 cold 61694305
hot 42734386 warm 43902081 cold 61726049
hot 42734382 warm 43902081 cold 61752673
hot 42734378 warm 43902081 cold 61783393
hot 42735398 warm 43902081 cold 61816161
hot 42736930 warm 43902081 cold 61841249
hot 42737950 warm 43902081 cold 61872994
hot 42740506 warm 43902081 cold 61894498
hot 42742038 warm 43902081 cold 61928802
hot 42742546 warm 43902081 cold 61956962
hot 42743566 warm 43902081 cold 61987170
hot 42744074 warm 43902081 cold 62012770
hot 42744582 warm 43902081 cold 62036322
hot 42746114 warm 43902081 cold 62058338
hot 42749694 warm 43902081 cold 62090082
hot 42586872 warm 43902081 cold 62115683
hot 42704116 warm 43902081 cold 62142819
hot 42705136 warm 43902081 cold 62168419
hot 42705132 warm 43902081 cold 62198115
hot 42706152 warm 43902081 cold 62225251
hot 42707172 warm 43902081 cold 62250851
hot 42708192 warm 43902081 cold 62275939
hot 42708700 warm 43902081 cold 62295395
hot 42709208 warm 43902081 cold 62317923
hot 42712788 warm 43902081 cold 62341987
hot 42714832 warm 43902081 cold 62366051
hot 42716364 warm 43902081 cold 62389603
hot 42716872 warm 43902081 cold 62411107
hot 42720452 warm 43902081 cold 62434659
hot 42721984 warm 43902081 cold 62455651
hot 42724028 warm 43902081 cold 62479715
hot 42726072 warm 43902081 cold 62493027
hot 42726580 warm 43902081 cold 62515043
hot 42731184 warm 43902081 cold 62541667
hot 42732204 warm 43902081 cold 62566243
hot 42734248 warm 43902081 cold 62588259
hot 42736292 warm 43902081 cold 62610788
hot 42739360 warm 43902081 cold 62629220
hot 42740892 warm 43902081 cold 62652260
hot 42741400 warm 43902081 cold 62673252
hot 42743444 warm 43902081 cold 62688612
hot 42744464 warm 43902081 cold 62706020
hot 42858155 warm 43902081 cold 62731108
hot 42871538 warm 43902081 cold 62774628
hot 42878270 warm 43902081 cold 62823780
hot 42880371 warm 43902081 cold 62869860
hot 42880410 warm 43902081 cold 62921060
hot 42880947 warm 43902081 cold 62968676
hot 42881995 warm 43902081 cold 63021924
hot 42883558 warm 43902081 cold 63068516
hot 42885627 warm 43902081 cold 63116644
hot 42888203 warm 43902081 cold 63165284
hot 42889752 warm 43902081 cold 63207780
hot 42891807 warm 43902081 cold 63245156
hot 42894373 warm 43902081 cold 63290725
hot 42896944 warm 43902081 cold 63335781
hot 42897455 warm 43902081 cold 63379813
hot 42897966 warm 43902081 cold 63423333
hot 42898478 warm 43902081 cold 63467365
hot 42899499 warm 43902081 cold 63514981
hot 42901548 warm 43902081 cold 63561573
hot 42904106 warm 43902081 cold 63606117
hot 42906665 warm 43902081 cold 63643493
hot 42843684 warm 43902081 cold 63665509
hot 42845216 warm 43902081 cold 63707493
hot 42846748 warm 43902081 cold 63749477
hot 42849304 warm 43902081 cold 63791461
hot 42851348 warm 43902081 cold 63822693
hot 42852880 warm 43902081 cold 63856997
hot 42854924 warm 43902081 cold 63890277
hot 42857992 warm 43902081 cold 63928677
hot 42860548 warm 43902081 cold 63964005
hot 42862080 warm 43902081 cold 63996773
hot 42863100 warm 43902081 cold 64033125
hot 42865656 warm 43902081 cold 64065381
hot 42866676 warm 43902081 cold 64090981
hot 42868208 warm 43902081 cold 64124261
hot 42868204 warm 43902081 cold 64159589
hot 42868712 warm 43902081 cold 64189797
hot 42869220 warm 43902081 cold 64226661
hot 42869728 warm 43902081 cold 64259429
hot 42869724 warm 43902081 cold 64294757
hot 42869720 warm 43902081 cold 64315749
hot 42871252 warm 43902081 cold 64345445
hot 42873296 warm 43902081 cold 64376165
hot 42874316 warm 43902081 cold 64408933
hot 42875848 warm 43902081 cold 64438629
hot 42878404 warm 43902081 cold 64468325
hot 42881984 warm 43902081 cold 64498533
hot 42883004 warm 43902081 cold 64528229
hot 42885048 warm 43902081 cold 64548709
hot 42885556 warm 43902081 cold 64577381
hot 42888624 warm 43902081 cold 64605546
hot 42890156 warm 43902081 cold 64632682
hot 42890152 warm 43902081 cold 64661354
hot 42890660 warm 43902081 cold 64694122
hot 42893216 warm 43902081 cold 64720234
hot 42894748 warm 43902081 cold 64750442
hot 42895256 warm 43902081 cold 64775530
hot 42896276 warm 43902081 cold 64796522
hot 42897296 warm 43902081 cold 64814442
hot 42898828 warm 43902081 cold 64835946
hot 42899336 warm 43902081 cold 64859499
hot 42900356 warm 43902081 cold 64881003
hot 42900864 warm 43902081 cold 64902507
hot 42900860 warm 43902081 cold 64932715
hot 42901368 warm 43902081 cold 64958827
hot 42902900 warm 43902081 cold 64988011
hot 42903408 warm 43902081 cold 65006443
hot 42904940 warm 43902081 cold 65021803
hot 42906984 warm 43902081 cold 65046891
hot 42842978 warm 43902081 cold 65060716
hot 42845534 warm 43902081 cold 65079660
hot 42847578 warm 43902081 cold 65099628
hot 42850646 warm 43902081 cold 65114476
hot 42852690 warm 43902081 cold 65131372
hot 42855246 warm 43902081 cold 65138540
hot 42857802 warm 43902081 cold 65138540
hot 42860358 warm 43902081 cold 65139564
hot 42863938 warm 43902081 cold 65162092
hot 42865982 warm 43902081 cold 65180524
hot 42997586 warm 43902081 cold 65204076
hot 43000212 warm 43902081 cold 65250668
hot 43003328 warm 43902081 cold 65297260
hot 43004398 warm 43902081 cold 65346412
hot 43004951 warm 43902081 cold 65399660
hot 43006000 warm 43902081 cold 65447276
hot 43008073 warm 43902081 cold 65496428
hot 43009116 warm 43902081 cold 65543532
hot 43009637 warm 43902081 cold 65593708
hot 43010667 warm 43902081 cold 65633132
hot 43011695 warm 43902081 cold 65674092
hot 43011697 warm 43902081 cold 65717100
hot 43011696 warm 43902081 cold 65759596
hot 43012720 warm 43902081 cold 65803116
hot 43012721 warm 43902081 cold 65836908
hot 43013235 warm 43902081 cold 65877356
hot 43013233 warm 43902081 cold 65917804
hot 43014256 warm 43902081 cold 65966956
hot 43016305 warm 43902081 cold 66013036
hot 43016814 warm 43902081 cold 66052972
hot 43017836 warm 43902081 cold 66080108
hot 43019882 warm 43902081 cold 66113900
hot 43020904 warm 43902081 cold 66148204
hot 43021925 warm 43902081 cold 66188140
hot 43022433 warm 43902081 cold 66221421
hot 43023967 warm 43902081 cold 66262893
hot 43026524 warm 43902081 cold 66297197
hot 43028057 warm 43902081 cold 66327917
hot 43030102 warm 43902081 cold 66367854
hot 43031634 warm 43902081 cold 66407790
hot 43032655 warm 43902081 cold 66442606
hot 43034187 warm 43902081 cold 66476910
hot 43036231 warm 43902081 cold 66504046
hot 43036739 warm 43902081 cold 66534766
hot 43037759 warm 43902081 cold 66564462
hot 43039803 warm 43902081 cold 66595182
hot 43041847 warm 43902081 cold 66626926
