hot 3 warm 0 cold 94
hot 4 warm 0 cold 94
hot 4 warm 0 cold 94
hot 4 warm 0 cold 94
hot 4 warm 0 cold 94
hot 4 warm 0 cold 94
hot 4 warm 0 cold 94
hot 4 warm 0 cold 94
hot 4 warm 0 cold 94
hot 4 warm 0 cold 94
hot 4 warm 0 cold 94
hot 4 warm 0 cold 94
hot 4 warm 0 cold 94
hot 4 warm 0 cold 94
hot 4 warm 0 cold 94
hot 4 warm 0 cold 94
hot 4 warm 0 cold 94
hot 4 warm 0 cold 94
hot 4 warm 0 cold 94
hot 4 warm 0 cold 94
hot 4 warm 0 cold 94
hot 4 warm 0 cold 94
hot 4 warm 0 cold 94
hot 4 warm 0 cold 94
hot 4 warm 0 cold 94
hot 4 warm 0 cold 94
hot 4 warm 0 cold 94
hot 4 warm 0 cold 94
hot 4 warm 0 cold 94
hot 4 warm 0 cold 94
hot 4 warm 0 cold 94
hot 4 warm 0 cold 94
hot 14340 warm 0 cold 94
hot 14336 warm 0 cold 94
hot 14332 warm 0 cold 94
hot 14328 warm 0 cold 94
hot 14324 warm 0 cold 94
hot 14320 warm 0 cold 94
hot 14316 warm 0 cold 94
hot 14312 warm 0 cold 94
hot 14308 warm 0 cold 94
hot 14304 warm 0 cold 94
hot 14300 warm 0 cold 94
hot 14296 warm 0 cold 94
hot 14292 warm 0 cold 94
hot 14289 warm 0 cold 94
hot 14285 warm 0 cold 94
hot 14281 warm 0 cold 94
hot 14277 warm 0 cold 94
hot 14273 warm 0 cold 94
hot 14269 warm 0 cold 94
hot 14265 warm 0 cold 94
hot 14261 warm 0 cold 94
hot 14257 warm 0 cold 94
hot 14253 warm 0 cold 94
hot 14249 warm 0 cold 94
hot 14245 warm 0 cold 94
hot 14241 warm 0 cold 94
hot 14237 warm 0 cold 94
hot 14233 warm 0 cold 94
hot 14229 warm 0 cold 94
hot 14225 warm 0 cold 94
hot 14221 warm 0 cold 94
hot 13754 warm 0 cold 94
hot 277943 warm 0 cold 94
hot 539153 warm 0 cold 0
hot 1264653 warm 0 cold 0
hot 152462 warm 0 cold 1377403
hot 261327 warm 0 cold 1400910
hot 277279 warm 1426340 cold 11350
hot 281121 warm 1313244 cold 86
hot 307742 warm 1316315 cold 86
hot 312858 warm 1318875 cold 86
hot 335388 warm 1332181 cold 86
hot 384306 warm 1338835 cold 86
hot 403766 warm 0 cold 1350177
hot 92541 warm 0 cold 1352737
hot 299897 warm 1354699 cold 86
hot 319350 warm 1357258 cold 86
hot 328053 warm 1360840 cold 86
hot 296588 warm 1361861 cold 86
hot 381066 warm 1365443 cold 86
hot 90325 warm 1369023 cold 86
hot 274130 warm 1369022 cold 86
hot 307406 warm 1370046 cold 86
hot 324299 warm 1369533 cold 86
hot 335049 warm 1369531 cold 86
hot 378338 warm 1369014 cold 86
hot 402405 warm 1369007 cold 86
hot 295981 warm 1369007 cold 86
hot 308867 warm 17408 cold 289033
hot 355455 warm 1362803 cold 0
hot 385659 warm 1337203 cold 0
hot 481683 warm 0 cold 1282927
hot 530837 warm 0 cold 1246569
hot 438750 warm 1244519 cold 0
hot 472026 warm 1240935 cold 0
hot 496086 warm 1224551 cold 0
hot 579543 warm 1159010 cold 0
hot 698609 warm 0 cold 1095516
hot 750320 warm 0 cold 1051481
hot 635109 warm 0 cold 1044825
hot 664289 warm 1044313 cold 0
hot 703711 warm 0 cold 1020759
hot 747229 warm 0 cold 986453
hot 874995 warm 0 cold 908627
hot 940529 warm 0 cold 854865
hot 90169 warm 0 cold 1403216
hot 285749 warm 0 cold 1403216
hot 310835 warm 0 cold 1404238
hot 323119 warm 602624 cold 801102
hot 346669 warm 0 cold 1400652
hot 394601 warm 0 cold 1399076
hot 346755 warm 0 cold 1396510
hot 282546 warm 0 cold 1396510
hot 315310 warm 0 cold 1397022
hot 326570 warm 0 cold 1397022
hot 350631 warm 780288 cold 611101
hot 406716 warm 809472 cold 576796
hot 420538 warm 0 cold 1387290
hot 235976 warm 857088 cold 530202
hot 330693 warm 864256 cold 523033
hot 347586 warm 880128 cold 506136
hot 373183 warm 887808 cold 485143
hot 444629 warm 905216 cold 451349
hot 458962 warm 0 cold 1357076
