hot 3 warm 0 cold 92
hot 5 warm 0 cold 92
hot 5 warm 0 cold 92
hot 5 warm 0 cold 92
hot 5 warm 0 cold 92
hot 5 warm 0 cold 92
hot 5 warm 0 cold 92
hot 5 warm 0 cold 92
hot 5 warm 0 cold 92
hot 5 warm 0 cold 92
hot 5 warm 0 cold 92
hot 5 warm 0 cold 92
hot 5 warm 0 cold 92
hot 5 warm 0 cold 92
hot 5 warm 0 cold 92
hot 5 warm 0 cold 92
hot 5 warm 0 cold 92
hot 5 warm 0 cold 92
hot 5 warm 0 cold 92
hot 5 warm 0 cold 92
hot 5 warm 0 cold 92
hot 5 warm 0 cold 92
hot 5 warm 0 cold 92
hot 5 warm 0 cold 92
hot 5 warm 0 cold 92
hot 5 warm 0 cold 92
hot 5 warm 0 cold 92
hot 5 warm 0 cold 92
hot 5 warm 0 cold 92
hot 5 warm 0 cold 92
hot 5 warm 0 cold 92
hot 5 warm 0 cold 92
hot 14341 warm 0 cold 92
hot 14337 warm 0 cold 92
hot 14333 warm 0 cold 92
hot 14329 warm 0 cold 92
hot 14325 warm 0 cold 92
hot 14321 warm 0 cold 92
hot 14317 warm 0 cold 92
hot 14313 warm 0 cold 92
hot 14309 warm 0 cold 92
hot 14305 warm 0 cold 92
hot 14301 warm 0 cold 92
hot 14297 warm 0 cold 92
hot 14293 warm 0 cold 92
hot 14289 warm 0 cold 92
hot 14285 warm 0 cold 92
hot 14281 warm 0 cold 92
hot 14277 warm 0 cold 92
hot 14273 warm 0 cold 92
hot 14269 warm 0 cold 92
hot 14265 warm 0 cold 92
hot 14261 warm 0 cold 92
hot 14257 warm 0 cold 92
hot 14253 warm 0 cold 92
hot 14249 warm 0 cold 92
hot 14245 warm 0 cold 92
hot 14241 warm 0 cold 92
hot 14237 warm 0 cold 92
hot 14233 warm 0 cold 92
hot 14229 warm 0 cold 92
hot 14225 warm 0 cold 92
hot 14221 warm 0 cold 92
hot 14217 warm 0 cold 92
hot 266772 warm 0 cold 0
hot 565268 warm 0 cold 0
hot 1244179 warm 0 cold 0
hot 1516047 warm 0 cold 0
hot 260309 warm 0 cold 1416270
hot 305059 warm 0 cold 1419644
hot 235533 warm 1314820 cold 92
hot 312841 warm 1316868 cold 92
hot 327686 warm 1320451 cold 92
hot 345612 warm 1323001 cold 92
hot 441640 warm 1296881 cold 92
hot 476969 warm 1286636 cold 92
hot 165767 warm 1287148 cold 92
hot 302143 warm 97280 cold 1274784
hot 319547 warm 111104 cold 1261984
hot 492091 warm 1205660 cold 0
hot 853338 warm 871826 cold 0
hot 1001309 warm 0 cold 761739
hot 799164 warm 0 cold 679818
hot 994234 warm 0 cold 679817
hot 1045430 warm 0 cold 655753
hot 1107382 warm 604037 cold 0
hot 1191349 warm 0 cold 531330
hot 1323740 warm 0 cold 444783
hot 1389787 warm 0 cold 391532
hot 1270074 warm 0 cold 391531
hot 1294647 warm 0 cold 391018
hot 1328947 warm 0 cold 378218
hot 1369398 warm 0 cold 356195
hot 1463374 warm 0 cold 323423
hot 1513549 warm 0 cold 282460
hot 319039 warm 0 cold 1167707
hot 523324 warm 0 cold 1166683
hot 544312 warm 0 cold 1165147
hot 573494 warm 891392 cold 253785
hot 662864 warm 0 cold 1083219
hot 730960 warm 0 cold 1062735
hot 438350 warm 0 cold 1052494
hot 632397 warm 0 cold 1051982
hot 666697 warm 0 cold 1048910
hot 698950 warm 842240 cold 187213
hot 790877 warm 796160 cold 175434
hot 861018 warm 0 cold 939849
hot 573882 warm 0 cold 918855
hot 764342 warm 0 cold 918343
hot 800690 warm 0 cold 917831
hot 825264 warm 765952 cold 138565
hot 847557 warm 740864 cold 132932
hot 960197 warm 707584 cold 119104
hot 721187 warm 0 cold 813888
hot 872223 warm 0 cold 813888
hot 901403 warm 0 cold 811328
hot 926487 warm 694784 cold 109376
hot 982294 warm 667136 cold 106301
hot 1045548 warm 0 cold 758075
hot 1054248 warm 0 cold 752443
hot 935046 warm 0 cold 752443
hot 962690 warm 0 cold 750395
hot 986238 warm 649216 cold 96059
hot 1023613 warm 635392 cold 89912
hot 339975 warm 115200 cold 117248
hot 495929 warm 699392 cold 2221362
