anon 0
anon_thp 0
anon 259907584
anon_thp 257949696
anon 528343040
anon_thp 526385152
anon 805167104
anon_thp 803209216
anon 1086685184
anon_thp 1082130432
anon 1369800704
anon_thp 1365245952
anon 1652916224
anon_thp 1648361472
anon 1931837440
anon_thp 1927282688
anon 2219147264
anon_thp 2214592512
anon 2498068480
anon_thp 2493513728
anon 2776989696
anon_thp 2772434944
anon 3051716608
anon_thp 3047161856
anon 3330637824
anon_thp 3326083072
anon 3615850496
anon_thp 3611295744
anon 3898966016
anon_thp 3894411264
anon 4182081536
anon_thp 4177526784
anon 4469391360
anon_thp 4464836608
anon 4752506880
anon_thp 4747952128
anon 5035622400
anon_thp 5031067648
anon 5320835072
anon_thp 5316280320
anon 5597659136
anon_thp 5593104384
anon 5880774656
anon_thp 5876219904
anon 6163890176
anon_thp 6159335424
anon 6447005696
anon_thp 6442450944
anon 6734315520
anon_thp 6729760768
anon 7017431040
anon_thp 7012876288
anon 7298449408
anon_thp 7293894656
anon 7579467776
anon_thp 7574913024
anon 7866777600
anon_thp 7862222848
anon 8145698816
anon_thp 8141144064
anon 8422522880
anon_thp 8417968128
anon 8697249792
anon_thp 8692695040
anon 8986656768
anon_thp 8982102016
anon 9271869440
anon_thp 9267314688
anon 9546596352
anon_thp 9542041600
anon 9823420416
anon_thp 9818865664
anon 10110730240
anon_thp 10106175488
anon 10389651456
anon_thp 10385096704
anon 10664378368
anon_thp 10659823616
anon 10941202432
anon_thp 10936647680
anon 11220123648
anon_thp 11215568896
anon 11503239168
anon_thp 11498684416
anon 11786354688
anon_thp 11781799936
anon 12063178752
anon_thp 12058624000
anon 12340002816
anon_thp 12335448064
anon 12629409792
anon_thp 12624855040
anon 12906233856
anon_thp 12901679104
anon 13185155072
anon_thp 13180600320
anon 13468270592
anon_thp 13463715840
anon 13755580416
anon_thp 13751025664
anon 14034501632
anon_thp 14029946880
anon 14315520000
anon_thp 14310965248
anon 14594441216
anon_thp 14589886464
anon 14875459584
anon_thp 14870904832
anon 15156477952
anon_thp 15151923200
anon 15431204864
anon_thp 15426650112
anon 15714320384
anon_thp 15709765632
anon 15997435904
anon_thp 15992881152
anon 16282648576
anon_thp 16278093824
anon 16565764096
anon_thp 16561209344
anon 16855171072
anon_thp 16850616320
anon 17148772352
anon_thp 17144217600
anon 17433985024
anon_thp 17429430272
anon 17704517632
anon_thp 17699962880
anon 18107813888
anon_thp 18100518912
anon 19952242688
anon_thp 19941818368
anon 20696317952
anon_thp 20680015872
anon 20761329664
anon_thp 20745027584
anon 20809564160
anon_thp 20793262080
anon 20841021440
anon_thp 20824719360
anon 20861992960
anon_thp 20845690880
anon 20876673024
anon_thp 20860370944
anon 20887158784
anon_thp 20870856704
anon 20893450240
anon_thp 20877148160
anon 20897644544
anon_thp 20881342464
anon 20897644544
anon_thp 20881342464
anon 20897644544
anon_thp 20881342464
anon 20897644544
anon_thp 20881342464
anon 20897644544
anon_thp 20881342464
anon 20897644544
anon_thp 20881342464
anon 20897644544
anon_thp 20881342464
anon 19846397952
anon_thp 19834863616
anon 20692123648
anon_thp 20675821568
anon 20729872384
anon_thp 20713570304
anon 20752941056
anon_thp 20736638976
anon 20771815424
anon_thp 20755513344
anon 20792786944
anon_thp 20776484864
anon 20817952768
anon_thp 20801650688
anon 20841021440
anon_thp 20824719360
anon 20855701504
anon_thp 20839399424
anon 20868284416
anon_thp 20851982336
anon 20878770176
anon_thp 20862468096
anon 20887158784
anon_thp 20870856704
anon 20893450240
anon_thp 20877148160
anon 20647936000
anon_thp 20631781376
anon 20895547392
anon_thp 20879245312
anon 20897644544
anon_thp 20881342464
anon 20897644544
anon_thp 20881342464
anon 20897644544
anon_thp 20881342464
anon 20897644544
anon_thp 20881342464
anon 18975125504
anon_thp 18964545536
anon 20675346432
anon_thp 20659044352
anon 20727775232
anon_thp 20711473152
anon 20765523968
anon_thp 20749221888
anon 20788592640
anon_thp 20772290560
anon 20805369856
anon_thp 20789067776
anon 20817952768
anon_thp 20801650688
anon 20830535680
anon_thp 20814233600
anon 20838924288
anon_thp 20822622208
anon 20861992960
anon_thp 20845690880
anon 20878770176
anon_thp 20862468096
anon 20889464832
anon_thp 20877148160
anon 20895756288
anon_thp 20883439616
anon 20897853440
anon_thp 20885536768
anon 20897853440
anon_thp 20885536768
anon 20897853440
anon_thp 20885536768
anon 20897853440
anon_thp 20885536768
anon 20897853440
anon_thp 20885536768
anon 20897853440
anon_thp 20885536768
anon 20897853440
anon_thp 20885536768
anon 18301566976
anon_thp 18297651200
anon 20660875264
anon_thp 20648558592
anon 20719595520
anon_thp 20707278848
anon 20757344256
anon_thp 20745027584
anon 20780412928
anon_thp 20768096256
anon 20809773056
anon_thp 20797456384
anon 20843327488
anon_thp 20831010816
anon 20864299008
anon_thp 20851982336
anon 20878979072
anon_thp 20866662400
anon 20889464832
anon_thp 20877148160
anon 20895756288
anon_thp 20883439616
anon 20897853440
anon_thp 20885536768
anon 20897853440
anon_thp 20885536768
anon 20897853440
anon_thp 20885536768
anon 20897853440
anon_thp 20885536768
anon 20897853440
anon_thp 20885536768
anon 20897853440
anon_thp 20885536768
anon 19993407488
anon_thp 19985858560
anon 20698624000
anon_thp 20686307328
anon 20772024320
anon_thp 20759707648
anon 20813967360
anon_thp 20801650688
anon 20839133184
anon_thp 20826816512
anon 20858007552
anon_thp 20845690880
anon 20872687616
anon_thp 20860370944
anon 20883173376
anon_thp 20870856704
anon 20891561984
anon_thp 20879245312
anon 20895756288
anon_thp 20883439616
anon 20897853440
anon_thp 20885536768
anon 20897853440
anon_thp 20885536768
anon 20897853440
anon_thp 20885536768
anon 20897853440
anon_thp 20885536768
anon 20897853440
anon_thp 20885536768
anon 20897853440
anon_thp 20885536768
anon 20897853440
anon_thp 20885536768
anon 18314149888
anon_thp 18310234112
anon 20662972416
anon_thp 20650655744
anon 20713304064
anon_thp 20700987392
anon 20782510080
anon_thp 20770193408
anon 20824453120
anon_thp 20812136448
anon 20849618944
anon_thp 20837302272
anon 20866396160
anon_thp 20854079488
anon 20881076224
anon_thp 20868759552
anon 20889464832
anon_thp 20877148160
anon 20895756288
anon_thp 20883439616
anon 20897853440
anon_thp 20885536768
anon 20897853440
anon_thp 20885536768
anon 20897853440
anon_thp 20885536768
anon 20897853440
anon_thp 20885536768
anon 20897853440
anon_thp 20885536768
anon 20897853440
anon_thp 20885536768
anon 18549305344
anon_thp 18543017984
anon 20667166720
anon_thp 20654850048
anon 20738469888
anon_thp 20726153216
anon 20795092992
anon_thp 20782776320
anon 20830744576
anon_thp 20818427904
anon 20851716096
anon_thp 20839399424
anon 20868493312
anon_thp 20856176640
anon 20881076224
anon_thp 20868759552
anon 20889464832
anon_thp 20877148160
anon 20895756288
anon_thp 20883439616
anon 20897853440
anon_thp 20885536768
anon 20897853440
anon_thp 20885536768
anon 20897853440
anon_thp 20885536768
anon 20897853440
anon_thp 20885536768
anon 20897853440
anon_thp 20885536768
anon 20897853440
anon_thp 20885536768
anon 20897853440
anon_thp 20885536768
anon 19771109376
anon_thp 19763560448
anon 20698624000
anon_thp 20686307328
anon 20767830016
anon_thp 20755513344
anon 20805578752
anon_thp 20793262080
anon 20830744576
anon_thp 20818427904
anon 20849618944
anon_thp 20837302272
anon 20864299008
anon_thp 20851982336
anon 20874784768
anon_thp 20862468096
anon 20883173376
anon_thp 20870856704
anon 20891561984
anon_thp 20879245312
anon 20897853440
anon_thp 20885536768
anon 20897853440
anon_thp 20885536768
anon 20897853440
anon_thp 20885536768
anon 20897853440
anon_thp 20885536768
anon 20897853440
anon_thp 20885536768
anon 20897853440
anon_thp 20885536768
anon 20897853440
anon_thp 20885536768
anon 20897853440
anon_thp 20885536768
anon 20897853440
anon_thp 20885536768
anon 20022767616
anon_thp 20015218688
anon 20700721152
anon_thp 20688404480
anon 20776218624
anon_thp 20763901952
anon 20816064512
anon_thp 20803747840
anon 20841230336
anon_thp 20828913664
anon 20858007552
anon_thp 20845690880
anon 20870590464
anon_thp 20858273792
anon 20881076224
anon_thp 20868759552
anon 20889464832
anon_thp 20877148160
anon 20895756288
anon_thp 20883439616
anon 20897853440
anon_thp 20885536768
anon 20897853440
anon_thp 20885536768
anon 20897853440
anon_thp 20885536768
anon 20897853440
anon_thp 20885536768
anon 20897853440
anon_thp 20885536768
anon 20897853440
anon_thp 20885536768
anon 20897853440
anon_thp 20885536768
anon 20360978432
anon_thp 20350763008
anon 20445020160
anon_thp 20434649088
anon 20717498368
anon_thp 20705181696
anon 20784607232
anon_thp 20772290560
anon 20820258816
anon_thp 20807942144
anon 20843327488
anon_thp 20831010816
anon 20860104704
anon_thp 20847788032
anon 20872687616
anon_thp 20860370944
anon 20883173376
anon_thp 20870856704
anon 20891561984
anon_thp 20879245312
anon 20895756288
anon_thp 20883439616
anon 20897853440
anon_thp 20885536768
anon 20897853440
anon_thp 20885536768
anon 20897853440
anon_thp 20885536768
anon 20897853440
anon_thp 20885536768
anon 20897853440
anon_thp 20885536768
anon 20897853440
anon_thp 20885536768
anon 20897853440
anon_thp 20885536768
