anon 0
anon_thp 0
anon 262385664
anon_thp 260046848
anon 530821120
anon_thp 528482304
anon 805548032
anon_thp 803209216
anon 1084968960
anon_thp 1082130432
anon 1361793024
anon_thp 1358954496
anon 1636519936
anon_thp 1633681408
anon 1907052544
anon_thp 1904214016
anon 2185973760
anon_thp 2183135232
anon 2456506368
anon_thp 2453667840
anon 2731233280
anon_thp 2728394752
anon 2999668736
anon_thp 2996830208
anon 3278589952
anon_thp 3275751424
anon 3561705472
anon_thp 3558866944
anon 3834335232
anon_thp 3831496704
anon 4109062144
anon_thp 4106223616
anon 4390080512
anon_thp 4387241984
anon 4666904576
anon_thp 4664066048
anon 4939534336
anon_thp 4936695808
anon 5218455552
anon_thp 5215617024
anon 5488988160
anon_thp 5486149632
anon 5763715072
anon_thp 5760876544
anon 6038441984
anon_thp 6035603456
anon 6302683136
anon_thp 6299844608
anon 6569021440
anon_thp 6566182912
anon 6841651200
anon_thp 6838812672
anon 7110086656
anon_thp 7107248128
anon 7376424960
anon_thp 7373586432
anon 7638568960
anon_thp 7635730432
anon 7911198720
anon_thp 7908360192
anon 8173342720
anon_thp 8170504192
anon 8443875328
anon_thp 8441036800
anon 8718602240
anon_thp 8715763712
anon 8991232000
anon_thp 8988393472
anon 9261764608
anon_thp 9258926080
anon 9526005760
anon_thp 9523167232
anon 9804926976
anon_thp 9802088448
anon 10073362432
anon_thp 10070523904
anon 10345992192
anon_thp 10343153664
anon 10610233344
anon_thp 10607394816
anon 10880765952
anon_thp 10877927424
anon 11147104256
anon_thp 11144265728
anon 11423928320
anon_thp 11421089792
anon 11696558080
anon_thp 11693719552
anon 11956604928
anon_thp 11953766400
anon 12227137536
anon_thp 12224299008
anon 12499767296
anon_thp 12496928768
anon 12768202752
anon_thp 12765364224
anon 13040832512
anon_thp 13037993984
anon 13305073664
anon_thp 13302235136
anon 13583994880
anon_thp 13581156352
anon 13850333184
anon_thp 13847494656
anon 14125060096
anon_thp 14122221568
anon 14399787008
anon_thp 14396948480
anon 14657736704
anon_thp 14654898176
anon 14928269312
anon_thp 14925430784
anon 15200899072
anon_thp 15198060544
anon 15473528832
anon_thp 15470690304
anon 15741964288
anon_thp 15739125760
anon 16008302592
anon_thp 16005464064
anon 16270446592
anon_thp 16267608064
anon 16538882048
anon_thp 16536043520
anon 16803123200
anon_thp 16800284672
anon 17071558656
anon_thp 17068720128
anon 17335799808
anon_thp 17332961280
anon 17604235264
anon_thp 17601396736
anon 17864282112
anon_thp 17861443584
anon 18726928384
anon_thp 18721275904
anon 20669431808
anon_thp 20656947200
anon 20719763456
anon_thp 20707278848
anon 20791066624
anon_thp 20778582016
anon 20828815360
anon_thp 20816330752
anon 20851884032
anon_thp 20839399424
anon 20868661248
anon_thp 20856176640
anon 20879147008
anon_thp 20866662400
anon 20891729920
anon_thp 20879245312
anon 20895924224
anon_thp 20883439616
anon 20898021376
anon_thp 20885536768
anon 20898021376
anon_thp 20885536768
anon 20898021376
anon_thp 20885536768
anon 20898021376
anon_thp 20885536768
anon 20895924224
anon_thp 20883439616
anon 20895924224
anon_thp 20883439616
anon 19550121984
anon_thp 19543359488
anon 20684111872
anon_thp 20671627264
anon 20728152064
anon_thp 20715667456
anon 20759609344
anon_thp 20747124736
anon 20778483712
anon_thp 20765999104
anon 20816232448
anon_thp 20803747840
anon 20841398272
anon_thp 20828913664
anon 20858175488
anon_thp 20845690880
anon 20872855552
anon_thp 20860370944
anon 20883341312
anon_thp 20870856704
anon 20891729920
anon_thp 20879245312
anon 20895924224
anon_thp 20883439616
anon 20898021376
anon_thp 20885536768
anon 20898021376
anon_thp 20885536768
anon 20898021376
anon_thp 20885536768
anon 20898021376
anon_thp 20885536768
anon 20898021376
anon_thp 20885536768
anon 20325502976
anon_thp 20315111424
anon 20705083392
anon_thp 20692598784
anon 20749123584
anon_thp 20736638976
anon 20776386560
anon_thp 20763901952
anon 20797358080
anon_thp 20784873472
anon 20812038144
anon_thp 20799553536
anon 20824621056
anon_thp 20812136448
anon 20835106816
anon_thp 20822622208
anon 20849786880
anon_thp 20837302272
anon 20870758400
anon_thp 20858273792
anon 20883341312
anon_thp 20870856704
anon 20893827072
anon_thp 20881342464
anon 20899954688
anon_thp 20889731072
anon 20899954688
anon_thp 20889731072
anon 20899954688
anon_thp 20889731072
anon 20899954688
anon_thp 20889731072
anon 20899954688
anon_thp 20889731072
anon 20899954688
anon_thp 20889731072
anon 20899954688
anon_thp 20889731072
anon 20899954688
anon_thp 20889731072
anon 19750141952
anon_thp 19742588928
anon 20692336640
anon_thp 20682113024
anon 20738473984
anon_thp 20728250368
anon 20769931264
anon_thp 20759707648
anon 20790902784
anon_thp 20780679168
anon 20826554368
anon_thp 20816330752
anon 20853817344
anon_thp 20843593728
anon 20872691712
anon_thp 20862468096
anon 20885274624
anon_thp 20875051008
anon 20895760384
anon_thp 20885536768
anon 20899954688
anon_thp 20889731072
anon 20899954688
anon_thp 20889731072
anon 20899954688
anon_thp 20889731072
anon 20899954688
anon_thp 20889731072
anon 20899954688
anon_thp 20889731072
anon 20899954688
anon_thp 20889731072
anon 19722878976
anon_thp 19715325952
anon 20690239488
anon_thp 20680015872
anon 20765736960
anon_thp 20755513344
anon 20809777152
anon_thp 20799553536
anon 20839137280
anon_thp 20828913664
anon 20855914496
anon_thp 20845690880
anon 20870594560
anon_thp 20860370944
anon 20883177472
anon_thp 20872953856
anon 20891566080
anon_thp 20881342464
anon 20897857536
anon_thp 20887633920
anon 20899954688
anon_thp 20889731072
anon 20899954688
anon_thp 20889731072
anon 20899954688
anon_thp 20889731072
anon 20899954688
anon_thp 20889731072
anon 20899954688
anon_thp 20889731072
anon 20899954688
anon_thp 20889731072
anon 20899954688
anon_thp 20889731072
anon 19806765056
anon_thp 19799212032
anon 20692336640
anon_thp 20682113024
anon 20740571136
anon_thp 20730347520
anon 20805582848
anon_thp 20795359232
anon 20839137280
anon_thp 20828913664
anon 20860108800
anon_thp 20849885184
anon 20874788864
anon_thp 20864565248
anon 20887371776
anon_thp 20877148160
anon 20895760384
anon_thp 20885536768
anon 20887371776
anon_thp 20877148160
anon 20899954688
anon_thp 20889731072
anon 20899954688
anon_thp 20889731072
anon 20899954688
anon_thp 20889731072
anon 20899954688
anon_thp 20889731072
anon 20899954688
anon_thp 20889731072
anon 20899954688
anon_thp 20889731072
anon 20369379328
anon_thp 20361248768
anon 20704919552
anon_thp 20694695936
anon 20778319872
anon_thp 20768096256
anon 20820262912
anon_thp 20810039296
anon 20847525888
anon_thp 20837302272
anon 20864303104
anon_thp 20854079488
anon 20876886016
anon_thp 20866662400
anon 20887371776
anon_thp 20877148160
anon 20895760384
anon_thp 20885536768
anon 20899954688
anon_thp 20889731072
anon 20899954688
anon_thp 20889731072
anon 20899954688
anon_thp 20889731072
anon 20899954688
anon_thp 20889731072
anon 20899954688
anon_thp 20889731072
anon 20899954688
anon_thp 20889731072
anon 20899954688
anon_thp 20889731072
anon 18870480896
anon_thp 18865979392
anon 20673462272
anon_thp 20663238656
anon 20753154048
anon_thp 20742930432
anon 20799291392
anon_thp 20789067776
anon 20826554368
anon_thp 20816330752
anon 20845428736
anon_thp 20835205120
anon 20860108800
anon_thp 20849885184
anon 20872691712
anon_thp 20862468096
anon 20883177472
anon_thp 20872953856
anon 20891566080
anon_thp 20881342464
anon 20897857536
anon_thp 20887633920
anon 20897857536
anon_thp 20887633920
anon 20899954688
anon_thp 20889731072
anon 20899954688
anon_thp 20889731072
anon 20899954688
anon_thp 20889731072
anon 20899954688
anon_thp 20889731072
anon 20899954688
anon_thp 20889731072
anon 20899954688
anon_thp 20889731072
anon 20899954688
anon_thp 20889731072
anon 19896942592
anon_thp 19889389568
anon 20698628096
anon_thp 20688404480
anon 20778319872
anon_thp 20768096256
anon 20818165760
anon_thp 20807942144
anon 20841234432
anon_thp 20831010816
anon 20860108800
anon_thp 20849885184
anon 20872691712
anon_thp 20862468096
anon 20883177472
anon_thp 20872953856
anon 20891566080
anon_thp 20881342464
anon 20897857536
anon_thp 20887633920
anon 20899954688
anon_thp 20889731072
anon 20899954688
anon_thp 20889731072
anon 20899954688
anon_thp 20889731072
anon 20899954688
anon_thp 20889731072
anon 20899954688
anon_thp 20889731072
anon 20899954688
anon_thp 20889731072
anon 20899954688
anon_thp 20889731072
anon 19440906240
anon_thp 19436404736
anon 20683948032
anon_thp 20673724416
anon 20763639808
anon_thp 20753416192
anon 20807680000
anon_thp 20797456384
anon 20837040128
anon_thp 20826816512
anon 20855914496
anon_thp 20845690880
anon 20870594560
anon_thp 20860370944
anon 20881080320
anon_thp 20870856704
anon 20889468928
anon_thp 20879245312
anon 20895760384
anon_thp 20885536768
anon 20899954688
anon_thp 20889731072
anon 20899954688
anon_thp 20889731072
anon 20899954688
anon_thp 20889731072
anon 20899954688
anon_thp 20889731072
anon 20899954688
anon_thp 20889731072
anon 20899954688
anon_thp 20889731072
anon 20899954688
anon_thp 20889731072
