hot 0 warm 0 cold 0
hot 2 warm 0 cold 0
hot 2 warm 0 cold 0
hot 2 warm 0 cold 0
hot 2 warm 0 cold 0
hot 2 warm 0 cold 0
hot 2 warm 0 cold 0
hot 2 warm 0 cold 0
hot 2 warm 0 cold 0
hot 2 warm 0 cold 0
hot 2 warm 0 cold 0
hot 2 warm 0 cold 0
hot 2 warm 0 cold 0
hot 2 warm 0 cold 0
hot 2 warm 0 cold 0
hot 2 warm 0 cold 0
hot 2 warm 0 cold 0
hot 2 warm 0 cold 0
hot 2 warm 0 cold 0
hot 2 warm 0 cold 0
hot 2 warm 0 cold 0
hot 2 warm 0 cold 0
hot 2 warm 0 cold 0
hot 2 warm 0 cold 0
hot 2 warm 0 cold 0
hot 2 warm 0 cold 0
hot 2 warm 0 cold 0
hot 2 warm 0 cold 0
hot 2 warm 0 cold 0
hot 2 warm 0 cold 0
hot 2 warm 0 cold 0
hot 2 warm 0 cold 0
hot 2 warm 0 cold 0
hot 2 warm 0 cold 0
hot 2 warm 0 cold 0
hot 2 warm 0 cold 0
hot 2 warm 0 cold 0
hot 2 warm 0 cold 0
hot 2 warm 0 cold 0
hot 2 warm 0 cold 0
hot 2 warm 0 cold 0
hot 2 warm 0 cold 0
hot 2 warm 0 cold 0
hot 2 warm 0 cold 0
hot 2 warm 0 cold 0
hot 2 warm 0 cold 0
hot 2 warm 0 cold 0
hot 2 warm 0 cold 0
hot 2 warm 0 cold 0
hot 2 warm 0 cold 0
hot 2 warm 0 cold 0
hot 2 warm 0 cold 0
hot 2 warm 0 cold 0
hot 2 warm 0 cold 0
hot 2 warm 0 cold 0
hot 2 warm 0 cold 0
hot 2 warm 0 cold 0
hot 2 warm 0 cold 0
hot 2 warm 0 cold 0
hot 2 warm 0 cold 0
hot 2 warm 0 cold 0
hot 2 warm 0 cold 0
hot 2 warm 0 cold 0
hot 2 warm 0 cold 0
hot 2 warm 0 cold 0
hot 2 warm 0 cold 0
hot 2 warm 0 cold 0
hot 25602 warm 0 cold 0
hot 421890 warm 0 cold 0
hot 453122 warm 0 cold 0
hot 819202 warm 0 cold 0
hot 1283586 warm 0 cold 0
hot 1683970 warm 0 cold 9
hot 592973 warm 0 cold 1510325
hot 741490 warm 1945488 cold 0
hot 894105 warm 2042217 cold 0
hot 1079475 warm 1856847 cold 0
hot 1547996 warm 0 cold 2197285
hot 2096902 warm 0 cold 1979643
hot 2737426 warm 0 cold 1657071
hot 1063198 warm 0 cold 3654371
hot 1155373 warm 0 cold 3745492
hot 1290571 warm 0 cold 3712182
hot 743995 warm 0 cold 3574808
hot 1122875 warm 0 cold 3574808
hot 1131067 warm 0 cold 3574808
hot 1146427 warm 0 cold 3575320
hot 1162811 warm 0 cold 3573784
hot 1217083 warm 0 cold 3549720
hot 1272891 warm 0 cold 3533336
hot 1313851 warm 0 cold 3517976
hot 1347644 warm 0 cold 3498519
hot 1388605 warm 0 cold 3469846
hot 1451070 warm 0 cold 3425301
hot 1707080 warm 0 cold 3221515
hot 979025 warm 0 cold 4089345
hot 990801 warm 0 cold 4087809
hot 995926 warm 0 cold 4087804
hot 997983 warm 1456639 cold 2631156
hot 998495 warm 1473535 cold 2613748
hot 295089 warm 1474047 cold 2613236
hot 684721 warm 1474047 cold 2613236
hot 695473 warm 1474559 cold 2612724
hot 712369 warm 1475583 cold 2611700
hot 724145 warm 1475583 cold 2611700
hot 730801 warm 1476095 cold 2611188
hot 737457 warm 1476095 cold 2611188
hot 747697 warm 1479167 cold 2608116
hot 766129 warm 1502207 cold 2585076
hot 790193 warm 1558015 cold 2528756
hot 809140 warm 1623551 cold 2462705
hot 826041 warm 1730047 cold 2353644
hot 748168 warm 50688 cold 4073330
hot 949384 warm 60928 cold 4063090
hot 970888 warm 70144 cold 4053874
hot 970888 warm 71680 cold 4052338
hot 1043080 warm 0 cold 4051826
hot 1043592 warm 0 cold 4051314
hot 1045640 warm 0 cold 4049266
hot 1046152 warm 0 cold 4048754
hot 339162 warm 0 cold 4048754
hot 731354 warm 0 cold 4048754
hot 739034 warm 0 cold 4048754
hot 756955 warm 2881024 cold 1167217
hot 771804 warm 2882560 cold 1165680
hot 807132 warm 2933760 cold 1108848
hot 842460 warm 2998784 cold 1034096
hot 872156 warm 3070464 cold 952176
hot 907484 warm 3137536 cold 865136
hot 935132 warm 3187200 cold 793456
hot 886491 warm 3243520 cold 669552
hot 1175259 warm 3265536 cold 616304
hot 1236699 warm 0 cold 3822448
hot 1307867 warm 0 cold 3774320
hot 1314011 warm 0 cold 3769200
hot 1315547 warm 0 cold 3767664
hot 621276 warm 0 cold 3766128
hot 1013980 warm 0 cold 3766128
hot 1037021 warm 0 cold 3764591
hot 1060061 warm 0 cold 3759983
hot 1090269 warm 3343872 cold 412015
hot 1118941 warm 3346432 cold 403311
hot 1143005 warm 3343872 cold 397679
hot 1164509 warm 3344896 cold 388463
hot 1193181 warm 0 cold 3715951
hot 1315039 warm 0 cold 3612014
hot 1425118 warm 0 cold 3505518
hot 1610974 warm 0 cold 3463534
hot 952030 warm 0 cold 4122478
hot 952542 warm 0 cold 4121966
hot 953566 warm 0 cold 4120942
hot 955102 warm 0 cold 4119406
hot 957662 warm 0 cold 4118382
hot 266544 warm 0 cold 4118382
hot 659760 warm 1408000 cold 2710382
hot 668464 warm 1411072 cold 2707310
hot 695088 warm 1428480 cold 2689902
hot 717105 warm 1454592 cold 2663277
hot 739633 warm 1480704 cold 2637165
hot 761649 warm 1519616 cold 2598253
hot 778033 warm 1561088 cold 2556781
hot 799025 warm 1638400 cold 2477933
hot 700208 warm 1923584 cold 2189677
hot 965936 warm 1960448 cold 2151789
hot 973104 warm 2128384 cold 1977197
hot 975664 warm 2330112 cold 1773421
hot 978224 warm 2514944 cold 1586029
hot 984880 warm 2700288 cold 1395565
hot 993072 warm 2760704 cold 1328493
hot 300139 warm 2760704 cold 1328493
hot 695403 warm 2761216 cold 1327981
hot 724075 warm 2770944 cold 1318253
hot 748651 warm 2788352 cold 1300333
hot 776299 warm 2806272 cold 1280877
hot 797803 warm 2822656 cold 1263981
hot 812651 warm 2841600 cold 1243501
hot 824939 warm 2874880 cold 1210221
hot 840299 warm 2950144 cold 1130861
hot 809579 warm 3141632 cold 925548
hot 1025131 warm 3159552 cold 903532
hot 1051243 warm 3234304 cold 803180
hot 1080939 warm 3286016 cold 722284
hot 1105515 warm 0 cold 3983724
hot 1132139 warm 0 cold 3957612
hot 1162347 warm 0 cold 3927916
hot 145288 warm 0 cold 4124580
hot 531848 warm 0 cold 4124580
hot 563080 warm 0 cold 4124580
hot 591752 warm 0 cold 4124580
hot 609672 warm 0 cold 4124580
hot 903560 warm 3565056 cold 281508
hot 923016 warm 3566080 cold 277412
hot 939912 warm 3565056 cold 272292
hot 961928 warm 3559936 cold 266660
hot 1005960 warm 3543040 cold 246180
hot 1216904 warm 0 cold 3599268
hot 1549191 warm 0 cold 3359652
hot 1667975 warm 0 cold 3306916
hot 852871 warm 0 cold 4122020
hot 855431 warm 0 cold 4119460
hot 855943 warm 0 cold 4118948
hot 856967 warm 0 cold 4117924
hot 857991 warm 0 cold 4117412
hot 860039 warm 0 cold 4115876
hot 280076 warm 0 cold 4115876
hot 673292 warm 0 cold 4115876
hot 710668 warm 1926144 cold 2189732
hot 737292 warm 1941504 cold 2174372
hot 762380 warm 1960960 cold 2154916
hot 779788 warm 1986560 cold 2129316
hot 788492 warm 2011648 cold 2104228
hot 795148 warm 2049024 cold 2066340
hot 803852 warm 2111488 cold 2002852
hot 829964 warm 2408448 cold 1704356
hot 905739 warm 2633728 cold 1476004
hot 992267 warm 0 cold 4103076
hot 1007627 warm 0 cold 4087716
hot 1021451 warm 0 cold 4073892
hot 1031179 warm 3039744 cold 1024420
hot 1048075 warm 0 cold 4047268
hot 1064459 warm 0 cold 4031396
hot 368140 warm 0 cold 4025764
hot 757772 warm 0 cold 4025764
hot 788492 warm 3343872 cold 681380
hot 818701 warm 3350016 cold 673699
hot 849421 warm 3354624 cold 665507
hot 868365 warm 3364352 cold 654243
hot 885261 warm 3376640 cold 638371
hot 896525 warm 3387904 cold 625059
hot 906253 warm 3405824 cold 603555
hot 939533 warm 3475456 cold 516515
hot 1005580 warm 3564544 cold 392611
hot 1154060 warm 0 cold 3939235
hot 1227276 warm 0 cold 3866019
hot 1305100 warm 0 cold 3788195
hot 1387532 warm 0 cold 3705763
hot 1472012 warm 0 cold 3621795
hot 1555981 warm 0 cold 3538338
