pgmigrate_success 54115625
pgmigrate_success 54115628
pgmigrate_success 54116141
pgmigrate_success 54116654
pgmigrate_success 54116654
pgmigrate_success 54120750
pgmigrate_success 54182738
pgmigrate_success 54248274
pgmigrate_success 54248274
pgmigrate_success 54285152
pgmigrate_success 54330208
pgmigrate_success 54410592
pgmigrate_success 54476640
pgmigrate_success 54515552
pgmigrate_success 54529376
pgmigrate_success 54549347
pgmigrate_success 54641526
pgmigrate_success 54739830
pgmigrate_success 54936827
pgmigrate_success 54936827
pgmigrate_success 55328507
pgmigrate_success 55533307
pgmigrate_success 55533819
pgmigrate_success 55533819
pgmigrate_success 55533819
pgmigrate_success 55533819
pgmigrate_success 55533819
pgmigrate_success 55534331
pgmigrate_success 55534331
pgmigrate_success 55534331
pgmigrate_success 55534331
pgmigrate_success 55534331
pgmigrate_success 55534331
pgmigrate_success 55534331
pgmigrate_success 55534331
pgmigrate_success 55534331
pgmigrate_success 55534331
pgmigrate_success 55534331
pgmigrate_success 55534331
pgmigrate_success 55534331
pgmigrate_success 55534331
pgmigrate_success 55534331
pgmigrate_success 55534331
pgmigrate_success 55534383
pgmigrate_success 55534383
pgmigrate_success 55534383
pgmigrate_success 55534383
pgmigrate_success 55534383
pgmigrate_success 55534383
pgmigrate_success 55534428
pgmigrate_success 55534428
pgmigrate_success 55534428
pgmigrate_success 55535402
pgmigrate_success 55535412
pgmigrate_success 55535527
pgmigrate_success 55535556
pgmigrate_success 55535577
pgmigrate_success 55535584
pgmigrate_success 55535591
pgmigrate_success 55535596
pgmigrate_success 55535604
pgmigrate_success 55535605
pgmigrate_success 55535605
pgmigrate_success 55536123
pgmigrate_success 55536125
pgmigrate_success 55536126
pgmigrate_success 55536127
pgmigrate_success 55536129
pgmigrate_success 55536642
pgmigrate_success 55536650
pgmigrate_success 55536650
pgmigrate_success 55536653
pgmigrate_success 55536653
pgmigrate_success 55536654
pgmigrate_success 55536654
pgmigrate_success 55536655
pgmigrate_success 55536662
pgmigrate_success 55536662
pgmigrate_success 55536664
pgmigrate_success 55536664
pgmigrate_success 55536667
pgmigrate_success 55537869
pgmigrate_success 55537870
pgmigrate_success 55537871
pgmigrate_success 55537877
pgmigrate_success 55537877
pgmigrate_success 55537879
pgmigrate_success 55537879
pgmigrate_success 55537881
pgmigrate_success 55537881
pgmigrate_success 55537883
pgmigrate_success 55537883
pgmigrate_success 55537890
pgmigrate_success 55537890
pgmigrate_success 55537890
pgmigrate_success 55537890
pgmigrate_success 55537892
pgmigrate_success 55537892
pgmigrate_success 55537892
pgmigrate_success 55537892
pgmigrate_success 55537892
pgmigrate_success 55537894
pgmigrate_success 55537894
pgmigrate_success 55537896
pgmigrate_success 55537899
pgmigrate_success 55537899
pgmigrate_success 55538417
pgmigrate_success 55538417
pgmigrate_success 55538418
pgmigrate_success 55538420
pgmigrate_success 55538423
pgmigrate_success 55538423
pgmigrate_success 55538500
pgmigrate_success 55538500
pgmigrate_success 55538500
pgmigrate_success 55538500
pgmigrate_success 55538500
pgmigrate_success 55538502
pgmigrate_success 55538504
pgmigrate_success 55538506
pgmigrate_success 55538507
pgmigrate_success 55538509
pgmigrate_success 55538509
pgmigrate_success 55538510
pgmigrate_success 55538510
pgmigrate_success 55538515
pgmigrate_success 55538516
pgmigrate_success 55538517
pgmigrate_success 55538518
pgmigrate_success 55538518
pgmigrate_success 55538519
pgmigrate_success 55538519
pgmigrate_success 55538522
pgmigrate_success 55538522
pgmigrate_success 55538522
pgmigrate_success 55538524
pgmigrate_success 55538525
pgmigrate_success 55538525
pgmigrate_success 55538525
pgmigrate_success 55538525
pgmigrate_success 55538525
pgmigrate_success 55538526
pgmigrate_success 55538527
pgmigrate_success 55538527
pgmigrate_success 55538590
pgmigrate_success 55538591
pgmigrate_success 55538591
pgmigrate_success 55538591
pgmigrate_success 55538591
pgmigrate_success 55538592
pgmigrate_success 55538593
pgmigrate_success 55538593
pgmigrate_success 55538594
pgmigrate_success 55538598
pgmigrate_success 55538599
pgmigrate_success 55538599
pgmigrate_success 55538600
pgmigrate_success 55538601
pgmigrate_success 55538602
pgmigrate_success 55538603
pgmigrate_success 55538604
pgmigrate_success 55538605
pgmigrate_success 55538605
pgmigrate_success 55538605
pgmigrate_success 55538605
pgmigrate_success 55538605
pgmigrate_success 55538608
pgmigrate_success 55538609
pgmigrate_success 55538610
pgmigrate_success 55538611
pgmigrate_success 55538611
pgmigrate_success 55538611
pgmigrate_success 55538611
pgmigrate_success 55538611
pgmigrate_success 55538611
pgmigrate_success 55538789
pgmigrate_success 55538789
pgmigrate_success 55538789
pgmigrate_success 55538790
pgmigrate_success 55538791
pgmigrate_success 55538794
pgmigrate_success 55538795
pgmigrate_success 55538796
pgmigrate_success 55538796
pgmigrate_success 55538796
pgmigrate_success 55538796
pgmigrate_success 55538796
pgmigrate_success 55538798
pgmigrate_success 55538800
pgmigrate_success 55538800
pgmigrate_success 55538800
pgmigrate_success 55538800
pgmigrate_success 55538800
pgmigrate_success 55538800
pgmigrate_success 55538800
pgmigrate_success 55538802
pgmigrate_success 55538803
pgmigrate_success 55538804
pgmigrate_success 55538804
pgmigrate_success 55538804
pgmigrate_success 55538805
pgmigrate_success 55538805
pgmigrate_success 55538805
pgmigrate_success 55538805
pgmigrate_success 55538805
pgmigrate_success 55538806
pgmigrate_success 55538806
pgmigrate_success 55538865
pgmigrate_success 55538865
pgmigrate_success 55538865
pgmigrate_success 55538865
pgmigrate_success 55538867
pgmigrate_success 55538868
pgmigrate_success 55538869
pgmigrate_success 55538869
pgmigrate_success 55538869
pgmigrate_success 55538870
pgmigrate_success 55538870
pgmigrate_success 55538870
pgmigrate_success 55538870
pgmigrate_success 55538870
pgmigrate_success 55538870
pgmigrate_success 55538870
pgmigrate_success 55538870
pgmigrate_success 55538872
pgmigrate_success 55538872
pgmigrate_success 55538872
pgmigrate_success 55538873
pgmigrate_success 55538873
pgmigrate_success 55538874
pgmigrate_success 55538874
pgmigrate_success 55538874
pgmigrate_success 55538874
pgmigrate_success 55538875
pgmigrate_success 55538875
pgmigrate_success 55538875
pgmigrate_success 55538875
pgmigrate_success 55538877
pgmigrate_success 55538937
pgmigrate_success 55538937
pgmigrate_success 55538937
pgmigrate_success 55538938
pgmigrate_success 55538938
pgmigrate_success 55538938
pgmigrate_success 55538938
pgmigrate_success 55538939
pgmigrate_success 55538939
pgmigrate_success 55538939
pgmigrate_success 55538939
pgmigrate_success 55538939
pgmigrate_success 55538939
pgmigrate_success 55538939
pgmigrate_success 55538939
pgmigrate_success 55538941
pgmigrate_success 55538941
pgmigrate_success 55538941
pgmigrate_success 55538941
pgmigrate_success 55538942
pgmigrate_success 55538942
pgmigrate_success 55538942
pgmigrate_success 55538942
pgmigrate_success 55538942
pgmigrate_success 55538943
pgmigrate_success 55538943
pgmigrate_success 55538943
pgmigrate_success 55538944
pgmigrate_success 55538944
pgmigrate_success 55538944
pgmigrate_success 55538944
pgmigrate_success 55538945
pgmigrate_success 55539000
pgmigrate_success 55539000
pgmigrate_success 55539000
pgmigrate_success 55539001
pgmigrate_success 55539001
pgmigrate_success 55539513
pgmigrate_success 55539513
pgmigrate_success 55539513
pgmigrate_success 55539513
pgmigrate_success 55539513
pgmigrate_success 55539513
pgmigrate_success 55539513
pgmigrate_success 55539515
pgmigrate_success 55539515
pgmigrate_success 55539515
pgmigrate_success 55539515
pgmigrate_success 55539517
pgmigrate_success 55539518
pgmigrate_success 55539518
pgmigrate_success 55539518
pgmigrate_success 55539518
pgmigrate_success 55539518
pgmigrate_success 55539518
pgmigrate_success 55539518
pgmigrate_success 55539519
pgmigrate_success 55539520
pgmigrate_success 55539520
pgmigrate_success 55539520
pgmigrate_success 55539520
pgmigrate_success 55539520
pgmigrate_success 55539520
pgmigrate_success 55539570
pgmigrate_success 55539570
pgmigrate_success 55539570
pgmigrate_success 55539570
pgmigrate_success 55539570
pgmigrate_success 55539571
pgmigrate_success 55539572
pgmigrate_success 55539572
pgmigrate_success 55539572
pgmigrate_success 55539572
pgmigrate_success 55539572
pgmigrate_success 55539572
pgmigrate_success 55539572
pgmigrate_success 55539573
pgmigrate_success 55539573
pgmigrate_success 55539573
pgmigrate_success 55539573
pgmigrate_success 55539573
pgmigrate_success 55539573
pgmigrate_success 55539573
pgmigrate_success 55539573
pgmigrate_success 55539573
pgmigrate_success 55539575
pgmigrate_success 55539575
pgmigrate_success 55539575
pgmigrate_success 55539575
pgmigrate_success 55539575
pgmigrate_success 55539575
pgmigrate_success 55539575
pgmigrate_success 55539576
pgmigrate_success 55539576
pgmigrate_success 55539576
pgmigrate_success 55539624
pgmigrate_success 55539624
pgmigrate_success 55539624
pgmigrate_success 55539624
pgmigrate_success 55539624
pgmigrate_success 55539625
pgmigrate_success 55539625
pgmigrate_success 55539625
pgmigrate_success 55539625
pgmigrate_success 55539625
pgmigrate_success 55539625
pgmigrate_success 55539625
pgmigrate_success 55539625
pgmigrate_success 55539626
pgmigrate_success 55539626
pgmigrate_success 55539627
pgmigrate_success 55539627
pgmigrate_success 55540139
pgmigrate_success 55544166
pgmigrate_success 55544166
pgmigrate_success 55544166
pgmigrate_success 55544166
pgmigrate_success 55544166
pgmigrate_success 55544166
pgmigrate_success 55544166
pgmigrate_success 55544166
pgmigrate_success 55544166
pgmigrate_success 55544166
pgmigrate_success 55544166
pgmigrate_success 55544166
pgmigrate_success 55544166
pgmigrate_success 55544166
pgmigrate_success 55544166
pgmigrate_success 55544166
pgmigrate_success 55544166
pgmigrate_success 55544166
pgmigrate_success 55544166
pgmigrate_success 55544166
pgmigrate_success 55544166
pgmigrate_success 55544166
pgmigrate_success 55544166
pgmigrate_success 55544166
pgmigrate_success 55544166
pgmigrate_success 55544166
pgmigrate_success 55544166
pgmigrate_success 55544166
pgmigrate_success 55544166
pgmigrate_success 55544166
pgmigrate_success 55544678
pgmigrate_success 55544678
pgmigrate_success 55544678
pgmigrate_success 55544678
pgmigrate_success 55544678
pgmigrate_success 55544678
pgmigrate_success 55544678
pgmigrate_success 55544678
pgmigrate_success 55544678
pgmigrate_success 55544678
pgmigrate_success 55544678
pgmigrate_success 55544678
pgmigrate_success 55544678
pgmigrate_success 55544678
pgmigrate_success 55544678
pgmigrate_success 55544678
pgmigrate_success 55544678
pgmigrate_success 55544678
pgmigrate_success 55544678
pgmigrate_success 55544678
pgmigrate_success 55544678
pgmigrate_success 55544678
pgmigrate_success 55544678
pgmigrate_success 55544678
pgmigrate_success 55544678
pgmigrate_success 55544678
pgmigrate_success 55544678
pgmigrate_success 55544678
pgmigrate_success 55544678
pgmigrate_success 55544678
pgmigrate_success 55544678
pgmigrate_success 55544678
pgmigrate_success 55544678
pgmigrate_success 55544678
pgmigrate_success 55544678
pgmigrate_success 55544678
pgmigrate_success 55544678
pgmigrate_success 55544678
pgmigrate_success 55544678
pgmigrate_success 55544678
pgmigrate_success 55544678
pgmigrate_success 55544678
pgmigrate_success 55544678
pgmigrate_success 55544678
pgmigrate_success 55544678
pgmigrate_success 55544678
pgmigrate_success 55544678
pgmigrate_success 55544678
pgmigrate_success 55544678
pgmigrate_success 55544678
pgmigrate_success 55544678
pgmigrate_success 55544678
pgmigrate_success 55544678
pgmigrate_success 55544678
pgmigrate_success 55544678
pgmigrate_success 55544678
