pgmigrate_success 36209027
pgmigrate_success 36209029
pgmigrate_success 36209031
pgmigrate_success 36209031
pgmigrate_success 36209065
pgmigrate_success 36220843
pgmigrate_success 36271531
pgmigrate_success 36271531
pgmigrate_success 36271531
pgmigrate_success 36271531
pgmigrate_success 36272043
pgmigrate_success 36272043
pgmigrate_success 36272043
pgmigrate_success 36272043
pgmigrate_success 36272062
pgmigrate_success 36272062
pgmigrate_success 36272062
pgmigrate_success 36272062
pgmigrate_success 36272062
pgmigrate_success 36272062
pgmigrate_success 36272062
pgmigrate_success 36272062
pgmigrate_success 36272062
pgmigrate_success 36272062
pgmigrate_success 36272062
pgmigrate_success 36272062
pgmigrate_success 36272062
pgmigrate_success 36272062
pgmigrate_success 36272062
pgmigrate_success 36272062
pgmigrate_success 36272574
pgmigrate_success 36273265
pgmigrate_success 36273265
pgmigrate_success 36273265
pgmigrate_success 36273265
pgmigrate_success 36273777
pgmigrate_success 36273777
pgmigrate_success 36273777
pgmigrate_success 36273777
pgmigrate_success 36273777
pgmigrate_success 36273777
pgmigrate_success 36273829
pgmigrate_success 36273829
pgmigrate_success 36273829
pgmigrate_success 36273829
pgmigrate_success 36273829
pgmigrate_success 36273829
pgmigrate_success 36273829
pgmigrate_success 36273829
pgmigrate_success 36273829
pgmigrate_success 36273829
pgmigrate_success 36273829
pgmigrate_success 36273829
pgmigrate_success 36274341
pgmigrate_success 36274341
pgmigrate_success 36274341
pgmigrate_success 36274341
pgmigrate_success 36274341
pgmigrate_success 36274341
pgmigrate_success 36274853
pgmigrate_success 36274853
pgmigrate_success 36274853
pgmigrate_success 36274956
pgmigrate_success 36274956
pgmigrate_success 36274956
pgmigrate_success 36275468
pgmigrate_success 36275980
pgmigrate_success 36275980
pgmigrate_success 36275980
pgmigrate_success 36275980
pgmigrate_success 36275980
pgmigrate_success 36275980
pgmigrate_success 36275980
pgmigrate_success 36276009
pgmigrate_success 36276009
pgmigrate_success 36276521
pgmigrate_success 36276521
pgmigrate_success 36276521
pgmigrate_success 36276521
pgmigrate_success 36276521
pgmigrate_success 36276521
pgmigrate_success 36280117
pgmigrate_success 36280117
pgmigrate_success 36280117
pgmigrate_success 36280117
pgmigrate_success 36280117
pgmigrate_success 36280117
pgmigrate_success 36280117
pgmigrate_success 36280117
pgmigrate_success 36280629
pgmigrate_success 36280629
pgmigrate_success 36280629
pgmigrate_success 36280629
pgmigrate_success 36280629
pgmigrate_success 36280694
pgmigrate_success 36280694
pgmigrate_success 36280694
pgmigrate_success 36280694
pgmigrate_success 36280694
pgmigrate_success 36280694
pgmigrate_success 36280694
pgmigrate_success 36280694
pgmigrate_success 36280694
pgmigrate_success 36280694
pgmigrate_success 36280694
pgmigrate_success 36280694
pgmigrate_success 36280694
pgmigrate_success 36280694
pgmigrate_success 36280694
pgmigrate_success 36280694
pgmigrate_success 36280694
pgmigrate_success 36280694
pgmigrate_success 36280694
pgmigrate_success 36280694
pgmigrate_success 36280694
pgmigrate_success 36280694
pgmigrate_success 36280694
pgmigrate_success 36280694
pgmigrate_success 36280694
pgmigrate_success 36280694
pgmigrate_success 36280694
pgmigrate_success 36280694
pgmigrate_success 36280694
pgmigrate_success 36280694
pgmigrate_success 36280694
pgmigrate_success 36280739
pgmigrate_success 36280739
pgmigrate_success 36280739
pgmigrate_success 36280739
pgmigrate_success 36280739
pgmigrate_success 36280739
pgmigrate_success 36280739
pgmigrate_success 36280739
pgmigrate_success 36280739
pgmigrate_success 36280739
pgmigrate_success 36280739
pgmigrate_success 36280739
pgmigrate_success 36280739
pgmigrate_success 36280739
pgmigrate_success 36280739
pgmigrate_success 36280739
pgmigrate_success 36280739
pgmigrate_success 36280739
pgmigrate_success 36280739
pgmigrate_success 36280739
pgmigrate_success 36280739
pgmigrate_success 36280739
pgmigrate_success 36280739
pgmigrate_success 36280739
pgmigrate_success 36282275
pgmigrate_success 36282275
pgmigrate_success 36282787
pgmigrate_success 36282787
pgmigrate_success 36282787
pgmigrate_success 36282787
pgmigrate_success 36282787
pgmigrate_success 36282826
pgmigrate_success 36282826
pgmigrate_success 36282826
pgmigrate_success 36282826
pgmigrate_success 36282826
pgmigrate_success 36282826
pgmigrate_success 36282826
pgmigrate_success 36282826
pgmigrate_success 36282826
pgmigrate_success 36282826
pgmigrate_success 36282826
pgmigrate_success 36282826
pgmigrate_success 36282826
pgmigrate_success 36282826
pgmigrate_success 36282826
pgmigrate_success 36282826
pgmigrate_success 36282826
pgmigrate_success 36282826
pgmigrate_success 36282826
pgmigrate_success 36282829
pgmigrate_success 36282829
pgmigrate_success 36282829
pgmigrate_success 36282829
pgmigrate_success 36282829
pgmigrate_success 36282829
pgmigrate_success 36282829
pgmigrate_success 36282829
pgmigrate_success 36282829
pgmigrate_success 36282829
pgmigrate_success 36282829
pgmigrate_success 36282829
pgmigrate_success 36282857
pgmigrate_success 36282857
pgmigrate_success 36282857
pgmigrate_success 36282857
pgmigrate_success 36282857
pgmigrate_success 36282857
pgmigrate_success 36282857
pgmigrate_success 36282857
pgmigrate_success 36282857
pgmigrate_success 36282857
pgmigrate_success 36282857
pgmigrate_success 36282857
pgmigrate_success 36282857
pgmigrate_success 36282857
pgmigrate_success 36282857
pgmigrate_success 36283369
pgmigrate_success 36283369
pgmigrate_success 36283369
pgmigrate_success 36283369
pgmigrate_success 36283369
pgmigrate_success 36283369
pgmigrate_success 36283369
pgmigrate_success 36283369
pgmigrate_success 36283369
pgmigrate_success 36283883
pgmigrate_success 36283883
pgmigrate_success 36283883
pgmigrate_success 36283883
pgmigrate_success 36283883
pgmigrate_success 36283883
pgmigrate_success 36283883
pgmigrate_success 36283883
pgmigrate_success 36283915
pgmigrate_success 36283915
pgmigrate_success 36283915
pgmigrate_success 36283915
pgmigrate_success 36284427
pgmigrate_success 36284427
pgmigrate_success 36284427
pgmigrate_success 36284427
pgmigrate_success 36284427
pgmigrate_success 36284427
pgmigrate_success 36284427
pgmigrate_success 36284427
pgmigrate_success 36284427
pgmigrate_success 36284427
pgmigrate_success 36284427
pgmigrate_success 36284427
pgmigrate_success 36284939
pgmigrate_success 36284939
pgmigrate_success 36284939
pgmigrate_success 36284939
pgmigrate_success 36284939
pgmigrate_success 36284939
pgmigrate_success 36284939
pgmigrate_success 36284939
pgmigrate_success 36284939
pgmigrate_success 36284939
pgmigrate_success 36284939
pgmigrate_success 36284939
pgmigrate_success 36284939
pgmigrate_success 36284939
pgmigrate_success 36284939
pgmigrate_success 36284978
pgmigrate_success 36284978
pgmigrate_success 36284978
pgmigrate_success 36284978
pgmigrate_success 36284978
pgmigrate_success 36284978
pgmigrate_success 36284978
pgmigrate_success 36284978
pgmigrate_success 36284978
pgmigrate_success 36284978
pgmigrate_success 36284978
pgmigrate_success 36284978
pgmigrate_success 36284978
pgmigrate_success 36284978
pgmigrate_success 36284978
pgmigrate_success 36284978
pgmigrate_success 36284978
pgmigrate_success 36284978
pgmigrate_success 36284981
pgmigrate_success 36284981
pgmigrate_success 36284981
pgmigrate_success 36284981
pgmigrate_success 36285497
pgmigrate_success 36285497
pgmigrate_success 36285497
pgmigrate_success 36285497
pgmigrate_success 36286009
pgmigrate_success 36286009
pgmigrate_success 36287545
pgmigrate_success 36287545
pgmigrate_success 36288057
pgmigrate_success 36288092
pgmigrate_success 36288092
pgmigrate_success 36288092
pgmigrate_success 36288092
pgmigrate_success 36288092
pgmigrate_success 36288092
pgmigrate_success 36288092
pgmigrate_success 36288092
pgmigrate_success 36288092
pgmigrate_success 36288092
pgmigrate_success 36288092
pgmigrate_success 36288092
pgmigrate_success 36288092
pgmigrate_success 36288092
pgmigrate_success 36288092
pgmigrate_success 36288092
pgmigrate_success 36288092
pgmigrate_success 36288092
pgmigrate_success 36288092
pgmigrate_success 36288092
pgmigrate_success 36288092
pgmigrate_success 36288092
pgmigrate_success 36288092
pgmigrate_success 36288092
pgmigrate_success 36288092
pgmigrate_success 36288092
pgmigrate_success 36288092
pgmigrate_success 36288092
pgmigrate_success 36288092
pgmigrate_success 36288092
pgmigrate_success 36288092
pgmigrate_success 36288092
pgmigrate_success 36288137
pgmigrate_success 36288137
pgmigrate_success 36288137
pgmigrate_success 36288137
pgmigrate_success 36288137
pgmigrate_success 36288137
pgmigrate_success 36288137
pgmigrate_success 36288137
pgmigrate_success 36288137
pgmigrate_success 36288137
pgmigrate_success 36288137
pgmigrate_success 36288137
pgmigrate_success 36288137
pgmigrate_success 36288137
pgmigrate_success 36288137
pgmigrate_success 36288137
pgmigrate_success 36288137
pgmigrate_success 36288137
pgmigrate_success 36288137
pgmigrate_success 36288137
pgmigrate_success 36288137
pgmigrate_success 36288138
pgmigrate_success 36288138
pgmigrate_success 36288138
pgmigrate_success 36288138
pgmigrate_success 36288138
pgmigrate_success 36288138
pgmigrate_success 36288138
pgmigrate_success 36288138
pgmigrate_success 36288138
pgmigrate_success 36288138
pgmigrate_success 36288685
pgmigrate_success 36288685
pgmigrate_success 36288685
pgmigrate_success 36288685
pgmigrate_success 36289197
pgmigrate_success 36289197
pgmigrate_success 36289197
pgmigrate_success 36289197
pgmigrate_success 36289197
pgmigrate_success 36289197
pgmigrate_success 36289197
pgmigrate_success 36289197
pgmigrate_success 36289197
pgmigrate_success 36289197
pgmigrate_success 36289197
pgmigrate_success 36289197
pgmigrate_success 36289197
pgmigrate_success 36289197
pgmigrate_success 36289197
pgmigrate_success 36289197
pgmigrate_success 36289197
pgmigrate_success 36289197
pgmigrate_success 36289197
pgmigrate_success 36289197
pgmigrate_success 36289197
pgmigrate_success 36289197
pgmigrate_success 36289197
pgmigrate_success 36289197
pgmigrate_success 36289197
pgmigrate_success 36289197
pgmigrate_success 36289709
pgmigrate_success 36289749
pgmigrate_success 36289749
pgmigrate_success 36289749
pgmigrate_success 36289749
pgmigrate_success 36290261
pgmigrate_success 36290261
pgmigrate_success 36290261
pgmigrate_success 36290261
pgmigrate_success 36290261
pgmigrate_success 36290261
pgmigrate_success 36290261
pgmigrate_success 36290261
pgmigrate_success 36290261
pgmigrate_success 36290261
pgmigrate_success 36290261
pgmigrate_success 36290261
pgmigrate_success 36290261
pgmigrate_success 36290261
pgmigrate_success 36290261
pgmigrate_success 36290261
pgmigrate_success 36290261
pgmigrate_success 36290261
pgmigrate_success 36290261
pgmigrate_success 36290261
pgmigrate_success 36290261
pgmigrate_success 36290261
pgmigrate_success 36290261
pgmigrate_success 36290261
pgmigrate_success 36290261
pgmigrate_success 36290261
pgmigrate_success 36290261
pgmigrate_success 36290261
pgmigrate_success 36290286
pgmigrate_success 36290286
pgmigrate_success 36290286
pgmigrate_success 36290286
pgmigrate_success 36290286
pgmigrate_success 36290286
pgmigrate_success 36290286
pgmigrate_success 36290286
pgmigrate_success 36290286
pgmigrate_success 36290286
pgmigrate_success 36290798
pgmigrate_success 36290798
pgmigrate_success 36290798
pgmigrate_success 36290798
pgmigrate_success 36290798
pgmigrate_success 36290799
pgmigrate_success 36290801
pgmigrate_success 36290802
pgmigrate_success 36290802
pgmigrate_success 36290802
pgmigrate_success 36290802
pgmigrate_success 36290802
pgmigrate_success 36290802
pgmigrate_success 36290802
pgmigrate_success 36290802
pgmigrate_success 36290802
pgmigrate_success 36290802
pgmigrate_success 36290802
pgmigrate_success 36290802
pgmigrate_success 36290802
pgmigrate_success 36290802
pgmigrate_success 36290845
pgmigrate_success 36290845
pgmigrate_success 36290845
pgmigrate_success 36290845
pgmigrate_success 36290845
pgmigrate_success 36291357
pgmigrate_success 36291357
pgmigrate_success 36291357
pgmigrate_success 36291358
pgmigrate_success 36291358
pgmigrate_success 36291358
pgmigrate_success 36291358
pgmigrate_success 36291358
pgmigrate_success 36291358
pgmigrate_success 36291391
pgmigrate_success 36291391
pgmigrate_success 36291391
pgmigrate_success 36291391
pgmigrate_success 36291391
pgmigrate_success 36291391
pgmigrate_success 36291391
pgmigrate_success 36291391
pgmigrate_success 36291391
pgmigrate_success 36298593
pgmigrate_success 36303834
pgmigrate_success 36309686
pgmigrate_success 36318280
pgmigrate_success 36318280
pgmigrate_success 36318280
pgmigrate_success 36318280
pgmigrate_success 36318280
pgmigrate_success 36326131
pgmigrate_success 36358371
pgmigrate_success 36359979
pgmigrate_success 36359979
pgmigrate_success 36359979
pgmigrate_success 36359979
pgmigrate_success 36360082
pgmigrate_success 36370466
pgmigrate_success 36370978
pgmigrate_success 36370978
pgmigrate_success 36370978
pgmigrate_success 36370978
pgmigrate_success 36370978
pgmigrate_success 36370978
pgmigrate_success 36370978
pgmigrate_success 36371490
pgmigrate_success 36371490
pgmigrate_success 36371491
pgmigrate_success 36371491
pgmigrate_success 36371491
pgmigrate_success 36371491
pgmigrate_success 36371491
pgmigrate_success 36371491
pgmigrate_success 36371491
pgmigrate_success 36371493
pgmigrate_success 36371493
pgmigrate_success 36371493
pgmigrate_success 36371493
pgmigrate_success 36371493
pgmigrate_success 36371493
pgmigrate_success 36371589
pgmigrate_success 36371589
pgmigrate_success 36372145
pgmigrate_success 36373300
pgmigrate_success 36373300
pgmigrate_success 36373720
pgmigrate_success 36373720
pgmigrate_success 36374295
pgmigrate_success 36374391
pgmigrate_success 36374399
pgmigrate_success 36374399
pgmigrate_success 36374399
pgmigrate_success 36374418
pgmigrate_success 36374418
pgmigrate_success 36374418
pgmigrate_success 36374418
pgmigrate_success 36374576
pgmigrate_success 36374919
pgmigrate_success 36374919
pgmigrate_success 36375079
pgmigrate_success 36375133
pgmigrate_success 36375495
pgmigrate_success 36375495
pgmigrate_success 36375495
pgmigrate_success 36376050
pgmigrate_success 36376236
pgmigrate_success 36376629
pgmigrate_success 36376629
pgmigrate_success 36376632
pgmigrate_success 36376892
pgmigrate_success 36376932
pgmigrate_success 36377078
pgmigrate_success 36377078
pgmigrate_success 36377465
pgmigrate_success 36379019
pgmigrate_success 36379836
pgmigrate_success 36380466
pgmigrate_success 36380650
pgmigrate_success 36380690
pgmigrate_success 36380690
pgmigrate_success 36380707
pgmigrate_success 36380809
pgmigrate_success 36380858
pgmigrate_success 36380956
pgmigrate_success 36381005
pgmigrate_success 36381021
pgmigrate_success 36381084
pgmigrate_success 36381183
pgmigrate_success 36381281
pgmigrate_success 36381281
pgmigrate_success 36381281
pgmigrate_success 36381281
pgmigrate_success 36381281
pgmigrate_success 36381415
pgmigrate_success 36381703
pgmigrate_success 36381816
pgmigrate_success 36382089
pgmigrate_success 36382179
pgmigrate_success 36382394
pgmigrate_success 36382417
pgmigrate_success 36382501
pgmigrate_success 36382551
pgmigrate_success 36382551
pgmigrate_success 36382866
pgmigrate_success 36382990
pgmigrate_success 36382990
pgmigrate_success 36384896
