anon 0
anon_thp 0
anon 3691327488
anon_thp 3688890368
anon 7896117248
anon_thp 7893680128
anon 12008415232
anon_thp 12004098048
anon 16706351104
anon_thp 16701718528
anon 17283072000
anon_thp 17278435328
anon 17280974848
anon_thp 17276338176
anon 17283100672
anon_thp 17278435328
anon 17394515968
anon_thp 17389584384
anon 19590234112
anon_thp 19585302528
anon 21788049408
anon_thp 21783117824
anon 23966990336
anon_thp 23962058752
anon 25921818624
anon_thp 25916604416
anon 26142019584
anon_thp 26136805376
anon 27325906944
anon_thp 27319599104
anon 28410195968
anon_thp 28403826688
anon 28410200064
anon_thp 28403826688
anon 28410200064
anon_thp 28403826688
anon 28410200064
anon_thp 28403826688
anon 28410200064
anon_thp 28403826688
anon 28410200064
anon_thp 28403826688
anon 28410200064
anon_thp 28403826688
anon 28410200064
anon_thp 28403826688
anon 28410200064
anon_thp 28403826688
anon 28410200064
anon_thp 28403826688
anon 28410200064
anon_thp 28403826688
anon 28410200064
anon_thp 28403826688
anon 28410216448
anon_thp 28403826688
anon 28410216448
anon_thp 28403826688
anon 28410216448
anon_thp 28403826688
anon 28410216448
anon_thp 28403826688
anon 28410216448
anon_thp 28403826688
anon 28410220544
anon_thp 28403826688
anon 28410220544
anon_thp 28403826688
anon 28410220544
anon_thp 28403826688
anon 28410220544
anon_thp 28403826688
anon 28410220544
anon_thp 28403826688
anon 28410220544
anon_thp 28403826688
anon 28410220544
anon_thp 28403826688
anon 28410220544
anon_thp 28403826688
anon 28410220544
anon_thp 28403826688
anon 28410220544
anon_thp 28403826688
anon 28410220544
anon_thp 28403826688
anon 28410220544
anon_thp 28403826688
anon 28410220544
anon_thp 28403826688
anon 28410220544
anon_thp 28403826688
anon 28410220544
anon_thp 28403826688
anon 28410220544
anon_thp 28403826688
anon 28410220544
anon_thp 28403826688
anon 28410220544
anon_thp 28403826688
anon 28410220544
anon_thp 28403826688
anon 28410220544
anon_thp 28403826688
anon 28410220544
anon_thp 28403826688
anon 28410220544
anon_thp 28403826688
anon 28410220544
anon_thp 28403826688
anon 28410220544
anon_thp 28403826688
anon 28410220544
anon_thp 28403826688
anon 28410220544
anon_thp 28403826688
anon 28410220544
anon_thp 28403826688
anon 28410220544
anon_thp 28403826688
anon 28410220544
anon_thp 28403826688
anon 28410220544
anon_thp 28403826688
anon 28410220544
anon_thp 28403826688
anon 28410220544
anon_thp 28403826688
anon 28410220544
anon_thp 28403826688
anon 28410220544
anon_thp 28403826688
anon 28410220544
anon_thp 28403826688
anon 28410220544
anon_thp 28403826688
anon 28410220544
anon_thp 28403826688
anon 28410220544
anon_thp 28403826688
anon 28410220544
anon_thp 28403826688
anon 28410220544
anon_thp 28403826688
anon 28410220544
anon_thp 28403826688
anon 28410220544
anon_thp 28403826688
anon 28410220544
anon_thp 28403826688
anon 28410220544
anon_thp 28403826688
anon 28410220544
anon_thp 28403826688
anon 28410220544
anon_thp 28403826688
anon 28410220544
anon_thp 28403826688
anon 28410220544
anon_thp 28403826688
anon 28410220544
anon_thp 28403826688
anon 28410220544
anon_thp 28403826688
anon 28410220544
anon_thp 28403826688
anon 28410220544
anon_thp 28403826688
anon 28410220544
anon_thp 28403826688
anon 28410220544
anon_thp 28403826688
anon 28410220544
anon_thp 28403826688
anon 28410220544
anon_thp 28403826688
anon 28410220544
anon_thp 28403826688
anon 28410220544
anon_thp 28403826688
anon 28410220544
anon_thp 28403826688
anon 28410220544
anon_thp 28403826688
anon 28410220544
anon_thp 28403826688
anon 28410220544
anon_thp 28403826688
anon 28410220544
anon_thp 28403826688
anon 28410220544
anon_thp 28403826688
anon 28410220544
anon_thp 28403826688
anon 28410220544
anon_thp 28403826688
anon 28410220544
anon_thp 28403826688
anon 28410220544
anon_thp 28403826688
anon 28410220544
anon_thp 28403826688
anon 28410220544
anon_thp 28403826688
anon 28410220544
anon_thp 28403826688
anon 28410220544
anon_thp 28403826688
anon 28410220544
anon_thp 28403826688
anon 28410220544
anon_thp 28403826688
anon 28410220544
anon_thp 28403826688
anon 28410220544
anon_thp 28403826688
anon 28410220544
anon_thp 28403826688
anon 28410220544
anon_thp 28403826688
anon 28410220544
anon_thp 28403826688
anon 28410220544
anon_thp 28403826688
anon 28410220544
anon_thp 28403826688
anon 28410220544
anon_thp 28403826688
anon 28410220544
anon_thp 28403826688
anon 28410220544
anon_thp 28403826688
anon 28410220544
anon_thp 28403826688
anon 28410220544
anon_thp 28403826688
anon 28410220544
anon_thp 28403826688
anon 28410220544
anon_thp 28403826688
anon 28410220544
anon_thp 28403826688
anon 28410220544
anon_thp 28403826688
anon 28410220544
anon_thp 28403826688
anon 28410220544
anon_thp 28403826688
anon 28410220544
anon_thp 28403826688
anon 28410220544
anon_thp 28403826688
anon 28410220544
anon_thp 28403826688
anon 28410220544
anon_thp 28403826688
anon 28410220544
anon_thp 28403826688
anon 28410220544
anon_thp 28403826688
anon 28410220544
anon_thp 28403826688
anon 28410220544
anon_thp 28403826688
anon 28410220544
anon_thp 28403826688
anon 28410220544
anon_thp 28403826688
anon 28410220544
anon_thp 28403826688
anon 28410220544
anon_thp 28403826688
anon 28410220544
anon_thp 28403826688
anon 28410220544
anon_thp 28403826688
anon 28410220544
anon_thp 28403826688
anon 28410220544
anon_thp 28403826688
anon 28410220544
anon_thp 28403826688
anon 28410220544
anon_thp 28403826688
anon 28410220544
anon_thp 28403826688
anon 28410220544
anon_thp 28403826688
anon 28410220544
anon_thp 28403826688
anon 28410220544
anon_thp 28403826688
anon 28410220544
anon_thp 28403826688
anon 28410220544
anon_thp 28403826688
anon 28410220544
anon_thp 28403826688
anon 28410220544
anon_thp 28403826688
anon 28410220544
anon_thp 28403826688
anon 28410220544
anon_thp 28403826688
anon 28410220544
anon_thp 28403826688
anon 28410220544
anon_thp 28403826688
anon 28410220544
anon_thp 28403826688
anon 28410220544
anon_thp 28403826688
anon 28410220544
anon_thp 28403826688
anon 28410220544
anon_thp 28403826688
anon 28410220544
anon_thp 28403826688
anon 28410220544
anon_thp 28403826688
anon 28410220544
anon_thp 28403826688
anon 28410220544
anon_thp 28403826688
anon 28410220544
anon_thp 28403826688
anon 28410220544
anon_thp 28403826688
anon 28410220544
anon_thp 28403826688
anon 28410220544
anon_thp 28403826688
anon 28410220544
anon_thp 28403826688
anon 28410220544
anon_thp 28403826688
anon 28410220544
anon_thp 28403826688
anon 28410220544
anon_thp 28403826688
anon 28410220544
anon_thp 28403826688
anon 28410220544
anon_thp 28403826688
anon 28410220544
anon_thp 28403826688
anon 28410220544
anon_thp 28403826688
anon 28410220544
anon_thp 28403826688
anon 28410220544
anon_thp 28403826688
anon 28410220544
anon_thp 28403826688
anon 28410220544
anon_thp 28403826688
anon 28410220544
anon_thp 28403826688
anon 28410220544
anon_thp 28403826688
anon 28410220544
anon_thp 28403826688
anon 28410220544
anon_thp 28403826688
anon 28410220544
anon_thp 28403826688
anon 28410220544
anon_thp 28403826688
anon 28410220544
anon_thp 28403826688
anon 28410220544
anon_thp 28403826688
anon 28410220544
anon_thp 28403826688
anon 28410220544
anon_thp 28403826688
anon 28410220544
anon_thp 28403826688
anon 28410220544
anon_thp 28403826688
anon 28410220544
anon_thp 28403826688
anon 28410220544
anon_thp 28403826688
anon 28410220544
anon_thp 28403826688
anon 28410220544
anon_thp 28403826688
anon 28410220544
anon_thp 28403826688
anon 28410220544
anon_thp 28403826688
anon 28410220544
anon_thp 28403826688
anon 28410220544
anon_thp 28403826688
anon 28410220544
anon_thp 28403826688
anon 28410220544
anon_thp 28403826688
anon 28410220544
anon_thp 28403826688
anon 28410220544
anon_thp 28403826688
anon 28410220544
anon_thp 28403826688
anon 28410220544
anon_thp 28403826688
anon 28410220544
anon_thp 28403826688
anon 28410220544
anon_thp 28403826688
anon 28410220544
anon_thp 28403826688
anon 28410220544
anon_thp 28403826688
anon 28410220544
anon_thp 28403826688
anon 28410220544
anon_thp 28403826688
anon 28410220544
anon_thp 28403826688
anon 28410220544
anon_thp 28403826688
anon 28410220544
anon_thp 28403826688
anon 28410220544
anon_thp 28403826688
anon 28410220544
anon_thp 28403826688
anon 28410220544
anon_thp 28403826688
anon 28410220544
anon_thp 28403826688
anon 28410220544
anon_thp 28403826688
anon 28410220544
anon_thp 28403826688
anon 28410220544
anon_thp 28403826688
anon 28410220544
anon_thp 28403826688
anon 28410220544
anon_thp 28403826688
anon 28410220544
anon_thp 28403826688
anon 28410220544
anon_thp 28403826688
anon 28410220544
anon_thp 28403826688
anon 28410220544
anon_thp 28403826688
anon 28410220544
anon_thp 28403826688
anon 28410220544
anon_thp 28403826688
anon 28410220544
anon_thp 28403826688
anon 28410220544
anon_thp 28403826688
anon 28410220544
anon_thp 28403826688
anon 28410220544
anon_thp 28403826688
anon 28410220544
anon_thp 28403826688
anon 28410220544
anon_thp 28403826688
anon 28410220544
anon_thp 28403826688
anon 28410220544
anon_thp 28403826688
anon 28410220544
anon_thp 28403826688
anon 28410220544
anon_thp 28403826688
anon 28410220544
anon_thp 28403826688
anon 28410220544
anon_thp 28403826688
anon 28410220544
anon_thp 28403826688
anon 28410220544
anon_thp 28403826688
anon 28410220544
anon_thp 28403826688
anon 28410220544
anon_thp 28403826688
anon 28410220544
anon_thp 28403826688
anon 28410220544
anon_thp 28403826688
anon 28410220544
anon_thp 28403826688
anon 28410220544
anon_thp 28403826688
anon 28410220544
anon_thp 28403826688
anon 28410220544
anon_thp 28403826688
anon 28410220544
anon_thp 28403826688
anon 28410220544
anon_thp 28403826688
anon 28410220544
anon_thp 28403826688
anon 28410220544
anon_thp 28403826688
anon 28410220544
anon_thp 28403826688
anon 28410220544
anon_thp 28403826688
anon 28410220544
anon_thp 28403826688
anon 28410220544
anon_thp 28403826688
anon 28410220544
anon_thp 28403826688
anon 28410220544
anon_thp 28403826688
anon 28410220544
anon_thp 28403826688
anon 28410220544
anon_thp 28403826688
anon 28410220544
anon_thp 28403826688
anon 28410220544
anon_thp 28403826688
anon 28410220544
anon_thp 28403826688
anon 28410220544
anon_thp 28403826688
anon 28410220544
anon_thp 28403826688
anon 28410220544
anon_thp 28403826688
anon 28410220544
anon_thp 28403826688
anon 28410220544
anon_thp 28403826688
anon 28410220544
anon_thp 28403826688
anon 28410220544
anon_thp 28403826688
anon 28410220544
anon_thp 28403826688
anon 28410220544
anon_thp 28403826688
anon 28410220544
anon_thp 28403826688
anon 28410220544
anon_thp 28403826688
anon 28410220544
anon_thp 28403826688
anon 28410220544
anon_thp 28403826688
anon 28410220544
anon_thp 28403826688
anon 28410220544
anon_thp 28403826688
anon 28410220544
anon_thp 28403826688
anon 28410220544
anon_thp 28403826688
anon 28410220544
anon_thp 28403826688
anon 28410220544
anon_thp 28403826688
anon 28410220544
anon_thp 28403826688
anon 28410220544
anon_thp 28403826688
anon 28410220544
anon_thp 28403826688
anon 28410220544
anon_thp 28403826688
anon 28410220544
anon_thp 28403826688
anon 28410220544
anon_thp 28403826688
anon 28410220544
anon_thp 28403826688
anon 28410220544
anon_thp 28403826688
anon 28410220544
anon_thp 28403826688
anon 28410220544
anon_thp 28403826688
anon 28410220544
anon_thp 28403826688
anon 28410220544
anon_thp 28403826688
anon 28410220544
anon_thp 28403826688
anon 28410220544
anon_thp 28403826688
anon 28410220544
anon_thp 28403826688
anon 28410220544
anon_thp 28403826688
anon 28410220544
anon_thp 28403826688
anon 28410220544
anon_thp 28403826688
anon 28410220544
anon_thp 28403826688
anon 28410220544
anon_thp 28403826688
anon 28410220544
anon_thp 28403826688
anon 28410220544
anon_thp 28403826688
anon 28410220544
anon_thp 28403826688
anon 28410220544
anon_thp 28403826688
anon 28410220544
anon_thp 28403826688
anon 28410220544
anon_thp 28403826688
anon 28410220544
anon_thp 28403826688
anon 28410220544
anon_thp 28403826688
anon 28410220544
anon_thp 28403826688
anon 28410220544
anon_thp 28403826688
anon 28410220544
anon_thp 28403826688
anon 28410220544
anon_thp 28403826688
anon 28410220544
anon_thp 28403826688
anon 28410220544
anon_thp 28403826688
anon 28410220544
anon_thp 28403826688
anon 28410220544
anon_thp 28403826688
anon 28410220544
anon_thp 28403826688
anon 28410220544
anon_thp 28403826688
anon 28410220544
anon_thp 28403826688
anon 28410220544
anon_thp 28403826688
anon 28410220544
anon_thp 28403826688
anon 28410220544
anon_thp 28403826688
anon 28410220544
anon_thp 28403826688
anon 28410220544
anon_thp 28403826688
anon 28410220544
anon_thp 28403826688
anon 28410220544
anon_thp 28403826688
anon 28410220544
anon_thp 28403826688
anon 28410220544
anon_thp 28403826688
anon 28410220544
anon_thp 28403826688
anon 28410220544
anon_thp 28403826688
anon 28410220544
anon_thp 28403826688
anon 28410220544
anon_thp 28403826688
anon 28410220544
anon_thp 28403826688
anon 28410220544
anon_thp 28403826688
anon 28410220544
anon_thp 28403826688
anon 28410220544
anon_thp 28403826688
anon 28410220544
anon_thp 28403826688
anon 28410220544
anon_thp 28403826688
anon 28410220544
anon_thp 28403826688
anon 28410220544
anon_thp 28403826688
anon 28410220544
anon_thp 28403826688
anon 28410220544
anon_thp 28403826688
anon 28410220544
anon_thp 28403826688
anon 28410220544
anon_thp 28403826688
anon 28410220544
anon_thp 28403826688
anon 28410220544
anon_thp 28403826688
anon 28410220544
anon_thp 28403826688
anon 28410220544
anon_thp 28403826688
anon 28410220544
anon_thp 28403826688
anon 28410220544
anon_thp 28403826688
anon 28410220544
anon_thp 28403826688
anon 28410220544
anon_thp 28403826688
anon 28410220544
anon_thp 28403826688
anon 28410220544
anon_thp 28403826688
anon 28410220544
anon_thp 28403826688
anon 28410220544
anon_thp 28403826688
anon 28410220544
anon_thp 28403826688
anon 28410220544
anon_thp 28403826688
anon 28410220544
anon_thp 28403826688
anon 28410220544
anon_thp 28403826688
anon 28410220544
anon_thp 28403826688
anon 28410220544
anon_thp 28403826688
anon 28410220544
anon_thp 28403826688
anon 28410220544
anon_thp 28403826688
anon 28410220544
anon_thp 28403826688
anon 28410220544
anon_thp 28403826688
anon 28410220544
anon_thp 28403826688
anon 28410220544
anon_thp 28403826688
anon 28410220544
anon_thp 28403826688
anon 28410220544
anon_thp 28403826688
anon 28410220544
anon_thp 28403826688
anon 28410220544
anon_thp 28403826688
anon 28410220544
anon_thp 28403826688
anon 28410220544
anon_thp 28403826688
anon 28410220544
anon_thp 28403826688
anon 28410220544
anon_thp 28403826688
anon 28410220544
anon_thp 28403826688
anon 28410220544
anon_thp 28403826688
anon 28410220544
anon_thp 28403826688
anon 28410220544
anon_thp 28403826688
anon 28410220544
anon_thp 28403826688
anon 28410220544
anon_thp 28403826688
anon 28410220544
anon_thp 28403826688
anon 28410220544
anon_thp 28403826688
anon 28410220544
anon_thp 28403826688
anon 28410220544
anon_thp 28403826688
anon 28410220544
anon_thp 28403826688
anon 28410220544
anon_thp 28403826688
anon 28410220544
anon_thp 28403826688
anon 28410220544
anon_thp 28403826688
anon 28410220544
anon_thp 28403826688
anon 28410220544
anon_thp 28403826688
anon 28410220544
anon_thp 28403826688
anon 28410220544
anon_thp 28403826688
anon 28410220544
anon_thp 28403826688
anon 28410220544
anon_thp 28403826688
anon 28410220544
anon_thp 28403826688
anon 28410220544
anon_thp 28403826688
anon 28410220544
anon_thp 28403826688
anon 28410220544
anon_thp 28403826688
anon 28410220544
anon_thp 28403826688
anon 28410220544
anon_thp 28403826688
anon 28410220544
anon_thp 28403826688
anon 28410220544
anon_thp 28403826688
anon 28410220544
anon_thp 28403826688
anon 28410220544
anon_thp 28403826688
anon 28410220544
anon_thp 28403826688
anon 28410220544
anon_thp 28403826688
anon 28410220544
anon_thp 28403826688
anon 28410220544
anon_thp 28403826688
anon 28410220544
anon_thp 28403826688
anon 28410220544
anon_thp 28403826688
anon 28410220544
anon_thp 28403826688
anon 28410220544
anon_thp 28403826688
anon 28410220544
anon_thp 28403826688
anon 28410220544
anon_thp 28403826688
anon 28410220544
anon_thp 28403826688
anon 28411998208
anon_thp 28410118144
anon 28411998208
anon_thp 28410118144
anon 28411998208
anon_thp 28410118144
anon 28411998208
anon_thp 28410118144
anon 28411998208
anon_thp 28410118144
anon 28411998208
anon_thp 28410118144
anon 28411998208
anon_thp 28410118144
anon 28411998208
anon_thp 28410118144
anon 28411998208
anon_thp 28410118144
anon 28411998208
anon_thp 28410118144
anon 28411998208
anon_thp 28410118144
anon 28411998208
anon_thp 28410118144
anon 28411998208
anon_thp 28410118144
anon 28411998208
anon_thp 28410118144
anon 28411998208
anon_thp 28410118144
anon 28411998208
anon_thp 28410118144
anon 28411998208
anon_thp 28410118144
anon 28411998208
anon_thp 28410118144
anon 28411998208
anon_thp 28410118144
anon 28411998208
anon_thp 28410118144
anon 28411998208
anon_thp 28410118144
anon 28411998208
anon_thp 28410118144
anon 28411998208
anon_thp 28410118144
anon 28411998208
anon_thp 28410118144
anon 28411998208
anon_thp 28410118144
anon 28411998208
anon_thp 28410118144
anon 28411998208
anon_thp 28410118144
anon 28411998208
anon_thp 28410118144
anon 28411998208
anon_thp 28410118144
anon 28411998208
anon_thp 28410118144
anon 28411998208
anon_thp 28410118144
anon 28411998208
anon_thp 28410118144
anon 28411998208
anon_thp 28410118144
anon 28411998208
anon_thp 28410118144
anon 28411998208
anon_thp 28410118144
anon 28411998208
anon_thp 28410118144
anon 28411998208
anon_thp 28410118144
anon 28411998208
anon_thp 28410118144
anon 28411998208
anon_thp 28410118144
anon 28411998208
anon_thp 28410118144
anon 28411998208
anon_thp 28410118144
anon 28411998208
anon_thp 28410118144
anon 28411998208
anon_thp 28410118144
anon 28411998208
anon_thp 28410118144
anon 28411998208
anon_thp 28410118144
anon 28411998208
anon_thp 28410118144
anon 28411998208
anon_thp 28410118144
anon 28411998208
anon_thp 28410118144
anon 28411998208
anon_thp 28410118144
anon 28411998208
anon_thp 28410118144
anon 28411998208
anon_thp 28410118144
anon 28411998208
anon_thp 28410118144
anon 28411998208
anon_thp 28410118144
anon 28411998208
anon_thp 28410118144
anon 28411998208
anon_thp 28410118144
anon 28411998208
anon_thp 28410118144
anon 28411998208
anon_thp 28410118144
anon 28411998208
anon_thp 28410118144
anon 28411998208
anon_thp 28410118144
anon 28411998208
anon_thp 28410118144
anon 28411998208
anon_thp 28410118144
anon 28411998208
anon_thp 28410118144
anon 28411998208
anon_thp 28410118144
anon 28411998208
anon_thp 28410118144
anon 28411998208
anon_thp 28410118144
anon 28411998208
anon_thp 28410118144
anon 28411998208
anon_thp 28410118144
anon 28411998208
anon_thp 28410118144
anon 28411998208
anon_thp 28410118144
anon 28411998208
anon_thp 28410118144
anon 28411998208
anon_thp 28410118144
anon 28411998208
anon_thp 28410118144
anon 28411998208
anon_thp 28410118144
anon 28411998208
anon_thp 28410118144
anon 28411998208
anon_thp 28410118144
anon 28411998208
anon_thp 28410118144
anon 28411998208
anon_thp 28410118144
anon 28411998208
anon_thp 28410118144
anon 28411998208
anon_thp 28410118144
anon 28411998208
anon_thp 28410118144
anon 28411998208
anon_thp 28410118144
anon 28411998208
anon_thp 28410118144
anon 28411998208
anon_thp 28410118144
anon 28411998208
anon_thp 28410118144
anon 28411998208
anon_thp 28410118144
anon 28411998208
anon_thp 28410118144
anon 28411998208
anon_thp 28410118144
anon 28411998208
anon_thp 28410118144
anon 28411998208
anon_thp 28410118144
anon 28411998208
anon_thp 28410118144
anon 28411998208
anon_thp 28410118144
anon 28411998208
anon_thp 28410118144
anon 28411998208
anon_thp 28410118144
anon 28411998208
anon_thp 28410118144
anon 28411998208
anon_thp 28410118144
anon 28411998208
anon_thp 28410118144
anon 28411998208
anon_thp 28410118144
anon 28411998208
anon_thp 28410118144
anon 28411998208
anon_thp 28410118144
anon 28411998208
anon_thp 28410118144
anon 28411998208
anon_thp 28410118144
anon 28411998208
anon_thp 28410118144
anon 28411998208
anon_thp 28410118144
anon 28411998208
anon_thp 28410118144
anon 28411998208
anon_thp 28410118144
anon 28411998208
anon_thp 28410118144
anon 28411998208
anon_thp 28410118144
anon 28411998208
anon_thp 28410118144
anon 28411998208
anon_thp 28410118144
anon 28411998208
anon_thp 28410118144
anon 28411998208
anon_thp 28410118144
anon 28411998208
anon_thp 28410118144
