pgmigrate_success 88982298
pgmigrate_success 88982301
pgmigrate_success 88982814
pgmigrate_success 88982814
pgmigrate_success 88983361
pgmigrate_success 88997697
pgmigrate_success 89051970
pgmigrate_success 89114434
pgmigrate_success 89114948
pgmigrate_success 89148237
pgmigrate_success 89201485
pgmigrate_success 89258829
pgmigrate_success 89340749
pgmigrate_success 89449379
pgmigrate_success 89592227
pgmigrate_success 89863075
pgmigrate_success 89863075
pgmigrate_success 89863075
pgmigrate_success 89863075
pgmigrate_success 89863075
pgmigrate_success 89863075
pgmigrate_success 89863075
pgmigrate_success 89863075
pgmigrate_success 89863075
pgmigrate_success 89863075
pgmigrate_success 89863075
pgmigrate_success 89863075
pgmigrate_success 89863075
pgmigrate_success 89863075
pgmigrate_success 89863075
pgmigrate_success 89863075
pgmigrate_success 89863075
pgmigrate_success 89863075
pgmigrate_success 89863075
pgmigrate_success 89863075
pgmigrate_success 89863075
pgmigrate_success 89863075
pgmigrate_success 89863075
pgmigrate_success 89863075
pgmigrate_success 89863075
pgmigrate_success 89863075
pgmigrate_success 89863126
pgmigrate_success 89863126
pgmigrate_success 89863126
pgmigrate_success 89863393
pgmigrate_success 89863393
pgmigrate_success 89863393
pgmigrate_success 89863393
pgmigrate_success 89863393
pgmigrate_success 89863393
pgmigrate_success 89863393
pgmigrate_success 89863393
pgmigrate_success 89863393
pgmigrate_success 89863393
pgmigrate_success 89863776
pgmigrate_success 89863878
pgmigrate_success 89864390
pgmigrate_success 89864902
pgmigrate_success 89864902
pgmigrate_success 89864902
pgmigrate_success 89864902
pgmigrate_success 89865414
pgmigrate_success 89865414
pgmigrate_success 89865414
pgmigrate_success 89865414
pgmigrate_success 89865414
pgmigrate_success 89865414
pgmigrate_success 89865414
pgmigrate_success 89865414
pgmigrate_success 89865414
pgmigrate_success 89865414
pgmigrate_success 89865414
pgmigrate_success 89865414
pgmigrate_success 89865414
pgmigrate_success 89865414
pgmigrate_success 89865414
pgmigrate_success 89865842
pgmigrate_success 89865842
pgmigrate_success 89865842
pgmigrate_success 89865842
pgmigrate_success 89865842
pgmigrate_success 89865842
pgmigrate_success 89865842
pgmigrate_success 89865842
pgmigrate_success 89865842
pgmigrate_success 89865843
pgmigrate_success 89865843
pgmigrate_success 89865843
pgmigrate_success 89865843
pgmigrate_success 89865843
pgmigrate_success 89865843
pgmigrate_success 89865843
pgmigrate_success 89865843
pgmigrate_success 89865843
pgmigrate_success 89865843
pgmigrate_success 89865844
pgmigrate_success 89865844
pgmigrate_success 89865844
pgmigrate_success 89865844
pgmigrate_success 89865844
pgmigrate_success 89865844
pgmigrate_success 89865844
pgmigrate_success 89865845
pgmigrate_success 89865845
pgmigrate_success 89865845
pgmigrate_success 89865845
pgmigrate_success 89865845
pgmigrate_success 89865892
pgmigrate_success 89865892
pgmigrate_success 89865892
pgmigrate_success 89865892
pgmigrate_success 89865892
pgmigrate_success 89865892
pgmigrate_success 89865892
pgmigrate_success 89865892
pgmigrate_success 89865892
pgmigrate_success 89865892
pgmigrate_success 89865892
pgmigrate_success 89865892
pgmigrate_success 89865892
pgmigrate_success 89866404
pgmigrate_success 89866404
pgmigrate_success 89866404
pgmigrate_success 89866404
pgmigrate_success 89866404
pgmigrate_success 89866404
pgmigrate_success 89866404
pgmigrate_success 89866404
pgmigrate_success 89866404
pgmigrate_success 89866404
pgmigrate_success 89866404
pgmigrate_success 89866404
pgmigrate_success 89866404
pgmigrate_success 89866404
pgmigrate_success 89866404
pgmigrate_success 89866404
pgmigrate_success 89866404
pgmigrate_success 89866916
pgmigrate_success 89866950
pgmigrate_success 89866950
pgmigrate_success 89866950
pgmigrate_success 89866950
pgmigrate_success 89866950
pgmigrate_success 89866950
pgmigrate_success 89866950
pgmigrate_success 89866950
pgmigrate_success 89866950
pgmigrate_success 89866950
pgmigrate_success 89866950
pgmigrate_success 89866950
pgmigrate_success 89866950
pgmigrate_success 89866950
pgmigrate_success 89866950
pgmigrate_success 89866950
pgmigrate_success 89866950
pgmigrate_success 89866950
pgmigrate_success 89866950
pgmigrate_success 89866950
pgmigrate_success 89866950
pgmigrate_success 89866950
pgmigrate_success 89867462
pgmigrate_success 89867462
pgmigrate_success 89867462
pgmigrate_success 89867462
pgmigrate_success 89867462
pgmigrate_success 89867462
pgmigrate_success 89867462
pgmigrate_success 89867462
pgmigrate_success 89867462
pgmigrate_success 89867462
pgmigrate_success 89867509
pgmigrate_success 89867509
pgmigrate_success 89867509
pgmigrate_success 89867509
pgmigrate_success 89867509
pgmigrate_success 89867509
pgmigrate_success 89867509
pgmigrate_success 89867509
pgmigrate_success 89867509
pgmigrate_success 89867509
pgmigrate_success 89867509
pgmigrate_success 89867509
pgmigrate_success 89867509
pgmigrate_success 89867509
pgmigrate_success 89867509
pgmigrate_success 89867509
pgmigrate_success 89867509
pgmigrate_success 89867509
pgmigrate_success 89867509
pgmigrate_success 89867509
pgmigrate_success 89867509
pgmigrate_success 89867509
pgmigrate_success 89867509
pgmigrate_success 89867509
pgmigrate_success 89867509
pgmigrate_success 89867509
pgmigrate_success 89867509
pgmigrate_success 89867509
pgmigrate_success 89867509
pgmigrate_success 89867509
pgmigrate_success 89867509
pgmigrate_success 89867549
pgmigrate_success 89867549
pgmigrate_success 89867549
pgmigrate_success 89867549
pgmigrate_success 89867549
pgmigrate_success 89867549
pgmigrate_success 89867549
pgmigrate_success 89867549
pgmigrate_success 89867549
pgmigrate_success 89867549
pgmigrate_success 89867549
pgmigrate_success 89867549
pgmigrate_success 89867549
pgmigrate_success 89867549
pgmigrate_success 89868061
pgmigrate_success 89868061
pgmigrate_success 89868061
pgmigrate_success 89868061
pgmigrate_success 89868061
pgmigrate_success 89868061
pgmigrate_success 89868061
pgmigrate_success 89868061
pgmigrate_success 89868062
pgmigrate_success 89868062
pgmigrate_success 89868062
pgmigrate_success 89868062
pgmigrate_success 89868062
pgmigrate_success 89868062
pgmigrate_success 89868062
pgmigrate_success 89868062
pgmigrate_success 89868062
pgmigrate_success 89868062
pgmigrate_success 89868112
pgmigrate_success 89868112
pgmigrate_success 89868112
pgmigrate_success 89868112
pgmigrate_success 89868624
pgmigrate_success 89869648
pgmigrate_success 89869648
pgmigrate_success 89869648
pgmigrate_success 89869648
pgmigrate_success 89869648
pgmigrate_success 89869648
pgmigrate_success 89869648
pgmigrate_success 89869648
pgmigrate_success 89869648
pgmigrate_success 89870160
pgmigrate_success 89870160
pgmigrate_success 89870672
pgmigrate_success 89871184
pgmigrate_success 89871696
pgmigrate_success 89871696
pgmigrate_success 89871696
pgmigrate_success 89871696
pgmigrate_success 89871696
pgmigrate_success 89871696
pgmigrate_success 89871696
pgmigrate_success 89871696
pgmigrate_success 89871696
pgmigrate_success 89871696
pgmigrate_success 89871696
pgmigrate_success 89871696
pgmigrate_success 89871696
pgmigrate_success 89871740
pgmigrate_success 89871740
pgmigrate_success 89871740
pgmigrate_success 89871740
pgmigrate_success 89871740
pgmigrate_success 89871740
pgmigrate_success 89871740
pgmigrate_success 89871740
pgmigrate_success 89871740
pgmigrate_success 89871740
pgmigrate_success 89871740
pgmigrate_success 89871740
pgmigrate_success 89871740
pgmigrate_success 89871740
pgmigrate_success 89871740
pgmigrate_success 89871740
pgmigrate_success 89871740
pgmigrate_success 89871741
pgmigrate_success 89871741
pgmigrate_success 89871741
pgmigrate_success 89871741
pgmigrate_success 89871741
pgmigrate_success 89871741
pgmigrate_success 89872253
pgmigrate_success 89872253
pgmigrate_success 89872253
pgmigrate_success 89872253
pgmigrate_success 89872253
pgmigrate_success 89872253
pgmigrate_success 89872253
pgmigrate_success 89872253
pgmigrate_success 89872322
pgmigrate_success 89872322
pgmigrate_success 89872322
pgmigrate_success 89872322
pgmigrate_success 89872322
pgmigrate_success 89872834
pgmigrate_success 89872834
pgmigrate_success 89873346
pgmigrate_success 89873346
pgmigrate_success 89873346
pgmigrate_success 89873346
pgmigrate_success 89873346
pgmigrate_success 89873346
pgmigrate_success 89873346
pgmigrate_success 89873346
pgmigrate_success 89873346
pgmigrate_success 89873346
pgmigrate_success 89873346
pgmigrate_success 89873346
pgmigrate_success 89873346
pgmigrate_success 89873346
pgmigrate_success 89873346
pgmigrate_success 89873346
pgmigrate_success 89873346
pgmigrate_success 89873346
pgmigrate_success 89873346
pgmigrate_success 89873346
pgmigrate_success 89873858
pgmigrate_success 89873858
pgmigrate_success 89873858
pgmigrate_success 89873858
pgmigrate_success 89873858
pgmigrate_success 89873895
pgmigrate_success 89873895
pgmigrate_success 89873895
pgmigrate_success 89873895
pgmigrate_success 89875431
pgmigrate_success 89875431
pgmigrate_success 89875431
pgmigrate_success 89875431
pgmigrate_success 89875431
pgmigrate_success 89875431
pgmigrate_success 89875431
pgmigrate_success 89875431
pgmigrate_success 89875943
pgmigrate_success 89875943
pgmigrate_success 89875943
pgmigrate_success 89875943
pgmigrate_success 89875943
pgmigrate_success 89875943
pgmigrate_success 89875943
pgmigrate_success 89875943
pgmigrate_success 89875943
pgmigrate_success 89875943
pgmigrate_success 89875943
pgmigrate_success 89875943
pgmigrate_success 89875943
pgmigrate_success 89875943
pgmigrate_success 89875943
pgmigrate_success 89875943
pgmigrate_success 89875943
pgmigrate_success 89875943
pgmigrate_success 89875943
pgmigrate_success 89876018
pgmigrate_success 89876018
pgmigrate_success 89876018
pgmigrate_success 89876018
pgmigrate_success 89876018
pgmigrate_success 89876018
pgmigrate_success 89876530
pgmigrate_success 89876530
pgmigrate_success 89876530
pgmigrate_success 89876530
pgmigrate_success 89876530
pgmigrate_success 89876530
pgmigrate_success 89876530
pgmigrate_success 89876530
pgmigrate_success 89876530
pgmigrate_success 89876530
pgmigrate_success 89876530
pgmigrate_success 89876530
pgmigrate_success 89876530
pgmigrate_success 89876530
pgmigrate_success 89876530
pgmigrate_success 89877042
pgmigrate_success 89877042
pgmigrate_success 89877042
pgmigrate_success 89877042
pgmigrate_success 89877554
pgmigrate_success 89877554
pgmigrate_success 89877554
pgmigrate_success 89877554
pgmigrate_success 89877554
pgmigrate_success 89926196
pgmigrate_success 89926196
pgmigrate_success 89926196
pgmigrate_success 89926196
pgmigrate_success 89926196
pgmigrate_success 89926196
pgmigrate_success 89926196
pgmigrate_success 89926196
pgmigrate_success 89926196
pgmigrate_success 89926196
pgmigrate_success 89926196
pgmigrate_success 89926196
pgmigrate_success 89926196
pgmigrate_success 89926196
pgmigrate_success 89926196
pgmigrate_success 89926196
pgmigrate_success 89926196
pgmigrate_success 89926196
pgmigrate_success 89926708
pgmigrate_success 89926708
pgmigrate_success 89926708
pgmigrate_success 89926708
pgmigrate_success 89926708
pgmigrate_success 89926708
pgmigrate_success 89926708
pgmigrate_success 89926708
pgmigrate_success 89926708
pgmigrate_success 89926708
pgmigrate_success 89926708
pgmigrate_success 89926708
pgmigrate_success 89926708
pgmigrate_success 89926708
pgmigrate_success 89926708
pgmigrate_success 89926708
pgmigrate_success 89926708
pgmigrate_success 89926708
pgmigrate_success 89926708
pgmigrate_success 89926708
pgmigrate_success 89926708
pgmigrate_success 89926708
pgmigrate_success 89926708
pgmigrate_success 89926708
pgmigrate_success 89926708
pgmigrate_success 89926708
pgmigrate_success 89926708
pgmigrate_success 89926708
pgmigrate_success 89926708
pgmigrate_success 89926708
pgmigrate_success 89926708
pgmigrate_success 89926708
pgmigrate_success 89926708
pgmigrate_success 89926708
pgmigrate_success 89926708
pgmigrate_success 89926708
pgmigrate_success 89926708
pgmigrate_success 89926708
pgmigrate_success 89926708
pgmigrate_success 89926708
pgmigrate_success 89926708
pgmigrate_success 89926708
pgmigrate_success 89926708
pgmigrate_success 89926708
pgmigrate_success 89926708
pgmigrate_success 89926708
pgmigrate_success 89926708
pgmigrate_success 89926708
pgmigrate_success 89926708
pgmigrate_success 89926708
pgmigrate_success 89926708
pgmigrate_success 89926708
pgmigrate_success 89926708
pgmigrate_success 89926708
pgmigrate_success 89926708
pgmigrate_success 89926708
pgmigrate_success 89926708
pgmigrate_success 89926708
pgmigrate_success 89926708
pgmigrate_success 89926708
pgmigrate_success 89926708
pgmigrate_success 89926708
pgmigrate_success 89926708
pgmigrate_success 89926708
pgmigrate_success 89926708
pgmigrate_success 89926708
pgmigrate_success 89926708
pgmigrate_success 89926708
pgmigrate_success 89926708
pgmigrate_success 89926708
pgmigrate_success 89926708
pgmigrate_success 89926708
pgmigrate_success 89926708
pgmigrate_success 89926708
pgmigrate_success 89926708
pgmigrate_success 89926708
pgmigrate_success 89926708
pgmigrate_success 89926708
pgmigrate_success 89926708
pgmigrate_success 89926708
pgmigrate_success 89926708
pgmigrate_success 89926708
pgmigrate_success 89926708
