pgmigrate_success 95801217
pgmigrate_fail 37974
thp_migration_success 132276
thp_migration_fail 11
thp_migration_split 0
thp_fault_alloc 152499
thp_fault_fallback 4587
thp_fault_fallback_charge 0
thp_collapse_alloc 189
thp_collapse_alloc_failed 0
thp_file_alloc 0
thp_file_fallback 0
thp_file_fallback_charge 0
thp_file_mapped 0
thp_split_page 81
thp_split_page_failed 0
thp_deferred_split_page 543
thp_split_pmd 1077
thp_split_pud 0
thp_zero_page_alloc 0
thp_zero_page_alloc_failed 0
thp_swpout 0
thp_swpout_fallback 0
htmm_nr_promoted 50355162
htmm_nr_demoted 41706047
htmm_nr_sampled 0
htmm_missed_dramread 0
htmm_missed_nvmread 0
htmm_missed_write 0
htmm_alloc_dram 161360349
htmm_alloc_nvm 0
