anon 831488
anon_thp 0
anon 195837952
anon_thp 192937984
anon 399261696
anon_thp 396361728
anon 610213888
anon_thp 606076928
anon 813637632
anon_thp 809500672
anon 1023352832
anon_thp 1019215872
anon 1224679424
anon_thp 1220542464
anon 1409228800
anon_thp 1405091840
anon 1612648448
anon_thp 1608515584
anon 1822371840
anon_thp 1818230784
anon 2029985792
anon_thp 2025848832
anon 2235506688
anon_thp 2231369728
anon 2447319040
anon_thp 2443182080
anon 2650746880
anon_thp 2646605824
anon 2862559232
anon_thp 2858418176
anon 3068080128
anon_thp 3063939072
anon 3279892480
anon_thp 3275751424
anon 3487506432
anon_thp 3483369472
anon 3699314688
anon_thp 3695181824
anon 3902746624
anon_thp 3898605568
anon 4114558976
anon_thp 4110417920
anon 4322172928
anon_thp 4318035968
anon 4529790976
anon_thp 4525654016
anon 4739502080
anon_thp 4735369216
anon 4945031168
anon_thp 4940890112
anon 5156843520
anon_thp 5152702464
anon 5341388800
anon_thp 5337251840
anon 5551104000
anon_thp 5546967040
anon 5754531840
anon_thp 5750390784
anon 5966344192
anon_thp 5962203136
anon 6161375232
anon_thp 6157238272
anon 6424899584
anon_thp 6419382272
anon 6860120064
anon_thp 6853492736
anon 6860120064
anon_thp 6853492736
anon 6975647744
anon_thp 6968836096
anon 7179067392
anon_thp 7172259840
anon 7374106624
anon_thp 7367294976
anon 7581724672
anon_thp 7574913024
anon 7783051264
anon_thp 7776239616
anon 7988572160
anon_thp 7981760512
anon 8189898752
anon_thp 8183087104
anon 8351379456
anon_thp 8344567808
anon 8558997504
anon_thp 8552185856
anon 8766615552
anon_thp 8759803904
anon 8936480768
anon_thp 8929673216
anon 9137811456
anon_thp 9130999808
anon 9343332352
anon_thp 9336520704
anon 9548857344
anon_thp 9542041600
anon 9691459584
anon_thp 9684647936
anon 9878106112
anon_thp 9871294464
anon 10087825408
anon_thp 10081009664
anon 10293342208
anon_thp 10286530560
anon 10494672896
anon_thp 10487857152
anon 10698096640
anon_thp 10691280896
anon 10909908992
anon_thp 10903093248
anon 11109134336
anon_thp 11102322688
anon 11316752384
anon_thp 11309940736
anon 11524370432
anon_thp 11517558784
anon 11717308416
anon_thp 11710496768
anon 11924926464
anon_thp 11918114816
anon 12130447360
anon_thp 12123635712
anon 12325486592
anon_thp 12318670848
anon 12535197696
anon_thp 12528386048
anon 12733607936
anon_thp 12725518336
anon 13941985280
anon_thp 13920894976
anon 13975543808
anon_thp 13954449408
anon 13996515328
anon_thp 13975420928
anon 14025871360
anon_thp 14004781056
anon 14044745728
anon_thp 14023655424
anon 14044741632
anon_thp 14023655424
anon 13904236544
anon_thp 13883146240
anon 13977640960
anon_thp 13956546560
anon 14000705536
anon_thp 13979615232
anon 14030069760
anon_thp 14008975360
anon 14042652672
anon_thp 14021558272
anon 14044745728
anon_thp 14023655424
anon 13950373888
anon_thp 13929283584
anon 14000701440
anon_thp 13979615232
anon 14021677056
anon_thp 14000586752
anon 14044749824
anon_thp 14023655424
anon 14044745728
anon_thp 14023655424
anon 13944082432
anon_thp 13922992128
anon 14002806784
anon_thp 13981712384
anon 14023774208
anon_thp 14002683904
anon 14044741632
anon_thp 14023655424
anon 14044745728
anon_thp 14023655424
anon 13958766592
anon_thp 13937672192
anon 13994414080
anon_thp 13973323776
anon 14027968512
anon_thp 14006878208
anon 14044745728
anon_thp 14023655424
anon 14044745728
anon_thp 14023655424
anon 13973446656
anon_thp 13952352256
anon 14006996992
anon_thp 13985906688
anon 14030069760
anon_thp 14008975360
anon 14044741632
anon_thp 14023655424
anon 14044745728
anon_thp 14023655424
anon 13958766592
anon_thp 13937672192
anon 14013292544
anon_thp 13992198144
anon 14034264064
anon_thp 14013169664
anon 14044741632
anon_thp 14023655424
anon 13504798720
anon_thp 13488881664
anon 13977640960
anon_thp 13956546560
anon 14017486848
anon_thp 13996392448
anon 14038458368
anon_thp 14017363968
anon 14044745728
anon_thp 14023655424
anon 13912621056
anon_thp 13891534848
anon 13981831168
anon_thp 13960740864
anon 14007001088
anon_thp 13985906688
anon 14036361216
anon_thp 14015266816
anon 14044741632
anon_thp 14023655424
anon 13798432768
anon_thp 13780385792
anon 13977632768
anon_thp 13956546560
anon 14011195392
anon_thp 13990100992
anon 14032166912
anon_thp 14011072512
anon 14044749824
anon_thp 14023655424
anon 13798428672
anon_thp 13780385792
