pgmigrate_success 212937323
pgmigrate_success 212937328
pgmigrate_success 212937329
pgmigrate_success 212937330
pgmigrate_success 212937331
pgmigrate_success 212937332
pgmigrate_success 212937333
pgmigrate_success 212937334
pgmigrate_success 212937335
pgmigrate_success 212937336
pgmigrate_success 212937337
pgmigrate_success 212937338
pgmigrate_success 212937339
pgmigrate_success 212937340
pgmigrate_success 212937341
pgmigrate_success 212937342
pgmigrate_success 212937343
pgmigrate_success 212937344
pgmigrate_success 212937345
pgmigrate_success 212948258
pgmigrate_success 213051490
pgmigrate_success 213153698
pgmigrate_success 213255778
pgmigrate_success 213359650
pgmigrate_success 213452418
pgmigrate_success 213554690
pgmigrate_success 213655234
pgmigrate_success 213756482
pgmigrate_success 213858050
pgmigrate_success 213959298
pgmigrate_success 214060866
pgmigrate_success 214154658
pgmigrate_success 214272738
pgmigrate_success 214310818
pgmigrate_success 214409026
pgmigrate_success 214500546
pgmigrate_success 214595714
pgmigrate_success 214694594
pgmigrate_success 214790530
pgmigrate_success 214887031
pgmigrate_success 214996023
pgmigrate_success 215085684
pgmigrate_success 215188473
pgmigrate_success 215286964
pgmigrate_success 215368697
pgmigrate_success 215470321
pgmigrate_success 215571613
pgmigrate_success 215672866
pgmigrate_success 215740575
pgmigrate_success 215841828
pgmigrate_success 215943391
pgmigrate_success 216044644
pgmigrate_success 216146207
pgmigrate_success 216247455
pgmigrate_success 216348708
pgmigrate_success 216450272
pgmigrate_success 216551713
pgmigrate_success 216652961
pgmigrate_success 216754214
pgmigrate_success 216855777
pgmigrate_success 216957030
pgmigrate_success 217058593
pgmigrate_success 217159841
pgmigrate_success 217256011
pgmigrate_success 217387087
pgmigrate_success 217663055
pgmigrate_success 217940621
pgmigrate_success 218094742
pgmigrate_success 218296499
pgmigrate_success 218704568
pgmigrate_success 219095224
pgmigrate_success 219438264
pgmigrate_success 219685560
pgmigrate_success 220032696
pgmigrate_success 220180155
pgmigrate_success 220200126
pgmigrate_success 220200128
pgmigrate_success 220202180
pgmigrate_success 220204742
pgmigrate_success 220216008
pgmigrate_success 220220618
pgmigrate_success 220221132
pgmigrate_success 220224206
pgmigrate_success 220229840
pgmigrate_success 220234961
pgmigrate_success 220239059
pgmigrate_success 220240597
pgmigrate_success 220241111
pgmigrate_success 220246745
pgmigrate_success 220255963
pgmigrate_success 220264669
pgmigrate_success 220264670
pgmigrate_success 220264671
pgmigrate_success 220265185
pgmigrate_success 220266723
pgmigrate_success 220271845
pgmigrate_success 220271846
pgmigrate_success 220272360
pgmigrate_success 220427522
pgmigrate_success 220555010
pgmigrate_success 220734722
pgmigrate_success 220753666
pgmigrate_success 220760834
pgmigrate_success 220793090
pgmigrate_success 220824441
pgmigrate_success 220887929
pgmigrate_success 221027707
pgmigrate_success 221118935
pgmigrate_success 221175820
pgmigrate_success 221196393
pgmigrate_success 221285004
pgmigrate_success 221289101
pgmigrate_success 221292174
pgmigrate_success 221298318
pgmigrate_success 221303950
pgmigrate_success 221306000
