anon 946176
anon_thp 0
anon 196816896
anon_thp 195035136
anon 402337792
anon_thp 400556032
anon 615387136
anon_thp 610271232
anon 818810880
anon_thp 813694976
anon 1028526080
anon_thp 1023410176
anon 1223561216
anon_thp 1218445312
anon 1414406144
anon_thp 1409286144
anon 1617829888
anon_thp 1612709888
anon 1829638144
anon_thp 1824522240
anon 2037256192
anon_thp 2032140288
anon 2242772992
anon_thp 2237661184
anon 2454593536
anon_thp 2449473536
anon 2658017280
anon_thp 2652897280
anon 2867728384
anon_thp 2862612480
anon 3075342336
anon_thp 3070230528
anon 3285061632
anon_thp 3279945728
anon 3494776832
anon_thp 3489660928
anon 3706589184
anon_thp 3701473280
anon 3912110080
anon_thp 3906994176
anon 4123926528
anon_thp 4118806528
anon 4331544576
anon_thp 4326424576
anon 4537057280
anon_thp 4531945472
anon 4748877824
anon_thp 4743757824
anon 4954398720
anon_thp 4949278720
anon 5166211072
anon_thp 5161091072
anon 5352857600
anon_thp 5347737600
anon 5547892736
anon_thp 5542772736
anon 5751312384
anon_thp 5746196480
anon 5963120640
anon_thp 5958008832
anon 6162354176
anon_thp 6157238272
anon 6476206080
anon_thp 6467616768
anon 6860132352
anon_thp 6851395584
anon 6860128256
anon_thp 6851395584
anon 6968238080
anon_thp 6958350336
anon 7171657728
anon_thp 7161774080
anon 7366692864
anon_thp 7356809216
anon 7576408064
anon_thp 7566524416
anon 7779835904
anon_thp 7769948160
anon 7987449856
anon_thp 7977566208
anon 8192970752
anon_thp 8183087104
anon 8354455552
anon_thp 8344567808
anon 8564162560
anon_thp 8554283008
anon 8771780608
anon_thp 8761901056
anon 8950038528
anon_thp 8940158976
anon 9155563520
anon_thp 9145679872
anon 9363181568
anon_thp 9353297920
anon 9568702464
anon_thp 9558818816
anon 9705021440
anon_thp 9695133696
anon 9908441088
anon_thp 9898557440
anon 10116059136
anon_thp 10106175488
anon 10321584128
anon_thp 10311696384
anon 10529198080
anon_thp 10519314432
anon 10734714880
anon_thp 10724835328
anon 10942341120
anon_thp 10932453376
anon 11145760768
anon_thp 11135877120
anon 11355475968
anon_thp 11345592320
anon 11563094016
anon_thp 11553210368
anon 11768614912
anon_thp 11758731264
anon 11976232960
anon_thp 11966349312
anon 12181757952
anon_thp 12171870208
anon 12387278848
anon_thp 12377391104
anon 12594896896
anon_thp 12585009152
anon 13278461952
anon_thp 13264486400
anon 13957640192
anon_thp 13937672192
anon 13982806016
anon_thp 13962838016
anon 14012166144
anon_thp 13992198144
anon 14031044608
anon_thp 14011072512
anon 14043623424
anon_thp 14023655424
anon 14043627520
anon_thp 14023655424
anon 13909401600
anon_thp 13889437696
anon 13982806016
anon_thp 13962838016
anon 14007975936
anon_thp 13988003840
anon 14033137664
anon_thp 14013169664
anon 14043623424
anon_thp 14023655424
anon 14043623424
anon_thp 14023655424
anon 13963935744
anon_thp 13943963648
anon 14005874688
anon_thp 13985906688
anon 14024749056
anon_thp 14004781056
anon 14043627520
anon_thp 14023655424
anon 14043619328
anon_thp 14023655424
anon 13938761728
anon_thp 13918797824
anon 14001684480
anon_thp 13981712384
anon 14022656000
anon_thp 14002683904
anon 14043627520
anon_thp 14023655424
anon 14043619328
anon_thp 14023655424
anon 13928280064
anon_thp 13908312064
anon 13980712960
anon_thp 13960740864
anon 14020550656
anon_thp 14000586752
anon 14043623424
anon_thp 14023655424
anon 14043619328
anon_thp 14023655424
anon 13921992704
anon_thp 13902020608
anon 13993291776
anon_thp 13973323776
anon 14016360448
anon_thp 13996392448
anon 14041530368
anon_thp 14021558272
anon 14043619328
anon_thp 14023655424
anon 13913600000
anon_thp 13893632000
anon 13987000320
anon_thp 13967032320
anon 14020558848
anon_thp 14000586752
anon 14041530368
anon_thp 14021558272
anon 14043623424
anon_thp 14023655424
anon 13911498752
anon_thp 13891534848
anon 13987000320
anon_thp 13967032320
anon 14020550656
anon_thp 14000586752
anon 14041526272
anon_thp 14021558272
anon 14043623424
anon_thp 14023655424
anon 13909409792
anon_thp 13889437696
anon 13980708864
anon_thp 13960740864
anon 14003777536
anon_thp 13983809536
anon 14033137664
anon_thp 14013169664
anon 14043627520
anon_thp 14023655424
anon 14043627520
anon_thp 14023655424
anon 13959737344
anon_thp 13939769344
anon 14007967744
anon_thp 13988003840
anon 14026850304
anon_thp 14006878208
anon 14043627520
anon_thp 14023655424
anon 14041530368
anon_thp 14021558272
