hot 9 warm 0 cold 354
hot 11 warm 0 cold 354
hot 11 warm 0 cold 354
hot 11 warm 0 cold 354
hot 11 warm 0 cold 354
hot 11 warm 0 cold 354
hot 11 warm 0 cold 354
hot 11 warm 0 cold 354
hot 11 warm 0 cold 354
hot 11 warm 0 cold 354
hot 11 warm 0 cold 421
hot 11 warm 0 cold 378
hot 11 warm 0 cold 354
hot 11 warm 0 cold 354
hot 11 warm 0 cold 354
hot 11 warm 0 cold 354
hot 11 warm 0 cold 354
hot 11 warm 0 cold 354
hot 11 warm 0 cold 354
hot 11 warm 0 cold 354
hot 11 warm 0 cold 354
hot 11 warm 0 cold 354
hot 11 warm 0 cold 354
hot 11 warm 0 cold 354
hot 11 warm 0 cold 354
hot 11 warm 0 cold 354
hot 11 warm 0 cold 354
hot 11 warm 0 cold 354
hot 11 warm 0 cold 354
hot 11 warm 0 cold 354
hot 11 warm 0 cold 354
hot 11 warm 0 cold 354
hot 11 warm 0 cold 354
hot 11 warm 0 cold 354
hot 11 warm 0 cold 354
hot 11 warm 0 cold 354
hot 11 warm 0 cold 354
hot 11 warm 0 cold 354
hot 11 warm 0 cold 354
hot 11 warm 0 cold 354
hot 11 warm 0 cold 354
hot 11 warm 0 cold 354
hot 11 warm 0 cold 354
hot 11 warm 0 cold 354
hot 11 warm 0 cold 354
hot 11 warm 0 cold 354
hot 11 warm 0 cold 354
hot 11 warm 0 cold 354
hot 11 warm 0 cold 354
hot 11 warm 0 cold 354
hot 11 warm 0 cold 354
hot 11 warm 0 cold 354
hot 11 warm 0 cold 354
hot 11 warm 0 cold 354
hot 11 warm 0 cold 354
hot 11 warm 0 cold 354
hot 11 warm 0 cold 354
hot 11 warm 0 cold 370
hot 11 warm 0 cold 354
hot 11 warm 0 cold 354
hot 11 warm 0 cold 354
hot 11 warm 0 cold 354
hot 11 warm 0 cold 354
hot 11 warm 0 cold 354
hot 11 warm 0 cold 354
hot 11 warm 0 cold 354
hot 11 warm 0 cold 354
hot 11 warm 0 cold 354
hot 11 warm 0 cold 354
hot 11 warm 0 cold 354
hot 11 warm 0 cold 354
hot 11 warm 0 cold 354
hot 11 warm 0 cold 354
hot 11 warm 0 cold 354
hot 11 warm 0 cold 354
hot 10764 warm 0 cold 354
hot 10760 warm 0 cold 354
hot 10756 warm 0 cold 354
hot 10752 warm 0 cold 354
hot 10748 warm 0 cold 354
hot 10744 warm 0 cold 354
hot 10740 warm 0 cold 354
hot 10736 warm 0 cold 354
hot 10732 warm 0 cold 354
hot 10728 warm 0 cold 354
hot 10724 warm 0 cold 354
hot 10720 warm 0 cold 354
hot 10716 warm 0 cold 354
hot 10712 warm 0 cold 354
hot 10708 warm 0 cold 354
hot 10704 warm 0 cold 354
hot 10700 warm 0 cold 354
hot 10696 warm 0 cold 354
hot 10692 warm 0 cold 354
hot 10688 warm 0 cold 354
hot 10684 warm 0 cold 354
hot 10680 warm 0 cold 354
hot 10676 warm 0 cold 354
hot 10672 warm 0 cold 354
hot 10668 warm 0 cold 354
hot 10664 warm 0 cold 354
hot 10660 warm 0 cold 354
hot 10656 warm 0 cold 354
hot 10652 warm 0 cold 354
hot 10648 warm 0 cold 354
hot 10644 warm 0 cold 354
hot 10640 warm 0 cold 354
hot 10636 warm 0 cold 354
hot 10632 warm 0 cold 354
hot 10628 warm 0 cold 354
hot 10624 warm 0 cold 354
hot 10620 warm 0 cold 354
hot 10616 warm 0 cold 354
hot 10612 warm 0 cold 354
hot 10608 warm 0 cold 354
hot 10604 warm 0 cold 354
hot 10600 warm 0 cold 354
hot 10596 warm 0 cold 354
hot 10592 warm 0 cold 354
hot 10588 warm 0 cold 354
hot 10584 warm 0 cold 354
hot 10580 warm 0 cold 354
hot 10576 warm 0 cold 354
hot 10572 warm 0 cold 354
hot 10568 warm 0 cold 354
hot 10564 warm 0 cold 354
hot 10560 warm 0 cold 354
hot 10556 warm 0 cold 354
hot 10552 warm 0 cold 354
hot 10548 warm 0 cold 354
hot 10544 warm 0 cold 354
hot 10540 warm 0 cold 354
hot 10536 warm 0 cold 354
hot 10532 warm 0 cold 354
hot 10528 warm 0 cold 354
hot 10524 warm 0 cold 354
hot 10520 warm 0 cold 354
hot 10516 warm 0 cold 354
hot 10512 warm 0 cold 354
hot 10508 warm 0 cold 354
hot 10504 warm 0 cold 354
hot 10500 warm 0 cold 354
hot 10496 warm 0 cold 354
hot 10492 warm 0 cold 354
hot 10488 warm 0 cold 354
hot 10484 warm 0 cold 354
hot 10480 warm 0 cold 354
hot 10476 warm 0 cold 354
hot 10472 warm 0 cold 354
hot 10468 warm 0 cold 354
hot 10464 warm 0 cold 354
hot 10460 warm 0 cold 354
hot 10456 warm 0 cold 354
hot 10452 warm 0 cold 354
hot 10448 warm 0 cold 354
hot 10444 warm 0 cold 354
hot 10440 warm 0 cold 354
hot 10436 warm 0 cold 354
hot 10432 warm 0 cold 354
hot 10428 warm 0 cold 354
hot 10424 warm 0 cold 354
hot 10420 warm 0 cold 354
hot 10416 warm 0 cold 354
hot 10412 warm 0 cold 354
hot 10408 warm 0 cold 354
hot 10404 warm 0 cold 354
hot 10400 warm 0 cold 354
hot 10396 warm 0 cold 354
hot 10392 warm 0 cold 354
hot 10388 warm 0 cold 354
hot 10384 warm 0 cold 354
hot 10380 warm 0 cold 354
hot 10376 warm 0 cold 354
hot 10372 warm 0 cold 354
hot 10368 warm 0 cold 354
hot 10364 warm 0 cold 354
hot 10360 warm 0 cold 354
hot 10356 warm 0 cold 354
hot 10352 warm 0 cold 354
hot 10348 warm 0 cold 354
hot 10344 warm 0 cold 354
hot 10340 warm 0 cold 354
hot 10336 warm 0 cold 354
hot 10332 warm 0 cold 354
hot 10328 warm 0 cold 354
hot 10324 warm 0 cold 354
hot 21121 warm 0 cold 354
hot 286333 warm 354 cold 0
hot 407673 warm 354 cold 0
hot 1033333 warm 0 cold 354
hot 1396337 warm 0 cold 354
hot 108227 warm 1479874 cold 354
hot 165655 warm 1472618 cold 354
hot 217263 warm 1318973 cold 354
hot 235722 warm 1320990 cold 354
hot 255240 warm 1320412 cold 354
hot 308331 warm 1294221 cold 354
hot 376091 warm 1287897 cold 354
hot 250612 warm 1288298 cold 354
hot 296747 warm 1289263 cold 354
hot 300995 warm 1291155 cold 354
hot 321021 warm 1290581 cold 354
hot 376183 warm 1296111 cold 354
hot 74506 warm 0 cold 1298984
hot 296232 warm 0 cold 1299462
hot 307180 warm 1300444 cold 354
hot 156779 warm 50125 cold 175616
hot 370664 warm 9680 cold 2892281
hot 392729 warm 2891668 cold 0
hot 280457 warm 2891662 cold 0
hot 307620 warm 2891631 cold 0
hot 323582 warm 2891025 cold 0
hot 372228 warm 2888223 cold 0
hot 385654 warm 2886058 cold 0
hot 287204 warm 2886054 cold 0
hot 307694 warm 2886040 cold 0
hot 328260 warm 2879806 cold 0
hot 380962 warm 2872949 cold 0
hot 405101 warm 2868774 cold 0
hot 295387 warm 2868770 cold 0
hot 331254 warm 2865667 cold 0
hot 354350 warm 2852807 cold 0
hot 418803 warm 2837270 cold 0
hot 443008 warm 0 cold 2825861
hot 333291 warm 0 cold 2825860
hot 370696 warm 2823779 cold 0
hot 389171 warm 2816052 cold 0
hot 441800 warm 2804147 cold 0
hot 472611 warm 0 cold 2789204
hot 373137 warm 0 cold 2789201
hot 388495 warm 2788687 cold 0
hot 417737 warm 2779409 cold 0
hot 489295 warm 2748576 cold 0
hot 528814 warm 0 cold 2734142
hot 413425 warm 2733103 cold 0
hot 449270 warm 2732070 cold 0
hot 467206 warm 2723858 cold 0
hot 514910 warm 2695094 cold 0
hot 588016 warm 0 cold 2666808
