anon 802816
anon_thp 0
anon 195018752
anon_thp 192937984
anon 398442496
anon_thp 396361728
anon 611495936
anon_thp 608174080
anon 814919680
anon_thp 811597824
anon 1026727936
anon_thp 1023410176
anon 1223856128
anon_thp 1220542464
anon 1408409600
anon_thp 1405091840
anon 1605545984
anon_thp 1602224128
anon 1815261184
anon_thp 1811939328
anon 2016583680
anon_thp 2013265920
anon 2029166592
anon_thp 2025848832
anon 2045947904
anon_thp 2042626048
anon 2066919424
anon_thp 2063597568
anon 2085785600
anon_thp 2082471936
anon 2094178304
anon_thp 2090860544
anon 2285019136
anon_thp 2281701376
anon 2490540032
anon_thp 2487222272
anon 2496831488
anon_thp 2493513728
anon 2509418496
anon_thp 2506096640
anon 2509418496
anon_thp 2506096640
anon 2509414400
anon_thp 2506096640
anon 2509414400
anon_thp 2506096640
anon 2509414400
anon_thp 2506096640
anon 2511507456
anon_thp 2508193792
anon 2511507456
anon_thp 2508193792
anon 2511511552
anon_thp 2508193792
anon 2511507456
anon_thp 2508193792
anon 2513612800
anon_thp 2510290944
anon 2530385920
anon_thp 2527068160
anon 2551357440
anon_thp 2548039680
anon 2574422016
anon_thp 2571108352
anon 2782044160
anon_thp 2778726400
anon 2977079296
anon_thp 2973761536
anon 2981273600
anon_thp 2977955840
anon 2998054912
anon_thp 2994733056
anon 3008532480
anon_thp 3005218816
anon 3008536576
anon_thp 3005218816
anon 3008540672
anon_thp 3005218816
anon 3012730880
anon_thp 3009413120
anon 3019022336
anon_thp 3015704576
anon 3033706496
anon_thp 3030384640
anon 3044188160
anon_thp 3040870400
anon 3167920128
anon_thp 3164602368
anon 3379732480
anon_thp 3363831808
anon 3459252224
anon_thp 3370123264
anon 3459252224
anon_thp 3370123264
anon 3459252224
anon_thp 3370123264
anon 3459248128
anon_thp 3370123264
anon 3459252224
anon_thp 3370123264
anon 3459252224
anon_thp 3370123264
anon 3459252224
anon_thp 3370123264
anon 3461521408
anon_thp 3372220416
anon 3463618560
anon_thp 3374317568
anon 3463618560
anon_thp 3374317568
anon 3463614464
anon_thp 3374317568
anon 3530723328
anon_thp 3378511872
anon 3744636928
anon_thp 3519021056
anon 3805454336
anon_thp 3579838464
anon 3809644544
anon_thp 3584032768
anon 3818037248
anon_thp 3592421376
anon 3836907520
anon_thp 3611295744
anon 3977416704
anon_thp 3735027712
anon 4191330304
anon_thp 3948937216
anon 4329746432
anon_thp 4087349248
anon 4537360384
anon_thp 4294967296
anon 4747075584
anon_thp 4504682496
anon 4948402176
anon_thp 4706009088
anon 5162315776
anon_thp 4919918592
anon 5336379392
anon_thp 5093982208
anon 5546086400
anon_thp 5303697408
anon 5743222784
anon_thp 5500829696
anon 5952937984
anon_thp 5710544896
anon 6147977216
anon_thp 5905580032
anon 6357692416
anon_thp 6115295232
anon 6864322560
anon_thp 6463422464
anon 6864318464
anon_thp 6463422464
anon 6864318464
anon_thp 6463422464
anon 6864322560
anon_thp 6463422464
anon 6864318464
anon_thp 6463422464
anon 6864314368
anon_thp 6463422464
anon 6958039040
anon_thp 6555697152
anon 7060799488
anon_thp 6658457600
anon 7073382400
anon_thp 6671040512
anon 7090159616
anon_thp 6687817728
anon 7109029888
anon_thp 6706692096
anon 7115325440
anon_thp 6712983552
anon 7115329536
anon_thp 6712983552
anon 7125811200
anon_thp 6723469312
anon 7136296960
anon_thp 6733955072
anon 7314550784
anon_thp 6912212992
anon 7520079872
anon_thp 7117733888
anon 7582990336
anon_thp 7180648448
anon 7593476096
anon_thp 7191134208
anon 7608156160
anon_thp 7205814272
anon 7620734976
anon_thp 7218397184
anon 7641710592
anon_thp 7239368704
anon 7771734016
anon_thp 7369392128
anon 7920631808
anon_thp 7518289920
anon 7922733056
anon_thp 7520387072
anon 7929020416
anon_thp 7526678528
anon 7933214720
anon_thp 7530872832
anon 7935311872
anon_thp 7532969984
anon 7945801728
anon_thp 7543455744
anon 7945797632
anon_thp 7543455744
anon 7956283392
anon_thp 7553941504
anon 7964672000
anon_thp 7562330112
anon 8069529600
anon_thp 7667187712
anon 8161804288
anon_thp 7759462400
anon 8161804288
anon_thp 7759462400
anon 8161804288
anon_thp 7759462400
anon 8161804288
anon_thp 7759462400
anon 8161804288
anon_thp 7759462400
anon 8161800192
anon_thp 7759462400
anon 8165994496
anon_thp 7763656704
anon 8182775808
anon_thp 7780433920
anon 8182779904
anon_thp 7780433920
anon 8182775808
anon_thp 7780433920
anon 8191168512
anon_thp 7788822528
anon 8207941632
anon_thp 7805599744
anon 8231006208
anon_thp 7828668416
anon 8337965056
anon_thp 7935623168
anon 8545583104
anon_thp 8143241216
anon 8753201152
anon_thp 8350859264
anon 8801435648
anon_thp 8399093760
anon 8814022656
anon_thp 8411676672
anon 8879026176
anon_thp 8476688384
anon 8927268864
anon_thp 8524922880
anon 8927268864
anon_thp 8524922880
anon 8931459072
anon_thp 8529117184
anon 8931463168
anon_thp 8529117184
anon 8939847680
anon_thp 8537505792
anon 8944037888
anon_thp 8541700096
anon 8977592320
anon_thp 8575254528
anon 9143271424
anon_thp 8740929536
anon 9279586304
anon_thp 8877244416
anon 9306849280
anon_thp 8904507392
anon 9441067008
anon_thp 9038725120
anon 9548021760
anon_thp 9145679872
anon 9636102144
anon_thp 9233760256
anon 9803878400
anon_thp 9401532416
anon 10011488256
anon_thp 9609150464
anon 10214916096
anon_thp 9812574208
anon 10370109440
anon_thp 9967763456
anon 10577723392
anon_thp 10175381504
anon 10655322112
anon_thp 10252976128
anon 10657419264
anon_thp 10255073280
anon 10657411072
anon_thp 10255073280
anon 10659508224
anon_thp 10257170432
anon 10659516416
anon_thp 10257170432
anon 10659516416
anon_thp 10257170432
anon 10808410112
anon_thp 10406068224
anon 10911170560
anon_thp 10508828672
anon 10911174656
anon_thp 10508828672
anon 10911166464
anon_thp 10508828672
anon 10911170560
anon_thp 10508828672
anon 10911170560
anon_thp 10508828672
anon 10911170560
anon_thp 10508828672
anon 10911174656
anon_thp 10508828672
anon 10911170560
anon_thp 10508828672
anon 10913267712
anon_thp 10510925824
anon 10913267712
anon_thp 10510925824
anon 10913267712
anon_thp 10510925824
anon 10913271808
anon_thp 10510925824
anon 10913271808
anon_thp 10510925824
anon 10913267712
anon_thp 10510925824
anon 10915368960
anon_thp 10513022976
anon 10915368960
anon_thp 10513022976
anon 10919563264
anon_thp 10517217280
anon 10936336384
anon_thp 10533994496
anon 10988765184
anon_thp 10586423296
anon 11062165504
anon_thp 10659823616
anon 11127173120
anon_thp 10724835328
anon 11336892416
anon_thp 10934550528
anon 11542413312
anon_thp 11140071424
anon 11651461120
anon_thp 11249123328
anon 11708088320
anon_thp 11305746432
anon 11888443392
anon_thp 11486101504
anon 11989110784
anon_thp 11586764800
anon 11989110784
anon_thp 11586764800
anon 11989102592
anon_thp 11586764800
anon 11999592448
anon_thp 11597250560
anon 12135907328
anon_thp 11733565440
anon 12307873792
anon_thp 11905531904
anon 12515487744
anon_thp 12113149952
anon 12653903872
anon_thp 12251561984
anon 13807931392
anon_thp 13396606976
anon 13966315520
anon_thp 13551796224
anon 13991481344
anon_thp 13576962048
anon 14022946816
anon_thp 13608419328
anon 14041812992
anon_thp 13627293696
anon 14048108544
anon_thp 13633585152
anon 14048108544
anon_thp 13633585152
anon 13972611072
anon_thp 13558087680
anon 14001975296
anon_thp 13587447808
anon 14027141120
anon_thp 13612613632
anon 14048108544
anon_thp 13633585152
anon 14048108544
anon_thp 13633585152
anon 13920186368
anon_thp 13505658880
anon 13993582592
anon_thp 13579059200
anon 14020849664
anon_thp 13606322176
anon 14041812992
anon_thp 13627293696
anon 14048112640
anon_thp 13633585152
anon 13351165952
anon_thp 12941524992
anon 13987287040
anon_thp 13572767744
anon 14016655360
anon_thp 13602127872
anon 14037622784
anon_thp 13623099392
anon 14048104448
anon_thp 13633585152
anon 14048108544
anon_thp 13633585152
anon 13974708224
anon_thp 13560184832
anon 14012452864
anon_thp 13597933568
anon 14037626880
anon_thp 13623099392
anon 14048108544
anon_thp 13633585152
anon 14048108544
anon_thp 13633585152
anon 13981003776
anon_thp 13566476288
anon 14012452864
anon_thp 13597933568
anon 14035525632
anon_thp 13621002240
anon 14048112640
anon_thp 13633585152
anon 14048108544
anon_thp 13633585152
anon 13960028160
anon_thp 13545504768
anon 14014558208
anon_thp 13600030720
anon 14035525632
anon_thp 13621002240
anon 14048108544
anon_thp 13633585152
anon 14048112640
anon_thp 13633585152
anon 13964226560
anon_thp 13549699072
anon 14014554112
anon_thp 13600030720
anon 14035529728
anon_thp 13621002240
anon 14048108544
anon_thp 13633585152
anon 14048104448
anon_thp 13633585152
anon 13972615168
anon_thp 13558087680
anon 14001975296
anon_thp 13587447808
anon 14029230080
anon_thp 13614710784
anon 14048104448
anon_thp 13633585152
anon 14048112640
anon_thp 13633585152
anon 13934862336
anon_thp 13520338944
anon 13997780992
anon_thp 13583253504
anon 14025039872
anon_thp 13610516480
anon 14046011392
anon_thp 13631488000
anon 14048108544
anon_thp 13633585152
