anon 1318912
anon_thp 0
anon 194048000
anon_thp 190840832
anon 399568896
anon_thp 396361728
anon 612614144
anon_thp 608174080
anon 818130944
anon_thp 813694976
anon 1029951488
anon_thp 1025507328
anon 1227079680
anon_thp 1222639616
anon 1422118912
anon_thp 1417674752
anon 1625538560
anon_thp 1621098496
anon 1835253760
anon_thp 1830813696
anon 2044968960
anon_thp 2040528896
anon 2250493952
anon_thp 2246049792
anon 2462306304
anon_thp 2457862144
anon 2667827200
anon_thp 2663383040
anon 2881736704
anon_thp 2877292544
anon 3087257600
anon_thp 3082813440
anon 3299065856
anon_thp 3294625792
anon 3504586752
anon_thp 3500146688
anon 3718492160
anon_thp 3714056192
anon 3924013056
anon_thp 3919577088
anon 4133728256
anon_thp 4129292288
anon 4341350400
anon_thp 4336910336
anon 4551065600
anon_thp 4546625536
anon 4762877952
anon_thp 4758437888
anon 4966297600
anon_thp 4961861632
anon 5180211200
anon_thp 5175771136
anon 5364764672
anon_thp 5360320512
anon 5570281472
anon_thp 5565841408
anon 5773701120
anon_thp 5769265152
anon 5987610624
anon_thp 5983174656
anon 6182649856
anon_thp 6178209792
anon 6718799872
anon_thp 6712983552
anon 6860623872
anon_thp 6853492736
anon 6860619776
anon_thp 6853492736
anon 6992732160
anon_thp 6983516160
anon 7196155904
anon_thp 7186939904
anon 7395381248
anon_thp 7386169344
anon 7600902144
anon_thp 7591690240
anon 7806423040
anon_thp 7797211136
anon 8014041088
anon_thp 8004829184
anon 8215367680
anon_thp 8206155776
anon 8381042688
anon_thp 8371830784
anon 8590757888
anon_thp 8581545984
anon 8796274688
anon_thp 8787066880
anon 8976637952
anon_thp 8967421952
anon 9186344960
anon_thp 9177137152
anon 9391865856
anon_thp 9382658048
anon 9591099392
anon_thp 9581887488
anon 9735806976
anon_thp 9726590976
anon 9943420928
anon_thp 9934209024
anon 10151038976
anon_thp 10141827072
anon 10356555776
anon_thp 10347347968
anon 10564182016
anon_thp 10554966016
anon 10769702912
anon_thp 10760486912
anon 10979414016
anon_thp 10970202112
anon 11184934912
anon_thp 11175723008
anon 11392548864
anon_thp 11383341056
anon 11600171008
anon_thp 11590959104
anon 11805691904
anon_thp 11796480000
anon 12013309952
anon_thp 12004098048
anon 12218830848
anon_thp 12209618944
anon 12424351744
anon_thp 12415139840
anon 12629876736
anon_thp 12620660736
anon 13908733952
anon_thp 13887340544
anon 13969551360
anon_thp 13948157952
anon 13988425728
anon_thp 13967032320
anon 14003105792
anon_thp 13981712384
anon 14021984256
anon_thp 14000586752
anon 14036660224
anon_thp 14015266816
anon 14045052928
anon_thp 14023655424
anon 14045048832
anon_thp 14023655424
anon 13950672896
anon_thp 13929283584
anon 13990522880
anon_thp 13969129472
anon 14017781760
anon_thp 13996392448
anon 14040850432
anon_thp 14019461120
anon 14045048832
anon_thp 14023655424
anon 13513486336
anon_thp 13497270272
anon 13984227328
anon_thp 13962838016
anon 14013591552
anon_thp 13992198144
anon 14034563072
anon_thp 14013169664
anon 14045048832
anon_thp 14023655424
anon 14045048832
anon_thp 14023655424
anon 13969547264
anon_thp 13948157952
anon 14009397248
anon_thp 13988003840
anon 14028271616
anon_thp 14006878208
anon 14045048832
anon_thp 14023655424
anon 14046543872
anon_thp 14025752576
anon 13956370432
anon_thp 13935575040
anon 13996220416
anon_thp 13975420928
anon 14029770752
anon_thp 14008975360
anon 14046547968
anon_thp 14025752576
anon 14046552064
anon_thp 14025752576
anon 13950083072
anon_thp 13929283584
anon 14002507776
anon_thp 13981712384
anon 14025580544
anon_thp 14004781056
anon 14046547968
anon_thp 14025752576
anon 14046552064
anon_thp 14025752576
anon 13927010304
anon_thp 13906214912
anon 13998313472
anon_thp 13977518080
anon 14025572352
anon_thp 14004781056
anon 14046543872
anon_thp 14025752576
anon 14046552064
anon_thp 14025752576
anon 13920722944
anon_thp 13899923456
anon 13992022016
anon_thp 13971226624
anon 14023479296
anon_thp 14002683904
anon 14044454912
anon_thp 14023655424
anon 14046547968
anon_thp 14025752576
anon 13910233088
anon_thp 13889437696
anon 13981540352
anon_thp 13960740864
anon 14006697984
anon_thp 13985906688
anon 14033965056
anon_thp 14013169664
anon 14046547968
anon_thp 14025752576
anon 14046547968
anon_thp 14025752576
anon 13947981824
anon_thp 13927186432
anon 14006697984
anon_thp 13985906688
anon 14027673600
anon_thp 14006878208
anon 14046547968
anon_thp 14025752576
anon 14046547968
anon_thp 14025752576
