pgmigrate_success 1301785
pgmigrate_success 1301785
pgmigrate_success 1301785
pgmigrate_success 1301785
pgmigrate_success 1301785
pgmigrate_success 1301785
pgmigrate_success 1301785
pgmigrate_success 1344523
pgmigrate_success 1344523
pgmigrate_success 1344523
pgmigrate_success 1344523
pgmigrate_success 1436747
pgmigrate_success 1529035
pgmigrate_success 1621355
pgmigrate_success 1713323
pgmigrate_success 1805419
pgmigrate_success 1897643
pgmigrate_success 1989931
pgmigrate_success 2099915
pgmigrate_success 2197227
pgmigrate_success 2290954
pgmigrate_success 2408075
pgmigrate_success 2502498
pgmigrate_success 2598208
pgmigrate_success 2702452
pgmigrate_success 2811310
pgmigrate_success 2904943
pgmigrate_success 2999092
pgmigrate_success 3094895
pgmigrate_success 3197232
pgmigrate_success 3298728
pgmigrate_success 3403229
pgmigrate_success 3495410
pgmigrate_success 3649818
pgmigrate_success 4047078
pgmigrate_success 4280121
pgmigrate_success 4381770
pgmigrate_success 4479830
pgmigrate_success 4580450
pgmigrate_success 4681294
pgmigrate_success 4783674
pgmigrate_success 4860294
pgmigrate_success 4963331
pgmigrate_success 5066270
pgmigrate_success 5153322
pgmigrate_success 5254003
pgmigrate_success 5353484
pgmigrate_success 5457355
pgmigrate_success 5537047
pgmigrate_success 5622819
pgmigrate_success 5722831
pgmigrate_success 5825979
pgmigrate_success 5926279
pgmigrate_success 6025811
pgmigrate_success 6128031
pgmigrate_success 6228139
pgmigrate_success 6329720
pgmigrate_success 6429092
pgmigrate_success 6529704
pgmigrate_success 6631388
pgmigrate_success 6732904
pgmigrate_success 6831028
pgmigrate_success 6934144
pgmigrate_success 7030577
pgmigrate_success 7084849
pgmigrate_success 7190333
pgmigrate_success 7202633
pgmigrate_success 7207253
pgmigrate_success 7207777
pgmigrate_success 7207777
pgmigrate_success 7219553
pgmigrate_success 7286125
pgmigrate_success 7315321
pgmigrate_success 7444869
pgmigrate_success 7452561
pgmigrate_success 7457181
pgmigrate_success 7460777
pgmigrate_success 7538172
pgmigrate_success 7656738
pgmigrate_success 7759102
pgmigrate_success 7938799
pgmigrate_success 8083922
pgmigrate_success 8263463
pgmigrate_success 8438145
pgmigrate_success 8587802
pgmigrate_success 8801437
pgmigrate_success 8902971
pgmigrate_success 9006676
pgmigrate_success 9117451
pgmigrate_success 9203102
pgmigrate_success 9251260
pgmigrate_success 9290277
pgmigrate_success 9302410
pgmigrate_success 9327781
pgmigrate_success 9383368
pgmigrate_success 9439552
pgmigrate_success 9493081
pgmigrate_success 9520862
pgmigrate_success 9524958
pgmigrate_success 9541062
pgmigrate_success 9553200
pgmigrate_success 9602188
pgmigrate_success 9671576
pgmigrate_success 9683537
pgmigrate_success 9689776
pgmigrate_success 9729638
pgmigrate_success 9729735
pgmigrate_success 9856633
pgmigrate_success 9932084
pgmigrate_success 9944896
pgmigrate_success 9950028
pgmigrate_success 9986915
pgmigrate_success 9986939
pgmigrate_success 10134177
pgmigrate_success 10173681
pgmigrate_success 10186495
pgmigrate_success 10189067
pgmigrate_success 10395800
pgmigrate_success 10428269
pgmigrate_success 10511215
pgmigrate_success 10520431
pgmigrate_success 10530971
pgmigrate_success 10574067
pgmigrate_success 10581911
pgmigrate_success 10593252
pgmigrate_success 10656963
pgmigrate_success 10670097
pgmigrate_success 10685349
pgmigrate_success 10725934
pgmigrate_success 10764893
