pgmigrate_success 303669541
pgmigrate_fail 640478
thp_migration_success 420037
thp_migration_fail 95
thp_migration_split 0
thp_fault_alloc 610285
thp_fault_fallback 12127
thp_fault_fallback_charge 0
thp_collapse_alloc 471
thp_collapse_alloc_failed 0
thp_file_alloc 0
thp_file_fallback 0
thp_file_fallback_charge 0
thp_file_mapped 0
thp_split_page 1633
thp_split_page_failed 896
thp_deferred_split_page 2499
thp_split_pmd 12238
thp_split_pud 0
thp_zero_page_alloc 0
thp_zero_page_alloc_failed 0
thp_swpout 0
thp_swpout_fallback 0
htmm_nr_promoted 146511472
htmm_nr_demoted 147438068
htmm_nr_sampled 0
htmm_missed_dramread 1409
htmm_missed_nvmread 0
htmm_missed_write 0
htmm_alloc_dram 560408578
htmm_alloc_nvm 0
