pgmigrate_success 39840403
pgmigrate_success 39840408
pgmigrate_success 39840409
pgmigrate_success 39840410
pgmigrate_success 39840411
pgmigrate_success 39840412
pgmigrate_success 39840413
pgmigrate_success 39840414
pgmigrate_success 39840415
pgmigrate_success 39840416
pgmigrate_success 39840417
pgmigrate_success 39840418
pgmigrate_success 39840419
pgmigrate_success 39840420
pgmigrate_success 39840421
pgmigrate_success 39840422
pgmigrate_success 39840423
pgmigrate_success 39840424
pgmigrate_success 39840425
pgmigrate_success 39840426
pgmigrate_success 39840427
pgmigrate_success 39840428
pgmigrate_success 39840429
pgmigrate_success 39840430
pgmigrate_success 39840431
pgmigrate_success 39840432
pgmigrate_success 39840433
pgmigrate_success 39864561
pgmigrate_success 39871345
pgmigrate_success 39913201
pgmigrate_success 40014449
pgmigrate_success 40082161
pgmigrate_success 40104881
pgmigrate_success 40154673
pgmigrate_success 40256241
pgmigrate_success 40323633
pgmigrate_success 40425201
pgmigrate_success 40526641
pgmigrate_success 40584209
pgmigrate_success 40694193
pgmigrate_success 40752177
pgmigrate_success 40851505
pgmigrate_success 40955569
pgmigrate_success 40989426
pgmigrate_success 41090674
pgmigrate_success 41191570
pgmigrate_success 41292786
pgmigrate_success 41394066
pgmigrate_success 41466514
pgmigrate_success 41567282
pgmigrate_success 41664562
pgmigrate_success 41765042
pgmigrate_success 41841147
pgmigrate_success 41926996
pgmigrate_success 42024340
pgmigrate_success 42126740
pgmigrate_success 42210708
pgmigrate_success 42282324
pgmigrate_success 42379798
pgmigrate_success 42454070
pgmigrate_success 42554838
pgmigrate_success 42657116
pgmigrate_success 42724823
pgmigrate_success 42800476
pgmigrate_success 42854807
pgmigrate_success 42906461
pgmigrate_success 42974557
pgmigrate_success 43073560
pgmigrate_success 43114169
pgmigrate_success 43182489
pgmigrate_success 43197151
pgmigrate_success 43265562
pgmigrate_success 43327839
pgmigrate_success 43429402
pgmigrate_success 43531802
pgmigrate_success 43600346
pgmigrate_success 43629215
pgmigrate_success 43633184
pgmigrate_success 43665401
pgmigrate_success 43757977
pgmigrate_success 43860377
pgmigrate_success 43962777
pgmigrate_success 44030490
pgmigrate_success 44132890
pgmigrate_success 44235290
pgmigrate_success 44303834
pgmigrate_success 44382618
pgmigrate_success 44450330
pgmigrate_success 44552730
pgmigrate_success 44621275
pgmigrate_success 44690620
pgmigrate_success 44762525
pgmigrate_success 44864925
pgmigrate_success 44967325
pgmigrate_success 45038978
pgmigrate_success 45124059
pgmigrate_success 45226459
pgmigrate_success 45328859
pgmigrate_success 45430907
pgmigrate_success 45533657
pgmigrate_success 45636057
pgmigrate_success 45704601
pgmigrate_success 45748794
pgmigrate_success 45815224
pgmigrate_success 45883864
pgmigrate_success 45971929
pgmigrate_success 46067577
pgmigrate_success 46157209
pgmigrate_success 46259610
pgmigrate_success 46327323
pgmigrate_success 46381345
pgmigrate_success 46465145
pgmigrate_success 46551449
pgmigrate_success 46654254
pgmigrate_success 46817357
pgmigrate_success 46919757
pgmigrate_success 47267407
pgmigrate_success 47537743
pgmigrate_success 47924818
pgmigrate_success 48311494
pgmigrate_success 48611018
pgmigrate_success 48888542
pgmigrate_success 49276659
pgmigrate_success 49368860
pgmigrate_success 49490029
pgmigrate_success 49523309
pgmigrate_success 49523309
pgmigrate_success 49523309
pgmigrate_success 49523309
pgmigrate_success 49661549
pgmigrate_success 49865326
pgmigrate_success 49909359
pgmigrate_success 49917551
pgmigrate_success 49925743
pgmigrate_success 49931375
pgmigrate_success 49934959
pgmigrate_success 49976943
pgmigrate_success 50219119
pgmigrate_success 50469756
pgmigrate_success 50588571
pgmigrate_success 50831386
pgmigrate_success 50964633
pgmigrate_success 50973977
pgmigrate_success 50973979
pgmigrate_success 50973980
pgmigrate_success 50973981
pgmigrate_success 50973982
pgmigrate_success 50973984
pgmigrate_success 50973986
pgmigrate_success 50973986
pgmigrate_success 50973990
pgmigrate_success 50984763
pgmigrate_success 50998608
pgmigrate_success 51015043
pgmigrate_success 51089936
pgmigrate_success 51149349
pgmigrate_success 51170390
pgmigrate_success 51173465
pgmigrate_success 51173466
pgmigrate_success 51173467
pgmigrate_success 51173468
pgmigrate_success 51176541
pgmigrate_success 51181150
pgmigrate_success 51196510
pgmigrate_success 51211874
pgmigrate_success 51232362
pgmigrate_success 51255928
pgmigrate_success 51313802
pgmigrate_success 51458773
pgmigrate_success 51744032
pgmigrate_success 51831610
pgmigrate_success 51840386
pgmigrate_success 51853191
pgmigrate_success 51853192
pgmigrate_success 51853194
pgmigrate_success 51853198
pgmigrate_success 51853202
pgmigrate_success 51854325
pgmigrate_success 51856989
pgmigrate_success 51859037
pgmigrate_success 51861212
pgmigrate_success 51875916
pgmigrate_success 51894983
pgmigrate_success 51895005
pgmigrate_success 51895039
pgmigrate_success 51895076
pgmigrate_success 51895078
pgmigrate_success 51895080
pgmigrate_success 51895082
pgmigrate_success 51897645
pgmigrate_success 51906865
pgmigrate_success 51910961
pgmigrate_success 51912497
pgmigrate_success 51915167
pgmigrate_success 51941430
pgmigrate_success 51941457
pgmigrate_success 51941499
pgmigrate_success 51943605
pgmigrate_success 51944632
pgmigrate_success 51944633
pgmigrate_success 51944636
pgmigrate_success 51946687
pgmigrate_success 51952843
pgmigrate_success 51956430
pgmigrate_success 51959001
pgmigrate_success 51963126
pgmigrate_success 51974000
pgmigrate_success 52011982
pgmigrate_success 52035059
pgmigrate_success 52039680
pgmigrate_success 52039681
pgmigrate_success 52039682
pgmigrate_success 52049410
pgmigrate_success 52058626
pgmigrate_success 52064258
pgmigrate_success 52068866
pgmigrate_success 52073990
pgmigrate_success 52078088
pgmigrate_success 52082190
pgmigrate_success 52095015
pgmigrate_success 52153518
pgmigrate_success 52230745
pgmigrate_success 52395656
pgmigrate_success 52458669
pgmigrate_success 52536011
pgmigrate_success 52637197
pgmigrate_success 52647557
pgmigrate_success 52660192
pgmigrate_success 52678396
pgmigrate_success 52692773
pgmigrate_success 52704681
pgmigrate_success 52714604
pgmigrate_success 52728780
pgmigrate_success 52768025
pgmigrate_success 52910414
pgmigrate_success 53044430
pgmigrate_success 53054800
pgmigrate_success 53137071
pgmigrate_success 53137420
pgmigrate_success 53137420
pgmigrate_success 53152361
pgmigrate_success 53152373
pgmigrate_success 53152389
pgmigrate_success 53158025
pgmigrate_success 53162633
pgmigrate_success 53180593
pgmigrate_success 53189297
pgmigrate_success 53192369
pgmigrate_success 53194325
pgmigrate_success 53212413
pgmigrate_success 53249365
pgmigrate_success 53260502
pgmigrate_success 53263330
pgmigrate_success 53266129
