pgmigrate_success 184678523
pgmigrate_success 184678528
pgmigrate_success 184678529
pgmigrate_success 184678530
pgmigrate_success 184678531
pgmigrate_success 184678532
pgmigrate_success 184678533
pgmigrate_success 184678534
pgmigrate_success 184678534
pgmigrate_success 184678534
pgmigrate_success 184678534
pgmigrate_success 184678534
pgmigrate_success 184678534
pgmigrate_success 184678534
pgmigrate_success 184678534
pgmigrate_success 184678534
pgmigrate_success 184678534
pgmigrate_success 184678534
pgmigrate_success 184678534
pgmigrate_success 184678534
pgmigrate_success 184678534
pgmigrate_success 184678534
pgmigrate_success 184678534
pgmigrate_success 184678534
pgmigrate_success 184678534
pgmigrate_success 184678534
pgmigrate_success 184678534
pgmigrate_success 184678534
pgmigrate_success 184678534
pgmigrate_success 184678534
pgmigrate_success 184678534
pgmigrate_success 184678534
pgmigrate_success 184678534
pgmigrate_success 184678534
pgmigrate_success 184678534
pgmigrate_success 184678534
pgmigrate_success 184678534
pgmigrate_success 184678534
pgmigrate_success 184678534
pgmigrate_success 184678534
pgmigrate_success 184678534
pgmigrate_success 184678534
pgmigrate_success 184678534
pgmigrate_success 184678534
pgmigrate_success 184678534
pgmigrate_success 184678534
pgmigrate_success 184678534
pgmigrate_success 184678534
pgmigrate_success 184678534
pgmigrate_success 184678534
pgmigrate_success 184678534
pgmigrate_success 184678534
pgmigrate_success 184678534
pgmigrate_success 184678534
pgmigrate_success 184678534
pgmigrate_success 184678534
pgmigrate_success 184678534
pgmigrate_success 184678534
pgmigrate_success 184678534
pgmigrate_success 184678534
pgmigrate_success 184678534
pgmigrate_success 184678534
pgmigrate_success 184678534
pgmigrate_success 184678534
pgmigrate_success 184678534
pgmigrate_success 184678534
pgmigrate_success 184678534
pgmigrate_success 184678534
pgmigrate_success 184678534
pgmigrate_success 184678534
pgmigrate_success 184678534
pgmigrate_success 184678534
pgmigrate_success 184678534
pgmigrate_success 184678534
pgmigrate_success 184678534
pgmigrate_success 184678534
pgmigrate_success 184678534
pgmigrate_success 184678534
pgmigrate_success 184678534
pgmigrate_success 184678534
pgmigrate_success 184678534
pgmigrate_success 184678534
pgmigrate_success 184678534
pgmigrate_success 184678534
pgmigrate_success 184678534
pgmigrate_success 184678534
pgmigrate_success 184678534
pgmigrate_success 184678534
pgmigrate_success 184678534
pgmigrate_success 184678534
pgmigrate_success 184696203
pgmigrate_success 184696203
pgmigrate_success 184696203
pgmigrate_success 184696203
pgmigrate_success 184696203
pgmigrate_success 184696203
pgmigrate_success 184696203
pgmigrate_success 184696203
pgmigrate_success 184696203
pgmigrate_success 184696203
pgmigrate_success 184696203
pgmigrate_success 184696203
pgmigrate_success 184696203
pgmigrate_success 184696203
pgmigrate_success 184696203
pgmigrate_success 184696203
pgmigrate_success 184696203
pgmigrate_success 184696203
pgmigrate_success 184696203
pgmigrate_success 184696203
pgmigrate_success 184696203
pgmigrate_success 184696203
pgmigrate_success 184696203
pgmigrate_success 184735115
pgmigrate_success 184735115
pgmigrate_success 184735115
pgmigrate_success 184735115
pgmigrate_success 184735115
pgmigrate_success 184735115
pgmigrate_success 184735115
pgmigrate_success 184735115
pgmigrate_success 184735115
pgmigrate_success 184735630
pgmigrate_success 184735630
pgmigrate_success 184735630
pgmigrate_success 184735630
pgmigrate_success 184735630
pgmigrate_success 184735630
pgmigrate_success 184735630
pgmigrate_success 184735630
pgmigrate_success 184735630
pgmigrate_success 184735630
pgmigrate_success 184735630
pgmigrate_success 184735630
pgmigrate_success 184735630
pgmigrate_success 184735630
pgmigrate_success 184735630
pgmigrate_success 184735630
pgmigrate_success 184735630
pgmigrate_success 184735630
pgmigrate_success 184735630
pgmigrate_success 184735630
pgmigrate_success 184735630
pgmigrate_success 184735630
pgmigrate_success 184735630
pgmigrate_success 184735630
pgmigrate_success 184735630
pgmigrate_success 184735630
pgmigrate_success 184735630
pgmigrate_success 184735630
pgmigrate_success 184735630
pgmigrate_success 184735630
pgmigrate_success 184735630
pgmigrate_success 184735630
pgmigrate_success 184735922
pgmigrate_success 184735922
pgmigrate_success 184735922
pgmigrate_success 184735922
pgmigrate_success 184735922
pgmigrate_success 184735922
pgmigrate_success 184735922
pgmigrate_success 184735922
pgmigrate_success 184735922
pgmigrate_success 184735922
pgmigrate_success 184735922
pgmigrate_success 184735922
pgmigrate_success 184735922
pgmigrate_success 184735922
pgmigrate_success 184735922
pgmigrate_success 184735922
pgmigrate_success 184735922
pgmigrate_success 184735922
pgmigrate_success 184735922
pgmigrate_success 184735922
pgmigrate_success 184735922
pgmigrate_success 184735922
pgmigrate_success 184735922
pgmigrate_success 184735922
pgmigrate_success 184735922
pgmigrate_success 184735922
pgmigrate_success 184735922
pgmigrate_success 184735922
pgmigrate_success 184735922
pgmigrate_success 184735922
pgmigrate_success 184735922
pgmigrate_success 184736174
pgmigrate_success 184736174
pgmigrate_success 184736174
pgmigrate_success 184736174
pgmigrate_success 184736174
pgmigrate_success 184736174
pgmigrate_success 184736174
pgmigrate_success 184736174
pgmigrate_success 184736174
pgmigrate_success 184736174
pgmigrate_success 184736174
pgmigrate_success 184736174
pgmigrate_success 184736174
pgmigrate_success 184736174
pgmigrate_success 184736174
pgmigrate_success 184736174
pgmigrate_success 184736174
pgmigrate_success 184736174
pgmigrate_success 184736174
pgmigrate_success 184736174
pgmigrate_success 184736174
pgmigrate_success 184736174
pgmigrate_success 184736174
pgmigrate_success 184736174
pgmigrate_success 184736174
pgmigrate_success 184736174
pgmigrate_success 184736174
pgmigrate_success 184736174
pgmigrate_success 184736174
pgmigrate_success 184736174
pgmigrate_success 184736174
pgmigrate_success 184736174
pgmigrate_success 184736769
pgmigrate_success 184736769
pgmigrate_success 184736769
pgmigrate_success 184736769
pgmigrate_success 184736769
pgmigrate_success 184736769
pgmigrate_success 184736769
pgmigrate_success 184736769
pgmigrate_success 184736769
pgmigrate_success 184736769
pgmigrate_success 184736769
pgmigrate_success 184736769
pgmigrate_success 184736769
pgmigrate_success 184736769
pgmigrate_success 184736769
pgmigrate_success 184736769
pgmigrate_success 184736769
pgmigrate_success 184736769
pgmigrate_success 184736769
pgmigrate_success 184736769
pgmigrate_success 184736769
pgmigrate_success 184736769
pgmigrate_success 184736769
pgmigrate_success 184736769
pgmigrate_success 184736769
pgmigrate_success 184736769
pgmigrate_success 184736769
pgmigrate_success 184736769
pgmigrate_success 184736769
pgmigrate_success 184736769
pgmigrate_success 184736769
pgmigrate_success 184736769
pgmigrate_success 184737100
pgmigrate_success 184737100
pgmigrate_success 184737100
pgmigrate_success 184737100
pgmigrate_success 184737100
pgmigrate_success 184737100
pgmigrate_success 184737100
pgmigrate_success 184737100
pgmigrate_success 184737100
pgmigrate_success 184737100
pgmigrate_success 184737100
pgmigrate_success 184737100
pgmigrate_success 184737100
pgmigrate_success 184737100
pgmigrate_success 184737100
pgmigrate_success 184737100
pgmigrate_success 184737100
pgmigrate_success 184737100
pgmigrate_success 184737100
pgmigrate_success 184737100
pgmigrate_success 184737100
pgmigrate_success 184737100
pgmigrate_success 184737100
pgmigrate_success 184737100
pgmigrate_success 184737100
pgmigrate_success 184737100
pgmigrate_success 184737100
pgmigrate_success 184737100
pgmigrate_success 184737100
pgmigrate_success 184737100
pgmigrate_success 184737100
pgmigrate_success 184737100
pgmigrate_success 184737381
pgmigrate_success 184737381
pgmigrate_success 184737381
pgmigrate_success 184737381
pgmigrate_success 184737381
pgmigrate_success 184737381
pgmigrate_success 184737381
pgmigrate_success 184737381
pgmigrate_success 184737381
pgmigrate_success 184737381
pgmigrate_success 184737381
pgmigrate_success 184737381
pgmigrate_success 184737381
pgmigrate_success 184737381
pgmigrate_success 184737381
pgmigrate_success 184737381
pgmigrate_success 184737381
pgmigrate_success 184737381
pgmigrate_success 184737381
pgmigrate_success 184737381
pgmigrate_success 184737381
pgmigrate_success 184737381
pgmigrate_success 184737381
pgmigrate_success 184737381
pgmigrate_success 184737381
pgmigrate_success 184737381
pgmigrate_success 184737381
pgmigrate_success 184737381
pgmigrate_success 184737381
pgmigrate_success 184737381
pgmigrate_success 184737381
pgmigrate_success 184737381
pgmigrate_success 184737693
pgmigrate_success 184737693
pgmigrate_success 184737693
pgmigrate_success 184737693
pgmigrate_success 184737693
pgmigrate_success 184737693
pgmigrate_success 184737693
pgmigrate_success 184737693
pgmigrate_success 184737693
pgmigrate_success 184737693
pgmigrate_success 184737693
pgmigrate_success 184737693
pgmigrate_success 184737693
pgmigrate_success 184737693
pgmigrate_success 184737693
pgmigrate_success 184737693
pgmigrate_success 184737693
pgmigrate_success 184737693
pgmigrate_success 184737693
pgmigrate_success 184737693
pgmigrate_success 184737693
pgmigrate_success 184737693
pgmigrate_success 184737693
pgmigrate_success 184737693
pgmigrate_success 184737693
pgmigrate_success 184737693
pgmigrate_success 184737693
pgmigrate_success 184737693
pgmigrate_success 184737693
pgmigrate_success 184737693
pgmigrate_success 184737693
pgmigrate_success 184737934
pgmigrate_success 184737934
