pgmigrate_success 162882638
pgmigrate_fail 313627
thp_migration_success 203086
thp_migration_fail 67
thp_migration_split 0
thp_fault_alloc 344024
thp_fault_fallback 5446
thp_fault_fallback_charge 0
thp_collapse_alloc 659
thp_collapse_alloc_failed 0
thp_file_alloc 0
thp_file_fallback 0
thp_file_fallback_charge 0
thp_file_mapped 0
thp_split_page 196
thp_split_page_failed 0
thp_deferred_split_page 1195
thp_split_pmd 12298
thp_split_pud 0
thp_zero_page_alloc 0
thp_zero_page_alloc_failed 0
thp_swpout 0
thp_swpout_fallback 0
htmm_nr_promoted 81521668
htmm_nr_demoted 74568964
htmm_nr_sampled 0
htmm_missed_dramread 0
htmm_missed_nvmread 0
htmm_missed_write 0
htmm_alloc_dram 396783308
htmm_alloc_nvm 0
