pgmigrate_success 267568517
pgmigrate_success 267568522
pgmigrate_success 267568523
pgmigrate_success 267568524
pgmigrate_success 267568525
pgmigrate_success 267568526
pgmigrate_success 267568527
pgmigrate_success 267568528
pgmigrate_success 267568529
pgmigrate_success 267590098
pgmigrate_success 267642994
pgmigrate_success 267752851
pgmigrate_success 267800884
pgmigrate_success 267847060
pgmigrate_success 267958453
pgmigrate_success 267966006
pgmigrate_success 268037239
pgmigrate_success 268149880
pgmigrate_success 268222649
pgmigrate_success 268288638
pgmigrate_success 268380421
pgmigrate_success 268438209
pgmigrate_success 268532414
pgmigrate_success 268617342
pgmigrate_success 268657279
pgmigrate_success 268768895
pgmigrate_success 268845573
pgmigrate_success 268854757
pgmigrate_success 268865477
pgmigrate_success 268922208
pgmigrate_success 269034176
pgmigrate_success 269090310
pgmigrate_success 269116934
pgmigrate_success 269189703
pgmigrate_success 269267399
pgmigrate_success 269361858
pgmigrate_success 269464643
pgmigrate_success 269527716
pgmigrate_success 269644484
pgmigrate_success 269738628
pgmigrate_success 269792298
pgmigrate_success 269909579
pgmigrate_success 269980422
pgmigrate_success 270050951
pgmigrate_success 270145100
pgmigrate_success 270257741
pgmigrate_success 270357005
pgmigrate_success 270451464
pgmigrate_success 270550280
pgmigrate_success 270654726
pgmigrate_success 270757575
pgmigrate_success 270851719
pgmigrate_success 270922253
pgmigrate_success 271016712
pgmigrate_success 271123208
pgmigrate_success 271189966
pgmigrate_success 271275534
pgmigrate_success 271369993
pgmigrate_success 271464137
pgmigrate_success 271558281
pgmigrate_success 271652618
pgmigrate_success 271723146
pgmigrate_success 271793680
pgmigrate_success 271857868
pgmigrate_success 271911442
pgmigrate_success 271967762
pgmigrate_success 272062222
pgmigrate_success 272112372
pgmigrate_success 272182804
pgmigrate_success 272211258
pgmigrate_success 272293528
pgmigrate_success 272340446
pgmigrate_success 272434598
pgmigrate_success 272545190
pgmigrate_success 272623202
pgmigrate_success 272632386
pgmigrate_success 272647077
pgmigrate_success 272685542
pgmigrate_success 272764833
pgmigrate_success 272860866
pgmigrate_success 272968290
pgmigrate_success 273038823
pgmigrate_success 273132968
pgmigrate_success 273244073
pgmigrate_success 273321573
pgmigrate_success 273388011
pgmigrate_success 273462950
pgmigrate_success 273557094
pgmigrate_success 273634060
pgmigrate_success 273698472
pgmigrate_success 273773998
pgmigrate_success 273871401
pgmigrate_success 273985194
pgmigrate_success 274056747
pgmigrate_success 274144753
pgmigrate_success 274245042
pgmigrate_success 274339502
pgmigrate_success 274433646
pgmigrate_success 274527854
pgmigrate_success 274641966
pgmigrate_success 274717715
pgmigrate_success 274774165
pgmigrate_success 274825066
pgmigrate_success 274895912
pgmigrate_success 274990056
pgmigrate_success 275084206
pgmigrate_success 275182608
pgmigrate_success 275268217
pgmigrate_success 275328830
pgmigrate_success 275390335
pgmigrate_success 275484794
pgmigrate_success 275578938
pgmigrate_success 275651810
pgmigrate_success 275790983
pgmigrate_success 275885191
pgmigrate_success 276219016
pgmigrate_success 276436618
pgmigrate_success 276653924
pgmigrate_success 276781991
pgmigrate_success 276782018
pgmigrate_success 276782041
pgmigrate_success 276782067
pgmigrate_success 276782086
pgmigrate_success 276787730
pgmigrate_success 276788770
pgmigrate_success 276788793
pgmigrate_success 276788803
pgmigrate_success 276788817
pgmigrate_success 276788858
pgmigrate_success 276793468
pgmigrate_success 276804732
pgmigrate_success 276807804
pgmigrate_success 276817020
pgmigrate_success 276878466
pgmigrate_success 276887682
pgmigrate_success 276891778
pgmigrate_success 276894338
pgmigrate_success 276896475
pgmigrate_success 276952285
pgmigrate_success 276994271
pgmigrate_success 277026529
pgmigrate_success 277050595
pgmigrate_success 277050596
pgmigrate_success 277050597
pgmigrate_success 277050598
pgmigrate_success 277050599
pgmigrate_success 277052648
pgmigrate_success 277055720
pgmigrate_success 277058280
pgmigrate_success 277061864
pgmigrate_success 277066472
pgmigrate_success 277070056
pgmigrate_success 277072616
pgmigrate_success 277073129
pgmigrate_success 277115115
pgmigrate_success 277133037
pgmigrate_success 277157159
pgmigrate_success 277157159
pgmigrate_success 277157159
pgmigrate_success 277157162
pgmigrate_success 277157164
pgmigrate_success 277157165
pgmigrate_success 277157166
pgmigrate_success 277157168
pgmigrate_success 277157170
pgmigrate_success 277161266
pgmigrate_success 277164850
pgmigrate_success 277167412
pgmigrate_success 277168439
pgmigrate_success 277191498
pgmigrate_success 277193551
pgmigrate_success 277201750
pgmigrate_success 277201751
pgmigrate_success 277201752
pgmigrate_success 277201753
pgmigrate_success 277201754
pgmigrate_success 277201755
pgmigrate_success 277203292
pgmigrate_success 277206876
pgmigrate_success 277209436
pgmigrate_success 277211484
pgmigrate_success 277213536
pgmigrate_success 277218657
pgmigrate_success 277240165
pgmigrate_success 277240166
pgmigrate_success 277240168
pgmigrate_success 277240171
pgmigrate_success 277240172
pgmigrate_success 277240173
pgmigrate_success 277240174
pgmigrate_success 277240175
pgmigrate_success 277240176
pgmigrate_success 277244272
pgmigrate_success 277247857
pgmigrate_success 277249905
pgmigrate_success 277251452
pgmigrate_success 277263756
pgmigrate_success 277317532
pgmigrate_success 277320606
pgmigrate_success 277329315
pgmigrate_success 277329315
pgmigrate_success 277384101
pgmigrate_success 277384615
pgmigrate_success 277395881
pgmigrate_success 277404075
pgmigrate_success 277409197
pgmigrate_success 277422511
pgmigrate_success 277447602
pgmigrate_success 277479861
pgmigrate_success 277618106
pgmigrate_success 277700030
pgmigrate_success 277700030
pgmigrate_success 277700030
pgmigrate_success 277700030
pgmigrate_success 277833662
pgmigrate_success 277995394
pgmigrate_success 277995396
pgmigrate_success 277995397
pgmigrate_success 277995398
pgmigrate_success 277995399
pgmigrate_success 277996424
pgmigrate_success 277999500
pgmigrate_success 278002061
pgmigrate_success 278004110
pgmigrate_success 278006162
pgmigrate_success 278019489
pgmigrate_success 278049200
pgmigrate_success 278049204
pgmigrate_success 278049204
pgmigrate_success 278049204
pgmigrate_success 278049204
pgmigrate_success 278049206
pgmigrate_success 278049209
pgmigrate_success 278049214
pgmigrate_success 278049217
pgmigrate_success 278051265
pgmigrate_success 278054337
pgmigrate_success 278056897
pgmigrate_success 278058945
pgmigrate_success 278060484
pgmigrate_success 278074836
pgmigrate_success 278104537
pgmigrate_success 278105049
pgmigrate_success 278105049
pgmigrate_success 278105049
pgmigrate_success 278106595
pgmigrate_success 278106596
pgmigrate_success 278106597
pgmigrate_success 278106598
pgmigrate_success 278106599
pgmigrate_success 278110183
pgmigrate_success 278113255
pgmigrate_success 278115815
pgmigrate_success 278117351
pgmigrate_success 278118375
pgmigrate_success 278139903
pgmigrate_success 278183943
pgmigrate_success 278183943
pgmigrate_success 278183943
pgmigrate_success 278183943
