anon 1015808
anon_thp 0
anon 164126720
anon_thp 161480704
anon 170422272
anon_thp 167772160
anon 187195392
anon_thp 184549376
anon 396918784
anon_thp 394264576
anon 407400448
anon_thp 404750336
anon 464023552
anon_thp 461373440
anon 642285568
anon_thp 639631360
anon 652767232
anon_thp 650117120
anon 715681792
anon_thp 713031680
anon 885551104
anon_thp 882900992
anon 900235264
anon_thp 897581056
anon 977825792
anon_thp 975175680
anon 1190137856
anon_thp 1184890880
anon 1387270144
anon_thp 1382023168
anon 1521483776
anon_thp 1516240896
anon 1529872384
anon_thp 1524629504
anon 1529880576
anon_thp 1524629504
anon 1529876480
anon_thp 1524629504
anon 1536167936
anon_thp 1530920960
anon 1538265088
anon_thp 1533018112
anon 1538269184
anon_thp 1533018112
anon 1538260992
anon_thp 1533018112
anon 1538265088
anon_thp 1533018112
anon 1538265088
anon_thp 1533018112
anon 1538265088
anon_thp 1533018112
anon 1540366336
anon_thp 1535115264
anon 1544552448
anon_thp 1539309568
anon 1544560640
anon_thp 1539309568
anon 1544560640
anon_thp 1539309568
anon 1544556544
anon_thp 1539309568
anon 1544556544
anon_thp 1539309568
anon 1544556544
anon_thp 1539309568
anon 1550852096
anon_thp 1545601024
anon 1559236608
anon_thp 1553989632
anon 1586503680
anon_thp 1581252608
anon 1733296128
anon_thp 1728053248
anon 1901072384
anon_thp 1895825408
anon 1901072384
anon_thp 1895825408
anon 1901072384
anon_thp 1895825408
anon 1901072384
anon_thp 1895825408
anon 1901072384
anon_thp 1895825408
anon 1901072384
anon_thp 1895825408
anon 1901068288
anon_thp 1895825408
anon 1901076480
anon_thp 1895825408
anon 1901072384
anon_thp 1895825408
anon 1901072384
anon_thp 1895825408
anon 1901068288
anon_thp 1895825408
anon 1901072384
anon_thp 1895825408
anon 1901072384
anon_thp 1895825408
anon 1901072384
anon_thp 1895825408
anon 1901076480
anon_thp 1895825408
anon 1901072384
anon_thp 1895825408
anon 1901072384
anon_thp 1895825408
anon 1901068288
anon_thp 1895825408
anon 1901068288
anon_thp 1895825408
anon 1901072384
anon_thp 1895825408
anon 1901072384
anon_thp 1895825408
anon 1903173632
anon_thp 1897922560
anon 1903165440
anon_thp 1897922560
anon 1903173632
anon_thp 1897922560
anon 1903173632
anon_thp 1897922560
anon 1903169536
anon_thp 1897922560
anon 1903169536
anon_thp 1897922560
anon 1903169536
anon_thp 1897922560
anon 1903169536
anon_thp 1897922560
anon 1903173632
anon_thp 1897922560
anon 1903169536
anon_thp 1897922560
anon 1903173632
anon_thp 1897922560
anon 1903169536
anon_thp 1897922560
anon 1903165440
anon_thp 1897922560
anon 1903173632
anon_thp 1897922560
anon 1903173632
anon_thp 1897922560
anon 1903165440
anon_thp 1897922560
anon 1903173632
anon_thp 1897922560
anon 1903169536
anon_thp 1897922560
anon 1903173632
anon_thp 1897922560
anon 1903169536
anon_thp 1897922560
anon 1903165440
anon_thp 1897922560
anon 1903173632
anon_thp 1897922560
anon 1903165440
anon_thp 1897922560
anon 1903169536
anon_thp 1897922560
anon 1903169536
anon_thp 1897922560
anon 1903169536
anon_thp 1897922560
anon 1903169536
anon_thp 1897922560
anon 1903169536
anon_thp 1897922560
anon 1903165440
anon_thp 1897922560
anon 1903169536
anon_thp 1897922560
anon 1903169536
anon_thp 1897922560
anon 1903173632
anon_thp 1897922560
anon 1903173632
anon_thp 1897922560
anon 1903173632
anon_thp 1897922560
anon 1903165440
anon_thp 1897922560
anon 1903169536
anon_thp 1897922560
anon 1903173632
anon_thp 1897922560
anon 1903165440
anon_thp 1897922560
anon 1903169536
anon_thp 1897922560
anon 1903169536
anon_thp 1897922560
anon 1903165440
anon_thp 1897922560
anon 1903169536
anon_thp 1897922560
anon 1903169536
anon_thp 1897922560
anon 1903165440
anon_thp 1897922560
anon 1903169536
anon_thp 1897922560
anon 1903169536
anon_thp 1897922560
anon 1903169536
anon_thp 1897922560
anon 1905262592
anon_thp 1900019712
anon 1917849600
anon_thp 1912602624
anon 1932533760
anon_thp 1927282688
anon 1934622720
anon_thp 1929379840
anon 1934626816
anon_thp 1929379840
anon 1934626816
anon_thp 1929379840
anon 1951404032
anon_thp 1946157056
anon 1951408128
anon_thp 1946157056
anon 1951399936
anon_thp 1946157056
anon 1951399936
anon_thp 1946157056
anon 1951399936
anon_thp 1946157056
anon 1951404032
anon_thp 1946157056
anon 1951399936
anon_thp 1946157056
anon 1951404032
anon_thp 1946157056
anon 1951404032
anon_thp 1946157056
anon 1951399936
anon_thp 1946157056
anon 1951404032
anon_thp 1946157056
anon 1951408128
anon_thp 1946157056
anon 1951399936
anon_thp 1946157056
anon 1951408128
anon_thp 1946157056
anon 1951404032
anon_thp 1946157056
anon 1951404032
anon_thp 1946157056
anon 1951404032
anon_thp 1946157056
anon 1951404032
anon_thp 1946157056
anon 2012221440
anon_thp 2006974464
anon 2213548032
anon_thp 2208301056
anon 2219835392
anon_thp 2214592512
anon 2219843584
anon_thp 2214592512
anon 2234519552
anon_thp 2229272576
anon 2238717952
anon_thp 2233466880
anon 2238717952
anon_thp 2233466880
anon 2238713856
anon_thp 2233466880
anon 2238713856
anon_thp 2233466880
anon 2238713856
anon_thp 2233466880
anon 2238717952
anon_thp 2233466880
anon 2249195520
anon_thp 2243952640
anon 2253393920
anon_thp 2248146944
anon 2253393920
anon_thp 2248146944
anon 2253393920
anon_thp 2248146944
anon 2255491072
anon_thp 2250244096
anon 2259689472
anon_thp 2254438400
anon 2259685376
anon_thp 2254438400
anon 2259689472
anon_thp 2254438400
anon 2259689472
anon_thp 2254438400
anon 2259689472
anon_thp 2254438400
anon 2259685376
anon_thp 2254438400
anon 2259685376
anon_thp 2254438400
anon 2261782528
anon_thp 2256535552
anon 2261778432
anon_thp 2256535552
anon 2261786624
anon_thp 2256535552
anon 2261782528
anon_thp 2256535552
anon 2261782528
anon_thp 2256535552
anon 2261786624
anon_thp 2256535552
anon 2261786624
anon_thp 2256535552
anon 2261786624
anon_thp 2256535552
anon 2261782528
anon_thp 2256535552
anon 2261782528
anon_thp 2256535552
anon 2261782528
anon_thp 2256535552
anon 2282754048
anon_thp 2277507072
anon 2473594880
anon_thp 2468347904
anon 2677022720
anon_thp 2671771648
anon 2714771456
anon_thp 2709520384
anon 2714771456
anon_thp 2709520384
anon 2792361984
anon_thp 2787115008
anon 2792357888
anon_thp 2787115008
anon 2792366080
anon_thp 2787115008
anon 2792357888
anon_thp 2787115008
anon 2792357888
anon_thp 2787115008
anon 2792361984
anon_thp 2787115008
anon 2792361984
anon_thp 2787115008
anon 2792366080
anon_thp 2787115008
anon 2792357888
anon_thp 2787115008
anon 2792361984
anon_thp 2787115008
anon 2792361984
anon_thp 2787115008
anon 2792361984
anon_thp 2787115008
anon 2792361984
anon_thp 2787115008
anon 2792361984
anon_thp 2787115008
anon 2792361984
anon_thp 2787115008
anon 2792357888
anon_thp 2787115008
anon 2792361984
anon_thp 2787115008
anon 2792357888
anon_thp 2787115008
anon 2792366080
anon_thp 2787115008
anon 2792361984
anon_thp 2787115008
anon 2792357888
anon_thp 2787115008
anon 2792361984
anon_thp 2787115008
anon 2792361984
anon_thp 2787115008
anon 2865762304
anon_thp 2860515328
anon 3060748288
anon_thp 2879389696
anon 3090157568
anon_thp 2889875456
anon 3131518976
anon_thp 2923429888
anon 3276804096
anon_thp 3013607424
anon 3463393280
anon_thp 3080716288
anon 3568312320
anon_thp 3084910592
anon 3591376896
anon_thp 3107979264
anon 3593474048
anon_thp 3110076416
anon 3593474048
anon_thp 3110076416
anon 3593474048
anon_thp 3110076416
anon 3593474048
anon_thp 3110076416
anon 3593474048
anon_thp 3110076416
anon 3593478144
anon_thp 3110076416
anon 3593474048
anon_thp 3110076416
anon 3593474048
anon_thp 3110076416
anon 3593478144
anon_thp 3110076416
anon 3597668352
anon_thp 3114270720
anon 3606056960
anon_thp 3122659328
anon 3606056960
anon_thp 3122659328
anon 3700432896
anon_thp 3217031168
anon 3901751296
anon_thp 3418357760
anon 4048556032
anon_thp 3565158400
anon 4048556032
anon_thp 3565158400
anon 4048551936
anon_thp 3565158400
anon 4048556032
anon_thp 3565158400
anon 4048556032
anon_thp 3565158400
anon 4048560128
anon_thp 3565158400
anon 4048556032
anon_thp 3565158400
anon 4048560128
anon_thp 3565158400
anon 4048551936
anon_thp 3565158400
anon 4048556032
anon_thp 3565158400
anon 4048556032
anon_thp 3565158400
anon 4048556032
anon_thp 3565158400
anon 4048560128
anon_thp 3565158400
anon 4048551936
anon_thp 3565158400
anon 4048556032
anon_thp 3565158400
anon 4048556032
anon_thp 3565158400
anon 4048556032
anon_thp 3565158400
anon 4048556032
anon_thp 3565158400
anon 4048556032
anon_thp 3565158400
anon 4048551936
anon_thp 3565158400
anon 4048560128
anon_thp 3565158400
anon 4048551936
anon_thp 3565158400
anon 4048556032
anon_thp 3565158400
anon 4048556032
anon_thp 3565158400
anon 4052750336
anon_thp 3569352704
anon 4052750336
anon_thp 3569352704
anon 4052754432
anon_thp 3569352704
anon 4052750336
anon_thp 3569352704
anon 4052754432
anon_thp 3569352704
anon 4052750336
anon_thp 3569352704
anon 4052746240
anon_thp 3569352704
anon 4052750336
anon_thp 3569352704
anon 4052750336
anon_thp 3569352704
anon 4052750336
anon_thp 3569352704
anon 4052754432
anon_thp 3569352704
anon 4052750336
anon_thp 3569352704
anon 4052746240
anon_thp 3569352704
anon 4052754432
anon_thp 3569352704
anon 4052746240
anon_thp 3569352704
anon 4052750336
anon_thp 3569352704
anon 4052746240
anon_thp 3569352704
anon 4052754432
anon_thp 3569352704
anon 4052754432
anon_thp 3569352704
anon 4052750336
anon_thp 3569352704
anon 4052750336
anon_thp 3569352704
anon 4054847488
anon_thp 3571449856
anon 4054847488
anon_thp 3571449856
anon 4054847488
anon_thp 3571449856
anon 4054847488
anon_thp 3571449856
anon 4054851584
anon_thp 3571449856
anon 4059037696
anon_thp 3575644160
anon 4059041792
anon_thp 3575644160
anon 4059037696
anon_thp 3575644160
anon 4061134848
anon_thp 3577741312
anon 4061138944
anon_thp 3577741312
anon 4061138944
anon_thp 3577741312
anon 4061143040
anon_thp 3577741312
anon 4061138944
anon_thp 3577741312
anon 4061134848
anon_thp 3577741312
anon 4061143040
anon_thp 3577741312
anon 4061143040
anon_thp 3577741312
anon 4061138944
anon_thp 3577741312
anon 4061138944
anon_thp 3577741312
anon 4067430400
anon_thp 3584032768
anon 4071624704
anon_thp 3588227072
anon 4071628800
anon_thp 3588227072
anon 4071628800
anon_thp 3588227072
anon 4071624704
anon_thp 3588227072
anon 4071624704
anon_thp 3588227072
anon 4071620608
anon_thp 3588227072
anon 4071624704
anon_thp 3588227072
anon 4071620608
anon_thp 3588227072
anon 4071624704
anon_thp 3588227072
anon 4071628800
anon_thp 3588227072
anon 4071620608
anon_thp 3588227072
anon 4071624704
anon_thp 3588227072
anon 4071624704
anon_thp 3588227072
anon 4071628800
anon_thp 3588227072
anon 4071624704
anon_thp 3588227072
anon 4071628800
anon_thp 3588227072
anon 4071624704
anon_thp 3588227072
anon 4071624704
anon_thp 3588227072
anon 4071628800
anon_thp 3588227072
anon 4071624704
anon_thp 3588227072
anon 4071620608
anon_thp 3588227072
anon 4075819008
anon_thp 3592421376
anon 4075823104
anon_thp 3592421376
anon 4075823104
anon_thp 3592421376
anon 4075814912
anon_thp 3592421376
anon 4075823104
anon_thp 3592421376
anon 4075823104
anon_thp 3592421376
anon 4075823104
anon_thp 3592421376
anon 4075823104
anon_thp 3592421376
anon 4075819008
anon_thp 3592421376
anon 4075819008
anon_thp 3592421376
anon 4075819008
anon_thp 3592421376
anon 4075819008
anon_thp 3592421376
anon 4075819008
anon_thp 3592421376
anon 4075814912
anon_thp 3592421376
anon 4075823104
anon_thp 3592421376
anon 4075819008
anon_thp 3592421376
anon 4075819008
anon_thp 3592421376
anon 4075823104
anon_thp 3592421376
anon 4075823104
anon_thp 3592421376
anon 4075814912
anon_thp 3592421376
anon 4075819008
anon_thp 3592421376
anon 4075814912
anon_thp 3592421376
anon 4075823104
anon_thp 3592421376
anon 4075814912
anon_thp 3592421376
anon 4075814912
anon_thp 3592421376
anon 4075823104
anon_thp 3592421376
anon 4075814912
anon_thp 3592421376
anon 4075823104
anon_thp 3592421376
anon 4075819008
anon_thp 3592421376
anon 4075819008
anon_thp 3592421376
anon 4075819008
anon_thp 3592421376
anon 4075819008
anon_thp 3592421376
anon 4077916160
anon_thp 3594518528
anon 4077916160
anon_thp 3594518528
anon 4077920256
anon_thp 3594518528
anon 4077912064
anon_thp 3594518528
anon 4077916160
anon_thp 3594518528
anon 4077912064
anon_thp 3594518528
anon 4077916160
anon_thp 3594518528
anon 4077916160
anon_thp 3594518528
anon 4077920256
anon_thp 3594518528
anon 4077920256
anon_thp 3594518528
anon 4077912064
anon_thp 3594518528
anon 4077920256
anon_thp 3594518528
anon 4077912064
anon_thp 3594518528
anon 4077912064
anon_thp 3594518528
anon 4077916160
anon_thp 3594518528
anon 4077916160
anon_thp 3594518528
anon 4077916160
anon_thp 3594518528
anon 4077920256
anon_thp 3594518528
anon 4077916160
anon_thp 3594518528
anon 4077912064
anon_thp 3594518528
anon 4077916160
anon_thp 3594518528
anon 4077912064
anon_thp 3594518528
anon 4077916160
anon_thp 3594518528
anon 4077920256
anon_thp 3594518528
anon 4077920256
anon_thp 3594518528
anon 4077920256
anon_thp 3594518528
anon 4077916160
anon_thp 3594518528
anon 4077920256
anon_thp 3594518528
anon 4077916160
anon_thp 3594518528
anon 4077912064
anon_thp 3594518528
anon 4077916160
anon_thp 3594518528
anon 4077912064
anon_thp 3594518528
anon 4077916160
anon_thp 3594518528
anon 4077920256
anon_thp 3594518528
anon 4077916160
anon_thp 3594518528
anon 4077916160
anon_thp 3594518528
anon 4077912064
anon_thp 3594518528
anon 4077916160
anon_thp 3594518528
anon 4077912064
anon_thp 3594518528
anon 4077916160
anon_thp 3594518528
anon 4077912064
anon_thp 3594518528
anon 4077916160
anon_thp 3594518528
anon 4077920256
anon_thp 3594518528
anon 4077916160
anon_thp 3594518528
anon 4077912064
anon_thp 3594518528
anon 4077920256
anon_thp 3594518528
anon 4077920256
anon_thp 3594518528
anon 4077920256
anon_thp 3594518528
anon 4077920256
anon_thp 3594518528
anon 4077912064
anon_thp 3594518528
anon 4077916160
anon_thp 3594518528
anon 4077920256
anon_thp 3594518528
anon 4077916160
anon_thp 3594518528
anon 4077920256
anon_thp 3594518528
anon 4082110464
anon_thp 3598712832
anon 4082110464
anon_thp 3598712832
anon 4082110464
anon_thp 3598712832
anon 4082110464
anon_thp 3598712832
anon 4084203520
anon_thp 3600809984
anon 4084207616
anon_thp 3600809984
anon 4084203520
anon_thp 3600809984
anon 4084211712
anon_thp 3600809984
anon 4084203520
anon_thp 3600809984
anon 4084211712
anon_thp 3600809984
anon 4084207616
anon_thp 3600809984
anon 4084211712
anon_thp 3600809984
anon 4084207616
anon_thp 3600809984
anon 4084207616
anon_thp 3600809984
anon 4084211712
anon_thp 3600809984
anon 4084207616
anon_thp 3600809984
anon 4084203520
anon_thp 3600809984
anon 4086308864
anon_thp 3602907136
anon 4086308864
anon_thp 3602907136
anon 4086304768
anon_thp 3602907136
anon 4103086080
anon_thp 3619684352
anon 4103081984
anon_thp 3619684352
anon 4103077888
anon_thp 3619684352
anon 4103081984
anon_thp 3619684352
anon 4103086080
anon_thp 3619684352
anon 4103081984
anon_thp 3619684352
anon 4103086080
anon_thp 3619684352
anon 4103086080
anon_thp 3619684352
anon 4103086080
anon_thp 3619684352
anon 4103077888
anon_thp 3619684352
anon 4103077888
anon_thp 3619684352
anon 4103081984
anon_thp 3619684352
anon 4103081984
anon_thp 3619684352
anon 4103081984
anon_thp 3619684352
anon 4103077888
anon_thp 3619684352
anon 4103081984
anon_thp 3619684352
anon 4103081984
anon_thp 3619684352
anon 4103086080
anon_thp 3619684352
anon 4103081984
anon_thp 3619684352
anon 4103086080
anon_thp 3619684352
anon 4103081984
anon_thp 3619684352
anon 4103081984
anon_thp 3619684352
anon 4103081984
anon_thp 3619684352
anon 4103081984
anon_thp 3619684352
anon 4103081984
anon_thp 3619684352
anon 4103077888
anon_thp 3619684352
anon 4103081984
anon_thp 3619684352
anon 4103077888
anon_thp 3619684352
anon 4103081984
anon_thp 3619684352
anon 4103081984
anon_thp 3619684352
anon 4103086080
anon_thp 3619684352
anon 4103086080
anon_thp 3619684352
anon 4103081984
anon_thp 3619684352
anon 4103086080
anon_thp 3619684352
anon 4103081984
anon_thp 3619684352
anon 4103081984
anon_thp 3619684352
anon 4103081984
anon_thp 3619684352
anon 4103081984
anon_thp 3619684352
anon 4103081984
anon_thp 3619684352
anon 4103086080
anon_thp 3619684352
anon 4103077888
anon_thp 3619684352
anon 4103086080
anon_thp 3619684352
anon 4103081984
anon_thp 3619684352
anon 4103081984
anon_thp 3619684352
anon 4103081984
anon_thp 3619684352
anon 4103086080
anon_thp 3619684352
anon 4103081984
anon_thp 3619684352
anon 4103077888
anon_thp 3619684352
anon 4103086080
anon_thp 3619684352
anon 4103081984
anon_thp 3619684352
anon 4103081984
anon_thp 3619684352
anon 4107280384
anon_thp 3623878656
anon 4279242752
anon_thp 3795845120
anon 4457500672
anon_thp 3974103040
anon 4539293696
anon_thp 4055891968
anon 4558163968
anon_thp 4074766336
anon 4558163968
anon_thp 4074766336
anon 4558163968
anon_thp 4074766336
anon 4558163968
anon_thp 4074766336
anon 4558163968
anon_thp 4074766336
anon 4558163968
anon_thp 4074766336
anon 4558168064
anon_thp 4074766336
anon 4558163968
anon_thp 4074766336
anon 4558163968
anon_thp 4074766336
anon 4558163968
anon_thp 4074766336
anon 4558168064
anon_thp 4074766336
anon 4558168064
anon_thp 4074766336
anon 4558168064
anon_thp 4074766336
anon 4558163968
anon_thp 4074766336
anon 4558163968
anon_thp 4074766336
anon 4558163968
anon_thp 4074766336
anon 4558159872
anon_thp 4074766336
anon 4558159872
anon_thp 4074766336
anon 4558163968
anon_thp 4074766336
anon 4558168064
anon_thp 4074766336
anon 4558159872
anon_thp 4074766336
anon 4558159872
anon_thp 4074766336
anon 4558168064
anon_thp 4074766336
anon 4558163968
anon_thp 4074766336
anon 4558163968
anon_thp 4074766336
anon 4558163968
anon_thp 4074766336
anon 4558168064
anon_thp 4074766336
anon 4558168064
anon_thp 4074766336
anon 4558163968
anon_thp 4074766336
anon 4558168064
anon_thp 4074766336
anon 4558168064
anon_thp 4074766336
anon 4558168064
anon_thp 4074766336
anon 4558159872
anon_thp 4074766336
anon 4558168064
anon_thp 4074766336
anon 4558163968
anon_thp 4074766336
anon 4558163968
anon_thp 4074766336
anon 4558163968
anon_thp 4074766336
anon 4558159872
anon_thp 4074766336
anon 4558163968
anon_thp 4074766336
anon 4558168064
anon_thp 4074766336
anon 4558168064
anon_thp 4074766336
anon 4558168064
anon_thp 4074766336
anon 4558168064
anon_thp 4074766336
anon 4558163968
anon_thp 4074766336
anon 4558163968
anon_thp 4074766336
anon 4558159872
anon_thp 4074766336
anon 4558163968
anon_thp 4074766336
anon 4558163968
anon_thp 4074766336
anon 4558168064
anon_thp 4074766336
anon 4558159872
anon_thp 4074766336
anon 4558168064
anon_thp 4074766336
anon 4558163968
anon_thp 4074766336
anon 4558163968
anon_thp 4074766336
anon 4558168064
anon_thp 4074766336
anon 4558168064
anon_thp 4074766336
anon 4558163968
anon_thp 4074766336
anon 4558168064
anon_thp 4074766336
anon 4558163968
anon_thp 4074766336
anon 4558163968
anon_thp 4074766336
anon 4558163968
anon_thp 4074766336
anon 4558168064
anon_thp 4074766336
anon 4558163968
anon_thp 4074766336
anon 4558163968
anon_thp 4074766336
anon 4558168064
anon_thp 4074766336
anon 4558163968
anon_thp 4074766336
anon 4558168064
anon_thp 4074766336
anon 4558163968
anon_thp 4074766336
anon 4558159872
anon_thp 4074766336
anon 4558168064
anon_thp 4074766336
anon 4558168064
anon_thp 4074766336
anon 4558163968
anon_thp 4074766336
anon 4558163968
anon_thp 4074766336
anon 4558168064
anon_thp 4074766336
anon 4558163968
anon_thp 4074766336
anon 4558168064
anon_thp 4074766336
anon 4558168064
anon_thp 4074766336
anon 4558168064
anon_thp 4074766336
anon 4558168064
anon_thp 4074766336
anon 4558163968
anon_thp 4074766336
anon 4558168064
anon_thp 4074766336
anon 4558163968
anon_thp 4074766336
anon 4558168064
anon_thp 4074766336
anon 4558163968
anon_thp 4074766336
anon 4558163968
anon_thp 4074766336
anon 4558168064
anon_thp 4074766336
anon 4558163968
anon_thp 4074766336
anon 4558168064
anon_thp 4074766336
anon 4558163968
anon_thp 4074766336
anon 4558163968
anon_thp 4074766336
anon 4558168064
anon_thp 4074766336
anon 4558168064
anon_thp 4074766336
anon 4558163968
anon_thp 4074766336
anon 4558163968
anon_thp 4074766336
anon 4558163968
anon_thp 4074766336
anon 4558159872
anon_thp 4074766336
anon 4558168064
anon_thp 4074766336
anon 4558163968
anon_thp 4074766336
anon 4558163968
anon_thp 4074766336
anon 4558163968
anon_thp 4074766336
anon 4558168064
anon_thp 4074766336
anon 4558159872
anon_thp 4074766336
anon 4558163968
anon_thp 4074766336
anon 4558163968
anon_thp 4074766336
anon 4558159872
anon_thp 4074766336
anon 4558159872
anon_thp 4074766336
anon 4558163968
anon_thp 4074766336
anon 4558168064
anon_thp 4074766336
anon 4558168064
anon_thp 4074766336
anon 4558163968
anon_thp 4074766336
anon 4558163968
anon_thp 4074766336
anon 4558163968
anon_thp 4074766336
anon 4558163968
anon_thp 4074766336
anon 4558168064
anon_thp 4074766336
anon 4558168064
anon_thp 4074766336
anon 4558168064
anon_thp 4074766336
anon 4558163968
anon_thp 4074766336
anon 4558163968
anon_thp 4074766336
anon 4558163968
anon_thp 4074766336
anon 4558168064
anon_thp 4074766336
anon 4558163968
anon_thp 4074766336
anon 4558168064
anon_thp 4074766336
anon 4558159872
anon_thp 4074766336
anon 4558159872
anon_thp 4074766336
anon 4558163968
anon_thp 4074766336
anon 4558168064
anon_thp 4074766336
anon 4558159872
anon_thp 4074766336
anon 4558163968
anon_thp 4074766336
anon 4558163968
anon_thp 4074766336
anon 4558163968
anon_thp 4074766336
anon 4558163968
anon_thp 4074766336
anon 4558163968
anon_thp 4074766336
anon 4558159872
anon_thp 4074766336
anon 4558168064
anon_thp 4074766336
anon 4558163968
anon_thp 4074766336
anon 4558168064
anon_thp 4074766336
anon 4558168064
anon_thp 4074766336
anon 4558168064
anon_thp 4074766336
anon 4558163968
anon_thp 4074766336
anon 4558163968
anon_thp 4074766336
anon 4558163968
anon_thp 4074766336
anon 4558163968
anon_thp 4074766336
anon 4558163968
anon_thp 4074766336
anon 4558163968
anon_thp 4074766336
anon 4558159872
anon_thp 4074766336
anon 4558163968
anon_thp 4074766336
anon 4558168064
anon_thp 4074766336
anon 4558163968
anon_thp 4074766336
anon 4558163968
anon_thp 4074766336
anon 4558168064
anon_thp 4074766336
anon 4558163968
anon_thp 4074766336
anon 4558159872
anon_thp 4074766336
anon 4558163968
anon_thp 4074766336
anon 4558163968
anon_thp 4074766336
anon 4558168064
anon_thp 4074766336
anon 4558163968
anon_thp 4074766336
anon 4558159872
anon_thp 4074766336
anon 4558168064
anon_thp 4074766336
anon 4558163968
anon_thp 4074766336
anon 4558163968
anon_thp 4074766336
anon 4558159872
anon_thp 4074766336
anon 4558163968
anon_thp 4074766336
anon 4558159872
anon_thp 4074766336
anon 4558168064
anon_thp 4074766336
anon 4558163968
anon_thp 4074766336
anon 4558168064
anon_thp 4074766336
anon 4558163968
anon_thp 4074766336
anon 4558168064
anon_thp 4074766336
anon 4558163968
anon_thp 4074766336
anon 4558163968
anon_thp 4074766336
anon 4558163968
anon_thp 4074766336
anon 4558168064
anon_thp 4074766336
anon 4558163968
anon_thp 4074766336
anon 4558163968
anon_thp 4074766336
anon 4558163968
anon_thp 4074766336
anon 4558163968
anon_thp 4074766336
anon 4558163968
anon_thp 4074766336
anon 4558163968
anon_thp 4074766336
anon 4558159872
anon_thp 4074766336
anon 4558163968
anon_thp 4074766336
anon 4558168064
anon_thp 4074766336
anon 4558168064
anon_thp 4074766336
anon 4558163968
anon_thp 4074766336
anon 4558163968
anon_thp 4074766336
anon 4558163968
anon_thp 4074766336
anon 4558163968
anon_thp 4074766336
anon 4558163968
anon_thp 4074766336
anon 4558163968
anon_thp 4074766336
anon 4558168064
anon_thp 4074766336
anon 4558159872
anon_thp 4074766336
anon 4558163968
anon_thp 4074766336
anon 4558163968
anon_thp 4074766336
anon 4558163968
anon_thp 4074766336
anon 4562362368
anon_thp 4078960640
anon 4562358272
anon_thp 4078960640
anon 4562362368
anon_thp 4078960640
anon 4562362368
anon_thp 4078960640
anon 4562358272
anon_thp 4078960640
anon 4562354176
anon_thp 4078960640
anon 4562358272
anon_thp 4078960640
anon 4562358272
anon_thp 4078960640
anon 4562358272
anon_thp 4078960640
anon 4562362368
anon_thp 4078960640
anon 4562358272
anon_thp 4078960640
anon 4562358272
anon_thp 4078960640
anon 4564455424
anon_thp 4081057792
anon 4564459520
anon_thp 4081057792
anon 4564459520
anon_thp 4081057792
anon 4564455424
anon_thp 4081057792
anon 4564451328
anon_thp 4081057792
anon 4564455424
anon_thp 4081057792
anon 4564455424
anon_thp 4081057792
anon 4566552576
anon_thp 4083154944
anon 4566548480
anon_thp 4083154944
anon 4566556672
anon_thp 4083154944
anon 4566548480
anon_thp 4083154944
anon 4568649728
anon_thp 4085252096
anon 4568649728
anon_thp 4085252096
anon 4568653824
anon_thp 4085252096
anon 4568649728
anon_thp 4085252096
anon 4568653824
anon_thp 4085252096
anon 4568653824
anon_thp 4085252096
anon 4570750976
anon_thp 4087349248
anon 4570750976
anon_thp 4087349248
anon 4585431040
anon_thp 4102029312
anon 4595912704
anon_thp 4112515072
anon 4595916800
anon_thp 4112515072
anon 4595912704
anon_thp 4112515072
anon 4595912704
anon_thp 4112515072
anon 4595916800
anon_thp 4112515072
anon 4595916800
anon_thp 4112515072
anon 4595916800
anon_thp 4112515072
anon 4595912704
anon_thp 4112515072
anon 4595912704
anon_thp 4112515072
anon 4595912704
anon_thp 4112515072
anon 4595912704
anon_thp 4112515072
anon 4595912704
anon_thp 4112515072
anon 4600107008
anon_thp 4116709376
anon 4600107008
anon_thp 4116709376
anon 4600107008
anon_thp 4116709376
anon 4600111104
anon_thp 4116709376
anon 4604297216
anon_thp 4120903680
anon 4614791168
anon_thp 4131389440
anon 4614791168
anon_thp 4131389440
anon 4616880128
anon_thp 4133486592
anon 4742713344
anon_thp 4259315712
anon 4893708288
anon_thp 4410310656
anon 4893708288
anon_thp 4410310656
anon 4895801344
anon_thp 4412407808
anon 4895805440
anon_thp 4412407808
anon 4895801344
anon_thp 4412407808
anon 4897898496
anon_thp 4414504960
anon 4897902592
anon_thp 4414504960
anon 4900003840
anon_thp 4416602112
anon 4904198144
anon_thp 4420796416
anon 4916776960
anon_thp 4433379328
anon 4916776960
anon_thp 4433379328
anon 4929363968
anon_thp 4445962240
anon 4929355776
anon_thp 4445962240
anon 4939849728
anon_thp 4456448000
anon 4977594368
anon_thp 4494196736
anon 5132787712
anon_thp 4649385984
anon 5323624448
anon_thp 4840226816
anon 5394927616
anon_thp 4911529984
anon 5409607680
anon_thp 4926210048
anon 5409607680
anon_thp 4926210048
anon 5424287744
anon_thp 4940890112
anon 5424287744
anon_thp 4940890112
anon 5424287744
anon_thp 4940890112
anon 5424283648
anon_thp 4940890112
anon 5424291840
anon_thp 4940890112
anon 5424291840
anon_thp 4940890112
anon 5424287744
anon_thp 4940890112
anon 5424283648
anon_thp 4940890112
anon 5424287744
anon_thp 4940890112
anon 5424287744
anon_thp 4940890112
anon 5424291840
anon_thp 4940890112
anon 5424287744
anon_thp 4940890112
anon 5424287744
anon_thp 4940890112
anon 5424283648
anon_thp 4940890112
anon 5424291840
anon_thp 4940890112
anon 5424287744
anon_thp 4940890112
anon 5424287744
anon_thp 4940890112
anon 5424287744
anon_thp 4940890112
anon 5424291840
anon_thp 4940890112
anon 5424291840
anon_thp 4940890112
anon 5424287744
anon_thp 4940890112
anon 5426388992
anon_thp 4942987264
anon 5430579200
anon_thp 4947181568
anon 5434769408
anon_thp 4951375872
anon 5441060864
anon_thp 4957667328
anon 5453643776
anon_thp 4970250240
anon 5457842176
anon_thp 4974444544
anon 5497683968
anon_thp 5014290432
anon 5663367168
anon_thp 5179965440
anon 5822750720
anon_thp 5339348992
anon 5875171328
anon_thp 5391777792
anon 5877272576
anon_thp 5393874944
anon 5885665280
anon_thp 5402263552
anon 5885661184
anon_thp 5402263552
anon 5885657088
anon_thp 5402263552
anon 5885665280
anon_thp 5402263552
anon 5885661184
anon_thp 5402263552
anon 5885661184
anon_thp 5402263552
anon 5885661184
anon_thp 5402263552
anon 5885661184
anon_thp 5402263552
anon 5885661184
anon_thp 5402263552
anon 5885661184
anon_thp 5402263552
anon 5885665280
anon_thp 5402263552
anon 5887762432
anon_thp 5404360704
anon 5887762432
anon_thp 5404360704
anon 5887762432
anon_thp 5404360704
anon 5887758336
anon_thp 5404360704
anon 5887762432
anon_thp 5404360704
anon 5887758336
anon_thp 5404360704
anon 5887762432
anon_thp 5404360704
anon 5887762432
anon_thp 5404360704
anon 5887758336
anon_thp 5404360704
anon 5887758336
anon_thp 5404360704
anon 5887758336
anon_thp 5404360704
anon 5887758336
anon_thp 5404360704
anon 5887754240
anon_thp 5404360704
anon 5887758336
anon_thp 5404360704
anon 5887754240
anon_thp 5404360704
anon 5887762432
anon_thp 5404360704
anon 5887762432
anon_thp 5404360704
anon 5887762432
anon_thp 5404360704
anon 5887758336
anon_thp 5404360704
anon 5887758336
anon_thp 5404360704
anon 5887762432
anon_thp 5404360704
anon 5887762432
anon_thp 5404360704
anon 5887762432
anon_thp 5404360704
anon 5894049792
anon_thp 5410652160
anon 5912924160
anon_thp 5429526528
anon 5944385536
anon_thp 5460983808
anon 6084894720
anon_thp 5601492992
anon 6225399808
anon_thp 5742002176
anon 6368010240
anon_thp 5884608512
anon 6401564672
anon_thp 5918162944
anon 6420439040
anon_thp 5937037312
anon 6441402368
anon_thp 5958008832
anon 6529490944
anon_thp 6046089216
anon 6726619136
anon_thp 6243221504
anon 6896488448
anon_thp 6413090816
anon 7039098880
anon_thp 6555697152
anon 7183802368
anon_thp 6700400640
anon 7185891328
anon_thp 6702497792
anon 7202668544
anon_thp 6719275008
anon 7309627392
anon_thp 6826229760
anon 7452233728
anon_thp 6968836096
anon 7571771392
anon_thp 7088373760
anon 7693406208
anon_thp 7210008576
anon 7747936256
anon_thp 7264534528
anon 7898927104
anon_thp 7415529472
anon 8047824896
anon_thp 7564427264
anon 8165265408
anon_thp 7681867776
anon 8297390080
anon_thp 7813988352
anon 8335130624
anon_thp 7851737088
anon 8419020800
anon_thp 7935623168
anon 8439996416
anon_thp 7956594688
anon 8559534080
anon_thp 8076132352
anon 8618250240
anon_thp 8134852608
anon 8739885056
anon_thp 8256487424
anon 8739885056
anon_thp 8256487424
anon 8739889152
anon_thp 8256487424
anon 8750370816
anon_thp 8266973184
anon 8836354048
anon_thp 8352956416
anon 8939114496
anon_thp 8455716864
anon 8939118592
anon_thp 8455716864
anon 9069133824
anon_thp 8585740288
anon 9188675584
anon_thp 8705277952
anon 9199161344
anon_thp 8715763712
anon 9329188864
anon_thp 8845787136
anon 9431945216
anon_thp 8948547584
anon 9538904064
anon_thp 9055502336
anon 9654239232
anon_thp 9170845696
anon 9792655360
anon_thp 9309257728
anon 9857671168
anon_thp 9374269440
anon 9962528768
anon_thp 9479127040
anon 9962524672
anon_thp 9479127040
anon 9962524672
anon_thp 9479127040
anon 9962520576
anon_thp 9479127040
anon 9962524672
anon_thp 9479127040
anon 9977204736
anon_thp 9493807104
anon 9977204736
anon_thp 9493807104
anon 9998180352
anon_thp 9514778624
anon 10121904128
anon_thp 9638510592
anon 10130292736
anon_thp 9646899200
anon 10130296832
anon_thp 9646899200
anon 10130300928
anon_thp 9646899200
anon 10130300928
anon_thp 9646899200
anon 10130296832
anon_thp 9646899200
anon 10130300928
anon_thp 9646899200
anon 10130300928
anon_thp 9646899200
anon 10130300928
anon_thp 9646899200
anon 10130296832
anon_thp 9646899200
anon 10130300928
anon_thp 9646899200
anon 10130296832
anon_thp 9646899200
anon 10130300928
anon_thp 9646899200
anon 10130292736
anon_thp 9646899200
anon 10130296832
anon_thp 9646899200
anon 10130300928
anon_thp 9646899200
anon 10134487040
anon_thp 9651093504
anon 10138685440
anon_thp 9655287808
anon 10138685440
anon_thp 9655287808
anon 10138681344
anon_thp 9655287808
anon 10138685440
anon_thp 9655287808
anon 10138685440
anon_thp 9655287808
anon 10140782592
anon_thp 9657384960
anon 10142883840
anon_thp 9659482112
anon 10142879744
anon_thp 9659482112
anon 10147074048
anon_thp 9663676416
anon 10312749056
anon_thp 9829351424
anon 10319044608
anon_thp 9835642880
anon 10319040512
anon_thp 9835642880
anon 10319040512
anon_thp 9835642880
anon 10319040512
anon_thp 9835642880
anon 10352594944
anon_thp 9869197312
anon 10499395584
anon_thp 10015997952
anon 10629419008
anon_thp 10146021376
anon 10744762368
anon_thp 10261364736
anon 10845429760
anon_thp 10362028032
anon 10899951616
anon_thp 10416553984
anon 10899955712
anon_thp 10416553984
anon 10906247168
anon_thp 10422845440
anon 10906247168
anon_thp 10422845440
anon 10906247168
anon_thp 10422845440
anon 10906247168
anon_thp 10422845440
anon 10906238976
anon_thp 10422845440
anon 10906247168
anon_thp 10422845440
anon 10906238976
anon_thp 10422845440
anon 10906238976
anon_thp 10422845440
anon 10906243072
anon_thp 10422845440
anon 10906243072
anon_thp 10422845440
anon 10906243072
anon_thp 10422845440
anon 10906243072
anon_thp 10422845440
anon 10906238976
anon_thp 10422845440
anon 10906238976
anon_thp 10422845440
anon 10906247168
anon_thp 10422845440
anon 10906238976
anon_thp 10422845440
anon 10906238976
anon_thp 10422845440
anon 10906243072
anon_thp 10422845440
anon 10906243072
anon_thp 10422845440
anon 10906243072
anon_thp 10422845440
anon 10906243072
anon_thp 10422845440
anon 10906247168
anon_thp 10422845440
anon 10906247168
anon_thp 10422845440
anon 10906243072
anon_thp 10422845440
anon 10906238976
anon_thp 10422845440
anon 10906243072
anon_thp 10422845440
anon 10906243072
anon_thp 10422845440
anon 10906247168
anon_thp 10422845440
anon 10906247168
anon_thp 10422845440
anon 10906247168
anon_thp 10422845440
anon 10906238976
anon_thp 10422845440
anon 10906247168
anon_thp 10422845440
anon 10906243072
anon_thp 10422845440
anon 10906247168
anon_thp 10422845440
anon 10906243072
anon_thp 10422845440
anon 10906243072
anon_thp 10422845440
anon 10906243072
anon_thp 10422845440
anon 10906247168
anon_thp 10422845440
anon 10906238976
anon_thp 10422845440
anon 10906243072
anon_thp 10422845440
anon 10906243072
anon_thp 10422845440
anon 10906247168
anon_thp 10422845440
anon 10906247168
anon_thp 10422845440
anon 10906247168
anon_thp 10422845440
anon 10906247168
anon_thp 10422845440
anon 10914635776
anon_thp 10431234048
anon 10916724736
anon_thp 10433331200
anon 11050946560
anon_thp 10567548928
anon 11050946560
anon_thp 10567548928
anon 11071922176
anon_thp 10588520448
anon 11074015232
anon_thp 10590617600
anon 11074015232
anon_thp 10590617600
anon 11074019328
anon_thp 10590617600
anon 11074015232
anon_thp 10590617600
anon 11074019328
anon_thp 10590617600
anon 11074011136
anon_thp 10590617600
anon 11074015232
anon_thp 10590617600
anon 11074015232
anon_thp 10590617600
anon 11074015232
anon_thp 10590617600
anon 11074015232
anon_thp 10590617600
anon 11074019328
anon_thp 10590617600
anon 11074015232
anon_thp 10590617600
anon 11074015232
anon_thp 10590617600
anon 11074011136
anon_thp 10590617600
anon 11078209536
anon_thp 10594811904
anon 11082407936
anon_thp 10599006208
anon 11082399744
anon_thp 10599006208
anon 11082407936
anon_thp 10599006208
anon 11082403840
anon_thp 10599006208
anon 11082399744
anon_thp 10599006208
anon 11082403840
anon_thp 10599006208
anon 11082399744
anon_thp 10599006208
anon 11082403840
anon_thp 10599006208
anon 11082399744
anon_thp 10599006208
anon 11082399744
anon_thp 10599006208
anon 11082403840
anon_thp 10599006208
anon 11082403840
anon_thp 10599006208
anon 11082403840
anon_thp 10599006208
anon 11082407936
anon_thp 10599006208
anon 11082407936
anon_thp 10599006208
anon 11082403840
anon_thp 10599006208
anon 11090796544
anon_thp 10607394816
anon 11090792448
anon_thp 10607394816
anon 11090792448
anon_thp 10607394816
anon 11090792448
anon_thp 10607394816
anon 11090796544
anon_thp 10607394816
anon 11090796544
anon_thp 10607394816
anon 11090792448
anon_thp 10607394816
anon 11090796544
anon_thp 10607394816
anon 11090796544
anon_thp 10607394816
anon 11090792448
anon_thp 10607394816
anon 11090792448
anon_thp 10607394816
anon 11092885504
anon_thp 10609491968
anon 11094990848
anon_thp 10611589120
anon 11094986752
anon_thp 10611589120
anon 11094990848
anon_thp 10611589120
anon 11097083904
anon_thp 10613686272
anon 11097083904
anon_thp 10613686272
anon 11097088000
anon_thp 10613686272
anon 11097083904
anon_thp 10613686272
anon 11097083904
anon_thp 10613686272
anon 11097083904
anon_thp 10613686272
anon 11097083904
anon_thp 10613686272
anon 11097079808
anon_thp 10613686272
anon 11178876928
anon_thp 10695475200
anon 11361325056
anon_thp 10877927424
anon 11512324096
anon_thp 11028922368
anon 11688476672
anon_thp 11205083136
anon 11776557056
anon_thp 11293163520
anon 11776557056
anon_thp 11293163520
anon 11776561152
anon_thp 11293163520
anon 11776557056
anon_thp 11293163520
anon 11776561152
anon_thp 11293163520
anon 11776557056
anon_thp 11293163520
anon 11776561152
anon_thp 11293163520
anon 11776561152
anon_thp 11293163520
anon 11776561152
anon_thp 11293163520
anon 11776557056
anon_thp 11293163520
anon 11787042816
anon_thp 11303649280
anon 11805925376
anon_thp 11322523648
anon 11808022528
anon_thp 11324620800
anon 11820597248
anon_thp 11337203712
anon 11822702592
anon_thp 11339300864
anon 11826888704
anon_thp 11343495168
anon 11837382656
anon_thp 11353980928
anon 11841572864
anon_thp 11358175232
anon 11841572864
anon_thp 11358175232
anon 11841572864
anon_thp 11358175232
anon 11841576960
anon_thp 11358175232
anon 11843670016
anon_thp 11360272384
anon 11843674112
anon_thp 11360272384
anon 11843670016
anon_thp 11360272384
anon 11843670016
anon_thp 11360272384
anon 11843665920
anon_thp 11360272384
anon 11843670016
anon_thp 11360272384
anon 11843670016
anon_thp 11360272384
anon 11843665920
anon_thp 11360272384
anon 11843670016
anon_thp 11360272384
anon 11843674112
anon_thp 11360272384
anon 11843665920
anon_thp 11360272384
anon 11843670016
anon_thp 11360272384
anon 11843674112
anon_thp 11360272384
anon 11843674112
anon_thp 11360272384
anon 11843670016
anon_thp 11360272384
anon 11843670016
anon_thp 11360272384
anon 11843670016
anon_thp 11360272384
anon 11843665920
anon_thp 11360272384
anon 11843670016
anon_thp 11360272384
anon 11843670016
anon_thp 11360272384
anon 11843674112
anon_thp 11360272384
anon 11843674112
anon_thp 11360272384
anon 11843670016
anon_thp 11360272384
anon 11843670016
anon_thp 11360272384
anon 11843674112
anon_thp 11360272384
anon 11843670016
anon_thp 11360272384
anon 11843670016
anon_thp 11360272384
anon 11843665920
anon_thp 11360272384
anon 11843670016
anon_thp 11360272384
anon 11843670016
anon_thp 11360272384
anon 11843674112
anon_thp 11360272384
anon 11843670016
anon_thp 11360272384
anon 11843674112
anon_thp 11360272384
anon 11843674112
anon_thp 11360272384
anon 11843674112
anon_thp 11360272384
anon 11843670016
anon_thp 11360272384
anon 11843674112
anon_thp 11360272384
anon 11843674112
anon_thp 11360272384
anon 11843674112
anon_thp 11360272384
anon 11843674112
anon_thp 11360272384
anon 11843670016
anon_thp 11360272384
anon 11843674112
anon_thp 11360272384
anon 11843665920
anon_thp 11360272384
anon 11843670016
anon_thp 11360272384
anon 11843674112
anon_thp 11360272384
anon 11843674112
anon_thp 11360272384
anon 11843665920
anon_thp 11360272384
anon 11843674112
anon_thp 11360272384
anon 11843670016
anon_thp 11360272384
anon 11843674112
anon_thp 11360272384
anon 11843670016
anon_thp 11360272384
anon 11843674112
anon_thp 11360272384
anon 11843674112
anon_thp 11360272384
anon 11843670016
anon_thp 11360272384
anon 11843670016
anon_thp 11360272384
anon 11843665920
anon_thp 11360272384
anon 11843674112
anon_thp 11360272384
anon 11843674112
anon_thp 11360272384
anon 11843674112
anon_thp 11360272384
anon 11843670016
anon_thp 11360272384
anon 11843670016
anon_thp 11360272384
anon 11843674112
anon_thp 11360272384
anon 11843670016
anon_thp 11360272384
anon 11843665920
anon_thp 11360272384
anon 11843670016
anon_thp 11360272384
anon 11843674112
anon_thp 11360272384
anon 11843670016
anon_thp 11360272384
anon 11843674112
anon_thp 11360272384
anon 11843670016
anon_thp 11360272384
anon 11843674112
anon_thp 11360272384
anon 11843674112
anon_thp 11360272384
anon 11843674112
anon_thp 11360272384
anon 11843670016
anon_thp 11360272384
anon 11843670016
anon_thp 11360272384
anon 11843670016
anon_thp 11360272384
anon 11954819072
anon_thp 11471421440
anon 11963207680
anon_thp 11479810048
anon 11963207680
anon_thp 11479810048
anon 11963207680
anon_thp 11479810048
anon 11969499136
anon_thp 11486101504
anon 11969503232
anon_thp 11486101504
anon 12095328256
anon_thp 11611930624
anon 12250521600
anon_thp 11767119872
anon 12432973824
anon_thp 11949572096
anon 12598644736
anon_thp 12115247104
anon 12734955520
anon_thp 12251561984
anon 12902731776
anon_thp 12419334144
anon 13083090944
anon_thp 12599689216
anon 13190041600
anon_thp 12706643968
anon 13204721664
anon_thp 12721324032
anon 13204721664
anon_thp 12721324032
anon 13211017216
anon_thp 12727615488
anon 13357813760
anon_thp 12874416128
anon 13372493824
anon_thp 12889096192
anon 13372497920
anon_thp 12889096192
anon 13372489728
anon_thp 12889096192
anon 13372489728
anon_thp 12889096192
anon 13372493824
anon_thp 12889096192
anon 13372497920
anon_thp 12889096192
anon 13372493824
anon_thp 12889096192
anon 13529780224
anon_thp 13046382592
anon 13714329600
anon_thp 13230931968
anon 13827575808
anon_thp 13344178176
anon 13827571712
anon_thp 13344178176
anon 13827579904
anon_thp 13344178176
anon 13827579904
anon_thp 13344178176
anon 13827575808
anon_thp 13344178176
anon 13827571712
anon_thp 13344178176
anon 13827575808
anon_thp 13344178176
anon 13827571712
anon_thp 13344178176
anon 13827571712
anon_thp 13344178176
anon 13827575808
anon_thp 13344178176
anon 13827575808
anon_thp 13344178176
anon 13827579904
anon_thp 13344178176
anon 13827579904
anon_thp 13344178176
anon 13827575808
anon_thp 13344178176
anon 13827575808
anon_thp 13344178176
anon 13827575808
anon_thp 13344178176
anon 13827579904
anon_thp 13344178176
anon 13827575808
anon_thp 13344178176
anon 13827571712
anon_thp 13344178176
anon 13827575808
anon_thp 13344178176
anon 13827579904
anon_thp 13344178176
anon 13829677056
anon_thp 13346275328
anon 13831770112
anon_thp 13348372480
anon 13831770112
anon_thp 13348372480
anon 13831770112
anon_thp 13348372480
anon 13831774208
anon_thp 13348372480
anon 13942915072
anon_thp 13459521536
anon 13951307776
anon_thp 13467910144
anon 13951307776
anon_thp 13467910144
anon 13951311872
anon_thp 13467910144
anon 13951307776
anon_thp 13467910144
anon 13959696384
anon_thp 13476298752
anon 13961797632
anon_thp 13478395904
anon 13961793536
anon_thp 13478395904
anon 13993250816
anon_thp 13509853184
anon 14131662848
anon_thp 13648265216
anon 14144245760
anon_thp 13660848128
anon 14295240704
anon_thp 13811843072
anon 14418972672
anon_thp 13935575040
anon 14561579008
anon_thp 14078181376
anon 14702092288
anon_thp 14218690560
anon 14874058752
anon_thp 14390657024
anon 15006179328
anon_thp 14522777600
anon 15102644224
anon_thp 14619246592
anon 15238959104
anon_thp 14755561472
anon 15398338560
anon_thp 14914945024
anon 15561916416
anon_thp 15078522880
anon 15725494272
anon_thp 15242100736
anon 15870201856
anon_thp 15386804224
anon 15966670848
anon_thp 15483273216
anon 16092495872
anon_thp 15609102336
anon 16115572736
anon_thp 15632171008
anon 16121860096
anon_thp 15638462464
anon 16136540160
anon_thp 15653142528
anon 16222527488
anon_thp 15739125760
anon 16283340800
anon_thp 15799943168
anon 16415461376
anon_thp 15932063744
anon 16541286400
anon_thp 16057892864
anon 16688095232
anon_thp 16204693504
anon 16851673088
anon_thp 16368271360
anon 17015246848
anon_thp 16531849216
anon 17038319616
anon_thp 16554917888
anon 17038311424
anon_thp 16554917888
anon 17040412672
anon_thp 16557015040
anon 17040416768
anon_thp 16557015040
anon 17149468672
anon_thp 16666066944
anon 17300455424
anon_thp 16817061888
anon 17327722496
anon_thp 16844324864
anon 17405321216
anon_thp 16921919488
anon 17487101952
anon_thp 17003708416
anon 17505980416
anon_thp 17022582784
anon 17646493696
anon_thp 17163091968
anon 17786998784
anon_thp 17303601152
anon 17789095936
anon_thp 17305698304
anon 17881374720
anon_thp 17397972992
anon 18193985536
anon_thp 17708351488
anon 20671840256
anon_thp 20176699392
anon 20715884544
anon_thp 20220739584
anon 20762021888
anon_thp 20266876928
anon 20806053888
anon_thp 20310917120
anon 20835418112
anon_thp 20340277248
anon 20858490880
anon_thp 20363345920
anon 20873170944
anon_thp 20378025984
anon 20885753856
anon_thp 20390608896
anon 20894134272
anon_thp 20398997504
anon 20896231424
anon_thp 20401094656
anon 20898328576
anon_thp 20403191808
anon 20898328576
anon_thp 20403191808
anon 20898332672
anon_thp 20403191808
anon 20898332672
anon_thp 20403191808
anon 20361457664
anon_thp 19868418048
anon 20699103232
anon_thp 20115881984
anon 20745244672
anon_thp 20162019328
anon 20772503552
anon_thp 20189282304
anon 20810256384
anon_thp 20227031040
anon 20841709568
anon_thp 20258488320
anon 20862681088
anon_thp 20279459840
anon 20877365248
anon_thp 20294139904
anon 20889939968
anon_thp 20306722816
anon 20896235520
anon_thp 20313014272
anon 20898332672
anon_thp 20403191808
anon 20898332672
anon_thp 20403191808
anon 20898332672
anon_thp 20403191808
anon 20898328576
anon_thp 20403191808
anon 20898336768
anon_thp 20403191808
anon 20703297536
anon_thp 20208156672
anon 20753629184
anon_thp 20258488320
anon 20780892160
anon_thp 20285751296
anon 20799766528
anon_thp 20304625664
anon 20814446592
anon_thp 20319305728
anon 20824932352
anon_thp 20329791488
anon 20835418112
anon_thp 20340277248
anon 20854296576
anon_thp 20359151616
anon 20871073792
anon_thp 20375928832
anon 20885749760
anon_thp 20390608896
anon 20892041216
anon_thp 20396900352
anon 20898332672
anon_thp 20403191808
anon 20898332672
anon_thp 20403191808
anon 20898332672
anon_thp 20403191808
anon 20898332672
anon_thp 20403191808
anon 20898328576
anon_thp 20403191808
anon 19691900928
anon_thp 19201523712
anon 20726366208
anon_thp 20231225344
anon 20762021888
anon_thp 20266876928
anon 20785090560
anon_thp 20289945600
anon 20816547840
anon_thp 20321402880
anon 20848001024
anon_thp 20352860160
anon 20866879488
anon_thp 20371734528
anon 20881559552
anon_thp 20386414592
anon 20892037120
anon_thp 20396900352
anon 20896239616
anon_thp 20401094656
anon 20898328576
anon_thp 20403191808
anon 20898332672
anon_thp 20403191808
anon 20898332672
anon_thp 20403191808
anon 20898328576
anon_thp 20403191808
anon 20898336768
anon_thp 20403191808
anon 20690718720
anon_thp 19956498432
anon 20780896256
anon_thp 20046675968
anon 20818644992
anon_thp 20084424704
anon 20841705472
anon_thp 20107493376
anon 20858486784
anon_thp 20124270592
anon 20871073792
anon_thp 20136853504
anon 20883648512
anon_thp 20149436416
anon 20889944064
anon_thp 20155727872
anon 20896231424
anon_thp 20162019328
anon 20898332672
anon_thp 20285751296
anon 20898332672
anon_thp 20285751296
anon 20898336768
anon_thp 20285751296
anon 20898332672
anon_thp 20285751296
anon 20898332672
anon_thp 20285751296
anon 19886936064
anon_thp 19396558848
anon 20724269056
anon_thp 20004732928
anon 20797669376
anon_thp 20078133248
anon 20833320960
anon_thp 20113784832
anon 20854288384
anon_thp 20134756352
anon 20871065600
anon_thp 20151533568
anon 20881551360
anon_thp 20162019328
anon 20892045312
anon_thp 20172505088
anon 20896235520
anon_thp 20176699392
anon 20898332672
anon_thp 20300431360
anon 20898336768
anon_thp 20300431360
anon 20898332672
anon_thp 20300431360
anon 20898336768
anon_thp 20300431360
anon 18554286080
anon_thp 18064867328
anon 20730564608
anon_thp 20235419648
anon 20797874176
anon_thp 20250099712
anon 20831227904
anon_thp 20250099712
anon 20854292480
anon_thp 20254294016
anon 20868976640
anon_thp 20266876928
anon 20881559552
anon_thp 20279459840
anon 20889948160
anon_thp 20287848448
anon 20896235520
anon_thp 20294139904
anon 20898336768
anon_thp 20292042752
anon 20898332672
anon_thp 20292042752
anon 20898336768
anon_thp 20292042752
anon 20898336768
anon_thp 20292042752
anon 20898328576
anon_thp 20292042752
anon 20678135808
anon_thp 19958595584
anon 20774600704
anon_thp 20055064576
anon 20810248192
anon_thp 20090716160
anon 20833320960
anon_thp 20113784832
anon 20852191232
anon_thp 20132659200
anon 20864782336
anon_thp 20145242112
anon 20875264000
anon_thp 20155727872
anon 20883652608
anon_thp 20164116480
anon 20892045312
anon_thp 20172505088
anon 20896239616
anon_thp 20176699392
anon 20898328576
anon_thp 20313014272
anon 20898328576
anon_thp 20313014272
anon 20898328576
anon_thp 20313014272
anon 20898332672
anon_thp 20313014272
anon 20898332672
anon_thp 20313014272
anon 18738839552
anon_thp 18249416704
anon 20736851968
anon_thp 20029898752
anon 20795576320
anon_thp 20088619008
anon 20827029504
anon_thp 20120076288
anon 20848005120
anon_thp 20141047808
anon 20862681088
anon_thp 20155727872
anon 20875264000
anon_thp 20168310784
anon 20883652608
anon_thp 20176699392
anon 20892037120
anon_thp 20185088000
anon 20898332672
anon_thp 20191379456
anon 20898332672
anon_thp 20315111424
anon 20898336768
anon_thp 20315111424
anon 20898336768
anon_thp 20315111424
anon 20898336768
anon_thp 20315111424
anon 20898328576
anon_thp 20315111424
anon 20898332672
anon_thp 20315111424
anon 20671840256
anon_thp 19943915520
anon 20766212096
anon_thp 20038287360
anon 20810256384
anon_thp 20082327552
anon 20837515264
anon_thp 20109590528
anon 20854292480
anon_thp 20126367744
anon 20868976640
anon_thp 20141047808
anon 20879462400
anon_thp 20151533568
anon 20887846912
anon_thp 20159922176
anon 20896235520
anon_thp 20168310784
anon 20898332672
anon_thp 20306722816
anon 20898328576
anon_thp 20306722816
anon 20898336768
anon_thp 20306722816
anon 20898336768
anon_thp 20306722816
anon 20898332672
anon_thp 20306722816
anon 20898332672
anon_thp 20306722816
