pgmigrate_success 49787599
pgmigrate_success 49787603
pgmigrate_success 49787604
pgmigrate_success 49787605
pgmigrate_success 49787606
pgmigrate_success 49787607
pgmigrate_success 49787608
pgmigrate_success 49787609
pgmigrate_success 49787610
pgmigrate_success 49787611
pgmigrate_success 49787612
pgmigrate_success 49787613
pgmigrate_success 49787614
pgmigrate_success 49787615
pgmigrate_success 49787616
pgmigrate_success 49787617
pgmigrate_success 49787618
pgmigrate_success 49787619
pgmigrate_success 49787620
pgmigrate_success 49787621
pgmigrate_success 49787622
pgmigrate_success 49787623
pgmigrate_success 49787624
pgmigrate_success 49787625
pgmigrate_success 49787626
pgmigrate_success 49787627
pgmigrate_success 49787628
pgmigrate_success 49787629
pgmigrate_success 49787630
pgmigrate_success 49787631
pgmigrate_success 49787632
pgmigrate_success 49787633
pgmigrate_success 49787634
pgmigrate_success 49787635
pgmigrate_success 49787636
pgmigrate_success 49787637
pgmigrate_success 49787638
pgmigrate_success 49834999
pgmigrate_success 49835000
pgmigrate_success 49835001
pgmigrate_success 49835002
pgmigrate_success 49835003
pgmigrate_success 49835004
pgmigrate_success 49835005
pgmigrate_success 49835006
pgmigrate_success 49835007
pgmigrate_success 49835008
pgmigrate_success 49835009
pgmigrate_success 49835010
pgmigrate_success 49835011
pgmigrate_success 49835012
pgmigrate_success 49835013
pgmigrate_success 49835014
pgmigrate_success 49835015
pgmigrate_success 49835016
pgmigrate_success 49835017
pgmigrate_success 49835018
pgmigrate_success 49835019
pgmigrate_success 49835020
pgmigrate_success 49835021
pgmigrate_success 49835022
pgmigrate_success 49835023
pgmigrate_success 49835024
pgmigrate_success 49835025
pgmigrate_success 49835026
pgmigrate_success 49835028
pgmigrate_success 49835030
pgmigrate_success 49835031
pgmigrate_success 49835032
pgmigrate_success 49835033
pgmigrate_success 49835034
pgmigrate_success 49835035
pgmigrate_success 49835036
pgmigrate_success 49835037
pgmigrate_success 49835038
pgmigrate_success 49835039
pgmigrate_success 49835040
pgmigrate_success 49835041
pgmigrate_success 49835042
pgmigrate_success 49835043
pgmigrate_success 49835044
pgmigrate_success 49835045
pgmigrate_success 49835045
pgmigrate_success 49835046
pgmigrate_success 49835047
pgmigrate_success 49835048
pgmigrate_success 49835049
pgmigrate_success 49835050
pgmigrate_success 49835051
pgmigrate_success 49835052
pgmigrate_success 49835053
pgmigrate_success 49835054
pgmigrate_success 49835055
pgmigrate_success 49835056
pgmigrate_success 49835057
pgmigrate_success 49835058
pgmigrate_success 49835059
pgmigrate_success 49835060
pgmigrate_success 49835061
pgmigrate_success 49835062
pgmigrate_success 49835063
pgmigrate_success 49835064
pgmigrate_success 49835065
pgmigrate_success 49835066
pgmigrate_success 49835067
pgmigrate_success 49835324
pgmigrate_success 49840444
pgmigrate_success 49848700
pgmigrate_success 49849853
pgmigrate_success 49849854
pgmigrate_success 49849855
pgmigrate_success 49858112
pgmigrate_success 49858113
pgmigrate_success 49858114
pgmigrate_success 49858115
pgmigrate_success 49858116
pgmigrate_success 49858117
pgmigrate_success 49858118
pgmigrate_success 49858119
pgmigrate_success 49858120
pgmigrate_success 49858121
pgmigrate_success 49858122
pgmigrate_success 49858123
pgmigrate_success 49858124
pgmigrate_success 49858125
pgmigrate_success 49858126
pgmigrate_success 49858127
pgmigrate_success 49858128
pgmigrate_success 49858129
pgmigrate_success 49881170
pgmigrate_success 49975794
pgmigrate_success 49998931
pgmigrate_success 49998932
pgmigrate_success 49998933
pgmigrate_success 49998934
pgmigrate_success 49998935
pgmigrate_success 49998936
pgmigrate_success 49998937
pgmigrate_success 49998938
pgmigrate_success 49998939
pgmigrate_success 49998940
pgmigrate_success 50005756
pgmigrate_success 50005789
pgmigrate_success 50005790
pgmigrate_success 50005791
pgmigrate_success 50008607
pgmigrate_success 50008609
pgmigrate_success 50008610
pgmigrate_success 50008611
pgmigrate_success 50008612
pgmigrate_success 50008613
pgmigrate_success 50008614
pgmigrate_success 50008615
pgmigrate_success 50009448
pgmigrate_success 50009449
pgmigrate_success 50009450
pgmigrate_success 50009451
pgmigrate_success 50009452
pgmigrate_success 50009453
pgmigrate_success 50009454
pgmigrate_success 50009455
pgmigrate_success 50009456
pgmigrate_success 50009457
pgmigrate_success 50017714
pgmigrate_success 50111602
pgmigrate_success 50205747
pgmigrate_success 50244180
pgmigrate_success 50244181
pgmigrate_success 50291990
pgmigrate_success 50291991
pgmigrate_success 50291992
pgmigrate_success 50291993
pgmigrate_success 50291994
pgmigrate_success 50291995
pgmigrate_success 50291996
pgmigrate_success 50291997
pgmigrate_success 50291998
pgmigrate_success 50291999
pgmigrate_success 50292000
pgmigrate_success 50292001
pgmigrate_success 50292002
pgmigrate_success 50292003
pgmigrate_success 50292004
pgmigrate_success 50292005
pgmigrate_success 50292006
pgmigrate_success 50292007
pgmigrate_success 50292008
pgmigrate_success 50292009
pgmigrate_success 50292010
pgmigrate_success 50292011
pgmigrate_success 50292012
pgmigrate_success 50315629
pgmigrate_success 50408077
pgmigrate_success 50423277
pgmigrate_success 50434157
pgmigrate_success 50503982
pgmigrate_success 50596558
pgmigrate_success 50675620
pgmigrate_success 50700602
pgmigrate_success 50701435
pgmigrate_success 50701436
pgmigrate_success 50701437
pgmigrate_success 50701438
pgmigrate_success 50701439
pgmigrate_success 50701440
pgmigrate_success 50701441
pgmigrate_success 50701442
pgmigrate_success 50701763
pgmigrate_success 50702596
pgmigrate_success 50707717
pgmigrate_success 50707718
pgmigrate_success 50756337
pgmigrate_success 50850796
pgmigrate_success 50921324
pgmigrate_success 50923885
pgmigrate_success 50923886
pgmigrate_success 50923887
pgmigrate_success 50923888
pgmigrate_success 50923889
pgmigrate_success 50923890
pgmigrate_success 50923891
pgmigrate_success 50923892
pgmigrate_success 50923893
pgmigrate_success 50923926
pgmigrate_success 50923927
pgmigrate_success 50923928
pgmigrate_success 50923929
pgmigrate_success 50923930
pgmigrate_success 50923931
pgmigrate_success 50923932
pgmigrate_success 50923934
pgmigrate_success 50923935
pgmigrate_success 50923936
pgmigrate_success 50923937
pgmigrate_success 50923938
pgmigrate_success 50923939
pgmigrate_success 50923940
pgmigrate_success 50923941
pgmigrate_success 50925606
pgmigrate_success 50925607
pgmigrate_success 50925608
pgmigrate_success 50925609
pgmigrate_success 50925610
pgmigrate_success 50925611
pgmigrate_success 50925612
pgmigrate_success 50925613
pgmigrate_success 50925614
pgmigrate_success 50925615
pgmigrate_success 50925616
pgmigrate_success 50925617
pgmigrate_success 50925618
pgmigrate_success 50925619
pgmigrate_success 50925620
pgmigrate_success 50925621
pgmigrate_success 50925622
pgmigrate_success 50925623
pgmigrate_success 50925624
pgmigrate_success 50925625
pgmigrate_success 50926777
pgmigrate_success 50926778
pgmigrate_success 50927067
pgmigrate_success 50927068
pgmigrate_success 50927069
pgmigrate_success 50928765
pgmigrate_success 50928766
pgmigrate_success 50928767
pgmigrate_success 50929056
pgmigrate_success 50929921
pgmigrate_success 50929922
pgmigrate_success 50929923
pgmigrate_success 50929924
pgmigrate_success 50929925
pgmigrate_success 50929926
pgmigrate_success 50929927
pgmigrate_success 50930248
pgmigrate_success 50930249
pgmigrate_success 50931594
pgmigrate_success 50935728
pgmigrate_success 50935729
pgmigrate_success 50935730
pgmigrate_success 50935731
pgmigrate_success 50935732
pgmigrate_success 50935733
pgmigrate_success 50935734
pgmigrate_success 50935735
pgmigrate_success 50935736
pgmigrate_success 50935737
pgmigrate_success 50935738
pgmigrate_success 50935739
pgmigrate_success 50935740
pgmigrate_success 50935741
pgmigrate_success 50935742
pgmigrate_success 50935743
pgmigrate_success 50935744
pgmigrate_success 50935745
pgmigrate_success 50935746
pgmigrate_success 50935747
pgmigrate_success 50935748
pgmigrate_success 50935749
pgmigrate_success 50937414
pgmigrate_success 50937415
pgmigrate_success 50937416
pgmigrate_success 50937417
pgmigrate_success 50937418
pgmigrate_success 50937419
pgmigrate_success 50937420
pgmigrate_success 50937421
pgmigrate_success 50937422
pgmigrate_success 50937423
pgmigrate_success 50937424
pgmigrate_success 50937425
pgmigrate_success 50937426
pgmigrate_success 50937427
pgmigrate_success 50937428
pgmigrate_success 50937429
pgmigrate_success 50937430
pgmigrate_success 50937431
pgmigrate_success 50937432
pgmigrate_success 50937433
pgmigrate_success 50937434
pgmigrate_success 50937435
pgmigrate_success 50937436
pgmigrate_success 50937437
pgmigrate_success 50937438
pgmigrate_success 50937439
pgmigrate_success 50937440
pgmigrate_success 50937441
pgmigrate_success 50937442
pgmigrate_success 50937443
pgmigrate_success 50937444
pgmigrate_success 50937924
pgmigrate_success 50937925
pgmigrate_success 50937926
pgmigrate_success 50937927
pgmigrate_success 50937928
pgmigrate_success 50937929
pgmigrate_success 50937930
pgmigrate_success 50937931
pgmigrate_success 50937932
pgmigrate_success 50937933
pgmigrate_success 50937934
pgmigrate_success 50937935
pgmigrate_success 50937936
pgmigrate_success 50937937
pgmigrate_success 50937938
pgmigrate_success 50937939
pgmigrate_success 50937940
pgmigrate_success 50937941
pgmigrate_success 50937942
pgmigrate_success 50937943
pgmigrate_success 50937944
pgmigrate_success 50937945
pgmigrate_success 50937946
pgmigrate_success 50937947
pgmigrate_success 50937948
pgmigrate_success 50937949
pgmigrate_success 50937950
pgmigrate_success 50937951
pgmigrate_success 50937952
pgmigrate_success 50937953
pgmigrate_success 50937954
pgmigrate_success 50938242
pgmigrate_success 50938243
pgmigrate_success 50938244
pgmigrate_success 50938277
pgmigrate_success 50938278
pgmigrate_success 50938279
pgmigrate_success 50938280
pgmigrate_success 50938281
pgmigrate_success 50938282
pgmigrate_success 50938283
pgmigrate_success 50938284
pgmigrate_success 50938285
pgmigrate_success 50938286
pgmigrate_success 50938287
pgmigrate_success 50938288
pgmigrate_success 50938289
pgmigrate_success 50938290
pgmigrate_success 50938291
pgmigrate_success 50938292
pgmigrate_success 50938293
pgmigrate_success 50938294
pgmigrate_success 50938295
pgmigrate_success 50938296
pgmigrate_success 50939804
pgmigrate_success 50940636
pgmigrate_success 50940637
pgmigrate_success 50940638
pgmigrate_success 50941791
pgmigrate_success 50941792
pgmigrate_success 50941793
pgmigrate_success 50941794
pgmigrate_success 50941795
pgmigrate_success 50941796
pgmigrate_success 50941797
pgmigrate_success 50941798
pgmigrate_success 50941800
pgmigrate_success 50941801
pgmigrate_success 50941802
pgmigrate_success 50941803
pgmigrate_success 50941804
pgmigrate_success 50941965
pgmigrate_success 50942642
pgmigrate_success 50942643
pgmigrate_success 50944943
pgmigrate_success 50950896
pgmigrate_success 50950897
pgmigrate_success 50950898
pgmigrate_success 50950899
pgmigrate_success 50950900
pgmigrate_success 50950901
pgmigrate_success 50950902
pgmigrate_success 50950903
pgmigrate_success 50950904
pgmigrate_success 50950905
pgmigrate_success 50950906
pgmigrate_success 50950907
pgmigrate_success 50950908
pgmigrate_success 50950909
pgmigrate_success 50950910
pgmigrate_success 50950911
pgmigrate_success 50950912
pgmigrate_success 50950913
pgmigrate_success 50950914
pgmigrate_success 50950915
pgmigrate_success 50950916
pgmigrate_success 50950917
pgmigrate_success 50950918
pgmigrate_success 50950919
pgmigrate_success 50950920
pgmigrate_success 50950921
pgmigrate_success 50950922
pgmigrate_success 50950923
pgmigrate_success 50950924
pgmigrate_success 50950925
pgmigrate_success 50950926
pgmigrate_success 50950927
pgmigrate_success 50950928
pgmigrate_success 50950929
pgmigrate_success 50950930
pgmigrate_success 50950931
pgmigrate_success 50950932
pgmigrate_success 50950933
pgmigrate_success 50950934
pgmigrate_success 50950935
pgmigrate_success 50950936
pgmigrate_success 50950937
pgmigrate_success 50950938
pgmigrate_success 50950939
pgmigrate_success 50950940
pgmigrate_success 50950941
pgmigrate_success 50950942
pgmigrate_success 50950943
pgmigrate_success 50950944
pgmigrate_success 50950945
pgmigrate_success 50950946
pgmigrate_success 51031714
pgmigrate_success 51114978
pgmigrate_success 51162207
pgmigrate_success 51164768
pgmigrate_success 51172705
pgmigrate_success 51172706
pgmigrate_success 51172707
pgmigrate_success 51172708
pgmigrate_success 51172709
pgmigrate_success 51172742
pgmigrate_success 51172743
pgmigrate_success 51172744
pgmigrate_success 51172745
pgmigrate_success 51172746
pgmigrate_success 51172747
pgmigrate_success 51172748
pgmigrate_success 51172749
pgmigrate_success 51172750
pgmigrate_success 51172751
pgmigrate_success 51172752
pgmigrate_success 51172753
pgmigrate_success 51172754
pgmigrate_success 51172755
pgmigrate_success 51172756
pgmigrate_success 51172757
pgmigrate_success 51172758
pgmigrate_success 51172760
pgmigrate_success 51172761
pgmigrate_success 51172762
pgmigrate_success 51172763
pgmigrate_success 51172764
pgmigrate_success 51172764
pgmigrate_success 51172765
pgmigrate_success 51172766
pgmigrate_success 51172767
pgmigrate_success 51172768
pgmigrate_success 51172769
pgmigrate_success 51172770
pgmigrate_success 51172771
pgmigrate_success 51172772
pgmigrate_success 51172773
pgmigrate_success 51172774
pgmigrate_success 51172775
pgmigrate_success 51172776
pgmigrate_success 51172777
pgmigrate_success 51172778
pgmigrate_success 51172779
pgmigrate_success 51172780
pgmigrate_success 51172781
pgmigrate_success 51172782
pgmigrate_success 51172783
pgmigrate_success 51172784
pgmigrate_success 51172785
pgmigrate_success 51172786
pgmigrate_success 51172787
pgmigrate_success 51172788
pgmigrate_success 51172789
pgmigrate_success 51172790
pgmigrate_success 51172791
pgmigrate_success 51172792
pgmigrate_success 51172793
pgmigrate_success 51172794
pgmigrate_success 51172795
pgmigrate_success 51172796
pgmigrate_success 51172797
pgmigrate_success 51172798
pgmigrate_success 51172799
pgmigrate_success 51172800
pgmigrate_success 51172801
pgmigrate_success 51172802
pgmigrate_success 51172803
pgmigrate_success 51172804
pgmigrate_success 51172805
pgmigrate_success 51172806
pgmigrate_success 51172807
pgmigrate_success 51172808
pgmigrate_success 51172809
pgmigrate_success 51172810
pgmigrate_success 51172811
pgmigrate_success 51172812
pgmigrate_success 51172813
pgmigrate_success 51172814
pgmigrate_success 51172815
pgmigrate_success 51172816
pgmigrate_success 51172817
pgmigrate_success 51172818
pgmigrate_success 51172819
pgmigrate_success 51172820
pgmigrate_success 51172821
pgmigrate_success 51172822
pgmigrate_success 51172823
pgmigrate_success 51172824
pgmigrate_success 51172825
pgmigrate_success 51172826
pgmigrate_success 51172827
pgmigrate_success 51172828
pgmigrate_success 51172829
pgmigrate_success 51172830
pgmigrate_success 51172831
pgmigrate_success 51172832
pgmigrate_success 51172833
pgmigrate_success 51172834
pgmigrate_success 51172835
pgmigrate_success 51172836
pgmigrate_success 51172837
pgmigrate_success 51172838
pgmigrate_success 51172839
pgmigrate_success 51172840
pgmigrate_success 51172841
pgmigrate_success 51172842
pgmigrate_success 51172844
pgmigrate_success 51172845
pgmigrate_success 51172846
pgmigrate_success 51172847
pgmigrate_success 51172848
pgmigrate_success 51172849
pgmigrate_success 51172850
pgmigrate_success 51172851
pgmigrate_success 51172852
pgmigrate_success 51172853
pgmigrate_success 51172854
pgmigrate_success 51172855
pgmigrate_success 51172856
pgmigrate_success 51172857
pgmigrate_success 51172858
pgmigrate_success 51172859
pgmigrate_success 51172860
pgmigrate_success 51172861
pgmigrate_success 51172862
pgmigrate_success 51172863
pgmigrate_success 51172864
pgmigrate_success 51172865
pgmigrate_success 51172866
pgmigrate_success 51172867
pgmigrate_success 51172868
pgmigrate_success 51172869
pgmigrate_success 51172870
pgmigrate_success 51172871
pgmigrate_success 51172872
pgmigrate_success 51172873
pgmigrate_success 51172874
pgmigrate_success 51172875
pgmigrate_success 51172876
pgmigrate_success 51172877
pgmigrate_success 51172878
pgmigrate_success 51172879
pgmigrate_success 51172880
pgmigrate_success 51172881
pgmigrate_success 51172882
pgmigrate_success 51172883
pgmigrate_success 51172884
pgmigrate_success 51172885
pgmigrate_success 51172886
pgmigrate_success 51172887
pgmigrate_success 51172888
pgmigrate_success 51172889
pgmigrate_success 51172890
pgmigrate_success 51172891
pgmigrate_success 51172892
pgmigrate_success 51172893
pgmigrate_success 51172894
pgmigrate_success 51172895
pgmigrate_success 51172896
pgmigrate_success 51172897
pgmigrate_success 51172898
pgmigrate_success 51172899
pgmigrate_success 51172900
pgmigrate_success 51172901
pgmigrate_success 51172902
pgmigrate_success 51172903
pgmigrate_success 51172904
pgmigrate_success 51172905
pgmigrate_success 51172906
pgmigrate_success 51172907
pgmigrate_success 51172908
pgmigrate_success 51172909
pgmigrate_success 51172910
pgmigrate_success 51172911
pgmigrate_success 51172911
pgmigrate_success 51172912
pgmigrate_success 51172913
pgmigrate_success 51172914
pgmigrate_success 51172915
pgmigrate_success 51172916
pgmigrate_success 51172917
pgmigrate_success 51172918
pgmigrate_success 51172919
pgmigrate_success 51172920
pgmigrate_success 51172921
pgmigrate_success 51172922
pgmigrate_success 51172923
pgmigrate_success 51172924
pgmigrate_success 51172925
pgmigrate_success 51172926
pgmigrate_success 51172928
pgmigrate_success 51175018
pgmigrate_success 51175019
pgmigrate_success 51175020
pgmigrate_success 51175021
pgmigrate_success 51175022
pgmigrate_success 51175023
pgmigrate_success 51175024
pgmigrate_success 51175025
pgmigrate_success 51175639
pgmigrate_success 51175640
pgmigrate_success 51175641
pgmigrate_success 51175642
pgmigrate_success 51176476
pgmigrate_success 51176477
pgmigrate_success 51176478
pgmigrate_success 51176479
pgmigrate_success 51176480
pgmigrate_success 51176481
pgmigrate_success 51176482
pgmigrate_success 51176899
pgmigrate_success 51176900
pgmigrate_success 51176901
pgmigrate_success 51176902
pgmigrate_success 51178432
pgmigrate_success 51178433
pgmigrate_success 51178434
pgmigrate_success 51178435
pgmigrate_success 51178436
pgmigrate_success 51178437
pgmigrate_success 51179587
pgmigrate_success 51179588
pgmigrate_success 51184709
pgmigrate_success 51191816
pgmigrate_success 51191817
pgmigrate_success 51191818
pgmigrate_success 51191819
pgmigrate_success 51191820
pgmigrate_success 51191821
pgmigrate_success 51191822
pgmigrate_success 51191823
pgmigrate_success 51191824
pgmigrate_success 51191825
pgmigrate_success 51191826
pgmigrate_success 51191827
pgmigrate_success 51193252
pgmigrate_success 51193253
pgmigrate_success 51193254
pgmigrate_success 51194135
pgmigrate_success 51194957
pgmigrate_success 51200917
pgmigrate_success 51200918
pgmigrate_success 51200919
pgmigrate_success 51255762
pgmigrate_success 51326290
pgmigrate_success 51337107
pgmigrate_success 51338329
pgmigrate_success 51338330
pgmigrate_success 51338331
pgmigrate_success 51339164
pgmigrate_success 51339165
pgmigrate_success 51339934
pgmigrate_success 51340638
pgmigrate_success 51348575
pgmigrate_success 51348576
pgmigrate_success 51350555
pgmigrate_success 51354530
pgmigrate_success 51357667
pgmigrate_success 51378467
pgmigrate_success 51462245
pgmigrate_success 51563276
pgmigrate_success 51614545
pgmigrate_success 51616952
pgmigrate_success 51617090
pgmigrate_success 51621183
pgmigrate_success 51625152
pgmigrate_success 51625153
pgmigrate_success 51625154
pgmigrate_success 51625155
pgmigrate_success 51625156
pgmigrate_success 51625157
pgmigrate_success 51625158
pgmigrate_success 51625159
pgmigrate_success 51625161
pgmigrate_success 51625482
pgmigrate_success 51625483
pgmigrate_success 51625484
pgmigrate_success 51625485
pgmigrate_success 51625486
pgmigrate_success 51625487
pgmigrate_success 51625488
pgmigrate_success 51625489
pgmigrate_success 51625490
pgmigrate_success 51625491
pgmigrate_success 51625492
pgmigrate_success 51625493
pgmigrate_success 51626645
pgmigrate_success 51630294
pgmigrate_success 51634130
pgmigrate_success 51639250
pgmigrate_success 51640083
pgmigrate_success 51654286
pgmigrate_success 51740687
pgmigrate_success 51811221
pgmigrate_success 51845654
pgmigrate_success 51846871
pgmigrate_success 51851164
pgmigrate_success 51851165
pgmigrate_success 51851166
pgmigrate_success 51851167
pgmigrate_success 51851168
pgmigrate_success 51851169
pgmigrate_success 51851170
pgmigrate_success 51851171
pgmigrate_success 51851172
pgmigrate_success 51851173
pgmigrate_success 51851174
pgmigrate_success 51852003
pgmigrate_success 51852004
pgmigrate_success 51852005
pgmigrate_success 51852006
pgmigrate_success 51852007
pgmigrate_success 51852008
pgmigrate_success 51852009
pgmigrate_success 51852010
pgmigrate_success 51852011
pgmigrate_success 51852012
pgmigrate_success 51852013
pgmigrate_success 51852014
pgmigrate_success 51852015
pgmigrate_success 51852016
pgmigrate_success 51852017
pgmigrate_success 51852018
pgmigrate_success 51852019
pgmigrate_success 51852020
pgmigrate_success 51852021
pgmigrate_success 51852022
pgmigrate_success 51852023
pgmigrate_success 51852024
pgmigrate_success 51852025
pgmigrate_success 51854330
pgmigrate_success 51861625
pgmigrate_success 51874580
pgmigrate_success 51954592
pgmigrate_success 52020616
pgmigrate_success 52100357
pgmigrate_success 52103974
pgmigrate_success 52114187
pgmigrate_success 52125579
pgmigrate_success 52165128
pgmigrate_success 52262290
pgmigrate_success 52346132
pgmigrate_success 52416665
pgmigrate_success 52487508
pgmigrate_success 52491732
pgmigrate_success 52497173
pgmigrate_success 52550934
pgmigrate_success 52621468
pgmigrate_success 52670996
pgmigrate_success 52739289
pgmigrate_success 52775129
pgmigrate_success 52845973
pgmigrate_success 52916502
pgmigrate_success 52963735
pgmigrate_success 53034264
pgmigrate_success 53050077
pgmigrate_success 53096856
pgmigrate_success 53103065
pgmigrate_success 53154015
pgmigrate_success 53201243
pgmigrate_success 53248160
pgmigrate_success 53250721
pgmigrate_success 53250722
pgmigrate_success 53253730
pgmigrate_success 53289181
pgmigrate_success 53356830
pgmigrate_success 53356831
pgmigrate_success 53404063
pgmigrate_success 53474592
pgmigrate_success 53474849
pgmigrate_success 53541030
pgmigrate_success 53596485
pgmigrate_success 53643718
pgmigrate_success 53695756
pgmigrate_success 53766927
pgmigrate_success 53798345
pgmigrate_success 53852111
pgmigrate_success 53852112
pgmigrate_success 53852113
pgmigrate_success 53852146
pgmigrate_success 53852147
pgmigrate_success 53859293
pgmigrate_success 53859294
pgmigrate_success 53869535
pgmigrate_success 53938911
pgmigrate_success 53939424
pgmigrate_success 53939425
pgmigrate_success 53939426
pgmigrate_success 53939427
pgmigrate_success 53939428
pgmigrate_success 53939429
pgmigrate_success 53939430
pgmigrate_success 53939431
pgmigrate_success 53939432
pgmigrate_success 53939433
pgmigrate_success 53939434
pgmigrate_success 53939435
pgmigrate_success 53939436
pgmigrate_success 53939437
pgmigrate_success 53939438
pgmigrate_success 53939439
pgmigrate_success 53939440
pgmigrate_success 53939441
pgmigrate_success 53939442
pgmigrate_success 53939443
pgmigrate_success 53939444
pgmigrate_success 53939445
pgmigrate_success 53940022
pgmigrate_success 53940023
pgmigrate_success 53941176
pgmigrate_success 54013049
pgmigrate_success 54034938
pgmigrate_success 54034939
pgmigrate_success 54034940
pgmigrate_success 54034941
pgmigrate_success 54034942
pgmigrate_success 54105593
pgmigrate_success 54176121
pgmigrate_success 54246846
pgmigrate_success 54283642
pgmigrate_success 54317499
pgmigrate_success 54317500
pgmigrate_success 54317501
pgmigrate_success 54317502
pgmigrate_success 54317503
pgmigrate_success 54317504
pgmigrate_success 54317505
pgmigrate_success 54317506
pgmigrate_success 54317507
pgmigrate_success 54317508
pgmigrate_success 54317509
pgmigrate_success 54317510
pgmigrate_success 54317511
pgmigrate_success 54317512
pgmigrate_success 54317513
pgmigrate_success 54317514
pgmigrate_success 54317515
pgmigrate_success 54317516
pgmigrate_success 54317517
pgmigrate_success 54317518
pgmigrate_success 54317519
pgmigrate_success 54317521
pgmigrate_success 54317523
pgmigrate_success 54317524
pgmigrate_success 54317525
pgmigrate_success 54317526
pgmigrate_success 54317527
pgmigrate_success 54317528
pgmigrate_success 54317529
pgmigrate_success 54317530
pgmigrate_success 54317531
pgmigrate_success 54317532
pgmigrate_success 54317533
pgmigrate_success 54317534
pgmigrate_success 54317535
pgmigrate_success 54317536
pgmigrate_success 54317537
pgmigrate_success 54317538
pgmigrate_success 54317539
pgmigrate_success 54317540
pgmigrate_success 54317541
pgmigrate_success 54317542
pgmigrate_success 54317543
pgmigrate_success 54317544
pgmigrate_success 54317545
pgmigrate_success 54317546
pgmigrate_success 54317547
pgmigrate_success 54317548
pgmigrate_success 54318125
pgmigrate_success 54390066
pgmigrate_success 54390067
pgmigrate_success 54390068
pgmigrate_success 54394933
pgmigrate_success 54394934
pgmigrate_success 54394935
pgmigrate_success 54394936
pgmigrate_success 54394937
pgmigrate_success 54394938
pgmigrate_success 54394939
pgmigrate_success 54394940
pgmigrate_success 54394941
pgmigrate_success 54394942
pgmigrate_success 54394943
pgmigrate_success 54394944
pgmigrate_success 54394945
pgmigrate_success 54394946
pgmigrate_success 54394947
pgmigrate_success 54398595
pgmigrate_success 54398596
pgmigrate_success 54398917
pgmigrate_success 54398918
pgmigrate_success 54398919
pgmigrate_success 54398920
pgmigrate_success 54398921
pgmigrate_success 54398922
pgmigrate_success 54398923
pgmigrate_success 54398924
pgmigrate_success 54398925
pgmigrate_success 54398926
pgmigrate_success 54398927
pgmigrate_success 54398928
pgmigrate_success 54398929
pgmigrate_success 54398930
pgmigrate_success 54400083
pgmigrate_success 54403284
pgmigrate_success 54403285
pgmigrate_success 54403286
pgmigrate_success 54403287
pgmigrate_success 54403288
pgmigrate_success 54403289
pgmigrate_success 54403290
pgmigrate_success 54403291
pgmigrate_success 54403292
pgmigrate_success 54403293
pgmigrate_success 54403294
pgmigrate_success 54404894
pgmigrate_success 54404895
pgmigrate_success 54404896
pgmigrate_success 54406433
pgmigrate_success 54406434
pgmigrate_success 54406435
pgmigrate_success 54406436
pgmigrate_success 54406437
pgmigrate_success 54406438
pgmigrate_success 54406439
pgmigrate_success 54406441
pgmigrate_success 54441060
pgmigrate_success 54524388
pgmigrate_success 54621295
pgmigrate_success 54692138
pgmigrate_success 54739055
pgmigrate_success 54740784
pgmigrate_success 54740785
pgmigrate_success 54740786
pgmigrate_success 54740787
pgmigrate_success 54740788
pgmigrate_success 54740789
pgmigrate_success 54740790
pgmigrate_success 54740791
pgmigrate_success 54740792
pgmigrate_success 54744761
pgmigrate_success 54749562
pgmigrate_success 54755069
pgmigrate_success 54762555
pgmigrate_success 54762556
pgmigrate_success 54765377
pgmigrate_success 54767358
pgmigrate_success 54772478
pgmigrate_success 54772479
pgmigrate_success 54772480
pgmigrate_success 54772481
pgmigrate_success 54772482
pgmigrate_success 54773637
pgmigrate_success 54773638
pgmigrate_success 54773639
pgmigrate_success 54773640
pgmigrate_success 54773641
pgmigrate_success 54773642
pgmigrate_success 54773643
pgmigrate_success 54773644
pgmigrate_success 54773645
pgmigrate_success 54773646
pgmigrate_success 54773647
pgmigrate_success 54773648
pgmigrate_success 54773649
pgmigrate_success 54773650
pgmigrate_success 54773651
pgmigrate_success 54773652
pgmigrate_success 54773653
pgmigrate_success 54773654
pgmigrate_success 54773655
pgmigrate_success 54773656
pgmigrate_success 54773657
pgmigrate_success 54773658
pgmigrate_success 54773659
pgmigrate_success 54773660
pgmigrate_success 54773661
pgmigrate_success 54773662
pgmigrate_success 54773663
pgmigrate_success 54773664
pgmigrate_success 54773665
pgmigrate_success 54775440
pgmigrate_success 54775441
pgmigrate_success 54775442
pgmigrate_success 54775443
pgmigrate_success 54775444
pgmigrate_success 54775445
pgmigrate_success 54775446
pgmigrate_success 54775447
pgmigrate_success 54775448
pgmigrate_success 54775449
pgmigrate_success 54775450
pgmigrate_success 54775451
pgmigrate_success 54775452
pgmigrate_success 54775453
pgmigrate_success 54775454
pgmigrate_success 54775455
pgmigrate_success 54775456
pgmigrate_success 54775457
pgmigrate_success 54775458
pgmigrate_success 54775459
pgmigrate_success 54775460
pgmigrate_success 54775461
pgmigrate_success 54775462
pgmigrate_success 54775463
pgmigrate_success 54775464
pgmigrate_success 54775465
pgmigrate_success 54775466
pgmigrate_success 54775467
pgmigrate_success 54775469
pgmigrate_success 54775471
pgmigrate_success 54775472
pgmigrate_success 54775473
pgmigrate_success 54775474
pgmigrate_success 54775475
pgmigrate_success 54775476
pgmigrate_success 54775477
pgmigrate_success 54775478
pgmigrate_success 54775479
pgmigrate_success 54775480
pgmigrate_success 54775481
pgmigrate_success 54775482
pgmigrate_success 54775483
pgmigrate_success 54775484
pgmigrate_success 54775485
pgmigrate_success 54775486
pgmigrate_success 54824346
pgmigrate_success 54839700
pgmigrate_success 54839701
pgmigrate_success 54839702
pgmigrate_success 54843549
pgmigrate_success 54843550
pgmigrate_success 54894760
pgmigrate_success 54979112
pgmigrate_success 55059364
pgmigrate_success 55151781
pgmigrate_success 55222314
pgmigrate_success 55293158
pgmigrate_success 55387302
pgmigrate_success 55436519
pgmigrate_success 55444199
pgmigrate_success 55446253
pgmigrate_success 55446254
pgmigrate_success 55521577
pgmigrate_success 55527786
pgmigrate_success 55527787
pgmigrate_success 55527788
pgmigrate_success 55527789
pgmigrate_success 55527790
pgmigrate_success 55528111
pgmigrate_success 55528112
pgmigrate_success 55598384
pgmigrate_success 55692528
pgmigrate_success 55743638
pgmigrate_success 55750263
pgmigrate_success 55750264
pgmigrate_success 55750265
pgmigrate_success 55750266
pgmigrate_success 55750267
pgmigrate_success 55750268
pgmigrate_success 55750269
pgmigrate_success 55750270
pgmigrate_success 55750271
pgmigrate_success 55750272
pgmigrate_success 55750273
pgmigrate_success 55750274
pgmigrate_success 55750275
pgmigrate_success 55750276
pgmigrate_success 55750277
pgmigrate_success 55750278
pgmigrate_success 55750279
pgmigrate_success 55750280
pgmigrate_success 55750281
pgmigrate_success 55750282
pgmigrate_success 55751819
pgmigrate_success 55751948
pgmigrate_success 55751949
pgmigrate_success 55751950
pgmigrate_success 55751951
pgmigrate_success 55805195
pgmigrate_success 55810603
pgmigrate_success 55810604
pgmigrate_success 55810605
pgmigrate_success 55810894
pgmigrate_success 55814767
pgmigrate_success 55815920
pgmigrate_success 55815921
pgmigrate_success 55831251
pgmigrate_success 55909465
pgmigrate_success 55909466
pgmigrate_success 55980310
pgmigrate_success 56030780
pgmigrate_success 56098071
pgmigrate_success 56171540
pgmigrate_success 56268510
pgmigrate_success 56326809
pgmigrate_success 56386278
pgmigrate_success 56442599
pgmigrate_success 56513443
pgmigrate_success 56606052
pgmigrate_success 56678121
pgmigrate_success 56748965
pgmigrate_success 56796074
pgmigrate_success 56851627
pgmigrate_success 56873831
pgmigrate_success 56876456
pgmigrate_success 56876457
pgmigrate_success 56917991
pgmigrate_success 56959789
pgmigrate_success 57010088
pgmigrate_success 57077549
pgmigrate_success 57148392
pgmigrate_success 57225512
pgmigrate_success 57313070
pgmigrate_success 57323567
pgmigrate_success 57323568
pgmigrate_success 57325105
pgmigrate_success 57325106
pgmigrate_success 57381107
pgmigrate_success 57452463
pgmigrate_success 57459279
pgmigrate_success 57495088
pgmigrate_success 57542897
pgmigrate_success 57544882
pgmigrate_success 57615159
pgmigrate_success 57687188
pgmigrate_success 57691536
pgmigrate_success 57736774
pgmigrate_success 57811790
pgmigrate_success 57995098
pgmigrate_success 58170205
pgmigrate_success 58548575
pgmigrate_success 58833760
pgmigrate_success 59091412
pgmigrate_success 59277306
pgmigrate_success 59281537
pgmigrate_success 59283600
pgmigrate_success 59283615
pgmigrate_success 59283625
pgmigrate_success 59292847
pgmigrate_success 59305144
pgmigrate_success 59310277
pgmigrate_success 59315927
pgmigrate_success 59388946
pgmigrate_success 59455511
pgmigrate_success 59574347
pgmigrate_success 59618700
pgmigrate_success 59639683
pgmigrate_success 59696661
pgmigrate_success 59745856
pgmigrate_success 59777581
pgmigrate_success 59790629
pgmigrate_success 59839773
pgmigrate_success 60064307
pgmigrate_success 60236523
pgmigrate_success 60287727
pgmigrate_success 60297072
pgmigrate_success 60297072
pgmigrate_success 60369416
pgmigrate_success 60552592
pgmigrate_success 60605106
pgmigrate_success 60622184
pgmigrate_success 60626280
pgmigrate_success 60629352
pgmigrate_success 60636013
pgmigrate_success 60641645
pgmigrate_success 60658546
pgmigrate_success 60675477
pgmigrate_success 60692955
pgmigrate_success 60723812
pgmigrate_success 60725780
pgmigrate_success 60725780
pgmigrate_success 60725780
pgmigrate_success 60725780
pgmigrate_success 60765847
pgmigrate_success 60881561
pgmigrate_success 60882076
pgmigrate_success 60882077
pgmigrate_success 60883102
pgmigrate_success 60904131
pgmigrate_success 60925138
pgmigrate_success 60947177
pgmigrate_success 60965124
pgmigrate_success 61010729
pgmigrate_success 61186345
pgmigrate_success 61221673
pgmigrate_success 61221673
pgmigrate_success 61255561
pgmigrate_success 61283615
pgmigrate_success 61336351
pgmigrate_success 61351969
pgmigrate_success 61362209
pgmigrate_success 61368353
pgmigrate_success 61372449
pgmigrate_success 61375521
pgmigrate_success 61378081
pgmigrate_success 61380688
pgmigrate_success 61381779
pgmigrate_success 61444382
pgmigrate_success 61446942
pgmigrate_success 61446942
pgmigrate_success 61446942
pgmigrate_success 61462089
pgmigrate_success 61476496
pgmigrate_success 61531792
pgmigrate_success 61549712
pgmigrate_success 61559440
pgmigrate_success 61565072
pgmigrate_success 61568656
pgmigrate_success 61571728
pgmigrate_success 61574288
pgmigrate_success 61575410
pgmigrate_success 61627815
pgmigrate_success 61627815
pgmigrate_success 61627815
pgmigrate_success 61627815
pgmigrate_success 61636519
pgmigrate_success 61726117
pgmigrate_success 61726136
pgmigrate_success 61726158
pgmigrate_success 61727704
pgmigrate_success 61732312
pgmigrate_success 61735384
pgmigrate_success 61737944
pgmigrate_success 61739480
pgmigrate_success 61793530
pgmigrate_success 61799162
pgmigrate_success 61799162
pgmigrate_success 61799162
pgmigrate_success 61799162
pgmigrate_success 61855513
pgmigrate_success 61870361
pgmigrate_success 61878553
pgmigrate_success 61883673
pgmigrate_success 61888281
pgmigrate_success 61891865
pgmigrate_success 61895449
pgmigrate_success 61897497
pgmigrate_success 61899545
pgmigrate_success 61901735
pgmigrate_success 61987403
pgmigrate_success 61988670
pgmigrate_success 61988670
pgmigrate_success 61988671
pgmigrate_success 61988671
pgmigrate_success 61989738
pgmigrate_success 62046570
pgmigrate_success 62062442
pgmigrate_success 62072682
pgmigrate_success 62078826
pgmigrate_success 62165866
pgmigrate_success 62270344
pgmigrate_success 62289299
pgmigrate_success 62291347
pgmigrate_success 62293395
pgmigrate_success 62405220
pgmigrate_success 62405220
pgmigrate_success 62405220
pgmigrate_success 62405220
pgmigrate_success 62405220
pgmigrate_success 62405220
pgmigrate_success 62498205
pgmigrate_success 62568961
pgmigrate_success 62585857
pgmigrate_success 62596894
pgmigrate_success 62603567
pgmigrate_success 62619851
pgmigrate_success 62637683
pgmigrate_success 62655873
pgmigrate_success 62682130
pgmigrate_success 62734144
pgmigrate_success 62771567
pgmigrate_success 62779492
pgmigrate_success 62811748
pgmigrate_success 62926542
pgmigrate_success 62926542
