pgmigrate_success 22307503
pgmigrate_success 22307503
pgmigrate_success 22307503
pgmigrate_success 22307503
pgmigrate_success 22307503
pgmigrate_success 22307503
pgmigrate_success 22307503
pgmigrate_success 22307503
pgmigrate_success 22307503
pgmigrate_success 22307503
pgmigrate_success 22307503
pgmigrate_success 22307503
pgmigrate_success 22307503
pgmigrate_success 22307503
pgmigrate_success 22401391
pgmigrate_success 22425007
pgmigrate_success 22480143
pgmigrate_success 22589679
pgmigrate_success 22663183
pgmigrate_success 22731055
pgmigrate_success 22825231
pgmigrate_success 22872463
pgmigrate_success 22995578
pgmigrate_success 23086778
pgmigrate_success 23122074
pgmigrate_success 23256814
pgmigrate_success 23384380
pgmigrate_success 23413288
pgmigrate_success 23413288
pgmigrate_success 23448532
pgmigrate_success 23554674
pgmigrate_success 23648818
pgmigrate_success 23648818
pgmigrate_success 23702829
pgmigrate_success 23813805
pgmigrate_success 23884338
pgmigrate_success 23979597
pgmigrate_success 24072819
pgmigrate_success 24154798
pgmigrate_success 24261423
pgmigrate_success 24309972
pgmigrate_success 24426100
pgmigrate_success 24520234
pgmigrate_success 24567461
pgmigrate_success 24661610
pgmigrate_success 24769642
pgmigrate_success 24873514
pgmigrate_success 24967973
pgmigrate_success 25063813
pgmigrate_success 25179938
pgmigrate_success 25274082
pgmigrate_success 25368268
pgmigrate_success 25443185
pgmigrate_success 25533260
pgmigrate_success 25632044
pgmigrate_success 25700497
pgmigrate_success 25792081
pgmigrate_success 25886540
pgmigrate_success 25980684
pgmigrate_success 26077481
pgmigrate_success 26175545
pgmigrate_success 26271354
pgmigrate_success 26314559
pgmigrate_success 26376698
pgmigrate_success 26457983
pgmigrate_success 26481594
pgmigrate_success 26575743
pgmigrate_success 26669887
pgmigrate_success 26717114
pgmigrate_success 26740730
pgmigrate_success 26826170
pgmigrate_success 26847226
pgmigrate_success 26952634
pgmigrate_success 27046783
pgmigrate_success 27149087
pgmigrate_success 27188154
pgmigrate_success 27188154
pgmigrate_success 27211831
pgmigrate_success 27282359
pgmigrate_success 27376508
pgmigrate_success 27470652
pgmigrate_success 27565111
pgmigrate_success 27651063
pgmigrate_success 27753399
pgmigrate_success 27847548
pgmigrate_success 27894775
pgmigrate_success 27965628
pgmigrate_success 28075900
pgmigrate_success 28173116
pgmigrate_success 28248055
pgmigrate_success 28295832
pgmigrate_success 28389304
pgmigrate_success 28485956
pgmigrate_success 28559271
pgmigrate_success 28657734
pgmigrate_success 28754594
pgmigrate_success 28851784
pgmigrate_success 28947210
pgmigrate_success 29057034
pgmigrate_success 29158149
pgmigrate_success 29249220
pgmigrate_success 29322880
pgmigrate_success 29380347
pgmigrate_success 29427264
pgmigrate_success 29521408
pgmigrate_success 29597275
pgmigrate_success 29710011
pgmigrate_success 29780544
pgmigrate_success 29874688
pgmigrate_success 29898304
pgmigrate_success 29992448
pgmigrate_success 30098944
pgmigrate_success 30181052
pgmigrate_success 30256398
pgmigrate_success 30403855
pgmigrate_success 30468368
pgmigrate_success 30637493
pgmigrate_success 30646211
pgmigrate_success 30651855
pgmigrate_success 30676337
pgmigrate_success 30915295
pgmigrate_success 31029146
pgmigrate_success 31154784
pgmigrate_success 31403135
pgmigrate_success 31481508
pgmigrate_success 31504565
pgmigrate_success 31690222
pgmigrate_success 31712633
pgmigrate_success 31712656
pgmigrate_success 31712763
pgmigrate_success 31712837
pgmigrate_success 31795781
pgmigrate_success 31835742
pgmigrate_success 31844007
pgmigrate_success 31854767
pgmigrate_success 31864489
pgmigrate_success 31870640
pgmigrate_success 31878829
pgmigrate_success 31898030
pgmigrate_success 31924821
pgmigrate_success 31951577
pgmigrate_success 31957937
pgmigrate_success 32041228
pgmigrate_success 32193571
pgmigrate_success 32194194
pgmigrate_success 32194199
pgmigrate_success 32194200
pgmigrate_success 32194201
pgmigrate_success 32194202
pgmigrate_success 32194203
pgmigrate_success 32194206
pgmigrate_success 32194208
pgmigrate_success 32194226
pgmigrate_success 32195795
pgmigrate_success 32203582
pgmigrate_success 32207852
pgmigrate_success 32282891
pgmigrate_success 32365794
pgmigrate_success 32578846
pgmigrate_success 32657113
pgmigrate_success 32657626
pgmigrate_success 32657629
pgmigrate_success 32664832
pgmigrate_success 32678669
pgmigrate_success 32685326
pgmigrate_success 32691470
pgmigrate_success 32700686
pgmigrate_success 32707342
pgmigrate_success 32717615
pgmigrate_success 32734591
pgmigrate_success 32757897
pgmigrate_success 32830807
pgmigrate_success 32861155
pgmigrate_success 32892706
pgmigrate_success 32892738
pgmigrate_success 32893346
pgmigrate_success 32916386
pgmigrate_success 32916386
pgmigrate_success 32919970
pgmigrate_success 32924066
pgmigrate_success 32927138
pgmigrate_success 32929698
pgmigrate_success 32930722
pgmigrate_success 32936315
pgmigrate_success 32970512
pgmigrate_success 32978797
pgmigrate_success 32979838
pgmigrate_success 32979875
pgmigrate_success 32979941
pgmigrate_success 32979960
pgmigrate_success 32979961
pgmigrate_success 32979964
pgmigrate_success 32985084
pgmigrate_success 32990716
pgmigrate_success 32994300
pgmigrate_success 32996860
pgmigrate_success 32999267
pgmigrate_success 33018233
pgmigrate_success 33051700
pgmigrate_success 33053269
pgmigrate_success 33056407
pgmigrate_success 33065248
pgmigrate_success 33065252
pgmigrate_success 33065255
pgmigrate_success 33065256
pgmigrate_success 33074652
pgmigrate_success 33078748
pgmigrate_success 33081820
pgmigrate_success 33083868
pgmigrate_success 33114878
pgmigrate_success 33135806
pgmigrate_success 33156607
pgmigrate_success 33157654
pgmigrate_success 33160269
pgmigrate_success 33165994
pgmigrate_success 33166044
pgmigrate_success 33166045
pgmigrate_success 33166047
pgmigrate_success 33166048
pgmigrate_success 33169632
pgmigrate_success 33173729
pgmigrate_success 33176289
pgmigrate_success 33178896
pgmigrate_success 33181075
pgmigrate_success 33183463
pgmigrate_success 33232126
pgmigrate_success 33232146
pgmigrate_success 33232175
pgmigrate_success 33232211
pgmigrate_success 33233278
pgmigrate_success 33233282
pgmigrate_success 33233284
pgmigrate_success 33233286
pgmigrate_success 33236871
pgmigrate_success 33241479
pgmigrate_success 33244551
pgmigrate_success 33247160
pgmigrate_success 33251162
pgmigrate_success 33252316
pgmigrate_success 33294437
pgmigrate_success 33295503
pgmigrate_success 33296569
pgmigrate_success 33296586
pgmigrate_success 33296586
pgmigrate_success 33296586
pgmigrate_success 33296588
pgmigrate_success 33296590
pgmigrate_success 33298639
pgmigrate_success 33302739
pgmigrate_success 33306341
pgmigrate_success 33309442
pgmigrate_success 33312618
pgmigrate_success 33327836
pgmigrate_success 33361013
pgmigrate_success 33364608
pgmigrate_success 33370772
pgmigrate_success 33373869
pgmigrate_success 33379548
