anon 913408
anon_thp 0
anon 168574976
anon_thp 165675008
anon 241975296
anon_thp 239075328
anon 409747456
anon_thp 406847488
anon 533479424
anon_thp 530579456
anon 665604096
anon_thp 662700032
anon 873218048
anon_thp 870318080
anon 1061961728
anon_thp 1059061760
anon 1272176640
anon_thp 1268776960
anon 1481887744
anon_thp 1478492160
anon 1595138048
anon_thp 1591738368
anon 1804857344
anon_thp 1801453568
anon 1903419392
anon_thp 1900019712
anon 2008276992
anon_thp 2004877312
anon 2217992192
anon_thp 2214592512
anon 2259939328
anon_thp 2256535552
anon 2392055808
anon_thp 2388656128
anon 2605961216
anon_thp 2602565632
anon 2771640320
anon_thp 2768240640
anon 2905858048
anon_thp 2902458368
anon 3071537152
anon_thp 3068133376
anon 3191070720
anon_thp 3187671040
anon 3404976128
anon_thp 3401580544
anon 3568558080
anon_thp 3565158400
anon 3650347008
anon_thp 3646947328
anon 3862159360
anon_thp 3858759680
anon 4050898944
anon_thp 4047503360
anon 4076068864
anon_thp 4072669184
anon 4099141632
anon_thp 4095737856
anon 4178829312
anon_thp 4175429632
anon 4390637568
anon_thp 4387241984
anon 4558409728
anon_thp 4555014144
anon 4573093888
anon_thp 4569694208
anon 4694728704
anon_thp 4691329024
anon 4896055296
anon_thp 4892655616
anon 5048016896
anon_thp 4968153088
anon 5260959744
anon_thp 5037359104
anon 5423673344
anon_thp 5041553408
anon 5604896768
anon_thp 5043650560
anon 5818806272
anon_thp 5110759424
anon 5936246784
anon_thp 5211422720
anon 6141759488
anon_thp 5416943616
anon 6351474688
anon_thp 5626658816
anon 6435364864
anon_thp 5710544896
anon 6645075968
anon_thp 5920260096
anon 6856896512
anon_thp 6132072448
anon 7068708864
anon_thp 6343884800
anon 7265832960
anon_thp 6541017088
anon 7471353856
anon_thp 6746537984
anon 7681073152
anon_thp 6956253184
anon 7880306688
anon_thp 7155482624
anon 8090017792
anon_thp 7365197824
anon 8241012736
anon_thp 7516192768
anon 8419266560
anon_thp 7694450688
anon 8622698496
anon_thp 7897874432
anon 8765300736
anon_thp 8040480768
anon 8949850112
anon_thp 8225030144
anon 9157464064
anon_thp 8432648192
anon 9327337472
anon_thp 8602517504
anon 9520279552
anon_thp 8795455488
anon 9717407744
anon_thp 8992587776
anon 9920831488
anon_thp 9196011520
anon 9992138752
anon_thp 9267314688
anon 10141032448
anon_thp 9416212480
anon 10308808704
anon_thp 9577693184
anon 10338164736
anon_thp 9607053312
anon 10547879936
anon_thp 9816768512
anon 10730336256
anon_thp 9999220736
anon 10828902400
anon_thp 10097786880
anon 10906492928
anon_thp 10175381504
anon 11051196416
anon_thp 10320084992
anon 11101523968
anon_thp 10370416640
anon 11309146112
anon_thp 10578034688
anon 11518861312
anon_thp 10787749888
anon 11726479360
anon_thp 10995367936
anon 11793588224
anon_thp 11062476800
anon 11806171136
anon_thp 11075059712
anon 11843919872
anon_thp 11112808448
anon 11984433152
anon_thp 11253317632
anon 12183662592
anon_thp 11452547072
anon 12391276544
anon_thp 11660165120
anon 12592603136
anon_thp 11861491712
anon 12749889536
anon_thp 12018778112
anon 12957511680
anon_thp 12226396160
anon 13165129728
anon_thp 12434014208
anon 13251108864
anon_thp 12519997440
anon 13408395264
anon_thp 12677283840
anon 13618110464
anon_thp 12886999040
anon 13813145600
anon_thp 13082034176
anon 13959946240
anon_thp 13228834816
anon 14085775360
anon_thp 13354663936
anon 14261936128
anon_thp 13530824704
anon 14459068416
anon_thp 13727956992
anon 14603776000
anon_thp 13872660480
anon 14788325376
anon_thp 14057209856
anon 14993842176
anon_thp 14262730752
anon 15180492800
anon_thp 14449377280
anon 15383916544
anon_thp 14652801024
anon 15591534592
anon_thp 14860419072
anon 15799148544
anon_thp 15068037120
anon 15979503616
anon_thp 15248392192
anon 16134692864
anon_thp 15403581440
anon 16266817536
anon_thp 15535702016
anon 16348602368
anon_thp 15617490944
anon 16535248896
anon_thp 15804137472
anon 16709312512
anon_thp 15978201088
anon 16912736256
anon_thp 16181624832
anon 17072119808
anon_thp 16341008384
anon 17277644800
anon_thp 16546529280
anon 17327976448
anon_thp 16596860928
anon 17516716032
anon_thp 16785604608
anon 17722236928
anon_thp 16991125504
anon 17881616384
anon_thp 17150509056
anon 18801999872
anon_thp 17861443584
anon 20682575872
anon_thp 19683868672
anon 20722421760
anon_thp 19723714560
anon 20766461952
anon_thp 19767754752
anon 20810502144
anon_thp 19811794944
anon 20835667968
anon_thp 19836960768
anon 20856639488
anon_thp 19857932288
anon 20871319552
anon_thp 19872612352
anon 20883906560
anon_thp 19885195264
anon 20892295168
anon_thp 19893583872
anon 20896485376
anon_thp 19897778176
anon 20898582528
anon_thp 19916652544
anon 20898586624
anon_thp 19916652544
anon 20898582528
anon_thp 19916652544
anon 20898582528
anon_thp 19916652544
anon 20898582528
anon_thp 19916652544
anon 20703543296
anon_thp 19795017728
anon 20749684736
anon_thp 19841155072
anon 20774850560
anon_thp 19866320896
anon 20818890752
anon_thp 19910361088
anon 20848250880
anon_thp 19939721216
anon 20867129344
anon_thp 19958595584
anon 20881805312
anon_thp 19973275648
anon 20892291072
anon_thp 19983761408
anon 20896485376
anon_thp 19987955712
anon 20898586624
anon_thp 19990052864
anon 20898582528
anon_thp 19990052864
anon 20898586624
anon_thp 19990052864
anon 20898582528
anon_thp 19990052864
anon 20701454336
anon_thp 19792920576
anon 20753883136
anon_thp 19845349376
anon 20781142016
anon_thp 19872612352
anon 20798513152
anon_thp 19881000960
anon 20812603392
anon_thp 19889389568
anon 20825182208
anon_thp 19901972480
anon 20835667968
anon_thp 19912458240
anon 20850634752
anon_thp 19927138304
anon 20869955584
anon_thp 19927138304
anon 20883914752
anon_thp 19927138304
anon 20893290496
anon_thp 19927138304
anon 20896833536
anon_thp 19927138304
anon 20896833536
anon_thp 19927138304
anon 20896833536
anon_thp 19927138304
anon 20896833536
anon_thp 19927138304
anon 20896833536
anon_thp 19927138304
anon 18588090368
anon_thp 17685282816
anon 20718010368
anon_thp 19807600640
anon 20757270528
anon_thp 19809697792
anon 20781256704
anon_thp 19809697792
anon 20811042816
anon_thp 19809697792
anon 20843417600
anon_thp 19809697792
anon 20864389120
anon_thp 19809697792
anon 20879708160
anon_thp 19818086400
anon 20892286976
anon_thp 19830669312
anon 20896489472
anon_thp 19834863616
anon 20898582528
anon_thp 19836960768
anon 20898586624
anon_thp 19836960768
anon 20898586624
anon_thp 19836960768
anon 20898582528
anon_thp 19836960768
anon 20703547392
anon_thp 19795017728
anon 20786028544
anon_thp 19801309184
anon 20822466560
anon_thp 19801309184
anon 20845338624
anon_thp 19801309184
anon 20862930944
anon_thp 19803406336
anon 20875513856
anon_thp 19811794944
anon 20885999616
anon_thp 19822280704
anon 20894392320
anon_thp 19830669312
anon 20898582528
anon_thp 19834863616
anon 20898586624
anon_thp 19834863616
anon 20898582528
anon_thp 19834863616
anon 20898582528
anon_thp 19834863616
anon 20898582528
anon_thp 19834863616
anon 20361707520
anon_thp 19300089856
anon 20711931904
anon_thp 19801309184
anon 20784930816
anon_thp 19801309184
anon 20825759744
anon_thp 19801309184
anon 20850335744
anon_thp 19801309184
anon 20869222400
anon_thp 19811794944
anon 20881801216
anon_thp 19824377856
anon 20892291072
anon_thp 19834863616
anon 20896485376
anon_thp 19839057920
anon 20898582528
anon_thp 19841155072
anon 20898582528
anon_thp 19841155072
anon 20898582528
anon_thp 19841155072
anon 20898582528
anon_thp 19841155072
anon 20059152384
anon_thp 19153289216
anon 20755976192
anon_thp 19822280704
anon 20808966144
anon_thp 19822280704
anon 20837888000
anon_thp 19822280704
anon 20857413632
anon_thp 19822280704
anon 20873416704
anon_thp 19824377856
anon 20883902464
anon_thp 19830669312
anon 20892291072
anon_thp 19839057920
anon 20898586624
anon_thp 19845349376
anon 20898582528
anon_thp 19845349376
anon 20898586624
anon_thp 19845349376
anon 20898582528
anon_thp 19845349376
anon 20898582528
anon_thp 19845349376
anon 19706822656
anon_thp 18800967680
anon 20745486336
anon_thp 19836960768
anon 20796006400
anon_thp 19874709504
anon 20825100288
anon_thp 19874709504
anon 20844441600
anon_thp 19874709504
anon 20860837888
anon_thp 19876806656
anon 20871315456
anon_thp 19883098112
anon 20881801216
anon_thp 19893583872
anon 20890193920
anon_thp 19901972480
anon 20896485376
anon_thp 19908263936
anon 20898582528
anon_thp 19910361088
anon 20898578432
anon_thp 19910361088
anon 20898586624
anon_thp 19910361088
anon 20898586624
anon_thp 19910361088
anon 20898582528
anon_thp 19910361088
anon 20651118592
anon_thp 19742588928
anon 20766461952
anon_thp 19857932288
anon 20810625024
anon_thp 19878903808
anon 20837040128
anon_thp 19878903808
anon 20855128064
anon_thp 19878903808
anon 20871323648
anon_thp 19883098112
anon 20881805312
anon_thp 19893583872
anon 20890193920
anon_thp 19901972480
anon 20896489472
anon_thp 19908263936
anon 20898582528
anon_thp 19910361088
anon 20898586624
anon_thp 19910361088
anon 20898586624
anon_thp 19910361088
anon 20898586624
anon_thp 19910361088
anon 20898586624
anon_thp 19910361088
anon 20653219840
anon_thp 19744686080
anon 20766461952
anon_thp 19857932288
anon 20811063296
anon_thp 19872612352
anon 20837474304
anon_thp 19872612352
anon 20855889920
anon_thp 19872612352
anon 20869586944
anon_thp 19872612352
anon 20881805312
anon_thp 19883098112
anon 20890193920
anon_thp 19889389568
anon 20896489472
anon_thp 19895681024
anon 20898582528
anon_thp 19897778176
anon 20898582528
anon_thp 19897778176
anon 20898582528
anon_thp 19897778176
anon 20898582528
anon_thp 19897778176
anon 20898582528
anon_thp 19897778176
