pgmigrate_success 47485958
pgmigrate_fail 301557
thp_migration_success 52973
thp_migration_fail 6
thp_migration_split 0
thp_fault_alloc 98356
thp_fault_fallback 3273
thp_fault_fallback_charge 0
thp_collapse_alloc 170
thp_collapse_alloc_failed 0
thp_file_alloc 0
thp_file_fallback 0
thp_file_fallback_charge 0
thp_file_mapped 0
thp_split_page 88
thp_split_page_failed 0
thp_deferred_split_page 442
thp_split_pmd 1731
thp_split_pud 0
thp_zero_page_alloc 0
thp_zero_page_alloc_failed 0
thp_swpout 0
thp_swpout_fallback 0
htmm_nr_promoted 26073237
htmm_nr_demoted 17308859
htmm_nr_sampled 0
htmm_missed_dramread 0
htmm_missed_nvmread 0
htmm_missed_write 0
htmm_alloc_dram 132175990
htmm_alloc_nvm 0
