anon 0
anon_thp 0
anon 853254144
anon_thp 851443712
anon 853254144
anon_thp 851443712
anon 853254144
anon_thp 851443712
anon 853254144
anon_thp 851443712
anon 1031839744
anon_thp 1025507328
anon 1067491328
anon_thp 1061158912
anon 1541386240
anon_thp 1535115264
anon 2619322368
anon_thp 2613051392
anon 3693064192
anon_thp 3686793216
anon 4766806016
anon_thp 4760535040
anon 5844742144
anon_thp 5838471168
anon 6922678272
anon_thp 6916407296
anon 8002711552
anon_thp 7996440576
anon 9097424896
anon_thp 9091153920
anon 10192138240
anon_thp 10185867264
anon 11272171520
anon_thp 11265900544
anon 12322844672
anon_thp 12316573696
anon 13356740608
anon_thp 13350469632
anon 14386442240
anon_thp 14380171264
anon 15428726784
anon_thp 15422455808
anon 16475205632
anon_thp 16468934656
anon 17496518656
anon_thp 17490247680
anon 18553483264
anon_thp 18547212288
anon 19616739328
anon_thp 19610468352
anon 20679995392
anon_thp 20673724416
anon 21741154304
anon_thp 21734883328
anon 22802313216
anon_thp 22796042240
anon 23863472128
anon_thp 23857201152
anon 24905756672
anon_thp 24899485696
anon 25924972544
anon_thp 25918701568
anon 26200379392
anon_thp 26193428480
anon 26200379392
anon_thp 26193428480
anon 26200379392
anon_thp 26193428480
anon 26198282240
anon_thp 26191331328
anon 26200379392
anon_thp 26193428480
anon 26200379392
anon_thp 26193428480
anon 26200379392
anon_thp 26193428480
anon 26200379392
anon_thp 26193428480
anon 26200379392
anon_thp 26193428480
anon 26200379392
anon_thp 26193428480
anon 26200379392
anon_thp 26193428480
anon 26200379392
anon_thp 26193428480
anon 26200379392
anon_thp 26193428480
anon 26200379392
anon_thp 26193428480
anon 26200379392
anon_thp 26193428480
anon 26200379392
anon_thp 26193428480
anon 26200379392
anon_thp 26193428480
anon 26200379392
anon_thp 26193428480
anon 26200379392
anon_thp 26193428480
anon 26200379392
anon_thp 26193428480
anon 26200379392
anon_thp 26193428480
anon 26200379392
anon_thp 26193428480
anon 26200379392
anon_thp 26193428480
anon 26200379392
anon_thp 26193428480
anon 26200379392
anon_thp 26193428480
anon 26200379392
anon_thp 26193428480
anon 26200379392
anon_thp 26193428480
anon 26200379392
anon_thp 26193428480
anon 26200379392
anon_thp 26193428480
anon 26200379392
anon_thp 26193428480
anon 26200379392
anon_thp 26193428480
anon 26200379392
anon_thp 26193428480
anon 26200379392
anon_thp 26193428480
anon 26200379392
anon_thp 26193428480
anon 26200379392
anon_thp 26193428480
anon 26200379392
anon_thp 26193428480
anon 26200379392
anon_thp 26193428480
anon 26200379392
anon_thp 26193428480
anon 26200379392
anon_thp 26193428480
anon 26200379392
anon_thp 26193428480
anon 26200379392
anon_thp 26193428480
anon 26200379392
anon_thp 26193428480
anon 26200379392
anon_thp 26193428480
anon 26200379392
anon_thp 26193428480
anon 26200379392
anon_thp 26193428480
anon 26200379392
anon_thp 26193428480
anon 26200379392
anon_thp 26193428480
anon 26200379392
anon_thp 26193428480
anon 26200379392
anon_thp 26193428480
anon 26200379392
anon_thp 26193428480
anon 26200379392
anon_thp 26193428480
anon 26200379392
anon_thp 26193428480
anon 26200379392
anon_thp 26193428480
anon 26200379392
anon_thp 26193428480
anon 26200379392
anon_thp 26193428480
anon 26200379392
anon_thp 26193428480
anon 26200379392
anon_thp 26193428480
anon 26200379392
anon_thp 26193428480
anon 26200379392
anon_thp 26193428480
anon 26200379392
anon_thp 26193428480
anon 26200379392
anon_thp 26193428480
anon 26200379392
anon_thp 26193428480
anon 26200379392
anon_thp 26193428480
anon 26200379392
anon_thp 26193428480
anon 26200379392
anon_thp 26193428480
anon 26200379392
anon_thp 26193428480
anon 26200379392
anon_thp 26193428480
anon 26200379392
anon_thp 26193428480
anon 26200379392
anon_thp 26193428480
anon 26200379392
anon_thp 26193428480
anon 26200379392
anon_thp 26193428480
anon 26200379392
anon_thp 26193428480
anon 26200379392
anon_thp 26193428480
anon 26200379392
anon_thp 26193428480
anon 26200379392
anon_thp 26193428480
anon 26200379392
anon_thp 26193428480
anon 26200379392
anon_thp 26193428480
anon 26200379392
anon_thp 26193428480
anon 26200379392
anon_thp 26193428480
anon 26200379392
anon_thp 26193428480
anon 26200379392
anon_thp 26193428480
anon 26200379392
anon_thp 26193428480
anon 26200379392
anon_thp 26193428480
anon 26200379392
anon_thp 26193428480
anon 26200379392
anon_thp 26193428480
anon 26200379392
anon_thp 26193428480
anon 26200379392
anon_thp 26193428480
anon 26200379392
anon_thp 26193428480
anon 26200379392
anon_thp 26193428480
anon 26200379392
anon_thp 26193428480
anon 26200379392
anon_thp 26193428480
anon 26200379392
anon_thp 26193428480
anon 26200379392
anon_thp 26193428480
anon 26200379392
anon_thp 26193428480
anon 26200379392
anon_thp 26193428480
anon 26200379392
anon_thp 26193428480
anon 26200379392
anon_thp 26193428480
anon 26200379392
anon_thp 26193428480
anon 26200379392
anon_thp 26193428480
anon 26200379392
anon_thp 26193428480
anon 26200379392
anon_thp 26193428480
anon 26200379392
anon_thp 26193428480
anon 26200379392
anon_thp 26193428480
anon 26200379392
anon_thp 26193428480
anon 26200379392
anon_thp 26193428480
anon 26200379392
anon_thp 26193428480
anon 26200379392
anon_thp 26193428480
anon 26200379392
anon_thp 26193428480
anon 26200379392
anon_thp 26193428480
anon 26200379392
anon_thp 26193428480
anon 26200379392
anon_thp 26193428480
anon 26200379392
anon_thp 26193428480
anon 26200379392
anon_thp 26195525632
anon 26200379392
anon_thp 26195525632
anon 26200379392
anon_thp 26195525632
anon 26200379392
anon_thp 26195525632
anon 26200379392
anon_thp 26195525632
anon 26200379392
anon_thp 26195525632
anon 26200379392
anon_thp 26195525632
anon 26200379392
anon_thp 26195525632
anon 26200379392
anon_thp 26195525632
anon 26200379392
anon_thp 26195525632
anon 26200379392
anon_thp 26195525632
anon 26200379392
anon_thp 26195525632
anon 26200379392
anon_thp 26195525632
