hot 0 warm 0 cold 0
hot 207165 warm 0 cold 0
hot 207165 warm 0 cold 0
hot 207165 warm 0 cold 0
hot 207165 warm 0 cold 0
hot 250628 warm 0 cold 0
hot 259332 warm 0 cold 0
hot 371042 warm 0 cold 0
hot 631653 warm 0 cold 0
hot 896361 warm 0 cold 0
hot 1153389 warm 0 cold 0
hot 1412462 warm 0 cold 0
hot 1678702 warm 0 cold 0
hot 1932654 warm 0 cold 0
hot 266108 warm 1938944 cold 498
hot 522624 warm 1938944 cold 494
hot 348022 warm 0 cold 1503742
hot 1034632 warm 0 cold 1959942
hot 1278859 warm 0 cold 1958915
hot 1535888 warm 0 cold 1957374
hot 1789843 warm 0 cold 1956859
hot 2038168 warm 0 cold 1955830
hot 2293664 warm 0 cold 1954798
hot 2549157 warm 0 cold 1953769
hot 2807208 warm 0 cold 1953254
hot 3071404 warm 0 cold 1952226
hot 180226 warm 0 cold 512
hot 2051618 warm 0 cold 1955722
hot 2318371 warm 0 cold 1955721
hot 3660724 warm 0 cold 2401160
hot 3903927 warm 0 cold 2401157
hot 4029466 warm 426496 cold 1940258
hot 4029508 warm 426496 cold 1940216
hot 1415236 warm 0 cold 4980984
hot 1415330 warm 0 cold 4980890
hot 1415386 warm 0 cold 4980834
hot 1415475 warm 0 cold 4980745
hot 1415519 warm 0 cold 4980701
hot 1415565 warm 0 cold 4980655
hot 1415604 warm 0 cold 4980616
hot 1415664 warm 2615296 cold 2365260
hot 1415674 warm 2615296 cold 2365250
hot 1415697 warm 2616320 cold 2364203
hot 1415697 warm 2616320 cold 2364203
hot 1415697 warm 2616320 cold 2364203
hot 1415711 warm 2618880 cold 2361629
hot 1415732 warm 2621952 cold 2358536
hot 1415745 warm 2625536 cold 2354939
hot 1415759 warm 2629120 cold 2351341
hot 1416271 warm 2628608 cold 2351341
hot 1416282 warm 2632704 cold 2347234
hot 1417319 warm 2637824 cold 2341077
hot 1417844 warm 2640384 cold 2337992
hot 242809 warm 1180236 cold 4973302
hot 1429197 warm 2690048 cold 2277102
hot 1439951 warm 0 cold 4956396
hot 1455317 warm 0 cold 4941030
hot 1475291 warm 0 cold 4921056
hot 1501406 warm 0 cold 4894941
hot 1532640 warm 0 cold 4863707
hot 1561313 warm 0 cold 4835034
hot 1591523 warm 0 cold 4804824
hot 1622247 warm 0 cold 4774100
hot 1659116 warm 0 cold 4737231
hot 1701102 warm 0 cold 4695245
hot 1735409 warm 0 cold 4660938
hot 1779444 warm 0 cold 4616903
hot 1827574 warm 0 cold 4568773
hot 1885432 warm 0 cold 4510915
hot 1935100 warm 0 cold 4461247
hot 1972477 warm 0 cold 4423870
hot 244402 warm 0 cold 6151945
hot 244915 warm 0 cold 6151432
hot 245940 warm 1904203 cold 4246204
hot 245942 warm 1969227 cold 4181178
hot 245942 warm 2026571 cold 4123834
hot 246454 warm 2082891 cold 4067002
hot 246966 warm 2125387 cold 4023994
hot 247481 warm 2180683 cold 3968183
hot 249530 warm 2229835 cold 3916982
hot 251068 warm 2287179 cold 3858100
hot 253628 warm 2298443 cold 3844276
hot 255676 warm 2352203 cold 3788468
hot 257725 warm 2408523 cold 3730099
hot 262333 warm 2454603 cold 3679411
hot 265917 warm 2504267 cold 3626163
hot 270013 warm 2547787 cold 3578547
hot 275133 warm 2576459 cold 3544755
hot 277693 warm 2573899 cold 3544755
hot 281789 warm 2580043 cold 3534515
hot 287421 warm 2614859 cold 3494067
hot 292541 warm 2648139 cold 3455667
hot 242878 warm 116425 cold 6037246
hot 242879 warm 134857 cold 6018813
hot 242879 warm 157385 cold 5996285
hot 424841 warm 3167819 cold 2803889
hot 450954 warm 3199050 cold 2746545
hot 473482 warm 3223626 cold 2699441
hot 496522 warm 3222602 cold 2677425
hot 519562 warm 3199562 cold 2677425
hot 548234 warm 3170890 cold 2677425
hot 577930 warm 3159114 cold 2659505
hot 607114 warm 3134026 cold 2655409
hot 631178 warm 3109962 cold 2655409
hot 661898 warm 3079242 cold 2655409
hot 694666 warm 3061834 cold 2640049
hot 728970 warm 3076682 cold 2590897
hot 756106 warm 3099722 cold 2540721
hot 789899 warm 3100234 cold 2506416
hot 821131 warm 3099210 cold 2476208
hot 847755 warm 3123786 cold 2425008
hot 875403 warm 3148874 cold 2372272
hot 903564 warm 3166282 cold 2326703
hot 929676 warm 3173450 cold 2293423
hot 955276 warm 3197514 cold 2243759
hot 982924 warm 3225674 cold 2187951
hot 1010572 warm 3249738 cold 2136239
hot 1033612 warm 3275338 cold 2087599
hot 1056652 warm 3301450 cold 2038447
hot 1077644 warm 3326026 cold 1992879
hot 1100684 warm 3353162 cold 1942703
hot 1121676 warm 3372106 cold 1902767
hot 1144204 warm 3403338 cold 1849007
hot 1172876 warm 3423818 cold 1799855
hot 1202060 warm 3442250 cold 1752239
hot 1225612 warm 3464778 cold 1706159
hot 1247629 warm 3486794 cold 1662126
hot 1274253 warm 3513930 cold 1608366
hot 1292685 warm 3542602 cold 1561262
hot 1313677 warm 3576394 cold 1506478
hot 1334669 warm 3601994 cold 1459886
hot 1356173 warm 3624522 cold 1415854
hot 1378189 warm 3647050 cold 1371310
hot 1401229 warm 3664970 cold 1330350
hot 1430925 warm 3675722 cold 1289902
hot 1450893 warm 3668042 cold 1277614
hot 1470861 warm 3648074 cold 1277614
hot 1487758 warm 3659338 cold 1249453
hot 1514894 warm 3670602 cold 1211053
hot 1532302 warm 0 cold 4864247
hot 1552270 warm 0 cold 4844279
hot 1573262 warm 0 cold 4823287
hot 1589646 warm 0 cold 4806903
hot 1597838 warm 0 cold 4798711
hot 242618 warm 0 cold 6152907
hot 242618 warm 0 cold 6152907
hot 1977304 warm 0 cold 4418221
hot 2008024 warm 0 cold 4387501
hot 2086872 warm 0 cold 4308653
hot 245178 warm 0 cold 6150347
hot 246202 warm 0 cold 6149323
hot 247226 warm 0 cold 6148299
hot 248762 warm 2104350 cold 4042413
hot 249274 warm 2166302 cold 3979949
hot 249786 warm 2228766 cold 3916973
hot 250810 warm 2253342 cold 3891373
hot 252858 warm 2264606 cold 3878061
hot 255418 warm 2337310 cold 3802797
