pgmigrate_success 5696494
pgmigrate_success 5792754
pgmigrate_success 5857505
pgmigrate_success 5857505
pgmigrate_success 5857505
pgmigrate_success 5857505
pgmigrate_success 5857507
pgmigrate_success 5857507
pgmigrate_success 5857552
pgmigrate_success 5857552
pgmigrate_success 5857552
pgmigrate_success 5857552
pgmigrate_success 5857552
pgmigrate_success 5857552
pgmigrate_success 5857564
pgmigrate_success 5857564
pgmigrate_success 5857564
pgmigrate_success 5857564
pgmigrate_success 5857564
pgmigrate_success 5857564
pgmigrate_success 5857570
pgmigrate_success 5857570
pgmigrate_success 5857570
pgmigrate_success 5857570
pgmigrate_success 5857570
pgmigrate_success 5857570
pgmigrate_success 5857570
pgmigrate_success 5857570
pgmigrate_success 5857570
pgmigrate_success 5857570
pgmigrate_success 5857570
pgmigrate_success 5857570
pgmigrate_success 5857570
pgmigrate_success 5857641
pgmigrate_success 5857641
pgmigrate_success 5857641
pgmigrate_success 5857641
pgmigrate_success 5857641
pgmigrate_success 5857641
pgmigrate_success 5857660
pgmigrate_success 5857660
pgmigrate_success 5857660
pgmigrate_success 5857660
pgmigrate_success 5857660
pgmigrate_success 5857660
pgmigrate_success 5857700
pgmigrate_success 5857740
pgmigrate_success 5857740
pgmigrate_success 5857743
pgmigrate_success 5857743
pgmigrate_success 5857743
pgmigrate_success 5857743
pgmigrate_success 5857743
pgmigrate_success 5857743
pgmigrate_success 5857743
pgmigrate_success 5857743
pgmigrate_success 5857755
pgmigrate_success 5857758
pgmigrate_success 5857758
pgmigrate_success 5857758
pgmigrate_success 5857758
pgmigrate_success 5857758
pgmigrate_success 5857758
pgmigrate_success 5857758
pgmigrate_success 5857758
pgmigrate_success 5857912
pgmigrate_success 5857912
pgmigrate_success 5857915
pgmigrate_success 5857931
pgmigrate_success 5857941
pgmigrate_success 5857946
pgmigrate_success 5857946
pgmigrate_success 5857946
pgmigrate_success 5857946
pgmigrate_success 5857946
pgmigrate_success 5857946
pgmigrate_success 5857950
pgmigrate_success 5857950
pgmigrate_success 5857950
pgmigrate_success 5857950
pgmigrate_success 5857950
pgmigrate_success 5857959
pgmigrate_success 5857962
pgmigrate_success 5857965
pgmigrate_success 5857965
pgmigrate_success 5857965
pgmigrate_success 5858004
pgmigrate_success 5858018
pgmigrate_success 5858018
pgmigrate_success 5858018
pgmigrate_success 5860520
pgmigrate_success 5860547
pgmigrate_success 5860547
pgmigrate_success 5860547
pgmigrate_success 5860601
pgmigrate_success 5860601
pgmigrate_success 5860614
pgmigrate_success 5863320
pgmigrate_success 5863333
pgmigrate_success 5863333
pgmigrate_success 5863333
pgmigrate_success 5863333
pgmigrate_success 5863387
pgmigrate_success 5863387
pgmigrate_success 5863400
pgmigrate_success 5863413
pgmigrate_success 5863413
pgmigrate_success 5863413
pgmigrate_success 5863578
pgmigrate_success 5863578
pgmigrate_success 5863610
pgmigrate_success 5863610
pgmigrate_success 5863610
pgmigrate_success 5863610
pgmigrate_success 5863610
pgmigrate_success 5863610
pgmigrate_success 5863610
pgmigrate_success 5863624
pgmigrate_success 5863640
pgmigrate_success 5863668
pgmigrate_success 5863668
pgmigrate_success 5863668
pgmigrate_success 5863668
pgmigrate_success 5863668
pgmigrate_success 5863668
pgmigrate_success 5863668
pgmigrate_success 5863692
pgmigrate_success 5863694
pgmigrate_success 5863725
pgmigrate_success 5864950
pgmigrate_success 5864950
pgmigrate_success 5864950
pgmigrate_success 5864950
pgmigrate_success 5864950
pgmigrate_success 5864950
pgmigrate_success 5864950
pgmigrate_success 5864959
pgmigrate_success 5864970
pgmigrate_success 5864970
pgmigrate_success 5864970
pgmigrate_success 5864970
pgmigrate_success 5864970
pgmigrate_success 5864970
pgmigrate_success 5864970
pgmigrate_success 5864975
pgmigrate_success 5864975
pgmigrate_success 5864980
pgmigrate_success 5864980
pgmigrate_success 5864980
pgmigrate_success 5864980
pgmigrate_success 5864980
pgmigrate_success 5864980
pgmigrate_success 5864985
pgmigrate_success 5864985
pgmigrate_success 5864985
pgmigrate_success 5864985
pgmigrate_success 5864989
pgmigrate_success 5865000
pgmigrate_success 5865000
pgmigrate_success 5865000
pgmigrate_success 5865017
pgmigrate_success 5865173
pgmigrate_success 5865224
pgmigrate_success 5871860
pgmigrate_success 5876130
pgmigrate_success 5881061
pgmigrate_success 5882587
pgmigrate_success 5883313
pgmigrate_success 5883614
pgmigrate_success 5883614
pgmigrate_success 5883614
pgmigrate_success 5883614
pgmigrate_success 5883614
pgmigrate_success 5883614
pgmigrate_success 5883614
pgmigrate_success 5883614
pgmigrate_success 5883614
pgmigrate_success 5883614
pgmigrate_success 5883614
pgmigrate_success 5883614
pgmigrate_success 5883614
pgmigrate_success 5883614
pgmigrate_success 5883614
pgmigrate_success 5883614
pgmigrate_success 5883614
pgmigrate_success 5883614
pgmigrate_success 5883614
pgmigrate_success 5883614
