pgmigrate_success 5894878
pgmigrate_fail 92922
thp_migration_success 10139
thp_migration_fail 1
thp_migration_split 0
thp_fault_alloc 74705
thp_fault_fallback 0
thp_fault_fallback_charge 0
thp_collapse_alloc 7699
thp_collapse_alloc_failed 49824
thp_file_alloc 79
thp_file_fallback 0
thp_file_fallback_charge 0
thp_file_mapped 0
thp_split_page 3006
thp_split_page_failed 693
thp_deferred_split_page 7825
thp_split_pmd 19395
thp_split_pud 0
thp_zero_page_alloc 0
thp_zero_page_alloc_failed 0
thp_swpout 0
thp_swpout_fallback 0
htmm_nr_promoted 4224694
htmm_nr_demoted 955504
htmm_nr_sampled 0
htmm_missed_dramread 3316
htmm_missed_nvmread 0
htmm_missed_write 0
htmm_alloc_dram 41137731
htmm_alloc_nvm 0
