hot 0 warm 0 cold 0
hot 207676 warm 0 cold 0
hot 207677 warm 0 cold 0
hot 207677 warm 0 cold 0
hot 207677 warm 0 cold 0
hot 250593 warm 0 cold 0
hot 259297 warm 0 cold 0
hot 378645 warm 0 cold 0
hot 641305 warm 0 cold 0
hot 901404 warm 0 cold 0
hot 1165600 warm 0 cold 0
hot 1430307 warm 0 cold 0
hot 1702691 warm 0 cold 0
hot 1967907 warm 0 cold 0
hot 247075 warm 1974272 cold 512
hot 520995 warm 1974272 cold 512
hot 689164 warm 0 cold 1541644
hot 988684 warm 0 cold 1541644
hot 1274147 warm 0 cold 1993740
hot 1506595 warm 0 cold 1993228
hot 1783075 warm 0 cold 1992204
hot 2027811 warm 0 cold 1991180
hot 2297635 warm 0 cold 1990156
hot 2557731 warm 0 cold 1989132
hot 2824483 warm 0 cold 1987596
hot 3074339 warm 0 cold 1987084
hot 236546 warm 0 cold 512
hot 3193635 warm 0 cold 2394354
hot 3441443 warm 0 cold 2394354
hot 3713315 warm 0 cold 2394354
hot 3982630 warm 0 cold 2394351
hot 4035961 warm 384512 cold 1975964
hot 242142 warm 1170944 cold 4983351
hot 242220 warm 1170944 cold 4983273
hot 242264 warm 1170944 cold 4983229
hot 242321 warm 1170944 cold 4983172
hot 242321 warm 1170944 cold 4983172
hot 242321 warm 1170944 cold 4983172
hot 242332 warm 1170944 cold 4983161
hot 242375 warm 1170944 cold 4983118
hot 242424 warm 1170944 cold 4983069
hot 242472 warm 1170944 cold 4983021
hot 242489 warm 1170944 cold 4983004
hot 242539 warm 1170944 cold 4982954
hot 242561 warm 1170944 cold 4982932
hot 242577 warm 1170944 cold 4982916
hot 242589 warm 1170944 cold 4982904
hot 242608 warm 1170944 cold 4982885
hot 242631 warm 1170944 cold 4982862
hot 242658 warm 1170944 cold 4982835
hot 242675 warm 1171456 cold 4982306
hot 242685 warm 1171456 cold 4982296
hot 242697 warm 1171456 cold 4982284
hot 242713 warm 1171456 cold 4982268
hot 242725 warm 1171456 cold 4982256
hot 242736 warm 1171968 cold 4981733
hot 242744 warm 1171968 cold 4981725
hot 242754 warm 1171968 cold 4981715
hot 242761 warm 1171968 cold 4981708
hot 242772 warm 1171968 cold 4981697
hot 242776 warm 1171968 cold 4981693
hot 242783 warm 1172480 cold 4981174
hot 242790 warm 1172480 cold 4981167
hot 242796 warm 0 cold 6153686
hot 242798 warm 0 cold 6153684
hot 242802 warm 1184256 cold 4969424
hot 242806 warm 1188864 cold 4964812
hot 242809 warm 1196032 cold 4957641
hot 242810 warm 1202688 cold 4950984
hot 242814 warm 1216000 cold 4937668
hot 242818 warm 1226240 cold 4927424
hot 242821 warm 1235456 cold 4918205
hot 242826 warm 1254400 cold 4899256
hot 242829 warm 1270272 cold 4883382
hot 242832 warm 1288704 cold 4864947
hot 242835 warm 1308672 cold 4844976
hot 242838 warm 1326592 cold 4827053
hot 242838 warm 1346560 cold 4807085
hot 242839 warm 1370624 cold 4783020
hot 242840 warm 1394176 cold 4759467
hot 242842 warm 1416192 cold 4737449
hot 242844 warm 1437184 cold 4716455
hot 242845 warm 1458176 cold 4695462
hot 242847 warm 1487360 cold 4666276
hot 242848 warm 1516032 cold 4637603
hot 242851 warm 1540608 cold 4613024
hot 242854 warm 1567744 cold 4585885
hot 243366 warm 1598976 cold 4554141
hot 243367 warm 1627648 cold 4525468
hot 243367 warm 1660928 cold 4492188
hot 243368 warm 1693696 cold 4459419
hot 243369 warm 1721856 cold 4431258
hot 243370 warm 1749504 cold 4403609
hot 243371 warm 1778688 cold 4374424
hot 243884 warm 1813504 cold 4339095
hot 243884 warm 1853440 cold 4299159
hot 243885 warm 1887744 cold 4264854
hot 243888 warm 1924608 cold 4227987
hot 243888 warm 1956864 cold 4195731
hot 243888 warm 1989632 cold 4162963
hot 243890 warm 2025472 cold 4127121
hot 243892 warm 2055680 cold 4096911
hot 243893 warm 2091008 cold 4061582
hot 244406 warm 2120704 cold 4031373
hot 244918 warm 2160128 cold 3991437
hot 245942 warm 2191872 cold 3958669
hot 245943 warm 2228736 cold 3921804
hot 246970 warm 2254848 cold 3894665
hot 247482 warm 2289152 cold 3859849
hot 247995 warm 2332160 cold 3816328
hot 247995 warm 2378240 cold 3770248
hot 247995 warm 2418688 cold 3729800
hot 249019 warm 2459648 cold 3687816
hot 249532 warm 2497024 cold 3649927
hot 250556 warm 2534912 cold 3611015
hot 251069 warm 2568704 cold 3576710
hot 252094 warm 2601472 cold 3542917
hot 253118 warm 2635776 cold 3507589
hot 254143 warm 2665984 cold 3476356
hot 255168 warm 2693120 cold 3448195
hot 256192 warm 2719744 cold 3420547
hot 256192 warm 2745344 cold 3394947
hot 256704 warm 2769408 cold 3370371
hot 256704 warm 2770944 cold 3368835
hot 256704 warm 2773504 cold 3366275
hot 242368 warm 30275 cold 6123395
hot 242368 warm 40515 cold 6113155
hot 242368 warm 48707 cold 6104963
hot 299779 warm 3308544 cold 2787715
hot 304900 warm 3341824 cold 2749314
hot 313092 warm 3376128 cold 2706818
hot 327940 warm 3409408 cold 2658690
hot 338692 warm 3443712 cold 2613634
hot 349956 warm 3471872 cold 2574210
hot 364805 warm 3499008 cold 2532225
hot 378117 warm 3529728 cold 2488193
hot 388357 warm 3557888 cold 2449793
hot 401157 warm 3586560 cold 2408321
hot 416517 warm 3606528 cold 2372993
hot 439046 warm 3627008 cold 2329984
hot 453382 warm 3655680 cold 2286976
hot 472838 warm 3673600 cold 2249600
hot 486662 warm 3701248 cold 2208128
hot 506118 warm 3718144 cold 2171776
hot 521478 warm 3741696 cold 2132864
hot 544006 warm 3759104 cold 2092928
hot 565510 warm 3773440 cold 2057088
hot 582408 warm 3785728 cold 2027902
hot 601352 warm 3807232 cold 1987454
hot 622344 warm 3824640 cold 1949054
hot 637192 warm 0 cold 5758846
hot 661256 warm 0 cold 5734782
hot 677129 warm 0 cold 5718909
hot 696073 warm 0 cold 5699965
hot 716553 warm 0 cold 5679485
hot 738569 warm 0 cold 5657469
