pgmigrate_success 18227090
pgmigrate_fail 61462
thp_migration_success 34334
thp_migration_fail 0
thp_migration_split 0
thp_fault_alloc 62059
thp_fault_fallback 0
thp_fault_fallback_charge 0
thp_collapse_alloc 6622
thp_collapse_alloc_failed 0
thp_file_alloc 64
thp_file_fallback 0
thp_file_fallback_charge 0
thp_file_mapped 0
thp_split_page 900
thp_split_page_failed 189
thp_deferred_split_page 5863
thp_split_pmd 17001
thp_split_pud 0
thp_zero_page_alloc 0
thp_zero_page_alloc_failed 0
thp_swpout 0
thp_swpout_fallback 0
htmm_nr_promoted 13830765
htmm_nr_demoted 3769554
htmm_nr_sampled 0
htmm_missed_dramread 1086
htmm_missed_nvmread 0
htmm_missed_write 0
htmm_alloc_dram 34245731
htmm_alloc_nvm 0
