pgmigrate_success 85141822
pgmigrate_success 85232962
pgmigrate_success 85349369
pgmigrate_success 85349385
pgmigrate_success 85349392
pgmigrate_success 85392260
pgmigrate_success 85401112
pgmigrate_success 85423688
pgmigrate_success 85607499
pgmigrate_success 85825102
pgmigrate_success 85825133
pgmigrate_success 85825133
pgmigrate_success 85825133
pgmigrate_success 85825133
pgmigrate_success 85825145
pgmigrate_success 85825145
pgmigrate_success 85825145
pgmigrate_success 85825145
pgmigrate_success 86131322
pgmigrate_success 86701722
pgmigrate_success 86701725
pgmigrate_success 86701725
pgmigrate_success 86701725
pgmigrate_success 86701725
pgmigrate_success 86701725
pgmigrate_success 86701725
pgmigrate_success 86701725
pgmigrate_success 86988960
pgmigrate_success 87154338
pgmigrate_success 87154338
pgmigrate_success 87154338
pgmigrate_success 87154338
pgmigrate_success 87154338
pgmigrate_success 87252419
pgmigrate_success 87280653
pgmigrate_success 87280717
pgmigrate_success 87280775
pgmigrate_success 87280819
pgmigrate_success 87280856
pgmigrate_success 87280897
pgmigrate_success 87280906
pgmigrate_success 87280906
pgmigrate_success 87280906
pgmigrate_success 87280921
pgmigrate_success 87280947
pgmigrate_success 87280951
pgmigrate_success 87280963
pgmigrate_success 87280982
pgmigrate_success 87280993
pgmigrate_success 87281000
pgmigrate_success 87281008
pgmigrate_success 87281019
pgmigrate_success 87281037
pgmigrate_success 87281052
pgmigrate_success 87281059
pgmigrate_success 87281063
pgmigrate_success 87281067
pgmigrate_success 87281069
pgmigrate_success 87281076
pgmigrate_success 87281080
pgmigrate_success 87281082
pgmigrate_success 87281086
pgmigrate_success 87281087
pgmigrate_success 87281089
pgmigrate_success 87281501
pgmigrate_success 87281505
pgmigrate_success 87281506
pgmigrate_success 87281508
pgmigrate_success 87281510
pgmigrate_success 87281513
pgmigrate_success 87281513
pgmigrate_success 87281514
pgmigrate_success 87281514
pgmigrate_success 87281514
pgmigrate_success 87281515
pgmigrate_success 87281515
pgmigrate_success 87281516
pgmigrate_success 87281517
pgmigrate_success 87281517
pgmigrate_success 87281518
pgmigrate_success 87281518
pgmigrate_success 87281518
pgmigrate_success 87281520
pgmigrate_success 87281520
pgmigrate_success 87281522
pgmigrate_success 87281523
pgmigrate_success 87281523
pgmigrate_success 87281523
pgmigrate_success 87281523
pgmigrate_success 87281524
pgmigrate_success 87281525
pgmigrate_success 87281526
pgmigrate_success 87281526
pgmigrate_success 87281526
pgmigrate_success 87281526
pgmigrate_success 87281527
pgmigrate_success 87281527
pgmigrate_success 87281527
pgmigrate_success 87281527
pgmigrate_success 87281528
pgmigrate_success 87281528
pgmigrate_success 87282042
pgmigrate_success 87282555
pgmigrate_success 87282555
pgmigrate_success 87283068
pgmigrate_success 87283068
pgmigrate_success 87283068
pgmigrate_success 87283068
pgmigrate_success 87283068
pgmigrate_success 87283068
pgmigrate_success 87284093
pgmigrate_success 87284093
pgmigrate_success 87284093
pgmigrate_success 87284605
pgmigrate_success 87285118
pgmigrate_success 87285118
pgmigrate_success 87286143
pgmigrate_success 87287167
pgmigrate_success 87287167
pgmigrate_success 87287167
pgmigrate_success 87287679
pgmigrate_success 87288191
pgmigrate_success 87289215
pgmigrate_success 87289215
pgmigrate_success 87289215
pgmigrate_success 87289215
pgmigrate_success 87334783
pgmigrate_success 87336768
pgmigrate_success 87336768
pgmigrate_success 87336768
pgmigrate_success 87336768
pgmigrate_success 87336768
pgmigrate_success 87337280
pgmigrate_success 87337280
pgmigrate_success 87337280
pgmigrate_success 87337280
pgmigrate_success 87337280
pgmigrate_success 87337280
pgmigrate_success 87337280
pgmigrate_success 87337280
pgmigrate_success 87337280
pgmigrate_success 87337280
pgmigrate_success 87337280
pgmigrate_success 87337280
pgmigrate_success 87337280
pgmigrate_success 87344960
pgmigrate_success 87392065
pgmigrate_success 87441217
pgmigrate_success 87486785
pgmigrate_success 87489857
pgmigrate_success 87521601
pgmigrate_success 87557953
pgmigrate_success 87593281
pgmigrate_success 87634241
pgmigrate_success 87664961
pgmigrate_success 87720769
