pgmigrate_success 25151509
pgmigrate_fail 81872
thp_migration_success 47322
thp_migration_fail 9
thp_migration_split 0
thp_fault_alloc 62069
thp_fault_fallback 0
thp_fault_fallback_charge 0
thp_collapse_alloc 3660
thp_collapse_alloc_failed 5154
thp_file_alloc 64
thp_file_fallback 0
thp_file_fallback_charge 0
thp_file_mapped 0
thp_split_page 1890
thp_split_page_failed 436
thp_deferred_split_page 3075
thp_split_pmd 3784
thp_split_pud 0
thp_zero_page_alloc 0
thp_zero_page_alloc_failed 0
thp_swpout 0
thp_swpout_fallback 0
htmm_nr_promoted 18341428
htmm_nr_demoted 6029434
htmm_nr_sampled 0
htmm_missed_dramread 2218
htmm_missed_nvmread 0
htmm_missed_write 0
htmm_alloc_dram 34494724
htmm_alloc_nvm 0
