pgmigrate_success 13677059
pgmigrate_success 13677063
pgmigrate_success 13677063
pgmigrate_success 13677063
pgmigrate_success 13677063
pgmigrate_success 13677063
pgmigrate_success 13677063
pgmigrate_success 13677063
pgmigrate_success 13677063
pgmigrate_success 13677063
pgmigrate_success 13677063
pgmigrate_success 13677063
pgmigrate_success 13677063
pgmigrate_success 13677063
pgmigrate_success 13677063
pgmigrate_success 13677063
pgmigrate_success 13677063
pgmigrate_success 13677063
pgmigrate_success 13677063
pgmigrate_success 13677063
pgmigrate_success 13677063
pgmigrate_success 13677063
pgmigrate_success 13677063
pgmigrate_success 13692474
pgmigrate_success 13692474
pgmigrate_success 13692474
pgmigrate_success 13692474
pgmigrate_success 13692474
pgmigrate_success 13692474
pgmigrate_success 13692474
pgmigrate_success 13692474
pgmigrate_success 13692474
pgmigrate_success 13692474
pgmigrate_success 13692474
pgmigrate_success 13692474
pgmigrate_success 13692474
pgmigrate_success 13692474
pgmigrate_success 13692474
pgmigrate_success 13692474
pgmigrate_success 13692474
pgmigrate_success 13692474
pgmigrate_success 13692474
pgmigrate_success 13692474
pgmigrate_success 13692474
pgmigrate_success 13692474
pgmigrate_success 13851869
pgmigrate_success 13852435
pgmigrate_success 13852489
pgmigrate_success 13852543
pgmigrate_success 13852555
pgmigrate_success 13852557
pgmigrate_success 13856210
pgmigrate_success 13951199
pgmigrate_success 14166562
pgmigrate_success 14179926
pgmigrate_success 14278262
pgmigrate_success 14303862
pgmigrate_success 14303862
pgmigrate_success 14303862
pgmigrate_success 14303862
pgmigrate_success 14303862
pgmigrate_success 14317174
pgmigrate_success 14357169
pgmigrate_success 14357735
pgmigrate_success 14362393
pgmigrate_success 14416666
pgmigrate_success 14416666
pgmigrate_success 14416666
pgmigrate_success 14417178
pgmigrate_success 14417178
pgmigrate_success 14443291
pgmigrate_success 14443803
pgmigrate_success 14443803
pgmigrate_success 14460733
pgmigrate_success 14502206
pgmigrate_success 14502206
pgmigrate_success 14502206
pgmigrate_success 14502320
pgmigrate_success 14502320
pgmigrate_success 14524336
pgmigrate_success 14541769
pgmigrate_success 14542296
pgmigrate_success 14559475
pgmigrate_success 14604020
pgmigrate_success 14604545
pgmigrate_success 14604545
pgmigrate_success 14604545
pgmigrate_success 14604545
pgmigrate_success 14627585
pgmigrate_success 14627585
pgmigrate_success 14628633
pgmigrate_success 14689565
pgmigrate_success 14689565
pgmigrate_success 14689565
pgmigrate_success 14689565
pgmigrate_success 14689565
pgmigrate_success 14712605
pgmigrate_success 14712605
pgmigrate_success 14713117
pgmigrate_success 14745907
pgmigrate_success 14774067
pgmigrate_success 14774579
pgmigrate_success 14774579
pgmigrate_success 14774579
pgmigrate_success 14774579
pgmigrate_success 14797621
pgmigrate_success 14797621
pgmigrate_success 14797621
pgmigrate_success 14857536
pgmigrate_success 14857590
pgmigrate_success 14857590
pgmigrate_success 14872438
pgmigrate_success 14879606
pgmigrate_success 14906231
pgmigrate_success 14906231
pgmigrate_success 14906231
pgmigrate_success 14921105
pgmigrate_success 14988689
pgmigrate_success 14988689
pgmigrate_success 14988689
pgmigrate_success 14988689
pgmigrate_success 14988689
pgmigrate_success 15017361
pgmigrate_success 15017361
pgmigrate_success 15017361
pgmigrate_success 15083444
pgmigrate_success 15098804
pgmigrate_success 15099316
pgmigrate_success 15099316
pgmigrate_success 15099316
pgmigrate_success 15099316
pgmigrate_success 15127991
pgmigrate_success 15128106
