pgmigrate_success 13677059
pgmigrate_fail 91331
thp_migration_success 23895
thp_migration_fail 0
thp_migration_split 0
thp_fault_alloc 93696
thp_fault_fallback 158
thp_fault_fallback_charge 0
thp_collapse_alloc 35426
thp_collapse_alloc_failed 33923
thp_file_alloc 99
thp_file_fallback 0
thp_file_fallback_charge 0
thp_file_mapped 0
thp_split_page 2119
thp_split_page_failed 191
thp_deferred_split_page 33305
thp_split_pmd 106567
thp_split_pud 0
thp_zero_page_alloc 1
thp_zero_page_alloc_failed 0
thp_swpout 0
thp_swpout_fallback 0
htmm_nr_promoted 10480774
htmm_nr_demoted 1689372
htmm_nr_sampled 0
htmm_missed_dramread 2090
htmm_missed_nvmread 0
htmm_missed_write 0
htmm_alloc_dram 54084052
htmm_alloc_nvm 0
