pgmigrate_success 27477130
pgmigrate_success 27477134
pgmigrate_success 27477134
pgmigrate_success 27477134
pgmigrate_success 27477134
pgmigrate_success 27477134
pgmigrate_success 27477134
pgmigrate_success 27477134
pgmigrate_success 27477134
pgmigrate_success 27477134
pgmigrate_success 27477134
pgmigrate_success 27477134
pgmigrate_success 27477134
pgmigrate_success 27477134
pgmigrate_success 27477134
pgmigrate_success 27477134
pgmigrate_success 27477134
pgmigrate_success 27477134
pgmigrate_success 27477134
pgmigrate_success 27477134
pgmigrate_success 27477134
pgmigrate_success 27477134
pgmigrate_success 27477134
pgmigrate_success 27477134
pgmigrate_success 27492037
pgmigrate_success 27492037
pgmigrate_success 27492037
pgmigrate_success 27492037
pgmigrate_success 27492037
pgmigrate_success 27492037
pgmigrate_success 27492037
pgmigrate_success 27492037
pgmigrate_success 27492037
pgmigrate_success 27492037
pgmigrate_success 27492037
pgmigrate_success 27492037
pgmigrate_success 27492037
pgmigrate_success 27492037
pgmigrate_success 27492037
pgmigrate_success 27492037
pgmigrate_success 27492037
pgmigrate_success 27492037
pgmigrate_success 27492037
pgmigrate_success 27492037
pgmigrate_success 27492037
pgmigrate_success 27492037
pgmigrate_success 27492037
pgmigrate_success 27492037
pgmigrate_success 27727337
pgmigrate_success 27905001
pgmigrate_success 27905513
pgmigrate_success 27905513
pgmigrate_success 27905513
pgmigrate_success 27905513
pgmigrate_success 27928617
pgmigrate_success 28172841
pgmigrate_success 28413125
pgmigrate_success 28490457
pgmigrate_success 28579742
pgmigrate_success 28704475
pgmigrate_success 28734724
pgmigrate_success 28765497
pgmigrate_success 28871614
pgmigrate_success 28989430
pgmigrate_success 29053622
pgmigrate_success 29121213
pgmigrate_success 29279579
pgmigrate_success 29284837
pgmigrate_success 29293093
pgmigrate_success 29397594
pgmigrate_success 29399135
pgmigrate_success 29495912
pgmigrate_success 29620475
pgmigrate_success 29632375
pgmigrate_success 29649914
pgmigrate_success 29743129
pgmigrate_success 29746208
pgmigrate_success 29902370
pgmigrate_success 29948533
pgmigrate_success 29975303
pgmigrate_success 30000537
pgmigrate_success 30075618
pgmigrate_success 30080241
pgmigrate_success 30256887
pgmigrate_success 30303074
pgmigrate_success 30318573
pgmigrate_success 30333488
pgmigrate_success 30394438
pgmigrate_success 30394438
pgmigrate_success 30497361
pgmigrate_success 30612635
pgmigrate_success 30623940
pgmigrate_success 30624452
pgmigrate_success 30683396
pgmigrate_success 30683396
pgmigrate_success 30703884
pgmigrate_success 30885669
pgmigrate_success 30885669
pgmigrate_success 30885669
pgmigrate_success 30996350
pgmigrate_success 31075244
pgmigrate_success 31103410
pgmigrate_success 31291347
pgmigrate_success 31309872
pgmigrate_success 31312959
pgmigrate_success 31341768
pgmigrate_success 31420131
pgmigrate_success 31441677
pgmigrate_success 31491345
pgmigrate_success 31654261
pgmigrate_success 31672821
pgmigrate_success 31689280
pgmigrate_success 31748178
pgmigrate_success 31770254
