pgmigrate_success 59826055
pgmigrate_success 59826058
pgmigrate_success 59826058
pgmigrate_success 59826058
pgmigrate_success 59826058
pgmigrate_success 59826058
pgmigrate_success 59826058
pgmigrate_success 59826058
pgmigrate_success 59826058
pgmigrate_success 59826058
pgmigrate_success 59826058
pgmigrate_success 59826058
pgmigrate_success 59826058
pgmigrate_success 59826058
pgmigrate_success 59826058
pgmigrate_success 59826058
pgmigrate_success 59826058
pgmigrate_success 59826058
pgmigrate_success 59826058
pgmigrate_success 59826058
pgmigrate_success 59826058
pgmigrate_success 59826058
pgmigrate_success 59826058
pgmigrate_success 59840957
pgmigrate_success 59840957
pgmigrate_success 59840957
pgmigrate_success 59840957
pgmigrate_success 59840957
pgmigrate_success 59840957
pgmigrate_success 59840957
pgmigrate_success 59840957
pgmigrate_success 59840957
pgmigrate_success 59840957
pgmigrate_success 59840957
pgmigrate_success 59840957
pgmigrate_success 59840957
pgmigrate_success 59840957
pgmigrate_success 59840957
pgmigrate_success 59840957
pgmigrate_success 59840957
pgmigrate_success 59840957
pgmigrate_success 59840957
pgmigrate_success 59840957
pgmigrate_success 59840957
pgmigrate_success 59840957
pgmigrate_success 59840957
pgmigrate_success 60063202
pgmigrate_success 60259789
pgmigrate_success 60259789
pgmigrate_success 60259789
pgmigrate_success 60259789
pgmigrate_success 60259789
pgmigrate_success 60259789
pgmigrate_success 60392973
pgmigrate_success 60691473
pgmigrate_success 60819485
pgmigrate_success 60865128
pgmigrate_success 61035138
pgmigrate_success 61055114
pgmigrate_success 61077131
pgmigrate_success 61119123
pgmigrate_success 61303573
pgmigrate_success 61312277
pgmigrate_success 61349191
pgmigrate_success 61539224
pgmigrate_success 61544894
pgmigrate_success 61552089
pgmigrate_success 61629952
pgmigrate_success 61630464
pgmigrate_success 61706254
pgmigrate_success 61846096
pgmigrate_success 61862551
pgmigrate_success 61875408
pgmigrate_success 61927647
pgmigrate_success 61954784
pgmigrate_success 61968122
pgmigrate_success 62138627
pgmigrate_success 62188869
pgmigrate_success 62213498
pgmigrate_success 62280359
pgmigrate_success 62312151
pgmigrate_success 62316771
pgmigrate_success 62510860
pgmigrate_success 62534953
pgmigrate_success 62544733
pgmigrate_success 62617465
pgmigrate_success 62617465
pgmigrate_success 62623112
pgmigrate_success 62804367
pgmigrate_success 62845921
pgmigrate_success 62855181
pgmigrate_success 62889508
pgmigrate_success 62922285
pgmigrate_success 62922797
pgmigrate_success 63022651
pgmigrate_success 63139948
pgmigrate_success 63155881
pgmigrate_success 63167687
pgmigrate_success 63227088
pgmigrate_success 63228112
pgmigrate_success 63258837
pgmigrate_success 63441216
pgmigrate_success 63448384
pgmigrate_success 63473986
pgmigrate_success 63541061
pgmigrate_success 63558981
pgmigrate_success 63567687
pgmigrate_success 63747409
pgmigrate_success 63787426
pgmigrate_success 63799238
pgmigrate_success 63840869
pgmigrate_success 63873127
