anon 0
anon_thp 0
anon 270999552
anon_thp 268435456
anon 542765056
anon_thp 536870912
anon 819589120
anon_thp 813694976
anon 1096413184
anon_thp 1090519040
anon 1373237248
anon_thp 1367343104
anon 1652158464
anon_thp 1646264320
anon 1926885376
anon_thp 1920991232
anon 2193223680
anon_thp 2187329536
anon 2465853440
anon_thp 2459959296
anon 2742677504
anon_thp 2736783360
anon 3017404416
anon_thp 3011510272
anon 3292131328
anon_thp 3286237184
anon 3568955392
anon_thp 3563061248
anon 3845779456
anon_thp 3839885312
anon 4128894976
anon_thp 4123000832
anon 4407816192
anon_thp 4401922048
anon 4682543104
anon_thp 4676648960
anon 4963561472
anon_thp 4957667328
anon 5236191232
anon_thp 5230297088
anon 5517209600
anon_thp 5511315456
anon 5787742208
anon_thp 5781848064
anon 6060371968
anon_thp 6054477824
anon 6333001728
anon_thp 6327107584
anon 6859427840
anon_thp 6851395584
anon 6859427840
anon_thp 6851395584
anon 7103229952
anon_thp 7094665216
anon 7375859712
anon_thp 7367294976
anon 7648489472
anon_thp 7639924736
anon 7925313536
anon_thp 7916748800
anon 8202137600
anon_thp 8193572864
anon 8470573056
anon_thp 8462008320
anon 8751591424
anon_thp 8743026688
anon 9036804096
anon_thp 9028239360
anon 9309433856
anon_thp 9300869120
anon 9584160768
anon_thp 9575596032
anon 9860984832
anon_thp 9852420096
anon 10131517440
anon_thp 10122952704
anon 10410438656
anon_thp 10401873920
anon 10680971264
anon_thp 10672406528
anon 10947309568
anon_thp 10938744832
anon 11215745024
anon_thp 11207180288
anon 11494666240
anon_thp 11486101504
anon 11765198848
anon_thp 11756634112
anon 12029440000
anon_thp 12020875264
anon 12293681152
anon_thp 12285116416
anon 12557922304
anon_thp 12549357568
anon 13268754432
anon_thp 13258194944
anon 13947932672
anon_thp 13929283584
anon 13975195648
anon_thp 13956546560
anon 13989875712
anon_thp 13971226624
anon 14004555776
anon_thp 13985906688
anon 14019235840
anon_thp 14000586752
anon 14031818752
anon_thp 14013169664
anon 14040207360
anon_thp 14021558272
anon 14042304512
anon_thp 14023655424
anon 14044401664
anon_thp 14025752576
anon 14044401664
anon_thp 14025752576
anon 13912281088
anon_thp 13893632000
anon 13966807040
anon_thp 13948157952
anon 13983584256
anon_thp 13964935168
anon 13998264320
anon_thp 13979615232
anon 14010847232
anon_thp 13992198144
anon 14025527296
anon_thp 14006878208
anon 14038110208
anon_thp 14019461120
anon 14044401664
anon_thp 14025752576
anon 14044401664
anon_thp 14025752576
anon 14044401664
anon_thp 14025752576
anon 13924864000
anon_thp 13906214912
anon 13983584256
anon_thp 13964935168
anon 14006652928
anon_thp 13988003840
anon 14021332992
anon_thp 14002683904
anon 14038110208
anon_thp 14019461120
anon 14044401664
anon_thp 14025752576
anon 14044401664
anon_thp 14025752576
anon 13798084608
anon_thp 13782482944
anon 13939544064
anon_thp 13920894976
anon 13989875712
anon_thp 13971226624
anon 14010847232
anon_thp 13992198144
anon 14023430144
anon_thp 14004781056
anon 14038110208
anon_thp 14019461120
anon 14044401664
anon_thp 14025752576
anon 14044401664
anon_thp 14025752576
anon 13798084608
anon_thp 13782482944
anon 13945835520
anon_thp 13927186432
anon 13979389952
anon_thp 13960740864
anon 14012944384
anon_thp 13994295296
anon 14031818752
anon_thp 14013169664
anon 14044401664
anon_thp 14025752576
anon 14044401664
anon_thp 14025752576
anon 14044401664
anon_thp 14025752576
anon 13918572544
anon_thp 13899923456
anon 13983584256
anon_thp 13964935168
anon 14006652928
anon_thp 13988003840
anon 14025527296
anon_thp 14006878208
anon 14042304512
anon_thp 14023655424
anon 14044401664
anon_thp 14025752576
anon 14044401664
anon_thp 14025752576
anon 13491867648
anon_thp 13478395904
anon 13941641216
anon_thp 13922992128
anon 13996167168
anon_thp 13977518080
anon 14019235840
anon_thp 14000586752
anon 14036013056
anon_thp 14017363968
anon 14044401664
anon_thp 14025752576
anon 14044401664
anon_thp 14025752576
anon 13798084608
anon_thp 13782482944
anon 13929058304
anon_thp 13910409216
anon 13989875712
anon_thp 13971226624
anon 14019235840
anon_thp 14000586752
anon 14033915904
anon_thp 14015266816
anon 14044401664
anon_thp 14025752576
anon 14044401664
anon_thp 14025752576
anon 14045356032
anon_thp 14029946880
anon 13936304128
anon_thp 13922992128
anon 13978247168
anon_thp 13964935168
anon 14001315840
anon_thp 13988003840
anon 14022287360
anon_thp 14008975360
anon 14041161728
anon_thp 14027849728
anon 14045356032
anon_thp 14032044032
anon 14045356032
anon_thp 14032044032
anon 13804244992
anon_thp 13792968704
anon 13934206976
anon_thp 13918797824
anon 13990830080
anon_thp 13975420928
anon 14013898752
anon_thp 13998489600
anon 14028578816
anon_thp 14013169664
anon 14045356032
anon_thp 14029946880
anon 14045356032
anon_thp 14029946880
anon 14045356032
anon_thp 14029946880
