pgmigrate_success 2441160
pgmigrate_fail 12176
thp_migration_success 3733
thp_migration_fail 0
thp_migration_split 0
thp_fault_alloc 13683
thp_fault_fallback 0
thp_fault_fallback_charge 0
thp_collapse_alloc 678
thp_collapse_alloc_failed 0
thp_file_alloc 11
thp_file_fallback 0
thp_file_fallback_charge 0
thp_file_mapped 0
thp_split_page 2
thp_split_page_failed 0
thp_deferred_split_page 373
thp_split_pmd 1375
thp_split_pud 0
thp_zero_page_alloc 0
thp_zero_page_alloc_failed 0
thp_swpout 0
thp_swpout_fallback 0
htmm_nr_promoted 1214008
htmm_nr_demoted 581596
htmm_nr_sampled 0
htmm_missed_dramread 0
htmm_missed_nvmread 0
htmm_missed_write 0
htmm_alloc_dram 8292398
htmm_alloc_nvm 0
