hot 0 warm 0 cold 0
hot 1 warm 0 cold 0
hot 1 warm 0 cold 0
hot 1 warm 0 cold 0
hot 1 warm 0 cold 0
hot 1 warm 0 cold 0
hot 1 warm 0 cold 0
hot 1 warm 0 cold 0
hot 1 warm 0 cold 0
hot 1 warm 0 cold 0
hot 1 warm 0 cold 0
hot 1 warm 0 cold 0
hot 1 warm 0 cold 0
hot 1 warm 0 cold 0
hot 1 warm 0 cold 0
hot 1 warm 0 cold 0
hot 1 warm 0 cold 0
hot 1 warm 0 cold 0
hot 1 warm 0 cold 0
hot 1 warm 0 cold 0
hot 1 warm 0 cold 0
hot 1 warm 0 cold 0
hot 1 warm 0 cold 0
hot 1 warm 0 cold 0
hot 14850 warm 0 cold 64
hot 14850 warm 0 cold 64
hot 14850 warm 0 cold 64
hot 14850 warm 0 cold 64
hot 14850 warm 0 cold 64
hot 14850 warm 0 cold 64
hot 14850 warm 0 cold 64
hot 14850 warm 0 cold 64
hot 14850 warm 0 cold 64
hot 14850 warm 0 cold 64
hot 14850 warm 0 cold 64
hot 14850 warm 0 cold 64
hot 14850 warm 0 cold 64
hot 14850 warm 0 cold 64
hot 14850 warm 0 cold 64
hot 14850 warm 0 cold 64
hot 14850 warm 0 cold 64
hot 14850 warm 0 cold 64
hot 14850 warm 0 cold 64
hot 14850 warm 0 cold 64
hot 14850 warm 0 cold 64
hot 14850 warm 0 cold 64
hot 14850 warm 0 cold 64
hot 1744506 warm 0 cold 0
hot 1781370 warm 0 cold 0
hot 1784954 warm 0 cold 0
hot 1789050 warm 0 cold 0
hot 1792635 warm 0 cold 0
hot 632815 warm 816216 cold 351284
hot 885810 warm 0 cold 923721
hot 1055467 warm 0 cold 809641
hot 599843 warm 588800 cold 685681
hot 682302 warm 0 cold 1193558
hot 471360 warm 635904 cold 506137
hot 618816 warm 638464 cold 502041
hot 634689 warm 637440 cold 500504
hot 644929 warm 642048 cold 494872
hot 655169 warm 641536 cold 488216
hot 705860 warm 642560 cold 443157
hot 767305 warm 0 cold 1035024
hot 910952 warm 0 cold 944905
hot 1007215 warm 0 cold 861442
hot 445271 warm 605976 cold 817410
hot 142365 warm 631576 cold 791809
hot 349727 warm 639256 cold 783103
hot 362015 warm 653592 cold 767231
hot 365600 warm 671512 cold 747774
hot 414247 warm 711448 cold 668407
hot 484167 warm 762136 cold 566511
hot 560464 warm 805144 cold 495846
hot 587088 warm 853272 cold 422630
hot 296508 warm 848152 cold 413412
hot 481340 warm 848664 cold 412900
hot 513596 warm 853784 cold 404708
hot 528956 warm 852248 cold 400100
hot 540735 warm 844568 cold 398561
hot 552512 warm 842520 cold 392416
hot 575325 warm 797976 cold 372443
hot 725856 warm 0 cold 1129456
hot 783205 warm 0 cold 1075691
hot 505388 warm 0 cold 1047529
hot 689708 warm 0 cold 1047529
hot 699437 warm 0 cold 1047016
hot 721454 warm 0 cold 1042919
hot 755758 warm 0 cold 1023463
hot 794672 warm 0 cold 991717
hot 868917 warm 0 cold 928736
hot 1012050 warm 0 cold 844251
hot 419706 warm 681949 cold 759254
hot 363667 warm 710621 cold 728533
hot 303680 warm 711133 cold 728021
hot 330816 warm 723421 cold 715221
hot 336448 warm 734685 cold 703957
hot 341059 warm 737245 cold 699858
hot 356936 warm 766429 cold 664013
hot 420710 warm 791005 cold 622535
hot 438120 warm 811485 cold 594885
hot 443242 warm 852445 cold 552899
hot 151123 warm 860125 cold 545218
hot 347731 warm 861149 cold 544194
hot 368723 warm 869341 cold 533954
hot 376916 warm 875997 cold 523713
hot 381525 warm 883677 cold 516032
hot 400983 warm 899549 cold 492478
hot 387212 warm 37888 cold 2644785
hot 409806 warm 142848 cold 2866481
hot 412879 warm 179200 cold 2828592
hot 460693 warm 958464 cold 1867567
hot 486805 warm 957952 cold 1867567
hot 508309 warm 960000 cold 1863471
hot 518037 warm 960000 cold 1856303
hot 541591 warm 950272 cold 1849645
hot 608152 warm 901632 cold 1839916
hot 727218 warm 853504 cold 1821482
hot 870578 warm 0 cold 2546474
hot 970420 warm 0 cold 2446632
hot 667513 warm 0 cold 2441512
hot 855929 warm 0 cold 2440488
hot 871801 warm 0 cold 2438440
hot 876921 warm 0 cold 2437416
hot 892281 warm 0 cold 2431784
hot 929145 warm 0 cold 2404648
hot 350073 warm 625664 cold 2368296
hot 405649 warm 685568 cold 2304808
hot 423058 warm 0 cold 2986791
hot 423570 warm 0 cold 2986279
hot 424594 warm 775680 cold 2209575
hot 300376 warm 775680 cold 2209574
hot 324440 warm 779776 cold 2205478
hot 335704 warm 785920 cold 2199334
hot 340312 warm 788480 cold 2196774
hot 343896 warm 793088 cold 2192166
hot 355162 warm 810496 cold 2171172
hot 387419 warm 828928 cold 2136355
hot 448115 warm 860160 cold 2095907
hot 453747 warm 0 cold 2952483
hot 466549 warm 0 cold 2942241
