pgmigrate_success 30410698
pgmigrate_success 30410703
pgmigrate_success 30410703
pgmigrate_success 30410703
pgmigrate_success 30410703
pgmigrate_success 30410703
pgmigrate_success 30410703
pgmigrate_success 30410703
pgmigrate_success 30410703
pgmigrate_success 30410703
pgmigrate_success 30410703
pgmigrate_success 30410703
pgmigrate_success 30410703
pgmigrate_success 30410703
pgmigrate_success 30410703
pgmigrate_success 30410703
pgmigrate_success 30410703
pgmigrate_success 30410703
pgmigrate_success 30410703
pgmigrate_success 30410703
pgmigrate_success 30410703
pgmigrate_success 30410703
pgmigrate_success 30410703
pgmigrate_success 30410703
pgmigrate_success 30425601
pgmigrate_success 30425601
pgmigrate_success 30425601
pgmigrate_success 30425601
pgmigrate_success 30425601
pgmigrate_success 30425601
pgmigrate_success 30425601
pgmigrate_success 30425601
pgmigrate_success 30425601
pgmigrate_success 30425601
pgmigrate_success 30425601
pgmigrate_success 30425601
pgmigrate_success 30425601
pgmigrate_success 30425601
pgmigrate_success 30425601
pgmigrate_success 30425601
pgmigrate_success 30425601
pgmigrate_success 30425601
pgmigrate_success 30425601
pgmigrate_success 30425601
pgmigrate_success 30425601
pgmigrate_success 30425601
pgmigrate_success 30425601
pgmigrate_success 30662135
pgmigrate_success 31067459
pgmigrate_success 31067459
pgmigrate_success 31067459
pgmigrate_success 31067459
pgmigrate_success 31067459
pgmigrate_success 31067459
pgmigrate_success 31067459
pgmigrate_success 31067459
pgmigrate_success 31067459
pgmigrate_success 31067459
pgmigrate_success 31067459
pgmigrate_success 31067459
pgmigrate_success 31067459
pgmigrate_success 31067459
pgmigrate_success 31160842
pgmigrate_success 31409208
pgmigrate_success 31538589
pgmigrate_success 32069069
pgmigrate_success 32069069
pgmigrate_success 32069069
pgmigrate_success 32196575
pgmigrate_success 32196575
pgmigrate_success 32196575
pgmigrate_success 32196575
pgmigrate_success 32196575
pgmigrate_success 32231424
pgmigrate_success 32379917
pgmigrate_success 32528400
pgmigrate_success 32540177
pgmigrate_success 32540177
pgmigrate_success 32594994
pgmigrate_success 32595506
pgmigrate_success 32596192
pgmigrate_success 32596192
pgmigrate_success 32596192
pgmigrate_success 32596192
pgmigrate_success 32613088
pgmigrate_success 32613600
pgmigrate_success 32648441
pgmigrate_success 32711981
pgmigrate_success 32711981
pgmigrate_success 32711981
pgmigrate_success 32711981
pgmigrate_success 32711981
pgmigrate_success 32711981
pgmigrate_success 32714029
pgmigrate_success 32937279
pgmigrate_success 33000297
pgmigrate_success 33022838
pgmigrate_success 33108854
pgmigrate_success 33108854
pgmigrate_success 33108854
pgmigrate_success 33109366
pgmigrate_success 33146743
pgmigrate_success 33147255
pgmigrate_success 33168783
pgmigrate_success 33251728
pgmigrate_success 33251728
pgmigrate_success 33251728
pgmigrate_success 33251728
pgmigrate_success 33289121
pgmigrate_success 33289633
pgmigrate_success 33315249
pgmigrate_success 33392561
pgmigrate_success 33393179
pgmigrate_success 33393691
pgmigrate_success 33393691
pgmigrate_success 33427487
pgmigrate_success 33467938
pgmigrate_success 33602620
pgmigrate_success 33741378
pgmigrate_success 33741378
pgmigrate_success 33741378
pgmigrate_success 33741378
pgmigrate_success 33741378
pgmigrate_success 33741378
pgmigrate_success 33768517
pgmigrate_success 33778245
pgmigrate_success 33778245
pgmigrate_success 33778245
pgmigrate_success 33782364
pgmigrate_success 33805920
pgmigrate_success 33805920
pgmigrate_success 33805920
pgmigrate_success 33805920
pgmigrate_success 33805920
pgmigrate_success 33805920
pgmigrate_success 33814624
pgmigrate_success 33815136
pgmigrate_success 33815136
