anon 978944
anon_thp 0
anon 213520384
anon_thp 6291456
anon 542035968
anon_thp 6291456
anon 877137920
anon_thp 6291456
anon 1198374912
anon_thp 6291456
anon 1515106304
anon_thp 6291456
anon 1839816704
anon_thp 6291456
anon 2167869440
anon_thp 6291456
anon 2490818560
anon_thp 6291456
anon 2822017024
anon_thp 6291456
anon 3144339456
anon_thp 6291456
anon 3471183872
anon_thp 6291456
anon 3798700032
anon_thp 6291456
anon 4127281152
anon_thp 6291456
anon 4456562688
anon_thp 6291456
anon 4786110464
anon_thp 6291456
anon 5108383744
anon_thp 6291456
anon 5430558720
anon_thp 6291456
anon 5572943872
anon_thp 6291456
anon 5573193728
anon_thp 6291456
anon 5574889472
anon_thp 6291456
anon 5575077888
anon_thp 6291456
anon 5576425472
anon_thp 6291456
anon 5576531968
anon_thp 6291456
anon 5577392128
anon_thp 6291456
anon 5577527296
anon_thp 6291456
anon 5578354688
anon_thp 6291456
anon 5578440704
anon_thp 6291456
anon 5578743808
anon_thp 6291456
anon 134742016
anon_thp 6291456
anon 600674304
anon_thp 6291456
anon 952770560
anon_thp 6291456
anon 1125134336
anon_thp 10485760
anon 1296609280
anon_thp 10485760
anon 167763968
anon_thp 71303168
anon 574177280
anon_thp 71303168
anon 981983232
anon_thp 71303168
anon 1396207616
anon_thp 71303168
anon 1973436416
anon_thp 274726912
anon 3232956416
anon_thp 274726912
anon 4575531008
anon_thp 274726912
anon 5910151168
anon_thp 274726912
anon 6756225024
anon_thp 71303168
anon 6997835776
anon_thp 274726912
anon 6759993344
anon_thp 6291456
anon 7043448832
anon_thp 274726912
anon 7047557120
anon_thp 274726912
anon 7056797696
anon_thp 274726912
anon 7057264640
anon_thp 274726912
anon 6869700608
anon_thp 71303168
anon 7071256576
anon_thp 274726912
anon 6876774400
anon_thp 71303168
anon 7078264832
anon_thp 274726912
anon 4111523840
anon_thp 6291456
anon 1285054464
anon_thp 140509184
anon 1762803712
anon_thp 274726912
anon 2286747648
anon_thp 274726912
anon 2791137280
anon_thp 274726912
anon 3293761536
anon_thp 274726912
anon 3806162944
anon_thp 274726912
anon 4307361792
anon_thp 274726912
anon 4814884864
anon_thp 274726912
anon 5014286336
anon_thp 6291456
anon 5627670528
anon_thp 293601280
anon 5627678720
anon_thp 293601280
anon 5646737408
anon_thp 283115520
anon 5646741504
anon_thp 283115520
anon 5631401984
anon_thp 245366784
anon 5671247872
anon_thp 283115520
anon 5410762752
anon_thp 16777216
anon 5685747712
anon_thp 283115520
anon 5417664512
anon_thp 16777216
anon 5711290368
anon_thp 299892736
anon 5426073600
anon_thp 16777216
anon 702447616
anon_thp 73400320
anon 2222862336
anon_thp 142606336
anon 3652059136
anon_thp 142606336
anon 5075177472
anon_thp 142606336
anon 6506819584
anon_thp 144703488
anon 7726649344
anon_thp 31457280
anon 7958700032
anon_thp 159383552
anon 7822663680
anon_thp 25165824
anon 8003928064
anon_thp 174063616
anon 8003952640
anon_thp 174063616
anon 8029814784
anon_thp 184549376
anon 8029814784
anon_thp 184549376
anon 8054030336
anon_thp 199229440
anon 8054042624
anon_thp 199229440
anon 8061878272
anon_thp 199229440
anon 8061890560
anon_thp 199229440
anon 1203355648
anon_thp 46137344
anon 3054026752
anon_thp 6291456
anon 5104300032
anon_thp 6291456
anon 5105664000
anon_thp 6291456
anon 5106569216
anon_thp 6291456
anon 1263992832
anon_thp 6291456
anon 4762816512
anon_thp 6291456
anon 8090009600
anon_thp 6291456
anon 9272946688
anon_thp 6291456
anon 9506455552
anon_thp 150994944
anon 9397465088
anon_thp 31457280
anon 9710252032
anon_thp 333447168
anon 9411661824
anon_thp 31457280
anon 9719119872
anon_thp 333447168
anon 9432834048
anon_thp 44040192
anon 9740238848
anon_thp 346030080
anon 9565536256
anon_thp 167772160
anon 8528637952
anon_thp 31457280
anon 195710976
anon_thp 6291456
anon 1607487488
anon_thp 6291456
anon 2992451584
anon_thp 6291456
anon 4361904128
anon_thp 6291456
anon 5744570368
anon_thp 6291456
anon 7093219328
anon_thp 6291456
anon 8442777600
anon_thp 71303168
anon 9649537024
anon_thp 12582912
anon 9758380032
anon_thp 77594624
anon 9702039552
anon_thp 10485760
anon 9776984064
anon_thp 75497472
anon 9722863616
anon_thp 10485760
anon 9727672320
anon_thp 10485760
anon 9798844416
anon_thp 75497472
anon 9736994816
anon_thp 12582912
anon 9767055360
anon_thp 37748736
anon 206483456
anon_thp 10485760
anon 996462592
anon_thp 6291456
anon 4416671744
anon_thp 255852544
anon 8493445120
anon_thp 4326424576
anon 8629825536
anon_thp 4460642304
anon 8728211456
anon_thp 4462739456
anon 10103775232
anon_thp 4462739456
anon 11242450944
anon_thp 4462739456
anon 11739987968
anon_thp 4462739456
anon 13096087552
anon_thp 4460642304
anon 14647746560
anon_thp 4462739456
anon 16466358272
anon_thp 4462739456
anon 17928409088
anon_thp 4328521728
anon 14080610304
anon_thp 67108864
anon 16578674688
anon_thp 2929721344
anon 18131853312
anon_thp 4481613824
anon 18131853312
anon_thp 4481613824
anon 18146136064
anon_thp 4479516672
anon 18148798464
anon_thp 4481613824
anon 18149265408
anon_thp 4481613824
anon 13613801472
anon_thp 25165824
anon 14970699776
anon_thp 1314914304
anon 18142621696
anon_thp 4485808128
anon 18142638080
anon_thp 4485808128
anon 18158788608
anon_thp 4485808128
anon 18159681536
anon_thp 4485808128
anon 18160451584
anon_thp 4485808128
anon 18160959488
anon_thp 4485808128
anon 13760114688
anon_thp 56623104
anon 14852231168
anon_thp 1134559232
anon 18231853056
anon_thp 4513071104
anon 18231889920
anon_thp 4513071104
anon 18248597504
anon_thp 4513071104
anon 18251255808
anon_thp 4515168256
anon 18251755520
anon_thp 4515168256
anon 18190352384
anon_thp 4452253696
anon 13982838784
anon_thp 220200960
anon 17114480640
anon_thp 3435134976
anon 18191564800
anon_thp 4510973952
anon 18193657856
anon_thp 4513071104
anon 18208264192
anon_thp 4510973952
anon 18210861056
anon_thp 4513071104
anon 18211000320
anon_thp 4513071104
anon 14114623488
anon_thp 117440512
anon 16048562176
anon_thp 2336227328
anon 18228641792
anon_thp 4515168256
anon 18230747136
anon_thp 4517265408
anon 18247766016
anon_thp 4517265408
anon 18248220672
anon_thp 4517265408
anon 18248470528
anon_thp 4517265408
anon 12993150976
anon_thp 88080384
anon 1180528640
anon_thp 37748736
anon 1674924032
anon_thp 140509184
anon 2476380160
anon_thp 140509184
anon 3257008128
anon_thp 140509184
anon 3841728512
anon_thp 140509184
anon 5735735296
anon_thp 140509184
anon 7748800512
anon_thp 140509184
anon 9752289280
anon_thp 140509184
anon 10114412544
anon_thp 140509184
anon 10307616768
anon_thp 138412032
anon 10347642880
anon_thp 140509184
anon 10333749248
anon_thp 6291456
anon 10461380608
anon_thp 140509184
anon 10466140160
anon_thp 140509184
anon 10478469120
anon_thp 140509184
anon 10408730624
anon_thp 6291456
anon 10530811904
anon_thp 140509184
anon 10531385344
anon_thp 140509184
anon 10536206336
anon_thp 140509184
anon 10409230336
anon_thp 6291456
anon 10506027008
anon_thp 102760448
anon 10543779840
anon_thp 140509184
anon 10566352896
anon_thp 140509184
anon 10641018880
anon_thp 140509184
anon 10591449088
anon_thp 140509184
anon 10591449088
anon_thp 140509184
anon 10597462016
anon_thp 140509184
anon 10629791744
anon_thp 140509184
anon 10523533312
anon_thp 6291456
anon 3599273984
anon_thp 6291456
anon 705662976
anon_thp 6291456
anon 1195499520
anon_thp 12582912
anon 44081152
anon_thp 6291456
anon 3025084416
anon_thp 6291456
anon 5534609408
anon_thp 71303168
anon 5926170624
anon_thp 6291456
anon 5936402432
anon_thp 6291456
anon 6004781056
anon_thp 71303168
anon 5938032640
anon_thp 6291456
anon 5938958336
anon_thp 6291456
anon 6007062528
anon_thp 71303168
anon 5940285440
anon_thp 6291456
anon 5781442560
anon_thp 6291456
anon 614879232
anon_thp 274726912
anon 1425604608
anon_thp 274726912
anon 2274455552
anon_thp 274726912
anon 3143331840
anon_thp 274726912
anon 3919790080
anon_thp 274726912
anon 4394561536
anon_thp 274726912
anon 5254508544
anon_thp 274726912
anon 6121123840
anon_thp 274726912
anon 6998937600
anon_thp 274726912
anon 7674372096
anon_thp 356515840
anon 7701692416
anon_thp 356515840
anon 7734702080
anon_thp 346030080
anon 7966060544
anon_thp 348127232
anon 8129552384
anon_thp 348127232
anon 8283054080
anon_thp 348127232
anon 8550268928
anon_thp 348127232
anon 8634470400
anon_thp 373293056
anon 8427151360
anon_thp 249561088
anon 8533073920
anon_thp 354418688
anon 8534974464
anon_thp 354418688
anon 8535965696
anon_thp 354418688
anon 8535965696
anon_thp 354418688
anon 8537055232
anon_thp 354418688
anon 8583974912
anon_thp 354418688
anon 8692133888
anon_thp 379584512
anon 8695504896
anon_thp 379584512
anon 8618332160
anon_thp 367001600
anon 8618434560
anon_thp 367001600
anon 8619884544
anon_thp 367001600
anon 8619970560
anon_thp 367001600
anon 8645885952
anon_thp 367001600
anon 8759353344
anon_thp 379584512
anon 8494538752
anon_thp 111149056
anon 8764456960
anon_thp 379584512
anon 8764465152
anon_thp 379584512
anon 8764461056
anon_thp 379584512
anon 8765128704
anon_thp 379584512
anon 8791162880
anon_thp 379584512
anon 8805953536
anon_thp 379584512
anon 8806301696
anon_thp 379584512
anon 8806301696
anon_thp 379584512
anon 8806305792
anon_thp 379584512
anon 8806338560
anon_thp 379584512
anon 8806604800
anon_thp 379584512
anon 8812134400
anon_thp 379584512
anon 2779308032
anon_thp 85983232
anon 1788018688
anon_thp 543162368
anon 4102336512
anon_thp 543162368
anon 7158018048
anon_thp 543162368
anon 7765594112
anon_thp 543162368
anon 7496810496
anon_thp 253755392
anon 7786381312
anon_thp 541065216
anon 7802519552
anon_thp 543162368
anon 7263891456
anon_thp 6291456
anon 7820746752
anon_thp 543162368
anon 7843282944
anon_thp 543162368
anon 7844978688
anon_thp 543162368
anon 67420160
anon_thp 6291456
anon 3398520832
anon_thp 6291456
anon 6761717760
anon_thp 6291456
anon 7421952000
anon_thp 18874368
anon 7489314816
anon_thp 18874368
anon 7497093120
anon_thp 18874368
anon 7523024896
anon_thp 20971520
anon 7527723008
anon_thp 20971520
anon 2948304896
anon_thp 20971520
anon 910041088
anon_thp 73400320
anon 1958481920
anon_thp 6291456
anon 2275663872
anon_thp 73400320
anon 2476257280
anon_thp 6291456
anon 2598572032
anon_thp 73400320
anon 2646163456
anon_thp 73400320
anon 2620432384
anon_thp 6291456
anon 2706919424
anon_thp 73400320
anon 2672979968
anon_thp 6291456
anon 2741542912
anon_thp 73400320
anon 1995862016
anon_thp 6291456
anon 2126233600
anon_thp 6291456
anon 5567385600
anon_thp 6291456
anon 5624913920
anon_thp 6291456
anon 5656743936
anon_thp 20971520
anon 5682802688
anon_thp 20971520
anon 5687263232
anon_thp 20971520
anon 5707460608
anon_thp 33554432
anon 5712883712
anon_thp 33554432
anon 5714341888
anon_thp 33554432
anon 5717295104
anon_thp 33554432
anon 1316589568
anon_thp 6291456
anon 3532951552
anon_thp 6291456
anon 5713674240
anon_thp 6291456
anon 7802585088
anon_thp 6291456
anon 8832249856
anon_thp 216006656
anon 8865816576
anon_thp 216006656
anon 8890576896
anon_thp 216006656
anon 9116262400
anon_thp 434110464
anon 8896237568
anon_thp 165675008
anon 8954949632
anon_thp 165675008
anon 9164869632
anon_thp 165675008
anon 10360922112
anon_thp 180355072
anon 10696773632
anon_thp 364904448
anon 10717958144
anon_thp 364904448
anon 10530738176
anon_thp 289406976
anon 10314780672
anon_thp 195035136
anon 10318962688
anon_thp 195035136
anon 10564050944
anon_thp 195035136
anon 11216568320
anon_thp 283115520
anon 11238060032
anon_thp 283115520
anon 11255361536
anon_thp 283115520
anon 10991198208
anon_thp 463470592
anon 10724134912
anon_thp 195035136
anon 10730926080
anon_thp 195035136
anon 11209637888
anon_thp 195035136
anon 11430244352
anon_thp 318767104
anon 11444940800
anon_thp 318767104
anon 11213934592
anon_thp 224395264
anon 11082715136
anon_thp 195035136
anon 11083837440
anon_thp 195035136
anon 11187683328
anon_thp 195035136
anon 11463385088
anon_thp 266338304
anon 11475628032
anon_thp 266338304
anon 11485499392
anon_thp 266338304
anon 11306774528
anon_thp 195035136
anon 11306844160
anon_thp 195035136
anon 11295330304
anon_thp 195035136
anon 11717849088
anon_thp 272629760
anon 11734028288
anon_thp 272629760
anon 11745714176
anon_thp 272629760
anon 11551178752
anon_thp 195035136
anon 8045056000
anon_thp 106954752
anon 28909568
anon_thp 6291456
anon 3182804992
anon_thp 6291456
anon 6522658816
anon_thp 6291456
anon 8567771136
anon_thp 6291456
anon 8572018688
anon_thp 6291456
anon 8574328832
anon_thp 6291456
anon 8576434176
anon_thp 6291456
anon 8578396160
anon_thp 6291456
anon 4622872576
anon_thp 6291456
anon 884809728
anon_thp 6291456
anon 3793616896
anon_thp 20971520
anon 7236341760
anon_thp 20971520
anon 8186650624
anon_thp 37748736
anon 8199143424
anon_thp 20971520
anon 8254009344
anon_thp 20971520
anon 8319152128
anon_thp 41943040
anon 8334143488
anon_thp 41943040
anon 8375013376
anon_thp 60817408
anon 8406671360
anon_thp 77594624
anon 8002756608
anon_thp 46137344
anon 435765248
anon_thp 6291456
anon 3700355072
anon_thp 6291456
anon 6563180544
anon_thp 272629760
anon 7812386816
anon_thp 276824064
anon 7947173888
anon_thp 274726912
anon 7949332480
anon_thp 276824064
anon 8019697664
anon_thp 276824064
anon 8033325056
anon_thp 276824064
anon 8461033472
anon_thp 681574400
anon 7813386240
anon_thp 10485760
anon 8120324096
anon_thp 283115520
anon 8360194048
anon_thp 281018368
anon 8360218624
anon_thp 281018368
anon 8378671104
anon_thp 295698432
anon 8380547072
anon_thp 295698432
anon 8790577152
anon_thp 698351616
anon 8129286144
anon_thp 29360128
anon 8472301568
anon_thp 297795584
anon 8562487296
anon_thp 297795584
anon 8562491392
anon_thp 297795584
anon 8572035072
anon_thp 297795584
anon 8572039168
anon_thp 297795584
anon 8713277440
anon_thp 440401920
anon 8313962496
anon_thp 31457280
anon 8589344768
anon_thp 299892736
anon 8674086912
anon_thp 299892736
anon 8674115584
anon_thp 299892736
anon 8689078272
anon_thp 293601280
anon 8698454016
anon_thp 299892736
anon 8699387904
anon_thp 299892736
anon 8424095744
anon_thp 33554432
anon 8693043200
anon_thp 301989888
anon 8784146432
anon_thp 304087040
anon 8786247680
anon_thp 306184192
anon 8659423232
anon_thp 174063616
anon 8796082176
anon_thp 306184192
anon 8797081600
anon_thp 306184192
anon 8548249600
anon_thp 54525952
anon 8814596096
anon_thp 320864256
anon 8750342144
anon_thp 190840832
anon 8895692800
anon_thp 322961408
anon 8895696896
anon_thp 322961408
anon 8907653120
anon_thp 322961408
anon 8907653120
anon_thp 322961408
anon 9310547968
anon_thp 727711744
anon 1202540544
anon_thp 12582912
anon 653778944
anon_thp 6291456
anon 1100918784
anon_thp 6291456
anon 1197465600
anon_thp 6291456
anon 1284251648
anon_thp 6291456
anon 1340346368
anon_thp 6291456
anon 1340755968
anon_thp 6291456
anon 1396068352
anon_thp 6291456
anon 1445163008
anon_thp 6291456
