anon 917504
anon_thp 0
anon 210182144
anon_thp 6291456
anon 534429696
anon_thp 6291456
anon 872906752
anon_thp 6291456
anon 1197690880
anon_thp 6291456
anon 1521786880
anon_thp 6291456
anon 1849847808
anon_thp 6291456
anon 2177777664
anon_thp 6291456
anon 2499854336
anon_thp 6291456
anon 2823094272
anon_thp 6291456
anon 3147087872
anon_thp 6291456
anon 3475156992
anon_thp 6291456
anon 3801026560
anon_thp 6291456
anon 4126068736
anon_thp 6291456
anon 4454473728
anon_thp 6291456
anon 4782272512
anon_thp 6291456
anon 5104295936
anon_thp 6291456
anon 5428789248
anon_thp 6291456
anon 5572595712
anon_thp 6291456
anon 5572894720
anon_thp 6291456
anon 5574995968
anon_thp 6291456
anon 5575303168
anon_thp 6291456
anon 5576531968
anon_thp 6291456
anon 5576667136
anon_thp 6291456
anon 5577814016
anon_thp 6291456
anon 5578498048
anon_thp 6291456
anon 5578694656
anon_thp 6291456
anon 2468089856
anon_thp 6291456
anon 412925952
anon_thp 6291456
anon 768274432
anon_thp 6291456
anon 1142607872
anon_thp 6291456
anon 1335693312
anon_thp 6291456
anon 1408352256
anon_thp 18874368
anon 49246208
anon_thp 6291456
anon 528109568
anon_thp 71303168
anon 932835328
anon_thp 71303168
anon 1332408320
anon_thp 71303168
anon 1836101632
anon_thp 274726912
anon 3054399488
anon_thp 274726912
anon 4400934912
anon_thp 274726912
anon 5744304128
anon_thp 274726912
anon 6757609472
anon_thp 71303168
anon 6999900160
anon_thp 272629760
anon 7015931904
anon_thp 274726912
anon 7030083584
anon_thp 274726912
anon 7031189504
anon_thp 274726912
anon 6843797504
anon_thp 71303168
anon 7045578752
anon_thp 274726912
anon 6852079616
anon_thp 71303168
anon 7053557760
anon_thp 274726912
anon 6857879552
anon_thp 71303168
anon 7061594112
anon_thp 274726912
anon 6715617280
anon_thp 6291456
anon 938053632
anon_thp 6291456
anon 1640488960
anon_thp 272629760
anon 2146656256
anon_thp 274726912
anon 2643898368
anon_thp 274726912
anon 3127320576
anon_thp 274726912
anon 3609874432
anon_thp 274726912
anon 4105236480
anon_thp 274726912
anon 4600602624
anon_thp 274726912
anon 5095620608
anon_thp 274726912
anon 5505523712
anon_thp 161480704
anon 5639938048
anon_thp 293601280
anon 5497942016
anon_thp 146800640
anon 5690802176
anon_thp 295698432
anon 5690798080
anon_thp 295698432
anon 5723127808
anon_thp 295698432
anon 5723131904
anon_thp 295698432
anon 5751132160
anon_thp 295698432
anon 5751226368
anon_thp 295698432
anon 5498716160
anon_thp 35651584
anon 5774725120
anon_thp 295698432
anon 5774725120
anon_thp 295698432
anon 438116352
anon_thp 6291456
anon 2154536960
anon_thp 155189248
anon 3599286272
anon_thp 157286400
anon 4948148224
anon_thp 157286400
anon 6331805696
anon_thp 157286400
anon 7733567488
anon_thp 157286400
anon 7964762112
anon_thp 171966464
anon 7964835840
anon_thp 171966464
anon 8014495744
anon_thp 186646528
anon 8014569472
anon_thp 186646528
anon 8031510528
anon_thp 197132288
anon 8031686656
anon_thp 197132288
anon 8050466816
anon_thp 211812352
anon 8050499584
anon_thp 211812352
anon 8071086080
anon_thp 226492416
anon 8071168000
anon_thp 226492416
anon 4368199680
anon_thp 46137344
anon 2005909504
anon_thp 6291456
anon 5104021504
anon_thp 6291456
anon 5105172480
anon_thp 6291456
anon 5106184192
anon_thp 6291456
anon 66301952
anon_thp 6291456
anon 3482419200
anon_thp 6291456
anon 6862864384
anon_thp 6291456
anon 8803848192
anon_thp 306184192
anon 9308352512
anon_thp 18874368
anon 9656336384
anon_thp 299892736
anon 9681612800
anon_thp 320864256
anon 9403047936
anon_thp 31457280
anon 9417109504
anon_thp 31457280
anon 9603244032
anon_thp 211812352
anon 9423949824
anon_thp 31457280
anon 9737998336
anon_thp 333447168
anon 9437368320
anon_thp 31457280
anon 9726849024
anon_thp 318767104
anon 8959008768
anon_thp 31457280
anon 239300608
anon_thp 18874368
anon 1168257024
anon_thp 6291456
anon 2559934464
anon_thp 6291456
anon 3930083328
anon_thp 6291456
anon 5317877760
anon_thp 6291456
anon 6673485824
anon_thp 6291456
anon 8005505024
anon_thp 6291456
anon 9649098752
anon_thp 25165824
anon 9682006016
anon_thp 10485760
anon 9711149056
anon_thp 12582912
anon 9781723136
anon_thp 79691776
anon 9718247424
anon_thp 12582912
anon 9791520768
anon_thp 79691776
anon 9740185600
anon_thp 14680064
anon 9744461824
anon_thp 14680064
anon 9783558144
anon_thp 50331648
anon 7027478528
anon_thp 16777216
anon 1422123008
anon_thp 8388608
anon 3482116096
anon_thp 8388608
anon 5564424192
anon_thp 1392508928
anon 8561942528
anon_thp 4389339136
anon 8643158016
anon_thp 4469030912
anon 8709988352
anon_thp 4469030912
anon 10607546368
anon_thp 4469030912
anon 12640702464
anon_thp 4469030912
anon 14588813312
anon_thp 4475322368
anon 16556253184
anon_thp 4475322368
anon 13634916352
anon_thp 46137344
anon 13914529792
anon_thp 268435456
anon 16118632448
anon_thp 2472542208
anon 18126925824
anon_thp 4479516672
anon 18126966784
anon_thp 4479516672
anon 18145607680
anon_thp 4481613824
anon 18144075776
anon_thp 4479516672
anon 18144227328
anon_thp 4479516672
anon 18144579584
anon_thp 4479516672
anon 18147004416
anon_thp 4481613824
anon 13908127744
anon_thp 52428800
anon 15509688320
anon_thp 1809842176
anon 18180595712
anon_thp 4479516672
anon 18180628480
anon_thp 4479516672
anon 18196615168
anon_thp 4479516672
anon 18197024768
anon_thp 4479516672
anon 18197221376
anon_thp 4479516672
anon 18197372928
anon_thp 4479516672
anon 18197602304
anon_thp 4479516672
anon 18197782528
anon_thp 4479516672
anon 13768151040
anon_thp 50331648
anon 13935947776
anon_thp 213909504
anon 17406730240
anon_thp 3684696064
anon 18231984128
anon_thp 4508876800
anon 18231984128
anon_thp 4508876800
anon 18248306688
anon_thp 4508876800
anon 18248929280
anon_thp 4508876800
anon 18249150464
anon_thp 4508876800
anon 18249535488
anon_thp 4508876800
anon 18247716864
anon_thp 4506779648
anon 14118584320
anon_thp 83886080
anon 16060870656
anon_thp 2298478592
anon 18243047424
anon_thp 4479516672
anon 18243047424
anon_thp 4479516672
anon 18260180992
anon_thp 4479516672
anon 18260676608
anon_thp 4479516672
anon 18260951040
anon_thp 4479516672
anon 13877792768
anon_thp 50331648
anon 15448584192
anon_thp 1707081728
anon 18226352128
anon_thp 4483710976
anon 18226384896
anon_thp 4483710976
anon 18242760704
anon_thp 4483710976
anon 18243522560
anon_thp 4483710976
anon 18243862528
anon_thp 4483710976
anon 18244259840
anon_thp 4483710976
anon 11594665984
anon_thp 54525952
anon 3888668672
anon_thp 37748736
anon 1491550208
anon_thp 159383552
anon 2275770368
anon_thp 159383552
anon 3068493824
anon_thp 159383552
anon 3833962496
anon_thp 159383552
anon 5108547584
anon_thp 159383552
anon 7103504384
anon_thp 159383552
anon 9108090880
anon_thp 159383552
anon 9983721472
anon_thp 27262976
anon 10257928192
anon_thp 125829120
anon 10330775552
anon_thp 161480704
anon 10434404352
anon_thp 161480704
anon 10438189056
anon_thp 161480704
anon 10439790592
anon_thp 161480704
anon 10451857408
anon_thp 161480704
anon 10530074624
anon_thp 161480704
anon 10524155904
anon_thp 161480704
anon 10491428864
anon_thp 27262976
anon 10501328896
anon_thp 27262976
anon 10569547776
anon_thp 27262976
anon 10709319680
anon_thp 161480704
anon 10709565440
anon_thp 161480704
anon 10709598208
anon_thp 161480704
anon 10716794880
anon_thp 165675008
anon 10715492352
anon_thp 165675008
anon 10715885568
anon_thp 165675008
anon 10725720064
anon_thp 165675008
anon 10788806656
anon_thp 165675008
anon 10734411776
anon_thp 31457280
anon 5872414720
anon_thp 31457280
anon 382918656
anon_thp 6291456
anon 1249714176
anon_thp 6291456
anon 1343877120
anon_thp 6291456
anon 2246000640
anon_thp 6291456
anon 5334708224
anon_thp 35651584
anon 5965053952
anon_thp 6291456
anon 6049964032
anon_thp 73400320
anon 5983576064
anon_thp 6291456
anon 5985079296
anon_thp 6291456
anon 6053003264
anon_thp 73400320
anon 5986226176
anon_thp 6291456
anon 5986705408
anon_thp 6291456
anon 6054072320
anon_thp 73400320
anon 146968576
anon_thp 6291456
anon 1141354496
anon_thp 274726912
anon 1948844032
anon_thp 274726912
anon 2801917952
anon_thp 274726912
anon 3667816448
anon_thp 274726912
anon 4543946752
anon_thp 274726912
anon 5414715392
anon_thp 274726912
anon 6283468800
anon_thp 274726912
anon 7146348544
anon_thp 274726912
anon 7732301824
anon_thp 343932928
anon 7760650240
anon_thp 343932928
anon 7817228288
anon_thp 343932928
anon 8058658816
anon_thp 343932928
anon 8218697728
anon_thp 343932928
anon 8356634624
anon_thp 343932928
anon 8616726528
anon_thp 343932928
anon 8673185792
anon_thp 364904448
anon 8610504704
anon_thp 343932928
anon 8613146624
anon_thp 343932928
anon 8616140800
anon_thp 343932928
anon 8617766912
anon_thp 343932928
anon 8640929792
anon_thp 343932928
anon 8745414656
anon_thp 364904448
anon 8417071104
anon_thp 75497472
anon 8686587904
anon_thp 343932928
anon 8688291840
anon_thp 343932928
anon 8689946624
anon_thp 343932928
anon 8707067904
anon_thp 343932928
anon 8872820736
anon_thp 362807296
anon 8876240896
anon_thp 362807296
anon 8790953984
anon_thp 341835776
anon 8793276416
anon_thp 343932928
anon 8793423872
anon_thp 343932928
anon 8793493504
anon_thp 343932928
anon 8889286656
anon_thp 354418688
anon 8893067264
anon_thp 354418688
anon 8860426240
anon_thp 348127232
anon 8860434432
anon_thp 348127232
anon 8860430336
anon_thp 348127232
anon 8860598272
anon_thp 348127232
anon 8890716160
anon_thp 348127232
anon 8917229568
anon_thp 356515840
anon 5195390976
anon_thp 69206016
anon 1586712576
anon_thp 262144000
anon 3400925184
anon_thp 543162368
anon 6538424320
anon_thp 543162368
anon 7861248000
anon_thp 541065216
anon 7866642432
anon_thp 543162368
anon 7888883712
anon_thp 543162368
anon 7925784576
anon_thp 543162368
anon 7927398400
anon_thp 543162368
anon 7943139328
anon_thp 543162368
anon 7513157632
anon_thp 109051904
anon 7946764288
anon_thp 541065216
anon 2408280064
anon_thp 6291456
anon 2415443968
anon_thp 6291456
anon 5866590208
anon_thp 6291456
anon 7374434304
anon_thp 18874368
anon 7521988608
anon_thp 20971520
anon 7538921472
anon_thp 20971520
anon 7551254528
anon_thp 20971520
anon 7559856128
anon_thp 20971520
anon 5835210752
anon_thp 18874368
anon 572837888
anon_thp 73400320
anon 1897201664
anon_thp 6291456
anon 2310369280
anon_thp 73400320
anon 2494570496
anon_thp 6291456
anon 2621341696
anon_thp 73400320
anon 2643005440
anon_thp 6291456
anon 2750099456
anon_thp 73400320
anon 2739118080
anon_thp 6291456
anon 2813595648
anon_thp 73400320
anon 2768973824
anon_thp 6291456
anon 2781589504
anon_thp 6291456
anon 255021056
anon_thp 6291456
anon 3217297408
anon_thp 6291456
anon 4075024384
anon_thp 6291456
anon 5692825600
anon_thp 20971520
anon 5716451328
anon_thp 20971520
anon 5748125696
anon_thp 20971520
anon 5752807424
anon_thp 20971520
anon 5774311424
anon_thp 35651584
anon 5777305600
anon_thp 35651584
anon 5796990976
anon_thp 35651584
anon 5802582016
anon_thp 35651584
anon 5821493248
anon_thp 35651584
anon 5823549440
anon_thp 35651584
anon 3452649472
anon_thp 35651584
anon 1811202048
anon_thp 20971520
anon 3986182144
anon_thp 20971520
anon 6161276928
anon_thp 20971520
anon 8284241920
anon_thp 20971520
anon 8901849088
anon_thp 197132288
anon 8926732288
anon_thp 197132288
anon 9024094208
anon_thp 320864256
anon 9068814336
anon_thp 346030080
anon 8819515392
anon_thp 77594624
anon 8942862336
anon_thp 77594624
anon 9558515712
anon_thp 77594624
anon 10659954688
anon_thp 293601280
anon 10660429824
anon_thp 293601280
anon 10683232256
anon_thp 293601280
anon 10482610176
anon_thp 387973120
anon 10043191296
anon_thp 104857600
anon 10054000640
anon_thp 104857600
anon 10291568640
anon_thp 104857600
anon 10842816512
anon_thp 264241152
anon 10865954816
anon_thp 264241152
anon 10879815680
anon_thp 264241152
anon 10256830464
anon_thp 119537664
anon 10258808832
anon_thp 119537664
anon 10297507840
anon_thp 119537664
anon 11035615232
anon_thp 264241152
anon 11058233344
anon_thp 264241152
anon 11076001792
anon_thp 264241152
anon 11106996224
anon_thp 440401920
anon 10538745856
anon_thp 144703488
anon 10538741760
anon_thp 144703488
anon 10875912192
anon_thp 144703488
anon 11297140736
anon_thp 247463936
anon 11314909184
anon_thp 247463936
anon 11301142528
anon_thp 247463936
anon 10894196736
anon_thp 144703488
anon 10894196736
anon_thp 144703488
anon 11005730816
anon_thp 144703488
anon 11468283904
anon_thp 247463936
anon 11485024256
anon_thp 247463936
anon 11496648704
anon_thp 247463936
anon 11157995520
anon_thp 159383552
anon 7119065088
anon_thp 100663296
anon 167825408
anon_thp 6291456
anon 3647799296
anon_thp 6291456
anon 7133790208
anon_thp 6291456
anon 8628486144
anon_thp 6291456
anon 8632750080
anon_thp 6291456
anon 8635113472
anon_thp 6291456
anon 8637882368
anon_thp 6291456
anon 8640040960
anon_thp 6291456
anon 2762600448
anon_thp 6291456
anon 1022586880
anon_thp 6291456
anon 4162940928
anon_thp 6291456
anon 7279726592
anon_thp 6291456
anon 8243912704
anon_thp 20971520
anon 8271101952
anon_thp 20971520
anon 8329318400
anon_thp 35651584
anon 8392450048
anon_thp 58720256
anon 8407388160
anon_thp 58720256
anon 8437886976
anon_thp 71303168
anon 8467656704
anon_thp 79691776
anon 7121928192
anon_thp 79691776
anon 801738752
anon_thp 20971520
anon 4056571904
anon_thp 20971520
anon 6651785216
anon_thp 287309824
anon 7960100864
anon_thp 289406976
anon 8063279104
anon_thp 285212672
anon 8065449984
anon_thp 287309824
anon 8152895488
anon_thp 287309824
anon 8167354368
anon_thp 287309824
anon 8606838784
anon_thp 692060160
anon 7962349568
anon_thp 20971520
anon 8275267584
anon_thp 289406976
anon 8528732160
anon_thp 289406976
anon 8530853888
anon_thp 291504128
anon 8544559104
anon_thp 291504128
anon 8544559104
anon_thp 291504128
anon 8550236160
anon_thp 291504128
anon 8282394624
anon_thp 25165824
anon 8551763968
anon_thp 293601280
anon 8637345792
anon_thp 293601280
anon 8639442944
anon_thp 295698432
anon 8505298944
anon_thp 163577856
anon 8650293248
anon_thp 295698432
anon 8650317824
anon_thp 295698432
anon 8390541312
anon_thp 29360128
anon 8659030016
anon_thp 297795584
anon 8708870144
anon_thp 297795584
anon 8748343296
anon_thp 295698432
anon 8748351488
anon_thp 295698432
anon 8774991872
anon_thp 312475648
anon 8775024640
anon_thp 312475648
anon 8491929600
anon_thp 29360128
anon 8760373248
anon_thp 297795584
anon 8675115008
anon_thp 165675008
anon 8832339968
anon_thp 297795584
anon 8832335872
anon_thp 297795584
anon 8842362880
anon_thp 297795584
anon 8842358784
anon_thp 297795584
anon 9245028352
anon_thp 702545920
anon 8777371648
anon_thp 234881024
anon 8865542144
anon_thp 299892736
anon 8888524800
anon_thp 297795584
anon 8888528896
anon_thp 297795584
anon 8888524800
anon_thp 297795584
anon 8888594432
anon_thp 297795584
anon 8502513664
anon_thp 29360128
anon 132927488
anon_thp 20971520
anon 893820928
anon_thp 20971520
anon 1321783296
anon_thp 20971520
anon 1337671680
anon_thp 20971520
anon 1402728448
anon_thp 20971520
anon 1502433280
anon_thp 54525952
anon 1517731840
anon_thp 20971520
anon 1593774080
anon_thp 20971520
