hot 9 warm 62 cold 0
hot 32 warm 63 cold 106
hot 50 warm 63 cold 62
hot 63 warm 62 cold 18
hot 71 warm 62 cold 0
hot 74 warm 62 cold 0
hot 85 warm 62 cold 0
hot 94 warm 62 cold 0
hot 100 warm 62 cold 0
hot 103 warm 62 cold 0
hot 109 warm 62 cold 0
hot 115 warm 62 cold 0
hot 122 warm 62 cold 0
hot 124 warm 62 cold 0
hot 124 warm 62 cold 0
hot 129 warm 62 cold 0
hot 132 warm 62 cold 0
hot 136 warm 62 cold 0
hot 196 warm 62 cold 0
hot 222 warm 62 cold 0
hot 255 warm 62 cold 1
hot 270 warm 62 cold 1
hot 317 warm 62 cold 1
hot 349 warm 62 cold 1
hot 368 warm 62 cold 1
hot 380 warm 62 cold 2
hot 457 warm 0 cold 0
hot 227 warm 0 cold 0
hot 369 warm 106 cold 0
hot 13760 warm 0 cold 0
hot 17852 warm 0 cold 0
hot 31045 warm 0 cold 0
hot 24999 warm 0 cold 0
hot 17099 warm 0 cold 0
hot 17960 warm 0 cold 0
hot 18634 warm 0 cold 0
hot 3315 warm 0 cold 0
hot 69055 warm 0 cold 0
hot 69219 warm 0 cold 0
hot 69374 warm 0 cold 0
hot 69593 warm 0 cold 0
hot 72277 warm 0 cold 0
hot 72659 warm 0 cold 0
hot 9388 warm 0 cold 0
hot 75283 warm 0 cold 0
hot 28002 warm 0 cold 0
hot 78505 warm 0 cold 0
hot 30127 warm 0 cold 0
hot 81198 warm 0 cold 0
hot 32627 warm 0 cold 0
hot 83569 warm 0 cold 0
hot 19265 warm 0 cold 0
hot 906 warm 0 cold 0
hot 70983 warm 0 cold 0
hot 71662 warm 0 cold 0
hot 72031 warm 0 cold 0
hot 72281 warm 0 cold 0
hot 72514 warm 0 cold 0
hot 72697 warm 0 cold 0
hot 72873 warm 0 cold 0
hot 73058 warm 0 cold 0
hot 76006 warm 0 cold 0
hot 80486 warm 0 cold 0
hot 50117 warm 0 cold 0
hot 86816 warm 0 cold 0
hot 23056 warm 0 cold 0
hot 92447 warm 0 cold 0
hot 94913 warm 0 cold 0
hot 99468 warm 0 cold 0
hot 101019 warm 0 cold 0
hot 98917 warm 0 cold 0
hot 102542 warm 0 cold 0
hot 21830 warm 0 cold 0
hot 2671 warm 106 cold 0
hot 39442 warm 0 cold 0
hot 39727 warm 0 cold 0
hot 39991 warm 0 cold 0
hot 40260 warm 0 cold 0
hot 9155 warm 0 cold 0
hot 46381 warm 0 cold 0
hot 31963 warm 0 cold 0
hot 52741 warm 0 cold 0
hot 37674 warm 0 cold 0
hot 59519 warm 0 cold 0
hot 43247 warm 0 cold 0
hot 66121 warm 0 cold 0
hot 50580 warm 0 cold 0
hot 72014 warm 0 cold 0
hot 39705 warm 0 cold 0
hot 609 warm 106 cold 0
hot 978 warm 64 cold 0
hot 1330 warm 22 cold 0
hot 1668 warm 0 cold 0
hot 3303 warm 0 cold 0
hot 2500 warm 108 cold 0
hot 3376 warm 66 cold 0
hot 4198 warm 24 cold 0
hot 10722 warm 0 cold 0
hot 71235 warm 0 cold 0
hot 19191 warm 0 cold 0
hot 87744 warm 0 cold 0
hot 25889 warm 0 cold 0
hot 103125 warm 0 cold 0
hot 31253 warm 0 cold 0
hot 108192 warm 0 cold 0
hot 39472 warm 0 cold 0
hot 41076 warm 0 cold 0
hot 799 warm 0 cold 0
hot 1248 warm 108 cold 0
hot 1589 warm 66 cold 0
hot 1888 warm 22 cold 0
hot 2170 warm 0 cold 0
hot 2403 warm 0 cold 0
hot 2598 warm 0 cold 0
hot 4961 warm 0 cold 0
hot 22739 warm 0 cold 0
hot 8210 warm 0 cold 0
hot 25432 warm 0 cold 0
hot 10134 warm 0 cold 0
hot 11530 warm 0 cold 0
hot 12480 warm 0 cold 0
hot 13375 warm 0 cold 0
hot 31163 warm 0 cold 0
hot 10531 warm 0 cold 0
hot 1003 warm 108 cold 0
hot 2198 warm 66 cold 0
hot 1372 warm 22 cold 0
hot 1064283 warm 0 cold 0
hot 1082711 warm 0 cold 0
hot 1089383 warm 0 cold 0
hot 1091127 warm 0 cold 0
hot 1092625 warm 0 cold 0
hot 1094042 warm 0 cold 0
hot 1095588 warm 0 cold 0
hot 22866 warm 0 cold 0
hot 46897 warm 0 cold 0
hot 1067843 warm 0 cold 0
hot 1096487 warm 0 cold 0
hot 1102380 warm 0 cold 0
hot 1107323 warm 0 cold 0
hot 1114059 warm 0 cold 0
hot 34259 warm 0 cold 0
hot 26059 warm 0 cold 297
hot 437709 warm 0 cold 0
hot 1104841 warm 0 cold 0
hot 1112450 warm 0 cold 0
hot 1117818 warm 0 cold 0
hot 1122863 warm 0 cold 0
hot 1127468 warm 0 cold 0
hot 54579 warm 0 cold 0
hot 74721 warm 0 cold 0
hot 1045365 warm 0 cold 0
hot 1123625 warm 0 cold 0
hot 1131515 warm 0 cold 0
hot 1135340 warm 0 cold 0
hot 1140932 warm 0 cold 0
hot 63316 warm 0 cold 0
hot 63638 warm 0 cold 0
hot 54620 warm 0 cold 0
hot 54620 warm 0 cold 0
hot 54620 warm 0 cold 0
hot 962907 warm 0 cold 0
hot 1103191 warm 0 cold 0
hot 1135443 warm 0 cold 0
hot 1141298 warm 0 cold 0
hot 1144016 warm 0 cold 0
hot 1147221 warm 0 cold 0
hot 1149329 warm 0 cold 0
hot 1151479 warm 0 cold 0
hot 67477 warm 0 cold 0
hot 64126 warm 0 cold 0
hot 96978 warm 0 cold 0
hot 1124563 warm 0 cold 0
hot 1145039 warm 0 cold 0
hot 1145547 warm 0 cold 0
hot 1145610 warm 0 cold 0
hot 1148716 warm 0 cold 0
hot 1151182 warm 0 cold 0
hot 1154692 warm 0 cold 0
hot 82199 warm 0 cold 0
hot 34178 warm 0 cold 0
hot 1791 warm 0 cold 0
hot 35645 warm 0 cold 0
hot 36354 warm 0 cold 0
hot 36986 warm 0 cold 0
hot 39054 warm 0 cold 0
hot 40637 warm 0 cold 0
hot 42056 warm 0 cold 0
hot 13097 warm 0 cold 0
hot 50309 warm 0 cold 0
hot 53495 warm 0 cold 0
hot 56529 warm 0 cold 0
hot 29360 warm 0 cold 0
hot 32203 warm 0 cold 0
hot 68104 warm 0 cold 0
hot 71091 warm 0 cold 0
hot 76101 warm 0 cold 0
hot 48251 warm 0 cold 0
hot 53491 warm 0 cold 0
hot 58559 warm 0 cold 0
hot 96358 warm 0 cold 0
hot 68849 warm 0 cold 0
hot 73411 warm 0 cold 0
hot 78151 warm 0 cold 0
hot 116038 warm 0 cold 0
hot 119382 warm 0 cold 0
hot 122140 warm 0 cold 0
hot 93351 warm 0 cold 0
hot 34758 warm 0 cold 0
hot 2855 warm 106 cold 0
hot 5947 warm 64 cold 0
hot 2857 warm 0 cold 0
hot 3018 warm 106 cold 0
hot 19732 warm 0 cold 0
hot 3807 warm 0 cold 0
hot 20671 warm 0 cold 0
hot 20949 warm 0 cold 0
hot 5004 warm 0 cold 0
hot 21821 warm 0 cold 0
hot 22144 warm 0 cold 0
hot 6215 warm 0 cold 0
hot 8723 warm 0 cold 0
hot 69883 warm 0 cold 0
hot 74207 warm 0 cold 0
hot 79454 warm 0 cold 0
hot 83646 warm 0 cold 0
hot 87758 warm 0 cold 0
hot 91178 warm 0 cold 0
hot 94508 warm 0 cold 0
hot 97505 warm 0 cold 0
hot 99632 warm 0 cold 0
hot 108082 warm 0 cold 0
hot 113043 warm 0 cold 0
hot 120195 warm 0 cold 0
hot 128114 warm 0 cold 0
hot 134647 warm 0 cold 0
hot 140398 warm 0 cold 0
hot 145968 warm 0 cold 0
hot 149686 warm 0 cold 0
hot 151993 warm 0 cold 0
hot 157010 warm 0 cold 0
hot 161391 warm 0 cold 0
hot 165233 warm 0 cold 0
hot 169682 warm 0 cold 0
hot 173815 warm 0 cold 0
hot 175578 warm 0 cold 0
hot 178606 warm 0 cold 0
hot 181318 warm 0 cold 0
hot 183658 warm 0 cold 0
hot 185597 warm 0 cold 0
hot 190365 warm 0 cold 0
hot 193445 warm 0 cold 0
hot 195431 warm 0 cold 0
hot 197461 warm 0 cold 0
hot 198764 warm 0 cold 0
hot 199318 warm 0 cold 0
hot 206941 warm 0 cold 0
hot 211595 warm 0 cold 0
hot 212999 warm 0 cold 0
hot 213807 warm 0 cold 0
hot 215464 warm 0 cold 0
hot 216992 warm 0 cold 0
hot 222544 warm 0 cold 0
hot 107803 warm 0 cold 0
hot 2016 warm 0 cold 0
hot 134563 warm 0 cold 0
hot 136426 warm 0 cold 0
hot 132937 warm 0 cold 0
hot 141714 warm 0 cold 0
hot 144435 warm 0 cold 0
hot 17473 warm 0 cold 0
hot 151464 warm 0 cold 0
hot 154427 warm 0 cold 0
hot 159880 warm 0 cold 0
hot 163796 warm 0 cold 0
hot 24544 warm 0 cold 0
hot 2234 warm 108 cold 0
hot 3230 warm 66 cold 0
hot 7077 warm 24 cold 0
hot 11404 warm 0 cold 0
hot 15753 warm 0 cold 0
hot 19482 warm 0 cold 0
hot 22894 warm 0 cold 0
hot 25970 warm 0 cold 0
hot 5156 warm 0 cold 0
hot 21562 warm 0 cold 0
hot 13146 warm 0 cold 0
hot 33457 warm 0 cold 0
hot 39801 warm 0 cold 0
hot 28511 warm 0 cold 0
hot 50541 warm 0 cold 0
hot 40474 warm 0 cold 0
hot 60446 warm 0 cold 0
hot 50522 warm 0 cold 0
hot 54026 warm 0 cold 0
hot 4079 warm 106 cold 0
hot 4350 warm 62 cold 0
hot 4627 warm 18 cold 0
hot 6895 warm 0 cold 0
hot 7915 warm 0 cold 0
hot 7911 warm 0 cold 0
hot 14647 warm 0 cold 0
hot 14645 warm 0 cold 0
hot 16177 warm 0 cold 0
hot 16173 warm 0 cold 0
hot 5607 warm 0 cold 0
hot 7176 warm 108 cold 0
hot 9141 warm 66 cold 0
hot 11174 warm 24 cold 0
hot 16425 warm 0 cold 0
hot 28365 warm 0 cold 0
hot 36378 warm 0 cold 0
hot 40918 warm 0 cold 0
hot 107988 warm 0 cold 0
hot 108030 warm 0 cold 0
hot 42570 warm 0 cold 0
hot 43331 warm 0 cold 0
hot 44205 warm 0 cold 0
hot 51798 warm 0 cold 0
hot 57325 warm 0 cold 0
hot 64088 warm 0 cold 0
hot 68118 warm 0 cold 0
hot 122906 warm 0 cold 0
hot 57472 warm 0 cold 0
hot 58217 warm 0 cold 0
hot 58799 warm 0 cold 0
hot 61029 warm 0 cold 0
hot 67051 warm 0 cold 0
hot 71980 warm 0 cold 0
hot 75673 warm 0 cold 0
hot 76115 warm 0 cold 0
hot 76356 warm 0 cold 0
hot 76948 warm 0 cold 0
hot 77927 warm 0 cold 0
hot 85866 warm 0 cold 0
hot 93840 warm 0 cold 0
hot 96113 warm 0 cold 0
hot 96510 warm 0 cold 0
hot 97155 warm 0 cold 0
hot 104407 warm 0 cold 0
hot 114205 warm 0 cold 0
hot 115970 warm 0 cold 0
hot 117427 warm 0 cold 0
hot 118213 warm 0 cold 0
hot 119322 warm 0 cold 0
hot 132652 warm 0 cold 0
hot 141437 warm 0 cold 0
hot 208972 warm 0 cold 0
hot 78782 warm 0 cold 0
hot 19678 warm 0 cold 0
hot 3939 warm 0 cold 106
hot 4168 warm 0 cold 62
hot 4373 warm 0 cold 18
hot 4731 warm 0 cold 0
hot 5116 warm 0 cold 0
hot 5526 warm 0 cold 0
hot 5938 warm 0 cold 0
hot 7320 warm 0 cold 0
hot 3882 warm 0 cold 0
hot 5110 warm 108 cold 0
hot 6255 warm 66 cold 0
hot 7768 warm 24 cold 0
hot 9856 warm 0 cold 0
hot 16401 warm 0 cold 0
hot 17008 warm 0 cold 0
hot 19788 warm 0 cold 0
hot 24825 warm 0 cold 0
hot 26413 warm 0 cold 0
hot 28074 warm 0 cold 0
hot 22035 warm 0 cold 0
hot 5714 warm 107 cold 0
hot 7261 warm 65 cold 0
hot 74461 warm 0 cold 0
hot 13263 warm 0 cold 0
hot 50460 warm 0 cold 0
hot 54433 warm 0 cold 0
hot 58944 warm 0 cold 0
hot 62178 warm 0 cold 0
hot 32783 warm 0 cold 0
hot 101400 warm 0 cold 0
hot 106984 warm 0 cold 0
hot 112043 warm 0 cold 0
hot 115794 warm 0 cold 0
hot 119902 warm 0 cold 0
hot 123672 warm 0 cold 0
hot 189445 warm 0 cold 0
hot 64772 warm 0 cold 0
hot 135156 warm 0 cold 0
hot 138447 warm 0 cold 0
hot 141025 warm 0 cold 0
hot 144707 warm 0 cold 0
hot 147166 warm 0 cold 0
hot 85530 warm 0 cold 0
hot 152907 warm 0 cold 0
hot 158954 warm 0 cold 0
hot 162647 warm 0 cold 0
hot 164643 warm 0 cold 0
hot 169331 warm 0 cold 0
hot 172090 warm 0 cold 0
hot 110382 warm 0 cold 0
hot 178849 warm 0 cold 0
hot 183131 warm 0 cold 0
hot 157170 warm 0 cold 0
hot 161668 warm 0 cold 0
hot 198034 warm 0 cold 0
hot 200995 warm 0 cold 0
hot 300683 warm 0 cold 0
hot 139150 warm 0 cold 0
hot 207402 warm 0 cold 0
hot 210590 warm 0 cold 0
hot 214352 warm 0 cold 0
hot 217441 warm 0 cold 0
hot 220875 warm 0 cold 0
hot 315126 warm 0 cold 0
hot 38690 warm 0 cold 0
hot 11928 warm 106 cold 0
hot 23923 warm 64 cold 0
hot 35792 warm 0 cold 0
hot 47055 warm 0 cold 0
hot 56257 warm 0 cold 0
hot 72012 warm 0 cold 0
hot 84852 warm 0 cold 0
