hot 4602 warm 0 cold 0
hot 4603 warm 0 cold 0
hot 4603 warm 0 cold 0
hot 4603 warm 0 cold 0
hot 4603 warm 0 cold 0
hot 4603 warm 0 cold 0
hot 4603 warm 0 cold 0
hot 4603 warm 0 cold 0
hot 4603 warm 0 cold 0
hot 4603 warm 0 cold 0
hot 4603 warm 0 cold 0
hot 4603 warm 0 cold 0
hot 4603 warm 0 cold 0
hot 4603 warm 0 cold 0
hot 4603 warm 0 cold 0
hot 4603 warm 0 cold 0
hot 4603 warm 0 cold 0
hot 4603 warm 0 cold 0
hot 4603 warm 0 cold 0
hot 4603 warm 0 cold 0
hot 4603 warm 0 cold 0
hot 4603 warm 0 cold 0
hot 4603 warm 0 cold 0
hot 4603 warm 0 cold 0
hot 4603 warm 0 cold 0
hot 4603 warm 0 cold 0
hot 4603 warm 0 cold 0
hot 4603 warm 0 cold 0
hot 4603 warm 0 cold 0
hot 4603 warm 0 cold 0
hot 4603 warm 0 cold 0
hot 4603 warm 0 cold 0
hot 4603 warm 0 cold 0
hot 4603 warm 0 cold 0
hot 4603 warm 0 cold 0
hot 4603 warm 0 cold 0
hot 4603 warm 0 cold 0
hot 4603 warm 0 cold 0
hot 4603 warm 0 cold 0
hot 4603 warm 0 cold 0
hot 4603 warm 0 cold 0
hot 4603 warm 0 cold 0
hot 4603 warm 0 cold 0
hot 4603 warm 0 cold 0
hot 4603 warm 0 cold 0
hot 4603 warm 0 cold 0
hot 4603 warm 0 cold 0
hot 4603 warm 0 cold 0
hot 4603 warm 0 cold 0
hot 4603 warm 0 cold 0
hot 4603 warm 0 cold 0
hot 4603 warm 0 cold 0
hot 4603 warm 0 cold 0
hot 4603 warm 0 cold 0
hot 4603 warm 0 cold 0
hot 4603 warm 0 cold 0
hot 4603 warm 0 cold 0
hot 4603 warm 0 cold 0
hot 4603 warm 0 cold 0
hot 4603 warm 0 cold 0
hot 4603 warm 0 cold 0
hot 4603 warm 0 cold 0
hot 4603 warm 0 cold 0
hot 4603 warm 0 cold 0
hot 4603 warm 0 cold 0
hot 4603 warm 0 cold 0
hot 4603 warm 0 cold 0
hot 4603 warm 0 cold 0
hot 4603 warm 0 cold 0
hot 4603 warm 0 cold 0
hot 4603 warm 0 cold 0
hot 4603 warm 0 cold 0
hot 4603 warm 0 cold 0
hot 4603 warm 0 cold 0
hot 4603 warm 0 cold 0
hot 4603 warm 0 cold 0
hot 4603 warm 0 cold 0
hot 4603 warm 0 cold 0
hot 4603 warm 0 cold 0
hot 4603 warm 0 cold 0
hot 4603 warm 0 cold 0
hot 4603 warm 0 cold 0
hot 4603 warm 0 cold 0
hot 4603 warm 0 cold 0
hot 4603 warm 0 cold 0
hot 4603 warm 0 cold 0
hot 4603 warm 0 cold 0
hot 4603 warm 0 cold 0
hot 4603 warm 0 cold 0
hot 4603 warm 0 cold 0
hot 4603 warm 0 cold 0
hot 4603 warm 0 cold 0
hot 4603 warm 0 cold 0
hot 4603 warm 0 cold 0
hot 4603 warm 0 cold 0
hot 4603 warm 0 cold 0
hot 4603 warm 0 cold 0
hot 4603 warm 0 cold 0
hot 4603 warm 0 cold 0
hot 4603 warm 0 cold 0
hot 4603 warm 0 cold 0
hot 4603 warm 0 cold 0
hot 4603 warm 0 cold 0
hot 4603 warm 0 cold 0
hot 4603 warm 0 cold 0
hot 4603 warm 0 cold 0
hot 4603 warm 0 cold 0
hot 4603 warm 0 cold 0
hot 4603 warm 0 cold 0
hot 4603 warm 0 cold 0
hot 4603 warm 0 cold 0
hot 4603 warm 0 cold 0
hot 4603 warm 0 cold 0
hot 4603 warm 0 cold 0
hot 4603 warm 0 cold 0
hot 22524 warm 0 cold 0
hot 41463 warm 0 cold 0
hot 435699 warm 0 cold 0
hot 636399 warm 0 cold 0
hot 1103339 warm 0 cold 0
hot 1605095 warm 0 cold 0
hot 2108899 warm 0 cold 0
hot 1925585 warm 0 cold 0
hot 2855419 warm 0 cold 0
hot 1043090 warm 2543504 cold 411648
hot 2101940 warm 0 cold 2500457
hot 812781 warm 1608704 cold 2445612
hot 919287 warm 2032640 cold 1975582
hot 1017093 warm 2444800 cold 1530636
hot 1205526 warm 2936832 cold 912631
hot 1407277 warm 3026432 cold 638684
hot 853542 warm 2877440 cold 627308
hot 1256994 warm 2877440 cold 627308
hot 1264670 warm 2876928 cold 627820
hot 1278492 warm 2876928 cold 626794
hot 1305112 warm 2883584 cold 615018
hot 1367061 warm 2898432 cold 567913
hot 1426961 warm 2921472 cold 517737
hot 1474062 warm 2945024 cold 469096
hot 1535501 warm 2941952 cold 424037
hot 1684493 warm 0 cold 3236449
hot 1952794 warm 0 cold 3010639
hot 2233885 warm 0 cold 2844744
hot 2501151 warm 0 cold 2578498
hot 1007665 warm 0 cold 4077100
hot 1007661 warm 0 cold 4077612
hot 294582 warm 1682935 cold 2394165
hot 314546 warm 1683447 cold 2393653
hot 700590 warm 1683447 cold 2393653
hot 711850 warm 1683959 cold 2394165
hot 726182 warm 1685495 cold 2392629
hot 738978 warm 1686519 cold 2391605
hot 754334 warm 1687543 cold 2390581
hot 767130 warm 1688567 cold 2389557
hot 779926 warm 1690615 cold 2387509
hot 802964 warm 1727479 cold 2349619
hot 821906 warm 1788919 cold 2286129
hot 832655 warm 1886711 cold 2186288
hot 859280 warm 2071543 cold 1993771
hot 965273 warm 2386423 cold 1664541
hot 1040537 warm 2531831 cold 1508889
hot 1049758 warm 0 cold 4036103
hot 1051290 warm 0 cold 4034567
hot 811105 warm 0 cold 92672
hot 843512 warm 0 cold 4124559
hot 271746 warm 0 cold 4124490
hot 666494 warm 0 cold 4124490
hot 792954 warm 2898432 cold 1110858
hot 803190 warm 2899968 cold 1109322
hot 817010 warm 2903040 cold 1106250
hot 842094 warm 2954240 cold 1050442
hot 882538 warm 3002880 cold 992586
hot 912742 warm 3056640 cold 931658
hot 933218 warm 3130368 cold 850250
hot 984419 warm 3234304 cold 713541
hot 1081708 warm 3340288 cold 517943
hot 1295727 warm 0 cold 3788080
hot 1420141 warm 0 cold 3664686
hot 1468784 warm 0 cold 3621159
hot 1483628 warm 0 cold 3606311
hot 786933 warm 0 cold 3603239
hot 1179121 warm 0 cold 3603239
hot 1212398 warm 0 cold 3599654
hot 1244651 warm 0 cold 3593509
hot 1280487 warm 3298816 cold 283429
hot 1308131 warm 3295744 cold 276773
hot 1336287 warm 3288064 cold 271653
hot 1359835 warm 3283456 cold 260389
hot 1410521 warm 3257344 cold 245539
hot 1582043 warm 0 cold 3350301
hot 1830519 warm 0 cold 3170580
hot 1992312 warm 0 cold 3096847
hot 2166900 warm 0 cold 2922255
hot 2236016 warm 0 cold 2853135
hot 980588 warm 0 cold 4109071
hot 986217 warm 0 cold 4103438
hot 289537 warm 0 cold 4093704
hot 589056 warm 0 cold 4093704
hot 698108 warm 1741312 cold 2352392
hot 728825 warm 1765376 cold 2327304
hot 763125 warm 1802240 cold 2289928
hot 791282 warm 1838080 cold 2253575
hot 807662 warm 1891328 cold 2200327
hot 824042 warm 1945088 cold 2144007
hot 835815 warm 2044928 cold 2041606
hot 876777 warm 2368000 cold 1704192
hot 972015 warm 2508288 cold 1554677
hot 1066221 warm 0 cold 4028659
hot 1114345 warm 0 cold 3980531
hot 1179365 warm 0 cold 3915507
hot 1242859 warm 0 cold 3852521
hot 562976 warm 0 cold 3851497
hot 937244 warm 0 cold 3851497
hot 958744 warm 3134976 cold 714473
hot 989460 warm 3150848 cold 698089
hot 1023248 warm 3159552 cold 686313
hot 1047820 warm 3170816 cold 671977
hot 1069832 warm 3180032 cold 657129
hot 1089797 warm 3186688 cold 639208
hot 802596 warm 400896 cold 3723495
hot 832296 warm 607744 cold 3516127
hot 1605935 warm 0 cold 3439315
hot 1891628 warm 0 cold 3203794
hot 2176297 warm 0 cold 2919121
hot 996134 warm 1544704 cold 2554576
hot 1003810 warm 0 cold 4091600
hot 303373 warm 0 cold 4089039
hot 682761 warm 0 cold 4089039
hot 725765 warm 1977856 cold 2111183
hot 753409 warm 1984000 cold 2105039
hot 778494 warm 1990656 cold 2097870
hot 793338 warm 1998336 cold 2089678
hot 811766 warm 2017280 cold 2070734
hot 819442 warm 2035200 cold 2052814
hot 829166 warm 2070016 cold 2016462
hot 837356 warm 2180096 cold 1904332
hot 884465 warm 2571776 cold 1489091
hot 979711 warm 2845696 cold 1198256
hot 1065735 warm 2892800 cold 1130660
hot 1115909 warm 2996224 cold 977058
hot 1123075 warm 3165696 cold 800416
hot 1128192 warm 3321856 cold 639135
hot 474939 warm 3384320 cold 525982
hot 490298 warm 3384320 cold 525982
hot 889654 warm 3384320 cold 525470
hot 922418 warm 3388416 cold 521374
hot 953134 warm 3392000 cold 516766
hot 976682 warm 3395072 cold 511134
hot 993062 warm 3401728 cold 502430
hot 1013538 warm 3405824 cold 492190
hot 1021727 warm 3416576 cold 477853
hot 1040156 warm 3428352 cold 453788
hot 1117979 warm 3460608 cold 368281
hot 1202461 warm 3474432 cold 311954
hot 1381147 warm 0 cold 3713680
hot 1520407 warm 0 cold 3574416
hot 1634067 warm 0 cold 3460752
hot 1809679 warm 0 cold 3285136
hot 1831179 warm 0 cold 3133583
hot 1264458 warm 0 cold 3133583
hot 1664838 warm 0 cold 3133071
hot 1700674 warm 0 cold 3126927
hot 1738558 warm 0 cold 3117199
hot 1769274 warm 0 cold 3110031
hot 1797430 warm 0 cold 3098767
hot 1824050 warm 0 cold 3082895
hot 1850160 warm 0 cold 3063949
hot 806309 warm 0 cold 4118016
hot 845742 warm 0 cold 4115456
hot 915375 warm 0 cold 4112896
hot 1001901 warm 0 cold 4088832
hot 1035689 warm 2448896 cold 1606144
hot 1075621 warm 0 cold 4015104
hot 1130913 warm 0 cold 3960320
