pgmigrate_success 289988158
pgmigrate_fail 128403
thp_migration_success 419805
thp_migration_fail 132
thp_migration_split 0
thp_fault_alloc 550028
thp_fault_fallback 5419
thp_fault_fallback_charge 0
thp_collapse_alloc 527
thp_collapse_alloc_failed 0
thp_file_alloc 0
thp_file_fallback 0
thp_file_fallback_charge 0
thp_file_mapped 0
thp_split_page 255
thp_split_page_failed 0
thp_deferred_split_page 1097
thp_split_pmd 1629
thp_split_pud 0
thp_zero_page_alloc 0
thp_zero_page_alloc_failed 0
thp_swpout 0
thp_swpout_fallback 0
htmm_nr_promoted 157667136
htmm_nr_demoted 125423827
htmm_nr_sampled 0
htmm_missed_dramread 0
htmm_missed_nvmread 0
htmm_missed_write 0
htmm_alloc_dram 523203759
htmm_alloc_nvm 0
