pgmigrate_success 69743713
pgmigrate_success 69743718
pgmigrate_success 69743718
pgmigrate_success 69743718
pgmigrate_success 69743718
pgmigrate_success 69743718
pgmigrate_success 69743718
pgmigrate_success 69743718
pgmigrate_success 69743718
pgmigrate_success 69743718
pgmigrate_success 69743718
pgmigrate_success 69743718
pgmigrate_success 69743718
pgmigrate_success 69743718
pgmigrate_success 69743718
pgmigrate_success 69743718
pgmigrate_success 69743718
pgmigrate_success 69743718
pgmigrate_success 69743718
pgmigrate_success 69743718
pgmigrate_success 69743718
pgmigrate_success 69743718
pgmigrate_success 69743718
pgmigrate_success 69743718
pgmigrate_success 69743718
pgmigrate_success 69743718
pgmigrate_success 69743718
pgmigrate_success 69743718
pgmigrate_success 69743718
pgmigrate_success 69743718
pgmigrate_success 69743718
pgmigrate_success 69743718
pgmigrate_success 69743718
pgmigrate_success 69743718
pgmigrate_success 69743718
pgmigrate_success 69743718
pgmigrate_success 69743718
pgmigrate_success 69743718
pgmigrate_success 69743718
pgmigrate_success 69743718
pgmigrate_success 69743718
pgmigrate_success 69743718
pgmigrate_success 69743718
pgmigrate_success 69743718
pgmigrate_success 69743718
pgmigrate_success 69743718
pgmigrate_success 69743718
pgmigrate_success 69743718
pgmigrate_success 69743718
pgmigrate_success 69743718
pgmigrate_success 69743718
pgmigrate_success 69743718
pgmigrate_success 69743718
pgmigrate_success 69743718
pgmigrate_success 69743718
pgmigrate_success 69743718
pgmigrate_success 69743718
pgmigrate_success 69743718
pgmigrate_success 69743718
pgmigrate_success 69743718
pgmigrate_success 69743718
pgmigrate_success 69743718
pgmigrate_success 69743718
pgmigrate_success 69743718
pgmigrate_success 69752422
pgmigrate_success 69794966
pgmigrate_success 69981847
pgmigrate_success 70198625
pgmigrate_success 70461010
pgmigrate_success 70463814
pgmigrate_success 70463814
pgmigrate_success 70463814
pgmigrate_success 70463814
pgmigrate_success 70784468
pgmigrate_success 70817919
pgmigrate_success 70915206
pgmigrate_success 70955663
pgmigrate_success 71013029
pgmigrate_success 71126229
pgmigrate_success 71203560
pgmigrate_success 71203560
pgmigrate_success 71343355
pgmigrate_success 71500553
pgmigrate_success 71617291
pgmigrate_success 71617291
pgmigrate_success 71617291
pgmigrate_success 71617291
pgmigrate_success 71617291
pgmigrate_success 71617291
pgmigrate_success 71795094
pgmigrate_success 71801753
pgmigrate_success 71803804
pgmigrate_success 71817143
pgmigrate_success 71825851
pgmigrate_success 71859169
pgmigrate_success 72032785
pgmigrate_success 72245778
pgmigrate_success 72247826
pgmigrate_success 72252434
pgmigrate_success 72252434
pgmigrate_success 72264764
pgmigrate_success 72457277
pgmigrate_success 72671424
pgmigrate_success 72685532
pgmigrate_success 72687077
pgmigrate_success 72687082
pgmigrate_success 72687082
pgmigrate_success 72687082
pgmigrate_success 72687082
pgmigrate_success 72687082
pgmigrate_success 72687082
pgmigrate_success 72687082
pgmigrate_success 72695798
pgmigrate_success 72816752
pgmigrate_success 72816752
pgmigrate_success 72816752
pgmigrate_success 72816752
pgmigrate_success 72816752
pgmigrate_success 72816752
pgmigrate_success 72816752
pgmigrate_success 72823408
pgmigrate_success 72922225
pgmigrate_success 73204345
pgmigrate_success 73235211
pgmigrate_success 73247574
pgmigrate_success 73248095
pgmigrate_success 73248097
pgmigrate_success 73248613
pgmigrate_success 73248613
pgmigrate_success 73248613
pgmigrate_success 73248613
pgmigrate_success 73386884
pgmigrate_success 73386884
pgmigrate_success 73456012
pgmigrate_success 73456690
pgmigrate_success 73456690
pgmigrate_success 73456690
pgmigrate_success 73462838
pgmigrate_success 73660471
pgmigrate_success 73894552
pgmigrate_success 73897129
pgmigrate_success 73897129
pgmigrate_success 73897129
pgmigrate_success 73897132
pgmigrate_success 73897132
pgmigrate_success 73897132
pgmigrate_success 73964251
pgmigrate_success 74027771
pgmigrate_success 74027771
pgmigrate_success 74027771
pgmigrate_success 74027771
pgmigrate_success 74027771
pgmigrate_success 74027771
pgmigrate_success 74027771
pgmigrate_success 74033403
pgmigrate_success 74131196
pgmigrate_success 74405631
pgmigrate_success 74467258
pgmigrate_success 74468798
pgmigrate_success 74469311
pgmigrate_success 74469311
pgmigrate_success 74469311
pgmigrate_success 74469311
pgmigrate_success 74534858
pgmigrate_success 74598872
pgmigrate_success 74599384
pgmigrate_success 74599455
pgmigrate_success 74599455
pgmigrate_success 74599455
pgmigrate_success 74599455
pgmigrate_success 74605601
pgmigrate_success 74661410
pgmigrate_success 75000378
pgmigrate_success 75034812
pgmigrate_success 75034816
pgmigrate_success 75034816
pgmigrate_success 75034816
pgmigrate_success 75034816
pgmigrate_success 75034816
pgmigrate_success 75034816
pgmigrate_success 75165488
pgmigrate_success 75165488
pgmigrate_success 75165488
pgmigrate_success 75165488
pgmigrate_success 75165488
pgmigrate_success 75165488
pgmigrate_success 75165488
pgmigrate_success 75177784
pgmigrate_success 75355960
pgmigrate_success 75600800
pgmigrate_success 75600804
pgmigrate_success 75600804
pgmigrate_success 75600804
pgmigrate_success 75600804
pgmigrate_success 75600804
pgmigrate_success 75600804
pgmigrate_success 75600804
pgmigrate_success 75626427
pgmigrate_success 75730613
pgmigrate_success 75730613
pgmigrate_success 75730613
pgmigrate_success 75730613
pgmigrate_success 75730613
pgmigrate_success 75730613
pgmigrate_success 75732661
pgmigrate_success 75737781
pgmigrate_success 75757757
pgmigrate_success 75953854
pgmigrate_success 76173612
pgmigrate_success 76173612
pgmigrate_success 76174126
pgmigrate_success 76174127
pgmigrate_success 76174127
pgmigrate_success 76174127
pgmigrate_success 76174127
pgmigrate_success 76174127
pgmigrate_success 76304790
pgmigrate_success 76306840
pgmigrate_success 76306840
pgmigrate_success 76306840
pgmigrate_success 76306840
pgmigrate_success 76351402
pgmigrate_success 76351402
pgmigrate_success 76351402
pgmigrate_success 76363700
pgmigrate_success 76558774
pgmigrate_success 76790375
pgmigrate_success 76790380
pgmigrate_success 76790380
pgmigrate_success 76790380
pgmigrate_success 76790534
pgmigrate_success 76790534
pgmigrate_success 76790534
pgmigrate_success 76828451
pgmigrate_success 76920679
pgmigrate_success 76920679
pgmigrate_success 76920679
pgmigrate_success 76920679
pgmigrate_success 76920679
pgmigrate_success 76920679
pgmigrate_success 76920679
