pgmigrate_success 41686689
pgmigrate_fail 138041
thp_migration_success 74304
thp_migration_fail 11
thp_migration_split 0
thp_fault_alloc 159656
thp_fault_fallback 0
thp_fault_fallback_charge 0
thp_collapse_alloc 12194
thp_collapse_alloc_failed 0
thp_file_alloc 163
thp_file_fallback 0
thp_file_fallback_charge 0
thp_file_mapped 0
thp_split_page 926
thp_split_page_failed 6
thp_deferred_split_page 11179
thp_split_pmd 39000
thp_split_pud 0
thp_zero_page_alloc 0
thp_zero_page_alloc_failed 0
thp_swpout 0
thp_swpout_fallback 0
htmm_nr_promoted 34136274
htmm_nr_demoted 6687741
htmm_nr_sampled 0
htmm_missed_dramread 0
htmm_missed_nvmread 0
htmm_missed_write 0
htmm_alloc_dram 123160911
htmm_alloc_nvm 0
