pgmigrate_success 76920679
pgmigrate_fail 250226
thp_migration_success 135195
thp_migration_fail 18
thp_migration_split 0
thp_fault_alloc 280538
thp_fault_fallback 0
thp_fault_fallback_charge 0
thp_collapse_alloc 24777
thp_collapse_alloc_failed 0
thp_file_alloc 304
thp_file_fallback 0
thp_file_fallback_charge 0
thp_file_mapped 0
thp_split_page 1774
thp_split_page_failed 15
thp_deferred_split_page 22919
thp_split_pmd 78984
thp_split_pud 0
thp_zero_page_alloc 1
thp_zero_page_alloc_failed 0
thp_swpout 0
thp_swpout_fallback 0
htmm_nr_promoted 62007859
htmm_nr_demoted 13541149
htmm_nr_sampled 0
htmm_missed_dramread 0
htmm_missed_nvmread 0
htmm_missed_write 0
htmm_alloc_dram 225143623
htmm_alloc_nvm 0
