hot 0 warm 0 cold 0
hot 2 warm 0 cold 0
hot 2 warm 0 cold 0
hot 2 warm 0 cold 0
hot 2 warm 0 cold 0
hot 2 warm 0 cold 0
hot 2 warm 0 cold 0
hot 2 warm 0 cold 0
hot 2 warm 0 cold 0
hot 2 warm 0 cold 0
hot 2 warm 0 cold 0
hot 2 warm 0 cold 0
hot 2 warm 0 cold 0
hot 2 warm 0 cold 0
hot 2 warm 0 cold 0
hot 2 warm 0 cold 0
hot 2 warm 0 cold 0
hot 2 warm 0 cold 0
hot 2 warm 0 cold 0
hot 2 warm 0 cold 0
hot 2 warm 0 cold 0
hot 2 warm 0 cold 0
hot 2 warm 0 cold 0
hot 2 warm 0 cold 0
hot 2 warm 0 cold 0
hot 2 warm 0 cold 0
hot 2 warm 0 cold 0
hot 2 warm 0 cold 0
hot 2 warm 0 cold 0
hot 2 warm 0 cold 0
hot 2 warm 0 cold 0
hot 2 warm 0 cold 0
hot 2 warm 0 cold 0
hot 2 warm 0 cold 0
hot 2 warm 0 cold 0
hot 2 warm 0 cold 0
hot 2 warm 0 cold 0
hot 2 warm 0 cold 0
hot 2 warm 0 cold 0
hot 2 warm 0 cold 0
hot 2 warm 0 cold 0
hot 2 warm 0 cold 0
hot 2 warm 0 cold 0
hot 2 warm 0 cold 0
hot 2 warm 0 cold 0
hot 2 warm 0 cold 0
hot 2 warm 0 cold 0
hot 2 warm 0 cold 0
hot 2 warm 0 cold 0
hot 2 warm 0 cold 0
hot 2 warm 0 cold 0
hot 2 warm 0 cold 0
hot 2 warm 0 cold 0
hot 2 warm 0 cold 0
hot 2 warm 0 cold 0
hot 2 warm 0 cold 0
hot 2 warm 0 cold 0
hot 2 warm 0 cold 0
hot 2 warm 0 cold 0
hot 2 warm 0 cold 0
hot 2 warm 0 cold 0
hot 2 warm 0 cold 0
hot 2 warm 0 cold 0
hot 2 warm 0 cold 0
hot 19971 warm 0 cold 0
hot 41474 warm 0 cold 0
hot 436226 warm 0 cold 0
hot 665090 warm 0 cold 0
hot 485793 warm 608353 cold 0
hot 516625 warm 0 cold 914417
hot 556121 warm 1164713 cold 0
hot 678022 warm 1693564 cold 0
hot 978610 warm 0 cold 2090320
hot 631007 warm 947712 cold 2342691
hot 673533 warm 0 cold 3936004
hot 815443 warm 0 cold 4016814
hot 861526 warm 0 cold 4018347
hot 912733 warm 0 cold 4048036
hot 971631 warm 0 cold 4044946
hot 1055622 warm 0 cold 3990139
hot 1091994 warm 0 cold 3964007
hot 559680 warm 0 cold 3798456
hot 949312 warm 0 cold 3797944
hot 953408 warm 0 cold 3797944
hot 963136 warm 0 cold 3797944
hot 973376 warm 0 cold 3797432
hot 997953 warm 0 cold 3788728
hot 1035841 warm 0 cold 3775416
hot 747586 warm 0 cold 4088759
hot 770631 warm 0 cold 4091826
hot 782920 warm 0 cold 4095409
hot 790088 warm 0 cold 4096433
hot 795210 warm 0 cold 4097967
hot 803918 warm 0 cold 4102571
hot 710235 warm 0 cold 4108701
hot 971875 warm 0 cold 4108181
hot 972390 warm 0 cold 4108690
hot 973932 warm 0 cold 4109708
hot 974960 warm 0 cold 4110216
hot 843887 warm 0 cold 4110216
hot 272999 warm 0 cold 4110216
hot 667239 warm 0 cold 4110216
hot 679527 warm 0 cold 4110216
hot 693351 warm 1541120 cold 2569096
hot 710759 warm 1543168 cold 2567048
hot 727143 warm 1544704 cold 2565512
hot 736359 warm 1546752 cold 2563464
hot 751207 warm 1547264 cold 2562952
hot 765543 warm 0 cold 4110728
hot 780904 warm 0 cold 4110727
hot 789609 warm 0 cold 4111238
hot 798828 warm 0 cold 4110723
hot 786029 warm 0 cold 4110721
hot 937586 warm 0 cold 4110716
hot 0 warm 0 cold 0
hot 948652 warm 0 cold 4125077
hot 948652 warm 0 cold 4125077
hot 948652 warm 0 cold 4125077
hot 956332 warm 0 cold 4117397
hot 956844 warm 0 cold 4116885
hot 273316 warm 0 cold 4116822
hot 665508 warm 0 cold 4116822
hot 674213 warm 2534912 cold 1581909
hot 686501 warm 2537472 cold 1579349
hot 697765 warm 2542080 cold 1574741
hot 724901 warm 2631168 cold 1484629
hot 747941 warm 2714112 cold 1401173
hot 777637 warm 0 cold 4113749
hot 797605 warm 0 cold 4112213
hot 819621 warm 0 cold 4104533
hot 850340 warm 0 cold 4067157
hot 1048996 warm 0 cold 4037973
hot 1108388 warm 0 cold 3979093
hot 969124 warm 0 cold 4125525
hot 969124 warm 0 cold 4125525
hot 969124 warm 0 cold 4125525
hot 262054 warm 0 cold 4125524
hot 652198 warm 0 cold 4125524
hot 674726 warm 0 cold 4125524
hot 706982 warm 0 cold 4125524
hot 727974 warm 0 cold 4125524
hot 747942 warm 0 cold 4125524
hot 767910 warm 0 cold 4125524
hot 779174 warm 0 cold 4125524
hot 787878 warm 0 cold 4125524
hot 804262 warm 0 cold 4125524
hot 803750 warm 0 cold 4125011
hot 965542 warm 0 cold 4125011
hot 966566 warm 0 cold 4124499
hot 967590 warm 0 cold 4123475
hot 968102 warm 0 cold 4122963
hot 968614 warm 0 cold 4122451
hot 969126 warm 0 cold 4121939
hot 969126 warm 0 cold 4121939
hot 269960 warm 0 cold 4121939
hot 662664 warm 0 cold 4121939
hot 678536 warm 1606144 cold 2515283
hot 708232 warm 1631232 cold 2489171
hot 732808 warm 1663488 cold 2456915
hot 733832 warm 1663488 cold 2456915
hot 734344 warm 1663488 cold 2456915
hot 734856 warm 1663488 cold 2456915
hot 797832 warm 1802752 cold 2317651
hot 745608 warm 2127360 cold 1992018
hot 972424 warm 0 cold 4115794
hot 982664 warm 0 cold 4105554
hot 990857 warm 0 cold 4097873
hot 999561 warm 0 cold 4090705
hot 969354 warm 0 cold 4125008
hot 970378 warm 0 cold 4125008
hot 272523 warm 0 cold 4125008
hot 663691 warm 0 cold 4125008
hot 697483 warm 0 cold 4125008
hot 726155 warm 0 cold 4125008
hot 751755 warm 0 cold 4125008
hot 772747 warm 0 cold 4125008
hot 782987 warm 0 cold 4125008
hot 790668 warm 0 cold 4125007
hot 800396 warm 0 cold 4125007
hot 707725 warm 0 cold 4125005
hot 912013 warm 0 cold 4125005
hot 969502 warm 0 cold 4125040
hot 969502 warm 0 cold 4125040
hot 969502 warm 0 cold 4125040
hot 969502 warm 0 cold 4125040
hot 969502 warm 0 cold 4125040
hot 972575 warm 0 cold 4122417
hot 272662 warm 0 cold 4122417
hot 669975 warm 0 cold 4122416
hot 699671 warm 0 cold 4122416
hot 723736 warm 0 cold 4122415
hot 745240 warm 494080 cold 3628335
hot 766232 warm 500736 cold 3621679
hot 777497 warm 0 cold 4122414
hot 783641 warm 0 cold 4122414
hot 787737 warm 0 cold 4122414
hot 794906 warm 0 cold 4122413
hot 819485 warm 0 cold 4122409
hot 967966 warm 0 cold 4122408
hot 969502 warm 0 cold 4121384
hot 971550 warm 0 cold 4119336
hot 972065 warm 0 cold 4118821
hot 973601 warm 0 cold 4117285
hot 974625 warm 0 cold 4116261
hot 977185 warm 0 cold 4114213
hot 272160 warm 0 cold 4113189
hot 625952 warm 0 cold 4113189
hot 684320 warm 2105344 cold 2007845
hot 717600 warm 2123776 cold 1989413
hot 744225 warm 0 cold 4112676
hot 767265 warm 0 cold 4112164
hot 787745 warm 0 cold 4111140
hot 795425 warm 0 cold 4111140
hot 799009 warm 0 cold 4111140
hot 809249 warm 0 cold 4110628
hot 720163 warm 0 cold 4099873
hot 946468 warm 0 cold 4099872
hot 1006372 warm 0 cold 4085536
hot 1021732 warm 0 cold 4070176
hot 1037092 warm 0 cold 4054816
hot 1053477 warm 0 cold 4038431
hot 968486 warm 0 cold 4123934
hot 969513 warm 0 cold 4123931
hot 262442 warm 0 cold 4123931
hot 622378 warm 0 cold 4123931
hot 679210 warm 0 cold 4123931
hot 705323 warm 0 cold 4123930
hot 733996 warm 0 cold 4123929
hot 761644 warm 0 cold 4123929
hot 772396 warm 0 cold 4123929
hot 782636 warm 0 cold 4123929
hot 787244 warm 0 cold 4123929
hot 799532 warm 0 cold 4123929
hot 761643 warm 0 cold 4123929
hot 965419 warm 0 cold 4123929
hot 969515 warm 0 cold 4123417
hot 970027 warm 0 cold 4122905
hot 970027 warm 0 cold 4122905
hot 970027 warm 0 cold 4122905
hot 970540 warm 0 cold 4122904
hot 971052 warm 0 cold 4122904
