pgmigrate_success 69743713
pgmigrate_fail 242433
thp_migration_success 121209
thp_migration_fail 18
thp_migration_split 0
thp_fault_alloc 255001
thp_fault_fallback 0
thp_fault_fallback_charge 0
thp_collapse_alloc 24081
thp_collapse_alloc_failed 0
thp_file_alloc 294
thp_file_fallback 0
thp_file_fallback_charge 0
thp_file_mapped 0
thp_split_page 1774
thp_split_page_failed 15
thp_deferred_split_page 22242
thp_split_pmd 76435
thp_split_pud 0
thp_zero_page_alloc 1
thp_zero_page_alloc_failed 0
thp_swpout 0
thp_swpout_fallback 0
htmm_nr_promoted 55486995
htmm_nr_demoted 12888989
htmm_nr_sampled 0
htmm_missed_dramread 0
htmm_missed_nvmread 0
htmm_missed_write 0
htmm_alloc_dram 211985138
htmm_alloc_nvm 0
