pgmigrate_success 194446159
pgmigrate_success 194446167
pgmigrate_success 194446169
pgmigrate_success 194446170
pgmigrate_success 194446171
pgmigrate_success 194446172
pgmigrate_success 194446173
pgmigrate_success 194446174
pgmigrate_success 194446175
pgmigrate_success 194446176
pgmigrate_success 194446177
pgmigrate_success 194446178
pgmigrate_success 194446179
pgmigrate_success 194446180
pgmigrate_success 194446181
pgmigrate_success 194446182
pgmigrate_success 194446183
pgmigrate_success 194446184
pgmigrate_success 194446185
pgmigrate_success 194446186
pgmigrate_success 194446187
pgmigrate_success 194446188
pgmigrate_success 194446189
pgmigrate_success 194446190
pgmigrate_success 194446191
pgmigrate_success 194446192
pgmigrate_success 194446193
pgmigrate_success 194446194
pgmigrate_success 194446195
pgmigrate_success 194446196
pgmigrate_success 194446198
pgmigrate_success 194446199
pgmigrate_success 194446200
pgmigrate_success 194446201
pgmigrate_success 194446202
pgmigrate_success 194446203
pgmigrate_success 194446204
pgmigrate_success 194446205
pgmigrate_success 194446206
pgmigrate_success 194446207
pgmigrate_success 194446208
pgmigrate_success 194446209
pgmigrate_success 194446210
pgmigrate_success 194446211
pgmigrate_success 194446212
pgmigrate_success 194446213
pgmigrate_success 194446214
pgmigrate_success 194446215
pgmigrate_success 194446216
pgmigrate_success 194446217
pgmigrate_success 194446218
pgmigrate_success 194446219
pgmigrate_success 194446220
pgmigrate_success 194446221
pgmigrate_success 194446222
pgmigrate_success 194446223
pgmigrate_success 194446224
pgmigrate_success 194446225
pgmigrate_success 194446227
pgmigrate_success 194446229
pgmigrate_success 194446230
pgmigrate_success 194446231
pgmigrate_success 194446232
pgmigrate_success 194446233
pgmigrate_success 194446234
pgmigrate_success 194446235
pgmigrate_success 194446236
pgmigrate_success 194446237
pgmigrate_success 194446238
pgmigrate_success 194446239
pgmigrate_success 194446240
pgmigrate_success 194446241
pgmigrate_success 194446242
pgmigrate_success 194446243
pgmigrate_success 194446244
pgmigrate_success 194446245
pgmigrate_success 194446246
pgmigrate_success 194446247
pgmigrate_success 194446248
pgmigrate_success 194446249
pgmigrate_success 194446250
pgmigrate_success 194446251
pgmigrate_success 194446252
pgmigrate_success 194446253
pgmigrate_success 194446254
pgmigrate_success 194446255
pgmigrate_success 194446256
pgmigrate_success 194446257
pgmigrate_success 194446258
pgmigrate_success 194446259
pgmigrate_success 194486201
pgmigrate_success 194578873
pgmigrate_success 194578873
pgmigrate_success 194578873
pgmigrate_success 194578873
pgmigrate_success 194578873
pgmigrate_success 194578873
pgmigrate_success 194578873
pgmigrate_success 194578873
pgmigrate_success 194578873
pgmigrate_success 194578873
pgmigrate_success 194578873
pgmigrate_success 194578873
pgmigrate_success 194578873
pgmigrate_success 194635193
pgmigrate_success 194635193
pgmigrate_success 194635193
pgmigrate_success 194635193
pgmigrate_success 194635193
pgmigrate_success 194635193
pgmigrate_success 194635193
pgmigrate_success 194751932
pgmigrate_success 194751932
pgmigrate_success 194751932
pgmigrate_success 194751932
pgmigrate_success 194751932
pgmigrate_success 194751932
pgmigrate_success 194751932
pgmigrate_success 194751932
pgmigrate_success 194751932
pgmigrate_success 194751932
pgmigrate_success 194751932
pgmigrate_success 194751932
pgmigrate_success 194751932
pgmigrate_success 194751932
pgmigrate_success 194751932
pgmigrate_success 194751932
pgmigrate_success 194751932
pgmigrate_success 194751932
pgmigrate_success 194751932
pgmigrate_success 194751932
pgmigrate_success 194751932
pgmigrate_success 194751932
pgmigrate_success 194751932
pgmigrate_success 194751932
pgmigrate_success 194751932
pgmigrate_success 194751932
pgmigrate_success 194751932
pgmigrate_success 194751932
pgmigrate_success 194751932
pgmigrate_success 194751932
pgmigrate_success 194751932
pgmigrate_success 194751932
pgmigrate_success 194751932
pgmigrate_success 194751932
pgmigrate_success 194751932
pgmigrate_success 194751932
pgmigrate_success 194751932
pgmigrate_success 194751932
pgmigrate_success 194751932
pgmigrate_success 194751932
pgmigrate_success 194751932
pgmigrate_success 194751932
pgmigrate_success 194751932
pgmigrate_success 194751932
pgmigrate_success 194751932
pgmigrate_success 194751932
pgmigrate_success 194751932
pgmigrate_success 194751932
pgmigrate_success 194751932
pgmigrate_success 194751932
pgmigrate_success 194751932
pgmigrate_success 194751932
pgmigrate_success 194751932
pgmigrate_success 194751932
pgmigrate_success 194751932
pgmigrate_success 194751932
pgmigrate_success 194751932
pgmigrate_success 194751932
pgmigrate_success 194751932
pgmigrate_success 194751932
pgmigrate_success 194751932
pgmigrate_success 194751932
pgmigrate_success 194751932
pgmigrate_success 194751932
pgmigrate_success 194751932
pgmigrate_success 194751932
pgmigrate_success 194751932
pgmigrate_success 194751932
pgmigrate_success 194751932
pgmigrate_success 194751932
pgmigrate_success 194751932
pgmigrate_success 194751932
pgmigrate_success 194751932
pgmigrate_success 194751932
pgmigrate_success 194751932
pgmigrate_success 194751932
pgmigrate_success 194751932
pgmigrate_success 194751932
pgmigrate_success 194751932
pgmigrate_success 194751932
pgmigrate_success 194751932
pgmigrate_success 194751932
pgmigrate_success 194751932
pgmigrate_success 194751932
pgmigrate_success 194751932
pgmigrate_success 194751932
pgmigrate_success 194751932
pgmigrate_success 194751932
pgmigrate_success 194751932
pgmigrate_success 194751932
pgmigrate_success 194751932
pgmigrate_success 194751932
pgmigrate_success 194751932
pgmigrate_success 194751932
pgmigrate_success 194751932
pgmigrate_success 194751932
pgmigrate_success 194751932
pgmigrate_success 194751932
pgmigrate_success 194751932
pgmigrate_success 194751932
pgmigrate_success 194751932
pgmigrate_success 194751932
pgmigrate_success 194751932
pgmigrate_success 194751932
pgmigrate_success 194751932
pgmigrate_success 194751932
pgmigrate_success 194751932
pgmigrate_success 194751932
pgmigrate_success 194751932
pgmigrate_success 194751932
pgmigrate_success 194751932
pgmigrate_success 194751932
pgmigrate_success 194751932
pgmigrate_success 194751932
pgmigrate_success 194751932
pgmigrate_success 194751932
pgmigrate_success 194751932
pgmigrate_success 194751932
pgmigrate_success 194751932
pgmigrate_success 194751932
pgmigrate_success 194751932
pgmigrate_success 194751932
pgmigrate_success 194751932
pgmigrate_success 194751932
pgmigrate_success 194751932
pgmigrate_success 194751932
pgmigrate_success 194751932
pgmigrate_success 194751932
pgmigrate_success 194751932
pgmigrate_success 194751932
pgmigrate_success 194751932
pgmigrate_success 194751932
pgmigrate_success 194751932
pgmigrate_success 194751932
pgmigrate_success 194751932
pgmigrate_success 194751932
pgmigrate_success 194751932
pgmigrate_success 194751932
pgmigrate_success 194751932
pgmigrate_success 194751932
pgmigrate_success 194751932
pgmigrate_success 194751932
pgmigrate_success 194751932
pgmigrate_success 194751932
pgmigrate_success 194751932
pgmigrate_success 194751932
pgmigrate_success 194751932
pgmigrate_success 194751932
pgmigrate_success 194751932
pgmigrate_success 194751932
pgmigrate_success 194751932
pgmigrate_success 194751932
pgmigrate_success 194751932
pgmigrate_success 194751932
pgmigrate_success 194751932
pgmigrate_success 194751932
pgmigrate_success 194751932
pgmigrate_success 194751932
pgmigrate_success 194751932
pgmigrate_success 194751932
pgmigrate_success 194751932
pgmigrate_success 194751932
pgmigrate_success 194751932
pgmigrate_success 194751932
pgmigrate_success 194751932
pgmigrate_success 194751932
pgmigrate_success 194751932
pgmigrate_success 194751932
pgmigrate_success 194751932
pgmigrate_success 194751932
pgmigrate_success 194751932
pgmigrate_success 194751932
pgmigrate_success 194751932
pgmigrate_success 194751932
pgmigrate_success 194751932
pgmigrate_success 194751932
pgmigrate_success 194751932
pgmigrate_success 194751932
pgmigrate_success 194751932
pgmigrate_success 194751932
pgmigrate_success 194751932
pgmigrate_success 194751932
pgmigrate_success 194751932
pgmigrate_success 194751932
pgmigrate_success 194751932
pgmigrate_success 194751932
pgmigrate_success 194751932
pgmigrate_success 194751932
pgmigrate_success 194751932
pgmigrate_success 194751932
pgmigrate_success 194751932
pgmigrate_success 194751932
pgmigrate_success 194751932
pgmigrate_success 194751932
pgmigrate_success 194751932
pgmigrate_success 194751932
pgmigrate_success 194751932
pgmigrate_success 194751932
pgmigrate_success 194751932
pgmigrate_success 194751932
pgmigrate_success 194751932
pgmigrate_success 194751932
pgmigrate_success 194751932
pgmigrate_success 194751932
pgmigrate_success 194751932
pgmigrate_success 194751932
pgmigrate_success 194751932
pgmigrate_success 194751932
pgmigrate_success 194751932
pgmigrate_success 194751932
pgmigrate_success 194751932
pgmigrate_success 194751932
pgmigrate_success 194751932
pgmigrate_success 194751932
pgmigrate_success 194751932
pgmigrate_success 194751932
pgmigrate_success 194751932
pgmigrate_success 194751932
pgmigrate_success 194751932
pgmigrate_success 194751932
pgmigrate_success 194751932
pgmigrate_success 194751932
pgmigrate_success 194751932
pgmigrate_success 194751932
pgmigrate_success 194751932
pgmigrate_success 194751932
pgmigrate_success 194751932
pgmigrate_success 194751932
pgmigrate_success 194751932
pgmigrate_success 194751932
pgmigrate_success 194751932
pgmigrate_success 194751932
pgmigrate_success 194751932
pgmigrate_success 194751932
pgmigrate_success 194751932
pgmigrate_success 194751932
pgmigrate_success 194751932
pgmigrate_success 194751932
pgmigrate_success 194751932
pgmigrate_success 194751932
pgmigrate_success 194751932
pgmigrate_success 194751932
pgmigrate_success 194751932
pgmigrate_success 194751932
pgmigrate_success 194751932
pgmigrate_success 194751932
pgmigrate_success 194751932
pgmigrate_success 194751932
