pgmigrate_success 214207911
pgmigrate_success 214207916
pgmigrate_success 214207918
pgmigrate_success 214207919
pgmigrate_success 214207921
pgmigrate_success 214207922
pgmigrate_success 214207923
pgmigrate_success 214207924
pgmigrate_success 214207925
pgmigrate_success 214207926
pgmigrate_success 214207927
pgmigrate_success 214207928
pgmigrate_success 214207929
pgmigrate_success 214207930
pgmigrate_success 214207931
pgmigrate_success 214207932
pgmigrate_success 214207932
pgmigrate_success 214207933
pgmigrate_success 214207934
pgmigrate_success 214207935
pgmigrate_success 214207936
pgmigrate_success 214207937
pgmigrate_success 214207938
pgmigrate_success 214207939
pgmigrate_success 214207940
pgmigrate_success 214207941
pgmigrate_success 214207942
pgmigrate_success 214207943
pgmigrate_success 214207944
pgmigrate_success 214207945
pgmigrate_success 214207946
pgmigrate_success 214207947
pgmigrate_success 214207948
pgmigrate_success 214207949
pgmigrate_success 214207950
pgmigrate_success 214207951
pgmigrate_success 214207952
pgmigrate_success 214207953
pgmigrate_success 214207954
pgmigrate_success 214207955
pgmigrate_success 214207956
pgmigrate_success 214207957
pgmigrate_success 214207958
pgmigrate_success 214207959
pgmigrate_success 214207960
pgmigrate_success 214207961
pgmigrate_success 214207962
pgmigrate_success 214207963
pgmigrate_success 214207964
pgmigrate_success 214207965
pgmigrate_success 214207966
pgmigrate_success 214207967
pgmigrate_success 214207968
pgmigrate_success 214207969
pgmigrate_success 214207970
pgmigrate_success 214207971
pgmigrate_success 214207972
pgmigrate_success 214207973
pgmigrate_success 214207974
pgmigrate_success 214207975
pgmigrate_success 214207976
pgmigrate_success 214207977
pgmigrate_success 214207978
pgmigrate_success 214207979
pgmigrate_success 214207980
pgmigrate_success 214207981
pgmigrate_success 214207982
pgmigrate_success 214207983
pgmigrate_success 214207984
pgmigrate_success 214207985
pgmigrate_success 214207986
pgmigrate_success 214207987
pgmigrate_success 214207988
pgmigrate_success 214207989
pgmigrate_success 214207990
pgmigrate_success 214207990
pgmigrate_success 214207991
pgmigrate_success 214207992
pgmigrate_success 214207993
pgmigrate_success 214207994
pgmigrate_success 214207995
pgmigrate_success 214207996
pgmigrate_success 214207997
pgmigrate_success 214207998
pgmigrate_success 214207999
pgmigrate_success 214208000
pgmigrate_success 214208001
pgmigrate_success 214208002
pgmigrate_success 214208003
pgmigrate_success 214208004
pgmigrate_success 214208005
pgmigrate_success 214208006
pgmigrate_success 214208007
pgmigrate_success 214208008
pgmigrate_success 214208009
pgmigrate_success 214208010
pgmigrate_success 214208011
pgmigrate_success 214208012
pgmigrate_success 214208013
pgmigrate_success 214208014
pgmigrate_success 214208015
pgmigrate_success 214208016
pgmigrate_success 214208017
pgmigrate_success 214208018
pgmigrate_success 214208019
pgmigrate_success 214208020
pgmigrate_success 214208021
pgmigrate_success 214208022
pgmigrate_success 214208023
pgmigrate_success 214208024
pgmigrate_success 214208025
pgmigrate_success 214208026
pgmigrate_success 214208027
pgmigrate_success 214208028
pgmigrate_success 214208029
pgmigrate_success 214208030
pgmigrate_success 214208031
pgmigrate_success 214208032
pgmigrate_success 214208033
pgmigrate_success 214208034
pgmigrate_success 214208035
pgmigrate_success 214208036
pgmigrate_success 214208037
pgmigrate_success 214235687
pgmigrate_success 214280233
pgmigrate_success 214304297
pgmigrate_success 214304297
pgmigrate_success 214304297
pgmigrate_success 214304297
pgmigrate_success 214304297
pgmigrate_success 214304297
pgmigrate_success 214304297
pgmigrate_success 214304297
pgmigrate_success 214304297
pgmigrate_success 214304297
pgmigrate_success 214304297
pgmigrate_success 214304297
pgmigrate_success 214304297
pgmigrate_success 214319145
pgmigrate_success 214329897
pgmigrate_success 214329897
pgmigrate_success 214329897
pgmigrate_success 214329897
pgmigrate_success 214329897
pgmigrate_success 214329897
pgmigrate_success 214329897
pgmigrate_success 214410281
pgmigrate_success 214410281
pgmigrate_success 214410281
pgmigrate_success 214410281
pgmigrate_success 214410281
pgmigrate_success 214410281
pgmigrate_success 214410281
pgmigrate_success 214410281
pgmigrate_success 214410281
pgmigrate_success 214410281
pgmigrate_success 214410281
pgmigrate_success 214410281
pgmigrate_success 214410281
pgmigrate_success 214410281
pgmigrate_success 214410281
pgmigrate_success 214410281
pgmigrate_success 214410281
pgmigrate_success 214410281
pgmigrate_success 214410281
pgmigrate_success 214410281
pgmigrate_success 214410281
pgmigrate_success 214410281
pgmigrate_success 214410281
pgmigrate_success 214410281
pgmigrate_success 214410281
pgmigrate_success 214410281
pgmigrate_success 214410281
pgmigrate_success 214410281
pgmigrate_success 214410281
pgmigrate_success 214410281
pgmigrate_success 214410281
pgmigrate_success 214410281
pgmigrate_success 214410281
pgmigrate_success 214410281
pgmigrate_success 214410281
pgmigrate_success 214410281
pgmigrate_success 214410281
pgmigrate_success 214410281
pgmigrate_success 214410281
pgmigrate_success 214410281
pgmigrate_success 214410281
pgmigrate_success 214410281
pgmigrate_success 214410281
pgmigrate_success 214410281
pgmigrate_success 214410281
pgmigrate_success 214410281
pgmigrate_success 214410281
pgmigrate_success 214410281
pgmigrate_success 214410281
pgmigrate_success 214410281
pgmigrate_success 214410281
pgmigrate_success 214410281
pgmigrate_success 214410281
pgmigrate_success 214410281
pgmigrate_success 214410281
pgmigrate_success 214410281
pgmigrate_success 214410281
pgmigrate_success 214410281
pgmigrate_success 214410281
pgmigrate_success 214410281
pgmigrate_success 214410281
pgmigrate_success 214410281
pgmigrate_success 214410281
pgmigrate_success 214410281
pgmigrate_success 214410281
pgmigrate_success 214410281
pgmigrate_success 214410281
pgmigrate_success 214410281
pgmigrate_success 214410281
pgmigrate_success 214410281
pgmigrate_success 214410281
pgmigrate_success 214410281
pgmigrate_success 214410281
pgmigrate_success 214410281
pgmigrate_success 214410281
pgmigrate_success 214410281
pgmigrate_success 214410281
pgmigrate_success 214410281
pgmigrate_success 214410281
pgmigrate_success 214410281
pgmigrate_success 214410281
pgmigrate_success 214410281
pgmigrate_success 214410281
pgmigrate_success 214410281
pgmigrate_success 214410281
pgmigrate_success 214410281
pgmigrate_success 214410281
pgmigrate_success 214410281
pgmigrate_success 214410281
pgmigrate_success 214410281
pgmigrate_success 214410281
pgmigrate_success 214410281
pgmigrate_success 214410281
pgmigrate_success 214410281
pgmigrate_success 214410281
pgmigrate_success 214410281
pgmigrate_success 214410281
pgmigrate_success 214410281
pgmigrate_success 214410281
pgmigrate_success 214410281
pgmigrate_success 214410281
pgmigrate_success 214410281
pgmigrate_success 214410281
pgmigrate_success 214410281
pgmigrate_success 214410281
pgmigrate_success 214410281
pgmigrate_success 214410281
pgmigrate_success 214410281
pgmigrate_success 214410281
pgmigrate_success 214410281
pgmigrate_success 214410281
pgmigrate_success 214410281
pgmigrate_success 214410281
pgmigrate_success 214410281
pgmigrate_success 214410281
pgmigrate_success 214410281
pgmigrate_success 214410281
pgmigrate_success 214410281
pgmigrate_success 214410281
pgmigrate_success 214410281
pgmigrate_success 214410281
pgmigrate_success 214410281
pgmigrate_success 214410281
pgmigrate_success 214410281
pgmigrate_success 214410281
pgmigrate_success 214410281
pgmigrate_success 214410281
pgmigrate_success 214410281
pgmigrate_success 214410281
pgmigrate_success 214410281
pgmigrate_success 214410281
pgmigrate_success 214410281
pgmigrate_success 214410281
pgmigrate_success 214410281
pgmigrate_success 214410281
pgmigrate_success 214410281
pgmigrate_success 214410281
pgmigrate_success 214410281
pgmigrate_success 214410281
pgmigrate_success 214410281
pgmigrate_success 214410281
pgmigrate_success 214410281
pgmigrate_success 214410281
pgmigrate_success 214410281
pgmigrate_success 214410281
pgmigrate_success 214410281
pgmigrate_success 214410281
pgmigrate_success 214410281
pgmigrate_success 214410281
pgmigrate_success 214410281
pgmigrate_success 214410281
pgmigrate_success 214410281
pgmigrate_success 214410281
pgmigrate_success 214410281
pgmigrate_success 214410281
pgmigrate_success 214410281
pgmigrate_success 214410281
pgmigrate_success 214410281
pgmigrate_success 214410281
pgmigrate_success 214410281
pgmigrate_success 214410281
pgmigrate_success 214410281
pgmigrate_success 214410281
pgmigrate_success 214410281
pgmigrate_success 214410281
pgmigrate_success 214410281
pgmigrate_success 214410281
pgmigrate_success 214410281
pgmigrate_success 214410281
pgmigrate_success 214410281
pgmigrate_success 214410281
pgmigrate_success 214410281
pgmigrate_success 214410281
pgmigrate_success 214410281
pgmigrate_success 214410281
pgmigrate_success 214410281
pgmigrate_success 214410281
pgmigrate_success 214410281
pgmigrate_success 214410281
pgmigrate_success 214410281
pgmigrate_success 214410281
pgmigrate_success 214410281
pgmigrate_success 214410281
pgmigrate_success 214410281
pgmigrate_success 214410281
pgmigrate_success 214410281
pgmigrate_success 214410281
pgmigrate_success 214410281
pgmigrate_success 214410281
pgmigrate_success 214410281
pgmigrate_success 214410281
pgmigrate_success 214410281
pgmigrate_success 214410281
pgmigrate_success 214410281
pgmigrate_success 214410281
pgmigrate_success 214410281
pgmigrate_success 214410281
pgmigrate_success 214410281
pgmigrate_success 214410281
pgmigrate_success 214410281
pgmigrate_success 214410281
pgmigrate_success 214410281
pgmigrate_success 214410281
pgmigrate_success 214410281
pgmigrate_success 214410281
pgmigrate_success 214410281
pgmigrate_success 214410281
pgmigrate_success 214410281
pgmigrate_success 214410281
pgmigrate_success 214410281
pgmigrate_success 214410281
pgmigrate_success 214410281
pgmigrate_success 214410281
pgmigrate_success 214410281
pgmigrate_success 214410281
pgmigrate_success 214410281
pgmigrate_success 214410281
pgmigrate_success 214410281
pgmigrate_success 214410281
pgmigrate_success 214410281
pgmigrate_success 214410281
pgmigrate_success 214410281
pgmigrate_success 214410281
pgmigrate_success 214410281
pgmigrate_success 214410281
pgmigrate_success 214410281
pgmigrate_success 214410281
pgmigrate_success 214410281
pgmigrate_success 214410281
pgmigrate_success 214410281
pgmigrate_success 214410281
pgmigrate_success 214410281
pgmigrate_success 214410281
pgmigrate_success 214410281
pgmigrate_success 214410281
pgmigrate_success 214410281
pgmigrate_success 214410281
pgmigrate_success 214410281
pgmigrate_success 214410281
pgmigrate_success 214410281
pgmigrate_success 214410281
pgmigrate_success 214410281
pgmigrate_success 214410281
pgmigrate_success 214410281
pgmigrate_success 214410281
pgmigrate_success 214410281
pgmigrate_success 214410281
pgmigrate_success 214410281
