pgmigrate_success 18059910
pgmigrate_fail 110488
thp_migration_success 32375
thp_migration_fail 0
thp_migration_split 0
thp_fault_alloc 132944
thp_fault_fallback 158
thp_fault_fallback_charge 0
thp_collapse_alloc 40144
thp_collapse_alloc_failed 33923
thp_file_alloc 117
thp_file_fallback 0
thp_file_fallback_charge 0
thp_file_mapped 0
thp_split_page 3344
thp_split_page_failed 202
thp_deferred_split_page 38674
thp_split_pmd 122639
thp_split_pud 0
thp_zero_page_alloc 1
thp_zero_page_alloc_failed 0
thp_swpout 0
thp_swpout_fallback 0
htmm_nr_promoted 14509504
htmm_nr_demoted 2015947
htmm_nr_sampled 0
htmm_missed_dramread 3314
htmm_missed_nvmread 0
htmm_missed_write 0
htmm_alloc_dram 74799632
htmm_alloc_nvm 0
