hot 0 warm 0 cold 0
hot 2 warm 0 cold 0
hot 2 warm 0 cold 0
hot 2 warm 0 cold 0
hot 2 warm 0 cold 0
hot 2 warm 0 cold 0
hot 2 warm 0 cold 0
hot 2 warm 0 cold 0
hot 2 warm 0 cold 0
hot 2 warm 0 cold 0
hot 2 warm 0 cold 0
hot 2 warm 0 cold 0
hot 2 warm 0 cold 0
hot 2 warm 0 cold 0
hot 2 warm 0 cold 0
hot 2 warm 0 cold 0
hot 2 warm 0 cold 0
hot 2 warm 0 cold 0
hot 2 warm 0 cold 0
hot 2 warm 0 cold 0
hot 2 warm 0 cold 0
hot 2 warm 0 cold 0
hot 2 warm 0 cold 0
hot 2 warm 0 cold 0
hot 2 warm 0 cold 0
hot 2 warm 0 cold 0
hot 2 warm 0 cold 0
hot 2 warm 0 cold 0
hot 2 warm 0 cold 0
hot 2 warm 0 cold 0
hot 2 warm 0 cold 0
hot 2 warm 0 cold 0
hot 2 warm 0 cold 0
hot 2 warm 0 cold 0
hot 2 warm 0 cold 0
hot 2 warm 0 cold 0
hot 2 warm 0 cold 0
hot 2 warm 0 cold 0
hot 2 warm 0 cold 0
hot 2 warm 0 cold 0
hot 2 warm 0 cold 0
hot 2 warm 0 cold 0
hot 2 warm 0 cold 0
hot 2 warm 0 cold 0
hot 2 warm 0 cold 0
hot 2 warm 0 cold 0
hot 2 warm 0 cold 0
hot 2 warm 0 cold 0
hot 2 warm 0 cold 0
hot 2 warm 0 cold 0
hot 2 warm 0 cold 0
hot 2 warm 0 cold 0
hot 2 warm 0 cold 0
hot 2 warm 0 cold 0
hot 2 warm 0 cold 0
hot 2 warm 0 cold 0
hot 2 warm 0 cold 0
hot 2 warm 0 cold 0
hot 2 warm 0 cold 0
hot 2 warm 0 cold 0
hot 2 warm 0 cold 0
hot 2 warm 0 cold 0
hot 2 warm 0 cold 0
hot 2 warm 0 cold 0
hot 2 warm 0 cold 0
hot 2 warm 0 cold 0
hot 11921 warm 0 cold 0
hot 33424 warm 0 cold 3
hot 33424 warm 0 cold 14
hot 322704 warm 0 cold 0
hot 368784 warm 0 cold 0
hot 435857 warm 0 cold 0
hot 539281 warm 0 cold 0
hot 623761 warm 0 cold 0
hot 714897 warm 0 cold 0
hot 170435 warm 163840 cold 456398
hot 218434 warm 0 cold 685903
hot 262297 warm 0 cold 742904
hot 148459 warm 0 cold 954534
hot 149254 warm 0 cold 1094027
hot 150091 warm 0 cold 1244742
hot 150929 warm 0 cold 1445120
hot 151811 warm 186880 cold 1475470
hot 152790 warm 186880 cold 1794491
hot 153936 warm 187392 cold 2297665
hot 155059 warm 187904 cold 3077342
hot 47970 warm 187904 cold 3893038
hot 102773 warm 187904 cold 3997467
hot 181141 warm 188416 cold 4110587
hot 182230 warm 188416 cold 4226234
hot 183133 warm 188416 cold 4319027
hot 184148 warm 188416 cold 4387644
hot 185895 warm 187904 cold 4423785
hot 188270 warm 187392 cold 4442402
hot 5087 warm 0 cold 4103125
hot 349665 warm 0 cold 4103123
hot 404961 warm 0 cold 4103123
hot 409571 warm 0 cold 4103121
hot 286 warm 412354 cold 4103124
hot 325 warm 0 cold 4517999
hot 365 warm 0 cold 4525127
hot 429 warm 0 cold 4546055
hot 481 warm 0 cold 4562387
hot 523 warm 468456 cold 4106177
hot 91191 warm 391106 cold 4107707
hot 131162 warm 361394 cold 4109224
hot 131184 warm 377269 cold 4111247
hot 131205 warm 388541 cold 4113266
hot 131225 warm 395739 cold 4114752
hot 131255 warm 400917 cold 4118760
hot 131281 warm 406167 cold 4120652
hot 131302 warm 414646 cold 4125464
hot 146211 warm 420769 cold 4131056
hot 50108 warm 491367 cold 4134032
hot 164828 warm 530471 cold 4136880
hot 164842 warm 531656 cold 4162199
hot 164890 warm 535072 cold 4186257
hot 165481 warm 540743 cold 4191887
hot 165496 warm 540729 cold 4191887
hot 165512 warm 540728 cold 4192398
hot 468 warm 4627 cold 4192910
hot 146388 warm 4627 cold 4192910
hot 398805 warm 4626 cold 4192910
hot 404437 warm 0 cold 4197536
hot 410070 warm 0 cold 4197536
hot 2 warm 0 cold 4614260
hot 2 warm 0 cold 4619892
hot 2 warm 0 cold 4625524
hot 2 warm 0 cold 4628597
hot 2 warm 0 cold 4632695
hot 2 warm 0 cold 4637303
hot 3 warm 0 cold 4643958
hot 4 warm 449534 cold 4198008
hot 4 warm 453630 cold 4198010
hot 5 warm 460797 cold 4198010
hot 5 warm 478717 cold 4200063
hot 12 warm 498678 cold 4204687
hot 24 warm 510442 cold 4207277
hot 31 warm 520675 cold 4208865
hot 50 warm 524240 cold 4211513
hot 73 warm 527289 cold 4218807
hot 92 warm 532391 cold 4224157
hot 112 warm 542611 cold 4235884
hot 16513 warm 549251 cold 4255591
hot 159234 warm 527873 cold 4261778
hot 162818 warm 535041 cold 4268455
hot 162818 warm 542210 cold 4270061
hot 163330 warm 544770 cold 4270149
hot 163330 warm 544770 cold 4272197
hot 163330 warm 545282 cold 4272709
hot 163330 warm 545282 cold 4272710
hot 163330 warm 545282 cold 4273222
hot 163330 warm 545282 cold 4273746
hot 163334 warm 545278 cold 4274262
hot 2 warm 0 cold 4274262
hot 199170 warm 0 cold 4274262
hot 402434 warm 0 cold 4274262
hot 385027 warm 0 cold 1024
hot 414834 warm 0 cold 4364453
hot 421490 warm 0 cold 4364453
hot 427122 warm 0 cold 4364453
hot 432754 warm 0 cold 4364453
hot 447602 warm 0 cold 4364453
hot 459378 warm 0 cold 4364453
hot 474226 warm 0 cold 4364453
hot 79361 warm 408689 cold 4364453
hot 91137 warm 408689 cold 4364453
hot 101889 warm 408689 cold 4364453
hot 109569 warm 408689 cold 4364453
hot 115201 warm 408689 cold 4364453
hot 121345 warm 408689 cold 4364453
hot 125441 warm 408689 cold 4364453
hot 134145 warm 408689 cold 4364453
hot 156673 warm 408689 cold 4364453
hot 243276 warm 278053 cold 4364453
hot 142337 warm 0 cold 4876053
hot 142337 warm 0 cold 4877077
hot 142337 warm 0 cold 4884757
hot 142337 warm 0 cold 4885781
hot 142337 warm 243275 cold 4642506
hot 142337 warm 243275 cold 4642506
hot 142337 warm 243787 cold 4642506
hot 5121 warm 0 cold 4364453
hot 350209 warm 0 cold 4364453
hot 375297 warm 0 cold 4364453
hot 397825 warm 0 cold 4364453
hot 419841 warm 0 cold 4364453
hot 436737 warm 0 cold 4364453
hot 446977 warm 0 cold 4364453
hot 457729 warm 0 cold 4364453
hot 462849 warm 0 cold 4364453
hot 468993 warm 0 cold 4364453
hot 472065 warm 0 cold 4364453
hot 472577 warm 0 cold 4364453
hot 474625 warm 0 cold 4364453
hot 474625 warm 0 cold 4364453
hot 475137 warm 0 cold 4364453
hot 475137 warm 0 cold 4364453
hot 475137 warm 0 cold 4364453
hot 485889 warm 0 cold 4364453
hot 388096 warm 0 cold 4364453
hot 515072 warm 0 cold 4364453
hot 627712 warm 0 cold 4364453
hot 627712 warm 0 cold 4364453
hot 627712 warm 0 cold 4364453
hot 628224 warm 0 cold 4364453
hot 628224 warm 0 cold 4364460
hot 629248 warm 0 cold 4364453
hot 629760 warm 0 cold 4364453
hot 630784 warm 0 cold 4364453
hot 1536 warm 0 cold 4364453
hot 384512 warm 0 cold 4364453
hot 398848 warm 0 cold 4364453
hot 412672 warm 0 cold 4364453
hot 425984 warm 0 cold 4364453
hot 441344 warm 0 cold 4364453
hot 452096 warm 0 cold 4364453
hot 466432 warm 0 cold 4364453
hot 481792 warm 0 cold 4364453
hot 489984 warm 0 cold 4364453
hot 500736 warm 0 cold 4364453
hot 509952 warm 0 cold 4364453
hot 515584 warm 0 cold 4364453
hot 522752 warm 0 cold 4364453
hot 527360 warm 0 cold 4364453
hot 532992 warm 0 cold 4364453
hot 543232 warm 0 cold 4364453
hot 574464 warm 0 cold 4364453
hot 550399 warm 0 cold 4364453
hot 694271 warm 0 cold 4364453
hot 694783 warm 0 cold 4364453
hot 695295 warm 0 cold 4364453
hot 696831 warm 0 cold 4364453
hot 698367 warm 0 cold 4364453
hot 701439 warm 0 cold 4364453
hot 701951 warm 0 cold 4364453
hot 5120 warm 0 cold 4364453
hot 399360 warm 0 cold 4364453
hot 422400 warm 0 cold 4364453
hot 443392 warm 0 cold 4364453
hot 459776 warm 0 cold 4364453
hot 473088 warm 0 cold 4364453
hot 485888 warm 0 cold 4364453
hot 498176 warm 0 cold 4364453
hot 507392 warm 0 cold 4364453
hot 513536 warm 0 cold 4364453
hot 518656 warm 0 cold 4364453
hot 522240 warm 0 cold 4364453
hot 524288 warm 0 cold 4364453
hot 527360 warm 0 cold 4364453
hot 529920 warm 0 cold 4364453
hot 534528 warm 0 cold 4364467
hot 545280 warm 0 cold 4364638
hot 446463 warm 0 cold 4365410
hot 604159 warm 0 cold 4365744
hot 705535 warm 0 cold 4365884
hot 706047 warm 0 cold 4365884
hot 706047 warm 0 cold 4365889
hot 707139 warm 0 cold 4152515
hot 707651 warm 0 cold 4231476
hot 708164 warm 0 cold 4301622
hot 710212 warm 0 cold 4332854
hot 1536 warm 0 cold 4332854
hot 367616 warm 0 cold 4332854
hot 416256 warm 0 cold 4332854
hot 431104 warm 0 cold 4332854
hot 443392 warm 0 cold 4332854
hot 460288 warm 0 cold 4332854
hot 471552 warm 0 cold 4332854
hot 483328 warm 0 cold 4332854
hot 488960 warm 0 cold 4332854
hot 498176 warm 0 cold 4332854
hot 502784 warm 0 cold 4332854
hot 509952 warm 0 cold 4332854
hot 516096 warm 0 cold 4332854
hot 520704 warm 0 cold 4332854
hot 523776 warm 0 cold 4332854
hot 525824 warm 0 cold 4332854
hot 528384 warm 0 cold 4332854
hot 531456 warm 0 cold 4332854
hot 537088 warm 0 cold 4333366
hot 550912 warm 0 cold 4333367
hot 501759 warm 0 cold 4333368
hot 662527 warm 0 cold 4333368
hot 705535 warm 0 cold 4333368
hot 705535 warm 0 cold 4333368
hot 705535 warm 0 cold 4333368
hot 706047 warm 0 cold 4333368
hot 706047 warm 0 cold 4333368
hot 706047 warm 0 cold 4333368
hot 706047 warm 0 cold 4333368
hot 706559 warm 0 cold 4333368
hot 708095 warm 0 cold 4333368
hot 9728 warm 0 cold 4333368
hot 408576 warm 0 cold 4333368
hot 438272 warm 0 cold 4333368
hot 461312 warm 0 cold 4333368
hot 479744 warm 0 cold 4333368
hot 493568 warm 0 cold 4333368
hot 501248 warm 0 cold 4333368
hot 511488 warm 0 cold 4333368
hot 517120 warm 0 cold 4333368
hot 521728 warm 0 cold 4333368
hot 523776 warm 0 cold 4333368
hot 524800 warm 0 cold 4333368
hot 525824 warm 0 cold 4333368
hot 527360 warm 0 cold 4333368
hot 528896 warm 0 cold 4333368
hot 531456 warm 0 cold 4333368
hot 536064 warm 0 cold 4333368
hot 548352 warm 0 cold 4333368
hot 454143 warm 0 cold 4333372
hot 602111 warm 0 cold 4333372
hot 672767 warm 0 cold 4333372
hot 672767 warm 0 cold 4333372
hot 672767 warm 0 cold 4333372
hot 673279 warm 0 cold 4333372
hot 673279 warm 0 cold 4333372
hot 673279 warm 0 cold 4333374
hot 674303 warm 0 cold 4333376
hot 674815 warm 0 cold 4333376
hot 3584 warm 0 cold 4333376
hot 396288 warm 0 cold 4333376
hot 417792 warm 0 cold 4333376
hot 433664 warm 0 cold 4333376
hot 452608 warm 0 cold 4333376
hot 467968 warm 0 cold 4333376
hot 479744 warm 0 cold 4333376
hot 489984 warm 0 cold 4333376
hot 500736 warm 0 cold 4333376
hot 505344 warm 0 cold 4333376
hot 514048 warm 0 cold 4333376
hot 520192 warm 0 cold 4333376
hot 522752 warm 0 cold 4333376
hot 525312 warm 0 cold 4333376
hot 527360 warm 0 cold 4333376
hot 530432 warm 0 cold 4333377
hot 534016 warm 0 cold 4333378
hot 543744 warm 0 cold 4333378
hot 564736 warm 0 cold 4333378
hot 599551 warm 0 cold 4333378
hot 708095 warm 0 cold 4333378
hot 708095 warm 0 cold 4333378
hot 709521 warm 0 cold 3338947
hot 709522 warm 0 cold 3517123
hot 709522 warm 0 cold 3769027
hot 709522 warm 0 cold 3926723
hot 709522 warm 0 cold 4098243
hot 710034 warm 0 cold 4209859
hot 126135 warm 0 cold 4246723
