pgmigrate_success 31785926
pgmigrate_fail 176968
thp_migration_success 52850
thp_migration_fail 0
thp_migration_split 0
thp_fault_alloc 134065
thp_fault_fallback 0
thp_fault_fallback_charge 0
thp_collapse_alloc 4359
thp_collapse_alloc_failed 25346
thp_file_alloc 152
thp_file_fallback 0
thp_file_fallback_charge 0
thp_file_mapped 0
thp_split_page 1621
thp_split_page_failed 113
thp_deferred_split_page 3891
thp_split_pmd 6041
thp_split_pud 0
thp_zero_page_alloc 0
thp_zero_page_alloc_failed 0
thp_swpout 0
thp_swpout_fallback 0
htmm_nr_promoted 25157501
htmm_nr_demoted 4673405
htmm_nr_sampled 0
htmm_missed_dramread 940
htmm_missed_nvmread 0
htmm_missed_write 0
htmm_alloc_dram 110038820
htmm_alloc_nvm 0
