pgmigrate_success 70084426
pgmigrate_fail 326837
thp_migration_success 119070
thp_migration_fail 17
thp_migration_split 0
thp_fault_alloc 279962
thp_fault_fallback 0
thp_fault_fallback_charge 0
thp_collapse_alloc 6819
thp_collapse_alloc_failed 56141
thp_file_alloc 281
thp_file_fallback 0
thp_file_fallback_charge 0
thp_file_mapped 0
thp_split_page 2878
thp_split_page_failed 175
thp_deferred_split_page 6437
thp_split_pmd 8414
thp_split_pud 0
thp_zero_page_alloc 0
thp_zero_page_alloc_failed 0
thp_swpout 0
thp_swpout_fallback 0
htmm_nr_promoted 57173955
htmm_nr_demoted 10095174
htmm_nr_sampled 0
htmm_missed_dramread 1706
htmm_missed_nvmread 0
htmm_missed_write 0
htmm_alloc_dram 223984854
htmm_alloc_nvm 0
