hot 0 warm 0 cold 0
hot 1 warm 0 cold 0
hot 1 warm 0 cold 0
hot 1 warm 0 cold 0
hot 2 warm 0 cold 0
hot 2 warm 0 cold 0
hot 2 warm 0 cold 0
hot 2 warm 0 cold 0
hot 2 warm 0 cold 0
hot 2 warm 0 cold 0
hot 2 warm 0 cold 0
hot 2 warm 0 cold 0
hot 2 warm 0 cold 0
hot 2 warm 0 cold 0
hot 2 warm 0 cold 0
hot 2 warm 0 cold 0
hot 2 warm 0 cold 0
hot 2 warm 0 cold 0
hot 2 warm 0 cold 0
hot 2 warm 0 cold 0
hot 2 warm 0 cold 0
hot 2 warm 0 cold 0
hot 2 warm 0 cold 0
hot 2 warm 0 cold 0
hot 2 warm 0 cold 0
hot 2 warm 0 cold 0
hot 2 warm 0 cold 0
hot 2 warm 0 cold 0
hot 2 warm 0 cold 0
hot 2 warm 0 cold 0
hot 2 warm 0 cold 0
hot 2 warm 0 cold 0
hot 2 warm 0 cold 0
hot 2 warm 0 cold 0
hot 2 warm 0 cold 0
hot 2 warm 0 cold 0
hot 2 warm 0 cold 0
hot 2 warm 0 cold 0
hot 2 warm 0 cold 0
hot 2 warm 0 cold 0
hot 2 warm 0 cold 0
hot 2 warm 0 cold 0
hot 2 warm 0 cold 0
hot 2 warm 0 cold 0
hot 2 warm 0 cold 0
hot 2 warm 0 cold 0
hot 2 warm 0 cold 0
hot 2 warm 0 cold 0
hot 2 warm 0 cold 0
hot 2 warm 0 cold 0
hot 2 warm 0 cold 0
hot 2 warm 0 cold 0
hot 2 warm 0 cold 0
hot 2 warm 0 cold 0
hot 2 warm 0 cold 0
hot 2 warm 0 cold 0
hot 2 warm 0 cold 0
hot 2 warm 0 cold 0
hot 2 warm 0 cold 0
hot 2 warm 0 cold 0
hot 2 warm 0 cold 0
hot 2 warm 0 cold 0
hot 2 warm 0 cold 0
hot 7686 warm 0 cold 0
hot 39941 warm 0 cold 0
hot 432133 warm 0 cold 0
hot 544773 warm 0 cold 0
hot 947717 warm 0 cold 0
hot 395735 warm 0 cold 972334
hot 396814 warm 0 cold 1468919
hot 398878 warm 0 cold 1635815
hot 402462 warm 0 cold 1632743
hot 411678 warm 0 cold 1623527
hot 579636 warm 0 cold 3461585
hot 742044 warm 0 cold 3620200
hot 401651 warm 0 cold 4152081
hot 442673 warm 0 cold 4287699
hot 457074 warm 0 cold 4462738
hot 490411 warm 0 cold 4531801
hot 538109 warm 0 cold 4524551
hot 24127 warm 0 cold 4349588
hot 403520 warm 0 cold 4350099
hot 411200 warm 0 cold 4350611
hot 425536 warm 0 cold 4350611
hot 458305 warm 0 cold 4352658
hot 131183 warm 355283 cold 4355729
hot 131241 warm 380313 cold 4358289
hot 131268 warm 395135 cold 4360849
hot 131295 warm 404328 cold 4363405
hot 131315 warm 418139 cold 4368006
hot 14093 warm 437067 cold 4372603
hot 147245 warm 552239 cold 4373623
hot 149302 warm 551720 cold 4374133
hot 152906 warm 550681 cold 4374640
hot 152940 warm 554751 cold 4375144
hot 5907 warm 380921 cold 4375144
hot 14943 warm 0 cold 4375144
hot 400991 warm 0 cold 4375144
hot 417375 warm 0 cold 4375144
hot 433759 warm 0 cold 4375144
hot 448607 warm 0 cold 4375144
hot 465503 warm 0 cold 4375144
hot 479327 warm 0 cold 4375144
hot 489055 warm 0 cold 4375144
hot 236 warm 506647 cold 4375236
hot 113956 warm 401632 cold 4375235
hot 71 warm 130785 cold 4771641
hot 147804 warm 385296 cold 4386230
hot 168289 warm 385299 cold 4386222
hot 303539 warm 0 cold 4771438
hot 310709 warm 0 cold 4771436
hot 326078 warm 0 cold 4771427
hot 326098 warm 385222 cold 4386185
hot 326109 warm 385211 cold 4386185
hot 326109 warm 385211 cold 4386185
hot 336863 warm 374457 cold 4386185
hot 23554 warm 53 cold 4386185
hot 407042 warm 0 cold 4386238
hot 418307 warm 0 cold 4386237
hot 430595 warm 0 cold 4386237
hot 442371 warm 0 cold 4386237
hot 470531 warm 0 cold 4386237
hot 48 warm 497106 cold 4386238
hot 86 warm 519596 cold 4386238
hot 130 warm 530304 cold 4386238
hot 182 warm 544076 cold 4386238
hot 4299 warm 571703 cold 4386238
hot 140802 warm 560127 cold 4386238
hot 141314 warm 560639 cold 4386238
hot 141314 warm 564223 cold 4386238
hot 141314 warm 565759 cold 4386238
hot 141314 warm 565759 cold 4386238
hot 10753 warm 0 cold 4386238
hot 397313 warm 0 cold 4386238
hot 438785 warm 0 cold 4386238
hot 474625 warm 0 cold 4386238
hot 494593 warm 0 cold 4386238
hot 1 warm 0 cold 4895678
hot 1 warm 0 cold 4895678
hot 1 warm 0 cold 4895678
hot 1 warm 528384 cold 4386238
hot 1 warm 547840 cold 4386238
hot 64513 warm 479231 cold 4386238
hot 102913 warm 551935 cold 4386238
hot 140801 warm 559103 cold 4386238
hot 140801 warm 559103 cold 4386238
hot 140801 warm 559103 cold 4386238
hot 140801 warm 559103 cold 4386238
hot 9728 warm 559615 cold 4386238
hot 65024 warm 0 cold 4386238
hot 401920 warm 0 cold 4386238
hot 438784 warm 0 cold 4386238
hot 462598 warm 0 cold 76289
hot 502611 warm 0 cold 4386779
hot 503635 warm 0 cold 4386779
hot 45569 warm 0 cold 4862253
hot 52225 warm 475474 cold 4386779
hot 66049 warm 0 cold 4862253
hot 97550 warm 344644 cold 4386779
hot 273166 warm 344644 cold 4386779
hot 357646 warm 0 cold 4731423
hot 357646 warm 0 cold 4731423
hot 358158 warm 0 cold 4731423
hot 359182 warm 0 cold 4731423
hot 360718 warm 0 cold 4731423
hot 3072 warm 0 cold 4386779
hot 390144 warm 0 cold 4386779
hot 415744 warm 0 cold 4386779
hot 450048 warm 0 cold 4386779
hot 473600 warm 0 cold 4386779
hot 494080 warm 0 cold 4386779
hot 509952 warm 0 cold 4386779
hot 522752 warm 0 cold 4386779
hot 528896 warm 0 cold 4386779
hot 542720 warm 0 cold 4386779
hot 504319 warm 0 cold 4386779
hot 684543 warm 0 cold 4386779
hot 693759 warm 0 cold 4386779
hot 693759 warm 0 cold 4386779
hot 693759 warm 0 cold 4386779
hot 693759 warm 0 cold 4386779
hot 696319 warm 0 cold 4386779
hot 698879 warm 0 cold 4386779
hot 5120 warm 0 cold 4386780
hot 404992 warm 0 cold 4386780
hot 433152 warm 0 cold 4386780
hot 451584 warm 0 cold 4386780
hot 472064 warm 0 cold 4386780
hot 487936 warm 0 cold 4386780
hot 502784 warm 0 cold 4386780
hot 508928 warm 0 cold 4386780
hot 509440 warm 0 cold 4386780
hot 528384 warm 0 cold 4386780
hot 560128 warm 0 cold 4386780
hot 641535 warm 0 cold 4386780
hot 705535 warm 0 cold 4386780
hot 705535 warm 0 cold 4386780
hot 705535 warm 0 cold 4386780
hot 705535 warm 0 cold 4386780
hot 705535 warm 0 cold 4386780
hot 706047 warm 0 cold 4386780
hot 708095 warm 0 cold 4386780
hot 3584 warm 0 cold 4386780
hot 395776 warm 0 cold 4386780
hot 424448 warm 0 cold 4386780
hot 449536 warm 0 cold 4386780
hot 467456 warm 0 cold 4386780
hot 484864 warm 0 cold 4386780
hot 508928 warm 0 cold 4386780
hot 521216 warm 0 cold 4386780
hot 524800 warm 0 cold 4386780
hot 529408 warm 0 cold 4386780
hot 529408 warm 0 cold 4386780
hot 579583 warm 0 cold 4386780
hot 698367 warm 0 cold 4386780
hot 404994 warm 0 cold 241664
hot 699122 warm 0 cold 4385903
hot 699122 warm 0 cold 4385903
hot 699122 warm 0 cold 4385903
hot 699122 warm 0 cold 4385903
hot 703218 warm 0 cold 4381991
hot 9728 warm 0 cold 4381991
hot 399360 warm 0 cold 4381991
hot 429056 warm 0 cold 4381991
hot 460800 warm 0 cold 4381991
hot 487936 warm 0 cold 4381991
hot 505856 warm 0 cold 4381991
hot 519680 warm 0 cold 4381991
hot 524800 warm 0 cold 4381991
hot 530432 warm 0 cold 4381991
hot 545280 warm 0 cold 4381991
hot 451583 warm 0 cold 4381992
hot 643071 warm 0 cold 4381992
hot 708095 warm 0 cold 4381992
hot 708095 warm 0 cold 4381992
hot 708095 warm 0 cold 4381992
hot 708095 warm 0 cold 4381992
hot 708095 warm 0 cold 4381994
hot 708607 warm 0 cold 4381994
hot 708607 warm 0 cold 4382507
