anon 0
anon_thp 0
anon 267960320
anon_thp 266338304
anon 546881536
anon_thp 545259520
anon 825802752
anon_thp 824180736
anon 1115709440
anon_thp 1111490560
anon 1396727808
anon_thp 1392508928
anon 1679843328
anon_thp 1675624448
anon 1965056000
anon_thp 1960837120
anon 2256560128
anon_thp 2252341248
anon 2539675648
anon_thp 2535456768
anon 2824888320
anon_thp 2820669440
anon 3108003840
anon_thp 3103784960
anon 3397410816
anon_thp 3393191936
anon 3686817792
anon_thp 3682598912
anon 3969933312
anon_thp 3965714432
anon 4250951680
anon_thp 4246732800
anon 4542455808
anon_thp 4538236928
anon 4827668480
anon_thp 4823449600
anon 5110784000
anon_thp 5106565120
anon 5389705216
anon_thp 5385486336
anon 5679112192
anon_thp 5674893312
anon 5962227712
anon_thp 5958008832
anon 6245343232
anon_thp 6241124352
anon 6524264448
anon_thp 6520045568
anon 6811574272
anon_thp 6807355392
anon 7096786944
anon_thp 7092568064
anon 7381999616
anon_thp 7377780736
anon 7660920832
anon_thp 7656701952
anon 7950327808
anon_thp 7946108928
anon 8233443328
anon_thp 8229224448
anon 8510267392
anon_thp 8506048512
anon 8793382912
anon_thp 8789164032
anon 9089081344
anon_thp 9084862464
anon 9378488320
anon_thp 9374269440
anon 9665798144
anon_thp 9661579264
anon 9953107968
anon_thp 9948889088
anon 10242514944
anon_thp 10238296064
anon 10521436160
anon_thp 10517217280
anon 10800357376
anon_thp 10796138496
anon 11081375744
anon_thp 11077156864
anon 11377074176
anon_thp 11372855296
anon 11664384000
anon_thp 11660165120
anon 11955888128
anon_thp 11951669248
anon 12241100800
anon_thp 12236881920
anon 12534702080
anon_thp 12530483200
anon 12819914752
anon_thp 12815695872
anon 13103030272
anon_thp 13098811392
anon 13388242944
anon_thp 13384024064
anon 13679747072
anon_thp 13675528192
anon 13960765440
anon_thp 13956546560
anon 14239686656
anon_thp 14235467776
anon 14522802176
anon_thp 14518583296
anon 14805917696
anon_thp 14801698816
anon 15091130368
anon_thp 15086911488
anon 15370051584
anon_thp 15365832704
anon 15655264256
anon_thp 15651045376
anon 15942574080
anon_thp 15938355200
anon 16227786752
anon_thp 16223567872
anon 16512999424
anon_thp 16508780544
anon 16802406400
anon_thp 16798187520
anon 17100201984
anon_thp 17095983104
anon 17381220352
anon_thp 17377001472
anon 17660141568
anon_thp 17655922688
anon 17934868480
anon_thp 17930649600
anon 19384717312
anon_thp 19375587328
anon 20677103616
anon_thp 20661141504
anon 20723240960
anon_thp 20707278848
anon 20786155520
anon_thp 20770193408
anon 20821807104
anon_thp 20805844992
anon 20842778624
anon_thp 20826816512
anon 20859555840
anon_thp 20843593728
anon 20872138752
anon_thp 20856176640
anon 20880527360
anon_thp 20864565248
anon 20888915968
anon_thp 20872953856
anon 20893110272
anon_thp 20877148160
anon 20897304576
anon_thp 20881342464
anon 20897304576
anon_thp 20881342464
anon 20897304576
anon_thp 20881342464
anon 20897304576
anon_thp 20881342464
anon 20897304576
anon_thp 20881342464
anon 20897304576
anon_thp 20881342464
anon 20897304576
anon_thp 20881342464
anon 20360429568
anon_thp 20346568704
anon 20324786176
anon_thp 20310917120
anon 20710658048
anon_thp 20694695936
anon 20750503936
anon_thp 20734541824
anon 20773572608
anon_thp 20757610496
anon 20809224192
anon_thp 20793262080
anon 20838584320
anon_thp 20822622208
anon 20857458688
anon_thp 20841496576
anon 20872138752
anon_thp 20856176640
anon 20882624512
anon_thp 20866662400
anon 20891013120
anon_thp 20875051008
anon 20895207424
anon_thp 20879245312
anon 20897304576
anon_thp 20881342464
anon 20897304576
anon_thp 20881342464
anon 20897304576
anon_thp 20881342464
anon 20897304576
anon_thp 20881342464
anon 20897304576
anon_thp 20881342464
anon 20897304576
anon_thp 20881342464
anon 19276775424
anon_thp 19266535424
anon 20679200768
anon_thp 20663238656
anon 20731629568
anon_thp 20715667456
anon 20763086848
anon_thp 20747124736
anon 20784058368
anon_thp 20768096256
anon 20800835584
anon_thp 20784873472
anon 20811321344
anon_thp 20795359232
anon 20823904256
anon_thp 20807942144
anon 20832292864
anon_thp 20816330752
anon 20840681472
anon_thp 20824719360
anon 20859555840
anon_thp 20843593728
anon 20872138752
anon_thp 20856176640
anon 20882624512
anon_thp 20866662400
anon 20891013120
anon_thp 20875051008
anon 20895207424
anon_thp 20879245312
anon 20897304576
anon_thp 20881342464
anon 20897304576
anon_thp 20881342464
anon 20897304576
anon_thp 20881342464
anon 20897304576
anon_thp 20881342464
anon 20897304576
anon_thp 20881342464
anon 20897304576
anon_thp 20881342464
anon 20897304576
anon_thp 20881342464
anon 20897304576
anon_thp 20881342464
anon 20897304576
anon_thp 20881342464
anon 19596496896
anon_thp 19585302528
anon 20681297920
anon_thp 20665335808
anon 20731629568
anon_thp 20715667456
anon 20760989696
anon_thp 20745027584
anon 20781961216
anon_thp 20765999104
anon 20802932736
anon_thp 20786970624
anon 20834390016
anon_thp 20818427904
anon 20855361536
anon_thp 20839399424
anon 20870041600
anon_thp 20854079488
anon 20880527360
anon_thp 20864565248
anon 20888915968
anon_thp 20872953856
anon 20895207424
anon_thp 20879245312
anon 20897304576
anon_thp 20881342464
anon 20897304576
anon_thp 20881342464
anon 20897304576
anon_thp 20881342464
anon 20897304576
anon_thp 20881342464
anon 20897304576
anon_thp 20881342464
anon 20897304576
anon_thp 20881342464
anon 18288435200
anon_thp 18280873984
anon 20662423552
anon_thp 20646461440
anon 20727435264
anon_thp 20711473152
anon 20788252672
anon_thp 20772290560
anon 20819709952
anon_thp 20803747840
anon 20840681472
anon_thp 20824719360
anon 20855361536
anon_thp 20839399424
anon 20867944448
anon_thp 20851982336
anon 20876333056
anon_thp 20860370944
anon 20884721664
anon_thp 20868759552
anon 20891013120
anon_thp 20875051008
anon 20895207424
anon_thp 20879245312
anon 20897304576
anon_thp 20881342464
anon 20897304576
anon_thp 20881342464
anon 20897304576
anon_thp 20881342464
anon 20897304576
anon_thp 20881342464
anon 20897304576
anon_thp 20881342464
anon 20897304576
anon_thp 20881342464
anon 20897304576
anon_thp 20881342464
anon 20897304576
anon_thp 20881342464
anon 19973984256
anon_thp 19962789888
anon 20702269440
anon_thp 20686307328
anon 20760989696
anon_thp 20745027584
anon 20809224192
anon_thp 20793262080
anon 20836487168
anon_thp 20820525056
anon 20855361536
anon_thp 20839399424
anon 20867944448
anon_thp 20851982336
anon 20880527360
anon_thp 20864565248
anon 20886818816
anon_thp 20870856704
anon 20893110272
anon_thp 20877148160
anon 20897845248
anon_thp 20885536768
anon 20897845248
anon_thp 20885536768
anon 20897845248
anon_thp 20885536768
anon 20897845248
anon_thp 20885536768
anon 20897845248
anon_thp 20885536768
anon 20897845248
anon_thp 20885536768
anon 20897845248
anon_thp 20885536768
anon 20897845248
anon_thp 20885536768
anon 20107083776
anon_thp 20099104768
anon 20702810112
anon_thp 20690501632
anon 20778307584
anon_thp 20765999104
anon 20816056320
anon_thp 20803747840
anon 20839124992
anon_thp 20826816512
anon 20855902208
anon_thp 20843593728
anon 20868485120
anon_thp 20856176640
anon 20878970880
anon_thp 20866662400
anon 20887359488
anon_thp 20875051008
anon 20893650944
anon_thp 20881342464
anon 20895748096
anon_thp 20883439616
anon 20897845248
anon_thp 20885536768
anon 20897845248
anon_thp 20885536768
anon 20897845248
anon_thp 20885536768
anon 20897845248
anon_thp 20885536768
anon 20897845248
anon_thp 20885536768
anon 20897845248
anon_thp 20885536768
anon 20897845248
anon_thp 20885536768
anon 20897845248
anon_thp 20885536768
anon 19563016192
anon_thp 19555942400
anon 20681838592
anon_thp 20669530112
anon 20755238912
anon_thp 20742930432
anon 20797181952
anon_thp 20784873472
anon 20822347776
anon_thp 20810039296
anon 20841222144
anon_thp 20828913664
anon 20855902208
anon_thp 20843593728
anon 20866387968
anon_thp 20854079488
anon 20874776576
anon_thp 20862468096
anon 20883165184
anon_thp 20870856704
anon 20889456640
anon_thp 20877148160
anon 20895748096
anon_thp 20883439616
anon 20681359360
anon_thp 20669530112
anon 20897845248
anon_thp 20885536768
anon 20897845248
anon_thp 20885536768
anon 20897845248
anon_thp 20885536768
anon 20897845248
anon_thp 20885536768
anon 20897845248
anon_thp 20885536768
anon 20897845248
anon_thp 20885536768
anon 20897845248
anon_thp 20885536768
anon 20897845248
anon_thp 20885536768
anon 20897845248
anon_thp 20885536768
anon 20306452480
anon_thp 20296237056
anon 20715393024
anon_thp 20703084544
anon 20780404736
anon_thp 20768096256
anon 20813959168
anon_thp 20801650688
anon 20834930688
anon_thp 20822622208
anon 20851707904
anon_thp 20839399424
anon 20864290816
anon_thp 20851982336
anon 20874776576
anon_thp 20862468096
anon 20883165184
anon_thp 20870856704
anon 20889456640
anon_thp 20877148160
anon 20895748096
anon_thp 20883439616
anon 20897845248
anon_thp 20885536768
anon 20897845248
anon_thp 20885536768
anon 20897845248
anon_thp 20885536768
anon 20897845248
anon_thp 20885536768
anon 20897845248
anon_thp 20885536768
anon 20897845248
anon_thp 20885536768
anon 20897845248
anon_thp 20885536768
anon 20897845248
anon_thp 20885536768
anon 20897845248
anon_thp 20885536768
anon 18587353088
anon_thp 18580766720
anon 20669255680
anon_thp 20656947200
anon 20744753152
anon_thp 20732444672
anon 20795084800
anon_thp 20782776320
anon 20824444928
anon_thp 20812136448
anon 20843319296
anon_thp 20831010816
anon 20857999360
anon_thp 20845690880
anon 20868485120
anon_thp 20856176640
anon 20878970880
anon_thp 20866662400
anon 20885262336
anon_thp 20872953856
anon 20891553792
anon_thp 20879245312
anon 20895748096
anon_thp 20883439616
anon 20895748096
anon_thp 20883439616
anon 20897845248
anon_thp 20885536768
anon 20897845248
anon_thp 20885536768
anon 20897845248
anon_thp 20885536768
anon 20897845248
anon_thp 20885536768
anon 20897845248
anon_thp 20885536768
anon 20897845248
anon_thp 20885536768
anon 20897845248
anon_thp 20885536768
anon 20897845248
anon_thp 20885536768
