pgmigrate_success 63881789
pgmigrate_success 63881793
pgmigrate_success 63881793
pgmigrate_success 63881793
pgmigrate_success 63881793
pgmigrate_success 63881793
pgmigrate_success 63881793
pgmigrate_success 63881793
pgmigrate_success 63881793
pgmigrate_success 63881793
pgmigrate_success 63881793
pgmigrate_success 63881793
pgmigrate_success 63881793
pgmigrate_success 63881793
pgmigrate_success 63881793
pgmigrate_success 63881793
pgmigrate_success 63881793
pgmigrate_success 63881793
pgmigrate_success 63881793
pgmigrate_success 63881793
pgmigrate_success 63881793
pgmigrate_success 63881793
pgmigrate_success 63881793
pgmigrate_success 63881793
pgmigrate_success 63881793
pgmigrate_success 63881793
pgmigrate_success 63881793
pgmigrate_success 63881793
pgmigrate_success 63881793
pgmigrate_success 63881793
pgmigrate_success 63881793
pgmigrate_success 63881793
pgmigrate_success 63881793
pgmigrate_success 63881793
pgmigrate_success 63881793
pgmigrate_success 63881793
pgmigrate_success 63881793
pgmigrate_success 63881793
pgmigrate_success 63881793
pgmigrate_success 63881793
pgmigrate_success 63881793
pgmigrate_success 63881793
pgmigrate_success 63881793
pgmigrate_success 63881793
pgmigrate_success 63881793
pgmigrate_success 63881793
pgmigrate_success 63881793
pgmigrate_success 63881793
pgmigrate_success 63881793
pgmigrate_success 63881793
pgmigrate_success 63881793
pgmigrate_success 63881793
pgmigrate_success 63881793
pgmigrate_success 63881793
pgmigrate_success 63881793
pgmigrate_success 63881793
pgmigrate_success 63881793
pgmigrate_success 63881793
pgmigrate_success 63881793
pgmigrate_success 63881793
pgmigrate_success 63881793
pgmigrate_success 63881793
pgmigrate_success 63881793
pgmigrate_success 63881793
pgmigrate_success 63892601
pgmigrate_success 63927418
pgmigrate_success 64120556
pgmigrate_success 64283959
pgmigrate_success 64284023
pgmigrate_success 64289143
pgmigrate_success 64289143
pgmigrate_success 64289143
pgmigrate_success 64289333
pgmigrate_success 64317127
pgmigrate_success 64317127
pgmigrate_success 64444112
pgmigrate_success 64461016
pgmigrate_success 64692086
pgmigrate_success 64696189
pgmigrate_success 64696202
pgmigrate_success 64696202
pgmigrate_success 64720283
pgmigrate_success 64909725
pgmigrate_success 65088430
pgmigrate_success 65088954
pgmigrate_success 65096131
pgmigrate_success 65096483
pgmigrate_success 65096561
pgmigrate_success 65096658
pgmigrate_success 65096684
pgmigrate_success 65096715
pgmigrate_success 65108001
pgmigrate_success 65141306
pgmigrate_success 65224264
pgmigrate_success 65224264
pgmigrate_success 65224264
pgmigrate_success 65224264
pgmigrate_success 65235037
pgmigrate_success 65430110
pgmigrate_success 65620432
pgmigrate_success 65620432
pgmigrate_success 65620432
pgmigrate_success 65620560
pgmigrate_success 65620591
pgmigrate_success 65620633
pgmigrate_success 65620649
pgmigrate_success 65620672
pgmigrate_success 65621491
pgmigrate_success 65621925
pgmigrate_success 65623100
pgmigrate_success 65752261
pgmigrate_success 65978065
pgmigrate_success 66034909
pgmigrate_success 66034909
pgmigrate_success 66034909
pgmigrate_success 66034909
pgmigrate_success 66034909
pgmigrate_success 66061537
pgmigrate_success 66253538
pgmigrate_success 66430254
pgmigrate_success 66430254
pgmigrate_success 66431279
pgmigrate_success 66431286
pgmigrate_success 66431288
pgmigrate_success 66431304
pgmigrate_success 66431334
pgmigrate_success 66431390
pgmigrate_success 66431401
pgmigrate_success 66490793
pgmigrate_success 66556345
pgmigrate_success 66556857
pgmigrate_success 66557090
pgmigrate_success 66557090
pgmigrate_success 66566314
pgmigrate_success 66666155
pgmigrate_success 66952373
pgmigrate_success 66952889
pgmigrate_success 66952890
pgmigrate_success 66952891
pgmigrate_success 66952891
pgmigrate_success 66952892
pgmigrate_success 66954408
pgmigrate_success 66989271
pgmigrate_success 67063141
pgmigrate_success 67192178
pgmigrate_success 67394942
pgmigrate_success 67438466
pgmigrate_success 67438466
pgmigrate_success 67440002
pgmigrate_success 67440002
pgmigrate_success 67445122
pgmigrate_success 67468674
pgmigrate_success 67553667
pgmigrate_success 67753348
pgmigrate_success 67863497
pgmigrate_success 67863497
pgmigrate_success 67863497
pgmigrate_success 67863497
pgmigrate_success 67863497
pgmigrate_success 67863497
pgmigrate_success 67863497
pgmigrate_success 67871178
pgmigrate_success 67949003
pgmigrate_success 67991167
pgmigrate_success 67991170
pgmigrate_success 67991170
pgmigrate_success 67991170
pgmigrate_success 67994244
pgmigrate_success 68163204
pgmigrate_success 68349066
pgmigrate_success 68385459
pgmigrate_success 68385459
pgmigrate_success 68385459
pgmigrate_success 68385459
pgmigrate_success 68385459
pgmigrate_success 68385459
pgmigrate_success 68385459
pgmigrate_success 68514562
pgmigrate_success 68515074
pgmigrate_success 68515074
pgmigrate_success 68515074
pgmigrate_success 68515074
pgmigrate_success 68515074
pgmigrate_success 68515074
pgmigrate_success 68515074
pgmigrate_success 68526340
pgmigrate_success 68621572
pgmigrate_success 68908302
pgmigrate_success 68908302
pgmigrate_success 68908302
pgmigrate_success 68908302
pgmigrate_success 68908302
pgmigrate_success 68908302
pgmigrate_success 68908302
pgmigrate_success 68908302
pgmigrate_success 68908498
pgmigrate_success 69039669
pgmigrate_success 69039669
pgmigrate_success 69039669
pgmigrate_success 69039669
pgmigrate_success 69039669
pgmigrate_success 69039669
pgmigrate_success 69039669
pgmigrate_success 69039669
pgmigrate_success 69039669
pgmigrate_success 69051957
pgmigrate_success 69246006
pgmigrate_success 69432897
pgmigrate_success 69432897
pgmigrate_success 69432953
pgmigrate_success 69434651
pgmigrate_success 69434651
pgmigrate_success 69434651
pgmigrate_success 69434651
pgmigrate_success 69434651
pgmigrate_success 69448479
pgmigrate_success 69562305
pgmigrate_success 69562305
pgmigrate_success 69562305
pgmigrate_success 69562305
pgmigrate_success 69562305
pgmigrate_success 69562305
pgmigrate_success 69562305
pgmigrate_success 69562305
pgmigrate_success 69573059
pgmigrate_success 69769155
pgmigrate_success 69954771
pgmigrate_success 69954771
pgmigrate_success 69954771
pgmigrate_success 69954771
pgmigrate_success 69955283
pgmigrate_success 69955284
pgmigrate_success 69955284
pgmigrate_success 69955284
pgmigrate_success 70051650
pgmigrate_success 70083914
pgmigrate_success 70084426
pgmigrate_success 70084426
pgmigrate_success 70084426
pgmigrate_success 70084426
pgmigrate_success 70084426
pgmigrate_success 70084426
