hot 4219 warm 0 cold 0
hot 4220 warm 0 cold 0
hot 4220 warm 0 cold 0
hot 4220 warm 0 cold 0
hot 4220 warm 0 cold 0
hot 4220 warm 0 cold 0
hot 4220 warm 0 cold 0
hot 4220 warm 0 cold 0
hot 4220 warm 0 cold 0
hot 4220 warm 0 cold 0
hot 4220 warm 0 cold 0
hot 4220 warm 0 cold 0
hot 4220 warm 0 cold 0
hot 4220 warm 0 cold 0
hot 4220 warm 0 cold 0
hot 4220 warm 0 cold 0
hot 4220 warm 0 cold 0
hot 4220 warm 0 cold 0
hot 4220 warm 0 cold 0
hot 4220 warm 0 cold 0
hot 4220 warm 0 cold 0
hot 4220 warm 0 cold 0
hot 4220 warm 0 cold 0
hot 4220 warm 0 cold 0
hot 4220 warm 0 cold 0
hot 4220 warm 0 cold 0
hot 4220 warm 0 cold 0
hot 4220 warm 0 cold 0
hot 4220 warm 0 cold 0
hot 4220 warm 0 cold 0
hot 4220 warm 0 cold 0
hot 4220 warm 0 cold 0
hot 4220 warm 0 cold 0
hot 4220 warm 0 cold 0
hot 4220 warm 0 cold 0
hot 4220 warm 0 cold 0
hot 4220 warm 0 cold 0
hot 4220 warm 0 cold 0
hot 4220 warm 0 cold 0
hot 4220 warm 0 cold 0
hot 4220 warm 0 cold 0
hot 4220 warm 0 cold 0
hot 4220 warm 0 cold 0
hot 4220 warm 0 cold 0
hot 4220 warm 0 cold 0
hot 4220 warm 0 cold 0
hot 4220 warm 0 cold 0
hot 4220 warm 0 cold 0
hot 4220 warm 0 cold 0
hot 4220 warm 0 cold 0
hot 4220 warm 0 cold 0
hot 4220 warm 0 cold 0
hot 4220 warm 0 cold 0
hot 4220 warm 0 cold 0
hot 4220 warm 0 cold 0
hot 4220 warm 0 cold 0
hot 4220 warm 0 cold 0
hot 4220 warm 0 cold 0
hot 4220 warm 0 cold 0
hot 4220 warm 0 cold 0
hot 4220 warm 0 cold 0
hot 4220 warm 0 cold 0
hot 4220 warm 0 cold 0
hot 4220 warm 0 cold 0
hot 4220 warm 0 cold 0
hot 4220 warm 0 cold 0
hot 4220 warm 0 cold 0
hot 4220 warm 0 cold 0
hot 4220 warm 0 cold 0
hot 4220 warm 0 cold 0
hot 4220 warm 0 cold 0
hot 4220 warm 0 cold 0
hot 4220 warm 0 cold 0
hot 4220 warm 0 cold 0
hot 4220 warm 0 cold 0
hot 4220 warm 0 cold 0
hot 4220 warm 0 cold 0
hot 4220 warm 0 cold 0
hot 4220 warm 0 cold 0
hot 4220 warm 0 cold 0
hot 4220 warm 0 cold 0
hot 4220 warm 0 cold 0
hot 4220 warm 0 cold 0
hot 4220 warm 0 cold 0
hot 4220 warm 0 cold 0
hot 4220 warm 0 cold 0
hot 4220 warm 0 cold 0
hot 4220 warm 0 cold 0
hot 4220 warm 0 cold 0
hot 4220 warm 0 cold 0
hot 4220 warm 0 cold 0
hot 4220 warm 0 cold 0
hot 4220 warm 0 cold 0
hot 4220 warm 0 cold 0
hot 4220 warm 0 cold 0
hot 4220 warm 0 cold 0
hot 4220 warm 0 cold 0
hot 4220 warm 0 cold 0
hot 4220 warm 0 cold 0
hot 4220 warm 0 cold 0
hot 4220 warm 0 cold 0
hot 4220 warm 0 cold 0
hot 4220 warm 0 cold 0
hot 4220 warm 0 cold 0
hot 4220 warm 0 cold 0
hot 4220 warm 0 cold 0
hot 4220 warm 0 cold 0
hot 4220 warm 0 cold 0
hot 4220 warm 0 cold 0
hot 4220 warm 0 cold 0
hot 4220 warm 0 cold 0
hot 4220 warm 0 cold 0
hot 4220 warm 0 cold 0
hot 4220 warm 0 cold 0
hot 31355 warm 0 cold 0
hot 426615 warm 0 cold 0
hot 462451 warm 0 cold 0
hot 734319 warm 0 cold 0
hot 970065 warm 0 cold 0
hot 1307470 warm 0 cold 0
hot 468483 warm 1101127 cold 215040
hot 615485 warm 1647369 cold 173056
hot 939629 warm 0 cold 2237142
hot 716418 warm 1056768 cold 2465981
hot 719547 warm 0 cold 3971199
hot 845060 warm 0 cold 4009522
hot 986894 warm 0 cold 3940900
hot 1098011 warm 0 cold 3915795
hot 1275175 warm 0 cold 3786755
hot 1493840 warm 0 cold 3584470
hot 267811 warm 0 cold 4096201
hot 669216 warm 0 cold 4096712
hot 676380 warm 0 cold 4096712
hot 692248 warm 670708 cold 3426004
hot 717844 warm 675828 cold 3420884
hot 742929 warm 0 cold 4097735
hot 744461 warm 0 cold 4097735
hot 753161 warm 0 cold 4097735
hot 791558 warm 0 cold 4098246
hot 813062 warm 0 cold 4100802
hot 690689 warm 0 cold 4100802
hot 965133 warm 0 cold 4100786
hot 975370 warm 0 cold 4093617
hot 980489 warm 0 cold 4091566
hot 604213 warm 0 cold 4484222
hot 605859 warm 366980 cold 4115592
hot 214114 warm 67473 cold 4115592
hot 598110 warm 67473 cold 4115592
hot 615003 warm 0 cold 4183064
hot 628311 warm 0 cold 4183064
hot 641619 warm 0 cold 4183064
hot 656975 warm 0 cold 4183576
hot 668747 warm 0 cold 4183576
hot 680007 warm 0 cold 4183064
hot 692803 warm 0 cold 4182552
hot 710207 warm 0 cold 4181528
hot 731195 warm 0 cold 4173336
hot 534258 warm 0 cold 4386694
hot 561402 warm 0 cold 4386684
hot 961282 warm 0 cold 4125551
hot 967943 warm 0 cold 4125030
hot 973065 warm 0 cold 4125025
hot 775941 warm 0 cold 4322145
hot 775937 warm 0 cold 4322145
hot 776957 warm 0 cold 4321121
hot 645881 warm 0 cold 4321121
hot 79915 warm 0 cold 4321121
hot 471591 warm 0 cold 4321121
hot 487459 warm 0 cold 4321121
hot 505887 warm 0 cold 4321121
hot 525339 warm 0 cold 4321121
hot 542743 warm 0 cold 4321121
hot 572435 warm 0 cold 4320097
hot 596496 warm 0 cold 4314464
hot 619535 warm 0 cold 4300125
hot 671244 warm 0 cold 4258140
hot 806423 warm 0 cold 4164429
hot 946716 warm 0 cold 4141379
hot 703524 warm 0 cold 4386103
hot 707624 warm 0 cold 4386095
hot 708650 warm 0 cold 4386089
hot 708646 warm 0 cold 4386089
hot 5719 warm 0 cold 4386089
hot 399443 warm 0 cold 4386089
hot 429135 warm 0 cold 4386089
hot 459339 warm 0 cold 4386089
hot 477767 warm 0 cold 4386089
hot 497220 warm 0 cold 4386088
hot 511552 warm 0 cold 4386088
hot 523325 warm 0 cold 4386087
hot 529977 warm 0 cold 4386087
hot 546874 warm 0 cold 4386082
hot 540221 warm 0 cold 4386075
hot 663110 warm 0 cold 4386066
hot 705603 warm 0 cold 4386065
hot 705599 warm 0 cold 4386065
hot 705595 warm 0 cold 4386065
hot 706107 warm 0 cold 4386061
hot 16 warm 0 cold 4386061
hot 291344 warm 0 cold 4386061
hot 406028 warm 0 cold 4386061
hot 431624 warm 0 cold 4386061
hot 457732 warm 0 cold 4386061
hot 212482 warm 0 cold 14848
hot 503240 warm 0 cold 4386655
hot 523716 warm 0 cold 4386655
hot 536069 warm 0 cold 4386586
hot 550403 warm 0 cold 4386072
hot 504839 warm 0 cold 4384015
hot 733706 warm 0 cold 4355336
hot 734727 warm 0 cold 4355335
hot 737796 warm 0 cold 4352774
hot 744964 warm 0 cold 4345602
hot 779780 warm 0 cold 4313342
hot 79430 warm 0 cold 4313342
hot 472642 warm 0 cold 4313342
hot 493118 warm 0 cold 4313342
hot 527418 warm 0 cold 4312830
hot 558135 warm 0 cold 4312317
hot 573491 warm 0 cold 4311293
hot 593967 warm 0 cold 4305149
hot 610860 warm 0 cold 4300028
hot 635948 warm 0 cold 4281080
hot 755249 warm 0 cold 4182255
hot 865334 warm 0 cold 4130533
hot 967229 warm 0 cold 4125402
hot 967226 warm 0 cold 4125401
hot 967734 warm 0 cold 4124889
hot 968755 warm 0 cold 4124888
hot 708591 warm 0 cold 4386584
hot 710638 warm 0 cold 4386581
hot 13364 warm 0 cold 4386580
hot 398896 warm 0 cold 4386580
hot 429101 warm 0 cold 4386579
hot 455210 warm 0 cold 4386578
hot 480294 warm 0 cold 4386578
hot 497698 warm 0 cold 4386578
hot 516126 warm 0 cold 4386578
hot 522778 warm 0 cold 4386578
hot 529430 warm 0 cold 4386578
hot 534038 warm 0 cold 4386574
hot 550943 warm 0 cold 4386561
hot 623652 warm 0 cold 4386551
hot 695858 warm 0 cold 4386538
hot 707631 warm 0 cold 4386537
hot 708139 warm 0 cold 4386537
hot 708135 warm 0 cold 4386537
hot 708646 warm 0 cold 4386534
hot 18 warm 0 cold 4386531
hot 348177 warm 0 cold 4386531
hot 429069 warm 0 cold 4386531
hot 465929 warm 0 cold 4386531
hot 485381 warm 0 cold 4386531
hot 508929 warm 0 cold 4386531
hot 523261 warm 0 cold 4386531
hot 529913 warm 0 cold 4386531
hot 532982 warm 0 cold 4386530
hot 537587 warm 0 cold 4386017
hot 567290 warm 0 cold 4378838
hot 267779 warm 0 cold 209920
hot 709492 warm 0 cold 4384914
hot 709488 warm 0 cold 4384914
hot 709484 warm 0 cold 4384914
hot 709480 warm 0 cold 4384914
hot 709476 warm 0 cold 4384914
hot 14501 warm 0 cold 4384914
hot 403617 warm 0 cold 4384914
hot 434845 warm 0 cold 4384914
hot 462489 warm 0 cold 4384914
hot 492181 warm 0 cold 4384914
hot 514706 warm 0 cold 4384913
hot 518286 warm 0 cold 4384913
hot 522890 warm 0 cold 4384913
hot 532616 warm 0 cold 4384912
hot 542857 warm 0 cold 4384912
hot 574095 warm 0 cold 4384910
hot 672403 warm 0 cold 4384908
hot 710293 warm 0 cold 4384905
hot 710289 warm 0 cold 4384905
hot 710285 warm 0 cold 4384905
hot 710281 warm 0 cold 4384905
hot 710279 warm 0 cold 4384904
