anon 962560
anon_thp 0
anon 162635776
anon_thp 159383552
anon 162635776
anon_thp 159383552
anon 162639872
anon_thp 159383552
anon 162635776
anon_thp 159383552
anon 162631680
anon_thp 159383552
anon 162639872
anon_thp 159383552
anon 162635776
anon_thp 159383552
anon 162639872
anon_thp 159383552
anon 162635776
anon_thp 159383552
anon 162631680
anon_thp 159383552
anon 162635776
anon_thp 159383552
anon 162639872
anon_thp 159383552
anon 162635776
anon_thp 159383552
anon 162635776
anon_thp 159383552
anon 162635776
anon_thp 159383552
anon 162635776
anon_thp 159383552
anon 162635776
anon_thp 159383552
anon 162639872
anon_thp 159383552
anon 162635776
anon_thp 159383552
anon 162635776
anon_thp 159383552
anon 162635776
anon_thp 159383552
anon 162639872
anon_thp 159383552
anon 162635776
anon_thp 159383552
anon 162635776
anon_thp 159383552
anon 162631680
anon_thp 159383552
anon 162639872
anon_thp 159383552
anon 162635776
anon_thp 159383552
anon 162635776
anon_thp 159383552
anon 162631680
anon_thp 159383552
anon 162639872
anon_thp 159383552
anon 162635776
anon_thp 159383552
anon 162635776
anon_thp 159383552
anon 162631680
anon_thp 159383552
anon 162635776
anon_thp 159383552
anon 162635776
anon_thp 159383552
anon 168927232
anon_thp 165675008
anon 168923136
anon_thp 165675008
anon 168931328
anon_thp 165675008
anon 168927232
anon_thp 165675008
anon 168927232
anon_thp 165675008
anon 168927232
anon_thp 165675008
anon 168923136
anon_thp 165675008
anon 168927232
anon_thp 165675008
anon 168927232
anon_thp 165675008
anon 168931328
anon_thp 165675008
anon 168923136
anon_thp 165675008
anon 168927232
anon_thp 165675008
anon 168927232
anon_thp 165675008
anon 168931328
anon_thp 165675008
anon 171020288
anon_thp 167772160
anon 171020288
anon_thp 167772160
anon 171020288
anon_thp 167772160
anon 171028480
anon_thp 167772160
anon 171024384
anon_thp 167772160
anon 171024384
anon_thp 167772160
anon 171024384
anon_thp 167772160
anon 171020288
anon_thp 167772160
anon 171024384
anon_thp 167772160
anon 171024384
anon_thp 167772160
anon 171024384
anon_thp 167772160
anon 171028480
anon_thp 167772160
anon 171028480
anon_thp 167772160
anon 171020288
anon_thp 167772160
anon 171024384
anon_thp 167772160
anon 171024384
anon_thp 167772160
anon 171020288
anon_thp 167772160
anon 171020288
anon_thp 167772160
anon 171020288
anon_thp 167772160
anon 171020288
anon_thp 167772160
anon 171024384
anon_thp 167772160
anon 171024384
anon_thp 167772160
anon 171028480
anon_thp 167772160
anon 171028480
anon_thp 167772160
anon 171024384
anon_thp 167772160
anon 171024384
anon_thp 167772160
anon 171024384
anon_thp 167772160
anon 171024384
anon_thp 167772160
anon 171024384
anon_thp 167772160
anon 171028480
anon_thp 167772160
anon 171020288
anon_thp 167772160
anon 171024384
anon_thp 167772160
anon 171024384
anon_thp 167772160
anon 171024384
anon_thp 167772160
anon 171024384
anon_thp 167772160
anon 171020288
anon_thp 167772160
anon 171024384
anon_thp 167772160
anon 171020288
anon_thp 167772160
anon 171024384
anon_thp 167772160
anon 171024384
anon_thp 167772160
anon 171024384
anon_thp 167772160
anon 171028480
anon_thp 167772160
anon 171024384
anon_thp 167772160
anon 171024384
anon_thp 167772160
anon 171028480
anon_thp 167772160
anon 171024384
anon_thp 167772160
anon 171024384
anon_thp 167772160
anon 171028480
anon_thp 167772160
anon 171024384
anon_thp 167772160
anon 171024384
anon_thp 167772160
anon 171024384
anon_thp 167772160
anon 171028480
anon_thp 167772160
anon 171024384
anon_thp 167772160
anon 171024384
anon_thp 167772160
anon 171024384
anon_thp 167772160
anon 171028480
anon_thp 167772160
anon 171020288
anon_thp 167772160
anon 173125632
anon_thp 169869312
anon 173121536
anon_thp 169869312
anon 173117440
anon_thp 169869312
anon 173121536
anon_thp 169869312
anon 173121536
anon_thp 169869312
anon 173121536
anon_thp 169869312
anon 173125632
anon_thp 169869312
anon 173125632
anon_thp 169869312
anon 173117440
anon_thp 169869312
anon 173121536
anon_thp 169869312
anon 173121536
anon_thp 169869312
anon 173117440
anon_thp 169869312
anon 173121536
anon_thp 169869312
anon 173125632
anon_thp 169869312
anon 173121536
anon_thp 169869312
anon 173121536
anon_thp 169869312
anon 173121536
anon_thp 169869312
anon 173117440
anon_thp 169869312
anon 173121536
anon_thp 169869312
anon 173121536
anon_thp 169869312
anon 173125632
anon_thp 169869312
anon 173117440
anon_thp 169869312
anon 173121536
anon_thp 169869312
anon 173125632
anon_thp 169869312
anon 173117440
anon_thp 169869312
anon 173121536
anon_thp 169869312
anon 173121536
anon_thp 169869312
anon 173121536
anon_thp 169869312
anon 173121536
anon_thp 169869312
anon 173121536
anon_thp 169869312
anon 173125632
anon_thp 169869312
anon 173125632
anon_thp 169869312
anon 173121536
anon_thp 169869312
anon 173121536
anon_thp 169869312
anon 173121536
anon_thp 169869312
anon 173117440
anon_thp 169869312
anon 173125632
anon_thp 169869312
anon 173121536
anon_thp 169869312
anon 173121536
anon_thp 169869312
anon 173121536
anon_thp 169869312
anon 173125632
anon_thp 169869312
anon 173121536
anon_thp 169869312
anon 173121536
anon_thp 169869312
anon 173125632
anon_thp 169869312
anon 173121536
anon_thp 169869312
anon 173121536
anon_thp 169869312
anon 173121536
anon_thp 169869312
anon 173121536
anon_thp 169869312
anon 173121536
anon_thp 169869312
anon 173125632
anon_thp 169869312
anon 173121536
anon_thp 169869312
anon 173121536
anon_thp 169869312
anon 173125632
anon_thp 169869312
anon 173121536
anon_thp 169869312
anon 173125632
anon_thp 169869312
anon 173125632
anon_thp 169869312
anon 173121536
anon_thp 169869312
anon 173121536
anon_thp 169869312
anon 173121536
anon_thp 169869312
anon 173121536
anon_thp 169869312
anon 173121536
anon_thp 169869312
anon 173121536
anon_thp 169869312
anon 173121536
anon_thp 169869312
anon 173117440
anon_thp 169869312
anon 173121536
anon_thp 169869312
anon 173121536
anon_thp 169869312
anon 173125632
anon_thp 169869312
anon 173121536
anon_thp 169869312
anon 173121536
anon_thp 169869312
anon 173121536
anon_thp 169869312
anon 173125632
anon_thp 169869312
anon 173125632
anon_thp 169869312
anon 173121536
anon_thp 169869312
anon 173121536
anon_thp 169869312
anon 173125632
anon_thp 169869312
anon 173121536
anon_thp 169869312
anon 173121536
anon_thp 169869312
anon 173121536
anon_thp 169869312
anon 173125632
anon_thp 169869312
anon 173121536
anon_thp 169869312
anon 173117440
anon_thp 169869312
anon 173121536
anon_thp 169869312
anon 173121536
anon_thp 169869312
anon 173117440
anon_thp 169869312
anon 173121536
anon_thp 169869312
anon 173117440
anon_thp 169869312
anon 173125632
anon_thp 169869312
anon 173125632
anon_thp 169869312
anon 173125632
anon_thp 169869312
anon 173121536
anon_thp 169869312
anon 173121536
anon_thp 169869312
anon 173121536
anon_thp 169869312
anon 173121536
anon_thp 169869312
anon 173121536
anon_thp 169869312
anon 173125632
anon_thp 169869312
anon 173121536
anon_thp 169869312
anon 173121536
anon_thp 169869312
anon 173121536
anon_thp 169869312
anon 173121536
anon_thp 169869312
anon 173125632
anon_thp 169869312
anon 173125632
anon_thp 169869312
anon 173121536
anon_thp 169869312
anon 173117440
anon_thp 169869312
anon 173125632
anon_thp 169869312
anon 173121536
anon_thp 169869312
anon 173121536
anon_thp 169869312
anon 173125632
anon_thp 169869312
anon 173121536
anon_thp 169869312
anon 173121536
anon_thp 169869312
anon 173125632
anon_thp 169869312
anon 173121536
anon_thp 169869312
anon 173117440
anon_thp 169869312
anon 173121536
anon_thp 169869312
anon 173125632
anon_thp 169869312
anon 173121536
anon_thp 169869312
anon 173125632
anon_thp 169869312
anon 173125632
anon_thp 169869312
anon 173121536
anon_thp 169869312
anon 173117440
anon_thp 169869312
anon 173117440
anon_thp 169869312
anon 173117440
anon_thp 169869312
anon 173117440
anon_thp 169869312
anon 173121536
anon_thp 169869312
anon 173125632
anon_thp 169869312
anon 173125632
anon_thp 169869312
anon 173121536
anon_thp 169869312
anon 173121536
anon_thp 169869312
anon 173121536
anon_thp 169869312
anon 173117440
anon_thp 169869312
anon 173117440
anon_thp 169869312
anon 173125632
anon_thp 169869312
anon 173125632
anon_thp 169869312
anon 173121536
anon_thp 169869312
anon 173121536
anon_thp 169869312
anon 173121536
anon_thp 169869312
anon 173117440
anon_thp 169869312
anon 173125632
anon_thp 169869312
anon 173125632
anon_thp 169869312
anon 173125632
anon_thp 169869312
anon 173125632
anon_thp 169869312
anon 173125632
anon_thp 169869312
anon 173117440
anon_thp 169869312
anon 173125632
anon_thp 169869312
anon 173121536
anon_thp 169869312
anon 173125632
anon_thp 169869312
anon 173121536
anon_thp 169869312
anon 173121536
anon_thp 169869312
anon 173117440
anon_thp 169869312
anon 173121536
anon_thp 169869312
anon 173125632
anon_thp 169869312
anon 173125632
anon_thp 169869312
anon 173121536
anon_thp 169869312
anon 173121536
anon_thp 169869312
anon 173121536
anon_thp 169869312
anon 173121536
anon_thp 169869312
anon 173121536
anon_thp 169869312
anon 173121536
anon_thp 169869312
anon 173125632
anon_thp 169869312
anon 173125632
anon_thp 169869312
anon 173121536
anon_thp 169869312
anon 173125632
anon_thp 169869312
anon 173121536
anon_thp 169869312
anon 173121536
anon_thp 169869312
anon 173117440
anon_thp 169869312
anon 173121536
anon_thp 169869312
anon 173125632
anon_thp 169869312
anon 173121536
anon_thp 169869312
anon 173121536
anon_thp 169869312
anon 173121536
anon_thp 169869312
anon 173121536
anon_thp 169869312
anon 173121536
anon_thp 169869312
anon 173121536
anon_thp 169869312
anon 173121536
anon_thp 169869312
anon 173121536
anon_thp 169869312
anon 173117440
anon_thp 169869312
anon 173121536
anon_thp 169869312
anon 173121536
anon_thp 169869312
anon 173121536
anon_thp 169869312
anon 173121536
anon_thp 169869312
anon 173125632
anon_thp 169869312
anon 173121536
anon_thp 169869312
anon 173121536
anon_thp 169869312
anon 173125632
anon_thp 169869312
anon 173121536
anon_thp 169869312
anon 173125632
anon_thp 169869312
anon 175214592
anon_thp 171966464
anon 175218688
anon_thp 171966464
anon 175218688
anon_thp 171966464
anon 175214592
anon_thp 171966464
anon 288468992
anon_thp 285212672
anon 408006656
anon_thp 404750336
anon 408006656
anon_thp 404750336
anon 408002560
anon_thp 404750336
anon 407998464
anon_thp 404750336
anon 408002560
anon_thp 404750336
anon 408002560
anon_thp 404750336
anon 408006656
anon_thp 404750336
anon 408002560
anon_thp 404750336
anon 407998464
anon_thp 404750336
anon 408002560
anon_thp 404750336
anon 408006656
anon_thp 404750336
anon 408002560
anon_thp 404750336
anon 408002560
anon_thp 404750336
anon 410099712
anon_thp 406847488
anon 416387072
anon_thp 413138944
anon 422686720
anon_thp 419430400
anon 424783872
anon_thp 421527552
anon 431075328
anon_thp 427819008
anon 431071232
anon_thp 427819008
anon 435265536
anon_thp 432013312
anon 435261440
anon_thp 432013312
anon 439459840
anon_thp 436207616
anon 615620608
anon_thp 612368384
anon 640786432
anon_thp 637534208
anon 640786432
anon_thp 637534208
anon 651268096
anon_thp 648019968
anon 651276288
anon_thp 648019968
anon 651272192
anon_thp 648019968
anon 651272192
anon_thp 648019968
anon 651272192
anon_thp 648019968
anon 651276288
anon_thp 648019968
anon 651272192
anon_thp 648019968
anon 651272192
anon_thp 648019968
anon 651272192
anon_thp 648019968
anon 651276288
anon_thp 648019968
anon 651272192
anon_thp 648019968
anon 651276288
anon_thp 648019968
anon 651276288
anon_thp 648019968
anon 651272192
anon_thp 648019968
anon 651276288
anon_thp 648019968
anon 651272192
anon_thp 648019968
anon 651272192
anon_thp 648019968
anon 651272192
anon_thp 648019968
anon 659664896
anon_thp 656408576
anon 661757952
anon_thp 658505728
anon 665956352
anon_thp 662700032
anon 665956352
anon_thp 662700032
anon 665948160
anon_thp 662700032
anon 676438016
anon_thp 673185792
anon 814845952
anon_thp 811597824
anon 886157312
anon_thp 882900992
anon 919711744
anon_thp 916455424
anon 965849088
anon_thp 962592768
anon 1165574144
anon_thp 1161822208
anon 1333350400
anon_thp 1329594368
anon 1519992832
anon_thp 1516240896
anon 1519992832
anon_thp 1516240896
anon 1522094080
anon_thp 1518338048
anon 1710837760
anon_thp 1707081728
anon 1899573248
anon_thp 1895825408
anon 2082025472
anon_thp 2078277632
anon 2220441600
anon_thp 2216689664
anon 2304327680
anon_thp 2300575744
anon 2482589696
anon_thp 2478833664
anon 2688106496
anon_thp 2684354560
anon 2868461568
anon_thp 2864709632
anon 3053010944
anon_thp 3049259008
anon 3214491648
anon_thp 3210739712
anon 3417915392
anon_thp 3414163456
anon 3579396096
anon_thp 3575644160
anon 3753463808
anon_thp 3749707776
anon 3958980608
anon_thp 3955228672
anon 4137242624
anon_thp 4133486592
anon 4334366720
anon_thp 4330618880
anon 4533596160
anon_thp 4529848320
anon 4692983808
anon_thp 4689231872
anon 4890116096
anon_thp 4886364160
anon 4953034752
anon_thp 4949278720
anon 5154361344
anon_thp 5150605312
anon 5343105024
anon_thp 5339348992
anon 5538136064
anon_thp 5534384128
anon 5741563904
anon_thp 5737807872
anon 5940793344
anon_thp 5937037312
anon 6146310144
anon_thp 6142558208
anon 6345543680
anon_thp 6341787648
anon 6530088960
anon_thp 6526337024
anon 6737707008
anon_thp 6733955072
anon 6926450688
anon_thp 6922698752
anon 7131967488
anon_thp 7128219648
anon 7329107968
anon_thp 7325351936
anon 7519940608
anon_thp 7516192768
anon 7714979840
anon_thp 7711227904
anon 7916306432
anon_thp 7912554496
anon 8107147264
anon_thp 8103395328
anon 8300085248
anon_thp 8296333312
anon 8329445376
anon_thp 8325693440
anon 8415432704
anon_thp 8411676672
anon 8419627008
anon_thp 8415870976
anon 8612564992
anon_thp 8608808960
anon 8744681472
anon_thp 8740929536
anon 8750977024
anon_thp 8747220992
anon 8750977024
anon_thp 8747220992
anon 8750972928
anon_thp 8747220992
anon 8750977024
anon_thp 8747220992
anon 8750977024
anon_thp 8747220992
anon 8750972928
anon_thp 8747220992
anon 8753065984
anon_thp 8749318144
anon 8753070080
anon_thp 8749318144
anon 8755167232
anon_thp 8751415296
anon 8755171328
anon_thp 8751415296
anon 8757264384
anon_thp 8753512448
anon 8757264384
anon_thp 8753512448
anon 8885186560
anon_thp 8881438720
anon 8939712512
anon_thp 8935964672
anon 8939712512
anon_thp 8935964672
anon 8939712512
anon_thp 8935964672
anon 8941809664
anon_thp 8938061824
anon 9128464384
anon_thp 9124708352
anon 9174597632
anon_thp 9170845696
anon 9174597632
anon_thp 9170845696
anon 9176698880
anon_thp 9172942848
anon 9195569152
anon_thp 9191817216
anon 9195573248
anon_thp 9191817216
anon 9197670400
anon_thp 9193914368
anon 9197666304
anon_thp 9193914368
anon 9247993856
anon_thp 9244246016
anon 9357049856
anon_thp 9353297920
anon 9357053952
anon_thp 9353297920
anon 9369632768
anon_thp 9365880832
anon 9390600192
anon_thp 9386852352
anon 9531109376
anon_thp 9527361536
anon 9547894784
anon_thp 9544138752
anon 9547890688
anon_thp 9544138752
anon 9547886592
anon_thp 9544138752
anon 9547894784
anon_thp 9544138752
anon 9547890688
anon_thp 9544138752
anon 9560473600
anon_thp 9556721664
anon 9765994496
anon_thp 9762242560
anon 9795354624
anon_thp 9791602688
anon 9818423296
anon_thp 9814671360
anon 9826807808
anon_thp 9823059968
anon 9864556544
anon_thp 9860808704
anon 9952645120
anon_thp 9948889088
anon 9952641024
anon_thp 9948889088
anon 9952636928
anon_thp 9948889088
anon 9952641024
anon_thp 9948889088
anon 9963122688
anon_thp 9959374848
anon 9963126784
anon_thp 9959374848
anon 9963126784
anon_thp 9959374848
anon 9963130880
anon_thp 9959374848
anon 9963126784
anon_thp 9959374848
anon 9963130880
anon_thp 9959374848
anon 9963130880
anon_thp 9959374848
anon 9963122688
anon_thp 9959374848
anon 9965228032
anon_thp 9961472000
anon 9996681216
anon_thp 9992929280
anon 10080567296
anon_thp 10076815360
anon 10181226496
anon_thp 10177478656
anon 10292375552
anon_thp 10288627712
anon 10292379648
anon_thp 10288627712
anon 10300768256
anon_thp 10297016320
anon 10300768256
anon_thp 10297016320
anon 10300768256
anon_thp 10297016320
anon 10300764160
anon_thp 10297016320
anon 10300772352
anon_thp 10297016320
anon 10300772352
anon_thp 10297016320
anon 10311254016
anon_thp 10307502080
anon 10311258112
anon_thp 10307502080
anon 10311249920
anon_thp 10307502080
anon 10319642624
anon_thp 10315890688
anon 10319642624
anon_thp 10315890688
anon 10319646720
anon_thp 10315890688
anon 10319642624
anon_thp 10315890688
anon 10319642624
anon_thp 10315890688
anon 10319642624
anon_thp 10315890688
anon 10319642624
anon_thp 10315890688
anon 10319642624
anon_thp 10315890688
anon 10319642624
anon_thp 10315890688
anon 10319646720
anon_thp 10315890688
anon 10319642624
anon_thp 10315890688
anon 10319642624
anon_thp 10315890688
anon 10319642624
anon_thp 10315890688
anon 10319642624
anon_thp 10315890688
anon 10319642624
anon_thp 10315890688
anon 10319642624
anon_thp 10315890688
anon 10319642624
anon_thp 10315890688
anon 10319642624
anon_thp 10315890688
anon 10319642624
anon_thp 10315890688
anon 10319642624
anon_thp 10315890688
anon 10319642624
anon_thp 10315890688
anon 10319646720
anon_thp 10315890688
anon 10319642624
anon_thp 10315890688
anon 10319646720
anon_thp 10315890688
anon 10319642624
anon_thp 10315890688
anon 10319646720
anon_thp 10315890688
anon 10319642624
anon_thp 10315890688
anon 10319642624
anon_thp 10315890688
anon 10319638528
anon_thp 10315890688
anon 10319646720
anon_thp 10315890688
anon 10319642624
anon_thp 10315890688
anon 10319646720
anon_thp 10315890688
anon 10319642624
anon_thp 10315890688
anon 10319642624
anon_thp 10315890688
anon 10319646720
anon_thp 10315890688
anon 10319642624
anon_thp 10315890688
anon 10319638528
anon_thp 10315890688
anon 10319642624
anon_thp 10315890688
anon 10319638528
anon_thp 10315890688
anon 10319642624
anon_thp 10315890688
anon 10319638528
anon_thp 10315890688
anon 10319646720
anon_thp 10315890688
anon 10319642624
anon_thp 10315890688
anon 10319638528
anon_thp 10315890688
anon 10319646720
anon_thp 10315890688
anon 10319642624
anon_thp 10315890688
anon 10319638528
anon_thp 10315890688
anon 10319638528
anon_thp 10315890688
anon 10319646720
anon_thp 10315890688
anon 10319646720
anon_thp 10315890688
anon 10319642624
anon_thp 10315890688
anon 10319646720
anon_thp 10315890688
anon 10319638528
anon_thp 10315890688
anon 10319642624
anon_thp 10315890688
anon 10319646720
anon_thp 10315890688
anon 10319642624
anon_thp 10315890688
anon 10319642624
anon_thp 10315890688
anon 10319638528
anon_thp 10315890688
anon 10319642624
anon_thp 10315890688
anon 10319642624
anon_thp 10315890688
anon 10319646720
anon_thp 10315890688
anon 10319642624
anon_thp 10315890688
anon 10319642624
anon_thp 10315890688
anon 10319642624
anon_thp 10315890688
anon 10319642624
anon_thp 10315890688
anon 10319646720
anon_thp 10315890688
anon 10319642624
anon_thp 10315890688
anon 10319646720
anon_thp 10315890688
anon 10319638528
anon_thp 10315890688
anon 10319646720
anon_thp 10315890688
anon 10319646720
anon_thp 10315890688
anon 10319646720
anon_thp 10315890688
anon 10319638528
anon_thp 10315890688
anon 10319646720
anon_thp 10315890688
anon 10319638528
anon_thp 10315890688
anon 10319642624
anon_thp 10315890688
anon 10319646720
anon_thp 10315890688
anon 10319638528
anon_thp 10315890688
anon 10321735680
anon_thp 10317987840
anon 10321743872
anon_thp 10317987840
anon 10321743872
anon_thp 10317987840
anon 10321739776
anon_thp 10317987840
anon 10321739776
anon_thp 10317987840
anon 10321739776
anon_thp 10317987840
anon 10321739776
anon_thp 10317987840
anon 10321739776
anon_thp 10317987840
anon 10321739776
anon_thp 10317987840
anon 10323841024
anon_thp 10320084992
anon 10330132480
anon_thp 10326376448
anon 10332229632
anon_thp 10328473600
anon 10332221440
anon_thp 10328473600
anon 10361581568
anon_thp 10357833728
anon 10541940736
anon_thp 10538188800
anon 10579689472
anon_thp 10575937536
anon 10726494208
anon_thp 10722738176
anon 10730680320
anon_thp 10726932480
anon 10730688512
anon_thp 10726932480
anon 10730684416
anon_thp 10726932480
anon 10730680320
anon_thp 10726932480
anon 10730684416
anon_thp 10726932480
anon 10730684416
anon_thp 10726932480
anon 10732781568
anon_thp 10729029632
anon 10743271424
anon_thp 10739515392
anon 10743263232
anon_thp 10739515392
anon 10743271424
anon_thp 10739515392
anon 10743267328
anon_thp 10739515392
anon 10743267328
anon_thp 10739515392
anon 10743267328
anon_thp 10739515392
anon 10743271424
anon_thp 10739515392
anon 10743271424
anon_thp 10739515392
anon 10743267328
anon_thp 10739515392
anon 10743267328
anon_thp 10739515392
anon 10743263232
anon_thp 10739515392
anon 10743271424
anon_thp 10739515392
anon 10743263232
anon_thp 10739515392
anon 10743267328
anon_thp 10739515392
anon 10743267328
anon_thp 10739515392
anon 10743267328
anon_thp 10739515392
anon 10743267328
anon_thp 10739515392
anon 10743267328
anon_thp 10739515392
anon 10743267328
anon_thp 10739515392
anon 10743263232
anon_thp 10739515392
anon 10743263232
anon_thp 10739515392
anon 10743267328
anon_thp 10739515392
anon 10743263232
anon_thp 10739515392
anon 10743271424
anon_thp 10739515392
anon 10743271424
anon_thp 10739515392
anon 10743271424
anon_thp 10739515392
anon 10743267328
anon_thp 10739515392
anon 10745364480
anon_thp 10741612544
anon 10745364480
anon_thp 10741612544
anon 10745360384
anon_thp 10741612544
anon 10749558784
anon_thp 10745806848
anon 10753753088
anon_thp 10750001152
anon 10755854336
anon_thp 10752098304
anon 10755846144
anon_thp 10752098304
anon 10890063872
anon_thp 10886316032
anon 10892165120
anon_thp 10888413184
anon 10898460672
anon_thp 10894704640
anon 10898456576
anon_thp 10894704640
anon 10898456576
anon_thp 10894704640
anon 10898460672
anon_thp 10894704640
anon 10898460672
anon_thp 10894704640
anon 10902654976
anon_thp 10898898944
anon 10902650880
anon_thp 10898898944
anon 10902654976
anon_thp 10898898944
anon 10902654976
anon_thp 10898898944
anon 10902650880
anon_thp 10898898944
anon 10906849280
anon_thp 10903093248
anon 10906841088
anon_thp 10903093248
anon 10906845184
anon_thp 10903093248
anon 10906845184
anon_thp 10903093248
anon 10906841088
anon_thp 10903093248
anon 10906845184
anon_thp 10903093248
anon 10906845184
anon_thp 10903093248
anon 10906845184
anon_thp 10903093248
anon 10906845184
anon_thp 10903093248
anon 10906849280
anon_thp 10903093248
anon 10906849280
anon_thp 10903093248
anon 10906845184
anon_thp 10903093248
anon 10906849280
anon_thp 10903093248
anon 10906845184
anon_thp 10903093248
anon 10906845184
anon_thp 10903093248
anon 10906845184
anon_thp 10903093248
anon 10906849280
anon_thp 10903093248
anon 10906845184
anon_thp 10903093248
anon 10906849280
anon_thp 10903093248
anon 10906845184
anon_thp 10903093248
anon 10906845184
anon_thp 10903093248
anon 10906849280
anon_thp 10903093248
anon 10906849280
anon_thp 10903093248
anon 10906845184
anon_thp 10903093248
anon 10906849280
anon_thp 10903093248
anon 10906845184
anon_thp 10903093248
anon 10906849280
anon_thp 10903093248
anon 10906849280
anon_thp 10903093248
anon 10906849280
anon_thp 10903093248
anon 10906849280
anon_thp 10903093248
anon 10906845184
anon_thp 10903093248
anon 10906845184
anon_thp 10903093248
anon 10906849280
anon_thp 10903093248
anon 10906845184
anon_thp 10903093248
anon 10906845184
anon_thp 10903093248
anon 10906845184
anon_thp 10903093248
anon 10906849280
anon_thp 10903093248
anon 10906845184
anon_thp 10903093248
anon 10906841088
anon_thp 10903093248
anon 10906849280
anon_thp 10903093248
anon 10906849280
anon_thp 10903093248
anon 10906849280
anon_thp 10903093248
anon 10906849280
anon_thp 10903093248
anon 10906845184
anon_thp 10903093248
anon 10906841088
anon_thp 10903093248
anon 10906845184
anon_thp 10903093248
anon 10906841088
anon_thp 10903093248
anon 10906845184
anon_thp 10903093248
anon 10906845184
anon_thp 10903093248
anon 10906845184
anon_thp 10903093248
anon 10906841088
anon_thp 10903093248
anon 10906849280
anon_thp 10903093248
anon 10906849280
anon_thp 10903093248
anon 10906849280
anon_thp 10903093248
anon 10906845184
anon_thp 10903093248
anon 10906845184
anon_thp 10903093248
anon 10906845184
anon_thp 10903093248
anon 10906841088
anon_thp 10903093248
anon 10906841088
anon_thp 10903093248
anon 10906849280
anon_thp 10903093248
anon 10906849280
anon_thp 10903093248
anon 10906845184
anon_thp 10903093248
anon 10906845184
anon_thp 10903093248
anon 10906841088
anon_thp 10903093248
anon 10906849280
anon_thp 10903093248
anon 10906845184
anon_thp 10903093248
anon 10906845184
anon_thp 10903093248
anon 10906841088
anon_thp 10903093248
anon 10906845184
anon_thp 10903093248
anon 10906845184
anon_thp 10903093248
anon 10906849280
anon_thp 10903093248
anon 10906845184
anon_thp 10903093248
anon 10906841088
anon_thp 10903093248
anon 10906849280
anon_thp 10903093248
anon 10906845184
anon_thp 10903093248
anon 10906845184
anon_thp 10903093248
anon 10906845184
anon_thp 10903093248
anon 10906845184
anon_thp 10903093248
anon 10908942336
anon_thp 10905190400
anon 10913140736
anon_thp 10909384704
anon 10915233792
anon_thp 10911481856
anon 11043164160
anon_thp 11039408128
anon 11064131584
anon_thp 11060379648
anon 11085107200
anon_thp 11081351168
anon 11154313216
anon_thp 11150557184
anon 11347247104
anon_thp 11343495168
anon 11548573696
anon_thp 11544821760
anon 11751997440
anon_thp 11748245504
anon 11777167360
anon_thp 11773411328
anon 11777163264
anon_thp 11773411328
anon 11777163264
anon_thp 11773411328
anon 11777163264
anon_thp 11773411328
anon 11777163264
anon_thp 11773411328
anon 11777167360
anon_thp 11773411328
anon 11777163264
anon_thp 11773411328
anon 11777159168
anon_thp 11773411328
anon 11777167360
anon_thp 11773411328
anon 11777167360
anon_thp 11773411328
anon 11777163264
anon_thp 11773411328
anon 11777159168
anon_thp 11773411328
anon 11777163264
anon_thp 11773411328
anon 11777167360
anon_thp 11773411328
anon 11777159168
anon_thp 11773411328
anon 11777159168
anon_thp 11773411328
anon 11777163264
anon_thp 11773411328
anon 11777167360
anon_thp 11773411328
anon 11777167360
anon_thp 11773411328
anon 11777167360
anon_thp 11773411328
anon 11777167360
anon_thp 11773411328
anon 11777167360
anon_thp 11773411328
anon 11777167360
anon_thp 11773411328
anon 11777167360
anon_thp 11773411328
anon 11777163264
anon_thp 11773411328
anon 11777163264
anon_thp 11773411328
anon 11777163264
anon_thp 11773411328
anon 11777167360
anon_thp 11773411328
anon 11777159168
anon_thp 11773411328
anon 11777159168
anon_thp 11773411328
anon 11777159168
anon_thp 11773411328
anon 11777159168
anon_thp 11773411328
anon 11777159168
anon_thp 11773411328
anon 11777167360
anon_thp 11773411328
anon 11777159168
anon_thp 11773411328
anon 11777159168
anon_thp 11773411328
anon 11777163264
anon_thp 11773411328
anon 11777163264
anon_thp 11773411328
anon 11777167360
anon_thp 11773411328
anon 11777163264
anon_thp 11773411328
anon 11777167360
anon_thp 11773411328
anon 11777163264
anon_thp 11773411328
anon 11777163264
anon_thp 11773411328
anon 11777167360
anon_thp 11773411328
anon 11777167360
anon_thp 11773411328
anon 11777163264
anon_thp 11773411328
anon 11777163264
anon_thp 11773411328
anon 11777159168
anon_thp 11773411328
anon 11777159168
anon_thp 11773411328
anon 11777163264
anon_thp 11773411328
anon 11777163264
anon_thp 11773411328
anon 11777163264
anon_thp 11773411328
anon 11777163264
anon_thp 11773411328
anon 11777163264
anon_thp 11773411328
anon 11777163264
anon_thp 11773411328
anon 11777163264
anon_thp 11773411328
anon 11777159168
anon_thp 11773411328
anon 11777167360
anon_thp 11773411328
anon 11777163264
anon_thp 11773411328
anon 11777163264
anon_thp 11773411328
anon 11777167360
anon_thp 11773411328
anon 11777167360
anon_thp 11773411328
anon 11777167360
anon_thp 11773411328
anon 11777163264
anon_thp 11773411328
anon 11777163264
anon_thp 11773411328
anon 11777167360
anon_thp 11773411328
anon 11777159168
anon_thp 11773411328
anon 11777163264
anon_thp 11773411328
anon 11777167360
anon_thp 11773411328
anon 11777167360
anon_thp 11773411328
anon 11777163264
anon_thp 11773411328
anon 11777163264
anon_thp 11773411328
anon 11777159168
anon_thp 11773411328
anon 11777163264
anon_thp 11773411328
anon 11777163264
anon_thp 11773411328
anon 11777159168
anon_thp 11773411328
anon 11777167360
anon_thp 11773411328
anon 11777167360
anon_thp 11773411328
anon 11777159168
anon_thp 11773411328
anon 11777167360
anon_thp 11773411328
anon 11777159168
anon_thp 11773411328
anon 11777163264
anon_thp 11773411328
anon 11777167360
anon_thp 11773411328
anon 11777167360
anon_thp 11773411328
anon 11777167360
anon_thp 11773411328
anon 11777163264
anon_thp 11773411328
anon 11777167360
anon_thp 11773411328
anon 11777159168
anon_thp 11773411328
anon 11777163264
anon_thp 11773411328
anon 11777159168
anon_thp 11773411328
anon 11777163264
anon_thp 11773411328
anon 11781353472
anon_thp 11777605632
anon 11783450624
anon_thp 11779702784
anon 11787653120
anon_thp 11783897088
anon 11796037632
anon_thp 11792285696
anon 11798134784
anon_thp 11794382848
anon 11802329088
anon_thp 11798577152
anon 11802329088
anon_thp 11798577152
anon 11802333184
anon_thp 11798577152
anon 11802333184
anon_thp 11798577152
anon 11802324992
anon_thp 11798577152
anon 11802329088
anon_thp 11798577152
anon 11802333184
anon_thp 11798577152
anon 11802324992
anon_thp 11798577152
anon 11802329088
anon_thp 11798577152
anon 11802329088
anon_thp 11798577152
anon 11802324992
anon_thp 11798577152
anon 11802333184
anon_thp 11798577152
anon 11802329088
anon_thp 11798577152
anon 11802329088
anon_thp 11798577152
anon 11802333184
anon_thp 11798577152
anon 11802329088
anon_thp 11798577152
anon 11802329088
anon_thp 11798577152
anon 11802333184
anon_thp 11798577152
anon 11802329088
anon_thp 11798577152
anon 11802439680
anon_thp 11798577152
anon 11802324992
anon_thp 11798577152
anon 11802333184
anon_thp 11798577152
anon 11802324992
anon_thp 11798577152
anon 11804422144
anon_thp 11800674304
anon 11804430336
anon_thp 11800674304
anon 11804430336
anon_thp 11800674304
anon 11804426240
anon_thp 11800674304
anon 11804430336
anon_thp 11800674304
anon 11804430336
anon_thp 11800674304
anon 11804426240
anon_thp 11800674304
anon 11804426240
anon_thp 11800674304
anon 11804422144
anon_thp 11800674304
anon 11804430336
anon_thp 11800674304
anon 11804422144
anon_thp 11800674304
anon 11804430336
anon_thp 11800674304
anon 11804426240
anon_thp 11800674304
anon 11804422144
anon_thp 11800674304
anon 11804422144
anon_thp 11800674304
anon 11804426240
anon_thp 11800674304
anon 11804426240
anon_thp 11800674304
anon 11804426240
anon_thp 11800674304
anon 11804430336
anon_thp 11800674304
anon 11804426240
anon_thp 11800674304
anon 11804430336
anon_thp 11800674304
anon 11804426240
anon_thp 11800674304
anon 11804422144
anon_thp 11800674304
anon 11804430336
anon_thp 11800674304
anon 11804430336
anon_thp 11800674304
anon 11804426240
anon_thp 11800674304
anon 11804426240
anon_thp 11800674304
anon 11804426240
anon_thp 11800674304
anon 11804426240
anon_thp 11800674304
anon 11804426240
anon_thp 11800674304
anon 11804422144
anon_thp 11800674304
anon 11804426240
anon_thp 11800674304
anon 11804426240
anon_thp 11800674304
anon 11804422144
anon_thp 11800674304
anon 11804426240
anon_thp 11800674304
anon 11804430336
anon_thp 11800674304
anon 11804426240
anon_thp 11800674304
anon 11804426240
anon_thp 11800674304
anon 11804426240
anon_thp 11800674304
anon 11804430336
anon_thp 11800674304
anon 11804426240
anon_thp 11800674304
anon 11804422144
anon_thp 11800674304
anon 11804426240
anon_thp 11800674304
anon 11804430336
anon_thp 11800674304
anon 11804422144
anon_thp 11800674304
anon 11804426240
anon_thp 11800674304
anon 11804426240
anon_thp 11800674304
anon 11804426240
anon_thp 11800674304
anon 11804422144
anon_thp 11800674304
anon 11806527488
anon_thp 11802771456
anon 11806523392
anon_thp 11802771456
anon 11806523392
anon_thp 11802771456
anon 11806523392
anon_thp 11802771456
anon 11806527488
anon_thp 11802771456
anon 11806527488
anon_thp 11802771456
anon 11806523392
anon_thp 11802771456
anon 11806523392
anon_thp 11802771456
anon 11806523392
anon_thp 11802771456
anon 11806523392
anon_thp 11802771456
anon 11806523392
anon_thp 11802771456
anon 11806519296
anon_thp 11802771456
anon 11806523392
anon_thp 11802771456
anon 11806523392
anon_thp 11802771456
anon 11806527488
anon_thp 11802771456
anon 11806523392
anon_thp 11802771456
anon 11806527488
anon_thp 11802771456
anon 11806523392
anon_thp 11802771456
anon 11806527488
anon_thp 11802771456
anon 11806523392
anon_thp 11802771456
anon 11806527488
anon_thp 11802771456
anon 11806523392
anon_thp 11802771456
anon 11806523392
anon_thp 11802771456
anon 11806527488
anon_thp 11802771456
anon 11806523392
anon_thp 11802771456
anon 11806523392
anon_thp 11802771456
anon 11806519296
anon_thp 11802771456
anon 11806527488
anon_thp 11802771456
anon 11806523392
anon_thp 11802771456
anon 11806527488
anon_thp 11802771456
anon 11806519296
anon_thp 11802771456
anon 11806523392
anon_thp 11802771456
anon 11806523392
anon_thp 11802771456
anon 11806523392
anon_thp 11802771456
anon 11806523392
anon_thp 11802771456
anon 11806527488
anon_thp 11802771456
anon 11806523392
anon_thp 11802771456
anon 11806527488
anon_thp 11802771456
anon 11806519296
anon_thp 11802771456
anon 11806523392
anon_thp 11802771456
anon 11806523392
anon_thp 11802771456
anon 11806523392
anon_thp 11802771456
anon 11806523392
anon_thp 11802771456
anon 11806523392
anon_thp 11802771456
anon 11806523392
anon_thp 11802771456
anon 11806523392
anon_thp 11802771456
anon 11806523392
anon_thp 11802771456
anon 11806523392
anon_thp 11802771456
anon 11806523392
anon_thp 11802771456
anon 11806523392
anon_thp 11802771456
anon 11806527488
anon_thp 11802771456
anon 11806523392
anon_thp 11802771456
anon 11806523392
anon_thp 11802771456
anon 11806519296
anon_thp 11802771456
anon 11806523392
anon_thp 11802771456
anon 11806523392
anon_thp 11802771456
anon 11806527488
anon_thp 11802771456
anon 11806523392
anon_thp 11802771456
anon 11806523392
anon_thp 11802771456
anon 11806527488
anon_thp 11802771456
anon 11806523392
anon_thp 11802771456
anon 11806523392
anon_thp 11802771456
anon 11806523392
anon_thp 11802771456
anon 11806523392
anon_thp 11802771456
anon 11806523392
anon_thp 11802771456
anon 11806523392
anon_thp 11802771456
anon 11806527488
anon_thp 11802771456
anon 11806527488
anon_thp 11802771456
anon 11806523392
anon_thp 11802771456
anon 11806527488
anon_thp 11802771456
anon 11806527488
anon_thp 11802771456
anon 11806523392
anon_thp 11802771456
anon 11806523392
anon_thp 11802771456
anon 11806523392
anon_thp 11802771456
anon 11806519296
anon_thp 11802771456
anon 11806523392
anon_thp 11802771456
anon 11806519296
anon_thp 11802771456
anon 11806527488
anon_thp 11802771456
anon 11806519296
anon_thp 11802771456
anon 11806523392
anon_thp 11802771456
anon 11806519296
anon_thp 11802771456
anon 11806527488
anon_thp 11802771456
anon 11806527488
anon_thp 11802771456
anon 11806523392
anon_thp 11802771456
anon 11806523392
anon_thp 11802771456
anon 11806523392
anon_thp 11802771456
anon 11806519296
anon_thp 11802771456
anon 11806527488
anon_thp 11802771456
anon 11806527488
anon_thp 11802771456
anon 11806523392
anon_thp 11802771456
anon 11806523392
anon_thp 11802771456
anon 11806527488
anon_thp 11802771456
anon 11806523392
anon_thp 11802771456
anon 11806519296
anon_thp 11802771456
anon 11806527488
anon_thp 11802771456
anon 11806527488
anon_thp 11802771456
anon 11806519296
anon_thp 11802771456
anon 11806523392
anon_thp 11802771456
anon 11806523392
anon_thp 11802771456
anon 11806523392
anon_thp 11802771456
anon 11806523392
anon_thp 11802771456
anon 11806519296
anon_thp 11802771456
anon 11806523392
anon_thp 11802771456
anon 11806519296
anon_thp 11802771456
anon 11806527488
anon_thp 11802771456
anon 11806523392
anon_thp 11802771456
anon 11806523392
anon_thp 11802771456
anon 11806527488
anon_thp 11802771456
anon 11806527488
anon_thp 11802771456
anon 11806523392
anon_thp 11802771456
anon 11806523392
anon_thp 11802771456
anon 11806523392
anon_thp 11802771456
anon 11806527488
anon_thp 11802771456
anon 11806519296
anon_thp 11802771456
anon 11806523392
anon_thp 11802771456
anon 11806523392
anon_thp 11802771456
anon 11806519296
anon_thp 11802771456
anon 11806527488
anon_thp 11802771456
anon 11806519296
anon_thp 11802771456
anon 11806527488
anon_thp 11802771456
anon 11806527488
anon_thp 11802771456
anon 11806519296
anon_thp 11802771456
anon 11806523392
anon_thp 11802771456
anon 11806523392
anon_thp 11802771456
anon 11806519296
anon_thp 11802771456
anon 11806523392
anon_thp 11802771456
anon 11806519296
anon_thp 11802771456
anon 11806523392
anon_thp 11802771456
anon 11806523392
anon_thp 11802771456
anon 11806527488
anon_thp 11802771456
anon 11806523392
anon_thp 11802771456
anon 11806523392
anon_thp 11802771456
anon 11806527488
anon_thp 11802771456
anon 11806519296
anon_thp 11802771456
anon 11806519296
anon_thp 11802771456
anon 11806523392
anon_thp 11802771456
anon 11806523392
anon_thp 11802771456
anon 11806527488
anon_thp 11802771456
anon 11806523392
anon_thp 11802771456
anon 11806527488
anon_thp 11802771456
anon 11806527488
anon_thp 11802771456
anon 11806527488
anon_thp 11802771456
anon 11806519296
anon_thp 11802771456
anon 11806519296
anon_thp 11802771456
anon 11806519296
anon_thp 11802771456
anon 11806527488
anon_thp 11802771456
anon 11806519296
anon_thp 11802771456
anon 11806527488
anon_thp 11802771456
anon 11806519296
anon_thp 11802771456
anon 11806523392
anon_thp 11802771456
anon 11806523392
anon_thp 11802771456
anon 11806527488
anon_thp 11802771456
anon 11806527488
anon_thp 11802771456
anon 11806523392
anon_thp 11802771456
anon 11806527488
anon_thp 11802771456
anon 11806527488
anon_thp 11802771456
anon 11806519296
anon_thp 11802771456
anon 11806523392
anon_thp 11802771456
anon 11806523392
anon_thp 11802771456
anon 11806527488
anon_thp 11802771456
anon 11806519296
anon_thp 11802771456
anon 11806523392
anon_thp 11802771456
anon 11806523392
anon_thp 11802771456
anon 11806523392
anon_thp 11802771456
anon 11806519296
anon_thp 11802771456
anon 11806527488
anon_thp 11802771456
anon 11806519296
anon_thp 11802771456
anon 11806523392
anon_thp 11802771456
anon 11806523392
anon_thp 11802771456
anon 11806523392
anon_thp 11802771456
anon 11806527488
anon_thp 11802771456
anon 11806527488
anon_thp 11802771456
anon 11806523392
anon_thp 11802771456
anon 11806527488
anon_thp 11802771456
anon 11806523392
anon_thp 11802771456
anon 11806519296
anon_thp 11802771456
anon 11806519296
anon_thp 11802771456
anon 11806527488
anon_thp 11802771456
anon 11806519296
anon_thp 11802771456
anon 11806523392
anon_thp 11802771456
anon 11806523392
anon_thp 11802771456
anon 11806523392
anon_thp 11802771456
anon 11806523392
anon_thp 11802771456
anon 11806527488
anon_thp 11802771456
anon 11806527488
anon_thp 11802771456
anon 11806523392
anon_thp 11802771456
anon 11806519296
anon_thp 11802771456
anon 11806523392
anon_thp 11802771456
anon 11806527488
anon_thp 11802771456
anon 11806519296
anon_thp 11802771456
anon 11806523392
anon_thp 11802771456
anon 11806523392
anon_thp 11802771456
anon 11806523392
anon_thp 11802771456
anon 11806519296
anon_thp 11802771456
anon 11806527488
anon_thp 11802771456
anon 11806527488
anon_thp 11802771456
anon 11806523392
anon_thp 11802771456
anon 11806527488
anon_thp 11802771456
anon 11806523392
anon_thp 11802771456
anon 11806519296
anon_thp 11802771456
anon 11806527488
anon_thp 11802771456
anon 11806519296
anon_thp 11802771456
anon 11806523392
anon_thp 11802771456
anon 11806527488
anon_thp 11802771456
anon 11806527488
anon_thp 11802771456
anon 11806527488
anon_thp 11802771456
anon 11806519296
anon_thp 11802771456
anon 11806527488
anon_thp 11802771456
anon 11806527488
anon_thp 11802771456
anon 11806519296
anon_thp 11802771456
anon 11806527488
anon_thp 11802771456
anon 11806523392
anon_thp 11802771456
anon 11806519296
anon_thp 11802771456
anon 11806523392
anon_thp 11802771456
anon 11806519296
anon_thp 11802771456
anon 11806527488
anon_thp 11802771456
anon 11806519296
anon_thp 11802771456
anon 11806527488
anon_thp 11802771456
anon 11806523392
anon_thp 11802771456
anon 11806523392
anon_thp 11802771456
anon 11806523392
anon_thp 11802771456
anon 11806523392
anon_thp 11802771456
anon 11806519296
anon_thp 11802771456
anon 11806523392
anon_thp 11802771456
anon 11806527488
anon_thp 11802771456
anon 11806523392
anon_thp 11802771456
anon 11806519296
anon_thp 11802771456
anon 11806523392
anon_thp 11802771456
anon 11806527488
anon_thp 11802771456
anon 11806527488
anon_thp 11802771456
anon 11806523392
anon_thp 11802771456
anon 11806523392
anon_thp 11802771456
anon 11806523392
anon_thp 11802771456
anon 11806523392
anon_thp 11802771456
anon 11806523392
anon_thp 11802771456
anon 11806527488
anon_thp 11802771456
anon 11806523392
anon_thp 11802771456
anon 11806523392
anon_thp 11802771456
anon 11806519296
anon_thp 11802771456
anon 11806527488
anon_thp 11802771456
anon 11806523392
anon_thp 11802771456
anon 11806523392
anon_thp 11802771456
anon 11806523392
anon_thp 11802771456
anon 11806519296
anon_thp 11802771456
anon 11806519296
anon_thp 11802771456
anon 11806523392
anon_thp 11802771456
anon 11806523392
anon_thp 11802771456
anon 11806523392
anon_thp 11802771456
anon 11806523392
anon_thp 11802771456
anon 11806523392
anon_thp 11802771456
anon 11806519296
anon_thp 11802771456
anon 11806523392
anon_thp 11802771456
anon 11806527488
anon_thp 11802771456
anon 11806523392
anon_thp 11802771456
anon 11806523392
anon_thp 11802771456
anon 11806519296
anon_thp 11802771456
anon 11806519296
anon_thp 11802771456
anon 11806523392
anon_thp 11802771456
anon 11806523392
anon_thp 11802771456
anon 11806527488
anon_thp 11802771456
anon 11806523392
anon_thp 11802771456
anon 11806527488
anon_thp 11802771456
anon 11806527488
anon_thp 11802771456
anon 11806523392
anon_thp 11802771456
anon 11806527488
anon_thp 11802771456
anon 11806523392
anon_thp 11802771456
anon 11806519296
anon_thp 11802771456
anon 11806523392
anon_thp 11802771456
anon 11806523392
anon_thp 11802771456
anon 11806523392
anon_thp 11802771456
anon 11806527488
anon_thp 11802771456
anon 11806523392
anon_thp 11802771456
anon 11806527488
anon_thp 11802771456
anon 11806523392
anon_thp 11802771456
anon 11806523392
anon_thp 11802771456
anon 11806519296
anon_thp 11802771456
anon 11806523392
anon_thp 11802771456
anon 11806523392
anon_thp 11802771456
anon 11806527488
anon_thp 11802771456
anon 11806523392
anon_thp 11802771456
anon 11806519296
anon_thp 11802771456
anon 11806527488
anon_thp 11802771456
anon 11806523392
anon_thp 11802771456
anon 11806523392
anon_thp 11802771456
anon 11806523392
anon_thp 11802771456
anon 11806523392
anon_thp 11802771456
anon 11806523392
anon_thp 11802771456
anon 11806519296
anon_thp 11802771456
anon 11806527488
anon_thp 11802771456
anon 11806523392
anon_thp 11802771456
anon 11806519296
anon_thp 11802771456
anon 11806523392
anon_thp 11802771456
anon 11806519296
anon_thp 11802771456
anon 11806519296
anon_thp 11802771456
anon 11806523392
anon_thp 11802771456
anon 11806527488
anon_thp 11802771456
anon 11806523392
anon_thp 11802771456
anon 11806519296
anon_thp 11802771456
anon 11806527488
anon_thp 11802771456
anon 11806527488
anon_thp 11802771456
anon 11806523392
anon_thp 11802771456
anon 11806527488
anon_thp 11802771456
anon 11806523392
anon_thp 11802771456
anon 11806523392
anon_thp 11802771456
anon 11806523392
anon_thp 11802771456
anon 11806519296
anon_thp 11802771456
anon 11806527488
anon_thp 11802771456
anon 11806527488
anon_thp 11802771456
anon 11806523392
anon_thp 11802771456
anon 11806519296
anon_thp 11802771456
anon 11806523392
anon_thp 11802771456
anon 11806527488
anon_thp 11802771456
anon 11806519296
anon_thp 11802771456
anon 11806519296
anon_thp 11802771456
anon 11806527488
anon_thp 11802771456
anon 11806523392
anon_thp 11802771456
anon 11806519296
anon_thp 11802771456
anon 11806523392
anon_thp 11802771456
anon 11806523392
anon_thp 11802771456
anon 11806519296
anon_thp 11802771456
anon 11806523392
anon_thp 11802771456
anon 11806523392
anon_thp 11802771456
anon 11806523392
anon_thp 11802771456
anon 11806523392
anon_thp 11802771456
anon 11806523392
anon_thp 11802771456
anon 11806523392
anon_thp 11802771456
anon 11806523392
anon_thp 11802771456
anon 11806519296
anon_thp 11802771456
anon 11806523392
anon_thp 11802771456
anon 11806527488
anon_thp 11802771456
anon 11806523392
anon_thp 11802771456
anon 11806519296
anon_thp 11802771456
anon 11806523392
anon_thp 11802771456
anon 11806523392
anon_thp 11802771456
anon 11806519296
anon_thp 11802771456
anon 11806523392
anon_thp 11802771456
anon 11806523392
anon_thp 11802771456
anon 11806523392
anon_thp 11802771456
anon 11806523392
anon_thp 11802771456
anon 11806519296
anon_thp 11802771456
anon 11806523392
anon_thp 11802771456
anon 11806523392
anon_thp 11802771456
anon 11806523392
anon_thp 11802771456
anon 11806523392
anon_thp 11802771456
anon 11806523392
anon_thp 11802771456
anon 11806523392
anon_thp 11802771456
anon 11806523392
anon_thp 11802771456
anon 11806519296
anon_thp 11802771456
anon 11806523392
anon_thp 11802771456
anon 11806523392
anon_thp 11802771456
anon 11806527488
anon_thp 11802771456
anon 11806519296
anon_thp 11802771456
anon 11806523392
anon_thp 11802771456
anon 11806523392
anon_thp 11802771456
anon 11806527488
anon_thp 11802771456
anon 11806523392
anon_thp 11802771456
anon 11806519296
anon_thp 11802771456
anon 11806523392
anon_thp 11802771456
anon 11806527488
anon_thp 11802771456
anon 11806519296
anon_thp 11802771456
anon 11806519296
anon_thp 11802771456
anon 11806519296
anon_thp 11802771456
anon 11806523392
anon_thp 11802771456
anon 11806523392
anon_thp 11802771456
anon 11806527488
anon_thp 11802771456
anon 11806527488
anon_thp 11802771456
anon 11806519296
anon_thp 11802771456
anon 11806523392
anon_thp 11802771456
anon 11806527488
anon_thp 11802771456
anon 11806519296
anon_thp 11802771456
anon 11806523392
anon_thp 11802771456
anon 11806523392
anon_thp 11802771456
anon 11806527488
anon_thp 11802771456
anon 11806523392
anon_thp 11802771456
anon 11806523392
anon_thp 11802771456
anon 11806527488
anon_thp 11802771456
anon 11806523392
anon_thp 11802771456
anon 11806523392
anon_thp 11802771456
anon 11806523392
anon_thp 11802771456
anon 11806519296
anon_thp 11802771456
anon 11806519296
anon_thp 11802771456
anon 11806519296
anon_thp 11802771456
anon 11806519296
anon_thp 11802771456
anon 11806523392
anon_thp 11802771456
anon 11806523392
anon_thp 11802771456
anon 11806519296
anon_thp 11802771456
anon 11806523392
anon_thp 11802771456
anon 11806523392
anon_thp 11802771456
anon 11806519296
anon_thp 11802771456
anon 11806523392
anon_thp 11802771456
anon 11806523392
anon_thp 11802771456
anon 11806527488
anon_thp 11802771456
anon 11806523392
anon_thp 11802771456
anon 11806523392
anon_thp 11802771456
anon 11806523392
anon_thp 11802771456
anon 11806523392
anon_thp 11802771456
anon 11806523392
anon_thp 11802771456
anon 11806527488
anon_thp 11802771456
anon 11806523392
anon_thp 11802771456
anon 11806523392
anon_thp 11802771456
anon 11806523392
anon_thp 11802771456
anon 11806527488
anon_thp 11802771456
anon 11806523392
anon_thp 11802771456
anon 11806519296
anon_thp 11802771456
anon 11806519296
anon_thp 11802771456
anon 11806523392
anon_thp 11802771456
anon 11806519296
anon_thp 11802771456
anon 11806523392
anon_thp 11802771456
anon 11806527488
anon_thp 11802771456
anon 11806527488
anon_thp 11802771456
anon 11806523392
anon_thp 11802771456
anon 11806523392
anon_thp 11802771456
anon 11806527488
anon_thp 11802771456
anon 11806523392
anon_thp 11802771456
anon 11806523392
anon_thp 11802771456
anon 11806523392
anon_thp 11802771456
anon 11806523392
anon_thp 11802771456
anon 11806519296
anon_thp 11802771456
anon 11806523392
anon_thp 11802771456
anon 11806523392
anon_thp 11802771456
anon 11806527488
anon_thp 11802771456
anon 11806527488
anon_thp 11802771456
anon 11806523392
anon_thp 11802771456
anon 11806523392
anon_thp 11802771456
anon 11806527488
anon_thp 11802771456
anon 11806527488
anon_thp 11802771456
anon 11806523392
anon_thp 11802771456
anon 11806523392
anon_thp 11802771456
anon 11806527488
anon_thp 11802771456
anon 11806527488
anon_thp 11802771456
anon 11806519296
anon_thp 11802771456
anon 11806527488
anon_thp 11802771456
anon 11806527488
anon_thp 11802771456
anon 11806519296
anon_thp 11802771456
anon 11806527488
anon_thp 11802771456
anon 11806527488
anon_thp 11802771456
anon 11806523392
anon_thp 11802771456
anon 11806523392
anon_thp 11802771456
anon 11806523392
anon_thp 11802771456
anon 11806519296
anon_thp 11802771456
anon 11806523392
anon_thp 11802771456
anon 11806523392
anon_thp 11802771456
anon 11806523392
anon_thp 11802771456
anon 11806523392
anon_thp 11802771456
anon 11806523392
anon_thp 11802771456
anon 11806527488
anon_thp 11802771456
anon 11806527488
anon_thp 11802771456
anon 11806519296
anon_thp 11802771456
anon 11806523392
anon_thp 11802771456
anon 11806523392
anon_thp 11802771456
anon 11806523392
anon_thp 11802771456
anon 11806519296
anon_thp 11802771456
anon 11806527488
anon_thp 11802771456
anon 11806523392
anon_thp 11802771456
anon 11806527488
anon_thp 11802771456
anon 11806519296
anon_thp 11802771456
anon 11806527488
anon_thp 11802771456
anon 11806519296
anon_thp 11802771456
anon 11806523392
anon_thp 11802771456
anon 11806527488
anon_thp 11802771456
anon 11806527488
anon_thp 11802771456
anon 11806527488
anon_thp 11802771456
anon 11806527488
anon_thp 11802771456
anon 11806519296
anon_thp 11802771456
anon 11806523392
anon_thp 11802771456
anon 11806523392
anon_thp 11802771456
anon 11806523392
anon_thp 11802771456
anon 11806527488
anon_thp 11802771456
anon 11806523392
anon_thp 11802771456
anon 11806519296
anon_thp 11802771456
anon 11806519296
anon_thp 11802771456
anon 11806519296
anon_thp 11802771456
anon 11806523392
anon_thp 11802771456
anon 11806523392
anon_thp 11802771456
anon 11806527488
anon_thp 11802771456
anon 11806519296
anon_thp 11802771456
anon 11806519296
anon_thp 11802771456
anon 11806523392
anon_thp 11802771456
anon 11806523392
anon_thp 11802771456
anon 11806523392
anon_thp 11802771456
anon 11806519296
anon_thp 11802771456
anon 11806523392
anon_thp 11802771456
anon 11806527488
anon_thp 11802771456
anon 11806523392
anon_thp 11802771456
anon 11806523392
anon_thp 11802771456
anon 11806523392
anon_thp 11802771456
anon 11806527488
anon_thp 11802771456
anon 11806527488
anon_thp 11802771456
anon 11806523392
anon_thp 11802771456
anon 11806519296
anon_thp 11802771456
anon 11806523392
anon_thp 11802771456
anon 11806523392
anon_thp 11802771456
anon 11806527488
anon_thp 11802771456
anon 11806519296
anon_thp 11802771456
anon 11806527488
anon_thp 11802771456
anon 11806519296
anon_thp 11802771456
anon 11806519296
anon_thp 11802771456
anon 11806519296
anon_thp 11802771456
anon 11806523392
anon_thp 11802771456
anon 11806527488
anon_thp 11802771456
anon 11806523392
anon_thp 11802771456
anon 11806519296
anon_thp 11802771456
anon 11806527488
anon_thp 11802771456
anon 11806527488
anon_thp 11802771456
anon 11806527488
anon_thp 11802771456
anon 11806523392
anon_thp 11802771456
anon 11806523392
anon_thp 11802771456
anon 11806523392
anon_thp 11802771456
anon 11806527488
anon_thp 11802771456
anon 11806523392
anon_thp 11802771456
anon 11806519296
anon_thp 11802771456
anon 11806519296
anon_thp 11802771456
anon 11806523392
anon_thp 11802771456
anon 11806523392
anon_thp 11802771456
anon 11806523392
anon_thp 11802771456
anon 11806519296
anon_thp 11802771456
anon 11806519296
anon_thp 11802771456
anon 11806519296
anon_thp 11802771456
anon 11806523392
anon_thp 11802771456
anon 11806523392
anon_thp 11802771456
anon 11806527488
anon_thp 11802771456
anon 11806523392
anon_thp 11802771456
anon 11806523392
anon_thp 11802771456
anon 11806523392
anon_thp 11802771456
anon 11806527488
anon_thp 11802771456
anon 11806523392
anon_thp 11802771456
anon 11806527488
anon_thp 11802771456
anon 11806523392
anon_thp 11802771456
anon 11806523392
anon_thp 11802771456
anon 11806519296
anon_thp 11802771456
anon 11806523392
anon_thp 11802771456
anon 11806523392
anon_thp 11802771456
anon 11806519296
anon_thp 11802771456
anon 11806523392
anon_thp 11802771456
anon 11806523392
anon_thp 11802771456
anon 11806523392
anon_thp 11802771456
anon 11806523392
anon_thp 11802771456
anon 11806523392
anon_thp 11802771456
anon 11806523392
anon_thp 11802771456
anon 11806523392
anon_thp 11802771456
anon 11806527488
anon_thp 11802771456
anon 11806523392
anon_thp 11802771456
anon 11806519296
anon_thp 11802771456
anon 11806523392
anon_thp 11802771456
anon 11806519296
anon_thp 11802771456
anon 11806523392
anon_thp 11802771456
anon 11806523392
anon_thp 11802771456
anon 11806527488
anon_thp 11802771456
anon 11806527488
anon_thp 11802771456
anon 11806523392
anon_thp 11802771456
anon 11806519296
anon_thp 11802771456
anon 11806523392
anon_thp 11802771456
anon 11806523392
anon_thp 11802771456
anon 11806527488
anon_thp 11802771456
anon 11806527488
anon_thp 11802771456
anon 11806523392
anon_thp 11802771456
anon 11806527488
anon_thp 11802771456
anon 11806519296
anon_thp 11802771456
anon 11806527488
anon_thp 11802771456
anon 11806519296
anon_thp 11802771456
anon 11806523392
anon_thp 11802771456
anon 11806523392
anon_thp 11802771456
anon 11806527488
anon_thp 11802771456
anon 11806523392
anon_thp 11802771456
anon 11806523392
anon_thp 11802771456
anon 11806523392
anon_thp 11802771456
anon 11806523392
anon_thp 11802771456
anon 11806527488
anon_thp 11802771456
anon 11806527488
anon_thp 11802771456
anon 11806527488
anon_thp 11802771456
anon 11806527488
anon_thp 11802771456
anon 11806527488
anon_thp 11802771456
anon 11806519296
anon_thp 11802771456
anon 11806519296
anon_thp 11802771456
anon 11806519296
anon_thp 11802771456
anon 11806527488
anon_thp 11802771456
anon 11806519296
anon_thp 11802771456
anon 11806523392
anon_thp 11802771456
anon 11806523392
anon_thp 11802771456
anon 11806523392
anon_thp 11802771456
anon 11806527488
anon_thp 11802771456
anon 11806519296
anon_thp 11802771456
anon 11806527488
anon_thp 11802771456
anon 11806519296
anon_thp 11802771456
anon 11806523392
anon_thp 11802771456
anon 11806527488
anon_thp 11802771456
anon 11806519296
anon_thp 11802771456
anon 11806527488
anon_thp 11802771456
anon 11806523392
anon_thp 11802771456
anon 11806519296
anon_thp 11802771456
anon 11806527488
anon_thp 11802771456
anon 11806527488
anon_thp 11802771456
anon 11806523392
anon_thp 11802771456
anon 11806523392
anon_thp 11802771456
anon 11806523392
anon_thp 11802771456
anon 11806527488
anon_thp 11802771456
anon 11806523392
anon_thp 11802771456
anon 11806519296
anon_thp 11802771456
anon 11806523392
anon_thp 11802771456
anon 11806527488
anon_thp 11802771456
anon 11806523392
anon_thp 11802771456
anon 11902988288
anon_thp 11899240448
anon 12077056000
anon_thp 12073304064
anon 12269993984
anon_thp 12266242048
anon 12448251904
anon_thp 12444499968
anon 12584566784
anon_thp 12580814848
anon 12595048448
anon_thp 12591300608
anon 12601339904
anon_thp 12597592064
anon 12664258560
anon_thp 12660506624
anon 12748148736
anon_thp 12744392704
anon 12758626304
anon_thp 12754878464
anon 12779597824
anon_thp 12775849984
anon 12947378176
anon_thp 12943622144
anon 13117243392
anon_thp 13113491456
anon 13178060800
anon_thp 13174308864
anon 13196931072
anon_thp 13193183232
anon 13196935168
anon_thp 13193183232
anon 13196939264
anon_thp 13193183232
anon 13196935168
anon_thp 13193183232
anon 13196935168
anon_thp 13193183232
anon 13196939264
anon_thp 13193183232
anon 13196935168
anon_thp 13193183232
anon 13196935168
anon_thp 13193183232
anon 13196931072
anon_thp 13193183232
anon 13196939264
anon_thp 13193183232
anon 13196931072
anon_thp 13193183232
anon 13196935168
anon_thp 13193183232
anon 13196939264
anon_thp 13193183232
anon 13196935168
anon_thp 13193183232
anon 13196931072
anon_thp 13193183232
anon 13196931072
anon_thp 13193183232
anon 13196935168
anon_thp 13193183232
anon 13199032320
anon_thp 13195280384
anon 13199036416
anon_thp 13195280384
anon 13199036416
anon_thp 13195280384
anon 13199036416
anon_thp 13195280384
anon 13199036416
anon_thp 13195280384
anon 13199036416
anon_thp 13195280384
anon 13199032320
anon_thp 13195280384
anon 13203226624
anon_thp 13199474688
anon 13205319680
anon_thp 13201571840
anon 13205327872
anon_thp 13201571840
anon 13205327872
anon_thp 13201571840
anon 13205323776
anon_thp 13201571840
anon 13205323776
anon_thp 13201571840
anon 13205327872
anon_thp 13201571840
anon 13205323776
anon_thp 13201571840
anon 13205323776
anon_thp 13201571840
anon 13205327872
anon_thp 13201571840
anon 13205323776
anon_thp 13201571840
anon 13205323776
anon_thp 13201571840
anon 13205319680
anon_thp 13201571840
anon 13205323776
anon_thp 13201571840
anon 13205323776
anon_thp 13201571840
anon 13205327872
anon_thp 13201571840
anon 13205323776
anon_thp 13201571840
anon 13205323776
anon_thp 13201571840
anon 13205327872
anon_thp 13201571840
anon 13205327872
anon_thp 13201571840
anon 13205327872
anon_thp 13201571840
anon 13205323776
anon_thp 13201571840
anon 13205327872
anon_thp 13201571840
anon 13213712384
anon_thp 13209960448
anon 13339541504
anon_thp 13335789568
anon 13364707328
anon_thp 13360955392
anon 13364707328
anon_thp 13360955392
anon 13366804480
anon_thp 13363052544
anon 13482143744
anon_thp 13478395904
anon 13664600064
anon_thp 13660848128
anon 13794623488
anon_thp 13790871552
anon 13796716544
anon_thp 13792968704
anon 13800919040
anon_thp 13797163008
anon 13819789312
anon_thp 13816037376
anon 13828182016
anon_thp 13824425984
anon 13828177920
anon_thp 13824425984
anon 13830275072
anon_thp 13826523136
anon 13954002944
anon_thp 13950255104
anon 13960302592
anon_thp 13956546560
anon 13960302592
anon_thp 13956546560
anon 13960298496
anon_thp 13956546560
anon 13960294400
anon_thp 13956546560
anon 13960298496
anon_thp 13956546560
anon 13960298496
anon_thp 13956546560
anon 13962395648
anon_thp 13958643712
anon 13962395648
anon_thp 13958643712
anon 13962399744
anon_thp 13958643712
anon 13962395648
anon_thp 13958643712
anon 13962395648
anon_thp 13958643712
anon 13962399744
anon_thp 13958643712
anon 13962391552
anon_thp 13958643712
anon 13962399744
anon_thp 13958643712
anon 13972885504
anon_thp 13969129472
anon 13972881408
anon_thp 13969129472
anon 13974982656
anon_thp 13971226624
anon 14119682048
anon_thp 14115930112
anon 14220345344
anon_thp 14216593408
anon 14300041216
anon_thp 14296285184
anon 14471999488
anon_thp 14468251648
anon 14562181120
anon_thp 14558429184
anon 14698496000
anon_thp 14694744064
anon 14828523520
anon_thp 14824767488
anon 14956445696
anon_thp 14952693760
anon 15094857728
anon_thp 15091105792
anon 15235317760
anon_thp 15231614976
anon 15386365952
anon_thp 15382609920
anon 15570915328
anon_thp 15567159296
anon 15763849216
anon_thp 15760097280
anon 15931625472
anon_thp 15927869440
anon 15944204288
anon_thp 15940452352
anon 16095203328
anon_thp 16091447296
anon 16122458112
anon_thp 16118710272
anon 16122462208
anon_thp 16118710272
anon 16122462208
anon_thp 16118710272
anon 16122462208
anon_thp 16118710272
anon 16122462208
anon_thp 16118710272
anon 16130850816
anon_thp 16127098880
anon 16135049216
anon_thp 16131293184
anon 16135045120
anon_thp 16131293184
anon 16135041024
anon_thp 16131293184
anon 16135045120
anon_thp 16131293184
anon 16135045120
anon_thp 16131293184
anon 16135045120
anon_thp 16131293184
anon 16135045120
anon_thp 16131293184
anon 16135045120
anon_thp 16131293184
anon 16135041024
anon_thp 16131293184
anon 16135049216
anon_thp 16131293184
anon 16139243520
anon_thp 16135487488
anon 16181186560
anon_thp 16177430528
anon 16265072640
anon_thp 16261316608
anon 16267169792
anon_thp 16263413760
anon 16267165696
anon_thp 16263413760
anon 16267165696
anon_thp 16263413760
anon 16267169792
anon_thp 16263413760
anon 16267165696
anon_thp 16263413760
anon 16267165696
anon_thp 16263413760
anon 16267165696
anon_thp 16263413760
anon 16267169792
anon_thp 16263413760
anon 16271355904
anon_thp 16267608064
anon 16271364096
anon_thp 16267608064
anon 16271360000
anon_thp 16267608064
anon 16271360000
anon_thp 16267608064
anon 16273461248
anon_thp 16269705216
anon 16273457152
anon_thp 16269705216
anon 16273457152
anon_thp 16269705216
anon 16273457152
anon_thp 16269705216
anon 16273461248
anon_thp 16269705216
anon 16290234368
anon_thp 16286482432
anon 16290238464
anon_thp 16286482432
anon 16290238464
anon_thp 16286482432
anon 16290234368
anon_thp 16286482432
anon 16290238464
anon_thp 16286482432
anon 16290234368
anon_thp 16286482432
anon 16290234368
anon_thp 16286482432
anon 16298627072
anon_thp 16294871040
anon 16430747648
anon_thp 16426991616
anon 16451715072
anon_thp 16447963136
anon 16537702400
anon_thp 16533946368
anon 16548184064
anon_thp 16544432128
anon 16686596096
anon_thp 16682844160
anon 16718053376
anon_thp 16714301440
anon 16829202432
anon_thp 16825450496
anon 16984391680
anon_thp 16980639744
anon 17143775232
anon_thp 17140023296
anon 17309450240
anon_thp 17305698304
anon 17311547392
anon_thp 17307795456
anon 17330425856
anon_thp 17326669824
anon 17477222400
anon_thp 17473470464
anon 17529655296
anon_thp 17525899264
anon 17716301824
anon_thp 17712545792
anon 17854709760
anon_thp 17850957824
anon 18906025984
anon_thp 18901630976
anon 20425973760
anon_thp 20415774720
anon 20705996800
anon_thp 20692598784
anon 20768919552
anon_thp 20755513344
anon 20817149952
anon_thp 20803747840
anon 20844412928
anon_thp 20831010816
anon 20863287296
anon_thp 20849885184
anon 20877967360
anon_thp 20864565248
anon 20888453120
anon_thp 20875051008
anon 20894740480
anon_thp 20881342464
anon 20719042560
anon_thp 20707278848
anon 20898942976
anon_thp 20885536768
anon 20898938880
anon_thp 20885536768
anon 20898938880
anon_thp 20885536768
anon 20898942976
anon_thp 20885536768
anon 20898942976
anon_thp 20885536768
anon 18009051136
anon_thp 18001952768
anon 20481150976
anon_thp 20468203520
anon 20708098048
anon_thp 20694695936
anon 20752138240
anon_thp 20738736128
anon 20777308160
anon_thp 20763901952
anon 20819247104
anon_thp 20805844992
anon 20848603136
anon_thp 20835205120
anon 20867481600
anon_thp 20854079488
anon 20882161664
anon_thp 20868759552
anon 20892651520
anon_thp 20879245312
anon 20896841728
anon_thp 20883439616
anon 20898938880
anon_thp 20885536768
anon 20898938880
anon_thp 20885536768
anon 20898938880
anon_thp 20885536768
anon 20898938880
anon_thp 20885536768
anon 20898938880
anon_thp 20885536768
anon 18942865408
anon_thp 18935185408
anon 20664057856
anon_thp 20650655744
anon 20724875264
anon_thp 20711473152
anon 20760526848
anon_thp 20747124736
anon 20785696768
anon_thp 20772290560
anon 20802469888
anon_thp 20789067776
anon 20817145856
anon_thp 20803747840
anon 20829736960
anon_thp 20816330752
anon 20838121472
anon_thp 20824719360
anon 20859092992
anon_thp 20845690880
anon 20875866112
anon_thp 20862468096
anon 20888453120
anon_thp 20875051008
anon 20896837632
anon_thp 20883439616
anon 20898942976
anon_thp 20885536768
anon 20898934784
anon_thp 20885536768
anon 20898942976
anon_thp 20885536768
anon 20898942976
anon_thp 20885536768
anon 20898942976
anon_thp 20885536768
anon 20898938880
anon_thp 20885536768
anon 20898938880
anon_thp 20885536768
anon 18246033408
anon_thp 18238930944
anon 20647280640
anon_thp 20633878528
anon 20716490752
anon_thp 20703084544
anon 20750036992
anon_thp 20736638976
anon 20777304064
anon_thp 20763901952
anon 20802465792
anon_thp 20789067776
anon 20838121472
anon_thp 20824719360
anon 20861194240
anon_thp 20847788032
anon 20877967360
anon_thp 20864565248
anon 20888449024
anon_thp 20875051008
anon 20896841728
anon_thp 20883439616
anon 20896841728
anon_thp 20883439616
anon 20898938880
anon_thp 20885536768
anon 20898938880
anon_thp 20885536768
anon 20898942976
anon_thp 20885536768
anon 20898938880
anon_thp 20885536768
anon 18216669184
anon_thp 18209570816
anon 20647280640
anon_thp 20633878528
anon 20724879360
anon_thp 20711473152
anon 20787789824
anon_thp 20774387712
anon 20823441408
anon_thp 20810039296
anon 20846514176
anon_thp 20833107968
anon 20863283200
anon_thp 20849885184
anon 20875870208
anon_thp 20862468096
anon 20886360064
anon_thp 20872953856
anon 20892643328
anon_thp 20879245312
anon 20549177344
anon_thp 20537409536
anon 20898942976
anon_thp 20885536768
anon 20898942976
anon_thp 20885536768
anon 20898934784
anon_thp 20885536768
anon 20898938880
anon_thp 20885536768
anon 20898934784
anon_thp 20885536768
anon 20898938880
anon_thp 20885536768
anon 20898938880
anon_thp 20885536768
anon 19535904768
anon_thp 19526582272
anon 20678737920
anon_thp 20665335808
anon 20729073664
anon_thp 20715667456
anon 20798271488
anon_thp 20784873472
anon 20833927168
anon_thp 20820525056
anon 20854898688
anon_thp 20841496576
anon 20871680000
anon_thp 20858273792
anon 20884254720
anon_thp 20870856704
anon 20892643328
anon_thp 20879245312
anon 20896841728
anon_thp 20883439616
anon 20896841728
anon_thp 20883439616
anon 20898938880
anon_thp 20885536768
anon 20898942976
anon_thp 20885536768
anon 20898942976
anon_thp 20885536768
anon 20898942976
anon_thp 20885536768
anon 20898942976
anon_thp 20885536768
anon 19565719552
anon_thp 19558039552
anon 20682936320
anon_thp 20669530112
anon 20760526848
anon_thp 20747124736
anon 20806664192
anon_thp 20793262080
anon 20838121472
anon_thp 20824719360
anon 20856995840
anon_thp 20843593728
anon 20871680000
anon_thp 20858273792
anon 20884262912
anon_thp 20870856704
anon 20892651520
anon_thp 20879245312
anon 20896845824
anon_thp 20883439616
anon 20898934784
anon_thp 20885536768
anon 20898942976
anon_thp 20885536768
anon 20898938880
anon_thp 20885536768
anon 20898938880
anon_thp 20885536768
anon 20898942976
anon_thp 20885536768
anon 20898938880
anon_thp 20885536768
anon 18506194944
anon_thp 18498977792
anon 20476960768
anon_thp 20464009216
anon 20720680960
anon_thp 20707278848
anon 20775202816
anon_thp 20761804800
anon 20812959744
anon_thp 20799553536
anon 20836020224
anon_thp 20822622208
anon 20852797440
anon_thp 20839399424
anon 20865388544
anon_thp 20851982336
anon 20875870208
anon_thp 20862468096
anon 20886355968
anon_thp 20872953856
anon 20894744576
anon_thp 20881342464
anon 20825997312
anon_thp 20814233600
anon 20898938880
anon_thp 20885536768
anon 20898942976
anon_thp 20885536768
anon 20898938880
anon_thp 20885536768
anon 20898942976
anon_thp 20885536768
anon 20898938880
anon_thp 20885536768
anon 20898942976
anon_thp 20885536768
anon 20898938880
anon_thp 20885536768
anon 18491400192
anon_thp 18484297728
anon 20657766400
anon_thp 20644364288
anon 20733263872
anon_thp 20719861760
anon 20791984128
anon_thp 20778582016
anon 20825542656
anon_thp 20812136448
anon 20846510080
anon_thp 20833107968
anon 20863291392
anon_thp 20849885184
anon 20875874304
anon_thp 20862468096
anon 20884258816
anon_thp 20870856704
anon 20892651520
anon_thp 20879245312
anon 20507230208
anon_thp 20495466496
anon 20898938880
anon_thp 20885536768
anon 20898942976
anon_thp 20885536768
anon 20898934784
anon_thp 20885536768
anon 20898938880
anon_thp 20885536768
anon 20898934784
anon_thp 20885536768
anon 20898942976
anon_thp 20885536768
anon 18308939776
anon_thp 18301845504
anon 20649381888
anon_thp 20635975680
anon 20724875264
anon_thp 20711473152
anon 20781494272
anon_thp 20768096256
anon 20819247104
anon_thp 20805844992
anon 20842319872
anon_thp 20828913664
anon 20861190144
anon_thp 20847788032
anon 20873777152
anon_thp 20860370944
anon 20884254720
anon_thp 20870856704
anon 20892647424
anon_thp 20879245312
anon 20896841728
anon_thp 20883439616
anon 20898942976
anon_thp 20885536768
anon 20898934784
anon_thp 20885536768
anon 20898942976
anon_thp 20885536768
anon 20898934784
anon_thp 20885536768
anon 20898942976
anon_thp 20885536768
anon 20898938880
anon_thp 20885536768
anon 20898942976
anon_thp 20885536768
