pgmigrate_success 24277805
pgmigrate_success 24277805
pgmigrate_success 24277805
pgmigrate_success 24277805
pgmigrate_success 24277805
pgmigrate_success 24278125
pgmigrate_success 24278125
pgmigrate_success 24278125
pgmigrate_success 24374381
pgmigrate_success 24521581
pgmigrate_success 24684715
pgmigrate_success 24808619
pgmigrate_success 24913163
pgmigrate_success 25012075
pgmigrate_success 25111179
pgmigrate_success 25221931
pgmigrate_success 25327170
pgmigrate_success 25458709
pgmigrate_success 25587697
pgmigrate_success 25721806
pgmigrate_success 25846067
pgmigrate_success 25983962
pgmigrate_success 26116616
pgmigrate_success 26261064
pgmigrate_success 26406024
pgmigrate_success 26553520
pgmigrate_success 26684243
pgmigrate_success 26825678
pgmigrate_success 26967059
pgmigrate_success 27109520
pgmigrate_success 27252018
pgmigrate_success 27395090
pgmigrate_success 27538520
pgmigrate_success 27685306
pgmigrate_success 27831582
pgmigrate_success 27974337
pgmigrate_success 28116865
pgmigrate_success 28288878
pgmigrate_success 28448669
pgmigrate_success 28591076
pgmigrate_success 28743722
pgmigrate_success 28887887
pgmigrate_success 29030614
pgmigrate_success 29178169
pgmigrate_success 29333123
pgmigrate_success 29481257
pgmigrate_success 29632987
pgmigrate_success 29780514
pgmigrate_success 29928991
pgmigrate_success 30081594
pgmigrate_success 30236289
pgmigrate_success 30385031
pgmigrate_success 30531944
pgmigrate_success 30687197
pgmigrate_success 30831652
pgmigrate_success 30978954
pgmigrate_success 31126191
pgmigrate_success 31273875
pgmigrate_success 31428869
pgmigrate_success 31573322
pgmigrate_success 31720231
pgmigrate_success 31861911
pgmigrate_success 32003613
pgmigrate_success 32113683
pgmigrate_success 32168979
pgmigrate_success 32305174
pgmigrate_success 32528987
pgmigrate_success 32855643
pgmigrate_success 33096283
pgmigrate_success 33096285
pgmigrate_success 33207913
pgmigrate_success 33326773
pgmigrate_success 33329665
pgmigrate_success 33331732
pgmigrate_success 33333792
pgmigrate_success 33335340
pgmigrate_success 33336888
pgmigrate_success 33338436
pgmigrate_success 33339472
pgmigrate_success 33339996
pgmigrate_success 33463844
pgmigrate_success 33600979
pgmigrate_success 33707420
pgmigrate_success 33824428
pgmigrate_success 33941418
pgmigrate_success 34052658
pgmigrate_success 34262049
pgmigrate_success 34664735
pgmigrate_success 34769484
pgmigrate_success 34769484
pgmigrate_success 34769619
pgmigrate_success 34769698
pgmigrate_success 34771235
pgmigrate_success 34783523
pgmigrate_success 34789669
pgmigrate_success 34794789
pgmigrate_success 34798885
pgmigrate_success 34802469
pgmigrate_success 34805029
pgmigrate_success 34808613
pgmigrate_success 34850622
pgmigrate_success 34853209
pgmigrate_success 34855033
pgmigrate_success 34856124
pgmigrate_success 34878652
pgmigrate_success 34984458
pgmigrate_success 35048457
pgmigrate_success 35060254
pgmigrate_success 35066361
pgmigrate_success 35066834
pgmigrate_success 35066835
