hot 20 warm 0 cold 190
hot 22 warm 0 cold 190
hot 22 warm 0 cold 190
hot 22 warm 0 cold 190
hot 22 warm 0 cold 190
hot 22 warm 0 cold 190
hot 22 warm 0 cold 190
hot 22 warm 0 cold 190
hot 22 warm 0 cold 190
hot 22 warm 0 cold 190
hot 22 warm 0 cold 190
hot 22 warm 0 cold 190
hot 22 warm 0 cold 283
hot 22 warm 0 cold 239
hot 22 warm 0 cold 195
hot 22 warm 0 cold 190
hot 22 warm 0 cold 190
hot 22 warm 0 cold 190
hot 22 warm 0 cold 190
hot 22 warm 0 cold 190
hot 22 warm 0 cold 190
hot 22 warm 0 cold 190
hot 22 warm 0 cold 190
hot 22 warm 0 cold 190
hot 22 warm 0 cold 190
hot 22 warm 0 cold 236
hot 22 warm 0 cold 194
hot 22 warm 0 cold 190
hot 22 warm 0 cold 190
hot 22 warm 0 cold 190
hot 22 warm 0 cold 190
hot 22 warm 0 cold 190
hot 22 warm 0 cold 190
hot 22 warm 0 cold 190
hot 22 warm 0 cold 190
hot 22 warm 0 cold 190
hot 22 warm 0 cold 190
hot 22 warm 0 cold 190
hot 22 warm 0 cold 190
hot 22 warm 0 cold 190
hot 22 warm 0 cold 190
hot 22 warm 0 cold 190
hot 22 warm 0 cold 190
hot 22 warm 0 cold 190
hot 22 warm 0 cold 190
hot 22 warm 0 cold 190
hot 22 warm 0 cold 190
hot 22 warm 0 cold 190
hot 22 warm 0 cold 190
hot 22 warm 0 cold 190
hot 22 warm 0 cold 190
hot 22 warm 0 cold 190
hot 22 warm 0 cold 190
hot 22 warm 0 cold 190
hot 22 warm 0 cold 190
hot 22 warm 0 cold 190
hot 22 warm 0 cold 190
hot 22 warm 0 cold 190
hot 22 warm 0 cold 190
hot 22 warm 0 cold 190
hot 22 warm 0 cold 190
hot 22 warm 0 cold 190
hot 22 warm 0 cold 190
hot 22 warm 0 cold 190
hot 22 warm 0 cold 190
hot 22 warm 0 cold 190
hot 22 warm 0 cold 190
hot 22 warm 0 cold 190
hot 22 warm 0 cold 190
hot 22 warm 0 cold 190
hot 22 warm 0 cold 190
hot 22 warm 0 cold 190
hot 22 warm 0 cold 190
hot 22 warm 0 cold 190
hot 22 warm 0 cold 190
hot 22 warm 0 cold 190
hot 22 warm 0 cold 190
hot 22 warm 0 cold 190
hot 22 warm 0 cold 190
hot 22 warm 0 cold 190
hot 22 warm 0 cold 190
hot 22 warm 0 cold 190
hot 22 warm 0 cold 190
hot 22 warm 0 cold 190
hot 22 warm 0 cold 190
hot 22 warm 0 cold 190
hot 22 warm 0 cold 190
hot 22 warm 0 cold 190
hot 22 warm 0 cold 190
hot 22 warm 0 cold 190
hot 22 warm 0 cold 190
