anon 1073152
anon_thp 0
anon 169582592
anon_thp 167772160
anon 247177216
anon_thp 245366784
anon 410755072
anon_thp 408944640
anon 538677248
anon_thp 536870912
anon 672899072
anon_thp 671088640
anon 870035456
anon_thp 868220928
anon 1052483584
anon_thp 1050673152
anon 1254309888
anon_thp 1249902592
anon 1466118144
anon_thp 1461714944
anon 1573076992
anon_thp 1568669696
anon 1780695040
anon_thp 1776287744
anon 1902329856
anon_thp 1897922560
anon 1990414336
anon_thp 1986002944
anon 2198028288
anon_thp 2193620992
anon 2260938752
anon_thp 2256535552
anon 2374189056
anon_thp 2369781760
anon 2588098560
anon_thp 2583691264
anon 2764259328
anon_thp 2759852032
anon 2890088448
anon_thp 2885681152
anon 3072544768
anon_thp 3068133376
anon 3175301120
anon_thp 3170893824
anon 3389214720
anon_thp 3384803328
anon 3567468544
anon_thp 3563061248
anon 3636670464
anon_thp 3632267264
anon 3848486912
anon_thp 3844079616
anon 4049817600
anon_thp 4045406208
anon 4072886272
anon_thp 4068474880
anon 4087566336
anon_thp 4083154944
anon 4156768256
anon_thp 4152360960
anon 4368576512
anon_thp 4364173312
anon 4557328384
anon_thp 4552916992
anon 4569911296
anon_thp 4565499904
anon 4678959104
anon_thp 4674551808
anon 4890775552
anon_thp 4886364160
anon 5035479040
anon_thp 5031067648
anon 5247287296
anon_thp 5242880000
anon 5423448064
anon_thp 5419040768
anon 5595418624
anon_thp 5591007232
anon 5809324032
anon_thp 5804916736
anon 5924671488
anon_thp 5920260096
anon 6128091136
anon_thp 6123683840
anon 6339907584
anon_thp 6335496192
anon 6423789568
anon_thp 6419382272
anon 6633508864
anon_thp 6629097472
anon 6847414272
anon_thp 6843006976
anon 7059226624
anon_thp 7054819328
anon 7252164608
anon_thp 7247757312
anon 7459778560
anon_thp 7455375360
anon 7669497856
anon_thp 7665090560
anon 7868731392
anon_thp 7864320000
anon 8078442496
anon_thp 8074035200
anon 8229437440
anon_thp 8225030144
anon 8416083968
anon_thp 8411676672
anon 8617414656
anon_thp 8613003264
anon 8755818496
anon_thp 8751415296
anon 8938274816
anon_thp 8933867520
anon 9143795712
anon_thp 9139388416
anon 9309470720
anon_thp 9305063424
anon 9502408704
anon_thp 9498001408
anon 9699545088
anon_thp 9695133696
anon 9898774528
anon_thp 9894363136
anon 9982660608
anon_thp 9978249216
anon 10129461248
anon_thp 10125049856
anon 10293039104
anon_thp 10288627712
anon 10320297984
anon_thp 10315890688
anon 10504847360
anon_thp 10500440064
anon 10708271104
anon_thp 10703863808
anon 10783772672
anon_thp 10779361280
anon 10905403392
anon_thp 10900996096
anon 10991390720
anon_thp 10986979328
anon 11089952768
anon_thp 11085545472
anon 11238850560
anon_thp 11234443264
anon 11448565760
anon_thp 11444158464
anon 11658276864
anon_thp 11653873664
anon 11777814528
anon_thp 11773411328
anon 11805077504
anon_thp 11800674304
anon 11842834432
anon_thp 11838423040
anon 11933007872
anon_thp 11928600576
anon 12104978432
anon_thp 12100567040
anon 12302106624
anon_thp 12297699328
anon 12509728768
anon_thp 12505317376
anon 12656525312
anon_thp 12652118016
anon 12862046208
anon_thp 12857638912
anon 13071765504
anon_thp 13067354112
anon 13201784832
anon_thp 13197377536
anon 13354876928
anon_thp 13350469632
anon 13512163328
anon_thp 13507756032
anon 13721874432
anon_thp 13717471232
anon 13868683264
anon_thp 13864271872
anon 13979832320
anon_thp 13975420928
anon 14153891840
anon_thp 14149484544
anon 14353121280
anon_thp 14348713984
anon 14552350720
anon_thp 14547943424
anon 14699151360
anon_thp 14694744064
anon 14881603584
anon_thp 14877196288
anon 15087128576
anon_thp 15082717184
anon 15271673856
anon_thp 15267266560
anon 15479287808
anon_thp 15474884608
anon 15684816896
anon_thp 15680405504
anon 15894528000
anon_thp 15890120704
anon 16070688768
anon_thp 16066281472
anon 16154574848
anon_thp 16150167552
anon 16274112512
anon_thp 16269705216
anon 16427204608
anon_thp 16422797312
anon 16580300800
anon_thp 16575889408
anon 16783724544
anon_thp 16779313152
anon 16993439744
anon_thp 16989028352
anon 17150722048
anon_thp 17146314752
anon 17310101504
anon_thp 17305698304
anon 17398185984
anon_thp 17393778688
anon 17593225216
anon_thp 17588813824
anon 17788260352
anon_thp 17783848960
anon 17953935360
anon_thp 17949523968
anon 19587190784
anon_thp 19574816768
anon 20683587584
anon_thp 20665335808
anon 20727631872
anon_thp 20709376000
anon 20796833792
anon_thp 20778582016
anon 20834582528
anon_thp 20816330752
anon 20855549952
anon_thp 20837302272
anon 20870234112
anon_thp 20851982336
anon 20882812928
anon_thp 20864565248
anon 20893306880
anon_thp 20875051008
anon 20895404032
anon_thp 20877148160
anon 20897501184
anon_thp 20879245312
anon 20897497088
anon_thp 20879245312
anon 20897497088
anon_thp 20879245312
anon 20897497088
anon_thp 20879245312
anon 20895399936
anon_thp 20877148160
anon 20897501184
anon_thp 20879245312
anon 19498147840
anon_thp 19486736384
anon 20675203072
anon_thp 20656947200
anon 20719239168
anon_thp 20700987392
anon 20746502144
anon_thp 20728250368
anon 20765376512
anon_thp 20747124736
anon 20782153728
anon_thp 20763901952
anon 20815708160
anon_thp 20797456384
anon 20834578432
anon_thp 20816330752
anon 20853460992
anon_thp 20835205120
anon 20866039808
anon_thp 20847788032
anon 20878626816
anon_thp 20860370944
anon 20887011328
anon_thp 20868759552
anon 20893298688
anon_thp 20875051008
anon 20897501184
anon_thp 20879245312
anon 20897497088
anon_thp 20879245312
anon 20895399936
anon_thp 20877148160
anon 20893302784
anon_thp 20875051008
anon 20897497088
anon_thp 20879245312
anon 20897497088
anon_thp 20879245312
anon 20150915072
anon_thp 20134756352
anon 20702461952
anon_thp 20684210176
anon 20744404992
anon_thp 20726153216
anon 20773765120
anon_thp 20755513344
anon 20794740736
anon_thp 20776484864
anon 20811513856
anon_thp 20793262080
anon 20824100864
anon_thp 20805844992
anon 20834582528
anon_thp 20816330752
anon 20849266688
anon_thp 20831010816
anon 20868136960
anon_thp 20849885184
anon 20882817024
anon_thp 20864565248
anon 20893302784
anon_thp 20875051008
anon 20711976960
anon_thp 20694695936
anon 20897497088
anon_thp 20879245312
anon 20897492992
anon_thp 20879245312
anon 20893306880
anon_thp 20875051008
anon 20897497088
anon_thp 20879245312
anon 20897497088
anon_thp 20879245312
anon 20897501184
anon_thp 20879245312
anon 20104196096
anon_thp 20090716160
anon 20702461952
anon_thp 20684210176
anon 20744404992
anon_thp 20726153216
anon 20773761024
anon_thp 20755513344
anon 20792639488
anon_thp 20774387712
anon 20832489472
anon_thp 20814233600
anon 20857651200
anon_thp 20839399424
anon 20874428416
anon_thp 20856176640
anon 20887011328
anon_thp 20868759552
anon 20893302784
anon_thp 20875051008
anon 20897501184
anon_thp 20879245312
anon 20897497088
anon_thp 20879245312
anon 20897497088
anon_thp 20879245312
anon 20897492992
anon_thp 20879245312
anon 20897501184
anon_thp 20879245312
anon 19741396992
anon_thp 19727908864
anon 20687781888
anon_thp 20669530112
anon 20759085056
anon_thp 20740833280
anon 20807315456
anon_thp 20789067776
anon 20836683776
anon_thp 20818427904
anon 20855554048
anon_thp 20837302272
anon 20870234112
anon_thp 20851982336
anon 20880723968
anon_thp 20862468096
anon 20889108480
anon_thp 20870856704
anon 20897501184
anon_thp 20879245312
anon 20897501184
anon_thp 20879245312
anon 20897492992
anon_thp 20879245312
anon 20897497088
anon_thp 20879245312
anon 20897497088
anon_thp 20879245312
anon 20897492992
anon_thp 20879245312
anon 20897497088
anon_thp 20879245312
anon 19747684352
anon_thp 19734200320
anon 20685680640
anon_thp 20667432960
anon 20721336320
anon_thp 20703084544
anon 20777959424
anon_thp 20759707648
anon 20819898368
anon_thp 20801650688
anon 20845064192
anon_thp 20826816512
anon 20861849600
anon_thp 20843593728
anon 20876525568
anon_thp 20858273792
anon 20884918272
anon_thp 20866662400
anon 20893302784
anon_thp 20875051008
anon 20897497088
anon_thp 20879245312
anon 20897497088
anon_thp 20879245312
anon 20897492992
anon_thp 20879245312
anon 20897501184
anon_thp 20879245312
anon 20897497088
anon_thp 20879245312
anon 20897501184
anon_thp 20879245312
anon 18053750784
anon_thp 18045992960
anon 20524208128
anon_thp 20508049408
anon 20715044864
anon_thp 20696793088
anon 20786348032
anon_thp 20768096256
anon 20824096768
anon_thp 20805844992
anon 20849266688
anon_thp 20831010816
anon 20866039808
anon_thp 20847788032
anon 20878618624
anon_thp 20860370944
anon 20889108480
anon_thp 20870856704
anon 20895399936
anon_thp 20877148160
anon 20897501184
anon_thp 20879245312
anon 20897497088
anon_thp 20879245312
anon 20897501184
anon_thp 20879245312
anon 20897497088
anon_thp 20879245312
anon 20897497088
anon_thp 20879245312
anon 20897497088
anon_thp 20879245312
anon 19354562560
anon_thp 19344130048
anon 20673101824
anon_thp 20654850048
anon 20740210688
anon_thp 20721958912
anon 20788441088
anon_thp 20770193408
anon 20819902464
anon_thp 20801650688
anon 20840878080
anon_thp 20822622208
anon 20857655296
anon_thp 20839399424
anon 20870234112
anon_thp 20851982336
anon 20880719872
anon_thp 20862468096
anon 20889108480
anon_thp 20870856704
anon 20895404032
anon_thp 20877148160
anon 20897492992
anon_thp 20879245312
anon 20897497088
anon_thp 20879245312
anon 20897497088
anon_thp 20879245312
anon 20897492992
anon_thp 20879245312
anon 20897501184
anon_thp 20879245312
anon 20897492992
anon_thp 20879245312
anon 20897497088
anon_thp 20879245312
anon 19808505856
anon_thp 19795017728
anon 20687777792
anon_thp 20669530112
anon 20759085056
anon_thp 20740833280
anon 20807319552
anon_thp 20789067776
anon 20834582528
anon_thp 20816330752
anon 20853460992
anon_thp 20835205120
anon 20868136960
anon_thp 20849885184
anon 20880723968
anon_thp 20862468096
anon 20889108480
anon_thp 20870856704
anon 20895399936
anon_thp 20877148160
anon 20897497088
anon_thp 20879245312
anon 20897492992
anon_thp 20879245312
anon 20897501184
anon_thp 20879245312
anon 20897497088
anon_thp 20879245312
anon 20897501184
anon_thp 20879245312
anon 20897492992
anon_thp 20879245312
anon 20897497088
anon_thp 20879245312
anon 18784141312
anon_thp 18773704704
anon 20662616064
anon_thp 20644364288
anon 20731822080
anon_thp 20713570304
anon 20784254976
anon_thp 20765999104
anon 20821999616
anon_thp 20803747840
anon 20845068288
anon_thp 20826816512
anon 20861845504
anon_thp 20843593728
anon 20874428416
anon_thp 20856176640
anon 20884914176
anon_thp 20866662400
anon 20893302784
anon_thp 20875051008
anon 20521136128
anon_thp 20503855104
anon 20897497088
anon_thp 20879245312
anon 20897492992
anon_thp 20879245312
anon 20897501184
anon_thp 20879245312
anon 20897497088
anon_thp 20879245312
anon 20897497088
anon_thp 20879245312
anon 20897501184
anon_thp 20879245312
