hot 0 warm 0 cold 0
hot 1 warm 0 cold 0
hot 1 warm 0 cold 0
hot 1 warm 0 cold 0
hot 1 warm 0 cold 0
hot 1 warm 0 cold 0
hot 1 warm 0 cold 0
hot 1 warm 0 cold 0
hot 1 warm 0 cold 0
hot 1 warm 0 cold 0
hot 1 warm 0 cold 0
hot 1 warm 0 cold 0
hot 1 warm 0 cold 0
hot 1 warm 0 cold 0
hot 1 warm 0 cold 0
hot 1 warm 0 cold 0
hot 1 warm 0 cold 0
hot 1 warm 0 cold 0
hot 1 warm 0 cold 0
hot 1 warm 0 cold 0
hot 1 warm 0 cold 0
hot 1 warm 0 cold 0
hot 1 warm 0 cold 0
hot 1 warm 0 cold 0
hot 1 warm 0 cold 0
hot 1 warm 0 cold 0
hot 1 warm 0 cold 0
hot 1 warm 0 cold 0
hot 1 warm 0 cold 0
hot 1 warm 0 cold 0
hot 1 warm 0 cold 0
hot 1 warm 0 cold 0
hot 1 warm 0 cold 0
hot 1 warm 0 cold 0
hot 1 warm 0 cold 0
hot 1 warm 0 cold 0
hot 1 warm 0 cold 0
hot 1 warm 0 cold 0
hot 1 warm 0 cold 0
hot 1 warm 0 cold 0
hot 1 warm 0 cold 0
hot 1 warm 0 cold 0
hot 1 warm 0 cold 0
hot 1 warm 0 cold 0
hot 1 warm 0 cold 0
hot 1 warm 0 cold 0
hot 1 warm 0 cold 0
hot 1 warm 0 cold 0
hot 1 warm 0 cold 0
hot 1 warm 0 cold 0
hot 1 warm 0 cold 0
hot 1 warm 0 cold 0
hot 1 warm 0 cold 0
hot 1 warm 0 cold 0
hot 1 warm 0 cold 0
hot 1 warm 0 cold 0
hot 1 warm 0 cold 0
hot 1 warm 0 cold 0
hot 1 warm 0 cold 0
hot 1 warm 0 cold 0
hot 1 warm 0 cold 0
hot 1 warm 0 cold 0
hot 1 warm 0 cold 0
hot 1 warm 0 cold 0
hot 514 warm 0 cold 0
hot 40451 warm 0 cold 0
hot 427011 warm 0 cold 0
hot 558595 warm 0 cold 0
hot 989699 warm 0 cold 0
hot 501740 warm 0 cold 967191
hot 556594 warm 1411537 cold 0
hot 671834 warm 1805737 cold 0
hot 917117 warm 2139526 cold 0
hot 556189 warm 927744 cold 2338150
hot 784043 warm 0 cold 3896664
hot 735990 warm 0 cold 4009228
hot 928017 warm 0 cold 3951345
hot 791841 warm 0 cold 4173537
hot 795947 warm 0 cold 4218583
hot 797483 warm 0 cold 4217047
hot 666410 warm 0 cold 4217047
hot 305203 warm 0 cold 4026566
hot 683571 warm 0 cold 4026566
hot 694836 warm 334848 cold 3692741
hot 713780 warm 335360 cold 3692229
hot 741431 warm 0 cold 4034754
hot 748087 warm 0 cold 4036290
hot 777272 warm 0 cold 4042433
hot 802873 warm 0 cold 4048064
hot 810041 warm 0 cold 4053696
hot 821308 warm 0 cold 4062397
hot 860747 warm 0 cold 4082862
hot 987226 warm 0 cold 4084894
hot 991837 warm 0 cold 4086427
hot 278886 warm 683261 cold 4119701
hot 435653 warm 536746 cold 4111497
hot 436800 warm 535599 cold 4111497
hot 17009 warm 247542 cold 4111497
hot 406641 warm 247542 cold 4111497
hot 422001 warm 247542 cold 4111497
hot 434802 warm 0 cold 4359039
hot 453234 warm 0 cold 4359039
hot 463474 warm 0 cold 4359039
hot 475250 warm 0 cold 4359039
hot 487538 warm 0 cold 4359039
hot 497778 warm 0 cold 4359039
hot 520818 warm 0 cold 4358527
hot 519912 warm 0 cold 4386229
hot 529643 warm 0 cold 4386163
hot 543474 warm 0 cold 4386156
hot 528641 warm 0 cold 4386140
hot 703236 warm 0 cold 4386137
hot 712460 warm 0 cold 4385105
hot 712460 warm 0 cold 4385105
hot 712460 warm 0 cold 4385105
hot 712460 warm 0 cold 4385105
hot 712460 warm 0 cold 4385105
hot 712460 warm 0 cold 4385105
hot 11839 warm 0 cold 4385105
hot 398911 warm 0 cold 4385105
hot 410175 warm 0 cold 4385105
hot 420927 warm 0 cold 4385105
hot 432704 warm 0 cold 4385104
hot 453696 warm 0 cold 4385104
hot 481856 warm 0 cold 4385104
hot 507456 warm 0 cold 4385104
hot 526913 warm 0 cold 4385103
hot 545347 warm 0 cold 4382029
hot 465994 warm 0 cold 4365125
hot 754254 warm 0 cold 4331329
hot 760910 warm 0 cold 4325697
hot 840788 warm 0 cold 4249403
hot 865367 warm 0 cold 4226872
hot 865879 warm 0 cold 4226872
hot 159840 warm 0 cold 4226872
hot 449633 warm 0 cold 4226871
hot 567905 warm 0 cold 4226871
hot 598625 warm 0 cold 4226359
hot 628833 warm 0 cold 4226359
hot 649313 warm 0 cold 4225335
hot 670817 warm 0 cold 4223799
hot 684129 warm 0 cold 4220727
hot 697953 warm 0 cold 4214583
hot 720995 warm 0 cold 4202805
hot 683626 warm 0 cold 4156717
hot 908914 warm 0 cold 4129061
hot 965747 warm 0 cold 4127524
hot 965747 warm 0 cold 4127524
hot 707186 warm 0 cold 4386085
hot 707187 warm 0 cold 4386084
hot 707700 warm 0 cold 4386083
hot 708725 warm 0 cold 4386082
hot 5753 warm 0 cold 4386082
hot 397433 warm 260609 cold 4125473
hot 413817 warm 260609 cold 4125473
hot 451705 warm 260609 cold 4125473
hot 474233 warm 0 cold 4386082
hot 493689 warm 0 cold 4386082
hot 511609 warm 0 cold 4386082
hot 525945 warm 0 cold 4386082
hot 539258 warm 0 cold 4386082
hot 466564 warm 0 cold 4386073
hot 701069 warm 0 cold 4386065
hot 705677 warm 0 cold 4386065
hot 706189 warm 0 cold 4386065
hot 706701 warm 0 cold 4386065
hot 707216 warm 0 cold 4386063
hot 708241 warm 0 cold 4386062
hot 5144 warm 0 cold 4386062
hot 397848 warm 0 cold 4386062
hot 423961 warm 0 cold 4386061
hot 457241 warm 0 cold 4386061
hot 480281 warm 0 cold 4386061
hot 497177 warm 0 cold 4386061
hot 513435 warm 0 cold 4386571
hot 525211 warm 0 cold 4386571
hot 534939 warm 0 cold 4386571
hot 574887 warm 0 cold 4375807
hot 742822 warm 0 cold 4260607
hot 862630 warm 0 cold 4228863
hot 863142 warm 0 cold 4228351
hot 864680 warm 0 cold 4226813
hot 867752 warm 0 cold 4223741
hot 877481 warm 0 cold 4214012
hot 897449 warm 0 cold 4195580
hot 196626 warm 0 cold 4195580
hot 593938 warm 0 cold 4195580
hot 616978 warm 70145 cold 4125435
hot 645650 warm 69633 cold 4125435
hot 669202 warm 69121 cold 4125435
hot 687122 warm 0 cold 4193532
hot 701970 warm 0 cold 4193532
hot 713746 warm 0 cold 4193020
hot 719378 warm 0 cold 4190972
hot 746003 warm 0 cold 4172027
hot 664083 warm 0 cold 4144890
hot 905747 warm 0 cold 4126970
hot 701448 warm 0 cold 4387077
hot 701448 warm 0 cold 4387077
hot 701448 warm 0 cold 4387077
hot 701448 warm 0 cold 4387077
hot 701449 warm 0 cold 4387076
hot 702473 warm 0 cold 4387076
hot 704521 warm 0 cold 4387076
hot 11279 warm 0 cold 4387076
hot 406032 warm 0 cold 4387075
hot 446993 warm 0 cold 4387075
hot 476177 warm 0 cold 4387075
hot 503313 warm 0 cold 4387075
hot 516113 warm 0 cold 4387075
hot 521745 warm 0 cold 4387075
hot 526865 warm 0 cold 4387075
hot 532497 warm 0 cold 4387075
hot 562193 warm 0 cold 4387075
hot 637968 warm 0 cold 4377347
hot 741392 warm 0 cold 4353283
hot 741392 warm 0 cold 4353283
hot 741904 warm 0 cold 4352771
hot 743441 warm 0 cold 4351746
hot 746514 warm 0 cold 4349185
hot 750098 warm 0 cold 4346625
hot 44550 warm 0 cold 4342529
hot 299014 warm 0 cold 4342529
hot 463366 warm 0 cold 4342529
hot 498694 warm 0 cold 4342017
hot 522247 warm 0 cold 4342016
hot 544775 warm 0 cold 4342016
hot 562183 warm 0 cold 4340480
hot 570375 warm 0 cold 4339968
hot 580103 warm 0 cold 4335872
hot 597511 warm 0 cold 4325632
hot 571493 warm 0 cold 4381981
hot 656484 warm 0 cold 4381981
hot 709732 warm 0 cold 4381981
hot 709732 warm 0 cold 4381981
hot 709732 warm 0 cold 4381981
hot 709732 warm 0 cold 4381981
hot 709732 warm 0 cold 4381981
hot 710244 warm 0 cold 4381981
hot 2 warm 0 cold 1938775
