hot 763 warm 0 cold 909
hot 763 warm 0 cold 909
hot 763 warm 0 cold 909
hot 763 warm 0 cold 909
hot 763 warm 0 cold 909
hot 763 warm 0 cold 909
hot 111354 warm 0 cold 909
hot 132342 warm 0 cold 909
hot 132850 warm 0 cold 909
hot 145646 warm 0 cold 910
hot 203498 warm 0 cold 911
hot 262886 warm 0 cold 911
hot 330978 warm 0 cold 911
hot 400094 warm 0 cold 911
hot 406746 warm 0 cold 911
hot 430294 warm 0 cold 911
hot 449234 warm 0 cold 911
hot 449742 warm 0 cold 911
hot 449738 warm 0 cold 911
hot 449734 warm 0 cold 911
hot 451266 warm 0 cold 911
hot 451262 warm 0 cold 911
hot 451770 warm 0 cold 911
hot 451766 warm 0 cold 911
hot 452274 warm 0 cold 911
hot 452270 warm 0 cold 911
hot 452266 warm 0 cold 911
hot 452262 warm 0 cold 911
hot 452258 warm 0 cold 911
hot 452254 warm 0 cold 911
hot 452250 warm 0 cold 911
hot 452246 warm 0 cold 911
hot 452242 warm 0 cold 911
hot 452238 warm 0 cold 911
hot 453258 warm 0 cold 911
hot 453254 warm 0 cold 911
hot 453250 warm 0 cold 911
hot 453246 warm 1 cold 910
hot 453242 warm 1 cold 910
hot 453238 warm 1 cold 910
hot 453234 warm 1 cold 910
hot 453230 warm 1 cold 910
hot 453226 warm 1 cold 910
hot 453222 warm 1 cold 910
hot 453218 warm 1 cold 910
hot 453214 warm 1 cold 910
hot 453210 warm 1 cold 910
hot 453206 warm 1 cold 910
hot 453202 warm 1 cold 910
hot 453198 warm 1 cold 910
hot 453706 warm 1 cold 910
hot 453702 warm 1 cold 910
hot 453698 warm 1 cold 910
hot 453694 warm 1 cold 910
hot 454202 warm 1 cold 910
hot 454198 warm 1 cold 910
hot 454194 warm 1 cold 910
hot 454190 warm 1 cold 910
hot 454186 warm 1 cold 910
hot 454182 warm 1 cold 910
hot 454178 warm 1 cold 910
hot 454174 warm 1 cold 910
hot 454170 warm 1 cold 910
hot 454166 warm 1 cold 910
hot 454162 warm 1 cold 910
hot 454158 warm 2 cold 909
hot 454154 warm 2 cold 909
hot 454150 warm 2 cold 909
hot 454146 warm 2 cold 909
hot 454142 warm 2 cold 909
hot 454138 warm 2 cold 909
hot 454134 warm 2 cold 909
hot 454130 warm 2 cold 909
hot 454126 warm 2 cold 909
hot 454122 warm 2 cold 909
hot 454118 warm 2 cold 909
hot 454114 warm 2 cold 909
hot 454110 warm 2 cold 909
hot 454106 warm 2 cold 909
hot 454102 warm 2 cold 909
hot 454098 warm 2 cold 909
hot 454094 warm 2 cold 909
hot 454090 warm 2 cold 909
hot 454086 warm 2 cold 909
hot 454082 warm 2 cold 909
hot 454078 warm 2 cold 909
hot 454074 warm 2 cold 909
hot 454070 warm 2 cold 909
hot 454066 warm 2 cold 909
hot 454062 warm 2 cold 909
hot 454058 warm 2 cold 909
hot 454054 warm 2 cold 909
hot 454050 warm 2 cold 909
hot 454046 warm 2 cold 909
hot 454042 warm 2 cold 909
hot 454038 warm 2 cold 909
hot 454034 warm 2 cold 909
hot 454030 warm 2 cold 909
hot 454026 warm 2 cold 909
hot 454022 warm 2 cold 909
hot 454018 warm 2 cold 909
hot 454014 warm 2 cold 909
hot 454010 warm 2 cold 909
hot 454006 warm 2 cold 909
hot 454002 warm 2 cold 909
hot 453998 warm 2 cold 909
hot 453994 warm 2 cold 909
hot 453990 warm 2 cold 909
hot 453986 warm 2 cold 909
hot 453982 warm 2 cold 909
hot 453978 warm 2 cold 909
hot 453974 warm 2 cold 909
hot 453970 warm 2 cold 909
hot 453966 warm 2 cold 909
hot 453962 warm 2 cold 909
hot 453958 warm 2 cold 909
hot 453954 warm 2 cold 909
hot 453950 warm 2 cold 909
hot 453946 warm 2 cold 909
hot 453942 warm 2 cold 909
hot 453938 warm 2 cold 909
hot 453934 warm 2 cold 909
hot 453930 warm 2 cold 909
hot 453926 warm 2 cold 909
hot 453922 warm 2 cold 909
hot 453918 warm 2 cold 909
hot 453914 warm 2 cold 909
hot 453910 warm 2 cold 909
hot 453906 warm 2 cold 909
hot 453902 warm 2 cold 909
hot 453898 warm 2 cold 909
hot 453894 warm 2 cold 909
hot 453890 warm 2 cold 909
hot 453886 warm 2 cold 909
hot 453882 warm 2 cold 909
hot 453878 warm 2 cold 909
hot 453874 warm 2 cold 909
hot 453870 warm 2 cold 909
hot 453866 warm 2 cold 909
hot 453862 warm 2 cold 909
hot 453858 warm 2 cold 909
hot 453854 warm 2 cold 909
hot 453850 warm 2 cold 909
hot 453846 warm 2 cold 909
hot 453842 warm 2 cold 909
hot 453838 warm 2 cold 909
hot 453835 warm 1 cold 909
hot 453831 warm 1 cold 909
hot 453827 warm 1 cold 909
hot 453823 warm 1 cold 909
hot 453819 warm 1 cold 909
hot 453815 warm 1 cold 909
hot 453811 warm 1 cold 909
hot 453807 warm 1 cold 909
hot 453803 warm 1 cold 909
hot 453799 warm 1 cold 909
hot 453795 warm 1 cold 909
hot 453791 warm 1 cold 909
hot 453787 warm 1 cold 909
hot 453783 warm 1 cold 909
hot 453779 warm 1 cold 909
hot 453775 warm 1 cold 909
hot 453771 warm 1 cold 909
hot 453767 warm 1 cold 909
hot 453763 warm 1 cold 909
hot 453759 warm 1 cold 909
hot 453755 warm 1 cold 909
hot 453751 warm 1 cold 909
hot 453747 warm 1 cold 909
hot 453743 warm 1 cold 909
hot 453739 warm 1 cold 909
hot 453735 warm 1 cold 909
hot 453731 warm 1 cold 909
hot 453727 warm 1 cold 909
hot 453723 warm 1 cold 909
hot 453719 warm 1 cold 909
hot 453715 warm 1 cold 909
hot 453711 warm 1 cold 909
hot 453707 warm 1 cold 909
hot 453703 warm 1 cold 909
hot 453699 warm 1 cold 909
hot 453695 warm 1 cold 909
hot 453691 warm 1 cold 909
hot 453687 warm 1 cold 909
hot 453683 warm 1 cold 909
hot 453679 warm 1 cold 909
hot 453675 warm 1 cold 909
hot 453671 warm 1 cold 909
hot 453667 warm 1 cold 909
hot 453663 warm 1 cold 909
hot 453659 warm 1 cold 909
hot 453655 warm 1 cold 909
hot 453651 warm 1 cold 909
hot 453647 warm 1 cold 909
hot 453643 warm 1 cold 909
hot 453639 warm 1 cold 909
hot 453635 warm 1 cold 909
hot 453631 warm 1 cold 909
hot 453627 warm 1 cold 909
hot 453623 warm 1 cold 909
hot 453619 warm 1 cold 909
hot 453615 warm 1 cold 909
hot 453611 warm 1 cold 909
hot 453607 warm 1 cold 909
hot 453603 warm 1 cold 909
hot 453599 warm 1 cold 909
hot 453595 warm 1 cold 909
hot 453591 warm 1 cold 909
hot 453587 warm 1 cold 909
hot 453583 warm 1 cold 909
hot 453579 warm 1 cold 909
hot 453575 warm 1 cold 909
hot 453571 warm 1 cold 909
hot 453567 warm 1 cold 909
hot 453563 warm 1 cold 909
hot 453559 warm 1 cold 909
hot 453555 warm 1 cold 909
hot 453551 warm 1 cold 909
hot 453547 warm 1 cold 909
hot 453543 warm 1 cold 909
hot 453539 warm 1 cold 909
hot 453535 warm 1 cold 909
hot 453531 warm 1 cold 909
hot 453527 warm 1 cold 909
hot 453523 warm 1 cold 909
hot 453519 warm 1 cold 909
hot 453515 warm 1 cold 909
hot 453511 warm 1 cold 909
hot 453507 warm 1 cold 909
hot 453503 warm 1 cold 909
hot 453499 warm 1 cold 909
hot 453495 warm 1 cold 909
hot 453491 warm 1 cold 909
hot 453487 warm 1 cold 909
hot 453483 warm 1 cold 909
hot 453725 warm 1 cold 58
hot 454234 warm 1 cold 1
hot 454231 warm 0 cold 1
hot 454227 warm 0 cold 1
hot 454223 warm 0 cold 1
hot 454219 warm 0 cold 1
hot 454215 warm 0 cold 1
hot 454211 warm 0 cold 1
hot 454207 warm 0 cold 1
hot 454203 warm 0 cold 1
hot 454199 warm 0 cold 1
hot 454195 warm 0 cold 1
hot 454191 warm 0 cold 1
hot 454187 warm 0 cold 1
hot 454183 warm 0 cold 1
hot 454179 warm 0 cold 1
hot 454175 warm 0 cold 1
hot 454171 warm 0 cold 1
hot 454167 warm 0 cold 1
hot 454163 warm 0 cold 1
hot 454159 warm 1 cold 0
hot 454155 warm 1 cold 0
hot 454151 warm 1 cold 0
hot 454147 warm 1 cold 0
hot 454143 warm 1 cold 0
hot 454139 warm 1 cold 0
hot 454135 warm 1 cold 0
hot 454131 warm 1 cold 0
hot 454127 warm 1 cold 0
hot 454123 warm 1 cold 0
hot 454119 warm 1 cold 0
hot 454115 warm 1 cold 0
hot 454111 warm 1 cold 0
hot 454108 warm 0 cold 0
hot 454104 warm 0 cold 0
hot 454100 warm 0 cold 0
hot 454096 warm 0 cold 0
hot 454092 warm 0 cold 0
hot 454088 warm 0 cold 0
hot 454084 warm 0 cold 0
hot 454080 warm 0 cold 0
hot 454076 warm 0 cold 0
hot 454072 warm 0 cold 0
hot 454068 warm 0 cold 0
hot 454064 warm 0 cold 0
hot 454060 warm 0 cold 0
hot 454056 warm 0 cold 0
hot 454052 warm 0 cold 0
hot 454048 warm 0 cold 0
hot 454044 warm 0 cold 0
hot 454040 warm 0 cold 0
hot 454036 warm 0 cold 0
hot 454032 warm 0 cold 0
hot 454028 warm 0 cold 0
hot 454024 warm 0 cold 0
hot 454020 warm 0 cold 0
hot 454016 warm 0 cold 0
hot 454012 warm 0 cold 0
hot 454008 warm 0 cold 0
hot 454004 warm 0 cold 0
hot 454000 warm 0 cold 0
hot 453996 warm 0 cold 0
hot 453992 warm 0 cold 0
hot 453988 warm 0 cold 0
hot 453984 warm 0 cold 0
hot 453980 warm 0 cold 0
hot 453976 warm 0 cold 0
hot 453972 warm 0 cold 0
hot 453968 warm 0 cold 0
hot 453964 warm 0 cold 0
hot 453960 warm 0 cold 0
hot 453956 warm 0 cold 0
hot 453952 warm 0 cold 0
hot 453948 warm 0 cold 0
hot 453944 warm 0 cold 0
hot 453940 warm 0 cold 0
hot 453936 warm 0 cold 0
hot 453932 warm 0 cold 0
hot 453928 warm 0 cold 0
hot 453924 warm 0 cold 0
hot 453920 warm 0 cold 0
hot 453916 warm 0 cold 0
hot 453912 warm 0 cold 0
hot 453908 warm 0 cold 0
hot 453904 warm 0 cold 0
hot 453900 warm 0 cold 0
hot 453896 warm 0 cold 0
hot 453892 warm 0 cold 0
hot 453888 warm 0 cold 0
hot 453884 warm 0 cold 0
hot 453880 warm 0 cold 0
hot 453876 warm 0 cold 0
hot 453872 warm 0 cold 0
hot 453868 warm 0 cold 0
hot 453864 warm 0 cold 0
hot 453860 warm 0 cold 0
hot 453856 warm 0 cold 0
hot 453852 warm 0 cold 0
hot 453848 warm 0 cold 0
hot 453844 warm 0 cold 0
hot 453840 warm 0 cold 0
hot 453836 warm 0 cold 0
hot 453832 warm 0 cold 0
hot 453828 warm 0 cold 0
hot 453824 warm 0 cold 0
hot 453820 warm 0 cold 0
hot 453816 warm 0 cold 0
hot 453812 warm 0 cold 0
hot 453808 warm 0 cold 0
hot 453804 warm 0 cold 0
hot 453800 warm 0 cold 0
hot 453796 warm 0 cold 0
hot 453792 warm 0 cold 0
hot 453788 warm 0 cold 0
hot 453784 warm 0 cold 0
hot 453780 warm 0 cold 0
hot 453776 warm 0 cold 0
hot 453772 warm 0 cold 0
hot 453768 warm 0 cold 0
hot 453764 warm 0 cold 0
hot 453760 warm 0 cold 0
hot 453756 warm 0 cold 0
hot 453752 warm 0 cold 0
hot 453748 warm 0 cold 0
hot 453744 warm 0 cold 0
hot 453740 warm 0 cold 0
hot 453736 warm 0 cold 0
hot 453732 warm 0 cold 0
hot 453728 warm 0 cold 0
hot 453724 warm 0 cold 0
hot 453720 warm 0 cold 0
hot 453716 warm 0 cold 0
hot 453712 warm 0 cold 0
hot 453708 warm 0 cold 0
hot 453704 warm 0 cold 0
hot 453700 warm 0 cold 0
hot 453696 warm 0 cold 0
hot 453692 warm 0 cold 0
hot 453688 warm 0 cold 0
hot 453684 warm 0 cold 0
hot 453680 warm 0 cold 0
hot 453676 warm 0 cold 0
hot 453672 warm 0 cold 0
hot 453668 warm 0 cold 0
hot 453664 warm 0 cold 0
hot 453660 warm 0 cold 0
hot 453656 warm 0 cold 0
hot 453652 warm 0 cold 0
hot 453648 warm 0 cold 0
hot 453644 warm 0 cold 0
hot 453640 warm 0 cold 0
hot 453636 warm 0 cold 0
hot 453632 warm 0 cold 0
hot 453628 warm 0 cold 0
hot 453624 warm 0 cold 0
hot 453620 warm 0 cold 0
hot 453616 warm 0 cold 0
hot 453612 warm 0 cold 0
hot 453608 warm 0 cold 0
hot 453604 warm 0 cold 0
hot 453600 warm 0 cold 0
hot 453596 warm 0 cold 0
hot 453592 warm 0 cold 0
hot 453588 warm 0 cold 0
hot 453584 warm 0 cold 0
hot 453580 warm 0 cold 0
hot 453576 warm 0 cold 0
hot 453572 warm 0 cold 0
hot 453568 warm 0 cold 0
hot 453564 warm 0 cold 0
hot 453560 warm 0 cold 0
hot 453556 warm 0 cold 0
hot 453552 warm 0 cold 0
hot 453548 warm 0 cold 0
hot 453544 warm 0 cold 0
hot 453540 warm 0 cold 0
hot 453536 warm 0 cold 0
hot 453532 warm 0 cold 0
hot 453528 warm 0 cold 0
hot 453524 warm 0 cold 0
hot 453520 warm 0 cold 0
hot 453516 warm 0 cold 0
hot 453512 warm 0 cold 0
hot 453508 warm 0 cold 0
hot 453504 warm 0 cold 0
hot 453500 warm 0 cold 0
hot 453496 warm 0 cold 0
hot 453492 warm 0 cold 0
hot 453488 warm 0 cold 0
hot 453484 warm 0 cold 0
hot 453480 warm 0 cold 0
hot 453476 warm 0 cold 0
hot 453472 warm 0 cold 0
hot 453468 warm 0 cold 0
hot 453464 warm 0 cold 0
hot 453460 warm 0 cold 0
hot 453456 warm 0 cold 0
hot 453452 warm 0 cold 0
hot 453448 warm 0 cold 0
hot 453444 warm 0 cold 0
hot 453440 warm 0 cold 0
hot 453436 warm 0 cold 0
hot 453432 warm 0 cold 0
hot 453428 warm 0 cold 0
hot 453424 warm 0 cold 0
hot 453420 warm 0 cold 0
hot 453416 warm 1 cold 0
hot 453412 warm 1 cold 0
hot 453408 warm 1 cold 0
hot 453404 warm 1 cold 0
hot 453400 warm 1 cold 0
hot 453396 warm 1 cold 0
hot 453392 warm 1 cold 0
hot 453388 warm 1 cold 0
hot 453384 warm 1 cold 0
hot 453380 warm 1 cold 0
hot 453376 warm 1 cold 0
hot 453372 warm 1 cold 0
hot 453368 warm 1 cold 0
hot 453364 warm 1 cold 0
hot 453360 warm 1 cold 0
hot 453356 warm 1 cold 0
hot 453352 warm 1 cold 0
hot 453348 warm 1 cold 0
hot 453344 warm 1 cold 0
hot 453340 warm 1 cold 0
hot 453336 warm 1 cold 0
hot 453332 warm 1 cold 0
hot 453328 warm 1 cold 0
hot 453324 warm 1 cold 0
hot 453320 warm 1 cold 0
hot 453316 warm 1 cold 0
hot 453312 warm 1 cold 0
hot 453308 warm 1 cold 0
hot 453304 warm 1 cold 0
hot 453300 warm 1 cold 0
hot 453296 warm 1 cold 0
hot 453292 warm 1 cold 0
hot 453288 warm 1 cold 0
hot 453284 warm 1 cold 0
hot 453280 warm 1 cold 0
hot 453276 warm 1 cold 0
hot 453272 warm 1 cold 0
hot 453268 warm 1 cold 0
hot 453264 warm 1 cold 0
hot 453260 warm 1 cold 0
hot 453256 warm 1 cold 0
hot 453252 warm 1 cold 0
hot 453248 warm 1 cold 0
hot 453244 warm 1 cold 0
hot 453240 warm 1 cold 0
hot 453236 warm 1 cold 0
hot 453232 warm 1 cold 0
hot 453228 warm 1 cold 0
hot 453224 warm 1 cold 0
hot 453220 warm 1 cold 0
hot 453216 warm 1 cold 0
hot 453212 warm 1 cold 0
hot 453208 warm 1 cold 0
hot 453204 warm 1 cold 0
hot 453200 warm 1 cold 0
hot 453196 warm 1 cold 0
hot 453192 warm 1 cold 0
hot 453188 warm 1 cold 0
hot 453184 warm 1 cold 0
hot 453180 warm 1 cold 0
hot 453176 warm 1 cold 0
hot 453172 warm 1 cold 0
hot 453168 warm 1 cold 0
hot 453164 warm 1 cold 0
hot 453160 warm 1 cold 0
hot 453156 warm 1 cold 0
hot 453152 warm 1 cold 0
hot 453148 warm 1 cold 0
hot 453144 warm 1 cold 0
hot 453140 warm 1 cold 0
hot 453136 warm 1 cold 0
hot 453132 warm 1 cold 0
hot 453128 warm 1 cold 0
hot 453124 warm 1 cold 0
hot 453120 warm 1 cold 0
hot 453116 warm 1 cold 0
hot 453112 warm 1 cold 0
hot 453108 warm 1 cold 0
hot 453104 warm 1 cold 0
hot 453100 warm 1 cold 0
hot 453096 warm 1 cold 0
hot 453092 warm 1 cold 0
hot 453088 warm 1 cold 0
hot 453084 warm 1 cold 0
hot 453080 warm 1 cold 0
hot 453076 warm 1 cold 0
hot 453072 warm 1 cold 0
hot 453068 warm 1 cold 0
hot 453064 warm 1 cold 0
hot 453060 warm 1 cold 0
hot 453056 warm 1 cold 0
hot 453052 warm 1 cold 0
hot 453048 warm 1 cold 0
hot 453044 warm 1 cold 0
hot 453040 warm 1 cold 0
hot 453036 warm 1 cold 0
hot 453032 warm 1 cold 0
hot 453028 warm 1 cold 0
hot 453024 warm 1 cold 0
hot 453020 warm 1 cold 0
hot 453016 warm 1 cold 0
