pgmigrate_success 63926483
pgmigrate_success 63926900
pgmigrate_success 63926903
pgmigrate_success 63926903
pgmigrate_success 63926903
pgmigrate_success 63926903
pgmigrate_success 63926903
pgmigrate_success 63926903
pgmigrate_success 63926903
pgmigrate_success 63926903
pgmigrate_success 63926903
pgmigrate_success 63926903
pgmigrate_success 63926903
pgmigrate_success 63926903
pgmigrate_success 63926903
pgmigrate_success 63926903
pgmigrate_success 63926903
pgmigrate_success 63926903
pgmigrate_success 63926903
pgmigrate_success 63926903
pgmigrate_success 63926903
pgmigrate_success 63926903
pgmigrate_success 63926903
pgmigrate_success 63926903
pgmigrate_success 63926903
pgmigrate_success 63926903
pgmigrate_success 63926903
pgmigrate_success 63926903
pgmigrate_success 63926903
pgmigrate_success 63926903
pgmigrate_success 63926903
pgmigrate_success 63926903
pgmigrate_success 63926903
pgmigrate_success 63926903
pgmigrate_success 63926903
pgmigrate_success 63926903
pgmigrate_success 63926903
pgmigrate_success 63926903
pgmigrate_success 63926903
pgmigrate_success 63926903
pgmigrate_success 63926903
pgmigrate_success 63926903
pgmigrate_success 63926903
pgmigrate_success 63926903
pgmigrate_success 63926903
pgmigrate_success 63926903
pgmigrate_success 63926903
pgmigrate_success 63926903
pgmigrate_success 63926903
pgmigrate_success 63926903
pgmigrate_success 63926903
pgmigrate_success 63926903
pgmigrate_success 63926903
pgmigrate_success 63926903
pgmigrate_success 63926903
pgmigrate_success 63926903
pgmigrate_success 63926903
pgmigrate_success 63926903
pgmigrate_success 63926903
pgmigrate_success 63926903
pgmigrate_success 63926903
pgmigrate_success 63926903
pgmigrate_success 63926903
pgmigrate_success 63926903
pgmigrate_success 63926903
pgmigrate_success 63926903
pgmigrate_success 63926903
pgmigrate_success 63926903
pgmigrate_success 63926903
pgmigrate_success 63926903
pgmigrate_success 63926903
pgmigrate_success 63926903
pgmigrate_success 63926903
pgmigrate_success 63926903
pgmigrate_success 63926903
pgmigrate_success 63926903
pgmigrate_success 63926903
pgmigrate_success 63926903
pgmigrate_success 63926903
pgmigrate_success 63926903
pgmigrate_success 63926903
pgmigrate_success 63926903
pgmigrate_success 63926903
pgmigrate_success 63926903
pgmigrate_success 63926903
pgmigrate_success 63926903
pgmigrate_success 63926903
pgmigrate_success 63926903
pgmigrate_success 63926903
pgmigrate_success 63927496
pgmigrate_success 63927498
pgmigrate_success 63927499
pgmigrate_success 63927500
pgmigrate_success 63927500
pgmigrate_success 63927502
pgmigrate_success 63927503
pgmigrate_success 63927505
pgmigrate_success 63927506
pgmigrate_success 63927507
pgmigrate_success 63927508
pgmigrate_success 63927509
pgmigrate_success 63927509
pgmigrate_success 63927510
pgmigrate_success 63927511
pgmigrate_success 63927512
pgmigrate_success 63927513
pgmigrate_success 63927514
pgmigrate_success 63927515
pgmigrate_success 63927515
pgmigrate_success 63927517
pgmigrate_success 63927518
pgmigrate_success 63927519
pgmigrate_success 63927519
pgmigrate_success 63927519
pgmigrate_success 63927520
pgmigrate_success 63927521
pgmigrate_success 63927521
pgmigrate_success 63927522
pgmigrate_success 63927522
pgmigrate_success 63927522
pgmigrate_success 63927524
pgmigrate_success 63927524
pgmigrate_success 63927524
pgmigrate_success 63927524
pgmigrate_success 63927525
pgmigrate_success 63927525
pgmigrate_success 63927527
pgmigrate_success 63927528
pgmigrate_success 63927528
pgmigrate_success 63927529
pgmigrate_success 63927530
pgmigrate_success 63927531
pgmigrate_success 63927531
pgmigrate_success 63927531
pgmigrate_success 63927531
pgmigrate_success 63927532
pgmigrate_success 63927532
pgmigrate_success 63927532
pgmigrate_success 63927534
pgmigrate_success 63927534
pgmigrate_success 63927535
pgmigrate_success 63927536
pgmigrate_success 63927536
pgmigrate_success 63927537
pgmigrate_success 63927538
pgmigrate_success 63927539
pgmigrate_success 63927539
pgmigrate_success 63927539
pgmigrate_success 63927539
pgmigrate_success 63927541
pgmigrate_success 63927542
pgmigrate_success 63927542
pgmigrate_success 63927543
pgmigrate_success 63927544
pgmigrate_success 63927544
pgmigrate_success 63927545
pgmigrate_success 63927545
pgmigrate_success 63927545
pgmigrate_success 63927545
pgmigrate_success 63927546
pgmigrate_success 63927547
pgmigrate_success 63927547
pgmigrate_success 63927547
pgmigrate_success 63927548
pgmigrate_success 63927548
pgmigrate_success 63927548
pgmigrate_success 63927549
pgmigrate_success 63927549
pgmigrate_success 63927549
pgmigrate_success 63927550
pgmigrate_success 63927550
pgmigrate_success 63927550
pgmigrate_success 63927551
pgmigrate_success 63927551
pgmigrate_success 63927551
pgmigrate_success 63927551
pgmigrate_success 63927551
pgmigrate_success 63927551
pgmigrate_success 63927551
pgmigrate_success 63927552
pgmigrate_success 63927553
pgmigrate_success 63927553
pgmigrate_success 64084801
pgmigrate_success 64429252
pgmigrate_success 64429252
pgmigrate_success 64429252
pgmigrate_success 64429252
pgmigrate_success 64429252
pgmigrate_success 64429252
pgmigrate_success 64429252
pgmigrate_success 64429252
pgmigrate_success 64429252
pgmigrate_success 64429252
pgmigrate_success 64429252
pgmigrate_success 64429252
pgmigrate_success 64429252
pgmigrate_success 64429252
pgmigrate_success 64429252
pgmigrate_success 64429252
pgmigrate_success 64429252
pgmigrate_success 64429252
pgmigrate_success 64429252
pgmigrate_success 64429252
pgmigrate_success 64429252
pgmigrate_success 64429252
pgmigrate_success 64429252
pgmigrate_success 64429252
pgmigrate_success 64429764
pgmigrate_success 64429764
pgmigrate_success 64429764
pgmigrate_success 64429764
pgmigrate_success 64429764
pgmigrate_success 64430276
pgmigrate_success 64430276
pgmigrate_success 64430276
pgmigrate_success 64430337
pgmigrate_success 64430337
pgmigrate_success 64430337
pgmigrate_success 64430337
pgmigrate_success 64430337
pgmigrate_success 64430337
pgmigrate_success 64430337
pgmigrate_success 64430337
pgmigrate_success 64430337
pgmigrate_success 64430337
pgmigrate_success 64430337
pgmigrate_success 64430337
pgmigrate_success 64430337
pgmigrate_success 64430337
pgmigrate_success 64430337
pgmigrate_success 64430337
pgmigrate_success 64430337
pgmigrate_success 64430337
pgmigrate_success 64430337
pgmigrate_success 64430337
pgmigrate_success 64430337
pgmigrate_success 64430337
pgmigrate_success 64430337
pgmigrate_success 64430337
pgmigrate_success 64430337
pgmigrate_success 64430337
pgmigrate_success 64430337
pgmigrate_success 64430337
pgmigrate_success 64430337
pgmigrate_success 64430337
pgmigrate_success 64430337
pgmigrate_success 64430337
pgmigrate_success 64430391
pgmigrate_success 64430391
pgmigrate_success 64430391
pgmigrate_success 64430391
pgmigrate_success 64430391
pgmigrate_success 64430391
pgmigrate_success 64430391
pgmigrate_success 64430391
pgmigrate_success 64430391
pgmigrate_success 64430391
pgmigrate_success 64430391
pgmigrate_success 64430391
pgmigrate_success 64430391
pgmigrate_success 64430391
pgmigrate_success 64430391
pgmigrate_success 64430391
pgmigrate_success 64430391
pgmigrate_success 64430391
pgmigrate_success 64430391
pgmigrate_success 64430391
pgmigrate_success 64430391
pgmigrate_success 64430391
pgmigrate_success 64430391
pgmigrate_success 64431486
pgmigrate_success 64431998
pgmigrate_success 64431998
pgmigrate_success 64432510
pgmigrate_success 64432510
pgmigrate_success 64432510
pgmigrate_success 64432510
pgmigrate_success 64432510
pgmigrate_success 64432772
pgmigrate_success 64432772
pgmigrate_success 64432772
pgmigrate_success 64432772
pgmigrate_success 64433284
pgmigrate_success 64433284
pgmigrate_success 64433284
pgmigrate_success 64433284
pgmigrate_success 64433284
pgmigrate_success 64433284
pgmigrate_success 64433284
pgmigrate_success 64433284
pgmigrate_success 64433284
pgmigrate_success 64433284
pgmigrate_success 64433284
pgmigrate_success 64433284
pgmigrate_success 64433284
pgmigrate_success 64433284
pgmigrate_success 64447163
pgmigrate_success 64447972
pgmigrate_success 64447972
pgmigrate_success 64447972
pgmigrate_success 64447972
pgmigrate_success 64447972
pgmigrate_success 64447972
pgmigrate_success 64447972
pgmigrate_success 64447972
pgmigrate_success 64447972
pgmigrate_success 64447972
pgmigrate_success 64447972
pgmigrate_success 64447972
pgmigrate_success 64447972
pgmigrate_success 64458437
pgmigrate_success 64470597
pgmigrate_success 64470597
pgmigrate_success 64470597
pgmigrate_success 64470597
pgmigrate_success 64470597
pgmigrate_success 64471109
pgmigrate_success 64471109
pgmigrate_success 64471109
pgmigrate_success 64471109
pgmigrate_success 64471109
pgmigrate_success 64471109
pgmigrate_success 64471109
pgmigrate_success 64471109
pgmigrate_success 64471621
pgmigrate_success 64472133
pgmigrate_success 64472133
pgmigrate_success 64472133
pgmigrate_success 64472133
pgmigrate_success 64472133
pgmigrate_success 64472133
pgmigrate_success 64472133
pgmigrate_success 64472645
pgmigrate_success 64472645
pgmigrate_success 64473157
pgmigrate_success 64473157
pgmigrate_success 64473669
pgmigrate_success 64473669
pgmigrate_success 64473669
pgmigrate_success 64473669
pgmigrate_success 64519857
pgmigrate_success 64519857
pgmigrate_success 64519861
pgmigrate_success 64520948
pgmigrate_success 64521460
pgmigrate_success 64522998
pgmigrate_success 64527094
pgmigrate_success 64531191
pgmigrate_success 64532727
pgmigrate_success 64533239
pgmigrate_success 64536312
pgmigrate_success 64540408
pgmigrate_success 64540408
pgmigrate_success 64540408
pgmigrate_success 64540408
pgmigrate_success 64540408
pgmigrate_success 64540408
pgmigrate_success 64540408
pgmigrate_success 64540408
pgmigrate_success 64540408
pgmigrate_success 64540408
pgmigrate_success 64540408
pgmigrate_success 64540409
pgmigrate_success 64540409
pgmigrate_success 64540409
pgmigrate_success 64540409
pgmigrate_success 64540409
pgmigrate_success 64540409
pgmigrate_success 64540409
pgmigrate_success 64548090
pgmigrate_success 64554234
pgmigrate_success 64562426
pgmigrate_success 64562938
pgmigrate_success 64562938
pgmigrate_success 64562993
pgmigrate_success 64562993
pgmigrate_success 64562993
pgmigrate_success 64562993
pgmigrate_success 64562993
pgmigrate_success 64562993
pgmigrate_success 64562993
pgmigrate_success 64623544
pgmigrate_success 64800699
pgmigrate_success 64800699
pgmigrate_success 64800699
pgmigrate_success 64800699
pgmigrate_success 64800699
pgmigrate_success 64801723
pgmigrate_success 64801723
pgmigrate_success 64801723
pgmigrate_success 64801723
pgmigrate_success 64801723
pgmigrate_success 64801723
pgmigrate_success 64801723
pgmigrate_success 64893373
pgmigrate_success 64893373
pgmigrate_success 64893373
pgmigrate_success 64893373
pgmigrate_success 64893405
pgmigrate_success 64893410
pgmigrate_success 64893410
pgmigrate_success 64893411
pgmigrate_success 64893411
pgmigrate_success 64893412
pgmigrate_success 64893413
pgmigrate_success 64893413
pgmigrate_success 64894794
pgmigrate_success 64894794
pgmigrate_success 64894794
pgmigrate_success 64894794
pgmigrate_success 64894794
pgmigrate_success 64894794
pgmigrate_success 64894794
pgmigrate_success 64894794
pgmigrate_success 64894794
pgmigrate_success 64894795
pgmigrate_success 64894796
pgmigrate_success 64894796
pgmigrate_success 64894796
pgmigrate_success 64894796
pgmigrate_success 64894796
pgmigrate_success 64894796
pgmigrate_success 64894796
pgmigrate_success 64894796
pgmigrate_success 64894796
pgmigrate_success 64894796
pgmigrate_success 64894796
pgmigrate_success 64894796
pgmigrate_success 64894796
pgmigrate_success 64894796
pgmigrate_success 64894796
pgmigrate_success 64894797
pgmigrate_success 64894808
pgmigrate_success 64894819
pgmigrate_success 64894830
pgmigrate_success 64894841
pgmigrate_success 64894847
pgmigrate_success 64894857
pgmigrate_success 64894948
pgmigrate_success 64894955
pgmigrate_success 64894957
pgmigrate_success 64894957
pgmigrate_success 64894957
pgmigrate_success 64894957
pgmigrate_success 64894957
pgmigrate_success 64894957
pgmigrate_success 64894957
pgmigrate_success 64894957
pgmigrate_success 64894960
pgmigrate_success 64894964
pgmigrate_success 64894968
pgmigrate_success 64894972
pgmigrate_success 64894979
pgmigrate_success 64894987
pgmigrate_success 64894988
pgmigrate_success 64894989
pgmigrate_success 64894989
pgmigrate_success 64894989
pgmigrate_success 64894989
pgmigrate_success 64894989
pgmigrate_success 64894989
pgmigrate_success 64894989
pgmigrate_success 64894989
pgmigrate_success 64894989
pgmigrate_success 64894989
pgmigrate_success 64894989
pgmigrate_success 64894989
pgmigrate_success 64894989
pgmigrate_success 64894989
pgmigrate_success 64894989
pgmigrate_success 64895077
pgmigrate_success 64895077
pgmigrate_success 64895077
pgmigrate_success 64895078
pgmigrate_success 64895078
pgmigrate_success 64895078
pgmigrate_success 64895078
pgmigrate_success 64895078
pgmigrate_success 64895079
pgmigrate_success 64895079
pgmigrate_success 64895079
pgmigrate_success 64895079
pgmigrate_success 64895079
pgmigrate_success 64895079
pgmigrate_success 64895079
pgmigrate_success 64895079
pgmigrate_success 64895079
pgmigrate_success 64895080
pgmigrate_success 64895080
pgmigrate_success 64895080
pgmigrate_success 64895080
pgmigrate_success 64895080
pgmigrate_success 64895080
pgmigrate_success 64895080
pgmigrate_success 64895080
pgmigrate_success 64895080
pgmigrate_success 64895080
pgmigrate_success 64895081
pgmigrate_success 64895081
pgmigrate_success 64895081
pgmigrate_success 64895081
pgmigrate_success 64895081
pgmigrate_success 64895132
pgmigrate_success 64895132
pgmigrate_success 64895132
pgmigrate_success 64895133
pgmigrate_success 64895134
pgmigrate_success 64895134
pgmigrate_success 64895135
pgmigrate_success 64895135
pgmigrate_success 64895135
pgmigrate_success 64895135
pgmigrate_success 64895135
pgmigrate_success 64895135
pgmigrate_success 64895135
pgmigrate_success 64895135
pgmigrate_success 64895135
pgmigrate_success 64895135
pgmigrate_success 64895139
pgmigrate_success 64895143
pgmigrate_success 64895153
pgmigrate_success 64895160
pgmigrate_success 64895166
pgmigrate_success 64895171
pgmigrate_success 64895687
pgmigrate_success 64895691
pgmigrate_success 64895696
pgmigrate_success 64895704
pgmigrate_success 64895708
pgmigrate_success 64895714
pgmigrate_success 64895716
pgmigrate_success 64895720
pgmigrate_success 64895726
pgmigrate_success 64895855
pgmigrate_success 64896371
pgmigrate_success 64896886
