pgmigrate_success 99285779
pgmigrate_success 99286172
pgmigrate_success 99286177
pgmigrate_success 99286177
pgmigrate_success 99286177
pgmigrate_success 99286177
pgmigrate_success 99286177
pgmigrate_success 99286177
pgmigrate_success 99286177
pgmigrate_success 99286177
pgmigrate_success 99286177
pgmigrate_success 99286177
pgmigrate_success 99286177
pgmigrate_success 99286177
pgmigrate_success 99286177
pgmigrate_success 99286177
pgmigrate_success 99286177
pgmigrate_success 99286177
pgmigrate_success 99286177
pgmigrate_success 99286177
pgmigrate_success 99286177
pgmigrate_success 99286177
pgmigrate_success 99286177
pgmigrate_success 99286177
pgmigrate_success 99286177
pgmigrate_success 99286177
pgmigrate_success 99286177
pgmigrate_success 99286177
pgmigrate_success 99286177
pgmigrate_success 99286177
pgmigrate_success 99286177
pgmigrate_success 99286177
pgmigrate_success 99286177
pgmigrate_success 99286177
pgmigrate_success 99286177
pgmigrate_success 99286177
pgmigrate_success 99286177
pgmigrate_success 99286177
pgmigrate_success 99286177
pgmigrate_success 99286177
pgmigrate_success 99286177
pgmigrate_success 99286177
pgmigrate_success 99286177
pgmigrate_success 99286177
pgmigrate_success 99286177
pgmigrate_success 99286177
pgmigrate_success 99286177
pgmigrate_success 99286177
pgmigrate_success 99286177
pgmigrate_success 99286177
pgmigrate_success 99286177
pgmigrate_success 99286177
pgmigrate_success 99286177
pgmigrate_success 99286177
pgmigrate_success 99286177
pgmigrate_success 99286177
pgmigrate_success 99286177
pgmigrate_success 99286177
pgmigrate_success 99286177
pgmigrate_success 99286177
pgmigrate_success 99286177
pgmigrate_success 99286177
pgmigrate_success 99286177
pgmigrate_success 99286177
pgmigrate_success 99286177
pgmigrate_success 99286177
pgmigrate_success 99286177
pgmigrate_success 99286177
pgmigrate_success 99286177
pgmigrate_success 99286177
pgmigrate_success 99286177
pgmigrate_success 99286177
pgmigrate_success 99286177
pgmigrate_success 99286177
pgmigrate_success 99286177
pgmigrate_success 99286177
pgmigrate_success 99286177
pgmigrate_success 99286177
pgmigrate_success 99286177
pgmigrate_success 99286177
pgmigrate_success 99286177
pgmigrate_success 99286177
pgmigrate_success 99286177
pgmigrate_success 99286177
pgmigrate_success 99286177
pgmigrate_success 99286177
pgmigrate_success 99286177
pgmigrate_success 99286177
pgmigrate_success 99286790
pgmigrate_success 99513126
pgmigrate_success 99754347
pgmigrate_success 99763564
pgmigrate_success 99763564
pgmigrate_success 99763564
pgmigrate_success 99763566
pgmigrate_success 99763567
pgmigrate_success 99763567
pgmigrate_success 99763567
pgmigrate_success 99763568
pgmigrate_success 99763568
pgmigrate_success 99763569
pgmigrate_success 99763570
pgmigrate_success 99763571
pgmigrate_success 99784599
pgmigrate_success 99784599
pgmigrate_success 99784599
pgmigrate_success 99784599
pgmigrate_success 99784599
pgmigrate_success 99784599
pgmigrate_success 99784599
pgmigrate_success 99784599
pgmigrate_success 99784599
pgmigrate_success 99784599
pgmigrate_success 99784599
pgmigrate_success 99784599
pgmigrate_success 99785111
pgmigrate_success 99785111
pgmigrate_success 99785111
pgmigrate_success 99785111
pgmigrate_success 99785111
pgmigrate_success 99785111
pgmigrate_success 99785111
pgmigrate_success 99785179
pgmigrate_success 99785179
pgmigrate_success 99785179
pgmigrate_success 99785179
pgmigrate_success 99785769
pgmigrate_success 99785769
pgmigrate_success 99785769
pgmigrate_success 99785769
pgmigrate_success 99810578
pgmigrate_success 99810596
pgmigrate_success 99810611
pgmigrate_success 99811146
pgmigrate_success 99811156
pgmigrate_success 99811172
pgmigrate_success 99811697
pgmigrate_success 99812744
pgmigrate_success 99815310
pgmigrate_success 99818905
pgmigrate_success 99822501
pgmigrate_success 99829170
pgmigrate_success 99832756
pgmigrate_success 99832766
pgmigrate_success 99832766
pgmigrate_success 99832767
pgmigrate_success 99832767
pgmigrate_success 99832767
pgmigrate_success 99832767
pgmigrate_success 99832767
pgmigrate_success 99832767
pgmigrate_success 99832767
pgmigrate_success 99832767
pgmigrate_success 99833204
pgmigrate_success 99833204
pgmigrate_success 99833204
pgmigrate_success 99833204
pgmigrate_success 99833204
pgmigrate_success 99833204
pgmigrate_success 99855744
pgmigrate_success 100077448
pgmigrate_success 100174332
pgmigrate_success 100174339
pgmigrate_success 100174340
pgmigrate_success 100174341
pgmigrate_success 100174342
pgmigrate_success 100174343
pgmigrate_success 100174343
pgmigrate_success 100174343
pgmigrate_success 100174344
pgmigrate_success 100174345
pgmigrate_success 100174346
pgmigrate_success 100174346
pgmigrate_success 100174348
pgmigrate_success 100174348
pgmigrate_success 100174349
pgmigrate_success 100174349
pgmigrate_success 100174351
pgmigrate_success 100174352
pgmigrate_success 100174352
pgmigrate_success 100174353
pgmigrate_success 100174353
pgmigrate_success 100174354
pgmigrate_success 100174354
pgmigrate_success 100174354
pgmigrate_success 100174498
pgmigrate_success 100174498
pgmigrate_success 100174500
pgmigrate_success 100174501
pgmigrate_success 100174501
pgmigrate_success 100174502
pgmigrate_success 100174502
pgmigrate_success 100174502
pgmigrate_success 100174502
pgmigrate_success 100174503
pgmigrate_success 100174504
pgmigrate_success 100174504
pgmigrate_success 100174506
pgmigrate_success 100174508
pgmigrate_success 100174508
pgmigrate_success 100174508
pgmigrate_success 100174509
pgmigrate_success 100174510
pgmigrate_success 100174511
pgmigrate_success 100174511
pgmigrate_success 100174512
pgmigrate_success 100174513
pgmigrate_success 100174513
pgmigrate_success 100174513
pgmigrate_success 100174515
pgmigrate_success 100174515
pgmigrate_success 100174515
pgmigrate_success 100174515
pgmigrate_success 100174516
pgmigrate_success 100174516
pgmigrate_success 100174518
pgmigrate_success 100174519
pgmigrate_success 100174572
pgmigrate_success 100174572
pgmigrate_success 100174573
pgmigrate_success 100174574
pgmigrate_success 100174574
pgmigrate_success 100174574
pgmigrate_success 100174575
pgmigrate_success 100174575
pgmigrate_success 100174575
pgmigrate_success 100174576
pgmigrate_success 100174576
pgmigrate_success 100174576
pgmigrate_success 100174576
pgmigrate_success 100174576
pgmigrate_success 100174576
pgmigrate_success 100174578
pgmigrate_success 100174580
pgmigrate_success 100174587
pgmigrate_success 100174597
pgmigrate_success 100174602
pgmigrate_success 100174608
pgmigrate_success 100174612
pgmigrate_success 100174615
pgmigrate_success 100174620
pgmigrate_success 100174624
pgmigrate_success 100174629
pgmigrate_success 100174633
pgmigrate_success 100174644
pgmigrate_success 100174647
pgmigrate_success 100174651
pgmigrate_success 100174655
pgmigrate_success 100174661
pgmigrate_success 100174777
pgmigrate_success 100174779
pgmigrate_success 100174787
pgmigrate_success 100174792
pgmigrate_success 100175310
pgmigrate_success 100175311
pgmigrate_success 100175315
pgmigrate_success 100175839
pgmigrate_success 100175845
pgmigrate_success 100175852
pgmigrate_success 100176370
pgmigrate_success 100177399
pgmigrate_success 100177918
pgmigrate_success 100177919
pgmigrate_success 100177921
pgmigrate_success 100177924
pgmigrate_success 100177925
pgmigrate_success 100177925
pgmigrate_success 100177928
pgmigrate_success 100177928
pgmigrate_success 100178441
pgmigrate_success 100178441
pgmigrate_success 100178441
pgmigrate_success 100178441
pgmigrate_success 100178441
pgmigrate_success 100178441
pgmigrate_success 100178441
pgmigrate_success 100178441
pgmigrate_success 100178441
pgmigrate_success 100178441
pgmigrate_success 100178441
pgmigrate_success 100178441
pgmigrate_success 100178536
pgmigrate_success 100178536
pgmigrate_success 100178536
pgmigrate_success 100179048
pgmigrate_success 100179048
pgmigrate_success 100179048
pgmigrate_success 100179048
pgmigrate_success 100179048
pgmigrate_success 100236395
pgmigrate_success 100265581
pgmigrate_success 100265581
pgmigrate_success 100265581
pgmigrate_success 100265581
pgmigrate_success 100265581
pgmigrate_success 100265581
pgmigrate_success 100265581
pgmigrate_success 100265581
pgmigrate_success 100299888
pgmigrate_success 100299888
pgmigrate_success 100300400
pgmigrate_success 100300400
pgmigrate_success 100300400
pgmigrate_success 100300400
pgmigrate_success 100300400
pgmigrate_success 100300400
pgmigrate_success 100300400
pgmigrate_success 100300400
pgmigrate_success 100300400
pgmigrate_success 100300400
pgmigrate_success 100300400
pgmigrate_success 100300400
pgmigrate_success 100300401
pgmigrate_success 100300692
pgmigrate_success 100300692
pgmigrate_success 100300774
pgmigrate_success 100300778
pgmigrate_success 100300783
pgmigrate_success 100300786
pgmigrate_success 100300786
pgmigrate_success 100300791
pgmigrate_success 100300794
pgmigrate_success 100300798
pgmigrate_success 100300800
pgmigrate_success 100300806
pgmigrate_success 100300806
pgmigrate_success 100300807
pgmigrate_success 100300807
pgmigrate_success 100300807
pgmigrate_success 100300807
pgmigrate_success 100300807
pgmigrate_success 100300807
pgmigrate_success 100300807
pgmigrate_success 100300807
pgmigrate_success 100300807
pgmigrate_success 100300807
pgmigrate_success 100300807
pgmigrate_success 100300807
pgmigrate_success 100300807
pgmigrate_success 100300808
pgmigrate_success 100300809
pgmigrate_success 100300809
pgmigrate_success 100300809
pgmigrate_success 100300809
pgmigrate_success 100300934
pgmigrate_success 100300934
pgmigrate_success 100300934
pgmigrate_success 100300934
pgmigrate_success 100300935
pgmigrate_success 100300935
pgmigrate_success 100300935
pgmigrate_success 100300935
pgmigrate_success 100300935
pgmigrate_success 100300935
pgmigrate_success 100300937
pgmigrate_success 100300937
pgmigrate_success 100300937
pgmigrate_success 100300937
pgmigrate_success 100300937
pgmigrate_success 100300938
pgmigrate_success 100300939
pgmigrate_success 100300939
pgmigrate_success 100300939
pgmigrate_success 100300939
pgmigrate_success 100300939
pgmigrate_success 100300940
pgmigrate_success 100300940
pgmigrate_success 100300940
pgmigrate_success 100300941
pgmigrate_success 100300941
pgmigrate_success 100300941
pgmigrate_success 100300941
pgmigrate_success 100300942
pgmigrate_success 100300942
pgmigrate_success 100300942
pgmigrate_success 100300942
pgmigrate_success 100301118
pgmigrate_success 100301119
pgmigrate_success 100301119
pgmigrate_success 100301121
pgmigrate_success 100301123
pgmigrate_success 100301125
pgmigrate_success 100301126
pgmigrate_success 100301127
pgmigrate_success 100301130
pgmigrate_success 100301132
pgmigrate_success 100301133
pgmigrate_success 100301137
pgmigrate_success 100301137
pgmigrate_success 100301137
pgmigrate_success 100301137
pgmigrate_success 100301137
pgmigrate_success 100301137
pgmigrate_success 100301137
pgmigrate_success 100301137
pgmigrate_success 100301137
pgmigrate_success 100301137
pgmigrate_success 100301138
pgmigrate_success 100301138
pgmigrate_success 100301138
pgmigrate_success 100301138
pgmigrate_success 100301138
pgmigrate_success 100301138
pgmigrate_success 100301138
pgmigrate_success 100301139
pgmigrate_success 100301139
pgmigrate_success 100301139
pgmigrate_success 100301140
pgmigrate_success 100301200
pgmigrate_success 100301201
pgmigrate_success 100301201
pgmigrate_success 100301202
pgmigrate_success 100301202
pgmigrate_success 100301202
pgmigrate_success 100301202
pgmigrate_success 100301202
pgmigrate_success 100301202
pgmigrate_success 100301202
pgmigrate_success 100301203
pgmigrate_success 100301203
pgmigrate_success 100301203
pgmigrate_success 100301203
pgmigrate_success 100301203
pgmigrate_success 100301203
pgmigrate_success 100301203
pgmigrate_success 100301203
pgmigrate_success 100301204
pgmigrate_success 100301205
pgmigrate_success 100301207
pgmigrate_success 100301209
pgmigrate_success 100301210
pgmigrate_success 100301210
pgmigrate_success 100301210
pgmigrate_success 100301210
pgmigrate_success 100301210
pgmigrate_success 100301210
pgmigrate_success 100301210
pgmigrate_success 100301210
pgmigrate_success 100301210
pgmigrate_success 100301210
pgmigrate_success 100301252
pgmigrate_success 100301252
pgmigrate_success 100301252
pgmigrate_success 100301252
pgmigrate_success 100301252
pgmigrate_success 100301252
pgmigrate_success 100301253
pgmigrate_success 100301254
pgmigrate_success 100301254
pgmigrate_success 100301254
pgmigrate_success 100301255
pgmigrate_success 100301257
pgmigrate_success 100301259
pgmigrate_success 100301259
pgmigrate_success 100301260
pgmigrate_success 100301260
pgmigrate_success 100301260
pgmigrate_success 100301260
pgmigrate_success 100301262
pgmigrate_success 100301264
pgmigrate_success 100301268
pgmigrate_success 100301269
pgmigrate_success 100301269
pgmigrate_success 100301271
pgmigrate_success 100301273
pgmigrate_success 100301274
pgmigrate_success 100301274
pgmigrate_success 100301275
pgmigrate_success 100302302
pgmigrate_success 100302303
pgmigrate_success 100302305
pgmigrate_success 100302390
pgmigrate_success 100302390
pgmigrate_success 100302903
pgmigrate_success 100302903
pgmigrate_success 100302903
pgmigrate_success 100302905
pgmigrate_success 100302907
pgmigrate_success 100302911
pgmigrate_success 100303425
pgmigrate_success 100303939
pgmigrate_success 100303940
pgmigrate_success 100303941
pgmigrate_success 100303943
pgmigrate_success 100303944
pgmigrate_success 100303946
pgmigrate_success 100303946
pgmigrate_success 100303948
pgmigrate_success 100303949
pgmigrate_success 100303949
pgmigrate_success 100303953
pgmigrate_success 100303953
pgmigrate_success 100303953
pgmigrate_success 100303953
pgmigrate_success 100303953
pgmigrate_success 100303953
pgmigrate_success 100303953
pgmigrate_success 100303953
pgmigrate_success 100303953
pgmigrate_success 100303954
pgmigrate_success 100303954
pgmigrate_success 100303954
pgmigrate_success 100303954
pgmigrate_success 100304006
pgmigrate_success 100304006
pgmigrate_success 100304006
pgmigrate_success 100304006
pgmigrate_success 100304006
pgmigrate_success 100304006
pgmigrate_success 100304006
pgmigrate_success 100304007
pgmigrate_success 100304007
pgmigrate_success 100304007
pgmigrate_success 100304007
pgmigrate_success 100304007
pgmigrate_success 100304007
pgmigrate_success 100304007
pgmigrate_success 100304009
pgmigrate_success 100304009
pgmigrate_success 100304009
pgmigrate_success 100304009
pgmigrate_success 100304009
pgmigrate_success 100304009
pgmigrate_success 100304009
pgmigrate_success 100304009
pgmigrate_success 100304009
pgmigrate_success 100304009
pgmigrate_success 100304009
pgmigrate_success 100304009
pgmigrate_success 100304009
