hot 0 warm 0 cold 0
hot 416 warm 0 cold 0
hot 416 warm 0 cold 0
hot 416 warm 0 cold 0
hot 416 warm 0 cold 0
hot 416 warm 0 cold 0
hot 416 warm 0 cold 0
hot 416 warm 0 cold 0
hot 416 warm 0 cold 0
hot 416 warm 0 cold 0
hot 416 warm 0 cold 0
hot 416 warm 0 cold 0
hot 416 warm 0 cold 0
hot 416 warm 0 cold 0
hot 416 warm 0 cold 0
hot 416 warm 0 cold 0
hot 416 warm 0 cold 0
hot 416 warm 0 cold 0
hot 416 warm 0 cold 0
hot 416 warm 0 cold 0
hot 416 warm 0 cold 0
hot 416 warm 0 cold 0
hot 416 warm 0 cold 0
hot 416 warm 0 cold 0
hot 416 warm 0 cold 0
hot 416 warm 0 cold 0
hot 416 warm 0 cold 0
hot 416 warm 0 cold 0
hot 416 warm 0 cold 0
hot 416 warm 0 cold 0
hot 416 warm 0 cold 0
hot 416 warm 0 cold 0
hot 416 warm 0 cold 0
hot 416 warm 0 cold 0
hot 416 warm 0 cold 0
hot 416 warm 0 cold 0
hot 416 warm 0 cold 0
hot 416 warm 0 cold 0
hot 416 warm 0 cold 0
hot 416 warm 0 cold 0
hot 416 warm 0 cold 0
hot 416 warm 0 cold 0
hot 416 warm 0 cold 0
hot 416 warm 0 cold 0
hot 416 warm 0 cold 0
hot 416 warm 0 cold 0
hot 416 warm 0 cold 0
hot 416 warm 0 cold 0
hot 416 warm 0 cold 0
hot 416 warm 0 cold 0
hot 416 warm 0 cold 0
hot 416 warm 0 cold 0
hot 416 warm 0 cold 0
hot 416 warm 0 cold 0
hot 416 warm 0 cold 0
hot 416 warm 0 cold 0
hot 416 warm 0 cold 0
hot 416 warm 0 cold 0
hot 416 warm 0 cold 0
hot 416 warm 0 cold 0
hot 416 warm 0 cold 0
hot 416 warm 0 cold 0
hot 416 warm 0 cold 0
hot 416 warm 0 cold 0
hot 416 warm 0 cold 0
hot 416 warm 0 cold 0
hot 416 warm 0 cold 0
hot 416 warm 0 cold 0
hot 416 warm 0 cold 0
hot 416 warm 0 cold 0
hot 416 warm 0 cold 0
hot 416 warm 0 cold 0
hot 416 warm 0 cold 0
hot 416 warm 0 cold 0
hot 416 warm 0 cold 0
hot 416 warm 0 cold 0
hot 416 warm 0 cold 0
hot 416 warm 0 cold 0
hot 416 warm 0 cold 0
hot 416 warm 0 cold 0
hot 416 warm 0 cold 0
hot 416 warm 0 cold 0
hot 416 warm 0 cold 0
hot 416 warm 0 cold 0
hot 416 warm 0 cold 0
hot 416 warm 0 cold 0
hot 416 warm 0 cold 0
hot 416 warm 0 cold 0
hot 416 warm 0 cold 0
hot 461 warm 0 cold 0
hot 461 warm 0 cold 0
hot 463 warm 0 cold 0
hot 464 warm 0 cold 0
hot 464 warm 0 cold 0
hot 467 warm 0 cold 0
hot 467 warm 0 cold 0
hot 470 warm 0 cold 0
hot 471 warm 0 cold 0
hot 471 warm 0 cold 0
hot 473 warm 0 cold 0
hot 473 warm 0 cold 0
hot 475 warm 0 cold 0
hot 479 warm 0 cold 0
hot 479 warm 0 cold 0
hot 481 warm 0 cold 0
hot 481 warm 0 cold 0
hot 483 warm 0 cold 0
hot 483 warm 0 cold 0
hot 483 warm 0 cold 0
hot 484 warm 0 cold 0
hot 485 warm 0 cold 0
hot 485 warm 0 cold 0
hot 487 warm 0 cold 0
hot 488 warm 0 cold 0
hot 490 warm 0 cold 0
hot 491 warm 0 cold 0
hot 491 warm 0 cold 0
hot 494 warm 0 cold 0
hot 497 warm 0 cold 0
hot 497 warm 0 cold 0
hot 499 warm 0 cold 0
hot 501 warm 0 cold 0
hot 501 warm 0 cold 0
hot 504 warm 0 cold 0
hot 504 warm 0 cold 0
hot 504 warm 0 cold 0
hot 505 warm 0 cold 0
hot 505 warm 0 cold 0
hot 507 warm 0 cold 0
hot 510 warm 0 cold 0
hot 510 warm 0 cold 0
hot 511 warm 0 cold 0
hot 511 warm 0 cold 0
hot 511 warm 0 cold 0
hot 513 warm 0 cold 0
hot 513 warm 0 cold 0
hot 513 warm 0 cold 0
hot 514 warm 0 cold 0
hot 514 warm 0 cold 0
hot 514 warm 0 cold 0
hot 515 warm 0 cold 0
hot 516 warm 0 cold 0
hot 516 warm 0 cold 0
hot 517 warm 0 cold 0
hot 520 warm 0 cold 0
hot 520 warm 0 cold 0
hot 521 warm 0 cold 0
hot 523 warm 0 cold 0
hot 523 warm 0 cold 0
hot 524 warm 0 cold 0
hot 524 warm 0 cold 0
hot 527 warm 0 cold 0
hot 527 warm 0 cold 0
hot 527 warm 0 cold 0
hot 527 warm 0 cold 0
hot 527 warm 0 cold 0
hot 528 warm 0 cold 0
hot 530 warm 0 cold 0
hot 532 warm 0 cold 0
hot 533 warm 0 cold 0
hot 534 warm 0 cold 0
hot 535 warm 0 cold 0
hot 535 warm 0 cold 0
hot 536 warm 0 cold 0
hot 537 warm 0 cold 0
hot 537 warm 0 cold 0
hot 540 warm 0 cold 0
hot 541 warm 0 cold 0
hot 541 warm 0 cold 0
hot 542 warm 0 cold 0
hot 543 warm 0 cold 0
hot 543 warm 0 cold 0
hot 544 warm 0 cold 0
hot 544 warm 0 cold 0
hot 546 warm 0 cold 0
hot 547 warm 0 cold 0
hot 547 warm 0 cold 0
hot 549 warm 0 cold 0
hot 549 warm 0 cold 0
hot 549 warm 0 cold 0
hot 549 warm 0 cold 0
hot 549 warm 0 cold 0
hot 550 warm 0 cold 0
hot 550 warm 0 cold 0
hot 550 warm 0 cold 0
hot 551 warm 0 cold 0
hot 552 warm 0 cold 0
hot 553 warm 0 cold 0
hot 554 warm 0 cold 0
hot 554 warm 0 cold 0
hot 1693227 warm 0 cold 0
hot 2138155 warm 0 cold 0
hot 2288171 warm 0 cold 0
hot 2288172 warm 0 cold 0
hot 2288172 warm 0 cold 0
hot 2288172 warm 0 cold 0
hot 2288172 warm 0 cold 0
hot 2288172 warm 0 cold 0
hot 2288172 warm 0 cold 0
hot 2288172 warm 0 cold 0
hot 2288173 warm 0 cold 0
hot 2288173 warm 0 cold 0
hot 2288174 warm 0 cold 0
hot 2288174 warm 0 cold 0
hot 2288174 warm 0 cold 0
hot 2288174 warm 0 cold 0
hot 2288174 warm 0 cold 0
hot 2288174 warm 0 cold 0
hot 2288174 warm 0 cold 0
hot 2288174 warm 0 cold 0
hot 2288174 warm 0 cold 0
hot 2288174 warm 0 cold 0
hot 2288174 warm 0 cold 0
hot 2288175 warm 0 cold 0
hot 2288175 warm 0 cold 0
hot 2288175 warm 0 cold 0
hot 2288175 warm 0 cold 0
hot 2288175 warm 0 cold 0
hot 2288175 warm 0 cold 0
hot 2288175 warm 0 cold 0
hot 2288175 warm 0 cold 0
hot 2288175 warm 0 cold 0
hot 2288175 warm 0 cold 0
hot 2288175 warm 0 cold 0
hot 2288175 warm 0 cold 0
hot 2288175 warm 0 cold 0
hot 2288175 warm 0 cold 0
hot 2288175 warm 0 cold 0
hot 2288175 warm 0 cold 0
hot 2288175 warm 0 cold 0
hot 2288175 warm 0 cold 0
hot 2288175 warm 0 cold 0
hot 2288175 warm 0 cold 0
hot 2288175 warm 0 cold 0
hot 2288175 warm 0 cold 0
hot 2288175 warm 0 cold 0
hot 2288175 warm 0 cold 0
hot 2288175 warm 0 cold 0
hot 2288175 warm 0 cold 0
hot 2288175 warm 0 cold 0
hot 2288175 warm 0 cold 0
hot 2288175 warm 0 cold 0
hot 2288176 warm 0 cold 0
hot 2288176 warm 0 cold 0
hot 2288176 warm 0 cold 0
hot 2288176 warm 0 cold 0
hot 2288176 warm 0 cold 0
hot 2288176 warm 0 cold 0
hot 2288176 warm 0 cold 0
hot 2288176 warm 0 cold 0
hot 2288177 warm 0 cold 0
hot 2288177 warm 0 cold 0
hot 2288177 warm 0 cold 0
hot 2288177 warm 0 cold 0
hot 2288177 warm 0 cold 0
hot 2288177 warm 0 cold 0
hot 2288177 warm 0 cold 0
hot 2288177 warm 0 cold 0
hot 2288177 warm 0 cold 0
hot 2288177 warm 0 cold 0
hot 2288177 warm 0 cold 0
hot 2288177 warm 0 cold 0
hot 2288177 warm 0 cold 0
hot 2288177 warm 0 cold 0
hot 2288177 warm 0 cold 0
hot 2288177 warm 0 cold 0
hot 2288177 warm 0 cold 0
hot 2288177 warm 0 cold 0
hot 2288178 warm 0 cold 0
hot 2288178 warm 0 cold 0
hot 2288178 warm 0 cold 0
hot 2288178 warm 0 cold 0
hot 2288179 warm 0 cold 0
hot 2288179 warm 0 cold 0
hot 2288179 warm 0 cold 0
hot 2288179 warm 0 cold 0
hot 2288179 warm 0 cold 0
hot 2288179 warm 0 cold 0
hot 2288179 warm 0 cold 0
hot 2288179 warm 0 cold 0
hot 2288179 warm 0 cold 0
hot 2288179 warm 0 cold 0
hot 2288179 warm 0 cold 0
hot 2288179 warm 0 cold 0
hot 2288179 warm 0 cold 0
hot 2288179 warm 0 cold 0
hot 2288179 warm 0 cold 0
hot 2288179 warm 0 cold 0
hot 2288179 warm 0 cold 0
hot 2288179 warm 0 cold 0
hot 2288179 warm 0 cold 0
hot 2288179 warm 0 cold 0
hot 2288180 warm 0 cold 0
hot 2288180 warm 0 cold 0
hot 2288180 warm 0 cold 0
hot 2288180 warm 0 cold 0
hot 2288180 warm 0 cold 0
hot 2288181 warm 0 cold 0
hot 2288181 warm 0 cold 0
hot 2288181 warm 0 cold 0
hot 2288181 warm 0 cold 0
hot 2288181 warm 0 cold 0
hot 2288181 warm 0 cold 0
hot 2628661 warm 0 cold 0
hot 3220021 warm 0 cold 0
hot 3220021 warm 0 cold 0
hot 3220021 warm 0 cold 0
hot 3220021 warm 0 cold 0
hot 3220021 warm 0 cold 0
hot 3220021 warm 0 cold 0
hot 3220021 warm 0 cold 0
hot 3220021 warm 0 cold 0
hot 3220021 warm 0 cold 0
hot 3220021 warm 0 cold 0
hot 3220021 warm 0 cold 0
hot 3220021 warm 0 cold 0
hot 3220021 warm 0 cold 0
hot 3220021 warm 0 cold 0
hot 3220021 warm 0 cold 0
hot 3220021 warm 0 cold 0
hot 3220021 warm 0 cold 0
hot 3220021 warm 0 cold 0
hot 3220021 warm 0 cold 0
hot 3220021 warm 0 cold 0
hot 3234869 warm 0 cold 0
hot 3474997 warm 0 cold 0
hot 3521077 warm 0 cold 0
hot 3521077 warm 0 cold 0
hot 3521077 warm 0 cold 0
hot 3521077 warm 0 cold 0
hot 3521077 warm 0 cold 0
hot 3521077 warm 0 cold 0
hot 3521077 warm 0 cold 0
hot 3521077 warm 0 cold 0
hot 3521077 warm 0 cold 0
hot 3521077 warm 0 cold 0
hot 3521077 warm 0 cold 0
hot 3521077 warm 0 cold 0
hot 3521077 warm 0 cold 0
hot 3521077 warm 0 cold 0
hot 3521077 warm 0 cold 0
hot 3521077 warm 0 cold 0
hot 3521077 warm 0 cold 0
hot 3521077 warm 0 cold 0
hot 3521077 warm 0 cold 0
hot 3521077 warm 0 cold 0
hot 3521077 warm 0 cold 0
hot 3526709 warm 0 cold 0
hot 3526709 warm 0 cold 0
hot 3526709 warm 0 cold 0
hot 3526710 warm 0 cold 0
hot 3526710 warm 0 cold 0
hot 3526710 warm 0 cold 0
hot 3526710 warm 0 cold 0
hot 3526710 warm 0 cold 0
hot 3526710 warm 0 cold 0
hot 3526710 warm 0 cold 0
hot 3526710 warm 0 cold 0
hot 3526710 warm 0 cold 0
hot 3526710 warm 0 cold 0
hot 3526710 warm 0 cold 0
hot 3526710 warm 0 cold 0
hot 3526711 warm 0 cold 0
hot 3526711 warm 0 cold 0
hot 3526711 warm 0 cold 0
hot 3526711 warm 0 cold 0
hot 3526711 warm 0 cold 0
hot 3526711 warm 0 cold 0
hot 3526711 warm 0 cold 0
hot 3526711 warm 0 cold 0
hot 3526711 warm 0 cold 0
hot 3526711 warm 0 cold 0
hot 3526711 warm 0 cold 0
hot 3526711 warm 0 cold 0
hot 3526711 warm 0 cold 0
hot 3526711 warm 0 cold 0
hot 3526711 warm 0 cold 0
hot 3526711 warm 0 cold 0
hot 3526712 warm 0 cold 0
hot 3526712 warm 0 cold 0
hot 3526712 warm 0 cold 0
hot 3526712 warm 0 cold 0
hot 3526712 warm 0 cold 0
hot 3526712 warm 0 cold 0
hot 3526712 warm 0 cold 0
hot 3526712 warm 0 cold 0
hot 3526712 warm 0 cold 0
hot 3526712 warm 0 cold 0
hot 3526712 warm 0 cold 0
hot 3526712 warm 0 cold 0
hot 3526712 warm 0 cold 0
hot 3526712 warm 0 cold 0
hot 3526712 warm 0 cold 0
hot 3526712 warm 0 cold 0
hot 3526712 warm 0 cold 0
hot 3526712 warm 0 cold 0
hot 3526712 warm 0 cold 0
hot 3542072 warm 0 cold 0
hot 3545656 warm 0 cold 0
hot 3546680 warm 0 cold 0
hot 3586104 warm 0 cold 0
hot 3591224 warm 0 cold 0
hot 3614776 warm 0 cold 0
hot 3618872 warm 0 cold 0
hot 3618872 warm 0 cold 0
hot 3618872 warm 0 cold 0
hot 3618872 warm 0 cold 0
hot 3618872 warm 0 cold 0
hot 3618872 warm 0 cold 0
hot 3618872 warm 0 cold 0
hot 3618872 warm 0 cold 0
hot 3618872 warm 0 cold 0
hot 3618872 warm 0 cold 0
hot 3623992 warm 0 cold 0
hot 3623992 warm 0 cold 0
hot 3623992 warm 0 cold 0
hot 3623992 warm 0 cold 0
hot 3623992 warm 0 cold 0
hot 3623992 warm 0 cold 0
hot 3623992 warm 0 cold 0
hot 3623992 warm 0 cold 0
hot 3623992 warm 0 cold 0
hot 3625528 warm 0 cold 0
hot 3625528 warm 0 cold 0
hot 3628088 warm 0 cold 0
hot 3629112 warm 0 cold 0
hot 3629112 warm 0 cold 0
hot 3629112 warm 0 cold 0
hot 3629112 warm 0 cold 0
hot 3629112 warm 0 cold 0
hot 3629113 warm 0 cold 0
hot 3629113 warm 0 cold 0
hot 3629113 warm 0 cold 0
hot 3629113 warm 0 cold 0
hot 3629113 warm 0 cold 0
hot 3629113 warm 0 cold 0
hot 3629113 warm 0 cold 0
hot 3629113 warm 0 cold 0
hot 3629113 warm 0 cold 0
hot 3629113 warm 0 cold 0
hot 3629113 warm 0 cold 0
hot 3629113 warm 0 cold 0
hot 3631673 warm 0 cold 0
hot 3631673 warm 0 cold 0
hot 3631673 warm 0 cold 0
hot 3631673 warm 0 cold 0
hot 3631673 warm 0 cold 0
hot 3631673 warm 0 cold 0
hot 3632185 warm 0 cold 0
hot 3632185 warm 0 cold 0
hot 3632185 warm 0 cold 0
hot 3632185 warm 0 cold 0
hot 3632374 warm 0 cold 0
hot 3632374 warm 0 cold 0
hot 3632375 warm 0 cold 0
hot 3632375 warm 0 cold 0
hot 3632375 warm 0 cold 0
hot 3632375 warm 0 cold 0
hot 3632375 warm 0 cold 0
hot 3632375 warm 0 cold 0
hot 3632375 warm 0 cold 0
hot 3632375 warm 0 cold 0
hot 3632375 warm 0 cold 0
hot 3632375 warm 0 cold 0
hot 3632375 warm 0 cold 0
hot 3632909 warm 0 cold 0
hot 3632909 warm 0 cold 0
hot 3632909 warm 0 cold 0
hot 3632909 warm 0 cold 0
hot 3632909 warm 0 cold 0
hot 3632928 warm 0 cold 0
hot 3632930 warm 0 cold 0
hot 3632930 warm 0 cold 0
hot 3632930 warm 0 cold 0
hot 3632930 warm 0 cold 0
hot 3632930 warm 0 cold 0
hot 3632930 warm 0 cold 0
hot 3632930 warm 0 cold 0
hot 3632930 warm 0 cold 0
hot 3632930 warm 0 cold 0
hot 3632930 warm 0 cold 0
hot 3632930 warm 0 cold 0
hot 3632930 warm 0 cold 0
hot 3632930 warm 0 cold 0
hot 3632930 warm 0 cold 0
hot 3632930 warm 0 cold 0
hot 3632930 warm 0 cold 0
hot 3632931 warm 0 cold 0
hot 3632931 warm 0 cold 0
hot 3632932 warm 0 cold 0
hot 3632932 warm 0 cold 0
hot 3632932 warm 0 cold 0
hot 3632932 warm 0 cold 0
hot 3632932 warm 0 cold 0
hot 3632932 warm 0 cold 0
hot 3632932 warm 0 cold 0
hot 3632932 warm 0 cold 0
hot 3632945 warm 0 cold 0
hot 3632975 warm 0 cold 0
hot 3632980 warm 0 cold 0
hot 3633001 warm 0 cold 0
hot 3633010 warm 0 cold 0
hot 3633038 warm 0 cold 0
hot 3633053 warm 0 cold 0
hot 3633053 warm 0 cold 0
hot 3633053 warm 0 cold 0
hot 3633054 warm 0 cold 0
hot 3633054 warm 0 cold 0
hot 3633055 warm 0 cold 0
hot 3633055 warm 0 cold 0
hot 3633056 warm 0 cold 0
hot 3633056 warm 0 cold 0
hot 3633056 warm 0 cold 0
hot 3633056 warm 0 cold 0
hot 3633056 warm 0 cold 0
hot 3633056 warm 0 cold 0
hot 3633056 warm 0 cold 0
hot 3633056 warm 0 cold 0
hot 3633056 warm 0 cold 0
hot 3633056 warm 0 cold 0
hot 3633056 warm 0 cold 0
hot 3633056 warm 0 cold 0
hot 3633056 warm 0 cold 0
hot 3633056 warm 0 cold 0
hot 3633056 warm 0 cold 0
hot 3633056 warm 0 cold 0
hot 3633057 warm 0 cold 0
hot 3633057 warm 0 cold 0
hot 3633058 warm 0 cold 0
hot 3633058 warm 0 cold 0
hot 3633058 warm 0 cold 0
hot 3633058 warm 0 cold 0
hot 3633059 warm 0 cold 0
hot 3633059 warm 0 cold 0
hot 3633059 warm 0 cold 0
hot 3633059 warm 0 cold 0
hot 3633059 warm 0 cold 0
hot 3633059 warm 0 cold 0
hot 3633059 warm 0 cold 0
hot 3633059 warm 0 cold 0
hot 3633060 warm 0 cold 0
hot 3633061 warm 0 cold 0
