hot 0 warm 0 cold 0
hot 397 warm 0 cold 0
hot 397 warm 0 cold 0
hot 397 warm 0 cold 0
hot 397 warm 0 cold 0
hot 397 warm 0 cold 0
hot 397 warm 0 cold 0
hot 397 warm 0 cold 0
hot 397 warm 0 cold 0
hot 397 warm 0 cold 0
hot 397 warm 0 cold 0
hot 397 warm 0 cold 0
hot 397 warm 0 cold 0
hot 397 warm 0 cold 0
hot 397 warm 0 cold 0
hot 397 warm 0 cold 0
hot 397 warm 0 cold 0
hot 397 warm 0 cold 0
hot 397 warm 0 cold 0
hot 397 warm 0 cold 0
hot 397 warm 0 cold 0
hot 397 warm 0 cold 0
hot 397 warm 0 cold 0
hot 397 warm 0 cold 0
hot 397 warm 0 cold 0
hot 397 warm 0 cold 0
hot 397 warm 0 cold 0
hot 397 warm 0 cold 0
hot 397 warm 0 cold 0
hot 397 warm 0 cold 0
hot 397 warm 0 cold 0
hot 397 warm 0 cold 0
hot 397 warm 0 cold 0
hot 397 warm 0 cold 0
hot 397 warm 0 cold 0
hot 397 warm 0 cold 0
hot 397 warm 0 cold 0
hot 397 warm 0 cold 0
hot 397 warm 0 cold 0
hot 397 warm 0 cold 0
hot 397 warm 0 cold 0
hot 397 warm 0 cold 0
hot 397 warm 0 cold 0
hot 397 warm 0 cold 0
hot 397 warm 0 cold 0
hot 397 warm 0 cold 0
hot 397 warm 0 cold 0
hot 397 warm 0 cold 0
hot 397 warm 0 cold 0
hot 397 warm 0 cold 0
hot 397 warm 0 cold 0
hot 397 warm 0 cold 0
hot 397 warm 0 cold 0
hot 397 warm 0 cold 0
hot 397 warm 0 cold 0
hot 397 warm 0 cold 0
hot 397 warm 0 cold 0
hot 397 warm 0 cold 0
hot 397 warm 0 cold 0
hot 397 warm 0 cold 0
hot 397 warm 0 cold 0
hot 397 warm 0 cold 0
hot 397 warm 0 cold 0
hot 397 warm 0 cold 0
hot 397 warm 0 cold 0
hot 397 warm 0 cold 0
hot 397 warm 0 cold 0
hot 397 warm 0 cold 0
hot 397 warm 0 cold 0
hot 397 warm 0 cold 0
hot 397 warm 0 cold 0
hot 397 warm 0 cold 0
hot 397 warm 0 cold 0
hot 397 warm 0 cold 0
hot 397 warm 0 cold 0
hot 397 warm 0 cold 0
hot 397 warm 0 cold 0
hot 397 warm 0 cold 0
hot 397 warm 0 cold 0
hot 397 warm 0 cold 0
hot 397 warm 0 cold 0
hot 397 warm 0 cold 0
hot 397 warm 0 cold 0
hot 397 warm 0 cold 0
hot 397 warm 0 cold 0
hot 397 warm 0 cold 0
hot 397 warm 0 cold 0
hot 397 warm 0 cold 0
hot 448 warm 0 cold 595
hot 475584 warm 0 cold 0
hot 475584 warm 0 cold 7
hot 475584 warm 0 cold 7
hot 475585 warm 0 cold 6
hot 475586 warm 0 cold 5
hot 475586 warm 0 cold 5
hot 475587 warm 0 cold 4
hot 475587 warm 0 cold 4
hot 475587 warm 0 cold 4
hot 475588 warm 0 cold 3
hot 475588 warm 0 cold 3
hot 475588 warm 0 cold 3
hot 475590 warm 0 cold 1
hot 475590 warm 0 cold 1
hot 2339782 warm 0 cold 0
hot 3102150 warm 0 cold 0
hot 3418054 warm 0 cold 0
hot 3540424 warm 0 cold 0
hot 3591112 warm 0 cold 0
hot 3617224 warm 0 cold 0
hot 3625929 warm 0 cold 0
hot 3629002 warm 0 cold 0
hot 3630026 warm 0 cold 0
hot 3632586 warm 0 cold 0
hot 3632588 warm 0 cold 0
hot 3632588 warm 0 cold 0
hot 3632588 warm 0 cold 0
hot 3632588 warm 0 cold 0
hot 3632601 warm 0 cold 0
hot 3633132 warm 0 cold 0
hot 3633164 warm 0 cold 0
hot 3633182 warm 0 cold 0
hot 3633191 warm 0 cold 0
hot 3633217 warm 0 cold 0
hot 3633246 warm 0 cold 0
hot 3633270 warm 0 cold 0
hot 3633294 warm 0 cold 0
hot 3633311 warm 0 cold 0
hot 3633328 warm 0 cold 0
hot 3633336 warm 0 cold 0
hot 3633339 warm 0 cold 0
hot 5321 warm 2056192 cold 1571840
hot 5340 warm 2274304 cold 1353728
hot 5353 warm 2496512 cold 1131520
hot 6401 warm 2695680 cold 931328
hot 6923 warm 2871296 cold 755200
hot 8986 warm 2991104 cold 633344
hot 11050 warm 3089920 cold 532480
hot 13628 warm 3199488 cold 420352
hot 18242 warm 3274752 cold 340480
hot 26957 warm 3331072 cold 275456
hot 33625 warm 3373056 cold 226816
hot 44902 warm 3408896 cold 179712
hot 55150 warm 3428352 cold 150016
hot 74105 warm 3438080 cold 121344
hot 87936 warm 3445760 cold 99840
hot 119180 warm 3435520 cold 78848
hot 155034 warm 3413504 cold 65024
hot 187297 warm 3395072 cold 51200
hot 243112 warm 3350528 cold 39936
hot 269745 warm 3324928 cold 38912
hot 269746 warm 3324928 cold 38912
hot 269747 warm 3324928 cold 38912
hot 269747 warm 3324928 cold 38912
hot 269747 warm 3324928 cold 38912
hot 337851 warm 3263488 cold 32256
hot 412610 warm 3193344 cold 27648
hot 513479 warm 3096064 cold 24064
hot 636368 warm 2978816 cold 18432
hot 750548 warm 2867200 cold 15872
hot 869342 warm 0 cold 2764288
hot 1034216 warm 0 cold 2599424
hot 5615 warm 0 cold 3628032
hot 5615 warm 0 cold 3628032
hot 5616 warm 0 cold 3628032
hot 5618 warm 0 cold 3628032
hot 5618 warm 0 cold 3628032
hot 5619 warm 0 cold 3628032
hot 5619 warm 0 cold 3628032
hot 5620 warm 0 cold 3628032
hot 5620 warm 0 cold 3628032
hot 5622 warm 0 cold 3628032
hot 5622 warm 0 cold 3628032
hot 5622 warm 0 cold 3628032
hot 5624 warm 0 cold 3628032
hot 5624 warm 0 cold 3628032
hot 5625 warm 0 cold 3628032
hot 5625 warm 0 cold 3628032
hot 5627 warm 0 cold 3628032
hot 5628 warm 0 cold 3628032
hot 5628 warm 0 cold 3628032
hot 5629 warm 0 cold 3628032
hot 5629 warm 0 cold 3628032
hot 5630 warm 0 cold 3628032
hot 5630 warm 0 cold 3628032
hot 5630 warm 0 cold 3628032
hot 5630 warm 0 cold 3628032
hot 5632 warm 0 cold 3628032
hot 5632 warm 0 cold 3628032
hot 5633 warm 0 cold 3628032
hot 5634 warm 0 cold 3628032
hot 5634 warm 0 cold 3628032
hot 5634 warm 0 cold 3628032
hot 5634 warm 0 cold 3628032
hot 5634 warm 0 cold 3628032
hot 5635 warm 0 cold 3628032
hot 5636 warm 0 cold 3628032
hot 5638 warm 0 cold 3628032
hot 5639 warm 0 cold 3628032
hot 5640 warm 0 cold 3628032
hot 5640 warm 0 cold 3628032
hot 5640 warm 0 cold 3628032
hot 5641 warm 0 cold 3628032
hot 5643 warm 0 cold 3628032
hot 5643 warm 0 cold 3628032
hot 5643 warm 0 cold 3628032
hot 5645 warm 0 cold 3628032
hot 5645 warm 0 cold 3628032
hot 5645 warm 0 cold 3628032
hot 5645 warm 0 cold 3628032
hot 5647 warm 0 cold 3628032
hot 5647 warm 0 cold 3628032
hot 5647 warm 0 cold 3628032
hot 5647 warm 0 cold 3628032
hot 5648 warm 0 cold 3628032
hot 5650 warm 0 cold 3628032
hot 5650 warm 0 cold 3628032
hot 5651 warm 0 cold 3628032
hot 5651 warm 0 cold 3628032
hot 5651 warm 0 cold 3628032
hot 5652 warm 0 cold 3628032
hot 5653 warm 0 cold 3628032
hot 5653 warm 0 cold 3628032
hot 5653 warm 0 cold 3628032
hot 5654 warm 0 cold 3628032
hot 5654 warm 0 cold 3628032
hot 5654 warm 0 cold 3628032
hot 5655 warm 0 cold 3628032
hot 5655 warm 0 cold 3628032
hot 5655 warm 0 cold 3628032
hot 5655 warm 0 cold 3628032
hot 5655 warm 0 cold 3628032
hot 5655 warm 0 cold 3628032
hot 5657 warm 0 cold 3628032
hot 5659 warm 0 cold 3628032
hot 5667 warm 0 cold 3628032
hot 5676 warm 0 cold 3628032
hot 5683 warm 0 cold 3628032
hot 5688 warm 0 cold 3628032
hot 5691 warm 0 cold 3628032
hot 5696 warm 0 cold 3628032
hot 5701 warm 0 cold 3628032
hot 6216 warm 0 cold 3627520
hot 6222 warm 0 cold 3627520
hot 6227 warm 0 cold 3627520
hot 6235 warm 0 cold 3627520
hot 6238 warm 2977792 cold 649728
hot 6242 warm 3053056 cold 574464
hot 6249 warm 3117056 cold 510464
hot 7790 warm 3175424 cold 450560
hot 7793 warm 3233792 cold 392192
hot 8311 warm 3281920 cold 343552
hot 8320 warm 3342336 cold 283136
hot 8320 warm 3373056 cold 252416
hot 9349 warm 3409920 cold 214528
hot 11913 warm 3428352 cold 193536
hot 12942 warm 3452416 cold 168448
hot 15511 warm 3468800 cold 149504
hot 17567 warm 3478016 cold 138240
hot 19110 warm 3489280 cold 125440
hot 24748 warm 3496960 cold 112128
hot 26799 warm 3502592 cold 104448
hot 31414 warm 3509248 cold 93184
hot 34488 warm 3514880 cold 84480
hot 39613 warm 3516928 cold 77312
hot 44739 warm 3516928 cold 72192
hot 51909 warm 3516416 cold 65536
hot 63177 warm 3510272 cold 60416
hot 73419 warm 3509760 cold 50688
hot 89293 warm 3500032 cold 44544
hot 104657 warm 3489280 cold 39936
hot 126676 warm 3470848 cold 36352
hot 145112 warm 3457024 cold 31744
hot 169180 warm 3436032 cold 28672
hot 192733 warm 3413504 cold 27648
hot 224989 warm 3385344 cold 23552
hot 255200 warm 3359232 cold 19456
hot 288993 warm 3329024 cold 15872
hot 322275 warm 3297792 cold 13824
hot 359656 warm 3261440 cold 12800
hot 399087 warm 3224064 cold 10752
hot 444148 warm 3180544 cold 9216
hot 489718 warm 3137024 cold 7168
hot 535801 warm 3092480 cold 5632
hot 588029 warm 3040256 cold 5632
hot 644862 warm 2984448 cold 4608
hot 702208 warm 2927616 cold 4096
hot 754438 warm 2876416 cold 3072
hot 841992 warm 2788864 cold 3072
hot 918793 warm 0 cold 2715136
hot 956171 warm 0 cold 2677760
hot 956171 warm 0 cold 2677760
hot 956171 warm 0 cold 2677760
hot 956171 warm 0 cold 2677760
hot 956172 warm 0 cold 2677760
hot 956172 warm 0 cold 2677760
hot 956172 warm 0 cold 2677760
hot 956172 warm 0 cold 2677760
hot 958220 warm 0 cold 2675712
hot 1021197 warm 0 cold 2612736
hot 1035535 warm 0 cold 2598400
hot 1084688 warm 0 cold 2549248
hot 1111824 warm 0 cold 2522112
hot 1164561 warm 0 cold 2469376
hot 1240338 warm 0 cold 2393600
hot 1335058 warm 0 cold 2298880
hot 1421589 warm 0 cold 2212352
hot 1489175 warm 0 cold 2144768
hot 1489176 warm 0 cold 2144768
hot 1489176 warm 0 cold 2144768
hot 1489177 warm 0 cold 2144768
hot 1489178 warm 0 cold 2144768
hot 1496859 warm 0 cold 2137088
hot 1513244 warm 0 cold 2120704
hot 1520412 warm 0 cold 2113536
hot 1590557 warm 0 cold 2043392
hot 5918 warm 0 cold 3628032
hot 5920 warm 0 cold 3628032
hot 5926 warm 0 cold 3628032
hot 5927 warm 0 cold 3628032
hot 5929 warm 0 cold 3628032
hot 5935 warm 0 cold 3628032
hot 5936 warm 0 cold 3628032
hot 5940 warm 0 cold 3628032
hot 5944 warm 0 cold 3628032
hot 5947 warm 0 cold 3628032
hot 5947 warm 0 cold 3628032
hot 5948 warm 0 cold 3628032
hot 5948 warm 0 cold 3628032
hot 5948 warm 0 cold 3628032
hot 5948 warm 0 cold 3628032
hot 5948 warm 0 cold 3628032
hot 5948 warm 0 cold 3628032
hot 5948 warm 0 cold 3628032
hot 5948 warm 0 cold 3628032
hot 5948 warm 0 cold 3628032
hot 5948 warm 0 cold 3628032
hot 5948 warm 0 cold 3628032
hot 5948 warm 0 cold 3628032
hot 5949 warm 0 cold 3628032
hot 5949 warm 0 cold 3628032
hot 5950 warm 0 cold 3628032
hot 5950 warm 0 cold 3628032
hot 5950 warm 0 cold 3628032
hot 5950 warm 0 cold 3628032
hot 5950 warm 0 cold 3628032
hot 5950 warm 0 cold 3628032
hot 5950 warm 0 cold 3628032
hot 5950 warm 0 cold 3628032
hot 5951 warm 0 cold 3628032
hot 5951 warm 0 cold 3628032
hot 5951 warm 0 cold 3628032
hot 5951 warm 0 cold 3628032
hot 5951 warm 0 cold 3628032
hot 5951 warm 0 cold 3628032
hot 5953 warm 0 cold 3628032
hot 5953 warm 0 cold 3628032
hot 5953 warm 0 cold 3628032
hot 5953 warm 0 cold 3628032
hot 5953 warm 0 cold 3628032
hot 5955 warm 0 cold 3628032
hot 5955 warm 0 cold 3628032
hot 5955 warm 0 cold 3628032
hot 5955 warm 0 cold 3628032
hot 5955 warm 0 cold 3628032
hot 5955 warm 0 cold 3628032
hot 5956 warm 0 cold 3628032
hot 5956 warm 0 cold 3628032
hot 5956 warm 0 cold 3628032
hot 5957 warm 0 cold 3628032
hot 5957 warm 0 cold 3628032
hot 5957 warm 0 cold 3628032
hot 5957 warm 0 cold 3628032
hot 5958 warm 0 cold 3628032
hot 5958 warm 0 cold 3628032
hot 5958 warm 0 cold 3628032
hot 5958 warm 0 cold 3628032
hot 5958 warm 0 cold 3628032
hot 5959 warm 0 cold 3628032
hot 5959 warm 0 cold 3628032
hot 5963 warm 0 cold 3628032
hot 5964 warm 0 cold 3628032
hot 5966 warm 2792960 cold 835072
hot 5966 warm 2857984 cold 770048
hot 5968 warm 2891264 cold 736768
hot 5971 warm 2936320 cold 691712
hot 5973 warm 2995200 cold 632832
hot 5973 warm 3046912 cold 581120
hot 5977 warm 3061248 cold 566784
hot 5977 warm 3061248 cold 566784
hot 5977 warm 3061248 cold 566784
hot 5977 warm 3061248 cold 566784
hot 5977 warm 3061248 cold 566784
hot 5977 warm 3061248 cold 566784
hot 5977 warm 3061248 cold 566784
hot 5977 warm 3061248 cold 566784
hot 5977 warm 3061248 cold 566784
hot 5977 warm 3061248 cold 566784
hot 5978 warm 3061248 cold 566784
hot 5978 warm 3061248 cold 566784
hot 5978 warm 3061248 cold 566784
hot 5978 warm 3061248 cold 566784
hot 5978 warm 3061248 cold 566784
hot 5978 warm 3061248 cold 566784
hot 5979 warm 3061248 cold 566784
hot 5979 warm 3061248 cold 566784
hot 5979 warm 3061248 cold 566784
hot 5980 warm 3061248 cold 566784
hot 5980 warm 3061248 cold 566784
hot 5981 warm 3061248 cold 566784
hot 5982 warm 3068928 cold 559104
hot 5982 warm 3068928 cold 559104
hot 5983 warm 3068928 cold 559104
hot 5983 warm 3068928 cold 559104
hot 5983 warm 3068928 cold 559104
hot 5983 warm 3068928 cold 559104
hot 5983 warm 3068928 cold 559104
hot 5983 warm 3068928 cold 559104
hot 5983 warm 3068928 cold 559104
hot 5984 warm 3068928 cold 559104
hot 5984 warm 3068928 cold 559104
hot 5984 warm 3068928 cold 559104
hot 5984 warm 3068928 cold 559104
hot 5984 warm 3068928 cold 559104
hot 5984 warm 3068928 cold 559104
hot 5984 warm 3068928 cold 559104
hot 5984 warm 3068928 cold 559104
hot 5985 warm 3110912 cold 517120
hot 5987 warm 3151872 cold 476160
hot 5989 warm 3181056 cold 446976
hot 5991 warm 3218432 cold 409600
hot 5991 warm 3238400 cold 389632
hot 5991 warm 3238400 cold 389632
hot 5991 warm 3238400 cold 389632
hot 5991 warm 3238400 cold 389632
hot 5991 warm 3238400 cold 389632
hot 5991 warm 3238400 cold 389632
hot 5991 warm 3238400 cold 389632
hot 5991 warm 3238400 cold 389632
hot 5991 warm 3238400 cold 389632
hot 5991 warm 3238400 cold 389632
hot 5992 warm 3238400 cold 389632
hot 5992 warm 3238400 cold 389632
hot 5992 warm 3238400 cold 389632
hot 5992 warm 3238400 cold 389632
hot 5992 warm 3238400 cold 389632
hot 5992 warm 3238400 cold 389632
hot 5993 warm 3238400 cold 389632
hot 5994 warm 3238400 cold 389632
hot 5994 warm 3238400 cold 389632
hot 5994 warm 3239936 cold 388096
hot 5995 warm 3269120 cold 358912
hot 5997 warm 3290624 cold 337408
hot 5999 warm 3305984 cold 322048
hot 5999 warm 3336704 cold 291328
hot 6000 warm 3350528 cold 277504
hot 6000 warm 3368448 cold 259584
hot 6000 warm 3380736 cold 247296
hot 6001 warm 3390976 cold 237056
hot 6515 warm 3405312 cold 222208
hot 6518 warm 3415040 cold 212480
hot 7032 warm 3424256 cold 202752
hot 7033 warm 3436544 cold 190464
hot 7034 warm 3442176 cold 184832
hot 7036 warm 3448832 cold 178176
hot 7550 warm 3455488 cold 171008
hot 7550 warm 3460608 cold 165888
hot 8062 warm 3465728 cold 160256
hot 8063 warm 3472896 cold 153088
hot 9602 warm 3476992 cold 147456
hot 10117 warm 3482112 cold 141824
hot 10117 warm 3487744 cold 136192
hot 11142 warm 3491328 cold 131584
hot 12166 warm 3495424 cold 126464
hot 12166 warm 3501568 cold 120320
hot 12166 warm 3507200 cold 114688
hot 13192 warm 3510784 cold 110080
hot 13707 warm 3515392 cold 104960
hot 14734 warm 3518464 cold 100864
hot 15248 warm 3520000 cold 98816
hot 16785 warm 3523584 cold 93696
hot 18324 warm 3527680 cold 88064
hot 18324 warm 3531776 cold 83968
hot 18838 warm 3536384 cold 78848
hot 21913 warm 3535872 cold 76288
hot 22937 warm 3537920 cold 73216
hot 24474 warm 3538944 cold 70656
hot 27036 warm 3537920 cold 69120
hot 29597 warm 3538944 cold 65536
hot 30625 warm 3540992 cold 62464
hot 31649 warm 3540992 cold 61440
hot 32674 warm 3542528 cold 58880
hot 35746 warm 3543040 cold 55296
hot 41379 warm 3538944 cold 53760
hot 43430 warm 3540480 cold 50176
hot 44456 warm 3542016 cold 47616
hot 54698 warm 3533824 cold 45568
hot 59309 warm 3530240 cold 44544
hot 68526 warm 3522560 cold 43008
hot 69552 warm 3523072 cold 41472
hot 78256 warm 3515904 cold 39936
hot 85427 warm 3510784 cold 37888
hot 97716 warm 3500544 cold 35840
hot 103860 warm 3495936 cold 34304
hot 114102 warm 3487232 cold 32768
hot 118711 warm 3484672 cold 30720
hot 131003 warm 3473920 cold 29184
hot 140732 warm 3466752 cold 26624
hot 151997 warm 3459072 cold 23040
hot 161214 warm 3449856 cold 23040
hot 174014 warm 3440128 cold 19968
hot 188863 warm 3425792 cold 19456
hot 201663 warm 3414528 cold 17920
hot 219583 warm 3398144 cold 16384
hot 235456 warm 3382784 cold 15872
hot 251332 warm 3367936 cold 14848
hot 256452 warm 3362816 cold 14848
hot 256452 warm 3362816 cold 14848
hot 256452 warm 3362816 cold 14848
hot 256452 warm 3362816 cold 14848
hot 256452 warm 3362816 cold 14848
hot 256453 warm 3362816 cold 14848
hot 256453 warm 3362816 cold 14848
hot 256453 warm 3362816 cold 14848
hot 256453 warm 3362816 cold 14848
hot 256453 warm 3362816 cold 14848
hot 258502 warm 3360768 cold 14848
hot 258502 warm 3360768 cold 14848
hot 258502 warm 3360768 cold 14848
hot 258502 warm 3360768 cold 14848
hot 258502 warm 3360768 cold 14848
