anon 970752
anon_thp 0
anon 242622464
anon_thp 213909504
anon 656015360
anon_thp 627048448
anon 656015360
anon_thp 627048448
anon 656019456
anon_thp 627048448
anon 1488343040
anon_thp 1457520640
anon 2952151040
anon_thp 2921332736
anon 4411777024
anon_thp 4380950528
anon 5879783424
anon_thp 5848956928
anon 7347789824
anon_thp 7316963328
anon 8813699072
anon_thp 8782872576
anon 10262827008
anon_thp 10232004608
anon 11730833408
anon_thp 11700011008
anon 13198843904
anon_thp 13168017408
anon 14660550656
anon_thp 14629732352
anon 14916833280
anon_thp 14885584896
anon 14916833280
anon_thp 14885584896
anon 14916837376
anon_thp 14885584896
anon 14916837376
anon_thp 14885584896
anon 14916833280
anon_thp 14885584896
anon 14916837376
anon_thp 14885584896
anon 14916837376
anon_thp 14885584896
anon 14916829184
anon_thp 14885584896
anon 14916833280
anon_thp 14885584896
anon 14916833280
anon_thp 14885584896
anon 14916837376
anon_thp 14885584896
anon 14916837376
anon_thp 14885584896
anon 14916833280
anon_thp 14885584896
anon 14916837376
anon_thp 14885584896
anon 14916833280
anon_thp 14885584896
anon 14916833280
anon_thp 14885584896
anon 14916833280
anon_thp 14885584896
anon 14916829184
anon_thp 14885584896
anon 14916837376
anon_thp 14885584896
anon 14916833280
anon_thp 14885584896
anon 14916837376
anon_thp 14885584896
anon 14916833280
anon_thp 14885584896
anon 14916833280
anon_thp 14885584896
anon 14916833280
anon_thp 14885584896
anon 14916833280
anon_thp 14885584896
anon 14916829184
anon_thp 14885584896
anon 14916833280
anon_thp 14885584896
anon 14916837376
anon_thp 14885584896
anon 14916833280
anon_thp 14885584896
anon 14916837376
anon_thp 14885584896
anon 14916833280
anon_thp 14885584896
anon 14916837376
anon_thp 14885584896
anon 14916829184
anon_thp 14885584896
anon 14916837376
anon_thp 14885584896
anon 14916833280
anon_thp 14885584896
anon 14916833280
anon_thp 14885584896
anon 14916833280
anon_thp 14885584896
anon 14916833280
anon_thp 14885584896
anon 14916837376
anon_thp 14885584896
anon 14916837376
anon_thp 14885584896
anon 14916833280
anon_thp 14885584896
anon 14916833280
anon_thp 14885584896
anon 14916837376
anon_thp 14885584896
anon 14916837376
anon_thp 14885584896
anon 14916837376
anon_thp 14885584896
anon 14916829184
anon_thp 14885584896
anon 14916829184
anon_thp 14885584896
anon 14916837376
anon_thp 14885584896
anon 14916829184
anon_thp 14885584896
anon 14916833280
anon_thp 14885584896
anon 14916829184
anon_thp 14885584896
anon 14916833280
anon_thp 14885584896
anon 14916837376
anon_thp 14885584896
anon 14916837376
anon_thp 14885584896
anon 14916837376
anon_thp 14885584896
anon 14916833280
anon_thp 14885584896
anon 14916837376
anon_thp 14885584896
anon 14916837376
anon_thp 14885584896
anon 14916833280
anon_thp 14885584896
anon 14916837376
anon_thp 14885584896
anon 14916833280
anon_thp 14885584896
anon 14916833280
anon_thp 14885584896
anon 14916829184
anon_thp 14885584896
anon 14916833280
anon_thp 14885584896
anon 14916833280
anon_thp 14885584896
anon 14916833280
anon_thp 14885584896
anon 14916833280
anon_thp 14885584896
anon 14916833280
anon_thp 14885584896
anon 14916829184
anon_thp 14885584896
anon 14916833280
anon_thp 14885584896
anon 14916837376
anon_thp 14885584896
anon 14916833280
anon_thp 14885584896
anon 14916833280
anon_thp 14885584896
anon 14916833280
anon_thp 14885584896
anon 14956175360
anon_thp 14885584896
anon 14956187648
anon_thp 14885584896
anon 14956232704
anon_thp 14885584896
anon 14956228608
anon_thp 14885584896
anon 14956228608
anon_thp 14885584896
anon 14956228608
anon_thp 14885584896
anon 14956228608
anon_thp 14885584896
anon 14956228608
anon_thp 14885584896
anon 14956228608
anon_thp 14885584896
anon 14956228608
anon_thp 14885584896
anon 14956228608
anon_thp 14885584896
anon 14956228608
anon_thp 14885584896
anon 14956224512
anon_thp 14885584896
anon 14956228608
anon_thp 14885584896
anon 14956232704
anon_thp 14885584896
anon 14956228608
anon_thp 14885584896
anon 14956228608
anon_thp 14885584896
anon 14956224512
anon_thp 14885584896
anon 14956228608
anon_thp 14885584896
anon 14956228608
anon_thp 14885584896
anon 14956232704
anon_thp 14885584896
anon 14956232704
anon_thp 14885584896
anon 14956224512
anon_thp 14885584896
anon 14956232704
anon_thp 14885584896
anon 14956228608
anon_thp 14885584896
anon 14956228608
anon_thp 14885584896
anon 14956224512
anon_thp 14885584896
anon 14956228608
anon_thp 14885584896
anon 14956224512
anon_thp 14885584896
anon 14956228608
anon_thp 14885584896
anon 14956228608
anon_thp 14885584896
anon 14956232704
anon_thp 14885584896
anon 14956232704
anon_thp 14885584896
anon 14956232704
anon_thp 14885584896
anon 14956224512
anon_thp 14885584896
anon 14956228608
anon_thp 14885584896
anon 14956228608
anon_thp 14885584896
anon 14956228608
anon_thp 14885584896
anon 14956228608
anon_thp 14885584896
anon 14956228608
anon_thp 14885584896
anon 14956228608
anon_thp 14885584896
anon 14956228608
anon_thp 14885584896
anon 14956232704
anon_thp 14885584896
anon 14956224512
anon_thp 14885584896
anon 14956232704
anon_thp 14885584896
anon 14956224512
anon_thp 14885584896
anon 14956228608
anon_thp 14885584896
anon 14956224512
anon_thp 14885584896
anon 14956228608
anon_thp 14885584896
anon 14956232704
anon_thp 14885584896
anon 14956232704
anon_thp 14885584896
anon 14956228608
anon_thp 14885584896
anon 14956232704
anon_thp 14885584896
anon 14956232704
anon_thp 14885584896
anon 14956228608
anon_thp 14885584896
anon 14956224512
anon_thp 14885584896
anon 14956224512
anon_thp 14885584896
anon 14956228608
anon_thp 14885584896
anon 14956228608
anon_thp 14885584896
anon 14956232704
anon_thp 14885584896
anon 14956224512
anon_thp 14885584896
anon 14956228608
anon_thp 14885584896
anon 14956228608
anon_thp 14885584896
anon 14956224512
anon_thp 14885584896
anon 14956232704
anon_thp 14885584896
anon 14956232704
anon_thp 14885584896
anon 14956232704
anon_thp 14885584896
anon 14956228608
anon_thp 14885584896
anon 14956228608
anon_thp 14885584896
anon 14956228608
anon_thp 14885584896
anon 14956224512
anon_thp 14885584896
anon 14956232704
anon_thp 14885584896
anon 14956228608
anon_thp 14885584896
anon 14956228608
anon_thp 14885584896
anon 14956224512
anon_thp 14885584896
anon 14956232704
anon_thp 14885584896
anon 14956232704
anon_thp 14885584896
anon 14956228608
anon_thp 14885584896
anon 14956232704
anon_thp 14885584896
anon 14956232704
anon_thp 14885584896
anon 14956228608
anon_thp 14885584896
anon 14956232704
anon_thp 14885584896
anon 14956232704
anon_thp 14885584896
anon 14956228608
anon_thp 14885584896
anon 14956228608
anon_thp 14885584896
anon 14956232704
anon_thp 14885584896
anon 14956232704
anon_thp 14885584896
anon 14956224512
anon_thp 14885584896
anon 14956224512
anon_thp 14885584896
anon 14956224512
anon_thp 14885584896
anon 14956228608
anon_thp 14885584896
anon 14956232704
anon_thp 14885584896
anon 14956232704
anon_thp 14885584896
anon 14956232704
anon_thp 14885584896
anon 14956232704
anon_thp 14885584896
anon 14956224512
anon_thp 14885584896
anon 14956232704
anon_thp 14885584896
anon 14956232704
anon_thp 14885584896
anon 14956228608
anon_thp 14885584896
anon 14956228608
anon_thp 14885584896
anon 14956228608
anon_thp 14885584896
anon 14956228608
anon_thp 14885584896
anon 14956228608
anon_thp 14885584896
anon 14956228608
anon_thp 14885584896
anon 14956228608
anon_thp 14885584896
anon 14956232704
anon_thp 14885584896
anon 14956232704
anon_thp 14885584896
anon 14956232704
anon_thp 14885584896
anon 14956224512
anon_thp 14885584896
anon 14956228608
anon_thp 14885584896
anon 14956228608
anon_thp 14885584896
anon 14956228608
anon_thp 14885584896
anon 14956232704
anon_thp 14885584896
anon 14956228608
anon_thp 14885584896
anon 14956232704
anon_thp 14885584896
anon 14956228608
anon_thp 14885584896
anon 14956228608
anon_thp 14885584896
anon 14956224512
anon_thp 14885584896
anon 14956228608
anon_thp 14885584896
anon 14956228608
anon_thp 14885584896
anon 14956232704
anon_thp 14885584896
anon 14956224512
anon_thp 14885584896
anon 14956232704
anon_thp 14885584896
anon 14956232704
anon_thp 14885584896
anon 14956228608
anon_thp 14885584896
anon 14956232704
anon_thp 14885584896
anon 14956224512
anon_thp 14885584896
anon 14956232704
anon_thp 14885584896
anon 14956224512
anon_thp 14885584896
anon 14956228608
anon_thp 14885584896
anon 14956232704
anon_thp 14885584896
anon 14956232704
anon_thp 14885584896
anon 14956228608
anon_thp 14885584896
anon 14956228608
anon_thp 14885584896
anon 14956228608
anon_thp 14885584896
anon 14956228608
anon_thp 14885584896
anon 14956232704
anon_thp 14885584896
anon 14956232704
anon_thp 14885584896
anon 14956232704
anon_thp 14885584896
anon 14956232704
anon_thp 14885584896
anon 14956232704
anon_thp 14885584896
anon 14956224512
anon_thp 14885584896
anon 14956228608
anon_thp 14885584896
anon 14956228608
anon_thp 14885584896
anon 14956228608
anon_thp 14885584896
anon 14956224512
anon_thp 14885584896
anon 14956232704
anon_thp 14885584896
anon 14956228608
anon_thp 14885584896
anon 14956228608
anon_thp 14885584896
anon 14956232704
anon_thp 14885584896
anon 14956228608
anon_thp 14885584896
anon 14956232704
anon_thp 14885584896
anon 14956232704
anon_thp 14885584896
anon 14956232704
anon_thp 14885584896
anon 14956228608
anon_thp 14885584896
anon 14956232704
anon_thp 14885584896
anon 14956232704
anon_thp 14885584896
anon 14956228608
anon_thp 14885584896
anon 14956228608
anon_thp 14885584896
anon 14956228608
anon_thp 14885584896
anon 14956228608
anon_thp 14885584896
anon 14956228608
anon_thp 14885584896
anon 14956224512
anon_thp 14885584896
anon 14956228608
anon_thp 14885584896
anon 14956232704
anon_thp 14885584896
anon 14956228608
anon_thp 14885584896
anon 14956228608
anon_thp 14885584896
anon 14956224512
anon_thp 14885584896
anon 14956232704
anon_thp 14885584896
anon 14956224512
anon_thp 14885584896
anon 14956228608
anon_thp 14885584896
anon 14956232704
anon_thp 14885584896
anon 14956224512
anon_thp 14885584896
anon 14956228608
anon_thp 14885584896
anon 14956228608
anon_thp 14885584896
anon 14956228608
anon_thp 14885584896
anon 14956232704
anon_thp 14885584896
anon 14956228608
anon_thp 14885584896
anon 14956232704
anon_thp 14885584896
anon 14956228608
anon_thp 14885584896
anon 14956224512
anon_thp 14885584896
anon 14956228608
anon_thp 14885584896
anon 14956232704
anon_thp 14885584896
anon 14956224512
anon_thp 14885584896
anon 14956228608
anon_thp 14885584896
anon 14956228608
anon_thp 14885584896
anon 14956228608
anon_thp 14885584896
anon 14956228608
anon_thp 14885584896
anon 14956224512
anon_thp 14885584896
anon 14956228608
anon_thp 14885584896
anon 14956232704
anon_thp 14885584896
anon 14956232704
anon_thp 14885584896
anon 14956224512
anon_thp 14885584896
anon 14956232704
anon_thp 14885584896
anon 14956232704
anon_thp 14885584896
anon 14956228608
anon_thp 14885584896
anon 14956265472
anon_thp 14885584896
anon 14956261376
anon_thp 14885584896
anon 14956261376
anon_thp 14885584896
anon 14956265472
anon_thp 14885584896
anon 14956261376
anon_thp 14885584896
anon 14956294144
anon_thp 14885584896
anon 14956322816
anon_thp 14885584896
anon 14956331008
anon_thp 14885584896
anon 14956331008
anon_thp 14885584896
anon 14956326912
anon_thp 14885584896
anon 14956322816
anon_thp 14885584896
anon 14956326912
anon_thp 14885584896
anon 14956331008
anon_thp 14885584896
anon 14956322816
anon_thp 14885584896
anon 14956326912
anon_thp 14885584896
anon 14956331008
anon_thp 14885584896
anon 14956326912
anon_thp 14885584896
anon 14956326912
anon_thp 14885584896
anon 14956331008
anon_thp 14885584896
anon 14956331008
anon_thp 14885584896
anon 14956326912
anon_thp 14885584896
anon 14956322816
anon_thp 14885584896
anon 14956331008
anon_thp 14885584896
anon 14956326912
anon_thp 14885584896
anon 14956331008
anon_thp 14885584896
anon 14956331008
anon_thp 14885584896
anon 14956331008
anon_thp 14885584896
anon 14956331008
anon_thp 14885584896
anon 14956322816
anon_thp 14885584896
anon 14956322816
anon_thp 14885584896
anon 14956331008
anon_thp 14885584896
anon 14956322816
anon_thp 14885584896
anon 14956322816
anon_thp 14885584896
anon 14956326912
anon_thp 14885584896
anon 14956322816
anon_thp 14885584896
anon 14956331008
anon_thp 14885584896
anon 14956331008
anon_thp 14885584896
anon 14956326912
anon_thp 14885584896
anon 14956331008
anon_thp 14885584896
anon 14956322816
anon_thp 14885584896
anon 14956331008
anon_thp 14885584896
anon 14956322816
anon_thp 14885584896
anon 14956326912
anon_thp 14885584896
anon 14956322816
anon_thp 14885584896
anon 14956326912
anon_thp 14885584896
anon 14956331008
anon_thp 14885584896
anon 14956322816
anon_thp 14885584896
anon 14956326912
anon_thp 14885584896
anon 14956326912
anon_thp 14885584896
anon 14956326912
anon_thp 14885584896
anon 14956326912
anon_thp 14885584896
anon 14956326912
anon_thp 14885584896
anon 14956326912
anon_thp 14885584896
anon 14956331008
anon_thp 14885584896
anon 14956326912
anon_thp 14885584896
anon 14956326912
anon_thp 14885584896
anon 14956326912
anon_thp 14885584896
anon 14956326912
anon_thp 14885584896
anon 14956331008
anon_thp 14885584896
anon 14956331008
anon_thp 14885584896
anon 14956331008
anon_thp 14885584896
anon 14956331008
anon_thp 14885584896
anon 14956331008
anon_thp 14885584896
anon 14956326912
anon_thp 14885584896
anon 14956326912
anon_thp 14885584896
anon 14956331008
anon_thp 14885584896
anon 14956326912
anon_thp 14885584896
anon 14956331008
anon_thp 14885584896
anon 14956331008
anon_thp 14885584896
anon 14956326912
anon_thp 14885584896
anon 14956359680
anon_thp 14885584896
anon 14956359680
anon_thp 14885584896
anon 14956363776
anon_thp 14885584896
anon 14956359680
anon_thp 14885584896
anon 14956355584
anon_thp 14885584896
anon 14956359680
anon_thp 14885584896
anon 14956363776
anon_thp 14885584896
anon 14956359680
anon_thp 14885584896
anon 14956359680
anon_thp 14885584896
anon 14956359680
anon_thp 14885584896
anon 14956359680
anon_thp 14885584896
anon 14956355584
anon_thp 14885584896
anon 14956359680
anon_thp 14885584896
anon 14956359680
anon_thp 14885584896
anon 14956363776
anon_thp 14885584896
anon 14956363776
anon_thp 14885584896
anon 14956363776
anon_thp 14885584896
anon 14956359680
anon_thp 14885584896
anon 14956363776
anon_thp 14885584896
anon 14956355584
anon_thp 14885584896
anon 14956359680
anon_thp 14885584896
anon 14956355584
anon_thp 14885584896
anon 14956359680
anon_thp 14885584896
anon 14956359680
anon_thp 14885584896
anon 14956355584
anon_thp 14885584896
anon 14956363776
anon_thp 14885584896
anon 14956363776
anon_thp 14885584896
anon 14956359680
anon_thp 14885584896
anon 14956363776
anon_thp 14885584896
anon 14956363776
anon_thp 14885584896
anon 14956355584
anon_thp 14885584896
anon 14956355584
anon_thp 14885584896
anon 14956355584
anon_thp 14885584896
anon 14956359680
anon_thp 14885584896
anon 14956359680
anon_thp 14885584896
anon 14956363776
anon_thp 14885584896
anon 14956359680
anon_thp 14885584896
anon 14956355584
anon_thp 14885584896
anon 14956359680
anon_thp 14885584896
anon 14956363776
anon_thp 14885584896
anon 14956363776
anon_thp 14885584896
anon 14956359680
anon_thp 14885584896
anon 14956363776
anon_thp 14885584896
anon 14956355584
anon_thp 14885584896
anon 14956359680
anon_thp 14885584896
anon 14956359680
anon_thp 14885584896
anon 14956359680
anon_thp 14885584896
anon 14956355584
anon_thp 14885584896
anon 14956355584
anon_thp 14885584896
anon 14956359680
anon_thp 14885584896
anon 14956355584
anon_thp 14885584896
anon 14956359680
anon_thp 14885584896
anon 14956392448
anon_thp 14885584896
anon 14956396544
anon_thp 14885584896
anon 14956396544
anon_thp 14885584896
anon 14956388352
anon_thp 14885584896
anon 14956392448
anon_thp 14885584896
anon 14956388352
anon_thp 14885584896
anon 14956392448
anon_thp 14885584896
anon 14956392448
anon_thp 14885584896
anon 14956392448
anon_thp 14885584896
anon 14956392448
anon_thp 14885584896
anon 14956392448
anon_thp 14885584896
anon 14956392448
anon_thp 14885584896
anon 14956392448
anon_thp 14885584896
anon 14956392448
anon_thp 14885584896
anon 14956392448
anon_thp 14885584896
anon 14956388352
anon_thp 14885584896
anon 14956388352
anon_thp 14885584896
anon 14956388352
anon_thp 14885584896
anon 14956392448
anon_thp 14885584896
anon 14956392448
anon_thp 14885584896
anon 14956392448
anon_thp 14885584896
anon 14956392448
anon_thp 14885584896
anon 14956392448
anon_thp 14885584896
anon 14956388352
anon_thp 14885584896
anon 14956388352
anon_thp 14885584896
anon 14956396544
anon_thp 14885584896
anon 14956392448
anon_thp 14885584896
anon 14956388352
anon_thp 14885584896
anon 14956429312
anon_thp 14885584896
anon 14956457984
anon_thp 14885584896
anon 14956453888
anon_thp 14885584896
anon 14956490752
anon_thp 14885584896
anon 14956490752
anon_thp 14885584896
anon 14956486656
anon_thp 14885584896
anon 14956494848
anon_thp 14885584896
anon 14956490752
anon_thp 14885584896
anon 14956486656
anon_thp 14885584896
anon 14956494848
anon_thp 14885584896
anon 14956490752
anon_thp 14885584896
anon 14956486656
anon_thp 14885584896
anon 14956490752
anon_thp 14885584896
anon 14956486656
anon_thp 14885584896
anon 14956490752
anon_thp 14885584896
anon 14956490752
anon_thp 14885584896
anon 14956494848
anon_thp 14885584896
anon 14956490752
anon_thp 14885584896
anon 14956490752
anon_thp 14885584896
anon 14956490752
anon_thp 14885584896
anon 14956494848
anon_thp 14885584896
anon 14956486656
anon_thp 14885584896
anon 14956494848
anon_thp 14885584896
anon 14956486656
anon_thp 14885584896
anon 14956490752
anon_thp 14885584896
anon 14956490752
anon_thp 14885584896
anon 14956490752
anon_thp 14885584896
anon 14956490752
anon_thp 14885584896
anon 14956494848
anon_thp 14885584896
anon 14956490752
anon_thp 14885584896
anon 14956494848
anon_thp 14885584896
anon 14956494848
anon_thp 14885584896
anon 14956490752
anon_thp 14885584896
anon 14956490752
anon_thp 14885584896
anon 14956486656
anon_thp 14885584896
anon 14956494848
anon_thp 14885584896
anon 14956490752
anon_thp 14885584896
anon 14956490752
anon_thp 14885584896
anon 14956490752
anon_thp 14885584896
anon 14956494848
anon_thp 14885584896
anon 14956494848
anon_thp 14885584896
anon 14956486656
anon_thp 14885584896
anon 14956494848
anon_thp 14885584896
anon 14956490752
anon_thp 14885584896
anon 14956486656
anon_thp 14885584896
anon 14956490752
anon_thp 14885584896
anon 14956490752
anon_thp 14885584896
anon 14956490752
anon_thp 14885584896
anon 14956494848
anon_thp 14885584896
anon 14956490752
anon_thp 14885584896
anon 14956494848
anon_thp 14885584896
anon 14956490752
anon_thp 14885584896
anon 14956486656
anon_thp 14885584896
anon 14956490752
anon_thp 14885584896
anon 14956486656
anon_thp 14885584896
anon 14956494848
anon_thp 14885584896
anon 14956490752
anon_thp 14885584896
anon 14956494848
anon_thp 14885584896
anon 14956490752
anon_thp 14885584896
anon 14956486656
anon_thp 14885584896
anon 14956490752
anon_thp 14885584896
anon 14956490752
anon_thp 14885584896
anon 14956486656
anon_thp 14885584896
anon 14956494848
anon_thp 14885584896
anon 14956490752
anon_thp 14885584896
anon 14956490752
anon_thp 14885584896
anon 14956486656
anon_thp 14885584896
anon 14956490752
anon_thp 14885584896
anon 14956490752
anon_thp 14885584896
anon 14956490752
anon_thp 14885584896
anon 14956494848
anon_thp 14885584896
anon 14956486656
anon_thp 14885584896
anon 14956494848
anon_thp 14885584896
anon 14956494848
anon_thp 14885584896
anon 14956494848
anon_thp 14885584896
anon 14956490752
anon_thp 14885584896
anon 14956490752
anon_thp 14885584896
anon 14956494848
anon_thp 14885584896
anon 14956490752
anon_thp 14885584896
anon 14956490752
anon_thp 14885584896
anon 14956494848
anon_thp 14885584896
anon 14956494848
anon_thp 14885584896
anon 14956490752
anon_thp 14885584896
anon 14956490752
anon_thp 14885584896
anon 14956494848
anon_thp 14885584896
anon 14956490752
anon_thp 14885584896
anon 14956490752
anon_thp 14885584896
anon 14956490752
anon_thp 14885584896
anon 14956494848
anon_thp 14885584896
anon 14956486656
anon_thp 14885584896
anon 14956490752
anon_thp 14885584896
anon 14956490752
anon_thp 14885584896
anon 14956486656
anon_thp 14885584896
anon 14956490752
anon_thp 14885584896
anon 14956494848
anon_thp 14885584896
anon 14956494848
anon_thp 14885584896
anon 14956490752
anon_thp 14885584896
anon 14956490752
anon_thp 14885584896
anon 14956494848
anon_thp 14885584896
anon 14956490752
anon_thp 14885584896
anon 14956494848
anon_thp 14885584896
anon 14956490752
anon_thp 14885584896
anon 14956490752
anon_thp 14885584896
anon 14956494848
anon_thp 14885584896
anon 14956494848
anon_thp 14885584896
anon 14956494848
anon_thp 14885584896
anon 14956490752
anon_thp 14885584896
anon 14956490752
anon_thp 14885584896
anon 14956494848
anon_thp 14885584896
anon 14956494848
anon_thp 14885584896
anon 14956494848
anon_thp 14885584896
anon 14956486656
anon_thp 14885584896
anon 14956486656
anon_thp 14885584896
anon 14956494848
anon_thp 14885584896
anon 14956490752
anon_thp 14885584896
anon 14956486656
anon_thp 14885584896
anon 14956490752
anon_thp 14885584896
anon 14956490752
anon_thp 14885584896
anon 14956494848
anon_thp 14885584896
anon 14956486656
anon_thp 14885584896
anon 14956490752
anon_thp 14885584896
anon 14956490752
anon_thp 14885584896
anon 14956490752
anon_thp 14885584896
anon 14956486656
anon_thp 14885584896
anon 14956490752
anon_thp 14885584896
anon 14956494848
anon_thp 14885584896
anon 14956494848
anon_thp 14885584896
anon 14956490752
anon_thp 14885584896
