anon 0
anon_thp 0
anon 51535872
anon_thp 25165824
anon 655343616
anon_thp 627048448
anon 655343616
anon_thp 627048448
anon 655343616
anon_thp 627048448
anon 655343616
anon_thp 627048448
anon 1974210560
anon_thp 1944059904
anon 3431731200
anon_thp 3401580544
anon 4893446144
anon_thp 4863295488
anon 6353063936
anon_thp 6322913280
anon 7818973184
anon_thp 7788822528
anon 9297465344
anon_thp 9267314688
anon 10780151808
anon_thp 10750001152
anon 12264935424
anon_thp 12234784768
anon 13705678848
anon_thp 13675528192
anon 14916161536
anon_thp 14885584896
anon 14916161536
anon_thp 14885584896
anon 14916161536
anon_thp 14885584896
anon 14916161536
anon_thp 14885584896
anon 14916161536
anon_thp 14885584896
anon 14916161536
anon_thp 14885584896
anon 14916161536
anon_thp 14885584896
anon 14916161536
anon_thp 14885584896
anon 14916161536
anon_thp 14885584896
anon 14916161536
anon_thp 14885584896
anon 14916161536
anon_thp 14885584896
anon 14916161536
anon_thp 14885584896
anon 14916161536
anon_thp 14885584896
anon 14916161536
anon_thp 14885584896
anon 14916161536
anon_thp 14885584896
anon 14916161536
anon_thp 14885584896
anon 14916161536
anon_thp 14885584896
anon 14916161536
anon_thp 14885584896
anon 14916161536
anon_thp 14885584896
anon 14916161536
anon_thp 14885584896
anon 14916161536
anon_thp 14885584896
anon 14916161536
anon_thp 14885584896
anon 14916161536
anon_thp 14885584896
anon 14916161536
anon_thp 14885584896
anon 14916161536
anon_thp 14885584896
anon 14916161536
anon_thp 14885584896
anon 14916161536
anon_thp 14885584896
anon 14916161536
anon_thp 14885584896
anon 14916161536
anon_thp 14885584896
anon 14916161536
anon_thp 14885584896
anon 14916161536
anon_thp 14885584896
anon 14916161536
anon_thp 14885584896
anon 14916161536
anon_thp 14885584896
anon 14916161536
anon_thp 14885584896
anon 14916161536
anon_thp 14885584896
anon 14916161536
anon_thp 14885584896
anon 14916161536
anon_thp 14885584896
anon 14916161536
anon_thp 14885584896
anon 14916161536
anon_thp 14885584896
anon 14916161536
anon_thp 14885584896
anon 14916161536
anon_thp 14885584896
anon 14916161536
anon_thp 14885584896
anon 14916161536
anon_thp 14885584896
anon 14916161536
anon_thp 14885584896
anon 14916161536
anon_thp 14885584896
anon 14916161536
anon_thp 14885584896
anon 14916161536
anon_thp 14885584896
anon 14916161536
anon_thp 14885584896
anon 14916161536
anon_thp 14885584896
anon 14916161536
anon_thp 14885584896
anon 14916161536
anon_thp 14885584896
anon 14916161536
anon_thp 14885584896
anon 14916161536
anon_thp 14885584896
anon 14916161536
anon_thp 14885584896
anon 14916161536
anon_thp 14885584896
anon 14916161536
anon_thp 14885584896
anon 14916161536
anon_thp 14885584896
anon 14916161536
anon_thp 14885584896
anon 14916161536
anon_thp 14885584896
anon 14916161536
anon_thp 14885584896
anon 14916161536
anon_thp 14885584896
anon 14916161536
anon_thp 14885584896
anon 14916161536
anon_thp 14885584896
anon 14916161536
anon_thp 14885584896
anon 14916161536
anon_thp 14885584896
anon 14916161536
anon_thp 14885584896
anon 14916161536
anon_thp 14885584896
anon 14916161536
anon_thp 14885584896
anon 14916161536
anon_thp 14885584896
anon 14916161536
anon_thp 14885584896
anon 14916161536
anon_thp 14885584896
anon 14916161536
anon_thp 14885584896
anon 14916161536
anon_thp 14885584896
anon 14916161536
anon_thp 14885584896
anon 14916161536
anon_thp 14885584896
anon 14916161536
anon_thp 14885584896
anon 14916161536
anon_thp 14885584896
anon 14916161536
anon_thp 14885584896
anon 14916161536
anon_thp 14885584896
anon 14916161536
anon_thp 14885584896
anon 14916161536
anon_thp 14885584896
anon 14916161536
anon_thp 14885584896
anon 14916161536
anon_thp 14885584896
anon 14916161536
anon_thp 14885584896
anon 14916161536
anon_thp 14885584896
anon 14916161536
anon_thp 14885584896
anon 14916161536
anon_thp 14885584896
anon 14917881856
anon_thp 14885584896
anon 14955507712
anon_thp 14885584896
anon 14955577344
anon_thp 14885584896
anon 14955577344
anon_thp 14885584896
anon 14955577344
anon_thp 14885584896
anon 14955577344
anon_thp 14885584896
anon 14955577344
anon_thp 14885584896
anon 14955577344
anon_thp 14885584896
anon 14955577344
anon_thp 14885584896
anon 14955593728
anon_thp 14885584896
anon 14955626496
anon_thp 14885584896
anon 14955659264
anon_thp 14885584896
anon 14955692032
anon_thp 14885584896
anon 14955692032
anon_thp 14885584896
anon 14955724800
anon_thp 14885584896
anon 14955724800
anon_thp 14885584896
anon 14955724800
anon_thp 14885584896
anon 14955757568
anon_thp 14885584896
anon 14955790336
anon_thp 14885584896
anon 14955790336
anon_thp 14885584896
anon 14955823104
anon_thp 14885584896
anon 14955823104
anon_thp 14885584896
anon 14955823104
anon_thp 14885584896
anon 14955855872
anon_thp 14885584896
anon 14955855872
anon_thp 14885584896
anon 14955855872
anon_thp 14885584896
anon 14955855872
anon_thp 14885584896
anon 14955855872
anon_thp 14885584896
anon 14955855872
anon_thp 14885584896
anon 14955855872
anon_thp 14885584896
anon 14955855872
anon_thp 14885584896
anon 14955855872
anon_thp 14885584896
anon 14955855872
anon_thp 14885584896
anon 14955855872
anon_thp 14885584896
anon 14955855872
anon_thp 14885584896
anon 14955855872
anon_thp 14885584896
anon 14955855872
anon_thp 14885584896
anon 14955855872
anon_thp 14885584896
anon 14955855872
anon_thp 14885584896
anon 14955855872
anon_thp 14885584896
anon 14955855872
anon_thp 14885584896
anon 14955855872
anon_thp 14885584896
anon 14955855872
anon_thp 14885584896
anon 14955855872
anon_thp 14885584896
anon 14955855872
anon_thp 14885584896
anon 14955855872
anon_thp 14885584896
anon 14955855872
anon_thp 14885584896
anon 14955855872
anon_thp 14885584896
anon 14955855872
anon_thp 14885584896
anon 14955855872
anon_thp 14885584896
anon 14955855872
anon_thp 14885584896
anon 14955855872
anon_thp 14885584896
anon 14955855872
anon_thp 14885584896
anon 14955855872
anon_thp 14885584896
anon 14955855872
anon_thp 14885584896
anon 14955855872
anon_thp 14885584896
anon 14955855872
anon_thp 14885584896
anon 14955855872
anon_thp 14885584896
anon 14955855872
anon_thp 14885584896
anon 14955855872
anon_thp 14885584896
anon 14955855872
anon_thp 14885584896
anon 14955855872
anon_thp 14885584896
anon 14955855872
anon_thp 14885584896
anon 14955855872
anon_thp 14885584896
anon 14955855872
anon_thp 14885584896
anon 14955855872
anon_thp 14885584896
anon 14955855872
anon_thp 14885584896
anon 14955855872
anon_thp 14885584896
anon 14955855872
anon_thp 14885584896
anon 14955855872
anon_thp 14885584896
anon 14955855872
anon_thp 14885584896
anon 14955855872
anon_thp 14885584896
anon 14955855872
anon_thp 14885584896
anon 14955855872
anon_thp 14885584896
anon 14955855872
anon_thp 14885584896
anon 14955855872
anon_thp 14885584896
anon 14955855872
anon_thp 14885584896
anon 14955855872
anon_thp 14885584896
anon 14955855872
anon_thp 14885584896
anon 14955855872
anon_thp 14885584896
anon 14955855872
anon_thp 14885584896
anon 14955855872
anon_thp 14885584896
anon 14955855872
anon_thp 14885584896
anon 14955855872
anon_thp 14885584896
anon 14955855872
anon_thp 14885584896
anon 14955855872
anon_thp 14885584896
anon 14955855872
anon_thp 14885584896
anon 14955855872
anon_thp 14885584896
anon 14955855872
anon_thp 14885584896
anon 14955855872
anon_thp 14885584896
anon 14955855872
anon_thp 14885584896
anon 14955855872
anon_thp 14885584896
anon 14955855872
anon_thp 14885584896
anon 14955855872
anon_thp 14885584896
anon 14955855872
anon_thp 14885584896
anon 14955855872
anon_thp 14885584896
anon 14955855872
anon_thp 14885584896
anon 14955855872
anon_thp 14885584896
anon 14955855872
anon_thp 14885584896
anon 14955855872
anon_thp 14885584896
anon 14955855872
anon_thp 14885584896
anon 14955855872
anon_thp 14885584896
anon 14955855872
anon_thp 14885584896
anon 14955855872
anon_thp 14885584896
anon 14955855872
anon_thp 14885584896
anon 14955855872
anon_thp 14885584896
anon 14955855872
anon_thp 14885584896
anon 14955851776
anon_thp 14885584896
anon 14955855872
anon_thp 14885584896
anon 14955855872
anon_thp 14885584896
anon 14955855872
anon_thp 14885584896
anon 14955855872
anon_thp 14885584896
anon 14955855872
anon_thp 14885584896
anon 14955855872
anon_thp 14885584896
anon 14955855872
anon_thp 14885584896
anon 14955855872
anon_thp 14885584896
anon 14955855872
anon_thp 14885584896
anon 14955855872
anon_thp 14885584896
anon 14955855872
anon_thp 14885584896
anon 14955855872
anon_thp 14885584896
anon 14955855872
anon_thp 14885584896
anon 14955855872
anon_thp 14885584896
anon 14955855872
anon_thp 14885584896
anon 14955855872
anon_thp 14885584896
anon 14955855872
anon_thp 14885584896
anon 14955855872
anon_thp 14885584896
anon 14955855872
anon_thp 14885584896
anon 14955855872
anon_thp 14885584896
anon 14955855872
anon_thp 14885584896
anon 14955855872
anon_thp 14885584896
anon 14955855872
anon_thp 14885584896
anon 14955855872
anon_thp 14885584896
anon 14955888640
anon_thp 14885584896
anon 14955888640
anon_thp 14885584896
anon 14955888640
anon_thp 14885584896
anon 14955888640
anon_thp 14885584896
anon 14955888640
anon_thp 14885584896
anon 14955888640
anon_thp 14885584896
anon 14955888640
anon_thp 14885584896
anon 14955888640
anon_thp 14885584896
anon 14955888640
anon_thp 14885584896
anon 14955888640
anon_thp 14885584896
anon 14955888640
anon_thp 14885584896
anon 14955888640
anon_thp 14885584896
anon 14955888640
anon_thp 14885584896
anon 14955888640
anon_thp 14885584896
anon 14955888640
anon_thp 14885584896
anon 14955888640
anon_thp 14885584896
anon 14955888640
anon_thp 14885584896
anon 14955888640
anon_thp 14885584896
anon 14955888640
anon_thp 14885584896
anon 14955888640
anon_thp 14885584896
anon 14955888640
anon_thp 14885584896
anon 14955888640
anon_thp 14885584896
anon 14955888640
anon_thp 14885584896
anon 14955888640
anon_thp 14885584896
anon 14955888640
anon_thp 14885584896
anon 14955888640
anon_thp 14885584896
anon 14955888640
anon_thp 14885584896
anon 14955888640
anon_thp 14885584896
anon 14955888640
anon_thp 14885584896
anon 14955888640
anon_thp 14885584896
anon 14955888640
anon_thp 14885584896
anon 14955888640
anon_thp 14885584896
anon 14955888640
anon_thp 14885584896
anon 14955888640
anon_thp 14885584896
anon 14955888640
anon_thp 14885584896
anon 14955888640
anon_thp 14885584896
anon 14955888640
anon_thp 14885584896
anon 14955888640
anon_thp 14885584896
anon 14955888640
anon_thp 14885584896
anon 14955888640
anon_thp 14885584896
anon 14955888640
anon_thp 14885584896
anon 14955888640
anon_thp 14885584896
anon 14955888640
anon_thp 14885584896
anon 14955888640
anon_thp 14885584896
anon 14955888640
anon_thp 14885584896
anon 14955888640
anon_thp 14885584896
anon 14955888640
anon_thp 14885584896
anon 14955888640
anon_thp 14885584896
anon 14955888640
anon_thp 14885584896
anon 14955888640
anon_thp 14885584896
anon 14955888640
anon_thp 14885584896
anon 14955888640
anon_thp 14885584896
anon 14955888640
anon_thp 14885584896
anon 14955888640
anon_thp 14885584896
anon 14955888640
anon_thp 14885584896
anon 14955888640
anon_thp 14885584896
anon 14955888640
anon_thp 14885584896
anon 14955888640
anon_thp 14885584896
anon 14955888640
anon_thp 14885584896
anon 14955888640
anon_thp 14885584896
anon 14955888640
anon_thp 14885584896
anon 14955888640
anon_thp 14885584896
anon 14955888640
anon_thp 14885584896
anon 14955888640
anon_thp 14885584896
anon 14955888640
anon_thp 14885584896
anon 14955888640
anon_thp 14885584896
anon 14955888640
anon_thp 14885584896
anon 14955888640
anon_thp 14885584896
anon 14955888640
anon_thp 14885584896
anon 14955888640
anon_thp 14885584896
anon 14955888640
anon_thp 14885584896
anon 14955888640
anon_thp 14885584896
anon 14955888640
anon_thp 14885584896
anon 14955888640
anon_thp 14885584896
anon 14955888640
anon_thp 14885584896
anon 14955888640
anon_thp 14885584896
anon 14955888640
anon_thp 14885584896
anon 14955888640
anon_thp 14885584896
anon 14955888640
anon_thp 14885584896
anon 14955888640
anon_thp 14885584896
anon 14955888640
anon_thp 14885584896
anon 14955888640
anon_thp 14885584896
anon 14955888640
anon_thp 14885584896
anon 14955888640
anon_thp 14885584896
anon 14955888640
anon_thp 14885584896
anon 14955888640
anon_thp 14885584896
anon 14955888640
anon_thp 14885584896
anon 14955888640
anon_thp 14885584896
anon 14955888640
anon_thp 14885584896
anon 14955888640
anon_thp 14885584896
anon 14955888640
anon_thp 14885584896
anon 14955888640
anon_thp 14885584896
anon 14955888640
anon_thp 14885584896
anon 14955888640
anon_thp 14885584896
anon 14955888640
anon_thp 14885584896
anon 14955888640
anon_thp 14885584896
anon 14955888640
anon_thp 14885584896
anon 14955888640
anon_thp 14885584896
anon 14955888640
anon_thp 14885584896
anon 14955888640
anon_thp 14885584896
anon 14955888640
anon_thp 14885584896
anon 14955888640
anon_thp 14885584896
anon 14955888640
anon_thp 14885584896
anon 14955888640
anon_thp 14885584896
anon 14955888640
anon_thp 14885584896
anon 14955888640
anon_thp 14885584896
anon 14955888640
anon_thp 14885584896
anon 14955888640
anon_thp 14885584896
anon 14955888640
anon_thp 14885584896
anon 14955888640
anon_thp 14885584896
anon 14955888640
anon_thp 14885584896
anon 14955888640
anon_thp 14885584896
anon 14955888640
anon_thp 14885584896
anon 14955888640
anon_thp 14885584896
anon 14955888640
anon_thp 14885584896
anon 14955888640
anon_thp 14885584896
anon 14955888640
anon_thp 14885584896
anon 14955888640
anon_thp 14885584896
anon 14955888640
anon_thp 14885584896
anon 14955888640
anon_thp 14885584896
anon 14955888640
anon_thp 14885584896
anon 14955888640
anon_thp 14885584896
anon 14955888640
anon_thp 14885584896
anon 14955888640
anon_thp 14885584896
anon 14955888640
anon_thp 14885584896
anon 14955888640
anon_thp 14885584896
anon 14955888640
anon_thp 14885584896
anon 14955888640
anon_thp 14885584896
anon 14955888640
anon_thp 14885584896
anon 14955888640
anon_thp 14885584896
anon 14955888640
anon_thp 14885584896
anon 14955888640
anon_thp 14885584896
anon 14955888640
anon_thp 14885584896
anon 14955888640
anon_thp 14885584896
anon 14955888640
anon_thp 14885584896
anon 14955888640
anon_thp 14885584896
anon 14955888640
anon_thp 14885584896
anon 14955888640
anon_thp 14885584896
anon 14955888640
anon_thp 14885584896
anon 14955888640
anon_thp 14885584896
anon 14955888640
anon_thp 14885584896
anon 14955888640
anon_thp 14885584896
anon 14955888640
anon_thp 14885584896
anon 14955888640
anon_thp 14885584896
anon 14955888640
anon_thp 14885584896
anon 14955888640
anon_thp 14885584896
anon 14955888640
anon_thp 14885584896
anon 14955888640
anon_thp 14885584896
anon 14955888640
anon_thp 14885584896
anon 14953791488
anon_thp 14883487744
anon 14955888640
anon_thp 14885584896
anon 14955888640
anon_thp 14885584896
anon 14955888640
anon_thp 14885584896
anon 14955888640
anon_thp 14885584896
anon 14955888640
anon_thp 14885584896
anon 14955888640
anon_thp 14885584896
anon 14955888640
anon_thp 14885584896
anon 14955888640
anon_thp 14885584896
anon 14955888640
anon_thp 14885584896
anon 14955888640
anon_thp 14885584896
anon 14955888640
anon_thp 14885584896
anon 14955888640
anon_thp 14885584896
anon 14955888640
anon_thp 14885584896
anon 14955888640
anon_thp 14885584896
anon 14955888640
anon_thp 14885584896
anon 14955888640
anon_thp 14885584896
anon 14955888640
anon_thp 14885584896
anon 14955888640
anon_thp 14885584896
anon 14955888640
anon_thp 14885584896
anon 14955888640
anon_thp 14885584896
anon 14955888640
anon_thp 14885584896
anon 14955888640
anon_thp 14885584896
anon 14955888640
anon_thp 14885584896
anon 14955888640
anon_thp 14885584896
anon 14955888640
anon_thp 14885584896
anon 14955888640
anon_thp 14885584896
anon 14955888640
anon_thp 14885584896
anon 14955888640
anon_thp 14885584896
anon 14955888640
anon_thp 14885584896
anon 14955888640
anon_thp 14885584896
anon 14955888640
anon_thp 14885584896
anon 14955888640
anon_thp 14885584896
anon 14955888640
anon_thp 14885584896
anon 14955888640
anon_thp 14885584896
anon 14955888640
anon_thp 14885584896
anon 14955888640
anon_thp 14885584896
anon 14955888640
anon_thp 14885584896
anon 14955888640
anon_thp 14885584896
anon 14955888640
anon_thp 14885584896
anon 14955888640
anon_thp 14885584896
anon 14955888640
anon_thp 14885584896
anon 14955888640
anon_thp 14885584896
anon 14955888640
anon_thp 14885584896
anon 14955888640
anon_thp 14885584896
anon 14955888640
anon_thp 14885584896
anon 14955888640
anon_thp 14885584896
anon 14955888640
anon_thp 14885584896
anon 14955888640
anon_thp 14885584896
anon 14955888640
anon_thp 14885584896
anon 14955888640
anon_thp 14885584896
anon 14955888640
anon_thp 14885584896
anon 14955888640
anon_thp 14885584896
anon 14955888640
anon_thp 14885584896
anon 14955888640
anon_thp 14885584896
anon 14955888640
anon_thp 14885584896
anon 14955888640
anon_thp 14885584896
anon 14955888640
anon_thp 14885584896
anon 14955888640
anon_thp 14885584896
anon 14955888640
anon_thp 14885584896
anon 14955888640
anon_thp 14885584896
anon 14955888640
anon_thp 14885584896
anon 14955888640
anon_thp 14885584896
anon 14955888640
anon_thp 14885584896
anon 14955888640
anon_thp 14885584896
anon 14955888640
anon_thp 14885584896
anon 14955888640
anon_thp 14885584896
anon 14955888640
anon_thp 14885584896
anon 14955888640
anon_thp 14885584896
anon 14955888640
anon_thp 14885584896
anon 14955888640
anon_thp 14885584896
anon 14955888640
anon_thp 14885584896
anon 14955888640
anon_thp 14885584896
anon 14955888640
anon_thp 14885584896
anon 14955888640
anon_thp 14885584896
anon 14955888640
anon_thp 14885584896
anon 14955888640
anon_thp 14885584896
anon 14955888640
anon_thp 14885584896
anon 14955888640
anon_thp 14885584896
anon 14955888640
anon_thp 14885584896
anon 14955888640
anon_thp 14885584896
anon 14955888640
anon_thp 14885584896
anon 14955888640
anon_thp 14885584896
anon 14955888640
anon_thp 14885584896
anon 14955888640
anon_thp 14885584896
anon 14955888640
anon_thp 14885584896
anon 14955888640
anon_thp 14885584896
anon 14955888640
anon_thp 14885584896
anon 14955888640
anon_thp 14885584896
anon 14955888640
anon_thp 14885584896
anon 14955888640
anon_thp 14885584896
anon 14955888640
anon_thp 14885584896
anon 14955888640
anon_thp 14885584896
anon 14955888640
anon_thp 14885584896
anon 14955888640
anon_thp 14885584896
anon 14955888640
anon_thp 14885584896
anon 14955888640
anon_thp 14885584896
anon 14955888640
anon_thp 14885584896
anon 14955888640
anon_thp 14885584896
anon 14955888640
anon_thp 14885584896
anon 14955888640
anon_thp 14885584896
anon 14955888640
anon_thp 14885584896
anon 14955888640
anon_thp 14885584896
anon 14955888640
anon_thp 14885584896
anon 14955888640
anon_thp 14885584896
anon 14955888640
anon_thp 14885584896
anon 14955888640
anon_thp 14885584896
anon 14955888640
anon_thp 14885584896
anon 14955888640
anon_thp 14885584896
anon 14955888640
anon_thp 14885584896
anon 14955888640
anon_thp 14885584896
anon 14955888640
anon_thp 14885584896
anon 14955888640
anon_thp 14885584896
anon 14955888640
anon_thp 14885584896
anon 14955888640
anon_thp 14885584896
anon 14955888640
anon_thp 14885584896
anon 14955888640
anon_thp 14885584896
anon 14955888640
anon_thp 14885584896
anon 14955888640
anon_thp 14885584896
anon 14955888640
anon_thp 14885584896
anon 14955888640
anon_thp 14885584896
anon 14955888640
anon_thp 14885584896
anon 14955888640
anon_thp 14885584896
anon 14955888640
anon_thp 14885584896
anon 14955888640
anon_thp 14885584896
anon 14955888640
anon_thp 14885584896
anon 14955888640
anon_thp 14885584896
anon 14955888640
anon_thp 14885584896
anon 14955888640
anon_thp 14885584896
anon 14955888640
anon_thp 14885584896
anon 14955888640
anon_thp 14885584896
anon 14955888640
anon_thp 14885584896
anon 14955888640
anon_thp 14885584896
anon 14955888640
anon_thp 14885584896
anon 14955888640
anon_thp 14885584896
anon 14955888640
anon_thp 14885584896
anon 14955888640
anon_thp 14885584896
anon 14955888640
anon_thp 14885584896
anon 14955888640
anon_thp 14885584896
anon 14955888640
anon_thp 14885584896
anon 14955888640
anon_thp 14885584896
anon 14955888640
anon_thp 14885584896
anon 14955888640
anon_thp 14885584896
anon 14955888640
anon_thp 14885584896
anon 14955888640
anon_thp 14885584896
anon 14955888640
anon_thp 14885584896
anon 14955888640
anon_thp 14885584896
anon 14955888640
anon_thp 14885584896
anon 14955888640
anon_thp 14885584896
anon 14955888640
anon_thp 14885584896
anon 14955888640
anon_thp 14885584896
anon 14955888640
anon_thp 14885584896
anon 14955888640
anon_thp 14885584896
anon 14955888640
anon_thp 14885584896
anon 14955888640
anon_thp 14885584896
anon 14955888640
anon_thp 14885584896
anon 14955888640
anon_thp 14885584896
anon 14955888640
anon_thp 14885584896
anon 14955888640
anon_thp 14885584896
anon 14955888640
anon_thp 14885584896
anon 14955888640
anon_thp 14885584896
anon 14955888640
anon_thp 14885584896
anon 14955888640
anon_thp 14885584896
anon 14955888640
anon_thp 14885584896
anon 14955888640
anon_thp 14885584896
anon 14955888640
anon_thp 14885584896
anon 14955888640
anon_thp 14885584896
anon 14955888640
anon_thp 14885584896
anon 14955888640
anon_thp 14885584896
anon 14955888640
anon_thp 14885584896
anon 14955888640
anon_thp 14885584896
anon 14955888640
anon_thp 14885584896
anon 14955888640
anon_thp 14885584896
anon 14955888640
anon_thp 14885584896
