pgmigrate_success 26219206
pgmigrate_success 26219642
pgmigrate_success 26219647
pgmigrate_success 26219647
pgmigrate_success 26219647
pgmigrate_success 26219647
pgmigrate_success 26219648
pgmigrate_success 26219648
pgmigrate_success 26219648
pgmigrate_success 26219648
pgmigrate_success 26219648
pgmigrate_success 26219648
pgmigrate_success 26219648
pgmigrate_success 26219648
pgmigrate_success 26219648
pgmigrate_success 26219648
pgmigrate_success 26219648
pgmigrate_success 26219648
pgmigrate_success 26219648
pgmigrate_success 26219648
pgmigrate_success 26219648
pgmigrate_success 26219648
pgmigrate_success 26219648
pgmigrate_success 26219648
pgmigrate_success 26219648
pgmigrate_success 26219648
pgmigrate_success 26219648
pgmigrate_success 26219648
pgmigrate_success 26219648
pgmigrate_success 26219648
pgmigrate_success 26219648
pgmigrate_success 26219648
pgmigrate_success 26220684
pgmigrate_success 26220684
pgmigrate_success 26220684
pgmigrate_success 26220684
pgmigrate_success 26220684
pgmigrate_success 26220684
pgmigrate_success 26220684
pgmigrate_success 26220684
pgmigrate_success 26220684
pgmigrate_success 26220684
pgmigrate_success 26220684
pgmigrate_success 26220684
pgmigrate_success 26220684
pgmigrate_success 26220684
pgmigrate_success 26220684
pgmigrate_success 26220684
pgmigrate_success 26220684
pgmigrate_success 26220684
pgmigrate_success 26220684
pgmigrate_success 26220684
pgmigrate_success 26220684
pgmigrate_success 26220684
pgmigrate_success 26220684
pgmigrate_success 26220684
pgmigrate_success 26220684
pgmigrate_success 26220684
pgmigrate_success 26220684
pgmigrate_success 26220684
pgmigrate_success 26220684
pgmigrate_success 26220684
pgmigrate_success 26220684
pgmigrate_success 26220684
pgmigrate_success 26220795
pgmigrate_success 26220795
pgmigrate_success 26220795
pgmigrate_success 26220795
pgmigrate_success 26220795
pgmigrate_success 26220795
pgmigrate_success 26220795
pgmigrate_success 26220795
pgmigrate_success 26220795
pgmigrate_success 26220795
pgmigrate_success 26220795
pgmigrate_success 26220795
pgmigrate_success 26220795
pgmigrate_success 26220795
pgmigrate_success 26220795
pgmigrate_success 26220795
pgmigrate_success 26220795
pgmigrate_success 26220795
pgmigrate_success 26220795
pgmigrate_success 26220795
pgmigrate_success 26220795
pgmigrate_success 26220795
pgmigrate_success 26220795
pgmigrate_success 26220795
pgmigrate_success 26220795
pgmigrate_success 26220795
pgmigrate_success 26220795
pgmigrate_success 26220795
pgmigrate_success 26220795
pgmigrate_success 26220795
pgmigrate_success 26220795
pgmigrate_success 26220795
pgmigrate_success 26220843
pgmigrate_success 26220843
pgmigrate_success 26220843
pgmigrate_success 26220843
pgmigrate_success 26220843
pgmigrate_success 26220843
pgmigrate_success 26220843
pgmigrate_success 26221488
pgmigrate_success 26221488
pgmigrate_success 26221488
pgmigrate_success 26221489
pgmigrate_success 26221489
pgmigrate_success 26221490
pgmigrate_success 26221490
pgmigrate_success 26221492
pgmigrate_success 26222522
pgmigrate_success 26470882
pgmigrate_success 26470882
pgmigrate_success 26470882
pgmigrate_success 26470882
pgmigrate_success 26470882
pgmigrate_success 26470882
pgmigrate_success 26470882
pgmigrate_success 26470882
pgmigrate_success 26470882
pgmigrate_success 26470882
pgmigrate_success 26470882
pgmigrate_success 26470882
pgmigrate_success 26470882
pgmigrate_success 26470882
pgmigrate_success 26470882
pgmigrate_success 26470882
pgmigrate_success 26471985
pgmigrate_success 26471985
pgmigrate_success 26471985
pgmigrate_success 26471985
pgmigrate_success 26472497
pgmigrate_success 26472497
pgmigrate_success 26472497
pgmigrate_success 26472497
pgmigrate_success 26472497
pgmigrate_success 26472497
pgmigrate_success 26472497
pgmigrate_success 26472497
pgmigrate_success 26472497
pgmigrate_success 26472497
pgmigrate_success 26472497
pgmigrate_success 26472497
pgmigrate_success 26472497
pgmigrate_success 26473009
pgmigrate_success 26473009
pgmigrate_success 26473521
pgmigrate_success 26473521
pgmigrate_success 26473521
pgmigrate_success 26473521
pgmigrate_success 26473521
pgmigrate_success 26473521
pgmigrate_success 26473521
pgmigrate_success 26473521
pgmigrate_success 26473521
pgmigrate_success 26473521
pgmigrate_success 26473521
pgmigrate_success 26473521
pgmigrate_success 26473580
pgmigrate_success 26473580
pgmigrate_success 26473580
pgmigrate_success 26473580
pgmigrate_success 26473580
pgmigrate_success 26473580
pgmigrate_success 26473580
pgmigrate_success 26473580
pgmigrate_success 26473580
pgmigrate_success 26473580
pgmigrate_success 26473580
pgmigrate_success 26473580
pgmigrate_success 26473580
pgmigrate_success 26473580
pgmigrate_success 26474092
pgmigrate_success 26474092
pgmigrate_success 26474092
pgmigrate_success 26474092
pgmigrate_success 26474092
pgmigrate_success 26474092
pgmigrate_success 26474604
pgmigrate_success 26474685
pgmigrate_success 26474685
pgmigrate_success 26474685
pgmigrate_success 26474685
pgmigrate_success 26474685
pgmigrate_success 26474685
pgmigrate_success 26474685
pgmigrate_success 26474685
pgmigrate_success 26474685
pgmigrate_success 26474685
pgmigrate_success 26474685
pgmigrate_success 26475572
pgmigrate_success 26475616
pgmigrate_success 26475616
pgmigrate_success 26476128
pgmigrate_success 26476128
pgmigrate_success 26476128
pgmigrate_success 26476128
pgmigrate_success 26476128
pgmigrate_success 26476128
pgmigrate_success 26476128
pgmigrate_success 26485997
pgmigrate_success 26489317
pgmigrate_success 26489317
pgmigrate_success 26489317
pgmigrate_success 26489317
pgmigrate_success 26489317
pgmigrate_success 26489317
pgmigrate_success 26489317
pgmigrate_success 26489317
pgmigrate_success 26491414
pgmigrate_success 26491414
pgmigrate_success 26491414
pgmigrate_success 26491414
pgmigrate_success 26491414
pgmigrate_success 26491414
pgmigrate_success 26491414
pgmigrate_success 26491414
pgmigrate_success 26491414
pgmigrate_success 26491414
pgmigrate_success 26491414
pgmigrate_success 26491414
pgmigrate_success 26491414
pgmigrate_success 26491414
pgmigrate_success 26505426
pgmigrate_success 26505938
pgmigrate_success 26505938
pgmigrate_success 26506450
pgmigrate_success 26506962
pgmigrate_success 26507474
pgmigrate_success 26507474
pgmigrate_success 26507474
pgmigrate_success 26507474
pgmigrate_success 26507474
pgmigrate_success 26507989
pgmigrate_success 26507989
pgmigrate_success 26507989
pgmigrate_success 26507989
pgmigrate_success 26507989
pgmigrate_success 26507989
pgmigrate_success 26507989
pgmigrate_success 26507989
pgmigrate_success 26507989
pgmigrate_success 26507989
pgmigrate_success 26507989
pgmigrate_success 26507989
pgmigrate_success 26507989
pgmigrate_success 26507989
pgmigrate_success 26507989
pgmigrate_success 26507989
pgmigrate_success 26508501
pgmigrate_success 26509013
pgmigrate_success 26509013
pgmigrate_success 26509013
pgmigrate_success 26509013
pgmigrate_success 26509013
pgmigrate_success 26510328
pgmigrate_success 26510328
pgmigrate_success 26510328
pgmigrate_success 26510328
pgmigrate_success 26510328
pgmigrate_success 26510328
pgmigrate_success 26510328
pgmigrate_success 26510328
pgmigrate_success 26510328
pgmigrate_success 26510328
pgmigrate_success 26510328
pgmigrate_success 26510328
pgmigrate_success 26510328
pgmigrate_success 26510328
pgmigrate_success 26510328
pgmigrate_success 26510328
pgmigrate_success 26522269
pgmigrate_success 26527389
pgmigrate_success 26527389
pgmigrate_success 26527389
pgmigrate_success 26527901
pgmigrate_success 26527901
pgmigrate_success 26527901
pgmigrate_success 26527901
pgmigrate_success 26527901
pgmigrate_success 26527901
pgmigrate_success 26527901
pgmigrate_success 26527901
pgmigrate_success 26527901
pgmigrate_success 26527901
pgmigrate_success 26527901
pgmigrate_success 26527901
pgmigrate_success 26528579
pgmigrate_success 26528579
pgmigrate_success 26528579
pgmigrate_success 26528579
pgmigrate_success 26528579
pgmigrate_success 26528579
pgmigrate_success 26528579
pgmigrate_success 26528579
pgmigrate_success 26528579
pgmigrate_success 26528579
pgmigrate_success 26528579
pgmigrate_success 26528579
pgmigrate_success 26528580
pgmigrate_success 26528580
pgmigrate_success 26528580
pgmigrate_success 26528580
pgmigrate_success 26528580
pgmigrate_success 26528580
pgmigrate_success 26528580
pgmigrate_success 26528581
pgmigrate_success 26528581
pgmigrate_success 26528581
pgmigrate_success 26528581
pgmigrate_success 26528581
pgmigrate_success 26528581
pgmigrate_success 26528581
pgmigrate_success 26528581
pgmigrate_success 26528581
pgmigrate_success 26528581
pgmigrate_success 26528581
pgmigrate_success 26528581
pgmigrate_success 26528581
pgmigrate_success 26528630
pgmigrate_success 26528630
pgmigrate_success 26528630
pgmigrate_success 26528630
pgmigrate_success 26528630
pgmigrate_success 26528630
pgmigrate_success 26528630
pgmigrate_success 26528630
pgmigrate_success 26528630
pgmigrate_success 26528630
pgmigrate_success 26528630
pgmigrate_success 26528630
pgmigrate_success 26528630
pgmigrate_success 26528630
pgmigrate_success 26528630
pgmigrate_success 26528630
pgmigrate_success 26528630
pgmigrate_success 26528630
pgmigrate_success 26528630
pgmigrate_success 26528630
pgmigrate_success 26528630
pgmigrate_success 26528630
pgmigrate_success 26528630
pgmigrate_success 26528630
pgmigrate_success 26528630
pgmigrate_success 26528630
pgmigrate_success 26528630
pgmigrate_success 26528630
pgmigrate_success 26528630
pgmigrate_success 26528630
pgmigrate_success 26528630
pgmigrate_success 26528630
pgmigrate_success 26528678
pgmigrate_success 26528678
pgmigrate_success 26528678
pgmigrate_success 26528678
pgmigrate_success 26528678
pgmigrate_success 26528679
pgmigrate_success 26528679
pgmigrate_success 26528679
pgmigrate_success 26528679
pgmigrate_success 26528679
pgmigrate_success 26528679
pgmigrate_success 26528679
pgmigrate_success 26528679
pgmigrate_success 26528679
pgmigrate_success 26528679
pgmigrate_success 26528679
pgmigrate_success 26532777
pgmigrate_success 26533289
pgmigrate_success 26534825
pgmigrate_success 26539433
pgmigrate_success 26545065
pgmigrate_success 26545065
pgmigrate_success 26545065
pgmigrate_success 26545065
pgmigrate_success 26545065
pgmigrate_success 26545065
pgmigrate_success 26545065
pgmigrate_success 26545065
pgmigrate_success 26545065
pgmigrate_success 26545065
pgmigrate_success 26552401
pgmigrate_success 26601106
pgmigrate_success 26660267
pgmigrate_success 26660267
pgmigrate_success 26660267
pgmigrate_success 26660267
pgmigrate_success 26660267
pgmigrate_success 26660267
pgmigrate_success 26660779
pgmigrate_success 26661291
pgmigrate_success 26661291
pgmigrate_success 26661803
pgmigrate_success 26661803
pgmigrate_success 26661803
pgmigrate_success 26661803
pgmigrate_success 26661803
pgmigrate_success 26661803
pgmigrate_success 26661803
pgmigrate_success 26711467
pgmigrate_success 26807214
pgmigrate_success 26807214
pgmigrate_success 26807214
pgmigrate_success 26807214
pgmigrate_success 26807214
pgmigrate_success 26807214
pgmigrate_success 26807214
pgmigrate_success 26807214
pgmigrate_success 26807727
pgmigrate_success 26807727
pgmigrate_success 26807727
pgmigrate_success 26807727
pgmigrate_success 26807727
pgmigrate_success 26807727
pgmigrate_success 26874857
pgmigrate_success 26882537
pgmigrate_success 26883561
pgmigrate_success 26883561
pgmigrate_success 26883561
pgmigrate_success 26883561
pgmigrate_success 26883631
pgmigrate_success 26883635
pgmigrate_success 26883647
pgmigrate_success 26883655
pgmigrate_success 26883659
pgmigrate_success 26883663
pgmigrate_success 26883669
pgmigrate_success 26883676
pgmigrate_success 26883690
pgmigrate_success 26883697
pgmigrate_success 26883699
pgmigrate_success 26883699
pgmigrate_success 26883701
pgmigrate_success 26883701
pgmigrate_success 26883701
pgmigrate_success 26883704
pgmigrate_success 26883708
pgmigrate_success 26883710
pgmigrate_success 26883710
pgmigrate_success 26883710
pgmigrate_success 26883711
pgmigrate_success 26883712
pgmigrate_success 26883712
pgmigrate_success 26883712
pgmigrate_success 26883712
pgmigrate_success 26883713
pgmigrate_success 26883896
pgmigrate_success 26883896
pgmigrate_success 26883896
pgmigrate_success 26883896
pgmigrate_success 26883896
pgmigrate_success 26883896
pgmigrate_success 26883896
pgmigrate_success 26883896
pgmigrate_success 26883896
pgmigrate_success 26883897
pgmigrate_success 26883897
pgmigrate_success 26883897
pgmigrate_success 26883897
pgmigrate_success 26883897
pgmigrate_success 26883898
pgmigrate_success 26883898
pgmigrate_success 26883898
pgmigrate_success 26883898
pgmigrate_success 26883899
pgmigrate_success 26883899
pgmigrate_success 26883899
pgmigrate_success 26883899
pgmigrate_success 26883899
pgmigrate_success 26883899
pgmigrate_success 26883901
pgmigrate_success 26883901
pgmigrate_success 26883901
pgmigrate_success 26883901
pgmigrate_success 26883901
pgmigrate_success 26883901
pgmigrate_success 26883901
pgmigrate_success 26883903
pgmigrate_success 26883946
pgmigrate_success 26883946
pgmigrate_success 26883946
pgmigrate_success 26883947
pgmigrate_success 26883950
pgmigrate_success 26883954
pgmigrate_success 26883958
pgmigrate_success 26883970
pgmigrate_success 26883976
pgmigrate_success 26883982
pgmigrate_success 26883992
pgmigrate_success 26883996
pgmigrate_success 26884000
pgmigrate_success 26884005
pgmigrate_success 26884011
pgmigrate_success 26884015
pgmigrate_success 26884019
pgmigrate_success 26884030
pgmigrate_success 26884038
pgmigrate_success 26884044
pgmigrate_success 26884054
pgmigrate_success 26884055
pgmigrate_success 26884575
pgmigrate_success 26886118
pgmigrate_success 26887151
pgmigrate_success 26888694
pgmigrate_success 26889207
pgmigrate_success 26889722
pgmigrate_success 26890749
pgmigrate_success 26891261
pgmigrate_success 26891262
pgmigrate_success 26891263
pgmigrate_success 26891432
pgmigrate_success 26891435
pgmigrate_success 26891435
pgmigrate_success 26891435
pgmigrate_success 26891438
pgmigrate_success 26891438
pgmigrate_success 26891438
pgmigrate_success 26891438
pgmigrate_success 26891438
pgmigrate_success 26891439
pgmigrate_success 26891439
pgmigrate_success 26891439
pgmigrate_success 26891439
pgmigrate_success 26891439
pgmigrate_success 26891439
pgmigrate_success 26891439
pgmigrate_success 26891439
pgmigrate_success 26891439
pgmigrate_success 26891439
pgmigrate_success 26951870
pgmigrate_success 26975935
pgmigrate_success 26975992
pgmigrate_success 26975999
pgmigrate_success 26976001
pgmigrate_success 26976005
pgmigrate_success 26976009
pgmigrate_success 26976013
pgmigrate_success 26976017
pgmigrate_success 26976019
pgmigrate_success 26976021
pgmigrate_success 26976025
pgmigrate_success 26976027
pgmigrate_success 26976237
pgmigrate_success 26976241
pgmigrate_success 26976246
pgmigrate_success 26976247
pgmigrate_success 26976249
pgmigrate_success 26976251
pgmigrate_success 26976252
pgmigrate_success 26976254
pgmigrate_success 26976256
pgmigrate_success 26976257
pgmigrate_success 26976259
pgmigrate_success 26976261
pgmigrate_success 26976265
pgmigrate_success 26976269
