anon 0
anon_thp 0
anon 51523584
anon_thp 25165824
anon 655331328
anon_thp 627048448
anon 655331328
anon_thp 627048448
anon 655331328
anon_thp 627048448
anon 655331328
anon_thp 627048448
anon 1682694144
anon_thp 1652555776
anon 3125534720
anon_thp 3095396352
anon 4583055360
anon_thp 4552916992
anon 6040576000
anon_thp 6010437632
anon 7506485248
anon_thp 7476346880
anon 8987074560
anon_thp 8956936192
anon 10465566720
anon_thp 10435428352
anon 11946156032
anon_thp 11916017664
anon 13405773824
anon_thp 13375635456
anon 14829740032
anon_thp 14799601664
anon 14916149248
anon_thp 14885584896
anon 14916149248
anon_thp 14885584896
anon 14916149248
anon_thp 14885584896
anon 14916149248
anon_thp 14885584896
anon 14916149248
anon_thp 14885584896
anon 14916149248
anon_thp 14885584896
anon 14916149248
anon_thp 14885584896
anon 14916149248
anon_thp 14885584896
anon 14916149248
anon_thp 14885584896
anon 14916149248
anon_thp 14885584896
anon 14916149248
anon_thp 14885584896
anon 14916149248
anon_thp 14885584896
anon 14916149248
anon_thp 14885584896
anon 14916149248
anon_thp 14885584896
anon 14916149248
anon_thp 14885584896
anon 14916149248
anon_thp 14885584896
anon 14916149248
anon_thp 14885584896
anon 14916149248
anon_thp 14885584896
anon 14916149248
anon_thp 14885584896
anon 14916149248
anon_thp 14885584896
anon 14916149248
anon_thp 14885584896
anon 14916149248
anon_thp 14885584896
anon 14916149248
anon_thp 14885584896
anon 14916149248
anon_thp 14885584896
anon 14916149248
anon_thp 14885584896
anon 14916149248
anon_thp 14885584896
anon 14916149248
anon_thp 14885584896
anon 14916149248
anon_thp 14885584896
anon 14916149248
anon_thp 14885584896
anon 14916149248
anon_thp 14885584896
anon 14916149248
anon_thp 14885584896
anon 14916149248
anon_thp 14885584896
anon 14916149248
anon_thp 14885584896
anon 14916149248
anon_thp 14885584896
anon 14916149248
anon_thp 14885584896
anon 14916149248
anon_thp 14885584896
anon 14916149248
anon_thp 14885584896
anon 14916149248
anon_thp 14885584896
anon 14916149248
anon_thp 14885584896
anon 14916149248
anon_thp 14885584896
anon 14916149248
anon_thp 14885584896
anon 14916149248
anon_thp 14885584896
anon 14916149248
anon_thp 14885584896
anon 14916149248
anon_thp 14885584896
anon 14916149248
anon_thp 14885584896
anon 14916149248
anon_thp 14885584896
anon 14916149248
anon_thp 14885584896
anon 14916149248
anon_thp 14885584896
anon 14916149248
anon_thp 14885584896
anon 14916149248
anon_thp 14885584896
anon 14916149248
anon_thp 14885584896
anon 14916149248
anon_thp 14885584896
anon 14916149248
anon_thp 14885584896
anon 14916149248
anon_thp 14885584896
anon 14916149248
anon_thp 14885584896
anon 14916149248
anon_thp 14885584896
anon 14916149248
anon_thp 14885584896
anon 14916149248
anon_thp 14885584896
anon 14916149248
anon_thp 14885584896
anon 14916149248
anon_thp 14885584896
anon 14916149248
anon_thp 14885584896
anon 14916149248
anon_thp 14885584896
anon 14916149248
anon_thp 14885584896
anon 14916149248
anon_thp 14885584896
anon 14916149248
anon_thp 14885584896
anon 14916149248
anon_thp 14885584896
anon 14916149248
anon_thp 14885584896
anon 14916149248
anon_thp 14885584896
anon 14916149248
anon_thp 14885584896
anon 14916149248
anon_thp 14885584896
anon 14916149248
anon_thp 14885584896
anon 14916149248
anon_thp 14885584896
anon 14916149248
anon_thp 14885584896
anon 14916149248
anon_thp 14885584896
anon 14916149248
anon_thp 14885584896
anon 14916149248
anon_thp 14885584896
anon 14955487232
anon_thp 14885584896
anon 14955503616
anon_thp 14885584896
anon 14955610112
anon_thp 14885584896
anon 14955642880
anon_thp 14885584896
anon 14955642880
anon_thp 14885584896
anon 14955675648
anon_thp 14885584896
anon 14955708416
anon_thp 14885584896
anon 14955708416
anon_thp 14885584896
anon 14955708416
anon_thp 14885584896
anon 14955708416
anon_thp 14885584896
anon 14955708416
anon_thp 14885584896
anon 14955708416
anon_thp 14885584896
anon 14955708416
anon_thp 14885584896
anon 14955708416
anon_thp 14885584896
anon 14955708416
anon_thp 14885584896
anon 14955708416
anon_thp 14885584896
anon 14955708416
anon_thp 14885584896
anon 14955708416
anon_thp 14885584896
anon 14955708416
anon_thp 14885584896
anon 14955741184
anon_thp 14885584896
anon 14955773952
anon_thp 14885584896
anon 14955773952
anon_thp 14885584896
anon 14955773952
anon_thp 14885584896
anon 14955773952
anon_thp 14885584896
anon 14955806720
anon_thp 14885584896
anon 14955839488
anon_thp 14885584896
anon 14955839488
anon_thp 14885584896
anon 14955839488
anon_thp 14885584896
anon 14955839488
anon_thp 14885584896
anon 14955839488
anon_thp 14885584896
anon 14955839488
anon_thp 14885584896
anon 14955839488
anon_thp 14885584896
anon 14955839488
anon_thp 14885584896
anon 14955839488
anon_thp 14885584896
anon 14955839488
anon_thp 14885584896
anon 14955839488
anon_thp 14885584896
anon 14955839488
anon_thp 14885584896
anon 14955839488
anon_thp 14885584896
anon 14955839488
anon_thp 14885584896
anon 14955872256
anon_thp 14885584896
anon 14955872256
anon_thp 14885584896
anon 14955872256
anon_thp 14885584896
anon 14955872256
anon_thp 14885584896
anon 14955872256
anon_thp 14885584896
anon 14955872256
anon_thp 14885584896
anon 14955872256
anon_thp 14885584896
anon 14955872256
anon_thp 14885584896
anon 14955872256
anon_thp 14885584896
anon 14955872256
anon_thp 14885584896
anon 14955872256
anon_thp 14885584896
anon 14955872256
anon_thp 14885584896
anon 14955872256
anon_thp 14885584896
anon 14955872256
anon_thp 14885584896
anon 14955872256
anon_thp 14885584896
anon 14955872256
anon_thp 14885584896
anon 14955872256
anon_thp 14885584896
anon 14955872256
anon_thp 14885584896
anon 14955872256
anon_thp 14885584896
anon 14955872256
anon_thp 14885584896
anon 14955872256
anon_thp 14885584896
anon 14955872256
anon_thp 14885584896
anon 14955872256
anon_thp 14885584896
anon 14955872256
anon_thp 14885584896
anon 14955872256
anon_thp 14885584896
anon 14955872256
anon_thp 14885584896
anon 14955872256
anon_thp 14885584896
anon 14955872256
anon_thp 14885584896
anon 14955872256
anon_thp 14885584896
anon 14955872256
anon_thp 14885584896
anon 14955872256
anon_thp 14885584896
anon 14955872256
anon_thp 14885584896
anon 14955872256
anon_thp 14885584896
anon 14955872256
anon_thp 14885584896
anon 14955872256
anon_thp 14885584896
anon 14955872256
anon_thp 14885584896
anon 14955872256
anon_thp 14885584896
anon 14955872256
anon_thp 14885584896
anon 14955872256
anon_thp 14885584896
anon 14955872256
anon_thp 14885584896
anon 14955872256
anon_thp 14885584896
anon 14955872256
anon_thp 14885584896
anon 14955872256
anon_thp 14885584896
anon 14955872256
anon_thp 14885584896
anon 14955872256
anon_thp 14885584896
anon 14955872256
anon_thp 14885584896
anon 14955872256
anon_thp 14885584896
anon 14955872256
anon_thp 14885584896
anon 14955872256
anon_thp 14885584896
anon 14955872256
anon_thp 14885584896
anon 14955872256
anon_thp 14885584896
anon 14955872256
anon_thp 14885584896
anon 14955872256
anon_thp 14885584896
anon 14955872256
anon_thp 14885584896
anon 14955872256
anon_thp 14885584896
anon 14955872256
anon_thp 14885584896
anon 14955872256
anon_thp 14885584896
anon 14955872256
anon_thp 14885584896
anon 14955872256
anon_thp 14885584896
anon 14955872256
anon_thp 14885584896
anon 14955872256
anon_thp 14885584896
anon 14955872256
anon_thp 14885584896
anon 14955872256
anon_thp 14885584896
anon 14955872256
anon_thp 14885584896
anon 14955872256
anon_thp 14885584896
anon 14955872256
anon_thp 14885584896
anon 14955872256
anon_thp 14885584896
anon 14955872256
anon_thp 14885584896
anon 14955872256
anon_thp 14885584896
anon 14955872256
anon_thp 14885584896
anon 14955872256
anon_thp 14885584896
anon 14955872256
anon_thp 14885584896
anon 14955872256
anon_thp 14885584896
anon 14955872256
anon_thp 14885584896
anon 14955872256
anon_thp 14885584896
anon 14955872256
anon_thp 14885584896
anon 14955872256
anon_thp 14885584896
anon 14955872256
anon_thp 14885584896
anon 14955872256
anon_thp 14885584896
anon 14955872256
anon_thp 14885584896
anon 14955872256
anon_thp 14885584896
anon 14955872256
anon_thp 14885584896
anon 14955872256
anon_thp 14885584896
anon 14955872256
anon_thp 14885584896
anon 14955872256
anon_thp 14885584896
anon 14955872256
anon_thp 14885584896
anon 14955872256
anon_thp 14885584896
anon 14955872256
anon_thp 14885584896
anon 14955872256
anon_thp 14885584896
anon 14955872256
anon_thp 14885584896
anon 14955872256
anon_thp 14885584896
anon 14955872256
anon_thp 14885584896
anon 14955872256
anon_thp 14885584896
anon 14955872256
anon_thp 14885584896
anon 14955872256
anon_thp 14885584896
anon 14955872256
anon_thp 14885584896
anon 14955872256
anon_thp 14885584896
anon 14955872256
anon_thp 14885584896
anon 14955872256
anon_thp 14885584896
anon 14955872256
anon_thp 14885584896
anon 14955872256
anon_thp 14885584896
anon 14955872256
anon_thp 14885584896
anon 14955872256
anon_thp 14885584896
anon 14955872256
anon_thp 14885584896
anon 14955872256
anon_thp 14885584896
anon 14955872256
anon_thp 14885584896
anon 14955872256
anon_thp 14885584896
anon 14955872256
anon_thp 14885584896
anon 14955872256
anon_thp 14885584896
anon 14955872256
anon_thp 14885584896
anon 14955872256
anon_thp 14885584896
anon 14955872256
anon_thp 14885584896
anon 14955872256
anon_thp 14885584896
anon 14955872256
anon_thp 14885584896
anon 14955872256
anon_thp 14885584896
anon 14955872256
anon_thp 14885584896
anon 14955872256
anon_thp 14885584896
anon 14955872256
anon_thp 14885584896
anon 14955872256
anon_thp 14885584896
anon 14955872256
anon_thp 14885584896
anon 14955872256
anon_thp 14885584896
anon 14955872256
anon_thp 14885584896
anon 14955872256
anon_thp 14885584896
anon 14955872256
anon_thp 14885584896
anon 14955872256
anon_thp 14885584896
anon 14955872256
anon_thp 14885584896
anon 14955872256
anon_thp 14885584896
anon 14955872256
anon_thp 14885584896
anon 14955872256
anon_thp 14885584896
anon 14955872256
anon_thp 14885584896
anon 14955872256
anon_thp 14885584896
anon 14955872256
anon_thp 14885584896
anon 14955872256
anon_thp 14885584896
anon 14955872256
anon_thp 14885584896
anon 14955872256
anon_thp 14885584896
anon 14955872256
anon_thp 14885584896
anon 14955872256
anon_thp 14885584896
anon 14955872256
anon_thp 14885584896
anon 14955872256
anon_thp 14885584896
anon 14955872256
anon_thp 14885584896
anon 14955872256
anon_thp 14885584896
anon 14955872256
anon_thp 14885584896
anon 14955872256
anon_thp 14885584896
anon 14955872256
anon_thp 14885584896
anon 14955872256
anon_thp 14885584896
anon 14955872256
anon_thp 14885584896
anon 14955872256
anon_thp 14885584896
anon 14955872256
anon_thp 14885584896
anon 14955872256
anon_thp 14885584896
anon 14955872256
anon_thp 14885584896
anon 14955872256
anon_thp 14885584896
anon 14955872256
anon_thp 14885584896
anon 14955872256
anon_thp 14885584896
anon 14955872256
anon_thp 14885584896
anon 14955872256
anon_thp 14885584896
anon 14955872256
anon_thp 14885584896
anon 14955872256
anon_thp 14885584896
anon 14955872256
anon_thp 14885584896
anon 14955872256
anon_thp 14885584896
anon 14955872256
anon_thp 14885584896
anon 14955872256
anon_thp 14885584896
anon 14955872256
anon_thp 14885584896
anon 14955872256
anon_thp 14885584896
anon 14955872256
anon_thp 14885584896
anon 14955872256
anon_thp 14885584896
anon 14955872256
anon_thp 14885584896
anon 14955872256
anon_thp 14885584896
anon 14955872256
anon_thp 14885584896
anon 14955872256
anon_thp 14885584896
anon 14955872256
anon_thp 14885584896
anon 14955872256
anon_thp 14885584896
anon 14955872256
anon_thp 14885584896
anon 14955872256
anon_thp 14885584896
anon 14955872256
anon_thp 14885584896
anon 14955872256
anon_thp 14885584896
anon 14955872256
anon_thp 14885584896
anon 14955872256
anon_thp 14885584896
anon 14955872256
anon_thp 14885584896
anon 14955872256
anon_thp 14885584896
anon 14955872256
anon_thp 14885584896
anon 14955872256
anon_thp 14885584896
anon 14955872256
anon_thp 14885584896
anon 14955872256
anon_thp 14885584896
anon 14955872256
anon_thp 14885584896
anon 14955872256
anon_thp 14885584896
anon 14955872256
anon_thp 14885584896
anon 14955872256
anon_thp 14885584896
anon 14955872256
anon_thp 14885584896
anon 14955872256
anon_thp 14885584896
anon 14955872256
anon_thp 14885584896
anon 14955872256
anon_thp 14885584896
anon 14955872256
anon_thp 14885584896
anon 14955872256
anon_thp 14885584896
anon 14955872256
anon_thp 14885584896
anon 14955872256
anon_thp 14885584896
anon 14955872256
anon_thp 14885584896
anon 14955872256
anon_thp 14885584896
anon 14955872256
anon_thp 14885584896
anon 14955872256
anon_thp 14885584896
anon 14955872256
anon_thp 14885584896
anon 14955872256
anon_thp 14885584896
anon 14955872256
anon_thp 14885584896
anon 14955872256
anon_thp 14885584896
anon 14955872256
anon_thp 14885584896
anon 14955872256
anon_thp 14885584896
anon 14955872256
anon_thp 14885584896
anon 14955872256
anon_thp 14885584896
anon 14955872256
anon_thp 14885584896
anon 14955872256
anon_thp 14885584896
anon 14955872256
anon_thp 14885584896
anon 14955872256
anon_thp 14885584896
anon 14955872256
anon_thp 14885584896
anon 14955872256
anon_thp 14885584896
anon 14955872256
anon_thp 14885584896
anon 14955872256
anon_thp 14885584896
anon 14955872256
anon_thp 14885584896
anon 14955872256
anon_thp 14885584896
anon 14955872256
anon_thp 14885584896
anon 14955872256
anon_thp 14885584896
anon 14955872256
anon_thp 14885584896
anon 14955872256
anon_thp 14885584896
anon 14955872256
anon_thp 14885584896
anon 14955872256
anon_thp 14885584896
anon 14955872256
anon_thp 14885584896
anon 14955872256
anon_thp 14885584896
anon 14955872256
anon_thp 14885584896
anon 14955872256
anon_thp 14885584896
anon 14955872256
anon_thp 14885584896
anon 14955872256
anon_thp 14885584896
anon 14955872256
anon_thp 14885584896
anon 14955872256
anon_thp 14885584896
anon 14955872256
anon_thp 14885584896
anon 14955872256
anon_thp 14885584896
anon 14955872256
anon_thp 14885584896
anon 14955872256
anon_thp 14885584896
anon 14955872256
anon_thp 14885584896
anon 14955872256
anon_thp 14885584896
anon 14955872256
anon_thp 14885584896
anon 14955872256
anon_thp 14885584896
anon 14955872256
anon_thp 14885584896
anon 14955872256
anon_thp 14885584896
anon 14955872256
anon_thp 14885584896
anon 14955872256
anon_thp 14885584896
anon 14955872256
anon_thp 14885584896
anon 14955872256
anon_thp 14885584896
anon 14955872256
anon_thp 14885584896
anon 14955872256
anon_thp 14885584896
anon 14955872256
anon_thp 14885584896
anon 14955872256
anon_thp 14885584896
anon 14955872256
anon_thp 14885584896
anon 14955872256
anon_thp 14885584896
anon 14955872256
anon_thp 14885584896
anon 14955872256
anon_thp 14885584896
anon 14955872256
anon_thp 14885584896
anon 14955872256
anon_thp 14885584896
anon 14955872256
anon_thp 14885584896
anon 14955872256
anon_thp 14885584896
anon 14955872256
anon_thp 14885584896
anon 14955872256
anon_thp 14885584896
anon 14955872256
anon_thp 14885584896
anon 14955872256
anon_thp 14885584896
anon 14955872256
anon_thp 14885584896
anon 14955872256
anon_thp 14885584896
anon 14955872256
anon_thp 14885584896
anon 14955872256
anon_thp 14885584896
anon 14955872256
anon_thp 14885584896
anon 14955872256
anon_thp 14885584896
anon 14955872256
anon_thp 14885584896
anon 14955872256
anon_thp 14885584896
anon 14955872256
anon_thp 14885584896
anon 14955872256
anon_thp 14885584896
anon 14955872256
anon_thp 14885584896
anon 14955872256
anon_thp 14885584896
anon 14955872256
anon_thp 14885584896
anon 14955872256
anon_thp 14885584896
anon 14955872256
anon_thp 14885584896
anon 14955872256
anon_thp 14885584896
anon 14955872256
anon_thp 14885584896
anon 14955872256
anon_thp 14885584896
anon 14955872256
anon_thp 14885584896
anon 14955872256
anon_thp 14885584896
anon 14955872256
anon_thp 14885584896
anon 14955872256
anon_thp 14885584896
anon 14955872256
anon_thp 14885584896
anon 14955872256
anon_thp 14885584896
anon 14955872256
anon_thp 14885584896
anon 14955872256
anon_thp 14885584896
anon 14955872256
anon_thp 14885584896
anon 14955872256
anon_thp 14885584896
anon 14955872256
anon_thp 14885584896
anon 14955872256
anon_thp 14885584896
anon 14955872256
anon_thp 14885584896
anon 14955872256
anon_thp 14885584896
anon 14955872256
anon_thp 14885584896
anon 14955872256
anon_thp 14885584896
anon 14955872256
anon_thp 14885584896
anon 14955872256
anon_thp 14885584896
anon 14955872256
anon_thp 14885584896
anon 14955872256
anon_thp 14885584896
anon 14955872256
anon_thp 14885584896
anon 14955872256
anon_thp 14885584896
anon 14955872256
anon_thp 14885584896
anon 14955872256
anon_thp 14885584896
anon 14955872256
anon_thp 14885584896
anon 14955872256
anon_thp 14885584896
anon 14955872256
anon_thp 14885584896
anon 14955872256
anon_thp 14885584896
anon 14955872256
anon_thp 14885584896
anon 14955872256
anon_thp 14885584896
anon 14955872256
anon_thp 14885584896
anon 14955872256
anon_thp 14885584896
anon 14955872256
anon_thp 14885584896
anon 14955872256
anon_thp 14885584896
anon 14955872256
anon_thp 14885584896
anon 14955872256
anon_thp 14885584896
anon 14955872256
anon_thp 14885584896
anon 14955872256
anon_thp 14885584896
anon 14955872256
anon_thp 14885584896
anon 14955872256
anon_thp 14885584896
anon 14955872256
anon_thp 14885584896
anon 14955872256
anon_thp 14885584896
anon 14955872256
anon_thp 14885584896
anon 14955872256
anon_thp 14885584896
anon 14955872256
anon_thp 14885584896
anon 14955872256
anon_thp 14885584896
anon 14955872256
anon_thp 14885584896
anon 14955872256
anon_thp 14885584896
anon 14955872256
anon_thp 14885584896
anon 14955872256
anon_thp 14885584896
anon 14955872256
anon_thp 14885584896
anon 14955872256
anon_thp 14885584896
anon 14955872256
anon_thp 14885584896
anon 14955872256
anon_thp 14885584896
anon 14955872256
anon_thp 14885584896
anon 14955872256
anon_thp 14885584896
anon 14955872256
anon_thp 14885584896
anon 14955872256
anon_thp 14885584896
anon 14955872256
anon_thp 14885584896
anon 14955872256
anon_thp 14885584896
anon 14955872256
anon_thp 14885584896
anon 14955872256
anon_thp 14885584896
anon 14955872256
anon_thp 14885584896
anon 14955872256
anon_thp 14885584896
anon 14955872256
anon_thp 14885584896
anon 14955872256
anon_thp 14885584896
anon 14955872256
anon_thp 14885584896
anon 14955872256
anon_thp 14885584896
anon 14955872256
anon_thp 14885584896
anon 14955872256
anon_thp 14885584896
anon 14955872256
anon_thp 14885584896
anon 14955872256
anon_thp 14885584896
anon 14955872256
anon_thp 14885584896
anon 14955872256
anon_thp 14885584896
anon 14955872256
anon_thp 14885584896
anon 14955872256
anon_thp 14885584896
anon 14955872256
anon_thp 14885584896
anon 14955872256
anon_thp 14885584896
anon 14955872256
anon_thp 14885584896
anon 14955872256
anon_thp 14885584896
anon 14955872256
anon_thp 14885584896
anon 14955872256
anon_thp 14885584896
anon 14955872256
anon_thp 14885584896
anon 14955872256
anon_thp 14885584896
anon 14955872256
anon_thp 14885584896
anon 14955872256
anon_thp 14885584896
anon 14955872256
anon_thp 14885584896
anon 14955872256
anon_thp 14885584896
anon 14955872256
anon_thp 14885584896
anon 14955872256
anon_thp 14885584896
anon 14955872256
anon_thp 14885584896
anon 14955872256
anon_thp 14885584896
anon 14955872256
anon_thp 14885584896
anon 14955872256
anon_thp 14885584896
anon 14955872256
anon_thp 14885584896
anon 14955872256
anon_thp 14885584896
anon 14955872256
anon_thp 14885584896
anon 14955872256
anon_thp 14885584896
anon 14955872256
anon_thp 14885584896
anon 14955872256
anon_thp 14885584896
anon 14955872256
anon_thp 14885584896
anon 14955872256
anon_thp 14885584896
anon 14955872256
anon_thp 14885584896
anon 14955872256
anon_thp 14885584896
anon 14955872256
anon_thp 14885584896
anon 14955872256
anon_thp 14885584896
anon 14955872256
anon_thp 14885584896
anon 14955872256
anon_thp 14885584896
anon 14955872256
anon_thp 14885584896
anon 14955872256
anon_thp 14885584896
anon 14955872256
anon_thp 14885584896
anon 14955872256
anon_thp 14885584896
anon 14955872256
anon_thp 14885584896
anon 14955872256
anon_thp 14885584896
anon 14955872256
anon_thp 14885584896
anon 14955872256
anon_thp 14885584896
anon 14955872256
anon_thp 14885584896
anon 14955872256
anon_thp 14885584896
anon 14955872256
anon_thp 14885584896
anon 14955872256
anon_thp 14885584896
anon 14955872256
anon_thp 14885584896
anon 14955872256
anon_thp 14885584896
anon 14955872256
anon_thp 14885584896
anon 14955872256
anon_thp 14885584896
anon 14955872256
anon_thp 14885584896
anon 14955872256
anon_thp 14885584896
anon 14955872256
anon_thp 14885584896
anon 14955872256
anon_thp 14885584896
anon 14955872256
anon_thp 14885584896
anon 14955872256
anon_thp 14885584896
anon 14955872256
anon_thp 14885584896
anon 14955872256
anon_thp 14885584896
anon 14955872256
anon_thp 14885584896
anon 14955872256
anon_thp 14885584896
anon 14955872256
anon_thp 14885584896
anon 14955872256
anon_thp 14885584896
anon 14955872256
anon_thp 14885584896
anon 14955872256
anon_thp 14885584896
anon 14955872256
anon_thp 14885584896
anon 13230157824
anon_thp 13161725952
