hot 0 warm 0 cold 0
hot 441 warm 0 cold 0
hot 441 warm 0 cold 0
hot 441 warm 0 cold 0
hot 441 warm 0 cold 0
hot 441 warm 0 cold 0
hot 442 warm 0 cold 0
hot 442 warm 0 cold 0
hot 442 warm 0 cold 0
hot 442 warm 0 cold 0
hot 442 warm 0 cold 0
hot 442 warm 0 cold 0
hot 442 warm 0 cold 0
hot 442 warm 0 cold 0
hot 442 warm 0 cold 0
hot 442 warm 0 cold 0
hot 442 warm 0 cold 0
hot 442 warm 0 cold 0
hot 442 warm 0 cold 0
hot 442 warm 0 cold 0
hot 442 warm 0 cold 0
hot 442 warm 0 cold 0
hot 442 warm 0 cold 0
hot 442 warm 0 cold 0
hot 442 warm 0 cold 0
hot 442 warm 0 cold 0
hot 442 warm 0 cold 0
hot 442 warm 0 cold 0
hot 442 warm 0 cold 0
hot 442 warm 0 cold 0
hot 442 warm 0 cold 0
hot 442 warm 0 cold 0
hot 442 warm 0 cold 0
hot 442 warm 0 cold 0
hot 442 warm 0 cold 0
hot 442 warm 0 cold 0
hot 442 warm 0 cold 0
hot 442 warm 0 cold 0
hot 442 warm 0 cold 0
hot 442 warm 0 cold 0
hot 442 warm 0 cold 0
hot 442 warm 0 cold 0
hot 442 warm 0 cold 0
hot 442 warm 0 cold 0
hot 442 warm 0 cold 0
hot 442 warm 0 cold 0
hot 442 warm 0 cold 0
hot 442 warm 0 cold 0
hot 442 warm 0 cold 0
hot 442 warm 0 cold 0
hot 442 warm 0 cold 0
hot 442 warm 0 cold 0
hot 442 warm 0 cold 0
hot 442 warm 0 cold 0
hot 442 warm 0 cold 0
hot 442 warm 0 cold 0
hot 442 warm 0 cold 0
hot 442 warm 0 cold 0
hot 442 warm 0 cold 0
hot 442 warm 0 cold 0
hot 442 warm 0 cold 0
hot 442 warm 0 cold 0
hot 442 warm 0 cold 0
hot 442 warm 0 cold 0
hot 442 warm 0 cold 0
hot 442 warm 0 cold 0
hot 442 warm 0 cold 0
hot 442 warm 0 cold 0
hot 442 warm 0 cold 0
hot 442 warm 0 cold 0
hot 442 warm 0 cold 0
hot 442 warm 0 cold 0
hot 442 warm 0 cold 0
hot 442 warm 0 cold 0
hot 442 warm 0 cold 0
hot 442 warm 0 cold 0
hot 442 warm 0 cold 0
hot 442 warm 0 cold 0
hot 442 warm 0 cold 0
hot 442 warm 0 cold 0
hot 442 warm 0 cold 0
hot 442 warm 0 cold 0
hot 442 warm 0 cold 0
hot 442 warm 0 cold 0
hot 442 warm 0 cold 0
hot 442 warm 0 cold 0
hot 442 warm 0 cold 0
hot 442 warm 0 cold 0
hot 442 warm 0 cold 0
hot 442 warm 0 cold 0
hot 442 warm 0 cold 0
hot 442 warm 0 cold 0
hot 442 warm 0 cold 0
hot 442 warm 0 cold 0
hot 442 warm 0 cold 0
hot 442 warm 0 cold 0
hot 442 warm 0 cold 0
hot 442 warm 0 cold 0
hot 442 warm 0 cold 0
hot 442 warm 0 cold 0
hot 442 warm 0 cold 0
hot 442 warm 0 cold 0
hot 58 warm 0 cold 0
hot 489 warm 0 cold 107
hot 491 warm 0 cold 106
hot 491 warm 0 cold 106
hot 492 warm 0 cold 106
hot 492 warm 0 cold 106
hot 494 warm 0 cold 105
hot 495 warm 0 cold 105
hot 496 warm 0 cold 105
hot 983027 warm 0 cold 0
hot 1465331 warm 0 cold 0
hot 2082291 warm 0 cold 0
hot 2839540 warm 0 cold 0
hot 3242997 warm 0 cold 0
hot 3314167 warm 0 cold 0
hot 3314168 warm 0 cold 0
hot 3314168 warm 0 cold 0
hot 3404281 warm 0 cold 0
hot 3420153 warm 0 cold 0
hot 3471866 warm 0 cold 0
hot 3471866 warm 0 cold 0
hot 3471866 warm 0 cold 0
hot 3471867 warm 0 cold 0
hot 3471868 warm 0 cold 0
hot 3471868 warm 0 cold 0
hot 3471868 warm 0 cold 0
hot 3471868 warm 0 cold 0
hot 3565052 warm 0 cold 0
hot 3571709 warm 0 cold 0
hot 3571709 warm 0 cold 0
hot 3571709 warm 0 cold 0
hot 3598845 warm 0 cold 0
hot 3616766 warm 0 cold 0
hot 3616766 warm 0 cold 0
hot 3616768 warm 0 cold 0
hot 3616768 warm 0 cold 0
hot 3616768 warm 0 cold 0
hot 3616769 warm 0 cold 0
hot 3617794 warm 0 cold 0
hot 3625474 warm 0 cold 0
hot 3627522 warm 0 cold 0
hot 3630082 warm 0 cold 0
hot 3630082 warm 0 cold 0
hot 3630082 warm 0 cold 0
hot 3631106 warm 0 cold 0
hot 3631618 warm 0 cold 0
hot 3631619 warm 0 cold 0
hot 3631619 warm 0 cold 0
hot 3631619 warm 0 cold 0
hot 3631620 warm 0 cold 0
hot 3631621 warm 0 cold 0
hot 3631621 warm 0 cold 0
hot 3631621 warm 0 cold 0
hot 3631621 warm 0 cold 0
hot 3631622 warm 0 cold 0
hot 3631622 warm 0 cold 0
hot 3631622 warm 0 cold 0
hot 3631622 warm 0 cold 0
hot 3631622 warm 0 cold 0
hot 3632136 warm 0 cold 0
hot 3632137 warm 0 cold 0
hot 3632137 warm 0 cold 0
hot 3632137 warm 0 cold 0
hot 3632137 warm 0 cold 0
hot 3632137 warm 0 cold 0
hot 3632137 warm 0 cold 0
hot 3632137 warm 0 cold 0
hot 3632137 warm 0 cold 0
hot 3632137 warm 0 cold 0
hot 3632137 warm 0 cold 0
hot 3632137 warm 0 cold 0
hot 3632137 warm 0 cold 0
hot 3632137 warm 0 cold 0
hot 3632138 warm 0 cold 0
hot 3632138 warm 0 cold 0
hot 3632138 warm 0 cold 0
hot 3632138 warm 0 cold 0
hot 3632138 warm 0 cold 0
hot 3632138 warm 0 cold 0
hot 3632139 warm 0 cold 0
hot 3632139 warm 0 cold 0
hot 3632139 warm 0 cold 0
hot 3632139 warm 0 cold 0
hot 3632139 warm 0 cold 0
hot 3632139 warm 0 cold 0
hot 3632139 warm 0 cold 0
hot 3632139 warm 0 cold 0
hot 3632139 warm 0 cold 0
hot 3632139 warm 0 cold 0
hot 3632139 warm 0 cold 0
hot 3632139 warm 0 cold 0
hot 3632408 warm 0 cold 0
hot 3632408 warm 0 cold 0
hot 3632408 warm 0 cold 0
hot 3632408 warm 0 cold 0
hot 3632408 warm 0 cold 0
hot 3632409 warm 0 cold 0
hot 3632410 warm 0 cold 0
hot 3632411 warm 0 cold 0
hot 3632411 warm 0 cold 0
hot 3632418 warm 0 cold 0
hot 3632418 warm 0 cold 0
hot 3632418 warm 0 cold 0
hot 3632419 warm 0 cold 0
hot 3632420 warm 0 cold 0
hot 3632420 warm 0 cold 0
hot 3632421 warm 0 cold 0
hot 3632421 warm 0 cold 0
hot 3632421 warm 0 cold 0
hot 3632422 warm 0 cold 0
hot 3632422 warm 0 cold 0
hot 3632423 warm 0 cold 0
hot 3632423 warm 0 cold 0
hot 3632423 warm 0 cold 0
hot 3632424 warm 0 cold 0
hot 3632424 warm 0 cold 0
hot 3632425 warm 0 cold 0
hot 3632425 warm 0 cold 0
hot 3632425 warm 0 cold 0
hot 3632426 warm 0 cold 0
hot 3632426 warm 0 cold 0
hot 3632427 warm 0 cold 0
hot 3632427 warm 0 cold 0
hot 3632428 warm 0 cold 0
hot 3632429 warm 0 cold 0
hot 3632429 warm 0 cold 0
hot 3632432 warm 0 cold 0
hot 3632433 warm 0 cold 0
hot 3632433 warm 0 cold 0
hot 3632433 warm 0 cold 0
hot 3632433 warm 0 cold 0
hot 3632952 warm 0 cold 0
hot 3632952 warm 0 cold 0
hot 3632953 warm 0 cold 0
hot 3632954 warm 0 cold 0
hot 3632954 warm 0 cold 0
hot 3632954 warm 0 cold 0
hot 3632955 warm 0 cold 0
hot 3632955 warm 0 cold 0
hot 3632955 warm 0 cold 0
hot 3632955 warm 0 cold 0
hot 3632955 warm 0 cold 0
hot 3632955 warm 0 cold 0
hot 3632955 warm 0 cold 0
hot 3632956 warm 0 cold 0
hot 3632956 warm 0 cold 0
hot 3632958 warm 0 cold 0
hot 3632959 warm 0 cold 0
hot 3632959 warm 0 cold 0
hot 3632961 warm 0 cold 0
hot 3632961 warm 0 cold 0
hot 3632961 warm 0 cold 0
hot 3632961 warm 0 cold 0
hot 3632961 warm 0 cold 0
hot 3632961 warm 0 cold 0
hot 3632961 warm 0 cold 0
hot 3632962 warm 0 cold 0
hot 3632963 warm 0 cold 0
hot 3632963 warm 0 cold 0
hot 3632964 warm 0 cold 0
hot 3632991 warm 0 cold 0
hot 3633019 warm 0 cold 0
hot 3633044 warm 0 cold 0
hot 3633072 warm 0 cold 0
hot 3633089 warm 0 cold 0
hot 3633110 warm 0 cold 0
hot 3633128 warm 0 cold 0
hot 3633147 warm 0 cold 0
hot 3633177 warm 0 cold 0
hot 3633204 warm 0 cold 0
hot 5173 warm 1908736 cold 1719304
hot 5190 warm 2155520 cold 1472520
hot 5203 warm 2337792 cold 1290248
hot 5224 warm 2524160 cold 1103880
hot 5756 warm 2683904 cold 943624
hot 5756 warm 2683904 cold 943624
hot 5757 warm 2683904 cold 943624
hot 5757 warm 2683904 cold 943624
hot 5757 warm 2683904 cold 943624
hot 5759 warm 2683904 cold 943624
hot 5759 warm 2683904 cold 943624
hot 5759 warm 2683904 cold 943624
hot 5759 warm 2683904 cold 943624
hot 5759 warm 2683904 cold 943624
hot 5759 warm 2683904 cold 943624
hot 5759 warm 2683904 cold 943624
hot 5759 warm 2683904 cold 943624
hot 5759 warm 2683904 cold 943624
hot 5759 warm 2683904 cold 943624
hot 5759 warm 2683904 cold 943624
hot 5760 warm 2683904 cold 943624
hot 5760 warm 2683904 cold 943624
hot 5760 warm 2683904 cold 943624
hot 5761 warm 2683904 cold 943624
hot 5762 warm 2683904 cold 943624
hot 5762 warm 2683904 cold 943624
hot 5762 warm 2683904 cold 943624
hot 5763 warm 2683904 cold 943624
hot 5763 warm 2683904 cold 943624
hot 5763 warm 2683904 cold 943624
hot 5763 warm 2683904 cold 943624
hot 5763 warm 2683904 cold 943624
hot 5763 warm 2683904 cold 943624
hot 5764 warm 2683904 cold 943624
hot 5765 warm 2683904 cold 943624
hot 5765 warm 2683904 cold 943624
hot 5765 warm 2683904 cold 943624
hot 5765 warm 2683904 cold 943624
hot 5765 warm 2683904 cold 943624
hot 5765 warm 2683904 cold 943624
hot 5766 warm 2683904 cold 943624
hot 5766 warm 2683904 cold 943624
hot 5767 warm 2683904 cold 943624
hot 5768 warm 2683904 cold 943624
hot 5768 warm 2683904 cold 943624
hot 5768 warm 2683904 cold 943624
hot 5770 warm 2683904 cold 943624
hot 5770 warm 2683904 cold 943624
hot 5770 warm 2683904 cold 943624
hot 5771 warm 2683904 cold 943624
hot 5772 warm 2683904 cold 943624
hot 5772 warm 2683904 cold 943624
hot 5773 warm 2683904 cold 943624
hot 5773 warm 2683904 cold 943624
hot 5773 warm 2683904 cold 943624
hot 5773 warm 2683904 cold 943624
hot 5773 warm 2683904 cold 943624
hot 5773 warm 2683904 cold 943624
hot 5773 warm 2683904 cold 943624
hot 5773 warm 2683904 cold 943624
hot 5773 warm 2683904 cold 943624
hot 5773 warm 2683904 cold 943624
hot 5774 warm 2683904 cold 943624
hot 5774 warm 2683904 cold 943624
hot 5774 warm 2683904 cold 943624
hot 5774 warm 2683904 cold 943624
hot 5774 warm 2683904 cold 943624
hot 5775 warm 2683904 cold 943624
hot 5775 warm 2683904 cold 943624
hot 5776 warm 2683904 cold 943624
hot 5777 warm 2683904 cold 943624
hot 5777 warm 2683904 cold 943624
hot 5777 warm 2683904 cold 943624
hot 5777 warm 2683904 cold 943624
hot 5778 warm 2683904 cold 943624
hot 5778 warm 2683904 cold 943624
hot 5778 warm 2683904 cold 943624
hot 5779 warm 2683904 cold 943624
hot 5779 warm 2683904 cold 943624
hot 5780 warm 2683904 cold 943624
hot 5780 warm 2683904 cold 943624
hot 5780 warm 2683904 cold 943624
hot 5780 warm 2683904 cold 943624
hot 5780 warm 2683904 cold 943624
hot 5781 warm 2683904 cold 943624
hot 5781 warm 2683904 cold 943624
hot 5781 warm 2683904 cold 943624
hot 5781 warm 2683904 cold 943624
hot 5781 warm 2683904 cold 943624
hot 5781 warm 2683904 cold 943624
hot 5799 warm 2851328 cold 776200
hot 5818 warm 2957824 cold 669704
hot 5818 warm 2957824 cold 669704
hot 5818 warm 2957824 cold 669704
hot 5818 warm 2957824 cold 669704
hot 5818 warm 2957824 cold 669704
hot 10440 warm 3069440 cold 553480
hot 11480 warm 3165696 cold 456200
hot 13541 warm 3241472 cold 378376
hot 21747 warm 3303936 cold 307720
hot 27906 warm 3362816 cold 242696
hot 40726 warm 3389440 cold 203272
hot 52513 warm 3414528 cold 166408
hot 65840 warm 3439104 cold 128520
hot 83772 warm 3446784 cold 102920
hot 109900 warm 3443200 cold 80392
hot 133469 warm 3437568 cold 62472
hot 159084 warm 3423232 cold 51208
hot 193400 warm 3402240 cold 37896
hot 247685 warm 3357184 cold 28680
hot 300944 warm 3310080 cold 22536
hot 349078 warm 0 cold 3284488
hot 349078 warm 0 cold 3284488
hot 349078 warm 0 cold 3284488
hot 349079 warm 0 cold 3284488
hot 349079 warm 0 cold 3284488
hot 349079 warm 0 cold 3284488
hot 349080 warm 0 cold 3284488
hot 349080 warm 0 cold 3284488
hot 349080 warm 0 cold 3284488
hot 349081 warm 0 cold 3284488
hot 349081 warm 0 cold 3284488
hot 349081 warm 0 cold 3284488
hot 349081 warm 0 cold 3284488
hot 349081 warm 0 cold 3284488
hot 349081 warm 0 cold 3284488
hot 349082 warm 0 cold 3284488
hot 349082 warm 0 cold 3284488
hot 421286 warm 0 cold 3212296
hot 431528 warm 0 cold 3202056
hot 431529 warm 0 cold 3202056
hot 431529 warm 0 cold 3202056
hot 431529 warm 0 cold 3202056
hot 431529 warm 0 cold 3202056
hot 431529 warm 0 cold 3202056
hot 431530 warm 0 cold 3202056
hot 431530 warm 0 cold 3202056
hot 431530 warm 0 cold 3202056
hot 431530 warm 0 cold 3202056
hot 431530 warm 0 cold 3202056
hot 431530 warm 0 cold 3202056
hot 431530 warm 0 cold 3202056
hot 431530 warm 0 cold 3202056
hot 493492 warm 0 cold 3140104
hot 595899 warm 0 cold 3037704
hot 701383 warm 0 cold 2932232
hot 798162 warm 0 cold 2835464
hot 893398 warm 0 cold 2740232
hot 1021919 warm 0 cold 2611720
hot 5600 warm 0 cold 3628040
hot 5607 warm 0 cold 3628040
hot 5619 warm 0 cold 3628040
hot 5626 warm 0 cold 3628040
hot 5630 warm 0 cold 3628040
hot 5633 warm 0 cold 3628040
hot 5638 warm 0 cold 3628040
hot 5651 warm 0 cold 3628040
hot 5660 warm 0 cold 3628040
hot 5668 warm 0 cold 3628040
hot 5668 warm 0 cold 3628040
hot 5668 warm 0 cold 3628040
hot 5670 warm 0 cold 3628040
hot 5670 warm 0 cold 3628040
hot 5670 warm 0 cold 3628040
hot 5674 warm 0 cold 3628040
hot 5679 warm 0 cold 3628040
hot 5679 warm 0 cold 3628040
hot 5679 warm 0 cold 3628040
hot 5679 warm 0 cold 3628040
hot 5680 warm 0 cold 3628040
hot 5681 warm 0 cold 3628040
hot 5681 warm 0 cold 3628040
hot 5681 warm 0 cold 3628040
hot 5681 warm 0 cold 3628040
hot 5683 warm 0 cold 3628040
hot 5683 warm 0 cold 3628040
hot 5683 warm 0 cold 3628040
hot 5683 warm 0 cold 3628040
hot 5683 warm 0 cold 3628040
hot 5683 warm 0 cold 3628040
hot 5683 warm 0 cold 3628040
hot 5683 warm 0 cold 3628040
hot 5683 warm 0 cold 3628040
hot 5683 warm 0 cold 3628040
hot 5684 warm 0 cold 3628040
hot 5684 warm 0 cold 3628040
hot 5684 warm 0 cold 3628040
hot 5684 warm 0 cold 3628040
hot 5685 warm 0 cold 3628040
hot 5685 warm 0 cold 3628040
hot 5685 warm 0 cold 3628040
hot 5685 warm 0 cold 3628040
hot 5685 warm 0 cold 3628040
hot 5686 warm 0 cold 3628040
hot 5686 warm 0 cold 3628040
hot 5686 warm 0 cold 3628040
hot 5686 warm 0 cold 3628040
hot 5686 warm 0 cold 3628040
hot 5688 warm 0 cold 3628040
hot 5688 warm 0 cold 3628040
hot 5688 warm 0 cold 3628040
hot 5688 warm 0 cold 3628040
hot 5688 warm 0 cold 3628040
hot 5688 warm 0 cold 3628040
hot 5688 warm 0 cold 3628040
hot 5690 warm 0 cold 3628040
hot 5690 warm 0 cold 3628040
hot 5690 warm 0 cold 3628040
hot 5690 warm 0 cold 3628040
hot 5690 warm 0 cold 3628040
hot 5691 warm 0 cold 3628040
hot 5695 warm 0 cold 3628040
hot 5699 warm 0 cold 3628040
hot 5703 warm 0 cold 3628040
hot 5717 warm 0 cold 3628040
hot 5721 warm 2854912 cold 773128
hot 5726 warm 2921472 cold 706568
hot 6249 warm 3012608 cold 614920
hot 6254 warm 3084800 cold 542728
hot 6257 warm 3156480 cold 471048
hot 6262 warm 3217408 cold 410120
hot 6780 warm 3279360 cold 347656
hot 7295 warm 3328512 cold 297992
hot 9349 warm 3363840 cold 260616
hot 9872 warm 3395072 cold 228872
hot 11417 warm 3422720 cold 199688
hot 11934 warm 3445760 cold 176136
hot 11943 warm 3462656 cold 159240
hot 12970 warm 3479040 cold 141832
hot 16048 warm 3493888 cold 123912
hot 20149 warm 3502592 cold 111112
hot 25281 warm 3511296 cold 97288
hot 28358 warm 3521024 cold 84488
hot 30919 warm 3522560 cold 80392
hot 33994 warm 3527680 cold 72200
hot 45772 warm 3524096 cold 64008
hot 53967 warm 3521536 cold 58376
hot 65235 warm 3516416 cold 52232
hot 81631 warm 3505664 cold 46600
hot 88803 warm 3501056 cold 44040
hot 102119 warm 3493376 cold 38408
hot 116461 warm 3482624 cold 34824
hot 131311 warm 3471872 cold 30728
hot 146676 warm 3458560 cold 28680
hot 159479 warm 3448320 cold 26120
hot 178424 warm 3431424 cold 24072
hot 203515 warm 3407360 cold 23048
hot 220925 warm 3393024 cold 19976
hot 237317 warm 3381248 cold 15368
hot 250118 warm 3368960 cold 14856
hot 270603 warm 3349504 cold 13832
hot 288529 warm 3333120 cold 12296
hot 311061 warm 3311616 cold 11272
hot 329495 warm 3293184 cold 11272
hot 356636 warm 3267072 cold 10248
hot 374557 warm 3249152 cold 10248
hot 404766 warm 3219968 cold 9224
hot 449824 warm 0 cold 3184136
hot 475425 warm 0 cold 3158536
hot 516387 warm 0 cold 3117576
hot 5924 warm 0 cold 3628040
hot 5928 warm 0 cold 3628040
hot 5930 warm 0 cold 3628040
hot 5935 warm 0 cold 3628040
hot 5938 warm 0 cold 3628040
hot 5941 warm 0 cold 3628040
hot 5945 warm 0 cold 3628040
hot 5949 warm 0 cold 3628040
hot 5950 warm 0 cold 3628040
hot 5954 warm 0 cold 3628040
hot 5957 warm 0 cold 3628040
hot 5959 warm 0 cold 3628040
hot 5964 warm 0 cold 3628040
hot 5966 warm 0 cold 3628040
hot 5969 warm 0 cold 3628040
hot 5970 warm 1662464 cold 1965576
hot 5971 warm 1760256 cold 1867784
hot 5973 warm 1845248 cold 1782792
hot 5975 warm 1920512 cold 1707528
hot 5976 warm 2037248 cold 1590792
hot 5979 warm 2124288 cold 1503752
hot 5980 warm 2216960 cold 1411080
hot 5983 warm 2306048 cold 1321992
hot 5987 warm 2385920 cold 1242120
hot 5989 warm 2462208 cold 1165832
