pgmigrate_success 53766555
pgmigrate_success 53766979
pgmigrate_success 53766983
pgmigrate_success 53766984
pgmigrate_success 53766984
pgmigrate_success 53766984
pgmigrate_success 53766984
pgmigrate_success 53766984
pgmigrate_success 53766984
pgmigrate_success 53766984
pgmigrate_success 53766984
pgmigrate_success 53766984
pgmigrate_success 53766984
pgmigrate_success 53766984
pgmigrate_success 53766984
pgmigrate_success 53804315
pgmigrate_success 53934614
pgmigrate_success 53934614
pgmigrate_success 53934614
pgmigrate_success 53934614
pgmigrate_success 53934614
pgmigrate_success 53934614
pgmigrate_success 53934614
pgmigrate_success 53934614
pgmigrate_success 53934614
pgmigrate_success 53934614
pgmigrate_success 53934614
pgmigrate_success 53934614
pgmigrate_success 53934614
pgmigrate_success 53934614
pgmigrate_success 53934614
pgmigrate_success 53935383
pgmigrate_success 53935383
pgmigrate_success 53935383
pgmigrate_success 53935383
pgmigrate_success 53935383
pgmigrate_success 53935383
pgmigrate_success 53935383
pgmigrate_success 53935383
pgmigrate_success 53935383
pgmigrate_success 53935383
pgmigrate_success 53935383
pgmigrate_success 53935383
pgmigrate_success 53935383
pgmigrate_success 53935383
pgmigrate_success 53935383
pgmigrate_success 53935383
pgmigrate_success 53935383
pgmigrate_success 53935383
pgmigrate_success 53935383
pgmigrate_success 53935383
pgmigrate_success 53935383
pgmigrate_success 53935383
pgmigrate_success 53935383
pgmigrate_success 53935383
pgmigrate_success 53935383
pgmigrate_success 53935383
pgmigrate_success 53935383
pgmigrate_success 53935383
pgmigrate_success 53935383
pgmigrate_success 53935383
pgmigrate_success 53935383
pgmigrate_success 53935383
pgmigrate_success 53935607
pgmigrate_success 53935648
pgmigrate_success 53935648
pgmigrate_success 53935648
pgmigrate_success 53935648
pgmigrate_success 53935648
pgmigrate_success 53935648
pgmigrate_success 53935648
pgmigrate_success 53935648
pgmigrate_success 53935648
pgmigrate_success 53935648
pgmigrate_success 53935648
pgmigrate_success 53935648
pgmigrate_success 53935648
pgmigrate_success 53935648
pgmigrate_success 53935648
pgmigrate_success 53935648
pgmigrate_success 53935648
pgmigrate_success 53935648
pgmigrate_success 53935648
pgmigrate_success 53935648
pgmigrate_success 53935648
pgmigrate_success 53935648
pgmigrate_success 53935648
pgmigrate_success 53935648
pgmigrate_success 53935648
pgmigrate_success 53935648
pgmigrate_success 53935648
pgmigrate_success 53942260
pgmigrate_success 53999137
pgmigrate_success 53999137
pgmigrate_success 53999137
pgmigrate_success 54001286
pgmigrate_success 54004834
pgmigrate_success 54004834
pgmigrate_success 54004834
pgmigrate_success 54004834
pgmigrate_success 54004834
pgmigrate_success 54004834
pgmigrate_success 54004834
pgmigrate_success 54004834
pgmigrate_success 54004834
pgmigrate_success 54004834
pgmigrate_success 54004834
pgmigrate_success 54004834
pgmigrate_success 54004834
pgmigrate_success 54004834
pgmigrate_success 54004834
pgmigrate_success 54004834
pgmigrate_success 54004834
pgmigrate_success 54004834
pgmigrate_success 54004834
pgmigrate_success 54004834
pgmigrate_success 54004834
pgmigrate_success 54004834
pgmigrate_success 54004834
pgmigrate_success 54004834
pgmigrate_success 54004834
pgmigrate_success 54004834
pgmigrate_success 54004834
pgmigrate_success 54004834
pgmigrate_success 54004834
pgmigrate_success 54004834
pgmigrate_success 54004834
pgmigrate_success 54004973
pgmigrate_success 54004973
pgmigrate_success 54004973
pgmigrate_success 54004973
pgmigrate_success 54004973
pgmigrate_success 54004973
pgmigrate_success 54004973
pgmigrate_success 54004973
pgmigrate_success 54004973
pgmigrate_success 54004973
pgmigrate_success 54004973
pgmigrate_success 54004973
pgmigrate_success 54004973
pgmigrate_success 54004973
pgmigrate_success 54005572
pgmigrate_success 54005572
pgmigrate_success 54005572
pgmigrate_success 54005572
pgmigrate_success 54005572
pgmigrate_success 54005572
pgmigrate_success 54005572
pgmigrate_success 54005987
pgmigrate_success 54005987
pgmigrate_success 54005987
pgmigrate_success 54005987
pgmigrate_success 54005987
pgmigrate_success 54005987
pgmigrate_success 54005987
pgmigrate_success 54005987
pgmigrate_success 54005987
pgmigrate_success 54005987
pgmigrate_success 54008081
pgmigrate_success 54009894
pgmigrate_success 54009894
pgmigrate_success 54009894
pgmigrate_success 54009894
pgmigrate_success 54009894
pgmigrate_success 54009894
pgmigrate_success 54009894
pgmigrate_success 54009894
pgmigrate_success 54009894
pgmigrate_success 54009894
pgmigrate_success 54009894
pgmigrate_success 54009894
pgmigrate_success 54009894
pgmigrate_success 54009894
pgmigrate_success 54009894
pgmigrate_success 54009894
pgmigrate_success 54009894
pgmigrate_success 54009894
pgmigrate_success 54009894
pgmigrate_success 54009894
pgmigrate_success 54009894
pgmigrate_success 54009894
pgmigrate_success 54009894
pgmigrate_success 54011955
pgmigrate_success 54011955
pgmigrate_success 54011955
pgmigrate_success 54011955
pgmigrate_success 54011955
pgmigrate_success 54011955
pgmigrate_success 54011955
pgmigrate_success 54011955
pgmigrate_success 54011955
pgmigrate_success 54013940
pgmigrate_success 54013940
pgmigrate_success 54013940
pgmigrate_success 54013940
pgmigrate_success 54013940
pgmigrate_success 54013940
pgmigrate_success 54013940
pgmigrate_success 54013940
pgmigrate_success 54013940
pgmigrate_success 54013940
pgmigrate_success 54013940
pgmigrate_success 54013940
pgmigrate_success 54013940
pgmigrate_success 54013940
pgmigrate_success 54013940
pgmigrate_success 54013940
pgmigrate_success 54013940
pgmigrate_success 54013940
pgmigrate_success 54013940
pgmigrate_success 54013940
pgmigrate_success 54013940
pgmigrate_success 54013940
pgmigrate_success 54013940
pgmigrate_success 54013940
pgmigrate_success 54013940
pgmigrate_success 54013940
pgmigrate_success 54013940
pgmigrate_success 54013940
pgmigrate_success 54013940
pgmigrate_success 54013940
pgmigrate_success 54013940
pgmigrate_success 54013940
pgmigrate_success 54013984
pgmigrate_success 54013984
pgmigrate_success 54013984
pgmigrate_success 54013984
pgmigrate_success 54013984
pgmigrate_success 54013984
pgmigrate_success 54017747
pgmigrate_success 54017766
pgmigrate_success 54017836
pgmigrate_success 54017878
pgmigrate_success 54017882
pgmigrate_success 54017886
pgmigrate_success 54017889
pgmigrate_success 54017890
pgmigrate_success 54017892
pgmigrate_success 54017895
pgmigrate_success 54017895
pgmigrate_success 54017895
pgmigrate_success 54017895
pgmigrate_success 54017895
pgmigrate_success 54017895
pgmigrate_success 54017895
pgmigrate_success 54017895
pgmigrate_success 54017896
pgmigrate_success 54017896
pgmigrate_success 54017896
pgmigrate_success 54017896
pgmigrate_success 54017896
pgmigrate_success 54027469
pgmigrate_success 54092496
pgmigrate_success 54093008
pgmigrate_success 54094212
pgmigrate_success 54094751
pgmigrate_success 54094751
pgmigrate_success 54094751
pgmigrate_success 54094832
pgmigrate_success 54094843
pgmigrate_success 54095413
pgmigrate_success 54095426
pgmigrate_success 54095435
pgmigrate_success 54095447
pgmigrate_success 54095453
pgmigrate_success 54095466
pgmigrate_success 54095475
pgmigrate_success 54095481
pgmigrate_success 54095496
pgmigrate_success 54095507
pgmigrate_success 54095515
pgmigrate_success 54095522
pgmigrate_success 54095525
pgmigrate_success 54095531
pgmigrate_success 54095536
pgmigrate_success 54095548
pgmigrate_success 54095552
pgmigrate_success 54095556
pgmigrate_success 54095562
pgmigrate_success 54095570
pgmigrate_success 54095574
pgmigrate_success 54095577
pgmigrate_success 54095584
pgmigrate_success 54095586
pgmigrate_success 54095588
pgmigrate_success 54095589
pgmigrate_success 54095590
pgmigrate_success 54095897
pgmigrate_success 54095898
pgmigrate_success 54095901
pgmigrate_success 54095901
pgmigrate_success 54095901
pgmigrate_success 54095902
pgmigrate_success 54095902
pgmigrate_success 54095907
pgmigrate_success 54095907
pgmigrate_success 54095907
pgmigrate_success 54095907
pgmigrate_success 54095907
pgmigrate_success 54095907
pgmigrate_success 54095907
pgmigrate_success 54095907
pgmigrate_success 54095907
pgmigrate_success 54095907
pgmigrate_success 54095907
pgmigrate_success 54095907
pgmigrate_success 54095907
pgmigrate_success 54095907
pgmigrate_success 54095907
pgmigrate_success 54095907
pgmigrate_success 54095907
pgmigrate_success 54119972
pgmigrate_success 54120484
pgmigrate_success 54120484
pgmigrate_success 54120577
pgmigrate_success 54120610
pgmigrate_success 54120614
pgmigrate_success 54120621
pgmigrate_success 54120625
pgmigrate_success 54120791
pgmigrate_success 54120796
pgmigrate_success 54120801
pgmigrate_success 54120805
pgmigrate_success 54120806
pgmigrate_success 54120807
pgmigrate_success 54120811
pgmigrate_success 54121324
pgmigrate_success 54121325
pgmigrate_success 54121330
pgmigrate_success 54121331
pgmigrate_success 54121333
pgmigrate_success 54121335
pgmigrate_success 54121337
pgmigrate_success 54121339
pgmigrate_success 54121344
pgmigrate_success 54121346
pgmigrate_success 54121351
pgmigrate_success 54121353
pgmigrate_success 54121356
pgmigrate_success 54121357
pgmigrate_success 54121362
pgmigrate_success 54121364
pgmigrate_success 54121365
pgmigrate_success 54121367
pgmigrate_success 54121369
pgmigrate_success 54121374
pgmigrate_success 54121378
pgmigrate_success 54121379
pgmigrate_success 54121381
pgmigrate_success 54121382
pgmigrate_success 54121496
pgmigrate_success 54121498
pgmigrate_success 54121499
pgmigrate_success 54121500
pgmigrate_success 54121502
pgmigrate_success 54121504
pgmigrate_success 54121507
pgmigrate_success 54121508
pgmigrate_success 54121508
pgmigrate_success 54121508
pgmigrate_success 54121508
pgmigrate_success 54121508
pgmigrate_success 54121508
pgmigrate_success 54121508
pgmigrate_success 54121508
pgmigrate_success 54121508
pgmigrate_success 54121508
pgmigrate_success 54121509
pgmigrate_success 54121509
pgmigrate_success 54121509
pgmigrate_success 54121509
pgmigrate_success 54121510
pgmigrate_success 54121510
pgmigrate_success 54121510
pgmigrate_success 54121511
pgmigrate_success 54121512
pgmigrate_success 54121513
pgmigrate_success 54121514
pgmigrate_success 54121515
pgmigrate_success 54121515
pgmigrate_success 54121515
pgmigrate_success 54121516
pgmigrate_success 54121617
pgmigrate_success 54121617
pgmigrate_success 54121617
pgmigrate_success 54121617
pgmigrate_success 54121617
pgmigrate_success 54121618
pgmigrate_success 54121618
pgmigrate_success 54121618
pgmigrate_success 54121618
pgmigrate_success 54121618
pgmigrate_success 54121618
pgmigrate_success 54121618
pgmigrate_success 54121619
pgmigrate_success 54121620
pgmigrate_success 54121620
pgmigrate_success 54121621
pgmigrate_success 54121621
pgmigrate_success 54121621
pgmigrate_success 54121621
pgmigrate_success 54121621
pgmigrate_success 54121621
pgmigrate_success 54122133
pgmigrate_success 54122133
pgmigrate_success 54122133
pgmigrate_success 54122133
pgmigrate_success 54122133
pgmigrate_success 54122133
pgmigrate_success 54122134
pgmigrate_success 54122134
pgmigrate_success 54122135
pgmigrate_success 54122135
pgmigrate_success 54122135
pgmigrate_success 54122193
pgmigrate_success 54122194
pgmigrate_success 54122194
pgmigrate_success 54122194
pgmigrate_success 54122194
pgmigrate_success 54122194
pgmigrate_success 54122195
pgmigrate_success 54122195
pgmigrate_success 54122195
pgmigrate_success 54122195
pgmigrate_success 54122195
pgmigrate_success 54122196
pgmigrate_success 54122197
pgmigrate_success 54122197
pgmigrate_success 54122197
pgmigrate_success 54122197
pgmigrate_success 54122197
pgmigrate_success 54122197
pgmigrate_success 54122197
pgmigrate_success 54122197
pgmigrate_success 54122197
pgmigrate_success 54122197
pgmigrate_success 54122197
pgmigrate_success 54122197
pgmigrate_success 54122197
pgmigrate_success 54122197
pgmigrate_success 54122198
pgmigrate_success 54122198
pgmigrate_success 54122201
pgmigrate_success 54122201
pgmigrate_success 54122202
pgmigrate_success 54122202
pgmigrate_success 54122258
pgmigrate_success 54122260
pgmigrate_success 54122260
pgmigrate_success 54122260
pgmigrate_success 54122260
pgmigrate_success 54122260
pgmigrate_success 54122261
pgmigrate_success 54122262
pgmigrate_success 54122262
pgmigrate_success 54122262
pgmigrate_success 54122262
pgmigrate_success 54122262
pgmigrate_success 54122262
pgmigrate_success 54122263
pgmigrate_success 54122266
pgmigrate_success 54122267
pgmigrate_success 54122267
pgmigrate_success 54122268
pgmigrate_success 54122269
pgmigrate_success 54122269
pgmigrate_success 54122269
pgmigrate_success 54122269
pgmigrate_success 54122269
pgmigrate_success 54122269
pgmigrate_success 54122269
pgmigrate_success 54122270
pgmigrate_success 54122270
pgmigrate_success 54122270
pgmigrate_success 54122271
pgmigrate_success 54122271
pgmigrate_success 54122271
pgmigrate_success 54122326
pgmigrate_success 54122326
pgmigrate_success 54122326
pgmigrate_success 54122326
pgmigrate_success 54122326
pgmigrate_success 54122326
pgmigrate_success 54122326
pgmigrate_success 54122326
pgmigrate_success 54122326
pgmigrate_success 54122326
pgmigrate_success 54122326
pgmigrate_success 54122326
pgmigrate_success 54122327
pgmigrate_success 54122327
pgmigrate_success 54122327
pgmigrate_success 54122328
pgmigrate_success 54122328
pgmigrate_success 54122328
pgmigrate_success 54122328
pgmigrate_success 54122328
pgmigrate_success 54122328
pgmigrate_success 54122328
pgmigrate_success 54122840
pgmigrate_success 54122840
pgmigrate_success 54122840
pgmigrate_success 54122840
pgmigrate_success 54122840
pgmigrate_success 54122840
pgmigrate_success 54122840
pgmigrate_success 54122840
pgmigrate_success 54122840
pgmigrate_success 54122840
pgmigrate_success 54122924
pgmigrate_success 54122924
pgmigrate_success 54122924
pgmigrate_success 54122924
pgmigrate_success 54122924
pgmigrate_success 54122924
pgmigrate_success 54122924
pgmigrate_success 54122924
pgmigrate_success 54122924
pgmigrate_success 54122924
pgmigrate_success 54122924
pgmigrate_success 54122924
pgmigrate_success 54122924
pgmigrate_success 54122924
pgmigrate_success 54122924
pgmigrate_success 54122924
pgmigrate_success 54122924
pgmigrate_success 54122924
pgmigrate_success 54122924
pgmigrate_success 54122924
pgmigrate_success 54122924
pgmigrate_success 54122924
pgmigrate_success 54122924
pgmigrate_success 54122924
pgmigrate_success 54122924
pgmigrate_success 54122924
pgmigrate_success 54122924
pgmigrate_success 54122924
pgmigrate_success 54122924
pgmigrate_success 54122924
pgmigrate_success 54122924
pgmigrate_success 54122924
pgmigrate_success 54122989
pgmigrate_success 54123501
pgmigrate_success 54123501
pgmigrate_success 54123501
pgmigrate_success 54123501
pgmigrate_success 54123501
pgmigrate_success 54123501
pgmigrate_success 54123501
pgmigrate_success 54123501
pgmigrate_success 54123501
pgmigrate_success 54123501
pgmigrate_success 54123501
pgmigrate_success 54123501
pgmigrate_success 54123501
pgmigrate_success 54123501
pgmigrate_success 54123501
pgmigrate_success 54123501
pgmigrate_success 54123501
pgmigrate_success 54123501
pgmigrate_success 54123501
pgmigrate_success 54123501
pgmigrate_success 54123501
pgmigrate_success 54123501
pgmigrate_success 54123501
