pgmigrate_success 31008730
pgmigrate_success 31009148
pgmigrate_success 31009151
pgmigrate_success 31009151
pgmigrate_success 31009151
pgmigrate_success 31009152
pgmigrate_success 31009152
pgmigrate_success 31009152
pgmigrate_success 31009152
pgmigrate_success 31009152
pgmigrate_success 31009152
pgmigrate_success 31009152
pgmigrate_success 31009152
pgmigrate_success 31009152
pgmigrate_success 31009152
pgmigrate_success 31009152
pgmigrate_success 31009152
pgmigrate_success 31009152
pgmigrate_success 31009152
pgmigrate_success 31009152
pgmigrate_success 31009152
pgmigrate_success 31009152
pgmigrate_success 31009152
pgmigrate_success 31009152
pgmigrate_success 31009152
pgmigrate_success 31009152
pgmigrate_success 31009152
pgmigrate_success 31009152
pgmigrate_success 31009152
pgmigrate_success 31009152
pgmigrate_success 31009152
pgmigrate_success 31009152
pgmigrate_success 31010357
pgmigrate_success 31010357
pgmigrate_success 31010357
pgmigrate_success 31010357
pgmigrate_success 31010357
pgmigrate_success 31010357
pgmigrate_success 31010357
pgmigrate_success 31010357
pgmigrate_success 31010357
pgmigrate_success 31010357
pgmigrate_success 31010357
pgmigrate_success 31010357
pgmigrate_success 31010357
pgmigrate_success 31010357
pgmigrate_success 31010357
pgmigrate_success 31010357
pgmigrate_success 31010357
pgmigrate_success 31010357
pgmigrate_success 31010357
pgmigrate_success 31010357
pgmigrate_success 31010357
pgmigrate_success 31010357
pgmigrate_success 31010357
pgmigrate_success 31010357
pgmigrate_success 31010357
pgmigrate_success 31010357
pgmigrate_success 31010357
pgmigrate_success 31010357
pgmigrate_success 31010357
pgmigrate_success 31010357
pgmigrate_success 31010357
pgmigrate_success 31010357
pgmigrate_success 31010403
pgmigrate_success 31010403
pgmigrate_success 31010403
pgmigrate_success 31010403
pgmigrate_success 31010403
pgmigrate_success 31010403
pgmigrate_success 31010403
pgmigrate_success 31010403
pgmigrate_success 31010403
pgmigrate_success 31010403
pgmigrate_success 31010403
pgmigrate_success 31010403
pgmigrate_success 31010403
pgmigrate_success 31010403
pgmigrate_success 31010403
pgmigrate_success 31010403
pgmigrate_success 31010403
pgmigrate_success 31010403
pgmigrate_success 31010403
pgmigrate_success 31010403
pgmigrate_success 31010403
pgmigrate_success 31010403
pgmigrate_success 31010403
pgmigrate_success 31010403
pgmigrate_success 31010403
pgmigrate_success 31010403
pgmigrate_success 31010403
pgmigrate_success 31010403
pgmigrate_success 31010403
pgmigrate_success 31010999
pgmigrate_success 31011003
pgmigrate_success 31011590
pgmigrate_success 31011590
pgmigrate_success 31078235
pgmigrate_success 31078747
pgmigrate_success 31078747
pgmigrate_success 31078747
pgmigrate_success 31078747
pgmigrate_success 31078747
pgmigrate_success 31078747
pgmigrate_success 31078747
pgmigrate_success 31078747
pgmigrate_success 31078747
pgmigrate_success 31078747
pgmigrate_success 31078747
pgmigrate_success 31078747
pgmigrate_success 31078747
pgmigrate_success 31078747
pgmigrate_success 31078747
pgmigrate_success 31078747
pgmigrate_success 31078747
pgmigrate_success 31078747
pgmigrate_success 31078747
pgmigrate_success 31078747
pgmigrate_success 31078747
pgmigrate_success 31078747
pgmigrate_success 31078747
pgmigrate_success 31078747
pgmigrate_success 31078747
pgmigrate_success 31078747
pgmigrate_success 31078747
pgmigrate_success 31078747
pgmigrate_success 31078747
pgmigrate_success 31078862
pgmigrate_success 31078862
pgmigrate_success 31078862
pgmigrate_success 31078862
pgmigrate_success 31078862
pgmigrate_success 31078862
pgmigrate_success 31079467
pgmigrate_success 31079467
pgmigrate_success 31079979
pgmigrate_success 31079979
pgmigrate_success 31079979
pgmigrate_success 31079979
pgmigrate_success 31079979
pgmigrate_success 31079979
pgmigrate_success 31079979
pgmigrate_success 31079979
pgmigrate_success 31080491
pgmigrate_success 31080491
pgmigrate_success 31081003
pgmigrate_success 31081003
pgmigrate_success 31081003
pgmigrate_success 31081003
pgmigrate_success 31081003
pgmigrate_success 31081003
pgmigrate_success 31081003
pgmigrate_success 31081003
pgmigrate_success 31082027
pgmigrate_success 31083976
pgmigrate_success 31084044
pgmigrate_success 31084079
pgmigrate_success 31084094
pgmigrate_success 31084118
pgmigrate_success 31085528
pgmigrate_success 31085543
pgmigrate_success 31085566
pgmigrate_success 31085573
pgmigrate_success 31085577
pgmigrate_success 31085598
pgmigrate_success 31085603
pgmigrate_success 31085603
pgmigrate_success 31085603
pgmigrate_success 31086123
pgmigrate_success 31086123
pgmigrate_success 31086123
pgmigrate_success 31086123
pgmigrate_success 31086123
pgmigrate_success 31086123
pgmigrate_success 31086123
pgmigrate_success 31086123
pgmigrate_success 31124535
pgmigrate_success 31162946
pgmigrate_success 31162946
pgmigrate_success 31162946
pgmigrate_success 31163458
pgmigrate_success 31163458
pgmigrate_success 31163458
pgmigrate_success 31163458
pgmigrate_success 31163458
pgmigrate_success 31163525
pgmigrate_success 31163685
pgmigrate_success 31163724
pgmigrate_success 31163732
pgmigrate_success 31163740
pgmigrate_success 31163748
pgmigrate_success 31164073
pgmigrate_success 31164092
pgmigrate_success 31164099
pgmigrate_success 31164104
pgmigrate_success 31164105
pgmigrate_success 31164106
pgmigrate_success 31164107
pgmigrate_success 31164108
pgmigrate_success 31164109
pgmigrate_success 31164109
pgmigrate_success 31164109
pgmigrate_success 31164110
pgmigrate_success 31164119
pgmigrate_success 31164127
pgmigrate_success 31164137
pgmigrate_success 31164142
pgmigrate_success 31164144
pgmigrate_success 31164146
pgmigrate_success 31164154
pgmigrate_success 31164162
pgmigrate_success 31164167
pgmigrate_success 31164171
pgmigrate_success 31164177
pgmigrate_success 31164183
pgmigrate_success 31164194
pgmigrate_success 31164198
pgmigrate_success 31164202
pgmigrate_success 31164209
pgmigrate_success 31164211
pgmigrate_success 31164214
pgmigrate_success 31164214
pgmigrate_success 31164214
pgmigrate_success 31164884
pgmigrate_success 31164884
pgmigrate_success 31164884
pgmigrate_success 31164884
pgmigrate_success 31164884
pgmigrate_success 31164884
pgmigrate_success 31164884
pgmigrate_success 31164884
pgmigrate_success 31164884
pgmigrate_success 31164884
pgmigrate_success 31164884
pgmigrate_success 31164884
pgmigrate_success 31164884
pgmigrate_success 31164884
pgmigrate_success 31164884
pgmigrate_success 31164884
pgmigrate_success 31164884
pgmigrate_success 31164884
pgmigrate_success 31164884
pgmigrate_success 31164885
pgmigrate_success 31164885
pgmigrate_success 31164885
pgmigrate_success 31164885
pgmigrate_success 31164885
pgmigrate_success 31164885
pgmigrate_success 31175125
pgmigrate_success 31185365
pgmigrate_success 31185432
pgmigrate_success 31185526
pgmigrate_success 31185537
pgmigrate_success 31185540
pgmigrate_success 31185541
pgmigrate_success 31185692
pgmigrate_success 31185694
pgmigrate_success 31185695
pgmigrate_success 31185698
pgmigrate_success 31185700
pgmigrate_success 31185702
pgmigrate_success 31185704
pgmigrate_success 31185709
pgmigrate_success 31185710
pgmigrate_success 31185714
pgmigrate_success 31185716
pgmigrate_success 31185716
pgmigrate_success 31185718
pgmigrate_success 31185718
pgmigrate_success 31185719
pgmigrate_success 31185719
pgmigrate_success 31185725
pgmigrate_success 31185728
pgmigrate_success 31185728
pgmigrate_success 31185730
pgmigrate_success 31185731
pgmigrate_success 31185733
pgmigrate_success 31185734
pgmigrate_success 31185736
pgmigrate_success 31185738
pgmigrate_success 31185739
pgmigrate_success 31185748
pgmigrate_success 31185749
pgmigrate_success 31186262
pgmigrate_success 31186264
pgmigrate_success 31186268
pgmigrate_success 31186270
pgmigrate_success 31186407
pgmigrate_success 31186408
pgmigrate_success 31186410
pgmigrate_success 31186412
pgmigrate_success 31186414
pgmigrate_success 31186416
pgmigrate_success 31186417
pgmigrate_success 31186419
pgmigrate_success 31186421
pgmigrate_success 31186423
pgmigrate_success 31186425
pgmigrate_success 31186427
pgmigrate_success 31186429
pgmigrate_success 31186430
pgmigrate_success 31186433
pgmigrate_success 31186437
pgmigrate_success 31186438
pgmigrate_success 31186443
pgmigrate_success 31186444
pgmigrate_success 31186446
pgmigrate_success 31186447
pgmigrate_success 31186447
pgmigrate_success 31186447
pgmigrate_success 31186447
pgmigrate_success 31186447
pgmigrate_success 31186449
pgmigrate_success 31186452
pgmigrate_success 31186453
pgmigrate_success 31186454
pgmigrate_success 31186455
pgmigrate_success 31186455
pgmigrate_success 31186539
pgmigrate_success 31186539
pgmigrate_success 31186539
pgmigrate_success 31186539
pgmigrate_success 31186539
pgmigrate_success 31186539
pgmigrate_success 31186539
pgmigrate_success 31186539
pgmigrate_success 31186539
pgmigrate_success 31186539
pgmigrate_success 31186539
pgmigrate_success 31186539
pgmigrate_success 31186539
pgmigrate_success 31186539
pgmigrate_success 31186540
pgmigrate_success 31186540
pgmigrate_success 31186540
pgmigrate_success 31186540
pgmigrate_success 31186540
pgmigrate_success 31186540
pgmigrate_success 31186540
pgmigrate_success 31186540
pgmigrate_success 31186541
pgmigrate_success 31186541
pgmigrate_success 31186541
pgmigrate_success 31186541
pgmigrate_success 31186543
pgmigrate_success 31186543
pgmigrate_success 31186543
pgmigrate_success 31186543
pgmigrate_success 31186543
pgmigrate_success 31186543
pgmigrate_success 31186589
pgmigrate_success 31186589
pgmigrate_success 31186589
pgmigrate_success 31186589
pgmigrate_success 31186589
pgmigrate_success 31186589
pgmigrate_success 31186589
pgmigrate_success 31186589
pgmigrate_success 31186589
pgmigrate_success 31186589
pgmigrate_success 31186589
pgmigrate_success 31186589
pgmigrate_success 31186589
pgmigrate_success 31186589
pgmigrate_success 31186589
pgmigrate_success 31186589
pgmigrate_success 31186589
pgmigrate_success 31186589
pgmigrate_success 31186589
pgmigrate_success 31191712
pgmigrate_success 31191712
pgmigrate_success 31191712
pgmigrate_success 31191712
pgmigrate_success 31191712
pgmigrate_success 31191712
pgmigrate_success 31191712
pgmigrate_success 31191761
pgmigrate_success 31191795
pgmigrate_success 31191803
pgmigrate_success 31191806
pgmigrate_success 31191806
pgmigrate_success 31191806
pgmigrate_success 31191931
pgmigrate_success 31191931
pgmigrate_success 31191931
pgmigrate_success 31191932
pgmigrate_success 31191932
pgmigrate_success 31191932
pgmigrate_success 31191932
pgmigrate_success 31191932
pgmigrate_success 31191932
pgmigrate_success 31191932
pgmigrate_success 31191932
pgmigrate_success 31191932
pgmigrate_success 31191933
pgmigrate_success 31191933
pgmigrate_success 31191933
pgmigrate_success 31191933
pgmigrate_success 31191933
pgmigrate_success 31191933
pgmigrate_success 31191933
pgmigrate_success 31191934
pgmigrate_success 31191935
pgmigrate_success 31191935
pgmigrate_success 31191935
pgmigrate_success 31191935
pgmigrate_success 31191936
pgmigrate_success 31191937
pgmigrate_success 31191937
pgmigrate_success 31191938
pgmigrate_success 31191938
pgmigrate_success 31191939
pgmigrate_success 31191940
pgmigrate_success 31191940
pgmigrate_success 31191992
pgmigrate_success 31191992
pgmigrate_success 31191992
pgmigrate_success 31191992
pgmigrate_success 31191992
pgmigrate_success 31191992
pgmigrate_success 31191993
pgmigrate_success 31191994
pgmigrate_success 31191994
pgmigrate_success 31191994
pgmigrate_success 31191994
pgmigrate_success 31191994
pgmigrate_success 31191994
pgmigrate_success 31191994
pgmigrate_success 31191994
pgmigrate_success 31191994
pgmigrate_success 31191995
pgmigrate_success 31191995
pgmigrate_success 31191995
pgmigrate_success 31191995
pgmigrate_success 31191995
pgmigrate_success 31191995
pgmigrate_success 31191995
pgmigrate_success 31191995
pgmigrate_success 31191995
pgmigrate_success 31191995
pgmigrate_success 31191995
pgmigrate_success 31191995
pgmigrate_success 31191995
pgmigrate_success 31191995
pgmigrate_success 31191995
pgmigrate_success 31191995
pgmigrate_success 31192042
pgmigrate_success 31192042
pgmigrate_success 31192043
pgmigrate_success 31192043
pgmigrate_success 31192043
pgmigrate_success 31192043
pgmigrate_success 31192043
pgmigrate_success 31192043
pgmigrate_success 31192043
pgmigrate_success 31192555
pgmigrate_success 31192555
pgmigrate_success 31192555
pgmigrate_success 31192555
pgmigrate_success 31192556
pgmigrate_success 31192556
pgmigrate_success 31192556
pgmigrate_success 31192556
pgmigrate_success 31192557
pgmigrate_success 31192557
pgmigrate_success 31192557
pgmigrate_success 31192557
pgmigrate_success 31192557
pgmigrate_success 31192558
pgmigrate_success 31192558
pgmigrate_success 31192558
pgmigrate_success 31192558
pgmigrate_success 31192559
pgmigrate_success 31192560
pgmigrate_success 31192560
pgmigrate_success 31192560
pgmigrate_success 31192560
pgmigrate_success 31192614
pgmigrate_success 31192614
pgmigrate_success 31192615
pgmigrate_success 31192616
pgmigrate_success 31192616
pgmigrate_success 31192616
pgmigrate_success 31192616
pgmigrate_success 31192617
pgmigrate_success 31192617
pgmigrate_success 31192617
pgmigrate_success 31192617
pgmigrate_success 31192618
pgmigrate_success 31192618
pgmigrate_success 31192618
pgmigrate_success 31192618
pgmigrate_success 31192618
pgmigrate_success 31192618
pgmigrate_success 31192619
pgmigrate_success 31192619
pgmigrate_success 31192619
pgmigrate_success 31192619
pgmigrate_success 31192619
pgmigrate_success 31192619
pgmigrate_success 31192619
pgmigrate_success 31192619
pgmigrate_success 31192619
pgmigrate_success 31192619
pgmigrate_success 31192619
pgmigrate_success 31192619
pgmigrate_success 31192619
pgmigrate_success 31192619
pgmigrate_success 31192619
pgmigrate_success 31192674
pgmigrate_success 31192674
pgmigrate_success 31192675
pgmigrate_success 31192675
pgmigrate_success 31192676
pgmigrate_success 31192676
pgmigrate_success 31192678
pgmigrate_success 31192680
pgmigrate_success 31192682
pgmigrate_success 31192682
pgmigrate_success 31192684
pgmigrate_success 31192686
pgmigrate_success 31192687
pgmigrate_success 31192687
pgmigrate_success 31192688
pgmigrate_success 31192688
pgmigrate_success 31192688
pgmigrate_success 31192688
pgmigrate_success 31192688
pgmigrate_success 31192688
pgmigrate_success 31192688
pgmigrate_success 31192688
pgmigrate_success 31192688
pgmigrate_success 31192688
pgmigrate_success 31192688
pgmigrate_success 31192688
pgmigrate_success 31192688
pgmigrate_success 31192688
pgmigrate_success 31192688
pgmigrate_success 31192688
pgmigrate_success 31192688
pgmigrate_success 31192688
pgmigrate_success 31192739
pgmigrate_success 31192739
pgmigrate_success 31192739
pgmigrate_success 31192739
pgmigrate_success 31193251
pgmigrate_success 31193251
pgmigrate_success 31193252
pgmigrate_success 31193254
pgmigrate_success 31193256
pgmigrate_success 31193256
pgmigrate_success 31193257
pgmigrate_success 31193259
pgmigrate_success 31193262
pgmigrate_success 31193263
pgmigrate_success 31193264
pgmigrate_success 31193268
pgmigrate_success 31193268
pgmigrate_success 31193270
pgmigrate_success 31193271
pgmigrate_success 31193275
pgmigrate_success 31193277
pgmigrate_success 31193278
pgmigrate_success 31193279
pgmigrate_success 31193280
pgmigrate_success 31193282
