hot 0 warm 0 cold 0
hot 458 warm 0 cold 0
hot 458 warm 0 cold 0
hot 458 warm 0 cold 0
hot 458 warm 0 cold 0
hot 458 warm 0 cold 0
hot 458 warm 0 cold 0
hot 458 warm 0 cold 0
hot 458 warm 0 cold 0
hot 458 warm 0 cold 0
hot 458 warm 0 cold 0
hot 458 warm 0 cold 0
hot 458 warm 0 cold 0
hot 458 warm 0 cold 0
hot 458 warm 0 cold 0
hot 458 warm 0 cold 0
hot 458 warm 0 cold 0
hot 458 warm 0 cold 0
hot 458 warm 0 cold 0
hot 458 warm 0 cold 0
hot 458 warm 0 cold 0
hot 458 warm 0 cold 0
hot 458 warm 0 cold 0
hot 458 warm 0 cold 0
hot 458 warm 0 cold 0
hot 458 warm 0 cold 0
hot 458 warm 0 cold 0
hot 458 warm 0 cold 0
hot 458 warm 0 cold 0
hot 458 warm 0 cold 0
hot 458 warm 0 cold 0
hot 458 warm 0 cold 0
hot 458 warm 0 cold 0
hot 458 warm 0 cold 0
hot 458 warm 0 cold 0
hot 458 warm 0 cold 0
hot 458 warm 0 cold 0
hot 458 warm 0 cold 0
hot 458 warm 0 cold 0
hot 458 warm 0 cold 0
hot 458 warm 0 cold 0
hot 458 warm 0 cold 0
hot 458 warm 0 cold 0
hot 458 warm 0 cold 0
hot 458 warm 0 cold 0
hot 458 warm 0 cold 0
hot 458 warm 0 cold 0
hot 458 warm 0 cold 0
hot 458 warm 0 cold 0
hot 458 warm 0 cold 0
hot 458 warm 0 cold 0
hot 458 warm 0 cold 0
hot 458 warm 0 cold 0
hot 458 warm 0 cold 0
hot 458 warm 0 cold 0
hot 458 warm 0 cold 0
hot 458 warm 0 cold 0
hot 458 warm 0 cold 0
hot 458 warm 0 cold 0
hot 458 warm 0 cold 0
hot 458 warm 0 cold 0
hot 458 warm 0 cold 0
hot 458 warm 0 cold 0
hot 458 warm 0 cold 0
hot 458 warm 0 cold 0
hot 458 warm 0 cold 0
hot 458 warm 0 cold 0
hot 458 warm 0 cold 0
hot 458 warm 0 cold 0
hot 458 warm 0 cold 0
hot 458 warm 0 cold 0
hot 458 warm 0 cold 0
hot 458 warm 0 cold 0
hot 458 warm 0 cold 0
hot 458 warm 0 cold 0
hot 458 warm 0 cold 0
hot 458 warm 0 cold 0
hot 458 warm 0 cold 0
hot 458 warm 0 cold 0
hot 458 warm 0 cold 0
hot 458 warm 0 cold 0
hot 458 warm 0 cold 0
hot 458 warm 0 cold 0
hot 458 warm 0 cold 0
hot 458 warm 0 cold 0
hot 458 warm 0 cold 0
hot 458 warm 0 cold 0
hot 458 warm 0 cold 0
hot 458 warm 0 cold 0
hot 458 warm 0 cold 0
hot 458 warm 0 cold 0
hot 458 warm 0 cold 0
hot 458 warm 0 cold 0
hot 458 warm 0 cold 0
hot 458 warm 0 cold 0
hot 458 warm 0 cold 0
hot 68 warm 0 cold 0
hot 332795 warm 0 cold 0
hot 332795 warm 0 cold 0
hot 332796 warm 0 cold 0
hot 1774078 warm 0 cold 0
hot 2817023 warm 0 cold 0
hot 3275264 warm 0 cold 0
hot 3465731 warm 0 cold 0
hot 3569155 warm 0 cold 0
hot 3598853 warm 0 cold 0
hot 3621894 warm 0 cold 0
hot 3628040 warm 0 cold 0
hot 3631112 warm 0 cold 0
hot 3632136 warm 0 cold 0
hot 3632136 warm 0 cold 0
hot 3632136 warm 0 cold 0
hot 3632136 warm 0 cold 0
hot 3632137 warm 0 cold 0
hot 3632137 warm 0 cold 0
hot 3632138 warm 0 cold 0
hot 3632139 warm 0 cold 0
hot 3632352 warm 0 cold 0
hot 3632375 warm 0 cold 0
hot 3632401 warm 0 cold 0
hot 3632937 warm 0 cold 0
hot 3632975 warm 0 cold 0
hot 3632999 warm 0 cold 0
hot 3633022 warm 0 cold 0
hot 3633028 warm 0 cold 0
hot 3633028 warm 0 cold 0
hot 3633030 warm 0 cold 0
hot 3633032 warm 0 cold 0
hot 3633032 warm 0 cold 0
hot 3633033 warm 0 cold 0
hot 3633039 warm 0 cold 0
hot 3633055 warm 0 cold 0
hot 3633063 warm 0 cold 0
hot 3633067 warm 0 cold 0
hot 3633100 warm 0 cold 0
hot 3633119 warm 0 cold 0
hot 3633136 warm 0 cold 0
hot 5631 warm 1949184 cold 1678342
hot 5643 warm 2157568 cold 1469958
hot 5663 warm 2364928 cold 1262598
hot 6709 warm 2516992 cold 1109510
hot 6728 warm 2661888 cold 964614
hot 8281 warm 2804224 cold 820742
hot 11893 warm 2954240 cold 667142
hot 14481 warm 3070976 cold 547846
hot 18082 warm 3170304 cold 444934
hot 22706 warm 3242496 cold 368134
hot 28353 warm 3301888 cold 303110
hot 37069 warm 3348992 cold 247302
hot 47319 warm 3386368 cold 199686
hot 60137 warm 3414016 cold 159238
hot 71410 warm 3435008 cold 126982
hot 90880 warm 3444224 cold 98310
hot 111883 warm 3444224 cold 77318
hot 141593 warm 3424256 cold 67590
hot 180527 warm 3398656 cold 54278
hot 182066 warm 3397120 cold 54278
hot 182067 warm 3397120 cold 54278
hot 182068 warm 3397120 cold 54278
hot 182069 warm 3397120 cold 54278
hot 182071 warm 3397120 cold 54278
hot 182071 warm 3397120 cold 54278
hot 182072 warm 3397120 cold 54278
hot 182073 warm 3397120 cold 54278
hot 182073 warm 3397120 cold 54278
hot 182073 warm 3397120 cold 54278
hot 182075 warm 3397120 cold 54278
hot 182075 warm 3397120 cold 54278
hot 182077 warm 3397120 cold 54278
hot 182077 warm 3397120 cold 54278
hot 188224 warm 3391488 cold 53766
hot 219977 warm 3366912 cold 46598
hot 285013 warm 3307520 cold 40966
hot 358241 warm 3238912 cold 36358
hot 431982 warm 3171840 cold 29702
hot 538492 warm 0 cold 3095046
hot 644998 warm 0 cold 2988550
hot 757136 warm 0 cold 2876422
hot 892326 warm 0 cold 2741254
hot 1013682 warm 0 cold 2619910
hot 1083319 warm 0 cold 2550278
hot 1096631 warm 0 cold 2536966
hot 5562 warm 1127936 cold 2500102
hot 5565 warm 0 cold 3628038
hot 5565 warm 0 cold 3628038
hot 5566 warm 0 cold 3628038
hot 5567 warm 0 cold 3628038
hot 5567 warm 0 cold 3628038
hot 5567 warm 0 cold 3628038
hot 5567 warm 0 cold 3628038
hot 5567 warm 0 cold 3628038
hot 5567 warm 0 cold 3628038
hot 5567 warm 0 cold 3628038
hot 5567 warm 0 cold 3628038
hot 5568 warm 0 cold 3628038
hot 5569 warm 0 cold 3628038
hot 5569 warm 0 cold 3628038
hot 5570 warm 0 cold 3628038
hot 5571 warm 0 cold 3628038
hot 5571 warm 0 cold 3628038
hot 5572 warm 0 cold 3628038
hot 5573 warm 0 cold 3628038
hot 5573 warm 0 cold 3628038
hot 5574 warm 0 cold 3628038
hot 5575 warm 0 cold 3628038
hot 5575 warm 0 cold 3628038
hot 5576 warm 0 cold 3628038
hot 5576 warm 0 cold 3628038
hot 5576 warm 0 cold 3628038
hot 5577 warm 0 cold 3628038
hot 5578 warm 0 cold 3628038
hot 5578 warm 0 cold 3628038
hot 5579 warm 0 cold 3628038
hot 5580 warm 0 cold 3628038
hot 5580 warm 0 cold 3628038
hot 5580 warm 0 cold 3628038
hot 5580 warm 0 cold 3628038
hot 5580 warm 0 cold 3628038
hot 5580 warm 0 cold 3628038
hot 5580 warm 0 cold 3628038
hot 5580 warm 0 cold 3628038
hot 5593 warm 0 cold 3628038
hot 5606 warm 0 cold 3628038
hot 5611 warm 0 cold 3628038
hot 5619 warm 0 cold 3628038
hot 5626 warm 0 cold 3628038
hot 5639 warm 0 cold 3628038
hot 5647 warm 0 cold 3628038
hot 5655 warm 0 cold 3628038
hot 5667 warm 0 cold 3628038
hot 5670 warm 0 cold 3628038
hot 6191 warm 0 cold 3627526
hot 6200 warm 0 cold 3627526
hot 6203 warm 0 cold 3627526
hot 7233 warm 2939392 cold 687110
hot 7239 warm 3017728 cold 608774
hot 7757 warm 3086848 cold 539142
hot 8276 warm 3149824 cold 475654
hot 8792 warm 3213312 cold 411654
hot 9310 warm 3255296 cold 369158
hot 10338 warm 3296256 cold 327174
hot 10340 warm 3328512 cold 294918
hot 10347 warm 3354624 cold 268806
hot 11379 warm 3383808 cold 238598
hot 11384 warm 3414016 cold 208390
hot 12926 warm 3432448 cold 188422
hot 12931 warm 3458048 cold 162822
hot 16006 warm 3471360 cold 146438
hot 17034 warm 3481600 cold 135174
hot 20110 warm 3489792 cold 123910
hot 21137 warm 3499520 cold 113158
hot 21142 warm 3511808 cold 100870
hot 23709 warm 3525120 cold 84998
hot 31906 warm 3524608 cold 77318
hot 37031 warm 3527680 cold 69126
hot 42156 warm 3528192 cold 63494
hot 49333 warm 3528704 cold 55814
hot 53945 warm 3529728 cold 50182
hot 62652 warm 3527168 cold 44038
hot 65217 warm 3526144 cold 42502
hot 77000 warm 3517952 cold 38918
hot 89292 warm 3509248 cold 35334
hot 99537 warm 3503104 cold 31238
hot 112856 warm 3492352 cold 28678
hot 120542 warm 3487232 cold 26118
hot 146149 warm 3463168 cold 24582
hot 177898 warm 3431936 cold 24070
hot 194799 warm 3419136 cold 19974
hot 217840 warm 3398656 cold 17414
hot 253171 warm 3364352 cold 16390
hot 292091 warm 3325952 cold 15878
hot 327420 warm 3292672 cold 13830
hot 364798 warm 3257344 cold 11782
hot 394497 warm 3230208 cold 9222
hot 439556 warm 3187200 cold 7174
hot 507141 warm 0 cold 3126790
hot 5896 warm 0 cold 3628038
hot 5897 warm 0 cold 3628038
hot 5899 warm 0 cold 3628038
hot 5907 warm 0 cold 3628038
hot 5907 warm 0 cold 3628038
hot 5909 warm 0 cold 3628038
hot 5913 warm 0 cold 3628038
hot 5918 warm 0 cold 3628038
hot 5920 warm 0 cold 3628038
hot 5922 warm 0 cold 3628038
hot 5924 warm 0 cold 3628038
hot 5925 warm 0 cold 3628038
hot 5930 warm 0 cold 3628038
hot 5934 warm 0 cold 3628038
hot 5935 warm 0 cold 3628038
hot 5942 warm 1812992 cold 1815046
hot 5945 warm 1899008 cold 1729030
hot 5948 warm 1991168 cold 1636870
hot 5950 warm 2084352 cold 1543686
hot 5950 warm 2200064 cold 1427974
hot 5952 warm 2288128 cold 1339910
hot 5955 warm 2396160 cold 1231878
hot 5955 warm 2471936 cold 1156102
hot 5957 warm 2537984 cold 1090054
hot 5958 warm 2613248 cold 1014790
hot 5961 warm 2690560 cold 937478
hot 5962 warm 2753536 cold 874502
hot 5963 warm 2810368 cold 817670
hot 5964 warm 2879488 cold 748550
hot 5965 warm 2934272 cold 693766
hot 5969 warm 2981376 cold 646662
hot 5971 warm 3031552 cold 596486
hot 5972 warm 3063296 cold 564742
hot 5974 warm 3090944 cold 537094
hot 5974 warm 3124736 cold 503302
hot 5976 warm 3154944 cold 473094
hot 5976 warm 3192832 cold 435206
hot 5978 warm 3215872 cold 412166
hot 5981 warm 3247104 cold 380934
hot 5982 warm 3277312 cold 350726
hot 5984 warm 3301376 cold 326662
hot 5987 warm 3330048 cold 297990
hot 5990 warm 3346944 cold 281094
hot 5993 warm 3362816 cold 265222
hot 5994 warm 3378176 cold 249862
hot 5997 warm 3399168 cold 228870
hot 6001 warm 3412480 cold 215558
hot 6006 warm 3421184 cold 206854
hot 6009 warm 3432960 cold 195078
hot 6009 warm 3442176 cold 185862
hot 6010 warm 3451392 cold 176646
hot 6524 warm 3457536 cold 169990
hot 6524 warm 3463680 cold 163846
hot 6525 warm 3467264 cold 160262
hot 6530 warm 3475968 cold 151558
hot 6530 warm 3478016 cold 149510
hot 6530 warm 3478016 cold 149510
hot 6530 warm 3478016 cold 149510
hot 6530 warm 3478016 cold 149510
hot 6530 warm 3478016 cold 149510
hot 6530 warm 3478016 cold 149510
hot 6530 warm 3478016 cold 149510
hot 6531 warm 3478016 cold 149510
hot 6531 warm 3478016 cold 149510
hot 6532 warm 3478016 cold 149510
hot 6532 warm 3478016 cold 149510
hot 6532 warm 3478016 cold 149510
hot 6532 warm 3478016 cold 149510
hot 6532 warm 3478016 cold 149510
hot 6532 warm 3478016 cold 149510
hot 6532 warm 3478016 cold 149510
hot 6533 warm 3478016 cold 149510
hot 6533 warm 3478016 cold 149510
hot 6534 warm 3478528 cold 148998
hot 7049 warm 3482624 cold 144390
hot 7563 warm 3494912 cold 131590
hot 7565 warm 3501568 cold 124934
hot 8592 warm 3507200 cold 118278
hot 8595 warm 3515904 cold 109574
hot 8595 warm 3515904 cold 109574
hot 8595 warm 3515904 cold 109574
hot 8595 warm 3515904 cold 109574
hot 8596 warm 3515904 cold 109574
hot 8597 warm 3515904 cold 109574
hot 8597 warm 3515904 cold 109574
hot 8597 warm 3515904 cold 109574
hot 8597 warm 3515904 cold 109574
hot 8597 warm 3515904 cold 109574
hot 8597 warm 3515904 cold 109574
hot 8597 warm 3515904 cold 109574
hot 8597 warm 3515904 cold 109574
hot 8598 warm 3515904 cold 109574
hot 8598 warm 3515904 cold 109574
hot 8598 warm 3515904 cold 109574
hot 8598 warm 3515904 cold 109574
hot 8599 warm 3515904 cold 109574
hot 8599 warm 3515904 cold 109574
hot 8599 warm 3515904 cold 109574
hot 8599 warm 3515904 cold 109574
hot 8599 warm 3515904 cold 109574
hot 8600 warm 3515904 cold 109574
hot 8600 warm 3515904 cold 109574
hot 8600 warm 3515904 cold 109574
hot 8600 warm 3515904 cold 109574
hot 8601 warm 3515904 cold 109574
hot 8601 warm 3515904 cold 109574
hot 8602 warm 3515904 cold 109574
hot 8602 warm 3515904 cold 109574
hot 8602 warm 3515904 cold 109574
hot 8602 warm 3515904 cold 109574
hot 8603 warm 3515904 cold 109574
hot 8604 warm 3515904 cold 109574
hot 8604 warm 3515904 cold 109574
hot 8604 warm 3515904 cold 109574
hot 8604 warm 3515904 cold 109574
hot 8604 warm 3515904 cold 109574
hot 8604 warm 3515904 cold 109574
hot 8604 warm 3515904 cold 109574
hot 8604 warm 3515904 cold 109574
hot 8604 warm 3515904 cold 109574
hot 8604 warm 3515904 cold 109574
hot 8604 warm 3515904 cold 109574
hot 8605 warm 3515904 cold 109574
hot 8605 warm 3515904 cold 109574
hot 8605 warm 3515904 cold 109574
hot 8605 warm 3515904 cold 109574
hot 8605 warm 3515904 cold 109574
hot 8605 warm 3515904 cold 109574
hot 8605 warm 3515904 cold 109574
hot 8605 warm 3515904 cold 109574
hot 8605 warm 3515904 cold 109574
hot 8605 warm 3515904 cold 109574
hot 8605 warm 3515904 cold 109574
hot 8605 warm 3515904 cold 109574
hot 8605 warm 3515904 cold 109574
hot 8605 warm 3515904 cold 109574
hot 8605 warm 3515904 cold 109574
hot 8605 warm 3515904 cold 109574
hot 8605 warm 3515904 cold 109574
hot 8605 warm 3515904 cold 109574
hot 8605 warm 3515904 cold 109574
hot 8605 warm 3515904 cold 109574
hot 8605 warm 3515904 cold 109574
hot 8605 warm 3515904 cold 109574
hot 8606 warm 3515904 cold 109574
hot 8606 warm 3515904 cold 109574
hot 8606 warm 3515904 cold 109574
hot 8606 warm 3515904 cold 109574
hot 8606 warm 3515904 cold 109574
hot 8606 warm 3515904 cold 109574
hot 8606 warm 3515904 cold 109574
hot 8606 warm 3515904 cold 109574
hot 8606 warm 3515904 cold 109574
hot 8606 warm 3515904 cold 109574
hot 8606 warm 3515904 cold 109574
hot 8606 warm 3515904 cold 109574
hot 8607 warm 3515904 cold 109574
hot 8607 warm 3515904 cold 109574
hot 8607 warm 3515904 cold 109574
hot 8607 warm 3515904 cold 109574
hot 8607 warm 3515904 cold 109574
hot 8607 warm 3515904 cold 109574
hot 8607 warm 3515904 cold 109574
hot 8607 warm 3515904 cold 109574
hot 8607 warm 3515904 cold 109574
hot 8607 warm 3515904 cold 109574
hot 8607 warm 3515904 cold 109574
hot 8607 warm 3515904 cold 109574
hot 8607 warm 3515904 cold 109574
hot 8607 warm 3515904 cold 109574
hot 8608 warm 3515904 cold 109574
hot 8608 warm 3515904 cold 109574
hot 8608 warm 3515904 cold 109574
hot 8608 warm 3515904 cold 109574
hot 8608 warm 3515904 cold 109574
hot 8608 warm 3515904 cold 109574
hot 8609 warm 3515904 cold 109574
hot 8609 warm 3515904 cold 109574
hot 8609 warm 3515904 cold 109574
hot 8610 warm 3515904 cold 109574
hot 8611 warm 3515904 cold 109574
hot 8611 warm 3515904 cold 109574
hot 8611 warm 3515904 cold 109574
hot 8611 warm 3515904 cold 109574
hot 8611 warm 3515904 cold 109574
hot 8611 warm 3515904 cold 109574
hot 8611 warm 3515904 cold 109574
hot 8611 warm 3515904 cold 109574
hot 8611 warm 3515904 cold 109574
hot 8611 warm 3515904 cold 109574
hot 8611 warm 3515904 cold 109574
hot 8611 warm 3515904 cold 109574
hot 8611 warm 3515904 cold 109574
hot 8612 warm 3515904 cold 109574
hot 8612 warm 3515904 cold 109574
hot 8612 warm 3515904 cold 109574
hot 8612 warm 3515904 cold 109574
hot 8612 warm 3515904 cold 109574
hot 8613 warm 3515904 cold 109574
hot 8613 warm 3515904 cold 109574
hot 8613 warm 3515904 cold 109574
hot 8613 warm 3515904 cold 109574
hot 8613 warm 3515904 cold 109574
hot 8613 warm 3515904 cold 109574
hot 8614 warm 3515904 cold 109574
hot 8614 warm 3515904 cold 109574
hot 8614 warm 3515904 cold 109574
hot 8614 warm 3515904 cold 109574
hot 8614 warm 3515904 cold 109574
hot 8615 warm 3515904 cold 109574
hot 8615 warm 3515904 cold 109574
hot 9129 warm 3518464 cold 106502
hot 11180 warm 3521024 cold 101894
hot 11182 warm 3523584 cold 99334
hot 11697 warm 3526144 cold 96262
hot 13233 warm 3530752 cold 90118
hot 15796 warm 3530752 cold 87558
hot 16821 warm 3533312 cold 83974
hot 16822 warm 3537920 cold 79366
hot 18360 warm 3540992 cold 74758
hot 19896 warm 3540992 cold 73222
hot 19897 warm 3543552 cold 70662
hot 22972 warm 3543040 cold 68102
hot 23999 warm 3545088 cold 65030
hot 26559 warm 3545088 cold 62470
hot 26563 warm 3546624 cold 60934
hot 29125 warm 3544576 cold 60422
hot 31686 warm 3543040 cold 59398
hot 33222 warm 3546112 cold 54790
hot 37319 warm 3547648 cold 49158
hot 40904 warm 3546624 cold 46598
hot 45002 warm 3544064 cold 45062
hot 45516 warm 3546112 cold 42502
hot 47566 warm 3546112 cold 40454
hot 50128 warm 3545600 cold 38406
hot 54737 warm 3544576 cold 34822
hot 59346 warm 3541504 cold 33286
hot 63955 warm 3538944 cold 31238
hot 71124 warm 3532800 cold 30214
hot 75221 warm 3530752 cold 28166
hot 78805 warm 3530240 cold 25094
hot 88023 warm 3522048 cold 24070
hot 91610 warm 3518464 cold 24070
hot 97756 warm 3513344 cold 23046
hot 107997 warm 3504128 cold 22022
hot 115677 warm 3496960 cold 21510
hot 123871 warm 3492352 cold 17926
hot 135136 warm 3482112 cold 16902
hot 144864 warm 3472896 cold 16390
hot 154594 warm 3464192 cold 15366
hot 158179 warm 3461120 cold 14854
hot 165348 warm 3457024 cold 11782
hot 173543 warm 3450368 cold 10246
hot 185321 warm 3439104 cold 9734
hot 193513 warm 3432960 cold 7686
hot 201707 warm 3424768 cold 7686
hot 216557 warm 3410432 cold 7174
hot 230385 warm 3397120 cold 6662
hot 249842 warm 3377664 cold 6662
hot 260595 warm 3367424 cold 6150
hot 276470 warm 3351552 cold 6150
hot 292345 warm 3336192 cold 5638
hot 313339 warm 3315200 cold 5638
hot 327676 warm 3300864 cold 5638
hot 344063 warm 3286016 cold 4102
hot 362495 warm 3268096 cold 3590
hot 381440 warm 3249152 cold 3590
hot 416257 warm 3214336 cold 3590
hot 440835 warm 3189760 cold 3590
hot 462851 warm 0 cold 3171334
hot 473092 warm 0 cold 3161094
hot 502277 warm 0 cold 3131910
hot 519175 warm 0 cold 3115014
hot 548361 warm 0 cold 3085830
hot 582153 warm 0 cold 3052038
hot 601610 warm 0 cold 3032582
hot 635914 warm 0 cold 2998278
hot 636426 warm 0 cold 2997766
hot 636426 warm 0 cold 2997766
hot 636426 warm 0 cold 2997766
hot 636426 warm 0 cold 2997766
hot 636426 warm 0 cold 2997766
hot 641034 warm 0 cold 2993158
hot 655883 warm 0 cold 2978310
hot 664587 warm 0 cold 2969606
hot 664588 warm 0 cold 2969606
hot 664589 warm 0 cold 2969606
hot 677901 warm 0 cold 2956294
hot 677901 warm 0 cold 2956294
hot 680973 warm 0 cold 2953222
hot 680973 warm 0 cold 2953222
hot 685069 warm 0 cold 2949126
hot 5800 warm 0 cold 3628396
