pgmigrate_success 53996982
pgmigrate_success 53997408
pgmigrate_success 53997411
pgmigrate_success 53997412
pgmigrate_success 53997413
pgmigrate_success 53997413
pgmigrate_success 53997413
pgmigrate_success 53997413
pgmigrate_success 53997413
pgmigrate_success 53997413
pgmigrate_success 53997413
pgmigrate_success 53997413
pgmigrate_success 53997413
pgmigrate_success 53997413
pgmigrate_success 53997413
pgmigrate_success 53997413
pgmigrate_success 53997413
pgmigrate_success 53997413
pgmigrate_success 53997413
pgmigrate_success 53997413
pgmigrate_success 53997413
pgmigrate_success 53997413
pgmigrate_success 53997413
pgmigrate_success 53997413
pgmigrate_success 53997413
pgmigrate_success 53997413
pgmigrate_success 53997413
pgmigrate_success 53997413
pgmigrate_success 53997413
pgmigrate_success 53997413
pgmigrate_success 53997413
pgmigrate_success 53997413
pgmigrate_success 53997413
pgmigrate_success 53997413
pgmigrate_success 53997413
pgmigrate_success 53997413
pgmigrate_success 53997413
pgmigrate_success 53997413
pgmigrate_success 53997413
pgmigrate_success 53997413
pgmigrate_success 53997413
pgmigrate_success 53997413
pgmigrate_success 53997413
pgmigrate_success 53997413
pgmigrate_success 53997413
pgmigrate_success 53997413
pgmigrate_success 53997413
pgmigrate_success 53997413
pgmigrate_success 53997413
pgmigrate_success 53997413
pgmigrate_success 53997413
pgmigrate_success 53997413
pgmigrate_success 53997413
pgmigrate_success 53997413
pgmigrate_success 53997413
pgmigrate_success 53997413
pgmigrate_success 53997413
pgmigrate_success 53997413
pgmigrate_success 53997413
pgmigrate_success 53997413
pgmigrate_success 53997413
pgmigrate_success 53997413
pgmigrate_success 53997413
pgmigrate_success 53997413
pgmigrate_success 53997413
pgmigrate_success 53997413
pgmigrate_success 53997413
pgmigrate_success 53997413
pgmigrate_success 53997413
pgmigrate_success 53997413
pgmigrate_success 53997413
pgmigrate_success 53997413
pgmigrate_success 53997413
pgmigrate_success 53997413
pgmigrate_success 53997413
pgmigrate_success 53997413
pgmigrate_success 53997413
pgmigrate_success 53997413
pgmigrate_success 53997413
pgmigrate_success 53997413
pgmigrate_success 53997413
pgmigrate_success 53997413
pgmigrate_success 53997413
pgmigrate_success 53997413
pgmigrate_success 53997413
pgmigrate_success 53997413
pgmigrate_success 53997413
pgmigrate_success 53998055
pgmigrate_success 54236889
pgmigrate_success 54433499
pgmigrate_success 54433499
pgmigrate_success 54433499
pgmigrate_success 54434011
pgmigrate_success 54434011
pgmigrate_success 54434011
pgmigrate_success 54434011
pgmigrate_success 54434011
pgmigrate_success 54434011
pgmigrate_success 54434011
pgmigrate_success 54434011
pgmigrate_success 54434011
pgmigrate_success 54434011
pgmigrate_success 54434011
pgmigrate_success 54434011
pgmigrate_success 54434011
pgmigrate_success 54434011
pgmigrate_success 54434011
pgmigrate_success 54434011
pgmigrate_success 54434011
pgmigrate_success 54434011
pgmigrate_success 54434011
pgmigrate_success 54434011
pgmigrate_success 54434012
pgmigrate_success 54434012
pgmigrate_success 54434012
pgmigrate_success 54434012
pgmigrate_success 54434012
pgmigrate_success 54434012
pgmigrate_success 54434045
pgmigrate_success 54434045
pgmigrate_success 54434099
pgmigrate_success 54434099
pgmigrate_success 54434099
pgmigrate_success 54434099
pgmigrate_success 54434099
pgmigrate_success 54434099
pgmigrate_success 54434099
pgmigrate_success 54434099
pgmigrate_success 54434099
pgmigrate_success 54434099
pgmigrate_success 54434099
pgmigrate_success 54434099
pgmigrate_success 54434099
pgmigrate_success 54434099
pgmigrate_success 54434099
pgmigrate_success 54434099
pgmigrate_success 54434099
pgmigrate_success 54434099
pgmigrate_success 54434099
pgmigrate_success 54434099
pgmigrate_success 54434099
pgmigrate_success 54434611
pgmigrate_success 54434611
pgmigrate_success 54434611
pgmigrate_success 54434611
pgmigrate_success 54435200
pgmigrate_success 54435200
pgmigrate_success 54435200
pgmigrate_success 54435200
pgmigrate_success 54435200
pgmigrate_success 54435200
pgmigrate_success 54435200
pgmigrate_success 54435847
pgmigrate_success 54435847
pgmigrate_success 54435847
pgmigrate_success 54435847
pgmigrate_success 54435847
pgmigrate_success 54435847
pgmigrate_success 54444039
pgmigrate_success 54453580
pgmigrate_success 54454105
pgmigrate_success 54455666
pgmigrate_success 54457728
pgmigrate_success 54458769
pgmigrate_success 54461851
pgmigrate_success 54466482
pgmigrate_success 54470070
pgmigrate_success 54470072
pgmigrate_success 54470072
pgmigrate_success 54470072
pgmigrate_success 54470072
pgmigrate_success 54470072
pgmigrate_success 54470072
pgmigrate_success 54470075
pgmigrate_success 54470075
pgmigrate_success 54470075
pgmigrate_success 54470075
pgmigrate_success 54470075
pgmigrate_success 54470075
pgmigrate_success 54470075
pgmigrate_success 54470075
pgmigrate_success 54470075
pgmigrate_success 54470075
pgmigrate_success 54471624
pgmigrate_success 54536903
pgmigrate_success 54536903
pgmigrate_success 54536903
pgmigrate_success 54536903
pgmigrate_success 54584028
pgmigrate_success 54713077
pgmigrate_success 54811895
pgmigrate_success 54914821
pgmigrate_success 54914939
pgmigrate_success 54914943
pgmigrate_success 54914953
pgmigrate_success 54914956
pgmigrate_success 54914962
pgmigrate_success 54914964
pgmigrate_success 54914970
pgmigrate_success 54914976
pgmigrate_success 54914978
pgmigrate_success 54914982
pgmigrate_success 54914989
pgmigrate_success 54914996
pgmigrate_success 54915000
pgmigrate_success 54915004
pgmigrate_success 54915008
pgmigrate_success 54915013
pgmigrate_success 54915017
pgmigrate_success 54915021
pgmigrate_success 54915537
pgmigrate_success 54915539
pgmigrate_success 54915543
pgmigrate_success 54916057
pgmigrate_success 54916059
pgmigrate_success 54916580
pgmigrate_success 54916914
pgmigrate_success 54917939
pgmigrate_success 54919990
pgmigrate_success 54921021
pgmigrate_success 54921022
pgmigrate_success 54922049
pgmigrate_success 54922050
pgmigrate_success 54922051
pgmigrate_success 54922052
pgmigrate_success 54922058
pgmigrate_success 54922058
pgmigrate_success 54922570
pgmigrate_success 54922570
pgmigrate_success 54922570
pgmigrate_success 54923083
pgmigrate_success 54923083
pgmigrate_success 54923083
pgmigrate_success 54923083
pgmigrate_success 54923083
pgmigrate_success 54923083
pgmigrate_success 54923083
pgmigrate_success 54923083
pgmigrate_success 54923597
pgmigrate_success 54923597
pgmigrate_success 54923597
pgmigrate_success 54923597
pgmigrate_success 54923597
pgmigrate_success 54923597
pgmigrate_success 54923597
pgmigrate_success 54923597
pgmigrate_success 54923597
pgmigrate_success 54923597
pgmigrate_success 54923671
pgmigrate_success 54923671
pgmigrate_success 54923671
pgmigrate_success 54923671
pgmigrate_success 54923671
pgmigrate_success 54923671
pgmigrate_success 54924183
pgmigrate_success 54924183
pgmigrate_success 54924183
pgmigrate_success 54924183
pgmigrate_success 54924183
pgmigrate_success 54924183
pgmigrate_success 54925207
pgmigrate_success 54925719
pgmigrate_success 54925719
pgmigrate_success 54925719
pgmigrate_success 54925719
pgmigrate_success 54925719
pgmigrate_success 54925719
pgmigrate_success 54925719
pgmigrate_success 54925719
pgmigrate_success 54926231
pgmigrate_success 54927255
pgmigrate_success 54927767
pgmigrate_success 54928279
pgmigrate_success 54928279
pgmigrate_success 54928279
pgmigrate_success 54928279
pgmigrate_success 54928279
pgmigrate_success 54928279
pgmigrate_success 54928279
pgmigrate_success 54928279
pgmigrate_success 54928350
pgmigrate_success 54928350
pgmigrate_success 54928350
pgmigrate_success 54928350
pgmigrate_success 54928350
pgmigrate_success 54928862
pgmigrate_success 54928862
pgmigrate_success 54928862
pgmigrate_success 54928862
pgmigrate_success 54928862
pgmigrate_success 54928862
pgmigrate_success 54928862
pgmigrate_success 54928862
pgmigrate_success 54928862
pgmigrate_success 54928862
pgmigrate_success 54928862
pgmigrate_success 54928862
pgmigrate_success 54928862
pgmigrate_success 54928862
pgmigrate_success 54938078
pgmigrate_success 55036384
pgmigrate_success 55036384
pgmigrate_success 55036384
pgmigrate_success 55036384
pgmigrate_success 55036384
pgmigrate_success 55036384
pgmigrate_success 55036384
pgmigrate_success 55036896
pgmigrate_success 55036896
pgmigrate_success 55036896
pgmigrate_success 55036896
pgmigrate_success 55036896
pgmigrate_success 55036950
pgmigrate_success 55036950
pgmigrate_success 55036950
pgmigrate_success 55036950
pgmigrate_success 55036950
pgmigrate_success 55036950
pgmigrate_success 55036950
pgmigrate_success 55036950
pgmigrate_success 55036950
pgmigrate_success 55037036
pgmigrate_success 55037042
pgmigrate_success 55037044
pgmigrate_success 55037044
pgmigrate_success 55037048
pgmigrate_success 55037050
pgmigrate_success 55037050
pgmigrate_success 55037050
pgmigrate_success 55037051
pgmigrate_success 55037053
pgmigrate_success 55037054
pgmigrate_success 55037056
pgmigrate_success 55037056
pgmigrate_success 55037056
pgmigrate_success 55037057
pgmigrate_success 55037059
pgmigrate_success 55037061
pgmigrate_success 55037062
pgmigrate_success 55037062
pgmigrate_success 55037065
pgmigrate_success 55037067
pgmigrate_success 55037069
pgmigrate_success 55037069
pgmigrate_success 55037221
pgmigrate_success 55037223
pgmigrate_success 55037225
pgmigrate_success 55037227
pgmigrate_success 55037229
pgmigrate_success 55037229
pgmigrate_success 55037229
pgmigrate_success 55037229
pgmigrate_success 55037229
pgmigrate_success 55037229
pgmigrate_success 55037229
pgmigrate_success 55037229
pgmigrate_success 55037229
pgmigrate_success 55037229
pgmigrate_success 55037229
pgmigrate_success 55037229
pgmigrate_success 55037230
pgmigrate_success 55037230
pgmigrate_success 55037230
pgmigrate_success 55037230
pgmigrate_success 55037230
pgmigrate_success 55037230
pgmigrate_success 55037230
pgmigrate_success 55037230
pgmigrate_success 55037230
pgmigrate_success 55037230
pgmigrate_success 55037231
pgmigrate_success 55037231
pgmigrate_success 55037233
pgmigrate_success 55037234
pgmigrate_success 55037237
pgmigrate_success 55037439
pgmigrate_success 55037441
pgmigrate_success 55037442
pgmigrate_success 55037442
pgmigrate_success 55037442
pgmigrate_success 55037442
pgmigrate_success 55037442
pgmigrate_success 55037444
pgmigrate_success 55037444
pgmigrate_success 55037445
pgmigrate_success 55037445
pgmigrate_success 55037446
pgmigrate_success 55037447
pgmigrate_success 55037447
pgmigrate_success 55037447
pgmigrate_success 55037448
pgmigrate_success 55037448
pgmigrate_success 55037448
pgmigrate_success 55037449
pgmigrate_success 55037449
pgmigrate_success 55037449
pgmigrate_success 55037449
pgmigrate_success 55037450
pgmigrate_success 55037450
pgmigrate_success 55037450
pgmigrate_success 55037450
pgmigrate_success 55037450
pgmigrate_success 55037450
pgmigrate_success 55037450
pgmigrate_success 55037450
pgmigrate_success 55037450
pgmigrate_success 55037450
pgmigrate_success 55037505
pgmigrate_success 55037506
pgmigrate_success 55037506
pgmigrate_success 55037507
pgmigrate_success 55037508
pgmigrate_success 55037508
pgmigrate_success 55037508
pgmigrate_success 55037508
pgmigrate_success 55037509
pgmigrate_success 55037509
pgmigrate_success 55037510
pgmigrate_success 55037510
pgmigrate_success 55037510
pgmigrate_success 55037510
pgmigrate_success 55037510
pgmigrate_success 55037512
pgmigrate_success 55037514
pgmigrate_success 55037516
pgmigrate_success 55037517
pgmigrate_success 55037519
pgmigrate_success 55037521
pgmigrate_success 55037522
pgmigrate_success 55037523
pgmigrate_success 55037527
pgmigrate_success 55037529
pgmigrate_success 55037530
pgmigrate_success 55037533
pgmigrate_success 55037534
pgmigrate_success 55037535
pgmigrate_success 55037535
pgmigrate_success 55037538
pgmigrate_success 55037540
pgmigrate_success 55037615
pgmigrate_success 55037617
pgmigrate_success 55037618
pgmigrate_success 55037619
pgmigrate_success 55038134
pgmigrate_success 55038134
pgmigrate_success 55038134
pgmigrate_success 55038135
pgmigrate_success 55038137
pgmigrate_success 55038652
pgmigrate_success 55038652
pgmigrate_success 55038653
pgmigrate_success 55039168
pgmigrate_success 55039168
pgmigrate_success 55039169
pgmigrate_success 55040195
pgmigrate_success 55040707
pgmigrate_success 55040708
pgmigrate_success 55041734
pgmigrate_success 55042758
pgmigrate_success 55043271
pgmigrate_success 55043271
pgmigrate_success 55043271
pgmigrate_success 55043271
pgmigrate_success 55043271
pgmigrate_success 55043271
pgmigrate_success 55043271
pgmigrate_success 55043271
pgmigrate_success 55043271
pgmigrate_success 55043271
pgmigrate_success 55043271
pgmigrate_success 55043272
pgmigrate_success 55043331
pgmigrate_success 55043331
pgmigrate_success 55043332
pgmigrate_success 55043332
pgmigrate_success 55043332
pgmigrate_success 55043332
pgmigrate_success 55043333
pgmigrate_success 55043333
pgmigrate_success 55043333
pgmigrate_success 55043334
pgmigrate_success 55043335
pgmigrate_success 55043335
pgmigrate_success 55043335
pgmigrate_success 55043335
pgmigrate_success 55043335
pgmigrate_success 55043848
pgmigrate_success 55044363
pgmigrate_success 55044363
pgmigrate_success 55044365
pgmigrate_success 55044365
pgmigrate_success 55044878
pgmigrate_success 55044878
pgmigrate_success 55044879
pgmigrate_success 55044880
pgmigrate_success 55044881
pgmigrate_success 55044882
pgmigrate_success 55044883
pgmigrate_success 55044883
pgmigrate_success 55044883
pgmigrate_success 55044883
pgmigrate_success 55044883
pgmigrate_success 55044883
pgmigrate_success 55044934
pgmigrate_success 55044935
pgmigrate_success 55045447
pgmigrate_success 55045447
pgmigrate_success 55045447
pgmigrate_success 55045447
pgmigrate_success 55045447
pgmigrate_success 55045447
pgmigrate_success 55045447
pgmigrate_success 55045447
pgmigrate_success 55045447
pgmigrate_success 55045447
pgmigrate_success 55045447
pgmigrate_success 55045447
pgmigrate_success 55045448
pgmigrate_success 55045448
pgmigrate_success 55045448
pgmigrate_success 55045448
pgmigrate_success 55045448
pgmigrate_success 55045448
pgmigrate_success 55045448
pgmigrate_success 55045448
pgmigrate_success 55045448
pgmigrate_success 55045448
pgmigrate_success 55045448
pgmigrate_success 55045448
pgmigrate_success 55045448
pgmigrate_success 55045448
pgmigrate_success 55045449
