anon 0
anon_thp 0
anon 82534400
anon_thp 54525952
anon 655310848
anon_thp 627048448
anon 655310848
anon_thp 627048448
anon 655310848
anon_thp 627048448
anon 1303089152
anon_thp 1272971264
anon 2783678464
anon_thp 2753560576
anon 4257976320
anon_thp 4227858432
anon 5721788416
anon_thp 5691670528
anon 7183503360
anon_thp 7153385472
anon 8664092672
anon_thp 8633974784
anon 10144681984
anon_thp 10114564096
anon 11633659904
anon_thp 11603542016
anon 13122637824
anon_thp 13092519936
anon 14584352768
anon_thp 14554234880
anon 14916128768
anon_thp 14885584896
anon 14916128768
anon_thp 14885584896
anon 14916128768
anon_thp 14885584896
anon 14916128768
anon_thp 14885584896
anon 14916128768
anon_thp 14885584896
anon 14916128768
anon_thp 14885584896
anon 14916128768
anon_thp 14885584896
anon 14916128768
anon_thp 14885584896
anon 14916128768
anon_thp 14885584896
anon 14916128768
anon_thp 14885584896
anon 14916128768
anon_thp 14885584896
anon 14916128768
anon_thp 14885584896
anon 14916128768
anon_thp 14885584896
anon 14916128768
anon_thp 14885584896
anon 14916128768
anon_thp 14885584896
anon 14916128768
anon_thp 14885584896
anon 14916128768
anon_thp 14885584896
anon 14916128768
anon_thp 14885584896
anon 14916128768
anon_thp 14885584896
anon 14916128768
anon_thp 14885584896
anon 14916128768
anon_thp 14885584896
anon 14916128768
anon_thp 14885584896
anon 14916128768
anon_thp 14885584896
anon 14916128768
anon_thp 14885584896
anon 14916128768
anon_thp 14885584896
anon 14916128768
anon_thp 14885584896
anon 14916128768
anon_thp 14885584896
anon 14916128768
anon_thp 14885584896
anon 14916128768
anon_thp 14885584896
anon 14916128768
anon_thp 14885584896
anon 14916128768
anon_thp 14885584896
anon 14916128768
anon_thp 14885584896
anon 14916128768
anon_thp 14885584896
anon 14916128768
anon_thp 14885584896
anon 14916128768
anon_thp 14885584896
anon 14916128768
anon_thp 14885584896
anon 14916128768
anon_thp 14885584896
anon 14916128768
anon_thp 14885584896
anon 14916128768
anon_thp 14885584896
anon 14916128768
anon_thp 14885584896
anon 14916128768
anon_thp 14885584896
anon 14916128768
anon_thp 14885584896
anon 14916128768
anon_thp 14885584896
anon 14916128768
anon_thp 14885584896
anon 14916128768
anon_thp 14885584896
anon 14916128768
anon_thp 14885584896
anon 14916128768
anon_thp 14885584896
anon 14916128768
anon_thp 14885584896
anon 14916128768
anon_thp 14885584896
anon 14916128768
anon_thp 14885584896
anon 14916128768
anon_thp 14885584896
anon 14916128768
anon_thp 14885584896
anon 14916128768
anon_thp 14885584896
anon 14916128768
anon_thp 14885584896
anon 14916128768
anon_thp 14885584896
anon 14916128768
anon_thp 14885584896
anon 14916128768
anon_thp 14885584896
anon 14916128768
anon_thp 14885584896
anon 14916128768
anon_thp 14885584896
anon 14916128768
anon_thp 14885584896
anon 14916128768
anon_thp 14885584896
anon 14916128768
anon_thp 14885584896
anon 14916128768
anon_thp 14885584896
anon 14916128768
anon_thp 14885584896
anon 14916128768
anon_thp 14885584896
anon 14916128768
anon_thp 14885584896
anon 14916128768
anon_thp 14885584896
anon 14916128768
anon_thp 14885584896
anon 14916128768
anon_thp 14885584896
anon 14916128768
anon_thp 14885584896
anon 14916128768
anon_thp 14885584896
anon 14916128768
anon_thp 14885584896
anon 14955393024
anon_thp 14885584896
anon 14953414656
anon_thp 14883487744
anon 14955610112
anon_thp 14885584896
anon 14955622400
anon_thp 14885584896
anon 14955622400
anon_thp 14885584896
anon 14955622400
anon_thp 14885584896
anon 14955622400
anon_thp 14885584896
anon 14955622400
anon_thp 14885584896
anon 14955622400
anon_thp 14885584896
anon 14955622400
anon_thp 14885584896
anon 14955622400
anon_thp 14885584896
anon 14955655168
anon_thp 14885584896
anon 14955655168
anon_thp 14885584896
anon 14955655168
anon_thp 14885584896
anon 14955655168
anon_thp 14885584896
anon 14955687936
anon_thp 14885584896
anon 14955720704
anon_thp 14885584896
anon 14955720704
anon_thp 14885584896
anon 14955720704
anon_thp 14885584896
anon 14955753472
anon_thp 14885584896
anon 14955753472
anon_thp 14885584896
anon 14955786240
anon_thp 14885584896
anon 14955786240
anon_thp 14885584896
anon 14955786240
anon_thp 14885584896
anon 14955819008
anon_thp 14885584896
anon 14955819008
anon_thp 14885584896
anon 14955819008
anon_thp 14885584896
anon 14955819008
anon_thp 14885584896
anon 14955819008
anon_thp 14885584896
anon 14955819008
anon_thp 14885584896
anon 14955819008
anon_thp 14885584896
anon 14955819008
anon_thp 14885584896
anon 14955819008
anon_thp 14885584896
anon 14955819008
anon_thp 14885584896
anon 14955851776
anon_thp 14885584896
anon 14955851776
anon_thp 14885584896
anon 14955851776
anon_thp 14885584896
anon 14955851776
anon_thp 14885584896
anon 14955851776
anon_thp 14885584896
anon 14955851776
anon_thp 14885584896
anon 14955851776
anon_thp 14885584896
anon 14955851776
anon_thp 14885584896
anon 14955851776
anon_thp 14885584896
anon 14955851776
anon_thp 14885584896
anon 14955851776
anon_thp 14885584896
anon 14955851776
anon_thp 14885584896
anon 14955851776
anon_thp 14885584896
anon 14955851776
anon_thp 14885584896
anon 14955851776
anon_thp 14885584896
anon 14955851776
anon_thp 14885584896
anon 14955851776
anon_thp 14885584896
anon 14955851776
anon_thp 14885584896
anon 14955851776
anon_thp 14885584896
anon 14955851776
anon_thp 14885584896
anon 14955851776
anon_thp 14885584896
anon 14955851776
anon_thp 14885584896
anon 14955851776
anon_thp 14885584896
anon 14955851776
anon_thp 14885584896
anon 14955851776
anon_thp 14885584896
anon 14955851776
anon_thp 14885584896
anon 14955851776
anon_thp 14885584896
anon 14955851776
anon_thp 14885584896
anon 14955851776
anon_thp 14885584896
anon 14955851776
anon_thp 14885584896
anon 14955851776
anon_thp 14885584896
anon 14955847680
anon_thp 14885584896
anon 14955851776
anon_thp 14885584896
anon 14955851776
anon_thp 14885584896
anon 14955851776
anon_thp 14885584896
anon 14955851776
anon_thp 14885584896
anon 14955851776
anon_thp 14885584896
anon 14955851776
anon_thp 14885584896
anon 14955851776
anon_thp 14885584896
anon 14955851776
anon_thp 14885584896
anon 14955851776
anon_thp 14885584896
anon 14955851776
anon_thp 14885584896
anon 14955851776
anon_thp 14885584896
anon 14955851776
anon_thp 14885584896
anon 14955851776
anon_thp 14885584896
anon 14955851776
anon_thp 14885584896
anon 14955851776
anon_thp 14885584896
anon 14955851776
anon_thp 14885584896
anon 14955851776
anon_thp 14885584896
anon 14955851776
anon_thp 14885584896
anon 14955851776
anon_thp 14885584896
anon 14955851776
anon_thp 14885584896
anon 14955851776
anon_thp 14885584896
anon 14955851776
anon_thp 14885584896
anon 14955851776
anon_thp 14885584896
anon 14955851776
anon_thp 14885584896
anon 14955851776
anon_thp 14885584896
anon 14955851776
anon_thp 14885584896
anon 14955851776
anon_thp 14885584896
anon 14955851776
anon_thp 14885584896
anon 14955851776
anon_thp 14885584896
anon 14955851776
anon_thp 14885584896
anon 14955851776
anon_thp 14885584896
anon 14955851776
anon_thp 14885584896
anon 14955851776
anon_thp 14885584896
anon 14955851776
anon_thp 14885584896
anon 14955851776
anon_thp 14885584896
anon 14955851776
anon_thp 14885584896
anon 14955851776
anon_thp 14885584896
anon 14955851776
anon_thp 14885584896
anon 14955851776
anon_thp 14885584896
anon 14955851776
anon_thp 14885584896
anon 14955851776
anon_thp 14885584896
anon 14955851776
anon_thp 14885584896
anon 14955851776
anon_thp 14885584896
anon 14955851776
anon_thp 14885584896
anon 14955851776
anon_thp 14885584896
anon 14955851776
anon_thp 14885584896
anon 14955851776
anon_thp 14885584896
anon 14955851776
anon_thp 14885584896
anon 14955851776
anon_thp 14885584896
anon 14955851776
anon_thp 14885584896
anon 14955851776
anon_thp 14885584896
anon 14955851776
anon_thp 14885584896
anon 14955851776
anon_thp 14885584896
anon 14955851776
anon_thp 14885584896
anon 14955851776
anon_thp 14885584896
anon 14955851776
anon_thp 14885584896
anon 14955851776
anon_thp 14885584896
anon 14955851776
anon_thp 14885584896
anon 14955851776
anon_thp 14885584896
anon 14955851776
anon_thp 14885584896
anon 14955851776
anon_thp 14885584896
anon 14955851776
anon_thp 14885584896
anon 14955851776
anon_thp 14885584896
anon 14955851776
anon_thp 14885584896
anon 14955851776
anon_thp 14885584896
anon 14955851776
anon_thp 14885584896
anon 14955851776
anon_thp 14885584896
anon 14955851776
anon_thp 14885584896
anon 14955851776
anon_thp 14885584896
anon 14955851776
anon_thp 14885584896
anon 14955851776
anon_thp 14885584896
anon 14955851776
anon_thp 14885584896
anon 14955851776
anon_thp 14885584896
anon 14955851776
anon_thp 14885584896
anon 14955851776
anon_thp 14885584896
anon 14955851776
anon_thp 14885584896
anon 14955851776
anon_thp 14885584896
anon 14955851776
anon_thp 14885584896
anon 14955851776
anon_thp 14885584896
anon 14955851776
anon_thp 14885584896
anon 14955851776
anon_thp 14885584896
anon 14955851776
anon_thp 14885584896
anon 14955851776
anon_thp 14885584896
anon 14955851776
anon_thp 14885584896
anon 14955851776
anon_thp 14885584896
anon 14955851776
anon_thp 14885584896
anon 14955851776
anon_thp 14885584896
anon 14955851776
anon_thp 14885584896
anon 14955851776
anon_thp 14885584896
anon 14955851776
anon_thp 14885584896
anon 14955851776
anon_thp 14885584896
anon 14955851776
anon_thp 14885584896
anon 14955851776
anon_thp 14885584896
anon 14955851776
anon_thp 14885584896
anon 14955851776
anon_thp 14885584896
anon 14955851776
anon_thp 14885584896
anon 14955851776
anon_thp 14885584896
anon 14955851776
anon_thp 14885584896
anon 14955851776
anon_thp 14885584896
anon 14955851776
anon_thp 14885584896
anon 14955851776
anon_thp 14885584896
anon 14955851776
anon_thp 14885584896
anon 14955851776
anon_thp 14885584896
anon 14955851776
anon_thp 14885584896
anon 14955851776
anon_thp 14885584896
anon 14955851776
anon_thp 14885584896
anon 14955851776
anon_thp 14885584896
anon 14955851776
anon_thp 14885584896
anon 14955851776
anon_thp 14885584896
anon 14955851776
anon_thp 14885584896
anon 14955851776
anon_thp 14885584896
anon 14955851776
anon_thp 14885584896
anon 14955851776
anon_thp 14885584896
anon 14955851776
anon_thp 14885584896
anon 14955851776
anon_thp 14885584896
anon 14955851776
anon_thp 14885584896
anon 14955851776
anon_thp 14885584896
anon 14955851776
anon_thp 14885584896
anon 14955851776
anon_thp 14885584896
anon 14955851776
anon_thp 14885584896
anon 14955851776
anon_thp 14885584896
anon 14955851776
anon_thp 14885584896
anon 14955851776
anon_thp 14885584896
anon 14955851776
anon_thp 14885584896
anon 14955851776
anon_thp 14885584896
anon 14955851776
anon_thp 14885584896
anon 14955851776
anon_thp 14885584896
anon 14955851776
anon_thp 14885584896
anon 14955851776
anon_thp 14885584896
anon 14955851776
anon_thp 14885584896
anon 14955851776
anon_thp 14885584896
anon 14955851776
anon_thp 14885584896
anon 14955851776
anon_thp 14885584896
anon 14955851776
anon_thp 14885584896
anon 14955851776
anon_thp 14885584896
anon 14955851776
anon_thp 14885584896
anon 14955851776
anon_thp 14885584896
anon 14955851776
anon_thp 14885584896
anon 14955851776
anon_thp 14885584896
anon 14955851776
anon_thp 14885584896
anon 14955851776
anon_thp 14885584896
anon 14955851776
anon_thp 14885584896
anon 14955851776
anon_thp 14885584896
anon 14955851776
anon_thp 14885584896
anon 14955851776
anon_thp 14885584896
anon 14955851776
anon_thp 14885584896
anon 14955851776
anon_thp 14885584896
anon 14955851776
anon_thp 14885584896
anon 14955851776
anon_thp 14885584896
anon 14955851776
anon_thp 14885584896
anon 14955851776
anon_thp 14885584896
anon 14955851776
anon_thp 14885584896
anon 14955851776
anon_thp 14885584896
anon 14955851776
anon_thp 14885584896
anon 14955851776
anon_thp 14885584896
anon 14955851776
anon_thp 14885584896
anon 14955851776
anon_thp 14885584896
anon 14955851776
anon_thp 14885584896
anon 14955851776
anon_thp 14885584896
anon 14955851776
anon_thp 14885584896
anon 14955851776
anon_thp 14885584896
anon 14955851776
anon_thp 14885584896
anon 14955851776
anon_thp 14885584896
anon 14955851776
anon_thp 14885584896
anon 14955851776
anon_thp 14885584896
anon 14955851776
anon_thp 14885584896
anon 14955851776
anon_thp 14885584896
anon 14955851776
anon_thp 14885584896
anon 14955851776
anon_thp 14885584896
anon 14955851776
anon_thp 14885584896
anon 14955851776
anon_thp 14885584896
anon 14955851776
anon_thp 14885584896
anon 14955851776
anon_thp 14885584896
anon 14955851776
anon_thp 14885584896
anon 14955851776
anon_thp 14885584896
anon 14955851776
anon_thp 14885584896
anon 14955851776
anon_thp 14885584896
anon 14955851776
anon_thp 14885584896
anon 14955851776
anon_thp 14885584896
anon 14955851776
anon_thp 14885584896
anon 14955851776
anon_thp 14885584896
anon 14955851776
anon_thp 14885584896
anon 14955851776
anon_thp 14885584896
anon 14955851776
anon_thp 14885584896
anon 14955851776
anon_thp 14885584896
anon 14955851776
anon_thp 14885584896
anon 14955851776
anon_thp 14885584896
anon 14955851776
anon_thp 14885584896
anon 14955851776
anon_thp 14885584896
anon 14955851776
anon_thp 14885584896
anon 14955851776
anon_thp 14885584896
anon 14955851776
anon_thp 14885584896
anon 14955851776
anon_thp 14885584896
anon 14955851776
anon_thp 14885584896
anon 14955851776
anon_thp 14885584896
anon 14955851776
anon_thp 14885584896
anon 14955851776
anon_thp 14885584896
anon 14955851776
anon_thp 14885584896
anon 14955851776
anon_thp 14885584896
anon 14955851776
anon_thp 14885584896
anon 14955851776
anon_thp 14885584896
anon 14955851776
anon_thp 14885584896
anon 14955851776
anon_thp 14885584896
anon 14955851776
anon_thp 14885584896
anon 14955851776
anon_thp 14885584896
anon 14955851776
anon_thp 14885584896
anon 14955851776
anon_thp 14885584896
anon 14955851776
anon_thp 14885584896
anon 14955851776
anon_thp 14885584896
anon 14955851776
anon_thp 14885584896
anon 14955851776
anon_thp 14885584896
anon 14955851776
anon_thp 14885584896
anon 14955851776
anon_thp 14885584896
anon 14955851776
anon_thp 14885584896
anon 14955851776
anon_thp 14885584896
anon 14955851776
anon_thp 14885584896
anon 14955851776
anon_thp 14885584896
anon 14955851776
anon_thp 14885584896
anon 14955851776
anon_thp 14885584896
anon 14955851776
anon_thp 14885584896
anon 14955851776
anon_thp 14885584896
anon 14955851776
anon_thp 14885584896
anon 14955851776
anon_thp 14885584896
anon 14955851776
anon_thp 14885584896
anon 14955851776
anon_thp 14885584896
anon 14955851776
anon_thp 14885584896
anon 14955851776
anon_thp 14885584896
anon 14955851776
anon_thp 14885584896
anon 14955851776
anon_thp 14885584896
anon 14955851776
anon_thp 14885584896
anon 14955851776
anon_thp 14885584896
anon 14955851776
anon_thp 14885584896
anon 14955851776
anon_thp 14885584896
anon 14955851776
anon_thp 14885584896
anon 14955851776
anon_thp 14885584896
anon 14955851776
anon_thp 14885584896
anon 14955851776
anon_thp 14885584896
anon 14955851776
anon_thp 14885584896
anon 14955851776
anon_thp 14885584896
anon 14955851776
anon_thp 14885584896
anon 14955851776
anon_thp 14885584896
anon 14955851776
anon_thp 14885584896
anon 14955851776
anon_thp 14885584896
anon 14955851776
anon_thp 14885584896
anon 14955851776
anon_thp 14885584896
anon 14955851776
anon_thp 14885584896
anon 14955851776
anon_thp 14885584896
anon 14955851776
anon_thp 14885584896
anon 14955851776
anon_thp 14885584896
anon 14955851776
anon_thp 14885584896
anon 14955851776
anon_thp 14885584896
anon 14955851776
anon_thp 14885584896
anon 14955851776
anon_thp 14885584896
anon 14955851776
anon_thp 14885584896
anon 14955851776
anon_thp 14885584896
anon 14955851776
anon_thp 14885584896
anon 14955851776
anon_thp 14885584896
anon 14955851776
anon_thp 14885584896
anon 14955851776
anon_thp 14885584896
anon 14955851776
anon_thp 14885584896
anon 14955851776
anon_thp 14885584896
anon 14955851776
anon_thp 14885584896
anon 14955851776
anon_thp 14885584896
anon 14955851776
anon_thp 14885584896
anon 14955851776
anon_thp 14885584896
anon 14955851776
anon_thp 14885584896
anon 14955851776
anon_thp 14885584896
anon 14955851776
anon_thp 14885584896
anon 14955851776
anon_thp 14885584896
anon 14955851776
anon_thp 14885584896
anon 14955851776
anon_thp 14885584896
anon 14955851776
anon_thp 14885584896
anon 14955851776
anon_thp 14885584896
anon 14955851776
anon_thp 14885584896
anon 14955851776
anon_thp 14885584896
anon 14955851776
anon_thp 14885584896
anon 14955851776
anon_thp 14885584896
anon 14955851776
anon_thp 14885584896
anon 14955851776
anon_thp 14885584896
anon 14955851776
anon_thp 14885584896
anon 14955851776
anon_thp 14885584896
anon 14955851776
anon_thp 14885584896
anon 14955851776
anon_thp 14885584896
anon 14955851776
anon_thp 14885584896
anon 14955851776
anon_thp 14885584896
anon 14955851776
anon_thp 14885584896
anon 14955851776
anon_thp 14885584896
anon 14955851776
anon_thp 14885584896
anon 14955851776
anon_thp 14885584896
anon 14955851776
anon_thp 14885584896
anon 14955851776
anon_thp 14885584896
anon 14955851776
anon_thp 14885584896
anon 14955851776
anon_thp 14885584896
anon 14955851776
anon_thp 14885584896
anon 14955851776
anon_thp 14885584896
anon 14955851776
anon_thp 14885584896
anon 14955851776
anon_thp 14885584896
anon 14955851776
anon_thp 14885584896
anon 14955851776
anon_thp 14885584896
anon 14955851776
anon_thp 14885584896
anon 14955851776
anon_thp 14885584896
anon 14955851776
anon_thp 14885584896
anon 14955851776
anon_thp 14885584896
anon 14955851776
anon_thp 14885584896
anon 14955851776
anon_thp 14885584896
anon 14955851776
anon_thp 14885584896
anon 14955851776
anon_thp 14885584896
anon 14955851776
anon_thp 14885584896
anon 14955851776
anon_thp 14885584896
anon 14955851776
anon_thp 14885584896
anon 14955851776
anon_thp 14885584896
anon 14955851776
anon_thp 14885584896
anon 14955851776
anon_thp 14885584896
anon 14955851776
anon_thp 14885584896
anon 14955851776
anon_thp 14885584896
anon 14955851776
anon_thp 14885584896
anon 14955851776
anon_thp 14885584896
anon 14955851776
anon_thp 14885584896
anon 14955851776
anon_thp 14885584896
anon 14955851776
anon_thp 14885584896
anon 14955851776
anon_thp 14885584896
anon 14955851776
anon_thp 14885584896
anon 14955851776
anon_thp 14885584896
anon 14955851776
anon_thp 14885584896
anon 14955851776
anon_thp 14885584896
anon 14955851776
anon_thp 14885584896
anon 14955851776
anon_thp 14885584896
anon 14955851776
anon_thp 14885584896
anon 14955851776
anon_thp 14885584896
anon 14955851776
anon_thp 14885584896
anon 14955851776
anon_thp 14885584896
anon 14955851776
anon_thp 14885584896
anon 14955851776
anon_thp 14885584896
anon 14955851776
anon_thp 14885584896
anon 14955851776
anon_thp 14885584896
anon 14955851776
anon_thp 14885584896
anon 14955851776
anon_thp 14885584896
anon 14955851776
anon_thp 14885584896
anon 14955851776
anon_thp 14885584896
anon 14955851776
anon_thp 14885584896
anon 14955851776
anon_thp 14885584896
anon 14955851776
anon_thp 14885584896
anon 14955851776
anon_thp 14885584896
anon 14955851776
anon_thp 14885584896
anon 14955851776
anon_thp 14885584896
anon 14955851776
anon_thp 14885584896
anon 14955851776
anon_thp 14885584896
anon 14955851776
anon_thp 14885584896
anon 14955851776
anon_thp 14885584896
anon 14955851776
anon_thp 14885584896
anon 14955851776
anon_thp 14885584896
anon 14955851776
anon_thp 14885584896
anon 14955851776
anon_thp 14885584896
anon 14955851776
anon_thp 14885584896
anon 14955851776
anon_thp 14885584896
anon 14955851776
anon_thp 14885584896
anon 14955851776
anon_thp 14885584896
anon 14955851776
anon_thp 14885584896
anon 14955851776
anon_thp 14885584896
anon 14955851776
anon_thp 14885584896
anon 14955851776
anon_thp 14885584896
anon 14955851776
anon_thp 14885584896
anon 14955851776
anon_thp 14885584896
anon 14955851776
anon_thp 14885584896
anon 14955851776
anon_thp 14885584896
anon 14955851776
anon_thp 14885584896
anon 14955851776
anon_thp 14885584896
anon 14955851776
anon_thp 14885584896
anon 14955851776
anon_thp 14885584896
anon 14955851776
anon_thp 14885584896
anon 14955851776
anon_thp 14885584896
