pgmigrate_success 24322765
pgmigrate_success 24323187
pgmigrate_success 24323190
pgmigrate_success 24323190
pgmigrate_success 24323190
pgmigrate_success 24323192
pgmigrate_success 24323192
pgmigrate_success 24323192
pgmigrate_success 24323192
pgmigrate_success 24323192
pgmigrate_success 24323192
pgmigrate_success 24323192
pgmigrate_success 24323192
pgmigrate_success 24323192
pgmigrate_success 24323192
pgmigrate_success 24323192
pgmigrate_success 24323192
pgmigrate_success 24323192
pgmigrate_success 24323192
pgmigrate_success 24323192
pgmigrate_success 24323192
pgmigrate_success 24323192
pgmigrate_success 24323192
pgmigrate_success 24323192
pgmigrate_success 24323192
pgmigrate_success 24323192
pgmigrate_success 24323192
pgmigrate_success 24323192
pgmigrate_success 24323192
pgmigrate_success 24323192
pgmigrate_success 24323192
pgmigrate_success 24323192
pgmigrate_success 24323192
pgmigrate_success 24323192
pgmigrate_success 24323192
pgmigrate_success 24323192
pgmigrate_success 24323192
pgmigrate_success 24323192
pgmigrate_success 24323192
pgmigrate_success 24323192
pgmigrate_success 24323192
pgmigrate_success 24323192
pgmigrate_success 24323192
pgmigrate_success 24323192
pgmigrate_success 24323192
pgmigrate_success 24323192
pgmigrate_success 24323192
pgmigrate_success 24323192
pgmigrate_success 24323192
pgmigrate_success 24323192
pgmigrate_success 24323192
pgmigrate_success 24323688
pgmigrate_success 24323690
pgmigrate_success 24323690
pgmigrate_success 24323690
pgmigrate_success 24323690
pgmigrate_success 24323690
pgmigrate_success 24323690
pgmigrate_success 24323690
pgmigrate_success 24323690
pgmigrate_success 24323690
pgmigrate_success 24323690
pgmigrate_success 24323690
pgmigrate_success 24323690
pgmigrate_success 24323690
pgmigrate_success 24323690
pgmigrate_success 24323690
pgmigrate_success 24323690
pgmigrate_success 24323690
pgmigrate_success 24323690
pgmigrate_success 24323690
pgmigrate_success 24323690
pgmigrate_success 24323690
pgmigrate_success 24323690
pgmigrate_success 24323690
pgmigrate_success 24323690
pgmigrate_success 24323690
pgmigrate_success 24323690
pgmigrate_success 24323690
pgmigrate_success 24323690
pgmigrate_success 24323690
pgmigrate_success 24323690
pgmigrate_success 24323690
pgmigrate_success 24323690
pgmigrate_success 24323690
pgmigrate_success 24323690
pgmigrate_success 24323690
pgmigrate_success 24323690
pgmigrate_success 24323690
pgmigrate_success 24323739
pgmigrate_success 24323739
pgmigrate_success 24323739
pgmigrate_success 24323739
pgmigrate_success 24323740
pgmigrate_success 24323741
pgmigrate_success 24566741
pgmigrate_success 24779228
pgmigrate_success 24779228
pgmigrate_success 24779228
pgmigrate_success 24779228
pgmigrate_success 24779228
pgmigrate_success 24779228
pgmigrate_success 24779740
pgmigrate_success 24779740
pgmigrate_success 24779740
pgmigrate_success 24779740
pgmigrate_success 24779740
pgmigrate_success 24779740
pgmigrate_success 24779740
pgmigrate_success 24779740
pgmigrate_success 24779740
pgmigrate_success 24779740
pgmigrate_success 24779740
pgmigrate_success 24779740
pgmigrate_success 24780252
pgmigrate_success 24780252
pgmigrate_success 24780252
pgmigrate_success 24780252
pgmigrate_success 24780252
pgmigrate_success 24780252
pgmigrate_success 24780252
pgmigrate_success 24780252
pgmigrate_success 24780764
pgmigrate_success 24780764
pgmigrate_success 24780764
pgmigrate_success 24781762
pgmigrate_success 24781762
pgmigrate_success 24781828
pgmigrate_success 24781828
pgmigrate_success 24781828
pgmigrate_success 24784117
pgmigrate_success 24791774
pgmigrate_success 24791774
pgmigrate_success 24791774
pgmigrate_success 24791774
pgmigrate_success 24791774
pgmigrate_success 24791774
pgmigrate_success 24791774
pgmigrate_success 24791774
pgmigrate_success 24791774
pgmigrate_success 24791774
pgmigrate_success 24791774
pgmigrate_success 24791774
pgmigrate_success 24791774
pgmigrate_success 24791774
pgmigrate_success 24791774
pgmigrate_success 24791774
pgmigrate_success 24791774
pgmigrate_success 24791774
pgmigrate_success 24791774
pgmigrate_success 24791774
pgmigrate_success 24791774
pgmigrate_success 24791774
pgmigrate_success 24791774
pgmigrate_success 24791774
pgmigrate_success 24791774
pgmigrate_success 24791774
pgmigrate_success 24791774
pgmigrate_success 24791774
pgmigrate_success 24800774
pgmigrate_success 24800774
pgmigrate_success 24800774
pgmigrate_success 24800774
pgmigrate_success 24800774
pgmigrate_success 24800774
pgmigrate_success 24800774
pgmigrate_success 24803718
pgmigrate_success 24804230
pgmigrate_success 24804230
pgmigrate_success 24804230
pgmigrate_success 24804230
pgmigrate_success 24804230
pgmigrate_success 24804230
pgmigrate_success 24804230
pgmigrate_success 24804230
pgmigrate_success 24804230
pgmigrate_success 24804230
pgmigrate_success 24804230
pgmigrate_success 24804230
pgmigrate_success 24804230
pgmigrate_success 24804230
pgmigrate_success 24804230
pgmigrate_success 24804230
pgmigrate_success 24804230
pgmigrate_success 24804230
pgmigrate_success 24804230
pgmigrate_success 24804230
pgmigrate_success 24804230
pgmigrate_success 24804230
pgmigrate_success 24804230
pgmigrate_success 24804230
pgmigrate_success 24808488
pgmigrate_success 24809035
pgmigrate_success 24809035
pgmigrate_success 24809035
pgmigrate_success 24809035
pgmigrate_success 24809035
pgmigrate_success 24809035
pgmigrate_success 24809035
pgmigrate_success 24809035
pgmigrate_success 24809035
pgmigrate_success 24809035
pgmigrate_success 24809035
pgmigrate_success 24809035
pgmigrate_success 24809035
pgmigrate_success 24809035
pgmigrate_success 24809035
pgmigrate_success 24809035
pgmigrate_success 24809035
pgmigrate_success 24809035
pgmigrate_success 24809035
pgmigrate_success 24809035
pgmigrate_success 24809035
pgmigrate_success 24809035
pgmigrate_success 24809035
pgmigrate_success 24809035
pgmigrate_success 24809035
pgmigrate_success 24809035
pgmigrate_success 24809035
pgmigrate_success 24809035
pgmigrate_success 24809547
pgmigrate_success 24809547
pgmigrate_success 24809547
pgmigrate_success 24809703
pgmigrate_success 24809703
pgmigrate_success 24809703
pgmigrate_success 24809703
pgmigrate_success 24809703
pgmigrate_success 24809703
pgmigrate_success 24809703
pgmigrate_success 24809703
pgmigrate_success 24809703
pgmigrate_success 24809703
pgmigrate_success 24809703
pgmigrate_success 24809703
pgmigrate_success 24809703
pgmigrate_success 24810215
pgmigrate_success 24810215
pgmigrate_success 24810215
pgmigrate_success 24810215
pgmigrate_success 24810215
pgmigrate_success 24810215
pgmigrate_success 24810215
pgmigrate_success 24810215
pgmigrate_success 24810215
pgmigrate_success 24810215
pgmigrate_success 24810215
pgmigrate_success 24810215
pgmigrate_success 24810215
pgmigrate_success 24810215
pgmigrate_success 24810215
pgmigrate_success 24810215
pgmigrate_success 24810215
pgmigrate_success 24810215
pgmigrate_success 24810215
pgmigrate_success 24810260
pgmigrate_success 24810260
pgmigrate_success 24810260
pgmigrate_success 24810260
pgmigrate_success 24810260
pgmigrate_success 24810260
pgmigrate_success 24810260
pgmigrate_success 24810260
pgmigrate_success 24810260
pgmigrate_success 24810260
pgmigrate_success 24810260
pgmigrate_success 24810260
pgmigrate_success 24810260
pgmigrate_success 24810260
pgmigrate_success 24810260
pgmigrate_success 24810260
pgmigrate_success 24810260
pgmigrate_success 24810260
pgmigrate_success 24810260
pgmigrate_success 24810260
pgmigrate_success 24810260
pgmigrate_success 24810260
pgmigrate_success 24810941
pgmigrate_success 24810941
pgmigrate_success 24810941
pgmigrate_success 24810941
pgmigrate_success 24810941
pgmigrate_success 24810941
pgmigrate_success 24810941
pgmigrate_success 24810941
pgmigrate_success 24810941
pgmigrate_success 24811965
pgmigrate_success 24812107
pgmigrate_success 24812107
pgmigrate_success 24812107
pgmigrate_success 24812107
pgmigrate_success 24812107
pgmigrate_success 24812107
pgmigrate_success 24812107
pgmigrate_success 24812107
pgmigrate_success 24812107
pgmigrate_success 24812107
pgmigrate_success 24812107
pgmigrate_success 24812107
pgmigrate_success 24812107
pgmigrate_success 24812107
pgmigrate_success 24812619
pgmigrate_success 24812619
pgmigrate_success 24812619
pgmigrate_success 24812619
pgmigrate_success 24812619
pgmigrate_success 24812619
pgmigrate_success 24812619
pgmigrate_success 24812619
pgmigrate_success 24812619
pgmigrate_success 24812619
pgmigrate_success 24812619
pgmigrate_success 24812619
pgmigrate_success 24812619
pgmigrate_success 24812619
pgmigrate_success 24812619
pgmigrate_success 24812619
pgmigrate_success 24812619
pgmigrate_success 24812619
pgmigrate_success 24812663
pgmigrate_success 24812663
pgmigrate_success 24812663
pgmigrate_success 24812663
pgmigrate_success 24812663
pgmigrate_success 24812663
pgmigrate_success 24812663
pgmigrate_success 24812663
pgmigrate_success 24812663
pgmigrate_success 24813175
pgmigrate_success 24813175
pgmigrate_success 24813175
pgmigrate_success 24813175
pgmigrate_success 24813175
pgmigrate_success 24813175
pgmigrate_success 24813175
pgmigrate_success 24813175
pgmigrate_success 24813175
pgmigrate_success 24813175
pgmigrate_success 24813175
pgmigrate_success 24813175
pgmigrate_success 24813175
pgmigrate_success 24813175
pgmigrate_success 24813175
pgmigrate_success 24813175
pgmigrate_success 24813175
pgmigrate_success 24813175
pgmigrate_success 24813175
pgmigrate_success 24813175
pgmigrate_success 24813175
pgmigrate_success 24813175
pgmigrate_success 24813175
pgmigrate_success 24813269
pgmigrate_success 24813269
pgmigrate_success 24813269
pgmigrate_success 24813269
pgmigrate_success 24813269
pgmigrate_success 24813269
pgmigrate_success 24813269
pgmigrate_success 24813269
pgmigrate_success 24813781
pgmigrate_success 24813781
pgmigrate_success 24813781
pgmigrate_success 24813781
pgmigrate_success 24813781
pgmigrate_success 24813781
pgmigrate_success 24813781
pgmigrate_success 24813781
pgmigrate_success 24813781
pgmigrate_success 24813781
pgmigrate_success 24813781
pgmigrate_success 24813781
pgmigrate_success 24813781
pgmigrate_success 24813781
pgmigrate_success 24813781
pgmigrate_success 24813781
pgmigrate_success 24813781
pgmigrate_success 24813781
pgmigrate_success 24813781
pgmigrate_success 24813781
pgmigrate_success 24813781
pgmigrate_success 24813781
pgmigrate_success 24813781
pgmigrate_success 24813781
pgmigrate_success 24813830
pgmigrate_success 24813830
pgmigrate_success 24813830
pgmigrate_success 24813830
pgmigrate_success 24813830
pgmigrate_success 24813830
pgmigrate_success 24813830
pgmigrate_success 24813830
pgmigrate_success 24813830
pgmigrate_success 24813830
pgmigrate_success 24813830
pgmigrate_success 24813830
pgmigrate_success 24813830
pgmigrate_success 24813830
pgmigrate_success 24813830
pgmigrate_success 24813830
pgmigrate_success 24813830
pgmigrate_success 24813830
pgmigrate_success 24813830
pgmigrate_success 24813830
pgmigrate_success 24813830
pgmigrate_success 24813830
pgmigrate_success 24813830
pgmigrate_success 24814342
pgmigrate_success 24814342
pgmigrate_success 24814342
pgmigrate_success 24814342
pgmigrate_success 24814342
pgmigrate_success 24814342
pgmigrate_success 24814342
pgmigrate_success 24814342
pgmigrate_success 24814426
pgmigrate_success 24814938
pgmigrate_success 24814938
pgmigrate_success 24814938
pgmigrate_success 24814938
pgmigrate_success 24814938
pgmigrate_success 24814938
pgmigrate_success 24814938
pgmigrate_success 24814938
pgmigrate_success 24814938
pgmigrate_success 24814938
pgmigrate_success 24814938
pgmigrate_success 24814938
pgmigrate_success 24814938
pgmigrate_success 24814938
pgmigrate_success 24814938
pgmigrate_success 24814938
pgmigrate_success 24814938
pgmigrate_success 24814938
pgmigrate_success 24814938
pgmigrate_success 24814938
pgmigrate_success 24814938
pgmigrate_success 24814938
pgmigrate_success 24814938
pgmigrate_success 24814938
pgmigrate_success 24851055
pgmigrate_success 24851059
pgmigrate_success 24851065
pgmigrate_success 24851580
pgmigrate_success 24852099
pgmigrate_success 24852618
pgmigrate_success 24853130
pgmigrate_success 24856303
pgmigrate_success 24856303
pgmigrate_success 24857844
pgmigrate_success 24859382
pgmigrate_success 24863482
pgmigrate_success 24868094
pgmigrate_success 24873728
pgmigrate_success 24883972
pgmigrate_success 24885511
pgmigrate_success 24885511
pgmigrate_success 24885511
pgmigrate_success 24885511
pgmigrate_success 24885511
pgmigrate_success 24885511
pgmigrate_success 24885511
pgmigrate_success 24885511
pgmigrate_success 24885511
pgmigrate_success 24885511
pgmigrate_success 24886023
pgmigrate_success 24886023
pgmigrate_success 24886023
pgmigrate_success 24886023
pgmigrate_success 24886023
pgmigrate_success 24886023
pgmigrate_success 24886023
pgmigrate_success 24886023
pgmigrate_success 24886023
pgmigrate_success 24886023
pgmigrate_success 24886535
pgmigrate_success 24886535
pgmigrate_success 24886535
pgmigrate_success 24886535
pgmigrate_success 24887031
pgmigrate_success 24887031
pgmigrate_success 24887031
pgmigrate_success 24887031
pgmigrate_success 24887031
pgmigrate_success 24887031
pgmigrate_success 24887031
pgmigrate_success 24887543
pgmigrate_success 24887543
pgmigrate_success 24887543
pgmigrate_success 24887543
pgmigrate_success 24887543
pgmigrate_success 24887543
pgmigrate_success 24887543
pgmigrate_success 24887543
pgmigrate_success 24887543
pgmigrate_success 24887543
pgmigrate_success 24887543
pgmigrate_success 24887543
pgmigrate_success 24887543
pgmigrate_success 24887543
pgmigrate_success 24887543
pgmigrate_success 24887543
pgmigrate_success 24887543
pgmigrate_success 24887543
pgmigrate_success 24887543
pgmigrate_success 24887543
pgmigrate_success 24887543
pgmigrate_success 24887543
pgmigrate_success 24887543
pgmigrate_success 24887543
pgmigrate_success 24887543
pgmigrate_success 24887665
pgmigrate_success 24887665
pgmigrate_success 24887665
pgmigrate_success 24887665
pgmigrate_success 24887665
pgmigrate_success 24887665
pgmigrate_success 24887665
pgmigrate_success 24887665
pgmigrate_success 24887665
pgmigrate_success 24887665
pgmigrate_success 24887665
pgmigrate_success 24887665
pgmigrate_success 24887665
pgmigrate_success 24888177
pgmigrate_success 24888177
pgmigrate_success 24888177
pgmigrate_success 24888177
