hot 0 warm 0 cold 0
hot 470 warm 0 cold 0
hot 470 warm 0 cold 0
hot 470 warm 0 cold 0
hot 470 warm 0 cold 0
hot 470 warm 0 cold 0
hot 470 warm 0 cold 0
hot 470 warm 0 cold 0
hot 470 warm 0 cold 0
hot 470 warm 0 cold 0
hot 470 warm 0 cold 0
hot 470 warm 0 cold 0
hot 470 warm 0 cold 0
hot 470 warm 0 cold 0
hot 470 warm 0 cold 0
hot 470 warm 0 cold 0
hot 470 warm 0 cold 0
hot 470 warm 0 cold 0
hot 470 warm 0 cold 0
hot 470 warm 0 cold 0
hot 470 warm 0 cold 0
hot 470 warm 0 cold 0
hot 470 warm 0 cold 0
hot 470 warm 0 cold 0
hot 470 warm 0 cold 0
hot 470 warm 0 cold 0
hot 470 warm 0 cold 0
hot 470 warm 0 cold 0
hot 470 warm 0 cold 0
hot 470 warm 0 cold 0
hot 470 warm 0 cold 0
hot 470 warm 0 cold 0
hot 470 warm 0 cold 0
hot 470 warm 0 cold 0
hot 470 warm 0 cold 0
hot 470 warm 0 cold 0
hot 470 warm 0 cold 0
hot 470 warm 0 cold 0
hot 470 warm 0 cold 0
hot 470 warm 0 cold 0
hot 470 warm 0 cold 0
hot 470 warm 0 cold 0
hot 470 warm 0 cold 0
hot 470 warm 0 cold 0
hot 470 warm 0 cold 0
hot 470 warm 0 cold 0
hot 470 warm 0 cold 0
hot 470 warm 0 cold 0
hot 470 warm 0 cold 0
hot 470 warm 0 cold 0
hot 470 warm 0 cold 0
hot 470 warm 0 cold 0
hot 470 warm 0 cold 0
hot 470 warm 0 cold 0
hot 470 warm 0 cold 0
hot 470 warm 0 cold 0
hot 470 warm 0 cold 0
hot 470 warm 0 cold 0
hot 470 warm 0 cold 0
hot 470 warm 0 cold 0
hot 470 warm 0 cold 0
hot 470 warm 0 cold 0
hot 470 warm 0 cold 0
hot 470 warm 0 cold 0
hot 470 warm 0 cold 0
hot 470 warm 0 cold 0
hot 470 warm 0 cold 0
hot 470 warm 0 cold 0
hot 470 warm 0 cold 0
hot 470 warm 0 cold 0
hot 470 warm 0 cold 0
hot 470 warm 0 cold 0
hot 470 warm 0 cold 0
hot 470 warm 0 cold 0
hot 470 warm 0 cold 0
hot 470 warm 0 cold 0
hot 470 warm 0 cold 0
hot 470 warm 0 cold 0
hot 470 warm 0 cold 0
hot 470 warm 0 cold 0
hot 470 warm 0 cold 0
hot 470 warm 0 cold 0
hot 470 warm 0 cold 0
hot 470 warm 0 cold 0
hot 470 warm 0 cold 0
hot 470 warm 0 cold 0
hot 470 warm 0 cold 0
hot 71 warm 0 cold 0
hot 521 warm 0 cold 616
hot 523 warm 0 cold 615
hot 1807888 warm 0 cold 0
hot 2023953 warm 0 cold 0
hot 2840593 warm 0 cold 0
hot 3246609 warm 0 cold 0
hot 3446291 warm 0 cold 0
hot 3557395 warm 0 cold 0
hot 3600404 warm 0 cold 0
hot 3617301 warm 0 cold 0
hot 3626518 warm 0 cold 0
hot 3630103 warm 0 cold 0
hot 3631128 warm 0 cold 0
hot 3631640 warm 0 cold 0
hot 3632153 warm 0 cold 0
hot 3632153 warm 0 cold 0
hot 3632154 warm 0 cold 0
hot 3632155 warm 0 cold 0
hot 3632155 warm 0 cold 0
hot 3632357 warm 0 cold 0
hot 3632897 warm 0 cold 0
hot 3632919 warm 0 cold 0
hot 3632937 warm 0 cold 0
hot 3632960 warm 0 cold 0
hot 3632995 warm 0 cold 0
hot 3633024 warm 0 cold 0
hot 3633045 warm 0 cold 0
hot 3633069 warm 0 cold 0
hot 3633098 warm 0 cold 0
hot 3633127 warm 0 cold 0
hot 5117 warm 1845760 cold 1782272
hot 6152 warm 0 cold 3627008
hot 6166 warm 0 cold 3627008
hot 6178 warm 0 cold 3627008
hot 7230 warm 0 cold 3625984
hot 9298 warm 0 cold 3623936
hot 11879 warm 0 cold 3621376
hot 13946 warm 0 cold 3619328
hot 16523 warm 0 cold 3616768
hot 20122 warm 0 cold 3613184
hot 24229 warm 0 cold 3609088
hot 32945 warm 0 cold 3600384
hot 40133 warm 0 cold 3593216
hot 56016 warm 0 cold 3577344
hot 86248 warm 3431936 cold 115200
hot 109302 warm 3433984 cold 90112
hot 139013 warm 3422208 cold 72192
hot 181011 warm 3390464 cold 61952
hot 226083 warm 3355136 cold 52224
hot 281907 warm 3310592 cold 40960
hot 344379 warm 3256832 cold 32256
hot 412486 warm 3195904 cold 25088
hot 495954 warm 3116032 cold 21504
hot 600925 warm 3015168 cold 17408
hot 685417 warm 2934784 cold 13312
hot 778615 warm 0 cold 2854912
hot 869244 warm 0 cold 2764288
hot 1008514 warm 0 cold 2625024
hot 5520 warm 0 cold 3628032
hot 5532 warm 0 cold 3628032
hot 5546 warm 0 cold 3628032
hot 5554 warm 0 cold 3628032
hot 5565 warm 0 cold 3628032
hot 5570 warm 0 cold 3628032
hot 5578 warm 0 cold 3628032
hot 5583 warm 0 cold 3628032
hot 5591 warm 0 cold 3628032
hot 5595 warm 0 cold 3628032
hot 5611 warm 0 cold 3628032
hot 5615 warm 0 cold 3628032
hot 5624 warm 0 cold 3628032
hot 5629 warm 0 cold 3628032
hot 5631 warm 0 cold 3628032
hot 5635 warm 0 cold 3628032
hot 5641 warm 2916352 cold 711680
hot 5650 warm 3011584 cold 616448
hot 5661 warm 3094528 cold 533504
hot 6183 warm 3163136 cold 464384
hot 6185 warm 3230208 cold 397312
hot 6192 warm 3283968 cold 343552
hot 7219 warm 3329536 cold 296960
hot 8250 warm 3364352 cold 261120
hot 8254 warm 3397120 cold 228352
hot 9289 warm 3420672 cold 203776
hot 9296 warm 3441664 cold 182784
hot 11353 warm 3464192 cold 158208
hot 12385 warm 3480576 cold 140800
hot 14949 warm 3495936 cold 122880
hot 15464 warm 3506688 cold 111616
hot 18540 warm 3519488 cold 95744
hot 24179 warm 3522048 cold 87552
hot 26743 warm 3529728 cold 77312
hot 35452 warm 3529216 cold 69120
hot 44161 warm 3527680 cold 61952
hot 52869 warm 3524608 cold 56320
hot 59528 warm 3521024 cold 53248
hot 66190 warm 3518976 cold 48640
hot 79510 warm 3509760 cold 44544
hot 85658 warm 3510784 cold 37376
hot 102565 warm 3497984 cold 33280
hot 121512 warm 3482112 cold 30208
hot 148144 warm 3458560 cold 27136
hot 177845 warm 3430912 cold 25088
hot 202938 warm 3408384 cold 22528
hot 237246 warm 3375104 cold 21504
hot 276677 warm 3336704 cold 20480
hot 314059 warm 3301888 cold 17920
hot 347855 warm 3269632 cold 16384
hot 379605 warm 3239936 cold 14336
hot 413403 warm 3207168 cold 13312
hot 448734 warm 3173888 cold 11264
hot 495330 warm 3127808 cold 10752
hot 520934 warm 3103232 cold 9728
hot 539367 warm 3085312 cold 9216
hot 595182 warm 3031552 cold 7168
hot 657140 warm 2970112 cold 6656
hot 719096 warm 2909696 cold 5120
hot 779002 warm 2851328 cold 3584
hot 845566 warm 0 cold 2788352
hot 910083 warm 0 cold 2723840
hot 1000197 warm 0 cold 2633728
hot 1067272 warm 0 cold 2566656
hot 1135883 warm 0 cold 2498048
hot 1218832 warm 0 cold 2415104
hot 1315604 warm 0 cold 2318336
hot 1395992 warm 0 cold 2237952
hot 1470236 warm 0 cold 2163712
hot 1538846 warm 0 cold 2095104
hot 1617184 warm 0 cold 2016768
hot 5925 warm 0 cold 3628032
hot 5929 warm 0 cold 3628032
hot 5929 warm 0 cold 3628032
hot 5931 warm 0 cold 3628032
hot 5933 warm 0 cold 3628032
hot 5933 warm 0 cold 3628032
hot 5935 warm 0 cold 3628032
hot 5935 warm 0 cold 3628032
hot 5935 warm 0 cold 3628032
hot 5935 warm 0 cold 3628032
hot 5935 warm 0 cold 3628032
hot 5937 warm 0 cold 3628032
hot 5937 warm 0 cold 3628032
hot 5937 warm 0 cold 3628032
hot 5937 warm 0 cold 3628032
hot 5937 warm 0 cold 3628032
hot 5938 warm 0 cold 3628032
hot 5938 warm 0 cold 3628032
hot 5939 warm 0 cold 3628032
hot 5939 warm 0 cold 3628032
hot 5939 warm 0 cold 3628032
hot 5939 warm 0 cold 3628032
hot 5939 warm 0 cold 3628032
hot 5939 warm 0 cold 3628032
hot 5939 warm 0 cold 3628032
hot 5939 warm 0 cold 3628032
hot 5940 warm 0 cold 3628032
hot 5941 warm 0 cold 3628032
hot 5941 warm 0 cold 3628032
hot 5941 warm 0 cold 3628032
hot 5942 warm 0 cold 3628032
hot 5943 warm 0 cold 3628032
hot 5943 warm 0 cold 3628032
hot 5943 warm 0 cold 3628032
hot 5945 warm 0 cold 3628032
hot 5946 warm 0 cold 3628032
hot 5946 warm 0 cold 3628032
hot 5946 warm 0 cold 3628032
hot 5946 warm 0 cold 3628032
hot 5946 warm 0 cold 3628032
hot 5946 warm 0 cold 3628032
hot 5947 warm 0 cold 3628032
hot 5948 warm 0 cold 3628032
hot 5948 warm 0 cold 3628032
hot 5948 warm 0 cold 3628032
hot 5949 warm 0 cold 3628032
hot 5949 warm 0 cold 3628032
hot 5949 warm 0 cold 3628032
hot 5950 warm 0 cold 3628032
hot 5951 warm 0 cold 3628032
hot 5952 warm 0 cold 3628032
hot 5952 warm 0 cold 3628032
hot 5953 warm 0 cold 3628032
hot 5954 warm 0 cold 3628032
hot 5954 warm 0 cold 3628032
hot 5955 warm 0 cold 3628032
hot 5955 warm 0 cold 3628032
hot 5955 warm 0 cold 3628032
hot 5955 warm 0 cold 3628032
hot 5955 warm 0 cold 3628032
hot 5955 warm 0 cold 3628032
hot 5956 warm 0 cold 3628032
hot 5956 warm 0 cold 3628032
hot 5957 warm 0 cold 3628032
hot 5958 warm 0 cold 3628032
hot 5958 warm 0 cold 3628032
hot 5958 warm 0 cold 3628032
hot 5958 warm 0 cold 3628032
hot 5958 warm 0 cold 3628032
hot 5958 warm 0 cold 3628032
hot 5958 warm 0 cold 3628032
hot 5958 warm 0 cold 3628032
hot 5959 warm 0 cold 3628032
hot 5959 warm 0 cold 3628032
hot 5960 warm 0 cold 3628032
hot 5960 warm 0 cold 3628032
hot 5960 warm 0 cold 3628032
hot 5960 warm 0 cold 3628032
hot 5960 warm 0 cold 3628032
hot 5961 warm 0 cold 3628032
hot 5961 warm 0 cold 3628032
hot 5961 warm 0 cold 3628032
hot 5962 warm 0 cold 3628032
hot 5963 warm 0 cold 3628032
hot 5964 warm 0 cold 3628032
hot 5964 warm 0 cold 3628032
hot 5965 warm 0 cold 3628032
hot 5965 warm 0 cold 3628032
hot 5965 warm 0 cold 3628032
hot 5966 warm 0 cold 3628032
hot 5967 warm 0 cold 3628032
hot 5967 warm 0 cold 3628032
hot 5967 warm 0 cold 3628032
hot 5967 warm 0 cold 3628032
hot 5968 warm 0 cold 3628032
hot 5968 warm 0 cold 3628032
hot 5968 warm 0 cold 3628032
hot 5969 warm 0 cold 3628032
hot 5969 warm 0 cold 3628032
hot 5970 warm 0 cold 3628032
hot 5970 warm 0 cold 3628032
hot 5970 warm 0 cold 3628032
hot 5970 warm 0 cold 3628032
hot 5970 warm 0 cold 3628032
hot 5970 warm 0 cold 3628032
hot 5972 warm 0 cold 3628032
hot 5975 warm 0 cold 3628032
hot 5977 warm 0 cold 3628032
hot 5981 warm 0 cold 3628032
hot 5982 warm 0 cold 3628032
hot 5985 warm 0 cold 3628032
hot 5990 warm 0 cold 3628032
hot 5991 warm 0 cold 3628032
hot 5993 warm 2777088 cold 850944
hot 5994 warm 2836992 cold 791040
hot 5999 warm 2886656 cold 741376
hot 6000 warm 2944000 cold 684032
hot 6000 warm 3001856 cold 626176
hot 6000 warm 3040256 cold 587776
hot 6002 warm 3095040 cold 532992
hot 6004 warm 3144704 cold 483328
hot 6007 warm 3183616 cold 444416
hot 6009 warm 3221504 cold 406528
hot 6009 warm 3249664 cold 378368
hot 6013 warm 3282432 cold 345600
hot 6529 warm 3307008 cold 320512
hot 6529 warm 3324928 cold 302592
hot 6531 warm 3348480 cold 279040
hot 7044 warm 3373568 cold 253440
hot 7047 warm 3393536 cold 233472
hot 7049 warm 3410432 cold 216576
hot 7564 warm 3419648 cold 206848
hot 8079 warm 3429888 cold 196096
hot 8079 warm 3439104 cold 186880
hot 8079 warm 3439104 cold 186880
hot 8079 warm 3439104 cold 186880
hot 8080 warm 3439104 cold 186880
hot 8080 warm 3439104 cold 186880
hot 8080 warm 3439104 cold 186880
hot 8081 warm 3439104 cold 186880
hot 8081 warm 3439104 cold 186880
hot 8081 warm 3439104 cold 186880
hot 8081 warm 3439104 cold 186880
hot 8082 warm 3439104 cold 186880
hot 8083 warm 3439104 cold 186880
hot 8083 warm 3439104 cold 186880
hot 8083 warm 3439104 cold 186880
hot 8083 warm 3439104 cold 186880
hot 8083 warm 3439104 cold 186880
hot 8083 warm 3439104 cold 186880
hot 8084 warm 3439104 cold 186880
hot 8084 warm 3439104 cold 186880
hot 8085 warm 3439104 cold 186880
hot 8085 warm 3439104 cold 186880
hot 8085 warm 3439104 cold 186880
hot 8085 warm 3439104 cold 186880
hot 8086 warm 3439104 cold 186880
hot 8086 warm 3439104 cold 186880
hot 8086 warm 3439104 cold 186880
hot 8086 warm 3439104 cold 186880
hot 8087 warm 3439104 cold 186880
hot 8087 warm 3439104 cold 186880
hot 8087 warm 3439104 cold 186880
hot 8087 warm 3439104 cold 186880
hot 8087 warm 3439104 cold 186880
hot 8087 warm 3439104 cold 186880
hot 8087 warm 3439104 cold 186880
hot 8087 warm 3439104 cold 186880
hot 8088 warm 3439104 cold 186880
hot 8088 warm 3439104 cold 186880
hot 8088 warm 3439104 cold 186880
hot 8088 warm 3439104 cold 186880
hot 8088 warm 3439104 cold 186880
hot 8088 warm 3453440 cold 172544
hot 8088 warm 3462656 cold 163328
hot 8602 warm 3473408 cold 152064
hot 9115 warm 3480064 cold 144896
hot 9629 warm 3488256 cold 136192
hot 10653 warm 3492352 cold 131072
hot 11167 warm 3495936 cold 126976
hot 12706 warm 3500544 cold 120832
hot 12709 warm 3504128 cold 117248
hot 12711 warm 3512832 cold 108544
hot 13224 warm 3515904 cold 104960
hot 14249 warm 3518976 cold 100864
hot 14762 warm 3523072 cold 96256
hot 15274 warm 3525120 cold 93696
hot 16298 warm 3528704 cold 89088
hot 17838 warm 3531264 cold 84992
hot 19887 warm 3534848 cold 79360
hot 21424 warm 3535360 cold 77312
hot 25521 warm 3532800 cold 75776
hot 27059 warm 3534848 cold 72192
hot 30132 warm 3534848 cold 69120
hot 31671 warm 3536384 cold 66048
hot 34232 warm 3538432 cold 61440
hot 36281 warm 3538432 cold 59392
hot 37821 warm 3540992 cold 55296
hot 40893 warm 3538432 cold 54784
hot 46015 warm 3534336 cold 53760
hot 49088 warm 3532800 cold 52224
hot 50624 warm 3532800 cold 50688
hot 56256 warm 3529728 cold 48128
hot 66496 warm 3521536 cold 46080
hot 71617 warm 3516928 cold 45568
hot 77764 warm 3511296 cold 45056
hot 82885 warm 3511296 cold 39936
hot 90055 warm 3506688 cold 37376
hot 95175 warm 3503104 cold 35840
hot 99785 warm 3500032 cold 34304
hot 103881 warm 3498496 cold 31744
hot 117706 warm 3487232 cold 29184
hot 124875 warm 3482624 cold 26624
hot 136140 warm 3473408 cold 24576
hot 153037 warm 3457536 cold 23552
hot 163789 warm 3447808 cold 22528
hot 172495 warm 3441664 cold 19968
hot 185296 warm 3429376 cold 19456
hot 199634 warm 3418112 cold 16384
hot 205268 warm 3415552 cold 13312
hot 217045 warm 3403776 cold 13312
hot 225754 warm 3395584 cold 12800
hot 242140 warm 3379200 cold 12800
hot 255964 warm 3365376 cold 12800
hot 269278 warm 3352576 cold 12288
hot 292832 warm 3330048 cold 11264
hot 314337 warm 3309056 cold 10752
hot 333283 warm 3290112 cold 10752
hot 345571 warm 3278336 cold 10240
hot 362468 warm 3262464 cold 9216
hot 383462 warm 3242496 cold 8192
hot 409574 warm 3216384 cold 8192
hot 429543 warm 3197440 cold 7168
hot 446440 warm 3181056 cold 6656
hot 466410 warm 3161600 cold 6144
hot 487404 warm 3141120 cold 5632
hot 513006 warm 3116032 cold 5120
hot 545776 warm 3083776 cold 4608
hot 573427 warm 3057152 cold 3584
hot 589300 warm 3041792 cold 3072
hot 619508 warm 3011584 cold 3072
hot 642549 warm 2988544 cold 3072
hot 645109 warm 2985984 cold 3072
hot 645109 warm 2985984 cold 3072
hot 645109 warm 2985984 cold 3072
hot 645109 warm 2985984 cold 3072
hot 645109 warm 2985984 cold 3072
hot 645109 warm 2985984 cold 3072
hot 645109 warm 2985984 cold 3072
hot 645109 warm 2985984 cold 3072
hot 645109 warm 2985984 cold 3072
hot 645110 warm 2985984 cold 3072
hot 645110 warm 2985984 cold 3072
hot 645110 warm 2985984 cold 3072
hot 645110 warm 2985984 cold 3072
hot 645111 warm 2985984 cold 3072
hot 645111 warm 2985984 cold 3072
hot 645111 warm 2985984 cold 3072
hot 645111 warm 2985984 cold 3072
hot 645111 warm 2985984 cold 3072
hot 645112 warm 2985984 cold 3072
hot 645112 warm 2985984 cold 3072
hot 645112 warm 2985984 cold 3072
hot 645112 warm 2985984 cold 3072
hot 645112 warm 2985984 cold 3072
hot 645112 warm 2985984 cold 3072
hot 645112 warm 2985984 cold 3072
hot 645112 warm 2985984 cold 3072
hot 645112 warm 2985984 cold 3072
hot 645112 warm 2985984 cold 3072
hot 645112 warm 2985984 cold 3072
hot 645112 warm 2985984 cold 3072
hot 645113 warm 2985984 cold 3072
hot 645113 warm 2985984 cold 3072
hot 645113 warm 2985984 cold 3072
hot 645113 warm 2985984 cold 3072
hot 645113 warm 2985984 cold 3072
hot 645113 warm 2985984 cold 3072
hot 645114 warm 2985984 cold 3072
hot 645114 warm 2985984 cold 3072
hot 645114 warm 2985984 cold 3072
hot 676859 warm 2954240 cold 3072
hot 706045 warm 2925056 cold 3072
hot 725503 warm 2906112 cold 2560
hot 751617 warm 2880000 cold 2560
hot 777729 warm 2853888 cold 2560
hot 807938 warm 0 cold 2826240
hot 842245 warm 0 cold 2791936
hot 881669 warm 0 cold 2752512
hot 919558 warm 0 cold 2714624
hot 949768 warm 0 cold 2684416
hot 987145 warm 0 cold 2647040
hot 987145 warm 0 cold 2647040
hot 987145 warm 0 cold 2647040
hot 990729 warm 0 cold 2643456
hot 1021963 warm 0 cold 2612224
hot 1046027 warm 0 cold 2588160
hot 1052684 warm 0 cold 2581504
hot 1053708 warm 0 cold 2580480
hot 1094156 warm 0 cold 2540032
hot 1122320 warm 0 cold 2511872
hot 1160721 warm 0 cold 2473472
hot 1165842 warm 0 cold 2468352
hot 1207316 warm 0 cold 2426880
hot 1263125 warm 0 cold 2371072
hot 1307670 warm 0 cold 2326528
hot 5794 warm 0 cold 3628406
hot 5794 warm 0 cold 3628406
hot 5795 warm 0 cold 3628406
hot 5796 warm 0 cold 3628406
hot 5797 warm 0 cold 3628406
hot 5798 warm 0 cold 3628406
hot 5604 warm 0 cold 147318
