pgmigrate_success 29781090
pgmigrate_fail 107839
thp_migration_success 49355
thp_migration_fail 0
thp_migration_split 0
thp_fault_alloc 106867
thp_fault_fallback 0
thp_fault_fallback_charge 0
thp_collapse_alloc 9323
thp_collapse_alloc_failed 0
thp_file_alloc 108
thp_file_fallback 0
thp_file_fallback_charge 0
thp_file_mapped 0
thp_split_page 1084
thp_split_page_failed 7
thp_deferred_split_page 8494
thp_split_pmd 25114
thp_split_pud 0
thp_zero_page_alloc 0
thp_zero_page_alloc_failed 0
thp_swpout 0
thp_swpout_fallback 0
htmm_nr_promoted 22765002
htmm_nr_demoted 5836242
htmm_nr_sampled 0
htmm_missed_dramread 0
htmm_missed_nvmread 0
htmm_missed_write 0
htmm_alloc_dram 95048223
htmm_alloc_nvm 0
