pgmigrate_success 15912096
pgmigrate_fail 4608
thp_migration_success 13508
thp_migration_fail 10
thp_migration_split 0
thp_fault_alloc 24865
thp_fault_fallback 0
thp_fault_fallback_charge 0
thp_collapse_alloc 28
thp_collapse_alloc_failed 0
thp_file_alloc 0
thp_file_fallback 0
thp_file_fallback_charge 0
thp_file_mapped 0
thp_split_page 32
thp_split_page_failed 0
thp_deferred_split_page 174
thp_split_pmd 174
thp_split_pud 0
thp_zero_page_alloc 0
thp_zero_page_alloc_failed 0
thp_swpout 0
thp_swpout_fallback 0
htmm_nr_promoted 14457236
htmm_nr_demoted 3801
htmm_nr_sampled 0
htmm_missed_dramread 0
htmm_missed_nvmread 0
htmm_missed_write 0
htmm_alloc_dram 54167296
htmm_alloc_nvm 0
