anon 872448
anon_thp 0
anon 228409344
anon_thp 6291456
anon 572108800
anon_thp 6291456
anon 919760896
anon_thp 6291456
anon 1246638080
anon_thp 6291456
anon 1576378368
anon_thp 6291456
anon 1900269568
anon_thp 6291456
anon 2222968832
anon_thp 6291456
anon 2541584384
anon_thp 6291456
anon 2864578560
anon_thp 6291456
anon 3186712576
anon_thp 6291456
anon 3517743104
anon_thp 6291456
anon 3844165632
anon_thp 6291456
anon 4172722176
anon_thp 6291456
anon 4502061056
anon_thp 6291456
anon 4829499392
anon_thp 6291456
anon 5151014912
anon_thp 6291456
anon 5452271616
anon_thp 6291456
anon 5572681728
anon_thp 6291456
anon 5572972544
anon_thp 6291456
anon 5574852608
anon_thp 6291456
anon 5575016448
anon_thp 6291456
anon 5576040448
anon_thp 6291456
anon 5576749056
anon_thp 6291456
anon 5576916992
anon_thp 6291456
anon 5577678848
anon_thp 6291456
anon 5577863168
anon_thp 6291456
anon 575877120
anon_thp 6291456
anon 473714688
anon_thp 69206016
anon 817385472
anon_thp 69206016
anon 1167769600
anon_thp 71303168
anon 1275019264
anon_thp 71303168
anon 1466707968
anon_thp 102760448
anon 209731584
anon_thp 6291456
anon 612249600
anon_thp 6291456
anon 1010417664
anon_thp 6291456
anon 1415237632
anon_thp 6291456
anon 2016874496
anon_thp 274726912
anon 3323260928
anon_thp 274726912
anon 4670734336
anon_thp 274726912
anon 6036004864
anon_thp 274726912
anon 6759612416
anon_thp 71303168
anon 6991228928
anon_thp 274726912
anon 6815924224
anon_thp 71303168
anon 7025864704
anon_thp 274726912
anon 7030149120
anon_thp 274726912
anon 7042502656
anon_thp 274726912
anon 7046037504
anon_thp 274726912
anon 7051857920
anon_thp 274726912
anon 7052103680
anon_thp 274726912
anon 6800580608
anon_thp 14680064
anon 7060717568
anon_thp 274726912
anon 642306048
anon_thp 6291456
anon 1614589952
anon_thp 270532608
anon 1975844864
anon_thp 272629760
anon 2417119232
anon_thp 272629760
anon 2919026688
anon_thp 272629760
anon 3422019584
anon_thp 272629760
anon 3930849280
anon_thp 272629760
anon 4440403968
anon_thp 272629760
anon 4950908928
anon_thp 272629760
anon 5290905600
anon_thp 37748736
anon 5607444480
anon_thp 281018368
anon 5262860288
anon_thp 6291456
anon 5667864576
anon_thp 272629760
anon 5667864576
anon_thp 272629760
anon 5740498944
anon_thp 285212672
anon 5740494848
anon_thp 285212672
anon 5555011584
anon_thp 144703488
anon 5724504064
anon_thp 276824064
anon 5456412672
anon_thp 10485760
anon 5840871424
anon_thp 291504128
anon 5655367680
anon_thp 159383552
anon 533864448
anon_thp 6291456
anon 2245754880
anon_thp 140509184
anon 3602821120
anon_thp 140509184
anon 4972429312
anon_thp 140509184
anon 6377381888
anon_thp 140509184
anon 7774343168
anon_thp 140509184
anon 7952404480
anon_thp 155189248
anon 7952441344
anon_thp 155189248
anon 7997919232
anon_thp 167772160
anon 7997943808
anon_thp 167772160
anon 8030433280
anon_thp 182452224
anon 8030502912
anon_thp 182452224
anon 8047505408
anon_thp 192937984
anon 8047542272
anon_thp 192937984
anon 8009437184
anon_thp 148897792
anon 8053547008
anon_thp 192937984
anon 4892684288
anon_thp 44040192
anon 1865543680
anon_thp 6291456
anon 5103337472
anon_thp 6291456
anon 5104545792
anon_thp 6291456
anon 5105287168
anon_thp 6291456
anon 49823744
anon_thp 6291456
anon 3436453888
anon_thp 6291456
anon 6779265024
anon_thp 6291456
anon 8821510144
anon_thp 306184192
anon 9305206784
anon_thp 6291456
anon 9691578368
anon_thp 306184192
anon 9396924416
anon_thp 8388608
anon 9727582208
anon_thp 308281344
anon 9439801344
anon_thp 18874368
anon 9743495168
anon_thp 318767104
anon 9441624064
anon_thp 18874368
anon 9448378368
anon_thp 18874368
anon 9626533888
anon_thp 174063616
anon 9029627904
anon_thp 18874368
anon 159830016
anon_thp 6291456
anon 1553633280
anon_thp 6291456
anon 2901311488
anon_thp 6291456
anon 4274401280
anon_thp 6291456
anon 5619605504
anon_thp 6291456
anon 6983065600
anon_thp 6291456
anon 8352088064
anon_thp 6291456
anon 9651023872
anon_thp 10485760
anon 9764044800
anon_thp 77594624
anon 9711181824
anon_thp 12582912
anon 9786130432
anon_thp 79691776
anon 9726406656
anon_thp 14680064
anon 9732984832
anon_thp 16777216
anon 9735495680
anon_thp 16777216
anon 9741291520
anon_thp 16777216
anon 9748209664
anon_thp 16777216
anon 9751502848
anon_thp 16777216
anon 674594816
anon_thp 16777216
anon 3275165696
anon_thp 6291456
anon 4163653632
anon_thp 37748736
anon 7189299200
anon_thp 3040870400
anon 8598941696
anon_thp 4448059392
anon 8598945792
anon_thp 4448059392
anon 9549746176
anon_thp 4448059392
anon 10921963520
anon_thp 4445962240
anon 12348813312
anon_thp 4448059392
anon 14181761024
anon_thp 4448059392
anon 16217505792
anon_thp 4448059392
anon 18056130560
anon_thp 4448059392
anon 13937475584
anon_thp 50331648
anon 15179104256
anon_thp 1530920960
anon 18115026944
anon_thp 4464836608
anon 18115174400
anon_thp 4464836608
anon 18131779584
anon_thp 4464836608
anon 18130358272
anon_thp 4462739456
anon 18132783104
anon_thp 4464836608
anon 18131185664
anon_thp 4462739456
anon 13969965056
anon_thp 148897792
anon 16689987584
anon_thp 2988441600
anon 18182156288
anon_thp 4479516672
anon 18182156288
anon_thp 4479516672
anon 18198978560
anon_thp 4479516672
anon 18197413888
anon_thp 4477419520
anon 18200092672
anon_thp 4479516672
anon 13767135232
anon_thp 50331648
anon 13982601216
anon_thp 81788928
anon 14008504320
anon_thp 85983232
anon 16513613824
anon_thp 2873098240
anon 18138394624
anon_thp 4496293888
anon 18138394624
anon_thp 4496293888
anon 18155225088
anon_thp 4496293888
anon 18155667456
anon_thp 4496293888
anon 18156052480
anon_thp 4496293888
anon 18156470272
anon_thp 4496293888
anon 18156777472
anon_thp 4496293888
anon 18157199360
anon_thp 4496293888
anon 13735071744
anon_thp 67108864
anon 15052750848
anon_thp 1310720000
anon 18243608576
anon_thp 4500488192
anon 18243633152
anon_thp 4500488192
anon 18259574784
anon_thp 4500488192
anon 18260045824
anon_thp 4500488192
anon 18260262912
anon_thp 4500488192
anon 18260414464
anon_thp 4500488192
anon 18260553728
anon_thp 4500488192
anon 18260627456
anon_thp 4500488192
anon 13817339904
anon_thp 71303168
anon 14969180160
anon_thp 1239416832
anon 18244071424
anon_thp 4513071104
anon 18244161536
anon_thp 4513071104
anon 18259775488
anon_thp 4513071104
anon 18260127744
anon_thp 4513071104
anon 18260275200
anon_thp 4513071104
anon 18260385792
anon_thp 4513071104
anon 18260426752
anon_thp 4513071104
anon 18260643840
anon_thp 4513071104
anon 9583333376
anon_thp 37748736
anon 2144337920
anon_thp 37748736
anon 1545617408
anon_thp 140509184
anon 2366767104
anon_thp 140509184
anon 3133898752
anon_thp 140509184
anon 3807576064
anon_thp 106954752
anon 5315522560
anon_thp 140509184
anon 7251161088
anon_thp 140509184
anon 9218564096
anon_thp 140509184
anon 9974513664
anon_thp 6291456
anon 10316271616
anon_thp 138412032
anon 10361880576
anon_thp 140509184
anon 10492301312
anon_thp 140509184
anon 10552102912
anon_thp 140509184
anon 10527584256
anon_thp 6291456
anon 10533990400
anon_thp 6291456
anon 10579943424
anon_thp 6291456
anon 10750275584
anon_thp 140509184
anon 10617438208
anon_thp 6291456
anon 10627641344
anon_thp 6291456
anon 10702503936
anon_thp 6291456
anon 10824073216
anon_thp 140509184
anon 10825461760
anon_thp 140509184
anon 10825940992
anon_thp 140509184
anon 10698108928
anon_thp 6291456
anon 10833809408
anon_thp 140509184
anon 10833944576
anon_thp 140509184
anon 10865553408
anon_thp 140509184
anon 10781929472
anon_thp 6291456
anon 1192710144
anon_thp 6291456
anon 1085829120
anon_thp 6291456
anon 1276833792
anon_thp 6291456
anon 488460288
anon_thp 6291456
anon 3743158272
anon_thp 6291456
anon 5681115136
anon_thp 73400320
anon 5928673280
anon_thp 6291456
anon 5934358528
anon_thp 6291456
anon 6003232768
anon_thp 73400320
anon 5936328704
anon_thp 6291456
anon 5937254400
anon_thp 6291456
anon 6004981760
anon_thp 73400320
anon 6005284864
anon_thp 73400320
anon 2894573568
anon_thp 6291456
anon 850878464
anon_thp 272629760
anon 1649266688
anon_thp 274726912
anon 2503434240
anon_thp 274726912
anon 3367841792
anon_thp 274726912
anon 4238671872
anon_thp 274726912
anon 5096857600
anon_thp 274726912
anon 5959872512
anon_thp 274726912
anon 6823493632
anon_thp 274726912
anon 7668101120
anon_thp 356515840
anon 7703613440
anon_thp 356515840
anon 7756664832
anon_thp 356515840
anon 7925985280
anon_thp 356515840
anon 8092106752
anon_thp 356515840
anon 8280776704
anon_thp 356515840
anon 8482373632
anon_thp 356515840
anon 8653926400
anon_thp 379584512
anon 8656658432
anon_thp 379584512
anon 8625319936
anon_thp 373293056
anon 8627027968
anon_thp 373293056
anon 8629628928
anon_thp 373293056
anon 8635256832
anon_thp 373293056
anon 8702750720
anon_thp 373293056
anon 8785723392
anon_thp 398458880
anon 8561770496
anon_thp 197132288
anon 8757133312
anon_thp 392167424
anon 8758263808
anon_thp 392167424
anon 8759185408
anon_thp 392167424
anon 8759189504
anon_thp 392167424
anon 8760180736
anon_thp 392167424
anon 8839581696
anon_thp 392167424
anon 8932478976
anon_thp 411041792
anon 8577703936
anon_thp 130023424
anon 8846680064
anon_thp 398458880
anon 8846876672
anon_thp 398458880
anon 8847003648
anon_thp 398458880
anon 8847003648
anon_thp 398458880
anon 8848142336
anon_thp 398458880
anon 8933146624
anon_thp 398458880
anon 8999874560
anon_thp 411041792
anon 8958222336
anon_thp 404750336
anon 8958222336
anon_thp 404750336
anon 8958218240
anon_thp 404750336
anon 8958222336
anon_thp 404750336
anon 8958570496
anon_thp 404750336
anon 8994680832
anon_thp 404750336
anon 9039704064
anon_thp 411041792
anon 3831844864
anon_thp 106954752
anon 1754894336
anon_thp 522190848
anon 3662217216
anon_thp 543162368
anon 6713278464
anon_thp 543162368
anon 7775690752
anon_thp 543162368
anon 7240454144
anon_thp 6291456
anon 7794540544
anon_thp 543162368
anon 7802261504
anon_thp 543162368
anon 7803617280
anon_thp 543162368
anon 7842627584
anon_thp 543162368
anon 7803809792
anon_thp 490733568
anon 7857664000
anon_thp 543162368
anon 490086400
anon_thp 6291456
anon 2857271296
anon_thp 6291456
anon 6117928960
anon_thp 6291456
anon 7366348800
anon_thp 23068672
anon 7516774400
anon_thp 25165824
anon 7530762240
anon_thp 25165824
anon 7541030912
anon_thp 25165824
anon 7552155648
anon_thp 25165824
anon 5283098624
anon_thp 25165824
anon 532230144
anon_thp 75497472
anon 1830805504
anon_thp 8388608
anon 2219380736
anon_thp 75497472
anon 2437689344
anon_thp 8388608
anon 2572509184
anon_thp 75497472
anon 2595729408
anon_thp 8388608
anon 2688442368
anon_thp 75497472
anon 2725343232
anon_thp 8388608
anon 2739027968
anon_thp 8388608
anon 2749313024
anon_thp 8388608
anon 2762162176
anon_thp 8388608
anon 1472143360
anon_thp 6291456
anon 4947877888
anon_thp 6291456
anon 5620768768
anon_thp 20971520
anon 5654351872
anon_thp 20971520
anon 5658103808
anon_thp 20971520
anon 5680304128
anon_thp 33554432
anon 5684015104
anon_thp 33554432
anon 5703004160
anon_thp 48234496
anon 5707870208
anon_thp 48234496
anon 5727031296
anon_thp 62914560
anon 1007050752
anon_thp 20971520
anon 3198738432
anon_thp 20971520
anon 5366161408
anon_thp 20971520
anon 7443369984
anon_thp 20971520
anon 8851120128
anon_thp 153092096
anon 8879853568
anon_thp 153092096
anon 8900038656
anon_thp 153092096
anon 9155002368
anon_thp 404750336
anon 9183522816
anon_thp 404750336
anon 8968790016
anon_thp 136314880
anon 9161048064
anon_thp 136314880
anon 10147561472
anon_thp 136314880
anon 10701910016
anon_thp 293601280
anon 10730622976
anon_thp 293601280
anon 10754748416
anon_thp 293601280
anon 10349084672
anon_thp 165675008
anon 10324402176
anon_thp 150994944
anon 10391736320
anon_thp 150994944
anon 10928422912
anon_thp 299892736
anon 10977521664
anon_thp 299892736
anon 10999791616
anon_thp 299892736
anon 11014094848
anon_thp 448790528
anon 10710630400
anon_thp 165675008
anon 10711982080
anon_thp 165675008
anon 10861719552
anon_thp 165675008
anon 11198664704
anon_thp 285212672
anon 11217657856
anon_thp 285212672
anon 11233083392
anon_thp 285212672
anon 10971963392
anon_thp 165675008
anon 10971963392
anon_thp 165675008
anon 10973310976
anon_thp 165675008
anon 11338657792
anon_thp 289406976
anon 11332390912
anon_thp 289406976
anon 11339509760
anon_thp 289406976
anon 11334909952
anon_thp 434110464
anon 11066597376
anon_thp 165675008
anon 11067301888
anon_thp 165675008
anon 11091824640
anon_thp 165675008
anon 11372081152
anon_thp 297795584
anon 11385495552
anon_thp 297795584
anon 11269652480
anon_thp 234881024
anon 11136540672
anon_thp 180355072
anon 4672679936
anon_thp 77594624
anon 1158246400
anon_thp 6291456
anon 4674367488
anon_thp 29360128
anon 7998251008
anon_thp 29360128
anon 8613437440
anon_thp 29360128
anon 8616652800
anon_thp 29360128
anon 8619282432
anon_thp 29360128
anon 8621486080
anon_thp 29360128
anon 8623468544
anon_thp 29360128
anon 149065728
anon_thp 6291456
anon 1809436672
anon_thp 6291456
anon 4971225088
anon_thp 6291456
anon 8017772544
anon_thp 6291456
anon 8207286272
anon_thp 20971520
anon 8295682048
anon_thp 37748736
anon 8313348096
anon_thp 37748736
anon 8347697152
anon_thp 37748736
anon 8388956160
anon_thp 48234496
anon 8398041088
anon_thp 48234496
anon 8418992128
anon_thp 54525952
anon 3808497664
anon_thp 37748736
anon 1713037312
anon_thp 6291456
anon 4977221632
anon_thp 6291456
anon 6771818496
anon_thp 274726912
anon 7792758784
anon_thp 142606336
anon 7999426560
anon_thp 274726912
anon 7999430656
anon_thp 274726912
anon 8074944512
anon_thp 274726912
anon 8101072896
anon_thp 274726912
anon 8520110080
anon_thp 679477248
anon 7864573952
anon_thp 8388608
anon 8186404864
anon_thp 281018368
anon 8450379776
anon_thp 281018368
anon 8452468736
anon_thp 283115520
anon 8467001344
anon_thp 283115520
anon 8467169280
anon_thp 283115520
anon 8470618112
anon_thp 283115520
anon 8211214336
anon_thp 16777216
anon 8485089280
anon_thp 285212672
anon 8466370560
anon_thp 25165824
anon 8617046016
anon_thp 159383552
anon 8617046016
anon_thp 159383552
anon 8483028992
anon_thp 25165824
anon 8634056704
anon_thp 159383552
anon 8635088896
anon_thp 159383552
anon 8636194816
anon_thp 159383552
anon 8491315200
anon_thp 23068672
anon 8724213760
anon_thp 255852544
anon 8792805376
anon_thp 291504128
anon 8777846784
anon_thp 157286400
anon 8777842688
anon_thp 157286400
anon 8777846784
anon_thp 157286400
anon 8921202688
anon_thp 289406976
anon 8921391104
anon_thp 289406976
anon 8922099712
anon_thp 289406976
anon 9324752896
anon_thp 694157312
anon 8612352000
anon_thp 23068672
anon 8881168384
anon_thp 291504128
anon 8679948288
anon_thp 25165824
anon 8816967680
anon_thp 159383552
anon 8816959488
anon_thp 159383552
anon 8824696832
anon_thp 159383552
anon 8824692736
anon_thp 159383552
anon 8824692736
anon_thp 159383552
anon 9227927552
anon_thp 562036736
anon 8677269504
anon_thp 25165824
anon 8949157888
anon_thp 293601280
anon 9000853504
anon_thp 291504128
anon 9000853504
anon_thp 291504128
anon 9010057216
anon_thp 291504128
anon 9010171904
anon_thp 291504128
anon 8656355328
anon_thp 25165824
anon 354885632
anon_thp 10485760
anon 802377728
anon_thp 6291456
anon 1296142336
anon_thp 6291456
anon 1295126528
anon_thp 6291456
anon 1341063168
anon_thp 6291456
anon 1439723520
anon_thp 6291456
anon 1497174016
anon_thp 6291456
anon 1546194944
anon_thp 6291456
