hot 0 warm 0 cold 0
hot 317 warm 0 cold 0
hot 317 warm 0 cold 0
hot 374 warm 0 cold 0
hot 432 warm 0 cold 0
hot 501 warm 0 cold 0
hot 555 warm 0 cold 0
hot 625 warm 0 cold 0
hot 682 warm 0 cold 0
hot 730 warm 0 cold 0
hot 792 warm 0 cold 0
hot 856 warm 0 cold 0
hot 905 warm 0 cold 0
hot 967 warm 0 cold 0
hot 1026 warm 0 cold 0
hot 1088 warm 0 cold 0
hot 1185 warm 0 cold 0
hot 1248 warm 0 cold 0
hot 1745 warm 0 cold 127
hot 1964 warm 0 cold 127
hot 2178 warm 0 cold 127
hot 2393 warm 0 cold 127
hot 2624 warm 0 cold 126
hot 2829 warm 0 cold 126
hot 3048 warm 0 cold 125
hot 3301 warm 0 cold 125
hot 3528 warm 0 cold 125
hot 3728 warm 0 cold 125
hot 482 warm 0 cold 123
hot 866 warm 0 cold 0
hot 1952 warm 0 cold 0
hot 3015 warm 0 cold 0
hot 13408 warm 0 cold 0
hot 22526 warm 0 cold 0
hot 16183 warm 0 cold 0
hot 17721 warm 15 cold 0
hot 18745 warm 14 cold 0
hot 19632 warm 13 cold 0
hot 70488 warm 0 cold 0
hot 71983 warm 0 cold 0
hot 72539 warm 0 cold 0
hot 73246 warm 0 cold 0
hot 24550 warm 0 cold 0
hot 78077 warm 0 cold 0
hot 13388 warm 0 cold 0
hot 82127 warm 0 cold 0
hot 82917 warm 0 cold 0
hot 85894 warm 0 cold 0
hot 86466 warm 0 cold 0
hot 88100 warm 0 cold 0
hot 88642 warm 0 cold 0
hot 90268 warm 0 cold 0
hot 90811 warm 0 cold 0
hot 4679 warm 0 cold 0
hot 68330 warm 0 cold 0
hot 72236 warm 0 cold 0
hot 72639 warm 0 cold 0
hot 72921 warm 0 cold 0
hot 73656 warm 0 cold 0
hot 73835 warm 0 cold 0
hot 74021 warm 0 cold 0
hot 74200 warm 0 cold 0
hot 10295 warm 0 cold 0
hot 80498 warm 0 cold 0
hot 82217 warm 0 cold 0
hot 84639 warm 0 cold 0
hot 88360 warm 0 cold 0
hot 57863 warm 0 cold 0
hot 93936 warm 0 cold 0
hot 30748 warm 0 cold 0
hot 99058 warm 0 cold 0
hot 101488 warm 0 cold 0
hot 103412 warm 0 cold 0
hot 107117 warm 0 cold 0
hot 27271 warm 0 cold 0
hot 18749 warm 0 cold 0
hot 35809 warm 0 cold 0
hot 36400 warm 0 cold 0
hot 37083 warm 0 cold 0
hot 37401 warm 0 cold 0
hot 21615 warm 0 cold 0
hot 43650 warm 0 cold 0
hot 28494 warm 0 cold 0
hot 51810 warm 0 cold 0
hot 36108 warm 0 cold 0
hot 59221 warm 0 cold 0
hot 59990 warm 0 cold 0
hot 64870 warm 0 cold 0
hot 33076 warm 0 cold 0
hot 70065 warm 0 cold 0
hot 71045 warm 0 cold 0
hot 2778 warm 0 cold 0
hot 1339 warm 0 cold 0
hot 2135 warm 0 cold 0
hot 2647 warm 0 cold 0
hot 2698 warm 0 cold 0
hot 2259 warm 0 cold 0
hot 3726 warm 0 cold 0
hot 4238 warm 0 cold 0
hot 70324 warm 0 cold 0
hot 13280 warm 0 cold 0
hot 14011 warm 0 cold 0
hot 17234 warm 0 cold 0
hot 18953 warm 0 cold 0
hot 24623 warm 0 cold 0
hot 90605 warm 0 cold 0
hot 26834 warm 0 cold 0
hot 101242 warm 0 cold 0
hot 29078 warm 0 cold 0
hot 25968 warm 0 cold 0
hot 5556 warm 0 cold 0
hot 2914 warm 0 cold 0
hot 3112 warm 0 cold 0
hot 3634 warm 0 cold 0
hot 3634 warm 0 cold 0
hot 4114 warm 0 cold 0
hot 4095 warm 0 cold 0
hot 20646 warm 0 cold 0
hot 6935 warm 0 cold 0
hot 7879 warm 0 cold 0
hot 8602 warm 0 cold 0
hot 10130 warm 0 cold 0
hot 11596 warm 0 cold 0
hot 12812 warm 0 cold 0
hot 13561 warm 0 cold 0
hot 30341 warm 0 cold 0
hot 15389 warm 0 cold 0
hot 32009 warm 0 cold 0
hot 12494 warm 0 cold 0
hot 2141 warm 0 cold 1
hot 5255 warm 0 cold 0
hot 5185 warm 0 cold 984
hot 1038134 warm 0 cold 0
hot 1087611 warm 0 cold 0
hot 989038 warm 0 cold 103648
hot 999553 warm 0 cold 93736
hot 1010592 warm 0 cold 85032
hot 1022015 warm 0 cold 77864
hot 1031659 warm 0 cold 71720
hot 1038761 warm 0 cold 65576
hot 59075 warm 0 cold 7316
hot 91119 warm 0 cold 6407
hot 91119 warm 0 cold 6407
hot 703504 warm 0 cold 6407
hot 1136450 warm 0 cold 6919
hot 1143370 warm 0 cold 9727
hot 1147354 warm 0 cold 9472
hot 1151592 warm 0 cold 9463
hot 77320 warm 2048 cold 7860
hot 77464 warm 2048 cold 7410
hot 79809 warm 2048 cold 7405
hot 967716 warm 2048 cold 7405
hot 1124551 warm 0 cold 9452
hot 1166081 warm 0 cold 9451
hot 1167841 warm 0 cold 12009
hot 1168848 warm 0 cold 12005
hot 1169980 warm 0 cold 12005
hot 1171037 warm 0 cold 12005
hot 1172482 warm 0 cold 12004
hot 90777 warm 0 cold 12000
hot 113203 warm 0 cold 12224
hot 1064599 warm 0 cold 12224
hot 1161045 warm 0 cold 12224
hot 1162583 warm 0 cold 12736
hot 1163249 warm 0 cold 14126
hot 1163993 warm 0 cold 15285
hot 1164700 warm 0 cold 15285
hot 1165395 warm 0 cold 15285
hot 43740 warm 0 cold 62379
hot 38730 warm 0 cold 61480
hot 38730 warm 0 cold 61480
hot 1038845 warm 0 cold 61480
hot 1115810 warm 0 cold 61738
hot 1119173 warm 0 cold 63825
hot 1121570 warm 0 cold 63152
hot 1123388 warm 0 cold 62454
hot 1124642 warm 0 cold 61819
hot 1125893 warm 0 cold 61469
hot 48756 warm 0 cold 61467
hot 77091 warm 0 cold 61444
hot 77092 warm 0 cold 61444
hot 1058801 warm 0 cold 61444
hot 1122889 warm 0 cold 61443
hot 1128326 warm 0 cold 61949
hot 1129859 warm 0 cold 62969
hot 1131874 warm 0 cold 62969
hot 46470 warm 0 cold 54681
hot 20263 warm 0 cold 40419
hot 964 warm 0 cold 19075
hot 33222 warm 0 cold 19064
hot 34243 warm 0 cold 19064
hot 34755 warm 0 cold 19064
hot 36295 warm 0 cold 19064
hot 36809 warm 0 cold 19064
hot 37836 warm 0 cold 19063
hot 8143 warm 0 cold 19063
hot 40913 warm 0 cold 19063
hot 41939 warm 0 cold 19063
hot 42964 warm 0 cold 19063
hot 12978 warm 0 cold 19063
hot 46141 warm 0 cold 19062
hot 17349 warm 0 cold 19062
hot 19301 warm 0 cold 19062
hot 23176 warm 0 cold 19062
hot 56045 warm 0 cold 19061
hot 58562 warm 0 cold 19061
hot 58562 warm 0 cold 19061
hot 30505 warm 0 cold 19060
hot 32589 warm 0 cold 19060
hot 35823 warm 0 cold 19060
hot 38259 warm 0 cold 19060
hot 73792 warm 0 cold 19060
hot 74937 warm 0 cold 19060
hot 74937 warm 0 cold 19060
hot 45815 warm 0 cold 19060
hot 25335 warm 0 cold 17724
hot 823 warm 0 cold 10574
hot 3868 warm 0 cold 10955
hot 4497 warm 0 cold 10954
hot 911 warm 0 cold 8716
hot 880 warm 0 cold 8716
hot 17849 warm 0 cold 8716
hot 1980 warm 0 cold 8716
hot 3519 warm 0 cold 8716
hot 19905 warm 0 cold 8716
hot 4034 warm 0 cold 8716
hot 5060 warm 0 cold 8716
hot 21447 warm 0 cold 8716
hot 5066 warm 0 cold 8716
hot 5591 warm 0 cold 8716
hot 739 warm 0 cold 7860
hot 67683 warm 0 cold 8245
hot 68662 warm 0 cold 8245
hot 70199 warm 0 cold 8245
hot 70712 warm 0 cold 8245
hot 71225 warm 0 cold 8245
hot 74193 warm 0 cold 8245
hot 85908 warm 0 cold 8245
hot 89837 warm 0 cold 8245
hot 97317 warm 0 cold 8245
hot 38648 warm 0 cold 8245
hot 105744 warm 0 cold 8245
hot 105745 warm 0 cold 8245
hot 127745 warm 0 cold 8245
hot 134600 warm 0 cold 8245
hot 139207 warm 0 cold 8245
hot 145484 warm 0 cold 8245
hot 147649 warm 0 cold 8245
hot 147650 warm 0 cold 8245
hot 155665 warm 0 cold 8245
hot 159273 warm 0 cold 8245
hot 161917 warm 0 cold 8245
hot 167228 warm 0 cold 8245
hot 170707 warm 0 cold 8245
hot 170708 warm 0 cold 8245
hot 170708 warm 0 cold 8245
hot 177694 warm 0 cold 8245
hot 179569 warm 0 cold 8245
hot 183209 warm 0 cold 8245
hot 121254 warm 0 cold 8245
hot 186790 warm 0 cold 8245
hot 186790 warm 0 cold 8245
hot 186791 warm 0 cold 8245
hot 190743 warm 0 cold 8245
hot 192592 warm 0 cold 8245
hot 129849 warm 0 cold 8245
hot 195388 warm 0 cold 8245
hot 195388 warm 0 cold 8245
hot 215426 warm 10 cold 401
hot 216216 warm 10 cold 2428
hot 216217 warm 10 cold 2427
hot 208852 warm 10 cold 428
hot 29417 warm 28 cold 1510
hot 134764 warm 0 cold 390
hot 136815 warm 0 cold 390
hot 138819 warm 0 cold 390
hot 140850 warm 0 cold 389
hot 10806 warm 0 cold 389
hot 143417 warm 0 cold 389
hot 143417 warm 0 cold 389
hot 17748 warm 0 cold 389
hot 149386 warm 0 cold 389
hot 151895 warm 5 cold 384
hot 23071 warm 5 cold 384
hot 5633 warm 4 cold 384
hot 1962 warm 0 cold 384
hot 6062 warm 0 cold 384
hot 8105 warm 0 cold 384
hot 13536 warm 0 cold 384
hot 16491 warm 0 cold 384
hot 18011 warm 0 cold 384
hot 17865 warm 0 cold 384
hot 17281 warm 0 cold 384
hot 3086 warm 0 cold 811
hot 17352 warm 0 cold 13
hot 6845 warm 0 cold 397
hot 25790 warm 0 cold 397
hot 14221 warm 0 cold 397
hot 33582 warm 0 cold 397
hot 23864 warm 0 cold 397
hot 41774 warm 0 cold 397
hot 29571 warm 0 cold 397
hot 31677 warm 0 cold 397
hot 35236 warm 0 cold 397
hot 38024 warm 0 cold 397
hot 991 warm 0 cold 384
hot 1992 warm 0 cold 415
hot 2492 warm 0 cold 414
hot 4543 warm 0 cold 413
hot 5058 warm 0 cold 412
hot 5059 warm 0 cold 412
hot 8644 warm 0 cold 412
hot 9157 warm 0 cold 412
hot 9663 warm 0 cold 412
hot 13760 warm 0 cold 412
hot 1617 warm 0 cold 628
hot 1469 warm 0 cold 390
hot 5410 warm 0 cold 388
hot 8729 warm 0 cold 388
hot 12743 warm 0 cold 387
hot 17664 warm 0 cold 386
hot 20222 warm 0 cold 386
hot 22271 warm 0 cold 386
hot 85875 warm 0 cold 386
hot 85875 warm 0 cold 386
hot 20572 warm 0 cold 386
hot 23020 warm 0 cold 386
hot 26792 warm 0 cold 386
hot 35495 warm 0 cold 386
hot 49441 warm 0 cold 386
hot 63167 warm 0 cold 386
hot 56808 warm 0 cold 690
hot 57292 warm 0 cold 690
hot 57790 warm 0 cold 690
hot 58601 warm 0 cold 690
hot 65452 warm 0 cold 690
hot 70769 warm 0 cold 690
hot 75829 warm 0 cold 689
hot 76053 warm 0 cold 689
hot 76456 warm 0 cold 688
hot 77173 warm 0 cold 688
hot 79177 warm 0 cold 688
hot 87214 warm 0 cold 687
hot 97362 warm 0 cold 687
hot 166815 warm 0 cold 687
hot 102662 warm 0 cold 687
hot 103314 warm 0 cold 687
hot 104096 warm 0 cold 661
hot 111195 warm 0 cold 659
hot 115871 warm 0 cold 659
hot 121032 warm 0 cold 638
hot 110454 warm 0 cold 383
hot 110020 warm 0 cold 383
hot 110462 warm 0 cold 382
hot 112680 warm 0 cold 382
hot 121625 warm 0 cold 382
hot 128768 warm 0 cold 382
hot 197353 warm 0 cold 382
hot 70553 warm 0 cold 382
hot 21795 warm 0 cold 380
hot 3501 warm 0 cold 388
hot 4014 warm 0 cold 388
hot 7041 warm 0 cold 388
hot 8579 warm 0 cold 388
hot 11141 warm 0 cold 387
hot 12167 warm 0 cold 387
hot 13191 warm 0 cold 387
hot 13191 warm 0 cold 387
hot 7020 warm 0 cold 415
hot 4883 warm 0 cold 9
hot 10004 warm 0 cold 393
hot 12504 warm 0 cold 393
hot 16063 warm 0 cold 393
hot 21695 warm 0 cold 393
hot 22260 warm 0 cold 393
hot 25333 warm 0 cold 393
hot 29942 warm 0 cold 393
hot 29942 warm 0 cold 393
hot 30455 warm 0 cold 393
hot 30456 warm 0 cold 393
hot 13500 warm 0 cold 463
hot 5689 warm 0 cold 386
hot 8085 warm 0 cold 386
hot 74652 warm 0 cold 386
hot 83360 warm 0 cold 386
hot 84383 warm 0 cold 386
hot 85407 warm 0 cold 386
hot 86430 warm 0 cold 386
hot 87454 warm 0 cold 386
hot 176029 warm 0 cold 386
hot 31883 warm 0 cold 386
hot 97684 warm 0 cold 386
hot 100942 warm 0 cold 386
hot 100942 warm 0 cold 386
hot 100941 warm 0 cold 386
hot 101453 warm 0 cold 386
hot 193100 warm 0 cold 386
hot 53793 warm 0 cold 386
hot 119510 warm 0 cold 386
hot 122296 warm 0 cold 386
hot 122296 warm 0 cold 386
hot 125367 warm 0 cold 386
hot 125367 warm 0 cold 386
hot 78509 warm 0 cold 386
hot 145340 warm 0 cold 386
hot 119346 warm 0 cold 386
hot 155187 warm 0 cold 386
hot 123442 warm 0 cold 386
hot 156210 warm 0 cold 386
hot 156210 warm 0 cold 386
hot 108255 warm 0 cold 386
hot 175965 warm 0 cold 386
hot 147565 warm 0 cold 386
hot 152173 warm 0 cold 386
hot 152174 warm 0 cold 386
hot 184430 warm 0 cold 386
hot 185454 warm 0 cold 386
hot 138331 warm 0 cold 386
hot 205553 warm 0 cold 386
hot 175821 warm 0 cold 386
hot 208078 warm 0 cold 386
hot 208078 warm 0 cold 386
hot 211150 warm 0 cold 386
hot 211662 warm 0 cold 386
hot 95128 warm 0 cold 389
hot 3736 warm 0 cold 0
hot 19901 warm 0 cold 395
hot 26417 warm 0 cold 395
hot 30413 warm 0 cold 395
hot 43086 warm 0 cold 395
hot 55363 warm 0 cold 395
hot 66520 warm 0 cold 395
hot 74842 warm 0 cold 394
