pgmigrate_success 88217212
pgmigrate_fail 300261
thp_migration_success 157134
thp_migration_fail 18
thp_migration_split 0
thp_fault_alloc 315905
thp_fault_fallback 0
thp_fault_fallback_charge 0
thp_collapse_alloc 28279
thp_collapse_alloc_failed 0
thp_file_alloc 354
thp_file_fallback 0
thp_file_fallback_charge 0
thp_file_mapped 0
thp_split_page 1781
thp_split_page_failed 15
thp_deferred_split_page 26265
thp_split_pmd 91942
thp_split_pud 0
thp_zero_page_alloc 1
thp_zero_page_alloc_failed 0
thp_swpout 0
thp_swpout_fallback 0
htmm_nr_promoted 69242931
htmm_nr_demoted 17556934
htmm_nr_sampled 0
htmm_missed_dramread 0
htmm_missed_nvmread 0
htmm_missed_write 0
htmm_alloc_dram 244269218
htmm_alloc_nvm 0
