hot 0 warm 0 cold 0
hot 164 warm 0 cold 0
hot 265 warm 0 cold 0
hot 347 warm 0 cold 0
hot 414 warm 0 cold 0
hot 481 warm 0 cold 0
hot 551 warm 0 cold 0
hot 623 warm 0 cold 0
hot 690 warm 0 cold 0
hot 794 warm 0 cold 0
hot 860 warm 0 cold 0
hot 933 warm 0 cold 0
hot 1001 warm 0 cold 0
hot 1076 warm 0 cold 0
hot 1145 warm 0 cold 0
hot 1208 warm 0 cold 0
hot 1268 warm 0 cold 0
hot 1307 warm 0 cold 17
hot 1707 warm 0 cold 128
hot 1914 warm 0 cold 128
hot 2178 warm 0 cold 128
hot 2450 warm 0 cold 128
hot 2684 warm 0 cold 128
hot 2951 warm 0 cold 128
hot 3165 warm 0 cold 128
hot 3374 warm 0 cold 128
hot 3582 warm 0 cold 127
hot 4680 warm 0 cold 127
hot 628 warm 0 cold 0
hot 814 warm 0 cold 0
hot 1854 warm 0 cold 0
hot 2355 warm 0 cold 0
hot 9850 warm 0 cold 0
hot 12727 warm 0 cold 0
hot 17688 warm 0 cold 0
hot 18889 warm 0 cold 0
hot 19877 warm 0 cold 0
hot 20795 warm 0 cold 0
hot 70753 warm 0 cold 0
hot 72304 warm 0 cold 0
hot 72304 warm 0 cold 0
hot 72304 warm 0 cold 0
hot 26706 warm 0 cold 0
hot 76605 warm 0 cold 0
hot 29988 warm 0 cold 0
hot 80136 warm 0 cold 0
hot 32750 warm 0 cold 0
hot 83060 warm 0 cold 0
hot 35378 warm 0 cold 0
hot 85484 warm 0 cold 0
hot 37592 warm 0 cold 0
hot 87689 warm 0 cold 0
hot 14343 warm 0 cold 0
hot 1098 warm 0 cold 0
hot 69864 warm 0 cold 0
hot 72087 warm 0 cold 0
hot 73822 warm 0 cold 0
hot 74223 warm 0 cold 0
hot 74482 warm 0 cold 0
hot 75157 warm 0 cold 0
hot 76288 warm 0 cold 0
hot 43519 warm 0 cold 0
hot 80754 warm 0 cold 0
hot 82644 warm 0 cold 0
hot 86714 warm 0 cold 0
hot 88628 warm 0 cold 0
hot 86224 warm 0 cold 0
hot 87388 warm 0 cold 0
hot 89464 warm 0 cold 0
hot 93019 warm 0 cold 0
hot 62374 warm 0 cold 0
hot 98659 warm 0 cold 0
hot 27840 warm 0 cold 0
hot 19397 warm 0 cold 0
hot 37210 warm 0 cold 0
hot 38750 warm 0 cold 0
hot 41117 warm 0 cold 0
hot 41182 warm 0 cold 0
hot 9806 warm 0 cold 0
hot 48688 warm 0 cold 0
hot 17636 warm 0 cold 0
hot 54892 warm 0 cold 0
hot 55935 warm 0 cold 0
hot 61107 warm 0 cold 0
hot 62080 warm 0 cold 0
hot 63782 warm 0 cold 0
hot 64882 warm 0 cold 0
hot 66903 warm 0 cold 0
hot 67960 warm 0 cold 0
hot 12176 warm 0 cold 0
hot 1535 warm 0 cold 0
hot 1849 warm 0 cold 0
hot 2234 warm 0 cold 0
hot 2553 warm 0 cold 0
hot 1149 warm 18 cold 0
hot 3107 warm 0 cold 0
hot 3565 warm 0 cold 0
hot 79351 warm 0 cold 0
hot 10872 warm 0 cold 0
hot 12689 warm 0 cold 0
hot 88149 warm 0 cold 0
hot 16839 warm 0 cold 0
hot 22004 warm 0 cold 0
hot 23208 warm 0 cold 0
hot 27965 warm 0 cold 0
hot 97059 warm 0 cold 0
hot 30634 warm 0 cold 0
hot 107018 warm 0 cold 0
hot 13287 warm 0 cold 0
hot 2558 warm 14 cold 0
hot 2813 warm 14 cold 0
hot 3025 warm 14 cold 0
hot 3692 warm 0 cold 0
hot 3625 warm 0 cold 0
hot 3516 warm 0 cold 0
hot 20187 warm 0 cold 0
hot 5464 warm 0 cold 0
hot 6219 warm 0 cold 0
hot 7239 warm 0 cold 0
hot 8061 warm 0 cold 0
hot 25314 warm 0 cold 0
hot 9731 warm 0 cold 0
hot 10645 warm 0 cold 0
hot 12261 warm 0 cold 0
hot 13866 warm 0 cold 0
hot 8994 warm 0 cold 0
hot 2375 warm 0 cold 0
hot 5730 warm 0 cold 0
hot 4756 warm 0 cold 814
hot 1083268 warm 0 cold 0
hot 1087824 warm 0 cold 0
hot 1094917 warm 0 cold 0
hot 1097537 warm 0 cold 0
hot 1098894 warm 0 cold 0
hot 1099963 warm 0 cold 0
hot 1100997 warm 0 cold 0
hot 15582 warm 0 cold 0
hot 49629 warm 1855 cold 0
hot 49629 warm 1855 cold 0
hot 1079773 warm 0 cold 0
hot 1093085 warm 0 cold 0
hot 1097694 warm 0 cold 0
hot 1098718 warm 0 cold 0
hot 1098718 warm 0 cold 0
hot 25789 warm 0 cold 0
hot 53140 warm 0 cold 0
hot 542103 warm 0 cold 0
hot 1100695 warm 0 cold 0
hot 1104794 warm 0 cold 0
hot 1110069 warm 0 cold 0
hot 1112649 warm 0 cold 0
hot 1113929 warm 0 cold 0
hot 1116793 warm 0 cold 317
hot 1123297 warm 0 cold 0
hot 44693 warm 0 cold 0
hot 37550 warm 0 cold 919
hot 1114558 warm 0 cold 0
hot 230344 warm 873984 cold 15350
hot 333325 warm 780288 cold 9666
hot 373708 warm 0 cold 749721
hot 420290 warm 0 cold 707456
hot 466235 warm 0 cold 664217
hot 501775 warm 0 cold 630937
hot 51833 warm 0 cold 11379
hot 70380 warm 0 cold 11178
hot 844592 warm 0 cold 10384
hot 1110469 warm 0 cold 10384
hot 1123852 warm 0 cold 10731
hot 1125272 warm 0 cold 10373
hot 1126878 warm 0 cold 10369
hot 1128860 warm 0 cold 10365
hot 49409 warm 0 cold 10472
hot 68817 warm 0 cold 9914
hot 1049951 warm 0 cold 9474
hot 1110671 warm 0 cold 9448
hot 78623 warm 1034664 cold 11421
hot 80604 warm 1036629 cold 12007
hot 83341 warm 1036779 cold 12007
hot 38878 warm 0 cold 6621
hot 16718 warm 0 cold 2083
hot 26368 warm 0 cold 1647
hot 30978 warm 0 cold 1646
hot 33027 warm 0 cold 1646
hot 35588 warm 0 cold 1645
hot 36094 warm 0 cold 1644
hot 36401 warm 0 cold 1644
hot 36397 warm 0 cold 1644
hot 6262 warm 0 cold 1644
hot 7753 warm 0 cold 1644
hot 9469 warm 0 cold 1644
hot 11271 warm 0 cold 1644
hot 13689 warm 0 cold 1643
hot 47597 warm 0 cold 1643
hot 47597 warm 0 cold 1643
hot 47598 warm 0 cold 1643
hot 22355 warm 0 cold 1641
hot 56403 warm 0 cold 1640
hot 56403 warm 0 cold 1640
hot 27644 warm 0 cold 1640
hot 61979 warm 0 cold 1639
hot 63222 warm 0 cold 1639
hot 63223 warm 0 cold 1638
hot 34925 warm 0 cold 1636
hot 67991 warm 0 cold 1636
hot 40265 warm 0 cold 0
hot 42337 warm 0 cold 0
hot 44123 warm 0 cold 0
hot 21577 warm 0 cold 0
hot 544 warm 0 cold 0
hot 2446 warm 0 cold 0
hot 4070 warm 0 cold 0
hot 1317 warm 0 cold 192
hot 1304 warm 0 cold 192
hot 17690 warm 0 cold 0
hot 1307 warm 0 cold 0
hot 1455 warm 0 cold 0
hot 18046 warm 0 cold 0
hot 1838 warm 0 cold 0
hot 2022 warm 0 cold 0
hot 18574 warm 0 cold 0
hot 3294 warm 0 cold 0
hot 3008 warm 0 cold 0
hot 67482 warm 0 cold 0
hot 70558 warm 0 cold 0
hot 73446 warm 0 cold 0
hot 76119 warm 0 cold 0
hot 78677 warm 0 cold 0
hot 81171 warm 0 cold 0
hot 82512 warm 0 cold 0
hot 84436 warm 0 cold 0
hot 85839 warm 0 cold 0
hot 92974 warm 0 cold 0
hot 97769 warm 0 cold 0
hot 103061 warm 0 cold 0
hot 107329 warm 0 cold 0
hot 110976 warm 0 cold 0
hot 113502 warm 0 cold 0
hot 117563 warm 0 cold 0
hot 121409 warm 0 cold 0
hot 123408 warm 0 cold 0
hot 126960 warm 0 cold 0
hot 130179 warm 0 cold 0
hot 133365 warm 0 cold 0
hot 136128 warm 0 cold 0
hot 139744 warm 0 cold 0
hot 141610 warm 0 cold 0
hot 144043 warm 0 cold 0
hot 146688 warm 0 cold 0
hot 149101 warm 0 cold 0
hot 151223 warm 0 cold 0
hot 153961 warm 0 cold 0
hot 156354 warm 0 cold 0
hot 158101 warm 0 cold 0
hot 160929 warm 0 cold 0
hot 163428 warm 0 cold 0
hot 165607 warm 0 cold 0
hot 168281 warm 0 cold 0
hot 171827 warm 0 cold 0
hot 173197 warm 0 cold 0
hot 175776 warm 0 cold 0
hot 177951 warm 0 cold 0
hot 179768 warm 0 cold 0
hot 184439 warm 0 cold 0
hot 191849 warm 0 cold 0
hot 48674 warm 15 cold 0
hot 3111 warm 4 cold 0
hot 136845 warm 0 cold 0
hot 138034 warm 0 cold 0
hot 139916 warm 0 cold 0
hot 145893 warm 0 cold 0
hot 149170 warm 0 cold 0
hot 151631 warm 0 cold 0
hot 155400 warm 0 cold 0
hot 157241 warm 0 cold 0
hot 156049 warm 0 cold 0
hot 161838 warm 0 cold 0
hot 6547 warm 72 cold 0
hot 3845 warm 0 cold 0
hot 7278 warm 0 cold 0
hot 11367 warm 0 cold 0
hot 13204 warm 0 cold 0
hot 16112 warm 0 cold 0
hot 19232 warm 0 cold 0
hot 22191 warm 0 cold 0
hot 27069 warm 0 cold 0
hot 5194 warm 0 cold 0
hot 21448 warm 0 cold 0
hot 15155 warm 0 cold 0
hot 38256 warm 0 cold 0
hot 30121 warm 0 cold 0
hot 51830 warm 0 cold 0
hot 41772 warm 0 cold 0
hot 48615 warm 0 cold 0
hot 71020 warm 0 cold 0
hot 59628 warm 0 cold 0
hot 78795 warm 0 cold 0
hot 20322 warm 0 cold 0
hot 2791 warm 0 cold 0
hot 2745 warm 0 cold 0
hot 6246 warm 2089 cold 0
hot 8299 warm 40 cold 0
hot 8358 warm 39 cold 0
hot 9382 warm 0 cold 0
hot 11943 warm 0 cold 0
hot 14505 warm 0 cold 0
hot 14505 warm 0 cold 0
hot 15016 warm 0 cold 0
hot 6907 warm 0 cold 0
hot 3287 warm 0 cold 0
hot 6047 warm 0 cold 0
hot 9565 warm 0 cold 0
hot 14906 warm 0 cold 0
hot 21677 warm 0 cold 0
hot 32012 warm 0 cold 0
hot 40244 warm 0 cold 0
hot 40033 warm 0 cold 0
hot 105574 warm 0 cold 0
hot 40119 warm 0 cold 0
hot 40978 warm 0 cold 511
hot 41363 warm 0 cold 511
hot 42248 warm 0 cold 510
hot 50382 warm 0 cold 0
hot 59391 warm 0 cold 0
hot 66461 warm 0 cold 0
hot 134247 warm 0 cold 0
hot 69880 warm 0 cold 0
hot 69896 warm 0 cold 0
hot 70871 warm 0 cold 0
hot 76822 warm 0 cold 0
hot 81364 warm 0 cold 0
hot 85242 warm 0 cold 0
hot 81502 warm 0 cold 0
hot 82348 warm 0 cold 0
hot 82979 warm 0 cold 0
hot 87836 warm 0 cold 0
hot 94503 warm 0 cold 0
hot 96050 warm 0 cold 0
hot 92590 warm 0 cold 0
hot 94179 warm 0 cold 0
hot 94822 warm 0 cold 0
hot 96052 warm 0 cold 0
hot 103773 warm 0 cold 0
hot 110967 warm 0 cold 0
hot 116446 warm 0 cold 0
hot 180905 warm 0 cold 0
hot 112892 warm 0 cold 0
hot 113553 warm 0 cold 0
hot 114611 warm 0 cold 0
hot 129087 warm 0 cold 0
hot 137163 warm 0 cold 0
hot 145247 warm 0 cold 0
hot 145658 warm 0 cold 0
hot 60010 warm 0 cold 0
hot 2144 warm 0 cold 0
hot 2223 warm 0 cold 192
hot 2888 warm 0 cold 0
hot 3360 warm 0 cold 0
hot 5410 warm 0 cold 0
hot 7970 warm 0 cold 0
hot 8994 warm 0 cold 0
hot 10530 warm 0 cold 0
hot 11042 warm 0 cold 0
hot 4229 warm 0 cold 0
hot 3225 warm 0 cold 200
hot 4559 warm 0 cold 200
hot 6556 warm 0 cold 0
hot 9802 warm 0 cold 0
hot 13680 warm 0 cold 0
hot 15051 warm 0 cold 0
hot 18159 warm 0 cold 0
hot 19758 warm 0 cold 0
hot 21349 warm 0 cold 0
hot 22269 warm 0 cold 0
hot 24613 warm 0 cold 0
hot 14534 warm 0 cold 0
hot 4222 warm 0 cold 191
hot 7088 warm 0 cold 0
hot 75182 warm 0 cold 0
hot 16894 warm 0 cold 0
hot 84734 warm 0 cold 0
hot 88520 warm 0 cold 0
hot 93713 warm 0 cold 0
hot 97435 warm 0 cold 0
hot 197299 warm 0 cold 0
hot 36989 warm 0 cold 0
hot 106597 warm 0 cold 0
hot 113054 warm 0 cold 0
hot 115830 warm 0 cold 0
hot 119362 warm 0 cold 0
hot 122064 warm 0 cold 0
hot 54971 warm 0 cold 0
hot 58042 warm 0 cold 0
hot 63158 warm 0 cold 0
hot 133935 warm 0 cold 0
hot 137851 warm 0 cold 0
hot 140438 warm 0 cold 0
hot 142081 warm 0 cold 0
hot 78705 warm 0 cold 0
hot 146938 warm 0 cold 0
hot 117620 warm 0 cold 0
hot 153458 warm 0 cold 0
hot 123781 warm 0 cold 0
hot 160083 warm 0 cold 0
hot 162849 warm 0 cold 0
hot 99768 warm 0 cold 0
hot 167069 warm 0 cold 0
hot 104796 warm 0 cold 0
hot 172816 warm 0 cold 0
hot 175201 warm 0 cold 0
hot 178901 warm 0 cold 0
hot 180898 warm 0 cold 0
hot 117816 warm 0 cold 0
hot 185192 warm 0 cold 0
hot 155490 warm 0 cold 0
hot 192047 warm 0 cold 0
hot 194663 warm 0 cold 0
hot 199072 warm 0 cold 0
hot 201281 warm 0 cold 0
hot 112814 warm 0 cold 0
hot 17710 warm 0 cold 0
hot 8796 warm 0 cold 0
hot 20702 warm 0 cold 0
hot 35900 warm 0 cold 0
hot 45964 warm 0 cold 0
hot 54913 warm 0 cold 0
hot 63961 warm 0 cold 0
hot 74014 warm 0 cold 0
hot 49584 warm 0 cold 0
