pgmigrate_success 89313390
pgmigrate_fail 391170
thp_migration_success 150387
thp_migration_fail 27
thp_migration_split 0
thp_fault_alloc 340159
thp_fault_fallback 0
thp_fault_fallback_charge 0
thp_collapse_alloc 9301
thp_collapse_alloc_failed 56141
thp_file_alloc 337
thp_file_fallback 0
thp_file_fallback_charge 0
thp_file_mapped 0
thp_split_page 3791
thp_split_page_failed 218
thp_deferred_split_page 8698
thp_split_pmd 10672
thp_split_pud 0
thp_zero_page_alloc 0
thp_zero_page_alloc_failed 0
thp_swpout 0
thp_swpout_fallback 0
htmm_nr_promoted 72377568
htmm_nr_demoted 13915393
htmm_nr_sampled 0
htmm_missed_dramread 1756
htmm_missed_nvmread 0
htmm_missed_write 0
htmm_alloc_dram 293183456
htmm_alloc_nvm 0
