pgmigrate_success 48710683
pgmigrate_fail 220359
thp_migration_success 85733
thp_migration_fail 0
thp_migration_split 0
thp_fault_alloc 194969
thp_fault_fallback 0
thp_fault_fallback_charge 0
thp_collapse_alloc 4557
thp_collapse_alloc_failed 25346
thp_file_alloc 200
thp_file_fallback 0
thp_file_fallback_charge 0
thp_file_mapped 0
thp_split_page 1700
thp_split_page_failed 161
thp_deferred_split_page 4048
thp_split_pmd 6198
thp_split_pud 0
thp_zero_page_alloc 0
thp_zero_page_alloc_failed 0
thp_swpout 0
thp_swpout_fallback 0
htmm_nr_promoted 38114219
htmm_nr_demoted 8589762
htmm_nr_sampled 0
htmm_missed_dramread 1059
htmm_missed_nvmread 0
htmm_missed_write 0
htmm_alloc_dram 142111955
htmm_alloc_nvm 0
