hot 0 warm 0 cold 0
hot 208 warm 0 cold 0
hot 287 warm 0 cold 0
hot 362 warm 0 cold 0
hot 423 warm 0 cold 0
hot 497 warm 0 cold 0
hot 564 warm 0 cold 0
hot 634 warm 0 cold 0
hot 705 warm 0 cold 0
hot 771 warm 0 cold 0
hot 842 warm 0 cold 0
hot 909 warm 0 cold 0
hot 968 warm 0 cold 0
hot 1034 warm 0 cold 0
hot 1140 warm 0 cold 0
hot 1209 warm 0 cold 0
hot 1272 warm 0 cold 0
hot 1434 warm 0 cold 129
hot 1760 warm 0 cold 129
hot 1954 warm 0 cold 129
hot 2196 warm 0 cold 129
hot 2404 warm 0 cold 129
hot 2613 warm 0 cold 129
hot 2840 warm 0 cold 129
hot 3035 warm 0 cold 129
hot 3239 warm 0 cold 129
hot 3561 warm 0 cold 129
hot 4977 warm 138 cold 0
hot 648 warm 0 cold 0
hot 5852 warm 0 cold 0
hot 6295 warm 0 cold 0
hot 29204 warm 0 cold 0
hot 24143 warm 0 cold 0
hot 17192 warm 0 cold 0
hot 18527 warm 0 cold 0
hot 19575 warm 0 cold 0
hot 20814 warm 0 cold 0
hot 70929 warm 0 cold 0
hot 71185 warm 0 cold 0
hot 71393 warm 0 cold 0
hot 71595 warm 0 cold 0
hot 26715 warm 0 cold 0
hot 78533 warm 0 cold 0
hot 30947 warm 0 cold 0
hot 81589 warm 0 cold 0
hot 33486 warm 0 cold 0
hot 85237 warm 0 cold 0
hot 36141 warm 0 cold 0
hot 86588 warm 0 cold 0
hot 38166 warm 0 cold 0
hot 88709 warm 0 cold 0
hot 26823 warm 0 cold 0
hot 2936 warm 0 cold 0
hot 74139 warm 0 cold 0
hot 74827 warm 0 cold 0
hot 75184 warm 0 cold 0
hot 75456 warm 0 cold 0
hot 76486 warm 0 cold 0
hot 76998 warm 0 cold 0
hot 79046 warm 0 cold 0
hot 79558 warm 0 cold 0
hot 80145 warm 0 cold 0
hot 83444 warm 0 cold 0
hot 52841 warm 0 cold 0
hot 90867 warm 0 cold 0
hot 59654 warm 0 cold 0
hot 96805 warm 0 cold 0
hot 62466 warm 0 cold 0
hot 98177 warm 0 cold 0
hot 35458 warm 0 cold 0
hot 102888 warm 0 cold 0
hot 104628 warm 0 cold 0
hot 3546 warm 0 cold 0
hot 38140 warm 0 cold 0
hot 38851 warm 0 cold 0
hot 38896 warm 0 cold 0
hot 40932 warm 0 cold 0
hot 41112 warm 0 cold 0
hot 49296 warm 0 cold 0
hot 50024 warm 0 cold 0
hot 55340 warm 0 cold 0
hot 56464 warm 0 cold 0
hot 61942 warm 0 cold 0
hot 64056 warm 0 cold 0
hot 66737 warm 0 cold 0
hot 67649 warm 0 cold 0
hot 74454 warm 0 cold 0
hot 74567 warm 0 cold 0
hot 21475 warm 187 cold 0
hot 3834 warm 0 cold 0
hot 4094 warm 0 cold 0
hot 5418 warm 0 cold 0
hot 6954 warm 0 cold 0
hot 5648 warm 0 cold 0
hot 5661 warm 0 cold 0
hot 7711 warm 0 cold 0
hot 9247 warm 0 cold 0
hot 12601 warm 337 cold 0
hot 14692 warm 0 cold 0
hot 17491 warm 0 cold 0
hot 19417 warm 0 cold 0
hot 22264 warm 0 cold 0
hot 26121 warm 0 cold 0
hot 28425 warm 0 cold 0
hot 92938 warm 0 cold 0
hot 32951 warm 0 cold 0
hot 33016 warm 0 cold 0
hot 27423 warm 0 cold 0
hot 9341 warm 0 cold 0
hot 3385 warm 0 cold 1
hot 3592 warm 0 cold 1
hot 3791 warm 0 cold 1
hot 3975 warm 0 cold 1
hot 4191 warm 0 cold 1
hot 5741 warm 0 cold 0
hot 5723 warm 0 cold 0
hot 6760 warm 0 cold 0
hot 7581 warm 0 cold 0
hot 24897 warm 0 cold 0
hot 8789 warm 0 cold 0
hot 25904 warm 0 cold 0
hot 10379 warm 0 cold 0
hot 11074 warm 0 cold 0
hot 28004 warm 0 cold 0
hot 9966 warm 0 cold 0
hot 3553 warm 0 cold 0
hot 7028 warm 0 cold 0
hot 4113 warm 0 cold 1918
hot 416280 warm 0 cold 0
hot 1085976 warm 0 cold 0
hot 1090414 warm 0 cold 0
hot 1093361 warm 0 cold 0
hot 1096207 warm 0 cold 0
hot 41301 warm 809472 cold 248978
hot 42123 warm 0 cold 1057628
hot 43232 warm 0 cold 1057947
hot 54879 warm 0 cold 6794
hot 85261 warm 0 cold 6996
hot 86267 warm 0 cold 9636
hot 1119231 warm 0 cold 6876
hot 1135877 warm 0 cold 7388
hot 1142411 warm 0 cold 16740
hot 1145261 warm 0 cold 14476
hot 1147434 warm 1536 cold 14472
hot 1149797 warm 2048 cold 13956
hot 70700 warm 3072 cold 12931
hot 70942 warm 3072 cold 13945
hot 99721 warm 3072 cold 13925
hot 1138271 warm 0 cold 16485
hot 1148870 warm 0 cold 16483
hot 1153667 warm 0 cold 16729
hot 1155564 warm 0 cold 16967
hot 1157814 warm 0 cold 16439
hot 1159160 warm 0 cold 17947
hot 1160291 warm 0 cold 17935
hot 48981 warm 0 cold 63385
hot 63152 warm 0 cold 63374
hot 452294 warm 0 cold 63374
hot 1111037 warm 0 cold 63374
hot 1114959 warm 0 cold 63250
hot 1119027 warm 0 cold 62860
hot 1121337 warm 0 cold 62860
hot 1123896 warm 0 cold 65907
hot 1126096 warm 0 cold 65907
hot 1127846 warm 0 cold 65907
hot 45687 warm 0 cold 65866
hot 72247 warm 0 cold 64880
hot 1080560 warm 0 cold 64753
hot 1120741 warm 0 cold 64880
hot 1126356 warm 0 cold 65382
hot 48599 warm 0 cold 1145947
hot 78205 warm 0 cold 1118458
hot 46310 warm 0 cold 66909
hot 73319 warm 0 cold 66210
hot 73319 warm 0 cold 66210
hot 1111883 warm 0 cold 66218
hot 1124937 warm 0 cold 66720
hot 1127799 warm 0 cold 66709
hot 1130001 warm 0 cold 69684
hot 1131977 warm 0 cold 69333
hot 27623 warm 0 cold 50921
hot 4815 warm 0 cold 17981
hot 33629 warm 0 cold 17658
hot 35167 warm 0 cold 17658
hot 35684 warm 0 cold 17657
hot 36196 warm 0 cold 17657
hot 37737 warm 0 cold 17656
hot 38249 warm 0 cold 17656
hot 39238 warm 0 cold 17656
hot 9032 warm 0 cold 17656
hot 10569 warm 0 cold 17656
hot 10571 warm 0 cold 17656
hot 11084 warm 0 cold 17656
hot 6188 warm 0 cold 17655
hot 37932 warm 0 cold 17655
hot 39468 warm 0 cold 17655
hot 39980 warm 0 cold 17655
hot 34658 warm 0 cold 17655
hot 3789 warm 0 cold 17655
hot 4105 warm 0 cold 17655
hot 4681 warm 0 cold 17655
hot 37763 warm 0 cold 17655
hot 38031 warm 0 cold 17655
hot 38032 warm 0 cold 17655
hot 5634 warm 0 cold 17655
hot 38753 warm 0 cold 17655
hot 39046 warm 0 cold 17655
hot 39046 warm 0 cold 17655
hot 7515 warm 0 cold 17655
hot 2310 warm 1 cold 17732
hot 276 warm 0 cold 17662
hot 658 warm 0 cold 17662
hot 1055 warm 0 cold 17662
hot 238 warm 0 cold 17908
hot 788 warm 0 cold 17721
hot 17666 warm 0 cold 17720
hot 18182 warm 0 cold 17719
hot 2313 warm 0 cold 17718
hot 2314 warm 0 cold 17716
hot 18703 warm 0 cold 17716
hot 2321 warm 0 cold 17716
hot 2324 warm 0 cold 17716
hot 18713 warm 0 cold 17715
hot 647 warm 0 cold 17645
hot 65745 warm 0 cold 17624
hot 67462 warm 0 cold 17622
hot 70016 warm 0 cold 17622
hot 71557 warm 0 cold 17621
hot 71559 warm 0 cold 17621
hot 73559 warm 0 cold 17621
hot 75071 warm 0 cold 17621
hot 77632 warm 0 cold 17621
hot 80622 warm 0 cold 17621
hot 83132 warm 0 cold 17621
hot 82684 warm 0 cold 17621
hot 82687 warm 0 cold 17621
hot 82688 warm 0 cold 17621
hot 83200 warm 0 cold 17621
hot 83665 warm 0 cold 17621
hot 83483 warm 0 cold 17621
hot 83998 warm 0 cold 17621
hot 94754 warm 0 cold 17620
hot 94755 warm 0 cold 17620
hot 95267 warm 0 cold 17620
hot 95268 warm 0 cold 17620
hot 95268 warm 0 cold 17620
hot 95782 warm 0 cold 17620
hot 97319 warm 0 cold 17620
hot 113217 warm 0 cold 17620
hot 113217 warm 0 cold 17620
hot 113217 warm 0 cold 17620
hot 113218 warm 0 cold 17620
hot 69046 warm 63 cold 148
hot 195116 warm 92 cold 1797
hot 181871 warm 91 cold 303
hot 182383 warm 91 cold 303
hot 182383 warm 91 cold 303
hot 182384 warm 90 cold 303
hot 182384 warm 90 cold 303
hot 182387 warm 90 cold 1326
hot 173373 warm 24 cold 1302
hot 173373 warm 24 cold 1302
hot 173373 warm 0 cold 1326
hot 173373 warm 0 cold 1326
hot 173373 warm 0 cold 1326
hot 173373 warm 0 cold 1326
hot 173842 warm 0 cold 1326
hot 175891 warm 24 cold 1814
hot 9967 warm 0 cold 1490
hot 1595 warm 0 cold 189
hot 133691 warm 0 cold 232
hot 135230 warm 0 cold 232
hot 135720 warm 0 cold 232
hot 6698 warm 0 cold 232
hot 137770 warm 0 cold 232
hot 138824 warm 0 cold 232
hot 140872 warm 0 cold 232
hot 141992 warm 0 cold 232
hot 141991 warm 0 cold 232
hot 145576 warm 0 cold 232
hot 1077 warm 0 cold 302
hot 7338 warm 0 cold 301
hot 9896 warm 0 cold 301
hot 12375 warm 0 cold 301
hot 13909 warm 0 cold 301
hot 15909 warm 0 cold 301
hot 16841 warm 0 cold 300
hot 18287 warm 0 cold 300
hot 18752 warm 0 cold 300
hot 1295 warm 0 cold 318
hot 20118 warm 0 cold 297
hot 10390 warm 0 cold 297
hot 27799 warm 8 cold 289
hot 15950 warm 8 cold 289
hot 32368 warm 8 cold 289
hot 39733 warm 8 cold 289
hot 27798 warm 8 cold 289
hot 36024 warm 8 cold 289
hot 45579 warm 8 cold 289
hot 48679 warm 7 cold 289
hot 4489 warm 14 cold 283
hot 1272 warm 14 cold 245
hot 1537 warm 14 cold 244
hot 5694 warm 14 cold 236
hot 6718 warm 14 cold 236
hot 11329 warm 14 cold 236
hot 12354 warm 14 cold 236
hot 12866 warm 14 cold 236
hot 12868 warm 14 cold 236
hot 13382 warm 14 cold 236
hot 14406 warm 14 cold 236
hot 1011 warm 9 cold 39
hot 6740 warm 9 cold 232
hot 10073 warm 9 cold 232
hot 14433 warm 9 cold 232
hot 16322 warm 9 cold 232
hot 23388 warm 9 cold 232
hot 25949 warm 9 cold 232
hot 31376 warm 9 cold 232
hot 92565 warm 9 cold 232
hot 27797 warm 9 cold 232
hot 28925 warm 9 cold 232
hot 29818 warm 9 cold 232
hot 34688 warm 9 cold 232
hot 51518 warm 9 cold 232
hot 60224 warm 9 cold 232
hot 56962 warm 9 cold 232
hot 58137 warm 9 cold 232
hot 58385 warm 9 cold 232
hot 59714 warm 9 cold 232
hot 66414 warm 9 cold 232
hot 70387 warm 9 cold 232
hot 74352 warm 9 cold 232
hot 134014 warm 9 cold 232
hot 69201 warm 9 cold 232
hot 70134 warm 9 cold 232
hot 71986 warm 9 cold 232
hot 78715 warm 9 cold 232
hot 82446 warm 9 cold 232
hot 85749 warm 9 cold 232
hot 148949 warm 9 cold 232
hot 83679 warm 9 cold 232
hot 84894 warm 9 cold 232
hot 86733 warm 9 cold 232
hot 94868 warm 8 cold 232
hot 101644 warm 8 cold 232
hot 108829 warm 8 cold 232
hot 104431 warm 8 cold 232
hot 105007 warm 8 cold 232
hot 106251 warm 8 cold 232
hot 111061 warm 8 cold 232
hot 118277 warm 8 cold 232
hot 125095 warm 8 cold 232
hot 189787 warm 8 cold 232
hot 124563 warm 8 cold 232
hot 32091 warm 7 cold 260
hot 2294 warm 9 cold 128
hot 2997 warm 9 cold 320
hot 2886 warm 9 cold 320
hot 3159 warm 9 cold 320
hot 4713 warm 9 cold 320
hot 7274 warm 8 cold 320
hot 7274 warm 8 cold 320
hot 7275 warm 8 cold 319
hot 6526 warm 8 cold 315
hot 2120 warm 8 cold 140
hot 4389 warm 8 cold 337
hot 5904 warm 8 cold 337
hot 5798 warm 8 cold 337
hot 8874 warm 8 cold 337
hot 15018 warm 8 cold 337
hot 16043 warm 8 cold 336
hot 19117 warm 8 cold 336
hot 19556 warm 8 cold 336
hot 20070 warm 8 cold 336
hot 21658 warm 8 cold 336
hot 24975 warm 8 cold 336
hot 3498 warm 8 cold 129
hot 4723 warm 8 cold 310
hot 7700 warm 8 cold 310
hot 74766 warm 8 cold 310
hot 43973 warm 8 cold 310
hot 78277 warm 8 cold 310
hot 79301 warm 8 cold 310
hot 78788 warm 8 cold 310
hot 79301 warm 8 cold 310
hot 79302 warm 8 cold 310
hot 29571 warm 8 cold 310
hot 96079 warm 8 cold 310
hot 68449 warm 8 cold 310
hot 100705 warm 8 cold 310
hot 100705 warm 8 cold 310
hot 101728 warm 8 cold 310
hot 102240 warm 8 cold 310
hot 50642 warm 8 cold 310
hot 117501 warm 8 cold 310
hot 88618 warm 8 cold 310
hot 124458 warm 8 cold 310
hot 124458 warm 8 cold 310
hot 123946 warm 8 cold 310
hot 124458 warm 8 cold 310
hot 171049 warm 8 cold 310
hot 73680 warm 8 cold 310
hot 140146 warm 8 cold 310
hot 143919 warm 8 cold 310
hot 143919 warm 8 cold 310
hot 111150 warm 8 cold 310
hot 143406 warm 8 cold 310
hot 143406 warm 8 cold 310
hot 95268 warm 8 cold 310
hot 162524 warm 8 cold 310
hot 100652 warm 8 cold 310
hot 169774 warm 8 cold 310
hot 137005 warm 8 cold 310
hot 169261 warm 8 cold 310
hot 169261 warm 8 cold 310
hot 116177 warm 8 cold 310
hot 183103 warm 8 cold 310
hot 153968 warm 8 cold 310
hot 186736 warm 8 cold 310
hot 186737 warm 8 cold 310
hot 186224 warm 8 cold 310
hot 186736 warm 8 cold 310
hot 154479 warm 8 cold 310
hot 75892 warm 8 cold 329
hot 4786 warm 8 cold 64
hot 17276 warm 8 cold 243
hot 27094 warm 8 cold 243
hot 36985 warm 8 cold 243
hot 47410 warm 8 cold 243
hot 58383 warm 8 cold 243
hot 68396 warm 8 cold 243
hot 75489 warm 8 cold 243
