pgmigrate_success 250619580
pgmigrate_fail 359946
thp_migration_success 327722
thp_migration_fail 106
thp_migration_split 0
thp_fault_alloc 533943
thp_fault_fallback 5446
thp_fault_fallback_charge 0
thp_collapse_alloc 751
thp_collapse_alloc_failed 0
thp_file_alloc 0
thp_file_fallback 0
thp_file_fallback_charge 0
thp_file_mapped 0
thp_split_page 239
thp_split_page_failed 0
thp_deferred_split_page 1767
thp_split_pmd 21906
thp_split_pud 0
thp_zero_page_alloc 0
thp_zero_page_alloc_failed 0
thp_swpout 0
thp_swpout_fallback 0
htmm_nr_promoted 117645019
htmm_nr_demoted 125819341
htmm_nr_sampled 0
htmm_missed_dramread 0
htmm_missed_nvmread 0
htmm_missed_write 0
htmm_alloc_dram 535995294
htmm_alloc_nvm 0
