pgmigrate_success 33319800
pgmigrate_fail 63089
thp_migration_success 29390
thp_migration_fail 21
thp_migration_split 0
thp_fault_alloc 59152
thp_fault_fallback 499
thp_fault_fallback_charge 0
thp_collapse_alloc 249
thp_collapse_alloc_failed 0
thp_file_alloc 0
thp_file_fallback 0
thp_file_fallback_charge 0
thp_file_mapped 0
thp_split_page 111
thp_split_page_failed 0
thp_deferred_split_page 546
thp_split_pmd 981
thp_split_pud 0
thp_zero_page_alloc 0
thp_zero_page_alloc_failed 0
thp_swpout 0
thp_swpout_fallback 0
htmm_nr_promoted 23552916
htmm_nr_demoted 6614756
htmm_nr_sampled 0
htmm_missed_dramread 0
htmm_missed_nvmread 0
htmm_missed_write 0
htmm_alloc_dram 128425645
htmm_alloc_nvm 0
