pgmigrate_success 24490527
pgmigrate_success 24490527
pgmigrate_success 24490527
pgmigrate_success 24490527
pgmigrate_success 24490527
pgmigrate_success 24490527
pgmigrate_success 24490527
pgmigrate_success 24536698
pgmigrate_success 24691482
pgmigrate_success 24838131
pgmigrate_success 24998225
pgmigrate_success 25145553
pgmigrate_success 25298737
pgmigrate_success 25458451
pgmigrate_success 25535526
pgmigrate_success 25619949
pgmigrate_success 25702314
pgmigrate_success 25774169
pgmigrate_success 25814255
pgmigrate_success 25836228
pgmigrate_success 25836426
pgmigrate_success 25836523
pgmigrate_success 25836523
pgmigrate_success 25836530
pgmigrate_success 25836532
pgmigrate_success 25836532
pgmigrate_success 25836532
pgmigrate_success 25836532
pgmigrate_success 25838816
pgmigrate_success 25838842
pgmigrate_success 25838842
pgmigrate_success 25839762
pgmigrate_success 25839767
pgmigrate_success 25839767
pgmigrate_success 25839767
pgmigrate_success 25839767
pgmigrate_success 25839767
pgmigrate_success 25914775
pgmigrate_success 26164599
pgmigrate_success 26408375
pgmigrate_success 26544936
pgmigrate_success 26586484
pgmigrate_success 26586619
pgmigrate_success 26587195
pgmigrate_success 26587195
pgmigrate_success 26588007
pgmigrate_success 26588007
pgmigrate_success 26588019
pgmigrate_success 26588019
pgmigrate_success 26588019
pgmigrate_success 26589462
pgmigrate_success 26589468
pgmigrate_success 26589470
pgmigrate_success 26589470
pgmigrate_success 26724894
pgmigrate_success 26926910
pgmigrate_success 27052924
pgmigrate_success 27144795
pgmigrate_success 27213399
pgmigrate_success 27213411
pgmigrate_success 27213411
pgmigrate_success 27213412
pgmigrate_success 27213412
pgmigrate_success 27213412
pgmigrate_success 27213412
pgmigrate_success 27213412
pgmigrate_success 27213412
pgmigrate_success 27213412
pgmigrate_success 27213412
pgmigrate_success 27213412
pgmigrate_success 27213657
pgmigrate_success 27224898
pgmigrate_success 27250659
pgmigrate_success 27416730
pgmigrate_success 27505504
pgmigrate_success 27585594
pgmigrate_success 27586006
pgmigrate_success 27586006
pgmigrate_success 27586018
pgmigrate_success 27586018
pgmigrate_success 27586018
pgmigrate_success 27586019
pgmigrate_success 27586019
pgmigrate_success 27586019
pgmigrate_success 27586019
pgmigrate_success 27586019
pgmigrate_success 27593467
pgmigrate_success 27609414
pgmigrate_success 27612073
pgmigrate_success 27612073
pgmigrate_success 27612073
pgmigrate_success 27631196
pgmigrate_success 27631282
pgmigrate_success 27631282
pgmigrate_success 27631316
pgmigrate_success 27631392
pgmigrate_success 27631921
pgmigrate_success 27631921
pgmigrate_success 27631921
pgmigrate_success 27631921
pgmigrate_success 27631921
pgmigrate_success 27631921
pgmigrate_success 27631921
pgmigrate_success 27632704
pgmigrate_success 27792231
pgmigrate_success 27863819
pgmigrate_success 27863819
pgmigrate_success 27959243
pgmigrate_success 28147930
pgmigrate_success 28218830
pgmigrate_success 28294007
pgmigrate_success 28328421
pgmigrate_success 28328421
pgmigrate_success 28328426
pgmigrate_success 28328426
pgmigrate_success 28328430
pgmigrate_success 28328430
pgmigrate_success 28328430
pgmigrate_success 28328430
pgmigrate_success 28328435
pgmigrate_success 28328435
pgmigrate_success 28356956
pgmigrate_success 28356957
pgmigrate_success 28413118
pgmigrate_success 28438206
pgmigrate_success 28438221
pgmigrate_success 28438233
pgmigrate_success 28438233
pgmigrate_success 28438233
pgmigrate_success 28438233
pgmigrate_success 28438233
pgmigrate_success 28438233
pgmigrate_success 28440210
pgmigrate_success 28494551
pgmigrate_success 28522189
pgmigrate_success 28558673
pgmigrate_success 28647382
pgmigrate_success 28647397
pgmigrate_success 28647409
pgmigrate_success 28647421
pgmigrate_success 28647433
pgmigrate_success 28647445
pgmigrate_success 28647457
pgmigrate_success 28698765
pgmigrate_success 28751001
pgmigrate_success 28751013
pgmigrate_success 28787244
pgmigrate_success 28787308
pgmigrate_success 28819972
pgmigrate_success 28820026
pgmigrate_success 28843424
pgmigrate_success 28915938
pgmigrate_success 28943074
pgmigrate_success 28943087
pgmigrate_success 28943100
pgmigrate_success 28943112
pgmigrate_success 28943124
pgmigrate_success 28944160
pgmigrate_success 29031032
pgmigrate_success 29077624
pgmigrate_success 29077641
pgmigrate_success 29077655
pgmigrate_success 29077669
pgmigrate_success 29077683
pgmigrate_success 29077697
pgmigrate_success 29097609
pgmigrate_success 29180222
pgmigrate_success 29180234
pgmigrate_success 29180246
pgmigrate_success 29180259
pgmigrate_success 29180271
pgmigrate_success 29180283
pgmigrate_success 29195299
pgmigrate_success 29325675
pgmigrate_success 29452861
pgmigrate_success 29499881
pgmigrate_success 29604194
pgmigrate_success 29664314
pgmigrate_success 29674601
pgmigrate_success 29674601
pgmigrate_success 29674729
pgmigrate_success 29674741
pgmigrate_success 29674741
pgmigrate_success 29674741
pgmigrate_success 29674753
pgmigrate_success 29674753
pgmigrate_success 29674753
pgmigrate_success 29674753
pgmigrate_success 29674753
pgmigrate_success 29674753
pgmigrate_success 29674753
pgmigrate_success 29674753
pgmigrate_success 29674753
pgmigrate_success 29674753
pgmigrate_success 29674753
pgmigrate_success 29674753
pgmigrate_success 29674753
pgmigrate_success 29740752
pgmigrate_success 29740760
pgmigrate_success 29740762
pgmigrate_success 29740762
pgmigrate_success 29781990
pgmigrate_success 29781990
pgmigrate_success 29781990
pgmigrate_success 29781990
pgmigrate_success 29781990
pgmigrate_success 29781990
pgmigrate_success 29781990
pgmigrate_success 29781990
pgmigrate_success 29781990
pgmigrate_success 29781990
pgmigrate_success 29786368
pgmigrate_success 29786380
pgmigrate_success 29786392
pgmigrate_success 29858716
pgmigrate_success 30098210
pgmigrate_success 30169427
pgmigrate_success 30232359
pgmigrate_success 30316863
pgmigrate_success 30362144
pgmigrate_success 30362144
pgmigrate_success 30362163
pgmigrate_success 30362164
pgmigrate_success 30362164
pgmigrate_success 30362164
pgmigrate_success 30362164
pgmigrate_success 30372872
pgmigrate_success 30383832
pgmigrate_success 30383832
pgmigrate_success 30383832
pgmigrate_success 30383832
pgmigrate_success 30383832
pgmigrate_success 30383832
pgmigrate_success 30383832
pgmigrate_success 30383832
pgmigrate_success 30383832
pgmigrate_success 30383832
pgmigrate_success 30383832
pgmigrate_success 30383833
pgmigrate_success 30383833
pgmigrate_success 30383833
pgmigrate_success 30383833
pgmigrate_success 30385590
pgmigrate_success 30388429
pgmigrate_success 30388429
pgmigrate_success 30388429
pgmigrate_success 30388430
pgmigrate_success 30388430
pgmigrate_success 30388430
pgmigrate_success 30396668
pgmigrate_success 30607731
pgmigrate_success 30607746
pgmigrate_success 30607746
pgmigrate_success 30607746
pgmigrate_success 30607746
pgmigrate_success 30607758
pgmigrate_success 30607770
pgmigrate_success 30607770
pgmigrate_success 30609255
pgmigrate_success 30609273
pgmigrate_success 30609273
pgmigrate_success 30609273
pgmigrate_success 30609273
pgmigrate_success 30609273
pgmigrate_success 30609273
pgmigrate_success 30639027
pgmigrate_success 30654422
pgmigrate_success 30654422
pgmigrate_success 30654424
pgmigrate_success 30654424
pgmigrate_success 30654425
pgmigrate_success 30654425
pgmigrate_success 30654426
pgmigrate_success 30654427
pgmigrate_success 30657504
pgmigrate_success 30657528
pgmigrate_success 30657528
pgmigrate_success 30657528
pgmigrate_success 30657528
pgmigrate_success 30657528
pgmigrate_success 30657528
pgmigrate_success 30657528
pgmigrate_success 30657528
pgmigrate_success 30699187
pgmigrate_success 30699202
pgmigrate_success 30699202
pgmigrate_success 30699202
pgmigrate_success 30699219
pgmigrate_success 30699219
pgmigrate_success 30712541
pgmigrate_success 30790362
pgmigrate_success 30790419
pgmigrate_success 30790419
pgmigrate_success 30790419
pgmigrate_success 30790419
pgmigrate_success 30790419
pgmigrate_success 30790419
pgmigrate_success 30790419
pgmigrate_success 30790419
pgmigrate_success 30790419
pgmigrate_success 30790419
pgmigrate_success 30790419
pgmigrate_success 30790419
pgmigrate_success 30790419
pgmigrate_success 30790420
pgmigrate_success 30790420
pgmigrate_success 30790420
pgmigrate_success 30790420
pgmigrate_success 30790420
pgmigrate_success 30790420
pgmigrate_success 30790420
pgmigrate_success 30790421
pgmigrate_success 30790421
pgmigrate_success 30790421
pgmigrate_success 30790421
pgmigrate_success 30790421
pgmigrate_success 30790421
pgmigrate_success 30790421
pgmigrate_success 30790421
pgmigrate_success 30790421
pgmigrate_success 30790421
pgmigrate_success 30795732
pgmigrate_success 30860257
pgmigrate_success 30860263
pgmigrate_success 30860275
pgmigrate_success 30860275
pgmigrate_success 30860275
pgmigrate_success 30860275
pgmigrate_success 30860275
pgmigrate_success 30860275
pgmigrate_success 30862064
pgmigrate_success 30882586
pgmigrate_success 30882804
pgmigrate_success 30882804
pgmigrate_success 30882804
pgmigrate_success 30882805
pgmigrate_success 30882805
pgmigrate_success 30882805
pgmigrate_success 30882805
pgmigrate_success 30882805
pgmigrate_success 30882805
pgmigrate_success 30885782
pgmigrate_success 30927854
pgmigrate_success 30927873
pgmigrate_success 30929921
pgmigrate_success 30930945
pgmigrate_success 30930945
pgmigrate_success 30930945
pgmigrate_success 30930945
pgmigrate_success 30930945
pgmigrate_success 30930945
pgmigrate_success 30930945
pgmigrate_success 30930945
pgmigrate_success 30930945
pgmigrate_success 30930945
pgmigrate_success 30930945
pgmigrate_success 30930946
pgmigrate_success 30930946
pgmigrate_success 30930946
pgmigrate_success 30930946
pgmigrate_success 30930946
pgmigrate_success 30930946
pgmigrate_success 30930946
pgmigrate_success 30930946
pgmigrate_success 30930946
pgmigrate_success 30930946
pgmigrate_success 30930946
pgmigrate_success 30930946
pgmigrate_success 30930946
pgmigrate_success 30930946
pgmigrate_success 30930946
pgmigrate_success 30930946
pgmigrate_success 30930946
pgmigrate_success 30930946
pgmigrate_success 30930946
pgmigrate_success 30930946
pgmigrate_success 30930946
pgmigrate_success 30930946
pgmigrate_success 30930946
pgmigrate_success 30930946
pgmigrate_success 30930946
pgmigrate_success 30930946
pgmigrate_success 30930946
pgmigrate_success 30930946
pgmigrate_success 30930946
pgmigrate_success 30930946
pgmigrate_success 30930946
pgmigrate_success 30930946
pgmigrate_success 30930946
pgmigrate_success 30986171
pgmigrate_success 30986221
pgmigrate_success 30986223
pgmigrate_success 30986223
pgmigrate_success 30986223
pgmigrate_success 30986223
