pgmigrate_success 30986224
pgmigrate_fail 77463
thp_migration_success 30751
thp_migration_fail 0
thp_migration_split 0
thp_fault_alloc 62029
thp_fault_fallback 1912
thp_fault_fallback_charge 0
thp_collapse_alloc 106
thp_collapse_alloc_failed 0
thp_file_alloc 0
thp_file_fallback 0
thp_file_fallback_charge 0
thp_file_mapped 0
thp_split_page 28
thp_split_page_failed 0
thp_deferred_split_page 110
thp_split_pmd 113
thp_split_pud 0
thp_zero_page_alloc 0
thp_zero_page_alloc_failed 0
thp_swpout 0
thp_swpout_fallback 0
htmm_nr_promoted 4932916
htmm_nr_demoted 24032272
htmm_nr_sampled 0
htmm_missed_dramread 0
htmm_missed_nvmread 0
htmm_missed_write 0
htmm_alloc_dram 74445067
htmm_alloc_nvm 0
