anon 1085440
anon_thp 0
anon 207904768
anon_thp 6291456
anon 530399232
anon_thp 6291456
anon 866111488
anon_thp 6291456
anon 1181171712
anon_thp 6291456
anon 1493807104
anon_thp 6291456
anon 1817952256
anon_thp 6291456
anon 2128056320
anon_thp 6291456
anon 2444357632
anon_thp 6291456
anon 2758037504
anon_thp 6291456
anon 3074965504
anon_thp 6291456
anon 3397238784
anon_thp 6291456
anon 3711901696
anon_thp 6291456
anon 4027203584
anon_thp 6291456
anon 4346212352
anon_thp 6291456
anon 4668432384
anon_thp 6291456
anon 4982808576
anon_thp 6291456
anon 5298761728
anon_thp 6291456
anon 5572665344
anon_thp 6291456
anon 5573226496
anon_thp 6291456
anon 5574950912
anon_thp 6291456
anon 5575135232
anon_thp 6291456
anon 5576310784
anon_thp 6291456
anon 5576531968
anon_thp 6291456
anon 5577621504
anon_thp 6291456
anon 5577785344
anon_thp 6291456
anon 5578473472
anon_thp 6291456
anon 5578657792
anon_thp 6291456
anon 48746496
anon_thp 20971520
anon 507392000
anon_thp 77594624
anon 851738624
anon_thp 77594624
anon 1287766016
anon_thp 150994944
anon 1487515648
anon_thp 234881024
anon 193081344
anon_thp 92274688
anon 606838784
anon_thp 92274688
anon 994189312
anon_thp 92274688
anon 1393283072
anon_thp 92274688
anon 2195116032
anon_thp 297795584
anon 3526156288
anon_thp 304087040
anon 4848214016
anon_thp 308281344
anon 6141407232
anon_thp 312475648
anon 6771011584
anon_thp 111149056
anon 7002001408
anon_thp 312475648
anon 7029460992
anon_thp 312475648
anon 7033303040
anon_thp 312475648
anon 7038914560
anon_thp 312475648
anon 6848823296
anon_thp 111149056
anon 7050952704
anon_thp 312475648
anon 6863638528
anon_thp 111149056
anon 7071944704
anon_thp 312475648
anon 242167808
anon_thp 12582912
anon 1639641088
anon_thp 308281344
anon 2095595520
anon_thp 308281344
anon 2589065216
anon_thp 308281344
anon 3082805248
anon_thp 308281344
anon 3579404288
anon_thp 310378496
anon 4066734080
anon_thp 312475648
anon 4560756736
anon_thp 316669952
anon 5048446976
anon_thp 316669952
anon 5492543488
anon_thp 299892736
anon 5529796608
anon_thp 335544320
anon 5267308544
anon_thp 67108864
anon 5593423872
anon_thp 333447168
anon 5593436160
anon_thp 333447168
anon 5742469120
anon_thp 337641472
anon 5742473216
anon_thp 337641472
anon 5484421120
anon_thp 71303168
anon 5824757760
anon_thp 352321536
anon 5666091008
anon_thp 220200960
anon 5876928512
anon_thp 352321536
anon 5876924416
anon_thp 352321536
anon 1116614656
anon_thp 81788928
anon 1835057152
anon_thp 203423744
anon 3254263808
anon_thp 205520896
anon 4656930816
anon_thp 207618048
anon 6005551104
anon_thp 213909504
anon 7353716736
anon_thp 213909504
anon 7965736960
anon_thp 228589568
anon 7965802496
anon_thp 228589568
anon 7995273216
anon_thp 228589568
anon 7995273216
anon_thp 228589568
anon 8025870336
anon_thp 243269632
anon 8025870336
anon_thp 243269632
anon 8045195264
anon_thp 253755392
anon 8045191168
anon_thp 253755392
anon 8059564032
anon_thp 266338304
anon 8059559936
anon_thp 266338304
anon 4334305280
anon_thp 127926272
anon 2026598400
anon_thp 62914560
anon 5110116352
anon_thp 65011712
anon 5111033856
anon_thp 65011712
anon 5112193024
anon_thp 65011712
anon 807186432
anon_thp 25165824
anon 4673884160
anon_thp 29360128
anon 7706636288
anon_thp 39845888
anon 9461481472
anon_thp 339738624
anon 9335533568
anon_thp 52428800
anon 9406484480
anon_thp 65011712
anon 9767403520
anon_thp 364904448
anon 9481428992
anon_thp 75497472
anon 9501892608
anon_thp 88080384
anon 9813790720
anon_thp 387973120
anon 9517469696
anon_thp 88080384
anon 9832812544
anon_thp 387973120
anon 5734031360
anon_thp 69206016
anon 5734027264
anon_thp 69206016
anon 5734035456
anon_thp 69206016
anon 5734031360
anon_thp 69206016
anon 5734035456
anon_thp 69206016
anon 5734035456
anon_thp 69206016
anon 5734035456
anon_thp 69206016
anon 5734031360
anon_thp 69206016
anon 5734031360
anon_thp 69206016
anon 5734031360
anon_thp 69206016
anon 5734031360
anon_thp 69206016
anon 5734031360
anon_thp 69206016
anon 5734035456
anon_thp 69206016
anon 5734031360
anon_thp 69206016
anon 5734031360
anon_thp 69206016
anon 5734035456
anon_thp 69206016
anon 5734035456
anon_thp 69206016
anon 5734031360
anon_thp 69206016
anon 5734035456
anon_thp 69206016
anon 5734031360
anon_thp 69206016
anon 5734027264
anon_thp 69206016
anon 5734031360
anon_thp 69206016
anon 5734035456
anon_thp 69206016
anon 5734027264
anon_thp 69206016
anon 5734031360
anon_thp 69206016
anon 5734027264
anon_thp 69206016
anon 5734027264
anon_thp 69206016
anon 5734027264
anon_thp 69206016
anon 5734031360
anon_thp 69206016
anon 5734031360
anon_thp 69206016
anon 5734031360
anon_thp 69206016
anon 5734035456
anon_thp 69206016
anon 5734031360
anon_thp 69206016
anon 5734031360
anon_thp 69206016
anon 5734035456
anon_thp 69206016
anon 5734031360
anon_thp 69206016
anon 5734031360
anon_thp 69206016
anon 5734027264
anon_thp 69206016
anon 5734027264
anon_thp 69206016
anon 5734031360
anon_thp 69206016
anon 5734031360
anon_thp 69206016
anon 5734031360
anon_thp 69206016
anon 5734031360
anon_thp 69206016
anon 5734031360
anon_thp 69206016
anon 5734031360
anon_thp 69206016
anon 5734031360
anon_thp 69206016
anon 5734027264
anon_thp 69206016
anon 5734031360
anon_thp 69206016
anon 5734031360
anon_thp 69206016
anon 5734031360
anon_thp 69206016
anon 5734027264
anon_thp 69206016
anon 5734035456
anon_thp 69206016
anon 5734031360
anon_thp 69206016
anon 5734031360
anon_thp 69206016
anon 5734031360
anon_thp 69206016
anon 5734031360
anon_thp 69206016
anon 5734027264
anon_thp 69206016
anon 5734031360
anon_thp 69206016
anon 5734027264
anon_thp 69206016
anon 5734035456
anon_thp 69206016
anon 5734031360
anon_thp 69206016
anon 5734031360
anon_thp 69206016
anon 5734031360
anon_thp 69206016
anon 5734031360
anon_thp 69206016
anon 5734035456
anon_thp 69206016
anon 5734031360
anon_thp 69206016
anon 5734031360
anon_thp 69206016
anon 5734031360
anon_thp 69206016
anon 5734031360
anon_thp 69206016
anon 5734035456
anon_thp 69206016
anon 5734035456
anon_thp 69206016
anon 5734031360
anon_thp 69206016
anon 5734035456
anon_thp 69206016
anon 5734035456
anon_thp 69206016
anon 5734031360
anon_thp 69206016
anon 5734031360
anon_thp 69206016
anon 5734031360
anon_thp 69206016
anon 5734035456
anon_thp 69206016
anon 5734031360
anon_thp 69206016
anon 5734031360
anon_thp 69206016
anon 5734031360
anon_thp 69206016
anon 5734035456
anon_thp 69206016
anon 5734031360
anon_thp 69206016
anon 5734031360
anon_thp 69206016
anon 5734035456
anon_thp 69206016
anon 5734027264
anon_thp 69206016
anon 5734031360
anon_thp 69206016
anon 5734035456
anon_thp 69206016
anon 5734031360
anon_thp 69206016
anon 5734031360
anon_thp 69206016
anon 5734035456
anon_thp 69206016
anon 5734031360
anon_thp 69206016
anon 5734035456
anon_thp 69206016
anon 5734031360
anon_thp 69206016
anon 5734035456
anon_thp 69206016
anon 5734031360
anon_thp 69206016
anon 5734031360
anon_thp 69206016
anon 5734035456
anon_thp 69206016
anon 5734031360
anon_thp 69206016
anon 5734035456
anon_thp 69206016
anon 5734031360
anon_thp 69206016
anon 5734031360
anon_thp 69206016
anon 5734035456
anon_thp 69206016
anon 5734035456
anon_thp 69206016
anon 5734031360
anon_thp 69206016
anon 5734035456
anon_thp 69206016
anon 5734031360
anon_thp 69206016
anon 5734031360
anon_thp 69206016
anon 5734027264
anon_thp 69206016
anon 5734031360
anon_thp 69206016
anon 5734035456
anon_thp 69206016
anon 5734031360
anon_thp 69206016
anon 5734031360
anon_thp 69206016
anon 5734027264
anon_thp 69206016
anon 5734031360
anon_thp 69206016
anon 5734035456
anon_thp 69206016
anon 5734031360
anon_thp 69206016
anon 5734031360
anon_thp 69206016
anon 5734035456
anon_thp 69206016
anon 5734035456
anon_thp 69206016
anon 5734031360
anon_thp 69206016
anon 5734035456
anon_thp 69206016
anon 5734035456
anon_thp 69206016
anon 5734035456
anon_thp 69206016
anon 5734027264
anon_thp 69206016
anon 5734031360
anon_thp 69206016
anon 5734031360
anon_thp 69206016
anon 5734027264
anon_thp 69206016
anon 5734031360
anon_thp 69206016
anon 5734035456
anon_thp 69206016
anon 5734031360
anon_thp 69206016
anon 5734035456
anon_thp 69206016
anon 5734031360
anon_thp 69206016
anon 5734035456
anon_thp 69206016
anon 5734035456
anon_thp 69206016
anon 5734031360
anon_thp 69206016
anon 5734035456
anon_thp 69206016
anon 5734035456
anon_thp 69206016
anon 5734031360
anon_thp 69206016
anon 5734035456
anon_thp 69206016
anon 5734027264
anon_thp 69206016
anon 5734031360
anon_thp 69206016
anon 5734031360
anon_thp 69206016
anon 5734031360
anon_thp 69206016
anon 5734035456
anon_thp 69206016
anon 5734031360
anon_thp 69206016
anon 5734031360
anon_thp 69206016
anon 5734031360
anon_thp 69206016
anon 5734031360
anon_thp 69206016
anon 5734035456
anon_thp 69206016
anon 5734031360
anon_thp 69206016
anon 5734031360
anon_thp 69206016
anon 5734027264
anon_thp 69206016
anon 5734031360
anon_thp 69206016
anon 5734031360
anon_thp 69206016
anon 5734031360
anon_thp 69206016
anon 5734031360
anon_thp 69206016
anon 5734027264
anon_thp 69206016
anon 5734031360
anon_thp 69206016
anon 5734035456
anon_thp 69206016
anon 5734031360
anon_thp 69206016
anon 5734035456
anon_thp 69206016
anon 5734031360
anon_thp 69206016
anon 5734031360
anon_thp 69206016
anon 5734031360
anon_thp 69206016
anon 5734035456
anon_thp 69206016
anon 5734031360
anon_thp 69206016
anon 5734031360
anon_thp 69206016
anon 5734035456
anon_thp 69206016
anon 5734035456
anon_thp 69206016
anon 5734031360
anon_thp 69206016
anon 5734035456
anon_thp 69206016
anon 5734031360
anon_thp 69206016
anon 5734031360
anon_thp 69206016
anon 5734027264
anon_thp 69206016
anon 5734035456
anon_thp 69206016
anon 5734031360
anon_thp 69206016
anon 5734031360
anon_thp 69206016
anon 5734031360
anon_thp 69206016
anon 5734027264
anon_thp 69206016
anon 5734035456
anon_thp 69206016
anon 5734031360
anon_thp 69206016
anon 5734035456
anon_thp 69206016
anon 5734027264
anon_thp 69206016
anon 5734031360
anon_thp 69206016
anon 5734035456
anon_thp 69206016
anon 5734035456
anon_thp 69206016
anon 5734031360
anon_thp 69206016
anon 5734031360
anon_thp 69206016
anon 5734031360
anon_thp 69206016
anon 5734027264
anon_thp 69206016
anon 5734031360
anon_thp 69206016
anon 5734031360
anon_thp 69206016
anon 5734027264
anon_thp 69206016
anon 5734035456
anon_thp 69206016
anon 5734035456
anon_thp 69206016
anon 5734031360
anon_thp 69206016
anon 5734031360
anon_thp 69206016
anon 5734031360
anon_thp 69206016
anon 5734031360
anon_thp 69206016
anon 5734035456
anon_thp 69206016
anon 5734031360
anon_thp 69206016
anon 5734031360
anon_thp 69206016
anon 5734031360
anon_thp 69206016
anon 5734031360
anon_thp 69206016
anon 5734027264
anon_thp 69206016
anon 5734031360
anon_thp 69206016
anon 5734031360
anon_thp 69206016
anon 5734027264
anon_thp 69206016
anon 5734031360
anon_thp 69206016
anon 5734031360
anon_thp 69206016
anon 5734027264
anon_thp 69206016
anon 5734031360
anon_thp 69206016
anon 5734035456
anon_thp 69206016
anon 5734031360
anon_thp 69206016
anon 5734035456
anon_thp 69206016
anon 5734031360
anon_thp 69206016
anon 5734027264
anon_thp 69206016
anon 5734027264
anon_thp 69206016
anon 5734035456
anon_thp 69206016
anon 5734035456
anon_thp 69206016
anon 5734031360
anon_thp 69206016
anon 5734035456
anon_thp 69206016
anon 5734027264
anon_thp 69206016
anon 5734027264
anon_thp 69206016
anon 5734027264
anon_thp 69206016
anon 5734031360
anon_thp 69206016
anon 5734027264
anon_thp 69206016
anon 5734035456
anon_thp 69206016
anon 5734031360
anon_thp 69206016
anon 5734031360
anon_thp 69206016
anon 5734031360
anon_thp 69206016
anon 5734035456
anon_thp 69206016
anon 5734031360
anon_thp 69206016
anon 5734027264
anon_thp 69206016
anon 5734031360
anon_thp 69206016
anon 5734027264
anon_thp 69206016
anon 5734035456
anon_thp 69206016
anon 5734031360
anon_thp 69206016
anon 5734027264
anon_thp 69206016
anon 5734031360
anon_thp 69206016
anon 5734031360
anon_thp 69206016
anon 5734035456
anon_thp 69206016
anon 5734027264
anon_thp 69206016
anon 5734035456
anon_thp 69206016
anon 5734035456
anon_thp 69206016
anon 5734027264
anon_thp 69206016
anon 5734031360
anon_thp 69206016
anon 5734027264
anon_thp 69206016
anon 5734035456
anon_thp 69206016
anon 5734035456
anon_thp 69206016
anon 5734035456
anon_thp 69206016
anon 5734035456
anon_thp 69206016
anon 5734035456
anon_thp 69206016
anon 5734027264
anon_thp 69206016
anon 5734031360
anon_thp 69206016
anon 5734035456
anon_thp 69206016
anon 5734027264
anon_thp 69206016
anon 5734031360
anon_thp 69206016
anon 5734031360
anon_thp 69206016
anon 5734031360
anon_thp 69206016
anon 5734031360
anon_thp 69206016
anon 5734035456
anon_thp 69206016
anon 5734031360
anon_thp 69206016
anon 5734031360
anon_thp 69206016
anon 5734035456
anon_thp 69206016
anon 5734031360
anon_thp 69206016
anon 5734035456
anon_thp 69206016
anon 5734031360
anon_thp 69206016
anon 5734035456
anon_thp 69206016
anon 5734031360
anon_thp 69206016
anon 5734035456
anon_thp 69206016
anon 5734035456
anon_thp 69206016
anon 5734027264
anon_thp 69206016
anon 5734031360
anon_thp 69206016
anon 5734031360
anon_thp 69206016
anon 5734035456
anon_thp 69206016
anon 5734035456
anon_thp 69206016
anon 5734035456
anon_thp 69206016
anon 5734031360
anon_thp 69206016
anon 5734031360
anon_thp 69206016
anon 5734027264
anon_thp 69206016
anon 5734035456
anon_thp 69206016
anon 5734031360
anon_thp 69206016
anon 5734031360
anon_thp 69206016
anon 5734031360
anon_thp 69206016
anon 5734035456
anon_thp 69206016
anon 5734031360
anon_thp 69206016
anon 5734035456
anon_thp 69206016
anon 5734035456
anon_thp 69206016
anon 5734031360
anon_thp 69206016
anon 5734031360
anon_thp 69206016
anon 5734035456
anon_thp 69206016
anon 5734031360
anon_thp 69206016
anon 5734031360
anon_thp 69206016
anon 5734027264
anon_thp 69206016
anon 5734035456
anon_thp 69206016
anon 5734031360
anon_thp 69206016
anon 5734035456
anon_thp 69206016
anon 5734031360
anon_thp 69206016
anon 5734035456
anon_thp 69206016
anon 5734031360
anon_thp 69206016
anon 5734035456
anon_thp 69206016
anon 5734035456
anon_thp 69206016
anon 5734031360
anon_thp 69206016
anon 5734031360
anon_thp 69206016
anon 5734031360
anon_thp 69206016
anon 5734035456
anon_thp 69206016
anon 5734031360
anon_thp 69206016
anon 5734035456
anon_thp 69206016
anon 5734035456
anon_thp 69206016
anon 5734031360
anon_thp 69206016
anon 5734035456
anon_thp 69206016
anon 5734031360
anon_thp 69206016
anon 5734031360
anon_thp 69206016
anon 5734027264
anon_thp 69206016
anon 5734031360
anon_thp 69206016
anon 5734031360
anon_thp 69206016
anon 5734035456
anon_thp 69206016
anon 5734035456
anon_thp 69206016
anon 5734031360
anon_thp 69206016
anon 5734031360
anon_thp 69206016
anon 5734031360
anon_thp 69206016
anon 5734035456
anon_thp 69206016
anon 5734031360
anon_thp 69206016
anon 5734031360
anon_thp 69206016
anon 5734027264
anon_thp 69206016
anon 5734031360
anon_thp 69206016
anon 5734027264
anon_thp 69206016
anon 5734035456
anon_thp 69206016
anon 5734031360
anon_thp 69206016
anon 5734035456
anon_thp 69206016
anon 5734031360
anon_thp 69206016
anon 5734035456
anon_thp 69206016
anon 5734031360
anon_thp 69206016
anon 5734027264
anon_thp 69206016
anon 5734031360
anon_thp 69206016
anon 5734031360
anon_thp 69206016
anon 5734031360
anon_thp 69206016
anon 5734027264
anon_thp 69206016
anon 5734031360
anon_thp 69206016
anon 5734031360
anon_thp 69206016
anon 5734031360
anon_thp 69206016
anon 5734031360
anon_thp 69206016
anon 5734031360
anon_thp 69206016
anon 5734031360
anon_thp 69206016
anon 5734031360
anon_thp 69206016
anon 5734027264
anon_thp 69206016
anon 5734031360
anon_thp 69206016
anon 5734027264
anon_thp 69206016
anon 5734031360
anon_thp 69206016
anon 5734031360
anon_thp 69206016
anon 5734031360
anon_thp 69206016
anon 5734035456
anon_thp 69206016
anon 5734031360
anon_thp 69206016
anon 5734027264
anon_thp 69206016
anon 5734035456
anon_thp 69206016
anon 5734031360
anon_thp 69206016
anon 5734031360
anon_thp 69206016
anon 5734031360
anon_thp 69206016
anon 5734031360
anon_thp 69206016
anon 5734027264
anon_thp 69206016
anon 5734035456
anon_thp 69206016
anon 5734027264
anon_thp 69206016
anon 5734035456
anon_thp 69206016
anon 5734031360
anon_thp 69206016
anon 5734031360
anon_thp 69206016
anon 5734035456
anon_thp 69206016
anon 5734035456
anon_thp 69206016
anon 5734031360
anon_thp 69206016
anon 5734027264
anon_thp 69206016
anon 5734035456
anon_thp 69206016
anon 5734035456
anon_thp 69206016
anon 5734031360
anon_thp 69206016
anon 5734031360
anon_thp 69206016
anon 5734035456
anon_thp 69206016
anon 5734035456
anon_thp 69206016
anon 5734035456
anon_thp 69206016
anon 5734031360
anon_thp 69206016
anon 5734035456
anon_thp 69206016
anon 5734031360
anon_thp 69206016
anon 5734035456
anon_thp 69206016
anon 5734035456
anon_thp 69206016
anon 5734031360
anon_thp 69206016
anon 5734031360
anon_thp 69206016
anon 5734031360
anon_thp 69206016
anon 5734035456
anon_thp 69206016
anon 5734031360
anon_thp 69206016
anon 5734031360
anon_thp 69206016
anon 5734031360
anon_thp 69206016
anon 5734035456
anon_thp 69206016
anon 5734031360
anon_thp 69206016
anon 5734031360
anon_thp 69206016
anon 5734027264
anon_thp 69206016
anon 5734035456
anon_thp 69206016
anon 5734031360
anon_thp 69206016
anon 5734031360
anon_thp 69206016
anon 5734027264
anon_thp 69206016
anon 5734035456
anon_thp 69206016
anon 5734035456
anon_thp 69206016
anon 5734035456
anon_thp 69206016
anon 5734031360
anon_thp 69206016
anon 5734031360
anon_thp 69206016
anon 5734031360
anon_thp 69206016
anon 5734031360
anon_thp 69206016
anon 5734031360
anon_thp 69206016
anon 5734035456
anon_thp 69206016
anon 5734027264
anon_thp 69206016
anon 5734031360
anon_thp 69206016
anon 5734031360
anon_thp 69206016
anon 5734031360
anon_thp 69206016
anon 5734031360
anon_thp 69206016
anon 5734035456
anon_thp 69206016
anon 5734035456
anon_thp 69206016
anon 5734035456
anon_thp 69206016
anon 5734027264
anon_thp 69206016
anon 5734035456
anon_thp 69206016
anon 5734031360
anon_thp 69206016
anon 5734031360
anon_thp 69206016
anon 5734031360
anon_thp 69206016
anon 5734035456
anon_thp 69206016
anon 5734031360
anon_thp 69206016
anon 5734031360
anon_thp 69206016
anon 5734027264
anon_thp 69206016
anon 5734035456
anon_thp 69206016
anon 5734027264
anon_thp 69206016
anon 5734035456
anon_thp 69206016
anon 5734035456
anon_thp 69206016
anon 5734027264
anon_thp 69206016
anon 5734027264
anon_thp 69206016
anon 5734031360
anon_thp 69206016
anon 5734031360
anon_thp 69206016
anon 5734035456
anon_thp 69206016
anon 5734031360
anon_thp 69206016
anon 5734031360
anon_thp 69206016
anon 5734031360
anon_thp 69206016
anon 5734031360
anon_thp 69206016
anon 5734031360
anon_thp 69206016
anon 5734031360
anon_thp 69206016
anon 5734031360
anon_thp 69206016
anon 5734035456
anon_thp 69206016
anon 5734035456
anon_thp 69206016
anon 5734031360
anon_thp 69206016
anon 5734027264
anon_thp 69206016
anon 5734031360
anon_thp 69206016
anon 5734035456
anon_thp 69206016
anon 5734031360
anon_thp 69206016
anon 5734035456
anon_thp 69206016
anon 5734035456
anon_thp 69206016
anon 5734027264
anon_thp 69206016
anon 5734027264
anon_thp 69206016
anon 5734031360
anon_thp 69206016
anon 5734031360
anon_thp 69206016
anon 5734031360
anon_thp 69206016
anon 5734031360
anon_thp 69206016
anon 5734031360
anon_thp 69206016
anon 5734031360
anon_thp 69206016
anon 5734031360
anon_thp 69206016
anon 5734031360
anon_thp 69206016
anon 5734027264
anon_thp 69206016
anon 5734031360
anon_thp 69206016
anon 5734027264
anon_thp 69206016
anon 5734031360
anon_thp 69206016
anon 5734031360
anon_thp 69206016
anon 5734031360
anon_thp 69206016
anon 5734031360
anon_thp 69206016
anon 5734031360
anon_thp 69206016
anon 5734035456
anon_thp 69206016
anon 5734031360
anon_thp 69206016
anon 5734035456
anon_thp 69206016
anon 5734031360
anon_thp 69206016
anon 5734035456
anon_thp 69206016
anon 5734027264
anon_thp 69206016
anon 5734027264
anon_thp 69206016
anon 5734031360
anon_thp 69206016
anon 5734035456
anon_thp 69206016
anon 5734027264
anon_thp 69206016
anon 5734027264
anon_thp 69206016
anon 5734031360
anon_thp 69206016
anon 5734031360
anon_thp 69206016
anon 5734035456
anon_thp 69206016
anon 5734035456
anon_thp 69206016
anon 5734031360
anon_thp 69206016
anon 5734031360
anon_thp 69206016
anon 5734031360
anon_thp 69206016
anon 5734031360
anon_thp 69206016
anon 5734031360
anon_thp 69206016
anon 5734035456
anon_thp 69206016
anon 5734027264
anon_thp 69206016
anon 5734031360
anon_thp 69206016
anon 5734035456
anon_thp 69206016
anon 5734031360
anon_thp 69206016
anon 5734035456
anon_thp 69206016
anon 5734031360
anon_thp 69206016
anon 5734027264
anon_thp 69206016
anon 5734027264
anon_thp 69206016
anon 5734031360
anon_thp 69206016
anon 5734035456
anon_thp 69206016
anon 5734035456
anon_thp 69206016
anon 5734035456
anon_thp 69206016
anon 5734035456
anon_thp 69206016
anon 5734031360
anon_thp 69206016
anon 5734035456
anon_thp 69206016
anon 5734031360
anon_thp 69206016
anon 5734031360
anon_thp 69206016
anon 5734031360
anon_thp 69206016
anon 5734031360
anon_thp 69206016
anon 5734031360
anon_thp 69206016
anon 5734031360
anon_thp 69206016
anon 5734035456
anon_thp 69206016
anon 5734027264
anon_thp 69206016
anon 5734035456
anon_thp 69206016
anon 5734031360
anon_thp 69206016
anon 5734031360
anon_thp 69206016
anon 5734035456
anon_thp 69206016
anon 5734035456
anon_thp 69206016
anon 5734035456
anon_thp 69206016
anon 5734031360
anon_thp 69206016
anon 5734031360
anon_thp 69206016
anon 5734027264
anon_thp 69206016
anon 5734031360
anon_thp 69206016
anon 5734035456
anon_thp 69206016
anon 5734035456
anon_thp 69206016
anon 5734035456
anon_thp 69206016
anon 5734035456
anon_thp 69206016
anon 5734031360
anon_thp 69206016
anon 5734035456
anon_thp 69206016
anon 5734027264
anon_thp 69206016
anon 5734027264
anon_thp 69206016
anon 5734031360
anon_thp 69206016
anon 5734035456
anon_thp 69206016
anon 5734031360
anon_thp 69206016
anon 5734035456
anon_thp 69206016
anon 5734031360
anon_thp 69206016
anon 5734031360
anon_thp 69206016
anon 5734035456
anon_thp 69206016
anon 5734035456
anon_thp 69206016
anon 5734031360
anon_thp 69206016
anon 5734031360
anon_thp 69206016
anon 5734035456
anon_thp 69206016
anon 5734027264
anon_thp 69206016
anon 5734031360
anon_thp 69206016
anon 5734031360
anon_thp 69206016
anon 5734035456
anon_thp 69206016
anon 5734035456
anon_thp 69206016
anon 5734031360
anon_thp 69206016
anon 5734031360
anon_thp 69206016
anon 5734031360
anon_thp 69206016
anon 5734031360
anon_thp 69206016
anon 5734027264
anon_thp 69206016
anon 5734031360
anon_thp 69206016
anon 5734035456
anon_thp 69206016
anon 5734031360
anon_thp 69206016
anon 5734035456
anon_thp 69206016
anon 5734035456
anon_thp 69206016
anon 5734031360
anon_thp 69206016
anon 5734031360
anon_thp 69206016
anon 5734031360
anon_thp 69206016
anon 5734031360
anon_thp 69206016
anon 5734031360
anon_thp 69206016
anon 5734031360
anon_thp 69206016
anon 5734031360
anon_thp 69206016
anon 5734035456
anon_thp 69206016
anon 5734035456
anon_thp 69206016
anon 5734031360
anon_thp 69206016
anon 5734031360
anon_thp 69206016
anon 5734031360
anon_thp 69206016
anon 5734027264
anon_thp 69206016
anon 5734031360
anon_thp 69206016
anon 5734027264
anon_thp 69206016
anon 5734031360
anon_thp 69206016
anon 5734031360
anon_thp 69206016
anon 5734035456
anon_thp 69206016
anon 5734027264
anon_thp 69206016
anon 5734035456
anon_thp 69206016
anon 5734031360
anon_thp 69206016
anon 5734031360
anon_thp 69206016
anon 5734031360
anon_thp 69206016
anon 5734031360
anon_thp 69206016
anon 5734027264
anon_thp 69206016
anon 5734031360
anon_thp 69206016
anon 5734035456
anon_thp 69206016
anon 5734031360
anon_thp 69206016
anon 5734031360
anon_thp 69206016
anon 5734031360
anon_thp 69206016
anon 5734031360
anon_thp 69206016
anon 5734031360
anon_thp 69206016
anon 5734031360
anon_thp 69206016
anon 5734027264
anon_thp 69206016
anon 5734031360
anon_thp 69206016
anon 5734031360
anon_thp 69206016
anon 5734035456
anon_thp 69206016
anon 5734035456
anon_thp 69206016
anon 5734031360
anon_thp 69206016
anon 5734035456
anon_thp 69206016
anon 5734027264
anon_thp 69206016
anon 5734027264
anon_thp 69206016
anon 5734035456
anon_thp 69206016
anon 5734031360
anon_thp 69206016
anon 5734035456
anon_thp 69206016
anon 5734031360
anon_thp 69206016
anon 5734035456
anon_thp 69206016
anon 5734031360
anon_thp 69206016
anon 5734031360
anon_thp 69206016
anon 5734035456
anon_thp 69206016
anon 5734031360
anon_thp 69206016
anon 5734031360
anon_thp 69206016
anon 5734031360
anon_thp 69206016
anon 5734031360
anon_thp 69206016
anon 5734031360
anon_thp 69206016
anon 5734031360
anon_thp 69206016
anon 5734035456
anon_thp 69206016
anon 5734031360
anon_thp 69206016
anon 5734035456
anon_thp 69206016
anon 5734031360
anon_thp 69206016
anon 5734035456
anon_thp 69206016
anon 5734035456
anon_thp 69206016
anon 5734031360
anon_thp 69206016
anon 5734027264
anon_thp 69206016
anon 5734035456
anon_thp 69206016
anon 5734031360
anon_thp 69206016
anon 5734035456
anon_thp 69206016
anon 5734035456
anon_thp 69206016
anon 5734031360
anon_thp 69206016
anon 5734031360
anon_thp 69206016
anon 5734027264
anon_thp 69206016
anon 5734031360
anon_thp 69206016
anon 5734031360
anon_thp 69206016
anon 5734035456
anon_thp 69206016
anon 5734027264
anon_thp 69206016
anon 5734031360
anon_thp 69206016
anon 5734035456
anon_thp 69206016
anon 5734031360
anon_thp 69206016
anon 5734027264
anon_thp 69206016
anon 5734035456
anon_thp 69206016
anon 5734035456
anon_thp 69206016
anon 5734031360
anon_thp 69206016
anon 5734031360
anon_thp 69206016
anon 5734031360
anon_thp 69206016
anon 5734031360
anon_thp 69206016
anon 5734035456
anon_thp 69206016
anon 5734031360
anon_thp 69206016
anon 5734031360
anon_thp 69206016
anon 5734031360
anon_thp 69206016
anon 5734027264
anon_thp 69206016
anon 5734035456
anon_thp 69206016
anon 5734035456
anon_thp 69206016
anon 5734027264
anon_thp 69206016
anon 5734031360
anon_thp 69206016
anon 5734031360
anon_thp 69206016
anon 5734035456
anon_thp 69206016
anon 5734035456
anon_thp 69206016
anon 5734031360
anon_thp 69206016
anon 5734031360
anon_thp 69206016
anon 5734027264
anon_thp 69206016
anon 5734031360
anon_thp 69206016
anon 5734031360
anon_thp 69206016
anon 5734031360
anon_thp 69206016
anon 5734031360
anon_thp 69206016
anon 5734031360
anon_thp 69206016
anon 5734031360
anon_thp 69206016
anon 5734031360
anon_thp 69206016
anon 5734035456
anon_thp 69206016
anon 5734031360
anon_thp 69206016
anon 5734031360
anon_thp 69206016
anon 5734031360
anon_thp 69206016
anon 5734031360
anon_thp 69206016
anon 5734031360
anon_thp 69206016
anon 5734027264
anon_thp 69206016
anon 5734031360
anon_thp 69206016
anon 5734035456
anon_thp 69206016
anon 5734031360
anon_thp 69206016
anon 5734031360
anon_thp 69206016
anon 5734031360
anon_thp 69206016
anon 5734031360
anon_thp 69206016
anon 5734035456
anon_thp 69206016
anon 5734031360
anon_thp 69206016
anon 5734031360
anon_thp 69206016
anon 5734035456
anon_thp 69206016
anon 5734031360
anon_thp 69206016
anon 5734035456
anon_thp 69206016
anon 5734031360
anon_thp 69206016
anon 5734027264
anon_thp 69206016
anon 5734031360
anon_thp 69206016
anon 5734031360
anon_thp 69206016
anon 5734035456
anon_thp 69206016
anon 5734031360
anon_thp 69206016
anon 5734035456
anon_thp 69206016
anon 5734027264
anon_thp 69206016
anon 5734031360
anon_thp 69206016
anon 5734031360
anon_thp 69206016
anon 5734035456
anon_thp 69206016
anon 5734035456
anon_thp 69206016
anon 5734035456
anon_thp 69206016
anon 5734027264
anon_thp 69206016
anon 5734035456
anon_thp 69206016
anon 5734031360
anon_thp 69206016
anon 5734031360
anon_thp 69206016
anon 5734035456
anon_thp 69206016
anon 5734035456
anon_thp 69206016
anon 5734031360
anon_thp 69206016
anon 5734031360
anon_thp 69206016
anon 5734027264
anon_thp 69206016
anon 5734035456
anon_thp 69206016
anon 5734035456
anon_thp 69206016
anon 5734031360
anon_thp 69206016
anon 5734027264
anon_thp 69206016
anon 5734031360
anon_thp 69206016
anon 5734035456
anon_thp 69206016
anon 5734031360
anon_thp 69206016
anon 5734031360
anon_thp 69206016
anon 5734027264
anon_thp 69206016
anon 5734031360
anon_thp 69206016
anon 5734031360
anon_thp 69206016
anon 5734035456
anon_thp 69206016
anon 5734031360
anon_thp 69206016
anon 5734031360
anon_thp 69206016
anon 5734027264
anon_thp 69206016
anon 5734035456
anon_thp 69206016
anon 5734035456
anon_thp 69206016
anon 5734027264
anon_thp 69206016
anon 5734027264
anon_thp 69206016
anon 5734031360
anon_thp 69206016
anon 5734031360
anon_thp 69206016
anon 5734031360
anon_thp 69206016
anon 5734027264
anon_thp 69206016
anon 5734031360
anon_thp 69206016
anon 5734031360
anon_thp 69206016
anon 5734031360
anon_thp 69206016
anon 5734031360
anon_thp 69206016
anon 5734031360
anon_thp 69206016
anon 5734031360
anon_thp 69206016
anon 5734031360
anon_thp 69206016
anon 5734027264
anon_thp 69206016
anon 5734031360
anon_thp 69206016
anon 5734031360
anon_thp 69206016
anon 5734035456
anon_thp 69206016
anon 5734035456
anon_thp 69206016
anon 5734035456
anon_thp 69206016
anon 5734031360
anon_thp 69206016
anon 5734031360
anon_thp 69206016
anon 5734031360
anon_thp 69206016
anon 5734035456
anon_thp 69206016
anon 5734035456
anon_thp 69206016
anon 5734035456
anon_thp 69206016
anon 5734031360
anon_thp 69206016
anon 5734035456
anon_thp 69206016
anon 5734031360
anon_thp 69206016
anon 5734027264
anon_thp 69206016
anon 5734031360
anon_thp 69206016
anon 5734035456
anon_thp 69206016
anon 5734031360
anon_thp 69206016
anon 5734031360
anon_thp 69206016
anon 5734031360
anon_thp 69206016
anon 5734027264
anon_thp 69206016
anon 5734035456
anon_thp 69206016
anon 5734035456
anon_thp 69206016
anon 5734027264
anon_thp 69206016
anon 5734035456
anon_thp 69206016
anon 5734031360
anon_thp 69206016
anon 5734031360
anon_thp 69206016
anon 5734031360
anon_thp 69206016
anon 5734035456
anon_thp 69206016
anon 5734027264
anon_thp 69206016
anon 5734031360
anon_thp 69206016
anon 5734031360
anon_thp 69206016
anon 5734027264
anon_thp 69206016
anon 5734031360
anon_thp 69206016
anon 5734031360
anon_thp 69206016
anon 5734035456
anon_thp 69206016
anon 5734035456
anon_thp 69206016
anon 5734035456
anon_thp 69206016
anon 5734031360
anon_thp 69206016
anon 5734031360
anon_thp 69206016
anon 5734027264
anon_thp 69206016
anon 5734027264
anon_thp 69206016
anon 5734035456
anon_thp 69206016
anon 5734031360
anon_thp 69206016
anon 5734035456
anon_thp 69206016
anon 5734031360
anon_thp 69206016
anon 5734035456
anon_thp 69206016
anon 5734027264
anon_thp 69206016
anon 5734035456
anon_thp 69206016
anon 5734035456
anon_thp 69206016
anon 5734035456
anon_thp 69206016
anon 5734031360
anon_thp 69206016
anon 5734031360
anon_thp 69206016
anon 5734031360
anon_thp 69206016
anon 5734031360
anon_thp 69206016
anon 5734035456
anon_thp 69206016
anon 5734031360
anon_thp 69206016
anon 5734031360
anon_thp 69206016
anon 5734031360
anon_thp 69206016
anon 5734035456
anon_thp 69206016
anon 5734035456
anon_thp 69206016
anon 5734031360
anon_thp 69206016
anon 5734027264
anon_thp 69206016
anon 5734035456
anon_thp 69206016
anon 5734035456
anon_thp 69206016
anon 5734031360
anon_thp 69206016
anon 5734035456
anon_thp 69206016
anon 5734031360
anon_thp 69206016
anon 5734035456
anon_thp 69206016
anon 5734031360
anon_thp 69206016
anon 5734027264
anon_thp 69206016
anon 5734031360
anon_thp 69206016
anon 5734031360
anon_thp 69206016
anon 5734031360
anon_thp 69206016
anon 5734035456
anon_thp 69206016
anon 5734035456
anon_thp 69206016
anon 5734031360
anon_thp 69206016
anon 5734031360
anon_thp 69206016
anon 5734027264
anon_thp 69206016
anon 5734031360
anon_thp 69206016
anon 5734031360
anon_thp 69206016
anon 5734027264
anon_thp 69206016
anon 5734031360
anon_thp 69206016
anon 5734027264
anon_thp 69206016
anon 5734031360
anon_thp 69206016
anon 5734031360
anon_thp 69206016
anon 5734027264
anon_thp 69206016
anon 5734035456
anon_thp 69206016
anon 5734031360
anon_thp 69206016
anon 5734031360
anon_thp 69206016
anon 5734035456
anon_thp 69206016
anon 5734031360
anon_thp 69206016
anon 5734031360
anon_thp 69206016
anon 5734027264
anon_thp 69206016
anon 5734027264
anon_thp 69206016
anon 5734035456
anon_thp 69206016
anon 5734035456
anon_thp 69206016
anon 5734035456
anon_thp 69206016
anon 5734035456
anon_thp 69206016
anon 5734035456
anon_thp 69206016
anon 5734035456
anon_thp 69206016
anon 5734027264
anon_thp 69206016
anon 5734031360
anon_thp 69206016
anon 5734035456
anon_thp 69206016
anon 5734031360
anon_thp 69206016
anon 5734035456
anon_thp 69206016
anon 5734031360
anon_thp 69206016
anon 5734031360
anon_thp 69206016
anon 5734035456
anon_thp 69206016
anon 5734031360
anon_thp 69206016
anon 5734035456
anon_thp 69206016
anon 5734035456
anon_thp 69206016
anon 5734031360
anon_thp 69206016
anon 5734035456
anon_thp 69206016
anon 5734031360
anon_thp 69206016
anon 5734031360
anon_thp 69206016
anon 5734031360
anon_thp 69206016
anon 5734031360
anon_thp 69206016
anon 5734031360
anon_thp 69206016
anon 5734031360
anon_thp 69206016
anon 5734035456
anon_thp 69206016
anon 5734031360
anon_thp 69206016
anon 5734035456
anon_thp 69206016
anon 5734031360
anon_thp 69206016
anon 5734031360
anon_thp 69206016
anon 5734031360
anon_thp 69206016
anon 5734035456
anon_thp 69206016
anon 5734031360
anon_thp 69206016
anon 5734027264
anon_thp 69206016
anon 5734031360
anon_thp 69206016
anon 5734031360
anon_thp 69206016
anon 5734035456
anon_thp 69206016
anon 5734031360
anon_thp 69206016
anon 5734031360
anon_thp 69206016
anon 5734031360
anon_thp 69206016
anon 5734031360
anon_thp 69206016
anon 5734035456
anon_thp 69206016
anon 5734027264
anon_thp 69206016
anon 5734035456
anon_thp 69206016
anon 5734027264
anon_thp 69206016
anon 5734031360
anon_thp 69206016
anon 5734027264
anon_thp 69206016
anon 5734035456
anon_thp 69206016
anon 5734035456
anon_thp 69206016
anon 5734031360
anon_thp 69206016
anon 5734027264
anon_thp 69206016
anon 5734031360
anon_thp 69206016
anon 5734031360
anon_thp 69206016
anon 5734027264
anon_thp 69206016
anon 5734035456
anon_thp 69206016
anon 5734031360
anon_thp 69206016
anon 5734031360
anon_thp 69206016
anon 5734035456
anon_thp 69206016
anon 5734035456
anon_thp 69206016
anon 5734027264
anon_thp 69206016
anon 5734035456
anon_thp 69206016
anon 5734031360
anon_thp 69206016
anon 5734035456
anon_thp 69206016
anon 5734031360
anon_thp 69206016
anon 5734031360
anon_thp 69206016
anon 5734035456
anon_thp 69206016
anon 5734031360
anon_thp 69206016
anon 5734031360
anon_thp 69206016
anon 5734031360
anon_thp 69206016
anon 5734031360
anon_thp 69206016
anon 5734031360
anon_thp 69206016
anon 5734035456
anon_thp 69206016
anon 5734031360
anon_thp 69206016
anon 5734035456
anon_thp 69206016
anon 5734035456
anon_thp 69206016
anon 5734031360
anon_thp 69206016
anon 5734031360
anon_thp 69206016
anon 5734027264
anon_thp 69206016
anon 5734031360
anon_thp 69206016
anon 5734031360
anon_thp 69206016
anon 5734027264
anon_thp 69206016
anon 5734031360
anon_thp 69206016
anon 5734031360
anon_thp 69206016
anon 5734031360
anon_thp 69206016
anon 5734035456
anon_thp 69206016
anon 5734031360
anon_thp 69206016
anon 5734031360
anon_thp 69206016
anon 5734027264
anon_thp 69206016
anon 5734035456
anon_thp 69206016
anon 5734027264
anon_thp 69206016
anon 5734031360
anon_thp 69206016
anon 5734035456
anon_thp 69206016
anon 5734031360
anon_thp 69206016
anon 5734027264
anon_thp 69206016
anon 5734027264
anon_thp 69206016
anon 5734035456
anon_thp 69206016
anon 5734035456
anon_thp 69206016
anon 5734031360
anon_thp 69206016
anon 5734027264
anon_thp 69206016
anon 5734027264
anon_thp 69206016
anon 5734031360
anon_thp 69206016
anon 5734031360
anon_thp 69206016
anon 5734031360
anon_thp 69206016
anon 5734031360
anon_thp 69206016
anon 5734027264
anon_thp 69206016
anon 5734031360
anon_thp 69206016
anon 5734031360
anon_thp 69206016
anon 5734035456
anon_thp 69206016
anon 5734027264
anon_thp 69206016
anon 5734031360
anon_thp 69206016
anon 5734035456
anon_thp 69206016
anon 5734031360
anon_thp 69206016
anon 5734035456
anon_thp 69206016
anon 5734031360
anon_thp 69206016
anon 5734035456
anon_thp 69206016
anon 5734035456
anon_thp 69206016
anon 5734027264
anon_thp 69206016
anon 5734035456
anon_thp 69206016
anon 5734035456
anon_thp 69206016
anon 5734031360
anon_thp 69206016
anon 5734031360
anon_thp 69206016
anon 5734031360
anon_thp 69206016
anon 5734031360
anon_thp 69206016
anon 5734035456
anon_thp 69206016
anon 5734031360
anon_thp 69206016
anon 5734035456
anon_thp 69206016
anon 5734027264
anon_thp 69206016
anon 5734027264
anon_thp 69206016
anon 5734031360
anon_thp 69206016
anon 5734035456
anon_thp 69206016
anon 5734027264
anon_thp 69206016
anon 5734031360
anon_thp 69206016
anon 5734031360
anon_thp 69206016
anon 5734031360
anon_thp 69206016
anon 5734027264
anon_thp 69206016
anon 5734027264
anon_thp 69206016
anon 5734027264
anon_thp 69206016
anon 5734035456
anon_thp 69206016
anon 5734031360
anon_thp 69206016
anon 5734031360
anon_thp 69206016
anon 5734031360
anon_thp 69206016
anon 5734031360
anon_thp 69206016
anon 5734031360
anon_thp 69206016
anon 5734035456
anon_thp 69206016
anon 5734031360
anon_thp 69206016
anon 5734027264
anon_thp 69206016
anon 5734027264
anon_thp 69206016
anon 5734027264
anon_thp 69206016
anon 5734035456
anon_thp 69206016
anon 5734035456
anon_thp 69206016
anon 5734031360
anon_thp 69206016
anon 5734035456
anon_thp 69206016
anon 5734035456
anon_thp 69206016
anon 5734031360
anon_thp 69206016
anon 5734035456
anon_thp 69206016
anon 5734027264
anon_thp 69206016
anon 5734031360
anon_thp 69206016
anon 5734031360
anon_thp 69206016
anon 5734031360
anon_thp 69206016
anon 5734027264
anon_thp 69206016
anon 5734031360
anon_thp 69206016
anon 5734031360
anon_thp 69206016
anon 5734031360
anon_thp 69206016
anon 5734031360
anon_thp 69206016
anon 5734035456
anon_thp 69206016
anon 5734035456
anon_thp 69206016
anon 5734031360
anon_thp 69206016
anon 5734031360
anon_thp 69206016
anon 5734031360
anon_thp 69206016
anon 5734031360
anon_thp 69206016
anon 5734035456
anon_thp 69206016
anon 5734031360
anon_thp 69206016
anon 5734031360
anon_thp 69206016
anon 5734031360
anon_thp 69206016
anon 5734031360
anon_thp 69206016
anon 5734027264
anon_thp 69206016
anon 5734031360
anon_thp 69206016
anon 5734031360
anon_thp 69206016
anon 5734027264
anon_thp 69206016
anon 5734035456
anon_thp 69206016
anon 5734031360
anon_thp 69206016
anon 5734035456
anon_thp 69206016
anon 5734035456
anon_thp 69206016
anon 5734031360
anon_thp 69206016
anon 5734031360
anon_thp 69206016
anon 5734035456
anon_thp 69206016
anon 5734027264
anon_thp 69206016
anon 5734031360
anon_thp 69206016
anon 5734035456
anon_thp 69206016
anon 5734035456
anon_thp 69206016
anon 5734035456
anon_thp 69206016
anon 5734035456
anon_thp 69206016
anon 5734027264
anon_thp 69206016
anon 5734031360
anon_thp 69206016
anon 5734027264
anon_thp 69206016
anon 5734031360
anon_thp 69206016
anon 5734035456
anon_thp 69206016
anon 5734031360
anon_thp 69206016
anon 5734031360
anon_thp 69206016
anon 5734031360
anon_thp 69206016
anon 5734035456
anon_thp 69206016
anon 5734035456
anon_thp 69206016
anon 5734031360
anon_thp 69206016
anon 5734035456
anon_thp 69206016
anon 5734031360
anon_thp 69206016
anon 5734031360
anon_thp 69206016
anon 5734035456
anon_thp 69206016
anon 5734031360
anon_thp 69206016
anon 5734031360
anon_thp 69206016
anon 5734031360
anon_thp 69206016
anon 5734031360
anon_thp 69206016
anon 5734035456
anon_thp 69206016
anon 5734035456
anon_thp 69206016
anon 5734027264
anon_thp 69206016
anon 5734031360
anon_thp 69206016
anon 5734035456
anon_thp 69206016
anon 5734031360
anon_thp 69206016
anon 5734035456
anon_thp 69206016
anon 5734035456
anon_thp 69206016
anon 5734035456
anon_thp 69206016
anon 5734035456
anon_thp 69206016
anon 5734035456
anon_thp 69206016
anon 5734031360
anon_thp 69206016
anon 5734031360
anon_thp 69206016
anon 5734027264
anon_thp 69206016
anon 5734027264
anon_thp 69206016
anon 5734035456
anon_thp 69206016
anon 5734031360
anon_thp 69206016
anon 5734031360
anon_thp 69206016
anon 5734035456
anon_thp 69206016
anon 5734031360
anon_thp 69206016
anon 5734035456
anon_thp 69206016
anon 5734027264
anon_thp 69206016
anon 5734035456
anon_thp 69206016
anon 5734031360
anon_thp 69206016
anon 5734031360
anon_thp 69206016
anon 5734031360
anon_thp 69206016
anon 5734035456
anon_thp 69206016
anon 5734035456
anon_thp 69206016
anon 5734035456
anon_thp 69206016
anon 5734027264
anon_thp 69206016
anon 5734031360
anon_thp 69206016
anon 5734035456
anon_thp 69206016
anon 5734031360
anon_thp 69206016
anon 5734027264
anon_thp 69206016
anon 5734035456
anon_thp 69206016
anon 5734031360
anon_thp 69206016
anon 5734031360
anon_thp 69206016
anon 5734035456
anon_thp 69206016
anon 5734035456
anon_thp 69206016
anon 5734031360
anon_thp 69206016
anon 5734031360
anon_thp 69206016
anon 5734035456
anon_thp 69206016
anon 5734035456
anon_thp 69206016
anon 5734035456
anon_thp 69206016
anon 5734027264
anon_thp 69206016
anon 5734035456
anon_thp 69206016
anon 5734027264
anon_thp 69206016
anon 5734031360
anon_thp 69206016
anon 5734027264
anon_thp 69206016
anon 5734031360
anon_thp 69206016
anon 5734027264
anon_thp 69206016
anon 5734031360
anon_thp 69206016
anon 5734035456
anon_thp 69206016
anon 5734035456
anon_thp 69206016
anon 5734031360
anon_thp 69206016
anon 5734031360
anon_thp 69206016
anon 5734031360
anon_thp 69206016
anon 5734035456
anon_thp 69206016
anon 5734031360
anon_thp 69206016
anon 5734031360
anon_thp 69206016
anon 5734027264
anon_thp 69206016
anon 5734027264
anon_thp 69206016
anon 5734031360
anon_thp 69206016
anon 5734027264
anon_thp 69206016
anon 5734031360
anon_thp 69206016
anon 5734035456
anon_thp 69206016
anon 5734035456
anon_thp 69206016
anon 5734031360
anon_thp 69206016
anon 5734031360
anon_thp 69206016
anon 5734035456
anon_thp 69206016
anon 5734031360
anon_thp 69206016
anon 5734035456
anon_thp 69206016
anon 5734027264
anon_thp 69206016
anon 5734031360
anon_thp 69206016
anon 5734027264
anon_thp 69206016
anon 5734027264
anon_thp 69206016
anon 5734031360
anon_thp 69206016
anon 5734035456
anon_thp 69206016
anon 5734035456
anon_thp 69206016
anon 5734027264
anon_thp 69206016
anon 5734031360
anon_thp 69206016
anon 5734031360
anon_thp 69206016
anon 5734031360
anon_thp 69206016
anon 5734031360
anon_thp 69206016
anon 5734035456
anon_thp 69206016
anon 5734035456
anon_thp 69206016
anon 5734027264
anon_thp 69206016
anon 5734035456
anon_thp 69206016
anon 5734031360
anon_thp 69206016
anon 5734031360
anon_thp 69206016
anon 5734031360
anon_thp 69206016
anon 5734031360
anon_thp 69206016
anon 5734031360
anon_thp 69206016
anon 5734035456
anon_thp 69206016
anon 5734031360
anon_thp 69206016
anon 5734035456
anon_thp 69206016
anon 5734035456
anon_thp 69206016
anon 5734035456
anon_thp 69206016
anon 5734031360
anon_thp 69206016
anon 5734035456
anon_thp 69206016
anon 5734035456
anon_thp 69206016
anon 5734031360
anon_thp 69206016
anon 5734031360
anon_thp 69206016
anon 5734031360
anon_thp 69206016
anon 5734031360
anon_thp 69206016
anon 5734035456
anon_thp 69206016
anon 5734031360
anon_thp 69206016
anon 5734031360
anon_thp 69206016
anon 5734031360
anon_thp 69206016
anon 5734027264
anon_thp 69206016
anon 5734031360
anon_thp 69206016
anon 5734035456
anon_thp 69206016
anon 5734031360
anon_thp 69206016
anon 5734035456
anon_thp 69206016
anon 5734031360
anon_thp 69206016
anon 5734035456
anon_thp 69206016
anon 5734035456
anon_thp 69206016
anon 5734031360
anon_thp 69206016
anon 5734035456
anon_thp 69206016
anon 5734035456
anon_thp 69206016
anon 5734031360
anon_thp 69206016
anon 5734031360
anon_thp 69206016
anon 5734035456
anon_thp 69206016
anon 5734031360
anon_thp 69206016
anon 5734031360
anon_thp 69206016
anon 5734031360
anon_thp 69206016
anon 5734031360
anon_thp 69206016
anon 5734031360
anon_thp 69206016
anon 5734027264
anon_thp 69206016
anon 5734035456
anon_thp 69206016
anon 5734035456
anon_thp 69206016
anon 5734031360
anon_thp 69206016
anon 5734031360
anon_thp 69206016
anon 5734031360
anon_thp 69206016
anon 5734035456
anon_thp 69206016
anon 5734035456
anon_thp 69206016
anon 5734031360
anon_thp 69206016
anon 5734031360
anon_thp 69206016
anon 5734031360
anon_thp 69206016
anon 5734027264
anon_thp 69206016
anon 5734031360
anon_thp 69206016
anon 5734031360
anon_thp 69206016
anon 5734035456
anon_thp 69206016
anon 5734035456
anon_thp 69206016
anon 5734031360
anon_thp 69206016
anon 5734027264
anon_thp 69206016
anon 5734031360
anon_thp 69206016
anon 5734035456
anon_thp 69206016
anon 5734031360
anon_thp 69206016
anon 5734031360
anon_thp 69206016
anon 5734027264
anon_thp 69206016
anon 5734031360
anon_thp 69206016
anon 5734027264
anon_thp 69206016
anon 5734031360
anon_thp 69206016
anon 5734031360
anon_thp 69206016
anon 5734031360
anon_thp 69206016
anon 5734031360
anon_thp 69206016
anon 5734027264
anon_thp 69206016
anon 5734027264
anon_thp 69206016
anon 5734031360
anon_thp 69206016
anon 5734031360
anon_thp 69206016
anon 5734035456
anon_thp 69206016
anon 5734031360
anon_thp 69206016
anon 5734031360
anon_thp 69206016
anon 5734031360
anon_thp 69206016
anon 5734031360
anon_thp 69206016
anon 5734035456
anon_thp 69206016
anon 5734035456
anon_thp 69206016
anon 5734035456
anon_thp 69206016
anon 5734035456
anon_thp 69206016
anon 5734035456
anon_thp 69206016
anon 5734035456
anon_thp 69206016
anon 5734031360
anon_thp 69206016
anon 5734035456
anon_thp 69206016
anon 5734031360
anon_thp 69206016
anon 5734035456
anon_thp 69206016
anon 5734027264
anon_thp 69206016
anon 5734031360
anon_thp 69206016
anon 5734027264
anon_thp 69206016
anon 5734035456
anon_thp 69206016
anon 5734031360
anon_thp 69206016
anon 5734035456
anon_thp 69206016
anon 5734035456
anon_thp 69206016
anon 5734031360
anon_thp 69206016
anon 5734031360
anon_thp 69206016
anon 5734035456
anon_thp 69206016
anon 5734035456
anon_thp 69206016
anon 5734035456
anon_thp 69206016
anon 5734031360
anon_thp 69206016
anon 5734031360
anon_thp 69206016
anon 5734027264
anon_thp 69206016
anon 5734035456
anon_thp 69206016
anon 5734031360
anon_thp 69206016
anon 5734031360
anon_thp 69206016
anon 5734031360
anon_thp 69206016
anon 5734031360
anon_thp 69206016
anon 5734027264
anon_thp 69206016
anon 5734031360
anon_thp 69206016
anon 5734035456
anon_thp 69206016
anon 5734031360
anon_thp 69206016
anon 5734035456
anon_thp 69206016
anon 5734035456
anon_thp 69206016
anon 5734035456
anon_thp 69206016
anon 5734035456
anon_thp 69206016
anon 5734035456
anon_thp 69206016
anon 5734031360
anon_thp 69206016
anon 5734031360
anon_thp 69206016
anon 5734027264
anon_thp 69206016
anon 5734031360
anon_thp 69206016
anon 5734031360
anon_thp 69206016
anon 5734031360
anon_thp 69206016
anon 5734027264
anon_thp 69206016
anon 5734027264
anon_thp 69206016
anon 5734031360
anon_thp 69206016
anon 5734035456
anon_thp 69206016
anon 5734031360
anon_thp 69206016
anon 5734031360
anon_thp 69206016
anon 5734035456
anon_thp 69206016
anon 5734035456
anon_thp 69206016
anon 5734031360
anon_thp 69206016
anon 5734027264
anon_thp 69206016
anon 5734031360
anon_thp 69206016
anon 5734031360
anon_thp 69206016
anon 5734031360
anon_thp 69206016
anon 5734031360
anon_thp 69206016
anon 5734031360
anon_thp 69206016
anon 5734031360
anon_thp 69206016
anon 5734035456
anon_thp 69206016
anon 5734031360
anon_thp 69206016
anon 5734031360
anon_thp 69206016
anon 5734031360
anon_thp 69206016
anon 5734031360
anon_thp 69206016
anon 5734027264
anon_thp 69206016
anon 5734031360
anon_thp 69206016
anon 5734031360
anon_thp 69206016
anon 5734035456
anon_thp 69206016
anon 5734031360
anon_thp 69206016
anon 5734035456
anon_thp 69206016
anon 5734031360
anon_thp 69206016
anon 5734035456
anon_thp 69206016
anon 5734035456
anon_thp 69206016
anon 5734035456
anon_thp 69206016
anon 5734035456
anon_thp 69206016
anon 5734031360
anon_thp 69206016
anon 5734031360
anon_thp 69206016
anon 5734031360
anon_thp 69206016
anon 5734031360
anon_thp 69206016
anon 5734027264
anon_thp 69206016
anon 5734027264
anon_thp 69206016
anon 5734027264
anon_thp 69206016
anon 5734035456
anon_thp 69206016
anon 5734031360
anon_thp 69206016
anon 5734027264
anon_thp 69206016
anon 5734031360
anon_thp 69206016
anon 5734035456
anon_thp 69206016
anon 5734031360
anon_thp 69206016
anon 5734035456
anon_thp 69206016
anon 5734031360
anon_thp 69206016
anon 5734035456
anon_thp 69206016
anon 5734027264
anon_thp 69206016
anon 5734031360
anon_thp 69206016
anon 5734031360
anon_thp 69206016
anon 5734035456
anon_thp 69206016
anon 5734027264
anon_thp 69206016
anon 5734031360
anon_thp 69206016
anon 5734031360
anon_thp 69206016
anon 5734035456
anon_thp 69206016
anon 5734027264
anon_thp 69206016
anon 5734027264
anon_thp 69206016
anon 5734031360
anon_thp 69206016
anon 5734031360
anon_thp 69206016
anon 5734031360
anon_thp 69206016
anon 5734031360
anon_thp 69206016
anon 5734035456
anon_thp 69206016
anon 5734027264
anon_thp 69206016
anon 5734035456
anon_thp 69206016
anon 5734031360
anon_thp 69206016
anon 5734031360
anon_thp 69206016
anon 5734031360
anon_thp 69206016
anon 5734031360
anon_thp 69206016
anon 5734031360
anon_thp 69206016
anon 5734035456
anon_thp 69206016
anon 5734031360
anon_thp 69206016
anon 5734027264
anon_thp 69206016
anon 5734031360
anon_thp 69206016
anon 5734035456
anon_thp 69206016
anon 5734035456
anon_thp 69206016
anon 5734031360
anon_thp 69206016
anon 5734031360
anon_thp 69206016
anon 5734031360
anon_thp 69206016
anon 5734031360
anon_thp 69206016
anon 5734035456
anon_thp 69206016
anon 5734031360
anon_thp 69206016
anon 5734035456
anon_thp 69206016
anon 5734031360
anon_thp 69206016
anon 5734027264
anon_thp 69206016
anon 5734031360
anon_thp 69206016
anon 5734035456
anon_thp 69206016
anon 5734035456
anon_thp 69206016
anon 5734035456
anon_thp 69206016
anon 5734031360
anon_thp 69206016
anon 5734027264
anon_thp 69206016
anon 5734035456
anon_thp 69206016
anon 5734027264
anon_thp 69206016
anon 5734035456
anon_thp 69206016
anon 5734031360
anon_thp 69206016
anon 5734035456
anon_thp 69206016
anon 5734035456
anon_thp 69206016
anon 5734035456
anon_thp 69206016
anon 5734027264
anon_thp 69206016
anon 5734027264
anon_thp 69206016
anon 5734031360
anon_thp 69206016
anon 5734031360
anon_thp 69206016
anon 5734031360
anon_thp 69206016
anon 5734031360
anon_thp 69206016
anon 5734035456
anon_thp 69206016
anon 5734031360
anon_thp 69206016
anon 5734035456
anon_thp 69206016
anon 5734035456
anon_thp 69206016
anon 5734027264
anon_thp 69206016
anon 5734027264
anon_thp 69206016
anon 5734035456
anon_thp 69206016
anon 5734031360
anon_thp 69206016
anon 5734027264
anon_thp 69206016
anon 5734035456
anon_thp 69206016
anon 5734031360
anon_thp 69206016
anon 5734035456
anon_thp 69206016
anon 5734027264
anon_thp 69206016
anon 5734031360
anon_thp 69206016
anon 5734031360
anon_thp 69206016
anon 5734031360
anon_thp 69206016
anon 5734035456
anon_thp 69206016
anon 5734031360
anon_thp 69206016
anon 5734031360
anon_thp 69206016
anon 5734035456
anon_thp 69206016
anon 5734035456
anon_thp 69206016
anon 5734027264
anon_thp 69206016
anon 5734031360
anon_thp 69206016
anon 5734031360
anon_thp 69206016
anon 5734027264
anon_thp 69206016
anon 5734035456
anon_thp 69206016
anon 5734031360
anon_thp 69206016
anon 5734035456
anon_thp 69206016
anon 5734035456
anon_thp 69206016
anon 5734031360
anon_thp 69206016
anon 5734027264
anon_thp 69206016
anon 5734035456
anon_thp 69206016
anon 5734031360
anon_thp 69206016
anon 5734035456
anon_thp 69206016
anon 5734027264
anon_thp 69206016
anon 5734027264
anon_thp 69206016
anon 5734031360
anon_thp 69206016
anon 5734031360
anon_thp 69206016
anon 5734031360
anon_thp 69206016
anon 5734031360
anon_thp 69206016
anon 5734031360
anon_thp 69206016
anon 5734031360
anon_thp 69206016
anon 5734031360
anon_thp 69206016
anon 5734035456
anon_thp 69206016
anon 5734027264
anon_thp 69206016
anon 5734031360
anon_thp 69206016
anon 5734031360
anon_thp 69206016
anon 5734031360
anon_thp 69206016
anon 5734035456
anon_thp 69206016
anon 5734031360
anon_thp 69206016
anon 5734027264
anon_thp 69206016
anon 5734031360
anon_thp 69206016
anon 5734035456
anon_thp 69206016
anon 5734031360
anon_thp 69206016
anon 5734035456
anon_thp 69206016
anon 5734035456
anon_thp 69206016
anon 5734035456
anon_thp 69206016
anon 5734031360
anon_thp 69206016
anon 5734031360
anon_thp 69206016
anon 5734035456
anon_thp 69206016
anon 5734031360
anon_thp 69206016
anon 5734035456
anon_thp 69206016
anon 5734027264
anon_thp 69206016
anon 5734035456
anon_thp 69206016
anon 5734035456
anon_thp 69206016
anon 5734031360
anon_thp 69206016
anon 5734035456
anon_thp 69206016
anon 5734027264
anon_thp 69206016
anon 5734035456
anon_thp 69206016
anon 5734027264
anon_thp 69206016
anon 5734035456
anon_thp 69206016
anon 5734031360
anon_thp 69206016
anon 5734031360
anon_thp 69206016
anon 5734031360
anon_thp 69206016
anon 5734027264
anon_thp 69206016
anon 5734031360
anon_thp 69206016
anon 5734031360
anon_thp 69206016
anon 5734031360
anon_thp 69206016
anon 5734031360
anon_thp 69206016
anon 5734031360
anon_thp 69206016
anon 5734035456
anon_thp 69206016
anon 5734031360
anon_thp 69206016
anon 5734031360
anon_thp 69206016
anon 5734031360
anon_thp 69206016
anon 5734031360
anon_thp 69206016
anon 5734035456
anon_thp 69206016
anon 5734035456
anon_thp 69206016
anon 5734031360
anon_thp 69206016
anon 5734031360
anon_thp 69206016
anon 5734035456
anon_thp 69206016
anon 5734035456
anon_thp 69206016
anon 5734031360
anon_thp 69206016
anon 5734031360
anon_thp 69206016
anon 5734035456
anon_thp 69206016
anon 5734035456
anon_thp 69206016
anon 5734035456
anon_thp 69206016
anon 5734027264
anon_thp 69206016
anon 5734031360
anon_thp 69206016
anon 5734035456
anon_thp 69206016
anon 5734035456
anon_thp 69206016
anon 5734035456
anon_thp 69206016
anon 5734031360
anon_thp 69206016
anon 5734031360
anon_thp 69206016
anon 5734031360
anon_thp 69206016
anon 5734031360
anon_thp 69206016
anon 5734031360
anon_thp 69206016
anon 5734027264
anon_thp 69206016
anon 5734035456
anon_thp 69206016
anon 5734031360
anon_thp 69206016
anon 5734027264
anon_thp 69206016
anon 5734031360
anon_thp 69206016
anon 5734035456
anon_thp 69206016
anon 5734031360
anon_thp 69206016
anon 5734031360
anon_thp 69206016
anon 5734031360
anon_thp 69206016
anon 5734027264
anon_thp 69206016
anon 5734031360
anon_thp 69206016
anon 5734035456
anon_thp 69206016
anon 5734035456
anon_thp 69206016
anon 5734035456
anon_thp 69206016
anon 5734027264
anon_thp 69206016
anon 5734035456
anon_thp 69206016
anon 5734031360
anon_thp 69206016
anon 5734027264
anon_thp 69206016
anon 5734031360
anon_thp 69206016
anon 5734035456
anon_thp 69206016
anon 5734031360
anon_thp 69206016
anon 5734035456
anon_thp 69206016
anon 5734027264
anon_thp 69206016
anon 5734035456
anon_thp 69206016
anon 5734031360
anon_thp 69206016
anon 5734031360
anon_thp 69206016
anon 5734031360
anon_thp 69206016
anon 5734031360
anon_thp 69206016
anon 5734031360
anon_thp 69206016
anon 5734035456
anon_thp 69206016
anon 5734031360
anon_thp 69206016
anon 5734035456
anon_thp 69206016
anon 5734031360
anon_thp 69206016
anon 5734027264
anon_thp 69206016
anon 5734031360
anon_thp 69206016
anon 5734035456
anon_thp 69206016
anon 5734035456
anon_thp 69206016
anon 5734027264
anon_thp 69206016
anon 5734031360
anon_thp 69206016
anon 5734031360
anon_thp 69206016
anon 5734031360
anon_thp 69206016
anon 5734031360
anon_thp 69206016
anon 5734031360
anon_thp 69206016
anon 5734027264
anon_thp 69206016
anon 5734031360
anon_thp 69206016
anon 5734027264
anon_thp 69206016
anon 5734031360
anon_thp 69206016
anon 5734031360
anon_thp 69206016
anon 5734027264
anon_thp 69206016
anon 5734035456
anon_thp 69206016
anon 5734031360
anon_thp 69206016
anon 5734031360
anon_thp 69206016
anon 5734031360
anon_thp 69206016
anon 5734027264
anon_thp 69206016
anon 5734031360
anon_thp 69206016
anon 5734031360
anon_thp 69206016
anon 5734035456
anon_thp 69206016
anon 5734031360
anon_thp 69206016
anon 5734031360
anon_thp 69206016
anon 5734031360
anon_thp 69206016
anon 5734027264
anon_thp 69206016
anon 5734035456
anon_thp 69206016
anon 5734031360
anon_thp 69206016
anon 5734027264
anon_thp 69206016
anon 5734031360
anon_thp 69206016
anon 5734027264
anon_thp 69206016
anon 5734027264
anon_thp 69206016
anon 5734035456
anon_thp 69206016
anon 5734027264
anon_thp 69206016
anon 5734035456
anon_thp 69206016
anon 5734031360
anon_thp 69206016
anon 5734031360
anon_thp 69206016
anon 5734035456
anon_thp 69206016
anon 5734031360
anon_thp 69206016
anon 5734031360
anon_thp 69206016
anon 5734035456
anon_thp 69206016
anon 5734027264
anon_thp 69206016
anon 5734031360
anon_thp 69206016
anon 5734031360
anon_thp 69206016
anon 5734035456
anon_thp 69206016
anon 5734031360
anon_thp 69206016
anon 5734035456
anon_thp 69206016
anon 5734031360
anon_thp 69206016
anon 5734031360
anon_thp 69206016
anon 5734035456
anon_thp 69206016
anon 5734031360
anon_thp 69206016
anon 5734031360
anon_thp 69206016
anon 5734035456
anon_thp 69206016
anon 5734035456
anon_thp 69206016
anon 5734035456
anon_thp 69206016
anon 5734027264
anon_thp 69206016
anon 5734035456
anon_thp 69206016
anon 5734031360
anon_thp 69206016
anon 5734035456
anon_thp 69206016
anon 5734035456
anon_thp 69206016
anon 5734035456
anon_thp 69206016
anon 5734031360
anon_thp 69206016
anon 5734027264
anon_thp 69206016
anon 5734035456
anon_thp 69206016
anon 5734035456
anon_thp 69206016
anon 5734031360
anon_thp 69206016
anon 5734035456
anon_thp 69206016
anon 5734031360
anon_thp 69206016
anon 5734035456
anon_thp 69206016
anon 5734031360
anon_thp 69206016
anon 5734031360
anon_thp 69206016
anon 5734031360
anon_thp 69206016
anon 5734031360
anon_thp 69206016
anon 5734027264
anon_thp 69206016
anon 5734035456
anon_thp 69206016
anon 5734035456
anon_thp 69206016
anon 5734031360
anon_thp 69206016
anon 5734031360
anon_thp 69206016
anon 5734035456
anon_thp 69206016
anon 5734031360
anon_thp 69206016
anon 5734027264
anon_thp 69206016
anon 5734031360
anon_thp 69206016
anon 5734031360
anon_thp 69206016
anon 5734035456
anon_thp 69206016
anon 5734035456
anon_thp 69206016
anon 5734035456
anon_thp 69206016
anon 5734031360
anon_thp 69206016
anon 5734031360
anon_thp 69206016
anon 5734031360
anon_thp 69206016
anon 5734031360
anon_thp 69206016
anon 5734035456
anon_thp 69206016
anon 5734031360
anon_thp 69206016
anon 5734031360
anon_thp 69206016
anon 5734035456
anon_thp 69206016
anon 5734031360
anon_thp 69206016
anon 5734027264
anon_thp 69206016
anon 5734035456
anon_thp 69206016
anon 5734035456
anon_thp 69206016
anon 5734031360
anon_thp 69206016
anon 5734035456
anon_thp 69206016
anon 5734031360
anon_thp 69206016
anon 5734031360
anon_thp 69206016
anon 5734031360
anon_thp 69206016
anon 5734031360
anon_thp 69206016
anon 5734031360
anon_thp 69206016
anon 5734027264
anon_thp 69206016
anon 5734035456
anon_thp 69206016
anon 5734031360
anon_thp 69206016
anon 5734027264
anon_thp 69206016
anon 5734035456
anon_thp 69206016
anon 5734027264
anon_thp 69206016
anon 5734035456
anon_thp 69206016
anon 5734031360
anon_thp 69206016
anon 5734031360
anon_thp 69206016
anon 5734031360
anon_thp 69206016
anon 5734035456
anon_thp 69206016
anon 5734035456
anon_thp 69206016
anon 5734035456
anon_thp 69206016
anon 5734031360
anon_thp 69206016
anon 5734031360
anon_thp 69206016
anon 5734031360
anon_thp 69206016
anon 5734035456
anon_thp 69206016
anon 5734031360
anon_thp 69206016
anon 5734035456
anon_thp 69206016
anon 5734031360
anon_thp 69206016
anon 5734031360
anon_thp 69206016
anon 5734035456
anon_thp 69206016
anon 5734031360
anon_thp 69206016
anon 5734031360
anon_thp 69206016
anon 5734031360
anon_thp 69206016
anon 5734031360
anon_thp 69206016
anon 5734027264
anon_thp 69206016
anon 5734031360
anon_thp 69206016
anon 5734035456
anon_thp 69206016
anon 5734031360
anon_thp 69206016
anon 5734031360
anon_thp 69206016
anon 5734031360
anon_thp 69206016
anon 5734031360
anon_thp 69206016
anon 5734027264
anon_thp 69206016
anon 5734027264
anon_thp 69206016
anon 5734027264
anon_thp 69206016
anon 5734035456
anon_thp 69206016
anon 5734027264
anon_thp 69206016
anon 5734035456
anon_thp 69206016
anon 5734027264
anon_thp 69206016
anon 5734031360
anon_thp 69206016
anon 5734031360
anon_thp 69206016
anon 5734027264
anon_thp 69206016
anon 5734031360
anon_thp 69206016
anon 5734027264
anon_thp 69206016
