pgmigrate_success 76815852
pgmigrate_success 76816328
pgmigrate_success 76816405
pgmigrate_success 76816484
pgmigrate_success 76816557
pgmigrate_success 76816620
pgmigrate_success 76816687
pgmigrate_success 76816749
pgmigrate_success 76816818
pgmigrate_success 76816869
pgmigrate_success 76816927
pgmigrate_success 76816997
pgmigrate_success 76817056
pgmigrate_success 76817125
pgmigrate_success 76817173
pgmigrate_success 76817238
pgmigrate_success 76817298
pgmigrate_success 76817336
pgmigrate_success 76817663
pgmigrate_success 76817872
pgmigrate_success 76818116
pgmigrate_success 76818326
pgmigrate_success 76818596
pgmigrate_success 76818853
pgmigrate_success 76819100
pgmigrate_success 76819314
pgmigrate_success 76819314
pgmigrate_success 76877186
pgmigrate_success 77056400
pgmigrate_success 77063385
pgmigrate_success 77063662
pgmigrate_success 77069122
pgmigrate_success 77089075
pgmigrate_success 77090169
pgmigrate_success 77108674
pgmigrate_success 77110933
pgmigrate_success 77112396
pgmigrate_success 77113810
pgmigrate_success 77179827
pgmigrate_success 77181088
pgmigrate_success 77181309
pgmigrate_success 77181597
pgmigrate_success 77208831
pgmigrate_success 77267244
pgmigrate_success 77285699
pgmigrate_success 77352389
pgmigrate_success 77369948
pgmigrate_success 77436646
pgmigrate_success 77454080
pgmigrate_success 77520623
pgmigrate_success 77537892
pgmigrate_success 77604642
pgmigrate_success 77607372
pgmigrate_success 77610967
pgmigrate_success 77680888
pgmigrate_success 77681433
pgmigrate_success 77681760
pgmigrate_success 77682525
pgmigrate_success 77682712
pgmigrate_success 77682888
pgmigrate_success 77684609
pgmigrate_success 77685163
pgmigrate_success 77722111
pgmigrate_success 77756010
pgmigrate_success 77825747
pgmigrate_success 77828439
pgmigrate_success 77850183
pgmigrate_success 77899102
pgmigrate_success 77901275
pgmigrate_success 77970531
pgmigrate_success 77973176
pgmigrate_success 78039025
pgmigrate_success 78040231
pgmigrate_success 78041933
pgmigrate_success 78095568
pgmigrate_success 78096993
pgmigrate_success 78098348
pgmigrate_success 78098698
pgmigrate_success 78098994
pgmigrate_success 78154191
pgmigrate_success 78155319
pgmigrate_success 78173655
pgmigrate_success 78211042
pgmigrate_success 78212950
pgmigrate_success 78249217
pgmigrate_success 78283855
pgmigrate_success 78288280
pgmigrate_success 78305675
pgmigrate_success 78342555
pgmigrate_success 78345807
pgmigrate_success 78346255
pgmigrate_success 78346487
pgmigrate_success 78347643
pgmigrate_success 78348714
pgmigrate_success 78351610
pgmigrate_success 78353297
pgmigrate_success 78355367
pgmigrate_success 78357609
pgmigrate_success 78424426
pgmigrate_success 78424426
pgmigrate_success 78424426
pgmigrate_success 78438411
pgmigrate_success 78508337
pgmigrate_success 78513969
pgmigrate_success 78585534
pgmigrate_success 78597293
pgmigrate_success 78657766
pgmigrate_success 78657766
pgmigrate_success 78671534
pgmigrate_success 78868746
pgmigrate_success 78869493
pgmigrate_success 78869714
pgmigrate_success 78870821
pgmigrate_success 78871534
pgmigrate_success 78872234
pgmigrate_success 78872376
pgmigrate_success 78889119
pgmigrate_success 78890292
pgmigrate_success 78891430
pgmigrate_success 78908112
pgmigrate_success 78909691
pgmigrate_success 78926688
pgmigrate_success 78927208
pgmigrate_success 78927545
pgmigrate_success 78928077
pgmigrate_success 78947103
pgmigrate_success 78947485
pgmigrate_success 78949192
pgmigrate_success 78950407
pgmigrate_success 78950410
pgmigrate_success 79180041
pgmigrate_success 79494047
pgmigrate_success 79494047
pgmigrate_success 79494559
pgmigrate_success 79542624
pgmigrate_success 79561865
pgmigrate_success 79627633
pgmigrate_success 79721897
pgmigrate_success 79721897
pgmigrate_success 79721897
pgmigrate_success 79726273
pgmigrate_success 79726273
pgmigrate_success 79726273
pgmigrate_success 79753951
pgmigrate_success 79946586
pgmigrate_success 80307616
pgmigrate_success 80312224
pgmigrate_success 80312224
pgmigrate_success 80325050
pgmigrate_success 80364507
pgmigrate_success 80417118
pgmigrate_success 80417118
pgmigrate_success 80417118
pgmigrate_success 80522340
pgmigrate_success 80522340
pgmigrate_success 80531300
pgmigrate_success 80596307
pgmigrate_success 80851616
pgmigrate_success 80884128
pgmigrate_success 80945632
pgmigrate_success 81013632
pgmigrate_success 81065504
pgmigrate_success 81116422
pgmigrate_success 81119413
pgmigrate_success 81540303
pgmigrate_success 81540687
pgmigrate_success 81540687
pgmigrate_success 81559258
pgmigrate_success 81577752
pgmigrate_success 81665817
pgmigrate_success 81665817
pgmigrate_success 81665817
pgmigrate_success 81665817
pgmigrate_success 81665817
pgmigrate_success 81665817
pgmigrate_success 81665817
pgmigrate_success 81667317
pgmigrate_success 81766246
pgmigrate_success 81902830
pgmigrate_success 82005900
pgmigrate_success 82092816
pgmigrate_success 82162578
pgmigrate_success 82205975
pgmigrate_success 82253797
pgmigrate_success 82311549
pgmigrate_success 82311931
pgmigrate_success 82346910
pgmigrate_success 82347343
pgmigrate_success 82347754
pgmigrate_success 82382435
pgmigrate_success 82383505
pgmigrate_success 82385678
pgmigrate_success 82388978
pgmigrate_success 82425162
pgmigrate_success 82461187
pgmigrate_success 82463305
pgmigrate_success 82466535
pgmigrate_success 82502699
pgmigrate_success 82536875
pgmigrate_success 82539469
pgmigrate_success 82543188
pgmigrate_success 82612094
pgmigrate_success 82614177
pgmigrate_success 82616153
pgmigrate_success 82619358
pgmigrate_success 82687703
pgmigrate_success 82689762
pgmigrate_success 82692302
pgmigrate_success 82727647
pgmigrate_success 82766388
pgmigrate_success 82770386
pgmigrate_success 82778070
pgmigrate_success 82781469
pgmigrate_success 82782807
pgmigrate_success 82788321
pgmigrate_success 82792286
pgmigrate_success 82793692
pgmigrate_success 82793973
pgmigrate_success 82798745
pgmigrate_success 82801165
pgmigrate_success 82817597
pgmigrate_success 82834102
pgmigrate_success 82835463
pgmigrate_success 82851925
pgmigrate_success 82868349
pgmigrate_success 82868656
pgmigrate_success 82887120
pgmigrate_success 82907200
pgmigrate_success 82959559
pgmigrate_success 82965697
pgmigrate_success 82970031
pgmigrate_success 82974533
pgmigrate_success 82979433
pgmigrate_success 82983565
pgmigrate_success 82986347
pgmigrate_success 82988825
pgmigrate_success 82995322
pgmigrate_success 83005049
pgmigrate_success 83075158
pgmigrate_success 83084413
pgmigrate_success 83092955
pgmigrate_success 83100759
pgmigrate_success 83103308
pgmigrate_success 83111548
pgmigrate_success 83116760
pgmigrate_success 83116760
pgmigrate_success 83116760
pgmigrate_success 83119320
pgmigrate_success 83198853
pgmigrate_success 83198853
pgmigrate_success 83202988
pgmigrate_success 83249540
pgmigrate_success 83296313
pgmigrate_success 83296313
pgmigrate_success 83389786
pgmigrate_success 83389786
pgmigrate_success 83389786
pgmigrate_success 83576733
pgmigrate_success 83576733
pgmigrate_success 83742580
pgmigrate_success 83742580
pgmigrate_success 83742580
pgmigrate_success 83742580
pgmigrate_success 83742580
pgmigrate_success 83742580
pgmigrate_success 83742580
pgmigrate_success 83742646
pgmigrate_success 83742646
pgmigrate_success 83742646
pgmigrate_success 83742646
pgmigrate_success 83742646
pgmigrate_success 83742646
pgmigrate_success 83742646
pgmigrate_success 83792284
pgmigrate_success 84005824
pgmigrate_success 84110306
pgmigrate_success 84110358
pgmigrate_success 84112942
pgmigrate_success 84214014
pgmigrate_success 84314925
pgmigrate_success 84316912
pgmigrate_success 84417282
pgmigrate_success 84489618
pgmigrate_success 84516369
pgmigrate_success 84615080
pgmigrate_success 84617356
pgmigrate_success 84619058
pgmigrate_success 84621908
pgmigrate_success 84622145
pgmigrate_success 84626550
pgmigrate_success 84628131
pgmigrate_success 84633035
pgmigrate_success 84634476
pgmigrate_success 84636060
pgmigrate_success 84637737
pgmigrate_success 84638413
pgmigrate_success 84660289
pgmigrate_success 84667951
pgmigrate_success 84688046
pgmigrate_success 84708419
pgmigrate_success 84712836
pgmigrate_success 84727241
pgmigrate_success 84735465
pgmigrate_success 84756073
pgmigrate_success 84762584
pgmigrate_success 84782790
pgmigrate_success 84785077
pgmigrate_success 84786266
pgmigrate_success 84786865
pgmigrate_success 84789216
pgmigrate_success 84789964
pgmigrate_success 84791204
pgmigrate_success 84792434
pgmigrate_success 84792692
pgmigrate_success 84792861
pgmigrate_success 84795132
pgmigrate_success 84795853
pgmigrate_success 84797521
pgmigrate_success 84801223
pgmigrate_success 84803032
pgmigrate_success 84806837
pgmigrate_success 84812027
pgmigrate_success 84820732
pgmigrate_success 84829661
pgmigrate_success 84832952
pgmigrate_success 84904335
pgmigrate_success 84918449
pgmigrate_success 84919232
pgmigrate_success 84920544
pgmigrate_success 84922041
pgmigrate_success 84937084
pgmigrate_success 84945228
pgmigrate_success 84960096
pgmigrate_success 85027248
pgmigrate_success 85028029
pgmigrate_success 85029420
pgmigrate_success 85030654
pgmigrate_success 85043998
pgmigrate_success 85056577
pgmigrate_success 85062768
pgmigrate_success 85130170
pgmigrate_success 85130771
pgmigrate_success 85131626
pgmigrate_success 85133983
pgmigrate_success 85143509
pgmigrate_success 85151606
pgmigrate_success 85226025
pgmigrate_success 85226608
pgmigrate_success 85227502
pgmigrate_success 85228477
pgmigrate_success 85234478
pgmigrate_success 85244281
pgmigrate_success 85253096
pgmigrate_success 85319234
pgmigrate_success 85319616
pgmigrate_success 85320320
pgmigrate_success 85321495
pgmigrate_success 85330295
pgmigrate_success 85340450
pgmigrate_success 85408832
pgmigrate_success 85410598
pgmigrate_success 85410598
pgmigrate_success 85411447
pgmigrate_success 85413079
pgmigrate_success 85413279
pgmigrate_success 85416154
pgmigrate_success 85416553
pgmigrate_success 85417526
pgmigrate_success 85419451
pgmigrate_success 85419916
pgmigrate_success 85422856
pgmigrate_success 85423241
pgmigrate_success 85425531
pgmigrate_success 85429671
pgmigrate_success 85431541
pgmigrate_success 85433900
pgmigrate_success 85437718
pgmigrate_success 85443151
pgmigrate_success 85445531
pgmigrate_success 85448550
pgmigrate_success 85451524
pgmigrate_success 85454073
pgmigrate_success 85455764
pgmigrate_success 85459355
pgmigrate_success 85462406
pgmigrate_success 85467173
pgmigrate_success 85536700
pgmigrate_success 85546431
pgmigrate_success 85616222
pgmigrate_success 85620629
pgmigrate_success 85657052
pgmigrate_success 85659616
pgmigrate_success 85661880
pgmigrate_success 85675264
pgmigrate_success 85744274
pgmigrate_success 85782874
pgmigrate_success 85819720
pgmigrate_success 85854871
pgmigrate_success 85859430
pgmigrate_success 85891988
pgmigrate_success 85986763
pgmigrate_success 86055926
pgmigrate_success 86091952
pgmigrate_success 86127461
pgmigrate_success 86163019
pgmigrate_success 86167348
pgmigrate_success 86180058
pgmigrate_success 86252711
pgmigrate_success 86321055
pgmigrate_success 86330513
pgmigrate_success 86390634
pgmigrate_success 86392931
pgmigrate_success 86430597
pgmigrate_success 86432715
pgmigrate_success 86437542
pgmigrate_success 86506536
pgmigrate_success 86546913
pgmigrate_success 86579624
pgmigrate_success 86582416
pgmigrate_success 86619167
pgmigrate_success 86621183
pgmigrate_success 86623357
pgmigrate_success 86690218
pgmigrate_success 86731474
pgmigrate_success 86736573
pgmigrate_success 86774090
pgmigrate_success 86776843
pgmigrate_success 86778215
pgmigrate_success 86790429
pgmigrate_success 86790811
pgmigrate_success 86802714
pgmigrate_success 86824661
pgmigrate_success 86830278
pgmigrate_success 86848680
pgmigrate_success 86861895
pgmigrate_success 86867876
pgmigrate_success 86885555
