anon 0
anon_thp 0
anon 208871424
anon_thp 6291456
anon 551514112
anon_thp 6291456
anon 897089536
anon_thp 6291456
anon 1229484032
anon_thp 6291456
anon 1559867392
anon_thp 6291456
anon 1894486016
anon_thp 6291456
anon 2231660544
anon_thp 6291456
anon 2563641344
anon_thp 6291456
anon 2901450752
anon_thp 6291456
anon 3240816640
anon_thp 6291456
anon 3571425280
anon_thp 6291456
anon 3900850176
anon_thp 6291456
anon 4230848512
anon_thp 6291456
anon 4553015296
anon_thp 6291456
anon 4880359424
anon_thp 6291456
anon 5204844544
anon_thp 6291456
anon 5517996032
anon_thp 6291456
anon 5572284416
anon_thp 6291456
anon 5572538368
anon_thp 6291456
anon 5574348800
anon_thp 6291456
anon 5575561216
anon_thp 6291456
anon 5575786496
anon_thp 6291456
anon 5576724480
anon_thp 6291456
anon 5576921088
anon_thp 6291456
anon 5577744384
anon_thp 6291456
anon 5577818112
anon_thp 6291456
anon 98865152
anon_thp 20971520
anon 417890304
anon_thp 20971520
anon 767029248
anon_thp 23068672
anon 1144868864
anon_thp 111149056
anon 1244377088
anon_thp 69206016
anon 1343139840
anon_thp 73400320
anon 57921536
anon_thp 20971520
anon 496619520
anon_thp 90177536
anon 903303168
anon_thp 90177536
anon 1312256000
anon_thp 90177536
anon 1836687360
anon_thp 291504128
anon 3038818304
anon_thp 293601280
anon 4364136448
anon_thp 299892736
anon 5719830528
anon_thp 310378496
anon 6748061696
anon_thp 102760448
anon 6989123584
anon_thp 312475648
anon 7013969920
anon_thp 312475648
anon 7033901056
anon_thp 312475648
anon 7040126976
anon_thp 312475648
anon 7052095488
anon_thp 312475648
anon 7055798272
anon_thp 312475648
anon 7068737536
anon_thp 312475648
anon 7070892032
anon_thp 312475648
anon 7076544512
anon_thp 312475648
anon 7079555072
anon_thp 312475648
anon 241094656
anon_thp 31457280
anon 1576574976
anon_thp 346030080
anon 1930674176
anon_thp 346030080
anon 2445053952
anon_thp 348127232
anon 2962788352
anon_thp 348127232
anon 3474518016
anon_thp 348127232
anon 3989217280
anon_thp 352321536
anon 4494983168
anon_thp 352321536
anon 4998299648
anon_thp 360710144
anon 5288009728
anon_thp 104857600
anon 5643898880
anon_thp 385875968
anon 5404409856
anon_thp 119537664
anon 5720813568
anon_thp 385875968
anon 5720813568
anon_thp 385875968
anon 5750812672
anon_thp 385875968
anon 5750812672
anon_thp 385875968
anon 5838815232
anon_thp 390070272
anon 5847277568
anon_thp 396361728
anon 5674946560
anon_thp 253755392
anon 5827026944
anon_thp 387973120
anon 5423562752
anon_thp 96468992
anon 411938816
anon_thp 98566144
anon 2044411904
anon_thp 176160768
anon 3484639232
anon_thp 184549376
anon 4897529856
anon_thp 186646528
anon 6270844928
anon_thp 195035136
anon 7647764480
anon_thp 195035136
anon 7959289856
anon_thp 209715200
anon 7959445504
anon_thp 209715200
anon 8007553024
anon_thp 224395264
anon 8007655424
anon_thp 224395264
anon 8012345344
anon_thp 222298112
anon 8014503936
anon_thp 224395264
anon 8039948288
anon_thp 234881024
anon 8039968768
anon_thp 234881024
anon 8061341696
anon_thp 249561088
anon 8061341696
anon_thp 249561088
anon 3708448768
anon_thp 60817408
anon 1612025856
anon_thp 54525952
anon 4776108032
anon_thp 58720256
anon 5108748288
anon_thp 58720256
anon 5109780480
anon_thp 58720256
anon 1896169472
anon_thp 20971520
anon 1930579968
anon_thp 35651584
anon 4991107072
anon_thp 44040192
anon 7924006912
anon_thp 54525952
anon 9431609344
anon_thp 354418688
anon 9320407040
anon_thp 69206016
anon 9667432448
anon_thp 369098752
anon 9387925504
anon_thp 77594624
anon 9409560576
anon_thp 94371840
anon 9744896000
anon_thp 394264576
anon 9430347776
anon_thp 79691776
anon 9791655936
anon_thp 379584512
anon 9479004160
anon_thp 79691776
anon 9797050368
anon_thp 379584512
anon 2940522496
anon_thp 75497472
anon 812109824
anon_thp 125829120
anon 2175627264
anon_thp 136314880
anon 3549097984
anon_thp 140509184
anon 4897669120
anon_thp 142606336
anon 6245515264
anon_thp 142606336
anon 7600451584
anon_thp 144703488
anon 8995336192
anon_thp 209715200
anon 9651040256
anon_thp 146800640
anon 9763708928
anon_thp 211812352
anon 9712484352
anon_thp 146800640
anon 9720332288
anon_thp 146800640
anon 9749303296
anon_thp 169869312
anon 9730183168
anon_thp 146800640
anon 9804824576
anon_thp 211812352
anon 9742831616
anon_thp 146800640
anon 9817976832
anon_thp 211812352
anon 6585528320
anon_thp 69206016
anon 157253632
anon_thp 58720256
anon 2297483264
anon_thp 75497472
anon 5077696512
anon_thp 939524096
anon 8616341504
anon_thp 4477419520
anon 8630530048
anon_thp 4492099584
anon 8798752768
anon_thp 4494196736
anon 10624229376
anon_thp 4502585344
anon 12427612160
anon_thp 4504682496
anon 14220857344
anon_thp 4504682496
anon 16013877248
anon_thp 4504682496
anon 17170452480
anon_thp 4504682496
anon 13638152192
anon_thp 75497472
anon 13982654464
anon_thp 216006656
anon 17430224896
anon_thp 3797942272
anon 18147057664
anon_thp 4517265408
anon 18147053568
anon_thp 4517265408
anon 18163544064
anon_thp 4517265408
anon 18164183040
anon_thp 4517265408
anon 18164367360
anon_thp 4517265408
anon 18164641792
anon_thp 4517265408
anon 18164846592
anon_thp 4517265408
anon 13681967104
anon_thp 88080384
anon 14526967808
anon_thp 899678208
anon 18165379072
anon_thp 4538236928
anon 18171486208
anon_thp 4548722688
anon 18187685888
anon_thp 4548722688
anon 18188447744
anon_thp 4548722688
anon 18188779520
anon_thp 4548722688
anon 18189221888
anon_thp 4548722688
anon 14005612544
anon_thp 153092096
anon 16871952384
anon_thp 3185573888
anon 18232016896
anon_thp 4544528384
anon 18232020992
anon_thp 4544528384
anon 18248605696
anon_thp 4544528384
anon 18249248768
anon_thp 4544528384
anon 18250047488
anon_thp 4544528384
anon 18250739712
anon_thp 4546625536
anon 13955055616
anon_thp 230686720
anon 17310527488
anon_thp 3646947328
anon 18191429632
anon_thp 4527751168
anon 18191429632
anon_thp 4527751168
anon 18210213888
anon_thp 4529848320
anon 18210594816
anon_thp 4529848320
anon 18210893824
anon_thp 4529848320
anon 13891878912
anon_thp 100663296
anon 16229969920
anon_thp 2594177024
anon 18170961920
anon_thp 4534042624
anon 18170961920
anon_thp 4534042624
anon 18187730944
anon_thp 4534042624
anon 18188107776
anon_thp 4534042624
anon 18188218368
anon_thp 4534042624
anon 18188271616
anon_thp 4534042624
anon 9975386112
anon_thp 136314880
anon 1291530240
anon_thp 180355072
anon 1639505920
anon_thp 297795584
anon 2457427968
anon_thp 304087040
anon 3242057728
anon_thp 304087040
anon 3909296128
anon_thp 304087040
anon 5459845120
anon_thp 308281344
anon 7247732736
anon_thp 314572800
anon 9053532160
anon_thp 314572800
anon 10017054720
anon_thp 180355072
anon 10405994496
anon_thp 314572800
anon 10442846208
anon_thp 314572800
anon 10499579904
anon_thp 314572800
anon 10431356928
anon_thp 180355072
anon 10572685312
anon_thp 314572800
anon 10575335424
anon_thp 314572800
anon 10645274624
anon_thp 314572800
anon 10680274944
anon_thp 314572800
anon 10680561664
anon_thp 314572800
anon 10680999936
anon_thp 314572800
anon 10719014912
anon_thp 314572800
anon 10716606464
anon_thp 314572800
anon 10716610560
anon_thp 314572800
anon 10716966912
anon_thp 314572800
anon 10654208000
anon_thp 180355072
anon 10772901888
anon_thp 314572800
anon 10772901888
anon_thp 314572800
anon 10776748032
anon_thp 314572800
anon 10714652672
anon_thp 180355072
anon 4793200640
anon_thp 142606336
anon 406847488
anon_thp 94371840
anon 1249284096
anon_thp 106954752
anon 1343139840
anon_thp 106954752
anon 1599221760
anon_thp 41943040
anon 4382351360
anon_thp 56623104
anon 5900161024
anon_thp 123731968
anon 5998346240
anon_thp 123731968
anon 5932134400
anon_thp 58720256
anon 5935484928
anon_thp 58720256
anon 6005420032
anon_thp 123731968
anon 5938704384
anon_thp 58720256
anon 6010343424
anon_thp 123731968
anon 6013423616
anon_thp 123731968
anon 3382095872
anon_thp 37748736
anon 676384768
anon_thp 337641472
anon 1480609792
anon_thp 358612992
anon 2298294272
anon_thp 358612992
anon 3146874880
anon_thp 369098752
anon 3989344256
anon_thp 369098752
anon 4831236096
anon_thp 373293056
anon 5677142016
anon_thp 373293056
anon 6529327104
anon_thp 379584512
anon 7377162240
anon_thp 379584512
anon 7690436608
anon_thp 457179136
anon 7742267392
anon_thp 459276288
anon 7854206976
anon_thp 459276288
anon 8070217728
anon_thp 459276288
anon 8252780544
anon_thp 459276288
anon 8351326208
anon_thp 459276288
anon 8536367104
anon_thp 478150656
anon 8541450240
anon_thp 484442112
anon 8529485824
anon_thp 478150656
anon 8533389312
anon_thp 480247808
anon 8533909504
anon_thp 480247808
anon 8535916544
anon_thp 480247808
anon 8637952000
anon_thp 480247808
anon 8670875648
anon_thp 494927872
anon 8652836864
anon_thp 492830720
anon 8652836864
anon_thp 492830720
anon 8653185024
anon_thp 492830720
anon 8656429056
anon_thp 492830720
anon 8717332480
anon_thp 492830720
anon 8777674752
anon_thp 505413632
anon 8738795520
anon_thp 494927872
anon 8738795520
anon_thp 494927872
anon 8738795520
anon_thp 494927872
anon 8739250176
anon_thp 494927872
anon 8767873024
anon_thp 494927872
anon 8873185280
anon_thp 520093696
anon 8500969472
anon_thp 232783872
anon 8769634304
anon_thp 501219328
anon 8769634304
anon_thp 501219328
anon 8770605056
anon_thp 501219328
anon 8786034688
anon_thp 501219328
anon 8895557632
anon_thp 513802240
anon 8899108864
anon_thp 517996544
anon 2112675840
anon_thp 197132288
anon 1875644416
anon_thp 643825664
anon 3902799872
anon_thp 668991488
anon 6694199296
anon_thp 681574400
anon 7801434112
anon_thp 683671552
anon 7265558528
anon_thp 146800640
anon 7847804928
anon_thp 685768704
anon 7896342528
anon_thp 685768704
anon 7897419776
anon_thp 685768704
anon 7939698688
anon_thp 685768704
anon 7963271168
anon_thp 685768704
anon 7964393472
anon_thp 685768704
anon 1112379392
anon_thp 54525952
anon 2186534912
anon_thp 109051904
anon 5111734272
anon_thp 121634816
anon 7301423104
anon_thp 148897792
anon 7545937920
anon_thp 148897792
anon 7574614016
anon_thp 150994944
anon 7586246656
anon_thp 150994944
anon 7593652224
anon_thp 153092096
anon 7593119744
anon_thp 150994944
anon 6510784512
anon_thp 94371840
anon 215957504
anon_thp 77594624
anon 1404747776
anon_thp 226492416
anon 2264596480
anon_thp 178257920
anon 2493415424
anon_thp 245366784
anon 2646007808
anon_thp 245366784
anon 2658500608
anon_thp 178257920
anon 2764070912
anon_thp 247463936
anon 2739552256
anon_thp 180355072
anon 2818023424
anon_thp 247463936
anon 2777559040
anon_thp 180355072
anon 2786426880
anon_thp 180355072
anon 202522624
anon_thp 71303168
anon 2477322240
anon_thp 132120576
anon 5398843392
anon_thp 146800640
anon 5690941440
anon_thp 161480704
anon 5723549696
anon_thp 176160768
anon 5729935360
anon_thp 176160768
anon 5752754176
anon_thp 176160768
anon 5756358656
anon_thp 176160768
anon 5779419136
anon_thp 190840832
anon 5782200320
anon_thp 190840832
anon 5784846336
anon_thp 190840832
anon 129658880
anon_thp 31457280
anon 2499436544
anon_thp 115343360
anon 4467531776
anon_thp 125829120
anon 6349697024
anon_thp 132120576
anon 8203079680
anon_thp 140509184
anon 8904626176
anon_thp 299892736
anon 8930406400
anon_thp 314572800
anon 8947847168
anon_thp 314572800
anon 9075425280
anon_thp 484442112
anon 8827662336
anon_thp 216006656
anon 8900468736
anon_thp 216006656
anon 9192382464
anon_thp 216006656
anon 10506084352
anon_thp 455081984
anon 10631094272
anon_thp 457179136
anon 10670391296
anon_thp 457179136
anon 10481774592
anon_thp 545259520
anon 9980641280
anon_thp 264241152
anon 9953775616
anon_thp 249561088
anon 10020519936
anon_thp 234881024
anon 10638897152
anon_thp 417333248
anon 10657329152
anon_thp 417333248
anon 10672758784
anon_thp 417333248
anon 10441998336
anon_thp 517996544
anon 10129297408
anon_thp 234881024
anon 10145243136
anon_thp 234881024
anon 10546364416
anon_thp 234881024
anon 10974158848
anon_thp 354418688
anon 10991026176
anon_thp 367001600
anon 10791788544
anon_thp 322961408
anon 10450546688
anon_thp 247463936
anon 10450554880
anon_thp 247463936
anon 10554986496
anon_thp 247463936
anon 11078430720
anon_thp 383778816
anon 11074060288
anon_thp 385875968
anon 11084931072
anon_thp 385875968
anon 11061243904
anon_thp 530579456
anon 10728022016
anon_thp 262144000
anon 10566459392
anon_thp 262144000
anon 10836332544
anon_thp 262144000
anon 11140964352
anon_thp 369098752
anon 11153321984
anon_thp 369098752
anon 10921844736
anon_thp 291504128
anon 10779930624
anon_thp 262144000
anon 6173175808
anon_thp 174063616
anon 65839104
anon_thp 44040192
anon 2866032640
anon_thp 167772160
anon 5916942336
anon_thp 180355072
anon 8569991168
anon_thp 192937984
anon 8578072576
anon_thp 192937984
anon 8580583424
anon_thp 192937984
anon 8583090176
anon_thp 192937984
anon 8585228288
anon_thp 192937984
anon 8532738048
anon_thp 186646528
anon 1136304128
anon_thp 102760448
anon 1048838144
anon_thp 98566144
anon 3839041536
anon_thp 119537664
anon 6623686656
anon_thp 136314880
anon 8191672320
anon_thp 171966464
anon 8214880256
anon_thp 178257920
anon 8281034752
anon_thp 209715200
anon 8300220416
anon_thp 195035136
anon 8313495552
anon_thp 195035136
anon 8341037056
anon_thp 207618048
anon 8369053696
anon_thp 216006656
anon 7579045888
anon_thp 132120576
anon 90099712
anon_thp 33554432
anon 2646114304
anon_thp 115343360
anon 5616484352
anon_thp 130023424
anon 7073693696
anon_thp 400556032
anon 7998586880
anon_thp 320864256
anon 8002928640
anon_thp 325058560
anon 7884980224
anon_thp 190840832
anon 8081268736
anon_thp 325058560
anon 8111665152
anon_thp 325058560
anon 8003297280
anon_thp 190840832
anon 8290299904
anon_thp 459276288
anon 8481665024
anon_thp 459276288
anon 8534188032
anon_thp 457179136
anon 8534188032
anon_thp 457179136
anon 8549240832
anon_thp 457179136
anon 8552194048
anon_thp 457179136
anon 8960348160
anon_thp 861929472
anon 8300916736
anon_thp 190840832
anon 8593014784
anon_thp 459276288
anon 8716222464
anon_thp 457179136
anon 8716222464
anon_thp 457179136
anon 8725254144
anon_thp 457179136
anon 8725266432
anon_thp 457179136
anon 8726745088
anon_thp 457179136
anon 8458637312
anon_thp 190840832
anon 8734973952
anon_thp 459276288
anon 8874242048
anon_thp 457179136
anon 8874242048
anon_thp 457179136
anon 8891056128
anon_thp 469762048
anon 8891252736
anon_thp 469762048
anon 9297297408
anon_thp 874512384
anon 8626200576
anon_thp 203423744
anon 8924274688
anon_thp 471859200
anon 9002512384
anon_thp 471859200
anon 9002512384
anon_thp 471859200
anon 9004896256
anon_thp 471859200
anon 9004896256
anon_thp 471859200
anon 9407696896
anon_thp 876609536
anon 8736624640
anon_thp 205520896
anon 9040900096
anon_thp 473956352
anon 9047728128
anon_thp 471859200
anon 9047728128
anon_thp 471859200
anon 9056100352
anon_thp 471859200
anon 9056116736
anon_thp 471859200
anon 9458769920
anon_thp 876609536
anon 4123734016
anon_thp 150994944
anon 402817024
anon_thp 117440512
anon 999940096
anon_thp 130023424
anon 1311010816
anon_thp 130023424
anon 1387986944
anon_thp 130023424
anon 1401532416
anon_thp 130023424
anon 1452580864
anon_thp 130023424
anon 1479462912
anon_thp 130023424
anon 1564704768
anon_thp 130023424
