hot 0 warm 0 cold 0
hot 328 warm 0 cold 0
hot 333 warm 0 cold 0
hot 399 warm 0 cold 0
hot 462 warm 0 cold 0
hot 528 warm 0 cold 0
hot 604 warm 0 cold 0
hot 667 warm 0 cold 0
hot 730 warm 0 cold 0
hot 782 warm 0 cold 0
hot 846 warm 0 cold 0
hot 924 warm 0 cold 0
hot 979 warm 0 cold 0
hot 1047 warm 0 cold 0
hot 1109 warm 0 cold 0
hot 1178 warm 0 cold 0
hot 1235 warm 0 cold 0
hot 1564 warm 0 cold 129
hot 1910 warm 0 cold 129
hot 2122 warm 0 cold 129
hot 2421 warm 0 cold 129
hot 2612 warm 0 cold 129
hot 2827 warm 0 cold 129
hot 3028 warm 0 cold 129
hot 3231 warm 0 cold 129
hot 3476 warm 0 cold 129
hot 3679 warm 0 cold 129
hot 3834 warm 0 cold 129
hot 6140 warm 0 cold 0
hot 7683 warm 0 cold 0
hot 26116 warm 0 cold 0
hot 22585 warm 0 cold 0
hot 27474 warm 0 cold 0
hot 967 warm 0 cold 0
hot 19047 warm 0 cold 0
hot 19680 warm 0 cold 0
hot 20586 warm 0 cold 0
hot 70455 warm 0 cold 0
hot 71261 warm 0 cold 0
hot 72448 warm 0 cold 0
hot 74496 warm 0 cold 0
hot 9471 warm 0 cold 0
hot 78801 warm 0 cold 0
hot 79418 warm 0 cold 0
hot 82280 warm 0 cold 0
hot 82853 warm 0 cold 0
hot 85250 warm 0 cold 0
hot 86001 warm 0 cold 0
hot 87351 warm 0 cold 0
hot 88381 warm 0 cold 0
hot 90080 warm 0 cold 0
hot 90786 warm 0 cold 0
hot 4622 warm 0 cold 0
hot 69370 warm 0 cold 0
hot 72732 warm 0 cold 0
hot 73583 warm 0 cold 0
hot 73583 warm 0 cold 0
hot 73654 warm 0 cold 0
hot 75375 warm 0 cold 0
hot 75570 warm 0 cold 0
hot 77686 warm 0 cold 0
hot 13006 warm 0 cold 0
hot 83884 warm 0 cold 0
hot 20801 warm 0 cold 0
hot 90116 warm 0 cold 0
hot 93034 warm 0 cold 0
hot 95138 warm 0 cold 0
hot 98595 warm 0 cold 0
hot 67850 warm 0 cold 0
hot 104988 warm 0 cold 0
hot 70173 warm 0 cold 0
hot 105699 warm 0 cold 0
hot 40938 warm 0 cold 0
hot 17645 warm 0 cold 0
hot 36003 warm 0 cold 0
hot 37149 warm 0 cold 0
hot 37661 warm 0 cold 0
hot 39143 warm 0 cold 0
hot 39206 warm 0 cold 0
hot 44698 warm 0 cold 0
hot 45774 warm 0 cold 0
hot 51103 warm 0 cold 0
hot 52025 warm 0 cold 0
hot 53728 warm 0 cold 0
hot 55031 warm 0 cold 0
hot 59432 warm 0 cold 0
hot 61510 warm 0 cold 0
hot 67409 warm 0 cold 0
hot 68857 warm 0 cold 0
hot 16786 warm 49 cold 0
hot 2258 warm 0 cold 0
hot 2422 warm 0 cold 0
hot 2991 warm 0 cold 0
hot 3086 warm 0 cold 0
hot 4405 warm 0 cold 0
hot 4510 warm 0 cold 0
hot 5716 warm 0 cold 0
hot 8395 warm 0 cold 0
hot 83895 warm 134 cold 0
hot 15427 warm 0 cold 0
hot 91326 warm 0 cold 0
hot 21832 warm 0 cold 0
hot 28735 warm 0 cold 0
hot 95015 warm 0 cold 0
hot 27967 warm 0 cold 0
hot 95163 warm 0 cold 0
hot 31349 warm 0 cold 0
hot 105974 warm 0 cold 0
hot 21252 warm 0 cold 0
hot 4495 warm 1 cold 0
hot 4665 warm 1 cold 0
hot 4878 warm 1 cold 0
hot 5065 warm 1 cold 0
hot 5247 warm 1 cold 0
hot 5399 warm 1 cold 0
hot 21609 warm 0 cold 0
hot 7516 warm 0 cold 0
hot 24145 warm 0 cold 0
hot 8912 warm 0 cold 0
hot 9716 warm 0 cold 0
hot 10545 warm 0 cold 0
hot 11463 warm 0 cold 0
hot 28195 warm 0 cold 0
hot 13426 warm 9 cold 0
hot 30024 warm 0 cold 0
hot 14677 warm 0 cold 0
hot 4321 warm 0 cold 4
hot 7873 warm 0 cold 0
hot 9158 warm 0 cold 498
hot 42684 warm 0 cold 0
hot 1091278 warm 0 cold 0
hot 1094086 warm 0 cold 0
hot 1097277 warm 0 cold 0
hot 1099224 warm 0 cold 0
hot 1100964 warm 0 cold 0
hot 56561 warm 960000 cold 86720
hot 57255 warm 0 cold 1046720
hot 3240 warm 0 cold 7068
hot 11350 warm 0 cold 3681
hot 11102 warm 0 cold 4632
hot 1053779 warm 0 cold 4632
hot 1060170 warm 0 cold 4632
hot 1098097 warm 0 cold 6168
hot 1100402 warm 0 cold 8727
hot 1102603 warm 0 cold 9240
hot 1104615 warm 0 cold 10262
hot 1106351 warm 0 cold 14331
hot 27905 warm 0 cold 14308
hot 53367 warm 0 cold 14552
hot 53373 warm 0 cold 13944
hot 1074769 warm 0 cold 13113
hot 1106278 warm 0 cold 12704
hot 1108159 warm 1536 cold 11557
hot 1111023 warm 1024 cold 12067
hot 1112262 warm 0 cold 13088
hot 48416 warm 0 cold 13079
hot 64836 warm 0 cold 13065
hot 1058745 warm 0 cold 13059
hot 1112673 warm 0 cold 13057
hot 1118151 warm 0 cold 13562
hot 1119437 warm 0 cold 13595
hot 1121343 warm 0 cold 13049
hot 1122739 warm 0 cold 13368
hot 39848 warm 0 cold 12218
hot 68801 warm 0 cold 12377
hot 1063743 warm 0 cold 12377
hot 1114598 warm 0 cold 12886
hot 44639 warm 0 cold 1089925
hot 75029 warm 0 cold 1061185
hot 77714 warm 0 cold 1060804
hot 45492 warm 0 cold 14864
hot 68593 warm 0 cold 14965
hot 959052 warm 0 cold 14945
hot 1105113 warm 0 cold 14908
hot 1116619 warm 0 cold 15151
hot 1119027 warm 0 cold 15958
hot 1121357 warm 0 cold 15958
hot 1123688 warm 0 cold 15958
hot 32926 warm 0 cold 9433
hot 13351 warm 0 cold 6760
hot 35275 warm 0 cold 3262
hot 36242 warm 0 cold 3260
hot 36754 warm 0 cold 3260
hot 16274 warm 0 cold 3260
hot 37270 warm 0 cold 3260
hot 38244 warm 0 cold 3259
hot 38244 warm 0 cold 3259
hot 7948 warm 0 cold 3259
hot 40846 warm 0 cold 3258
hot 43617 warm 0 cold 3257
hot 43617 warm 0 cold 3257
hot 14081 warm 0 cold 3256
hot 44624 warm 0 cold 3256
hot 48209 warm 0 cold 3256
hot 48209 warm 0 cold 3256
hot 20555 warm 0 cold 3256
hot 54582 warm 0 cold 3256
hot 54582 warm 0 cold 3256
hot 54582 warm 0 cold 3256
hot 59357 warm 0 cold 3256
hot 60597 warm 0 cold 3256
hot 60597 warm 0 cold 3256
hot 30219 warm 0 cold 3256
hot 64431 warm 0 cold 3256
hot 65662 warm 0 cold 3256
hot 65664 warm 0 cold 3255
hot 37366 warm 0 cold 3255
hot 16310 warm 0 cold 2991
hot 429 warm 0 cold 2539
hot 2171 warm 0 cold 2920
hot 3845 warm 0 cold 2920
hot 476 warm 0 cold 2909
hot 649 warm 0 cold 2909
hot 16580 warm 0 cold 2909
hot 16971 warm 0 cold 2908
hot 1469 warm 0 cold 2907
hot 1768 warm 0 cold 2906
hot 17785 warm 0 cold 2904
hot 2243 warm 0 cold 2904
hot 18186 warm 0 cold 2903
hot 18542 warm 0 cold 2902
hot 2628 warm 0 cold 2843
hot 65859 warm 0 cold 2735
hot 68094 warm 0 cold 2735
hot 68592 warm 0 cold 2735
hot 69616 warm 0 cold 2735
hot 70129 warm 0 cold 2735
hot 70599 warm 0 cold 2735
hot 70502 warm 0 cold 2735
hot 72039 warm 0 cold 2734
hot 72031 warm 0 cold 2734
hot 74081 warm 0 cold 2734
hot 98433 warm 0 cold 2734
hot 98435 warm 0 cold 2734
hot 98437 warm 0 cold 2734
hot 98950 warm 0 cold 2734
hot 98950 warm 0 cold 2734
hot 99462 warm 0 cold 2734
hot 100487 warm 0 cold 2734
hot 135170 warm 0 cold 2734
hot 135170 warm 0 cold 2734
hot 135170 warm 0 cold 2734
hot 135170 warm 0 cold 2734
hot 135170 warm 0 cold 2734
hot 136194 warm 0 cold 2734
hot 154551 warm 0 cold 2733
hot 154551 warm 0 cold 2733
hot 154551 warm 0 cold 2733
hot 154552 warm 0 cold 2733
hot 154466 warm 0 cold 2733
hot 154925 warm 0 cold 2733
hot 169326 warm 0 cold 2733
hot 169326 warm 0 cold 2733
hot 169326 warm 0 cold 2733
hot 169326 warm 0 cold 2733
hot 169326 warm 0 cold 2733
hot 169838 warm 0 cold 2733
hot 117659 warm 0 cold 2733
hot 183202 warm 0 cold 2733
hot 183202 warm 0 cold 2733
hot 183202 warm 0 cold 2733
hot 183202 warm 0 cold 2733
hot 184226 warm 0 cold 2733
hot 184738 warm 0 cold 2733
hot 27559 warm 0 cold 2733
hot 132881 warm 0 cold 2680
hot 134933 warm 0 cold 2680
hot 135445 warm 0 cold 2680
hot 135430 warm 0 cold 2680
hot 6610 warm 0 cold 2680
hot 138261 warm 0 cold 2680
hot 143567 warm 0 cold 2680
hot 144591 warm 0 cold 2680
hot 147159 warm 0 cold 2680
hot 150834 warm 0 cold 2680
hot 150834 warm 0 cold 2680
hot 3027 warm 1 cold 2958
hot 2063 warm 0 cold 2686
hot 3599 warm 0 cold 2686
hot 6110 warm 1 cold 2698
hot 8140 warm 1 cold 2698
hot 8655 warm 0 cold 2697
hot 0 warm 0 cold 0
hot 18491 warm 21 cold 2434
hot 17773 warm 21 cold 1922
hot 5751 warm 21 cold 438
hot 1879 warm 0 cold 54
hot 21976 warm 0 cold 459
hot 9104 warm 0 cold 459
hot 27421 warm 0 cold 455
hot 41982 warm 0 cold 455
hot 31493 warm 0 cold 455
hot 52619 warm 12 cold 443
hot 44504 warm 12 cold 443
hot 63749 warm 12 cold 443
hot 54152 warm 12 cold 443
hot 56453 warm 12 cold 443
hot 978 warm 9 cold 383
hot 2249 warm 11 cold 413
hot 2248 warm 11 cold 413
hot 4812 warm 11 cold 413
hot 4813 warm 11 cold 413
hot 6351 warm 11 cold 413
hot 6351 warm 11 cold 413
hot 6351 warm 11 cold 413
hot 6872 warm 11 cold 413
hot 8414 warm 11 cold 413
hot 8415 warm 11 cold 413
hot 326 warm 0 cold 14
hot 4761 warm 0 cold 400
hot 5109 warm 0 cold 400
hot 7266 warm 0 cold 400
hot 7770 warm 0 cold 399
hot 11943 warm 0 cold 399
hot 19624 warm 0 cold 399
hot 27505 warm 0 cold 399
hot 93562 warm 0 cold 399
hot 28279 warm 0 cold 399
hot 29765 warm 0 cold 399
hot 32860 warm 0 cold 399
hot 39754 warm 0 cold 399
hot 55100 warm 0 cold 399
hot 72821 warm 0 cold 399
hot 77065 warm 0 cold 399
hot 77991 warm 0 cold 399
hot 79235 warm 0 cold 399
hot 80755 warm 0 cold 399
hot 86247 warm 0 cold 399
hot 93311 warm 0 cold 399
hot 100840 warm 0 cold 399
hot 161535 warm 0 cold 399
hot 96949 warm 0 cold 399
hot 97688 warm 0 cold 398
hot 99001 warm 0 cold 398
hot 108001 warm 0 cold 398
hot 121959 warm 0 cold 398
hot 133521 warm 0 cold 398
hot 134154 warm 0 cold 398
hot 135007 warm 0 cold 398
hot 135831 warm 0 cold 398
hot 141933 warm 0 cold 398
hot 155048 warm 0 cold 397
hot 164552 warm 0 cold 397
hot 226139 warm 0 cold 397
hot 161508 warm 0 cold 397
hot 160824 warm 0 cold 396
hot 161624 warm 0 cold 396
hot 168770 warm 0 cold 396
hot 178151 warm 0 cold 396
hot 178824 warm 0 cold 396
hot 179730 warm 0 cold 396
hot 71063 warm 17 cold 433
hot 4964 warm 0 cold 2
hot 5705 warm 0 cold 387
hot 5633 warm 0 cold 387
hot 7592 warm 0 cold 387
hot 8105 warm 0 cold 387
hot 8617 warm 0 cold 387
hot 9130 warm 0 cold 387
hot 9644 warm 0 cold 387
hot 9056 warm 0 cold 387
hot 6746 warm 1 cold 126
hot 6222 warm 0 cold 390
hot 7170 warm 0 cold 390
hot 8492 warm 0 cold 390
hot 10543 warm 0 cold 390
hot 14128 warm 0 cold 390
hot 18737 warm 0 cold 390
hot 19909 warm 0 cold 390
hot 21958 warm 0 cold 390
hot 22470 warm 0 cold 390
hot 28614 warm 0 cold 390
hot 23573 warm 0 cold 390
hot 5062 warm 0 cold 391
hot 8722 warm 0 cold 392
hot 10218 warm 0 cold 392
hot 76772 warm 0 cold 392
hot 26584 warm 0 cold 392
hot 60377 warm 0 cold 392
hot 27608 warm 0 cold 392
hot 60377 warm 0 cold 392
hot 60377 warm 0 cold 392
hot 31000 warm 0 cold 392
hot 98697 warm 0 cold 392
hot 98693 warm 0 cold 392
hot 103610 warm 0 cold 392
hot 103610 warm 0 cold 392
hot 103099 warm 0 cold 392
hot 103611 warm 0 cold 392
hot 187066 warm 0 cold 392
hot 56501 warm 0 cold 392
hot 122415 warm 0 cold 392
hot 125350 warm 0 cold 392
hot 125351 warm 0 cold 392
hot 124840 warm 0 cold 392
hot 125352 warm 0 cold 392
hot 125352 warm 0 cold 392
hot 77799 warm 0 cold 392
hot 144191 warm 0 cold 392
hot 147020 warm 0 cold 392
hot 147532 warm 0 cold 392
hot 114763 warm 0 cold 392
hot 150091 warm 0 cold 392
hot 159818 warm 0 cold 392
hot 104026 warm 0 cold 392
hot 169770 warm 0 cold 392
hot 174709 warm 0 cold 392
hot 174709 warm 0 cold 392
hot 174197 warm 0 cold 392
hot 174198 warm 0 cold 392
hot 271477 warm 0 cold 392
hot 126530 warm 0 cold 392
hot 192089 warm 0 cold 392
hot 191141 warm 0 cold 392
hot 191141 warm 0 cold 392
hot 190628 warm 0 cold 392
hot 190628 warm 0 cold 392
hot 286883 warm 0 cold 392
hot 64574 warm 2 cold 483
hot 4552 warm 1 cold 419
hot 17635 warm 1 cold 400
hot 27818 warm 1 cold 400
hot 37838 warm 1 cold 400
hot 47650 warm 1 cold 400
hot 58933 warm 1 cold 400
hot 66582 warm 1 cold 400
hot 75730 warm 1 cold 400
