pgmigrate_success 76815852
pgmigrate_fail 350946
thp_migration_success 133189
thp_migration_fail 1
thp_migration_split 0
thp_fault_alloc 315299
thp_fault_fallback 0
thp_fault_fallback_charge 0
thp_collapse_alloc 25756
thp_collapse_alloc_failed 0
thp_file_alloc 357
thp_file_fallback 0
thp_file_fallback_charge 0
thp_file_mapped 0
thp_split_page 1622
thp_split_page_failed 40
thp_deferred_split_page 24086
thp_split_pmd 84339
thp_split_pud 0
thp_zero_page_alloc 0
thp_zero_page_alloc_failed 0
thp_swpout 0
thp_swpout_fallback 0
htmm_nr_promoted 60129349
htmm_nr_demoted 14603497
htmm_nr_sampled 0
htmm_missed_dramread 0
htmm_missed_nvmread 0
htmm_missed_write 0
htmm_alloc_dram 243567844
htmm_alloc_nvm 0
