anon 0
anon_thp 0
anon 195518464
anon_thp 6291456
anon 527306752
anon_thp 6291456
anon 861016064
anon_thp 6291456
anon 1179942912
anon_thp 6291456
anon 1490182144
anon_thp 6291456
anon 1808310272
anon_thp 6291456
anon 2137149440
anon_thp 6291456
anon 2456604672
anon_thp 6291456
anon 2787409920
anon_thp 6291456
anon 3107536896
anon_thp 6291456
anon 3429797888
anon_thp 6291456
anon 3746578432
anon_thp 6291456
anon 4065239040
anon_thp 6291456
anon 4379648000
anon_thp 6291456
anon 4682981376
anon_thp 6291456
anon 4996075520
anon_thp 6291456
anon 5312815104
anon_thp 6291456
anon 5571198976
anon_thp 6291456
anon 5572259840
anon_thp 6291456
anon 5573959680
anon_thp 6291456
anon 5574234112
anon_thp 6291456
anon 5575364608
anon_thp 6291456
anon 5575548928
anon_thp 6291456
anon 5576413184
anon_thp 6291456
anon 5576589312
anon_thp 6291456
anon 5577449472
anon_thp 6291456
anon 5577650176
anon_thp 6291456
anon 55152640
anon_thp 14680064
anon 469159936
anon_thp 94371840
anon 798289920
anon_thp 94371840
anon 1138290688
anon_thp 98566144
anon 1352130560
anon_thp 174063616
anon 1483841536
anon_thp 153092096
anon 190529536
anon_thp 77594624
anon 586354688
anon_thp 77594624
anon 977313792
anon_thp 77594624
anon 1367511040
anon_thp 77594624
anon 1839923200
anon_thp 283115520
anon 3082543104
anon_thp 285212672
anon 4372291584
anon_thp 289406976
anon 5655060480
anon_thp 293601280
anon 6937341952
anon_thp 295698432
anon 6994157568
anon_thp 295698432
anon 7006961664
anon_thp 295698432
anon 7034949632
anon_thp 295698432
anon 7040782336
anon_thp 295698432
anon 7057801216
anon_thp 295698432
anon 7059550208
anon_thp 295698432
anon 6875267072
anon_thp 92274688
anon 7077011456
anon_thp 295698432
anon 6895837184
anon_thp 92274688
anon 7097810944
anon_thp 295698432
anon 2308743168
anon_thp 58720256
anon 1329676288
anon_thp 190840832
anon 1798623232
anon_thp 335544320
anon 2295001088
anon_thp 337641472
anon 2794950656
anon_thp 337641472
anon 3291037696
anon_thp 339738624
anon 3775660032
anon_thp 339738624
anon 4256940032
anon_thp 341835776
anon 4746829824
anon_thp 341835776
anon 5235781632
anon_thp 348127232
anon 5510946816
anon_thp 367001600
anon 5511032832
anon_thp 367001600
anon 5704908800
anon_thp 383778816
anon 5704949760
anon_thp 383778816
anon 5696241664
anon_thp 379584512
anon 5696241664
anon_thp 379584512
anon 5717413888
anon_thp 379584512
anon 5717413888
anon_thp 379584512
anon 5544271872
anon_thp 205520896
anon 5737385984
anon_thp 396361728
anon 3860828160
anon_thp 92274688
anon 896352256
anon_thp 106954752
anon 2384146432
anon_thp 176160768
anon 3779698688
anon_thp 180355072
anon 5120532480
anon_thp 182452224
anon 6498762752
anon_thp 182452224
anon 7697342464
anon_thp 50331648
anon 7958183936
anon_thp 197132288
anon 7958204416
anon_thp 197132288
anon 8013606912
anon_thp 211812352
anon 8013606912
anon_thp 211812352
anon 8036716544
anon_thp 226492416
anon 8036716544
anon_thp 226492416
anon 8047575040
anon_thp 228589568
anon 8047603712
anon_thp 228589568
anon 8069091328
anon_thp 243269632
anon 8069111808
anon_thp 243269632
anon 299401216
anon_thp 69206016
anon 2852769792
anon_thp 56623104
anon 5116272640
anon_thp 65011712
anon 5117108224
anon_thp 65011712
anon 5118111744
anon_thp 65011712
anon 68980736
anon_thp 35651584
anon 3048120320
anon_thp 41943040
anon 6113525760
anon_thp 48234496
anon 8681541632
anon_thp 352321536
anon 9292496896
anon_thp 65011712
anon 9347342336
anon_thp 65011712
anon 9677164544
anon_thp 364904448
anon 9416015872
anon_thp 67108864
anon 9423785984
anon_thp 67108864
anon 9772507136
anon_thp 367001600
anon 9470181376
anon_thp 67108864
anon 9791737856
anon_thp 367001600
anon 9492414464
anon_thp 77594624
anon 9812230144
anon_thp 377487360
anon 2268872704
anon_thp 102760448
anon 961867776
anon_thp 136314880
anon 2229608448
anon_thp 138412032
anon 3305000960
anon_thp 140509184
anon 4571377664
anon_thp 142606336
anon 5857783808
anon_thp 146800640
anon 7130632192
anon_thp 150994944
anon 8446734336
anon_thp 213909504
anon 9643872256
anon_thp 163577856
anon 9669722112
anon_thp 161480704
anon 9705807872
anon_thp 161480704
anon 9765732352
anon_thp 201326592
anon 9731043328
anon_thp 163577856
anon 9811206144
anon_thp 236978176
anon 9750028288
anon_thp 174063616
anon 9759428608
anon_thp 174063616
anon 9832402944
anon_thp 239075328
anon 5534203904
anon_thp 104857600
anon 231407616
anon_thp 90177536
anon 3016249344
anon_thp 98566144
anon 5932670976
anon_thp 1795162112
anon 8651333632
anon_thp 4513071104
anon 8651345920
anon_thp 4513071104
anon 9039273984
anon_thp 4517265408
anon 9975160832
anon_thp 4519362560
anon 11324399616
anon_thp 4529848320
anon 12726202368
anon_thp 4529848320
anon 14102908928
anon_thp 4529848320
anon 15526043648
anon_thp 4529848320
anon 16969986048
anon_thp 4529848320
anon 13634428928
anon_thp 100663296
anon 13955010560
anon_thp 182452224
anon 16008065024
anon_thp 2516582400
anon 18140090368
anon_thp 4649385984
anon 18140090368
anon_thp 4649385984
anon 18156331008
anon_thp 4756340736
anon 18157023232
anon_thp 4756340736
anon 18157330432
anon_thp 4756340736
anon 13659619328
anon_thp 299892736
anon 13919318016
anon_thp 331350016
anon 16270381056
anon_thp 2868903936
anon 18160910336
anon_thp 4758437888
anon 18160877568
anon_thp 4758437888
anon 18177572864
anon_thp 4758437888
anon 18178113536
anon_thp 4758437888
anon 18178342912
anon_thp 4758437888
anon 18178519040
anon_thp 4758437888
anon 18178711552
anon_thp 4758437888
anon 18178883584
anon_thp 4758437888
anon 13865414656
anon_thp 322961408
anon 15877054464
anon_thp 2426404864
anon 18205929472
anon_thp 4754243584
anon 18205933568
anon_thp 4756340736
anon 18222743552
anon_thp 4756340736
anon 18223198208
anon_thp 4756340736
anon 18223316992
anon_thp 4756340736
anon 18223345664
anon_thp 4756340736
anon 18223378432
anon_thp 4756340736
anon 18223529984
anon_thp 4756340736
anon 13895852032
anon_thp 329252864
anon 14852190208
anon_thp 1407188992
anon 17842728960
anon_thp 4397727744
anon 18192003072
anon_thp 4745854976
anon 18192003072
anon_thp 4745854976
anon 18207232000
anon_thp 4743757824
anon 18209611776
anon_thp 4745854976
anon 18209857536
anon_thp 4745854976
anon 13856546816
anon_thp 316669952
anon 15496241152
anon_thp 2044723200
anon 18212712448
anon_thp 4762632192
anon 18214834176
anon_thp 4764729344
anon 18231361536
anon_thp 4764729344
anon 18231787520
anon_thp 4764729344
anon 18232000512
anon_thp 4764729344
anon 18099290112
anon_thp 4630511616
anon 9966907392
anon_thp 287309824
anon 1013080064
anon_thp 207618048
anon 1697120256
anon_thp 306184192
anon 2481795072
anon_thp 310378496
anon 3242647552
anon_thp 316669952
anon 3898638336
anon_thp 343932928
anon 5351940096
anon_thp 392167424
anon 7138729984
anon_thp 432013312
anon 8947662848
anon_thp 450887680
anon 10011906048
anon_thp 322961408
anon 10378084352
anon_thp 457179136
anon 10428436480
anon_thp 457179136
anon 10472673280
anon_thp 457179136
anon 10390495232
anon_thp 322961408
anon 10528034816
anon_thp 325058560
anon 10534547456
anon_thp 325058560
anon 10584076288
anon_thp 325058560
anon 10613555200
anon_thp 325058560
anon 10614513664
anon_thp 325058560
anon 10616504320
anon_thp 325058560
anon 10672480256
anon_thp 325058560
anon 10768183296
anon_thp 383778816
anon 10709524480
anon_thp 325058560
anon 10709733376
anon_thp 325058560
anon 10736943104
anon_thp 325058560
anon 10888589312
anon_thp 459276288
anon 10754367488
anon_thp 325058560
anon 10758123520
anon_thp 325058560
anon 10800492544
anon_thp 325058560
anon 8756449280
anon_thp 251658240
anon 403615744
anon_thp 111149056
anon 1154772992
anon_thp 104857600
anon 1354190848
anon_thp 106954752
anon 288460800
anon_thp 35651584
anon 3153993728
anon_thp 75497472
anon 5441523712
anon_thp 199229440
anon 5918531584
anon_thp 144703488
anon 5999206400
anon_thp 211812352
anon 6002376704
anon_thp 213909504
anon 5935632384
anon_thp 146800640
anon 6006300672
anon_thp 213909504
anon 6009430016
anon_thp 213909504
anon 5942616064
anon_thp 146800640
anon 6008356864
anon_thp 211812352
anon 116371456
anon_thp 44040192
anon 1060491264
anon_thp 327155712
anon 1797566464
anon_thp 327155712
anon 2631569408
anon_thp 341835776
anon 3471106048
anon_thp 387973120
anon 4291436544
anon_thp 394264576
anon 5126602752
anon_thp 442499072
anon 5951098880
anon_thp 444596224
anon 6783275008
anon_thp 457179136
anon 7676186624
anon_thp 511705088
anon 7707398144
anon_thp 517996544
anon 7706456064
anon_thp 501219328
anon 7878287360
anon_thp 501219328
anon 8036315136
anon_thp 501219328
anon 8211185664
anon_thp 501219328
anon 8332238848
anon_thp 501219328
anon 8516067328
anon_thp 532676608
anon 8274247680
anon_thp 354418688
anon 8439615488
anon_thp 513802240
anon 8443445248
anon_thp 513802240
anon 8448389120
anon_thp 513802240
anon 8460226560
anon_thp 513802240
anon 8658235392
anon_thp 547356672
anon 8663252992
anon_thp 551550976
anon 8589656064
anon_thp 530579456
anon 8592355328
anon_thp 532676608
anon 8594460672
anon_thp 532676608
anon 8623382528
anon_thp 532676608
anon 8755576832
anon_thp 551550976
anon 8761278464
anon_thp 557842432
anon 8637546496
anon_thp 536870912
anon 8639750144
anon_thp 538968064
anon 8639799296
anon_thp 538968064
anon 8660381696
anon_thp 555745280
anon 8682102784
anon_thp 555745280
anon 8765939712
anon_thp 578813952
anon 8712564736
anon_thp 564133888
anon 8712564736
anon_thp 564133888
anon 8712609792
anon_thp 564133888
anon 8713871360
anon_thp 564133888
anon 8736747520
anon_thp 564133888
anon 8829493248
anon_thp 587202560
anon 8497537024
anon_thp 301989888
anon 2531053568
anon_thp 260046848
anon 1891500032
anon_thp 736100352
anon 3882008576
anon_thp 775946240
anon 6630027264
anon_thp 845152256
anon 7780626432
anon_thp 859832320
anon 7250931712
anon_thp 325058560
anon 7841816576
anon_thp 866123776
anon 7870476288
anon_thp 866123776
anon 7872065536
anon_thp 866123776
anon 7895777280
anon_thp 866123776
anon 7926665216
anon_thp 866123776
anon 7927681024
anon_thp 866123776
anon 1264578560
anon_thp 115343360
anon 2100727808
anon_thp 211812352
anon 5030547456
anon_thp 281018368
anon 7276523520
anon_thp 339738624
anon 7525470208
anon_thp 348127232
anon 7553728512
anon_thp 348127232
anon 7568363520
anon_thp 348127232
anon 7572856832
anon_thp 348127232
anon 7577632768
anon_thp 348127232
anon 1516666880
anon_thp 109051904
anon 1096118272
anon_thp 262144000
anon 2086830080
anon_thp 209715200
anon 2419372032
anon_thp 276824064
anon 2610835456
anon_thp 211812352
anon 2733596672
anon_thp 220200960
anon 2830528512
anon_thp 245366784
anon 2843561984
anon_thp 222298112
anon 2935676928
anon_thp 289406976
anon 2887192576
anon_thp 222298112
anon 2958471168
anon_thp 289406976
anon 2780213248
anon_thp 218103808
anon 1436155904
anon_thp 150994944
anon 4525350912
anon_thp 216006656
anon 5704290304
anon_thp 268435456
anon 5753466880
anon_thp 268435456
anon 5759574016
anon_thp 268435456
anon 5782347776
anon_thp 268435456
anon 5805338624
anon_thp 285212672
anon 5790707712
anon_thp 268435456
anon 5809709056
anon_thp 268435456
anon 5830098944
anon_thp 268435456
anon 3202555904
anon_thp 123731968
anon 1548881920
anon_thp 115343360
anon 3547111424
anon_thp 169869312
anon 5464059904
anon_thp 228589568
anon 7316377600
anon_thp 243269632
anon 8915505152
anon_thp 402653184
anon 8903303168
anon_thp 402653184
anon 8918982656
anon_thp 417333248
anon 9085083648
anon_thp 616562688
anon 9124880384
anon_thp 618659840
anon 8916369408
anon_thp 350224384
anon 8964698112
anon_thp 350224384
anon 9540407296
anon_thp 354418688
anon 10589143040
anon_thp 574619648
anon 10628935680
anon_thp 574619648
anon 10660515840
anon_thp 574619648
anon 10541182976
anon_thp 666894336
anon 10154930176
anon_thp 383778816
anon 10155220992
anon_thp 383778816
anon 10553749504
anon_thp 383778816
anon 10855464960
anon_thp 484442112
anon 10864226304
anon_thp 499122176
anon 10840694784
anon_thp 484442112
anon 10595184640
anon_thp 398458880
anon 10597146624
anon_thp 398458880
anon 10678673408
anon_thp 398458880
anon 11126341632
anon_thp 473956352
anon 11114962944
anon_thp 480247808
anon 11120488448
anon_thp 484442112
anon 11186225152
anon_thp 677380096
anon 10917924864
anon_thp 408944640
anon 10918023168
anon_thp 408944640
anon 11142914048
anon_thp 408944640
anon 11420893184
anon_thp 497025024
anon 11433414656
anon_thp 497025024
anon 11442143232
anon_thp 497025024
anon 11195224064
anon_thp 408944640
anon 11128369152
anon_thp 408944640
anon 11132489728
anon_thp 408944640
anon 11444125696
anon_thp 511705088
anon 11441561600
anon_thp 511705088
anon 11452243968
anon_thp 511705088
anon 11539947520
anon_thp 706740224
anon 9402200064
anon_thp 266338304
anon 2298302464
anon_thp 174063616
anon 1602801664
anon_thp 165675008
anon 4652126208
anon_thp 226492416
anon 7590342656
anon_thp 281018368
anon 8602767360
anon_thp 287309824
anon 8606765056
anon_thp 287309824
anon 8609058816
anon_thp 287309824
anon 8611426304
anon_thp 287309824
anon 8613437440
anon_thp 287309824
anon 3948969984
anon_thp 106954752
anon 669589504
anon_thp 88080384
anon 2914430976
anon_thp 138412032
anon 5725966336
anon_thp 211812352
anon 8134885376
anon_thp 236978176
anon 8224030720
anon_thp 241172480
anon 8284045312
anon_thp 241172480
anon 8297041920
anon_thp 241172480
anon 8329506816
anon_thp 241172480
anon 8366690304
anon_thp 245366784
anon 8377053184
anon_thp 245366784
anon 8408211456
anon_thp 255852544
anon 5326094336
anon_thp 121634816
anon 616378368
anon_thp 94371840
anon 3586031616
anon_thp 155189248
anon 6534963200
anon_thp 364904448
anon 7632756736
anon_thp 503316480
anon 8031236096
anon_thp 505413632
anon 8031293440
anon_thp 505413632
anon 8107298816
anon_thp 505413632
anon 8115564544
anon_thp 505413632
anon 8152940544
anon_thp 505413632
anon 7897534464
anon_thp 239075328
anon 8217923584
anon_thp 507510784
anon 8461045760
anon_thp 513802240
anon 8461045760
anon_thp 513802240
anon 8474689536
anon_thp 513802240
anon 8475463680
anon_thp 513802240
anon 8481652736
anon_thp 513802240
anon 8213585920
anon_thp 247463936
anon 8491802624
anon_thp 515899392
anon 8602218496
anon_thp 522190848
anon 8602218496
anon_thp 522190848
anon 8602378240
anon_thp 522190848
anon 8602378240
anon_thp 522190848
anon 9009823744
anon_thp 935329792
anon 8429641728
anon_thp 352321536
anon 8705232896
anon_thp 532676608
anon 8741539840
anon_thp 530579456
anon 8741539840
anon_thp 530579456
anon 8747700224
anon_thp 530579456
anon 8748044288
anon_thp 530579456
anon 8464953344
anon_thp 264241152
anon 8733425664
anon_thp 532676608
anon 8685158400
anon_thp 398458880
anon 8838696960
anon_thp 530579456
anon 8705093632
anon_thp 398458880
anon 8843128832
anon_thp 530579456
anon 8844972032
anon_thp 530579456
anon 8545116160
anon_thp 264241152
anon 8814280704
anon_thp 532676608
anon 8906428416
anon_thp 432013312
anon 8906428416
anon_thp 432013312
anon 8772206592
anon_thp 297795584
anon 8923328512
anon_thp 448790528
anon 9326682112
anon_thp 851443712
anon 4233310208
anon_thp 157286400
anon 386465792
anon_thp 106954752
anon 996708352
anon_thp 127926272
anon 1305669632
anon_thp 146800640
anon 1423269888
anon_thp 153092096
anon 1424932864
anon_thp 153092096
anon 1481252864
anon_thp 153092096
anon 1541738496
anon_thp 153092096
anon 1624436736
anon_thp 157286400
