hot 0 warm 0 cold 0
hot 317 warm 0 cold 0
hot 317 warm 0 cold 0
hot 390 warm 0 cold 0
hot 464 warm 0 cold 0
hot 530 warm 0 cold 0
hot 597 warm 0 cold 0
hot 662 warm 0 cold 0
hot 734 warm 0 cold 0
hot 801 warm 0 cold 0
hot 862 warm 0 cold 0
hot 923 warm 0 cold 0
hot 979 warm 0 cold 0
hot 1033 warm 0 cold 0
hot 1096 warm 0 cold 0
hot 1166 warm 0 cold 0
hot 1227 warm 0 cold 0
hot 1552 warm 0 cold 128
hot 1859 warm 0 cold 128
hot 2064 warm 0 cold 128
hot 2324 warm 0 cold 128
hot 2527 warm 0 cold 127
hot 2784 warm 0 cold 127
hot 3004 warm 0 cold 127
hot 3210 warm 0 cold 127
hot 3427 warm 0 cold 127
hot 3633 warm 0 cold 127
hot 4746 warm 127 cold 0
hot 855 warm 0 cold 0
hot 5927 warm 0 cold 0
hot 6955 warm 0 cold 0
hot 17308 warm 0 cold 0
hot 21363 warm 0 cold 0
hot 17601 warm 0 cold 0
hot 18935 warm 0 cold 0
hot 19939 warm 0 cold 0
hot 20825 warm 0 cold 0
hot 70583 warm 0 cold 0
hot 71340 warm 0 cold 0
hot 72087 warm 0 cold 0
hot 72796 warm 0 cold 0
hot 25398 warm 0 cold 0
hot 76954 warm 0 cold 0
hot 29467 warm 0 cold 0
hot 80978 warm 0 cold 0
hot 32892 warm 0 cold 0
hot 85004 warm 0 cold 0
hot 36983 warm 0 cold 0
hot 87602 warm 0 cold 0
hot 22688 warm 0 cold 0
hot 89678 warm 0 cold 0
hot 53284 warm 0 cold 0
hot 452 warm 0 cold 0
hot 71203 warm 0 cold 0
hot 72058 warm 0 cold 0
hot 72814 warm 0 cold 0
hot 73838 warm 0 cold 0
hot 73838 warm 0 cold 0
hot 74862 warm 0 cold 0
hot 75359 warm 0 cold 0
hot 75535 warm 0 cold 0
hot 79675 warm 0 cold 0
hot 83233 warm 0 cold 0
hot 52658 warm 0 cold 0
hot 89075 warm 0 cold 0
hot 25944 warm 0 cold 0
hot 95810 warm 0 cold 0
hot 97965 warm 0 cold 0
hot 101491 warm 0 cold 0
hot 104893 warm 0 cold 0
hot 75433 warm 0 cold 0
hot 111134 warm 0 cold 0
hot 45920 warm 0 cold 0
hot 18083 warm 0 cold 0
hot 39396 warm 0 cold 0
hot 40055 warm 0 cold 0
hot 40055 warm 0 cold 0
hot 41227 warm 0 cold 0
hot 41504 warm 0 cold 0
hot 47920 warm 0 cold 0
hot 48777 warm 0 cold 0
hot 53244 warm 0 cold 0
hot 54287 warm 0 cold 0
hot 60263 warm 0 cold 0
hot 61034 warm 0 cold 0
hot 63209 warm 0 cold 0
hot 64099 warm 0 cold 0
hot 69710 warm 0 cold 0
hot 70282 warm 0 cold 0
hot 19018 warm 125 cold 0
hot 4977 warm 2 cold 0
hot 5708 warm 0 cold 0
hot 6030 warm 0 cold 0
hot 7417 warm 0 cold 0
hot 6595 warm 0 cold 0
hot 6764 warm 0 cold 0
hot 7725 warm 0 cold 0
hot 8884 warm 0 cold 0
hot 87451 warm 154 cold 0
hot 18704 warm 0 cold 0
hot 93007 warm 0 cold 0
hot 21030 warm 512 cold 0
hot 95810 warm 0 cold 0
hot 24160 warm 0 cold 0
hot 100003 warm 0 cold 0
hot 28531 warm 0 cold 0
hot 103470 warm 0 cold 0
hot 33645 warm 0 cold 0
hot 108003 warm 0 cold 0
hot 30462 warm 0 cold 1
hot 3170 warm 0 cold 17
hot 3671 warm 0 cold 0
hot 3893 warm 0 cold 0
hot 4100 warm 0 cold 0
hot 4279 warm 0 cold 0
hot 4849 warm 0 cold 0
hot 21163 warm 0 cold 0
hot 5787 warm 0 cold 0
hot 22911 warm 0 cold 0
hot 8266 warm 0 cold 0
hot 9160 warm 0 cold 0
hot 10456 warm 0 cold 0
hot 11331 warm 0 cold 0
hot 28909 warm 0 cold 0
hot 13673 warm 0 cold 0
hot 14916 warm 0 cold 0
hot 11667 warm 0 cold 0
hot 3623 warm 0 cold 0
hot 14329 warm 0 cold 0
hot 4708 warm 2053 cold 0
hot 1080574 warm 0 cold 0
hot 1087907 warm 0 cold 0
hot 1093902 warm 0 cold 0
hot 1096157 warm 0 cold 0
hot 1098765 warm 0 cold 0
hot 1100180 warm 0 cold 0
hot 1102128 warm 0 cold 0
hot 17310 warm 0 cold 122
hot 27137 warm 0 cold 356
hot 29754 warm 0 cold 0
hot 938043 warm 0 cold 0
hot 1077308 warm 0 cold 0
hot 1114384 warm 0 cold 0
hot 1119628 warm 0 cold 497
hot 1125411 warm 0 cold 0
hot 1129648 warm 0 cold 0
hot 1133274 warm 0 cold 0
hot 55177 warm 0 cold 0
hot 77169 warm 0 cold 0
hot 749453 warm 0 cold 0
hot 1124749 warm 0 cold 0
hot 1127824 warm 817 cold 0
hot 1130375 warm 0 cold 802
hot 1135101 warm 0 cold 288
hot 1138209 warm 0 cold 288
hot 1140695 warm 0 cold 287
hot 1143204 warm 0 cold 284
hot 62784 warm 0 cold 282
hot 90770 warm 0 cold 0
hot 1031314 warm 0 cold 0
hot 1138835 warm 0 cold 0
hot 650021 warm 486400 cold 8338
hot 706017 warm 433664 cold 8337
hot 756913 warm 385536 cold 8335
hot 796754 warm 0 cold 356804
hot 841821 warm 0 cold 314816
hot 63741 warm 0 cold 11709
hot 86896 warm 0 cold 11079
hot 947121 warm 0 cold 11079
hot 1132159 warm 0 cold 11077
hot 1139017 warm 0 cold 11074
hot 1140680 warm 0 cold 11067
hot 1142288 warm 0 cold 11055
hot 1144409 warm 0 cold 11047
hot 1146010 warm 0 cold 11039
hot 68312 warm 0 cold 10514
hot 93284 warm 0 cold 9973
hot 93284 warm 0 cold 10430
hot 1121577 warm 0 cold 9973
hot 59245 warm 1080432 cold 12533
hot 97137 warm 1047720 cold 12533
hot 99160 warm 1047212 cold 12532
hot 100810 warm 1046810 cold 12531
hot 102640 warm 1046928 cold 12946
hot 46869 warm 0 cold 6186
hot 11916 warm 0 cold 79
hot 32671 warm 0 cold 391
hot 33699 warm 0 cold 390
hot 34214 warm 0 cold 388
hot 4005 warm 0 cold 388
hot 5542 warm 0 cold 387
hot 7079 warm 0 cold 387
hot 7082 warm 0 cold 387
hot 9134 warm 0 cold 386
hot 42415 warm 0 cold 385
hot 11580 warm 0 cold 384
hot 13274 warm 0 cold 384
hot 15671 warm 0 cold 384
hot 49527 warm 0 cold 384
hot 50621 warm 0 cold 384
hot 50622 warm 0 cold 384
hot 23673 warm 0 cold 384
hot 25313 warm 0 cold 384
hot 58083 warm 0 cold 384
hot 58595 warm 0 cold 384
hot 30014 warm 0 cold 384
hot 32369 warm 0 cold 384
hot 34129 warm 0 cold 384
hot 36181 warm 0 cold 384
hot 73064 warm 0 cold 384
hot 73645 warm 0 cold 384
hot 73645 warm 0 cold 384
hot 44761 warm 0 cold 384
hot 24255 warm 0 cold 384
hot 434 warm 0 cold 10
hot 2029 warm 0 cold 399
hot 3087 warm 0 cold 399
hot 503 warm 0 cold 385
hot 463 warm 0 cold 384
hot 16916 warm 0 cold 384
hot 1045 warm 0 cold 384
hot 1047 warm 0 cold 384
hot 17524 warm 0 cold 384
hot 1411 warm 0 cold 384
hot 1960 warm 0 cold 384
hot 18860 warm 0 cold 384
hot 2989 warm 0 cold 384
hot 2957 warm 0 cold 384
hot 66522 warm 0 cold 0
hot 66361 warm 0 cold 384
hot 66361 warm 0 cold 384
hot 67387 warm 0 cold 384
hot 67901 warm 0 cold 384
hot 69437 warm 0 cold 384
hot 70461 warm 0 cold 384
hot 70974 warm 0 cold 384
hot 74047 warm 0 cold 384
hot 75585 warm 0 cold 384
hot 26888 warm 0 cold 384
hot 93453 warm 0 cold 384
hot 93965 warm 0 cold 384
hot 93967 warm 0 cold 384
hot 113900 warm 0 cold 384
hot 118237 warm 0 cold 384
hot 123630 warm 0 cold 384
hot 125396 warm 0 cold 384
hot 125396 warm 0 cold 384
hot 125397 warm 0 cold 384
hot 135956 warm 0 cold 384
hot 141522 warm 0 cold 384
hot 145445 warm 0 cold 384
hot 147901 warm 0 cold 384
hot 148414 warm 0 cold 384
hot 148415 warm 0 cold 384
hot 148415 warm 0 cold 384
hot 157716 warm 0 cold 384
hot 161165 warm 0 cold 384
hot 100303 warm 0 cold 384
hot 165839 warm 0 cold 384
hot 165840 warm 0 cold 384
hot 168189 warm 0 cold 384
hot 172781 warm 0 cold 384
hot 176379 warm 0 cold 384
hot 179603 warm 0 cold 384
hot 179581 warm 0 cold 384
hot 179582 warm 0 cold 384
hot 179582 warm 0 cold 384
hot 184992 warm 0 cold 384
hot 187548 warm 0 cold 384
hot 189947 warm 0 cold 384
hot 45350 warm 0 cold 436
hot 2959 warm 0 cold 465
hot 136668 warm 10 cold 459
hot 138205 warm 10 cold 5067
hot 139220 warm 10 cold 4041
hot 139732 warm 10 cold 971
hot 10179 warm 10 cold 1482
hot 141252 warm 10 cold 1993
hot 144749 warm 10 cold 1993
hot 17198 warm 10 cold 1993
hot 148318 warm 10 cold 1993
hot 151839 warm 10 cold 2505
hot 25287 warm 10 cold 3017
hot 2111 warm 2 cold 3046
hot 2092 warm 0 cold 3126
hot 7725 warm 0 cold 3126
hot 11822 warm 0 cold 3126
hot 13570 warm 0 cold 3126
hot 13970 warm 0 cold 3123
hot 13802 warm 0 cold 3123
hot 13116 warm 0 cold 3122
hot 13575 warm 0 cold 3122
hot 1778 warm 16 cold 2919
hot 17942 warm 0 cold 2616
hot 7140 warm 0 cold 2615
hot 26327 warm 1024 cold 1590
hot 14152 warm 1024 cold 1590
hot 35492 warm 1024 cold 1589
hot 24769 warm 1024 cold 2101
hot 44648 warm 1024 cold 2099
hot 34342 warm 1024 cold 2098
hot 37766 warm 1024 cold 2098
hot 59505 warm 1024 cold 2098
hot 48831 warm 1024 cold 2098
hot 390 warm 1024 cold 1272
hot 1074 warm 1024 cold 1259
hot 3125 warm 1024 cold 1259
hot 5178 warm 1024 cold 1259
hot 6721 warm 1024 cold 1258
hot 7747 warm 1024 cold 1258
hot 10310 warm 1024 cold 1258
hot 13898 warm 1024 cold 1258
hot 13899 warm 1024 cold 1258
hot 15442 warm 1024 cold 1258
hot 3741 warm 1024 cold 672
hot 3274 warm 1024 cold 798
hot 8114 warm 1024 cold 785
hot 11116 warm 1024 cold 785
hot 15401 warm 1024 cold 785
hot 25292 warm 1024 cold 785
hot 35184 warm 1024 cold 785
hot 55970 warm 1024 cold 785
hot 130592 warm 1024 cold 785
hot 65321 warm 1024 cold 785
hot 66542 warm 1024 cold 785
hot 67896 warm 1024 cold 785
hot 70004 warm 1024 cold 785
hot 79922 warm 1024 cold 785
hot 88627 warm 1024 cold 785
hot 93636 warm 1024 cold 785
hot 81186 warm 1024 cold 784
hot 81964 warm 1024 cold 784
hot 83684 warm 1024 cold 784
hot 85775 warm 1024 cold 784
hot 94948 warm 1024 cold 784
hot 102145 warm 1024 cold 784
hot 109346 warm 1024 cold 784
hot 99971 warm 1024 cold 784
hot 97993 warm 1024 cold 784
hot 99332 warm 1024 cold 784
hot 104735 warm 1024 cold 784
hot 111182 warm 1024 cold 784
hot 118794 warm 1024 cold 784
hot 117976 warm 1024 cold 784
hot 112230 warm 1024 cold 784
hot 112898 warm 1024 cold 784
hot 114211 warm 1024 cold 784
hot 120489 warm 1024 cold 784
hot 127521 warm 1024 cold 784
hot 134788 warm 1024 cold 784
hot 203077 warm 1024 cold 784
hot 127363 warm 1024 cold 784
hot 128199 warm 1024 cold 784
hot 129514 warm 1024 cold 784
hot 139909 warm 1024 cold 784
hot 153262 warm 1024 cold 784
hot 158351 warm 1024 cold 784
hot 147448 warm 1024 cold 784
hot 68763 warm 1024 cold 780
hot 10759 warm 1024 cold 772
hot 2145 warm 1024 cold 656
hot 3169 warm 1024 cold 656
hot 4642 warm 1024 cold 656
hot 7204 warm 1024 cold 656
hot 8740 warm 1024 cold 656
hot 9253 warm 1024 cold 656
hot 10277 warm 1024 cold 656
hot 11301 warm 1024 cold 656
hot 3110 warm 1024 cold 328
hot 1909 warm 1024 cold 452
hot 3739 warm 1024 cold 452
hot 4678 warm 1024 cold 452
hot 8942 warm 1024 cold 452
hot 13348 warm 1024 cold 452
hot 19940 warm 1024 cold 452
hot 22756 warm 1024 cold 452
hot 23780 warm 1024 cold 452
hot 24360 warm 1024 cold 452
hot 25592 warm 1024 cold 452
hot 30395 warm 1024 cold 452
hot 11268 warm 1024 cold 0
hot 3414 warm 1024 cold 384
hot 6717 warm 1024 cold 384
hot 75837 warm 1024 cold 384
hot 81062 warm 1024 cold 384
hot 83616 warm 1024 cold 384
hot 84130 warm 1024 cold 384
hot 85155 warm 1024 cold 384
hot 86693 warm 1024 cold 384
hot 54948 warm 1024 cold 384
hot 30270 warm 1024 cold 384
hot 97325 warm 1024 cold 384
hot 106267 warm 1024 cold 384
hot 106780 warm 1024 cold 384
hot 107803 warm 1024 cold 384
hot 108315 warm 1024 cold 384
hot 197914 warm 1024 cold 384
hot 50970 warm 1024 cold 384
hot 116934 warm 1024 cold 384
hot 122347 warm 1024 cold 384
hot 124907 warm 1024 cold 384
hot 124394 warm 1024 cold 384
hot 124907 warm 1024 cold 384
hot 124907 warm 1024 cold 384
hot 77562 warm 1024 cold 384
hot 143948 warm 1024 cold 384
hot 152273 warm 1024 cold 384
hot 153298 warm 1024 cold 384
hot 153297 warm 1024 cold 384
hot 154321 warm 1024 cold 384
hot 121552 warm 1024 cold 384
hot 102902 warm 1024 cold 384
hot 169101 warm 1024 cold 384
hot 173001 warm 1024 cold 384
hot 173001 warm 1024 cold 384
hot 173513 warm 1024 cold 384
hot 173513 warm 1024 cold 384
hot 119735 warm 1024 cold 384
hot 185820 warm 1024 cold 384
hot 124141 warm 1024 cold 384
hot 189165 warm 1024 cold 384
hot 189677 warm 1024 cold 384
hot 189164 warm 1024 cold 384
hot 189164 warm 1024 cold 384
hot 287467 warm 1024 cold 384
hot 57370 warm 1024 cold 413
hot 4236 warm 1024 cold 388
hot 19435 warm 1024 cold 388
hot 30907 warm 1024 cold 388
hot 42793 warm 1024 cold 388
hot 53837 warm 1024 cold 388
hot 65934 warm 1024 cold 388
hot 75279 warm 1024 cold 388
hot 83939 warm 1024 cold 388
