pgmigrate_success 18603274
pgmigrate_fail 77068
thp_migration_success 34697
thp_migration_fail 0
thp_migration_split 0
thp_fault_alloc 74614
thp_fault_fallback 0
thp_fault_fallback_charge 0
thp_collapse_alloc 4310
thp_collapse_alloc_failed 0
thp_file_alloc 71
thp_file_fallback 0
thp_file_fallback_charge 0
thp_file_mapped 0
thp_split_page 8
thp_split_page_failed 0
thp_deferred_split_page 3731
thp_split_pmd 13756
thp_split_pud 0
thp_zero_page_alloc 0
thp_zero_page_alloc_failed 0
thp_swpout 0
thp_swpout_fallback 0
htmm_nr_promoted 13093125
htmm_nr_demoted 4690866
htmm_nr_sampled 0
htmm_missed_dramread 0
htmm_missed_nvmread 0
htmm_missed_write 0
htmm_alloc_dram 40826191
htmm_alloc_nvm 0
