pgmigrate_success 69800900
pgmigrate_success 69800905
pgmigrate_success 69800905
pgmigrate_success 69800905
pgmigrate_success 69800905
pgmigrate_success 69800905
pgmigrate_success 69800905
pgmigrate_success 69800905
pgmigrate_success 69800905
pgmigrate_success 69800905
pgmigrate_success 69800905
pgmigrate_success 69800905
pgmigrate_success 69800905
pgmigrate_success 69800905
pgmigrate_success 69800905
pgmigrate_success 69800905
pgmigrate_success 69800905
pgmigrate_success 69800905
pgmigrate_success 69800905
pgmigrate_success 69800905
pgmigrate_success 69800905
pgmigrate_success 69800905
pgmigrate_success 69800905
pgmigrate_success 69800905
pgmigrate_success 69816316
pgmigrate_success 69816316
pgmigrate_success 69816316
pgmigrate_success 69816316
pgmigrate_success 69816316
pgmigrate_success 69816316
pgmigrate_success 69816316
pgmigrate_success 69816316
pgmigrate_success 69816316
pgmigrate_success 69816316
pgmigrate_success 69816316
pgmigrate_success 69816316
pgmigrate_success 69816316
pgmigrate_success 69816316
pgmigrate_success 69816316
pgmigrate_success 69816316
pgmigrate_success 69816316
pgmigrate_success 69816316
pgmigrate_success 69816316
pgmigrate_success 69816316
pgmigrate_success 69816316
pgmigrate_success 69816316
pgmigrate_success 69816316
pgmigrate_success 69919901
pgmigrate_success 70227101
pgmigrate_success 70227101
pgmigrate_success 70636194
pgmigrate_success 70636194
pgmigrate_success 71491696
pgmigrate_success 71728703
pgmigrate_success 71888216
pgmigrate_success 72071224
pgmigrate_success 72241169
pgmigrate_success 72403474
pgmigrate_success 72600092
pgmigrate_success 72698948
pgmigrate_success 72769606
pgmigrate_success 72895046
pgmigrate_success 72963655
pgmigrate_success 73030733
pgmigrate_success 73078875
pgmigrate_success 73137243
pgmigrate_success 73162331
pgmigrate_success 73162331
pgmigrate_success 73201755
pgmigrate_success 73275996
pgmigrate_success 73337948
pgmigrate_success 73399388
pgmigrate_success 73406556
pgmigrate_success 73511004
pgmigrate_success 73511004
pgmigrate_success 73541225
pgmigrate_success 73564266
pgmigrate_success 73591405
pgmigrate_success 73609325
pgmigrate_success 73633902
pgmigrate_success 73655918
pgmigrate_success 73675374
pgmigrate_success 73692782
pgmigrate_success 73712238
pgmigrate_success 73722478
pgmigrate_success 73733485
pgmigrate_success 73743726
pgmigrate_success 73761135
pgmigrate_success 73788783
pgmigrate_success 73801583
pgmigrate_success 73811311
pgmigrate_success 73825647
pgmigrate_success 73830767
pgmigrate_success 73841519
pgmigrate_success 73856367
pgmigrate_success 73866095
pgmigrate_success 73877359
pgmigrate_success 73893747
pgmigrate_success 73897848
pgmigrate_success 73905019
pgmigrate_success 73914762
pgmigrate_success 73927053
pgmigrate_success 73930125
pgmigrate_success 73935245
pgmigrate_success 73947024
pgmigrate_success 73954705
pgmigrate_success 73958289
pgmigrate_success 73961361
pgmigrate_success 73964945
pgmigrate_success 73968017
pgmigrate_success 74034577
pgmigrate_success 74034577
pgmigrate_success 74035089
pgmigrate_success 74035089
pgmigrate_success 74035089
pgmigrate_success 74035089
pgmigrate_success 74035089
pgmigrate_success 74035550
pgmigrate_success 74037086
pgmigrate_success 74041694
pgmigrate_success 74048350
pgmigrate_success 74056030
pgmigrate_success 74061662
pgmigrate_success 74067294
pgmigrate_success 74071902
pgmigrate_success 74074462
pgmigrate_success 74079582
pgmigrate_success 74084703
pgmigrate_success 74088802
pgmigrate_success 74091363
pgmigrate_success 74095459
pgmigrate_success 74100579
pgmigrate_success 74103651
pgmigrate_success 74103651
pgmigrate_success 74107235
pgmigrate_success 74109283
pgmigrate_success 74111843
pgmigrate_success 74204003
pgmigrate_success 74215301
pgmigrate_success 74215813
pgmigrate_success 74216325
pgmigrate_success 74216325
pgmigrate_success 74216325
pgmigrate_success 74216325
pgmigrate_success 74216325
pgmigrate_success 74216325
pgmigrate_success 74216325
pgmigrate_success 74216325
pgmigrate_success 74216325
pgmigrate_success 74216393
pgmigrate_success 74218442
pgmigrate_success 74218442
pgmigrate_success 74218442
pgmigrate_success 74233290
pgmigrate_success 74233802
pgmigrate_success 74233802
pgmigrate_success 74233802
pgmigrate_success 74233802
pgmigrate_success 74233802
pgmigrate_success 74233802
pgmigrate_success 74233802
pgmigrate_success 74233802
pgmigrate_success 74233802
pgmigrate_success 74233802
pgmigrate_success 74233802
pgmigrate_success 74233802
pgmigrate_success 74233802
pgmigrate_success 74233802
pgmigrate_success 74233802
pgmigrate_success 74233802
pgmigrate_success 74233802
pgmigrate_success 74233802
pgmigrate_success 74233802
pgmigrate_success 74233802
pgmigrate_success 74233802
pgmigrate_success 74233802
pgmigrate_success 74233802
pgmigrate_success 74233802
pgmigrate_success 74233802
pgmigrate_success 74233802
pgmigrate_success 74233802
pgmigrate_success 74233837
pgmigrate_success 74233837
pgmigrate_success 74233843
pgmigrate_success 74233843
pgmigrate_success 74233843
pgmigrate_success 74233843
pgmigrate_success 74233843
pgmigrate_success 74233843
pgmigrate_success 74233843
pgmigrate_success 74233843
pgmigrate_success 74233843
pgmigrate_success 74233843
pgmigrate_success 74233843
pgmigrate_success 74233843
pgmigrate_success 74233843
pgmigrate_success 74233843
pgmigrate_success 74233843
pgmigrate_success 74235379
pgmigrate_success 74235379
pgmigrate_success 74235379
pgmigrate_success 74235379
pgmigrate_success 74235379
pgmigrate_success 74235379
pgmigrate_success 74235379
pgmigrate_success 74235379
pgmigrate_success 74235379
pgmigrate_success 74235379
pgmigrate_success 74235379
pgmigrate_success 74235891
pgmigrate_success 74235891
pgmigrate_success 74235891
pgmigrate_success 74235919
pgmigrate_success 74235919
pgmigrate_success 74235919
pgmigrate_success 74235919
pgmigrate_success 74235919
pgmigrate_success 74235919
pgmigrate_success 74235919
pgmigrate_success 74235919
pgmigrate_success 74235919
pgmigrate_success 74235919
pgmigrate_success 74235919
pgmigrate_success 74235919
pgmigrate_success 74235919
pgmigrate_success 74235919
pgmigrate_success 74235919
pgmigrate_success 74235919
pgmigrate_success 74235919
pgmigrate_success 74235919
pgmigrate_success 74235919
pgmigrate_success 74235919
pgmigrate_success 74235919
pgmigrate_success 74235919
pgmigrate_success 74235919
pgmigrate_success 74235919
pgmigrate_success 74235919
pgmigrate_success 74235919
pgmigrate_success 74235919
pgmigrate_success 74235919
pgmigrate_success 74235919
pgmigrate_success 74235919
pgmigrate_success 74235919
pgmigrate_success 74242575
pgmigrate_success 74242844
pgmigrate_success 74242844
pgmigrate_success 74242844
pgmigrate_success 74242844
pgmigrate_success 74242844
pgmigrate_success 74242844
pgmigrate_success 74242844
pgmigrate_success 74242844
pgmigrate_success 74242844
pgmigrate_success 74242844
pgmigrate_success 74242844
pgmigrate_success 74242844
pgmigrate_success 74242844
pgmigrate_success 74242844
pgmigrate_success 74242844
pgmigrate_success 74242844
pgmigrate_success 74242844
pgmigrate_success 74242844
pgmigrate_success 74242844
pgmigrate_success 74242845
pgmigrate_success 74242845
pgmigrate_success 74242845
pgmigrate_success 74242845
pgmigrate_success 74242845
pgmigrate_success 74242845
pgmigrate_success 74242845
pgmigrate_success 74242845
pgmigrate_success 74242845
pgmigrate_success 74242845
pgmigrate_success 74242845
pgmigrate_success 74242845
pgmigrate_success 74242845
pgmigrate_success 74242845
pgmigrate_success 74242845
pgmigrate_success 74242845
pgmigrate_success 74242845
pgmigrate_success 74242845
pgmigrate_success 74243357
pgmigrate_success 74243357
pgmigrate_success 74243357
pgmigrate_success 74243357
pgmigrate_success 74243357
pgmigrate_success 74243357
pgmigrate_success 74243357
pgmigrate_success 74243357
pgmigrate_success 74243357
pgmigrate_success 74243357
pgmigrate_success 74243357
pgmigrate_success 74243357
pgmigrate_success 74243357
pgmigrate_success 74243357
pgmigrate_success 74243357
pgmigrate_success 74243357
pgmigrate_success 74243357
pgmigrate_success 74243357
pgmigrate_success 74243357
pgmigrate_success 74243357
pgmigrate_success 74243357
pgmigrate_success 74243357
pgmigrate_success 74243357
pgmigrate_success 74243357
pgmigrate_success 74243357
pgmigrate_success 74243357
pgmigrate_success 74243357
pgmigrate_success 74243778
pgmigrate_success 74243778
pgmigrate_success 74243778
pgmigrate_success 74243778
pgmigrate_success 74243778
pgmigrate_success 74243778
pgmigrate_success 74243778
pgmigrate_success 74243778
pgmigrate_success 74243778
pgmigrate_success 74243778
pgmigrate_success 74243778
pgmigrate_success 74243778
pgmigrate_success 74243778
pgmigrate_success 74243778
pgmigrate_success 74243778
pgmigrate_success 74243778
pgmigrate_success 74243778
pgmigrate_success 74243778
pgmigrate_success 74243778
pgmigrate_success 74243778
pgmigrate_success 74243778
pgmigrate_success 74243778
pgmigrate_success 74243778
pgmigrate_success 74243778
pgmigrate_success 74243778
pgmigrate_success 74243778
pgmigrate_success 74243778
pgmigrate_success 74243778
pgmigrate_success 74243778
pgmigrate_success 74243778
pgmigrate_success 74243778
pgmigrate_success 74243836
pgmigrate_success 74243836
pgmigrate_success 74243836
pgmigrate_success 74243836
pgmigrate_success 74243836
pgmigrate_success 74243836
pgmigrate_success 74243836
pgmigrate_success 74243836
pgmigrate_success 74243836
pgmigrate_success 74243836
pgmigrate_success 74243836
pgmigrate_success 74243836
pgmigrate_success 74243836
pgmigrate_success 74243836
pgmigrate_success 74243836
pgmigrate_success 74243836
pgmigrate_success 74243836
pgmigrate_success 74243836
pgmigrate_success 74243836
pgmigrate_success 74243836
pgmigrate_success 74243836
pgmigrate_success 74243836
pgmigrate_success 74243836
pgmigrate_success 74243836
pgmigrate_success 74243836
pgmigrate_success 74243836
pgmigrate_success 74243836
pgmigrate_success 74243836
pgmigrate_success 74243840
pgmigrate_success 74243840
pgmigrate_success 74243840
pgmigrate_success 74243840
pgmigrate_success 74243844
pgmigrate_success 74243844
pgmigrate_success 74243844
pgmigrate_success 74243844
pgmigrate_success 74243844
pgmigrate_success 74243844
pgmigrate_success 74243844
pgmigrate_success 74243844
pgmigrate_success 74250500
pgmigrate_success 74250500
pgmigrate_success 74250500
pgmigrate_success 74250500
pgmigrate_success 74250500
pgmigrate_success 74250500
pgmigrate_success 74250500
pgmigrate_success 74250500
pgmigrate_success 74250500
pgmigrate_success 74250500
pgmigrate_success 74250500
pgmigrate_success 74250500
pgmigrate_success 74250500
pgmigrate_success 74250500
pgmigrate_success 74250500
pgmigrate_success 74250500
pgmigrate_success 74250500
pgmigrate_success 74250500
pgmigrate_success 74251012
pgmigrate_success 74251012
pgmigrate_success 74251012
pgmigrate_success 74251012
pgmigrate_success 74251012
pgmigrate_success 74251012
pgmigrate_success 74251012
pgmigrate_success 74251012
pgmigrate_success 74251012
pgmigrate_success 74251012
pgmigrate_success 74251012
pgmigrate_success 74251012
pgmigrate_success 74251012
pgmigrate_success 74251012
pgmigrate_success 74251012
pgmigrate_success 74251012
pgmigrate_success 74251012
pgmigrate_success 74251012
pgmigrate_success 74251012
pgmigrate_success 74251012
pgmigrate_success 74251012
pgmigrate_success 74251012
pgmigrate_success 74251012
pgmigrate_success 74251012
pgmigrate_success 74251012
pgmigrate_success 74251012
pgmigrate_success 74251012
pgmigrate_success 74251012
pgmigrate_success 74251012
pgmigrate_success 74251012
pgmigrate_success 74251012
pgmigrate_success 74251012
pgmigrate_success 74251012
pgmigrate_success 74251012
pgmigrate_success 74251012
pgmigrate_success 74251012
pgmigrate_success 74251012
pgmigrate_success 74251012
pgmigrate_success 74251012
pgmigrate_success 74251012
pgmigrate_success 74251012
pgmigrate_success 74251012
pgmigrate_success 74251012
pgmigrate_success 74251012
pgmigrate_success 74251012
pgmigrate_success 74251012
pgmigrate_success 74251012
pgmigrate_success 74251012
pgmigrate_success 74251012
pgmigrate_success 74251012
pgmigrate_success 74251012
pgmigrate_success 74251012
pgmigrate_success 74251012
pgmigrate_success 74251012
pgmigrate_success 74251012
pgmigrate_success 74251012
pgmigrate_success 74251012
pgmigrate_success 74251012
pgmigrate_success 74251012
pgmigrate_success 74251012
pgmigrate_success 74251012
pgmigrate_success 74251012
pgmigrate_success 74251012
pgmigrate_success 74251012
pgmigrate_success 74251012
pgmigrate_success 74251012
pgmigrate_success 74251012
pgmigrate_success 74251012
pgmigrate_success 74251012
pgmigrate_success 74251012
pgmigrate_success 74251012
pgmigrate_success 74251012
