anon 0
anon_thp 0
anon 270802944
anon_thp 268435456
anon 544665600
anon_thp 541065216
anon 823586816
anon_thp 819986432
anon 1098313728
anon_thp 1094713344
anon 1381429248
anon_thp 1377828864
anon 1664544768
anon_thp 1660944384
anon 1945563136
anon_thp 1941962752
anon 2228678656
anon_thp 2225078272
anon 2503405568
anon_thp 2499805184
anon 2786521088
anon_thp 2782920704
anon 3067539456
anon_thp 3063939072
anon 3348557824
anon_thp 3344957440
anon 3629576192
anon_thp 3625975808
anon 3908497408
anon_thp 3904897024
anon 4191612928
anon_thp 4188012544
anon 4470534144
anon_thp 4466933760
anon 4741066752
anon_thp 4737466368
anon 5017890816
anon_thp 5014290432
anon 5301006336
anon_thp 5297405952
anon 5579927552
anon_thp 5576327168
anon 5860945920
anon_thp 5857345536
anon 6139867136
anon_thp 6136266752
anon 6827008000
anon_thp 6822035456
anon 6859440128
anon_thp 6853492736
anon 6926872576
anon_thp 6920601600
anon 7199502336
anon_thp 7193231360
anon 7474229248
anon_thp 7467958272
anon 7748956160
anon_thp 7742685184
anon 8027877376
anon_thp 8021606400
anon 8306798592
anon_thp 8300527616
anon 8585719808
anon_thp 8579448832
anon 8866738176
anon_thp 8860467200
anon 9145659392
anon_thp 9139388416
anon 9422483456
anon_thp 9416212480
anon 9701404672
anon_thp 9695133696
anon 9978228736
anon_thp 9971957760
anon 10257149952
anon_thp 10250878976
anon 10531876864
anon_thp 10525605888
anon 10802409472
anon_thp 10796138496
anon 11070844928
anon_thp 11064573952
anon 11341377536
anon_thp 11335106560
anon 11622395904
anon_thp 11616124928
anon 11897122816
anon_thp 11890851840
anon 12171849728
anon_thp 12165578752
anon 12438188032
anon_thp 12431917056
anon 12717109248
anon_thp 12710838272
anon 13223436288
anon_thp 13212057600
anon 13223436288
anon_thp 13212057600
anon 13225533440
anon_thp 13214154752
anon 13225533440
anon_thp 13214154752
anon 13225533440
anon_thp 13214154752
anon 13225533440
anon_thp 13214154752
anon 13225533440
anon_thp 13214154752
anon 13225533440
anon_thp 13214154752
anon 13225533440
anon_thp 13214154752
anon 13223436288
anon_thp 13212057600
anon 13225533440
anon_thp 13214154752
anon 13225533440
anon_thp 13214154752
anon 13225533440
anon_thp 13214154752
anon 13225533440
anon_thp 13214154752
anon 13225533440
anon_thp 13214154752
anon 13225533440
anon_thp 13214154752
anon 13225533440
anon_thp 13214154752
anon 13225533440
anon_thp 13214154752
anon 13225533440
anon_thp 13214154752
anon 13225533440
anon_thp 13214154752
anon 13225533440
anon_thp 13214154752
anon 13225533440
anon_thp 13214154752
anon 13225533440
anon_thp 13214154752
anon 13225533440
anon_thp 13214154752
anon 13225533440
anon_thp 13214154752
anon 13226696704
anon_thp 13222543360
anon 13226696704
anon_thp 13222543360
anon 13226696704
anon_thp 13222543360
anon 13226696704
anon_thp 13222543360
anon 13226696704
anon_thp 13222543360
anon 13226696704
anon_thp 13222543360
anon 13226696704
anon_thp 13222543360
anon 13226696704
anon_thp 13222543360
anon 13226696704
anon_thp 13222543360
anon 13226696704
anon_thp 13222543360
anon 13226696704
anon_thp 13222543360
anon 13226696704
anon_thp 13222543360
anon 13226696704
anon_thp 13222543360
anon 13226696704
anon_thp 13222543360
anon 13226696704
anon_thp 13222543360
anon 13226696704
anon_thp 13222543360
anon 13226696704
anon_thp 13222543360
anon 13226696704
anon_thp 13222543360
anon 13226696704
anon_thp 13222543360
anon 13226696704
anon_thp 13222543360
anon 13226696704
anon_thp 13222543360
anon 13226696704
anon_thp 13222543360
anon 13226696704
anon_thp 13222543360
anon 13226696704
anon_thp 13222543360
anon 13226696704
anon_thp 13222543360
anon 13226696704
anon_thp 13222543360
anon 13226696704
anon_thp 13222543360
anon 13226696704
anon_thp 13222543360
anon 13226696704
anon_thp 13222543360
anon 13226696704
anon_thp 13222543360
anon 13226696704
anon_thp 13222543360
anon 13226696704
anon_thp 13222543360
anon 13226696704
anon_thp 13222543360
anon 13226696704
anon_thp 13220446208
anon 13226696704
anon_thp 13220446208
anon 13226696704
anon_thp 13220446208
anon 13226696704
anon_thp 13220446208
anon 13226696704
anon_thp 13220446208
anon 13226696704
anon_thp 13220446208
anon 13226696704
anon_thp 13220446208
anon 13226696704
anon_thp 13220446208
anon 13226696704
anon_thp 13220446208
anon 13226696704
anon_thp 13220446208
anon 13226696704
anon_thp 13220446208
anon 13226696704
anon_thp 13220446208
anon 13226696704
anon_thp 13220446208
anon 13226696704
anon_thp 13220446208
anon 13226696704
anon_thp 13220446208
anon 13226696704
anon_thp 13220446208
anon 13226696704
anon_thp 13220446208
anon 13226696704
anon_thp 13220446208
anon 13226696704
anon_thp 13220446208
anon 13226696704
anon_thp 13220446208
anon 13226696704
anon_thp 13220446208
anon 13226696704
anon_thp 13220446208
anon 13226696704
anon_thp 13220446208
anon 13226696704
anon_thp 13220446208
anon 13226696704
anon_thp 13220446208
anon 13226696704
anon_thp 13220446208
anon 13226696704
anon_thp 13220446208
anon 13226696704
anon_thp 13220446208
anon 13226696704
anon_thp 13220446208
anon 13226696704
anon_thp 13220446208
anon 13226696704
anon_thp 13220446208
anon 13226696704
anon_thp 13220446208
anon 13226696704
anon_thp 13220446208
anon 13226696704
anon_thp 13220446208
anon 13226696704
anon_thp 13220446208
anon 13226696704
anon_thp 13220446208
anon 13226696704
anon_thp 13220446208
anon 13226696704
anon_thp 13220446208
anon 13226696704
anon_thp 13220446208
anon 13226696704
anon_thp 13220446208
anon 13226696704
anon_thp 13220446208
anon 13226696704
anon_thp 13220446208
anon 13226696704
anon_thp 13220446208
anon 13226696704
anon_thp 13220446208
anon 13226696704
anon_thp 13220446208
anon 13226696704
anon_thp 13220446208
anon 13226696704
anon_thp 13220446208
anon 13226696704
anon_thp 13220446208
anon 13226696704
anon_thp 13220446208
anon 13226696704
anon_thp 13220446208
anon 13226696704
anon_thp 13220446208
anon 13226696704
anon_thp 13220446208
anon 13226696704
anon_thp 13220446208
anon 13226696704
anon_thp 13220446208
anon 13226696704
anon_thp 13220446208
anon 13226696704
anon_thp 13220446208
anon 13226696704
anon_thp 13220446208
anon 13226696704
anon_thp 13220446208
anon 13226696704
anon_thp 13220446208
anon 13226696704
anon_thp 13220446208
anon 13226696704
anon_thp 13220446208
anon 13226696704
anon_thp 13220446208
anon 13226696704
anon_thp 13220446208
anon 13226696704
anon_thp 13220446208
anon 13226696704
anon_thp 13220446208
anon 13226696704
anon_thp 13220446208
anon 13226696704
anon_thp 13220446208
anon 13226696704
anon_thp 13220446208
anon 13226696704
anon_thp 13220446208
anon 13226696704
anon_thp 13220446208
anon 13226696704
anon_thp 13220446208
anon 13226696704
anon_thp 13220446208
anon 13226696704
anon_thp 13220446208
anon 13226696704
anon_thp 13220446208
anon 13226696704
anon_thp 13220446208
anon 13226696704
anon_thp 13220446208
anon 13226696704
anon_thp 13220446208
anon 13226696704
anon_thp 13220446208
anon 13226696704
anon_thp 13220446208
anon 13226696704
anon_thp 13220446208
anon 13226696704
anon_thp 13220446208
anon 13226696704
anon_thp 13220446208
anon 13226696704
anon_thp 13220446208
anon 13226696704
anon_thp 13220446208
anon 13226696704
anon_thp 13220446208
anon 13226696704
anon_thp 13220446208
anon 13226696704
anon_thp 13220446208
anon 13226696704
anon_thp 13220446208
anon 13226696704
anon_thp 13220446208
anon 13226696704
anon_thp 13220446208
anon 13226696704
anon_thp 13220446208
anon 13226696704
anon_thp 13220446208
anon 13226696704
anon_thp 13220446208
anon 13226696704
anon_thp 13220446208
anon 13226696704
anon_thp 13220446208
anon 13226696704
anon_thp 13220446208
anon 13226696704
anon_thp 13220446208
anon 13226696704
anon_thp 13220446208
anon 13226696704
anon_thp 13220446208
anon 13226696704
anon_thp 13220446208
anon 13226696704
anon_thp 13220446208
anon 13226696704
anon_thp 13220446208
anon 13226696704
anon_thp 13220446208
anon 13226696704
anon_thp 13220446208
anon 13226696704
anon_thp 13220446208
anon 13226696704
anon_thp 13220446208
anon 13226696704
anon_thp 13220446208
anon 13226696704
anon_thp 13220446208
anon 13226696704
anon_thp 13220446208
anon 13226696704
anon_thp 13220446208
anon 13226696704
anon_thp 13220446208
anon 13226696704
anon_thp 13220446208
anon 13226696704
anon_thp 13220446208
anon 13226696704
anon_thp 13220446208
anon 13226696704
anon_thp 13220446208
anon 13226696704
anon_thp 13220446208
anon 13226696704
anon_thp 13220446208
anon 13226696704
anon_thp 13220446208
anon 13226696704
anon_thp 13220446208
anon 13226696704
anon_thp 13220446208
anon 13226696704
anon_thp 13220446208
anon 13226696704
anon_thp 13220446208
anon 13226696704
anon_thp 13220446208
anon 13226696704
anon_thp 13220446208
anon 13226696704
anon_thp 13220446208
anon 13226696704
anon_thp 13220446208
anon 13226696704
anon_thp 13220446208
anon 13226696704
anon_thp 13220446208
anon 13226696704
anon_thp 13220446208
anon 13226696704
anon_thp 13220446208
anon 13226696704
anon_thp 13220446208
anon 13226696704
anon_thp 13220446208
anon 13226696704
anon_thp 13220446208
anon 13226696704
anon_thp 13220446208
anon 12948922368
anon_thp 12945719296
anon 13226696704
anon_thp 13222543360
anon 13226696704
anon_thp 13222543360
anon 13226696704
anon_thp 13222543360
anon 13226696704
anon_thp 13222543360
anon 13226696704
anon_thp 13222543360
anon 13226696704
anon_thp 13222543360
anon 13226696704
anon_thp 13222543360
anon 13226696704
anon_thp 13222543360
anon 13226696704
anon_thp 13222543360
anon 13226696704
anon_thp 13222543360
anon 13226696704
anon_thp 13222543360
anon 13226696704
anon_thp 13222543360
anon 13226696704
anon_thp 13222543360
anon 13226696704
anon_thp 13222543360
anon 13226696704
anon_thp 13222543360
anon 13226696704
anon_thp 13222543360
anon 13226696704
anon_thp 13222543360
anon 13226696704
anon_thp 13222543360
anon 13226696704
anon_thp 13222543360
anon 13226696704
anon_thp 13222543360
anon 13226696704
anon_thp 13222543360
anon 13226696704
anon_thp 13222543360
anon 13226696704
anon_thp 13222543360
anon 13226696704
anon_thp 13222543360
anon 13226696704
anon_thp 13222543360
anon 13226696704
anon_thp 13222543360
anon 13226696704
anon_thp 13222543360
anon 13226696704
anon_thp 13222543360
anon 13226696704
anon_thp 13222543360
anon 13226696704
anon_thp 13222543360
anon 13226696704
anon_thp 13222543360
anon 13226696704
anon_thp 13222543360
anon 13226696704
anon_thp 13222543360
anon 13226696704
anon_thp 13222543360
anon 13226696704
anon_thp 13222543360
anon 13226696704
anon_thp 13222543360
anon 13226696704
anon_thp 13222543360
anon 13226696704
anon_thp 13222543360
anon 13226696704
anon_thp 13222543360
anon 13226696704
anon_thp 13222543360
anon 13226696704
anon_thp 13222543360
anon 13226696704
anon_thp 13222543360
anon 13226696704
anon_thp 13222543360
anon 13226696704
anon_thp 13222543360
anon 13226696704
anon_thp 13222543360
anon 13226696704
anon_thp 13220446208
anon 13226696704
anon_thp 13220446208
anon 13226696704
anon_thp 13220446208
anon 13226696704
anon_thp 13220446208
anon 13226696704
anon_thp 13220446208
anon 13226696704
anon_thp 13220446208
anon 13226696704
anon_thp 13220446208
anon 13226696704
anon_thp 13220446208
anon 13226696704
anon_thp 13220446208
anon 13226696704
anon_thp 13220446208
anon 13226696704
anon_thp 13220446208
anon 13226696704
anon_thp 13220446208
anon 13226696704
anon_thp 13220446208
anon 13226696704
anon_thp 13220446208
anon 13226696704
anon_thp 13220446208
anon 13226696704
anon_thp 13220446208
anon 13226696704
anon_thp 13220446208
anon 13226696704
anon_thp 13220446208
anon 13226696704
anon_thp 13220446208
anon 13226696704
anon_thp 13220446208
anon 13226696704
anon_thp 13220446208
anon 13226696704
anon_thp 13220446208
anon 13226696704
anon_thp 13220446208
anon 13226696704
anon_thp 13220446208
anon 13226696704
anon_thp 13220446208
anon 13226696704
anon_thp 13220446208
anon 13226696704
anon_thp 13220446208
anon 13226696704
anon_thp 13220446208
anon 13226696704
anon_thp 13220446208
anon 13226696704
anon_thp 13220446208
anon 13226696704
anon_thp 13220446208
anon 13226696704
anon_thp 13220446208
anon 13226696704
anon_thp 13220446208
anon 13226696704
anon_thp 13220446208
anon 13226696704
anon_thp 13220446208
anon 13226696704
anon_thp 13220446208
anon 13226696704
anon_thp 13220446208
anon 13226696704
anon_thp 13220446208
anon 13226696704
anon_thp 13220446208
anon 13226696704
anon_thp 13220446208
anon 13226696704
anon_thp 13220446208
anon 13226696704
anon_thp 13220446208
anon 13226696704
anon_thp 13220446208
anon 13226696704
anon_thp 13220446208
anon 13226696704
anon_thp 13220446208
anon 13226696704
anon_thp 13222543360
anon 13226696704
anon_thp 13222543360
anon 13226696704
anon_thp 13222543360
anon 13226696704
anon_thp 13222543360
anon 13226696704
anon_thp 13222543360
anon 13226696704
anon_thp 13222543360
anon 13226696704
anon_thp 13222543360
anon 13226696704
anon_thp 13222543360
anon 13226696704
anon_thp 13222543360
anon 13226696704
anon_thp 13222543360
anon 13226696704
anon_thp 13222543360
anon 13226696704
anon_thp 13222543360
anon 13226696704
anon_thp 13222543360
anon 13226696704
anon_thp 13222543360
anon 13226696704
anon_thp 13222543360
anon 13226696704
anon_thp 13222543360
anon 13226696704
anon_thp 13222543360
anon 13226696704
anon_thp 13222543360
anon 13226696704
anon_thp 13222543360
anon 13226696704
anon_thp 13222543360
anon 13226696704
anon_thp 13222543360
anon 13226696704
anon_thp 13222543360
anon 13226696704
anon_thp 13222543360
anon 13226696704
anon_thp 13222543360
anon 13226696704
anon_thp 13222543360
anon 13226696704
anon_thp 13222543360
anon 13226696704
anon_thp 13222543360
anon 13226696704
anon_thp 13222543360
anon 13226696704
anon_thp 13222543360
anon 13226696704
anon_thp 13222543360
anon 13226696704
anon_thp 13222543360
anon 13226696704
anon_thp 13222543360
anon 13226696704
anon_thp 13222543360
anon 13226696704
anon_thp 13222543360
anon 13226696704
anon_thp 13222543360
anon 13226696704
anon_thp 13222543360
anon 13226696704
anon_thp 13222543360
anon 13226696704
anon_thp 13222543360
anon 13226696704
anon_thp 13222543360
anon 13226696704
anon_thp 13222543360
anon 13226696704
anon_thp 13222543360
anon 13226696704
anon_thp 13222543360
anon 13226696704
anon_thp 13222543360
anon 13226696704
anon_thp 13222543360
anon 13226696704
anon_thp 13222543360
anon 13226696704
anon_thp 13220446208
anon 13226696704
anon_thp 13220446208
anon 13226696704
anon_thp 13220446208
anon 13226696704
anon_thp 13220446208
anon 13226696704
anon_thp 13220446208
anon 13226696704
anon_thp 13220446208
anon 13226696704
anon_thp 13220446208
anon 13226696704
anon_thp 13220446208
anon 13226696704
anon_thp 13220446208
anon 13226696704
anon_thp 13220446208
anon 13226696704
anon_thp 13220446208
anon 13226696704
anon_thp 13220446208
anon 13226696704
anon_thp 13220446208
anon 13226696704
anon_thp 13220446208
anon 13226696704
anon_thp 13220446208
anon 13226696704
anon_thp 13220446208
anon 13226696704
anon_thp 13220446208
anon 13226696704
anon_thp 13220446208
anon 13226696704
anon_thp 13220446208
anon 13226696704
anon_thp 13220446208
anon 13226696704
anon_thp 13220446208
anon 13226696704
anon_thp 13220446208
anon 13226696704
anon_thp 13220446208
anon 13226696704
anon_thp 13220446208
anon 13226696704
anon_thp 13220446208
anon 13226696704
anon_thp 13220446208
anon 13226696704
anon_thp 13220446208
anon 13226696704
anon_thp 13220446208
anon 13226696704
anon_thp 13220446208
anon 13226696704
anon_thp 13220446208
anon 13226696704
anon_thp 13220446208
anon 13226696704
anon_thp 13220446208
anon 13226696704
anon_thp 13220446208
anon 13226696704
anon_thp 13220446208
anon 13226696704
anon_thp 13220446208
anon 13226696704
anon_thp 13220446208
anon 13226696704
anon_thp 13220446208
anon 13226696704
anon_thp 13220446208
anon 13226696704
anon_thp 13220446208
anon 13226696704
anon_thp 13220446208
anon 13226696704
anon_thp 13220446208
anon 13226696704
anon_thp 13220446208
anon 13226696704
anon_thp 13220446208
anon 13226696704
anon_thp 13220446208
anon 13226696704
anon_thp 13220446208
anon 13226696704
anon_thp 13222543360
anon 13226696704
anon_thp 13222543360
anon 13226696704
anon_thp 13222543360
anon 13226696704
anon_thp 13222543360
anon 13226696704
anon_thp 13222543360
anon 13226696704
anon_thp 13222543360
anon 13226696704
anon_thp 13222543360
anon 13226696704
anon_thp 13222543360
anon 13226696704
anon_thp 13222543360
anon 13226696704
anon_thp 13222543360
anon 13226696704
anon_thp 13222543360
anon 13226696704
anon_thp 13222543360
anon 13226696704
anon_thp 13222543360
anon 13226696704
anon_thp 13222543360
anon 13226696704
anon_thp 13222543360
anon 13226696704
anon_thp 13222543360
anon 13226696704
anon_thp 13222543360
anon 13226696704
anon_thp 13222543360
anon 13226696704
anon_thp 13222543360
anon 13226696704
anon_thp 13222543360
anon 13226696704
anon_thp 13222543360
anon 13226696704
anon_thp 13222543360
anon 13226696704
anon_thp 13222543360
anon 13226696704
anon_thp 13222543360
anon 13226696704
anon_thp 13222543360
anon 13226696704
anon_thp 13222543360
anon 13226696704
anon_thp 13222543360
anon 13226696704
anon_thp 13222543360
anon 13226696704
anon_thp 13222543360
anon 13226696704
anon_thp 13222543360
anon 13226696704
anon_thp 13222543360
anon 13226696704
anon_thp 13222543360
anon 13226696704
anon_thp 13222543360
anon 13226696704
anon_thp 13222543360
anon 13226696704
anon_thp 13222543360
anon 13226696704
anon_thp 13222543360
anon 13226696704
anon_thp 13222543360
anon 13226696704
anon_thp 13222543360
anon 13226696704
anon_thp 13222543360
anon 13226696704
anon_thp 13222543360
anon 13226696704
anon_thp 13222543360
anon 13226696704
anon_thp 13222543360
anon 13226696704
anon_thp 13222543360
anon 13226696704
anon_thp 13222543360
anon 13226696704
anon_thp 13222543360
anon 6367969280
anon_thp 6364856320
