pgmigrate_success 15717245
pgmigrate_fail 208910
thp_migration_success 24083
thp_migration_fail 1
thp_migration_split 0
thp_fault_alloc 160000
thp_fault_fallback 0
thp_fault_fallback_charge 0
thp_collapse_alloc 17422
thp_collapse_alloc_failed 93165
thp_file_alloc 173
thp_file_fallback 0
thp_file_fallback_charge 0
thp_file_mapped 0
thp_split_page 5345
thp_split_page_failed 708
thp_deferred_split_page 17912
thp_split_pmd 46986
thp_split_pud 0
thp_zero_page_alloc 0
thp_zero_page_alloc_failed 0
thp_swpout 0
thp_swpout_fallback 0
htmm_nr_promoted 12850236
htmm_nr_demoted 1534050
htmm_nr_sampled 0
htmm_missed_dramread 5021
htmm_missed_nvmread 0
htmm_missed_write 0
htmm_alloc_dram 124069098
htmm_alloc_nvm 0
