anon 0
anon_thp 0
anon 276815872
anon_thp 274726912
anon 554872832
anon_thp 551550976
anon 835891200
anon_thp 832569344
anon 1116909568
anon_thp 1113587712
anon 1404219392
anon_thp 1400897536
anon 1687334912
anon_thp 1684013056
anon 1968353280
anon_thp 1965031424
anon 2251468800
anon_thp 2248146944
anon 2532487168
anon_thp 2529165312
anon 2819796992
anon_thp 2816475136
anon 3105009664
anon_thp 3101687808
anon 3383930880
anon_thp 3380609024
anon 3662852096
anon_thp 3659530240
anon 3939676160
anon_thp 3936354304
anon 4222791680
anon_thp 4219469824
anon 4501712896
anon_thp 4498391040
anon 4778536960
anon_thp 4775215104
anon 5063749632
anon_thp 5060427776
anon 5344768000
anon_thp 5341446144
anon 5623689216
anon_thp 5620367360
anon 5904707584
anon_thp 5901385728
anon 6187823104
anon_thp 6184501248
anon 6859436032
anon_thp 6853492736
anon 6859436032
anon_thp 6853492736
anon 6979022848
anon_thp 6973030400
anon 7247458304
anon_thp 7241465856
anon 7522185216
anon_thp 7516192768
anon 7803203584
anon_thp 7797211136
anon 8084221952
anon_thp 8078229504
anon 8365240320
anon_thp 8359247872
anon 8648355840
anon_thp 8642363392
anon 8933568512
anon_thp 8927576064
anon 9212489728
anon_thp 9206497280
anon 9489313792
anon_thp 9483321344
anon 9764040704
anon_thp 9758048256
anon 10042961920
anon_thp 10036969472
anon 10321883136
anon_thp 10315890688
anon 10600804352
anon_thp 10594811904
anon 10873434112
anon_thp 10867441664
anon 11150258176
anon_thp 11144265728
anon 11429179392
anon_thp 11423186944
anon 11703906304
anon_thp 11697913856
anon 11976536064
anon_thp 11970543616
anon 12249165824
anon_thp 12243173376
anon 12515504128
anon_thp 12509511680
anon 12894941184
anon_thp 12884901888
anon 13225529344
anon_thp 13214154752
anon 13225529344
anon_thp 13214154752
anon 13225529344
anon_thp 13214154752
anon 13225529344
anon_thp 13214154752
anon 13225529344
anon_thp 13214154752
anon 13225529344
anon_thp 13214154752
anon 13225529344
anon_thp 13214154752
anon 13223432192
anon_thp 13212057600
anon 13223432192
anon_thp 13212057600
anon 13225529344
anon_thp 13214154752
anon 13225529344
anon_thp 13214154752
anon 13223432192
anon_thp 13212057600
anon 13225529344
anon_thp 13214154752
anon 13225529344
anon_thp 13214154752
anon 13225529344
anon_thp 13214154752
anon 13225529344
anon_thp 13214154752
anon 13225529344
anon_thp 13214154752
anon 13225529344
anon_thp 13214154752
anon 13225529344
anon_thp 13214154752
anon 13223432192
anon_thp 13212057600
anon 13225529344
anon_thp 13214154752
anon 13225529344
anon_thp 13214154752
anon 13225529344
anon_thp 13214154752
anon 13225529344
anon_thp 13214154752
anon 13225529344
anon_thp 13214154752
anon 13223432192
anon_thp 13212057600
anon 13225529344
anon_thp 13214154752
anon 13226967040
anon_thp 13220446208
anon 13226967040
anon_thp 13220446208
anon 13226967040
anon_thp 13220446208
anon 13226967040
anon_thp 13220446208
anon 13226967040
anon_thp 13220446208
anon 13226967040
anon_thp 13220446208
anon 13226967040
anon_thp 13220446208
anon 13226967040
anon_thp 13220446208
anon 13226967040
anon_thp 13220446208
anon 13226967040
anon_thp 13220446208
anon 13226967040
anon_thp 13220446208
anon 13226967040
anon_thp 13220446208
anon 13226967040
anon_thp 13220446208
anon 13226967040
anon_thp 13220446208
anon 13226967040
anon_thp 13220446208
anon 13226967040
anon_thp 13220446208
anon 13226967040
anon_thp 13220446208
anon 13226967040
anon_thp 13220446208
anon 13226967040
anon_thp 13220446208
anon 13226967040
anon_thp 13220446208
anon 13226967040
anon_thp 13220446208
anon 13226967040
anon_thp 13220446208
anon 13226967040
anon_thp 13220446208
anon 13226967040
anon_thp 13220446208
anon 13226967040
anon_thp 13220446208
anon 13226967040
anon_thp 13222543360
anon 13226967040
anon_thp 13222543360
anon 13226967040
anon_thp 13222543360
anon 13226967040
anon_thp 13222543360
anon 13226967040
anon_thp 13222543360
anon 13226967040
anon_thp 13222543360
anon 13226967040
anon_thp 13222543360
anon 13226967040
anon_thp 13222543360
anon 13226967040
anon_thp 13222543360
anon 13226967040
anon_thp 13222543360
anon 13226967040
anon_thp 13222543360
anon 13226967040
anon_thp 13222543360
anon 13226967040
anon_thp 13222543360
anon 13226967040
anon_thp 13222543360
anon 13226967040
anon_thp 13222543360
anon 13226967040
anon_thp 13222543360
anon 13226967040
anon_thp 13222543360
anon 13226967040
anon_thp 13222543360
anon 13226967040
anon_thp 13222543360
anon 13226967040
anon_thp 13222543360
anon 13226967040
anon_thp 13222543360
anon 13226967040
anon_thp 13222543360
anon 13226967040
anon_thp 13222543360
anon 13226967040
anon_thp 13222543360
anon 13226967040
anon_thp 13222543360
anon 13226967040
anon_thp 13222543360
anon 13226967040
anon_thp 13222543360
anon 13226967040
anon_thp 13222543360
anon 13226967040
anon_thp 13222543360
anon 13226967040
anon_thp 13222543360
anon 13226967040
anon_thp 13222543360
anon 13226967040
anon_thp 13222543360
anon 13226967040
anon_thp 13222543360
anon 13226967040
anon_thp 13222543360
anon 13226967040
anon_thp 13222543360
anon 13226967040
anon_thp 13222543360
anon 13226967040
anon_thp 13222543360
anon 13226967040
anon_thp 13222543360
anon 13226967040
anon_thp 13222543360
anon 13226967040
anon_thp 13222543360
anon 13226967040
anon_thp 13222543360
anon 13226967040
anon_thp 13222543360
anon 13226967040
anon_thp 13071548416
anon 13226967040
anon_thp 12989759488
anon 13226967040
anon_thp 12916359168
anon 13226967040
anon_thp 12966690816
anon 13226967040
anon_thp 12851347456
anon 13226967040
anon_thp 13132365824
anon 13226967040
anon_thp 13138657280
anon 13226967040
anon_thp 13138657280
anon 13226967040
anon_thp 13138657280
anon 13222772736
anon_thp 13178503168
anon 13226967040
anon_thp 13216251904
anon 13226967040
anon_thp 13216251904
anon 13226967040
anon_thp 13216251904
anon 13226967040
anon_thp 13216251904
anon 13226967040
anon_thp 13216251904
anon 13226967040
anon_thp 13216251904
anon 13226967040
anon_thp 13216251904
anon 13226967040
anon_thp 13216251904
anon 13226967040
anon_thp 13216251904
anon 13226967040
anon_thp 13216251904
anon 13226967040
anon_thp 13216251904
anon 13226967040
anon_thp 13216251904
anon 13226967040
anon_thp 13216251904
anon 13226967040
anon_thp 13216251904
anon 13226967040
anon_thp 13216251904
anon 13226967040
anon_thp 13216251904
anon 13226967040
anon_thp 13216251904
anon 13226967040
anon_thp 13216251904
anon 13226967040
anon_thp 13216251904
anon 13226967040
anon_thp 13216251904
anon 13226967040
anon_thp 13216251904
anon 13226967040
anon_thp 13216251904
anon 13226967040
anon_thp 13216251904
anon 13226967040
anon_thp 13216251904
anon 13226967040
anon_thp 13216251904
anon 13226967040
anon_thp 13216251904
anon 13226967040
anon_thp 13216251904
anon 13226967040
anon_thp 13216251904
anon 13226967040
anon_thp 13216251904
anon 13226967040
anon_thp 13216251904
anon 13226967040
anon_thp 13216251904
anon 13226967040
anon_thp 13216251904
anon 13226967040
anon_thp 13216251904
anon 13226967040
anon_thp 13216251904
anon 13226967040
anon_thp 13216251904
anon 13226967040
anon_thp 13216251904
anon 13226967040
anon_thp 13216251904
anon 13226967040
anon_thp 13216251904
anon 13226967040
anon_thp 13216251904
anon 13226967040
anon_thp 13216251904
anon 13226967040
anon_thp 13216251904
anon 13226967040
anon_thp 13216251904
anon 13226967040
anon_thp 13216251904
anon 13226967040
anon_thp 13216251904
anon 13226967040
anon_thp 13218349056
anon 13226967040
anon_thp 13218349056
anon 13226967040
anon_thp 13218349056
anon 13226967040
anon_thp 13218349056
anon 13226967040
anon_thp 13218349056
anon 13226967040
anon_thp 13218349056
anon 13226967040
anon_thp 13218349056
anon 13226967040
anon_thp 13218349056
anon 13226967040
anon_thp 13218349056
anon 13226967040
anon_thp 13218349056
anon 13226967040
anon_thp 13218349056
anon 13226967040
anon_thp 13218349056
anon 13226967040
anon_thp 13218349056
anon 13226967040
anon_thp 13218349056
anon 13226967040
anon_thp 13218349056
anon 13226967040
anon_thp 13218349056
anon 13226967040
anon_thp 13218349056
anon 13226967040
anon_thp 13218349056
anon 13226967040
anon_thp 13218349056
anon 13226967040
anon_thp 13218349056
anon 13226967040
anon_thp 13218349056
anon 13226967040
anon_thp 13218349056
anon 13226967040
anon_thp 13218349056
anon 13226967040
anon_thp 13218349056
anon 13226967040
anon_thp 13218349056
anon 13226967040
anon_thp 13218349056
anon 13226967040
anon_thp 13218349056
anon 13226967040
anon_thp 13218349056
anon 13226967040
anon_thp 13218349056
anon 13226967040
anon_thp 13218349056
anon 13226967040
anon_thp 13218349056
anon 13226967040
anon_thp 13218349056
anon 13226967040
anon_thp 13218349056
anon 13226967040
anon_thp 13218349056
anon 13226967040
anon_thp 13218349056
anon 13226967040
anon_thp 13218349056
anon 13226967040
anon_thp 13218349056
anon 13226967040
anon_thp 13218349056
anon 13226967040
anon_thp 13218349056
anon 13226967040
anon_thp 13218349056
anon 13226967040
anon_thp 13218349056
anon 13226967040
anon_thp 13218349056
anon 13226967040
anon_thp 13218349056
anon 13226967040
anon_thp 13218349056
anon 13226967040
anon_thp 13218349056
anon 13226967040
anon_thp 13218349056
anon 13226967040
anon_thp 13218349056
anon 13226967040
anon_thp 13218349056
anon 13226967040
anon_thp 13218349056
anon 13226967040
anon_thp 13216251904
anon 13226967040
anon_thp 13216251904
anon 13226967040
anon_thp 13216251904
anon 13226967040
anon_thp 13216251904
anon 13226967040
anon_thp 13216251904
anon 13226967040
anon_thp 13216251904
anon 13226967040
anon_thp 13216251904
anon 13226967040
anon_thp 13216251904
anon 13226967040
anon_thp 13216251904
anon 13226967040
anon_thp 13216251904
anon 13226967040
anon_thp 13216251904
anon 13226967040
anon_thp 13216251904
anon 13226967040
anon_thp 13216251904
anon 13226967040
anon_thp 13216251904
anon 13226967040
anon_thp 13216251904
anon 13226967040
anon_thp 13216251904
anon 13226967040
anon_thp 13216251904
anon 13226967040
anon_thp 13216251904
anon 13226967040
anon_thp 13216251904
anon 13226967040
anon_thp 13216251904
anon 13226967040
anon_thp 13216251904
anon 13226967040
anon_thp 13216251904
anon 13226967040
anon_thp 13216251904
anon 13226967040
anon_thp 13216251904
anon 13226967040
anon_thp 13216251904
anon 13226967040
anon_thp 13216251904
anon 13226967040
anon_thp 13216251904
anon 13226967040
anon_thp 13216251904
anon 13226967040
anon_thp 13216251904
anon 13226967040
anon_thp 13216251904
anon 13226967040
anon_thp 13216251904
anon 13226967040
anon_thp 13216251904
anon 13226967040
anon_thp 13216251904
anon 13226967040
anon_thp 13216251904
anon 13226967040
anon_thp 13216251904
anon 13226967040
anon_thp 13216251904
anon 13226967040
anon_thp 13216251904
anon 13226967040
anon_thp 13216251904
anon 13226967040
anon_thp 13216251904
anon 13226967040
anon_thp 13216251904
anon 13226967040
anon_thp 13216251904
anon 13226967040
anon_thp 13216251904
anon 13226967040
anon_thp 13216251904
anon 13226967040
anon_thp 13216251904
anon 13226967040
anon_thp 13216251904
anon 13226967040
anon_thp 13216251904
anon 13226967040
anon_thp 13216251904
anon 13226967040
anon_thp 13216251904
anon 13226967040
anon_thp 13216251904
anon 13226967040
anon_thp 13216251904
anon 13226967040
anon_thp 13216251904
anon 13226967040
anon_thp 13216251904
anon 13226967040
anon_thp 13216251904
anon 13226967040
anon_thp 13216251904
anon 13226967040
anon_thp 13216251904
anon 13226967040
anon_thp 13216251904
anon 13226967040
anon_thp 13216251904
anon 13226967040
anon_thp 13216251904
anon 13226967040
anon_thp 13216251904
anon 13226967040
anon_thp 13216251904
anon 13226967040
anon_thp 13216251904
anon 13226967040
anon_thp 13216251904
anon 13226967040
anon_thp 13216251904
anon 13226967040
anon_thp 13216251904
anon 13226967040
anon_thp 13216251904
anon 13226967040
anon_thp 13216251904
anon 13226967040
anon_thp 13216251904
anon 13226967040
anon_thp 13216251904
anon 13226967040
anon_thp 13216251904
anon 13226967040
anon_thp 13216251904
anon 13226967040
anon_thp 13216251904
anon 13226967040
anon_thp 13216251904
anon 13226967040
anon_thp 13216251904
anon 13226967040
anon_thp 13216251904
anon 13226967040
anon_thp 13216251904
anon 13226967040
anon_thp 13216251904
anon 13226967040
anon_thp 13220446208
anon 13226967040
anon_thp 13220446208
anon 13226967040
anon_thp 13220446208
anon 13226967040
anon_thp 13220446208
anon 13226967040
anon_thp 13220446208
anon 13226967040
anon_thp 13220446208
anon 13226967040
anon_thp 13220446208
anon 13226967040
anon_thp 13220446208
anon 13226967040
anon_thp 13220446208
anon 13226967040
anon_thp 13220446208
anon 13226967040
anon_thp 13220446208
anon 13226967040
anon_thp 13220446208
anon 13226967040
anon_thp 13220446208
anon 13226967040
anon_thp 13220446208
anon 13226967040
anon_thp 13220446208
anon 13226967040
anon_thp 13220446208
anon 13226967040
anon_thp 13220446208
anon 12869115904
anon_thp 12863930368
anon 13226967040
anon_thp 13222543360
anon 13226967040
anon_thp 13222543360
anon 13226967040
anon_thp 13222543360
anon 13226967040
anon_thp 13222543360
anon 13226967040
anon_thp 13222543360
anon 13226967040
anon_thp 13222543360
anon 13226967040
anon_thp 13222543360
anon 13226967040
anon_thp 13222543360
anon 13226967040
anon_thp 13222543360
anon 13226967040
anon_thp 13222543360
anon 13226967040
anon_thp 13222543360
anon 13226967040
anon_thp 13222543360
anon 13226967040
anon_thp 13222543360
anon 13226967040
anon_thp 13222543360
anon 13226967040
anon_thp 13222543360
anon 13226967040
anon_thp 13222543360
anon 13226967040
anon_thp 13222543360
anon 13226967040
anon_thp 13222543360
anon 13226967040
anon_thp 13222543360
anon 13226967040
anon_thp 13222543360
anon 13226967040
anon_thp 13222543360
anon 13226967040
anon_thp 13222543360
anon 13226967040
anon_thp 13222543360
anon 13226967040
anon_thp 13222543360
anon 13226967040
anon_thp 13222543360
anon 13226967040
anon_thp 13222543360
anon 13226967040
anon_thp 13222543360
anon 13226967040
anon_thp 13222543360
anon 13226967040
anon_thp 13222543360
anon 13226967040
anon_thp 13222543360
anon 13226967040
anon_thp 13222543360
anon 13226967040
anon_thp 13222543360
anon 13226967040
anon_thp 13222543360
anon 13226967040
anon_thp 13222543360
anon 13226967040
anon_thp 13222543360
anon 13226967040
anon_thp 13222543360
anon 13226967040
anon_thp 13222543360
anon 13226967040
anon_thp 13222543360
anon 13226967040
anon_thp 13222543360
anon 13226967040
anon_thp 13222543360
anon 13226967040
anon_thp 13222543360
anon 13226967040
anon_thp 13222543360
anon 13226967040
anon_thp 13222543360
anon 13226967040
anon_thp 13222543360
anon 13226967040
anon_thp 13222543360
anon 13226967040
anon_thp 13222543360
anon 13226967040
anon_thp 13222543360
anon 13226967040
anon_thp 13222543360
anon 13054853120
anon_thp 13048479744
anon 13226967040
anon_thp 13220446208
anon 13226967040
anon_thp 13220446208
anon 13226967040
anon_thp 13220446208
anon 13226967040
anon_thp 13220446208
anon 13226967040
anon_thp 13220446208
anon 13226967040
anon_thp 13220446208
anon 13226967040
anon_thp 13220446208
anon 13226967040
anon_thp 13220446208
anon 13226967040
anon_thp 13220446208
anon 13226967040
anon_thp 13220446208
anon 13226967040
anon_thp 13220446208
anon 13226967040
anon_thp 13220446208
anon 13226967040
anon_thp 13220446208
anon 13226967040
anon_thp 13220446208
anon 13226967040
anon_thp 13220446208
anon 13226967040
anon_thp 13220446208
anon 13226967040
anon_thp 13220446208
anon 13226967040
anon_thp 13220446208
anon 13226967040
anon_thp 13220446208
anon 13226967040
anon_thp 13220446208
anon 13226967040
anon_thp 13220446208
anon 13226967040
anon_thp 13220446208
anon 13226967040
anon_thp 13220446208
anon 13226967040
anon_thp 13220446208
anon 13226967040
anon_thp 13220446208
anon 13226967040
anon_thp 13220446208
anon 13226967040
anon_thp 13220446208
anon 13226967040
anon_thp 13220446208
anon 13226967040
anon_thp 13220446208
anon 13226967040
anon_thp 13220446208
anon 13226967040
anon_thp 13220446208
anon 13226967040
anon_thp 13220446208
anon 13226967040
anon_thp 13220446208
anon 13226967040
anon_thp 13220446208
anon 13226967040
anon_thp 13220446208
anon 13226967040
anon_thp 13220446208
anon 13226967040
anon_thp 13220446208
anon 13226967040
anon_thp 13220446208
anon 13226967040
anon_thp 13220446208
anon 13226967040
anon_thp 13220446208
anon 13226967040
anon_thp 13220446208
anon 13226967040
anon_thp 13220446208
anon 13226967040
anon_thp 13222543360
anon 13226967040
anon_thp 13222543360
anon 13226967040
anon_thp 13222543360
anon 13226967040
anon_thp 13222543360
anon 13226967040
anon_thp 13222543360
anon 13226967040
anon_thp 13222543360
anon 13226967040
anon_thp 13222543360
anon 13226967040
anon_thp 13222543360
anon 13226967040
anon_thp 13222543360
anon 13226967040
anon_thp 13222543360
anon 13226967040
anon_thp 13222543360
anon 13226967040
anon_thp 13222543360
anon 13226967040
anon_thp 13222543360
anon 13226967040
anon_thp 13222543360
anon 13226967040
anon_thp 13222543360
anon 13226967040
anon_thp 13222543360
anon 13226967040
anon_thp 13222543360
anon 13226967040
anon_thp 13222543360
anon 13226967040
anon_thp 13222543360
anon 13226967040
anon_thp 13222543360
anon 13226967040
anon_thp 13222543360
anon 13226967040
anon_thp 13222543360
anon 13226967040
anon_thp 13222543360
anon 13226967040
anon_thp 13222543360
anon 13226967040
anon_thp 13222543360
anon 13226967040
anon_thp 13222543360
anon 13226967040
anon_thp 13222543360
anon 13226967040
anon_thp 13222543360
anon 13226967040
anon_thp 13222543360
anon 13226967040
anon_thp 13222543360
anon 13226967040
anon_thp 13222543360
anon 13226967040
anon_thp 13222543360
anon 13226967040
anon_thp 13222543360
anon 13226967040
anon_thp 13222543360
anon 13226967040
anon_thp 13222543360
anon 13226967040
anon_thp 13222543360
anon 13226967040
anon_thp 13222543360
anon 13226967040
anon_thp 13222543360
anon 13226967040
anon_thp 13222543360
anon 13226967040
anon_thp 13222543360
anon 13226967040
anon_thp 13222543360
anon 13226967040
anon_thp 13222543360
anon 13226967040
anon_thp 13222543360
anon 13226967040
anon_thp 13222543360
anon 13226967040
anon_thp 13222543360
anon 13226967040
anon_thp 13222543360
anon 13226967040
anon_thp 13222543360
anon 13226967040
anon_thp 13222543360
anon 13226967040
anon_thp 13222543360
