pgmigrate_success 10751234
pgmigrate_success 10751238
pgmigrate_success 10751238
pgmigrate_success 10751238
pgmigrate_success 10751238
pgmigrate_success 10751238
pgmigrate_success 10751238
pgmigrate_success 10751238
pgmigrate_success 10751238
pgmigrate_success 10751238
pgmigrate_success 10751238
pgmigrate_success 10751238
pgmigrate_success 10751238
pgmigrate_success 10751238
pgmigrate_success 10751238
pgmigrate_success 10751238
pgmigrate_success 10751238
pgmigrate_success 10751238
pgmigrate_success 10751238
pgmigrate_success 10751238
pgmigrate_success 10751238
pgmigrate_success 10751238
pgmigrate_success 10751238
pgmigrate_success 10751284
pgmigrate_success 10766651
pgmigrate_success 10766651
pgmigrate_success 10766651
pgmigrate_success 10766651
pgmigrate_success 10766651
pgmigrate_success 10766651
pgmigrate_success 10766651
pgmigrate_success 10766651
pgmigrate_success 10766651
pgmigrate_success 10766651
pgmigrate_success 10766651
pgmigrate_success 10766651
pgmigrate_success 10766651
pgmigrate_success 10766651
pgmigrate_success 10766651
pgmigrate_success 10766651
pgmigrate_success 10766651
pgmigrate_success 10766651
pgmigrate_success 10766651
pgmigrate_success 10766651
pgmigrate_success 10766651
pgmigrate_success 10766651
pgmigrate_success 10766651
pgmigrate_success 10888129
pgmigrate_success 11246017
pgmigrate_success 11443465
pgmigrate_success 11444041
pgmigrate_success 11444041
pgmigrate_success 11444041
pgmigrate_success 11444041
pgmigrate_success 11491227
pgmigrate_success 11819455
pgmigrate_success 12251613
pgmigrate_success 12398045
pgmigrate_success 12645882
pgmigrate_success 12845862
pgmigrate_success 12865566
pgmigrate_success 12865566
pgmigrate_success 12868638
pgmigrate_success 12947487
pgmigrate_success 13030944
pgmigrate_success 13039136
pgmigrate_success 13040672
pgmigrate_success 13040672
pgmigrate_success 13091872
pgmigrate_success 13144615
pgmigrate_success 13144615
pgmigrate_success 13144615
pgmigrate_success 13144615
pgmigrate_success 13150760
pgmigrate_success 13193768
pgmigrate_success 13242925
pgmigrate_success 13273134
pgmigrate_success 13345329
pgmigrate_success 13369914
pgmigrate_success 13386299
pgmigrate_success 13413435
pgmigrate_success 13435648
pgmigrate_success 13466368
pgmigrate_success 13485312
pgmigrate_success 13503232
pgmigrate_success 13522688
pgmigrate_success 13527808
pgmigrate_success 13527808
pgmigrate_success 13527808
pgmigrate_success 13527808
pgmigrate_success 13529856
pgmigrate_success 13530897
pgmigrate_success 13531411
pgmigrate_success 13531411
pgmigrate_success 13531932
pgmigrate_success 13531932
pgmigrate_success 13531935
pgmigrate_success 13531935
pgmigrate_success 13531935
pgmigrate_success 13531952
pgmigrate_success 13531952
pgmigrate_success 13531952
pgmigrate_success 13531952
pgmigrate_success 13531952
pgmigrate_success 13531952
pgmigrate_success 13531952
pgmigrate_success 13531952
pgmigrate_success 13531952
pgmigrate_success 13531952
pgmigrate_success 13531952
pgmigrate_success 13531952
pgmigrate_success 13531952
pgmigrate_success 13531952
pgmigrate_success 13532512
pgmigrate_success 13532512
pgmigrate_success 13532512
pgmigrate_success 13532667
pgmigrate_success 13532755
pgmigrate_success 13532755
pgmigrate_success 13532755
pgmigrate_success 13532755
pgmigrate_success 13532755
pgmigrate_success 13532755
pgmigrate_success 13532755
pgmigrate_success 13532755
pgmigrate_success 13538387
pgmigrate_success 13538387
pgmigrate_success 13538387
pgmigrate_success 13538387
pgmigrate_success 13554259
pgmigrate_success 13566549
pgmigrate_success 13588567
pgmigrate_success 13610073
pgmigrate_success 13630041
pgmigrate_success 13640793
pgmigrate_success 13650009
pgmigrate_success 13665373
pgmigrate_success 13678685
pgmigrate_success 13697117
pgmigrate_success 13711454
pgmigrate_success 13711454
pgmigrate_success 13711454
pgmigrate_success 13711454
pgmigrate_success 13711966
pgmigrate_success 13712106
pgmigrate_success 13712106
pgmigrate_success 13712106
pgmigrate_success 13712106
pgmigrate_success 13712112
pgmigrate_success 13712112
pgmigrate_success 13712112
pgmigrate_success 13712112
pgmigrate_success 13712112
pgmigrate_success 13712112
pgmigrate_success 13712112
pgmigrate_success 13712249
pgmigrate_success 13712249
pgmigrate_success 13712249
pgmigrate_success 13712249
pgmigrate_success 13712249
pgmigrate_success 13712249
pgmigrate_success 13712249
pgmigrate_success 13712249
pgmigrate_success 13712249
pgmigrate_success 13712249
pgmigrate_success 13712249
pgmigrate_success 13712249
pgmigrate_success 13712249
pgmigrate_success 13712249
pgmigrate_success 13712249
pgmigrate_success 13712249
pgmigrate_success 13712249
pgmigrate_success 13712249
pgmigrate_success 13712249
pgmigrate_success 13712761
pgmigrate_success 13712761
pgmigrate_success 13712993
pgmigrate_success 13712993
pgmigrate_success 13712993
pgmigrate_success 13712993
pgmigrate_success 13712993
pgmigrate_success 13712993
pgmigrate_success 13712993
pgmigrate_success 13712993
pgmigrate_success 13712993
pgmigrate_success 13712993
pgmigrate_success 13712993
pgmigrate_success 13712993
pgmigrate_success 13712993
pgmigrate_success 13712993
pgmigrate_success 13712993
pgmigrate_success 13712993
pgmigrate_success 13712993
pgmigrate_success 13712993
pgmigrate_success 13712993
pgmigrate_success 13712993
pgmigrate_success 13712993
pgmigrate_success 13712993
pgmigrate_success 13712993
pgmigrate_success 13712993
pgmigrate_success 13712993
pgmigrate_success 13712993
pgmigrate_success 13712993
pgmigrate_success 13712993
pgmigrate_success 13712993
pgmigrate_success 13712993
pgmigrate_success 13712993
pgmigrate_success 13712993
pgmigrate_success 13713034
pgmigrate_success 13713034
pgmigrate_success 13713034
pgmigrate_success 13713034
pgmigrate_success 13713034
pgmigrate_success 13713034
pgmigrate_success 13713034
pgmigrate_success 13713034
pgmigrate_success 13713034
pgmigrate_success 13713034
pgmigrate_success 13714570
pgmigrate_success 13723791
pgmigrate_success 13728399
pgmigrate_success 13738127
pgmigrate_success 13745295
pgmigrate_success 13751951
pgmigrate_success 13752463
pgmigrate_success 13752463
pgmigrate_success 13752463
pgmigrate_success 13752463
pgmigrate_success 13752463
pgmigrate_success 13752463
pgmigrate_success 13752463
pgmigrate_success 13752463
pgmigrate_success 13752463
pgmigrate_success 13753999
pgmigrate_success 13759632
pgmigrate_success 13771923
pgmigrate_success 13784215
pgmigrate_success 13794455
pgmigrate_success 13804183
pgmigrate_success 13812887
pgmigrate_success 13822677
pgmigrate_success 13832405
pgmigrate_success 13838549
pgmigrate_success 13847253
pgmigrate_success 13855445
pgmigrate_success 13864661
pgmigrate_success 13885654
pgmigrate_success 13891286
pgmigrate_success 13891286
pgmigrate_success 13891798
pgmigrate_success 13892310
pgmigrate_success 13892822
pgmigrate_success 13893334
pgmigrate_success 13893334
pgmigrate_success 13893334
pgmigrate_success 13893334
pgmigrate_success 13894358
pgmigrate_success 13894358
pgmigrate_success 13894358
pgmigrate_success 13894358
pgmigrate_success 13894358
pgmigrate_success 13894358
pgmigrate_success 13894358
pgmigrate_success 13907671
pgmigrate_success 13916384
pgmigrate_success 13950186
pgmigrate_success 13950186
pgmigrate_success 13950186
pgmigrate_success 13950186
pgmigrate_success 13950186
pgmigrate_success 13950186
pgmigrate_success 13950186
pgmigrate_success 13950227
pgmigrate_success 13950227
pgmigrate_success 13950227
pgmigrate_success 13950227
pgmigrate_success 13950227
pgmigrate_success 13950227
pgmigrate_success 13950227
pgmigrate_success 13950227
pgmigrate_success 13950227
pgmigrate_success 13950227
pgmigrate_success 13950227
pgmigrate_success 13950227
pgmigrate_success 13950227
pgmigrate_success 13950227
pgmigrate_success 13950227
pgmigrate_success 13950227
pgmigrate_success 13950227
pgmigrate_success 13950227
pgmigrate_success 13950227
pgmigrate_success 13950227
pgmigrate_success 13950227
pgmigrate_success 13950227
pgmigrate_success 13950227
pgmigrate_success 13950230
pgmigrate_success 13950230
pgmigrate_success 13962007
pgmigrate_success 13979935
pgmigrate_success 13997865
pgmigrate_success 14017327
pgmigrate_success 14033203
pgmigrate_success 14054377
pgmigrate_success 14071469
pgmigrate_success 14101683
pgmigrate_success 14102329
pgmigrate_success 14102329
pgmigrate_success 14146873
pgmigrate_success 14147385
pgmigrate_success 14147385
pgmigrate_success 14147385
pgmigrate_success 14147385
pgmigrate_success 14147385
pgmigrate_success 14147385
pgmigrate_success 14147385
pgmigrate_success 14147385
pgmigrate_success 14147385
pgmigrate_success 14147385
pgmigrate_success 14147385
pgmigrate_success 14147385
pgmigrate_success 14147385
pgmigrate_success 14147385
pgmigrate_success 14147385
pgmigrate_success 14147385
pgmigrate_success 14147385
pgmigrate_success 14147385
pgmigrate_success 14147385
pgmigrate_success 14147385
pgmigrate_success 14147385
pgmigrate_success 14147385
pgmigrate_success 14147385
pgmigrate_success 14147385
pgmigrate_success 14147385
pgmigrate_success 14147385
pgmigrate_success 14147385
pgmigrate_success 14147427
pgmigrate_success 14147427
pgmigrate_success 14147427
pgmigrate_success 14147427
pgmigrate_success 14147427
pgmigrate_success 14147427
pgmigrate_success 14147427
pgmigrate_success 14147442
pgmigrate_success 14147486
pgmigrate_success 14147486
pgmigrate_success 14147486
pgmigrate_success 14147486
pgmigrate_success 14147486
pgmigrate_success 14147486
pgmigrate_success 14147486
pgmigrate_success 14147486
pgmigrate_success 14147502
pgmigrate_success 14147502
pgmigrate_success 14147502
pgmigrate_success 14147616
pgmigrate_success 14147616
pgmigrate_success 14148129
pgmigrate_success 14148129
pgmigrate_success 14148129
pgmigrate_success 14148129
pgmigrate_success 14148641
pgmigrate_success 14148641
pgmigrate_success 14148641
pgmigrate_success 14148641
pgmigrate_success 14148641
pgmigrate_success 14148641
pgmigrate_success 14148641
pgmigrate_success 14148668
pgmigrate_success 14148668
pgmigrate_success 14148668
pgmigrate_success 14148668
pgmigrate_success 14148668
pgmigrate_success 14148668
pgmigrate_success 14148668
pgmigrate_success 14148668
pgmigrate_success 14148668
pgmigrate_success 14148668
pgmigrate_success 14148668
pgmigrate_success 14148668
pgmigrate_success 14148668
pgmigrate_success 14148668
pgmigrate_success 14148668
pgmigrate_success 14148668
pgmigrate_success 14148668
pgmigrate_success 14148668
pgmigrate_success 14148668
pgmigrate_success 14148668
pgmigrate_success 14148668
pgmigrate_success 14148668
pgmigrate_success 14148668
pgmigrate_success 14148668
pgmigrate_success 14148669
pgmigrate_success 14148669
pgmigrate_success 14148669
pgmigrate_success 14148669
pgmigrate_success 14148669
pgmigrate_success 14148669
pgmigrate_success 14148670
pgmigrate_success 14148670
pgmigrate_success 14148717
pgmigrate_success 14154349
pgmigrate_success 14164589
pgmigrate_success 14168177
pgmigrate_success 14179956
pgmigrate_success 14187124
pgmigrate_success 14190196
pgmigrate_success 14190196
pgmigrate_success 14190196
pgmigrate_success 14190196
pgmigrate_success 14190196
pgmigrate_success 14190196
pgmigrate_success 14190196
pgmigrate_success 14190196
pgmigrate_success 14192756
pgmigrate_success 14198900
pgmigrate_success 14212212
pgmigrate_success 14226548
pgmigrate_success 14238324
pgmigrate_success 14240372
pgmigrate_success 14240372
pgmigrate_success 14240372
pgmigrate_success 14240372
pgmigrate_success 14240372
pgmigrate_success 14240372
pgmigrate_success 14240372
pgmigrate_success 14240372
pgmigrate_success 14240372
pgmigrate_success 14240372
pgmigrate_success 14240372
pgmigrate_success 14240372
pgmigrate_success 14240372
pgmigrate_success 14240412
pgmigrate_success 14240465
pgmigrate_success 14240514
pgmigrate_success 14240514
pgmigrate_success 14240514
pgmigrate_success 14240514
pgmigrate_success 14240514
pgmigrate_success 14240514
pgmigrate_success 14240514
pgmigrate_success 14240514
pgmigrate_success 14240514
pgmigrate_success 14240514
pgmigrate_success 14240514
pgmigrate_success 14240514
pgmigrate_success 14240514
pgmigrate_success 14240514
pgmigrate_success 14240514
pgmigrate_success 14240514
pgmigrate_success 14240514
pgmigrate_success 14240514
pgmigrate_success 14240514
pgmigrate_success 14240514
pgmigrate_success 14240514
pgmigrate_success 14240514
pgmigrate_success 14240514
pgmigrate_success 14240514
pgmigrate_success 14240514
pgmigrate_success 14240514
pgmigrate_success 14240514
pgmigrate_success 14240514
pgmigrate_success 14240514
pgmigrate_success 14240554
pgmigrate_success 14240554
pgmigrate_success 14240554
pgmigrate_success 14240554
pgmigrate_success 14240554
pgmigrate_success 14240554
pgmigrate_success 14240554
pgmigrate_success 14240554
pgmigrate_success 14240554
pgmigrate_success 14240554
pgmigrate_success 14240554
pgmigrate_success 14240554
pgmigrate_success 14240554
pgmigrate_success 14240554
pgmigrate_success 14240554
pgmigrate_success 14240554
pgmigrate_success 14240554
pgmigrate_success 14240554
pgmigrate_success 14240554
pgmigrate_success 14240554
pgmigrate_success 14240554
pgmigrate_success 14240554
pgmigrate_success 14240554
pgmigrate_success 14240554
pgmigrate_success 14240554
pgmigrate_success 14240554
pgmigrate_success 14240554
pgmigrate_success 14240554
pgmigrate_success 14240554
pgmigrate_success 14240554
pgmigrate_success 14240554
pgmigrate_success 14240554
pgmigrate_success 14240593
pgmigrate_success 14240593
pgmigrate_success 14240593
pgmigrate_success 14245723
pgmigrate_success 14250845
pgmigrate_success 14260576
pgmigrate_success 14267246
pgmigrate_success 14275439
