pgmigrate_success 75993179
pgmigrate_success 75993182
pgmigrate_success 75993182
pgmigrate_success 75993183
pgmigrate_success 75993183
pgmigrate_success 75993183
pgmigrate_success 75993183
pgmigrate_success 75993183
pgmigrate_success 75993183
pgmigrate_success 75993183
pgmigrate_success 75993183
pgmigrate_success 75993183
pgmigrate_success 75993183
pgmigrate_success 75993183
pgmigrate_success 75993183
pgmigrate_success 75993183
pgmigrate_success 75993183
pgmigrate_success 75993183
pgmigrate_success 75993183
pgmigrate_success 75993183
pgmigrate_success 75993183
pgmigrate_success 75993183
pgmigrate_success 75993183
pgmigrate_success 76002451
pgmigrate_success 76008083
pgmigrate_success 76008083
pgmigrate_success 76008083
pgmigrate_success 76008083
pgmigrate_success 76008083
pgmigrate_success 76008083
pgmigrate_success 76008083
pgmigrate_success 76008083
pgmigrate_success 76008083
pgmigrate_success 76008083
pgmigrate_success 76008083
pgmigrate_success 76008083
pgmigrate_success 76008083
pgmigrate_success 76008083
pgmigrate_success 76008083
pgmigrate_success 76008083
pgmigrate_success 76008083
pgmigrate_success 76008083
pgmigrate_success 76008083
pgmigrate_success 76008083
pgmigrate_success 76008083
pgmigrate_success 76008083
pgmigrate_success 76008083
pgmigrate_success 76241803
pgmigrate_success 76473229
pgmigrate_success 76648857
pgmigrate_success 76649433
pgmigrate_success 76684250
pgmigrate_success 77075404
pgmigrate_success 77415611
pgmigrate_success 77653706
pgmigrate_success 77879893
pgmigrate_success 77879893
pgmigrate_success 77879893
pgmigrate_success 77887573
pgmigrate_success 77938774
pgmigrate_success 78055007
pgmigrate_success 78129760
pgmigrate_success 78173283
pgmigrate_success 78173795
pgmigrate_success 78173795
pgmigrate_success 78189157
pgmigrate_success 78219878
pgmigrate_success 78248038
pgmigrate_success 78273638
pgmigrate_success 78317163
pgmigrate_success 78355053
pgmigrate_success 78393967
pgmigrate_success 78462067
pgmigrate_success 78537843
pgmigrate_success 78576756
pgmigrate_success 78576756
pgmigrate_success 78576756
pgmigrate_success 78576756
pgmigrate_success 78576756
pgmigrate_success 78576756
pgmigrate_success 78576756
pgmigrate_success 78577149
pgmigrate_success 78577149
pgmigrate_success 78577149
pgmigrate_success 78603264
pgmigrate_success 78642708
pgmigrate_success 78683184
pgmigrate_success 78727746
pgmigrate_success 78754370
pgmigrate_success 78803523
pgmigrate_success 78850119
pgmigrate_success 78876748
pgmigrate_success 78896207
pgmigrate_success 78897743
pgmigrate_success 78898034
pgmigrate_success 78898034
pgmigrate_success 78898034
pgmigrate_success 78898034
pgmigrate_success 78898034
pgmigrate_success 78898034
pgmigrate_success 78978958
pgmigrate_success 78978958
pgmigrate_success 78978958
pgmigrate_success 78978958
pgmigrate_success 78978958
pgmigrate_success 78978958
pgmigrate_success 78978958
pgmigrate_success 78978958
pgmigrate_success 78978960
pgmigrate_success 78978960
pgmigrate_success 78978960
pgmigrate_success 78978960
pgmigrate_success 78978960
pgmigrate_success 78979107
pgmigrate_success 78979107
pgmigrate_success 78979107
pgmigrate_success 78979107
pgmigrate_success 78979107
pgmigrate_success 78979107
pgmigrate_success 78979107
pgmigrate_success 78979620
pgmigrate_success 78979620
pgmigrate_success 78979620
pgmigrate_success 78979620
pgmigrate_success 78979620
pgmigrate_success 78979620
pgmigrate_success 78979620
pgmigrate_success 78979620
pgmigrate_success 78979620
pgmigrate_success 78979620
pgmigrate_success 78979620
pgmigrate_success 78979620
pgmigrate_success 78979620
pgmigrate_success 78979620
pgmigrate_success 78979620
pgmigrate_success 78979620
pgmigrate_success 78979620
pgmigrate_success 78979620
pgmigrate_success 78979620
pgmigrate_success 78979620
pgmigrate_success 78979620
pgmigrate_success 78990405
pgmigrate_success 78994509
pgmigrate_success 78995534
pgmigrate_success 78995534
pgmigrate_success 79007704
pgmigrate_success 79039200
pgmigrate_success 79041854
pgmigrate_success 79041854
pgmigrate_success 79041854
pgmigrate_success 79052606
pgmigrate_success 79060286
pgmigrate_success 79085376
pgmigrate_success 79116609
pgmigrate_success 79136577
pgmigrate_success 79158081
pgmigrate_success 79184704
pgmigrate_success 79195456
pgmigrate_success 79195456
pgmigrate_success 79195968
pgmigrate_success 79195968
pgmigrate_success 79195968
pgmigrate_success 79195968
pgmigrate_success 79195968
pgmigrate_success 79195968
pgmigrate_success 79195968
pgmigrate_success 79195968
pgmigrate_success 79195968
pgmigrate_success 79195968
pgmigrate_success 79195968
pgmigrate_success 79195968
pgmigrate_success 79195968
pgmigrate_success 79195968
pgmigrate_success 79195968
pgmigrate_success 79195968
pgmigrate_success 79195968
pgmigrate_success 79195968
pgmigrate_success 79195968
pgmigrate_success 79195968
pgmigrate_success 79196275
pgmigrate_success 79196770
pgmigrate_success 79196770
pgmigrate_success 79196770
pgmigrate_success 79196770
pgmigrate_success 79196770
pgmigrate_success 79196770
pgmigrate_success 79196770
pgmigrate_success 79196770
pgmigrate_success 79196770
pgmigrate_success 79196770
pgmigrate_success 79196770
pgmigrate_success 79196770
pgmigrate_success 79196770
pgmigrate_success 79196770
pgmigrate_success 79196770
pgmigrate_success 79199330
pgmigrate_success 79199330
pgmigrate_success 79199330
pgmigrate_success 79199330
pgmigrate_success 79199330
pgmigrate_success 79199330
pgmigrate_success 79199330
pgmigrate_success 79199330
pgmigrate_success 79199330
pgmigrate_success 79199330
pgmigrate_success 79199330
pgmigrate_success 79199330
pgmigrate_success 79199330
pgmigrate_success 79199332
pgmigrate_success 79199332
pgmigrate_success 79199332
pgmigrate_success 79199437
pgmigrate_success 79199437
pgmigrate_success 79199437
pgmigrate_success 79199437
pgmigrate_success 79199437
pgmigrate_success 79199437
pgmigrate_success 79199437
pgmigrate_success 79199437
pgmigrate_success 79199437
pgmigrate_success 79199437
pgmigrate_success 79199437
pgmigrate_success 79199437
pgmigrate_success 79199438
pgmigrate_success 79199438
pgmigrate_success 79199438
pgmigrate_success 79199438
pgmigrate_success 79199438
pgmigrate_success 79200462
pgmigrate_success 79204558
pgmigrate_success 79210190
pgmigrate_success 79210190
pgmigrate_success 79210702
pgmigrate_success 79210702
pgmigrate_success 79210705
pgmigrate_success 79289041
pgmigrate_success 79342801
pgmigrate_success 79363281
pgmigrate_success 79380689
pgmigrate_success 79393489
pgmigrate_success 79404243
pgmigrate_success 79404243
pgmigrate_success 79404243
pgmigrate_success 79404800
pgmigrate_success 79407360
pgmigrate_success 79407360
pgmigrate_success 79407872
pgmigrate_success 79407872
pgmigrate_success 79407872
pgmigrate_success 79407872
pgmigrate_success 79407872
pgmigrate_success 79407872
pgmigrate_success 79407872
pgmigrate_success 79407872
pgmigrate_success 79407872
pgmigrate_success 79407872
pgmigrate_success 79407872
pgmigrate_success 79407872
pgmigrate_success 79407872
pgmigrate_success 79407872
pgmigrate_success 79407872
pgmigrate_success 79407872
pgmigrate_success 79407872
pgmigrate_success 79407872
pgmigrate_success 79407872
pgmigrate_success 79407872
pgmigrate_success 79407872
pgmigrate_success 79407872
pgmigrate_success 79407872
pgmigrate_success 79407872
pgmigrate_success 79407872
pgmigrate_success 79407872
pgmigrate_success 79407872
pgmigrate_success 79407872
pgmigrate_success 79407921
pgmigrate_success 79407921
pgmigrate_success 79407921
pgmigrate_success 79407921
pgmigrate_success 79407921
pgmigrate_success 79407921
pgmigrate_success 79407921
pgmigrate_success 79407921
pgmigrate_success 79407921
pgmigrate_success 79408116
pgmigrate_success 79408116
pgmigrate_success 79408116
pgmigrate_success 79408116
pgmigrate_success 79408116
pgmigrate_success 79408116
pgmigrate_success 79408116
pgmigrate_success 79408116
pgmigrate_success 79408116
pgmigrate_success 79408116
pgmigrate_success 79408116
pgmigrate_success 79408116
pgmigrate_success 79408116
pgmigrate_success 79408116
pgmigrate_success 79408116
pgmigrate_success 79408116
pgmigrate_success 79408116
pgmigrate_success 79408116
pgmigrate_success 79408116
pgmigrate_success 79408116
pgmigrate_success 79408116
pgmigrate_success 79408116
pgmigrate_success 79408116
pgmigrate_success 79408160
pgmigrate_success 79408160
pgmigrate_success 79408160
pgmigrate_success 79408160
pgmigrate_success 79408160
pgmigrate_success 79408160
pgmigrate_success 79416352
pgmigrate_success 79423521
pgmigrate_success 79437857
pgmigrate_success 79444514
pgmigrate_success 79456304
pgmigrate_success 79468086
pgmigrate_success 79478844
pgmigrate_success 79493195
pgmigrate_success 79494740
pgmigrate_success 79494740
pgmigrate_success 79494740
pgmigrate_success 79494740
pgmigrate_success 79595094
pgmigrate_success 79595094
pgmigrate_success 79595094
pgmigrate_success 79595094
pgmigrate_success 79595094
pgmigrate_success 79595094
pgmigrate_success 79595094
pgmigrate_success 79595094
pgmigrate_success 79595094
pgmigrate_success 79595094
pgmigrate_success 79595094
pgmigrate_success 79595094
pgmigrate_success 79595094
pgmigrate_success 79595094
pgmigrate_success 79628443
pgmigrate_success 79628443
pgmigrate_success 79628443
pgmigrate_success 79628443
pgmigrate_success 79628443
pgmigrate_success 79628443
pgmigrate_success 79628443
pgmigrate_success 79628443
pgmigrate_success 79628443
pgmigrate_success 79628443
pgmigrate_success 79628955
pgmigrate_success 79628955
pgmigrate_success 79628955
pgmigrate_success 79628955
pgmigrate_success 79628955
pgmigrate_success 79628955
pgmigrate_success 79628955
pgmigrate_success 79629468
pgmigrate_success 79629468
pgmigrate_success 79629468
pgmigrate_success 79629468
pgmigrate_success 79629468
pgmigrate_success 79629468
pgmigrate_success 79629468
pgmigrate_success 79629468
pgmigrate_success 79629468
pgmigrate_success 79629468
pgmigrate_success 79629525
pgmigrate_success 79629738
pgmigrate_success 79629738
pgmigrate_success 79629738
pgmigrate_success 79629738
pgmigrate_success 79629939
pgmigrate_success 79629939
pgmigrate_success 79629939
pgmigrate_success 79629939
pgmigrate_success 79629939
pgmigrate_success 79629939
pgmigrate_success 79629939
pgmigrate_success 79629939
pgmigrate_success 79629939
pgmigrate_success 79629941
pgmigrate_success 79629941
pgmigrate_success 79629941
pgmigrate_success 79629941
pgmigrate_success 79629941
pgmigrate_success 79629941
pgmigrate_success 79629941
pgmigrate_success 79645301
pgmigrate_success 79645301
pgmigrate_success 79645813
pgmigrate_success 79645813
pgmigrate_success 79645813
pgmigrate_success 79645813
pgmigrate_success 79645813
pgmigrate_success 79645813
pgmigrate_success 79649397
pgmigrate_success 79653496
pgmigrate_success 79670392
pgmigrate_success 79681656
pgmigrate_success 79690360
pgmigrate_success 79702648
pgmigrate_success 79708792
pgmigrate_success 79718008
pgmigrate_success 79727769
pgmigrate_success 79737502
pgmigrate_success 79746206
pgmigrate_success 79765664
pgmigrate_success 79776928
pgmigrate_success 79786656
pgmigrate_success 79791264
pgmigrate_success 79791264
pgmigrate_success 79791264
pgmigrate_success 79791776
pgmigrate_success 79815842
pgmigrate_success 79887024
pgmigrate_success 79887536
pgmigrate_success 79887536
pgmigrate_success 79887536
pgmigrate_success 79887536
pgmigrate_success 79887536
pgmigrate_success 79887536
pgmigrate_success 79887542
pgmigrate_success 79887542
pgmigrate_success 79887542
pgmigrate_success 79887542
pgmigrate_success 79887542
pgmigrate_success 79887542
pgmigrate_success 79887542
pgmigrate_success 79887542
pgmigrate_success 79887542
pgmigrate_success 79887542
pgmigrate_success 79907510
pgmigrate_success 79908022
pgmigrate_success 79908022
pgmigrate_success 79908064
pgmigrate_success 79908064
pgmigrate_success 79908064
pgmigrate_success 79908064
pgmigrate_success 79908064
pgmigrate_success 79908064
pgmigrate_success 79908064
pgmigrate_success 79908064
pgmigrate_success 79908064
pgmigrate_success 79908064
pgmigrate_success 79908064
pgmigrate_success 79908064
pgmigrate_success 79908064
pgmigrate_success 79908064
pgmigrate_success 79908129
pgmigrate_success 79908129
pgmigrate_success 79908224
pgmigrate_success 79908224
pgmigrate_success 79908224
pgmigrate_success 79908224
pgmigrate_success 79908224
pgmigrate_success 79908224
pgmigrate_success 79908224
pgmigrate_success 79908224
pgmigrate_success 79908224
pgmigrate_success 79908224
pgmigrate_success 79908224
pgmigrate_success 79908224
pgmigrate_success 79908224
pgmigrate_success 79908224
pgmigrate_success 79908224
pgmigrate_success 79908224
pgmigrate_success 79908365
pgmigrate_success 79908365
pgmigrate_success 79908365
pgmigrate_success 79908365
pgmigrate_success 79908365
pgmigrate_success 79909901
pgmigrate_success 79918605
pgmigrate_success 79923214
pgmigrate_success 79931918
pgmigrate_success 79943705
pgmigrate_success 79952409
pgmigrate_success 79955483
pgmigrate_success 79963681
