anon 946176
anon_thp 0
anon 203538432
anon_thp 201326592
anon 404865024
anon_thp 402653184
anon 617914368
anon_thp 614465536
anon 819236864
anon_thp 815792128
anon 1028952064
anon_thp 1025507328
anon 1223987200
anon_thp 1220542464
anon 1412734976
anon_thp 1409286144
anon 1605664768
anon_thp 1602224128
anon 1813286912
anon_thp 1809842176
anon 2023002112
anon_thp 2019557376
anon 2230620160
anon_thp 2227175424
anon 2440335360
anon_thp 2436890624
anon 2639568896
anon_thp 2636120064
anon 2851377152
anon_thp 2847932416
anon 3050610688
anon_thp 3047161856
anon 3258228736
anon_thp 3254779904
anon 3465842688
anon_thp 3462397952
anon 3669266432
anon_thp 3665821696
anon 3876884480
anon_thp 3873439744
anon 4086599680
anon_thp 4083154944
anon 4294221824
anon_thp 4290772992
anon 4501835776
anon_thp 4498391040
anon 4711555072
anon_thp 4708106240
anon 4914974720
anon_thp 4911529984
anon 5126787072
anon_thp 5123342336
anon 5309239296
anon_thp 5305794560
anon 5518954496
anon_thp 5515509760
anon 5718188032
anon_thp 5714739200
anon 5927899136
anon_thp 5924454400
anon 6133420032
anon_thp 6129975296
anon 6336839680
anon_thp 6333399040
anon 6860111872
anon_thp 6853492736
anon 6860120064
anon_thp 6853492736
anon 6920429568
anon_thp 6912212992
anon 7123849216
anon_thp 7115636736
anon 7320981504
anon_thp 7312769024
anon 7526506496
anon_thp 7518289920
anon 7732027392
anon_thp 7723810816
anon 7937544192
anon_thp 7929331712
anon 8145162240
anon_thp 8136949760
anon 8302448640
anon_thp 8294236160
anon 8512159744
anon_thp 8503951360
anon 8719781888
anon_thp 8711569408
anon 8900136960
anon_thp 8891924480
anon 9103564800
anon_thp 9095348224
anon 9304891392
anon_thp 9296674816
anon 9512505344
anon_thp 9504292864
anon 9678180352
anon_thp 9669967872
anon 9843855360
anon_thp 9835642880
anon 10049380352
anon_thp 10041163776
anon 10256994304
anon_thp 10248781824
anon 10462519296
anon_thp 10454302720
anon 10668036096
anon_thp 10659823616
anon 10875654144
anon_thp 10867441664
anon 11079077888
anon_thp 11070865408
anon 11284602880
anon_thp 11276386304
anon 11492216832
anon_thp 11484004352
anon 11697737728
anon_thp 11689525248
anon 11905351680
anon_thp 11897143296
anon 12108779520
anon_thp 12100567040
anon 12314300416
anon_thp 12306087936
anon 12524015616
anon_thp 12515803136
anon 12723240960
anon_thp 12715032576
anon 13226209280
anon_thp 13214154752
anon 13226213376
anon_thp 13214154752
anon 13226209280
anon_thp 13214154752
anon 13226213376
anon_thp 13214154752
anon 13226209280
anon_thp 13214154752
anon 13226205184
anon_thp 13214154752
anon 13226209280
anon_thp 13214154752
anon 13226209280
anon_thp 13214154752
anon 13226209280
anon_thp 13214154752
anon 13224112128
anon_thp 13212057600
anon 13226213376
anon_thp 13214154752
anon 13226205184
anon_thp 13214154752
anon 13224112128
anon_thp 13212057600
anon 13226213376
anon_thp 13214154752
anon 13226213376
anon_thp 13214154752
anon 13226209280
anon_thp 13214154752
anon 13226209280
anon_thp 13214154752
anon 13226213376
anon_thp 13214154752
anon 13226213376
anon_thp 13214154752
anon 13226209280
anon_thp 13214154752
anon 13226209280
anon_thp 13214154752
anon 13226205184
anon_thp 13214154752
anon 13226205184
anon_thp 13214154752
anon 13226205184
anon_thp 13214154752
anon 13226209280
anon_thp 13214154752
anon 13226209280
anon_thp 13214154752
anon 13226205184
anon_thp 13214154752
anon 13226213376
anon_thp 13214154752
anon 13226209280
anon_thp 13214154752
anon 13226209280
anon_thp 13214154752
anon 13226209280
anon_thp 13214154752
anon 13226209280
anon_thp 13214154752
anon 13226209280
anon_thp 13214154752
anon 13226209280
anon_thp 13214154752
anon 13226209280
anon_thp 13214154752
anon 13226209280
anon_thp 13214154752
anon 13226209280
anon_thp 13214154752
anon 13226209280
anon_thp 13214154752
anon 13226213376
anon_thp 13214154752
anon 13226205184
anon_thp 13214154752
anon 13226205184
anon_thp 13214154752
anon 13226209280
anon_thp 13214154752
anon 13226213376
anon_thp 13214154752
anon 13226209280
anon_thp 13214154752
anon 13226213376
anon_thp 13214154752
anon 13226213376
anon_thp 13214154752
anon 13226209280
anon_thp 13214154752
anon 13226209280
anon_thp 13214154752
anon 13226209280
anon_thp 13214154752
anon 13224116224
anon_thp 13212057600
anon 13226205184
anon_thp 13214154752
anon 13226209280
anon_thp 13214154752
anon 13226205184
anon_thp 13214154752
anon 13226209280
anon_thp 13214154752
anon 13226213376
anon_thp 13214154752
anon 13226213376
anon_thp 13214154752
anon 13226209280
anon_thp 13214154752
anon 13226213376
anon_thp 13214154752
anon 13226213376
anon_thp 13214154752
anon 13226213376
anon_thp 13214154752
anon 13226213376
anon_thp 13214154752
anon 13226209280
anon_thp 13214154752
anon 13226209280
anon_thp 13214154752
anon 13226205184
anon_thp 13214154752
anon 13226213376
anon_thp 13214154752
anon 13226209280
anon_thp 13214154752
anon 13226213376
anon_thp 13214154752
anon 13226205184
anon_thp 13214154752
anon 13226213376
anon_thp 13214154752
anon 13226209280
anon_thp 13214154752
anon 13226209280
anon_thp 13214154752
anon 13226209280
anon_thp 13214154752
anon 13226205184
anon_thp 13214154752
anon 13226209280
anon_thp 13214154752
anon 13226209280
anon_thp 13214154752
anon 13226213376
anon_thp 13214154752
anon 13226209280
anon_thp 13214154752
anon 13226213376
anon_thp 13214154752
anon 13226213376
anon_thp 13214154752
anon 13226209280
anon_thp 13214154752
anon 13226209280
anon_thp 13214154752
anon 13226209280
anon_thp 13214154752
anon 13226205184
anon_thp 13214154752
anon 13226213376
anon_thp 13214154752
anon 13226213376
anon_thp 13214154752
anon 13226213376
anon_thp 13214154752
anon 13226213376
anon_thp 13214154752
anon 13226209280
anon_thp 13214154752
anon 13226209280
anon_thp 13214154752
anon 13226209280
anon_thp 13214154752
anon 13226205184
anon_thp 13214154752
anon 13226209280
anon_thp 13214154752
anon 13226209280
anon_thp 13214154752
anon 13226209280
anon_thp 13214154752
anon 13226209280
anon_thp 13214154752
anon 13226209280
anon_thp 13214154752
anon 13226213376
anon_thp 13214154752
anon 13226205184
anon_thp 13214154752
anon 13226213376
anon_thp 13214154752
anon 13226205184
anon_thp 13214154752
anon 13226209280
anon_thp 13214154752
anon 13226205184
anon_thp 13214154752
anon 13226209280
anon_thp 13214154752
anon 13226213376
anon_thp 13214154752
anon 13226213376
anon_thp 13214154752
anon 13226209280
anon_thp 13214154752
anon 13226209280
anon_thp 13214154752
anon 13226213376
anon_thp 13214154752
anon 13226213376
anon_thp 13214154752
anon 13226209280
anon_thp 13214154752
anon 13226209280
anon_thp 13214154752
anon 13226209280
anon_thp 13214154752
anon 13226205184
anon_thp 13214154752
anon 13226205184
anon_thp 13214154752
anon 13226213376
anon_thp 13214154752
anon 13226209280
anon_thp 13214154752
anon 13226209280
anon_thp 13214154752
anon 13226209280
anon_thp 13214154752
anon 13226205184
anon_thp 13214154752
anon 13226209280
anon_thp 13214154752
anon 13226209280
anon_thp 13214154752
anon 13226209280
anon_thp 13214154752
anon 13226209280
anon_thp 13214154752
anon 13226209280
anon_thp 13214154752
anon 13226209280
anon_thp 13214154752
anon 13226205184
anon_thp 13214154752
anon 13226209280
anon_thp 13214154752
anon 13226209280
anon_thp 13214154752
anon 13226205184
anon_thp 13214154752
anon 13226213376
anon_thp 13214154752
anon 13226209280
anon_thp 13214154752
anon 13226209280
anon_thp 13214154752
anon 13226213376
anon_thp 13214154752
anon 13226209280
anon_thp 13214154752
anon 13226205184
anon_thp 13214154752
anon 13226209280
anon_thp 13214154752
anon 13226213376
anon_thp 13214154752
anon 13226209280
anon_thp 13214154752
anon 13226205184
anon_thp 13214154752
anon 13226213376
anon_thp 13214154752
anon 13226205184
anon_thp 13214154752
anon 13226205184
anon_thp 13214154752
anon 13226209280
anon_thp 13214154752
anon 13226213376
anon_thp 13214154752
anon 13226205184
anon_thp 13214154752
anon 13226209280
anon_thp 13214154752
anon 13226213376
anon_thp 13214154752
anon 13226209280
anon_thp 13214154752
anon 13226209280
anon_thp 13214154752
anon 13226213376
anon_thp 13214154752
anon 13226213376
anon_thp 13214154752
anon 13226209280
anon_thp 13214154752
anon 13226209280
anon_thp 13214154752
anon 13226209280
anon_thp 13214154752
anon 13226209280
anon_thp 13214154752
anon 13226209280
anon_thp 13214154752
anon 13226213376
anon_thp 13214154752
anon 13226209280
anon_thp 13214154752
anon 13226209280
anon_thp 13214154752
anon 13226205184
anon_thp 13214154752
anon 13226209280
anon_thp 13214154752
anon 13226213376
anon_thp 13214154752
anon 13226209280
anon_thp 13214154752
anon 13226213376
anon_thp 13214154752
anon 13226205184
anon_thp 13214154752
anon 13226213376
anon_thp 13214154752
anon 13226205184
anon_thp 13214154752
anon 13226213376
anon_thp 13214154752
anon 13226213376
anon_thp 13214154752
anon 13226209280
anon_thp 13214154752
anon 13226209280
anon_thp 13214154752
anon 13226209280
anon_thp 13214154752
anon 13226209280
anon_thp 13214154752
anon 13226213376
anon_thp 13214154752
anon 13226205184
anon_thp 13214154752
anon 13226209280
anon_thp 13214154752
anon 13226213376
anon_thp 13214154752
anon 13226209280
anon_thp 13214154752
anon 13226213376
anon_thp 13214154752
anon 13226209280
anon_thp 13214154752
anon 13226213376
anon_thp 13214154752
anon 13226209280
anon_thp 13214154752
anon 13226209280
anon_thp 13214154752
anon 13226209280
anon_thp 13214154752
anon 13226209280
anon_thp 13214154752
anon 13226209280
anon_thp 13214154752
anon 13226213376
anon_thp 13214154752
anon 13226209280
anon_thp 13214154752
anon 13226209280
anon_thp 13214154752
anon 13226205184
anon_thp 13214154752
anon 13226205184
anon_thp 13214154752
anon 13226209280
anon_thp 13214154752
anon 13226205184
anon_thp 13214154752
anon 13226213376
anon_thp 13214154752
anon 13226209280
anon_thp 13214154752
anon 13226213376
anon_thp 13214154752
anon 13226213376
anon_thp 13214154752
anon 13226209280
anon_thp 13214154752
anon 13226213376
anon_thp 13214154752
anon 13226213376
anon_thp 13214154752
anon 13226213376
anon_thp 13214154752
anon 13226209280
anon_thp 13214154752
anon 13226209280
anon_thp 13214154752
anon 13226209280
anon_thp 13214154752
anon 13226213376
anon_thp 13214154752
anon 13226213376
anon_thp 13214154752
anon 13226209280
anon_thp 13214154752
anon 13226209280
anon_thp 13214154752
anon 13226209280
anon_thp 13214154752
anon 13226209280
anon_thp 13214154752
anon 13226209280
anon_thp 13214154752
anon 13226209280
anon_thp 13214154752
anon 13226205184
anon_thp 13214154752
anon 13226209280
anon_thp 13214154752
anon 13226209280
anon_thp 13214154752
anon 13226213376
anon_thp 13214154752
anon 13226209280
anon_thp 13214154752
anon 13226209280
anon_thp 13214154752
anon 13226209280
anon_thp 13214154752
anon 13226209280
anon_thp 13214154752
anon 13226209280
anon_thp 13214154752
anon 13226209280
anon_thp 13214154752
anon 13226209280
anon_thp 13214154752
anon 13226213376
anon_thp 13214154752
anon 13226205184
anon_thp 13214154752
anon 13226209280
anon_thp 13214154752
anon 13226213376
anon_thp 13214154752
anon 13226209280
anon_thp 13214154752
anon 13226213376
anon_thp 13214154752
anon 13226209280
anon_thp 13214154752
anon 1392640
anon_thp 0
