pgmigrate_success 195362883
pgmigrate_success 195362891
pgmigrate_success 195362893
pgmigrate_success 195362894
pgmigrate_success 195362895
pgmigrate_success 195362896
pgmigrate_success 195362897
pgmigrate_success 195362898
pgmigrate_success 195362899
pgmigrate_success 195362900
pgmigrate_success 195362901
pgmigrate_success 195362902
pgmigrate_success 195362903
pgmigrate_success 195362904
pgmigrate_success 195362905
pgmigrate_success 195362906
pgmigrate_success 195362907
pgmigrate_success 195362908
pgmigrate_success 195362909
pgmigrate_success 195362910
pgmigrate_success 195362911
pgmigrate_success 195362912
pgmigrate_success 195362913
pgmigrate_success 195362914
pgmigrate_success 195362915
pgmigrate_success 195362916
pgmigrate_success 195362917
pgmigrate_success 195362918
pgmigrate_success 195362919
pgmigrate_success 195362920
pgmigrate_success 195362921
pgmigrate_success 195362922
pgmigrate_success 195377267
pgmigrate_success 195377268
pgmigrate_success 195377269
pgmigrate_success 195377270
pgmigrate_success 195377271
pgmigrate_success 195377272
pgmigrate_success 195377273
pgmigrate_success 195377274
pgmigrate_success 195377275
pgmigrate_success 195377276
pgmigrate_success 195377277
pgmigrate_success 195377278
pgmigrate_success 195377279
pgmigrate_success 195377280
pgmigrate_success 195377281
pgmigrate_success 195377282
pgmigrate_success 195377283
pgmigrate_success 195377284
pgmigrate_success 195377285
pgmigrate_success 195377286
pgmigrate_success 195377287
pgmigrate_success 195377288
pgmigrate_success 195377289
pgmigrate_success 195377290
pgmigrate_success 195377291
pgmigrate_success 195377292
pgmigrate_success 195377293
pgmigrate_success 195377295
pgmigrate_success 195377296
pgmigrate_success 195377297
pgmigrate_success 195377298
pgmigrate_success 195382932
pgmigrate_success 195497133
pgmigrate_success 195497133
pgmigrate_success 195497133
pgmigrate_success 195497133
pgmigrate_success 195497133
pgmigrate_success 195497133
pgmigrate_success 195497133
pgmigrate_success 195497133
pgmigrate_success 195497133
pgmigrate_success 195497133
pgmigrate_success 195497133
pgmigrate_success 195497133
pgmigrate_success 195497133
pgmigrate_success 195497133
pgmigrate_success 195497133
pgmigrate_success 195497133
pgmigrate_success 195497133
pgmigrate_success 195497133
pgmigrate_success 195497133
pgmigrate_success 195497133
pgmigrate_success 195497133
pgmigrate_success 195497133
pgmigrate_success 195497133
pgmigrate_success 195497133
pgmigrate_success 195515566
pgmigrate_success 195564206
pgmigrate_success 195564206
pgmigrate_success 195564206
pgmigrate_success 195564206
pgmigrate_success 195564206
pgmigrate_success 195564206
pgmigrate_success 195564206
pgmigrate_success 195564206
pgmigrate_success 195564206
pgmigrate_success 195564206
pgmigrate_success 195564206
pgmigrate_success 195564206
pgmigrate_success 195564206
pgmigrate_success 195564206
pgmigrate_success 195564206
pgmigrate_success 195564206
pgmigrate_success 195564206
pgmigrate_success 195564206
pgmigrate_success 195564206
pgmigrate_success 195564206
pgmigrate_success 195564206
pgmigrate_success 195564206
pgmigrate_success 195564206
pgmigrate_success 195564206
pgmigrate_success 195564206
pgmigrate_success 195564206
pgmigrate_success 195564206
pgmigrate_success 195564206
pgmigrate_success 195564206
pgmigrate_success 195564206
pgmigrate_success 195564206
pgmigrate_success 195564206
pgmigrate_success 195564206
pgmigrate_success 195564206
pgmigrate_success 195564206
pgmigrate_success 195564206
pgmigrate_success 195564206
pgmigrate_success 195564206
pgmigrate_success 195564206
pgmigrate_success 195564206
pgmigrate_success 195564206
pgmigrate_success 195564206
pgmigrate_success 195564206
pgmigrate_success 195564206
pgmigrate_success 195564206
pgmigrate_success 195564206
pgmigrate_success 195564206
pgmigrate_success 195564206
pgmigrate_success 195564206
pgmigrate_success 195564206
pgmigrate_success 195564206
pgmigrate_success 195564206
pgmigrate_success 195564206
pgmigrate_success 195564206
pgmigrate_success 195564206
pgmigrate_success 195564206
pgmigrate_success 195564206
pgmigrate_success 195564206
pgmigrate_success 195564206
pgmigrate_success 195564206
pgmigrate_success 195564206
pgmigrate_success 195564206
pgmigrate_success 195564206
pgmigrate_success 195564206
pgmigrate_success 195564206
pgmigrate_success 195564206
pgmigrate_success 195564206
pgmigrate_success 195564206
pgmigrate_success 195564206
pgmigrate_success 195564206
pgmigrate_success 195564206
pgmigrate_success 195564206
pgmigrate_success 195564206
pgmigrate_success 195564206
pgmigrate_success 195564206
pgmigrate_success 195564206
pgmigrate_success 195564206
pgmigrate_success 195564206
pgmigrate_success 195564206
pgmigrate_success 195564206
pgmigrate_success 195564206
pgmigrate_success 195564206
pgmigrate_success 195564206
pgmigrate_success 195564206
pgmigrate_success 195564206
pgmigrate_success 195564206
pgmigrate_success 195564206
pgmigrate_success 195564206
pgmigrate_success 195564206
pgmigrate_success 195564206
pgmigrate_success 195564206
pgmigrate_success 195564206
pgmigrate_success 195564206
pgmigrate_success 195564206
pgmigrate_success 195564206
pgmigrate_success 195564206
pgmigrate_success 195564206
pgmigrate_success 195564206
pgmigrate_success 195564206
pgmigrate_success 195564206
pgmigrate_success 195564206
pgmigrate_success 195564206
pgmigrate_success 195564206
pgmigrate_success 195564206
pgmigrate_success 195564206
pgmigrate_success 195564206
pgmigrate_success 195564206
pgmigrate_success 195564206
pgmigrate_success 195564206
pgmigrate_success 195564206
pgmigrate_success 195564206
pgmigrate_success 195564206
pgmigrate_success 195564206
pgmigrate_success 195564206
pgmigrate_success 195564206
pgmigrate_success 195564206
pgmigrate_success 195564206
pgmigrate_success 195564206
pgmigrate_success 195564206
pgmigrate_success 195564206
pgmigrate_success 195564206
pgmigrate_success 195564206
pgmigrate_success 195564206
pgmigrate_success 195564206
pgmigrate_success 195564206
pgmigrate_success 195564206
pgmigrate_success 195564206
pgmigrate_success 195564206
pgmigrate_success 195564206
pgmigrate_success 195564206
pgmigrate_success 195564206
pgmigrate_success 195564206
pgmigrate_success 195564206
pgmigrate_success 195564206
pgmigrate_success 195564206
pgmigrate_success 195564206
pgmigrate_success 195564206
pgmigrate_success 195564206
pgmigrate_success 195564206
pgmigrate_success 195564206
pgmigrate_success 195564206
pgmigrate_success 195564206
pgmigrate_success 195564206
pgmigrate_success 195564206
pgmigrate_success 195564206
pgmigrate_success 195564206
pgmigrate_success 195564206
pgmigrate_success 195564206
pgmigrate_success 195564206
pgmigrate_success 195564206
pgmigrate_success 195564206
pgmigrate_success 195564206
pgmigrate_success 195564206
pgmigrate_success 195564206
pgmigrate_success 195564206
pgmigrate_success 195564206
pgmigrate_success 195564206
pgmigrate_success 195564206
pgmigrate_success 195564206
pgmigrate_success 195564206
pgmigrate_success 195564206
pgmigrate_success 195564206
pgmigrate_success 195564206
pgmigrate_success 195564206
pgmigrate_success 195564206
pgmigrate_success 195564206
pgmigrate_success 195564206
pgmigrate_success 195564206
pgmigrate_success 195564206
pgmigrate_success 195564206
pgmigrate_success 195564206
pgmigrate_success 195564206
pgmigrate_success 195564206
pgmigrate_success 195564206
pgmigrate_success 195564206
pgmigrate_success 195564206
pgmigrate_success 195564206
pgmigrate_success 195564206
pgmigrate_success 195564206
pgmigrate_success 195564206
pgmigrate_success 195564206
pgmigrate_success 195564206
pgmigrate_success 195564206
pgmigrate_success 195564206
pgmigrate_success 195564206
pgmigrate_success 195564206
pgmigrate_success 195564206
pgmigrate_success 195564206
pgmigrate_success 195564206
pgmigrate_success 195564206
pgmigrate_success 195564206
pgmigrate_success 195564206
pgmigrate_success 195564206
pgmigrate_success 195564206
pgmigrate_success 195564206
pgmigrate_success 195564206
pgmigrate_success 195564206
pgmigrate_success 195564206
pgmigrate_success 195564206
pgmigrate_success 195564206
pgmigrate_success 195564206
pgmigrate_success 195564206
pgmigrate_success 195564206
pgmigrate_success 195564206
pgmigrate_success 195564206
pgmigrate_success 195564206
pgmigrate_success 195564206
pgmigrate_success 195564206
pgmigrate_success 195564206
pgmigrate_success 195564206
pgmigrate_success 195564206
pgmigrate_success 195564206
pgmigrate_success 195564206
pgmigrate_success 195564206
pgmigrate_success 195564206
pgmigrate_success 195564206
pgmigrate_success 195564206
pgmigrate_success 195564206
pgmigrate_success 195564206
pgmigrate_success 195564206
pgmigrate_success 195564206
pgmigrate_success 195564206
pgmigrate_success 195564206
pgmigrate_success 195564206
pgmigrate_success 195564206
pgmigrate_success 195564206
pgmigrate_success 195564206
pgmigrate_success 195564206
pgmigrate_success 195564206
pgmigrate_success 195564206
pgmigrate_success 195564206
pgmigrate_success 195564206
pgmigrate_success 195564206
pgmigrate_success 195564206
pgmigrate_success 195564206
pgmigrate_success 195564206
pgmigrate_success 195564206
pgmigrate_success 195564206
pgmigrate_success 195564206
pgmigrate_success 195564206
pgmigrate_success 195564206
pgmigrate_success 195564206
pgmigrate_success 195564206
pgmigrate_success 195564206
pgmigrate_success 195564206
pgmigrate_success 195564206
pgmigrate_success 195564206
pgmigrate_success 195564206
pgmigrate_success 195564206
pgmigrate_success 195564206
pgmigrate_success 195564206
pgmigrate_success 195564206
pgmigrate_success 195564206
pgmigrate_success 195564206
pgmigrate_success 195564206
pgmigrate_success 195564206
pgmigrate_success 195564206
pgmigrate_success 195564206
pgmigrate_success 195564206
pgmigrate_success 195564206
pgmigrate_success 195564206
pgmigrate_success 195564206
pgmigrate_success 195564206
pgmigrate_success 195564206
pgmigrate_success 195564206
pgmigrate_success 195564206
pgmigrate_success 195564206
pgmigrate_success 195564206
pgmigrate_success 195564206
pgmigrate_success 195564206
pgmigrate_success 195564206
pgmigrate_success 195564206
pgmigrate_success 195564206
pgmigrate_success 195564206
pgmigrate_success 195564206
pgmigrate_success 195564206
pgmigrate_success 195564206
pgmigrate_success 195564206
pgmigrate_success 195564206
pgmigrate_success 195564206
pgmigrate_success 195564206
pgmigrate_success 195564206
pgmigrate_success 195564206
pgmigrate_success 195564206
pgmigrate_success 195564206
pgmigrate_success 195564206
pgmigrate_success 195564206
pgmigrate_success 195564206
pgmigrate_success 195564206
pgmigrate_success 195564206
pgmigrate_success 195564206
pgmigrate_success 195564206
pgmigrate_success 195564206
pgmigrate_success 195564206
pgmigrate_success 195564206
pgmigrate_success 195564206
pgmigrate_success 195564206
pgmigrate_success 195564206
pgmigrate_success 195564206
pgmigrate_success 195564206
pgmigrate_success 195564206
pgmigrate_success 195564206
pgmigrate_success 195564206
pgmigrate_success 195564206
pgmigrate_success 195564206
pgmigrate_success 195564206
pgmigrate_success 195564206
pgmigrate_success 195564206
pgmigrate_success 195564206
pgmigrate_success 195564206
pgmigrate_success 195564206
pgmigrate_success 195564206
pgmigrate_success 195564206
pgmigrate_success 195564206
pgmigrate_success 195564206
pgmigrate_success 195564206
pgmigrate_success 195564206
pgmigrate_success 195564206
pgmigrate_success 195564206
pgmigrate_success 195564206
pgmigrate_success 195564206
pgmigrate_success 195564206
pgmigrate_success 195564206
pgmigrate_success 195564206
pgmigrate_success 195564206
pgmigrate_success 195564206
pgmigrate_success 195564206
pgmigrate_success 195564206
pgmigrate_success 195564206
pgmigrate_success 195564206
pgmigrate_success 195564206
pgmigrate_success 195564206
pgmigrate_success 195564206
pgmigrate_success 195564206
pgmigrate_success 195564206
pgmigrate_success 195564206
pgmigrate_success 195564206
pgmigrate_success 195564206
pgmigrate_success 195564206
pgmigrate_success 195564206
pgmigrate_success 195564206
pgmigrate_success 195564206
pgmigrate_success 195564206
pgmigrate_success 195564206
pgmigrate_success 195564206
pgmigrate_success 195564206
pgmigrate_success 195564206
pgmigrate_success 195564206
pgmigrate_success 195564206
pgmigrate_success 195564206
pgmigrate_success 195564206
pgmigrate_success 195564206
pgmigrate_success 195564206
pgmigrate_success 195564206
pgmigrate_success 195564206
pgmigrate_success 195564206
pgmigrate_success 195564206
pgmigrate_success 195564206
pgmigrate_success 195564206
pgmigrate_success 195564206
pgmigrate_success 195564206
pgmigrate_success 195564206
pgmigrate_success 195564206
pgmigrate_success 195564206
pgmigrate_success 195564206
pgmigrate_success 195564206
pgmigrate_success 195564206
pgmigrate_success 195564206
pgmigrate_success 195564206
pgmigrate_success 195564206
pgmigrate_success 195564206
pgmigrate_success 195564206
pgmigrate_success 195564206
pgmigrate_success 195564206
pgmigrate_success 195564206
pgmigrate_success 195564206
pgmigrate_success 195564206
pgmigrate_success 195564206
pgmigrate_success 195564206
pgmigrate_success 195564206
pgmigrate_success 195564206
pgmigrate_success 195564206
pgmigrate_success 195564206
pgmigrate_success 195564206
pgmigrate_success 195564206
pgmigrate_success 195564206
pgmigrate_success 195564206
pgmigrate_success 195564206
pgmigrate_success 195564206
pgmigrate_success 195564206
pgmigrate_success 195564206
pgmigrate_success 195564206
pgmigrate_success 195564206
pgmigrate_success 195564206
pgmigrate_success 195564206
pgmigrate_success 195564206
pgmigrate_success 195564206
pgmigrate_success 195564206
pgmigrate_success 195564206
pgmigrate_success 195564206
pgmigrate_success 195564206
pgmigrate_success 195564206
pgmigrate_success 195564206
pgmigrate_success 195564206
pgmigrate_success 195564206
pgmigrate_success 195564206
pgmigrate_success 195564206
pgmigrate_success 195564206
pgmigrate_success 195564206
pgmigrate_success 195564206
pgmigrate_success 195564206
pgmigrate_success 195564206
pgmigrate_success 195564206
pgmigrate_success 195564206
pgmigrate_success 195564206
pgmigrate_success 195564206
pgmigrate_success 195564206
pgmigrate_success 195564206
pgmigrate_success 195564206
pgmigrate_success 195564206
pgmigrate_success 195564206
pgmigrate_success 195564206
pgmigrate_success 195564206
pgmigrate_success 195564206
pgmigrate_success 195564206
pgmigrate_success 195564206
pgmigrate_success 195564206
pgmigrate_success 195564206
pgmigrate_success 195564206
pgmigrate_success 195564206
pgmigrate_success 195564206
pgmigrate_success 195564206
pgmigrate_success 195564206
pgmigrate_success 195564206
pgmigrate_success 195564206
pgmigrate_success 195564206
pgmigrate_success 195564206
pgmigrate_success 195564206
pgmigrate_success 195564206
pgmigrate_success 195564206
pgmigrate_success 195564206
pgmigrate_success 195564206
pgmigrate_success 195564206
pgmigrate_success 195564206
pgmigrate_success 195564206
pgmigrate_success 195564206
pgmigrate_success 195564206
pgmigrate_success 195564206
pgmigrate_success 195564206
pgmigrate_success 195564206
pgmigrate_success 195564206
pgmigrate_success 195564206
pgmigrate_success 195564206
pgmigrate_success 195564206
pgmigrate_success 195564206
pgmigrate_success 195564206
pgmigrate_success 195564206
pgmigrate_success 195564206
pgmigrate_success 195564206
pgmigrate_success 195564206
