pgmigrate_success 70092268
pgmigrate_success 70092272
pgmigrate_success 70092272
pgmigrate_success 70092272
pgmigrate_success 70092272
pgmigrate_success 70092272
pgmigrate_success 70092272
pgmigrate_success 70092272
pgmigrate_success 70092272
pgmigrate_success 70092272
pgmigrate_success 70092272
pgmigrate_success 70092272
pgmigrate_success 70092272
pgmigrate_success 70092272
pgmigrate_success 70092272
pgmigrate_success 70092272
pgmigrate_success 70092272
pgmigrate_success 70092272
pgmigrate_success 70092272
pgmigrate_success 70092272
pgmigrate_success 70092272
pgmigrate_success 70092272
pgmigrate_success 70092272
pgmigrate_success 70107685
pgmigrate_success 70107685
pgmigrate_success 70107685
pgmigrate_success 70107685
pgmigrate_success 70107685
pgmigrate_success 70107685
pgmigrate_success 70107685
pgmigrate_success 70107685
pgmigrate_success 70107685
pgmigrate_success 70107685
pgmigrate_success 70107685
pgmigrate_success 70107685
pgmigrate_success 70107685
pgmigrate_success 70107685
pgmigrate_success 70107685
pgmigrate_success 70107685
pgmigrate_success 70107685
pgmigrate_success 70107685
pgmigrate_success 70107685
pgmigrate_success 70107685
pgmigrate_success 70107685
pgmigrate_success 70107685
pgmigrate_success 70107685
pgmigrate_success 70217591
pgmigrate_success 70537082
pgmigrate_success 70537082
pgmigrate_success 70537082
pgmigrate_success 70537082
pgmigrate_success 70664647
pgmigrate_success 70971965
pgmigrate_success 71250055
pgmigrate_success 71312042
pgmigrate_success 71389359
pgmigrate_success 71389359
pgmigrate_success 71401135
pgmigrate_success 71413434
pgmigrate_success 71413434
pgmigrate_success 71421626
pgmigrate_success 71444667
pgmigrate_success 71449275
pgmigrate_success 71449787
pgmigrate_success 71449787
pgmigrate_success 71495358
pgmigrate_success 71536333
pgmigrate_success 71536855
pgmigrate_success 71536859
pgmigrate_success 71536859
pgmigrate_success 71536859
pgmigrate_success 71536859
pgmigrate_success 71536859
pgmigrate_success 71536862
pgmigrate_success 71570152
pgmigrate_success 71597290
pgmigrate_success 71728363
pgmigrate_success 71785707
pgmigrate_success 71864218
pgmigrate_success 71864223
pgmigrate_success 71864735
pgmigrate_success 71865006
pgmigrate_success 71865006
pgmigrate_success 71865006
pgmigrate_success 71865006
pgmigrate_success 71865006
pgmigrate_success 71865006
pgmigrate_success 71865006
pgmigrate_success 71865006
pgmigrate_success 71867054
pgmigrate_success 71878318
pgmigrate_success 71878318
pgmigrate_success 71878371
pgmigrate_success 71884617
pgmigrate_success 71899986
pgmigrate_success 71910741
pgmigrate_success 71917397
pgmigrate_success 71917397
pgmigrate_success 71917909
pgmigrate_success 71917909
pgmigrate_success 72011114
pgmigrate_success 72011121
pgmigrate_success 72011121
pgmigrate_success 72011121
pgmigrate_success 72011121
pgmigrate_success 72023409
pgmigrate_success 72046975
pgmigrate_success 72085917
pgmigrate_success 72111534
pgmigrate_success 72139704
pgmigrate_success 72142850
pgmigrate_success 72142850
pgmigrate_success 72146436
pgmigrate_success 72173574
pgmigrate_success 72201230
pgmigrate_success 72228378
pgmigrate_success 72232475
pgmigrate_success 72261684
pgmigrate_success 72266812
pgmigrate_success 72268351
pgmigrate_success 72269890
pgmigrate_success 72270916
pgmigrate_success 72273783
pgmigrate_success 72274297
pgmigrate_success 72276857
pgmigrate_success 72342924
pgmigrate_success 72355746
pgmigrate_success 72366006
pgmigrate_success 72373181
pgmigrate_success 72381376
pgmigrate_success 72390084
pgmigrate_success 72393669
pgmigrate_success 72393669
pgmigrate_success 72393669
pgmigrate_success 72393669
pgmigrate_success 72393669
pgmigrate_success 72393669
pgmigrate_success 72393669
pgmigrate_success 72393669
pgmigrate_success 72394181
pgmigrate_success 72425414
pgmigrate_success 72448454
pgmigrate_success 72473182
pgmigrate_success 72494174
pgmigrate_success 72521823
pgmigrate_success 72539744
pgmigrate_success 72554592
pgmigrate_success 72566368
pgmigrate_success 72572232
pgmigrate_success 72572232
pgmigrate_success 72638822
pgmigrate_success 72643965
pgmigrate_success 72649101
pgmigrate_success 72656796
pgmigrate_success 72662437
pgmigrate_success 72666543
pgmigrate_success 72669115
pgmigrate_success 72672704
pgmigrate_success 72676804
pgmigrate_success 72677321
pgmigrate_success 72680399
pgmigrate_success 72680919
pgmigrate_success 72680922
pgmigrate_success 72681951
pgmigrate_success 72681951
pgmigrate_success 72682463
pgmigrate_success 72682975
pgmigrate_success 72683999
pgmigrate_success 72686049
pgmigrate_success 72686053
pgmigrate_success 72686055
pgmigrate_success 72686055
pgmigrate_success 72686058
pgmigrate_success 72686058
pgmigrate_success 72721392
pgmigrate_success 72759540
pgmigrate_success 72764172
pgmigrate_success 72771360
pgmigrate_success 72789657
pgmigrate_success 72794267
pgmigrate_success 72798363
pgmigrate_success 72798877
pgmigrate_success 72798877
pgmigrate_success 72798877
pgmigrate_success 72798877
pgmigrate_success 72798877
pgmigrate_success 72798877
pgmigrate_success 72798877
pgmigrate_success 72798877
pgmigrate_success 72798877
pgmigrate_success 72798877
pgmigrate_success 72798877
pgmigrate_success 72800413
pgmigrate_success 72818333
pgmigrate_success 72841885
pgmigrate_success 72860317
pgmigrate_success 72860317
pgmigrate_success 72861341
pgmigrate_success 72861341
pgmigrate_success 72964768
pgmigrate_success 72964768
pgmigrate_success 72964768
pgmigrate_success 72974496
pgmigrate_success 73009327
pgmigrate_success 73042117
pgmigrate_success 73077468
pgmigrate_success 73105647
pgmigrate_success 73135931
pgmigrate_success 73165132
pgmigrate_success 73169228
pgmigrate_success 73169740
pgmigrate_success 73170005
pgmigrate_success 73170065
pgmigrate_success 73170074
pgmigrate_success 73170074
pgmigrate_success 73170076
pgmigrate_success 73170076
pgmigrate_success 73170076
pgmigrate_success 73170076
pgmigrate_success 73170076
pgmigrate_success 73170082
pgmigrate_success 73170082
pgmigrate_success 73170082
pgmigrate_success 73170084
pgmigrate_success 73235642
pgmigrate_success 73242838
pgmigrate_success 73249513
pgmigrate_success 73255670
pgmigrate_success 73259262
pgmigrate_success 73259264
pgmigrate_success 73259266
pgmigrate_success 73259270
pgmigrate_success 73259273
pgmigrate_success 73259273
pgmigrate_success 73259273
pgmigrate_success 73259278
pgmigrate_success 73259278
pgmigrate_success 73259278
pgmigrate_success 73259278
pgmigrate_success 73259389
pgmigrate_success 73277634
pgmigrate_success 73298118
pgmigrate_success 73314506
pgmigrate_success 73337546
pgmigrate_success 73365201
pgmigrate_success 73381075
pgmigrate_success 73406177
pgmigrate_success 73420004
pgmigrate_success 73464036
pgmigrate_success 73551592
pgmigrate_success 73551592
pgmigrate_success 73557736
pgmigrate_success 73581303
pgmigrate_success 73632529
pgmigrate_success 73679655
pgmigrate_success 73718570
pgmigrate_success 73718570
pgmigrate_success 73719315
pgmigrate_success 73719315
pgmigrate_success 73719315
pgmigrate_success 73719315
pgmigrate_success 73719315
pgmigrate_success 73719315
pgmigrate_success 73719315
pgmigrate_success 73719317
pgmigrate_success 73719317
pgmigrate_success 73719317
pgmigrate_success 73719317
pgmigrate_success 73719317
pgmigrate_success 73719317
pgmigrate_success 73719317
pgmigrate_success 73719476
pgmigrate_success 73719476
pgmigrate_success 73757881
pgmigrate_success 73791186
pgmigrate_success 73795312
pgmigrate_success 73802494
pgmigrate_success 73803520
pgmigrate_success 73803528
pgmigrate_success 73803528
pgmigrate_success 73803528
pgmigrate_success 73803528
pgmigrate_success 73803528
pgmigrate_success 73803528
pgmigrate_success 73803528
pgmigrate_success 73803528
pgmigrate_success 73803528
pgmigrate_success 73803528
pgmigrate_success 73803528
pgmigrate_success 73803528
pgmigrate_success 73803528
pgmigrate_success 73821960
pgmigrate_success 73856783
pgmigrate_success 73864996
pgmigrate_success 73890091
pgmigrate_success 73918043
pgmigrate_success 73926754
pgmigrate_success 73983083
