pgmigrate_success 10013664
pgmigrate_success 10013664
pgmigrate_success 10013664
pgmigrate_success 10013664
pgmigrate_success 10013664
pgmigrate_success 10013664
pgmigrate_success 10013664
pgmigrate_success 10013664
pgmigrate_success 10013664
pgmigrate_success 10013664
pgmigrate_success 10013664
pgmigrate_success 10019168
pgmigrate_success 10130432
pgmigrate_success 10223904
pgmigrate_success 10332608
pgmigrate_success 10431040
pgmigrate_success 10529152
pgmigrate_success 10627584
pgmigrate_success 10725696
pgmigrate_success 10822432
pgmigrate_success 10924128
pgmigrate_success 11033088
pgmigrate_success 11137629
pgmigrate_success 11236061
pgmigrate_success 11334234
pgmigrate_success 11432666
pgmigrate_success 11530783
pgmigrate_success 11629210
pgmigrate_success 11727327
pgmigrate_success 11825754
pgmigrate_success 11924186
pgmigrate_success 12025279
pgmigrate_success 12125913
pgmigrate_success 12619517
pgmigrate_success 13015898
pgmigrate_success 13117682
pgmigrate_success 13219529
pgmigrate_success 13327177
pgmigrate_success 13426830
pgmigrate_success 13525257
pgmigrate_success 13623374
pgmigrate_success 13718090
pgmigrate_success 13823817
pgmigrate_success 13930638
pgmigrate_success 14024521
pgmigrate_success 14132422
pgmigrate_success 14232902
pgmigrate_success 14331019
pgmigrate_success 14411915
pgmigrate_success 14510342
pgmigrate_success 14608459
pgmigrate_success 14706886
pgmigrate_success 14805410
pgmigrate_success 14907143
pgmigrate_success 15018182
pgmigrate_success 15124166
pgmigrate_success 15224007
pgmigrate_success 15322439
pgmigrate_success 15420556
pgmigrate_success 15518983
pgmigrate_success 15617100
pgmigrate_success 15716675
pgmigrate_success 15821475
pgmigrate_success 15912075
pgmigrate_success 15966065
pgmigrate_success 16184693
pgmigrate_success 16519720
pgmigrate_success 16523358
pgmigrate_success 16523412
pgmigrate_success 16549067
pgmigrate_success 16672001
pgmigrate_success 16672525
pgmigrate_success 16672525
pgmigrate_success 16680717
pgmigrate_success 16703247
pgmigrate_success 16708891
pgmigrate_success 16708903
pgmigrate_success 16824103
pgmigrate_success 17157927
pgmigrate_success 17359155
pgmigrate_success 17492115
pgmigrate_success 17573720
pgmigrate_success 17647137
pgmigrate_success 17749675
pgmigrate_success 17799858
pgmigrate_success 17871032
pgmigrate_success 17871544
pgmigrate_success 17882298
pgmigrate_success 17884858
pgmigrate_success 17962979
pgmigrate_success 18003474
pgmigrate_success 18003998
pgmigrate_success 18005022
pgmigrate_success 18042421
pgmigrate_success 18073241
pgmigrate_success 18073245
pgmigrate_success 18235560
pgmigrate_success 18277063
pgmigrate_success 18277075
pgmigrate_success 18277075
pgmigrate_success 18277075
pgmigrate_success 18277075
pgmigrate_success 18277075
pgmigrate_success 18277075
pgmigrate_success 18277075
pgmigrate_success 18289369
pgmigrate_success 18307299
pgmigrate_success 18322677
pgmigrate_success 18331895
pgmigrate_success 18355981
pgmigrate_success 18398506
pgmigrate_success 18408752
pgmigrate_success 18442063
pgmigrate_success 18531700
pgmigrate_success 18581412
pgmigrate_success 18630595
pgmigrate_success 18630607
pgmigrate_success 18630619
pgmigrate_success 18630619
pgmigrate_success 18630631
pgmigrate_success 18651643
pgmigrate_success 18671648
pgmigrate_success 18684981
pgmigrate_success 18705501
pgmigrate_success 18713820
pgmigrate_success 18714357
pgmigrate_success 18717955
pgmigrate_success 18727173
pgmigrate_success 18914057
pgmigrate_success 18966814
pgmigrate_success 19007267
pgmigrate_success 19062067
pgmigrate_success 19117898
pgmigrate_success 19128154
pgmigrate_success 19128208
pgmigrate_success 19128233
pgmigrate_success 19128233
pgmigrate_success 19128238
pgmigrate_success 19128238
pgmigrate_success 19128245
pgmigrate_success 19128248
pgmigrate_success 19128251
pgmigrate_success 19135430
pgmigrate_success 19151839
pgmigrate_success 19169283
pgmigrate_success 19187252
pgmigrate_success 19216999
pgmigrate_success 19228782
pgmigrate_success 19238013
pgmigrate_success 19253387
pgmigrate_success 19287725
pgmigrate_success 19315898
pgmigrate_success 19337947
pgmigrate_success 19374833
pgmigrate_success 19398950
pgmigrate_success 19429695
pgmigrate_success 19464526
pgmigrate_success 19501924
pgmigrate_success 19533177
pgmigrate_success 19566473
pgmigrate_success 19593104
pgmigrate_success 19613595
pgmigrate_success 19662269
pgmigrate_success 19688409
pgmigrate_success 19713503
pgmigrate_success 19756019
pgmigrate_success 19796996
pgmigrate_success 19822092
pgmigrate_success 19850271
pgmigrate_success 19879468
pgmigrate_success 19902012
pgmigrate_success 19904072
pgmigrate_success 19905108
pgmigrate_success 19905120
pgmigrate_success 19905132
pgmigrate_success 19905144
pgmigrate_success 19905156
pgmigrate_success 19905168
pgmigrate_success 19905180
pgmigrate_success 19905197
pgmigrate_success 19905210
pgmigrate_success 19905223
pgmigrate_success 19905232
pgmigrate_success 19905256
pgmigrate_success 19905272
pgmigrate_success 19905272
pgmigrate_success 19905272
pgmigrate_success 19905295
pgmigrate_success 19905464
pgmigrate_success 19905475
pgmigrate_success 19905483
pgmigrate_success 19905497
pgmigrate_success 19922403
pgmigrate_success 19928047
pgmigrate_success 19932151
pgmigrate_success 19938311
pgmigrate_success 19941898
pgmigrate_success 19951633
pgmigrate_success 19953701
pgmigrate_success 19960387
pgmigrate_success 19972687
pgmigrate_success 19978320
pgmigrate_success 19983447
pgmigrate_success 19992161
pgmigrate_success 19995758
pgmigrate_success 20007035
pgmigrate_success 20020872
pgmigrate_success 20029071
pgmigrate_success 20036260
pgmigrate_success 20055726
pgmigrate_success 20064440
pgmigrate_success 20073146
pgmigrate_success 20079329
pgmigrate_success 20090599
pgmigrate_success 20097263
pgmigrate_success 20115194
pgmigrate_success 20125958
pgmigrate_success 20141831
pgmigrate_success 20157203
pgmigrate_success 20168477
pgmigrate_success 20172589
pgmigrate_success 20185913
pgmigrate_success 20213063
pgmigrate_success 20229456
pgmigrate_success 20242773
pgmigrate_success 20245861
pgmigrate_success 20272495
pgmigrate_success 20285814
pgmigrate_success 20299142
pgmigrate_success 20307350
pgmigrate_success 20344746
pgmigrate_success 20356014
pgmigrate_success 20369337
pgmigrate_success 20382676
pgmigrate_success 20394464
pgmigrate_success 20419054
pgmigrate_success 20432382
pgmigrate_success 20452360
pgmigrate_success 20463640
pgmigrate_success 20489252
pgmigrate_success 20517423
pgmigrate_success 20533811
pgmigrate_success 20563512
pgmigrate_success 20586561
pgmigrate_success 20605000
pgmigrate_success 20628044
pgmigrate_success 20656721
pgmigrate_success 20690007
pgmigrate_success 20719707
pgmigrate_success 20747874
pgmigrate_success 20767342
pgmigrate_success 20793460
pgmigrate_success 20830332
pgmigrate_success 20847229
pgmigrate_success 20876434
pgmigrate_success 20907674
pgmigrate_success 20915372
pgmigrate_success 20915384
pgmigrate_success 20915399
pgmigrate_success 20915411
pgmigrate_success 20991746
pgmigrate_success 20992774
pgmigrate_success 20993294
pgmigrate_success 20993809
pgmigrate_success 20994836
pgmigrate_success 20995354
pgmigrate_success 20996387
pgmigrate_success 20998950
pgmigrate_success 20998961
pgmigrate_success 20998962
pgmigrate_success 20998966
pgmigrate_success 20998970
pgmigrate_success 20998981
pgmigrate_success 20998981
pgmigrate_success 20998984
pgmigrate_success 20998984
pgmigrate_success 20998984
pgmigrate_success 20998984
pgmigrate_success 20998984
pgmigrate_success 20998984
pgmigrate_success 21003599
pgmigrate_success 21009749
pgmigrate_success 21022046
pgmigrate_success 21034359
pgmigrate_success 21048707
pgmigrate_success 21066132
pgmigrate_success 21070760
pgmigrate_success 21097905
pgmigrate_success 21119941
pgmigrate_success 21126611
pgmigrate_success 21153757
pgmigrate_success 21177833
pgmigrate_success 21202417
pgmigrate_success 21222402
pgmigrate_success 21231633
pgmigrate_success 21257246
pgmigrate_success 21270049
pgmigrate_success 21285416
pgmigrate_success 21307453
pgmigrate_success 21327940
pgmigrate_success 21352014
pgmigrate_success 21374036
pgmigrate_success 21392982
pgmigrate_success 21412448
pgmigrate_success 21422195
pgmigrate_success 21454463
pgmigrate_success 21475460
pgmigrate_success 21498511
pgmigrate_success 21525144
pgmigrate_success 21542055
pgmigrate_success 21570743
pgmigrate_success 21592256
pgmigrate_success 21612727
pgmigrate_success 21629628
pgmigrate_success 21653185
pgmigrate_success 21679819
pgmigrate_success 21714138
pgmigrate_success 21752034
