pgmigrate_success 12630820
pgmigrate_fail 24425
thp_migration_success 15593
thp_migration_fail 0
thp_migration_split 0
thp_fault_alloc 18319
thp_fault_fallback 4376
thp_fault_fallback_charge 0
thp_collapse_alloc 4689
thp_collapse_alloc_failed 851
thp_file_alloc 16
thp_file_fallback 0
thp_file_fallback_charge 0
thp_file_mapped 0
thp_split_page 5
thp_split_page_failed 0
thp_deferred_split_page 3072
thp_split_pmd 9553
thp_split_pud 0
thp_zero_page_alloc 1
thp_zero_page_alloc_failed 0
thp_swpout 0
thp_swpout_fallback 0
htmm_nr_promoted 1913281
htmm_nr_demoted 8138522
htmm_nr_sampled 0
htmm_missed_dramread 0
htmm_missed_nvmread 0
htmm_missed_write 0
htmm_alloc_dram 14304696
htmm_alloc_nvm 0
