anon 0
anon_thp 0
anon 270131200
anon_thp 268435456
anon 543993856
anon_thp 541065216
anon 812429312
anon_thp 809500672
anon 1089253376
anon_thp 1086324736
anon 1366077440
anon_thp 1363148800
anon 1644998656
anon_thp 1642070016
anon 1923919872
anon_thp 1920991232
anon 2200743936
anon_thp 2197815296
anon 2479665152
anon_thp 2476736512
anon 2756489216
anon_thp 2753560576
anon 3031216128
anon_thp 3028287488
anon 3305943040
anon_thp 3303014400
anon 3586961408
anon_thp 3584032768
anon 3863785472
anon_thp 3860856832
anon 4144803840
anon_thp 4141875200
anon 4423725056
anon_thp 4420796416
anon 4694257664
anon_thp 4691329024
anon 4968984576
anon_thp 4966055936
anon 5254197248
anon_thp 5251268608
anon 5528924160
anon_thp 5525995520
anon 5797359616
anon_thp 5794430976
anon 6074183680
anon_thp 6071255040
anon 6351007744
anon_thp 6348079104
anon 6859427840
anon_thp 6853492736
anon 6867480576
anon_thp 6859784192
anon 7140110336
anon_thp 7132413952
anon 7416934400
anon_thp 7409238016
anon 7697952768
anon_thp 7690256384
anon 7983165440
anon_thp 7975469056
anon 8266280960
anon_thp 8258584576
anon 8547299328
anon_thp 8539602944
anon 8824123392
anon_thp 8816427008
anon 9105141760
anon_thp 9097445376
anon 9379868672
anon_thp 9372172288
anon 9650401280
anon_thp 9642704896
anon 9927225344
anon_thp 9919528960
anon 10206146560
anon_thp 10198450176
anon 10487164928
anon_thp 10479468544
anon 10761891840
anon_thp 10754195456
anon 11038715904
anon_thp 11031019520
anon 11321831424
anon_thp 11314135040
anon 11598655488
anon_thp 11590959104
anon 11871285248
anon_thp 11863588864
anon 12137623552
anon_thp 12129927168
anon 12408156160
anon_thp 12400459776
anon 12680785920
anon_thp 12673089536
anon 13223424000
anon_thp 13212057600
anon 13223424000
anon_thp 13212057600
anon 13225521152
anon_thp 13214154752
anon 13225521152
anon_thp 13214154752
anon 13225521152
anon_thp 13214154752
anon 13223424000
anon_thp 13212057600
anon 13221326848
anon_thp 13209960448
anon 13225521152
anon_thp 13214154752
anon 13225521152
anon_thp 13214154752
anon 13225521152
anon_thp 13214154752
anon 13225521152
anon_thp 13214154752
anon 13225521152
anon_thp 13214154752
anon 13225521152
anon_thp 13214154752
anon 13225521152
anon_thp 13214154752
anon 13225521152
anon_thp 13214154752
anon 13225521152
anon_thp 13214154752
anon 13225521152
anon_thp 13214154752
anon 13225521152
anon_thp 13214154752
anon 13225521152
anon_thp 13214154752
anon 13225521152
anon_thp 13214154752
anon 13225521152
anon_thp 13214154752
anon 13223424000
anon_thp 13212057600
anon 13227343872
anon_thp 13220446208
anon 13227343872
anon_thp 13222543360
anon 13225246720
anon_thp 13220446208
anon 13227343872
anon_thp 13220446208
anon 13227343872
anon_thp 13220446208
anon 13227343872
anon_thp 13220446208
anon 13227343872
anon_thp 13220446208
anon 13227343872
anon_thp 13220446208
anon 13227343872
anon_thp 13220446208
anon 13227343872
anon_thp 13220446208
anon 13227343872
anon_thp 13220446208
anon 13227343872
anon_thp 13220446208
anon 13227343872
anon_thp 13220446208
anon 13227343872
anon_thp 13220446208
anon 13227343872
anon_thp 13220446208
anon 13227343872
anon_thp 13220446208
anon 13227343872
anon_thp 13220446208
anon 13227343872
anon_thp 13220446208
anon 13227343872
anon_thp 13220446208
anon 13227343872
anon_thp 13220446208
anon 13227343872
anon_thp 13220446208
anon 13227343872
anon_thp 13220446208
anon 13227343872
anon_thp 13220446208
anon 13227343872
anon_thp 13220446208
anon 13227343872
anon_thp 13220446208
anon 13227343872
anon_thp 13220446208
anon 13227343872
anon_thp 13220446208
anon 13227343872
anon_thp 13220446208
anon 13227343872
anon_thp 13220446208
anon 13227343872
anon_thp 13220446208
anon 13227343872
anon_thp 13220446208
anon 13227343872
anon_thp 13220446208
anon 13227343872
anon_thp 13220446208
anon 13227343872
anon_thp 13220446208
anon 13227343872
anon_thp 13220446208
anon 13227343872
anon_thp 13220446208
anon 13227343872
anon_thp 13220446208
anon 13227343872
anon_thp 13220446208
anon 13227343872
anon_thp 13220446208
anon 13227343872
anon_thp 13220446208
anon 13227343872
anon_thp 13220446208
anon 13227343872
anon_thp 13220446208
anon 13227343872
anon_thp 13220446208
anon 13227343872
anon_thp 13220446208
anon 13227343872
anon_thp 13220446208
anon 13227343872
anon_thp 13220446208
anon 13227343872
anon_thp 13220446208
anon 13227343872
anon_thp 13220446208
anon 13227343872
anon_thp 13220446208
anon 13227343872
anon_thp 13220446208
anon 13227343872
anon_thp 13220446208
anon 13227343872
anon_thp 13220446208
anon 13227343872
anon_thp 13220446208
anon 13227343872
anon_thp 13220446208
anon 13227343872
anon_thp 13220446208
anon 13227343872
anon_thp 13220446208
anon 13227343872
anon_thp 13220446208
anon 13227343872
anon_thp 13220446208
anon 13227343872
anon_thp 13220446208
anon 13227343872
anon_thp 13220446208
anon 13227343872
anon_thp 13220446208
anon 13227343872
anon_thp 13220446208
anon 13227343872
anon_thp 13220446208
anon 13227343872
anon_thp 13220446208
anon 13227343872
anon_thp 13220446208
anon 13227343872
anon_thp 13220446208
anon 13227343872
anon_thp 13220446208
anon 13227343872
anon_thp 13220446208
anon 13227343872
anon_thp 13220446208
anon 13227343872
anon_thp 13220446208
anon 13227343872
anon_thp 13220446208
anon 13227343872
anon_thp 13220446208
anon 13227343872
anon_thp 13220446208
anon 13227343872
anon_thp 13220446208
anon 13227343872
anon_thp 13220446208
anon 13227343872
anon_thp 13220446208
anon 13227343872
anon_thp 13220446208
anon 13227343872
anon_thp 13220446208
anon 13227343872
anon_thp 13220446208
anon 13227343872
anon_thp 13220446208
anon 13227343872
anon_thp 13220446208
anon 13227343872
anon_thp 13220446208
anon 13227343872
anon_thp 13220446208
anon 13227343872
anon_thp 13220446208
anon 13227343872
anon_thp 13220446208
anon 13227343872
anon_thp 13220446208
anon 13227343872
anon_thp 13220446208
anon 13227343872
anon_thp 13220446208
anon 13227343872
anon_thp 13220446208
anon 13227343872
anon_thp 13220446208
anon 13227343872
anon_thp 13220446208
anon 13227343872
anon_thp 13220446208
anon 13227343872
anon_thp 13220446208
anon 13227343872
anon_thp 13220446208
anon 13227343872
anon_thp 13220446208
anon 13227343872
anon_thp 13220446208
anon 13227343872
anon_thp 13220446208
anon 13227343872
anon_thp 13220446208
anon 13227343872
anon_thp 13220446208
anon 13227343872
anon_thp 13220446208
anon 13227343872
anon_thp 13220446208
anon 13227343872
anon_thp 13220446208
anon 13227343872
anon_thp 13220446208
anon 13227343872
anon_thp 13220446208
anon 13227343872
anon_thp 13220446208
anon 13227343872
anon_thp 13220446208
anon 13227343872
anon_thp 13220446208
anon 13227343872
anon_thp 13220446208
anon 13227343872
anon_thp 13220446208
anon 13227343872
anon_thp 13220446208
anon 13227343872
anon_thp 13220446208
anon 13227343872
anon_thp 13220446208
anon 13227343872
anon_thp 13220446208
anon 13227343872
anon_thp 13220446208
anon 13227343872
anon_thp 13220446208
anon 13227343872
anon_thp 13220446208
anon 13227343872
anon_thp 13220446208
anon 13227343872
anon_thp 13220446208
anon 13227343872
anon_thp 13220446208
anon 13227343872
anon_thp 13220446208
anon 13227343872
anon_thp 13220446208
anon 13227343872
anon_thp 13220446208
anon 13227343872
anon_thp 13220446208
anon 13227343872
anon_thp 13220446208
anon 13227343872
anon_thp 13220446208
anon 13227343872
anon_thp 13220446208
anon 13227343872
anon_thp 13220446208
anon 13227343872
anon_thp 13220446208
anon 13227343872
anon_thp 13220446208
anon 13227343872
anon_thp 13220446208
anon 13227343872
anon_thp 13220446208
anon 13227343872
anon_thp 13220446208
anon 13227343872
anon_thp 13220446208
anon 13227343872
anon_thp 13220446208
anon 13227343872
anon_thp 13220446208
anon 13227343872
anon_thp 13220446208
anon 13227343872
anon_thp 13220446208
anon 13227343872
anon_thp 13220446208
anon 13227343872
anon_thp 13220446208
anon 13227343872
anon_thp 13220446208
anon 13227343872
anon_thp 13220446208
anon 13227343872
anon_thp 13220446208
anon 13227343872
anon_thp 13220446208
anon 13227343872
anon_thp 13220446208
anon 13227343872
anon_thp 13220446208
anon 13227343872
anon_thp 13220446208
anon 13227343872
anon_thp 13220446208
anon 13227343872
anon_thp 13220446208
anon 13227343872
anon_thp 13220446208
anon 13227343872
anon_thp 13220446208
anon 13227343872
anon_thp 13220446208
anon 13227343872
anon_thp 13220446208
anon 13227343872
anon_thp 13220446208
anon 13227343872
anon_thp 13220446208
anon 13225246720
anon_thp 13218349056
anon 13227343872
anon_thp 13220446208
anon 13227343872
anon_thp 13220446208
anon 13227343872
anon_thp 13220446208
anon 13227343872
anon_thp 13220446208
anon 13227343872
anon_thp 13220446208
anon 13227343872
anon_thp 13220446208
anon 13227343872
anon_thp 13220446208
anon 13227343872
anon_thp 13220446208
anon 13227343872
anon_thp 13220446208
anon 13227343872
anon_thp 13220446208
anon 13227343872
anon_thp 13220446208
anon 13227343872
anon_thp 13220446208
anon 13227343872
anon_thp 13220446208
anon 13227343872
anon_thp 13220446208
anon 13227343872
anon_thp 13220446208
anon 13227343872
anon_thp 13220446208
anon 13227343872
anon_thp 13220446208
anon 13227343872
anon_thp 13220446208
anon 13227343872
anon_thp 13220446208
anon 13227343872
anon_thp 13220446208
anon 12818776064
anon_thp 12813598720
anon 13227343872
anon_thp 13220446208
anon 13227343872
anon_thp 13220446208
anon 13227343872
anon_thp 13220446208
anon 13227343872
anon_thp 13220446208
anon 13227343872
anon_thp 13220446208
anon 13227343872
anon_thp 13220446208
anon 13227343872
anon_thp 13220446208
anon 13227343872
anon_thp 13220446208
anon 13227343872
anon_thp 13220446208
anon 13227343872
anon_thp 13220446208
anon 13227343872
anon_thp 13220446208
anon 13227343872
anon_thp 13220446208
anon 13227343872
anon_thp 13220446208
anon 13227343872
anon_thp 13220446208
anon 13227343872
anon_thp 13220446208
anon 13227343872
anon_thp 13220446208
anon 13227343872
anon_thp 13220446208
anon 13227343872
anon_thp 13220446208
anon 13227343872
anon_thp 13220446208
anon 13227343872
anon_thp 13220446208
anon 13227343872
anon_thp 13220446208
anon 13227343872
anon_thp 13220446208
anon 13227343872
anon_thp 13220446208
anon 13227343872
anon_thp 13220446208
anon 13227343872
anon_thp 13220446208
anon 13227343872
anon_thp 13220446208
anon 13227343872
anon_thp 13220446208
anon 13227343872
anon_thp 13220446208
anon 13227343872
anon_thp 13220446208
anon 13227343872
anon_thp 13220446208
anon 13227343872
anon_thp 13220446208
anon 13227343872
anon_thp 13220446208
anon 13227343872
anon_thp 13220446208
anon 13227343872
anon_thp 13220446208
anon 13227343872
anon_thp 13220446208
anon 13227343872
anon_thp 13220446208
anon 13227343872
anon_thp 13220446208
anon 13227343872
anon_thp 13220446208
anon 13227343872
anon_thp 13220446208
anon 13227343872
anon_thp 13220446208
anon 13227343872
anon_thp 13220446208
anon 13227343872
anon_thp 13220446208
anon 13227343872
anon_thp 13220446208
anon 13227343872
anon_thp 13220446208
anon 13227343872
anon_thp 13220446208
anon 13227343872
anon_thp 13220446208
anon 13227343872
anon_thp 13220446208
anon 13227343872
anon_thp 13220446208
anon 13227343872
anon_thp 13220446208
anon 13227343872
anon_thp 13220446208
anon 13227343872
anon_thp 13220446208
anon 13227343872
anon_thp 13220446208
anon 13227343872
anon_thp 13220446208
anon 13227343872
anon_thp 13220446208
anon 13227343872
anon_thp 13220446208
anon 13227343872
anon_thp 13220446208
anon 13227343872
anon_thp 13220446208
anon 13227343872
anon_thp 13220446208
anon 13227343872
anon_thp 13220446208
anon 13227343872
anon_thp 13220446208
anon 13227343872
anon_thp 13220446208
anon 13227343872
anon_thp 13220446208
anon 13227343872
anon_thp 13220446208
anon 13227343872
anon_thp 13220446208
anon 13227343872
anon_thp 13220446208
anon 13227343872
anon_thp 13220446208
anon 13227343872
anon_thp 13220446208
anon 13227343872
anon_thp 13220446208
anon 13227343872
anon_thp 13220446208
anon 13227343872
anon_thp 13220446208
anon 13227343872
anon_thp 13220446208
anon 13227343872
anon_thp 13220446208
anon 13227343872
anon_thp 13220446208
anon 13227343872
anon_thp 13220446208
anon 13227343872
anon_thp 13220446208
anon 13227343872
anon_thp 13220446208
anon 13227343872
anon_thp 13220446208
anon 13227343872
anon_thp 13220446208
anon 13227343872
anon_thp 13220446208
anon 13227343872
anon_thp 13220446208
anon 13227343872
anon_thp 13220446208
anon 13227343872
anon_thp 13220446208
anon 13227343872
anon_thp 13220446208
anon 13227343872
anon_thp 13220446208
anon 13227343872
anon_thp 13220446208
anon 13227343872
anon_thp 13220446208
anon 13227343872
anon_thp 13220446208
anon 13227343872
anon_thp 13220446208
anon 13227343872
anon_thp 13220446208
anon 13227343872
anon_thp 13220446208
anon 13227343872
anon_thp 13220446208
anon 13227343872
anon_thp 13220446208
anon 13227343872
anon_thp 13220446208
anon 13227343872
anon_thp 13220446208
anon 13227343872
anon_thp 13220446208
anon 13227343872
anon_thp 13220446208
anon 13227343872
anon_thp 13220446208
anon 13227343872
anon_thp 13220446208
anon 13227343872
anon_thp 13220446208
anon 13227343872
anon_thp 13220446208
anon 13227343872
anon_thp 13220446208
anon 13227343872
anon_thp 13220446208
anon 13227343872
anon_thp 13220446208
anon 13227343872
anon_thp 13220446208
anon 13227343872
anon_thp 13220446208
anon 13227343872
anon_thp 13220446208
anon 13227343872
anon_thp 13220446208
anon 13227343872
anon_thp 13220446208
anon 13227343872
anon_thp 13220446208
anon 13227343872
anon_thp 13220446208
anon 13227343872
anon_thp 13220446208
anon 13227343872
anon_thp 13220446208
anon 13227343872
anon_thp 13220446208
anon 13227343872
anon_thp 13220446208
anon 13227343872
anon_thp 13220446208
anon 13227343872
anon_thp 13220446208
anon 13227343872
anon_thp 13220446208
anon 13227343872
anon_thp 13220446208
anon 13227343872
anon_thp 13220446208
anon 13227343872
anon_thp 13220446208
anon 13227343872
anon_thp 13220446208
anon 13227343872
anon_thp 13220446208
anon 13227343872
anon_thp 13220446208
anon 13227343872
anon_thp 13220446208
anon 13227343872
anon_thp 13220446208
anon 13227343872
anon_thp 13220446208
anon 13227343872
anon_thp 13220446208
anon 13227343872
anon_thp 13220446208
anon 13227343872
anon_thp 13220446208
anon 13227343872
anon_thp 13220446208
anon 13227343872
anon_thp 13220446208
anon 13227343872
anon_thp 13220446208
anon 13227343872
anon_thp 13220446208
anon 13227343872
anon_thp 13220446208
anon 13227343872
anon_thp 13220446208
anon 13227343872
anon_thp 13220446208
anon 13227343872
anon_thp 13220446208
anon 13227343872
anon_thp 13220446208
anon 13223149568
anon_thp 13216251904
anon 13227343872
anon_thp 13220446208
anon 13227343872
anon_thp 13220446208
anon 13227343872
anon_thp 13220446208
anon 13227343872
anon_thp 13220446208
anon 13227343872
anon_thp 13220446208
anon 13227343872
anon_thp 13220446208
anon 13227343872
anon_thp 13220446208
anon 13227343872
anon_thp 13220446208
anon 13227343872
anon_thp 13220446208
anon 13227343872
anon_thp 13220446208
anon 13227343872
anon_thp 13220446208
anon 13227343872
anon_thp 13220446208
anon 13227343872
anon_thp 13220446208
anon 13227343872
anon_thp 13220446208
anon 13227343872
anon_thp 13220446208
anon 13227343872
anon_thp 13220446208
anon 13227343872
anon_thp 13220446208
anon 13227343872
anon_thp 13220446208
anon 13227343872
anon_thp 13220446208
anon 13227343872
anon_thp 13220446208
anon 13227343872
anon_thp 13220446208
anon 13227343872
anon_thp 13220446208
anon 13227343872
anon_thp 13220446208
anon 13227343872
anon_thp 13220446208
anon 13227343872
anon_thp 13220446208
anon 13227343872
anon_thp 13220446208
anon 13227343872
anon_thp 13220446208
anon 13227343872
anon_thp 13220446208
anon 13227343872
anon_thp 13220446208
anon 13227343872
anon_thp 13220446208
anon 13227343872
anon_thp 13220446208
anon 13227343872
anon_thp 13220446208
anon 13227343872
anon_thp 13220446208
anon 13227343872
anon_thp 13220446208
anon 13227343872
anon_thp 13220446208
anon 13227343872
anon_thp 13220446208
anon 13227343872
anon_thp 13220446208
anon 13227343872
anon_thp 13220446208
anon 12860719104
anon_thp 12855541760
anon 13227343872
anon_thp 13220446208
anon 13227343872
anon_thp 13220446208
anon 13227343872
anon_thp 13220446208
anon 13227343872
anon_thp 13220446208
anon 13227343872
anon_thp 13220446208
anon 13227343872
anon_thp 13220446208
anon 13227343872
anon_thp 13220446208
anon 13227343872
anon_thp 13220446208
anon 13227343872
anon_thp 13220446208
anon 13227343872
anon_thp 13220446208
anon 13227343872
anon_thp 13220446208
anon 13227343872
anon_thp 13220446208
anon 13227343872
anon_thp 13220446208
anon 13227343872
anon_thp 13220446208
anon 13227343872
anon_thp 13220446208
anon 13227343872
anon_thp 13220446208
anon 13227343872
anon_thp 13220446208
anon 13227343872
anon_thp 13220446208
anon 13227343872
anon_thp 13220446208
anon 13227343872
anon_thp 13220446208
anon 13227343872
anon_thp 13220446208
anon 13227343872
anon_thp 13220446208
anon 13227343872
anon_thp 13220446208
anon 13227343872
anon_thp 13220446208
anon 13227343872
anon_thp 13220446208
anon 13227343872
anon_thp 13220446208
anon 13227343872
anon_thp 13220446208
anon 13227343872
anon_thp 13220446208
anon 13227343872
anon_thp 13220446208
anon 13227343872
anon_thp 13220446208
anon 13227343872
anon_thp 13220446208
anon 13227343872
anon_thp 13220446208
anon 13227343872
anon_thp 13220446208
anon 13227343872
anon_thp 13220446208
anon 13227343872
anon_thp 13220446208
anon 13227343872
anon_thp 13220446208
anon 13227343872
anon_thp 13220446208
anon 13227343872
anon_thp 13220446208
anon 13227343872
anon_thp 13220446208
anon 13227343872
anon_thp 13220446208
