pgmigrate_success 22479328
pgmigrate_success 22479336
pgmigrate_success 22479338
pgmigrate_success 22479339
pgmigrate_success 22479340
pgmigrate_success 22479341
pgmigrate_success 22479342
pgmigrate_success 22479344
pgmigrate_success 22479345
pgmigrate_success 22479346
pgmigrate_success 22479347
pgmigrate_success 22479348
pgmigrate_success 22479349
pgmigrate_success 22479350
pgmigrate_success 22479351
pgmigrate_success 22479352
pgmigrate_success 22479353
pgmigrate_success 22479354
pgmigrate_success 22479355
pgmigrate_success 22479356
pgmigrate_success 22479357
pgmigrate_success 22479358
pgmigrate_success 22479359
pgmigrate_success 22479360
pgmigrate_success 22479361
pgmigrate_success 22479362
pgmigrate_success 22479363
pgmigrate_success 22479364
pgmigrate_success 22479365
pgmigrate_success 22479366
pgmigrate_success 22479367
pgmigrate_success 22479368
pgmigrate_success 22479369
pgmigrate_success 22479370
pgmigrate_success 22479371
pgmigrate_success 22479372
pgmigrate_success 22479373
pgmigrate_success 22479374
pgmigrate_success 22479375
pgmigrate_success 22479376
pgmigrate_success 22479377
pgmigrate_success 22479378
pgmigrate_success 22479379
pgmigrate_success 22479380
pgmigrate_success 22479381
pgmigrate_success 22479382
pgmigrate_success 22479383
pgmigrate_success 22479384
pgmigrate_success 22479385
pgmigrate_success 22479386
pgmigrate_success 22479387
pgmigrate_success 22479388
pgmigrate_success 22479389
pgmigrate_success 22479390
pgmigrate_success 22479391
pgmigrate_success 22479392
pgmigrate_success 22479393
pgmigrate_success 22479394
pgmigrate_success 22479395
pgmigrate_success 22479396
pgmigrate_success 22479397
pgmigrate_success 22479398
pgmigrate_success 22479399
pgmigrate_success 22479401
pgmigrate_success 22479402
pgmigrate_success 22479403
pgmigrate_success 22479404
pgmigrate_success 22479405
pgmigrate_success 22479406
pgmigrate_success 22479407
pgmigrate_success 22479408
pgmigrate_success 22479409
pgmigrate_success 22479410
pgmigrate_success 22479411
pgmigrate_success 22479412
pgmigrate_success 22479413
pgmigrate_success 22479414
pgmigrate_success 22479415
pgmigrate_success 22479416
pgmigrate_success 22479417
pgmigrate_success 22479418
pgmigrate_success 22479419
pgmigrate_success 22479420
pgmigrate_success 22479421
pgmigrate_success 22479422
pgmigrate_success 22479423
pgmigrate_success 22479424
pgmigrate_success 22479425
pgmigrate_success 22479426
pgmigrate_success 22479427
pgmigrate_success 22479428
pgmigrate_success 22479429
pgmigrate_success 22479430
pgmigrate_success 22479431
pgmigrate_success 22479432
pgmigrate_success 22479433
pgmigrate_success 22479434
pgmigrate_success 22479435
pgmigrate_success 22479436
pgmigrate_success 22479437
pgmigrate_success 22479438
pgmigrate_success 22479439
pgmigrate_success 22479440
pgmigrate_success 22479441
pgmigrate_success 22479442
pgmigrate_success 22479443
pgmigrate_success 22479444
pgmigrate_success 22479445
pgmigrate_success 22479446
pgmigrate_success 22479447
pgmigrate_success 22479448
pgmigrate_success 22479449
pgmigrate_success 22479450
pgmigrate_success 22479451
pgmigrate_success 22479452
pgmigrate_success 22499938
pgmigrate_success 22553192
pgmigrate_success 22721129
pgmigrate_success 22958362
pgmigrate_success 23091554
pgmigrate_success 23322054
pgmigrate_success 23478257
pgmigrate_success 23686391
pgmigrate_success 23686391
pgmigrate_success 24371548
pgmigrate_success 24658345
pgmigrate_success 24880569
pgmigrate_success 25094597
pgmigrate_success 25361506
pgmigrate_success 25801891
pgmigrate_success 26103492
pgmigrate_success 26195660
pgmigrate_success 26335950
pgmigrate_success 26481377
pgmigrate_success 26746083
pgmigrate_success 26796713
pgmigrate_success 26822845
pgmigrate_success 26960269
pgmigrate_success 27050421
pgmigrate_success 27233799
pgmigrate_success 27346481
pgmigrate_success 27501139
pgmigrate_success 27657302
pgmigrate_success 28075630
pgmigrate_success 28490945
pgmigrate_success 28520177
pgmigrate_success 28522227
pgmigrate_success 28549878
pgmigrate_success 28680951
pgmigrate_success 28942710
pgmigrate_success 28957121
pgmigrate_success 28974629
pgmigrate_success 28988529
pgmigrate_success 29002935
pgmigrate_success 29013748
pgmigrate_success 29039437
pgmigrate_success 29068183
pgmigrate_success 29083560
pgmigrate_success 29141957
pgmigrate_success 29229006
pgmigrate_success 29395928
pgmigrate_success 29643255
pgmigrate_success 29736600
pgmigrate_success 29770940
pgmigrate_success 29806290
pgmigrate_success 29863673
pgmigrate_success 29897987
pgmigrate_success 30069509
pgmigrate_success 30291951
pgmigrate_success 30308437
pgmigrate_success 30344909
pgmigrate_success 30419241
pgmigrate_success 30479202
pgmigrate_success 30556548
pgmigrate_success 30677911
pgmigrate_success 30899123
pgmigrate_success 31126968
pgmigrate_success 31126972
pgmigrate_success 31257533
pgmigrate_success 31526343
pgmigrate_success 31608364
pgmigrate_success 31612979
pgmigrate_success 31728694
pgmigrate_success 31891512
pgmigrate_success 32045733
pgmigrate_success 32086816
pgmigrate_success 32108909
pgmigrate_success 32131410
pgmigrate_success 32138581
pgmigrate_success 32151895
pgmigrate_success 32160090
pgmigrate_success 32305509
pgmigrate_success 32400238
pgmigrate_success 32540036
pgmigrate_success 32669116
pgmigrate_success 32789960
pgmigrate_success 32955359
pgmigrate_success 33051621
pgmigrate_success 33150950
pgmigrate_success 33445380
pgmigrate_success 33521879
pgmigrate_success 33587544
pgmigrate_success 33635249
pgmigrate_success 33662421
pgmigrate_success 33662772
pgmigrate_success 33762135
pgmigrate_success 33989466
pgmigrate_success 34171235
pgmigrate_success 34289001
pgmigrate_success 34289001
pgmigrate_success 34289005
pgmigrate_success 34639341
pgmigrate_success 34793499
pgmigrate_success 34805797
pgmigrate_success 35000870
pgmigrate_success 35193396
pgmigrate_success 35264798
pgmigrate_success 35291512
pgmigrate_success 35300248
pgmigrate_success 35317720
pgmigrate_success 35331596
pgmigrate_success 35345973
pgmigrate_success 35414087
pgmigrate_success 35546199
pgmigrate_success 35676825
pgmigrate_success 35703998
pgmigrate_success 35715788
pgmigrate_success 35783927
pgmigrate_success 35843328
pgmigrate_success 36027649
pgmigrate_success 36208399
pgmigrate_success 36295145
pgmigrate_success 36309007
pgmigrate_success 36326008
pgmigrate_success 36338891
pgmigrate_success 36349706
pgmigrate_success 36358471
pgmigrate_success 36380534
pgmigrate_success 36435852
pgmigrate_success 36615771
pgmigrate_success 36797057
pgmigrate_success 36917464
pgmigrate_success 37004202
pgmigrate_success 37004276
pgmigrate_success 37016058
pgmigrate_success 37028859
pgmigrate_success 37359617
pgmigrate_success 37547529
pgmigrate_success 37936661
pgmigrate_success 38034711
pgmigrate_success 38056729
pgmigrate_success 38064411
pgmigrate_success 38064412
pgmigrate_success 38064412
pgmigrate_success 38086441
pgmigrate_success 38208306
pgmigrate_success 38479687
pgmigrate_success 38489928
pgmigrate_success 38508883
pgmigrate_success 38528946
pgmigrate_success 38581700
pgmigrate_success 38667727
pgmigrate_success 38805456
pgmigrate_success 39004704
pgmigrate_success 39082788
pgmigrate_success 39092026
pgmigrate_success 39108516
pgmigrate_success 39116801
pgmigrate_success 39120946
pgmigrate_success 39121461
pgmigrate_success 39136830
pgmigrate_success 39321885
pgmigrate_success 39443255
pgmigrate_success 39572899
pgmigrate_success 39646688
pgmigrate_success 39763478
