pgmigrate_success 275340030
pgmigrate_success 275340038
pgmigrate_success 275340040
pgmigrate_success 275340041
pgmigrate_success 275340042
pgmigrate_success 275340043
pgmigrate_success 275340044
pgmigrate_success 275340045
pgmigrate_success 275340046
pgmigrate_success 275340047
pgmigrate_success 275340048
pgmigrate_success 275340049
pgmigrate_success 275340050
pgmigrate_success 275340051
pgmigrate_success 275340052
pgmigrate_success 275340053
pgmigrate_success 275340054
pgmigrate_success 275340055
pgmigrate_success 275340056
pgmigrate_success 275340057
pgmigrate_success 275340058
pgmigrate_success 275340059
pgmigrate_success 275340060
pgmigrate_success 275340061
pgmigrate_success 275340062
pgmigrate_success 275340063
pgmigrate_success 275340064
pgmigrate_success 275340065
pgmigrate_success 275340066
pgmigrate_success 275340067
pgmigrate_success 275340068
pgmigrate_success 275340069
pgmigrate_success 275340070
pgmigrate_success 275340071
pgmigrate_success 275340072
pgmigrate_success 275340073
pgmigrate_success 275340074
pgmigrate_success 275340075
pgmigrate_success 275340076
pgmigrate_success 275340077
pgmigrate_success 275340078
pgmigrate_success 275340079
pgmigrate_success 275340080
pgmigrate_success 275340081
pgmigrate_success 275340082
pgmigrate_success 275340083
pgmigrate_success 275340084
pgmigrate_success 275340085
pgmigrate_success 275340086
pgmigrate_success 275340087
pgmigrate_success 275340088
pgmigrate_success 275340089
pgmigrate_success 275340090
pgmigrate_success 275340091
pgmigrate_success 275340092
pgmigrate_success 275340092
pgmigrate_success 275340093
pgmigrate_success 275340094
pgmigrate_success 275340095
pgmigrate_success 275340096
pgmigrate_success 275340097
pgmigrate_success 275340098
pgmigrate_success 275340099
pgmigrate_success 275340100
pgmigrate_success 275340102
pgmigrate_success 275340104
pgmigrate_success 275340105
pgmigrate_success 275340106
pgmigrate_success 275340107
pgmigrate_success 275340108
pgmigrate_success 275340109
pgmigrate_success 275340110
pgmigrate_success 275340111
pgmigrate_success 275340112
pgmigrate_success 275340113
pgmigrate_success 275340114
pgmigrate_success 275340115
pgmigrate_success 275340116
pgmigrate_success 275340117
pgmigrate_success 275340118
pgmigrate_success 275340119
pgmigrate_success 275340120
pgmigrate_success 275340121
pgmigrate_success 275340122
pgmigrate_success 275340123
pgmigrate_success 275340124
pgmigrate_success 275340125
pgmigrate_success 275340126
pgmigrate_success 275340127
pgmigrate_success 275340128
pgmigrate_success 275340129
pgmigrate_success 275340130
pgmigrate_success 275340131
pgmigrate_success 275340132
pgmigrate_success 275340133
pgmigrate_success 275340134
pgmigrate_success 275340135
pgmigrate_success 275340136
pgmigrate_success 275340137
pgmigrate_success 275340138
pgmigrate_success 275340139
pgmigrate_success 275340140
pgmigrate_success 275340141
pgmigrate_success 275340142
pgmigrate_success 275340143
pgmigrate_success 275340144
pgmigrate_success 275340145
pgmigrate_success 275340146
pgmigrate_success 275340147
pgmigrate_success 275340148
pgmigrate_success 275340149
pgmigrate_success 275340150
pgmigrate_success 275340151
pgmigrate_success 275340152
pgmigrate_success 275352955
pgmigrate_success 275408766
pgmigrate_success 275544960
pgmigrate_success 275787795
pgmigrate_success 275865686
pgmigrate_success 276091564
pgmigrate_success 276392407
pgmigrate_success 276489725
pgmigrate_success 276918869
pgmigrate_success 276937301
pgmigrate_success 277432995
pgmigrate_success 277783220
pgmigrate_success 278259905
pgmigrate_success 278572921
pgmigrate_success 278756770
pgmigrate_success 278995917
pgmigrate_success 279227882
pgmigrate_success 279317997
pgmigrate_success 279501816
pgmigrate_success 279596536
pgmigrate_success 279805576
pgmigrate_success 279854865
pgmigrate_success 279977297
pgmigrate_success 280013676
pgmigrate_success 280013676
pgmigrate_success 280013676
pgmigrate_success 280013676
pgmigrate_success 280238359
pgmigrate_success 280516893
pgmigrate_success 280605029
pgmigrate_success 280611809
pgmigrate_success 280618511
pgmigrate_success 280624145
pgmigrate_success 280817681
pgmigrate_success 281015340
pgmigrate_success 281046749
pgmigrate_success 281062197
pgmigrate_success 281079166
pgmigrate_success 281087936
pgmigrate_success 281101819
pgmigrate_success 281123411
pgmigrate_success 281135758
pgmigrate_success 281148602
pgmigrate_success 281159885
pgmigrate_success 281259751
pgmigrate_success 281396479
pgmigrate_success 281469747
pgmigrate_success 281479190
pgmigrate_success 281481437
pgmigrate_success 281481486
pgmigrate_success 281487120
pgmigrate_success 281689874
pgmigrate_success 281889068
pgmigrate_success 281923886
pgmigrate_success 281950000
pgmigrate_success 281964852
pgmigrate_success 281987894
pgmigrate_success 282027322
pgmigrate_success 282064189
pgmigrate_success 282099008
pgmigrate_success 282204485
pgmigrate_success 282510566
pgmigrate_success 282806508
pgmigrate_success 283039492
pgmigrate_success 283098373
pgmigrate_success 283109640
pgmigrate_success 283203851
pgmigrate_success 283478290
pgmigrate_success 283545518
pgmigrate_success 283572248
pgmigrate_success 283583023
pgmigrate_success 283609211
pgmigrate_success 283626172
pgmigrate_success 283635438
pgmigrate_success 283646723
pgmigrate_success 283736348
pgmigrate_success 283873616
pgmigrate_success 283939749
pgmigrate_success 283939819
pgmigrate_success 283942949
pgmigrate_success 283950194
pgmigrate_success 283965045
pgmigrate_success 284160634
pgmigrate_success 284354200
pgmigrate_success 284417957
pgmigrate_success 284436448
pgmigrate_success 284460602
pgmigrate_success 284478060
pgmigrate_success 284487830
pgmigrate_success 284510406
pgmigrate_success 284547279
pgmigrate_success 284741376
pgmigrate_success 284832074
pgmigrate_success 284856205
pgmigrate_success 284895191
pgmigrate_success 284899823
pgmigrate_success 284928498
pgmigrate_success 285111283
pgmigrate_success 285317705
pgmigrate_success 285400934
pgmigrate_success 285426118
pgmigrate_success 285518879
pgmigrate_success 285538849
pgmigrate_success 285560355
pgmigrate_success 285676586
pgmigrate_success 285922859
pgmigrate_success 286109234
pgmigrate_success 286290695
pgmigrate_success 286524170
pgmigrate_success 286618901
pgmigrate_success 286625560
pgmigrate_success 286633246
pgmigrate_success 286696225
pgmigrate_success 286832929
pgmigrate_success 287083993
pgmigrate_success 287114815
pgmigrate_success 287127679
pgmigrate_success 287139516
pgmigrate_success 287152388
pgmigrate_success 287161665
pgmigrate_success 287169388
pgmigrate_success 287194008
pgmigrate_success 287268260
pgmigrate_success 287461360
pgmigrate_success 287490618
pgmigrate_success 287515374
pgmigrate_success 287528741
pgmigrate_success 287568764
pgmigrate_success 287577470
pgmigrate_success 287787904
pgmigrate_success 287894914
pgmigrate_success 288030292
pgmigrate_success 288061630
pgmigrate_success 288084758
pgmigrate_success 288100174
pgmigrate_success 288108938
pgmigrate_success 288118707
pgmigrate_success 288119221
pgmigrate_success 288217024
pgmigrate_success 288362486
pgmigrate_success 288574581
pgmigrate_success 288647869
pgmigrate_success 288796929
pgmigrate_success 288937257
pgmigrate_success 289052461
pgmigrate_success 289326895
pgmigrate_success 289401140
pgmigrate_success 289503301
pgmigrate_success 289537726
pgmigrate_success 289570061
pgmigrate_success 289577803
pgmigrate_success 289585020
pgmigrate_success 289592158
pgmigrate_success 289633125
pgmigrate_success 289817964
pgmigrate_success 289917807
pgmigrate_success 289976797
pgmigrate_success 289977364
pgmigrate_success 289985081
