anon 933888
anon_thp 0
anon 189440000
anon_thp 186646528
anon 399155200
anon_thp 396361728
anon 606773248
anon_thp 603979776
anon 812285952
anon_thp 809500672
anon 1015717888
anon_thp 1012924416
anon 1215447040
anon_thp 1210056704
anon 1425162240
anon_thp 1419771904
anon 1620193280
anon_thp 1614807040
anon 1832005632
anon_thp 1826619392
anon 2037526528
anon_thp 2032140288
anon 2247241728
anon_thp 2241855488
anon 2454855680
anon_thp 2449473536
anon 2666676224
anon_thp 2661285888
anon 2876387328
anon_thp 2871001088
anon 3079811072
anon_thp 3074424832
anon 3281137664
anon_thp 3275751424
anon 3495051264
anon_thp 3489660928
anon 3696377856
anon_thp 3690987520
anon 3908186112
anon_thp 3902799872
anon 4117901312
anon_thp 4112515072
anon 4327616512
anon_thp 4322230272
anon 4539428864
anon_thp 4534042624
anon 4747051008
anon_thp 4741660672
anon 4954664960
anon_thp 4949278720
anon 5166473216
anon_thp 5161091072
anon 5378289664
anon_thp 5372903424
anon 5585907712
anon_thp 5580521472
anon 5797720064
anon_thp 5792333824
anon 6005342208
anon_thp 5999951872
anon 6217150464
anon_thp 6211764224
anon 6422671360
anon_thp 6417285120
anon 6632386560
anon_thp 6627000320
anon 6844203008
anon_thp 6838812672
anon 7056015360
anon_thp 7050625024
anon 7265730560
anon_thp 7260340224
anon 7469150208
anon_thp 7463763968
anon 7678869504
anon_thp 7673479168
anon 7886483456
anon_thp 7881097216
anon 8094097408
anon_thp 8088715264
anon 8303816704
anon_thp 8298430464
anon 8511434752
anon_thp 8506048512
anon 8719052800
anon_thp 8713666560
anon 8924573696
anon_thp 8919187456
anon 9132195840
anon_thp 9126805504
anon 9339805696
anon_thp 9334423552
anon 9545330688
anon_thp 9539944448
anon 9755045888
anon_thp 9749659648
anon 9962663936
anon_thp 9957277696
anon 10166091776
anon_thp 10160701440
anon 10359025664
anon_thp 10353639424
anon 10568744960
anon_thp 10563354624
anon 10767966208
anon_thp 10762584064
anon 10975588352
anon_thp 10970202112
anon 11181105152
anon_thp 11175723008
anon 11386630144
anon_thp 11381243904
anon 11598446592
anon_thp 11593056256
anon 11803959296
anon_thp 11798577152
anon 12011581440
anon_thp 12006195200
anon 12221296640
anon_thp 12215910400
anon 12428910592
anon_thp 12423528448
anon 12602978304
anon_thp 12597592064
anon 12798013440
anon_thp 12792627200
anon 13005627392
anon_thp 13000245248
anon 13206962176
anon_thp 13201571840
anon 13414576128
anon_thp 13409189888
anon 13624291328
anon_thp 13618905088
anon 13829812224
anon_thp 13824425984
anon 14037430272
anon_thp 14032044032
anon 14219886592
anon_thp 14214496256
anon 14414917632
anon_thp 14409531392
anon 14572204032
anon_thp 14566817792
anon 14748360704
anon_thp 14742978560
anon 14953885696
anon_thp 14948499456
anon 15142625280
anon_thp 15137243136
anon 15348150272
anon_thp 15342764032
anon 15553671168
anon_thp 15548284928
anon 15761285120
anon_thp 15755902976
anon 15952130048
anon_thp 15946743808
anon 16142970880
anon_thp 16137584640
anon 16348495872
anon_thp 16343105536
anon 16537235456
anon_thp 16531849216
anon 16717590528
anon_thp 16712204288
anon 16923111424
anon_thp 16917725184
anon 17128636416
anon_thp 17123246080
anon 17311084544
anon_thp 17305698304
anon 17439006720
anon_thp 17433624576
anon 17640341504
anon_thp 17634951168
anon 17841668096
anon_thp 17836277760
anon 19044016128
anon_thp 19035848704
anon 20657287168
anon_thp 20642267136
anon 20716003328
anon_thp 20700987392
anon 20766339072
anon_thp 20751319040
anon 20804083712
anon_thp 20789067776
anon 20829253632
anon_thp 20814233600
anon 20846026752
anon_thp 20831010816
anon 20858617856
anon_thp 20843593728
anon 20869099520
anon_thp 20854079488
anon 20877492224
anon_thp 20862468096
anon 20885876736
anon_thp 20870856704
anon 20892172288
anon_thp 20877148160
anon 20896362496
anon_thp 20881342464
anon 20900556800
anon_thp 20885536768
anon 20902649856
anon_thp 20887633920
anon 20902649856
anon_thp 20887633920
anon 20902653952
anon_thp 20887633920
anon 20902649856
anon_thp 20887633920
anon 20902653952
anon_thp 20887633920
anon 20902649856
anon_thp 20887633920
anon 20902649856
anon_thp 20887633920
anon 20902658048
anon_thp 20887633920
anon 20046446592
anon_thp 20034093056
anon 20705517568
anon_thp 20690501632
anon 20734885888
anon_thp 20719861760
anon 20755857408
anon_thp 20740833280
anon 20770533376
anon_thp 20755513344
anon 20783116288
anon_thp 20768096256
anon 20806184960
anon_thp 20791164928
anon 20825059328
anon_thp 20810039296
anon 20839743488
anon_thp 20824719360
anon 20852322304
anon_thp 20837302272
anon 20862808064
anon_thp 20847788032
anon 20871200768
anon_thp 20856176640
anon 20877492224
anon_thp 20862468096
anon 20885880832
anon_thp 20870856704
anon 20890075136
anon_thp 20875051008
anon 20894265344
anon_thp 20879245312
anon 20898459648
anon_thp 20883439616
anon 20900560896
anon_thp 20885536768
anon 20902653952
anon_thp 20887633920
anon 20902649856
anon_thp 20887633920
anon 20902658048
anon_thp 20887633920
anon 20902649856
anon_thp 20887633920
anon 20902653952
anon_thp 20887633920
anon 20902658048
anon_thp 20887633920
anon 20902658048
anon_thp 20887633920
anon 18625716224
anon_thp 18616418304
anon 20671971328
anon_thp 20656947200
anon 20722298880
anon_thp 20707278848
anon 20747464704
anon_thp 20732444672
anon 20766343168
anon_thp 20751319040
anon 20778921984
anon_thp 20763901952
anon 20791500800
anon_thp 20776484864
anon 20799889408
anon_thp 20784873472
anon 20808278016
anon_thp 20793262080
anon 20816670720
anon_thp 20801650688
anon 20822966272
anon_thp 20807942144
anon 20829253632
anon_thp 20814233600
anon 20833447936
anon_thp 20818427904
anon 20839735296
anon_thp 20824719360
anon 20843937792
anon_thp 20828913664
anon 20856516608
anon_thp 20841496576
anon 20864905216
anon_thp 20849885184
anon 20873293824
anon_thp 20858273792
anon 20881686528
anon_thp 20866662400
anon 20887973888
anon_thp 20872953856
anon 20892172288
anon_thp 20877148160
anon 20896362496
anon_thp 20881342464
anon 20900552704
anon_thp 20885536768
anon 20902653952
anon_thp 20887633920
anon 20902653952
anon_thp 20887633920
anon 20902653952
anon_thp 20887633920
anon 20902658048
anon_thp 20887633920
anon 20902658048
anon_thp 20887633920
anon 20902649856
anon_thp 20887633920
anon 20902653952
anon_thp 20887633920
anon 20902653952
anon_thp 20887633920
anon 20902649856
anon_thp 20887633920
anon 20902653952
anon_thp 20887633920
anon 20902653952
anon_thp 20887633920
anon 19880767488
anon_thp 19868418048
anon 20699226112
anon_thp 20684210176
anon 20732784640
anon_thp 20717764608
anon 20753756160
anon_thp 20738736128
anon 20768432128
anon_thp 20753416192
anon 20781023232
anon_thp 20765999104
anon 20791500800
anon_thp 20776484864
anon 20806189056
anon_thp 20791164928
anon 20827156480
anon_thp 20812136448
anon 20841832448
anon_thp 20826816512
anon 20852322304
anon_thp 20837302272
anon 20862803968
anon_thp 20847788032
anon 20871200768
anon_thp 20856176640
anon 20879589376
anon_thp 20864565248
anon 20885872640
anon_thp 20870856704
anon 20892168192
anon_thp 20877148160
anon 20896366592
anon_thp 20881342464
anon 20898463744
anon_thp 20883439616
anon 20900556800
anon_thp 20885536768
anon 20902658048
anon_thp 20887633920
anon 20902653952
anon_thp 20887633920
anon 20902649856
anon_thp 20887633920
anon 20902653952
anon_thp 20887633920
anon 20902658048
anon_thp 20887633920
anon 20902653952
anon_thp 20887633920
anon 20902653952
anon_thp 20887633920
anon 18433310720
anon_thp 18425577472
anon 20655190016
anon_thp 20640169984
anon 20724396032
anon_thp 20709376000
anon 20768436224
anon_thp 20753416192
anon 20795695104
anon_thp 20780679168
anon 20814573568
anon_thp 20799553536
anon 20829257728
anon_thp 20814233600
anon 20839739392
anon_thp 20824719360
anon 20850225152
anon_thp 20835205120
anon 20858609664
anon_thp 20843593728
anon 20867002368
anon_thp 20851982336
anon 20873289728
anon_thp 20858273792
anon 20879589376
anon_thp 20864565248
anon 20883779584
anon_thp 20868759552
anon 20887973888
anon_thp 20872953856
anon 20892172288
anon_thp 20877148160
anon 20896362496
anon_thp 20881342464
anon 20900556800
anon_thp 20885536768
anon 20418232320
anon_thp 20405288960
anon 20902658048
anon_thp 20887633920
anon 20902649856
anon_thp 20887633920
anon 20902653952
anon_thp 20887633920
anon 20902653952
anon_thp 20887633920
anon 20902653952
anon_thp 20887633920
anon 20902658048
anon_thp 20887633920
anon 20902653952
anon_thp 20887633920
anon 20902658048
anon_thp 20887633920
anon 20902653952
anon_thp 20887633920
anon 20048539648
anon_thp 20036190208
anon 20705525760
anon_thp 20690501632
anon 20739080192
anon_thp 20724056064
anon 20781019136
anon_thp 20765999104
anon 20806184960
anon_thp 20791164928
anon 20825063424
anon_thp 20810039296
anon 20837646336
anon_thp 20822622208
anon 20850225152
anon_thp 20835205120
anon 20858609664
anon_thp 20843593728
anon 20867002368
anon_thp 20851982336
anon 20875390976
anon_thp 20860370944
anon 20881682432
anon_thp 20866662400
anon 20885876736
anon_thp 20870856704
anon 20892168192
anon_thp 20877148160
anon 20896362496
anon_thp 20881342464
anon 20898459648
anon_thp 20883439616
anon 20902658048
anon_thp 20887633920
anon 20902653952
anon_thp 20887633920
anon 20902658048
anon_thp 20887633920
anon 20902653952
anon_thp 20887633920
anon 20902649856
anon_thp 20887633920
anon 20902653952
anon_thp 20887633920
anon 20902653952
anon_thp 20887633920
anon 20902649856
anon_thp 20887633920
anon 20365778944
anon_thp 20352860160
anon 20500008960
anon_thp 20487077888
anon 20709715968
anon_thp 20694695936
anon 20764246016
anon_thp 20749221888
anon 20793602048
anon_thp 20778582016
anon 20814573568
anon_thp 20799553536
anon 20829253632
anon_thp 20814233600
anon 20841832448
anon_thp 20826816512
anon 20852318208
anon_thp 20837302272
anon 20860715008
anon_thp 20845690880
anon 20869103616
anon_thp 20854079488
anon 20875386880
anon_thp 20860370944
anon 20881682432
anon_thp 20866662400
anon 20885880832
anon_thp 20870856704
anon 20892168192
anon_thp 20877148160
anon 20894269440
anon_thp 20879245312
anon 20898459648
anon_thp 20883439616
anon 20900556800
anon_thp 20885536768
anon 20902653952
anon_thp 20887633920
anon 20902658048
anon_thp 20887633920
anon 20902653952
anon_thp 20887633920
anon 20902653952
anon_thp 20887633920
anon 20902649856
anon_thp 20887633920
anon 20902653952
anon_thp 20887633920
anon 20902653952
anon_thp 20887633920
anon 20902658048
anon_thp 20887633920
anon 18180542464
anon_thp 18171822080
anon 20661481472
anon_thp 20646461440
anon 20730691584
anon_thp 20715667456
anon 20768436224
anon_thp 20753416192
anon 20791504896
anon_thp 20776484864
anon 20810379264
anon_thp 20795359232
anon 20822962176
anon_thp 20807942144
anon 20835540992
anon_thp 20820525056
anon 20843937792
anon_thp 20828913664
anon 20852326400
anon_thp 20837302272
anon 20860710912
anon_thp 20845690880
anon 20866998272
anon_thp 20851982336
anon 20871196672
anon_thp 20856176640
anon 20877488128
anon_thp 20862468096
anon 20881682432
anon_thp 20866662400
anon 20885876736
anon_thp 20870856704
anon 20890071040
anon_thp 20875051008
anon 20894265344
anon_thp 20879245312
anon 20898459648
anon_thp 20883439616
anon 20900560896
anon_thp 20885536768
anon 20902653952
anon_thp 20887633920
anon 20902649856
anon_thp 20887633920
anon 20902658048
anon_thp 20887633920
anon 20902658048
anon_thp 20887633920
anon 20902658048
anon_thp 20887633920
anon 20902658048
anon_thp 20887633920
anon 20902653952
anon_thp 20887633920
anon 20902658048
anon_thp 20887633920
anon 20902653952
anon_thp 20887633920
anon 20902658048
anon_thp 20887633920
anon 19652177920
anon_thp 19639828480
anon 20690845696
anon_thp 20675821568
anon 20749557760
anon_thp 20734541824
anon 20781023232
anon_thp 20765999104
anon 20804087808
anon_thp 20789067776
anon 20820869120
anon_thp 20805844992
anon 20833452032
anon_thp 20818427904
anon 20843929600
anon_thp 20828913664
anon 20852326400
anon_thp 20837302272
anon 20860706816
anon_thp 20845690880
anon 20869095424
anon_thp 20854079488
anon 20875390976
anon_thp 20860370944
anon 20879581184
anon_thp 20864565248
anon 20885880832
anon_thp 20870856704
anon 20890071040
anon_thp 20875051008
anon 20894269440
anon_thp 20879245312
anon 20896366592
anon_thp 20881342464
anon 20900556800
anon_thp 20885536768
anon 20902653952
anon_thp 20887633920
anon 20902653952
anon_thp 20887633920
anon 20902653952
anon_thp 20887633920
anon 20902653952
anon_thp 20887633920
anon 20902653952
anon_thp 20887633920
anon 20902653952
anon_thp 20887633920
anon 20902653952
anon_thp 20887633920
anon 20902658048
anon_thp 20887633920
anon 20902653952
anon_thp 20887633920
anon 20902658048
anon_thp 20887633920
anon 20054827008
anon_thp 20042481664
anon 20709715968
anon_thp 20694695936
anon 20762148864
anon_thp 20747124736
anon 20789411840
anon_thp 20774387712
anon 20810379264
anon_thp 20795359232
anon 20825055232
anon_thp 20810039296
anon 20837646336
anon_thp 20822622208
anon 20848123904
anon_thp 20833107968
anon 20856516608
anon_thp 20841496576
anon 20864909312
anon_thp 20849885184
anon 20871196672
anon_thp 20856176640
anon 20877488128
anon_thp 20862468096
anon 20881682432
anon_thp 20866662400
anon 20887977984
anon_thp 20872953856
anon 20892168192
anon_thp 20877148160
anon 20894261248
anon_thp 20879245312
anon 20898459648
anon_thp 20883439616
anon 20900556800
anon_thp 20885536768
anon 20902649856
anon_thp 20887633920
anon 20902649856
anon_thp 20887633920
anon 20902653952
anon_thp 20887633920
anon 20902653952
anon_thp 20887633920
anon 20902658048
anon_thp 20887633920
anon 20902653952
anon_thp 20887633920
anon 20902649856
anon_thp 20887633920
anon 20902653952
anon_thp 20887633920
anon 20902658048
anon_thp 20887633920
