hot 0 warm 0 cold 0
hot 1 warm 0 cold 0
hot 1 warm 0 cold 0
hot 1 warm 0 cold 0
hot 1 warm 0 cold 0
hot 1 warm 0 cold 0
hot 1 warm 0 cold 0
hot 1 warm 0 cold 0
hot 1 warm 0 cold 0
hot 1 warm 0 cold 0
hot 1 warm 0 cold 0
hot 1 warm 0 cold 0
hot 1 warm 0 cold 0
hot 1 warm 0 cold 0
hot 1 warm 0 cold 0
hot 1 warm 0 cold 0
hot 1 warm 0 cold 0
hot 1 warm 0 cold 0
hot 1 warm 0 cold 0
hot 1 warm 0 cold 0
hot 1 warm 0 cold 0
hot 1 warm 0 cold 0
hot 1 warm 0 cold 0
hot 1 warm 0 cold 0
hot 1 warm 0 cold 0
hot 1 warm 0 cold 0
hot 1 warm 0 cold 0
hot 1 warm 0 cold 0
hot 1 warm 0 cold 0
hot 1 warm 0 cold 0
hot 1 warm 0 cold 0
hot 1 warm 0 cold 0
hot 1 warm 0 cold 0
hot 1 warm 0 cold 0
hot 1 warm 0 cold 0
hot 1 warm 0 cold 0
hot 1 warm 0 cold 0
hot 1 warm 0 cold 0
hot 1 warm 0 cold 0
hot 1 warm 0 cold 0
hot 1 warm 0 cold 0
hot 1 warm 0 cold 0
hot 1 warm 0 cold 0
hot 1 warm 0 cold 0
hot 1 warm 0 cold 0
hot 1 warm 0 cold 0
hot 1 warm 0 cold 0
hot 1 warm 0 cold 0
hot 1 warm 0 cold 0
hot 1 warm 0 cold 0
hot 1 warm 0 cold 0
hot 1 warm 0 cold 0
hot 1 warm 0 cold 0
hot 1 warm 0 cold 0
hot 1 warm 0 cold 0
hot 1 warm 0 cold 0
hot 1 warm 0 cold 0
hot 1 warm 0 cold 0
hot 1 warm 0 cold 0
hot 1 warm 0 cold 0
hot 1 warm 0 cold 0
hot 1 warm 0 cold 0
hot 521 warm 0 cold 63
hot 38920 warm 0 cold 2
hot 423944 warm 0 cold 0
hot 442377 warm 0 cold 0
hot 549897 warm 0 cold 0
hot 696329 warm 0 cold 0
hot 818185 warm 0 cold 0
hot 131016 warm 261632 cold 545857
hot 132591 warm 0 cold 958490
hot 144913 warm 0 cold 1092600
hot 196650 warm 196096 cold 1006047
hot 280643 warm 112128 cold 1196486
hot 348760 warm 0 cold 1461169
hot 131183 warm 246784 cold 1694106
hot 131195 warm 259072 cold 1997198
hot 131210 warm 260608 cold 2448767
hot 131224 warm 261120 cold 3029873
hot 131246 warm 261120 cold 3882331
hot 63689 warm 261120 cold 4356415
hot 147716 warm 261120 cold 4447492
hot 147737 warm 261120 cold 4520175
hot 147763 warm 261120 cold 4582613
hot 147779 warm 261632 cold 4639941
hot 148304 warm 261120 cold 4661432
hot 153965 warm 256512 cold 4670619
hot 220034 warm 199680 cold 4663430
hot 23565 warm 0 cold 4369535
hot 403470 warm 0 cold 4369534
hot 409615 warm 0 cold 4369533
hot 209 warm 0 cold 4785083
hot 297 warm 0 cold 4792163
hot 361 warm 0 cold 4798243
hot 422 warm 451175 cold 4369535
hot 131046 warm 338983 cold 4370047
hot 131095 warm 356855 cold 4370046
hot 131136 warm 374222 cold 4370558
hot 131168 warm 384943 cold 4370557
hot 131196 warm 393107 cold 4370557
hot 131209 warm 396678 cold 4371581
hot 131222 warm 398716 cold 4371578
hot 131228 warm 401782 cold 4371578
hot 131238 warm 404847 cold 4371575
hot 131245 warm 410474 cold 4372085
hot 137395 warm 417131 cold 4374126
hot 37055 warm 417128 cold 4375140
hot 170199 warm 528729 cold 4375131
hot 170723 warm 528720 cold 4376664
hot 170737 warm 529731 cold 4377175
hot 171268 warm 533299 cold 4377172
hot 171289 warm 535841 cold 4377169
hot 171295 warm 535835 cold 4377681
hot 171303 warm 535827 cold 4377681
hot 10771 warm 0 cold 4377681
hot 399379 warm 2 cold 4377680
hot 407571 warm 0 cold 4377682
hot 412179 warm 0 cold 4377682
hot 419859 warm 0 cold 4377682
hot 2 warm 425473 cold 4377698
hot 2 warm 432641 cold 4377698
hot 2 warm 441857 cold 4377698
hot 4 warm 448511 cold 4377698
hot 5 warm 455678 cold 4377698
hot 6 warm 460797 cold 4377698
hot 8 warm 464379 cold 4377698
hot 11 warm 468984 cold 4377698
hot 13 warm 474102 cold 4377698
hot 15 warm 478708 cold 4377698
hot 1 warm 4116 cold 1035804
hot 1 warm 18478 cold 4879805
hot 4 warm 25178 cold 4879758
hot 30851 warm 493474 cold 4386247
hot 36005 warm 493440 cold 4386247
hot 39095 warm 493422 cold 4386247
hot 46791 warm 491358 cold 4386247
hot 124627 warm 426323 cold 4386246
hot 98644 warm 362705 cold 4386246
hot 317781 warm 0 cold 4748950
hot 329045 warm 0 cold 4748950
hot 338774 warm 0 cold 4748949
hot 338776 warm 0 cold 4748947
hot 160769 warm 0 cold 4926954
hot 160769 warm 0 cold 4926954
hot 160769 warm 0 cold 4926954
hot 160769 warm 178008 cold 4748946
hot 160770 warm 178007 cold 4748946
hot 160770 warm 179033 cold 4748944
hot 5121 warm 0 cold 4386249
hot 397825 warm 0 cold 4386249
hot 1 warm 0 cold 4792777
hot 1 warm 0 cold 4802505
hot 1 warm 0 cold 4810697
hot 1 warm 0 cold 4818377
hot 1 warm 440832 cold 4386249
hot 1 warm 454144 cold 4386249
hot 1 warm 474112 cold 4386249
hot 1 warm 487936 cold 4386249
hot 1 warm 501760 cold 4386249
hot 1 warm 514048 cold 4386249
hot 1 warm 518144 cold 4386249
hot 1 warm 521728 cold 4386249
hot 1 warm 525312 cold 4386249
hot 1 warm 527360 cold 4386249
hot 1 warm 530944 cold 4386249
hot 1 warm 538624 cold 4386249
hot 13825 warm 540160 cold 4386249
hot 49153 warm 419327 cold 4386249
hot 169985 warm 466943 cold 4386249
hot 169985 warm 468479 cold 4386249
hot 170497 warm 471551 cold 4386249
hot 172545 warm 473599 cold 4386249
hot 172545 warm 473599 cold 4386249
hot 172545 warm 473599 cold 4386249
hot 172545 warm 473599 cold 4386249
hot 3072 warm 0 cold 4386249
hot 393216 warm 0 cold 4386249
hot 411648 warm 0 cold 4386249
hot 427008 warm 0 cold 4386249
hot 440832 warm 0 cold 4386249
hot 453632 warm 0 cold 4386249
hot 464896 warm 0 cold 4386249
hot 472064 warm 0 cold 4386249
hot 484352 warm 0 cold 4386249
hot 493056 warm 0 cold 4386249
hot 503296 warm 0 cold 4386249
hot 507392 warm 0 cold 4386249
hot 512512 warm 0 cold 4386249
hot 519680 warm 0 cold 4386249
hot 524800 warm 0 cold 4386249
hot 528896 warm 0 cold 4386249
hot 534528 warm 0 cold 4386249
hot 547328 warm 0 cold 4386249
hot 490495 warm 0 cold 4386249
hot 598527 warm 0 cold 4386249
hot 693247 warm 0 cold 4386249
hot 693247 warm 0 cold 4386249
hot 693247 warm 0 cold 4386249
hot 693759 warm 0 cold 4386249
hot 693759 warm 0 cold 4386249
hot 693759 warm 0 cold 4386249
hot 694783 warm 0 cold 4386249
hot 696319 warm 0 cold 4386249
hot 5632 warm 0 cold 4386249
hot 396288 warm 0 cold 4386249
hot 402432 warm 0 cold 4386249
hot 426496 warm 0 cold 4386249
hot 442368 warm 0 cold 4386249
hot 455168 warm 0 cold 4386249
hot 476160 warm 0 cold 4386249
hot 492032 warm 0 cold 4386249
hot 501760 warm 0 cold 4386249
hot 509952 warm 0 cold 4386249
hot 519680 warm 0 cold 4386249
hot 523264 warm 0 cold 4386249
hot 525824 warm 0 cold 4386249
hot 528384 warm 0 cold 4386249
hot 530944 warm 0 cold 4386249
hot 537088 warm 0 cold 4386249
hot 157713 warm 0 cold 653314
hot 495652 warm 0 cold 4386776
hot 690724 warm 0 cold 4386776
hot 703524 warm 0 cold 4386776
hot 703524 warm 0 cold 4386776
hot 703524 warm 0 cold 4386776
hot 703524 warm 0 cold 4386776
hot 704036 warm 0 cold 4386776
hot 707620 warm 0 cold 4386776
hot 3584 warm 0 cold 4386776
hot 393216 warm 0 cold 4386776
hot 411136 warm 0 cold 4386776
hot 440832 warm 0 cold 4386776
hot 467456 warm 0 cold 4386776
hot 478208 warm 0 cold 4386776
hot 492032 warm 0 cold 4386776
hot 503808 warm 0 cold 4386776
hot 512512 warm 0 cold 4386776
hot 517120 warm 0 cold 4386776
hot 519168 warm 0 cold 4386776
hot 523264 warm 0 cold 4386776
hot 526336 warm 0 cold 4386776
hot 528384 warm 0 cold 4386776
hot 530432 warm 0 cold 4386776
hot 534016 warm 0 cold 4386776
hot 541184 warm 0 cold 4387288
hot 558080 warm 0 cold 4387288
hot 550911 warm 0 cold 4387288
hot 698879 warm 0 cold 4387288
hot 702463 warm 0 cold 4387288
hot 702975 warm 0 cold 4387288
hot 703487 warm 0 cold 4387288
hot 703999 warm 0 cold 4387288
hot 705023 warm 0 cold 4387288
hot 705023 warm 0 cold 4387288
hot 705023 warm 0 cold 4387288
hot 9728 warm 0 cold 4387288
hot 401920 warm 0 cold 4387288
hot 422400 warm 0 cold 4387288
hot 438784 warm 0 cold 4387288
hot 456704 warm 0 cold 4387288
hot 468992 warm 0 cold 4387288
hot 476672 warm 0 cold 4387288
hot 486912 warm 0 cold 4387288
hot 496640 warm 0 cold 4387288
hot 502272 warm 0 cold 4387288
hot 509952 warm 0 cold 4387288
hot 514048 warm 0 cold 4387288
hot 519680 warm 0 cold 4387288
hot 525312 warm 0 cold 4387288
hot 526848 warm 0 cold 4387288
hot 527872 warm 0 cold 4387288
hot 529920 warm 0 cold 4387288
hot 534528 warm 0 cold 4387288
hot 544768 warm 0 cold 4387288
hot 572928 warm 0 cold 4387288
hot 669695 warm 0 cold 4387288
hot 710143 warm 0 cold 4387288
hot 710655 warm 0 cold 4387288
hot 710655 warm 0 cold 4387288
hot 710655 warm 0 cold 4387288
hot 710655 warm 0 cold 4387288
hot 710655 warm 0 cold 4387288
hot 710655 warm 0 cold 4387288
hot 710655 warm 0 cold 4387288
hot 711167 warm 0 cold 4387288
hot 10240 warm 0 cold 4387288
hot 400384 warm 0 cold 4387288
hot 432640 warm 0 cold 4387288
hot 455680 warm 0 cold 4387288
hot 476160 warm 0 cold 4387288
hot 491008 warm 0 cold 4387288
hot 501760 warm 0 cold 4387288
hot 510976 warm 0 cold 4387288
hot 516608 warm 0 cold 4387288
hot 519680 warm 0 cold 4387288
hot 522240 warm 0 cold 4387288
hot 523776 warm 0 cold 4387288
hot 526336 warm 0 cold 4387288
hot 527360 warm 0 cold 4387288
hot 528896 warm 0 cold 4387288
hot 530944 warm 0 cold 4387288
hot 534528 warm 0 cold 4387288
hot 544453 warm 0 cold 3839792
hot 569029 warm 0 cold 4220722
hot 584388 warm 0 cold 4289842
hot 670916 warm 0 cold 4293426
hot 670916 warm 0 cold 4319538
hot 670916 warm 0 cold 4339506
hot 671428 warm 0 cold 4355378
hot 671428 warm 0 cold 4366131
hot 671428 warm 0 cold 4372787
hot 671940 warm 0 cold 4379955
hot 673988 warm 0 cold 4382003
hot 543427 warm 0 cold 4382003
hot 70656 warm 0 cold 4382003
hot 406528 warm 0 cold 4382003
hot 424448 warm 0 cold 4382003
hot 440832 warm 0 cold 4382003
hot 453632 warm 0 cold 4382003
hot 464896 warm 0 cold 4382003
hot 478720 warm 0 cold 4382003
hot 489472 warm 0 cold 4382003
hot 498176 warm 0 cold 4382003
hot 502784 warm 0 cold 4382003
hot 508928 warm 0 cold 4382003
hot 517120 warm 0 cold 4382003
hot 520704 warm 0 cold 4382003
hot 523776 warm 0 cold 4382004
hot 527872 warm 0 cold 4382004
hot 531456 warm 0 cold 4382516
hot 538624 warm 0 cold 4383028
hot 558592 warm 0 cold 4383029
hot 582655 warm 0 cold 4383030
hot 683007 warm 0 cold 4383030
hot 706047 warm 0 cold 4384054
hot 706047 warm 0 cold 4384054
hot 706559 warm 0 cold 4384054
hot 706559 warm 0 cold 4384054
hot 706559 warm 0 cold 4384054
hot 707071 warm 0 cold 4384055
hot 707071 warm 0 cold 4384055
hot 577534 warm 0 cold 4384055
