anon 0
anon_thp 0
anon 266084352
anon_thp 264241152
anon 534519808
anon_thp 532676608
anon 805052416
anon_thp 803209216
anon 1080279040
anon_thp 1075838976
anon 1369686016
anon_thp 1365245952
anon 1659092992
anon_thp 1654652928
anon 1950597120
anon_thp 1946157056
anon 2240004096
anon_thp 2235564032
anon 2527313920
anon_thp 2522873856
anon 2812526592
anon_thp 2808086528
anon 3104030720
anon_thp 3099590656
anon 3399729152
anon_thp 3395289088
anon 3693330432
anon_thp 3688890368
anon 3984834560
anon_thp 3980394496
anon 4265852928
anon_thp 4261412864
anon 4567842816
anon_thp 4563402752
anon 4865638400
anon_thp 4861198336
anon 5163433984
anon_thp 5158993920
anon 5448646656
anon_thp 5444206592
anon 5740150784
anon_thp 5735710720
anon 6025363456
anon_thp 6020923392
anon 6318964736
anon_thp 6314524672
anon 6614663168
anon_thp 6610223104
anon 6904070144
anon_thp 6899630080
anon 7193477120
anon_thp 7189037056
anon 7482884096
anon_thp 7478444032
anon 7780679680
anon_thp 7776239616
anon 8065892352
anon_thp 8061452288
anon 8359493632
anon_thp 8355053568
anon 8646803456
anon_thp 8642363392
anon 8946696192
anon_thp 8942256128
anon 9238200320
anon_thp 9233760256
anon 9531801600
anon_thp 9527361536
anon 9827500032
anon_thp 9823059968
anon 10119004160
anon_thp 10114564096
anon 10418896896
anon_thp 10414456832
anon 10708303872
anon_thp 10703863808
anon 11001905152
anon_thp 10997465088
anon 11295506432
anon_thp 11291066368
anon 11587010560
anon_thp 11582570496
anon 11876417536
anon_thp 11871977472
anon 12176310272
anon_thp 12171870208
anon 12469911552
anon_thp 12465471488
anon 12765609984
anon_thp 12761169920
anon 13050822656
anon_thp 13046382592
anon 13354909696
anon_thp 13350469632
anon 13652705280
anon_thp 13648265216
anon 13944209408
anon_thp 13939769344
anon 14237810688
anon_thp 14233370624
anon 14533509120
anon_thp 14529069056
anon 14820818944
anon_thp 14816378880
anon 15112323072
anon_thp 15107883008
anon 15401730048
anon_thp 15397289984
anon 15697428480
anon_thp 15692988416
anon 15988932608
anon_thp 15984492544
anon 16280436736
anon_thp 16275996672
anon 16569843712
anon_thp 16565403648
anon 16863444992
anon_thp 16859004928
anon 17157046272
anon_thp 17152606208
anon 17440161792
anon_thp 17435721728
anon 17716985856
anon_thp 17712545792
anon 18210455552
anon_thp 18203279360
anon 19847266304
anon_thp 19836960768
anon 20689907712
anon_thp 20673724416
anon 20725559296
anon_thp 20709376000
anon 20765405184
anon_thp 20749221888
anon 20794765312
anon_thp 20778582016
anon 20813639680
anon_thp 20797456384
anon 20828319744
anon_thp 20812136448
anon 20840902656
anon_thp 20824719360
anon 20851388416
anon_thp 20835205120
anon 20859777024
anon_thp 20843593728
anon 20868165632
anon_thp 20851982336
anon 20874457088
anon_thp 20858273792
anon 20880748544
anon_thp 20864565248
anon 20884942848
anon_thp 20868759552
anon 20889137152
anon_thp 20872953856
anon 20893331456
anon_thp 20877148160
anon 20895428608
anon_thp 20879245312
anon 20897525760
anon_thp 20881342464
anon 20897525760
anon_thp 20881342464
anon 20897525760
anon_thp 20881342464
anon 20897525760
anon_thp 20881342464
anon 20897525760
anon_thp 20881342464
anon 20897525760
anon_thp 20881342464
anon 20897525760
anon_thp 20881342464
anon 20897525760
anon_thp 20881342464
anon 19630272512
anon_thp 19618856960
anon 20685713408
anon_thp 20669530112
anon 20723462144
anon_thp 20707278848
anon 20744433664
anon_thp 20728250368
anon 20761210880
anon_thp 20745027584
anon 20773793792
anon_thp 20757610496
anon 20790571008
anon_thp 20774387712
anon 20813639680
anon_thp 20797456384
anon 20830416896
anon_thp 20814233600
anon 20842999808
anon_thp 20826816512
anon 20853485568
anon_thp 20837302272
anon 20861874176
anon_thp 20845690880
anon 20870262784
anon_thp 20854079488
anon 20876554240
anon_thp 20860370944
anon 20882845696
anon_thp 20866662400
anon 20889137152
anon_thp 20872953856
anon 20893331456
anon_thp 20877148160
anon 20895428608
anon_thp 20879245312
anon 20725559296
anon_thp 20709376000
anon 20897525760
anon_thp 20881342464
anon 20897525760
anon_thp 20881342464
anon 20897525760
anon_thp 20881342464
anon 20897525760
anon_thp 20881342464
anon 20897525760
anon_thp 20881342464
anon 20897525760
anon_thp 20881342464
anon 20897525760
anon_thp 20881342464
anon 19642855424
anon_thp 19631439872
anon 20687810560
anon_thp 20671627264
anon 20725559296
anon_thp 20709376000
anon 20746530816
anon_thp 20730347520
anon 20763308032
anon_thp 20747124736
anon 20775890944
anon_thp 20759707648
anon 20788473856
anon_thp 20772290560
anon 20796862464
anon_thp 20780679168
anon 20805251072
anon_thp 20789067776
anon 20811542528
anon_thp 20795359232
anon 20817833984
anon_thp 20801650688
anon 20824125440
anon_thp 20807942144
anon 20830416896
anon_thp 20814233600
anon 20834611200
anon_thp 20818427904
anon 20840902656
anon_thp 20824719360
anon 20851388416
anon_thp 20835205120
anon 20861874176
anon_thp 20845690880
anon 20870262784
anon_thp 20854079488
anon 20876554240
anon_thp 20860370944
anon 20882845696
anon_thp 20866662400
anon 20889137152
anon_thp 20872953856
anon 20893331456
anon_thp 20877148160
anon 20895428608
anon_thp 20879245312
anon 20897525760
anon_thp 20881342464
anon 20897525760
anon_thp 20881342464
anon 20897525760
anon_thp 20881342464
anon 20897525760
anon_thp 20881342464
anon 20897525760
anon_thp 20881342464
anon 20897525760
anon_thp 20881342464
anon 20897525760
anon_thp 20881342464
anon 20897525760
anon_thp 20881342464
anon 20897525760
anon_thp 20881342464
anon 20897525760
anon_thp 20881342464
anon 20897525760
anon_thp 20881342464
anon 19749810176
anon_thp 19738394624
anon 20692004864
anon_thp 20675821568
anon 20725559296
anon_thp 20709376000
anon 20746530816
anon_thp 20730347520
anon 20763308032
anon_thp 20747124736
anon 20775890944
anon_thp 20759707648
anon 20786376704
anon_thp 20770193408
anon 20798959616
anon_thp 20782776320
anon 20817833984
anon_thp 20801650688
anon 20834611200
anon_thp 20818427904
anon 20845096960
anon_thp 20828913664
anon 20855582720
anon_thp 20839399424
anon 20866068480
anon_thp 20849885184
anon 20872359936
anon_thp 20856176640
anon 20878651392
anon_thp 20862468096
anon 20884942848
anon_thp 20868759552
anon 20889137152
anon_thp 20872953856
anon 20893331456
anon_thp 20877148160
anon 20895428608
anon_thp 20879245312
anon 20897525760
anon_thp 20881342464
anon 20897525760
anon_thp 20881342464
anon 20897525760
anon_thp 20881342464
anon 20897525760
anon_thp 20881342464
anon 20897525760
anon_thp 20881342464
anon 20897525760
anon_thp 20881342464
anon 20897525760
anon_thp 20881342464
anon 20897525760
anon_thp 20881342464
anon 19703672832
anon_thp 19692257280
anon 20687810560
anon_thp 20671627264
anon 20746530816
anon_thp 20730347520
anon 20777988096
anon_thp 20761804800
anon 20801056768
anon_thp 20784873472
anon 20815736832
anon_thp 20799553536
anon 20830416896
anon_thp 20814233600
anon 20840902656
anon_thp 20824719360
anon 20849291264
anon_thp 20833107968
anon 20857679872
anon_thp 20841496576
anon 20863971328
anon_thp 20847788032
anon 20870262784
anon_thp 20854079488
anon 20876554240
anon_thp 20860370944
anon 20880748544
anon_thp 20864565248
anon 20884942848
anon_thp 20868759552
anon 20889137152
anon_thp 20872953856
anon 20893331456
anon_thp 20877148160
anon 20895428608
anon_thp 20879245312
anon 20897525760
anon_thp 20881342464
anon 20897525760
anon_thp 20881342464
anon 20897525760
anon_thp 20881342464
anon 20897525760
anon_thp 20881342464
anon 20897525760
anon_thp 20881342464
anon 20897525760
anon_thp 20881342464
anon 20897525760
anon_thp 20881342464
anon 20897525760
anon_thp 20881342464
anon 20897525760
anon_thp 20881342464
anon 20897525760
anon_thp 20881342464
anon 19858862080
anon_thp 19847446528
anon 20694102016
anon_thp 20677918720
anon 20727656448
anon_thp 20711473152
anon 20771696640
anon_thp 20755513344
anon 20796862464
anon_thp 20780679168
anon 20815736832
anon_thp 20799553536
anon 20830416896
anon_thp 20814233600
anon 20842999808
anon_thp 20826816512
anon 20851388416
anon_thp 20835205120
anon 20861874176
anon_thp 20845690880
anon 20868165632
anon_thp 20851982336
anon 20874457088
anon_thp 20858273792
anon 20880748544
anon_thp 20864565248
anon 20884942848
anon_thp 20868759552
anon 20889137152
anon_thp 20872953856
anon 20893331456
anon_thp 20877148160
anon 20895428608
anon_thp 20879245312
anon 20897845248
anon_thp 20885536768
anon 20897845248
anon_thp 20885536768
anon 20897845248
anon_thp 20885536768
anon 20897845248
anon_thp 20885536768
anon 20897845248
anon_thp 20885536768
anon 20897845248
anon_thp 20885536768
anon 20897845248
anon_thp 20885536768
anon 20897845248
anon_thp 20885536768
anon 18633490432
anon_thp 18626904064
anon 20671352832
anon_thp 20659044352
anon 20723781632
anon_thp 20711473152
anon 20767821824
anon_thp 20755513344
anon 20792987648
anon_thp 20780679168
anon 20813959168
anon_thp 20801650688
anon 20828639232
anon_thp 20816330752
anon 20839124992
anon_thp 20826816512
anon 20849610752
anon_thp 20837302272
anon 20857999360
anon_thp 20845690880
anon 20864290816
anon_thp 20851982336
anon 20870582272
anon_thp 20858273792
anon 20876873728
anon_thp 20864565248
anon 20881068032
anon_thp 20868759552
anon 20887359488
anon_thp 20875051008
anon 20891553792
anon_thp 20879245312
anon 20893650944
anon_thp 20881342464
anon 20895748096
anon_thp 20883439616
anon 20897845248
anon_thp 20885536768
anon 20897845248
anon_thp 20885536768
anon 20897845248
anon_thp 20885536768
anon 20897845248
anon_thp 20885536768
anon 20897845248
anon_thp 20885536768
anon 20897845248
anon_thp 20885536768
anon 20897845248
anon_thp 20885536768
anon 20897845248
anon_thp 20885536768
anon 20897845248
anon_thp 20885536768
anon 19848695808
anon_thp 19841155072
anon 20702810112
anon_thp 20690501632
anon 20751044608
anon_thp 20738736128
anon 20778307584
anon_thp 20765999104
anon 20797181952
anon_thp 20784873472
anon 20813959168
anon_thp 20801650688
anon 20824444928
anon_thp 20812136448
anon 20834930688
anon_thp 20822622208
anon 20843319296
anon_thp 20831010816
anon 20851707904
anon_thp 20839399424
anon 20857999360
anon_thp 20845690880
anon 20864290816
anon_thp 20851982336
anon 20870582272
anon_thp 20858273792
anon 20874776576
anon_thp 20862468096
anon 20878970880
anon_thp 20866662400
anon 20883165184
anon_thp 20870856704
anon 20887359488
anon_thp 20875051008
anon 20891553792
anon_thp 20879245312
anon 20895748096
anon_thp 20883439616
anon 20895748096
anon_thp 20883439616
anon 20897845248
anon_thp 20885536768
anon 20897845248
anon_thp 20885536768
anon 20897845248
anon_thp 20885536768
anon 20897845248
anon_thp 20885536768
anon 20897845248
anon_thp 20885536768
anon 20897845248
anon_thp 20885536768
anon 20897845248
anon_thp 20885536768
anon 20897845248
anon_thp 20885536768
anon 20897845248
anon_thp 20885536768
anon 20897845248
anon_thp 20885536768
anon 19380076544
anon_thp 19373490176
anon 20683935744
anon_thp 20671627264
anon 20740558848
anon_thp 20728250368
anon 20774113280
anon_thp 20761804800
anon 20797181952
anon_thp 20784873472
anon 20813959168
anon_thp 20801650688
anon 20826542080
anon_thp 20814233600
anon 20837027840
anon_thp 20824719360
anon 20847513600
anon_thp 20835205120
anon 20853805056
anon_thp 20841496576
anon 20862193664
anon_thp 20849885184
anon 20868485120
anon_thp 20856176640
anon 20872679424
anon_thp 20860370944
anon 20878970880
anon_thp 20866662400
anon 20883165184
anon_thp 20870856704
anon 20887359488
anon_thp 20875051008
anon 20891553792
anon_thp 20879245312
anon 20895748096
anon_thp 20883439616
anon 20897845248
anon_thp 20885536768
anon 20897845248
anon_thp 20885536768
anon 20897845248
anon_thp 20885536768
anon 20897845248
anon_thp 20885536768
anon 20897845248
anon_thp 20885536768
anon 20897845248
anon_thp 20885536768
anon 20897845248
anon_thp 20885536768
anon 20897845248
anon_thp 20885536768
anon 20897845248
anon_thp 20885536768
anon 20897845248
anon_thp 20885536768
anon 20360970240
anon_thp 20350763008
anon 20646002688
anon_thp 20633878528
anon 20719587328
anon_thp 20707278848
anon 20763627520
anon_thp 20751319040
anon 20788793344
anon_thp 20776484864
anon 20807667712
anon_thp 20795359232
anon 20822347776
anon_thp 20810039296
anon 20834930688
anon_thp 20822622208
anon 20845416448
anon_thp 20833107968
anon 20853805056
anon_thp 20841496576
anon 20860096512
anon_thp 20847788032
anon 20866387968
anon_thp 20854079488
anon 20872679424
anon_thp 20860370944
anon 20878970880
anon_thp 20866662400
anon 20883165184
anon_thp 20870856704
anon 20887359488
anon_thp 20875051008
anon 20891553792
anon_thp 20879245312
anon 20893650944
anon_thp 20881342464
anon 20895748096
anon_thp 20883439616
anon 20897845248
anon_thp 20885536768
anon 20897845248
anon_thp 20885536768
anon 20897845248
anon_thp 20885536768
anon 20897845248
anon_thp 20885536768
anon 20897845248
anon_thp 20885536768
anon 20897845248
anon_thp 20885536768
anon 20897845248
anon_thp 20885536768
anon 20897845248
anon_thp 20885536768
anon 20897845248
anon_thp 20885536768
anon 20360970240
anon_thp 20350763008
