pgmigrate_success 18698268
pgmigrate_success 18698272
pgmigrate_success 18698272
pgmigrate_success 18698272
pgmigrate_success 18698272
pgmigrate_success 18698272
pgmigrate_success 18698272
pgmigrate_success 18698272
pgmigrate_success 18698272
pgmigrate_success 18698272
pgmigrate_success 18698272
pgmigrate_success 18698272
pgmigrate_success 18698272
pgmigrate_success 18698272
pgmigrate_success 18698272
pgmigrate_success 18698272
pgmigrate_success 18698272
pgmigrate_success 18698272
pgmigrate_success 18698272
pgmigrate_success 18698272
pgmigrate_success 18698272
pgmigrate_success 18698272
pgmigrate_success 18698272
pgmigrate_success 18698272
pgmigrate_success 18698272
pgmigrate_success 18698272
pgmigrate_success 18698272
pgmigrate_success 18698272
pgmigrate_success 18698272
pgmigrate_success 18698272
pgmigrate_success 18698272
pgmigrate_success 18698272
pgmigrate_success 18698272
pgmigrate_success 18698272
pgmigrate_success 18698272
pgmigrate_success 18698272
pgmigrate_success 18698272
pgmigrate_success 18698272
pgmigrate_success 18698272
pgmigrate_success 18698272
pgmigrate_success 18698272
pgmigrate_success 18698272
pgmigrate_success 18698272
pgmigrate_success 18698272
pgmigrate_success 18698272
pgmigrate_success 18698272
pgmigrate_success 18698272
pgmigrate_success 18698272
pgmigrate_success 18698272
pgmigrate_success 18698272
pgmigrate_success 18698272
pgmigrate_success 18698272
pgmigrate_success 18698272
pgmigrate_success 18698272
pgmigrate_success 18698272
pgmigrate_success 18698272
pgmigrate_success 18698272
pgmigrate_success 18698272
pgmigrate_success 18698272
pgmigrate_success 18698272
pgmigrate_success 18698272
pgmigrate_success 18698272
pgmigrate_success 18698272
pgmigrate_success 18698272
pgmigrate_success 18704929
pgmigrate_success 18742870
pgmigrate_success 18891612
pgmigrate_success 18891631
pgmigrate_success 18891695
pgmigrate_success 18891695
pgmigrate_success 18942394
pgmigrate_success 18942906
pgmigrate_success 18942906
pgmigrate_success 18942906
pgmigrate_success 18942906
pgmigrate_success 18942906
pgmigrate_success 18942906
pgmigrate_success 19036099
pgmigrate_success 19040743
pgmigrate_success 19095532
pgmigrate_success 19095532
pgmigrate_success 19095532
pgmigrate_success 19095532
pgmigrate_success 19095532
pgmigrate_success 19127351
pgmigrate_success 19226172
pgmigrate_success 19314237
pgmigrate_success 19314749
pgmigrate_success 19314749
pgmigrate_success 19314749
pgmigrate_success 19314749
pgmigrate_success 19314749
pgmigrate_success 19314749
pgmigrate_success 19314749
pgmigrate_success 19314749
pgmigrate_success 19314749
pgmigrate_success 19314840
pgmigrate_success 19314879
pgmigrate_success 19366761
pgmigrate_success 19392645
pgmigrate_success 19392645
pgmigrate_success 19392645
pgmigrate_success 19392645
pgmigrate_success 19392645
pgmigrate_success 19396252
pgmigrate_success 19416732
pgmigrate_success 19579550
pgmigrate_success 19579550
pgmigrate_success 19579550
pgmigrate_success 19579550
pgmigrate_success 19580062
pgmigrate_success 19580062
pgmigrate_success 19580062
pgmigrate_success 19581087
pgmigrate_success 19581250
pgmigrate_success 19581307
pgmigrate_success 19581365
pgmigrate_success 19581419
pgmigrate_success 19581427
pgmigrate_success 19581427
pgmigrate_success 19581427
pgmigrate_success 19581499
pgmigrate_success 19603005
pgmigrate_success 19642430
pgmigrate_success 19642942
pgmigrate_success 19642942
pgmigrate_success 19642942
pgmigrate_success 19642942
pgmigrate_success 19642942
pgmigrate_success 19642942
pgmigrate_success 19642942
pgmigrate_success 19653188
pgmigrate_success 19830343
pgmigrate_success 19830558
pgmigrate_success 19830558
pgmigrate_success 19831070
pgmigrate_success 19831070
pgmigrate_success 19831070
pgmigrate_success 19831186
pgmigrate_success 19831204
pgmigrate_success 19831219
pgmigrate_success 19831237
pgmigrate_success 19831268
pgmigrate_success 19831283
pgmigrate_success 19846651
pgmigrate_success 19920892
pgmigrate_success 19920892
pgmigrate_success 19920892
pgmigrate_success 19920892
pgmigrate_success 19920892
pgmigrate_success 19921405
pgmigrate_success 19948029
pgmigrate_success 20108798
pgmigrate_success 20108798
pgmigrate_success 20108801
pgmigrate_success 20108801
pgmigrate_success 20108801
pgmigrate_success 20108801
pgmigrate_success 20108801
pgmigrate_success 20108801
pgmigrate_success 20108801
pgmigrate_success 20108801
pgmigrate_success 20108801
pgmigrate_success 20129281
pgmigrate_success 20192770
pgmigrate_success 20193455
pgmigrate_success 20193456
pgmigrate_success 20193456
pgmigrate_success 20193456
pgmigrate_success 20193482
pgmigrate_success 20193482
pgmigrate_success 20193482
pgmigrate_success 20199122
pgmigrate_success 20381394
pgmigrate_success 20381394
pgmigrate_success 20381394
pgmigrate_success 20381394
pgmigrate_success 20381397
pgmigrate_success 20381397
pgmigrate_success 20381400
pgmigrate_success 20381400
pgmigrate_success 20381400
pgmigrate_success 20381400
pgmigrate_success 20381400
pgmigrate_success 20459233
pgmigrate_success 20459745
pgmigrate_success 20459745
pgmigrate_success 20459745
pgmigrate_success 20459745
pgmigrate_success 20459745
pgmigrate_success 20459745
pgmigrate_success 20459745
pgmigrate_success 20469989
pgmigrate_success 20647142
pgmigrate_success 20647657
pgmigrate_success 20647660
pgmigrate_success 20647660
pgmigrate_success 20647868
pgmigrate_success 20647868
pgmigrate_success 20647868
pgmigrate_success 20647868
pgmigrate_success 20649393
pgmigrate_success 20649393
pgmigrate_success 20649393
pgmigrate_success 20649393
pgmigrate_success 20730805
pgmigrate_success 20730805
pgmigrate_success 20730805
pgmigrate_success 20730805
pgmigrate_success 20730805
pgmigrate_success 20730805
pgmigrate_success 20730805
pgmigrate_success 20730805
pgmigrate_success 20742069
pgmigrate_success 20918715
pgmigrate_success 20918715
pgmigrate_success 20918715
pgmigrate_success 20918715
pgmigrate_success 20918715
pgmigrate_success 20918715
pgmigrate_success 20918719
pgmigrate_success 20918719
pgmigrate_success 20918719
pgmigrate_success 20918719
pgmigrate_success 20919231
pgmigrate_success 20919743
pgmigrate_success 20919743
pgmigrate_success 20983250
pgmigrate_success 20983250
pgmigrate_success 20983431
pgmigrate_success 20983431
pgmigrate_success 20983431
pgmigrate_success 20983431
pgmigrate_success 20983431
pgmigrate_success 20983431
pgmigrate_success 20983431
pgmigrate_success 20983431
pgmigrate_success 20994184
pgmigrate_success 21170827
pgmigrate_success 21170827
pgmigrate_success 21170827
pgmigrate_success 21171339
pgmigrate_success 21171339
pgmigrate_success 21171339
pgmigrate_success 21171339
pgmigrate_success 21171339
pgmigrate_success 21171339
pgmigrate_success 21171339
pgmigrate_success 21171339
pgmigrate_success 21171339
pgmigrate_success 21175443
pgmigrate_success 21246623
pgmigrate_success 21246623
pgmigrate_success 21246623
pgmigrate_success 21246623
pgmigrate_success 21246623
pgmigrate_success 21246623
pgmigrate_success 21246623
pgmigrate_success 21246623
pgmigrate_success 21246623
pgmigrate_success 21256353
pgmigrate_success 21434575
pgmigrate_success 21434575
pgmigrate_success 21434575
pgmigrate_success 21434575
pgmigrate_success 21436133
pgmigrate_success 21436514
pgmigrate_success 21436514
pgmigrate_success 21436514
pgmigrate_success 21436514
pgmigrate_success 21436514
pgmigrate_success 21436514
pgmigrate_success 21436514
pgmigrate_success 21514368
pgmigrate_success 21514368
pgmigrate_success 21514368
pgmigrate_success 21514368
pgmigrate_success 21514368
pgmigrate_success 21514368
pgmigrate_success 21514368
pgmigrate_success 21514368
pgmigrate_success 21514368
