pgmigrate_success 152758645
pgmigrate_success 152758654
pgmigrate_success 152758656
pgmigrate_success 152758656
pgmigrate_success 152758657
pgmigrate_success 152758658
pgmigrate_success 152758659
pgmigrate_success 152758660
pgmigrate_success 152758661
pgmigrate_success 152758662
pgmigrate_success 152758663
pgmigrate_success 152758664
pgmigrate_success 152758665
pgmigrate_success 152758666
pgmigrate_success 152758667
pgmigrate_success 152758668
pgmigrate_success 152758669
pgmigrate_success 152758670
pgmigrate_success 152758671
pgmigrate_success 152758672
pgmigrate_success 152758673
pgmigrate_success 152758674
pgmigrate_success 152758675
pgmigrate_success 152758676
pgmigrate_success 152758677
pgmigrate_success 152758678
pgmigrate_success 152758679
pgmigrate_success 152758680
pgmigrate_success 152758681
pgmigrate_success 152758682
pgmigrate_success 152758683
pgmigrate_success 152758684
pgmigrate_success 152758685
pgmigrate_success 152758686
pgmigrate_success 152758687
pgmigrate_success 152758688
pgmigrate_success 152758689
pgmigrate_success 152758690
pgmigrate_success 152758691
pgmigrate_success 152758692
pgmigrate_success 152758693
pgmigrate_success 152758694
pgmigrate_success 152758695
pgmigrate_success 152758696
pgmigrate_success 152758697
pgmigrate_success 152758698
pgmigrate_success 152758699
pgmigrate_success 152758700
pgmigrate_success 152758701
pgmigrate_success 152758702
pgmigrate_success 152758703
pgmigrate_success 152758704
pgmigrate_success 152758705
pgmigrate_success 152758706
pgmigrate_success 152758707
pgmigrate_success 152758708
pgmigrate_success 152758709
pgmigrate_success 152758711
pgmigrate_success 152758712
pgmigrate_success 152758713
pgmigrate_success 152758714
pgmigrate_success 152758715
pgmigrate_success 152758716
pgmigrate_success 152758717
pgmigrate_success 152758718
pgmigrate_success 152758719
pgmigrate_success 152758720
pgmigrate_success 152758721
pgmigrate_success 152758722
pgmigrate_success 152758723
pgmigrate_success 152758724
pgmigrate_success 152758725
pgmigrate_success 152758726
pgmigrate_success 152758727
pgmigrate_success 152758728
pgmigrate_success 152758729
pgmigrate_success 152758730
pgmigrate_success 152758731
pgmigrate_success 152758732
pgmigrate_success 152758733
pgmigrate_success 152758734
pgmigrate_success 152758735
pgmigrate_success 152758736
pgmigrate_success 152758737
pgmigrate_success 152758737
pgmigrate_success 152758738
pgmigrate_success 152758739
pgmigrate_success 152758740
pgmigrate_success 152758741
pgmigrate_success 152758742
pgmigrate_success 152758743
pgmigrate_success 152758744
pgmigrate_success 152758745
pgmigrate_success 152758746
pgmigrate_success 152758747
pgmigrate_success 152758748
pgmigrate_success 152758749
pgmigrate_success 152758750
pgmigrate_success 152758751
pgmigrate_success 152758752
pgmigrate_success 152758753
pgmigrate_success 152758753
pgmigrate_success 152758754
pgmigrate_success 152758755
pgmigrate_success 152758756
pgmigrate_success 152758757
pgmigrate_success 152758758
pgmigrate_success 152758759
pgmigrate_success 152758760
pgmigrate_success 152758761
pgmigrate_success 152758762
pgmigrate_success 152758763
pgmigrate_success 152758764
pgmigrate_success 152758765
pgmigrate_success 152758766
pgmigrate_success 152758767
pgmigrate_success 152758768
pgmigrate_success 152758769
pgmigrate_success 152758770
pgmigrate_success 152758771
pgmigrate_success 152758772
pgmigrate_success 152758773
pgmigrate_success 152758774
pgmigrate_success 152758775
pgmigrate_success 152758776
pgmigrate_success 152758777
pgmigrate_success 152758778
pgmigrate_success 152758779
pgmigrate_success 152758780
pgmigrate_success 152758781
pgmigrate_success 152758782
pgmigrate_success 152758783
pgmigrate_success 152758784
pgmigrate_success 152803336
pgmigrate_success 152995849
pgmigrate_success 153186369
pgmigrate_success 153362393
pgmigrate_success 153486138
pgmigrate_success 153513283
pgmigrate_success 153639367
pgmigrate_success 153745414
pgmigrate_success 153835718
pgmigrate_success 153965255
pgmigrate_success 154189535
pgmigrate_success 154197728
pgmigrate_success 154197728
pgmigrate_success 154268983
pgmigrate_success 154268983
pgmigrate_success 154278221
pgmigrate_success 154298214
pgmigrate_success 154490727
pgmigrate_success 154682740
pgmigrate_success 154715243
pgmigrate_success 154730155
pgmigrate_success 154730155
pgmigrate_success 154730155
pgmigrate_success 154730155
pgmigrate_success 154730155
pgmigrate_success 154730155
pgmigrate_success 154859727
pgmigrate_success 154860239
pgmigrate_success 154860348
pgmigrate_success 154888004
pgmigrate_success 154968048
pgmigrate_success 154981885
pgmigrate_success 155055616
pgmigrate_success 155267073
pgmigrate_success 155391107
pgmigrate_success 155421055
pgmigrate_success 155444375
pgmigrate_success 155452057
pgmigrate_success 155452057
pgmigrate_success 155452057
pgmigrate_success 155452057
pgmigrate_success 155468953
pgmigrate_success 155509913
pgmigrate_success 155533466
pgmigrate_success 155665066
pgmigrate_success 155665066
pgmigrate_success 155665070
pgmigrate_success 155925707
pgmigrate_success 156021990
pgmigrate_success 156051180
pgmigrate_success 156051433
pgmigrate_success 156058612
pgmigrate_success 156228084
pgmigrate_success 156433401
pgmigrate_success 156479707
pgmigrate_success 156496687
pgmigrate_success 156519818
pgmigrate_success 156542438
pgmigrate_success 156571692
pgmigrate_success 156578373
pgmigrate_success 156597351
pgmigrate_success 156666492
pgmigrate_success 156818569
pgmigrate_success 156954255
pgmigrate_success 156958351
pgmigrate_success 156958351
pgmigrate_success 157005973
pgmigrate_success 157054620
pgmigrate_success 157249693
pgmigrate_success 157442214
pgmigrate_success 157499206
pgmigrate_success 157525893
pgmigrate_success 157537858
pgmigrate_success 157556349
pgmigrate_success 157568179
pgmigrate_success 157581541
pgmigrate_success 157607153
pgmigrate_success 157738536
pgmigrate_success 157739048
pgmigrate_success 157739048
pgmigrate_success 157781544
pgmigrate_success 158100508
pgmigrate_success 158121503
pgmigrate_success 158123039
pgmigrate_success 158124070
pgmigrate_success 158231084
pgmigrate_success 158509106
pgmigrate_success 158565092
pgmigrate_success 158592360
pgmigrate_success 158621098
pgmigrate_success 158645751
pgmigrate_success 158658097
pgmigrate_success 158664272
pgmigrate_success 158699115
pgmigrate_success 158795890
pgmigrate_success 158978697
pgmigrate_success 158978697
pgmigrate_success 158978697
pgmigrate_success 158978697
pgmigrate_success 158978697
pgmigrate_success 159062692
pgmigrate_success 159176884
pgmigrate_success 159274165
pgmigrate_success 159533488
pgmigrate_success 159556015
pgmigrate_success 159570386
pgmigrate_success 159570391
pgmigrate_success 159570391
pgmigrate_success 159570391
pgmigrate_success 159570391
pgmigrate_success 159712279
pgmigrate_success 159712279
pgmigrate_success 159712283
pgmigrate_success 159855156
pgmigrate_success 160062269
pgmigrate_success 160081730
pgmigrate_success 160104272
pgmigrate_success 160157527
pgmigrate_success 160294231
pgmigrate_success 160543728
pgmigrate_success 160569437
pgmigrate_success 160587945
pgmigrate_success 160600784
pgmigrate_success 160612627
pgmigrate_success 160623448
pgmigrate_success 160629639
pgmigrate_success 160637875
pgmigrate_success 160637876
pgmigrate_success 160744896
pgmigrate_success 160911390
pgmigrate_success 160911390
pgmigrate_success 160911458
pgmigrate_success 160912100
pgmigrate_success 160912101
pgmigrate_success 160957167
pgmigrate_success 161152751
pgmigrate_success 161358696
pgmigrate_success 161390572
pgmigrate_success 161407567
pgmigrate_success 161424544
pgmigrate_success 161435371
pgmigrate_success 161444634
pgmigrate_success 161452358
pgmigrate_success 161464667
pgmigrate_success 161513825
pgmigrate_success 161726526
pgmigrate_success 161726526
pgmigrate_success 161726526
pgmigrate_success 161727038
pgmigrate_success 161727038
pgmigrate_success 161727038
pgmigrate_success 161817171
pgmigrate_success 162003548
pgmigrate_success 162192996
pgmigrate_success 162297149
pgmigrate_success 162323361
pgmigrate_success 162329526
pgmigrate_success 162343937
pgmigrate_success 162349612
pgmigrate_success 162353718
pgmigrate_success 162353718
pgmigrate_success 162450009
pgmigrate_success 162484320
pgmigrate_success 162750648
pgmigrate_success 162829696
pgmigrate_success 162830208
pgmigrate_success 162830208
