anon 1077248
anon_thp 0
anon 169967616
anon_thp 167772160
anon 251748352
anon_thp 249561088
anon 411136000
anon_thp 408944640
anon 545349632
anon_thp 543162368
anon 677478400
anon_thp 675282944
anon 872513536
anon_thp 870318080
anon 1059155968
anon_thp 1056964608
anon 1269374976
anon_thp 1264582656
anon 1479086080
anon_thp 1474297856
anon 1594433536
anon_thp 1589641216
anon 1804148736
anon_thp 1799356416
anon 1902710784
anon_thp 1897922560
anon 2018058240
anon_thp 2013265920
anon 2221481984
anon_thp 2216689664
anon 2261323776
anon_thp 2256535552
anon 2403930112
anon_thp 2399141888
anon 2617839616
anon_thp 2613051392
anon 2785607680
anon_thp 2780823552
anon 2921926656
anon_thp 2917138432
anon 3079213056
anon_thp 3074424832
anon 3205042176
anon_thp 3200253952
anon 3418951680
anon_thp 3412066304
anon 3578339328
anon_thp 3571449856
anon 3664318464
anon_thp 3657433088
anon 3878227968
anon_thp 3835691008
anon 4052295680
anon_thp 3969908736
anon 4077457408
anon_thp 3995074560
anon 4098433024
anon_thp 4016046080
anon 4203286528
anon_thp 4120903680
anon 4415094784
anon_thp 4332716032
anon 4557705216
anon_thp 4475322368
anon 4595458048
anon_thp 4513071104
anon 4731768832
anon_thp 4649385984
anon 4899540992
anon_thp 4817158144
anon 5088280576
anon_thp 5005901824
anon 5302194176
anon_thp 5219811328
anon 5448990720
anon_thp 5366611968
anon 5646127104
anon_thp 5563744256
anon 5857943552
anon_thp 5775556608
anon 5971181568
anon_thp 5888802816
anon 6182998016
anon_thp 6100615168
anon 6371741696
anon_thp 6289358848
anon 6472409088
anon_thp 6390022144
anon 6686314496
anon_thp 6603931648
anon 6896029696
anon_thp 6813646848
anon 7109939200
anon_thp 7027556352
anon 7300780032
anon_thp 7218397184
anon 7510499328
anon_thp 7428112384
anon 7718113280
anon_thp 7635730432
anon 7921537024
anon_thp 7839154176
anon 8131248128
anon_thp 8048869376
anon 8278056960
anon_thp 8195670016
anon 8456314880
anon_thp 8373927936
anon 8661827584
anon_thp 8579448832
anon 8804442112
anon_thp 8722055168
anon 8993177600
anon_thp 8910798848
anon 9186119680
anon_thp 9103736832
anon 9358090240
anon_thp 9275703296
anon 9546829824
anon_thp 9464446976
anon 9756540928
anon_thp 9674162176
anon 9953677312
anon_thp 9871294464
anon 10014490624
anon_thp 9932111872
anon 10152906752
anon_thp 10070523904
anon 10318581760
anon_thp 10236198912
anon 10366816256
anon_thp 10284433408
anon 10572341248
anon_thp 10489954304
anon 10744299520
anon_thp 10661920768
anon 10859642880
anon_thp 10777264128
anon 10905780224
anon_thp 10823401472
anon 11071463424
anon_thp 10989076480
anon 11128086528
anon_thp 11045699584
anon 11333599232
anon_thp 11251220480
anon 11543322624
anon_thp 11460935680
anon 11753033728
anon_thp 11670650880
anon 11799175168
anon_thp 11716788224
anon 11805462528
anon_thp 11723079680
anon 11843211264
anon_thp 11760828416
anon 12008886272
anon_thp 11926503424
anon 12208115712
anon_thp 12125732864
anon 12415733760
anon_thp 12333350912
anon 12600287232
anon_thp 12517900288
anon 12774346752
anon_thp 12691963904
anon 12984061952
anon_thp 12901679104
anon 13183287296
anon_thp 13100908544
anon 13275570176
anon_thp 13193183232
anon 13434949632
anon_thp 13352566784
anon 13644668928
anon_thp 13562281984
anon 13827121152
anon_thp 13744734208
anon 13959237632
anon_thp 13876854784
anon 14114426880
anon_thp 14032044032
anon 14290587648
anon_thp 14208204800
anon 14485622784
anon_thp 14403239936
anon 14630326272
anon_thp 14547943424
anon 14819069952
anon_thp 14736687104
anon 15024586752
anon_thp 14942208000
anon 15209136128
anon_thp 15126757376
anon 15416758272
anon_thp 15334375424
anon 15622283264
anon_thp 15539896320
anon 15815217152
anon_thp 15732834304
anon 15993475072
anon_thp 15911092224
anon 16136081408
anon_thp 16053698560
anon 16266104832
anon_thp 16183721984
anon 16364666880
anon_thp 16282288128
anon 16538734592
anon_thp 16456351744
anon 16721182720
anon_thp 16638803968
anon 16926703616
anon_thp 16844324864
anon 17079803904
anon_thp 16997416960
anon 17272741888
anon_thp 17190354944
anon 17327267840
anon_thp 17244880896
anon 17507622912
anon_thp 17425235968
anon 17717338112
anon_thp 17634951168
anon 17872523264
anon_thp 17790140416
anon 18466152448
anon_thp 18316525568
anon 20669284352
anon_thp 20510146560
anon 20717522944
anon_thp 20558381056
anon 20753166336
anon_thp 20594032640
anon 20782530560
anon_thp 20623392768
anon 20807700480
anon_thp 20648558592
anon 20826574848
anon_thp 20667432960
anon 20839153664
anon_thp 20680015872
anon 20849643520
anon_thp 20690501632
anon 20855930880
anon_thp 20696793088
anon 20866412544
anon_thp 20707278848
anon 20874809344
anon_thp 20715667456
anon 20883197952
anon_thp 20724056064
anon 20889481216
anon_thp 20730347520
anon 20893679616
anon_thp 20734541824
anon 20895776768
anon_thp 20736638976
anon 20897869824
anon_thp 20738736128
anon 20897878016
anon_thp 20738736128
anon 20897878016
anon_thp 20738736128
anon 20897873920
anon_thp 20738736128
anon 20897873920
anon_thp 20738736128
anon 19489157120
anon_thp 19335741440
anon 20719620096
anon_thp 20533215232
anon 20759461888
anon_thp 20573061120
anon 20784623616
anon_thp 20598226944
anon 20828667904
anon_thp 20642267136
anon 20853829632
anon_thp 20667432960
anon 20872708096
anon_thp 20686307328
anon 20885286912
anon_thp 20698890240
anon 20893679616
anon_thp 20707278848
anon 20897878016
anon_thp 20738736128
anon 20897873920
anon_thp 20738736128
anon 20897878016
anon_thp 20738736128
anon 20897878016
anon_thp 20738736128
anon 19920027648
anon_thp 19765657600
anon 20732203008
anon_thp 20573061120
anon 20767850496
anon_thp 20608712704
anon 20790919168
anon_thp 20631781376
anon 20807692288
anon_thp 20648558592
anon 20820279296
anon_thp 20661141504
anon 20830769152
anon_thp 20671627264
anon 20841250816
anon_thp 20682113024
anon 20864319488
anon_thp 20705181696
anon 20878999552
anon_thp 20719861760
anon 20891586560
anon_thp 20732444672
anon 20897878016
anon_thp 20738736128
anon 20897878016
anon_thp 20738736128
anon 20897878016
anon_thp 20738736128
anon 20897873920
anon_thp 20738736128
anon 20895780864
anon_thp 20736638976
anon 20897869824
anon_thp 20738736128
anon 20694450176
anon_thp 20535312384
anon 20746874880
anon_thp 20587741184
anon 20774141952
anon_thp 20615004160
anon 20795117568
anon_thp 20635975680
anon 20834959360
anon_thp 20675821568
anon 20860125184
anon_thp 20700987392
anon 20876902400
anon_thp 20717764608
anon 20887388160
anon_thp 20728250368
anon 20895776768
anon_thp 20736638976
anon 20897878016
anon_thp 20738736128
anon 20897869824
anon_thp 20738736128
anon 20897873920
anon_thp 20738736128
anon 20897873920
anon_thp 20738736128
anon 20665090048
anon_thp 20505952256
anon 20769951744
anon_thp 20610809856
anon 20813987840
anon_thp 20654850048
anon 20839157760
anon_thp 20680015872
anon 20858023936
anon_thp 20698890240
anon 20872712192
anon_thp 20713570304
anon 20883193856
anon_thp 20724056064
anon 20891586560
anon_thp 20732444672
anon 20897873920
anon_thp 20738736128
anon 20897878016
anon_thp 20738736128
anon 20897878016
anon_thp 20738736128
anon 20897878016
anon_thp 20738736128
anon 20897878016
anon_thp 20738736128
anon 20897873920
anon_thp 20738736128
anon 20681867264
anon_thp 20522729472
anon 20765757440
anon_thp 20606615552
anon 20816080896
anon_thp 20656947200
anon 20845445120
anon_thp 20686307328
anon 20864323584
anon_thp 20705181696
anon 20876898304
anon_thp 20717764608
anon 20889489408
anon_thp 20730347520
anon 20895776768
anon_thp 20736638976
anon 20895776768
anon_thp 20736638976
anon 20897873920
anon_thp 20738736128
anon 20897873920
anon_thp 20738736128
anon 20897869824
anon_thp 20738736128
anon 20897878016
anon_thp 20738736128
anon 20704935936
anon_thp 20545798144
anon 20790923264
anon_thp 20631781376
anon 20826570752
anon_thp 20667432960
anon 20849639424
anon_thp 20690501632
anon 20866416640
anon_thp 20707278848
anon 20879003648
anon_thp 20719861760
anon 20889481216
anon_thp 20730347520
anon 20895776768
anon_thp 20736638976
anon 20897873920
anon_thp 20738736128
anon 20897873920
anon_thp 20738736128
anon 20897873920
anon_thp 20738736128
anon 20897873920
anon_thp 20738736128
anon 20897873920
anon_thp 20738736128
anon 20688158720
anon_thp 20529020928
anon 20776239104
anon_thp 20617101312
anon 20813991936
anon_thp 20654850048
anon 20837056512
anon_thp 20677918720
anon 20853837824
anon_thp 20694695936
anon 20866420736
anon_thp 20707278848
anon 20876902400
anon_thp 20717764608
anon 20885291008
anon_thp 20726153216
anon 20893683712
anon_thp 20734541824
anon 20897873920
anon_thp 20738736128
anon 20897869824
anon_thp 20738736128
anon 20897878016
anon_thp 20738736128
anon 20897878016
anon_thp 20738736128
anon 20897873920
anon_thp 20738736128
anon 20897869824
anon_thp 20738736128
anon 20721713152
anon_thp 20562575360
anon 20793016320
anon_thp 20633878528
anon 20826574848
anon_thp 20667432960
anon 20847538176
anon_thp 20688404480
anon 20862222336
anon_thp 20703084544
anon 20874805248
anon_thp 20715667456
anon 20885286912
anon_thp 20726153216
anon 20893683712
anon_thp 20734541824
anon 20893679616
anon_thp 20734541824
anon 20897873920
anon_thp 20738736128
anon 20897878016
anon_thp 20738736128
anon 20897878016
anon_thp 20738736128
anon 20897869824
anon_thp 20738736128
anon 20897878016
anon_thp 20738736128
anon 20686065664
anon_thp 20526923776
anon 20780433408
anon_thp 20621295616
anon 20820279296
anon_thp 20661141504
anon 20843347968
anon_thp 20684210176
anon 20860121088
anon_thp 20700987392
anon 20872712192
anon_thp 20713570304
anon 20883189760
anon_thp 20724056064
anon 20891586560
anon_thp 20732444672
anon 20897878016
anon_thp 20738736128
anon 20897869824
anon_thp 20738736128
anon 20897869824
anon_thp 20738736128
anon 20897878016
anon_thp 20738736128
anon 20897869824
anon_thp 20738736128
anon 20897878016
anon_thp 20738736128
