hot 0 warm 0 cold 0
hot 1 warm 0 cold 0
hot 1 warm 0 cold 0
hot 1 warm 0 cold 0
hot 1 warm 0 cold 0
hot 1 warm 0 cold 0
hot 1 warm 0 cold 0
hot 1 warm 0 cold 0
hot 1 warm 0 cold 0
hot 1 warm 0 cold 0
hot 1 warm 0 cold 0
hot 1 warm 0 cold 0
hot 1 warm 0 cold 0
hot 1 warm 0 cold 0
hot 1 warm 0 cold 0
hot 1 warm 0 cold 0
hot 1 warm 0 cold 0
hot 1 warm 0 cold 0
hot 1 warm 0 cold 0
hot 1 warm 0 cold 0
hot 1 warm 0 cold 0
hot 1 warm 0 cold 0
hot 1 warm 0 cold 0
hot 1 warm 0 cold 0
hot 1 warm 0 cold 0
hot 1 warm 0 cold 0
hot 1 warm 0 cold 0
hot 1 warm 0 cold 0
hot 1 warm 0 cold 0
hot 1 warm 0 cold 0
hot 1 warm 0 cold 0
hot 1 warm 0 cold 0
hot 1 warm 0 cold 0
hot 1 warm 0 cold 0
hot 1 warm 0 cold 0
hot 1 warm 0 cold 0
hot 1 warm 0 cold 0
hot 1 warm 0 cold 0
hot 1 warm 0 cold 0
hot 1 warm 0 cold 0
hot 1 warm 0 cold 0
hot 1 warm 0 cold 0
hot 1 warm 0 cold 0
hot 1 warm 0 cold 0
hot 1 warm 0 cold 0
hot 1 warm 0 cold 0
hot 1 warm 0 cold 0
hot 1 warm 0 cold 0
hot 1 warm 0 cold 0
hot 1 warm 0 cold 0
hot 1 warm 0 cold 0
hot 1 warm 0 cold 0
hot 1 warm 0 cold 0
hot 1 warm 0 cold 0
hot 1 warm 0 cold 0
hot 1 warm 0 cold 0
hot 1 warm 0 cold 0
hot 1 warm 0 cold 0
hot 1 warm 0 cold 0
hot 1 warm 0 cold 0
hot 1 warm 0 cold 0
hot 1 warm 0 cold 0
hot 1 warm 0 cold 0
hot 1 warm 0 cold 0
hot 1 warm 0 cold 0
hot 1 warm 0 cold 0
hot 1 warm 0 cold 0
hot 1 warm 0 cold 0
hot 1 warm 0 cold 0
hot 1 warm 0 cold 0
hot 1 warm 0 cold 0
hot 1 warm 0 cold 0
hot 1 warm 0 cold 0
hot 1 warm 0 cold 0
hot 1 warm 0 cold 0
hot 1 warm 0 cold 0
hot 1 warm 0 cold 0
hot 1 warm 0 cold 0
hot 1 warm 0 cold 0
hot 1 warm 0 cold 0
hot 1 warm 0 cold 0
hot 1 warm 0 cold 0
hot 1 warm 0 cold 0
hot 1 warm 0 cold 0
hot 1 warm 0 cold 0
hot 1 warm 0 cold 0
hot 1 warm 0 cold 0
hot 1 warm 0 cold 0
hot 1 warm 0 cold 0
hot 1 warm 0 cold 0
hot 1 warm 0 cold 0
hot 1 warm 0 cold 0
hot 1 warm 0 cold 0
hot 1 warm 0 cold 0
hot 1 warm 0 cold 0
hot 1 warm 0 cold 0
hot 1 warm 0 cold 0
hot 1 warm 0 cold 0
hot 1 warm 0 cold 0
hot 1 warm 0 cold 0
hot 1 warm 0 cold 0
hot 1 warm 0 cold 0
hot 1 warm 0 cold 0
hot 1 warm 0 cold 0
hot 1 warm 0 cold 0
hot 1 warm 0 cold 0
hot 1 warm 0 cold 0
hot 1 warm 0 cold 0
hot 1 warm 0 cold 0
hot 1 warm 0 cold 0
hot 1 warm 0 cold 0
hot 1 warm 0 cold 0
hot 1 warm 0 cold 0
hot 3159211 warm 0 cold 0
hot 3560615 warm 0 cold 0
hot 3572387 warm 0 cold 0
hot 3603615 warm 0 cold 0
hot 3639451 warm 0 cold 0
hot 3666583 warm 0 cold 0
hot 3716243 warm 0 cold 0
hot 1013649 warm 0 cold 2770174
hot 1148301 warm 0 cold 2687230
hot 483322 warm 836497 cold 2577148
hot 517170 warm 1077591 cold 2414330
hot 553531 warm 1341773 cold 2220279
hot 613452 warm 1608505 cold 2021622
hot 734898 warm 1920212 cold 1720561
hot 870187 warm 0 cold 3657032
hot 1140309 warm 0 cold 3587610
hot 697007 warm 0 cold 4166588
hot 838851 warm 0 cold 4177322
hot 945423 warm 0 cold 4089172
hot 775574 warm 0 cold 4284617
hot 781481 warm 0 cold 4285362
hot 271863 warm 0 cold 4089755
hot 665076 warm 511460 cold 3578294
hot 682993 warm 511460 cold 3578293
hot 707566 warm 514532 cold 3575732
hot 740849 warm 540132 cold 3550637
hot 768003 warm 0 cold 4090747
hot 783379 warm 0 cold 4089191
hot 787498 warm 0 cold 4089164
hot 798930 warm 0 cold 4088480
hot 804686 warm 0 cold 4083231
hot 936846 warm 0 cold 4077019
hot 951877 warm 0 cold 4066592
hot 957765 warm 0 cold 4064796
hot 292476 warm 0 cold 4064796
hot 695928 warm 0 cold 4064796
hot 711796 warm 1755108 cold 2309688
hot 729714 warm 1755620 cold 2309174
hot 746094 warm 1757668 cold 2307126
hot 741648 warm 50176 cold 4081923
hot 751374 warm 50688 cold 4081387
hot 762636 warm 50688 cold 4081385
hot 846112 warm 0 cold 4075729
hot 860477 warm 0 cold 4068016
hot 882058 warm 0 cold 4053599
hot 941631 warm 0 cold 4021158
hot 1132377 warm 0 cold 3953811
hot 1156790 warm 0 cold 3931430
hot 957623 warm 0 cold 4130593
hot 958132 warm 0 cold 4130080
hot 958130 warm 0 cold 4130078
hot 656874 warm 0 cold 4130077
hot 668134 warm 0 cold 4130077
hot 680419 warm 0 cold 4130076
hot 693727 warm 0 cold 4130076
hot 728038 warm 0 cold 4130065
hot 761320 warm 0 cold 4130059
hot 781291 warm 0 cold 4130052
hot 787470 warm 0 cold 4130013
hot 803992 warm 0 cold 4129871
hot 895953 warm 0 cold 4129554
hot 899575 warm 0 cold 4129512
hot 910542 warm 0 cold 4128781
hot 912074 warm 0 cold 4128781
hot 594945 warm 0 cold 4128781
hot 693757 warm 0 cold 4128781
hot 730107 warm 0 cold 4128779
hot 753145 warm 1016320 cold 3112457
hot 767994 warm 1033728 cold 3095044
hot 775675 warm 0 cold 4128767
hot 782341 warm 0 cold 4128753
hot 788518 warm 0 cold 4128716
hot 817917 warm 0 cold 4126961
hot 908384 warm 0 cold 4126601
hot 908920 warm 0 cold 4126061
hot 910986 warm 0 cold 4123991
hot 911519 warm 0 cold 4123454
hot 919263 warm 0 cold 4120314
hot 661367 warm 0 cold 4119277
hot 699766 warm 0 cold 4119274
hot 744820 warm 0 cold 4119272
hot 760977 warm 0 cold 4125305
hot 776849 warm 0 cold 4122394
hot 802457 warm 0 cold 4103950
hot 808111 warm 0 cold 4101877
hot 845092 warm 0 cold 4080255
hot 892514 warm 0 cold 4008784
hot 1123490 warm 0 cold 3916576
hot 918703 warm 0 cold 4121873
hot 919772 warm 0 cold 4121837
hot 922429 warm 0 cold 4122252
hot 655497 warm 692224 cold 3430028
hot 712842 warm 709120 cold 3413129
hot 744587 warm 727040 cold 3394694
hot 769166 warm 0 cold 4121727
hot 775826 warm 0 cold 4121720
hot 780449 warm 0 cold 4121701
hot 784573 warm 0 cold 4121673
hot 802605 warm 0 cold 4121572
hot 793726 warm 0 cold 4120736
hot 907455 warm 0 cold 4120680
hot 908499 warm 0 cold 4119645
hot 909040 warm 0 cold 4119619
hot 912707 warm 0 cold 4118523
hot 648832 warm 0 cold 4118517
hot 690813 warm 0 cold 4118516
hot 715387 warm 2564096 cold 1554418
hot 740474 warm 2568704 cold 1549296
hot 759928 warm 2575872 cold 1542126
hot 773239 warm 0 cold 4117996
hot 780922 warm 0 cold 4117990
hot 787595 warm 0 cold 4116946
hot 799985 warm 0 cold 4114801
hot 856632 warm 0 cold 4105278
hot 935206 warm 0 cold 4104014
hot 941873 warm 0 cold 4097349
hot 950590 warm 0 cold 4089663
hot 963415 warm 0 cold 4076841
hot 972672 warm 0 cold 4069124
hot 724118 warm 0 cold 4069123
hot 775319 warm 0 cold 4068096
hot 804501 warm 0 cold 4066046
hot 825495 warm 0 cold 4065529
hot 839321 warm 0 cold 4063475
hot 846496 warm 0 cold 4060392
hot 856239 warm 0 cold 4054231
hot 874197 warm 0 cold 4044975
hot 895986 warm 0 cold 3954092
hot 964837 warm 0 cold 4122300
hot 964854 warm 0 cold 4122289
hot 964866 warm 0 cold 4122281
hot 964880 warm 0 cold 4122272
hot 964923 warm 0 cold 4122232
hot 651628 warm 0 cold 4122219
hot 392196 warm 0 cold 12288
hot 736775 warm 0 cold 4111509
hot 760836 warm 0 cold 4104544
hot 771078 warm 0 cold 4104544
hot 776711 warm 0 cold 4104543
hot 781835 warm 0 cold 4104543
hot 789040 warm 0 cold 4104533
hot 828688 warm 0 cold 4104470
hot 921003 warm 0 cold 4103909
hot 922087 warm 0 cold 4102884
hot 923135 warm 0 cold 4101858
hot 925691 warm 0 cold 4100322
hot 928759 warm 0 cold 4098786
