pgmigrate_success 28627592
pgmigrate_success 28627594
pgmigrate_success 28627594
pgmigrate_success 28627594
pgmigrate_success 28627594
pgmigrate_success 28627596
pgmigrate_success 28627596
pgmigrate_success 28627596
pgmigrate_success 28627596
pgmigrate_success 28627596
pgmigrate_success 28627596
pgmigrate_success 28627596
pgmigrate_success 28627596
pgmigrate_success 28627596
pgmigrate_success 28627596
pgmigrate_success 28627596
pgmigrate_success 28627596
pgmigrate_success 28627596
pgmigrate_success 28627596
pgmigrate_success 28627596
pgmigrate_success 28627596
pgmigrate_success 28627596
pgmigrate_success 28627596
pgmigrate_success 28627596
pgmigrate_success 28627596
pgmigrate_success 28627596
pgmigrate_success 28627596
pgmigrate_success 28627596
pgmigrate_success 28627596
pgmigrate_success 28627596
pgmigrate_success 28627596
pgmigrate_success 28627596
pgmigrate_success 28627596
pgmigrate_success 28627596
pgmigrate_success 28627596
pgmigrate_success 28627596
pgmigrate_success 28627596
pgmigrate_success 28627596
pgmigrate_success 28627596
pgmigrate_success 28627596
pgmigrate_success 28627596
pgmigrate_success 28627596
pgmigrate_success 28627596
pgmigrate_success 28627596
pgmigrate_success 28627596
pgmigrate_success 28627596
pgmigrate_success 28627596
pgmigrate_success 28627596
pgmigrate_success 28627596
pgmigrate_success 28627596
pgmigrate_success 28627596
pgmigrate_success 28627596
pgmigrate_success 28627596
pgmigrate_success 28627596
pgmigrate_success 28627596
pgmigrate_success 28627596
pgmigrate_success 28627596
pgmigrate_success 28627596
pgmigrate_success 28627596
pgmigrate_success 28627596
pgmigrate_success 28627596
pgmigrate_success 28627596
pgmigrate_success 28627596
pgmigrate_success 28627596
pgmigrate_success 28627596
pgmigrate_success 28631232
pgmigrate_success 28670662
pgmigrate_success 28863176
pgmigrate_success 29101387
pgmigrate_success 29243025
pgmigrate_success 29243025
pgmigrate_success 29243025
pgmigrate_success 29243025
pgmigrate_success 29243028
pgmigrate_success 29417974
pgmigrate_success 29448280
pgmigrate_success 29578863
pgmigrate_success 29579375
pgmigrate_success 29668983
pgmigrate_success 29681283
pgmigrate_success 29733659
pgmigrate_success 29734171
pgmigrate_success 29800250
pgmigrate_success 29974336
pgmigrate_success 30138803
pgmigrate_success 30138803
pgmigrate_success 30138803
pgmigrate_success 30138803
pgmigrate_success 30138803
pgmigrate_success 30138803
pgmigrate_success 30138803
pgmigrate_success 30138803
pgmigrate_success 30138803
pgmigrate_success 30258204
pgmigrate_success 30258204
pgmigrate_success 30258217
pgmigrate_success 30258238
pgmigrate_success 30258750
pgmigrate_success 30258750
pgmigrate_success 30271073
pgmigrate_success 30466657
pgmigrate_success 30607636
pgmigrate_success 30607636
pgmigrate_success 30607636
pgmigrate_success 30607636
pgmigrate_success 30607636
pgmigrate_success 30607636
pgmigrate_success 30607636
pgmigrate_success 30607636
pgmigrate_success 30607636
pgmigrate_success 30607636
pgmigrate_success 30607636
pgmigrate_success 30749109
pgmigrate_success 30788547
pgmigrate_success 30791107
pgmigrate_success 30791107
pgmigrate_success 30791619
pgmigrate_success 30791619
pgmigrate_success 30791619
pgmigrate_success 30791660
pgmigrate_success 30882800
pgmigrate_success 31134705
pgmigrate_success 31166963
pgmigrate_success 31166963
pgmigrate_success 31166963
pgmigrate_success 31166963
pgmigrate_success 31166963
pgmigrate_success 31166963
pgmigrate_success 31166963
pgmigrate_success 31166963
pgmigrate_success 31297116
pgmigrate_success 31297116
pgmigrate_success 31297116
pgmigrate_success 31297263
pgmigrate_success 31297263
pgmigrate_success 31297263
pgmigrate_success 31300875
pgmigrate_success 31497997
pgmigrate_success 31673116
pgmigrate_success 31673116
pgmigrate_success 31673116
pgmigrate_success 31673116
pgmigrate_success 31673116
pgmigrate_success 31673116
pgmigrate_success 31673116
pgmigrate_success 31673116
pgmigrate_success 31793489
pgmigrate_success 31794513
pgmigrate_success 31794513
pgmigrate_success 31794513
pgmigrate_success 31794513
pgmigrate_success 31794513
pgmigrate_success 31794513
pgmigrate_success 31794513
pgmigrate_success 31797597
pgmigrate_success 32044384
pgmigrate_success 32168873
pgmigrate_success 32169386
pgmigrate_success 32169386
pgmigrate_success 32169386
pgmigrate_success 32169386
pgmigrate_success 32169386
pgmigrate_success 32169386
pgmigrate_success 32265162
pgmigrate_success 32297423
pgmigrate_success 32298051
pgmigrate_success 32298051
pgmigrate_success 32298051
pgmigrate_success 32298563
pgmigrate_success 32298563
pgmigrate_success 32299588
pgmigrate_success 32398916
pgmigrate_success 32673871
pgmigrate_success 32673871
pgmigrate_success 32673871
pgmigrate_success 32673871
pgmigrate_success 32673871
pgmigrate_success 32673871
pgmigrate_success 32673871
pgmigrate_success 32673871
pgmigrate_success 32800692
pgmigrate_success 32800692
pgmigrate_success 32800692
pgmigrate_success 32800692
pgmigrate_success 32800692
pgmigrate_success 32800692
pgmigrate_success 32800692
pgmigrate_success 32800693
pgmigrate_success 32959417
pgmigrate_success 33174988
pgmigrate_success 33174988
pgmigrate_success 33174988
pgmigrate_success 33174988
pgmigrate_success 33174988
pgmigrate_success 33174988
pgmigrate_success 33174988
pgmigrate_success 33174988
pgmigrate_success 33175122
pgmigrate_success 33304234
pgmigrate_success 33305776
pgmigrate_success 33306800
pgmigrate_success 33307312
pgmigrate_success 33307312
pgmigrate_success 33307312
pgmigrate_success 33307312
pgmigrate_success 33307312
pgmigrate_success 33312953
pgmigrate_success 33368250
pgmigrate_success 33680603
pgmigrate_success 33680603
pgmigrate_success 33680607
pgmigrate_success 33680607
pgmigrate_success 33680607
pgmigrate_success 33680607
pgmigrate_success 33680607
pgmigrate_success 33680607
pgmigrate_success 33708778
pgmigrate_success 33801496
pgmigrate_success 33802520
pgmigrate_success 33802520
pgmigrate_success 33802520
pgmigrate_success 33802520
pgmigrate_success 33802520
pgmigrate_success 33802520
pgmigrate_success 33805080
pgmigrate_success 33819419
pgmigrate_success 34013470
pgmigrate_success 34178372
pgmigrate_success 34178372
pgmigrate_success 34178634
pgmigrate_success 34179152
pgmigrate_success 34179152
pgmigrate_success 34179152
pgmigrate_success 34179664
pgmigrate_success 34179664
pgmigrate_success 34296478
pgmigrate_success 34296478
pgmigrate_success 34296478
pgmigrate_success 34296478
pgmigrate_success 34296488
pgmigrate_success 34298024
pgmigrate_success 34298024
pgmigrate_success 34298536
