hot 0 warm 0 cold 0
hot 1 warm 0 cold 0
hot 1 warm 0 cold 0
hot 1 warm 0 cold 0
hot 1 warm 0 cold 0
hot 1 warm 0 cold 0
hot 1 warm 0 cold 0
hot 1 warm 0 cold 0
hot 1 warm 0 cold 0
hot 1 warm 0 cold 0
hot 1 warm 0 cold 0
hot 1 warm 0 cold 0
hot 1 warm 0 cold 0
hot 1 warm 0 cold 0
hot 1 warm 0 cold 0
hot 1 warm 0 cold 0
hot 1 warm 0 cold 0
hot 1 warm 0 cold 0
hot 1 warm 0 cold 0
hot 1 warm 0 cold 0
hot 1 warm 0 cold 0
hot 1 warm 0 cold 0
hot 1 warm 0 cold 0
hot 1 warm 0 cold 0
hot 1 warm 0 cold 0
hot 1 warm 0 cold 0
hot 1 warm 0 cold 0
hot 1 warm 0 cold 0
hot 1 warm 0 cold 0
hot 1 warm 0 cold 0
hot 1 warm 0 cold 0
hot 1 warm 0 cold 0
hot 1 warm 0 cold 0
hot 1 warm 0 cold 0
hot 1 warm 0 cold 0
hot 1 warm 0 cold 0
hot 1 warm 0 cold 0
hot 1 warm 0 cold 0
hot 1 warm 0 cold 0
hot 1 warm 0 cold 0
hot 1 warm 0 cold 0
hot 1 warm 0 cold 0
hot 1 warm 0 cold 0
hot 1 warm 0 cold 0
hot 1 warm 0 cold 0
hot 1 warm 0 cold 0
hot 1 warm 0 cold 0
hot 1 warm 0 cold 0
hot 1 warm 0 cold 0
hot 1 warm 0 cold 0
hot 1 warm 0 cold 0
hot 1 warm 0 cold 0
hot 1 warm 0 cold 0
hot 1 warm 0 cold 0
hot 1 warm 0 cold 0
hot 1 warm 0 cold 0
hot 1 warm 0 cold 0
hot 1 warm 0 cold 0
hot 1 warm 0 cold 0
hot 1 warm 0 cold 0
hot 1 warm 0 cold 0
hot 1 warm 0 cold 0
hot 1 warm 0 cold 0
hot 1 warm 0 cold 0
hot 1 warm 0 cold 0
hot 16391 warm 0 cold 0
hot 298503 warm 0 cold 0
hot 432135 warm 0 cold 0
hot 755207 warm 0 cold 0
hot 466863 warm 745049 cold 0
hot 512022 warm 0 cold 1216498
hot 567352 warm 1511376 cold 0
hot 716904 warm 1925024 cold 0
hot 1062029 warm 0 cold 2255739
hot 715944 warm 1189376 cold 2294624
hot 715476 warm 0 cold 3991347
hot 861465 warm 0 cold 4021998
hot 1004839 warm 0 cold 3942112
hot 789294 warm 0 cold 4219097
hot 791868 warm 0 cold 4262091
hot 793936 warm 0 cold 4281015
hot 272970 warm 0 cold 4090831
hot 620107 warm 0 cold 4090830
hot 684619 warm 791040 cold 3299790
hot 694347 warm 791552 cold 3299278
hot 710731 warm 0 cold 4090830
hot 726091 warm 0 cold 4090830
hot 726603 warm 0 cold 4090830
hot 770636 warm 0 cold 4091853
hot 794188 warm 0 cold 4094413
hot 811086 warm 0 cold 4094923
hot 824400 warm 0 cold 4095433
hot 798805 warm 0 cold 4091331
hot 992352 warm 0 cold 4088760
hot 996449 warm 0 cold 4084663
hot 1003617 warm 0 cold 4080567
hot 484307 warm 489108 cold 4113841
hot 485435 warm 0 cold 4601821
hot 91240 warm 0 cold 4292546
hot 477288 warm 0 cold 4292546
hot 488041 warm 178705 cold 4113840
hot 502889 warm 178705 cold 4113840
hot 517737 warm 0 cold 4292033
hot 536681 warm 0 cold 4291521
hot 546921 warm 0 cold 4291521
hot 557161 warm 0 cold 4291009
hot 570985 warm 0 cold 4289473
hot 505510 warm 0 cold 4386138
hot 521383 warm 0 cold 4386074
hot 682665 warm 0 cold 4236056
hot 798384 warm 0 cold 4143377
hot 958648 warm 0 cold 4125448
hot 965823 warm 0 cold 4124417
hot 734407 warm 0 cold 4360441
hot 734407 warm 0 cold 4360441
hot 734407 warm 0 cold 4360441
hot 734919 warm 0 cold 4359929
hot 735943 warm 0 cold 4358905
hot 37947 warm 0 cold 4358393
hot 425019 warm 0 cold 4358393
hot 435259 warm 0 cold 4358393
hot 447035 warm 0 cold 4358393
hot 458811 warm 233984 cold 4124409
hot 473147 warm 233472 cold 4124409
hot 497724 warm 0 cold 4357368
hot 532028 warm 0 cold 4353784
hot 560190 warm 0 cold 4348662
hot 600128 warm 0 cold 4325108
hot 591431 warm 0 cold 4239084
hot 912969 warm 0 cold 4177642
hot 919627 warm 0 cold 4170984
hot 957011 warm 0 cold 4135136
hot 960084 warm 0 cold 4133087
hot 707156 warm 0 cold 4386015
hot 5213 warm 0 cold 4386015
hot 397405 warm 0 cold 4386015
hot 418909 warm 0 cold 4386015
hot 451165 warm 252928 cold 4133087
hot 476253 warm 252928 cold 4133087
hot 495197 warm 0 cold 4386015
hot 510045 warm 0 cold 4386015
hot 520797 warm 0 cold 4386015
hot 530526 warm 0 cold 4386015
hot 543327 warm 0 cold 4386015
hot 531556 warm 0 cold 4386010
hot 693869 warm 0 cold 4386004
hot 693869 warm 261120 cold 4124884
hot 693869 warm 261120 cold 4124884
hot 693869 warm 261120 cold 4124884
hot 693870 warm 261120 cold 4124883
hot 693870 warm 261120 cold 4124883
hot 693871 warm 261120 cold 4124883
hot 5140 warm 261120 cold 4124883
hot 396308 warm 261120 cold 4124883
hot 409620 warm 261120 cold 4124883
hot 441876 warm 0 cold 4386003
hot 465940 warm 0 cold 4386003
hot 491028 warm 0 cold 4386003
hot 512534 warm 0 cold 4386002
hot 525846 warm 0 cold 4386002
hot 534601 warm 0 cold 4387071
hot 439368 warm 0 cold 4387071
hot 694344 warm 0 cold 4387071
hot 702536 warm 0 cold 4387071
hot 702536 warm 0 cold 4387071
hot 760439 warm 0 cold 4329168
hot 774263 warm 0 cold 4316880
hot 783991 warm 0 cold 4311248
hot 81041 warm 0 cold 4311248
hot 474257 warm 0 cold 4311248
hot 499345 warm 0 cold 4310736
hot 531089 warm 0 cold 4310736
hot 553105 warm 0 cold 4310736
hot 579729 warm 0 cold 4308176
hot 597649 warm 0 cold 4306128
hot 609937 warm 0 cold 4302544
hot 638097 warm 0 cold 4280528
hot 734865 warm 0 cold 4208336
hot 858256 warm 0 cold 4146896
hot 952464 warm 0 cold 4139728
hot 704609 warm 0 cold 4387583
hot 704609 warm 0 cold 4387583
hot 704609 warm 0 cold 4387583
hot 704609 warm 0 cold 4387583
hot 707681 warm 0 cold 4387583
hot 10759 warm 0 cold 4387583
hot 404489 warm 0 cold 4387582
hot 438793 warm 0 cold 4387582
hot 463369 warm 0 cold 4387582
hot 485385 warm 0 cold 4387582
hot 501769 warm 0 cold 4387582
hot 517129 warm 0 cold 4387582
hot 523273 warm 0 cold 4387582
hot 528905 warm 0 cold 4387582
hot 535561 warm 0 cold 4387582
hot 556042 warm 0 cold 4387581
hot 665609 warm 0 cold 4387581
hot 707593 warm 0 cold 4387581
hot 707593 warm 0 cold 4387581
hot 707593 warm 0 cold 4387581
hot 707593 warm 0 cold 4387581
hot 707593 warm 0 cold 4387581
hot 707593 warm 0 cold 4387581
hot 708105 warm 0 cold 4387581
hot 9736 warm 0 cold 4387581
hot 407049 warm 0 cold 4387580
hot 436233 warm 0 cold 4387580
hot 465417 warm 0 cold 4387580
hot 488457 warm 0 cold 4387580
hot 506889 warm 0 cold 4387580
hot 518665 warm 0 cold 4387580
hot 525833 warm 0 cold 4387580
hot 531465 warm 0 cold 4387580
hot 555529 warm 0 cold 4386556
hot 669704 warm 0 cold 4338428
hot 826888 warm 0 cold 4270332
hot 827400 warm 0 cold 4269820
hot 827912 warm 0 cold 4269308
hot 828424 warm 0 cold 4268796
hot 829448 warm 0 cold 4267772
hot 835080 warm 0 cold 4262652
hot 850440 warm 0 cold 4247804
hot 150536 warm 0 cold 4247804
hot 547337 warm 0 cold 4247803
hot 582666 warm 0 cold 4247802
hot 614410 warm 0 cold 4247290
hot 636426 warm 0 cold 4247290
hot 403479 warm 0 cold 118790
hot 522173 warm 0 cold 4385034
hot 527805 warm 0 cold 4385034
hot 702397 warm 0 cold 4217610
hot 775613 warm 0 cold 4169994
hot 866749 warm 0 cold 4136714
hot 969661 warm 0 cold 4125962
hot 969661 warm 0 cold 4125962
hot 710589 warm 0 cold 4385034
hot 710589 warm 0 cold 4385034
hot 710589 warm 0 cold 4385034
hot 711101 warm 0 cold 4385034
hot 4 warm 0 cold 3545866
