pgmigrate_success 134916796
pgmigrate_fail 415473
thp_migration_success 168252
thp_migration_fail 40
thp_migration_split 0
thp_fault_alloc 281614
thp_fault_fallback 7890
thp_fault_fallback_charge 0
thp_collapse_alloc 375
thp_collapse_alloc_failed 0
thp_file_alloc 0
thp_file_fallback 0
thp_file_fallback_charge 0
thp_file_mapped 0
thp_split_page 1557
thp_split_page_failed 896
thp_deferred_split_page 2083
thp_split_pmd 5549
thp_split_pud 0
thp_zero_page_alloc 0
thp_zero_page_alloc_failed 0
thp_swpout 0
thp_swpout_fallback 0
htmm_nr_promoted 66888042
htmm_nr_demoted 60904750
htmm_nr_sampled 0
htmm_missed_dramread 1409
htmm_missed_nvmread 0
htmm_missed_write 0
htmm_alloc_dram 308414975
htmm_alloc_nvm 0
