anon 1097728
anon_thp 0
anon 169705472
anon_thp 167772160
anon 236818432
anon_thp 234881024
anon 408784896
anon_thp 406847488
anon 524124160
anon_thp 522190848
anon 664633344
anon_thp 662700032
anon 859664384
anon_thp 857735168
anon 1033728000
anon_thp 1031798784
anon 1231364096
anon_thp 1226833920
anon 1443172352
anon_thp 1438646272
anon 1552232448
anon_thp 1547698176
anon 1745162240
anon_thp 1740636160
anon 1902456832
anon_thp 1897922560
anon 1950687232
anon_thp 1946157056
anon 2156212224
anon_thp 2151677952
anon 2254774272
anon_thp 2250244096
anon 2321883136
anon_thp 2317352960
anon 2535792640
anon_thp 2531262464
anon 2726637568
anon_thp 2722103296
anon 2825199616
anon_thp 2820669440
anon 3034914816
anon_thp 3030384640
anon 3125088256
anon_thp 3120562176
anon 3311738880
anon_thp 3307208704
anon 3523551232
anon_thp 3519021056
anon 3605344256
anon_thp 3600809984
anon 3762622464
anon_thp 3758096384
anon 3976536064
anon_thp 3972005888
anon 4060422144
anon_thp 4055891968
anon 4081393664
anon_thp 4076863488
anon 4102365184
anon_thp 4097835008
anon 4274331648
anon_thp 4269801472
anon 4486144000
anon_thp 4481613824
anon 4561645568
anon_thp 4557111296
anon 4601491456
anon_thp 4596957184
anon 4794421248
anon_thp 4789895168
anon 4934934528
anon_thp 4930404352
anon 5142556672
anon_thp 5138022400
anon 5356462080
anon_thp 5351931904
anon 5486485504
anon_thp 5481955328
anon 5698297856
anon_thp 5693767680
anon 5887037440
anon_thp 5882511360
anon 6014971904
anon_thp 6010437632
anon 6228873216
anon_thp 6224347136
anon 6371483648
anon_thp 6366953472
anon 6518284288
anon_thp 6513754112
anon 6732197888
anon_thp 6727663616
anon 6944010240
anon_thp 6939475968
anon 7155818496
anon_thp 7151288320
anon 7350849536
anon_thp 7346323456
anon 7556378624
anon_thp 7551844352
anon 7757701120
anon_thp 7753170944
anon 7967416320
anon_thp 7962886144
anon 8151965696
anon_thp 8147435520
anon 8315543552
anon_thp 8311013376
anon 8497995776
anon_thp 8493465600
anon 8701419520
anon_thp 8696889344
anon 8839831552
anon_thp 8835301376
anon 9024380928
anon_thp 9019850752
anon 9198444544
anon_thp 9193914368
anon 9385095168
anon_thp 9380560896
anon 9580126208
anon_thp 9575596032
anon 9787744256
anon_thp 9783214080
anon 9963905024
anon_thp 9959374848
anon 10041499648
anon_thp 10036969472
anon 10179911680
anon_thp 10175381504
anon 10320420864
anon_thp 10315890688
anon 10387529728
anon_thp 10382999552
anon 10588852224
anon_thp 10584326144
anon 10744045568
anon_thp 10739515392
anon 10867777536
anon_thp 10863247360
anon 10905526272
anon_thp 10900996096
anon 11071201280
anon_thp 11066671104
anon 11117338624
anon_thp 11112808448
anon 11327053824
anon_thp 11322523648
anon 11534675968
anon_thp 11530141696
anon 11742285824
anon_thp 11737759744
anon 11796819968
anon_thp 11792285696
anon 11807301632
anon_thp 11802771456
anon 11842953216
anon_thp 11838423040
anon 11985559552
anon_thp 11981029376
anon 12182691840
anon_thp 12178161664
anon 12390309888
anon_thp 12385779712
anon 12589539328
anon_thp 12585009152
anon 12744732672
anon_thp 12740198400
anon 12950249472
anon_thp 12945719296
anon 13159960576
anon_thp 13155434496
anon 13235462144
anon_thp 13230931968
anon 13394841600
anon_thp 13390315520
anon 13604560896
anon_thp 13600030720
anon 13799600128
anon_thp 13795065856
anon 13950590976
anon_thp 13946060800
anon 14063841280
anon_thp 14059307008
anon 14235803648
anon_thp 14231273472
anon 14432935936
anon_thp 14428405760
anon 14581833728
anon_thp 14577303552
anon 14753800192
anon_thp 14749270016
anon 14961418240
anon_thp 14956888064
anon 15145967616
anon_thp 15141437440
anon 15349395456
anon_thp 15344861184
anon 15557013504
anon_thp 15552479232
anon 15764631552
anon_thp 15760097280
anon 15944986624
anon_thp 15940452352
anon 16123244544
anon_thp 16118710272
anon 16234389504
anon_thp 16229859328
anon 16303595520
anon_thp 16299065344
anon 16492339200
anon_thp 16487809024
anon 16660115456
anon_thp 16655581184
anon 16861442048
anon_thp 16856907776
anon 17037598720
anon_thp 17033068544
anon 17228439552
anon_thp 17223909376
anon 17314426880
anon_thp 17309892608
anon 17475899392
anon_thp 17471373312
anon 17668845568
anon_thp 17664311296
anon 17826131968
anon_thp 17821597696
anon 18678210560
anon_thp 18670944256
anon 20107669504
anon_thp 20094910464
anon 20700483584
anon_thp 20684210176
anon 20767596544
anon_thp 20751319040
anon 20815831040
anon_thp 20799553536
anon 20843085824
anon_thp 20826816512
anon 20864061440
anon_thp 20847788032
anon 20878745600
anon_thp 20862468096
anon 20889227264
anon_thp 20872953856
anon 20893417472
anon_thp 20877148160
anon 20748718080
anon_thp 20732444672
anon 20897611776
anon_thp 20881342464
anon 20897615872
anon_thp 20881342464
anon 20897611776
anon_thp 20881342464
anon 20895522816
anon_thp 20879245312
anon 20895514624
anon_thp 20879245312
anon 18129367040
anon_thp 18121490432
anon 20593537024
anon_thp 20579352576
anon 20710969344
anon_thp 20694695936
anon 20750815232
anon_thp 20734541824
anon 20775981056
anon_thp 20759707648
anon 20820025344
anon_thp 20803747840
anon 20849377280
anon_thp 20833107968
anon 20868259840
anon_thp 20851982336
anon 20882935808
anon_thp 20866662400
anon 20893421568
anon_thp 20877148160
anon 20897611776
anon_thp 20881342464
anon 20897615872
anon_thp 20881342464
anon 20897611776
anon_thp 20881342464
anon 20897619968
anon_thp 20881342464
anon 20897611776
anon_thp 20881342464
anon 20897615872
anon_thp 20881342464
anon 19607293952
anon_thp 19595788288
anon 20681609216
anon_thp 20665335808
anon 20727742464
anon_thp 20711473152
anon 20763402240
anon_thp 20747124736
anon 20788559872
anon_thp 20772290560
anon 20805341184
anon_thp 20789067776
anon 20820025344
anon_thp 20803747840
anon 20830507008
anon_thp 20814233600
anon 20840988672
anon_thp 20824719360
anon 20864057344
anon_thp 20847788032
anon 20878741504
anon_thp 20862468096
anon 20891324416
anon_thp 20875051008
anon 20897615872
anon_thp 20881342464
anon 20895518720
anon_thp 20879245312
anon 20897615872
anon_thp 20881342464
anon 20897619968
anon_thp 20881342464
anon 20897611776
anon_thp 20881342464
anon 20897615872
anon_thp 20881342464
anon 20897619968
anon_thp 20881342464
anon 18297135104
anon_thp 18289262592
anon 20648050688
anon_thp 20631781376
anon 20708872192
anon_thp 20692598784
anon 20746620928
anon_thp 20730347520
anon 20773888000
anon_thp 20757610496
anon 20796956672
anon_thp 20780679168
anon 20834701312
anon_thp 20818427904
anon 20859863040
anon_thp 20843593728
anon 20876644352
anon_thp 20860370944
anon 20889231360
anon_thp 20872953856
anon 20895518720
anon_thp 20879245312
anon 20895518720
anon_thp 20879245312
anon 20897615872
anon_thp 20881342464
anon 20897619968
anon_thp 20881342464
anon 20897615872
anon_thp 20881342464
anon 20897615872
anon_thp 20881342464
anon 20360740864
anon_thp 20346568704
anon 20354453504
anon_thp 20340277248
anon 20713066496
anon_thp 20696793088
anon 20773879808
anon_thp 20757610496
anon 20815831040
anon_thp 20799553536
anon 20840996864
anon_thp 20824719360
anon 20859871232
anon_thp 20843593728
anon 20872450048
anon_thp 20856176640
anon 20882935808
anon_thp 20866662400
anon 20891324416
anon_thp 20875051008
anon 20897615872
anon_thp 20881342464
anon 20897615872
anon_thp 20881342464
anon 20897619968
anon_thp 20881342464
anon 20897619968
anon_thp 20881342464
anon 20897619968
anon_thp 20881342464
anon 20897615872
anon_thp 20881342464
anon 20897615872
anon_thp 20881342464
anon 19031724032
anon_thp 19021168640
anon 20669026304
anon_thp 20652752896
anon 20715163648
anon_thp 20698890240
anon 20778082304
anon_thp 20761804800
anon 20822118400
anon_thp 20805844992
anon 20847288320
anon_thp 20831010816
anon 20866154496
anon_thp 20849885184
anon 20878737408
anon_thp 20862468096
anon 20889223168
anon_thp 20872953856
anon 20895518720
anon_thp 20879245312
anon 20897615872
anon_thp 20881342464
anon 20897619968
anon_thp 20881342464
anon 20895518720
anon_thp 20879245312
anon 20897615872
anon_thp 20881342464
anon 20897611776
anon_thp 20881342464
anon 20897615872
anon_thp 20881342464
anon 19762483200
anon_thp 19750977536
anon 20692094976
anon_thp 20675821568
anon 20757106688
anon_thp 20740833280
anon 20805341184
anon_thp 20789067776
anon 20836802560
anon_thp 20820525056
anon 20855676928
anon_thp 20839399424
anon 20872450048
anon_thp 20856176640
anon 20882935808
anon_thp 20866662400
anon 20891320320
anon_thp 20875051008
anon 20897611776
anon_thp 20881342464
anon 20897611776
anon_thp 20881342464
anon 20897611776
anon_thp 20881342464
anon 20897619968
anon_thp 20881342464
anon 20897615872
anon_thp 20881342464
anon 20897619968
anon_thp 20881342464
anon 20897615872
anon_thp 20881342464
anon 19911380992
anon_thp 19899875328
anon 20700479488
anon_thp 20684210176
anon 20765495296
anon_thp 20749221888
anon 20807442432
anon_thp 20791164928
anon 20832604160
anon_thp 20816330752
anon 20849377280
anon_thp 20833107968
anon 20864057344
anon_thp 20847788032
anon 20874547200
anon_thp 20858273792
anon 20885032960
anon_thp 20868759552
anon 20893425664
anon_thp 20877148160
anon 20445888512
anon_thp 20430454784
anon 20897619968
anon_thp 20881342464
anon 20897619968
anon_thp 20881342464
anon 20897615872
anon_thp 20881342464
anon 20897615872
anon_thp 20881342464
anon 20897615872
anon_thp 20881342464
anon 20897615872
anon_thp 20881342464
anon 17969483776
anon_thp 17962106880
anon 20427857920
anon_thp 20413677568
anon 20721459200
anon_thp 20705181696
anon 20786466816
anon_thp 20770193408
anon 20822118400
anon_thp 20805844992
anon 20845187072
anon_thp 20828913664
anon 20861964288
anon_thp 20845690880
anon 20874547200
anon_thp 20858273792
anon 20885028864
anon_thp 20868759552
anon 20893421568
anon_thp 20877148160
anon 20897615872
anon_thp 20881342464
anon 20897619968
anon_thp 20881342464
anon 20897615872
anon_thp 20881342464
anon 20897615872
anon_thp 20881342464
anon 20897611776
anon_thp 20881342464
anon 20897619968
anon_thp 20881342464
anon 20897619968
anon_thp 20881342464
anon 19542183936
anon_thp 19530776576
anon 20679507968
anon_thp 20663238656
anon 20752908288
anon_thp 20736638976
anon 20801146880
anon_thp 20784873472
anon 20832608256
anon_thp 20816330752
anon 20851482624
anon_thp 20835205120
anon 20868259840
anon_thp 20851982336
anon 20878737408
anon_thp 20862468096
anon 20889231360
anon_thp 20872953856
anon 20895518720
anon_thp 20879245312
anon 20897611776
anon_thp 20881342464
anon 20897615872
anon_thp 20881342464
anon 20897611776
anon_thp 20881342464
anon 20897615872
anon_thp 20881342464
anon 20897615872
anon_thp 20881342464
anon 20897611776
anon_thp 20881342464
anon 20897615872
anon_thp 20881342464
