hot 0 warm 0 cold 0
hot 1 warm 0 cold 0
hot 1 warm 0 cold 0
hot 1 warm 0 cold 0
hot 1 warm 0 cold 0
hot 1 warm 0 cold 0
hot 1 warm 0 cold 0
hot 1 warm 0 cold 0
hot 1 warm 0 cold 0
hot 1 warm 0 cold 0
hot 1 warm 0 cold 0
hot 1 warm 0 cold 0
hot 1 warm 0 cold 0
hot 1 warm 0 cold 0
hot 1 warm 0 cold 0
hot 1 warm 0 cold 0
hot 1 warm 0 cold 0
hot 1 warm 0 cold 0
hot 1 warm 0 cold 0
hot 1 warm 0 cold 0
hot 1 warm 0 cold 0
hot 1 warm 0 cold 0
hot 1 warm 0 cold 0
hot 1 warm 0 cold 0
hot 1 warm 0 cold 0
hot 1 warm 0 cold 0
hot 1 warm 0 cold 0
hot 1 warm 0 cold 0
hot 1 warm 0 cold 0
hot 1 warm 0 cold 0
hot 1 warm 0 cold 0
hot 1 warm 0 cold 0
hot 1 warm 0 cold 0
hot 1 warm 0 cold 0
hot 1 warm 0 cold 0
hot 1 warm 0 cold 0
hot 1 warm 0 cold 0
hot 1 warm 0 cold 0
hot 1 warm 0 cold 0
hot 1 warm 0 cold 0
hot 1 warm 0 cold 0
hot 1 warm 0 cold 0
hot 1 warm 0 cold 0
hot 1 warm 0 cold 0
hot 1 warm 0 cold 0
hot 1 warm 0 cold 0
hot 1 warm 0 cold 0
hot 1 warm 0 cold 0
hot 1 warm 0 cold 0
hot 1 warm 0 cold 0
hot 1 warm 0 cold 0
hot 1 warm 0 cold 0
hot 1 warm 0 cold 0
hot 1 warm 0 cold 0
hot 1 warm 0 cold 0
hot 1 warm 0 cold 0
hot 1 warm 0 cold 0
hot 1 warm 0 cold 0
hot 1 warm 0 cold 0
hot 1 warm 0 cold 0
hot 1 warm 0 cold 0
hot 1 warm 0 cold 0
hot 1 warm 0 cold 0
hot 1 warm 0 cold 0
hot 16388 warm 0 cold 0
hot 345604 warm 0 cold 0
hot 442884 warm 0 cold 0
hot 871428 warm 0 cold 0
hot 470963 warm 666705 cold 0
hot 497622 warm 820270 cold 0
hot 559655 warm 1298909 cold 0
hot 576554 warm 1292762 cold 0
hot 612394 warm 1257434 cold 0
hot 724011 warm 1397209 cold 0
hot 1053844 warm 0 cold 2020719
hot 1232063 warm 0 cold 2021700
hot 1735366 warm 0 cold 1967933
hot 2326229 warm 0 cold 1910574
hot 873692 warm 0 cold 3736359
hot 899305 warm 0 cold 3928858
hot 919294 warm 0 cold 3993861
hot 386595 warm 0 cold 3828958
hot 776227 warm 0 cold 3828958
hot 789539 warm 0 cold 3828958
hot 807971 warm 0 cold 3829470
hot 821796 warm 0 cold 3829981
hot 859174 warm 0 cold 3832539
hot 897574 warm 0 cold 3831515
hot 927782 warm 0 cold 3831515
hot 696872 warm 0 cold 4097753
hot 719913 warm 0 cold 4100824
hot 762411 warm 0 cold 4061398
hot 794157 warm 0 cold 4035796
hot 828994 warm 0 cold 4069054
hot 945225 warm 0 cold 4082359
hot 946763 warm 0 cold 4098229
hot 788816 warm 0 cold 4283824
hot 788816 warm 0 cold 4283824
hot 270931 warm 0 cold 4103083
hot 658515 warm 0 cold 4103083
hot 675411 warm 1790 cold 4101293
hot 686676 warm 1790 cold 4101292
hot 702548 warm 1790 cold 4101292
hot 717396 warm 1790 cold 4101292
hot 730196 warm 1790 cold 4101292
hot 412278 warm 248832 cold 4096
hot 498720 warm 248832 cold 4124478
hot 520736 warm 248320 cold 4124478
hot 782371 warm 0 cold 4124475
hot 792099 warm 0 cold 4124475
hot 793636 warm 0 cold 4124474
hot 921640 warm 0 cold 4124469
hot 944175 warm 0 cold 4124462
hot 967220 warm 0 cold 4124457
hot 615071 warm 0 cold 4476606
hot 615123 warm 0 cold 4476554
hot 615174 warm 0 cold 4476503
hot 615212 warm 350472 cold 4125993
hot 2154 warm 259583 cold 4125993
hot 371306 warm 259583 cold 4125993
hot 404074 warm 259583 cold 4125993
hot 413802 warm 259583 cold 4125993
hot 424042 warm 259583 cold 4125993
hot 441450 warm 259583 cold 4125993
hot 465515 warm 0 cold 4385575
hot 495211 warm 0 cold 4385575
hot 515693 warm 0 cold 4385573
hot 529005 warm 0 cold 4385573
hot 551537 warm 0 cold 4384545
hot 582772 warm 0 cold 4376861
hot 717941 warm 0 cold 4370204
hot 730742 warm 0 cold 4357915
hot 816767 warm 0 cold 4276498
hot 816767 warm 0 cold 4276498
hot 817279 warm 0 cold 4275986
hot 115261 warm 0 cold 4275985
hot 504893 warm 0 cold 4275985
hot 524349 warm 0 cold 4275985
hot 556605 warm 0 cold 4275985
hot 585278 warm 0 cold 4275472
hot 605758 warm 0 cold 4274960
hot 622654 warm 0 cold 4271888
hot 639552 warm 0 cold 4268814
hot 656449 warm 0 cold 4259085
hot 729157 warm 0 cold 4205321
hot 809556 warm 0 cold 4144889
hot 966234 warm 0 cold 4126451
hot 707162 warm 0 cold 4385523
hot 707162 warm 0 cold 4385523
hot 707162 warm 0 cold 4385523
hot 707163 warm 0 cold 4385522
hot 708189 warm 0 cold 4385520
hot 709214 warm 0 cold 4385519
hot 4708 warm 0 cold 4385519
hot 397924 warm 0 cold 4385519
hot 416868 warm 0 cold 4385519
hot 447588 warm 260608 cold 4124911
hot 474724 warm 260608 cold 4124911
hot 497252 warm 260608 cold 4124911
hot 512612 warm 0 cold 4385519
hot 526436 warm 0 cold 4385519
hot 539238 warm 0 cold 4385518
hot 468079 warm 0 cold 4385510
hot 705146 warm 0 cold 4386012
hot 705660 warm 0 cold 4386010
hot 705664 warm 0 cold 4386006
hot 705664 warm 261632 cold 4124374
hot 706180 warm 261632 cold 4124370
hot 707718 warm 261632 cold 4124368
hot 5657 warm 261632 cold 4124368
hot 399897 warm 261632 cold 4124368
hot 431641 warm 0 cold 4386000
hot 470553 warm 0 cold 4386000
hot 493593 warm 0 cold 4386000
hot 508254 warm 0 cold 4386589
hot 520030 warm 0 cold 4386589
hot 527204 warm 0 cold 4386583
hot 534884 warm 0 cold 4386583
hot 588133 warm 0 cold 4370710
hot 776036 warm 0 cold 4240150
hot 890212 warm 0 cold 4207382
hot 890212 warm 0 cold 4207382
hot 891236 warm 0 cold 4206358
hot 892260 warm 0 cold 4205334
hot 901988 warm 0 cold 4195606
hot 923492 warm 0 cold 4174102
hot 218123 warm 0 cold 4174102
hot 615435 warm 0 cold 4174102
hot 641035 warm 0 cold 4174102
hot 664587 warm 48129 cold 4125973
hot 685067 warm 48129 cold 4125973
hot 704011 warm 48129 cold 4125973
hot 716811 warm 0 cold 4173078
hot 732683 warm 0 cold 4171030
hot 744971 warm 0 cold 4166934
hot 771595 warm 0 cold 4152598
hot 700426 warm 0 cold 4134166
hot 945674 warm 0 cold 4125974
hot 710148 warm 0 cold 4387612
hot 710148 warm 0 cold 4387612
hot 710148 warm 0 cold 4387612
hot 710660 warm 0 cold 4387612
hot 710661 warm 0 cold 4387611
hot 711173 warm 0 cold 4387611
hot 3077 warm 0 cold 4387611
hot 378885 warm 0 cold 4387611
hot 421893 warm 0 cold 4387611
hot 454661 warm 0 cold 4387611
hot 477702 warm 0 cold 4387610
hot 501254 warm 0 cold 4387610
hot 513030 warm 0 cold 4387610
hot 522246 warm 0 cold 4387610
hot 529414 warm 0 cold 4387610
hot 540678 warm 0 cold 4387610
hot 465925 warm 0 cold 4387610
hot 689157 warm 0 cold 4383514
hot 715781 warm 0 cold 4381466
hot 716293 warm 0 cold 4380954
hot 716805 warm 0 cold 4380442
hot 716805 warm 0 cold 4380442
hot 717829 warm 0 cold 4379418
hot 719365 warm 0 cold 4378394
hot 15877 warm 0 cold 4376858
hot 407558 warm 0 cold 4376857
hot 434182 warm 0 cold 4376857
hot 469511 warm 250886 cold 4125970
hot 490503 warm 250886 cold 4125970
hot 510471 warm 0 cold 4376856
hot 528903 warm 0 cold 4375320
hot 539143 warm 0 cold 4374296
hot 544263 warm 0 cold 4373784
hot 562183 warm 0 cold 4355864
hot 652295 warm 0 cold 4281111
hot 928263 warm 0 cold 4163351
hot 928263 warm 0 cold 4163351
hot 704812 warm 0 cold 4386960
hot 704812 warm 0 cold 4386960
hot 704812 warm 0 cold 4386960
hot 937786 warm 0 cold 4153986
hot 947002 warm 0 cold 4144770
