anon 0
anon_thp 0
anon 259592192
anon_thp 257949696
anon 538513408
anon_thp 536870912
anon 811143168
anon_thp 809500672
anon 1090564096
anon_thp 1086324736
anon 1375776768
anon_thp 1371537408
anon 1654697984
anon_thp 1650458624
anon 1937813504
anon_thp 1933574144
anon 2220929024
anon_thp 2216689664
anon 2497753088
anon_thp 2493513728
anon 2772480000
anon_thp 2768240640
anon 3051401216
anon_thp 3047161856
anon 3334516736
anon_thp 3330277376
anon 3619729408
anon_thp 3615490048
anon 3902844928
anon_thp 3898605568
anon 4181766144
anon_thp 4177526784
anon 4473270272
anon_thp 4469030912
anon 4754288640
anon_thp 4750049280
anon 5037404160
anon_thp 5033164800
anon 5312131072
anon_thp 5307891712
anon 5597343744
anon_thp 5593104384
anon 5884653568
anon_thp 5880414208
anon 6167769088
anon_thp 6163529728
anon 6450884608
anon_thp 6446645248
anon 6731902976
anon_thp 6727663616
anon 7006629888
anon_thp 7002390528
anon 7289745408
anon_thp 7285506048
anon 7570763776
anon_thp 7566524416
anon 7855976448
anon_thp 7851737088
anon 8132800512
anon_thp 8128561152
anon 8409624576
anon_thp 8405385216
anon 8688545792
anon_thp 8684306432
anon 8975855616
anon_thp 8971616256
anon 9258971136
anon_thp 9254731776
anon 9535795200
anon_thp 9531555840
anon 9812619264
anon_thp 9808379904
anon 10102026240
anon_thp 10097786880
anon 10387238912
anon_thp 10382999552
anon 10661965824
anon_thp 10657726464
anon 10938789888
anon_thp 10934550528
anon 11217711104
anon_thp 11213471744
anon 11505020928
anon_thp 11500781568
anon 11790233600
anon_thp 11785994240
anon 12071251968
anon_thp 12067012608
anon 12348076032
anon_thp 12343836672
anon 12633288704
anon_thp 12629049344
anon 12916404224
anon_thp 12912164864
anon 13195325440
anon_thp 13191086080
anon 13472149504
anon_thp 13467910144
anon 13759459328
anon_thp 13755219968
anon 14034186240
anon_thp 14029946880
anon 14315204608
anon_thp 14310965248
anon 14596222976
anon_thp 14591983616
anon 14879338496
anon_thp 14875099136
anon 15160356864
anon_thp 15156117504
anon 15445569536
anon_thp 15441330176
anon 15728685056
anon_thp 15724445696
anon 16013897728
anon_thp 16009658368
anon 16297013248
anon_thp 16292773888
anon 16573837312
anon_thp 16569597952
anon 16856952832
anon_thp 16852713472
anon 17148456960
anon_thp 17144217600
anon 17423183872
anon_thp 17418944512
anon 17693716480
anon_thp 17689477120
anon 18011029504
anon_thp 18004049920
anon 19830292480
anon_thp 19820183552
anon 20689711104
anon_thp 20673724416
anon 20754722816
anon_thp 20738736128
anon 20809248768
anon_thp 20793262080
anon 20840706048
anon_thp 20824719360
anon 20861677568
anon_thp 20845690880
anon 20876357632
anon_thp 20860370944
anon 20886843392
anon_thp 20870856704
anon 20893134848
anon_thp 20877148160
anon 20897329152
anon_thp 20881342464
anon 20897329152
anon_thp 20881342464
anon 20897329152
anon_thp 20881342464
anon 20897329152
anon_thp 20881342464
anon 20897329152
anon_thp 20881342464
anon 20897329152
anon_thp 20881342464
anon 20358356992
anon_thp 20344471552
anon 20591149056
anon_thp 20577255424
anon 20710682624
anon_thp 20694695936
anon 20752625664
anon_thp 20736638976
anon 20775694336
anon_thp 20759707648
anon 20813443072
anon_thp 20797456384
anon 20840706048
anon_thp 20824719360
anon 20859580416
anon_thp 20843593728
anon 20874260480
anon_thp 20858273792
anon 20884746240
anon_thp 20868759552
anon 20893134848
anon_thp 20877148160
anon 20897329152
anon_thp 20881342464
anon 20897329152
anon_thp 20881342464
anon 20897329152
anon_thp 20881342464
anon 20897329152
anon_thp 20881342464
anon 20897329152
anon_thp 20881342464
anon 20897329152
anon_thp 20881342464
anon 19096444928
anon_thp 19086180352
anon 20677128192
anon_thp 20661141504
anon 20729556992
anon_thp 20713570304
anon 20765208576
anon_thp 20749221888
anon 20788277248
anon_thp 20772290560
anon 20805054464
anon_thp 20789067776
anon 20817637376
anon_thp 20801650688
anon 20830220288
anon_thp 20814233600
anon 20838608896
anon_thp 20822622208
anon 20859580416
anon_thp 20843593728
anon 20874260480
anon_thp 20858273792
anon 20886843392
anon_thp 20870856704
anon 20895232000
anon_thp 20879245312
anon 20897329152
anon_thp 20881342464
anon 20897329152
anon_thp 20881342464
anon 20897329152
anon_thp 20881342464
anon 20897329152
anon_thp 20881342464
anon 20897329152
anon_thp 20881342464
anon 20897329152
anon_thp 20881342464
anon 20897329152
anon_thp 20881342464
anon 20897329152
anon_thp 20881342464
anon 19843985408
anon_thp 19832766464
anon 20691808256
anon_thp 20675821568
anon 20740042752
anon_thp 20724056064
anon 20771500032
anon_thp 20755513344
anon 20790374400
anon_thp 20774387712
anon 20828123136
anon_thp 20812136448
anon 20855386112
anon_thp 20839399424
anon 20872163328
anon_thp 20856176640
anon 20884746240
anon_thp 20868759552
anon 20893134848
anon_thp 20877148160
anon 20831866880
anon_thp 20816330752
anon 20897329152
anon_thp 20881342464
anon 20897329152
anon_thp 20881342464
anon 20897329152
anon_thp 20881342464
anon 20897329152
anon_thp 20881342464
anon 20897329152
anon_thp 20881342464
anon 18208768000
anon_thp 18201182208
anon 20660350976
anon_thp 20644364288
anon 20733751296
anon_thp 20717764608
anon 20794568704
anon_thp 20778582016
anon 20828123136
anon_thp 20812136448
anon 20849094656
anon_thp 20833107968
anon 20863774720
anon_thp 20847788032
anon 20876357632
anon_thp 20860370944
anon 20886843392
anon_thp 20870856704
anon 20893134848
anon_thp 20877148160
anon 20897329152
anon_thp 20881342464
anon 20897329152
anon_thp 20881342464
anon 20897329152
anon_thp 20881342464
anon 20897329152
anon_thp 20881342464
anon 20897329152
anon_thp 20881342464
anon 20897329152
anon_thp 20881342464
anon 20897329152
anon_thp 20881342464
anon 20897329152
anon_thp 20881342464
anon 19846082560
anon_thp 19834863616
anon 20691808256
anon_thp 20675821568
anon 20761014272
anon_thp 20745027584
anon 20813443072
anon_thp 20797456384
anon 20842803200
anon_thp 20826816512
anon 20861677568
anon_thp 20845690880
anon 20876357632
anon_thp 20860370944
anon 20886843392
anon_thp 20870856704
anon 20893134848
anon_thp 20877148160
anon 20897329152
anon_thp 20881342464
anon 20897329152
anon_thp 20881342464
anon 20897329152
anon_thp 20881342464
anon 20897329152
anon_thp 20881342464
anon 20897329152
anon_thp 20881342464
anon 20897329152
anon_thp 20881342464
anon 20897329152
anon_thp 20881342464
anon 19791556608
anon_thp 19780337664
anon 20689711104
anon_thp 20673724416
anon 20767305728
anon_thp 20751319040
anon 20813443072
anon_thp 20797456384
anon 20840706048
anon_thp 20824719360
anon 20859580416
anon_thp 20843593728
anon 20874772480
anon_thp 20862468096
anon 20885258240
anon_thp 20872953856
anon 20893646848
anon_thp 20881342464
anon 20897841152
anon_thp 20885536768
anon 20897841152
anon_thp 20885536768
anon 20897841152
anon_thp 20885536768
anon 20897841152
anon_thp 20885536768
anon 20897841152
anon_thp 20885536768
anon 20897841152
anon_thp 20885536768
anon 20897841152
anon_thp 20885536768
anon 20897841152
anon_thp 20885536768
anon 20089864192
anon_thp 20082327552
anon 20713291776
anon_thp 20700987392
anon 20774109184
anon_thp 20761804800
anon 20813955072
anon_thp 20801650688
anon 20837023744
anon_thp 20824719360
anon 20853800960
anon_thp 20841496576
anon 20866383872
anon_thp 20854079488
anon 20876869632
anon_thp 20864565248
anon 20885258240
anon_thp 20872953856
anon 20893646848
anon_thp 20881342464
anon 20721229824
anon_thp 20709376000
anon 20897841152
anon_thp 20885536768
anon 20897841152
anon_thp 20885536768
anon 20897841152
anon_thp 20885536768
anon 20897841152
anon_thp 20885536768
anon 20897841152
anon_thp 20885536768
anon 20897841152
anon_thp 20885536768
anon 20897841152
anon_thp 20885536768
anon 20897841152
anon_thp 20885536768
anon 20243533824
anon_thp 20233322496
anon 20717486080
anon_thp 20705181696
anon 20784594944
anon_thp 20772290560
anon 20820246528
anon_thp 20807942144
anon 20843315200
anon_thp 20831010816
anon 20860092416
anon_thp 20847788032
anon 20872675328
anon_thp 20860370944
anon 20883161088
anon_thp 20870856704
anon 20891549696
anon_thp 20879245312
anon 20897841152
anon_thp 20885536768
anon 20897841152
anon_thp 20885536768
anon 20897841152
anon_thp 20885536768
anon 20897841152
anon_thp 20885536768
anon 20897841152
anon_thp 20885536768
anon 20897841152
anon_thp 20885536768
anon 20897841152
anon_thp 20885536768
anon 20897841152
anon_thp 20885536768
anon 18012147712
anon_thp 18008244224
anon 20654571520
anon_thp 20642267136
anon 20725874688
anon_thp 20713570304
anon 20788789248
anon_thp 20776484864
anon 20824440832
anon_thp 20812136448
anon 20847509504
anon_thp 20835205120
anon 20862189568
anon_thp 20849885184
anon 20874772480
anon_thp 20862468096
anon 20885258240
anon_thp 20872953856
anon 20893646848
anon_thp 20881342464
anon 20897841152
anon_thp 20885536768
anon 20897841152
anon_thp 20885536768
anon 20897841152
anon_thp 20885536768
anon 20897841152
anon_thp 20885536768
anon 20897841152
anon_thp 20885536768
anon 20897841152
anon_thp 20885536768
anon 20897841152
anon_thp 20885536768
anon 20897841152
anon_thp 20885536768
anon 9111281664
anon_thp 9107931136
