pgmigrate_success 67029621
pgmigrate_success 67029624
pgmigrate_success 67029624
pgmigrate_success 67029624
pgmigrate_success 67029625
pgmigrate_success 67029625
pgmigrate_success 67029625
pgmigrate_success 67029625
pgmigrate_success 67029625
pgmigrate_success 67029625
pgmigrate_success 67029625
pgmigrate_success 67029625
pgmigrate_success 67029625
pgmigrate_success 67029625
pgmigrate_success 67029625
pgmigrate_success 67029625
pgmigrate_success 67029625
pgmigrate_success 67029625
pgmigrate_success 67029625
pgmigrate_success 67029625
pgmigrate_success 67029625
pgmigrate_success 67029625
pgmigrate_success 67029625
pgmigrate_success 67029625
pgmigrate_success 67029625
pgmigrate_success 67029625
pgmigrate_success 67029625
pgmigrate_success 67029625
pgmigrate_success 67029625
pgmigrate_success 67029625
pgmigrate_success 67029625
pgmigrate_success 67029625
pgmigrate_success 67029625
pgmigrate_success 67029625
pgmigrate_success 67029625
pgmigrate_success 67029625
pgmigrate_success 67029625
pgmigrate_success 67029625
pgmigrate_success 67029625
pgmigrate_success 67029625
pgmigrate_success 67029625
pgmigrate_success 67029625
pgmigrate_success 67029625
pgmigrate_success 67029625
pgmigrate_success 67029625
pgmigrate_success 67029625
pgmigrate_success 67029625
pgmigrate_success 67029625
pgmigrate_success 67029625
pgmigrate_success 67029625
pgmigrate_success 67029625
pgmigrate_success 67029625
pgmigrate_success 67029625
pgmigrate_success 67029625
pgmigrate_success 67029625
pgmigrate_success 67029625
pgmigrate_success 67029625
pgmigrate_success 67029625
pgmigrate_success 67029625
pgmigrate_success 67029625
pgmigrate_success 67029625
pgmigrate_success 67029625
pgmigrate_success 67029625
pgmigrate_success 67029625
pgmigrate_success 67029625
pgmigrate_success 67050666
pgmigrate_success 67166382
pgmigrate_success 67446969
pgmigrate_success 67625930
pgmigrate_success 67663420
pgmigrate_success 67663448
pgmigrate_success 67663448
pgmigrate_success 67663448
pgmigrate_success 67663448
pgmigrate_success 67663448
pgmigrate_success 67794099
pgmigrate_success 67904191
pgmigrate_success 68129037
pgmigrate_success 68129037
pgmigrate_success 68130064
pgmigrate_success 68137744
pgmigrate_success 68300587
pgmigrate_success 68481839
pgmigrate_success 68595508
pgmigrate_success 68595508
pgmigrate_success 68595508
pgmigrate_success 68595508
pgmigrate_success 68595508
pgmigrate_success 68596020
pgmigrate_success 68596020
pgmigrate_success 68596020
pgmigrate_success 68596020
pgmigrate_success 68696493
pgmigrate_success 68776878
pgmigrate_success 68776878
pgmigrate_success 68776878
pgmigrate_success 68776878
pgmigrate_success 68780521
pgmigrate_success 68799977
pgmigrate_success 69131767
pgmigrate_success 69131767
pgmigrate_success 69132418
pgmigrate_success 69132418
pgmigrate_success 69132418
pgmigrate_success 69132930
pgmigrate_success 69132930
pgmigrate_success 69132930
pgmigrate_success 69132930
pgmigrate_success 69132930
pgmigrate_success 69132930
pgmigrate_success 69144212
pgmigrate_success 69333277
pgmigrate_success 69359919
pgmigrate_success 69370160
pgmigrate_success 69370160
pgmigrate_success 69370160
pgmigrate_success 69370160
pgmigrate_success 69370160
pgmigrate_success 69380942
pgmigrate_success 69528910
pgmigrate_success 69729106
pgmigrate_success 69782999
pgmigrate_success 69783020
pgmigrate_success 69783025
pgmigrate_success 69783026
pgmigrate_success 69783542
pgmigrate_success 69783542
pgmigrate_success 69783542
pgmigrate_success 69783542
pgmigrate_success 69913130
pgmigrate_success 69913642
pgmigrate_success 69913642
pgmigrate_success 69929857
pgmigrate_success 69929857
pgmigrate_success 69936524
pgmigrate_success 69948820
pgmigrate_success 70305177
pgmigrate_success 70349762
pgmigrate_success 70349762
pgmigrate_success 70349762
pgmigrate_success 70349762
pgmigrate_success 70349762
pgmigrate_success 70349762
pgmigrate_success 70349762
pgmigrate_success 70349762
pgmigrate_success 70479908
pgmigrate_success 70513189
pgmigrate_success 70513189
pgmigrate_success 70575150
pgmigrate_success 70575150
pgmigrate_success 70575166
pgmigrate_success 70575682
pgmigrate_success 70576728
pgmigrate_success 70672472
pgmigrate_success 70937693
pgmigrate_success 71016731
pgmigrate_success 71022899
pgmigrate_success 71022899
pgmigrate_success 71022899
pgmigrate_success 71022899
pgmigrate_success 71022899
pgmigrate_success 71022906
pgmigrate_success 71153002
pgmigrate_success 71153002
pgmigrate_success 71153169
pgmigrate_success 71153169
pgmigrate_success 71153169
pgmigrate_success 71153169
pgmigrate_success 71154719
pgmigrate_success 71249951
pgmigrate_success 71519780
pgmigrate_success 71599806
pgmigrate_success 71599806
pgmigrate_success 71599806
pgmigrate_success 71599812
pgmigrate_success 71599812
pgmigrate_success 71599812
pgmigrate_success 71599812
pgmigrate_success 71732135
pgmigrate_success 71732135
pgmigrate_success 71732135
pgmigrate_success 71732135
pgmigrate_success 71732647
pgmigrate_success 71732647
pgmigrate_success 71732647
pgmigrate_success 71765931
pgmigrate_success 71946158
pgmigrate_success 72157114
pgmigrate_success 72177163
pgmigrate_success 72177163
pgmigrate_success 72177163
pgmigrate_success 72177164
pgmigrate_success 72177164
pgmigrate_success 72177166
pgmigrate_success 72177166
pgmigrate_success 72179216
pgmigrate_success 72307969
pgmigrate_success 72308481
pgmigrate_success 72324333
pgmigrate_success 72324333
pgmigrate_success 72324333
pgmigrate_success 72324333
pgmigrate_success 72325357
pgmigrate_success 72327416
pgmigrate_success 72338178
pgmigrate_success 72526596
pgmigrate_success 72731426
pgmigrate_success 72731426
pgmigrate_success 72731938
pgmigrate_success 72731938
pgmigrate_success 72731938
pgmigrate_success 72731938
pgmigrate_success 72731938
pgmigrate_success 72731938
pgmigrate_success 72862136
pgmigrate_success 72867256
pgmigrate_success 72867768
pgmigrate_success 72868792
pgmigrate_success 72869816
pgmigrate_success 72870840
pgmigrate_success 72872888
pgmigrate_success 72874425
pgmigrate_success 72887740
pgmigrate_success 73084860
pgmigrate_success 73284070
pgmigrate_success 73284070
pgmigrate_success 73284070
pgmigrate_success 73284070
pgmigrate_success 73284150
pgmigrate_success 73284150
pgmigrate_success 73284150
pgmigrate_success 73284150
pgmigrate_success 73414301
pgmigrate_success 73414301
pgmigrate_success 73414301
pgmigrate_success 73415837
pgmigrate_success 73417886
pgmigrate_success 73417886
pgmigrate_success 73418398
pgmigrate_success 73420446
