anon 0
anon_thp 0
anon 265109504
anon_thp 264241152
anon 531447808
anon_thp 530579456
anon 801980416
anon_thp 801112064
anon 1074753536
anon_thp 1071644672
anon 1345642496
anon_thp 1342177280
anon 1616175104
anon_thp 1612709888
anon 1890902016
anon_thp 1887436800
anon 2163531776
anon_thp 2160066560
anon 2440355840
anon_thp 2436890624
anon 2710888448
anon_thp 2707423232
anon 2981421056
anon_thp 2977955840
anon 3258245120
anon_thp 3254779904
anon 3530874880
anon_thp 3527409664
anon 3807698944
anon_thp 3804233728
anon 4080328704
anon_thp 4076863488
anon 4355055616
anon_thp 4351590400
anon 4629782528
anon_thp 4626317312
anon 4908703744
anon_thp 4905238528
anon 5185527808
anon_thp 5182062592
anon 5460254720
anon_thp 5456789504
anon 5743370240
anon_thp 5739905024
anon 6022291456
anon_thp 6018826240
anon 6299115520
anon_thp 6295650304
anon 6571745280
anon_thp 6568280064
anon 6850666496
anon_thp 6847201280
anon 7125393408
anon_thp 7121928192
anon 7404314624
anon_thp 7400849408
anon 7687430144
anon_thp 7683964928
anon 7970545664
anon_thp 7967080448
anon 8230592512
anon_thp 8227127296
anon 8501125120
anon_thp 8497659904
anon 8777949184
anon_thp 8774483968
anon 9056870400
anon_thp 9053405184
anon 9331597312
anon_thp 9328132096
anon 9602129920
anon_thp 9598664704
anon 9876856832
anon_thp 9873391616
anon 10159972352
anon_thp 10156507136
anon 10434699264
anon_thp 10431234048
anon 10705231872
anon_thp 10701766656
anon 10984153088
anon_thp 10980687872
anon 11258880000
anon_thp 11255414784
anon 11537801216
anon_thp 11534336000
anon 11810430976
anon_thp 11806965760
anon 12087255040
anon_thp 12083789824
anon 12361981952
anon_thp 12358516736
anon 12636708864
anon_thp 12633243648
anon 12911435776
anon_thp 12907970560
anon 13186162688
anon_thp 13182697472
anon 13465083904
anon_thp 13461618688
anon 13741907968
anon_thp 13738442752
anon 14020829184
anon_thp 14017363968
anon 14297653248
anon_thp 14294188032
anon 14576574464
anon_thp 14573109248
anon 14849204224
anon_thp 14845739008
anon 15126028288
anon_thp 15122563072
anon 15398658048
anon_thp 15395192832
anon 15675482112
anon_thp 15672016896
anon 15948111872
anon_thp 15944646656
anon 16220741632
anon_thp 16217276416
anon 16491274240
anon_thp 16487809024
anon 16759709696
anon_thp 16756244480
anon 17042825216
anon_thp 17039360000
anon 17315454976
anon_thp 17311989760
anon 17583890432
anon_thp 17580425216
anon 17848131584
anon_thp 17844666368
anon 18576564224
anon_thp 18568183808
anon 20663771136
anon_thp 20646461440
anon 20716199936
anon_thp 20698890240
anon 20787503104
anon_thp 20770193408
anon 20827348992
anon_thp 20810039296
anon 20852514816
anon_thp 20835205120
anon 20869292032
anon_thp 20851982336
anon 20881874944
anon_thp 20864565248
anon 20890263552
anon_thp 20872953856
anon 20896555008
anon_thp 20879245312
anon 20894457856
anon_thp 20877148160
anon 20896555008
anon_thp 20879245312
anon 20896555008
anon_thp 20879245312
anon 20896555008
anon_thp 20879245312
anon 20896555008
anon_thp 20879245312
anon 20896555008
anon_thp 20879245312
anon 20896555008
anon_thp 20879245312
anon 19916611584
anon_thp 19904069632
anon 20699422720
anon_thp 20682113024
anon 20743462912
anon_thp 20726153216
anon 20768628736
anon_thp 20751319040
anon 20795891712
anon_thp 20778582016
anon 20829446144
anon_thp 20812136448
anon 20852514816
anon_thp 20835205120
anon 20867194880
anon_thp 20849885184
anon 20879777792
anon_thp 20862468096
anon 20888166400
anon_thp 20870856704
anon 20894457856
anon_thp 20877148160
anon 20894457856
anon_thp 20877148160
anon 20896555008
anon_thp 20879245312
anon 20896555008
anon_thp 20879245312
anon 20896555008
anon_thp 20879245312
anon 20896555008
anon_thp 20879245312
anon 20896555008
anon_thp 20879245312
anon 18825138176
anon_thp 18815647744
anon 20670062592
anon_thp 20652752896
anon 20724588544
anon_thp 20707278848
anon 20760240128
anon_thp 20742930432
anon 20781211648
anon_thp 20763901952
anon 20797988864
anon_thp 20780679168
anon 20810571776
anon_thp 20793262080
anon 20821057536
anon_thp 20803747840
anon 20831543296
anon_thp 20814233600
anon 20837834752
anon_thp 20820525056
anon 20856709120
anon_thp 20839399424
anon 20872687616
anon_thp 20856176640
anon 20883173376
anon_thp 20866662400
anon 20891561984
anon_thp 20875051008
anon 20895756288
anon_thp 20879245312
anon 20897853440
anon_thp 20881342464
anon 20895756288
anon_thp 20879245312
anon 20897853440
anon_thp 20881342464
anon 20897853440
anon_thp 20881342464
anon 20897853440
anon_thp 20881342464
anon 20897853440
anon_thp 20881342464
anon 20897853440
anon_thp 20881342464
anon 20897853440
anon_thp 20881342464
anon 19819343872
anon_thp 19807600640
anon 20694429696
anon_thp 20677918720
anon 20740567040
anon_thp 20724056064
anon 20767830016
anon_thp 20751319040
anon 20788801536
anon_thp 20772290560
anon 20818161664
anon_thp 20801650688
anon 20845424640
anon_thp 20828913664
anon 20864299008
anon_thp 20847788032
anon 20876881920
anon_thp 20860370944
anon 20887367680
anon_thp 20870856704
anon 20895756288
anon_thp 20879245312
anon 20651249664
anon_thp 20635975680
anon 20897853440
anon_thp 20881342464
anon 20897853440
anon_thp 20881342464
anon 20897853440
anon_thp 20881342464
anon 20897853440
anon_thp 20881342464
anon 20897853440
anon_thp 20881342464
anon 20897853440
anon_thp 20881342464
anon 20222574592
anon_thp 20208156672
anon 20715401216
anon_thp 20698890240
anon 20786704384
anon_thp 20770193408
anon 20820258816
anon_thp 20803747840
anon 20843327488
anon_thp 20826816512
anon 20858007552
anon_thp 20841496576
anon 20872687616
anon_thp 20856176640
anon 20881076224
anon_thp 20864565248
anon 20889464832
anon_thp 20872953856
anon 20895756288
anon_thp 20879245312
anon 20897853440
anon_thp 20881342464
anon 20897853440
anon_thp 20881342464
anon 20897853440
anon_thp 20881342464
anon 20897853440
anon_thp 20881342464
anon 20897853440
anon_thp 20881342464
anon 20897853440
anon_thp 20881342464
anon 20897853440
anon_thp 20881342464
anon 20897853440
anon_thp 20881342464
anon 18740453376
anon_thp 18731761664
anon 20673458176
anon_thp 20656947200
anon 20723789824
anon_thp 20707278848
anon 20795092992
anon_thp 20778582016
anon 20830744576
anon_thp 20814233600
anon 20851716096
anon_thp 20835205120
anon 20866396160
anon_thp 20849885184
anon 20878979072
anon_thp 20862468096
anon 20889464832
anon_thp 20872953856
anon 20895756288
anon_thp 20879245312
anon 20897853440
anon_thp 20881342464
anon 20897853440
anon_thp 20883439616
anon 20897853440
anon_thp 20883439616
anon 20897853440
anon_thp 20883439616
anon 20897853440
anon_thp 20883439616
anon 20897853440
anon_thp 20883439616
anon 20897853440
anon_thp 20883439616
anon 18826436608
anon_thp 18819842048
anon 20675555328
anon_thp 20661141504
anon 20738469888
anon_thp 20724056064
anon 20797190144
anon_thp 20782776320
anon 20828647424
anon_thp 20814233600
anon 20849618944
anon_thp 20835205120
anon 20864299008
anon_thp 20849885184
anon 20874784768
anon_thp 20860370944
anon 20885270528
anon_thp 20870856704
anon 20891561984
anon_thp 20877148160
anon 20897853440
anon_thp 20883439616
anon 20897853440
anon_thp 20883439616
anon 20897853440
anon_thp 20883439616
anon 20897853440
anon_thp 20883439616
anon 20897853440
anon_thp 20883439616
anon 20897853440
anon_thp 20883439616
anon 20897853440
anon_thp 20883439616
anon 20897853440
anon_thp 20883439616
anon 18516058112
anon_thp 18509463552
anon 20669263872
anon_thp 20654850048
anon 20738469888
anon_thp 20724056064
anon 20788801536
anon_thp 20774387712
anon 20818161664
anon_thp 20803747840
anon 20837036032
anon_thp 20822622208
anon 20851716096
anon_thp 20837302272
anon 20864299008
anon_thp 20849885184
anon 20872687616
anon_thp 20858273792
anon 20881076224
anon_thp 20866662400
anon 20889464832
anon_thp 20875051008
anon 20895756288
anon_thp 20881342464
anon 20897853440
anon_thp 20883439616
anon 20897853440
anon_thp 20883439616
anon 20897853440
anon_thp 20883439616
anon 20897853440
anon_thp 20883439616
anon 20897853440
anon_thp 20883439616
anon 20897853440
anon_thp 20883439616
anon 20897853440
anon_thp 20883439616
anon 20897853440
anon_thp 20883439616
anon 20897853440
anon_thp 20883439616
anon 19884355584
anon_thp 19874709504
anon 20707012608
anon_thp 20692598784
anon 20776218624
anon_thp 20761804800
anon 20813967360
anon_thp 20799553536
anon 20837036032
anon_thp 20822622208
anon 20853813248
anon_thp 20839399424
anon 20868493312
anon_thp 20854079488
anon 20878979072
anon_thp 20864565248
anon 20887367680
anon_thp 20872953856
anon 20893659136
anon_thp 20879245312
anon 20743897088
anon_thp 20730347520
anon 20897853440
anon_thp 20883439616
anon 20897853440
anon_thp 20883439616
anon 20897853440
anon_thp 20883439616
anon 20897853440
anon_thp 20883439616
anon 20897853440
anon_thp 20883439616
anon 20897853440
anon_thp 20883439616
anon 20897853440
anon_thp 20883439616
anon 20897853440
anon_thp 20883439616
anon 20102459392
anon_thp 20092813312
anon 20711206912
anon_thp 20696793088
anon 20780412928
anon_thp 20765999104
anon 20816064512
anon_thp 20801650688
anon 20839133184
anon_thp 20824719360
anon 20855910400
anon_thp 20841496576
anon 20868493312
anon_thp 20854079488
anon 20876881920
anon_thp 20862468096
anon 20885270528
anon_thp 20870856704
anon 20893659136
anon_thp 20879245312
anon 20897853440
anon_thp 20883439616
anon 20897853440
anon_thp 20883439616
anon 20897853440
anon_thp 20883439616
anon 20897853440
anon_thp 20883439616
anon 20897853440
anon_thp 20883439616
anon 20897853440
anon_thp 20883439616
anon 20897853440
anon_thp 20883439616
anon 20897853440
anon_thp 20883439616
anon 20897853440
anon_thp 20883439616
