anon 0
anon_thp 0
anon 853254144
anon_thp 851443712
anon 853254144
anon_thp 851443712
anon 853254144
anon_thp 851443712
anon 853254144
anon_thp 851443712
anon 1032171520
anon_thp 1025507328
anon 1067823104
anon_thp 1061158912
anon 1480900608
anon_thp 1474297856
anon 2556739584
anon_thp 2550136832
anon 3624189952
anon_thp 3617587200
anon 4693737472
anon_thp 4687134720
anon 5771673600
anon_thp 5765070848
anon 6847512576
anon_thp 6840909824
anon 7925448704
anon_thp 7918845952
anon 9005481984
anon_thp 8998879232
anon 10072932352
anon_thp 10066329600
anon 11142479872
anon_thp 11135877120
anon 12197347328
anon_thp 12190744576
anon 13241729024
anon_thp 13235126272
anon 14263042048
anon_thp 14256439296
anon 15294840832
anon_thp 15288238080
anon 16326639616
anon_thp 16320036864
anon 17341661184
anon_thp 17335058432
anon 18386042880
anon_thp 18379440128
anon 19451396096
anon_thp 19444793344
anon 20514652160
anon_thp 20508049408
anon 21575811072
anon_thp 21569208320
anon 22636969984
anon_thp 22630367232
anon 23658283008
anon_thp 23651680256
anon 24725733376
anon_thp 24719130624
anon 25786892288
anon_thp 25780289536
anon 26200379392
anon_thp 26193428480
anon 26200379392
anon_thp 26193428480
anon 26200379392
anon_thp 26193428480
anon 26200379392
anon_thp 26193428480
anon 26200379392
anon_thp 26193428480
anon 26198282240
anon_thp 26191331328
anon 26200379392
anon_thp 26193428480
anon 26200379392
anon_thp 26193428480
anon 26200379392
anon_thp 26193428480
anon 26198282240
anon_thp 26191331328
anon 26200379392
anon_thp 26193428480
anon 26200379392
anon_thp 26193428480
anon 26200379392
anon_thp 26193428480
anon 26200379392
anon_thp 26193428480
anon 26200379392
anon_thp 26193428480
anon 26200379392
anon_thp 26193428480
anon 26200379392
anon_thp 26193428480
anon 26200379392
anon_thp 26193428480
anon 26200379392
anon_thp 26193428480
anon 26200379392
anon_thp 26193428480
anon 26200379392
anon_thp 26193428480
anon 26200379392
anon_thp 26193428480
anon 26200379392
anon_thp 26193428480
anon 26200379392
anon_thp 26193428480
anon 26200379392
anon_thp 26193428480
anon 26200379392
anon_thp 26193428480
anon 26200379392
anon_thp 26193428480
anon 26200379392
anon_thp 26193428480
anon 26200379392
anon_thp 26193428480
anon 26200379392
anon_thp 26193428480
anon 26200379392
anon_thp 26193428480
anon 26200379392
anon_thp 26193428480
anon 26200379392
anon_thp 26193428480
anon 26200379392
anon_thp 26193428480
anon 26200379392
anon_thp 26193428480
anon 26200379392
anon_thp 26193428480
anon 26200379392
anon_thp 26193428480
anon 26200379392
anon_thp 26193428480
anon 26200379392
anon_thp 26193428480
anon 26200379392
anon_thp 26193428480
anon 26200379392
anon_thp 26193428480
anon 26200379392
anon_thp 26193428480
anon 26200379392
anon_thp 26193428480
anon 26198282240
anon_thp 26191331328
anon 26200379392
anon_thp 26193428480
anon 26200379392
anon_thp 26193428480
anon 26200379392
anon_thp 26193428480
anon 26200379392
anon_thp 26193428480
anon 26200379392
anon_thp 26193428480
anon 26200379392
anon_thp 26193428480
anon 26200379392
anon_thp 26193428480
anon 26200379392
anon_thp 26193428480
anon 26200379392
anon_thp 26193428480
anon 26200379392
anon_thp 26193428480
anon 26200379392
anon_thp 26193428480
anon 26200379392
anon_thp 26193428480
anon 26200379392
anon_thp 26193428480
anon 26200379392
anon_thp 26193428480
anon 26200379392
anon_thp 26193428480
anon 26200379392
anon_thp 26193428480
anon 26200379392
anon_thp 26193428480
anon 26200379392
anon_thp 26193428480
anon 26200379392
anon_thp 26193428480
anon 26200379392
anon_thp 26193428480
anon 26200379392
anon_thp 26193428480
anon 26200379392
anon_thp 26193428480
anon 26200379392
anon_thp 26193428480
anon 26200379392
anon_thp 26193428480
anon 26200379392
anon_thp 26193428480
anon 26200379392
anon_thp 26193428480
anon 26200379392
anon_thp 26193428480
anon 26200379392
anon_thp 26193428480
anon 26200379392
anon_thp 26193428480
anon 26200379392
anon_thp 26193428480
anon 26200379392
anon_thp 26193428480
anon 26200379392
anon_thp 26193428480
anon 26200379392
anon_thp 26193428480
anon 26200379392
anon_thp 26193428480
anon 26200379392
anon_thp 26193428480
anon 26200379392
anon_thp 26193428480
anon 26200379392
anon_thp 26193428480
anon 26200379392
anon_thp 26193428480
anon 26200379392
anon_thp 26193428480
anon 26200379392
anon_thp 26193428480
anon 26200379392
anon_thp 26193428480
anon 26200379392
anon_thp 26193428480
anon 26200379392
anon_thp 26195525632
anon 26200379392
anon_thp 26195525632
anon 26200379392
anon_thp 26195525632
anon 26200379392
anon_thp 26195525632
anon 26200379392
anon_thp 26195525632
anon 26200379392
anon_thp 26195525632
anon 26200379392
anon_thp 26195525632
anon 26200379392
anon_thp 26195525632
anon 26200379392
anon_thp 26195525632
anon 26200379392
anon_thp 26195525632
anon 26200379392
anon_thp 26195525632
anon 26200379392
anon_thp 26195525632
anon 26200379392
anon_thp 26195525632
anon 26200379392
anon_thp 26195525632
anon 26200379392
anon_thp 26195525632
anon 26200379392
anon_thp 26195525632
anon 26200379392
anon_thp 26195525632
anon 26200379392
anon_thp 26195525632
anon 26200379392
anon_thp 26195525632
anon 26200379392
anon_thp 26197622784
anon 26200379392
anon_thp 26197622784
anon 26200379392
anon_thp 26197622784
anon 26200379392
anon_thp 26197622784
anon 26200379392
anon_thp 26197622784
anon 26200379392
anon_thp 26197622784
anon 26200379392
anon_thp 26197622784
anon 26200379392
anon_thp 26197622784
anon 26200379392
anon_thp 26197622784
anon 26200379392
anon_thp 26197622784
anon 26200379392
anon_thp 26197622784
anon 26200379392
anon_thp 26197622784
anon 26200379392
anon_thp 26197622784
anon 26200379392
anon_thp 26197622784
anon 26200379392
anon_thp 26197622784
anon 26200379392
anon_thp 26197622784
anon 26200379392
anon_thp 26197622784
anon 26200379392
anon_thp 26197622784
anon 26200379392
anon_thp 26197622784
anon 26200379392
anon_thp 26197622784
anon 26200379392
anon_thp 26197622784
anon 26200379392
anon_thp 26197622784
anon 6973644800
anon_thp 6973030400
