anon 0
anon_thp 0
anon 853254144
anon_thp 849346560
anon 853254144
anon_thp 849346560
anon 853254144
anon_thp 849346560
anon 853254144
anon_thp 849346560
anon 1031360512
anon_thp 1025507328
anon 1067012096
anon_thp 1061158912
anon 1528324096
anon_thp 1522532352
anon 2599968768
anon_thp 2594177024
anon 3673710592
anon_thp 3667918848
anon 4743258112
anon_thp 4737466368
anon 5819097088
anon_thp 5813305344
anon 6890741760
anon_thp 6884950016
anon 7962386432
anon_thp 7956594688
anon 9055002624
anon_thp 9049210880
anon 10137133056
anon_thp 10131341312
anon 11219263488
anon_thp 11213471744
anon 12269936640
anon_thp 12264144896
anon 13299638272
anon_thp 13293846528
anon 14310465536
anon_thp 14304673792
anon 15350652928
anon_thp 15344861184
anon 16390840320
anon_thp 16385048576
anon 17414250496
anon_thp 17408458752
anon 18469117952
anon_thp 18463326208
anon 19528179712
anon_thp 19522387968
anon 20587241472
anon_thp 20581449728
anon 21652594688
anon_thp 21646802944
anon 22713753600
anon_thp 22707961856
anon 23774912512
anon_thp 23769120768
anon 24838168576
anon_thp 24832376832
anon 25859481600
anon_thp 25853689856
anon 26200379392
anon_thp 26193428480
anon 26200379392
anon_thp 26193428480
anon 26198282240
anon_thp 26191331328
anon 26200379392
anon_thp 26193428480
anon 26200379392
anon_thp 26193428480
anon 26200379392
anon_thp 26193428480
anon 26200379392
anon_thp 26193428480
anon 26200379392
anon_thp 26193428480
anon 26200379392
anon_thp 26193428480
anon 26200379392
anon_thp 26193428480
anon 26200379392
anon_thp 26193428480
anon 26200379392
anon_thp 26193428480
anon 26200379392
anon_thp 26193428480
anon 26200379392
anon_thp 26193428480
anon 26200379392
anon_thp 26193428480
anon 26200379392
anon_thp 26193428480
anon 26200379392
anon_thp 26193428480
anon 26200379392
anon_thp 26193428480
anon 26200379392
anon_thp 26193428480
anon 26200379392
anon_thp 26193428480
anon 26200379392
anon_thp 26193428480
anon 26200379392
anon_thp 26193428480
anon 26200379392
anon_thp 26193428480
anon 26200379392
anon_thp 26193428480
anon 26200379392
anon_thp 26193428480
anon 26200379392
anon_thp 26193428480
anon 26200379392
anon_thp 26193428480
anon 26200379392
anon_thp 26193428480
anon 26200379392
anon_thp 26193428480
anon 26200379392
anon_thp 26193428480
anon 26200379392
anon_thp 26193428480
anon 26200379392
anon_thp 26193428480
anon 26200379392
anon_thp 26193428480
anon 26200379392
anon_thp 26193428480
anon 26200379392
anon_thp 26193428480
anon 26200379392
anon_thp 26193428480
anon 26200379392
anon_thp 26193428480
anon 26200379392
anon_thp 26193428480
anon 26200379392
anon_thp 26193428480
anon 26200379392
anon_thp 26193428480
anon 26200379392
anon_thp 26193428480
anon 26200379392
anon_thp 26193428480
anon 26200379392
anon_thp 26193428480
anon 26200379392
anon_thp 26193428480
anon 26200379392
anon_thp 26193428480
anon 26200379392
anon_thp 26193428480
anon 26200379392
anon_thp 26193428480
anon 26200379392
anon_thp 26193428480
anon 26200379392
anon_thp 26193428480
anon 26200379392
anon_thp 26193428480
anon 26200379392
anon_thp 26193428480
anon 26200379392
anon_thp 26193428480
anon 26200379392
anon_thp 26193428480
anon 26200379392
anon_thp 26193428480
anon 26200379392
anon_thp 26193428480
anon 26200379392
anon_thp 26193428480
anon 26200379392
anon_thp 26193428480
anon 26200379392
anon_thp 26193428480
anon 26200379392
anon_thp 26193428480
anon 26200379392
anon_thp 26193428480
anon 26200379392
anon_thp 26193428480
anon 26200379392
anon_thp 26193428480
anon 26200379392
anon_thp 26193428480
anon 26200379392
anon_thp 26193428480
anon 26200379392
anon_thp 26193428480
anon 26200379392
anon_thp 26193428480
anon 26200379392
anon_thp 26193428480
anon 26200379392
anon_thp 26193428480
anon 26200379392
anon_thp 26193428480
anon 26200379392
anon_thp 26193428480
anon 26200379392
anon_thp 26193428480
anon 26200379392
anon_thp 26193428480
anon 26200379392
anon_thp 26193428480
anon 26200379392
anon_thp 26193428480
anon 26200379392
anon_thp 26193428480
anon 26200379392
anon_thp 26193428480
anon 26200379392
anon_thp 26193428480
anon 26200379392
anon_thp 26193428480
anon 26200379392
anon_thp 26193428480
anon 26200379392
anon_thp 26193428480
anon 26200379392
anon_thp 26193428480
anon 26198282240
anon_thp 26193428480
anon 26200379392
anon_thp 26195525632
anon 26200379392
anon_thp 26195525632
anon 26200379392
anon_thp 26195525632
anon 26200379392
anon_thp 26195525632
anon 26200379392
anon_thp 26195525632
anon 26200379392
anon_thp 26195525632
anon 26200379392
anon_thp 26195525632
anon 26200379392
anon_thp 26195525632
anon 26200379392
anon_thp 26195525632
anon 26200379392
anon_thp 26195525632
anon 26200379392
anon_thp 26195525632
anon 26200379392
anon_thp 26195525632
anon 26200379392
anon_thp 26195525632
anon 26200379392
anon_thp 26195525632
anon 26200379392
anon_thp 26195525632
anon 26200379392
anon_thp 26195525632
anon 26200379392
anon_thp 26195525632
anon 26200379392
anon_thp 26195525632
anon 26200379392
anon_thp 26195525632
anon 26200379392
anon_thp 26195525632
anon 26200379392
anon_thp 26195525632
anon 26200379392
anon_thp 26195525632
anon 26200379392
anon_thp 26195525632
anon 26200379392
anon_thp 26195525632
anon 26200379392
anon_thp 26197622784
anon 26200379392
anon_thp 26197622784
anon 26200379392
anon_thp 26197622784
anon 26200379392
anon_thp 26197622784
anon 26200379392
anon_thp 26197622784
anon 26200379392
anon_thp 26197622784
anon 26200379392
anon_thp 26197622784
anon 26200379392
anon_thp 26197622784
anon 26200379392
anon_thp 26197622784
anon 26200379392
anon_thp 26197622784
anon 26200379392
anon_thp 26197622784
anon 26200379392
anon_thp 26197622784
anon 26200379392
anon_thp 26197622784
anon 26200379392
anon_thp 26197622784
anon 26200379392
anon_thp 26197622784
anon 26200379392
anon_thp 26197622784
anon 26200379392
anon_thp 26197622784
anon 26200379392
anon_thp 26197622784
anon 26200379392
anon_thp 26197622784
anon 26200379392
anon_thp 26197622784
anon 26200379392
anon_thp 26197622784
