anon 0
anon_thp 0
anon 853250048
anon_thp 849346560
anon 853250048
anon_thp 849346560
anon 853250048
anon_thp 849346560
anon 853250048
anon_thp 849346560
anon 1032773632
anon_thp 1025507328
anon 1066328064
anon_thp 1059061760
anon 1523445760
anon_thp 1516240896
anon 2601381888
anon_thp 2594177024
anon 3679318016
anon_thp 3672113152
anon 4755156992
anon_thp 4747952128
anon 5835190272
anon_thp 5827985408
anon 6929903616
anon_thp 6922698752
anon 8026714112
anon_thp 8019509248
anon 9113038848
anon_thp 9105833984
anon 10207752192
anon_thp 10200547328
anon 11264716800
anon_thp 11257511936
anon 12317487104
anon_thp 12310282240
anon 13376548864
anon_thp 13369344000
anon 14395764736
anon_thp 14388559872
anon 15427563520
anon_thp 15420358656
anon 16501305344
anon_thp 16494100480
anon 17568755712
anon_thp 17561550848
anon 18634108928
anon_thp 18626904064
anon 19701559296
anon_thp 19694354432
anon 20764815360
anon_thp 20757610496
anon 21825974272
anon_thp 21818769408
anon 22859870208
anon_thp 22852665344
anon 23912640512
anon_thp 23905435648
anon 24977993728
anon_thp 24970788864
anon 26039152640
anon_thp 26031947776
anon 26200375296
anon_thp 26191331328
anon 26200375296
anon_thp 26191331328
anon 26200375296
anon_thp 26191331328
anon 26198278144
anon_thp 26189234176
anon 26198278144
anon_thp 26189234176
anon 26198278144
anon_thp 26189234176
anon 26200375296
anon_thp 26191331328
anon 26200375296
anon_thp 26191331328
anon 26200375296
anon_thp 26191331328
anon 26200375296
anon_thp 26191331328
anon 26198278144
anon_thp 26189234176
anon 26200375296
anon_thp 26191331328
anon 26200375296
anon_thp 26191331328
anon 26200375296
anon_thp 26191331328
anon 26200375296
anon_thp 26191331328
anon 26200375296
anon_thp 26191331328
anon 26200375296
anon_thp 26191331328
anon 26200375296
anon_thp 26191331328
anon 26200375296
anon_thp 26191331328
anon 26200375296
anon_thp 26191331328
anon 26200375296
anon_thp 26191331328
anon 26200375296
anon_thp 26191331328
anon 26200375296
anon_thp 26191331328
anon 26200375296
anon_thp 26191331328
anon 26200375296
anon_thp 26191331328
anon 26200375296
anon_thp 26191331328
anon 26200375296
anon_thp 26191331328
anon 26200375296
anon_thp 26191331328
anon 26200375296
anon_thp 26191331328
anon 26200375296
anon_thp 26191331328
anon 26200375296
anon_thp 26191331328
anon 26200375296
anon_thp 26191331328
anon 26200375296
anon_thp 26191331328
anon 26200375296
anon_thp 26191331328
anon 26200375296
anon_thp 26191331328
anon 26200375296
anon_thp 26191331328
anon 26200375296
anon_thp 26191331328
anon 26200375296
anon_thp 26191331328
anon 26200375296
anon_thp 26191331328
anon 26200375296
anon_thp 26191331328
anon 26200375296
anon_thp 26191331328
anon 26200375296
anon_thp 26191331328
anon 26200375296
anon_thp 26191331328
anon 26200375296
anon_thp 26191331328
anon 26200375296
anon_thp 26191331328
anon 26200375296
anon_thp 26191331328
anon 26200375296
anon_thp 26191331328
anon 26200375296
anon_thp 26191331328
anon 26200375296
anon_thp 26191331328
anon 26200375296
anon_thp 26191331328
anon 26200375296
anon_thp 26191331328
anon 26200375296
anon_thp 26191331328
anon 26200375296
anon_thp 26191331328
anon 26200375296
anon_thp 26191331328
anon 26200375296
anon_thp 26191331328
anon 26200375296
anon_thp 26191331328
anon 26200375296
anon_thp 26191331328
anon 26200375296
anon_thp 26191331328
anon 26200375296
anon_thp 26191331328
anon 26200375296
anon_thp 26191331328
anon 26200375296
anon_thp 26191331328
anon 26200375296
anon_thp 26191331328
anon 26200375296
anon_thp 26191331328
anon 26200375296
anon_thp 26191331328
anon 26200375296
anon_thp 26191331328
anon 26200375296
anon_thp 26191331328
anon 26200375296
anon_thp 26191331328
anon 26200375296
anon_thp 26191331328
anon 26200375296
anon_thp 26191331328
anon 26200375296
anon_thp 26191331328
anon 26200375296
anon_thp 26191331328
anon 26200375296
anon_thp 26191331328
anon 26200375296
anon_thp 26191331328
anon 26200375296
anon_thp 26191331328
anon 26200375296
anon_thp 26191331328
anon 26200375296
anon_thp 26191331328
anon 26200375296
anon_thp 26191331328
anon 26200375296
anon_thp 26191331328
anon 26200375296
anon_thp 26191331328
anon 26200375296
anon_thp 26191331328
anon 26200375296
anon_thp 26191331328
anon 26200375296
anon_thp 26191331328
anon 26200375296
anon_thp 26191331328
anon 26200375296
anon_thp 26191331328
anon 26200375296
anon_thp 26191331328
anon 26200375296
anon_thp 26191331328
anon 26200375296
anon_thp 26191331328
anon 26200375296
anon_thp 26191331328
anon 26200375296
anon_thp 26191331328
anon 26200375296
anon_thp 26191331328
anon 26200375296
anon_thp 26191331328
anon 26200375296
anon_thp 26191331328
anon 26200375296
anon_thp 26191331328
anon 26200375296
anon_thp 26191331328
anon 26200375296
anon_thp 26191331328
anon 26200375296
anon_thp 26191331328
anon 26200375296
anon_thp 26191331328
anon 26200375296
anon_thp 26191331328
anon 26200375296
anon_thp 26191331328
anon 26200375296
anon_thp 26191331328
anon 26200375296
anon_thp 26191331328
anon 26200375296
anon_thp 26191331328
anon 26200375296
anon_thp 26191331328
anon 26200375296
anon_thp 26191331328
anon 26200375296
anon_thp 26191331328
anon 26200375296
anon_thp 26191331328
anon 26200375296
anon_thp 26193428480
anon 26200375296
anon_thp 26193428480
anon 26200375296
anon_thp 26193428480
anon 26200375296
anon_thp 26193428480
anon 26200375296
anon_thp 26193428480
anon 26200375296
anon_thp 26193428480
anon 26200375296
anon_thp 26193428480
anon 26200375296
anon_thp 26193428480
anon 26200375296
anon_thp 26193428480
anon 26200375296
anon_thp 26193428480
anon 26200375296
anon_thp 26193428480
anon 26200375296
anon_thp 26193428480
anon 26200375296
anon_thp 26193428480
anon 26200375296
anon_thp 26193428480
anon 26200375296
anon_thp 26193428480
anon 26200375296
anon_thp 26193428480
anon 26200375296
anon_thp 26193428480
anon 26200375296
anon_thp 26193428480
anon 26200375296
anon_thp 26193428480
anon 26200375296
anon_thp 26193428480
