pgmigrate_success 154616657
pgmigrate_fail 67914
thp_migration_success 214383
thp_migration_fail 69
thp_migration_split 0
thp_fault_alloc 284768
thp_fault_fallback 5338
thp_fault_fallback_charge 0
thp_collapse_alloc 408
thp_collapse_alloc_failed 0
thp_file_alloc 0
thp_file_fallback 0
thp_file_fallback_charge 0
thp_file_mapped 0
thp_split_page 186
thp_split_page_failed 0
thp_deferred_split_page 854
thp_split_pmd 1387
thp_split_pud 0
thp_zero_page_alloc 0
thp_zero_page_alloc_failed 0
thp_swpout 0
thp_swpout_fallback 0
htmm_nr_promoted 81999204
htmm_nr_demoted 67159995
htmm_nr_sampled 0
htmm_missed_dramread 0
htmm_missed_nvmread 0
htmm_missed_write 0
htmm_alloc_dram 307571173
htmm_alloc_nvm 0
