anon 1007616
anon_thp 0
anon 230068224
anon_thp 6291456
anon 566693888
anon_thp 6291456
anon 915079168
anon_thp 6291456
anon 1244921856
anon_thp 6291456
anon 1579278336
anon_thp 6291456
anon 1908166656
anon_thp 6291456
anon 2227040256
anon_thp 6291456
anon 2551496704
anon_thp 6291456
anon 2877882368
anon_thp 6291456
anon 3206709248
anon_thp 6291456
anon 3531051008
anon_thp 6291456
anon 3860320256
anon_thp 6291456
anon 4187664384
anon_thp 6291456
anon 4519972864
anon_thp 6291456
anon 4845760512
anon_thp 6291456
anon 5168939008
anon_thp 6291456
anon 5493567488
anon_thp 6291456
anon 5572698112
anon_thp 6291456
anon 5572935680
anon_thp 6291456
anon 5574688768
anon_thp 6291456
anon 5576069120
anon_thp 6291456
anon 5576318976
anon_thp 6291456
anon 5577207808
anon_thp 6291456
anon 5577396224
anon_thp 6291456
anon 5578321920
anon_thp 6291456
anon 5578543104
anon_thp 6291456
anon 67489792
anon_thp 6291456
anon 563916800
anon_thp 6291456
anon 920948736
anon_thp 6291456
anon 1276231680
anon_thp 46137344
anon 1463730176
anon_thp 138412032
anon 449454080
anon_thp 46137344
anon 862003200
anon_thp 46137344
anon 1287921664
anon_thp 46137344
anon 1929269248
anon_thp 314572800
anon 3119681536
anon_thp 314572800
anon 4486434816
anon_thp 314572800
anon 5843398656
anon_thp 314572800
anon 6760505344
anon_thp 113246208
anon 6990327808
anon_thp 314572800
anon 7028461568
anon_thp 314572800
anon 6839660544
anon_thp 113246208
anon 7045439488
anon_thp 314572800
anon 7053762560
anon_thp 314572800
anon 6857695232
anon_thp 113246208
anon 7059779584
anon_thp 314572800
anon 358719488
anon_thp 6291456
anon 1730232320
anon_thp 301989888
anon 2163281920
anon_thp 301989888
anon 2621382656
anon_thp 301989888
anon 3118313472
anon_thp 301989888
anon 3616595968
anon_thp 301989888
anon 4115656704
anon_thp 301989888
anon 4607131648
anon_thp 301989888
anon 5114060800
anon_thp 301989888
anon 5606207488
anon_thp 283115520
anon 5606203392
anon_thp 283115520
anon 5701943296
anon_thp 314572800
anon 5554417664
anon_thp 190840832
anon 5749768192
anon_thp 314572800
anon 5777747968
anon_thp 312475648
anon 5777747968
anon_thp 312475648
anon 5834067968
anon_thp 295698432
anon 952881152
anon_thp 20971520
anon 1987907584
anon_thp 140509184
anon 3444178944
anon_thp 142606336
anon 4867248128
anon_thp 144703488
anon 6250143744
anon_thp 148897792
anon 7668899840
anon_thp 148897792
anon 7956013056
anon_thp 163577856
anon 7975837696
anon_thp 159383552
anon 7980969984
anon_thp 163577856
anon 8010825728
anon_thp 169869312
anon 7945392128
anon_thp 102760448
anon 8031354880
anon_thp 180355072
anon 8065695744
anon_thp 192937984
anon 7636025344
anon_thp 62914560
anon 1754599424
anon_thp 6291456
anon 5105336320
anon_thp 10485760
anon 5106323456
anon_thp 10485760
anon 5107126272
anon_thp 10485760
anon 1979686912
anon_thp 6291456
anon 6451220480
anon_thp 8388608
anon 9150328832
anon_thp 299892736
anon 9343725568
anon_thp 20971520
anon 9379274752
anon_thp 20971520
anon 9430618112
anon_thp 20971520
anon 9745006592
anon_thp 174063616
anon 9458827264
anon_thp 33554432
anon 9465569280
anon_thp 33554432
anon 9771917312
anon_thp 207618048
anon 244219904
anon_thp 6291456
anon 1669230592
anon_thp 6291456
anon 3045355520
anon_thp 8388608
anon 4411277312
anon_thp 8388608
anon 5783388160
anon_thp 8388608
anon 7147298816
anon_thp 8388608
anon 8492883968
anon_thp 75497472
anon 9658597376
anon_thp 12582912
anon 9739223040
anon_thp 44040192
anon 9716867072
anon_thp 12582912
anon 9723871232
anon_thp 12582912
anon 9733472256
anon_thp 12582912
anon 9809338368
anon_thp 79691776
anon 9744953344
anon_thp 12582912
anon 9748357120
anon_thp 12582912
anon 71155712
anon_thp 6291456
anon 3388829696
anon_thp 6291456
anon 8415637504
anon_thp 4255121408
anon 9003237376
anon_thp 4448059392
anon 11192762368
anon_thp 4448059392
anon 13343870976
anon_thp 4448059392
anon 15449333760
anon_thp 4448059392
anon 17572106240
anon_thp 4448059392
anon 14234996736
anon_thp 585105408
anon 18120704000
anon_thp 4223664128
anon 18137296896
anon_thp 4223664128
anon 18137841664
anon_thp 4223664128
anon 18138238976
anon_thp 4223664128
anon 17030844416
anon_thp 3338665984
anon 18183319552
anon_thp 4273995776
anon 18183942144
anon_thp 4273995776
anon 18184118272
anon_thp 4273995776
anon 13722021888
anon_thp 44040192
anon 18164162560
anon_thp 4267704320
anon 18180751360
anon_thp 4267704320
anon 18181582848
anon_thp 4267704320
anon 18181910528
anon_thp 4267704320
anon 13720412160
anon_thp 62914560
anon 18174001152
anon_thp 4211081216
anon 18190372864
anon_thp 4211081216
anon 18191110144
anon_thp 4211081216
anon 18191503360
anon_thp 4211081216
anon 13734572032
anon_thp 73400320
anon 18241482752
anon_thp 4292870144
anon 18257555456
anon_thp 4292870144
anon 18257903616
anon_thp 4292870144
anon 18258096128
anon_thp 4292870144
anon 8399159296
anon_thp 48234496
anon 1329758208
anon_thp 6291456
anon 2240524288
anon_thp 140509184
anon 3023392768
anon_thp 140509184
anon 3796762624
anon_thp 140509184
anon 6175129600
anon_thp 140509184
anon 8717889536
anon_thp 140509184
anon 9089708032
anon_thp 6291456
anon 9524510720
anon_thp 140509184
anon 9616756736
anon_thp 140509184
anon 10104700928
anon_thp 6291456
anon 10287464448
anon_thp 140509184
anon 10293489664
anon_thp 140509184
anon 10196738048
anon_thp 6291456
anon 10331283456
anon_thp 140509184
anon 10340515840
anon_thp 140509184
anon 10260680704
anon_thp 6291456
anon 10394935296
anon_thp 140509184
anon 10394931200
anon_thp 140509184
anon 10293309440
anon_thp 6291456
anon 10419625984
anon_thp 6291456
anon 10421432320
anon_thp 6291456
anon 10444587008
anon_thp 6291456
anon 2542735360
anon_thp 6291456
anon 841928704
anon_thp 6291456
anon 1233678336
anon_thp 14680064
anon 1938317312
anon_thp 6291456
anon 5400006656
anon_thp 73400320
anon 5921398784
anon_thp 6291456
anon 5929177088
anon_thp 6291456
anon 5930450944
anon_thp 6291456
anon 5998247936
anon_thp 73400320
anon 5998845952
anon_thp 73400320
anon 5931900928
anon_thp 6291456
anon 110927872
anon_thp 6291456
anon 1399418880
anon_thp 274726912
anon 2292563968
anon_thp 274726912
anon 3196493824
anon_thp 274726912
anon 4095881216
anon_thp 274726912
anon 4983033856
anon_thp 274726912
anon 5896720384
anon_thp 274726912
anon 6783791104
anon_thp 274726912
anon 7671754752
anon_thp 358612992
anon 7719534592
anon_thp 343932928
anon 7919828992
anon_thp 343932928
anon 8112869376
anon_thp 343932928
anon 8305238016
anon_thp 343932928
anon 8614084608
anon_thp 362807296
anon 8620666880
anon_thp 362807296
anon 8623464448
anon_thp 362807296
anon 8625860608
anon_thp 362807296
anon 8636026880
anon_thp 362807296
anon 8691015680
anon_thp 362807296
anon 8692785152
anon_thp 362807296
anon 8693194752
anon_thp 362807296
anon 8693194752
anon_thp 362807296
anon 8693215232
anon_thp 362807296
anon 8706760704
anon_thp 362807296
anon 8707796992
anon_thp 362807296
anon 8708079616
anon_thp 362807296
anon 8711598080
anon_thp 362807296
anon 8759545856
anon_thp 362807296
anon 8812630016
anon_thp 371195904
anon 8776667136
anon_thp 364904448
anon 8776667136
anon_thp 364904448
anon 8776671232
anon_thp 364904448
anon 8799358976
anon_thp 364904448
anon 8833150976
anon_thp 371195904
anon 80519168
anon_thp 6291456
anon 4421201920
anon_thp 543162368
anon 7737925632
anon_thp 543162368
anon 7751471104
anon_thp 543162368
anon 7756673024
anon_thp 543162368
anon 7776690176
anon_thp 543162368
anon 7783997440
anon_thp 543162368
anon 65376256
anon_thp 6291456
anon 4412243968
anon_thp 6291456
anon 7302021120
anon_thp 18874368
anon 7502938112
anon_thp 25165824
anon 7532978176
anon_thp 25165824
anon 7543181312
anon_thp 25165824
anon 408928256
anon_thp 25165824
anon 1841737728
anon_thp 8388608
anon 2468737024
anon_thp 75497472
anon 2628505600
anon_thp 75497472
anon 2697265152
anon_thp 75497472
anon 2738102272
anon_thp 75497472
anon 2762768384
anon_thp 75497472
anon 121868288
anon_thp 8388608
anon 4076298240
anon_thp 8388608
anon 5668024320
anon_thp 8388608
anon 5716684800
anon_thp 23068672
anon 5721767936
anon_thp 23068672
anon 5745061888
anon_thp 23068672
anon 5750759424
anon_thp 23068672
anon 5753507840
anon_thp 23068672
anon 5773434880
anon_thp 37748736
anon 323792896
anon_thp 37748736
anon 3066417152
anon_thp 8388608
anon 6109814784
anon_thp 8388608
anon 8852086784
anon_thp 155189248
anon 8850628608
anon_thp 155189248
anon 9112682496
anon_thp 406847488
anon 9128914944
anon_thp 406847488
anon 8903499776
anon_thp 138412032
anon 9063403520
anon_thp 138412032
anon 10107424768
anon_thp 138412032
anon 10615848960
anon_thp 327155712
anon 10655662080
anon_thp 327155712
anon 10376392704
anon_thp 211812352
anon 10354429952
anon_thp 197132288
anon 10443059200
anon_thp 197132288
anon 11035131904
anon_thp 348127232
anon 11043741696
anon_thp 348127232
anon 10964066304
anon_thp 427819008
anon 10664046592
anon_thp 241172480
anon 10637918208
anon_thp 226492416
anon 10874003456
anon_thp 226492416
anon 11199799296
anon_thp 362807296
anon 11213090816
anon_thp 362807296
anon 10962886656
anon_thp 241172480
anon 10944303104
anon_thp 226492416
anon 10952151040
anon_thp 226492416
anon 11206017024
anon_thp 301989888
anon 11212185600
anon_thp 301989888
anon 11382951936
anon_thp 509607936
anon 11114577920
anon_thp 241172480
anon 10981552128
anon_thp 241172480
anon 11332317184
anon_thp 390070272
anon 11353509888
anon_thp 390070272
anon 11172384768
anon_thp 308281344
anon 11003785216
anon_thp 241172480
anon 4069613568
anon_thp 94371840
anon 1655525376
anon_thp 6291456
anon 5687648256
anon_thp 6291456
anon 8566599680
anon_thp 8388608
anon 8570646528
anon_thp 8388608
anon 8573546496
anon_thp 8388608
anon 8574656512
anon_thp 8388608
anon 8576999424
anon_thp 8388608
anon 8578916352
anon_thp 8388608
anon 589938688
anon_thp 6291456
anon 4281077760
anon_thp 6291456
anon 8091095040
anon_thp 8388608
anon 8199397376
anon_thp 41943040
anon 8238223360
anon_thp 23068672
anon 8295514112
anon_thp 37748736
anon 8334209024
anon_thp 52428800
anon 8343162880
anon_thp 52428800
anon 8372355072
anon_thp 67108864
anon 715706368
anon_thp 6291456
anon 5053161472
anon_thp 6291456
anon 7638401024
anon_thp 276824064
anon 7946313728
anon_thp 276824064
anon 8014721024
anon_thp 276824064
anon 8030240768
anon_thp 276824064
anon 7809216512
anon_thp 10485760
anon 8121233408
anon_thp 283115520
anon 8361492480
anon_thp 285212672
anon 8227278848
anon_thp 153092096
anon 8377634816
anon_thp 285212672
anon 8785661952
anon_thp 689963008
anon 8396103680
anon_thp 287309824
anon 8503730176
anon_thp 287309824
anon 8503721984
anon_thp 287309824
anon 8504213504
anon_thp 287309824
anon 8506695680
anon_thp 287309824
anon 8245755904
anon_thp 20971520
anon 8549330944
anon_thp 293601280
anon 8579080192
anon_thp 293601280
anon 8596312064
anon_thp 293601280
anon 8596312064
anon_thp 293601280
anon 9000345600
anon_thp 698351616
anon 8602824704
anon_thp 295698432
anon 8665600000
anon_thp 293601280
anon 8665595904
anon_thp 293601280
anon 8682164224
anon_thp 308281344
anon 8682377216
anon_thp 308281344
anon 8416870400
anon_thp 41943040
anon 8685518848
anon_thp 310378496
anon 8746373120
anon_thp 308281344
anon 8746369024
anon_thp 308281344
anon 8757026816
anon_thp 308281344
anon 8757022720
anon_thp 308281344
anon 8853553152
anon_thp 404750336
anon 323334144
anon_thp 16777216
anon 740360192
anon_thp 6291456
anon 1220808704
anon_thp 6291456
anon 1286979584
anon_thp 6291456
anon 1343492096
anon_thp 6291456
anon 1420824576
anon_thp 6291456
anon 984322048
anon_thp 6291456
