pgmigrate_success 268744422
pgmigrate_success 268744427
pgmigrate_success 268744428
pgmigrate_success 268744429
pgmigrate_success 268744430
pgmigrate_success 268744430
pgmigrate_success 268744431
pgmigrate_success 268744432
pgmigrate_success 268744433
pgmigrate_success 268744434
pgmigrate_success 268744435
pgmigrate_success 268744436
pgmigrate_success 268744437
pgmigrate_success 268904885
pgmigrate_success 269057205
pgmigrate_success 269212789
pgmigrate_success 269371573
pgmigrate_success 269536629
pgmigrate_success 269584150
pgmigrate_success 269584183
pgmigrate_success 269584760
pgmigrate_success 269584889
pgmigrate_success 269585050
pgmigrate_success 269585275
pgmigrate_success 269585308
pgmigrate_success 269585533
pgmigrate_success 269585598
pgmigrate_success 269594114
pgmigrate_success 269738452
pgmigrate_success 269859019
pgmigrate_success 269862618
pgmigrate_success 269862619
pgmigrate_success 269862620
pgmigrate_success 269862621
pgmigrate_success 269862622
pgmigrate_success 269862623
pgmigrate_success 269862624
pgmigrate_success 270052513
pgmigrate_success 270304606
pgmigrate_success 270536446
pgmigrate_success 270577413
pgmigrate_success 270590745
pgmigrate_success 270599454
pgmigrate_success 270601999
pgmigrate_success 270602225
pgmigrate_success 270605755
pgmigrate_success 270607451
pgmigrate_success 270608011
pgmigrate_success 270619924
pgmigrate_success 270752348
pgmigrate_success 270849098
pgmigrate_success 270849099
pgmigrate_success 270849100
pgmigrate_success 270915104
pgmigrate_success 271120608
pgmigrate_success 271336576
pgmigrate_success 271480096
pgmigrate_success 271486755
pgmigrate_success 271502409
pgmigrate_success 271502411
pgmigrate_success 271518161
pgmigrate_success 271518167
pgmigrate_success 271529893
pgmigrate_success 271529900
pgmigrate_success 271539247
pgmigrate_success 271539258
pgmigrate_success 271539262
pgmigrate_success 271539263
pgmigrate_success 271663552
pgmigrate_success 271921854
pgmigrate_success 272136331
pgmigrate_success 272136431
pgmigrate_success 272142983
pgmigrate_success 272150596
pgmigrate_success 272150691
pgmigrate_success 272155938
pgmigrate_success 272156069
pgmigrate_success 272156396
pgmigrate_success 272156632
pgmigrate_success 272156637
pgmigrate_success 272156640
pgmigrate_success 272156642
pgmigrate_success 272156645
pgmigrate_success 272156647
pgmigrate_success 272277103
pgmigrate_success 272336175
pgmigrate_success 272337305
pgmigrate_success 272337305
pgmigrate_success 272337305
pgmigrate_success 272337305
pgmigrate_success 272337305
pgmigrate_success 272337305
pgmigrate_success 272337305
pgmigrate_success 272368963
pgmigrate_success 272379307
pgmigrate_success 272379309
pgmigrate_success 272379310
pgmigrate_success 272379311
pgmigrate_success 272440368
pgmigrate_success 272725099
pgmigrate_success 272844463
pgmigrate_success 272844979
pgmigrate_success 272844979
pgmigrate_success 272844979
pgmigrate_success 272844979
pgmigrate_success 272844979
pgmigrate_success 272844979
pgmigrate_success 272844979
pgmigrate_success 272844979
pgmigrate_success 272847838
pgmigrate_success 272857352
pgmigrate_success 272857354
pgmigrate_success 272926694
pgmigrate_success 272926694
pgmigrate_success 272926694
pgmigrate_success 272926694
pgmigrate_success 272926694
pgmigrate_success 272928674
pgmigrate_success 272942162
pgmigrate_success 272978856
pgmigrate_success 272978856
pgmigrate_success 272978856
pgmigrate_success 272978856
pgmigrate_success 272982040
pgmigrate_success 272982754
pgmigrate_success 272982754
pgmigrate_success 272987306
pgmigrate_success 272987306
pgmigrate_success 272988637
pgmigrate_success 273058379
pgmigrate_success 273216686
pgmigrate_success 273314165
pgmigrate_success 273392885
pgmigrate_success 273392885
pgmigrate_success 273393649
pgmigrate_success 273448789
pgmigrate_success 273504806
pgmigrate_success 273554985
pgmigrate_success 273554985
pgmigrate_success 273558569
pgmigrate_success 273580039
pgmigrate_success 273686697
pgmigrate_success 273774249
pgmigrate_success 273860481
pgmigrate_success 273986601
pgmigrate_success 273986601
pgmigrate_success 273986601
pgmigrate_success 274036331
pgmigrate_success 274076675
pgmigrate_success 274076677
pgmigrate_success 274076679
pgmigrate_success 274076681
pgmigrate_success 274076682
pgmigrate_success 274267051
pgmigrate_success 274316057
pgmigrate_success 274316057
pgmigrate_success 274316057
pgmigrate_success 274316057
pgmigrate_success 274316057
pgmigrate_success 274316057
pgmigrate_success 274316057
pgmigrate_success 274316057
pgmigrate_success 274316057
pgmigrate_success 274316057
pgmigrate_success 274316057
pgmigrate_success 274316057
pgmigrate_success 274316057
pgmigrate_success 274316057
pgmigrate_success 274316057
pgmigrate_success 274325280
pgmigrate_success 274359126
pgmigrate_success 274359128
pgmigrate_success 274359129
pgmigrate_success 274359130
pgmigrate_success 274359131
pgmigrate_success 274359132
pgmigrate_success 274359133
pgmigrate_success 274359134
pgmigrate_success 274359135
pgmigrate_success 274359136
pgmigrate_success 274359137
pgmigrate_success 274359138
pgmigrate_success 274359139
pgmigrate_success 274359140
pgmigrate_success 274359141
pgmigrate_success 274359142
pgmigrate_success 274368423
pgmigrate_success 274627399
pgmigrate_success 274890215
pgmigrate_success 274960591
pgmigrate_success 274977861
pgmigrate_success 274977861
pgmigrate_success 274981481
pgmigrate_success 274981481
pgmigrate_success 274981481
pgmigrate_success 274981481
pgmigrate_success 274981481
pgmigrate_success 274981481
pgmigrate_success 274981481
pgmigrate_success 274981481
pgmigrate_success 274981481
pgmigrate_success 274981481
pgmigrate_success 274981481
pgmigrate_success 274981481
pgmigrate_success 274981481
pgmigrate_success 274981481
pgmigrate_success 274981481
pgmigrate_success 274981481
pgmigrate_success 274981481
pgmigrate_success 274981481
pgmigrate_success 274981481
pgmigrate_success 274981481
pgmigrate_success 274981481
pgmigrate_success 274981481
pgmigrate_success 274981481
pgmigrate_success 274981481
pgmigrate_success 274986659
pgmigrate_success 274986667
pgmigrate_success 274986669
pgmigrate_success 274986672
pgmigrate_success 274986672
pgmigrate_success 274986672
pgmigrate_success 274986672
pgmigrate_success 274986672
pgmigrate_success 274986679
pgmigrate_success 274986681
pgmigrate_success 274986682
pgmigrate_success 274986683
pgmigrate_success 274986684
pgmigrate_success 274986685
pgmigrate_success 274986686
pgmigrate_success 274986687
pgmigrate_success 274986688
pgmigrate_success 274986689
pgmigrate_success 274986690
pgmigrate_success 274986691
pgmigrate_success 274986692
pgmigrate_success 274986693
pgmigrate_success 274986694
pgmigrate_success 274986695
pgmigrate_success 274986696
pgmigrate_success 274986697
pgmigrate_success 274986698
pgmigrate_success 274986699
pgmigrate_success 274986700
pgmigrate_success 274986701
pgmigrate_success 274986836
pgmigrate_success 274986838
pgmigrate_success 274988727
pgmigrate_success 274990028
pgmigrate_success 274990028
pgmigrate_success 275001370
pgmigrate_success 275081336
pgmigrate_success 275081420
pgmigrate_success 275081420
pgmigrate_success 275095481
pgmigrate_success 275095937
pgmigrate_success 275095937
pgmigrate_success 275096365
pgmigrate_success 275096365
pgmigrate_success 275096365
pgmigrate_success 275096365
pgmigrate_success 275096365
pgmigrate_success 275096365
pgmigrate_success 275096365
pgmigrate_success 275096365
pgmigrate_success 275096365
pgmigrate_success 275096365
pgmigrate_success 275096365
pgmigrate_success 275096365
pgmigrate_success 275096365
pgmigrate_success 275096365
pgmigrate_success 275096365
pgmigrate_success 275096365
pgmigrate_success 275096365
pgmigrate_success 275096365
pgmigrate_success 275096365
pgmigrate_success 275096365
pgmigrate_success 275096365
pgmigrate_success 275096365
pgmigrate_success 275096365
pgmigrate_success 275096365
pgmigrate_success 275198349
pgmigrate_success 275198350
pgmigrate_success 275198356
pgmigrate_success 275198356
pgmigrate_success 275198356
pgmigrate_success 275198356
pgmigrate_success 275198356
pgmigrate_success 275198356
pgmigrate_success 275231078
pgmigrate_success 275231079
pgmigrate_success 275231372
pgmigrate_success 275231372
pgmigrate_success 275231372
pgmigrate_success 275231372
pgmigrate_success 275231372
pgmigrate_success 275231372
pgmigrate_success 275231372
pgmigrate_success 275231372
pgmigrate_success 275239717
pgmigrate_success 275239721
pgmigrate_success 275242735
pgmigrate_success 275242799
pgmigrate_success 275242799
pgmigrate_success 275242799
pgmigrate_success 275242799
pgmigrate_success 275242799
pgmigrate_success 275242799
pgmigrate_success 275242799
pgmigrate_success 275242799
pgmigrate_success 275242799
pgmigrate_success 275242799
pgmigrate_success 275242799
pgmigrate_success 275242799
pgmigrate_success 275242799
pgmigrate_success 275242799
pgmigrate_success 275242799
pgmigrate_success 275242799
pgmigrate_success 275242799
pgmigrate_success 275242799
pgmigrate_success 275242799
pgmigrate_success 275242799
pgmigrate_success 275242799
pgmigrate_success 275242799
pgmigrate_success 275242799
pgmigrate_success 275242799
pgmigrate_success 275242799
pgmigrate_success 275242799
pgmigrate_success 275242799
pgmigrate_success 275242799
pgmigrate_success 275242799
pgmigrate_success 275242799
pgmigrate_success 275242799
pgmigrate_success 275242799
pgmigrate_success 275242799
pgmigrate_success 275242799
pgmigrate_success 275242799
pgmigrate_success 275242799
pgmigrate_success 275242799
pgmigrate_success 275242799
pgmigrate_success 275242799
pgmigrate_success 275264454
pgmigrate_success 275264455
pgmigrate_success 275264456
pgmigrate_success 275264457
pgmigrate_success 275264458
pgmigrate_success 275264459
