pgmigrate_success 149055857
pgmigrate_success 149055862
pgmigrate_success 149055863
pgmigrate_success 149055864
pgmigrate_success 149055865
pgmigrate_success 149055866
pgmigrate_success 149055867
pgmigrate_success 149055868
pgmigrate_success 149055869
pgmigrate_success 149055870
pgmigrate_success 149055871
pgmigrate_success 149055872
pgmigrate_success 149055873
pgmigrate_success 149127458
pgmigrate_success 149289058
pgmigrate_success 149455650
pgmigrate_success 149615170
pgmigrate_success 149767330
pgmigrate_success 149822051
pgmigrate_success 149822052
pgmigrate_success 149822053
pgmigrate_success 149822054
pgmigrate_success 149822055
pgmigrate_success 149822120
pgmigrate_success 149822153
pgmigrate_success 149822345
pgmigrate_success 149822378
pgmigrate_success 149822379
pgmigrate_success 149957080
pgmigrate_success 150081573
pgmigrate_success 150143337
pgmigrate_success 150143338
pgmigrate_success 150143339
pgmigrate_success 150143340
pgmigrate_success 150143341
pgmigrate_success 150143342
pgmigrate_success 150143343
pgmigrate_success 150335984
pgmigrate_success 150619013
pgmigrate_success 150895524
pgmigrate_success 150935937
pgmigrate_success 150936131
pgmigrate_success 150943004
pgmigrate_success 150946775
pgmigrate_success 150946969
pgmigrate_success 150949609
pgmigrate_success 150951107
pgmigrate_success 150951528
pgmigrate_success 150976001
pgmigrate_success 151109789
pgmigrate_success 151208777
pgmigrate_success 151208778
pgmigrate_success 151208779
pgmigrate_success 151212140
pgmigrate_success 151427489
pgmigrate_success 151636533
pgmigrate_success 151776757
pgmigrate_success 151788535
pgmigrate_success 151803737
pgmigrate_success 151837115
pgmigrate_success 151837117
pgmigrate_success 151837118
pgmigrate_success 151837119
pgmigrate_success 151847520
pgmigrate_success 151847521
pgmigrate_success 151847522
pgmigrate_success 151847523
pgmigrate_success 151850980
pgmigrate_success 152120130
pgmigrate_success 152400160
pgmigrate_success 152467393
pgmigrate_success 152473404
pgmigrate_success 152473475
pgmigrate_success 152480721
pgmigrate_success 152480799
pgmigrate_success 152485433
pgmigrate_success 152490098
pgmigrate_success 152490324
pgmigrate_success 152490329
pgmigrate_success 152490332
pgmigrate_success 152490334
pgmigrate_success 152490336
pgmigrate_success 152490339
pgmigrate_success 152512044
pgmigrate_success 152712415
pgmigrate_success 152712645
pgmigrate_success 152714857
pgmigrate_success 152716905
pgmigrate_success 152716905
pgmigrate_success 152716905
pgmigrate_success 152716905
pgmigrate_success 152716905
pgmigrate_success 152721790
pgmigrate_success 152754408
pgmigrate_success 152754412
pgmigrate_success 152754414
pgmigrate_success 152754415
pgmigrate_success 152754416
pgmigrate_success 152907664
pgmigrate_success 153151184
pgmigrate_success 153220597
pgmigrate_success 153220597
pgmigrate_success 153220597
pgmigrate_success 153220597
pgmigrate_success 153220597
pgmigrate_success 153220597
pgmigrate_success 153220597
pgmigrate_success 153220597
pgmigrate_success 153229195
pgmigrate_success 153305181
pgmigrate_success 153305182
pgmigrate_success 153345734
pgmigrate_success 153363155
pgmigrate_success 153363155
pgmigrate_success 153363155
pgmigrate_success 153363155
pgmigrate_success 153363155
pgmigrate_success 153364568
pgmigrate_success 153365080
pgmigrate_success 153374296
pgmigrate_success 153374296
pgmigrate_success 153374296
pgmigrate_success 153378402
pgmigrate_success 153412706
pgmigrate_success 153412706
pgmigrate_success 153412706
pgmigrate_success 153412706
pgmigrate_success 153412706
pgmigrate_success 153415174
pgmigrate_success 153442822
pgmigrate_success 153442822
pgmigrate_success 153442822
pgmigrate_success 153442822
pgmigrate_success 153442822
pgmigrate_success 153446181
pgmigrate_success 153446181
pgmigrate_success 153446181
pgmigrate_success 153446181
pgmigrate_success 153446181
pgmigrate_success 153448264
pgmigrate_success 153459528
pgmigrate_success 153459528
pgmigrate_success 153459528
pgmigrate_success 153459528
pgmigrate_success 153463951
pgmigrate_success 153464117
pgmigrate_success 153464119
pgmigrate_success 153464120
pgmigrate_success 153464121
pgmigrate_success 153464122
pgmigrate_success 153671898
pgmigrate_success 153700424
pgmigrate_success 153700424
pgmigrate_success 153700424
pgmigrate_success 153700424
pgmigrate_success 153700424
pgmigrate_success 153700424
pgmigrate_success 153700424
pgmigrate_success 153700424
pgmigrate_success 153700424
pgmigrate_success 153700424
pgmigrate_success 153700424
pgmigrate_success 153700424
pgmigrate_success 153700424
pgmigrate_success 153700424
pgmigrate_success 153700424
pgmigrate_success 153747314
pgmigrate_success 153752299
pgmigrate_success 153752301
pgmigrate_success 153752302
pgmigrate_success 153752303
pgmigrate_success 153752304
pgmigrate_success 153752305
pgmigrate_success 153752306
pgmigrate_success 153752307
pgmigrate_success 153752308
pgmigrate_success 153752309
pgmigrate_success 153752311
pgmigrate_success 153752313
pgmigrate_success 153752314
pgmigrate_success 153752315
pgmigrate_success 153752316
pgmigrate_success 153752317
pgmigrate_success 153771806
pgmigrate_success 154029854
pgmigrate_success 154285976
pgmigrate_success 154288536
pgmigrate_success 154344509
pgmigrate_success 154370651
pgmigrate_success 154370656
pgmigrate_success 154370660
pgmigrate_success 154370715
pgmigrate_success 154370715
pgmigrate_success 154370715
pgmigrate_success 154370715
pgmigrate_success 154370715
pgmigrate_success 154370715
pgmigrate_success 154370715
pgmigrate_success 154370715
pgmigrate_success 154370715
pgmigrate_success 154370715
pgmigrate_success 154370715
pgmigrate_success 154370715
pgmigrate_success 154370715
pgmigrate_success 154370715
pgmigrate_success 154370715
pgmigrate_success 154370715
pgmigrate_success 154370715
pgmigrate_success 154370715
pgmigrate_success 154370715
pgmigrate_success 154370715
pgmigrate_success 154370715
pgmigrate_success 154389608
pgmigrate_success 154389610
pgmigrate_success 154389611
pgmigrate_success 154389612
pgmigrate_success 154389613
pgmigrate_success 154389614
pgmigrate_success 154389615
pgmigrate_success 154389616
pgmigrate_success 154389617
pgmigrate_success 154389618
pgmigrate_success 154389619
pgmigrate_success 154389621
pgmigrate_success 154392853
pgmigrate_success 154392854
pgmigrate_success 154392855
pgmigrate_success 154392856
pgmigrate_success 154392857
pgmigrate_success 154392858
pgmigrate_success 154392859
pgmigrate_success 154392860
pgmigrate_success 154392861
pgmigrate_success 154392862
pgmigrate_success 154392863
pgmigrate_success 154392864
pgmigrate_success 154392865
pgmigrate_success 154392866
pgmigrate_success 154392867
pgmigrate_success 154392868
pgmigrate_success 154392869
pgmigrate_success 154392869
pgmigrate_success 154392870
pgmigrate_success 154392871
pgmigrate_success 154396047
pgmigrate_success 154396064
pgmigrate_success 154399785
pgmigrate_success 154431017
pgmigrate_success 154491170
pgmigrate_success 154491174
pgmigrate_success 154491174
pgmigrate_success 154491176
pgmigrate_success 154491177
pgmigrate_success 154491177
pgmigrate_success 154491177
pgmigrate_success 154491177
pgmigrate_success 154491177
pgmigrate_success 154491177
pgmigrate_success 154491177
pgmigrate_success 154491177
pgmigrate_success 154491177
pgmigrate_success 154491177
pgmigrate_success 154491177
pgmigrate_success 154491177
pgmigrate_success 154491177
pgmigrate_success 154491177
pgmigrate_success 154491177
pgmigrate_success 154491177
pgmigrate_success 154491177
pgmigrate_success 154491177
pgmigrate_success 154491177
pgmigrate_success 154491177
pgmigrate_success 154491177
pgmigrate_success 154491177
pgmigrate_success 154491177
pgmigrate_success 154491177
pgmigrate_success 154534272
pgmigrate_success 154581328
pgmigrate_success 154581331
pgmigrate_success 154581847
pgmigrate_success 154581847
pgmigrate_success 154581847
pgmigrate_success 154581847
pgmigrate_success 154581847
pgmigrate_success 154581847
pgmigrate_success 154582062
pgmigrate_success 154582065
pgmigrate_success 154582961
pgmigrate_success 154582961
pgmigrate_success 154582961
pgmigrate_success 154582961
pgmigrate_success 154582961
pgmigrate_success 154582961
pgmigrate_success 154582961
pgmigrate_success 154582961
pgmigrate_success 154591466
pgmigrate_success 154591470
pgmigrate_success 154591471
pgmigrate_success 154595570
pgmigrate_success 154595570
pgmigrate_success 154595570
pgmigrate_success 154595586
pgmigrate_success 154595586
pgmigrate_success 154595586
pgmigrate_success 154595586
pgmigrate_success 154595586
pgmigrate_success 154595586
pgmigrate_success 154595586
pgmigrate_success 154595586
pgmigrate_success 154595586
pgmigrate_success 154595586
pgmigrate_success 154595586
pgmigrate_success 154595586
pgmigrate_success 154595586
pgmigrate_success 154595586
pgmigrate_success 154595586
pgmigrate_success 154595586
pgmigrate_success 154595586
pgmigrate_success 154595586
pgmigrate_success 154595586
pgmigrate_success 154595586
pgmigrate_success 154595586
pgmigrate_success 154595586
pgmigrate_success 154595586
pgmigrate_success 154595586
pgmigrate_success 154595586
pgmigrate_success 154595586
pgmigrate_success 154595586
pgmigrate_success 154595586
pgmigrate_success 154595586
pgmigrate_success 154595586
pgmigrate_success 154595586
pgmigrate_success 154616649
pgmigrate_success 154616651
pgmigrate_success 154616653
pgmigrate_success 154616654
pgmigrate_success 154616655
pgmigrate_success 154616656
