pgmigrate_success 17228310
pgmigrate_success 17228315
pgmigrate_success 17228316
pgmigrate_success 17228317
pgmigrate_success 17228318
pgmigrate_success 17228319
pgmigrate_success 17228320
pgmigrate_success 17228321
pgmigrate_success 17228322
pgmigrate_success 17228323
pgmigrate_success 17228324
pgmigrate_success 17228325
pgmigrate_success 17228326
pgmigrate_success 17231847
pgmigrate_success 17398887
pgmigrate_success 17564391
pgmigrate_success 17713575
pgmigrate_success 17869063
pgmigrate_success 17936232
pgmigrate_success 17936233
pgmigrate_success 17936234
pgmigrate_success 17936235
pgmigrate_success 17936236
pgmigrate_success 17936237
pgmigrate_success 17936238
pgmigrate_success 17936239
pgmigrate_success 17936240
pgmigrate_success 18013338
pgmigrate_success 18097302
pgmigrate_success 18097303
pgmigrate_success 18097304
pgmigrate_success 18097305
pgmigrate_success 18097306
pgmigrate_success 18097307
pgmigrate_success 18097308
pgmigrate_success 18097309
pgmigrate_success 18098997
pgmigrate_success 18313622
pgmigrate_success 18595606
pgmigrate_success 18859819
pgmigrate_success 18883077
pgmigrate_success 18886676
pgmigrate_success 18894579
pgmigrate_success 18897324
pgmigrate_success 18898403
pgmigrate_success 18900113
pgmigrate_success 18901616
pgmigrate_success 18905766
pgmigrate_success 18966167
pgmigrate_success 18966170
pgmigrate_success 18966171
pgmigrate_success 18966172
pgmigrate_success 18966173
pgmigrate_success 18966174
pgmigrate_success 19166730
pgmigrate_success 19369034
pgmigrate_success 19534891
pgmigrate_success 19539980
pgmigrate_success 19539981
pgmigrate_success 19549776
pgmigrate_success 19559889
pgmigrate_success 19559891
pgmigrate_success 19565972
pgmigrate_success 19577813
pgmigrate_success 19577814
pgmigrate_success 19577816
pgmigrate_success 19577819
pgmigrate_success 19577820
pgmigrate_success 19814076
pgmigrate_success 20085851
pgmigrate_success 20189144
pgmigrate_success 20202690
pgmigrate_success 20208866
pgmigrate_success 20216338
pgmigrate_success 20216444
pgmigrate_success 20221493
pgmigrate_success 20221589
pgmigrate_success 20230128
pgmigrate_success 20230262
pgmigrate_success 20230266
pgmigrate_success 20230268
pgmigrate_success 20230269
pgmigrate_success 20230270
pgmigrate_success 20230271
pgmigrate_success 20406748
pgmigrate_success 20524484
pgmigrate_success 20524484
pgmigrate_success 20524484
pgmigrate_success 20526127
pgmigrate_success 20526127
pgmigrate_success 20526127
pgmigrate_success 20526127
pgmigrate_success 20527104
pgmigrate_success 20527108
pgmigrate_success 20527110
pgmigrate_success 20527112
pgmigrate_success 20527113
pgmigrate_success 20598218
pgmigrate_success 20851978
pgmigrate_success 20992104
pgmigrate_success 20992104
pgmigrate_success 20992104
pgmigrate_success 20992104
pgmigrate_success 20992104
pgmigrate_success 20992104
pgmigrate_success 20992353
pgmigrate_success 20992612
pgmigrate_success 21042953
pgmigrate_success 21042953
pgmigrate_success 21068466
pgmigrate_success 21115481
pgmigrate_success 21119577
pgmigrate_success 21119577
pgmigrate_success 21119614
pgmigrate_success 21119614
pgmigrate_success 21120532
pgmigrate_success 21121044
pgmigrate_success 21124116
pgmigrate_success 21124116
pgmigrate_success 21124116
pgmigrate_success 21126116
pgmigrate_success 21126116
pgmigrate_success 21126116
pgmigrate_success 21126116
pgmigrate_success 21126116
pgmigrate_success 21130532
pgmigrate_success 21135140
pgmigrate_success 21135140
pgmigrate_success 21135140
pgmigrate_success 21139871
pgmigrate_success 21139879
pgmigrate_success 21146023
pgmigrate_success 21146023
pgmigrate_success 21146023
pgmigrate_success 21150219
pgmigrate_success 21150222
pgmigrate_success 21151246
pgmigrate_success 21151246
pgmigrate_success 21151246
pgmigrate_success 21165324
pgmigrate_success 21165329
pgmigrate_success 21165332
pgmigrate_success 21165333
pgmigrate_success 21165334
pgmigrate_success 21165335
pgmigrate_success 21275996
pgmigrate_success 21277159
pgmigrate_success 21277159
pgmigrate_success 21277159
pgmigrate_success 21277618
pgmigrate_success 21277618
pgmigrate_success 21277618
pgmigrate_success 21277618
pgmigrate_success 21277618
pgmigrate_success 21277618
pgmigrate_success 21277618
pgmigrate_success 21277618
pgmigrate_success 21277618
pgmigrate_success 21277618
pgmigrate_success 21277618
pgmigrate_success 21277618
pgmigrate_success 21277618
pgmigrate_success 21351918
pgmigrate_success 21386185
pgmigrate_success 21386188
pgmigrate_success 21386189
pgmigrate_success 21386190
pgmigrate_success 21386191
pgmigrate_success 21386192
pgmigrate_success 21386193
pgmigrate_success 21386194
pgmigrate_success 21386195
pgmigrate_success 21386196
pgmigrate_success 21386197
pgmigrate_success 21386198
pgmigrate_success 21386199
pgmigrate_success 21386200
pgmigrate_success 21386201
pgmigrate_success 21386202
pgmigrate_success 21386204
pgmigrate_success 21574300
pgmigrate_success 21821436
pgmigrate_success 21856903
pgmigrate_success 21896134
pgmigrate_success 21939428
pgmigrate_success 22006640
pgmigrate_success 22009964
pgmigrate_success 22009965
pgmigrate_success 22013037
pgmigrate_success 22013074
pgmigrate_success 22013074
pgmigrate_success 22013074
pgmigrate_success 22013074
pgmigrate_success 22013074
pgmigrate_success 22013074
pgmigrate_success 22013074
pgmigrate_success 22013074
pgmigrate_success 22013074
pgmigrate_success 22013074
pgmigrate_success 22013074
pgmigrate_success 22013074
pgmigrate_success 22013074
pgmigrate_success 22013074
pgmigrate_success 22013074
pgmigrate_success 22013074
pgmigrate_success 22013074
pgmigrate_success 22013074
pgmigrate_success 22017050
pgmigrate_success 22017051
pgmigrate_success 22017052
pgmigrate_success 22017102
pgmigrate_success 22017159
pgmigrate_success 22017217
pgmigrate_success 22017272
pgmigrate_success 22017303
pgmigrate_success 22017304
pgmigrate_success 22017305
pgmigrate_success 22017306
pgmigrate_success 22017307
pgmigrate_success 22017308
pgmigrate_success 22017309
pgmigrate_success 22017310
pgmigrate_success 22017311
pgmigrate_success 22017312
pgmigrate_success 22017313
pgmigrate_success 22017314
pgmigrate_success 22017315
pgmigrate_success 22017316
pgmigrate_success 22017317
pgmigrate_success 22017318
pgmigrate_success 22017319
pgmigrate_success 22017320
pgmigrate_success 22017321
pgmigrate_success 22017322
pgmigrate_success 22017323
pgmigrate_success 22017324
pgmigrate_success 22017325
pgmigrate_success 22017326
pgmigrate_success 22017327
pgmigrate_success 22030051
pgmigrate_success 22030068
pgmigrate_success 22030068
pgmigrate_success 22073138
pgmigrate_success 22121820
pgmigrate_success 22121901
pgmigrate_success 22121902
pgmigrate_success 22121905
pgmigrate_success 22121905
pgmigrate_success 22121908
pgmigrate_success 22121908
pgmigrate_success 22121908
pgmigrate_success 22121908
pgmigrate_success 22121908
pgmigrate_success 22121908
pgmigrate_success 22121908
pgmigrate_success 22121908
pgmigrate_success 22121908
pgmigrate_success 22121908
pgmigrate_success 22121908
pgmigrate_success 22121908
pgmigrate_success 22121908
pgmigrate_success 22121908
pgmigrate_success 22121908
pgmigrate_success 22121908
pgmigrate_success 22121908
pgmigrate_success 22121908
pgmigrate_success 22121908
pgmigrate_success 22121908
pgmigrate_success 22121908
pgmigrate_success 22121908
pgmigrate_success 22121908
pgmigrate_success 22221112
pgmigrate_success 22257446
pgmigrate_success 22257451
pgmigrate_success 22257551
pgmigrate_success 22258063
pgmigrate_success 22258063
pgmigrate_success 22258063
pgmigrate_success 22258063
pgmigrate_success 22258063
pgmigrate_success 22258268
pgmigrate_success 22258272
pgmigrate_success 22258273
pgmigrate_success 22258627
pgmigrate_success 22261187
pgmigrate_success 22261187
pgmigrate_success 22261187
pgmigrate_success 22261187
pgmigrate_success 22262723
pgmigrate_success 22265285
pgmigrate_success 22265286
pgmigrate_success 22265287
pgmigrate_success 22265288
pgmigrate_success 22265289
pgmigrate_success 22265316
pgmigrate_success 22265316
pgmigrate_success 22265317
pgmigrate_success 22270387
pgmigrate_success 22270387
pgmigrate_success 22270387
pgmigrate_success 22289331
pgmigrate_success 22291379
pgmigrate_success 22292403
pgmigrate_success 22292403
pgmigrate_success 22293939
pgmigrate_success 22293939
pgmigrate_success 22311347
pgmigrate_success 22312883
pgmigrate_success 22314931
pgmigrate_success 22316979
pgmigrate_success 22316979
pgmigrate_success 22328755
pgmigrate_success 22331315
pgmigrate_success 22333363
pgmigrate_success 22333363
pgmigrate_success 22336435
pgmigrate_success 22336435
pgmigrate_success 22345139
pgmigrate_success 22349235
pgmigrate_success 22349235
pgmigrate_success 22349235
pgmigrate_success 22349235
pgmigrate_success 22349235
pgmigrate_success 22349235
pgmigrate_success 22378228
pgmigrate_success 22378993
pgmigrate_success 22378995
pgmigrate_success 22378996
pgmigrate_success 22378997
pgmigrate_success 22378998
pgmigrate_success 22378999
