name	run	timing
benchmark/large/tpch-sf100/q01.benchmark	1	1.989747
benchmark/large/tpch-sf100/q01.benchmark	2	1.983002
benchmark/large/tpch-sf100/q01.benchmark	3	1.987741
benchmark/large/tpch-sf100/q01.benchmark	4	2.005772
benchmark/large/tpch-sf100/q01.benchmark	5	1.984301
benchmark/large/tpch-sf100/q02.benchmark	1	0.427788
benchmark/large/tpch-sf100/q02.benchmark	2	0.422782
benchmark/large/tpch-sf100/q02.benchmark	3	0.417886
benchmark/large/tpch-sf100/q02.benchmark	4	0.352429
benchmark/large/tpch-sf100/q02.benchmark	5	0.359972
benchmark/large/tpch-sf100/q03.benchmark	1	1.673568
benchmark/large/tpch-sf100/q03.benchmark	2	1.679734
benchmark/large/tpch-sf100/q03.benchmark	3	1.688270
benchmark/large/tpch-sf100/q03.benchmark	4	1.718003
benchmark/large/tpch-sf100/q03.benchmark	5	1.724841
benchmark/large/tpch-sf100/q04.benchmark	1	2.524616
benchmark/large/tpch-sf100/q04.benchmark	2	2.425535
benchmark/large/tpch-sf100/q04.benchmark	3	2.478256
benchmark/large/tpch-sf100/q04.benchmark	4	2.460218
benchmark/large/tpch-sf100/q04.benchmark	5	2.298942
benchmark/large/tpch-sf100/q05.benchmark	1	2.012777
benchmark/large/tpch-sf100/q05.benchmark	2	2.001587
benchmark/large/tpch-sf100/q05.benchmark	3	1.992161
benchmark/large/tpch-sf100/q05.benchmark	4	2.107129
benchmark/large/tpch-sf100/q05.benchmark	5	2.116623
benchmark/large/tpch-sf100/q06.benchmark	1	0.507914
benchmark/large/tpch-sf100/q06.benchmark	2	0.506984
benchmark/large/tpch-sf100/q06.benchmark	3	0.507902
benchmark/large/tpch-sf100/q06.benchmark	4	0.510242
benchmark/large/tpch-sf100/q06.benchmark	5	0.510564
benchmark/large/tpch-sf100/q07.benchmark	1	1.630676
benchmark/large/tpch-sf100/q07.benchmark	2	1.630561
benchmark/large/tpch-sf100/q07.benchmark	3	1.626148
benchmark/large/tpch-sf100/q07.benchmark	4	1.632052
benchmark/large/tpch-sf100/q07.benchmark	5	1.624813
benchmark/large/tpch-sf100/q08.benchmark	1	1.773008
benchmark/large/tpch-sf100/q08.benchmark	2	1.766737
benchmark/large/tpch-sf100/q08.benchmark	3	1.750676
benchmark/large/tpch-sf100/q08.benchmark	4	1.782212
benchmark/large/tpch-sf100/q08.benchmark	5	1.773741
benchmark/large/tpch-sf100/q09.benchmark	1	7.940178
benchmark/large/tpch-sf100/q09.benchmark	2	6.712995
benchmark/large/tpch-sf100/q09.benchmark	3	6.920698
benchmark/large/tpch-sf100/q09.benchmark	4	7.174995
benchmark/large/tpch-sf100/q09.benchmark	5	7.857037
benchmark/large/tpch-sf100/q10.benchmark	1	3.432276
benchmark/large/tpch-sf100/q10.benchmark	2	3.385935
benchmark/large/tpch-sf100/q10.benchmark	3	3.396082
benchmark/large/tpch-sf100/q10.benchmark	4	3.399918
benchmark/large/tpch-sf100/q10.benchmark	5	3.396571
benchmark/large/tpch-sf100/q11.benchmark	1	0.234949
benchmark/large/tpch-sf100/q11.benchmark	2	0.237740
benchmark/large/tpch-sf100/q11.benchmark	3	0.232193
benchmark/large/tpch-sf100/q11.benchmark	4	0.230395
benchmark/large/tpch-sf100/q11.benchmark	5	0.222496
benchmark/large/tpch-sf100/q12.benchmark	1	1.650875
benchmark/large/tpch-sf100/q12.benchmark	2	1.645873
benchmark/large/tpch-sf100/q12.benchmark	3	1.649362
benchmark/large/tpch-sf100/q12.benchmark	4	1.649785
benchmark/large/tpch-sf100/q12.benchmark	5	1.653761
benchmark/large/tpch-sf100/q13.benchmark	1	5.636701
benchmark/large/tpch-sf100/q13.benchmark	2	6.119377
benchmark/large/tpch-sf100/q13.benchmark	3	5.630455
benchmark/large/tpch-sf100/q13.benchmark	4	5.643678
benchmark/large/tpch-sf100/q13.benchmark	5	5.587126
benchmark/large/tpch-sf100/q14.benchmark	1	1.055106
benchmark/large/tpch-sf100/q14.benchmark	2	1.050486
benchmark/large/tpch-sf100/q14.benchmark	3	1.059570
benchmark/large/tpch-sf100/q14.benchmark	4	1.067639
benchmark/large/tpch-sf100/q14.benchmark	5	1.060197
benchmark/large/tpch-sf100/q15.benchmark	1	0.994558
benchmark/large/tpch-sf100/q15.benchmark	2	0.980636
benchmark/large/tpch-sf100/q15.benchmark	3	0.979604
benchmark/large/tpch-sf100/q15.benchmark	4	0.980348
benchmark/large/tpch-sf100/q15.benchmark	5	0.978974
benchmark/large/tpch-sf100/q16.benchmark	1	1.017105
benchmark/large/tpch-sf100/q16.benchmark	2	1.016693
benchmark/large/tpch-sf100/q16.benchmark	3	1.010854
benchmark/large/tpch-sf100/q16.benchmark	4	1.013111
benchmark/large/tpch-sf100/q16.benchmark	5	1.009761
benchmark/large/tpch-sf100/q17.benchmark	1	1.490538
benchmark/large/tpch-sf100/q17.benchmark	2	1.512040
benchmark/large/tpch-sf100/q17.benchmark	3	1.498486
benchmark/large/tpch-sf100/q17.benchmark	4	1.507783
benchmark/large/tpch-sf100/q17.benchmark	5	1.519812
benchmark/large/tpch-sf100/q18.benchmark	1	6.535935
benchmark/large/tpch-sf100/q18.benchmark	2	6.247968
benchmark/large/tpch-sf100/q18.benchmark	3	6.609513
benchmark/large/tpch-sf100/q18.benchmark	4	6.414811
benchmark/large/tpch-sf100/q18.benchmark	5	6.069953
benchmark/large/tpch-sf100/q19.benchmark	1	0.998711
benchmark/large/tpch-sf100/q19.benchmark	2	0.997649
benchmark/large/tpch-sf100/q19.benchmark	3	1.000404
benchmark/large/tpch-sf100/q19.benchmark	4	1.000264
benchmark/large/tpch-sf100/q19.benchmark	5	1.004717
benchmark/large/tpch-sf100/q20.benchmark	1	1.458724
benchmark/large/tpch-sf100/q20.benchmark	2	1.467689
benchmark/large/tpch-sf100/q20.benchmark	3	1.426388
benchmark/large/tpch-sf100/q20.benchmark	4	1.422778
benchmark/large/tpch-sf100/q20.benchmark	5	1.422039
benchmark/large/tpch-sf100/q21.benchmark	1	7.738125
benchmark/large/tpch-sf100/q21.benchmark	2	7.714463
benchmark/large/tpch-sf100/q21.benchmark	3	7.707992
benchmark/large/tpch-sf100/q21.benchmark	4	7.737041
benchmark/large/tpch-sf100/q21.benchmark	5	7.730895
benchmark/large/tpch-sf100/q22.benchmark	1	0.916878
benchmark/large/tpch-sf100/q22.benchmark	2	0.929537
benchmark/large/tpch-sf100/q22.benchmark	3	0.926663
benchmark/large/tpch-sf100/q22.benchmark	4	0.908701
benchmark/large/tpch-sf100/q22.benchmark	5	0.925204
pid: 36340
