anon 958464
anon_thp 0
anon 230703104
anon_thp 6291456
anon 571617280
anon_thp 6291456
anon 905609216
anon_thp 6291456
anon 1232584704
anon_thp 6291456
anon 1554722816
anon_thp 6291456
anon 1892392960
anon_thp 6291456
anon 2226450432
anon_thp 6291456
anon 2550222848
anon_thp 6291456
anon 2886348800
anon_thp 6291456
anon 3221311488
anon_thp 6291456
anon 3542499328
anon_thp 6291456
anon 3871162368
anon_thp 6291456
anon 4199452672
anon_thp 6291456
anon 4530425856
anon_thp 6291456
anon 4856160256
anon_thp 6291456
anon 5182799872
anon_thp 6291456
anon 5512998912
anon_thp 6291456
anon 5573091328
anon_thp 6291456
anon 5573263360
anon_thp 6291456
anon 5575118848
anon_thp 6291456
anon 5575266304
anon_thp 6291456
anon 5576249344
anon_thp 6291456
anon 5576445952
anon_thp 6291456
anon 5577572352
anon_thp 6291456
anon 5577654272
anon_thp 6291456
anon 5578571776
anon_thp 6291456
anon 5578629120
anon_thp 6291456
anon 200499200
anon_thp 6291456
anon 682385408
anon_thp 6291456
anon 1031221248
anon_thp 6291456
anon 1234460672
anon_thp 8388608
anon 83103744
anon_thp 6291456
anon 566214656
anon_thp 73400320
anon 977018880
anon_thp 73400320
anon 1395630080
anon_thp 73400320
anon 2212597760
anon_thp 274726912
anon 3585208320
anon_thp 274726912
anon 4907315200
anon_thp 274726912
anon 6254579712
anon_thp 274726912
anon 6788988928
anon_thp 71303168
anon 7004635136
anon_thp 274726912
anon 7033618432
anon_thp 274726912
anon 6843183104
anon_thp 71303168
anon 7049830400
anon_thp 274726912
anon 6857781248
anon_thp 71303168
anon 7061078016
anon_thp 274726912
anon 6864871424
anon_thp 71303168
anon 7066394624
anon_thp 274726912
anon 31703040
anon_thp 6291456
anon 1749987328
anon_thp 274726912
anon 2193547264
anon_thp 274726912
anon 2662580224
anon_thp 274726912
anon 3154997248
anon_thp 274726912
anon 3656462336
anon_thp 274726912
anon 4159901696
anon_thp 274726912
anon 4678811648
anon_thp 274726912
anon 5183819776
anon_thp 274726912
anon 5616685056
anon_thp 289406976
anon 5616689152
anon_thp 289406976
anon 5673017344
anon_thp 278921216
anon 5673115648
anon_thp 278921216
anon 5529960448
anon_thp 146800640
anon 5733195776
anon_thp 278921216
anon 5733208064
anon_thp 278921216
anon 5765210112
anon_thp 281018368
anon 5765259264
anon_thp 281018368
anon 5621374976
anon_thp 148897792
anon 5786669056
anon_thp 281018368
anon 5786673152
anon_thp 281018368
anon 201195520
anon_thp 8388608
anon 2171465728
anon_thp 142606336
anon 3597721600
anon_thp 142606336
anon 4980391936
anon_thp 144703488
anon 6327103488
anon_thp 146800640
anon 7693643776
anon_thp 146800640
anon 7960879104
anon_thp 161480704
anon 7960903680
anon_thp 161480704
anon 7991840768
anon_thp 176160768
anon 7991844864
anon_thp 176160768
anon 8023453696
anon_thp 190840832
anon 8023453696
anon_thp 190840832
anon 8039260160
anon_thp 190840832
anon 8039268352
anon_thp 190840832
anon 8041656320
anon_thp 190840832
anon 8041656320
anon_thp 190840832
anon 5264637952
anon_thp 39845888
anon 2439901184
anon_thp 6291456
anon 5103755264
anon_thp 6291456
anon 5105053696
anon_thp 6291456
anon 5105799168
anon_thp 6291456
anon 1555738624
anon_thp 6291456
anon 5475713024
anon_thp 6291456
anon 8681472000
anon_thp 274726912
anon 9343447040
anon_thp 18874368
anon 9685307392
anon_thp 287309824
anon 9435398144
anon_thp 31457280
anon 9447686144
anon_thp 31457280
anon 9734823936
anon_thp 299892736
anon 9468743680
anon_thp 31457280
anon 9743249408
anon_thp 299892736
anon 9490374656
anon_thp 44040192
anon 9491648512
anon_thp 44040192
anon 229777408
anon_thp 6291456
anon 1641955328
anon_thp 6291456
anon 3017433088
anon_thp 6291456
anon 4402061312
anon_thp 6291456
anon 5791514624
anon_thp 6291456
anon 7162118144
anon_thp 6291456
anon 8483774464
anon_thp 73400320
anon 9651429376
anon_thp 10485760
anon 9765224448
anon_thp 79691776
anon 9709223936
anon_thp 14680064
anon 9786773504
anon_thp 81788928
anon 9730285568
anon_thp 14680064
anon 9735065600
anon_thp 14680064
anon 9807863808
anon_thp 81788928
anon 9747951616
anon_thp 14680064
anon 9818214400
anon_thp 81788928
anon 1258708992
anon_thp 12582912
anon 808345600
anon_thp 6291456
anon 4558409728
anon_thp 373293056
anon 8282947584
anon_thp 4097835008
anon 8622759936
anon_thp 4435476480
anon 9126215680
anon_thp 4435476480
anon 10682593280
anon_thp 4435476480
anon 12193243136
anon_thp 4435476480
anon 13716787200
anon_thp 4435476480
anon 15279796224
anon_thp 4435476480
anon 16840126464
anon_thp 4435476480
anon 13710942208
anon_thp 6291456
anon 15133376512
anon_thp 1453326336
anon 18137497600
anon_thp 4456448000
anon 18137509888
anon_thp 4456448000
anon 18154381312
anon_thp 4456448000
anon 18154893312
anon_thp 4456448000
anon 18155061248
anon_thp 4456448000
anon 18155429888
anon_thp 4456448000
anon 13912748032
anon_thp 60817408
anon 16605548544
anon_thp 2799697920
anon 18167795712
anon_thp 4359979008
anon 18167795712
anon_thp 4359979008
anon 18185592832
anon_thp 4359979008
anon 18185912320
anon_thp 4359979008
anon 18186383360
anon_thp 4359979008
anon 13815087104
anon_thp 27262976
anon 16286076928
anon_thp 1243611136
anon 18184978432
anon_thp 2657091584
anon 18201690112
anon_thp 2657091584
anon 18202492928
anon_thp 2657091584
anon 18202906624
anon_thp 2657091584
anon 18204311552
anon_thp 2657091584
anon 12723245056
anon_thp 33554432
anon 12194656256
anon_thp 33554432
anon 14794694656
anon_thp 1130364928
anon 18068344832
anon_thp 4404019200
anon 18151243776
anon_thp 4485808128
anon 18168094720
anon_thp 4485808128
anon 18168737792
anon_thp 4485808128
anon 18168983552
anon_thp 4485808128
anon 18169462784
anon_thp 4485808128
anon 14023921664
anon_thp 270532608
anon 17616338944
anon_thp 3862953984
anon 18210852864
anon_thp 4456448000
anon 18226921472
anon_thp 4456448000
anon 18227486720
anon_thp 4456448000
anon 18227630080
anon_thp 4456448000
anon 18227699712
anon_thp 4456448000
anon 18227798016
anon_thp 4456448000
anon 6796922880
anon_thp 27262976
anon 257261568
anon_thp 6291456
anon 2056015872
anon_thp 140509184
anon 2830684160
anon_thp 140509184
anon 3614924800
anon_thp 140509184
anon 5189120000
anon_thp 140509184
anon 7394631680
anon_thp 140509184
anon 9510023168
anon_thp 140509184
anon 10176196608
anon_thp 140509184
anon 10322165760
anon_thp 6291456
anon 10388340736
anon_thp 6291456
anon 10454536192
anon_thp 6291456
anon 10591293440
anon_thp 140509184
anon 10594295808
anon_thp 140509184
anon 10615418880
anon_thp 140509184
anon 10599936000
anon_thp 140509184
anon 10601435136
anon_thp 140509184
anon 10650140672
anon_thp 140509184
anon 10614697984
anon_thp 140509184
anon 10618658816
anon_thp 140509184
anon 10677870592
anon_thp 140509184
anon 10629705728
anon_thp 6291456
anon 10510299136
anon_thp 6291456
anon 10513051648
anon_thp 6291456
anon 10569273344
anon_thp 6291456
anon 6035005440
anon_thp 6291456
anon 582578176
anon_thp 6291456
anon 1223950336
anon_thp 6291456
anon 1292275712
anon_thp 6291456
anon 4802732032
anon_thp 6291456
anon 5904130048
anon_thp 73400320
anon 6002884608
anon_thp 73400320
anon 5938479104
anon_thp 6291456
anon 6006685696
anon_thp 6291456
anon 6007017472
anon_thp 6291456
anon 6007947264
anon_thp 6291456
anon 6075404288
anon_thp 73400320
anon 6008619008
anon_thp 6291456
anon 6075965440
anon_thp 73400320
anon 568610816
anon_thp 274726912
anon 1500635136
anon_thp 274726912
anon 2375495680
anon_thp 274726912
anon 3284639744
anon_thp 274726912
anon 4169490432
anon_thp 274726912
anon 5069352960
anon_thp 274726912
anon 5963948032
anon_thp 274726912
anon 6856904704
anon_thp 274726912
anon 7679213568
anon_thp 348127232
anon 7714742272
anon_thp 348127232
anon 7746371584
anon_thp 341835776
anon 7998492672
anon_thp 341835776
anon 8181243904
anon_thp 341835776
anon 8278175744
anon_thp 341835776
anon 8425226240
anon_thp 341835776
anon 8580362240
anon_thp 369098752
anon 8571723776
anon_thp 362807296
anon 8572682240
anon_thp 362807296
anon 8575201280
anon_thp 362807296
anon 8577757184
anon_thp 362807296
anon 8609603584
anon_thp 362807296
anon 8701030400
anon_thp 375390208
anon 8658247680
anon_thp 362807296
anon 8658800640
anon_thp 362807296
anon 8659644416
anon_thp 362807296
anon 8659640320
anon_thp 362807296
anon 8676941824
anon_thp 362807296
anon 8799735808
anon_thp 375390208
anon 8801247232
anon_thp 375390208
anon 8727699456
anon_thp 362807296
anon 8727805952
anon_thp 362807296
anon 8727805952
anon_thp 362807296
anon 8727941120
anon_thp 362807296
anon 8806461440
anon_thp 362807296
anon 8841576448
anon_thp 381681664
anon 8780623872
anon_thp 369098752
anon 8780623872
anon_thp 369098752
anon 8780615680
anon_thp 369098752
anon 8783536128
anon_thp 369098752
anon 8867651584
anon_thp 369098752
anon 8912801792
anon_thp 379584512
anon 2745937920
anon_thp 92274688
anon 2513047552
anon_thp 543162368
anon 5953847296
anon_thp 543162368
anon 7783485440
anon_thp 543162368
anon 7804420096
anon_thp 543162368
anon 7817093120
anon_thp 543162368
anon 7812820992
anon_thp 543162368
anon 7822188544
anon_thp 543162368
anon 6548926464
anon_thp 6291456
anon 2060812288
anon_thp 6291456
anon 5866999808
anon_thp 6291456
anon 7375339520
anon_thp 18874368
anon 7515078656
anon_thp 25165824
anon 7539023872
anon_thp 25165824
anon 7554252800
anon_thp 25165824
anon 7572295680
anon_thp 27262976
anon 64393216
anon_thp 8388608
anon 1989156864
anon_thp 6291456
anon 2449117184
anon_thp 6291456
anon 2568318976
anon_thp 6291456
anon 2624389120
anon_thp 6291456
anon 2722320384
anon_thp 73400320
anon 2742104064
anon_thp 73400320
anon 713056256
anon_thp 6291456
anon 4584947712
anon_thp 6291456
anon 5623635968
anon_thp 20971520
anon 5665546240
anon_thp 20971520
anon 5670477824
anon_thp 20971520
anon 5694611456
anon_thp 35651584
anon 5714558976
anon_thp 35651584
anon 5718122496
anon_thp 35651584
anon 5739798528
anon_thp 35651584
anon 5758930944
anon_thp 50331648
anon 1371975680
anon_thp 6291456
anon 4223672320
anon_thp 6291456
anon 6530809856
anon_thp 6291456
anon 8786210816
anon_thp 211812352
anon 8883408896
anon_thp 211812352
anon 8904921088
anon_thp 211812352
anon 9074765824
anon_thp 180355072
anon 9109778432
anon_thp 180355072
anon 9168244736
anon_thp 180355072
anon 9311531008
anon_thp 180355072
anon 10368634880
anon_thp 255852544
anon 10628001792
anon_thp 364904448
anon 10652848128
anon_thp 364904448
anon 10579922944
anon_thp 505413632
anon 10313601024
anon_thp 236978176
anon 10321129472
anon_thp 236978176
anon 10590126080
anon_thp 236978176
anon 10840117248
anon_thp 356515840
anon 10853543936
anon_thp 356515840
anon 10913804288
anon_thp 534773760
anon 10579804160
anon_thp 251658240
anon 10452119552
anon_thp 251658240
anon 10797240320
anon_thp 251658240
anon 11126112256
anon_thp 383778816
anon 11137699840
anon_thp 383778816
anon 11080884224
anon_thp 450887680
anon 10925703168
anon_thp 295698432
anon 10927779840
anon_thp 295698432
anon 11173240832
anon_thp 295698432
anon 11485257728
anon_thp 369098752
anon 11493576704
anon_thp 369098752
anon 11418796032
anon_thp 339738624
anon 11276836864
anon_thp 295698432
anon 11276836864
anon_thp 295698432
anon 11452465152
anon_thp 295698432
anon 11767681024
anon_thp 383778816
anon 11774951424
anon_thp 383778816
anon 11781521408
anon_thp 383778816
anon 11643138048
anon_thp 325058560
anon 5412020224
anon_thp 163577856
anon 1270562816
anon_thp 6291456
anon 5122330624
anon_thp 6291456
anon 8369745920
anon_thp 6291456
anon 8569192448
anon_thp 6291456
anon 8572469248
anon_thp 6291456
anon 8574803968
anon_thp 6291456
anon 8575909888
anon_thp 6291456
anon 8578150400
anon_thp 6291456
anon 121479168
anon_thp 6291456
anon 2578935808
anon_thp 6291456
anon 6141497344
anon_thp 6291456
anon 8182476800
anon_thp 35651584
anon 8200388608
anon_thp 35651584
anon 8266805248
anon_thp 65011712
anon 8321482752
anon_thp 71303168
anon 8330817536
anon_thp 71303168
anon 8366186496
anon_thp 77594624
anon 8401104896
anon_thp 92274688
anon 8406642688
anon_thp 92274688
anon 425414656
anon_thp 6291456
anon 4495630336
anon_thp 6291456
anon 6775885824
anon_thp 274726912
anon 7729778688
anon_thp 10485760
anon 7960944640
anon_thp 144703488
anon 7960985600
anon_thp 144703488
anon 8033193984
anon_thp 144703488
anon 8045260800
anon_thp 144703488
anon 8072957952
anon_thp 144703488
anon 7954665472
anon_thp 10485760
anon 8252801024
anon_thp 278921216
anon 8373993472
anon_thp 146800640
anon 8521494528
anon_thp 278921216
anon 8521498624
anon_thp 278921216
anon 8541122560
anon_thp 297795584
anon 8544575488
anon_thp 297795584
anon 8952541184
anon_thp 700448768
anon 8270856192
anon_thp 12582912
anon 8559714304
anon_thp 281018368
anon 8625471488
anon_thp 283115520
anon 8625467392
anon_thp 283115520
anon 8491495424
anon_thp 150994944
anon 8638902272
anon_thp 283115520
anon 8639819776
anon_thp 283115520
anon 8367857664
anon_thp 16777216
anon 8637460480
anon_thp 285212672
anon 8457334784
anon_thp 27262976
anon 8748638208
anon_thp 285212672
anon 8748642304
anon_thp 285212672
anon 8760524800
anon_thp 285212672
anon 8760782848
anon_thp 285212672
anon 8762818560
anon_thp 285212672
anon 8494530560
anon_thp 18874368
anon 8632127488
anon_thp 18874368
anon 9013907456
anon_thp 287309824
anon 9013903360
anon_thp 287309824
anon 8884797440
anon_thp 153092096
anon 9028943872
anon_thp 287309824
anon 9028943872
anon_thp 287309824
anon 8761159680
anon_thp 18874368
anon 9026097152
anon_thp 287309824
anon 9065869312
anon_thp 287309824
anon 9083031552
anon_thp 276824064
anon 9093521408
anon_thp 285212672
anon 9093521408
anon_thp 285212672
anon 9093623808
anon_thp 285212672
anon 9094651904
anon_thp 285212672
anon 9497305088
anon_thp 689963008
anon 288190464
anon_thp 10485760
anon 845201408
anon_thp 6291456
anon 1228574720
anon_thp 6291456
anon 1344466944
anon_thp 6291456
anon 1436348416
anon_thp 6291456
anon 1451790336
anon_thp 6291456
