anon 958464
anon_thp 0
anon 223240192
anon_thp 6291456
anon 554672128
anon_thp 6291456
anon 895770624
anon_thp 6291456
anon 1225383936
anon_thp 6291456
anon 1554341888
anon_thp 6291456
anon 1880809472
anon_thp 6291456
anon 2209898496
anon_thp 6291456
anon 2532843520
anon_thp 6291456
anon 2863779840
anon_thp 6291456
anon 3194441728
anon_thp 6291456
anon 3520819200
anon_thp 6291456
anon 3847303168
anon_thp 6291456
anon 4180127744
anon_thp 6291456
anon 4505788416
anon_thp 6291456
anon 4830347264
anon_thp 6291456
anon 5157388288
anon_thp 6291456
anon 5482967040
anon_thp 6291456
anon 5573013504
anon_thp 6291456
anon 5573242880
anon_thp 6291456
anon 5574901760
anon_thp 6291456
anon 5575139328
anon_thp 6291456
anon 5576310784
anon_thp 6291456
anon 5576491008
anon_thp 6291456
anon 5577760768
anon_thp 6291456
anon 5577961472
anon_thp 6291456
anon 5578723328
anon_thp 6291456
anon 5578842112
anon_thp 6291456
anon 128536576
anon_thp 6291456
anon 630710272
anon_thp 83886080
anon 1024663552
anon_thp 83886080
anon 1453568000
anon_thp 90177536
anon 81219584
anon_thp 12582912
anon 504819712
anon_thp 73400320
anon 912478208
anon_thp 73400320
anon 1318244352
anon_thp 73400320
anon 1976381440
anon_thp 274726912
anon 3343130624
anon_thp 274726912
anon 4699570176
anon_thp 274726912
anon 6059864064
anon_thp 274726912
anon 6778126336
anon_thp 73400320
anon 7006863360
anon_thp 274726912
anon 7031042048
anon_thp 274726912
anon 6790389760
anon_thp 23068672
anon 7046397952
anon_thp 274726912
anon 6857371648
anon_thp 73400320
anon 7060049920
anon_thp 274726912
anon 7063367680
anon_thp 274726912
anon 7067168768
anon_thp 274726912
anon 656977920
anon_thp 6291456
anon 1752051712
anon_thp 278921216
anon 2270322688
anon_thp 278921216
anon 2777505792
anon_thp 278921216
anon 3282501632
anon_thp 278921216
anon 3795087360
anon_thp 278921216
anon 4292747264
anon_thp 278921216
anon 4791545856
anon_thp 278921216
anon 5278441472
anon_thp 278921216
anon 5630459904
anon_thp 281018368
anon 5630472192
anon_thp 281018368
anon 5605957632
anon_thp 209715200
anon 5683548160
anon_thp 285212672
anon 5321588736
anon_thp 14680064
anon 5718151168
anon_thp 283115520
anon 5718163456
anon_thp 283115520
anon 5741223936
anon_thp 281018368
anon 5741248512
anon_thp 281018368
anon 5414121472
anon_thp 14680064
anon 5804412928
anon_thp 293601280
anon 5804478464
anon_thp 293601280
anon 989179904
anon_thp 73400320
anon 2752503808
anon_thp 157286400
anon 4191551488
anon_thp 157286400
anon 5592584192
anon_thp 157286400
anon 6971961344
anon_thp 157286400
anon 7963561984
anon_thp 171966464
anon 7964696576
anon_thp 171966464
anon 7977918464
anon_thp 171966464
anon 7978139648
anon_thp 171966464
anon 8001323008
anon_thp 169869312
anon 8001384448
anon_thp 169869312
anon 8019849216
anon_thp 184549376
anon 8019972096
anon_thp 184549376
anon 8033427456
anon_thp 192937984
anon 8033435648
anon_thp 192937984
anon 5337714688
anon_thp 58720256
anon 2457026560
anon_thp 6291456
anon 5104066560
anon_thp 6291456
anon 5105254400
anon_thp 6291456
anon 5106192384
anon_thp 6291456
anon 1029287936
anon_thp 6291456
anon 5176164352
anon_thp 6291456
anon 8516476928
anon_thp 142606336
anon 9305993216
anon_thp 18874368
anon 9691414528
anon_thp 320864256
anon 9389314048
anon_thp 31457280
anon 9401348096
anon_thp 33554432
anon 9722368000
anon_thp 343932928
anon 9437782016
anon_thp 56623104
anon 9741840384
anon_thp 358612992
anon 9438785536
anon_thp 56623104
anon 8257642496
anon_thp 56623104
anon 429580288
anon_thp 6291456
anon 1835655168
anon_thp 6291456
anon 3186950144
anon_thp 6291456
anon 4578045952
anon_thp 6291456
anon 5953048576
anon_thp 6291456
anon 7320489984
anon_thp 6291456
anon 8670527488
anon_thp 73400320
anon 9651236864
anon_thp 10485760
anon 9764294656
anon_thp 77594624
anon 9706823680
anon_thp 10485760
anon 9781755904
anon_thp 81788928
anon 9721507840
anon_thp 14680064
anon 9756155904
anon_thp 14680064
anon 9761333248
anon_thp 14680064
anon 9764548608
anon_thp 14680064
anon 9834311680
anon_thp 81788928
anon 3068940288
anon_thp 18874368
anon 3124846592
anon_thp 6291456
anon 4114616320
anon_thp 6291456
anon 7940923392
anon_thp 3789553664
anon 8607956992
anon_thp 4454350848
anon 8982503424
anon_thp 4454350848
anon 10032291840
anon_thp 4454350848
anon 11223199744
anon_thp 4454350848
anon 12449050624
anon_thp 4454350848
anon 13794119680
anon_thp 4454350848
anon 15153156096
anon_thp 4454350848
anon 16495554560
anon_thp 4454350848
anon 17837305856
anon_thp 4454350848
anon 14046621696
anon_thp 58720256
anon 16996331520
anon_thp 3158310912
anon 18111479808
anon_thp 4271898624
anon 18111479808
anon_thp 4271898624
anon 18128568320
anon_thp 4271898624
anon 18129059840
anon_thp 4271898624
anon 18129371136
anon_thp 4271898624
anon 17996955648
anon_thp 4137680896
anon 14910230528
anon_thp 933232640
anon 18151759872
anon_thp 4152360960
anon 18151886848
anon_thp 4152360960
anon 18167894016
anon_thp 4152360960
anon 18166296576
anon_thp 4150263808
anon 18168823808
anon_thp 4152360960
anon 13942411264
anon_thp 79691776
anon 17310998528
anon_thp 2915041280
anon 18151567360
anon_thp 3751804928
anon 18167934976
anon_thp 3751804928
anon 18168594432
anon_thp 3751804928
anon 18168844288
anon_thp 3751804928
anon 18169044992
anon_thp 3751804928
anon 14362804224
anon_thp 597688320
anon 18245713920
anon_thp 3984588800
anon 18245754880
anon_thp 3984588800
anon 18262159360
anon_thp 3984588800
anon 18262769664
anon_thp 3984588800
anon 18263285760
anon_thp 3984588800
anon 18263773184
anon_thp 3984588800
anon 14129303552
anon_thp 56623104
anon 17824612352
anon_thp 3462397952
anon 18322661376
anon_thp 3892314112
anon 18338549760
anon_thp 3892314112
anon 18338775040
anon_thp 3892314112
anon 18338848768
anon_thp 3892314112
anon 18339069952
anon_thp 3892314112
anon 13886017536
anon_thp 71303168
anon 3771609088
anon_thp 50331648
anon 1611280384
anon_thp 155189248
anon 2417328128
anon_thp 155189248
anon 3206983680
anon_thp 155189248
anon 4015345664
anon_thp 155189248
anon 6328901632
anon_thp 155189248
anon 7113900032
anon_thp 155189248
anon 9307992064
anon_thp 155189248
anon 10144989184
anon_thp 155189248
anon 10332499968
anon_thp 155189248
anon 10400075776
anon_thp 155189248
anon 10359857152
anon_thp 20971520
anon 10439708672
anon_thp 155189248
anon 10450251776
anon_thp 155189248
anon 10494214144
anon_thp 155189248
anon 10506805248
anon_thp 155189248
anon 10507464704
anon_thp 155189248
anon 10508054528
anon_thp 155189248
anon 10519760896
anon_thp 155189248
anon 10482253824
anon_thp 20971520
anon 10483646464
anon_thp 20971520
anon 10514907136
anon_thp 20971520
anon 10515365888
anon_thp 20971520
anon 10515369984
anon_thp 20971520
anon 10520256512
anon_thp 20971520
anon 5347860480
anon_thp 20971520
anon 147128320
anon_thp 6291456
anon 1176805376
anon_thp 6291456
anon 241823744
anon_thp 6291456
anon 3923460096
anon_thp 6291456
anon 5673521152
anon_thp 73400320
anon 5918867456
anon_thp 6291456
anon 5997703168
anon_thp 73400320
anon 5999435776
anon_thp 73400320
anon 5932740608
anon_thp 6291456
anon 6000586752
anon_thp 73400320
anon 5933895680
anon_thp 6291456
anon 5934723072
anon_thp 6291456
anon 6002249728
anon_thp 73400320
anon 698187776
anon_thp 6291456
anon 1209491456
anon_thp 274726912
anon 2080567296
anon_thp 274726912
anon 2989690880
anon_thp 274726912
anon 3899838464
anon_thp 274726912
anon 4798341120
anon_thp 274726912
anon 5701283840
anon_thp 274726912
anon 6605078528
anon_thp 274726912
anon 7660036096
anon_thp 371195904
anon 7702355968
anon_thp 371195904
anon 7764140032
anon_thp 362807296
anon 8036093952
anon_thp 362807296
anon 8201805824
anon_thp 362807296
anon 8326295552
anon_thp 362807296
anon 8588271616
anon_thp 385875968
anon 8552820736
anon_thp 379584512
anon 8555446272
anon_thp 379584512
anon 8556544000
anon_thp 379584512
anon 8556920832
anon_thp 379584512
anon 8559931392
anon_thp 379584512
anon 8720846848
anon_thp 425721856
anon 8690032640
anon_thp 413138944
anon 8690036736
anon_thp 413138944
anon 8692486144
anon_thp 413138944
anon 8698470400
anon_thp 413138944
anon 8757243904
anon_thp 413138944
anon 8837308416
anon_thp 427819008
anon 8776151040
anon_thp 415236096
anon 8776196096
anon_thp 415236096
anon 8776208384
anon_thp 415236096
anon 8782929920
anon_thp 415236096
anon 8947191808
anon_thp 434110464
anon 8888111104
anon_thp 421527552
anon 8844345344
anon_thp 415236096
anon 8844374016
anon_thp 415236096
anon 8844369920
anon_thp 415236096
anon 8873406464
anon_thp 415236096
anon 8948588544
anon_thp 434110464
anon 3937923072
anon_thp 109051904
anon 2483101696
anon_thp 543162368
anon 6037032960
anon_thp 543162368
anon 7747801088
anon_thp 543162368
anon 7760723968
anon_thp 543162368
anon 7776808960
anon_thp 543162368
anon 7789625344
anon_thp 543162368
anon 7797297152
anon_thp 543162368
anon 4883120128
anon_thp 6291456
anon 2468945920
anon_thp 6291456
anon 6084145152
anon_thp 6291456
anon 7373381632
anon_thp 23068672
anon 7506051072
anon_thp 27262976
anon 7531454464
anon_thp 27262976
anon 7550300160
anon_thp 27262976
anon 7563575296
anon_thp 27262976
anon 290836480
anon_thp 20971520
anon 1792548864
anon_thp 6291456
anon 2439688192
anon_thp 73400320
anon 2602221568
anon_thp 73400320
anon 2673672192
anon_thp 73400320
anon 2710204416
anon_thp 73400320
anon 2737983488
anon_thp 73400320
anon 137142272
anon_thp 6291456
anon 4132962304
anon_thp 6291456
anon 5622337536
anon_thp 20971520
anon 5650903040
anon_thp 20971520
anon 5656698880
anon_thp 20971520
anon 5677572096
anon_thp 20971520
anon 5701500928
anon_thp 35651584
anon 5705330688
anon_thp 35651584
anon 5725130752
anon_thp 50331648
anon 5728940032
anon_thp 50331648
anon 740175872
anon_thp 50331648
anon 2972520448
anon_thp 20971520
anon 5470732288
anon_thp 20971520
anon 7703760896
anon_thp 20971520
anon 8879099904
anon_thp 260046848
anon 8909008896
anon_thp 260046848
anon 8891817984
anon_thp 243269632
anon 9126019072
anon_thp 478150656
anon 8883105792
anon_thp 209715200
anon 8969998336
anon_thp 209715200
anon 9524322304
anon_thp 209715200
anon 10625265664
anon_thp 421527552
anon 10674028544
anon_thp 421527552
anon 10706173952
anon_thp 421527552
anon 10366832640
anon_thp 268435456
anon 10369937408
anon_thp 268435456
anon 10385453056
anon_thp 268435456
anon 11009339392
anon_thp 425721856
anon 11101380608
anon_thp 425721856
anon 11126607872
anon_thp 425721856
anon 11126599680
anon_thp 564133888
anon 10859229184
anon_thp 295698432
anon 10865479680
anon_thp 295698432
anon 11351527424
anon_thp 364904448
anon 11539394560
anon_thp 446693376
anon 11554914304
anon_thp 446693376
anon 11470659584
anon_thp 553648128
anon 11189977088
anon_thp 281018368
anon 11190046720
anon_thp 281018368
anon 11328950272
anon_thp 281018368
anon 11706458112
anon_thp 392167424
anon 11715735552
anon_thp 392167424
anon 11582263296
anon_thp 310378496
anon 11543900160
anon_thp 295698432
anon 11543896064
anon_thp 295698432
anon 11557531648
anon_thp 295698432
anon 11761176576
anon_thp 385875968
anon 11769491456
anon_thp 385875968
anon 11622170624
anon_thp 308281344
anon 11622162432
anon_thp 308281344
anon 4482965504
anon_thp 134217728
anon 462163968
anon_thp 6291456
anon 4363718656
anon_thp 6291456
anon 7675613184
anon_thp 6291456
anon 8568344576
anon_thp 6291456
anon 8571977728
anon_thp 6291456
anon 8574869504
anon_thp 6291456
anon 8576040960
anon_thp 6291456
anon 8577814528
anon_thp 6291456
anon 80375808
anon_thp 16777216
anon 2647969792
anon_thp 6291456
anon 6181031936
anon_thp 6291456
anon 8170471424
anon_thp 6291456
anon 8196177920
anon_thp 8388608
anon 8262791168
anon_thp 14680064
anon 8322420736
anon_thp 37748736
anon 8331751424
anon_thp 37748736
anon 8362348544
anon_thp 37748736
anon 8411889664
anon_thp 67108864
anon 7676792832
anon_thp 35651584
anon 1005305856
anon_thp 6291456
anon 4912033792
anon_thp 6291456
anon 6970290176
anon_thp 281018368
anon 7751598080
anon_thp 148897792
anon 7987986432
anon_thp 281018368
anon 7987998720
anon_thp 281018368
anon 8062095360
anon_thp 281018368
anon 8079876096
anon_thp 281018368
anon 8321761280
anon_thp 492830720
anon 7867981824
anon_thp 14680064
anon 8212545536
anon_thp 285212672
anon 8423129088
anon_thp 283115520
anon 8423133184
anon_thp 283115520
anon 8289574912
anon_thp 150994944
anon 8435580928
anon_thp 283115520
anon 8437760000
anon_thp 283115520
anon 8150790144
anon_thp 16777216
anon 8419622912
anon_thp 285212672
anon 8272498688
anon_thp 77594624
anon 8513253376
anon_thp 285212672
anon 8513253376
anon_thp 285212672
anon 8522903552
anon_thp 285212672
anon 8522907648
anon_thp 285212672
anon 8523767808
anon_thp 285212672
anon 8265781248
anon_thp 18874368
anon 8534282240
anon_thp 287309824
anon 8595668992
anon_thp 285212672
anon 8595668992
anon_thp 285212672
anon 8595673088
anon_thp 285212672
anon 8599404544
anon_thp 285212672
anon 8599400448
anon_thp 285212672
anon 9002065920
anon_thp 689963008
anon 8346025984
anon_thp 27262976
anon 8663953408
anon_thp 287309824
anon 8726974464
anon_thp 285212672
anon 8726978560
anon_thp 285212672
anon 8738390016
anon_thp 285212672
anon 8738656256
anon_thp 285212672
anon 8738959360
anon_thp 285212672
anon 8459923456
anon_thp 18874368
anon 8728842240
anon_thp 287309824
anon 8639959040
anon_thp 153092096
anon 8792637440
anon_thp 285212672
anon 8792629248
anon_thp 285212672
anon 8792723456
anon_thp 285212672
anon 8792727552
anon_thp 285212672
anon 8828375040
anon_thp 322961408
anon 2313281536
anon_thp 6291456
anon 683315200
anon_thp 39845888
anon 1186271232
anon_thp 39845888
anon 1229869056
anon_thp 6291456
anon 1321943040
anon_thp 6291456
anon 1367465984
anon_thp 39845888
anon 1113030656
anon_thp 6291456
