name	run	timing
benchmark/large/tpch-sf100/q01.benchmark	1	1.983818
benchmark/large/tpch-sf100/q01.benchmark	2	1.961368
benchmark/large/tpch-sf100/q01.benchmark	3	1.890885
benchmark/large/tpch-sf100/q01.benchmark	4	1.897977
benchmark/large/tpch-sf100/q01.benchmark	5	1.900847
benchmark/large/tpch-sf100/q02.benchmark	1	0.446781
benchmark/large/tpch-sf100/q02.benchmark	2	0.409509
benchmark/large/tpch-sf100/q02.benchmark	3	0.397434
benchmark/large/tpch-sf100/q02.benchmark	4	0.416265
benchmark/large/tpch-sf100/q02.benchmark	5	0.448332
benchmark/large/tpch-sf100/q03.benchmark	1	1.689818
benchmark/large/tpch-sf100/q03.benchmark	2	1.681099
benchmark/large/tpch-sf100/q03.benchmark	3	1.691398
benchmark/large/tpch-sf100/q03.benchmark	4	1.721273
benchmark/large/tpch-sf100/q03.benchmark	5	1.727183
benchmark/large/tpch-sf100/q04.benchmark	1	2.398703
benchmark/large/tpch-sf100/q04.benchmark	2	2.377724
benchmark/large/tpch-sf100/q04.benchmark	3	2.300008
benchmark/large/tpch-sf100/q04.benchmark	4	2.295352
benchmark/large/tpch-sf100/q04.benchmark	5	2.457488
benchmark/large/tpch-sf100/q05.benchmark	1	2.034600
benchmark/large/tpch-sf100/q05.benchmark	2	2.083979
benchmark/large/tpch-sf100/q05.benchmark	3	2.124460
benchmark/large/tpch-sf100/q05.benchmark	4	2.120345
benchmark/large/tpch-sf100/q05.benchmark	5	2.130646
benchmark/large/tpch-sf100/q06.benchmark	1	0.487246
benchmark/large/tpch-sf100/q06.benchmark	2	0.486370
benchmark/large/tpch-sf100/q06.benchmark	3	0.486138
benchmark/large/tpch-sf100/q06.benchmark	4	0.486961
benchmark/large/tpch-sf100/q06.benchmark	5	0.491061
benchmark/large/tpch-sf100/q07.benchmark	1	2.138519
benchmark/large/tpch-sf100/q07.benchmark	2	1.725486
benchmark/large/tpch-sf100/q07.benchmark	3	1.592281
benchmark/large/tpch-sf100/q07.benchmark	4	1.621873
benchmark/large/tpch-sf100/q07.benchmark	5	1.627878
benchmark/large/tpch-sf100/q08.benchmark	1	1.786647
benchmark/large/tpch-sf100/q08.benchmark	2	1.765974
benchmark/large/tpch-sf100/q08.benchmark	3	1.734793
benchmark/large/tpch-sf100/q08.benchmark	4	1.712190
benchmark/large/tpch-sf100/q08.benchmark	5	1.783228
benchmark/large/tpch-sf100/q09.benchmark	1	8.869327
benchmark/large/tpch-sf100/q09.benchmark	2	8.728250
benchmark/large/tpch-sf100/q09.benchmark	3	8.389147
benchmark/large/tpch-sf100/q09.benchmark	4	8.817143
benchmark/large/tpch-sf100/q09.benchmark	5	7.168549
benchmark/large/tpch-sf100/q10.benchmark	1	3.379594
benchmark/large/tpch-sf100/q10.benchmark	2	3.417493
benchmark/large/tpch-sf100/q10.benchmark	3	3.379055
benchmark/large/tpch-sf100/q10.benchmark	4	3.372784
benchmark/large/tpch-sf100/q10.benchmark	5	3.399617
benchmark/large/tpch-sf100/q11.benchmark	1	0.273673
benchmark/large/tpch-sf100/q11.benchmark	2	0.227989
benchmark/large/tpch-sf100/q11.benchmark	3	0.226178
benchmark/large/tpch-sf100/q11.benchmark	4	0.246758
benchmark/large/tpch-sf100/q11.benchmark	5	0.230807
benchmark/large/tpch-sf100/q12.benchmark	1	1.654794
benchmark/large/tpch-sf100/q12.benchmark	2	1.645123
benchmark/large/tpch-sf100/q12.benchmark	3	1.656224
benchmark/large/tpch-sf100/q12.benchmark	4	1.652882
benchmark/large/tpch-sf100/q12.benchmark	5	1.654417
benchmark/large/tpch-sf100/q13.benchmark	1	5.647030
benchmark/large/tpch-sf100/q13.benchmark	2	5.673568
benchmark/large/tpch-sf100/q13.benchmark	3	6.190770
benchmark/large/tpch-sf100/q13.benchmark	4	5.685916
benchmark/large/tpch-sf100/q13.benchmark	5	5.674347
benchmark/large/tpch-sf100/q14.benchmark	1	1.090648
benchmark/large/tpch-sf100/q14.benchmark	2	1.088953
benchmark/large/tpch-sf100/q14.benchmark	3	1.103665
benchmark/large/tpch-sf100/q14.benchmark	4	1.102340
benchmark/large/tpch-sf100/q14.benchmark	5	1.096397
benchmark/large/tpch-sf100/q15.benchmark	1	0.977740
benchmark/large/tpch-sf100/q15.benchmark	2	0.931235
benchmark/large/tpch-sf100/q15.benchmark	3	0.936521
benchmark/large/tpch-sf100/q15.benchmark	4	0.927681
benchmark/large/tpch-sf100/q15.benchmark	5	0.938182
benchmark/large/tpch-sf100/q16.benchmark	1	1.036886
benchmark/large/tpch-sf100/q16.benchmark	2	1.029390
benchmark/large/tpch-sf100/q16.benchmark	3	1.010922
benchmark/large/tpch-sf100/q16.benchmark	4	1.017127
benchmark/large/tpch-sf100/q16.benchmark	5	1.006840
benchmark/large/tpch-sf100/q17.benchmark	1	1.447318
benchmark/large/tpch-sf100/q17.benchmark	2	1.428512
benchmark/large/tpch-sf100/q17.benchmark	3	1.417920
benchmark/large/tpch-sf100/q17.benchmark	4	1.419989
benchmark/large/tpch-sf100/q17.benchmark	5	1.468213
benchmark/large/tpch-sf100/q18.benchmark	1	6.609314
benchmark/large/tpch-sf100/q18.benchmark	2	6.417773
benchmark/large/tpch-sf100/q18.benchmark	3	6.344694
benchmark/large/tpch-sf100/q18.benchmark	4	6.118698
benchmark/large/tpch-sf100/q18.benchmark	5	6.099649
benchmark/large/tpch-sf100/q19.benchmark	1	1.001488
benchmark/large/tpch-sf100/q19.benchmark	2	0.997078
benchmark/large/tpch-sf100/q19.benchmark	3	0.995265
benchmark/large/tpch-sf100/q19.benchmark	4	1.002311
benchmark/large/tpch-sf100/q19.benchmark	5	1.002562
benchmark/large/tpch-sf100/q20.benchmark	1	1.410496
benchmark/large/tpch-sf100/q20.benchmark	2	1.478044
benchmark/large/tpch-sf100/q20.benchmark	3	1.466723
benchmark/large/tpch-sf100/q20.benchmark	4	1.365618
benchmark/large/tpch-sf100/q20.benchmark	5	1.513815
benchmark/large/tpch-sf100/q21.benchmark	1	7.953163
benchmark/large/tpch-sf100/q21.benchmark	2	7.716846
benchmark/large/tpch-sf100/q21.benchmark	3	7.719142
benchmark/large/tpch-sf100/q21.benchmark	4	7.894070
benchmark/large/tpch-sf100/q21.benchmark	5	7.678715
benchmark/large/tpch-sf100/q22.benchmark	1	1.146812
benchmark/large/tpch-sf100/q22.benchmark	2	1.027326
benchmark/large/tpch-sf100/q22.benchmark	3	0.934711
benchmark/large/tpch-sf100/q22.benchmark	4	0.931475
benchmark/large/tpch-sf100/q22.benchmark	5	0.933651
pid: 9385
