pgmigrate_success 16089463
pgmigrate_success 16089468
pgmigrate_success 16089469
pgmigrate_success 16089470
pgmigrate_success 16089471
pgmigrate_success 16089472
pgmigrate_success 16089473
pgmigrate_success 16089474
pgmigrate_success 16089475
pgmigrate_success 16089476
pgmigrate_success 16148773
pgmigrate_success 16314501
pgmigrate_success 16474469
pgmigrate_success 16623813
pgmigrate_success 16792613
pgmigrate_success 16936677
pgmigrate_success 17101957
pgmigrate_success 17251838
pgmigrate_success 17314078
pgmigrate_success 17314143
pgmigrate_success 17314655
pgmigrate_success 17314719
pgmigrate_success 17315008
pgmigrate_success 17315072
pgmigrate_success 17315265
pgmigrate_success 17315521
pgmigrate_success 17315554
pgmigrate_success 17315587
pgmigrate_success 17315588
pgmigrate_success 17315589
pgmigrate_success 17315590
pgmigrate_success 17315591
pgmigrate_success 17315592
pgmigrate_success 17315593
pgmigrate_success 17315594
pgmigrate_success 17342880
pgmigrate_success 17342881
pgmigrate_success 17558242
pgmigrate_success 17832194
pgmigrate_success 18107074
pgmigrate_success 18184235
pgmigrate_success 18184427
pgmigrate_success 18198447
pgmigrate_success 18213706
pgmigrate_success 18214491
pgmigrate_success 18216258
pgmigrate_success 18216691
pgmigrate_success 18218835
pgmigrate_success 18233250
pgmigrate_success 18233252
pgmigrate_success 18233253
pgmigrate_success 18233254
pgmigrate_success 18233255
pgmigrate_success 18233256
pgmigrate_success 18377097
pgmigrate_success 18583048
pgmigrate_success 18723623
pgmigrate_success 18803913
pgmigrate_success 18832177
pgmigrate_success 18832178
pgmigrate_success 18838195
pgmigrate_success 18841431
pgmigrate_success 18852696
pgmigrate_success 18852698
pgmigrate_success 18868058
pgmigrate_success 18868060
pgmigrate_success 18868061
pgmigrate_success 18868062
pgmigrate_success 18868063
pgmigrate_success 19122302
pgmigrate_success 19263186
pgmigrate_success 19264738
pgmigrate_success 19267406
pgmigrate_success 19267406
pgmigrate_success 19267406
pgmigrate_success 19267406
pgmigrate_success 19267407
pgmigrate_success 19267407
pgmigrate_success 19267408
pgmigrate_success 19267408
pgmigrate_success 19267408
pgmigrate_success 19276072
pgmigrate_success 19276074
pgmigrate_success 19276075
pgmigrate_success 19276076
pgmigrate_success 19276077
pgmigrate_success 19276078
pgmigrate_success 19277223
pgmigrate_success 19277796
pgmigrate_success 19277796
pgmigrate_success 19277796
pgmigrate_success 19277796
pgmigrate_success 19277796
pgmigrate_success 19277796
pgmigrate_success 19277796
pgmigrate_success 19277796
pgmigrate_success 19312624
pgmigrate_success 19329364
pgmigrate_success 19329368
pgmigrate_success 19329370
pgmigrate_success 19354555
pgmigrate_success 19614842
pgmigrate_success 19752930
pgmigrate_success 19793771
pgmigrate_success 19793771
pgmigrate_success 19793774
pgmigrate_success 19793774
pgmigrate_success 19793774
pgmigrate_success 19793774
pgmigrate_success 19793774
pgmigrate_success 19793774
pgmigrate_success 19793774
pgmigrate_success 19799958
pgmigrate_success 19800021
pgmigrate_success 19800022
pgmigrate_success 19916726
pgmigrate_success 19921334
pgmigrate_success 19921334
pgmigrate_success 19921334
pgmigrate_success 19921334
pgmigrate_success 19921334
pgmigrate_success 19921334
pgmigrate_success 19921334
pgmigrate_success 19926881
pgmigrate_success 19977569
pgmigrate_success 19977569
pgmigrate_success 19977569
pgmigrate_success 19977569
pgmigrate_success 19980737
pgmigrate_success 19984836
pgmigrate_success 20045252
pgmigrate_success 20045252
pgmigrate_success 20045252
pgmigrate_success 20045252
pgmigrate_success 20050861
pgmigrate_success 20065104
pgmigrate_success 20099408
pgmigrate_success 20099408
pgmigrate_success 20099408
pgmigrate_success 20099408
pgmigrate_success 20099408
pgmigrate_success 20103053
pgmigrate_success 20134416
pgmigrate_success 20167184
pgmigrate_success 20167184
pgmigrate_success 20167184
pgmigrate_success 20167184
pgmigrate_success 20168934
pgmigrate_success 20182358
pgmigrate_success 20182358
pgmigrate_success 20182358
pgmigrate_success 20182358
pgmigrate_success 20185053
pgmigrate_success 20187168
pgmigrate_success 20187173
pgmigrate_success 20187174
pgmigrate_success 20187175
pgmigrate_success 20224169
pgmigrate_success 20423479
pgmigrate_success 20423535
pgmigrate_success 20423535
pgmigrate_success 20423535
pgmigrate_success 20423535
pgmigrate_success 20423535
pgmigrate_success 20423535
pgmigrate_success 20423535
pgmigrate_success 20424005
pgmigrate_success 20438841
pgmigrate_success 20438841
pgmigrate_success 20438841
pgmigrate_success 20438841
pgmigrate_success 20438841
pgmigrate_success 20438841
pgmigrate_success 20438841
pgmigrate_success 20469095
pgmigrate_success 20484818
pgmigrate_success 20484818
pgmigrate_success 20623527
pgmigrate_success 20638002
pgmigrate_success 20638005
pgmigrate_success 20638006
pgmigrate_success 20662359
pgmigrate_success 20681723
pgmigrate_success 20681723
pgmigrate_success 20681723
pgmigrate_success 20681723
pgmigrate_success 20681723
pgmigrate_success 20681723
pgmigrate_success 20681724
pgmigrate_success 20681725
pgmigrate_success 20681726
pgmigrate_success 20681727
pgmigrate_success 20681728
pgmigrate_success 20849504
pgmigrate_success 21109440
pgmigrate_success 21217775
pgmigrate_success 21257337
pgmigrate_success 21257338
pgmigrate_success 21257338
pgmigrate_success 21257349
pgmigrate_success 21257349
pgmigrate_success 21257349
pgmigrate_success 21257349
pgmigrate_success 21257349
pgmigrate_success 21257349
pgmigrate_success 21257349
pgmigrate_success 21257349
pgmigrate_success 21257349
pgmigrate_success 21257349
pgmigrate_success 21257349
pgmigrate_success 21257349
pgmigrate_success 21257349
pgmigrate_success 21257349
pgmigrate_success 21257349
pgmigrate_success 21257349
pgmigrate_success 21257349
pgmigrate_success 21257349
pgmigrate_success 21257349
pgmigrate_success 21257349
pgmigrate_success 21257349
pgmigrate_success 21257349
pgmigrate_success 21257349
pgmigrate_success 21257349
pgmigrate_success 21257349
pgmigrate_success 21276538
pgmigrate_success 21276541
pgmigrate_success 21276626
pgmigrate_success 21276794
pgmigrate_success 21276873
pgmigrate_success 21277016
pgmigrate_success 21277095
pgmigrate_success 21277095
pgmigrate_success 21277321
pgmigrate_success 21277331
pgmigrate_success 21277331
pgmigrate_success 21277331
pgmigrate_success 21277331
pgmigrate_success 21277331
pgmigrate_success 21277331
pgmigrate_success 21298694
pgmigrate_success 21298697
pgmigrate_success 21298698
pgmigrate_success 21298699
pgmigrate_success 21298701
pgmigrate_success 21298702
pgmigrate_success 21298704
pgmigrate_success 21298706
pgmigrate_success 21298709
pgmigrate_success 21298711
pgmigrate_success 21298712
pgmigrate_success 21298713
pgmigrate_success 21298714
pgmigrate_success 21298715
pgmigrate_success 21298716
pgmigrate_success 21298717
pgmigrate_success 21298718
pgmigrate_success 21298719
pgmigrate_success 21301919
pgmigrate_success 21301936
pgmigrate_success 21301936
pgmigrate_success 21301936
pgmigrate_success 21357089
pgmigrate_success 21393487
pgmigrate_success 21393487
pgmigrate_success 21393496
pgmigrate_success 21393498
pgmigrate_success 21393498
pgmigrate_success 21393506
pgmigrate_success 21393519
pgmigrate_success 21393520
pgmigrate_success 21393520
pgmigrate_success 21393520
pgmigrate_success 21393520
pgmigrate_success 21393520
pgmigrate_success 21393520
pgmigrate_success 21393520
pgmigrate_success 21393520
pgmigrate_success 21393520
pgmigrate_success 21393520
pgmigrate_success 21393520
pgmigrate_success 21393520
pgmigrate_success 21393520
pgmigrate_success 21393520
pgmigrate_success 21393520
pgmigrate_success 21393520
pgmigrate_success 21393520
pgmigrate_success 21393520
pgmigrate_success 21393520
pgmigrate_success 21393520
pgmigrate_success 21393520
pgmigrate_success 21393520
pgmigrate_success 21462172
pgmigrate_success 21472956
pgmigrate_success 21472963
pgmigrate_success 21476579
pgmigrate_success 21476579
pgmigrate_success 21476579
pgmigrate_success 21476579
pgmigrate_success 21476579
pgmigrate_success 21476579
pgmigrate_success 21497107
pgmigrate_success 21497108
pgmigrate_success 21501758
pgmigrate_success 21501758
pgmigrate_success 21501758
pgmigrate_success 21501758
pgmigrate_success 21501758
pgmigrate_success 21501758
pgmigrate_success 21501758
pgmigrate_success 21501758
pgmigrate_success 21547859
pgmigrate_success 21547864
pgmigrate_success 21552539
pgmigrate_success 21553435
pgmigrate_success 21553499
pgmigrate_success 21553499
pgmigrate_success 21553499
pgmigrate_success 21553499
pgmigrate_success 21553499
pgmigrate_success 21553499
pgmigrate_success 21553499
pgmigrate_success 21553499
pgmigrate_success 21558348
pgmigrate_success 21589724
pgmigrate_success 21615595
pgmigrate_success 21615595
pgmigrate_success 21615595
pgmigrate_success 21615595
pgmigrate_success 21615595
pgmigrate_success 21615595
pgmigrate_success 21615595
pgmigrate_success 21615595
pgmigrate_success 21615595
pgmigrate_success 21615595
pgmigrate_success 21615595
pgmigrate_success 21615595
pgmigrate_success 21615595
pgmigrate_success 21615595
pgmigrate_success 21615595
pgmigrate_success 21615595
pgmigrate_success 21615595
pgmigrate_success 21615595
pgmigrate_success 21615595
pgmigrate_success 21615595
pgmigrate_success 21615595
pgmigrate_success 21615595
pgmigrate_success 21615595
pgmigrate_success 21615595
pgmigrate_success 21615595
pgmigrate_success 21615595
pgmigrate_success 21615595
pgmigrate_success 21615595
pgmigrate_success 21615595
pgmigrate_success 21615595
pgmigrate_success 21743000
pgmigrate_success 21743001
pgmigrate_success 21743002
pgmigrate_success 21743003
pgmigrate_success 21743004
pgmigrate_success 21743005
