anon 946176
anon_thp 0
anon 225107968
anon_thp 6291456
anon 567918592
anon_thp 6291456
anon 909488128
anon_thp 6291456
anon 1233678336
anon_thp 6291456
anon 1557221376
anon_thp 6291456
anon 1886224384
anon_thp 6291456
anon 2212139008
anon_thp 6291456
anon 2539483136
anon_thp 6291456
anon 2865229824
anon_thp 6291456
anon 3195604992
anon_thp 6291456
anon 3517235200
anon_thp 6291456
anon 3817721856
anon_thp 6291456
anon 4130963456
anon_thp 6291456
anon 4429078528
anon_thp 6291456
anon 4724158464
anon_thp 6291456
anon 5010530304
anon_thp 6291456
anon 5289582592
anon_thp 6291456
anon 5571579904
anon_thp 6291456
anon 5571944448
anon_thp 6291456
anon 5573459968
anon_thp 6291456
anon 5573726208
anon_thp 6291456
anon 5575094272
anon_thp 6291456
anon 5575294976
anon_thp 6291456
anon 5576228864
anon_thp 6291456
anon 5576454144
anon_thp 6291456
anon 5577207808
anon_thp 6291456
anon 5577392128
anon_thp 6291456
anon 2863329280
anon_thp 6291456
anon 462356480
anon_thp 83886080
anon 809029632
anon_thp 83886080
anon 1259024384
anon_thp 121634816
anon 1539190784
anon_thp 205520896
anon 237830144
anon_thp 71303168
anon 654798848
anon_thp 71303168
anon 1065496576
anon_thp 71303168
anon 1480425472
anon_thp 71303168
anon 2522017792
anon_thp 274726912
anon 3885178880
anon_thp 274726912
anon 5247610880
anon_thp 274726912
anon 6624673792
anon_thp 274726912
anon 6995873792
anon_thp 274726912
anon 6815027200
anon_thp 73400320
anon 7020494848
anon_thp 274726912
anon 6972018688
anon_thp 211812352
anon 7039848448
anon_thp 274726912
anon 7047651328
anon_thp 274726912
anon 6856122368
anon_thp 73400320
anon 7059386368
anon_thp 274726912
anon 309338112
anon_thp 6291456
anon 1722404864
anon_thp 289406976
anon 2249052160
anon_thp 289406976
anon 2760331264
anon_thp 289406976
anon 3278176256
anon_thp 289406976
anon 3786227712
anon_thp 289406976
anon 4283994112
anon_thp 289406976
anon 4787773440
anon_thp 289406976
anon 5140111360
anon_thp 155189248
anon 5616123904
anon_thp 291504128
anon 5326905344
anon_thp 25165824
anon 5707550720
anon_thp 308281344
anon 5393747968
anon_thp 27262976
anon 5755895808
anon_thp 308281344
anon 5608038400
anon_thp 176160768
anon 5791576064
anon_thp 308281344
anon 5791576064
anon_thp 308281344
anon 5856575488
anon_thp 308281344
anon 5856595968
anon_thp 308281344
anon 669777920
anon_thp 20971520
anon 2124095488
anon_thp 155189248
anon 3516751872
anon_thp 155189248
anon 4921499648
anon_thp 169869312
anon 6319206400
anon_thp 171966464
anon 7706206208
anon_thp 171966464
anon 7964762112
anon_thp 186646528
anon 7964803072
anon_thp 186646528
anon 8000327680
anon_thp 201326592
anon 8000331776
anon_thp 201326592
anon 8027660288
anon_thp 216006656
anon 8027676672
anon_thp 216006656
anon 8035188736
anon_thp 216006656
anon 8035217408
anon_thp 216006656
anon 8037199872
anon_thp 216006656
anon 8037195776
anon_thp 216006656
anon 98476032
anon_thp 20971520
anon 4589793280
anon_thp 23068672
anon 5148925952
anon_thp 23068672
anon 5150093312
anon_thp 23068672
anon 435757056
anon_thp 20971520
anon 4590530560
anon_thp 20971520
anon 6450925568
anon_thp 20971520
anon 8870670336
anon_thp 322961408
anon 9321058304
anon_thp 20971520
anon 9384022016
anon_thp 33554432
anon 9706819584
anon_thp 335544320
anon 9396006912
anon_thp 33554432
anon 9430876160
anon_thp 67108864
anon 9695477760
anon_thp 316669952
anon 9430970368
anon_thp 58720256
anon 9749299200
anon_thp 360710144
anon 53264384
anon_thp 18874368
anon 1409560576
anon_thp 18874368
anon 2793095168
anon_thp 18874368
anon 4164853760
anon_thp 18874368
anon 5561614336
anon_thp 18874368
anon 6952693760
anon_thp 18874368
anon 8307986432
anon_thp 31457280
anon 9652379648
anon_thp 35651584
anon 9746890752
anon_thp 88080384
anon 9706860544
anon_thp 37748736
anon 9712197632
anon_thp 37748736
anon 9719324672
anon_thp 37748736
anon 9790304256
anon_thp 104857600
anon 9732435968
anon_thp 44040192
anon 9734324224
anon_thp 39845888
anon 9739276288
anon_thp 39845888
anon 7602184192
anon_thp 29360128
anon 666636288
anon_thp 6291456
anon 3486142464
anon_thp 6291456
anon 7057125376
anon_thp 2871001088
anon 8653082624
anon_thp 4464836608
anon 9322926080
anon_thp 4464836608
anon 10892505088
anon_thp 4475322368
anon 12444614656
anon_thp 4475322368
anon 13985099776
anon_thp 4475322368
anon 15520579584
anon_thp 4487905280
anon 17078931456
anon_thp 4487905280
anon 13868544000
anon_thp 58720256
anon 16762642432
anon_thp 3156213760
anon 18120773632
anon_thp 4513071104
anon 18137731072
anon_thp 4513071104
anon 18138374144
anon_thp 4513071104
anon 18138902528
anon_thp 4513071104
anon 13735079936
anon_thp 83886080
anon 16971341824
anon_thp 3334471680
anon 18178334720
anon_thp 4540334080
anon 18194591744
anon_thp 4540334080
anon 18195447808
anon_thp 4540334080
anon 18195800064
anon_thp 4540334080
anon 13799931904
anon_thp 83886080
anon 17083531264
anon_thp 3424649216
anon 18183421952
anon_thp 4523556864
anon 18200313856
anon_thp 4523556864
anon 18200797184
anon_thp 4523556864
anon 18201153536
anon_thp 4523556864
anon 13908267008
anon_thp 94371840
anon 17215098880
anon_thp 3554672640
anon 18206306304
anon_thp 4544528384
anon 18222526464
anon_thp 4544528384
anon 18222870528
anon_thp 4544528384
anon 18223296512
anon_thp 4544528384
anon 13892882432
anon_thp 115343360
anon 17093574656
anon_thp 3414163456
anon 18246021120
anon_thp 4565499904
anon 18263060480
anon_thp 4565499904
anon 18263547904
anon_thp 4565499904
anon 18263576576
anon_thp 4565499904
anon 11667791872
anon_thp 136314880
anon 50180096
anon_thp 6291456
anon 2008662016
anon_thp 140509184
anon 2802835456
anon_thp 140509184
anon 3596427264
anon_thp 140509184
anon 5370339328
anon_thp 140509184
anon 7774957568
anon_thp 150994944
anon 9876738048
anon_thp 16777216
anon 10221195264
anon_thp 50331648
anon 10387644416
anon_thp 150994944
anon 10545778688
anon_thp 167772160
anon 10545770496
anon_thp 167772160
anon 10548781056
anon_thp 167772160
anon 10565668864
anon_thp 167772160
anon 10577580032
anon_thp 167772160
anon 10577940480
anon_thp 33554432
anon 10584367104
anon_thp 33554432
anon 10731560960
anon_thp 169869312
anon 10731556864
anon_thp 169869312
anon 10731675648
anon_thp 169869312
anon 10735362048
anon_thp 169869312
anon 10601148416
anon_thp 35651584
anon 10608713728
anon_thp 35651584
anon 8688697344
anon_thp 35651584
anon 191848448
anon_thp 6291456
anon 1202520064
anon_thp 16777216
anon 374677504
anon_thp 6291456
anon 4152479744
anon_thp 6291456
anon 5974093824
anon_thp 16777216
anon 5998563328
anon_thp 16777216
anon 6041280512
anon_thp 58720256
anon 6000517120
anon_thp 16777216
anon 6068137984
anon_thp 83886080
anon 6001221632
anon_thp 16777216
anon 6068981760
anon_thp 83886080
anon 6069731328
anon_thp 83886080
anon 1373962240
anon_thp 6291456
anon 1215750144
anon_thp 274726912
anon 2087628800
anon_thp 274726912
anon 2982346752
anon_thp 274726912
anon 3892953088
anon_thp 274726912
anon 4772876288
anon_thp 274726912
anon 5657378816
anon_thp 274726912
anon 6552629248
anon_thp 274726912
anon 7480107008
anon_thp 274726912
anon 7694110720
anon_thp 350224384
anon 7758925824
anon_thp 341835776
anon 8004997120
anon_thp 341835776
anon 8223072256
anon_thp 341835776
anon 8344305664
anon_thp 341835776
anon 8568909824
anon_thp 369098752
anon 8572887040
anon_thp 369098752
anon 8531009536
anon_thp 356515840
anon 8534474752
anon_thp 356515840
anon 8539549696
anon_thp 356515840
anon 8550961152
anon_thp 356515840
anon 8610922496
anon_thp 373293056
anon 8554352640
anon_thp 350224384
anon 8554524672
anon_thp 350224384
anon 8554569728
anon_thp 350224384
anon 8554573824
anon_thp 350224384
anon 8581046272
anon_thp 350224384
anon 8639688704
anon_thp 362807296
anon 8626991104
anon_thp 358612992
anon 8626999296
anon_thp 358612992
anon 8626995200
anon_thp 358612992
anon 8626999296
anon_thp 358612992
anon 8683732992
anon_thp 377487360
anon 8688623616
anon_thp 377487360
anon 8595873792
anon_thp 352321536
anon 8595873792
anon_thp 352321536
anon 8595869696
anon_thp 352321536
anon 8600854528
anon_thp 352321536
anon 8618516480
anon_thp 352321536
anon 8665178112
anon_thp 369098752
anon 1068429312
anon_thp 79691776
anon 3618258944
anon_thp 543162368
anon 7286882304
anon_thp 543162368
anon 7749066752
anon_thp 543162368
anon 7780831232
anon_thp 543162368
anon 7790014464
anon_thp 543162368
anon 7795097600
anon_thp 543162368
anon 7806353408
anon_thp 543162368
anon 377151488
anon_thp 6291456
anon 4904022016
anon_thp 6291456
anon 7267995648
anon_thp 23068672
anon 7500636160
anon_thp 29360128
anon 7522791424
anon_thp 29360128
anon 7541080064
anon_thp 31457280
anon 7555305472
anon_thp 31457280
anon 3784712192
anon_thp 25165824
anon 1152368640
anon_thp 71303168
anon 2258202624
anon_thp 71303168
anon 2524798976
anon_thp 71303168
anon 2619351040
anon_thp 71303168
anon 2682494976
anon_thp 71303168
anon 2632437760
anon_thp 6291456
anon 2619764736
anon_thp 6291456
anon 2840088576
anon_thp 6291456
anon 5607755776
anon_thp 20971520
anon 5633093632
anon_thp 20971520
anon 5660430336
anon_thp 20971520
anon 5681283072
anon_thp 20971520
anon 5704585216
anon_thp 35651584
anon 5707993088
anon_thp 35651584
anon 5729599488
anon_thp 48234496
anon 5748457472
anon_thp 48234496
anon 779857920
anon_thp 6291456
anon 3863339008
anon_thp 6291456
anon 6475350016
anon_thp 6291456
anon 8780972032
anon_thp 182452224
anon 8904204288
anon_thp 182452224
anon 8934764544
anon_thp 182452224
anon 9128882176
anon_thp 402653184
anon 8895692800
anon_thp 134217728
anon 8974622720
anon_thp 134217728
anon 9232486400
anon_thp 134217728
anon 10555695104
anon_thp 310378496
anon 10627780608
anon_thp 310378496
anon 10670571520
anon_thp 310378496
anon 10272047104
anon_thp 134217728
anon 10212864000
anon_thp 134217728
anon 10160041984
anon_thp 134217728
anon 10745446400
anon_thp 322961408
anon 10782281728
anon_thp 322961408
anon 10812407808
anon_thp 322961408
anon 10332270592
anon_thp 134217728
anon 10332504064
anon_thp 134217728
anon 10405322752
anon_thp 134217728
anon 11014426624
anon_thp 325058560
anon 11044712448
anon_thp 325058560
anon 11063980032
anon_thp 325058560
anon 10686210048
anon_thp 134217728
anon 10487287808
anon_thp 134217728
anon 10528579584
anon_thp 134217728
anon 11022258176
anon_thp 327155712
anon 11050418176
anon_thp 327155712
anon 11072368640
anon_thp 327155712
anon 10621689856
anon_thp 134217728
anon 10621689856
anon_thp 134217728
anon 10637271040
anon_thp 134217728
anon 11082981376
anon_thp 327155712
anon 11099713536
anon_thp 327155712
anon 10887651328
anon_thp 320864256
anon 10663534592
anon_thp 148897792
anon 1783889920
anon_thp 35651584
anon 2757746688
anon_thp 6291456
anon 6595096576
anon_thp 20971520
anon 8565493760
anon_thp 20971520
anon 8568459264
anon_thp 20971520
anon 8570011648
anon_thp 20971520
anon 8572268544
anon_thp 20971520
anon 8574509056
anon_thp 20971520
anon 3656863744
anon_thp 6291456
anon 1599848448
anon_thp 6291456
anon 5755637760
anon_thp 10485760
anon 8113070080
anon_thp 10485760
anon 8186822656
anon_thp 10485760
anon 8262549504
anon_thp 35651584
anon 8305487872
anon_thp 48234496
anon 8321478656
anon_thp 48234496
anon 8353812480
anon_thp 62914560
anon 8384303104
anon_thp 62914560
anon 8392314880
anon_thp 62914560
anon 535457792
anon_thp 6291456
anon 4892790784
anon_thp 6291456
anon 7009292288
anon_thp 274726912
anon 7808602112
anon_thp 140509184
anon 7946964992
anon_thp 272629760
anon 7946989568
anon_thp 272629760
anon 8023707648
anon_thp 140509184
anon 8040685568
anon_thp 140509184
anon 8616816640
anon_thp 677380096
anon 8113102848
anon_thp 140509184
anon 8403484672
anon_thp 278921216
anon 8514224128
anon_thp 278921216
anon 8514228224
anon_thp 278921216
anon 8532549632
anon_thp 293601280
anon 8535756800
anon_thp 293601280
anon 8826597376
anon_thp 583008256
anon 8255758336
anon_thp 25165824
anon 8537600000
anon_thp 293601280
anon 8490508288
anon_thp 161480704
anon 8490504192
anon_thp 161480704
anon 8497356800
anon_thp 161480704
anon 8497356800
anon_thp 161480704
anon 8497389568
anon_thp 161480704
anon 8355405824
anon_thp 25165824
anon 8624910336
anon_thp 293601280
anon 8586366976
anon_thp 161480704
anon 8745058304
anon_thp 308281344
anon 8610836480
anon_thp 176160768
anon 8745750528
anon_thp 308281344
anon 8612032512
anon_thp 176160768
anon 8461799424
anon_thp 41943040
anon 8732119040
anon_thp 310378496
anon 8790437888
anon_thp 308281344
anon 8790437888
anon_thp 308281344
anon 8809353216
anon_thp 308281344
anon 8811384832
anon_thp 308281344
anon 8811442176
anon_thp 308281344
anon 8536850432
anon_thp 41943040
anon 8805285888
anon_thp 310378496
anon 8738603008
anon_thp 178257920
anon 8885522432
anon_thp 310378496
anon 8885518336
anon_thp 310378496
anon 8902836224
anon_thp 310378496
anon 8902828032
anon_thp 310378496
anon 9305485312
anon_thp 715128832
anon 267603968
anon_thp 37748736
anon 892002304
anon_thp 6291456
anon 1216090112
anon_thp 6291456
anon 1318735872
anon_thp 6291456
anon 1412452352
anon_thp 6291456
anon 1493725184
anon_thp 6291456
