anon 901120
anon_thp 0
anon 214437888
anon_thp 6291456
anon 540811264
anon_thp 6291456
anon 879292416
anon_thp 6291456
anon 1198415872
anon_thp 6291456
anon 1525227520
anon_thp 6291456
anon 1841999872
anon_thp 6291456
anon 2157019136
anon_thp 6291456
anon 2473574400
anon_thp 6291456
anon 2788823040
anon_thp 6291456
anon 3100729344
anon_thp 6291456
anon 3416924160
anon_thp 6291456
anon 3726848000
anon_thp 6291456
anon 4044226560
anon_thp 6291456
anon 4365488128
anon_thp 6291456
anon 4685262848
anon_thp 6291456
anon 4999421952
anon_thp 6291456
anon 5317787648
anon_thp 6291456
anon 5571899392
anon_thp 6291456
anon 5572169728
anon_thp 6291456
anon 5574008832
anon_thp 6291456
anon 5574197248
anon_thp 6291456
anon 5575409664
anon_thp 6291456
anon 5575565312
anon_thp 6291456
anon 5576482816
anon_thp 6291456
anon 5576667136
anon_thp 6291456
anon 5577510912
anon_thp 6291456
anon 4579205120
anon_thp 6291456
anon 380624896
anon_thp 39845888
anon 758906880
anon_thp 83886080
anon 1146425344
anon_thp 165675008
anon 1419358208
anon_thp 125829120
anon 207622144
anon_thp 71303168
anon 609730560
anon_thp 71303168
anon 998023168
anon_thp 71303168
anon 1402179584
anon_thp 71303168
anon 2190909440
anon_thp 274726912
anon 3505299456
anon_thp 274726912
anon 4802396160
anon_thp 274726912
anon 6103838720
anon_thp 274726912
anon 6778990592
anon_thp 71303168
anon 7010586624
anon_thp 274726912
anon 7032090624
anon_thp 274726912
anon 6845640704
anon_thp 71303168
anon 7049523200
anon_thp 274726912
anon 7055740928
anon_thp 274726912
anon 6790299648
anon_thp 6291456
anon 7058935808
anon_thp 274726912
anon 1923452928
anon_thp 6291456
anon 1695629312
anon_thp 289406976
anon 2111938560
anon_thp 289406976
anon 2521759744
anon_thp 289406976
anon 3012526080
anon_thp 289406976
anon 3500826624
anon_thp 289406976
anon 3991748608
anon_thp 289406976
anon 4475170816
anon_thp 289406976
anon 4971810816
anon_thp 289406976
anon 5411131392
anon_thp 157286400
anon 5594988544
anon_thp 289406976
anon 5675220992
anon_thp 293601280
anon 5675216896
anon_thp 293601280
anon 5696536576
anon_thp 293601280
anon 5696532480
anon_thp 293601280
anon 5744525312
anon_thp 293601280
anon 5420941312
anon_thp 27262976
anon 5792247808
anon_thp 308281344
anon 139423744
anon_thp 6291456
anon 2306232320
anon_thp 140509184
anon 3705901056
anon_thp 153092096
anon 5051944960
anon_thp 153092096
anon 6415212544
anon_thp 153092096
anon 7735701504
anon_thp 153092096
anon 7963090944
anon_thp 167772160
anon 7830814720
anon_thp 35651584
anon 8009297920
anon_thp 182452224
anon 7876448256
anon_thp 50331648
anon 8032608256
anon_thp 197132288
anon 7900164096
anon_thp 65011712
anon 8058822656
anon_thp 209715200
anon 7980171264
anon_thp 132120576
anon 8078618624
anon_thp 224395264
anon 8078614528
anon_thp 224395264
anon 460935168
anon_thp 6291456
anon 4986937344
anon_thp 6291456
anon 5107253248
anon_thp 6291456
anon 5108043776
anon_thp 6291456
anon 885850112
anon_thp 6291456
anon 5400780800
anon_thp 6291456
anon 8680509440
anon_thp 306184192
anon 9307627520
anon_thp 20971520
anon 9683623936
anon_thp 320864256
anon 9386975232
anon_thp 20971520
anon 9414987776
anon_thp 35651584
anon 9723457536
anon_thp 335544320
anon 9435000832
anon_thp 46137344
anon 9454645248
anon_thp 58720256
anon 9757310976
anon_thp 358612992
anon 2546491392
anon_thp 41943040
anon 967065600
anon_thp 6291456
anon 2316713984
anon_thp 6291456
anon 3674820608
anon_thp 6291456
anon 5030449152
anon_thp 6291456
anon 6395527168
anon_thp 6291456
anon 7722393600
anon_thp 6291456
anon 9237008384
anon_thp 71303168
anon 9667461120
anon_thp 10485760
anon 9738932224
anon_thp 48234496
anon 9717673984
anon_thp 16777216
anon 9731141632
anon_thp 20971520
anon 9802203136
anon_thp 85983232
anon 9745203200
anon_thp 27262976
anon 9814847488
anon_thp 92274688
anon 9755619328
anon_thp 29360128
anon 9761492992
anon_thp 29360128
anon 84549632
anon_thp 6291456
anon 2627579904
anon_thp 6291456
anon 7442759680
anon_thp 3286237184
anon 8621633536
anon_thp 4462739456
anon 9998487552
anon_thp 4462739456
anon 12053835776
anon_thp 4462739456
anon 14024835072
anon_thp 4462739456
anon 16012087296
anon_thp 4462739456
anon 18013782016
anon_thp 4462739456
anon 15631851520
anon_thp 1900019712
anon 18131034112
anon_thp 4376756224
anon 18147434496
anon_thp 4376756224
anon 18148192256
anon_thp 4376756224
anon 18148573184
anon_thp 4376756224
anon 13639348224
anon_thp 31457280
anon 16290897920
anon_thp 2589982720
anon 18175315968
anon_thp 4473225216
anon 18192293888
anon_thp 4473225216
anon 18192760832
anon_thp 4473225216
anon 18192883712
anon_thp 4473225216
anon 14027042816
anon_thp 44040192
anon 17468149760
anon_thp 3730833408
anon 18213683200
anon_thp 4475322368
anon 18230853632
anon_thp 4475322368
anon 18231398400
anon_thp 4475322368
anon 18231582720
anon_thp 4475322368
anon 13939265536
anon_thp 203423744
anon 18223464448
anon_thp 4498391040
anon 18223501312
anon_thp 4498391040
anon 18240585728
anon_thp 4498391040
anon 18240720896
anon_thp 4498391040
anon 13813587968
anon_thp 69206016
anon 15934279680
anon_thp 2168455168
anon 18238046208
anon_thp 4471128064
anon 18254929920
anon_thp 4471128064
anon 18255589376
anon_thp 4471128064
anon 18255753216
anon_thp 4471128064
anon 13150351360
anon_thp 41943040
anon 95170560
anon_thp 6291456
anon 1919680512
anon_thp 140509184
anon 2689785856
anon_thp 140509184
anon 3452641280
anon_thp 140509184
anon 4833669120
anon_thp 6291456
anon 7211380736
anon_thp 6291456
anon 9439195136
anon_thp 6291456
anon 10329976832
anon_thp 140509184
anon 10488393728
anon_thp 140509184
anon 10581839872
anon_thp 140509184
anon 10682466304
anon_thp 140509184
anon 10687295488
anon_thp 140509184
anon 10687774720
anon_thp 140509184
anon 10569256960
anon_thp 6291456
anon 10569646080
anon_thp 6291456
anon 10569641984
anon_thp 6291456
anon 10579742720
anon_thp 6291456
anon 10580447232
anon_thp 6291456
anon 10580447232
anon_thp 6291456
anon 10717937664
anon_thp 140509184
anon 10717949952
anon_thp 140509184
anon 10717954048
anon_thp 140509184
anon 10547249152
anon_thp 6291456
anon 32235520
anon_thp 6291456
anon 1189183488
anon_thp 6291456
anon 27873280
anon_thp 6291456
anon 3682410496
anon_thp 6291456
anon 5903544320
anon_thp 6291456
anon 5996441600
anon_thp 73400320
anon 5930926080
anon_thp 6291456
anon 5932199936
anon_thp 6291456
anon 5932814336
anon_thp 6291456
anon 6000472064
anon_thp 73400320
anon 6000902144
anon_thp 6291456
anon 2329108480
anon_thp 6291456
anon 1080311808
anon_thp 274726912
anon 1888161792
anon_thp 274726912
anon 2744717312
anon_thp 274726912
anon 3613466624
anon_thp 274726912
anon 4503388160
anon_thp 274726912
anon 5366718464
anon_thp 274726912
anon 6220001280
anon_thp 274726912
anon 7098593280
anon_thp 274726912
anon 7681781760
anon_thp 358612992
anon 7733006336
anon_thp 352321536
anon 7928045568
anon_thp 352321536
anon 8106795008
anon_thp 352321536
anon 8249208832
anon_thp 352321536
anon 8460423168
anon_thp 352321536
anon 8603922432
anon_thp 408944640
anon 8549502976
anon_thp 398458880
anon 8552775680
anon_thp 398458880
anon 8552808448
anon_thp 398458880
anon 8569147392
anon_thp 398458880
anon 8684367872
anon_thp 419430400
anon 8650936320
anon_thp 406847488
anon 8651284480
anon_thp 406847488
anon 8652144640
anon_thp 406847488
anon 8658952192
anon_thp 406847488
anon 8735068160
anon_thp 406847488
anon 8818921472
anon_thp 427819008
anon 8783908864
anon_thp 415236096
anon 8784093184
anon_thp 415236096
anon 8784089088
anon_thp 415236096
anon 8785022976
anon_thp 415236096
anon 8837816320
anon_thp 427819008
anon 8804282368
anon_thp 415236096
anon 8804286464
anon_thp 415236096
anon 8804282368
anon_thp 415236096
anon 8804282368
anon_thp 415236096
anon 8848760832
anon_thp 427819008
anon 6389465088
anon_thp 134217728
anon 1775423488
anon_thp 543162368
anon 5892562944
anon_thp 543162368
anon 7785525248
anon_thp 543162368
anon 7823900672
anon_thp 543162368
anon 7836000256
anon_thp 543162368
anon 7844495360
anon_thp 543162368
anon 7852941312
anon_thp 543162368
anon 4390457344
anon_thp 6291456
anon 2755313664
anon_thp 6291456
anon 6775554048
anon_thp 6291456
anon 7490719744
anon_thp 20971520
anon 7558287360
anon_thp 29360128
anon 7577038848
anon_thp 31457280
anon 7587983360
anon_thp 31457280
anon 3897896960
anon_thp 25165824
anon 1315164160
anon_thp 73400320
anon 2293170176
anon_thp 73400320
anon 2528288768
anon_thp 73400320
anon 2611945472
anon_thp 73400320
anon 2673565696
anon_thp 73400320
anon 2693898240
anon_thp 73400320
anon 1576181760
anon_thp 6291456
anon 3303354368
anon_thp 6291456
anon 5615116288
anon_thp 20971520
anon 5663363072
anon_thp 20971520
anon 5667545088
anon_thp 20971520
anon 5672353792
anon_thp 20971520
anon 5692899328
anon_thp 35651584
anon 5696618496
anon_thp 35651584
anon 5717139456
anon_thp 35651584
anon 5737033728
anon_thp 50331648
anon 1572769792
anon_thp 20971520
anon 4641882112
anon_thp 20971520
anon 7170867200
anon_thp 20971520
anon 8865767424
anon_thp 228589568
anon 8905936896
anon_thp 228589568
anon 8871546880
anon_thp 197132288
anon 9065545728
anon_thp 419430400
anon 8811663360
anon_thp 150994944
anon 8898523136
anon_thp 150994944
anon 9635389440
anon_thp 150994944
anon 10579472384
anon_thp 306184192
anon 10619600896
anon_thp 306184192
anon 10502914048
anon_thp 373293056
anon 10272722944
anon_thp 188743680
anon 10229166080
anon_thp 176160768
anon 10442997760
anon_thp 176160768
anon 10937245696
anon_thp 333447168
anon 10967490560
anon_thp 333447168
anon 10783186944
anon_thp 444596224
anon 10514984960
anon_thp 176160768
anon 10516414464
anon_thp 176160768
anon 10605187072
anon_thp 176160768
anon 10987765760
anon_thp 333447168
anon 11011739648
anon_thp 333447168
anon 10917466112
anon_thp 459276288
anon 10649157632
anon_thp 190840832
anon 10649165824
anon_thp 190840832
anon 10792349696
anon_thp 190840832
anon 11019902976
anon_thp 337641472
anon 11033354240
anon_thp 337641472
anon 10966609920
anon_thp 473956352
anon 10674839552
anon_thp 190840832
anon 10674835456
anon_thp 190840832
anon 11027578880
anon_thp 350224384
anon 11076313088
anon_thp 350224384
anon 11093344256
anon_thp 350224384
anon 11051954176
anon_thp 473956352
anon 10701377536
anon_thp 205520896
anon 1777160192
anon_thp 50331648
anon 2705739776
anon_thp 6291456
anon 6576902144
anon_thp 6291456
anon 8564924416
anon_thp 20971520
anon 8569397248
anon_thp 20971520
anon 8572268544
anon_thp 20971520
anon 8574734336
anon_thp 20971520
anon 8576856064
anon_thp 20971520
anon 7240933376
anon_thp 20971520
anon 881610752
anon_thp 6291456
anon 4888567808
anon_thp 6291456
anon 8091807744
anon_thp 8388608
anon 8186327040
anon_thp 33554432
anon 8219488256
anon_thp 33554432
anon 8257998848
anon_thp 33554432
anon 8304058368
anon_thp 35651584
anon 8315527168
anon_thp 35651584
anon 8331546624
anon_thp 35651584
anon 8346898432
anon_thp 35651584
anon 5456318464
anon_thp 35651584
anon 1437003776
anon_thp 6291456
anon 5764722688
anon_thp 6291456
anon 7302569984
anon_thp 276824064
anon 7951953920
anon_thp 146800640
anon 7952203776
anon_thp 146800640
anon 7980707840
anon_thp 146800640
anon 8167436288
anon_thp 278921216
anon 8195047424
anon_thp 278921216
anon 7964442624
anon_thp 12582912
anon 8250929152
anon_thp 283115520
anon 8339972096
anon_thp 150994944
anon 8515461120
anon_thp 283115520
anon 8515461120
anon_thp 283115520
anon 8527974400
anon_thp 283115520
anon 8531099648
anon_thp 283115520
anon 8847536128
anon_thp 595591168
anon 8269991936
anon_thp 16777216
anon 8556859392
anon_thp 285212672
anon 8643072000
anon_thp 283115520
anon 8643072000
anon_thp 283115520
anon 8656457728
anon_thp 283115520
anon 8656465920
anon_thp 283115520
anon 8657096704
anon_thp 283115520
anon 8383082496
anon_thp 16777216
anon 8652722176
anon_thp 285212672
anon 8655622144
anon_thp 171966464
anon 8655626240
anon_thp 171966464
anon 8521424896
anon_thp 37748736
anon 8657145856
anon_thp 171966464
anon 8657141760
anon_thp 171966464
anon 8480043008
anon_thp 18874368
anon 8748507136
anon_thp 287309824
anon 8690479104
anon_thp 155189248
anon 8858312704
anon_thp 287309824
anon 8858316800
anon_thp 287309824
anon 8859643904
anon_thp 287309824
anon 8859910144
anon_thp 287309824
anon 9137078272
anon_thp 566231040
anon 8579280896
anon_thp 18874368
anon 8870428672
anon_thp 287309824
anon 8952709120
anon_thp 301989888
anon 8952705024
anon_thp 301989888
anon 8958132224
anon_thp 301989888
anon 8958132224
anon_thp 301989888
anon 8958738432
anon_thp 301989888
anon 4559503360
anon_thp 31457280
anon 565174272
anon_thp 6291456
anon 1249075200
anon_thp 6291456
anon 1354469376
anon_thp 6291456
anon 1416007680
anon_thp 6291456
anon 1465221120
anon_thp 6291456
anon 1515208704
anon_thp 6291456
