hot 2475 warm 0 cold 0
hot 2686 warm 106 cold 0
hot 2772 warm 63 cold 0
hot 2848 warm 20 cold 0
hot 2909 warm 0 cold 0
hot 2985 warm 0 cold 0
hot 3050 warm 0 cold 0
hot 3111 warm 0 cold 0
hot 3186 warm 0 cold 0
hot 3253 warm 0 cold 0
hot 3304 warm 4568 cold 0
hot 3373 warm 4524 cold 0
hot 3441 warm 4480 cold 0
hot 3497 warm 4436 cold 0
hot 3569 warm 4392 cold 0
hot 3632 warm 4348 cold 0
hot 3695 warm 4304 cold 0
hot 3754 warm 4260 cold 0
hot 3995 warm 4216 cold 0
hot 4192 warm 4173 cold 0
hot 4408 warm 4129 cold 0
hot 4598 warm 4085 cold 0
hot 4817 warm 4042 cold 0
hot 5079 warm 3998 cold 0
hot 5266 warm 3955 cold 0
hot 5482 warm 3911 cold 0
hot 5659 warm 3868 cold 0
hot 4462 warm 3697 cold 0
hot 4691 warm 2766 cold 0
hot 20098 warm 0 cold 0
hot 18813 warm 0 cold 0
hot 34254 warm 0 cold 0
hot 18408 warm 0 cold 0
hot 19746 warm 0 cold 0
hot 21017 warm 0 cold 0
hot 49872 warm 0 cold 0
hot 51588 warm 0 cold 0
hot 52771 warm 136 cold 0
hot 53865 warm 219 cold 0
hot 25760 warm 0 cold 0
hot 64876 warm 0 cold 0
hot 32171 warm 0 cold 0
hot 82226 warm 0 cold 0
hot 84852 warm 0 cold 0
hot 37408 warm 0 cold 0
hot 87678 warm 0 cold 0
hot 89498 warm 0 cold 0
hot 19120 warm 0 cold 0
hot 71666 warm 0 cold 0
hot 74487 warm 0 cold 0
hot 75710 warm 0 cold 0
hot 76281 warm 0 cold 0
hot 76616 warm 0 cold 0
hot 76906 warm 0 cold 0
hot 77130 warm 15 cold 0
hot 77345 warm 0 cold 0
hot 46904 warm 0 cold 0
hot 81358 warm 0 cold 0
hot 67128 warm 0 cold 0
hot 70904 warm 0 cold 0
hot 74550 warm 0 cold 0
hot 33043 warm 0 cold 0
hot 82586 warm 0 cold 0
hot 73996 warm 0 cold 0
hot 90282 warm 0 cold 0
hot 8375 warm 0 cold 0
hot 47117 warm 0 cold 0
hot 47411 warm 0 cold 0
hot 47679 warm 0 cold 0
hot 47933 warm 0 cold 0
hot 15422 warm 0 cold 0
hot 54059 warm 0 cold 0
hot 38404 warm 0 cold 0
hot 60519 warm 0 cold 0
hot 45060 warm 0 cold 0
hot 67738 warm 0 cold 0
hot 51923 warm 0 cold 0
hot 73551 warm 0 cold 0
hot 58027 warm 0 cold 0
hot 79998 warm 0 cold 0
hot 80554 warm 0 cold 0
hot 4755 warm 0 cold 106
hot 5139 warm 0 cold 63
hot 5590 warm 20 cold 0
hot 5884 warm 0 cold 0
hot 6278 warm 106 cold 0
hot 7655 warm 63 cold 0
hot 73636 warm 0 cold 0
hot 15643 warm 0 cold 0
hot 92679 warm 0 cold 0
hot 23911 warm 0 cold 0
hot 31495 warm 0 cold 0
hot 108975 warm 0 cold 0
hot 37961 warm 0 cold 0
hot 42249 warm 0 cold 0
hot 119272 warm 0 cold 0
hot 18599 warm 0 cold 0
hot 5212 warm 0 cold 106
hot 5578 warm 0 cold 64
hot 5922 warm 0 cold 21
hot 6214 warm 0 cold 0
hot 6532 warm 0 cold 0
hot 6789 warm 0 cold 0
hot 23798 warm 0 cold 0
hot 9078 warm 0 cold 0
hot 10486 warm 0 cold 0
hot 11806 warm 0 cold 0
hot 13352 warm 0 cold 0
hot 31082 warm 0 cold 0
hot 16361 warm 0 cold 0
hot 17914 warm 0 cold 0
hot 35571 warm 0 cold 0
hot 15469 warm 0 cold 0
hot 5843 warm 0 cold 106
hot 5977 warm 0 cold 0
hot 917335 warm 0 cold 0
hot 967625 warm 0 cold 0
hot 970052 warm 0 cold 0
hot 972201 warm 0 cold 0
hot 974566 warm 0 cold 0
hot 976869 warm 0 cold 0
hot 978903 warm 0 cold 0
hot 23929 warm 0 cold 0
hot 52575 warm 0 cold 11
hot 1014623 warm 0 cold 0
hot 1024118 warm 0 cold 0
hot 1026117 warm 0 cold 0
hot 1028054 warm 0 cold 0
hot 31674 warm 0 cold 0
hot 61684 warm 0 cold 0
hot 1019933 warm 380 cold 0
hot 1029519 warm 0 cold 0
hot 1035152 warm 0 cold 0
hot 1040488 warm 0 cold 0
hot 46288 warm 0 cold 0
hot 972827 warm 0 cold 0
hot 1057963 warm 0 cold 0
hot 1065965 warm 0 cold 0
hot 1071179 warm 0 cold 0
hot 1075730 warm 0 cold 0
hot 1076810 warm 0 cold 0
hot 78914 warm 0 cold 0
hot 356375 warm 0 cold 0
hot 1073081 warm 0 cold 0
hot 1080201 warm 0 cold 0
hot 1087083 warm 0 cold 0
hot 82791 warm 0 cold 0
hot 106643 warm 0 cold 0
hot 1112367 warm 0 cold 0
hot 1125359 warm 0 cold 0
hot 1132069 warm 0 cold 0
hot 1138654 warm 0 cold 0
hot 77397 warm 0 cold 0
hot 5205 warm 0 cold 0
hot 38981 warm 107 cold 0
hot 39742 warm 64 cold 0
hot 40426 warm 21 cold 0
hot 13610 warm 0 cold 0
hot 17186 warm 0 cold 0
hot 20389 warm 0 cold 0
hot 59398 warm 0 cold 0
hot 63080 warm 0 cold 0
hot 65967 warm 0 cold 0
hot 72286 warm 0 cold 0
hot 75632 warm 0 cold 0
hot 48052 warm 0 cold 109
hot 46902 warm 0 cold 208
hot 83176 warm 0 cold 0
hot 86381 warm 0 cold 0
hot 89201 warm 0 cold 0
hot 95244 warm 0 cold 0
hot 98766 warm 0 cold 0
hot 101583 warm 0 cold 0
hot 106587 warm 0 cold 0
hot 80407 warm 0 cold 0
hot 86297 warm 0 cold 0
hot 58358 warm 0 cold 0
hot 8072 warm 0 cold 0
hot 4991 warm 0 cold 74
hot 2914 warm 0 cold 0
hot 2655 warm 0 cold 106
hot 19051 warm 0 cold 0
hot 19347 warm 0 cold 0
hot 3705 warm 0 cold 0
hot 4148 warm 0 cold 0
hot 4547 warm 0 cold 0
hot 4902 warm 0 cold 0
hot 21114 warm 0 cold 0
hot 69723 warm 0 cold 106
hot 73713 warm 0 cold 63
hot 77405 warm 0 cold 20
hot 80759 warm 0 cold 0
hot 84184 warm 0 cold 0
hot 87478 warm 0 cold 0
hot 91259 warm 0 cold 0
hot 94269 warm 0 cold 0
hot 99064 warm 0 cold 0
hot 101279 warm 0 cold 0
hot 110212 warm 0 cold 0
hot 118180 warm 0 cold 0
hot 124758 warm 0 cold 0
hot 130169 warm 0 cold 0
hot 137080 warm 0 cold 0
hot 141284 warm 0 cold 0
hot 145803 warm 0 cold 0
hot 149626 warm 0 cold 0
hot 152825 warm 0 cold 0
hot 158738 warm 0 cold 0
hot 160623 warm 0 cold 0
hot 162825 warm 0 cold 0
hot 164623 warm 0 cold 0
hot 166254 warm 0 cold 0
hot 169186 warm 0 cold 0
hot 171928 warm 0 cold 0
hot 173458 warm 0 cold 0
hot 174860 warm 0 cold 0
hot 176215 warm 0 cold 0
hot 178712 warm 0 cold 0
hot 181453 warm 0 cold 0
hot 182718 warm 0 cold 0
hot 183882 warm 0 cold 0
hot 184959 warm 0 cold 0
hot 185771 warm 0 cold 0
hot 190097 warm 0 cold 0
hot 2475 warm 0 cold 0
hot 135655 warm 0 cold 0
hot 136498 warm 0 cold 0
hot 140862 warm 0 cold 0
hot 141571 warm 0 cold 0
hot 141706 warm 0 cold 0
hot 21058 warm 0 cold 0
hot 21778 warm 0 cold 0
hot 4476 warm 0 cold 108
hot 4978 warm 0 cold 66
hot 7119 warm 0 cold 22
hot 9824 warm 0 cold 0
hot 12594 warm 0 cold 0
hot 15650 warm 0 cold 0
hot 16449 warm 0 cold 0
hot 20647 warm 0 cold 0
hot 16759 warm 0 cold 107
hot 28735 warm 0 cold 0
hot 39452 warm 0 cold 0
hot 49002 warm 0 cold 0
hot 56108 warm 0 cold 0
hot 63938 warm 0 cold 0
hot 5171 warm 107 cold 0
hot 5555 warm 65 cold 0
hot 6291 warm 22 cold 0
hot 8798 warm 0 cold 0
hot 8794 warm 0 cold 0
hot 10326 warm 0 cold 0
hot 12370 warm 0 cold 0
hot 13902 warm 0 cold 0
hot 13898 warm 0 cold 0
hot 6448 warm 106 cold 0
hot 8405 warm 63 cold 0
hot 10181 warm 32 cold 0
hot 17090 warm 0 cold 0
hot 23466 warm 0 cold 0
hot 29828 warm 0 cold 0
hot 96179 warm 0 cold 0
hot 30870 warm 0 cold 0
hot 32266 warm 0 cold 0
hot 33439 warm 0 cold 0
hot 43050 warm 0 cold 0
hot 51410 warm 0 cold 0
hot 124243 warm 0 cold 0
hot 59122 warm 0 cold 0
hot 60079 warm 0 cold 0
hot 63037 warm 0 cold 0
hot 74926 warm 0 cold 0
hot 83440 warm 0 cold 0
hot 86144 warm 0 cold 0
hot 86965 warm 0 cold 0
hot 87821 warm 0 cold 0
hot 91671 warm 0 cold 0
hot 100022 warm 0 cold 0
hot 171089 warm 0 cold 0
hot 105687 warm 0 cold 0
hot 106550 warm 0 cold 0
hot 107376 warm 0 cold 0
hot 113349 warm 0 cold 0
hot 119264 warm 0 cold 0
hot 122870 warm 0 cold 0
hot 123239 warm 0 cold 0
hot 123883 warm 0 cold 0
hot 126751 warm 0 cold 0
hot 133083 warm 0 cold 0
hot 140096 warm 0 cold 0
hot 141100 warm 0 cold 0
hot 27573 warm 0 cold 0
hot 3455 warm 0 cold 107
hot 3858 warm 0 cold 64
hot 4293 warm 0 cold 20
hot 4924 warm 0 cold 0
hot 5558 warm 0 cold 0
hot 6255 warm 0 cold 0
hot 6815 warm 0 cold 0
hot 8468 warm 0 cold 0
hot 4066 warm 0 cold 106
hot 6155 warm 0 cold 62
hot 7885 warm 0 cold 18
hot 12477 warm 0 cold 0
hot 18054 warm 0 cold 0
hot 21426 warm 0 cold 0
hot 29414 warm 0 cold 0
hot 30526 warm 0 cold 0
hot 32430 warm 0 cold 0
hot 34679 warm 0 cold 0
hot 8014 warm 0 cold 106
hot 10376 warm 0 cold 63
hot 79133 warm 0 cold 0
hot 83994 warm 0 cold 0
hot 89016 warm 0 cold 0
hot 93255 warm 0 cold 0
hot 96016 warm 0 cold 0
hot 192260 warm 0 cold 0
hot 35729 warm 0 cold 0
hot 104751 warm 0 cold 0
hot 108569 warm 0 cold 0
hot 111519 warm 0 cold 0
hot 114335 warm 0 cold 0
hot 118657 warm 0 cold 0
hot 88085 warm 0 cold 0
hot 57756 warm 0 cold 0
hot 125424 warm 0 cold 0
hot 127575 warm 0 cold 0
hot 129849 warm 0 cold 0
hot 131799 warm 0 cold 0
hot 135186 warm 0 cold 0
hot 136745 warm 0 cold 0
hot 73446 warm 0 cold 0
hot 140873 warm 0 cold 0
hot 142551 warm 0 cold 0
hot 143696 warm 0 cold 0
hot 112749 warm 0 cold 0
hot 146313 warm 0 cold 0
hot 114869 warm 0 cold 0
hot 83932 warm 0 cold 0
hot 151893 warm 0 cold 0
hot 157517 warm 0 cold 0
hot 159275 warm 0 cold 0
hot 161223 warm 0 cold 0
hot 164829 warm 0 cold 0
hot 166241 warm 0 cold 0
hot 100153 warm 0 cold 0
hot 168536 warm 0 cold 0
hot 171264 warm 0 cold 0
hot 175385 warm 0 cold 0
hot 145248 warm 0 cold 0
hot 181476 warm 0 cold 0
hot 183296 warm 0 cold 0
hot 111169 warm 0 cold 0
hot 6730 warm 0 cold 0
hot 21694 warm 107 cold 0
hot 34354 warm 0 cold 0
hot 46933 warm 0 cold 0
hot 56367 warm 0 cold 0
hot 68300 warm 0 cold 0
