pgmigrate_success 39763478
pgmigrate_fail 26329
thp_migration_success 47542
thp_migration_fail 10
thp_migration_split 0
thp_fault_alloc 74121
thp_fault_fallback 1077
thp_fault_fallback_charge 0
thp_collapse_alloc 82
thp_collapse_alloc_failed 0
thp_file_alloc 0
thp_file_fallback 0
thp_file_fallback_charge 0
thp_file_mapped 0
thp_split_page 81
thp_split_page_failed 0
thp_deferred_split_page 312
thp_split_pmd 388
thp_split_pud 0
thp_zero_page_alloc 0
thp_zero_page_alloc_failed 0
thp_swpout 0
thp_swpout_fallback 0
htmm_nr_promoted 27920472
htmm_nr_demoted 8484056
htmm_nr_sampled 0
htmm_missed_dramread 0
htmm_missed_nvmread 0
htmm_missed_write 0
htmm_alloc_dram 118150889
htmm_alloc_nvm 0
