anon 937984
anon_thp 0
anon 170135552
anon_thp 167772160
anon 241434624
anon_thp 239075328
anon 409210880
anon_thp 406847488
anon 526647296
anon_thp 524288000
anon 665063424
anon_thp 662700032
anon 866394112
anon_thp 864026624
anon 1036259328
anon_thp 1033895936
anon 1242279936
anon_thp 1237319680
anon 1454096384
anon_thp 1449132032
anon 1558949888
anon_thp 1553989632
anon 1760276480
anon_thp 1755316224
anon 1902886912
anon_thp 1897922560
anon 1963700224
anon_thp 1958739968
anon 2171318272
anon_thp 2166358016
anon 2259398656
anon_thp 2254438400
anon 2334896128
anon_thp 2329935872
anon 2548805632
anon_thp 2543845376
anon 2735452160
anon_thp 2730491904
anon 2838208512
anon_thp 2833252352
anon 3052122112
anon_thp 3047161856
anon 3127619584
anon_thp 3122659328
anon 3331043328
anon_thp 3326083072
anon 3544956928
anon_thp 3539992576
anon 3618349056
anon_thp 3613392896
anon 3786125312
anon_thp 3781165056
anon 3997937664
anon_thp 3992977408
anon 4062945280
anon_thp 4057989120
anon 4081827840
anon_thp 4076863488
anon 4104896512
anon_thp 4099932160
anon 4293636096
anon_thp 4288675840
anon 4505452544
anon_thp 4500488192
anon 4562067456
anon_thp 4557111296
anon 4614500352
anon_thp 4609540096
anon 4817928192
anon_thp 4812963840
anon 4962627584
anon_thp 4957667328
anon 5174444032
anon_thp 5169479680
anon 5386256384
anon_thp 5381292032
anon 5518372864
anon_thp 5513412608
anon 5732282368
anon_thp 5727322112
anon 5887475712
anon_thp 5882511360
anon 6055243776
anon_thp 6050283520
anon 6269153280
anon_thp 6264193024
anon 6374010880
anon_thp 6369050624
anon 6560657408
anon_thp 6555697152
anon 6774566912
anon_thp 6769606656
anon 6984282112
anon_thp 6979321856
anon 7185604608
anon_thp 7180648448
anon 7389028352
anon_thp 7384072192
anon 7598743552
anon_thp 7593787392
anon 7797977088
anon_thp 7793016832
anon 8007692288
anon_thp 8002732032
anon 8162877440
anon_thp 8157921280
anon 8345333760
anon_thp 8340373504
anon 8542466048
anon_thp 8537505792
anon 8739598336
anon_thp 8734638080
anon 8888496128
anon_thp 8883535872
anon 9073045504
anon_thp 9068085248
anon 9240817664
anon_thp 9235857408
anon 9433755648
anon_thp 9428795392
anon 9630887936
anon_thp 9625927680
anon 9832210432
anon_thp 9827254272
anon 9964331008
anon_thp 9959374848
anon 10096455680
anon_thp 10091495424
anon 10232770560
anon_thp 10227810304
anon 10320846848
anon_thp 10315890688
anon 10438287360
anon_thp 10433331200
anon 10635427840
anon_thp 10630463488
anon 10746572800
anon_thp 10741612544
anon 10899668992
anon_thp 10894704640
anon 10916442112
anon_thp 10911481856
anon 11075825664
anon_thp 11070865408
anon 11149230080
anon_thp 11144265728
anon 11358945280
anon_thp 11353980928
anon 11564462080
anon_thp 11559501824
anon 11774173184
anon_thp 11769217024
anon 11799343104
anon_thp 11794382848
anon 11807735808
anon_thp 11802771456
anon 11845484544
anon_thp 11840520192
anon 12006961152
anon_thp 12002000896
anon 12189409280
anon_thp 12184453120
anon 12397031424
anon_thp 12392071168
anon 12592066560
anon_thp 12587106304
anon 12749357056
anon_thp 12744392704
anon 12954873856
anon_thp 12949913600
anon 13162496000
anon_thp 13157531648
anon 13227503616
anon_thp 13222543360
anon 13382692864
anon_thp 13377732608
anon 13592408064
anon_thp 13587447808
anon 13793738752
anon_thp 13788774400
anon 13942632448
anon_thp 13937672192
anon 14049587200
anon_thp 14044626944
anon 14221553664
anon_thp 14216593408
anon 14418681856
anon_thp 14413725696
anon 14569680896
anon_thp 14564720640
anon 14735355904
anon_thp 14730395648
anon 14936682496
anon_thp 14931722240
anon 15119134720
anon_thp 15114174464
anon 15324655616
anon_thp 15319695360
anon 15530176512
anon_thp 15525216256
anon 15737794560
anon_thp 15732834304
anon 15932833792
anon_thp 15927869440
anon 16115286016
anon_thp 16110321664
anon 16205459456
anon_thp 16200499200
anon 16289341440
anon_thp 16284385280
anon 16457117696
anon_thp 16452157440
anon 16626991104
anon_thp 16622026752
anon 16832503808
anon_thp 16827547648
anon 17023344640
anon_thp 17018388480
anon 17195315200
anon_thp 17190354944
anon 17310662656
anon_thp 17305698304
anon 17436483584
anon_thp 17431527424
anon 17631522816
anon_thp 17626562560
anon 17793007616
anon_thp 17788043264
anon 18242433024
anon_thp 18234736640
anon 19841495040
anon_thp 19830669312
anon 20692529152
anon_thp 20675821568
anon 20740763648
anon_thp 20724056064
anon 20799475712
anon_thp 20782776320
anon 20835127296
anon_thp 20818427904
anon 20858195968
anon_thp 20841496576
anon 20872884224
anon_thp 20856176640
anon 20885458944
anon_thp 20868759552
anon 20893851648
anon_thp 20877148160
anon 20893847552
anon_thp 20877148160
anon 20898045952
anon_thp 20881342464
anon 20898045952
anon_thp 20881342464
anon 20895944704
anon_thp 20879245312
anon 20895948800
anon_thp 20879245312
anon 20898045952
anon_thp 20881342464
anon 20898050048
anon_thp 20881342464
anon 19632889856
anon_thp 19620954112
anon 20682039296
anon_thp 20665335808
anon 20726079488
anon_thp 20709376000
anon 20757532672
anon_thp 20740833280
anon 20782702592
anon_thp 20765999104
anon 20828839936
anon_thp 20812136448
anon 20854005760
anon_thp 20837302272
anon 20870787072
anon_thp 20854079488
anon 20885463040
anon_thp 20868759552
anon 20893847552
anon_thp 20877148160
anon 20824227840
anon_thp 20807942144
anon 20898041856
anon_thp 20881342464
anon 20898045952
anon_thp 20881342464
anon 20898050048
anon_thp 20881342464
anon 20898045952
anon_thp 20881342464
anon 18986012672
anon_thp 18975031296
anon 20665262080
anon_thp 20648558592
anon 20723982336
anon_thp 20707278848
anon 20759633920
anon_thp 20742930432
anon 20786896896
anon_thp 20770193408
anon 20803674112
anon_thp 20786970624
anon 20818354176
anon_thp 20801650688
anon 20828839936
anon_thp 20812136448
anon 20839325696
anon_thp 20822622208
anon 20860293120
anon_thp 20843593728
anon 20877070336
anon_thp 20860370944
anon 20889653248
anon_thp 20872953856
anon 20895952896
anon_thp 20879245312
anon 20898045952
anon_thp 20881342464
anon 20898045952
anon_thp 20881342464
anon 20898045952
anon_thp 20881342464
anon 20898050048
anon_thp 20881342464
anon 20898050048
anon_thp 20881342464
anon 20898050048
anon_thp 20881342464
anon 19913908224
anon_thp 19901972480
anon 20694622208
anon_thp 20677918720
anon 20734468096
anon_thp 20717764608
anon 20765929472
anon_thp 20749221888
anon 20786900992
anon_thp 20770193408
anon 20822552576
anon_thp 20805844992
anon 20849811456
anon_thp 20833107968
anon 20870787072
anon_thp 20854079488
anon 20883365888
anon_thp 20866662400
anon 20893851648
anon_thp 20877148160
anon 20585152512
anon_thp 20568866816
anon 20898050048
anon_thp 20881342464
anon 20898050048
anon_thp 20881342464
anon 20893851648
anon_thp 20877148160
anon 20895948800
anon_thp 20879245312
anon 20898045952
anon_thp 20881342464
anon 20046028800
anon_thp 20034093056
anon 20707209216
anon_thp 20690501632
anon 20776411136
anon_thp 20759707648
anon 20812066816
anon_thp 20795359232
anon 20841426944
anon_thp 20824719360
anon 20858204160
anon_thp 20841496576
anon 20872884224
anon_thp 20856176640
anon 20883365888
anon_thp 20866662400
anon 20891754496
anon_thp 20875051008
anon 20898045952
anon_thp 20881342464
anon 20898045952
anon_thp 20881342464
anon 20898045952
anon_thp 20881342464
anon 20898050048
anon_thp 20881342464
anon 20898045952
anon_thp 20881342464
anon 20898045952
anon_thp 20881342464
anon 18629496832
anon_thp 18618515456
anon 20656869376
anon_thp 20640169984
anon 20711399424
anon_thp 20694695936
anon 20770123776
anon_thp 20753416192
anon 20818354176
anon_thp 20801650688
anon 20845613056
anon_thp 20828913664
anon 20864495616
anon_thp 20847788032
anon 20879171584
anon_thp 20862468096
anon 20889657344
anon_thp 20872953856
anon 20895948800
anon_thp 20879245312
anon 20895948800
anon_thp 20879245312
anon 20895944704
anon_thp 20879245312
anon 20898045952
anon_thp 20881342464
anon 20898045952
anon_thp 20881342464
anon 20898050048
anon_thp 20881342464
anon 20898050048
anon_thp 20881342464
anon 19092971520
anon_thp 19081986048
anon 20671553536
anon_thp 20654850048
anon 20734472192
anon_thp 20717764608
anon 20793188352
anon_thp 20776484864
anon 20828844032
anon_thp 20812136448
anon 20849811456
anon_thp 20833107968
anon 20868685824
anon_thp 20851982336
anon 20881268736
anon_thp 20864565248
anon 20889653248
anon_thp 20872953856
anon 20895948800
anon_thp 20879245312
anon 20895948800
anon_thp 20879245312
anon 20898041856
anon_thp 20881342464
anon 20898050048
anon_thp 20881342464
anon 20898050048
anon_thp 20881342464
anon 20898045952
anon_thp 20881342464
anon 18751127552
anon_thp 18740150272
anon 20661071872
anon_thp 20644364288
anon 20732370944
anon_thp 20715667456
anon 20782706688
anon_thp 20765999104
anon 20816252928
anon_thp 20799553536
anon 20839321600
anon_thp 20822622208
anon 20856098816
anon_thp 20839399424
anon 20868689920
anon_thp 20851982336
anon 20879171584
anon_thp 20862468096
anon 20887556096
anon_thp 20870856704
anon 20895944704
anon_thp 20879245312
anon 20898041856
anon_thp 20881342464
anon 20898045952
anon_thp 20881342464
anon 20898045952
anon_thp 20881342464
anon 20898041856
anon_thp 20881342464
anon 20898045952
anon_thp 20881342464
anon 20898045952
anon_thp 20881342464
anon 19712581632
anon_thp 19700645888
anon 20684136448
anon_thp 20667432960
anon 20751241216
anon_thp 20734541824
anon 20801581056
anon_thp 20784873472
anon 20830937088
anon_thp 20814233600
anon 20849815552
anon_thp 20833107968
anon 20866588672
anon_thp 20849885184
anon 20877070336
anon_thp 20860370944
anon 20887560192
anon_thp 20870856704
anon 20895952896
anon_thp 20879245312
anon 20898050048
anon_thp 20881342464
anon 20898045952
anon_thp 20881342464
anon 20898050048
anon_thp 20881342464
anon 20898050048
anon_thp 20881342464
anon 20898045952
anon_thp 20881342464
anon 20898045952
anon_thp 20881342464
anon 19285905408
anon_thp 19274924032
anon 20675747840
anon_thp 20659044352
anon 20751249408
anon_thp 20734541824
anon 20799483904
anon_thp 20782776320
anon 20830937088
anon_thp 20814233600
anon 20849811456
anon_thp 20833107968
anon 20866588672
anon_thp 20849885184
anon 20879175680
anon_thp 20862468096
anon 20887560192
anon_thp 20870856704
anon 20895948800
anon_thp 20879245312
anon 20898045952
anon_thp 20881342464
anon 20898041856
anon_thp 20881342464
anon 20898041856
anon_thp 20881342464
anon 20895952896
anon_thp 20879245312
anon 20898045952
anon_thp 20881342464
anon 20898045952
anon_thp 20881342464
