pgmigrate_success 257384930
pgmigrate_success 257384938
pgmigrate_success 257384940
pgmigrate_success 257384941
pgmigrate_success 257384942
pgmigrate_success 257384943
pgmigrate_success 257384944
pgmigrate_success 257384945
pgmigrate_success 257384946
pgmigrate_success 257384947
pgmigrate_success 257384948
pgmigrate_success 257384949
pgmigrate_success 257384950
pgmigrate_success 257384951
pgmigrate_success 257384952
pgmigrate_success 257384953
pgmigrate_success 257384954
pgmigrate_success 257384955
pgmigrate_success 257384956
pgmigrate_success 257384957
pgmigrate_success 257384958
pgmigrate_success 257384959
pgmigrate_success 257384960
pgmigrate_success 257384961
pgmigrate_success 257384962
pgmigrate_success 257384963
pgmigrate_success 257384964
pgmigrate_success 257384965
pgmigrate_success 257384966
pgmigrate_success 257384967
pgmigrate_success 257384968
pgmigrate_success 257384969
pgmigrate_success 257384970
pgmigrate_success 257384971
pgmigrate_success 257384972
pgmigrate_success 257384973
pgmigrate_success 257384974
pgmigrate_success 257384975
pgmigrate_success 257384976
pgmigrate_success 257384977
pgmigrate_success 257384978
pgmigrate_success 257384979
pgmigrate_success 257384980
pgmigrate_success 257384981
pgmigrate_success 257384982
pgmigrate_success 257384983
pgmigrate_success 257384984
pgmigrate_success 257384985
pgmigrate_success 257384986
pgmigrate_success 257384987
pgmigrate_success 257384988
pgmigrate_success 257384989
pgmigrate_success 257384990
pgmigrate_success 257384991
pgmigrate_success 257384992
pgmigrate_success 257384993
pgmigrate_success 257384994
pgmigrate_success 257384995
pgmigrate_success 257384996
pgmigrate_success 257384997
pgmigrate_success 257384999
pgmigrate_success 257385001
pgmigrate_success 257385002
pgmigrate_success 257385003
pgmigrate_success 257385004
pgmigrate_success 257385005
pgmigrate_success 257385006
pgmigrate_success 257385007
pgmigrate_success 257385008
pgmigrate_success 257385009
pgmigrate_success 257385010
pgmigrate_success 257385011
pgmigrate_success 257385012
pgmigrate_success 257385013
pgmigrate_success 257385014
pgmigrate_success 257385015
pgmigrate_success 257385016
pgmigrate_success 257385017
pgmigrate_success 257385018
pgmigrate_success 257385019
pgmigrate_success 257385020
pgmigrate_success 257385021
pgmigrate_success 257385022
pgmigrate_success 257385023
pgmigrate_success 257385024
pgmigrate_success 257385025
pgmigrate_success 257385026
pgmigrate_success 257385027
pgmigrate_success 257385028
pgmigrate_success 257385029
pgmigrate_success 257385030
pgmigrate_success 257385031
pgmigrate_success 257385032
pgmigrate_success 257385033
pgmigrate_success 257385034
pgmigrate_success 257385035
pgmigrate_success 257385036
pgmigrate_success 257385037
pgmigrate_success 257385038
pgmigrate_success 257385039
pgmigrate_success 257385040
pgmigrate_success 257385041
pgmigrate_success 257385042
pgmigrate_success 257385043
pgmigrate_success 257385044
pgmigrate_success 257385045
pgmigrate_success 257385046
pgmigrate_success 257385047
pgmigrate_success 257385048
pgmigrate_success 257385049
pgmigrate_success 257385050
pgmigrate_success 257385051
pgmigrate_success 257385052
pgmigrate_success 257385053
pgmigrate_success 257402464
pgmigrate_success 257463912
pgmigrate_success 257706093
pgmigrate_success 257825458
pgmigrate_success 257983007
pgmigrate_success 258096492
pgmigrate_success 258096512
pgmigrate_success 258190831
pgmigrate_success 258392198
pgmigrate_success 258499306
pgmigrate_success 258648308
pgmigrate_success 258787092
pgmigrate_success 258798359
pgmigrate_success 258798359
pgmigrate_success 258798359
pgmigrate_success 258798359
pgmigrate_success 258805051
pgmigrate_success 258830144
pgmigrate_success 259022145
pgmigrate_success 259210656
pgmigrate_success 259242153
pgmigrate_success 259242669
pgmigrate_success 259242669
pgmigrate_success 259242669
pgmigrate_success 259242669
pgmigrate_success 259242669
pgmigrate_success 259242669
pgmigrate_success 259375327
pgmigrate_success 259375327
pgmigrate_success 259375327
pgmigrate_success 259391729
pgmigrate_success 259567920
pgmigrate_success 259606683
pgmigrate_success 259677344
pgmigrate_success 259816098
pgmigrate_success 260038498
pgmigrate_success 260049831
pgmigrate_success 260085043
pgmigrate_success 260110785
pgmigrate_success 260137995
pgmigrate_success 260159036
pgmigrate_success 260182629
pgmigrate_success 260195476
pgmigrate_success 260214420
pgmigrate_success 260265708
pgmigrate_success 260319494
pgmigrate_success 260415581
pgmigrate_success 260415581
pgmigrate_success 260573789
pgmigrate_success 260758625
pgmigrate_success 260809827
pgmigrate_success 260809827
pgmigrate_success 260825720
pgmigrate_success 260875898
pgmigrate_success 261021818
pgmigrate_success 261247368
pgmigrate_success 261268976
pgmigrate_success 261286470
pgmigrate_success 261318347
pgmigrate_success 261330683
pgmigrate_success 261355298
pgmigrate_success 261399361
pgmigrate_success 261454670
pgmigrate_success 261520218
pgmigrate_success 261682022
pgmigrate_success 261936523
pgmigrate_success 262035159
pgmigrate_success 262035159
pgmigrate_success 262040810
pgmigrate_success 262153454
pgmigrate_success 262315247
pgmigrate_success 262466389
pgmigrate_success 262505964
pgmigrate_success 262527544
pgmigrate_success 262543480
pgmigrate_success 262558395
pgmigrate_success 262565101
pgmigrate_success 262579987
pgmigrate_success 262600992
pgmigrate_success 262735156
pgmigrate_success 262872486
pgmigrate_success 262872746
pgmigrate_success 262872746
pgmigrate_success 262872746
pgmigrate_success 262872750
pgmigrate_success 262882992
pgmigrate_success 263118514
pgmigrate_success 263289617
pgmigrate_success 263318398
pgmigrate_success 263349220
pgmigrate_success 263371317
pgmigrate_success 263396463
pgmigrate_success 263404278
pgmigrate_success 263417081
pgmigrate_success 263446274
pgmigrate_success 263543049
pgmigrate_success 263713040
pgmigrate_success 263713040
pgmigrate_success 263713040
pgmigrate_success 263713040
pgmigrate_success 263756060
pgmigrate_success 263786782
pgmigrate_success 263958302
pgmigrate_success 264204741
pgmigrate_success 264222732
pgmigrate_success 264245333
pgmigrate_success 264269482
pgmigrate_success 264287487
pgmigrate_success 264312647
pgmigrate_success 264349540
pgmigrate_success 264457080
pgmigrate_success 264520572
pgmigrate_success 264520572
pgmigrate_success 264520698
pgmigrate_success 264520698
pgmigrate_success 264625216
pgmigrate_success 264917087
pgmigrate_success 264991240
pgmigrate_success 265006606
pgmigrate_success 265185808
pgmigrate_success 265405541
pgmigrate_success 265450755
pgmigrate_success 265470317
pgmigrate_success 265490362
pgmigrate_success 265501201
pgmigrate_success 265506366
pgmigrate_success 265511052
pgmigrate_success 265525452
pgmigrate_success 265552605
pgmigrate_success 265690341
pgmigrate_success 265817491
pgmigrate_success 265817491
pgmigrate_success 265817491
pgmigrate_success 265817491
pgmigrate_success 265817498
pgmigrate_success 265841566
pgmigrate_success 266035104
pgmigrate_success 266147744
pgmigrate_success 266291877
pgmigrate_success 266322736
pgmigrate_success 266341257
pgmigrate_success 266347476
pgmigrate_success 266351101
pgmigrate_success 266354719
pgmigrate_success 266376247
pgmigrate_success 266427974
pgmigrate_success 266622074
pgmigrate_success 266698425
pgmigrate_success 266698517
pgmigrate_success 266698517
pgmigrate_success 266698517
pgmigrate_success 266698520
pgmigrate_success 266766110
pgmigrate_success 266920734
pgmigrate_success 267131798
pgmigrate_success 267190422
pgmigrate_success 267205323
pgmigrate_success 267215092
pgmigrate_success 267218167
pgmigrate_success 267228467
pgmigrate_success 267236722
pgmigrate_success 267260823
pgmigrate_success 267313061
pgmigrate_success 267495896
pgmigrate_success 267538458
pgmigrate_success 267538458
pgmigrate_success 267538458
pgmigrate_success 267538458
