hot 0 warm 0 cold 0
hot 2 warm 0 cold 0
hot 2 warm 0 cold 0
hot 2 warm 0 cold 0
hot 2 warm 0 cold 0
hot 2 warm 0 cold 0
hot 2 warm 0 cold 0
hot 2 warm 0 cold 0
hot 2 warm 0 cold 0
hot 2 warm 0 cold 0
hot 2 warm 0 cold 0
hot 2 warm 0 cold 0
hot 2 warm 0 cold 0
hot 2 warm 0 cold 0
hot 2 warm 0 cold 0
hot 2 warm 0 cold 0
hot 2 warm 0 cold 0
hot 2 warm 0 cold 0
hot 2 warm 0 cold 0
hot 2 warm 0 cold 0
hot 2 warm 0 cold 0
hot 2 warm 0 cold 0
hot 2 warm 0 cold 0
hot 2 warm 0 cold 0
hot 2 warm 0 cold 0
hot 2 warm 0 cold 0
hot 2 warm 0 cold 0
hot 2 warm 0 cold 0
hot 2 warm 0 cold 0
hot 2 warm 0 cold 0
hot 2 warm 0 cold 0
hot 2 warm 0 cold 0
hot 2 warm 0 cold 0
hot 2 warm 0 cold 0
hot 2 warm 0 cold 0
hot 2 warm 0 cold 0
hot 2 warm 0 cold 0
hot 2 warm 0 cold 0
hot 2 warm 0 cold 0
hot 2 warm 0 cold 0
hot 2 warm 0 cold 0
hot 2 warm 0 cold 0
hot 2 warm 0 cold 0
hot 2 warm 0 cold 0
hot 2 warm 0 cold 0
hot 2 warm 0 cold 0
hot 2 warm 0 cold 0
hot 2 warm 0 cold 0
hot 2 warm 0 cold 0
hot 2 warm 0 cold 0
hot 2 warm 0 cold 0
hot 2 warm 0 cold 0
hot 2 warm 0 cold 0
hot 2 warm 0 cold 0
hot 2 warm 0 cold 0
hot 2 warm 0 cold 0
hot 2 warm 0 cold 0
hot 2 warm 0 cold 0
hot 2 warm 0 cold 0
hot 2 warm 0 cold 0
hot 2 warm 0 cold 0
hot 2 warm 0 cold 0
hot 2 warm 0 cold 0
hot 2 warm 0 cold 0
hot 2 warm 0 cold 0
hot 29698 warm 0 cold 0
hot 192514 warm 0 cold 0
hot 262658 warm 0 cold 0
hot 370178 warm 0 cold 0
hot 471554 warm 0 cold 0
hot 459771 warm 0 cold 122887
hot 540165 warm 0 cold 141821
hot 412678 warm 0 cold 366076
hot 459785 warm 0 cold 406009
hot 220681 warm 0 cold 732153
hot 221193 warm 299520 cold 472057
hot 221193 warm 299520 cold 473081
hot 224777 warm 320512 cold 502265
hot 228361 warm 350720 cold 538105
hot 232457 warm 379392 cold 581113
hot 237065 warm 408064 cold 625145
hot 238601 warm 438272 cold 677881
hot 243209 warm 463872 cold 713209
hot 247817 warm 490496 cold 744953
hot 259593 warm 508416 cold 773625
hot 266761 warm 533504 cold 802809
hot 270345 warm 566272 cold 845817
hot 276489 warm 592896 cold 871417
hot 285193 warm 617984 cold 891385
hot 293897 warm 634368 cold 913401
hot 299529 warm 646144 cold 952825
hot 302601 warm 660992 cold 998905
hot 305670 warm 666624 cold 915450
hot 309766 warm 667648 cold 935930
hot 313862 warm 670720 cold 951802
hot 318982 warm 672768 cold 971770
hot 322054 warm 672768 cold 994298
hot 326150 warm 674304 cold 1018874
hot 331270 warm 673792 cold 1033210
hot 335878 warm 0 cold 1728506
hot 339974 warm 0 cold 1747450
hot 344582 warm 0 cold 1779706
hot 349190 warm 0 cold 1802234
hot 354310 warm 0 cold 1828346
hot 357895 warm 0 cold 1847801
hot 361991 warm 0 cold 1862649
hot 364551 warm 0 cold 1875961
hot 368135 warm 0 cold 1895417
hot 371719 warm 0 cold 1919993
hot 374791 warm 0 cold 1944057
hot 186875 warm 0 cold 1539584
hot 188411 warm 0 cold 4357371
hot 189435 warm 0 cold 4358395
hot 191995 warm 0 cold 4358395
hot 407035 warm 0 cold 4143355
hot 409083 warm 0 cold 4143355
hot 418811 warm 0 cold 4135675
hot 422395 warm 0 cold 4133115
hot 428027 warm 0 cold 4129019
hot 431099 warm 0 cold 4127483
hot 433147 warm 0 cold 4126971
hot 434683 warm 0 cold 4128507
hot 437243 warm 0 cold 4126971
hot 441851 warm 0 cold 4123899
hot 446459 warm 0 cold 4120827
hot 452603 warm 0 cold 4117243
hot 459259 warm 0 cold 4112635
hot 214011 warm 0 cold 4359931
hot 215035 warm 0 cold 4359419
hot 216571 warm 0 cold 4359419
hot 217083 warm 0 cold 4359419
hot 218107 warm 261120 cold 4098811
hot 218619 warm 265216 cold 4094715
hot 221179 warm 265728 cold 4092667
hot 221691 warm 269312 cold 4089083
hot 222203 warm 273408 cold 4085499
hot 222715 warm 277504 cold 4081403
hot 224251 warm 280064 cold 4077819
hot 225787 warm 285696 cold 4071675
hot 227323 warm 287744 cold 4069627
hot 228859 warm 289792 cold 4067067
hot 16903 warm 293376 cold 4063482
hot 148487 warm 295424 cold 4061434
hot 151047 warm 299520 cold 4056826
hot 154119 warm 302592 cold 4052218
hot 156167 warm 306688 cold 4047098
hot 158727 warm 312832 cold 4040954
hot 162311 warm 317952 cold 4035322
hot 165383 warm 320512 cold 4032762
hot 166919 warm 325120 cold 4027642
hot 170503 warm 327680 cold 4024058
hot 171527 warm 330752 cold 4020986
hot 173575 warm 337920 cold 4013306
hot 176647 warm 344064 cold 4007162
hot 177159 warm 349696 cold 4002042
hot 180231 warm 352768 cold 3998970
hot 180743 warm 355328 cold 3996410
hot 182279 warm 360448 cold 3991290
hot 183815 warm 365568 cold 3985658
hot 184327 warm 365568 cold 3985658
hot 186375 warm 369664 cold 3981050
hot 186887 warm 372736 cold 3978490
hot 187399 warm 378880 cold 3972346
hot 189447 warm 384512 cold 3966714
hot 193031 warm 389120 cold 3960570
hot 194055 warm 392192 cold 3957498
hot 197127 warm 397824 cold 3951354
hot 199175 warm 401408 cold 3948282
hot 200711 warm 406528 cold 3943162
hot 201223 warm 410112 cold 3939578
hot 202759 warm 415232 cold 3933946
hot 204295 warm 420352 cold 3929338
hot 209927 warm 420352 cold 3925242
hot 211975 warm 424960 cold 3920122
hot 211975 warm 432640 cold 3912442
hot 212999 warm 435712 cold 3909370
hot 215047 warm 443904 cold 3901178
hot 217095 warm 448000 cold 3896058
hot 218119 warm 451584 cold 3892986
hot 219143 warm 456704 cold 3887354
hot 220167 warm 460800 cold 3882234
hot 222215 warm 465408 cold 3876090
hot 224263 warm 470016 cold 3870970
hot 225799 warm 474624 cold 3865850
hot 227847 warm 478720 cold 3861242
hot 172040 warm 481280 cold 3858170
hot 175112 warm 486912 cold 3852538
hot 175624 warm 495104 cold 3844346
hot 176136 warm 502784 cold 3836666
hot 177672 warm 507392 cold 3832058
hot 181256 warm 512000 cold 3826426
hot 185352 warm 513024 cold 3823866
hot 188424 warm 518656 cold 3817722
hot 189960 warm 523264 cold 3812090
hot 190472 warm 527360 cold 3807994
hot 0 warm 0 cold 0
hot 149940 warm 54272 cold 4331146
hot 150452 warm 57856 cold 4327562
hot 153524 warm 59392 cold 4326026
hot 155572 warm 60928 cold 4324490
hot 220084 warm 634880 cold 3688074
hot 256970 warm 618176 cold 3794402
hot 284775 warm 583673 cold 3916838
hot 298279 warm 543064 cold 4009489
hot 340417 warm 523417 cold 4068468
hot 346494 warm 500967 cold 4136041
hot 352226 warm 487238 cold 4195238
hot 356392 warm 486177 cold 4217733
hot 364561 warm 461526 cold 4285415
hot 370417 warm 439824 cold 4352461
hot 376458 warm 407844 cold 4429600
hot 382459 warm 378996 cold 4503647
hot 387823 warm 351388 cold 4577091
hot 394980 warm 318327 cold 4654195
hot 398212 warm 305316 cold 4689574
hot 404129 warm 278089 cold 4751844
hot 406205 warm 289351 cold 4738506
hot 406737 warm 293958 cold 4733367
hot 407787 warm 299589 cold 4726686
hot 409396 warm 303681 cold 4720985
hot 411469 warm 308287 cold 4714306
hot 411981 warm 315967 cold 4706114
hot 413541 warm 322619 cold 4697902
hot 414650 warm 331826 cold 4687586
hot 416224 warm 343595 cold 4674243
hot 417277 warm 350247 cold 4666538
hot 419372 warm 362022 cold 4652668
hot 419959 warm 370206 cold 4643897
hot 422063 warm 381976 cold 4630023
hot 424653 warm 397841 cold 4611568
hot 426704 warm 408081 cold 4599277
hot 297845 warm 172963 cold 4834228
hot 427968 warm 43864 cold 4833204
hot 427972 warm 43860 cold 4833716
hot 428022 warm 0 cold 4877526
hot 428029 warm 0 cold 4877519
hot 428066 warm 0 cold 4877482
hot 428080 warm 0 cold 4877468
hot 428098 warm 0 cold 4877450
hot 428122 warm 0 cold 4877426
hot 428135 warm 0 cold 4877413
hot 428161 warm 0 cold 4877387
hot 428166 warm 0 cold 4877382
hot 428189 warm 0 cold 4877359
hot 428195 warm 0 cold 4877353
hot 428215 warm 0 cold 4877333
hot 428217 warm 0 cold 4877331
hot 428233 warm 0 cold 4877315
hot 428237 warm 0 cold 4877311
hot 428249 warm 0 cold 4877299
hot 428251 warm 0 cold 4877297
hot 428261 warm 0 cold 4877287
hot 428268 warm 0 cold 4877280
hot 428273 warm 0 cold 4877275
hot 428284 warm 0 cold 4877264
hot 428287 warm 0 cold 4877261
hot 428292 warm 0 cold 4877256
hot 428293 warm 0 cold 4877255
hot 428305 warm 0 cold 4877243
hot 428305 warm 0 cold 4877243
hot 428311 warm 0 cold 4877237
hot 428311 warm 0 cold 4877237
hot 428317 warm 0 cold 4877231
hot 428317 warm 0 cold 4877231
hot 428322 warm 0 cold 4877226
hot 428322 warm 0 cold 4877226
hot 428326 warm 0 cold 4877222
hot 428330 warm 0 cold 4877218
hot 428330 warm 0 cold 4877218
hot 428331 warm 0 cold 4877217
hot 428332 warm 0 cold 4877216
hot 428335 warm 0 cold 4877213
hot 428337 warm 0 cold 4877211
hot 428340 warm 0 cold 4877208
hot 428340 warm 0 cold 4877208
hot 428341 warm 0 cold 4877207
hot 428341 warm 0 cold 4877207
hot 428342 warm 0 cold 4877206
hot 428342 warm 0 cold 4877206
hot 428344 warm 0 cold 4877204
hot 431934 warm 0 cold 4611468
hot 434494 warm 0 cold 4608908
hot 437054 warm 0 cold 4606348
hot 441150 warm 0 cold 4602252
hot 376387 warm 0 cold 4667015
hot 377923 warm 0 cold 4665479
hot 381507 warm 0 cold 4661895
hot 383555 warm 0 cold 4659847
hot 386115 warm 0 cold 4657287
hot 388163 warm 0 cold 4655239
hot 391747 warm 0 cold 4651655
hot 394819 warm 0 cold 4648583
hot 397891 warm 0 cold 4645511
hot 401987 warm 0 cold 4641415
hot 405571 warm 0 cold 4637831
hot 410179 warm 0 cold 4633223
hot 412227 warm 0 cold 4631175
hot 414275 warm 0 cold 4629127
hot 415811 warm 0 cold 4627591
hot 416835 warm 0 cold 4626567
hot 419907 warm 0 cold 4623495
hot 420931 warm 0 cold 4622471
hot 420931 warm 0 cold 4622471
hot 421955 warm 0 cold 4621447
hot 422467 warm 0 cold 4620935
hot 424003 warm 0 cold 4619399
hot 425539 warm 0 cold 4617863
hot 426563 warm 0 cold 4616839
hot 428099 warm 0 cold 4615303
hot 429635 warm 0 cold 4613767
hot 131895 warm 0 cold 3744974
hot 133472 warm 0 cold 3743950
hot 202756 warm 1 cold 3697869
hot 203268 warm 0 cold 3697358
hot 204804 warm 0 cold 3695822
hot 204804 warm 0 cold 3695822
hot 266246 warm 943616 cold 2690764
hot 277510 warm 0 cold 3623116
hot 289798 warm 0 cold 3610828
hot 302086 warm 0 cold 3598540
hot 314886 warm 0 cold 3585740
hot 322054 warm 991232 cold 2587340
hot 331782 warm 0 cold 3568844
hot 339462 warm 0 cold 3561164
hot 351238 warm 0 cold 3549388
hot 369158 warm 0 cold 3531468
hot 382982 warm 0 cold 3517644
hot 395270 warm 0 cold 3505356
hot 410630 warm 0 cold 3489996
hot 426502 warm 0 cold 3474124
hot 435206 warm 0 cold 3465420
hot 451078 warm 0 cold 3449548
hot 369157 warm 0 cold 3269324
hot 379397 warm 0 cold 3259084
hot 388101 warm 0 cold 3250380
hot 397317 warm 0 cold 3241164
hot 408069 warm 0 cold 3230412
hot 415237 warm 0 cold 3223244
hot 423941 warm 0 cold 3214540
hot 433157 warm 0 cold 3205324
hot 440325 warm 0 cold 3198156
hot 451077 warm 0 cold 3187404
hot 458245 warm 0 cold 3180236
hot 466949 warm 0 cold 3171532
hot 475141 warm 0 cold 3163340
hot 165893 warm 318976 cold 3153612
hot 167429 warm 0 cold 3471052
hot 168965 warm 0 cold 3469516
hot 171525 warm 0 cold 3466956
hot 172549 warm 0 cold 3468800
hot 174085 warm 369664 cold 3102208
hot 177669 warm 375296 cold 3098112
hot 179717 warm 0 cold 3476480
hot 181765 warm 0 cold 3482112
hot 182789 warm 0 cold 3483136
hot 186373 warm 404480 cold 3080192
hot 189957 warm 0 cold 3485184
hot 193029 warm 0 cold 3486208
hot 196101 warm 0 cold 3488256
hot 199685 warm 0 cold 3490816
hot 200709 warm 445952 cold 3049984
hot 203781 warm 452096 cold 3043840
hot 205829 warm 0 cold 3496448
hot 207877 warm 0 cold 3497472
hot 209925 warm 0 cold 3499008
hot 211461 warm 485888 cold 3015168
hot 214021 warm 0 cold 3502080
hot 219141 warm 0 cold 3501568
hot 220677 warm 0 cold 3502080
hot 222213 warm 0 cold 3501568
hot 226309 warm 0 cold 3504128
hot 229893 warm 0 cold 3502080
hot 233989 warm 0 cold 3502080
hot 236037 warm 0 cold 3504128
hot 237573 warm 562688 cold 2942976
hot 239621 warm 569856 cold 2933760
hot 241157 warm 0 cold 3503616
hot 242181 warm 0 cold 3503616
hot 243717 warm 0 cold 3505152
hot 245765 warm 602112 cold 2902528
hot 246789 warm 611328 cold 2894848
hot 248837 warm 0 cold 3506688
hot 250373 warm 0 cold 3508224
hot 253445 warm 0 cold 3507200
hot 178180 warm 646144 cold 2860544
hot 178692 warm 0 cold 3510272
hot 183812 warm 0 cold 3511808
hot 185348 warm 0 cold 3512832
hot 187396 warm 0 cold 3514880
hot 189444 warm 678400 cold 2837504
hot 192516 warm 683008 cold 2831872
hot 194564 warm 0 cold 3518976
hot 197124 warm 0 cold 3522048
hot 199172 warm 0 cold 3522048
hot 201732 warm 709120 cold 2812928
hot 203780 warm 0 cold 3523584
hot 205828 warm 0 cold 3525632
hot 208388 warm 0 cold 3524096
hot 210948 warm 0 cold 3524608
hot 214020 warm 739328 cold 2784768
hot 216580 warm 747008 cold 2777088
hot 220164 warm 0 cold 3523072
hot 220676 warm 0 cold 3523584
hot 223748 warm 0 cold 3524096
hot 131610 warm 0 cold 13312
hot 163804 warm 0 cold 3756236
hot 165869 warm 0 cold 3776716
hot 168941 warm 0 cold 3773644
hot 170477 warm 0 cold 3772108
hot 292846 warm 932352 cold 2717387
hot 301038 warm 0 cold 3641547
hot 314862 warm 0 cold 3627723
hot 326638 warm 0 cold 3615947
hot 336878 warm 0 cold 3605707
hot 350190 warm 0 cold 3592395
hot 355822 warm 0 cold 3586763
hot 366062 warm 0 cold 3576523
hot 372206 warm 0 cold 3570379
hot 382446 warm 0 cold 3560139
hot 392174 warm 0 cold 3550411
hot 401902 warm 0 cold 3540683
hot 410606 warm 0 cold 3531979
hot 417774 warm 0 cold 3524811
hot 429550 warm 0 cold 3513035
hot 439278 warm 0 cold 3503307
hot 449007 warm 0 cold 3493578
hot 456175 warm 0 cold 3486410
hot 464879 warm 0 cold 3477706
hot 472047 warm 0 cold 3470538
hot 199150 warm 283649 cold 3459786
hot 200174 warm 291841 cold 3450570
hot 200686 warm 0 cold 3741899
hot 200686 warm 0 cold 3741899
hot 202222 warm 0 cold 3740363
hot 8710 warm 322049 cold 3350217
hot 140806 warm 0 cold 3540170
hot 144390 warm 0 cold 3536586
hot 146438 warm 0 cold 3534538
hot 149510 warm 0 cold 3531466
hot 151558 warm 0 cold 3529418
hot 152582 warm 349697 cold 3178697
hot 155654 warm 353281 cold 3172041
hot 156678 warm 0 cold 3524298
hot 158726 warm 0 cold 3522250
hot 159750 warm 0 cold 3521226
hot 161798 warm 0 cold 3523073
hot 162822 warm 381441 cold 3145728
hot 166918 warm 0 cold 3529217
hot 167942 warm 0 cold 3531777
hot 169478 warm 0 cold 3532289
hot 172550 warm 0 cold 3530753
hot 173062 warm 0 cold 3531777
hot 175622 warm 0 cold 3533313
hot 176646 warm 0 cold 3534849
hot 178182 warm 0 cold 3537409
hot 182790 warm 0 cold 3535873
hot 184838 warm 0 cold 3536897
hot 186886 warm 0 cold 3539969
hot 187398 warm 0 cold 3542017
hot 187910 warm 0 cold 3542017
hot 189446 warm 0 cold 3540993
hot 190470 warm 0 cold 3544065
hot 191494 warm 0 cold 3545601
hot 192006 warm 500737 cold 3046400
hot 193030 warm 508417 cold 3039744
hot 195078 warm 0 cold 3550209
hot 196102 warm 0 cold 3552769
hot 196614 warm 0 cold 3553281
hot 197126 warm 0 cold 3555841
hot 200198 warm 538625 cold 3017728
hot 200710 warm 546817 cold 3011584
hot 201222 warm 0 cold 3559425
hot 203782 warm 0 cold 3561473
hot 204806 warm 0 cold 3563009
hot 205830 warm 0 cold 3565057
hot 205830 warm 576513 cold 2990080
hot 207366 warm 0 cold 3567105
hot 208902 warm 0 cold 3568129
hot 208902 warm 0 cold 3570689
hot 211462 warm 0 cold 3570177
hot 211974 warm 0 cold 3573761
hot 212486 warm 617473 cold 2955776
hot 214022 warm 0 cold 3573761
hot 215046 warm 0 cold 3574785
hot 216582 warm 0 cold 3575809
hot 219142 warm 0 cold 3577345
hot 221702 warm 655361 cold 2922496
hot 223238 warm 662529 cold 2915328
hot 26119 warm 0 cold 3579393
hot 159239 warm 0 cold 3581441
hot 161287 warm 0 cold 3584001
hot 162823 warm 0 cold 3583489
hot 166407 warm 0 cold 3583489
hot 169479 warm 697345 cold 2884608
hot 171015 warm 0 cold 3582465
hot 175111 warm 0 cold 3581953
hot 176647 warm 0 cold 3582977
hot 178695 warm 0 cold 3586049
hot 180743 warm 735233 cold 2852352
hot 182279 warm 0 cold 3587585
hot 186375 warm 0 cold 3587073
hot 188423 warm 0 cold 3589633
hot 189447 warm 0 cold 3590145
hot 191495 warm 0 cold 3590145
hot 195079 warm 770049 cold 2820608
hot 197639 warm 0 cold 3592705
hot 199687 warm 0 cold 3593729
hot 202247 warm 0 cold 3594753
hot 205319 warm 0 cold 3594753
hot 207367 warm 0 cold 3593729
hot 209415 warm 0 cold 3593217
hot 209415 warm 0 cold 3596289
hot 211463 warm 0 cold 3597313
hot 213511 warm 0 cold 3596801
hot 214535 warm 0 cold 3597313
hot 131078 warm 0 cold 2560
hot 168442 warm 0 cold 3793610
hot 171517 warm 0 cold 3809482
hot 173053 warm 0 cold 3807946
hot 174589 warm 0 cold 3806410
hot 175613 warm 0 cold 3805386
hot 293373 warm 0 cold 3687626
hot 306685 warm 0 cold 3674314
hot 316925 warm 0 cold 3664074
hot 325629 warm 0 cold 3655370
hot 332797 warm 0 cold 3648202
hot 343037 warm 0 cold 3637962
hot 354301 warm 0 cold 3626698
hot 364029 warm 0 cold 3616970
hot 375805 warm 0 cold 3605194
hot 385021 warm 0 cold 3595978
hot 398845 warm 0 cold 3582154
hot 405501 warm 0 cold 3575498
hot 417789 warm 0 cold 3563210
hot 429565 warm 0 cold 3551434
hot 441853 warm 0 cold 3539146
hot 457213 warm 0 cold 3523786
hot 200189 warm 268800 cold 3512010
hot 201213 warm 0 cold 3779786
