pgmigrate_success 47444628
pgmigrate_success 47444633
pgmigrate_success 47444633
pgmigrate_success 47444633
pgmigrate_success 47444633
pgmigrate_success 47444633
pgmigrate_success 47444633
pgmigrate_success 47444633
pgmigrate_success 47444633
pgmigrate_success 47444633
pgmigrate_success 47444633
pgmigrate_success 47444633
pgmigrate_success 47444633
pgmigrate_success 47444633
pgmigrate_success 47444633
pgmigrate_success 47444633
pgmigrate_success 47444633
pgmigrate_success 47444633
pgmigrate_success 47444633
pgmigrate_success 47444633
pgmigrate_success 47444633
pgmigrate_success 47444633
pgmigrate_success 47444633
pgmigrate_success 47444633
pgmigrate_success 47444633
pgmigrate_success 47444633
pgmigrate_success 47444633
pgmigrate_success 47444633
pgmigrate_success 47444633
pgmigrate_success 47444633
pgmigrate_success 47444633
pgmigrate_success 47444633
pgmigrate_success 47444633
pgmigrate_success 47444633
pgmigrate_success 47444633
pgmigrate_success 47444633
pgmigrate_success 47444633
pgmigrate_success 47444633
pgmigrate_success 47444633
pgmigrate_success 47444633
pgmigrate_success 47444633
pgmigrate_success 47444633
pgmigrate_success 47444633
pgmigrate_success 47444633
pgmigrate_success 47444633
pgmigrate_success 47444633
pgmigrate_success 47444633
pgmigrate_success 47444633
pgmigrate_success 47444633
pgmigrate_success 47444633
pgmigrate_success 47444633
pgmigrate_success 47444633
pgmigrate_success 47444633
pgmigrate_success 47444633
pgmigrate_success 47444633
pgmigrate_success 47444633
pgmigrate_success 47444633
pgmigrate_success 47444633
pgmigrate_success 47444633
pgmigrate_success 47444633
pgmigrate_success 47444633
pgmigrate_success 47444633
pgmigrate_success 47444633
pgmigrate_success 47444633
pgmigrate_success 47444633
pgmigrate_success 47444633
pgmigrate_success 47444633
pgmigrate_success 47454408
pgmigrate_success 47554761
pgmigrate_success 47743367
pgmigrate_success 47863175
pgmigrate_success 48011143
pgmigrate_success 48111243
pgmigrate_success 48111243
pgmigrate_success 48111243
pgmigrate_success 48111336
pgmigrate_success 48111336
pgmigrate_success 48111336
pgmigrate_success 48149010
pgmigrate_success 48298514
pgmigrate_success 48396716
pgmigrate_success 48396716
pgmigrate_success 48396716
pgmigrate_success 48406444
pgmigrate_success 48495532
pgmigrate_success 48569260
pgmigrate_success 48569772
pgmigrate_success 48569772
pgmigrate_success 48597932
pgmigrate_success 48689580
pgmigrate_success 48769964
pgmigrate_success 48859052
pgmigrate_success 48996781
pgmigrate_success 49075681
pgmigrate_success 49100278
pgmigrate_success 49100791
pgmigrate_success 49100791
pgmigrate_success 49100791
pgmigrate_success 49100791
pgmigrate_success 49100791
pgmigrate_success 49100791
pgmigrate_success 49100791
pgmigrate_success 49100791
pgmigrate_success 49101303
pgmigrate_success 49101777
pgmigrate_success 49101777
pgmigrate_success 49101777
pgmigrate_success 49101777
pgmigrate_success 49101777
pgmigrate_success 49101777
pgmigrate_success 49101777
pgmigrate_success 49101777
pgmigrate_success 49101777
pgmigrate_success 49101777
pgmigrate_success 49101777
pgmigrate_success 49102289
pgmigrate_success 49112529
pgmigrate_success 49116113
pgmigrate_success 49122257
pgmigrate_success 49127377
pgmigrate_success 49132497
pgmigrate_success 49136593
pgmigrate_success 49142737
pgmigrate_success 49144273
pgmigrate_success 49144273
pgmigrate_success 49144273
pgmigrate_success 49144852
pgmigrate_success 49146437
pgmigrate_success 49166631
pgmigrate_success 49169191
pgmigrate_success 49173799
pgmigrate_success 49175847
pgmigrate_success 49185063
pgmigrate_success 49209127
pgmigrate_success 49233703
pgmigrate_success 49266130
pgmigrate_success 49360959
pgmigrate_success 49391917
pgmigrate_success 49407256
pgmigrate_success 49452848
pgmigrate_success 49480533
pgmigrate_success 49513837
pgmigrate_success 49544575
pgmigrate_success 49567103
pgmigrate_success 49568127
pgmigrate_success 49568127
pgmigrate_success 49568127
pgmigrate_success 49568127
pgmigrate_success 49568127
pgmigrate_success 49568127
pgmigrate_success 49568127
pgmigrate_success 49568148
pgmigrate_success 49568148
pgmigrate_success 49568148
pgmigrate_success 49568148
pgmigrate_success 49568148
pgmigrate_success 49568148
pgmigrate_success 49568148
pgmigrate_success 49568736
pgmigrate_success 49568736
pgmigrate_success 49568736
pgmigrate_success 49568736
pgmigrate_success 49568736
pgmigrate_success 49568736
pgmigrate_success 49568736
pgmigrate_success 49568736
pgmigrate_success 49568736
pgmigrate_success 49568736
pgmigrate_success 49568736
pgmigrate_success 49654245
pgmigrate_success 49654431
pgmigrate_success 49654431
pgmigrate_success 49654431
pgmigrate_success 49654431
pgmigrate_success 49654431
pgmigrate_success 49654431
pgmigrate_success 49654431
pgmigrate_success 49654431
pgmigrate_success 49654431
pgmigrate_success 49654431
pgmigrate_success 49654431
pgmigrate_success 49654431
pgmigrate_success 49654431
pgmigrate_success 49654431
pgmigrate_success 49654431
pgmigrate_success 49654431
pgmigrate_success 49654431
pgmigrate_success 49654431
pgmigrate_success 49654431
pgmigrate_success 49654431
pgmigrate_success 49654431
pgmigrate_success 49654431
pgmigrate_success 49654431
pgmigrate_success 49656479
pgmigrate_success 49661087
pgmigrate_success 49666719
pgmigrate_success 49674399
pgmigrate_success 49680031
pgmigrate_success 49685676
pgmigrate_success 49694414
pgmigrate_success 49701582
pgmigrate_success 49706749
pgmigrate_success 49714449
pgmigrate_success 49719064
pgmigrate_success 49729319
pgmigrate_success 49739566
pgmigrate_success 49747250
pgmigrate_success 49755960
pgmigrate_success 49768257
pgmigrate_success 49777993
pgmigrate_success 49787219
pgmigrate_success 49800535
pgmigrate_success 49808729
pgmigrate_success 49821022
pgmigrate_success 49832288
pgmigrate_success 49846118
pgmigrate_success 49867113
pgmigrate_success 49901930
pgmigrate_success 49961322
pgmigrate_success 49961322
pgmigrate_success 49961322
pgmigrate_success 49961322
pgmigrate_success 49961322
pgmigrate_success 49961322
pgmigrate_success 50025834
pgmigrate_success 50045293
pgmigrate_success 50074989
pgmigrate_success 50097517
pgmigrate_success 50125175
pgmigrate_success 50181570
pgmigrate_success 50243141
pgmigrate_success 50295896
pgmigrate_success 50340952
pgmigrate_success 50419496
pgmigrate_success 50446647
pgmigrate_success 50446647
pgmigrate_success 50446647
pgmigrate_success 50446647
pgmigrate_success 50446647
pgmigrate_success 50446647
pgmigrate_success 50447236
pgmigrate_success 50447236
pgmigrate_success 50447236
pgmigrate_success 50447236
pgmigrate_success 50447236
pgmigrate_success 50447236
pgmigrate_success 50447236
pgmigrate_success 50447236
pgmigrate_success 50501511
pgmigrate_success 50575751
pgmigrate_success 50575751
pgmigrate_success 50575751
pgmigrate_success 50575751
pgmigrate_success 50575751
pgmigrate_success 50575751
pgmigrate_success 50575751
pgmigrate_success 50575751
pgmigrate_success 50575751
pgmigrate_success 50575751
pgmigrate_success 50575751
pgmigrate_success 50575751
pgmigrate_success 50575751
pgmigrate_success 50575751
pgmigrate_success 50575751
pgmigrate_success 50575751
pgmigrate_success 50575751
pgmigrate_success 50575773
pgmigrate_success 50575773
pgmigrate_success 50575773
pgmigrate_success 50575773
pgmigrate_success 50575773
pgmigrate_success 50575773
pgmigrate_success 50575773
pgmigrate_success 50575773
pgmigrate_success 50575773
pgmigrate_success 50575773
pgmigrate_success 50575773
pgmigrate_success 50575773
pgmigrate_success 50575773
pgmigrate_success 50575773
pgmigrate_success 50575773
pgmigrate_success 50575808
pgmigrate_success 50575808
pgmigrate_success 50575808
pgmigrate_success 50575808
pgmigrate_success 50575808
pgmigrate_success 50575808
pgmigrate_success 50575808
pgmigrate_success 50575808
pgmigrate_success 50575808
pgmigrate_success 50575808
pgmigrate_success 50575808
pgmigrate_success 50575808
pgmigrate_success 50603969
pgmigrate_success 50603969
pgmigrate_success 50603969
pgmigrate_success 50603969
pgmigrate_success 50603989
pgmigrate_success 50603989
pgmigrate_success 50603989
pgmigrate_success 50603989
pgmigrate_success 50603989
pgmigrate_success 50603989
pgmigrate_success 50603989
pgmigrate_success 50603989
pgmigrate_success 50603989
pgmigrate_success 50603989
pgmigrate_success 50603989
pgmigrate_success 50603989
pgmigrate_success 50611669
pgmigrate_success 50618837
pgmigrate_success 50627029
pgmigrate_success 50632149
pgmigrate_success 50641365
pgmigrate_success 50651605
pgmigrate_success 50657237
pgmigrate_success 50673621
pgmigrate_success 50691542
pgmigrate_success 50701783
pgmigrate_success 50717147
pgmigrate_success 50742870
pgmigrate_success 50762907
pgmigrate_success 50777268
pgmigrate_success 50796763
pgmigrate_success 50801371
pgmigrate_success 50822894
pgmigrate_success 50855176
pgmigrate_success 50883864
pgmigrate_success 50903860
pgmigrate_success 50928646
pgmigrate_success 50950674
pgmigrate_success 50964505
pgmigrate_success 50964505
pgmigrate_success 50964505
pgmigrate_success 50964505
pgmigrate_success 50964505
pgmigrate_success 50965529
pgmigrate_success 50968601
pgmigrate_success 51035161
pgmigrate_success 51036185
pgmigrate_success 51036185
pgmigrate_success 51036185
pgmigrate_success 51036185
pgmigrate_success 51036697
pgmigrate_success 51038252
pgmigrate_success 51038252
pgmigrate_success 51038252
pgmigrate_success 51038252
pgmigrate_success 51038252
pgmigrate_success 51038252
pgmigrate_success 51038252
pgmigrate_success 51038252
pgmigrate_success 51038252
pgmigrate_success 51038252
pgmigrate_success 51038252
pgmigrate_success 51038252
pgmigrate_success 51038252
pgmigrate_success 51038252
pgmigrate_success 51038252
pgmigrate_success 51038252
pgmigrate_success 51038252
pgmigrate_success 51038264
pgmigrate_success 51038264
pgmigrate_success 51038264
pgmigrate_success 51038264
pgmigrate_success 51038264
pgmigrate_success 51038724
pgmigrate_success 51038724
pgmigrate_success 51038724
pgmigrate_success 51038724
pgmigrate_success 51038724
pgmigrate_success 51038724
pgmigrate_success 51038724
pgmigrate_success 51038724
pgmigrate_success 51038724
pgmigrate_success 51038724
pgmigrate_success 51038724
pgmigrate_success 51038724
pgmigrate_success 51038724
pgmigrate_success 51038724
pgmigrate_success 51038724
pgmigrate_success 51038724
pgmigrate_success 51038724
pgmigrate_success 51038724
pgmigrate_success 51038724
pgmigrate_success 51038724
pgmigrate_success 51038724
pgmigrate_success 51038724
pgmigrate_success 51038724
pgmigrate_success 51038724
pgmigrate_success 51039236
pgmigrate_success 51039236
pgmigrate_success 51039236
pgmigrate_success 51039236
pgmigrate_success 51039236
pgmigrate_success 51039236
pgmigrate_success 51039236
pgmigrate_success 51039236
pgmigrate_success 51039236
pgmigrate_success 51039236
pgmigrate_success 51039461
pgmigrate_success 51039461
pgmigrate_success 51039461
pgmigrate_success 51039461
pgmigrate_success 51039461
pgmigrate_success 51039461
pgmigrate_success 51039461
pgmigrate_success 51042021
pgmigrate_success 51054309
pgmigrate_success 51069158
pgmigrate_success 51091730
pgmigrate_success 51110191
pgmigrate_success 51129156
pgmigrate_success 51149125
pgmigrate_success 51173701
pgmigrate_success 51197292
pgmigrate_success 51222531
pgmigrate_success 51245059
pgmigrate_success 51278339
pgmigrate_success 51320835
pgmigrate_success 51355651
pgmigrate_success 51402755
pgmigrate_success 51445763
pgmigrate_success 51493891
pgmigrate_success 51558403
pgmigrate_success 51579139
pgmigrate_success 51579139
pgmigrate_success 51579139
pgmigrate_success 51579139
pgmigrate_success 51579139
pgmigrate_success 51579139
pgmigrate_success 51579140
pgmigrate_success 51649284
pgmigrate_success 51713832
pgmigrate_success 51713832
pgmigrate_success 51713832
pgmigrate_success 51713832
pgmigrate_success 51713832
pgmigrate_success 51713832
pgmigrate_success 51713832
pgmigrate_success 51713832
pgmigrate_success 51713832
pgmigrate_success 51713832
pgmigrate_success 51713832
pgmigrate_success 51713832
pgmigrate_success 51713832
pgmigrate_success 51713832
pgmigrate_success 51713832
pgmigrate_success 51713832
pgmigrate_success 51713832
pgmigrate_success 51713832
pgmigrate_success 51713832
pgmigrate_success 51713833
pgmigrate_success 51713833
pgmigrate_success 51713833
pgmigrate_success 51713833
pgmigrate_success 51739951
pgmigrate_success 51753349
pgmigrate_success 51785644
