pgmigrate_success 80054434
pgmigrate_success 80054438
pgmigrate_success 80054438
pgmigrate_success 80054439
pgmigrate_success 80054439
pgmigrate_success 80054439
pgmigrate_success 80054439
pgmigrate_success 80054439
pgmigrate_success 80054439
pgmigrate_success 80054439
pgmigrate_success 80054439
pgmigrate_success 80054439
pgmigrate_success 80054439
pgmigrate_success 80054439
pgmigrate_success 80054439
pgmigrate_success 80054439
pgmigrate_success 80054439
pgmigrate_success 80054439
pgmigrate_success 80054439
pgmigrate_success 80054439
pgmigrate_success 80054439
pgmigrate_success 80054439
pgmigrate_success 80054439
pgmigrate_success 80054439
pgmigrate_success 80054439
pgmigrate_success 80054439
pgmigrate_success 80054439
pgmigrate_success 80054439
pgmigrate_success 80054439
pgmigrate_success 80054439
pgmigrate_success 80054439
pgmigrate_success 80054439
pgmigrate_success 80054439
pgmigrate_success 80054439
pgmigrate_success 80054439
pgmigrate_success 80054439
pgmigrate_success 80054439
pgmigrate_success 80054439
pgmigrate_success 80054439
pgmigrate_success 80054439
pgmigrate_success 80054439
pgmigrate_success 80054439
pgmigrate_success 80054439
pgmigrate_success 80054439
pgmigrate_success 80054439
pgmigrate_success 80054439
pgmigrate_success 80054439
pgmigrate_success 80054439
pgmigrate_success 80054439
pgmigrate_success 80054439
pgmigrate_success 80054439
pgmigrate_success 80054439
pgmigrate_success 80054439
pgmigrate_success 80054439
pgmigrate_success 80054439
pgmigrate_success 80054439
pgmigrate_success 80054439
pgmigrate_success 80054439
pgmigrate_success 80054439
pgmigrate_success 80054439
pgmigrate_success 80054439
pgmigrate_success 80054439
pgmigrate_success 80054439
pgmigrate_success 80054439
pgmigrate_success 80054439
pgmigrate_success 80077015
pgmigrate_success 80233293
pgmigrate_success 80352660
pgmigrate_success 80517012
pgmigrate_success 80696724
pgmigrate_success 80713620
pgmigrate_success 80721348
pgmigrate_success 80734148
pgmigrate_success 80844415
pgmigrate_success 80913595
pgmigrate_success 80932539
pgmigrate_success 80934587
pgmigrate_success 80934587
pgmigrate_success 81032891
pgmigrate_success 81032891
pgmigrate_success 81138875
pgmigrate_success 81166523
pgmigrate_success 81167035
pgmigrate_success 81167035
pgmigrate_success 81167035
pgmigrate_success 81276606
pgmigrate_success 81325246
pgmigrate_success 81368766
pgmigrate_success 81440958
pgmigrate_success 81526462
pgmigrate_success 81643710
pgmigrate_success 81673406
pgmigrate_success 81714371
pgmigrate_success 81714371
pgmigrate_success 81714371
pgmigrate_success 81714371
pgmigrate_success 81714371
pgmigrate_success 81714371
pgmigrate_success 81714813
pgmigrate_success 81714813
pgmigrate_success 81714813
pgmigrate_success 81714813
pgmigrate_success 81754752
pgmigrate_success 81816766
pgmigrate_success 81888446
pgmigrate_success 81948350
pgmigrate_success 81968830
pgmigrate_success 82081982
pgmigrate_success 82145470
pgmigrate_success 82245310
pgmigrate_success 82324670
pgmigrate_success 82388159
pgmigrate_success 82460351
pgmigrate_success 82553535
pgmigrate_success 82605759
pgmigrate_success 82613442
pgmigrate_success 82613442
pgmigrate_success 82613442
pgmigrate_success 82613442
pgmigrate_success 82613442
pgmigrate_success 82613442
pgmigrate_success 82626754
pgmigrate_success 82758908
pgmigrate_success 82759420
pgmigrate_success 82759420
pgmigrate_success 82759420
pgmigrate_success 82759432
pgmigrate_success 82759458
pgmigrate_success 82759458
pgmigrate_success 82759458
pgmigrate_success 82759458
pgmigrate_success 82759458
pgmigrate_success 82759458
pgmigrate_success 82759458
pgmigrate_success 82759458
pgmigrate_success 82759458
pgmigrate_success 82759458
pgmigrate_success 82759458
pgmigrate_success 82759458
pgmigrate_success 82759458
pgmigrate_success 82759458
pgmigrate_success 82759458
pgmigrate_success 82759458
pgmigrate_success 82759458
pgmigrate_success 82759458
pgmigrate_success 82759458
pgmigrate_success 82759458
pgmigrate_success 82828578
pgmigrate_success 82886946
pgmigrate_success 83013410
pgmigrate_success 83013410
pgmigrate_success 83013410
pgmigrate_success 83013410
pgmigrate_success 83013410
pgmigrate_success 83013410
pgmigrate_success 83016994
pgmigrate_success 83029794
pgmigrate_success 83043619
pgmigrate_success 83065123
pgmigrate_success 83080995
pgmigrate_success 83095843
pgmigrate_success 83127079
pgmigrate_success 83150137
pgmigrate_success 83184959
pgmigrate_success 83222853
pgmigrate_success 83256649
pgmigrate_success 83290006
pgmigrate_success 83303320
pgmigrate_success 83303320
pgmigrate_success 83303320
pgmigrate_success 83303320
pgmigrate_success 83303320
pgmigrate_success 83303320
pgmigrate_success 83303320
pgmigrate_success 83303320
pgmigrate_success 83303320
pgmigrate_success 83303320
pgmigrate_success 83303320
pgmigrate_success 83303320
pgmigrate_success 83303320
pgmigrate_success 83303320
pgmigrate_success 83303320
pgmigrate_success 83303320
pgmigrate_success 83303320
pgmigrate_success 83303320
pgmigrate_success 83303320
pgmigrate_success 83303320
pgmigrate_success 83303320
pgmigrate_success 83303320
pgmigrate_success 83364761
pgmigrate_success 83365273
pgmigrate_success 83365273
pgmigrate_success 83365273
pgmigrate_success 83365273
pgmigrate_success 83365273
pgmigrate_success 83365273
pgmigrate_success 83365273
pgmigrate_success 83365273
pgmigrate_success 83365273
pgmigrate_success 83365273
pgmigrate_success 83365273
pgmigrate_success 83365273
pgmigrate_success 83365273
pgmigrate_success 83365273
pgmigrate_success 83365273
pgmigrate_success 83365273
pgmigrate_success 83365273
pgmigrate_success 83365273
pgmigrate_success 83365273
pgmigrate_success 83365273
pgmigrate_success 83365273
pgmigrate_success 83365276
pgmigrate_success 83365276
pgmigrate_success 83365276
pgmigrate_success 83365276
pgmigrate_success 83365276
pgmigrate_success 83365276
pgmigrate_success 83365276
pgmigrate_success 83365276
pgmigrate_success 83365276
pgmigrate_success 83365276
pgmigrate_success 83365276
pgmigrate_success 83374579
pgmigrate_success 83374579
pgmigrate_success 83374579
pgmigrate_success 83374579
pgmigrate_success 83374579
pgmigrate_success 83374579
pgmigrate_success 83374579
pgmigrate_success 83374579
pgmigrate_success 83377948
pgmigrate_success 83377948
pgmigrate_success 83377948
pgmigrate_success 83377948
pgmigrate_success 83425298
pgmigrate_success 83453801
pgmigrate_success 83473308
pgmigrate_success 83506604
pgmigrate_success 83543468
pgmigrate_success 83584432
pgmigrate_success 83646386
pgmigrate_success 83673525
pgmigrate_success 83746253
pgmigrate_success 83837936
pgmigrate_success 83914243
pgmigrate_success 83995143
pgmigrate_success 84009991
pgmigrate_success 84009991
pgmigrate_success 84009991
pgmigrate_success 84009991
pgmigrate_success 84009995
pgmigrate_success 84009995
pgmigrate_success 84009995
pgmigrate_success 84009995
pgmigrate_success 84010038
pgmigrate_success 84010038
pgmigrate_success 84010038
pgmigrate_success 84010038
pgmigrate_success 84010038
pgmigrate_success 84010130
pgmigrate_success 84010462
pgmigrate_success 84010462
pgmigrate_success 84101766
pgmigrate_success 84132486
pgmigrate_success 84132998
pgmigrate_success 84132998
pgmigrate_success 84132998
pgmigrate_success 84132998
pgmigrate_success 84132998
pgmigrate_success 84132998
pgmigrate_success 84132998
pgmigrate_success 84132998
pgmigrate_success 84132998
pgmigrate_success 84132998
pgmigrate_success 84132998
pgmigrate_success 84132998
pgmigrate_success 84132998
pgmigrate_success 84132998
pgmigrate_success 84132998
pgmigrate_success 84132998
pgmigrate_success 84132998
pgmigrate_success 84132998
pgmigrate_success 84132998
pgmigrate_success 84132998
pgmigrate_success 84132998
pgmigrate_success 84132998
pgmigrate_success 84132998
pgmigrate_success 84135558
pgmigrate_success 84137606
pgmigrate_success 84145287
pgmigrate_success 84147335
pgmigrate_success 84152455
pgmigrate_success 84159113
pgmigrate_success 84163219
pgmigrate_success 84168419
pgmigrate_success 84176118
pgmigrate_success 84184827
pgmigrate_success 84192533
pgmigrate_success 84198685
pgmigrate_success 84204834
pgmigrate_success 84207401
pgmigrate_success 84216627
pgmigrate_success 84227897
pgmigrate_success 84236108
pgmigrate_success 84242256
pgmigrate_success 84254549
pgmigrate_success 84263769
pgmigrate_success 84278625
pgmigrate_success 84288872
pgmigrate_success 84306285
pgmigrate_success 84321136
pgmigrate_success 84331389
pgmigrate_success 84404093
pgmigrate_success 84405117
pgmigrate_success 84405117
pgmigrate_success 84405117
pgmigrate_success 84405117
pgmigrate_success 84405117
pgmigrate_success 84408189
pgmigrate_success 84416893
pgmigrate_success 84425085
pgmigrate_success 84437885
pgmigrate_success 84455805
pgmigrate_success 84475773
pgmigrate_success 84492669
pgmigrate_success 84503469
pgmigrate_success 84546505
pgmigrate_success 84579937
pgmigrate_success 84604056
pgmigrate_success 84636366
pgmigrate_success 84647118
pgmigrate_success 84647118
pgmigrate_success 84650702
pgmigrate_success 84650702
pgmigrate_success 84650702
pgmigrate_success 84650702
pgmigrate_success 84650702
pgmigrate_success 84650702
pgmigrate_success 84650702
pgmigrate_success 84650702
pgmigrate_success 84650702
pgmigrate_success 84651266
pgmigrate_success 84651266
pgmigrate_success 84651266
pgmigrate_success 84651266
pgmigrate_success 84651266
pgmigrate_success 84651266
pgmigrate_success 84651266
pgmigrate_success 84651266
pgmigrate_success 84651266
pgmigrate_success 84736258
pgmigrate_success 84736770
pgmigrate_success 84736770
pgmigrate_success 84736770
pgmigrate_success 84736770
pgmigrate_success 84736770
pgmigrate_success 84736770
pgmigrate_success 84736802
pgmigrate_success 84736802
pgmigrate_success 84736802
pgmigrate_success 84736802
pgmigrate_success 84736802
pgmigrate_success 84736802
pgmigrate_success 84736802
pgmigrate_success 84736802
pgmigrate_success 84736802
pgmigrate_success 84736802
pgmigrate_success 84736802
pgmigrate_success 84736802
pgmigrate_success 84737195
pgmigrate_success 84737772
pgmigrate_success 84737772
pgmigrate_success 84737772
pgmigrate_success 84737772
pgmigrate_success 84737772
pgmigrate_success 84737772
pgmigrate_success 84737772
pgmigrate_success 84737772
pgmigrate_success 84737772
pgmigrate_success 84737772
pgmigrate_success 84737772
pgmigrate_success 84737772
pgmigrate_success 84737772
pgmigrate_success 84737772
pgmigrate_success 84737772
pgmigrate_success 84737772
pgmigrate_success 84737772
pgmigrate_success 84737772
pgmigrate_success 84737772
pgmigrate_success 84738260
pgmigrate_success 84738260
pgmigrate_success 84738260
pgmigrate_success 84738260
pgmigrate_success 84738260
pgmigrate_success 84738260
pgmigrate_success 84738260
pgmigrate_success 84738260
pgmigrate_success 84738260
pgmigrate_success 84738260
pgmigrate_success 84738260
pgmigrate_success 84738260
pgmigrate_success 84738260
pgmigrate_success 84738260
pgmigrate_success 84738260
pgmigrate_success 84738260
pgmigrate_success 84738260
pgmigrate_success 84738260
pgmigrate_success 84738260
pgmigrate_success 84738260
pgmigrate_success 84738260
pgmigrate_success 84738260
pgmigrate_success 84738260
pgmigrate_success 84738260
pgmigrate_success 84738260
pgmigrate_success 84738260
pgmigrate_success 84738260
pgmigrate_success 84738260
pgmigrate_success 84738260
pgmigrate_success 84738260
pgmigrate_success 84738260
pgmigrate_success 84738260
pgmigrate_success 84738280
pgmigrate_success 84738280
pgmigrate_success 84738280
pgmigrate_success 84738280
pgmigrate_success 84738280
pgmigrate_success 84738280
pgmigrate_success 84738280
pgmigrate_success 84738280
pgmigrate_success 84738280
pgmigrate_success 84738280
pgmigrate_success 84738280
pgmigrate_success 84738280
pgmigrate_success 84738280
pgmigrate_success 84738280
pgmigrate_success 84738280
pgmigrate_success 84738281
pgmigrate_success 84739307
pgmigrate_success 84754168
pgmigrate_success 84768013
pgmigrate_success 84781332
pgmigrate_success 84796705
pgmigrate_success 84808490
pgmigrate_success 84825396
pgmigrate_success 84838711
pgmigrate_success 84870473
pgmigrate_success 84902232
pgmigrate_success 84930926
pgmigrate_success 84972920
pgmigrate_success 85006200
pgmigrate_success 85045128
pgmigrate_success 85054346
