anon 0
anon_thp 0
anon 266403840
anon_thp 264241152
anon 541130752
anon_thp 538968064
anon 811663360
anon_thp 809500672
anon 1084792832
anon_thp 1080033280
anon 1359519744
anon_thp 1354760192
anon 1638440960
anon_thp 1633681408
anon 1913167872
anon_thp 1908408320
anon 2196283392
anon_thp 2191523840
anon 2468913152
anon_thp 2464153600
anon 2745737216
anon_thp 2740977664
anon 3018366976
anon_thp 3013607424
anon 3301482496
anon_thp 3296722944
anon 3578306560
anon_thp 3573547008
anon 3855130624
anon_thp 3850371072
anon 4131954688
anon_thp 4127195136
anon 4417167360
anon_thp 4412407808
anon 4704477184
anon_thp 4699717632
anon 4985495552
anon_thp 4980736000
anon 5253931008
anon_thp 5249171456
anon 5537046528
anon_thp 5532286976
anon 5815967744
anon_thp 5811208192
anon 6092791808
anon_thp 6088032256
anon 6363324416
anon_thp 6358564864
anon 6642245632
anon_thp 6637486080
anon 6914875392
anon_thp 6910115840
anon 7191699456
anon_thp 7186939904
anon 7470620672
anon_thp 7465861120
anon 7743250432
anon_thp 7738490880
anon 8026365952
anon_thp 8021606400
anon 8292704256
anon_thp 8287944704
anon 8559042560
anon_thp 8554283008
anon 8831672320
anon_thp 8826912768
anon 9114787840
anon_thp 9110028288
anon 9393709056
anon_thp 9388949504
anon 9672630272
anon_thp 9667870720
anon 9953648640
anon_thp 9948889088
anon 10240958464
anon_thp 10236198912
anon 10519879680
anon_thp 10515120128
anon 10796703744
anon_thp 10791944192
anon 11073527808
anon_thp 11068768256
anon 11352449024
anon_thp 11347689472
anon 11627175936
anon_thp 11622416384
anon 11906097152
anon_thp 11901337600
anon 12180824064
anon_thp 12176064512
anon 12461842432
anon_thp 12457082880
anon 12740763648
anon_thp 12736004096
anon 13015490560
anon_thp 13010731008
anon 13288120320
anon_thp 13283360768
anon 13571235840
anon_thp 13566476288
anon 13854351360
anon_thp 13849591808
anon 14129078272
anon_thp 14124318720
anon 14403805184
anon_thp 14399045632
anon 14680629248
anon_thp 14675869696
anon 14965841920
anon_thp 14961082368
anon 15236374528
anon_thp 15231614976
anon 15509004288
anon_thp 15504244736
anon 15794216960
anon_thp 15789457408
anon 16073138176
anon_thp 16068378624
anon 16352059392
anon_thp 16347299840
anon 16626786304
anon_thp 16622026752
anon 16911998976
anon_thp 16907239424
anon 17184628736
anon_thp 17179869184
anon 17463549952
anon_thp 17458790400
anon 17729888256
anon_thp 17725128704
anon 18357563392
anon_thp 18350080000
anon 19045441536
anon_thp 19035848704
anon 19045441536
anon_thp 19035848704
anon 19045441536
anon_thp 19035848704
anon 19045441536
anon_thp 19035848704
anon 19045441536
anon_thp 19035848704
anon 19045441536
anon_thp 19035848704
anon 19045441536
anon_thp 19035848704
anon 19045441536
anon_thp 19035848704
anon 19045441536
anon_thp 19035848704
anon 19043344384
anon_thp 19033751552
anon 19045441536
anon_thp 19035848704
anon 19045441536
anon_thp 19035848704
anon 19045441536
anon_thp 19035848704
anon 19045441536
anon_thp 19035848704
anon 19045441536
anon_thp 19035848704
anon 19045441536
anon_thp 19035848704
anon 19045441536
anon_thp 19035848704
anon 19045441536
anon_thp 19035848704
anon 19045441536
anon_thp 19035848704
anon 19045441536
anon_thp 19035848704
anon 19045441536
anon_thp 19035848704
anon 19045437440
anon_thp 19035848704
anon 19045441536
anon_thp 19035848704
anon 19045441536
anon_thp 19037945856
anon 19043344384
anon_thp 19037945856
anon 19045441536
anon_thp 19040043008
anon 19045441536
anon_thp 19040043008
anon 19045441536
anon_thp 19040043008
anon 19045441536
anon_thp 19040043008
anon 19045441536
anon_thp 19040043008
anon 19045441536
anon_thp 19040043008
anon 19043344384
anon_thp 19037945856
anon 19045441536
anon_thp 19040043008
anon 19045441536
anon_thp 19040043008
anon 19045441536
anon_thp 19040043008
anon 19045441536
anon_thp 19040043008
anon 19045441536
anon_thp 19040043008
anon 19045441536
anon_thp 19040043008
anon 19045441536
anon_thp 19040043008
anon 19045441536
anon_thp 19040043008
anon 19045441536
anon_thp 19040043008
anon 19045441536
anon_thp 19040043008
anon 19045441536
anon_thp 19040043008
anon 19045441536
anon_thp 19040043008
anon 19045441536
anon_thp 19040043008
anon 19045441536
anon_thp 19040043008
anon 19045441536
anon_thp 19040043008
anon 19043344384
anon_thp 19037945856
anon 19045441536
anon_thp 19040043008
anon 19045441536
anon_thp 19040043008
anon 19045441536
anon_thp 19040043008
anon 19045441536
anon_thp 19040043008
anon 18227036160
anon_thp 18224250880
anon 19043344384
anon_thp 19037945856
anon 19045441536
anon_thp 19040043008
anon 19045441536
anon_thp 19040043008
anon 19045441536
anon_thp 19040043008
anon 19045441536
anon_thp 18704498688
anon 19045441536
anon_thp 18905825280
anon 19045441536
anon_thp 18905825280
anon 19045441536
anon_thp 18905825280
anon 19045441536
anon_thp 18905825280
anon 19045441536
anon_thp 18905825280
anon 19045441536
anon_thp 18905825280
anon 19045441536
anon_thp 18905825280
anon 19045441536
anon_thp 18905825280
anon 19045441536
anon_thp 19040043008
anon 19045441536
anon_thp 19040043008
anon 19043344384
anon_thp 19037945856
anon 19043344384
anon_thp 19037945856
anon 19045441536
anon_thp 19040043008
anon 19045441536
anon_thp 19040043008
anon 19045441536
anon_thp 19040043008
anon 19045441536
anon_thp 19040043008
anon 19045441536
anon_thp 19040043008
anon 19045441536
anon_thp 19040043008
anon 19043344384
anon_thp 19037945856
anon 19045441536
anon_thp 19040043008
anon 19045441536
anon_thp 19040043008
anon 19045441536
anon_thp 19040043008
anon 19045441536
anon_thp 19040043008
anon 19045441536
anon_thp 19040043008
anon 19045441536
anon_thp 19040043008
anon 19045441536
anon_thp 19040043008
anon 19045441536
anon_thp 19040043008
anon 19045441536
anon_thp 19040043008
anon 19045441536
anon_thp 19040043008
anon 19045441536
anon_thp 19040043008
anon 19045441536
anon_thp 19040043008
anon 19045441536
anon_thp 19040043008
anon 19045441536
anon_thp 19040043008
anon 19045441536
anon_thp 19040043008
anon 19045441536
anon_thp 19040043008
anon 19045441536
anon_thp 19040043008
anon 19045441536
anon_thp 19040043008
anon 19045441536
anon_thp 19040043008
anon 19045441536
anon_thp 19040043008
anon 19045441536
anon_thp 19040043008
anon 19045441536
anon_thp 19040043008
anon 19045441536
anon_thp 19040043008
anon 19045441536
anon_thp 19040043008
anon 19045441536
anon_thp 19040043008
anon 19045441536
anon_thp 19040043008
anon 19045441536
anon_thp 19040043008
anon 19045441536
anon_thp 19040043008
anon 19045441536
anon_thp 19040043008
anon 19045441536
anon_thp 19040043008
anon 19045441536
anon_thp 19040043008
anon 19045441536
anon_thp 19040043008
anon 19045441536
anon_thp 19040043008
anon 19045441536
anon_thp 19040043008
anon 19045441536
anon_thp 19040043008
anon 19045441536
anon_thp 19040043008
anon 19045441536
anon_thp 19040043008
anon 19045441536
anon_thp 19040043008
anon 19045441536
anon_thp 19040043008
anon 19045441536
anon_thp 19040043008
anon 19045441536
anon_thp 19040043008
anon 19045441536
anon_thp 19040043008
anon 19045441536
anon_thp 19040043008
anon 19045441536
anon_thp 19040043008
anon 19045441536
anon_thp 19040043008
anon 19045441536
anon_thp 19040043008
anon 19045441536
anon_thp 19040043008
anon 19045441536
anon_thp 19040043008
anon 19045441536
anon_thp 19040043008
anon 19045441536
anon_thp 19040043008
anon 19045441536
anon_thp 19040043008
anon 19045441536
anon_thp 19040043008
anon 19045441536
anon_thp 19040043008
anon 19045441536
anon_thp 19040043008
anon 19045441536
anon_thp 19040043008
anon 19045441536
anon_thp 19040043008
anon 19045441536
anon_thp 19040043008
anon 19045441536
anon_thp 19040043008
anon 19045441536
anon_thp 19040043008
anon 19045441536
anon_thp 19040043008
anon 19045441536
anon_thp 19040043008
anon 19045441536
anon_thp 19040043008
anon 19045441536
anon_thp 19040043008
anon 19045441536
anon_thp 19040043008
anon 19045441536
anon_thp 19040043008
anon 19045441536
anon_thp 19040043008
anon 19045441536
anon_thp 19040043008
anon 19045441536
anon_thp 19040043008
anon 19045441536
anon_thp 19040043008
anon 19045441536
anon_thp 19040043008
anon 19045441536
anon_thp 19040043008
anon 19045441536
anon_thp 19040043008
anon 19045441536
anon_thp 19040043008
anon 19045441536
anon_thp 19040043008
anon 19045441536
anon_thp 19040043008
anon 19045441536
anon_thp 19040043008
anon 19045441536
anon_thp 19040043008
anon 19045441536
anon_thp 19040043008
anon 19045441536
anon_thp 19040043008
anon 19045441536
anon_thp 19040043008
anon 19045441536
anon_thp 19040043008
anon 19045441536
anon_thp 19040043008
anon 19045441536
anon_thp 19040043008
anon 19045441536
anon_thp 19040043008
anon 19045441536
anon_thp 19040043008
anon 19045441536
anon_thp 19040043008
anon 19045441536
anon_thp 19040043008
anon 19045441536
anon_thp 19040043008
anon 19045441536
anon_thp 19040043008
anon 19045441536
anon_thp 19040043008
anon 19045441536
anon_thp 19040043008
anon 19045441536
anon_thp 19040043008
anon 19045441536
anon_thp 19040043008
anon 19045441536
anon_thp 19040043008
anon 19045441536
anon_thp 19040043008
anon 19045441536
anon_thp 19040043008
anon 19045441536
anon_thp 19040043008
anon 19045441536
anon_thp 19040043008
anon 19045441536
anon_thp 19040043008
anon 19045441536
anon_thp 19040043008
anon 19045441536
anon_thp 19040043008
anon 19045441536
anon_thp 19040043008
anon 19045441536
anon_thp 19040043008
anon 19045441536
anon_thp 19040043008
anon 19045441536
anon_thp 19040043008
anon 19045441536
anon_thp 19040043008
anon 19045441536
anon_thp 19040043008
anon 19045441536
anon_thp 19040043008
anon 19045441536
anon_thp 19040043008
anon 19045441536
anon_thp 19040043008
anon 19045441536
anon_thp 19040043008
anon 19045441536
anon_thp 19040043008
anon 19045441536
anon_thp 19040043008
anon 19045441536
anon_thp 19040043008
anon 19045441536
anon_thp 19040043008
anon 19045441536
anon_thp 19040043008
anon 19045441536
anon_thp 19040043008
anon 19045441536
anon_thp 19040043008
anon 19045441536
anon_thp 19040043008
anon 19045441536
anon_thp 19040043008
anon 19045441536
anon_thp 19040043008
anon 19045441536
anon_thp 19040043008
anon 19045441536
anon_thp 19040043008
anon 19045441536
anon_thp 19040043008
anon 19045441536
anon_thp 19040043008
anon 19045441536
anon_thp 19040043008
anon 19045441536
anon_thp 19040043008
anon 19045441536
anon_thp 19040043008
anon 19045441536
anon_thp 19040043008
anon 19045441536
anon_thp 19040043008
anon 19045441536
anon_thp 19040043008
anon 19045441536
anon_thp 19040043008
anon 19045441536
anon_thp 19040043008
anon 19045441536
anon_thp 19040043008
anon 19045441536
anon_thp 19040043008
anon 19045441536
anon_thp 19040043008
anon 19043344384
anon_thp 19037945856
anon 19045441536
anon_thp 19040043008
anon 19045441536
anon_thp 19040043008
anon 19045441536
anon_thp 19040043008
anon 19045441536
anon_thp 19040043008
anon 19045441536
anon_thp 19040043008
anon 19045441536
anon_thp 19040043008
anon 19045441536
anon_thp 19040043008
anon 19045441536
anon_thp 19040043008
anon 19045441536
anon_thp 19040043008
anon 19045441536
anon_thp 19040043008
anon 19045441536
anon_thp 19040043008
anon 19045441536
anon_thp 19040043008
anon 19045441536
anon_thp 19040043008
anon 19045441536
anon_thp 19040043008
anon 19045441536
anon_thp 19040043008
anon 19045441536
anon_thp 19040043008
anon 19045441536
anon_thp 19040043008
anon 19045441536
anon_thp 19040043008
anon 19045441536
anon_thp 19040043008
anon 19045441536
anon_thp 19040043008
anon 19045441536
anon_thp 19040043008
anon 19045441536
anon_thp 19040043008
anon 19045441536
anon_thp 19040043008
anon 19045441536
anon_thp 19040043008
anon 19045441536
anon_thp 19040043008
anon 19045441536
anon_thp 18941476864
anon 19045441536
anon_thp 18675138560
anon 19043385344
anon_thp 18371051520
anon 19045441536
anon_thp 18396217344
anon 19045441536
anon_thp 18356371456
anon 19045441536
anon_thp 18410897408
anon 19043893248
anon_thp 18454937600
anon 19045441536
anon_thp 18320719872
anon 19045441536
anon_thp 18282971136
anon 19045441536
anon_thp 18291359744
anon 19045441536
anon_thp 18196987904
anon 19045441536
anon_thp 18155044864
anon 19045441536
anon_thp 18119393280
anon 19045441536
anon_thp 18201182208
anon 19045441536
anon_thp 18280873984
anon 19045441536
anon_thp 18350080000
anon 19045441536
anon_thp 18373148672
anon 19045441536
anon_thp 18381537280
anon 19045441536
anon_thp 18381537280
anon 19045441536
anon_thp 18381537280
anon 19045441536
anon_thp 18381537280
anon 19045441536
anon_thp 18381537280
anon 19045441536
anon_thp 18381537280
anon 19045441536
anon_thp 18381537280
anon 19045441536
anon_thp 18381537280
anon 19045441536
anon_thp 18381537280
anon 19045441536
anon_thp 18381537280
anon 19045441536
anon_thp 18381537280
anon 19045441536
anon_thp 18381537280
anon 19045441536
anon_thp 18381537280
anon 19045441536
anon_thp 18381537280
anon 19045441536
anon_thp 18381537280
anon 19045441536
anon_thp 18381537280
anon 19045441536
anon_thp 18381537280
anon 19045441536
anon_thp 18381537280
anon 19045441536
anon_thp 18381537280
anon 19045441536
anon_thp 18381537280
anon 19045441536
anon_thp 18381537280
anon 19045441536
anon_thp 18381537280
anon 19045441536
anon_thp 18381537280
anon 19045441536
anon_thp 18381537280
anon 19045441536
anon_thp 18381537280
anon 19045441536
anon_thp 18381537280
anon 19045441536
anon_thp 18381537280
anon 19045441536
anon_thp 18381537280
anon 19045441536
anon_thp 18381537280
anon 19045441536
anon_thp 18381537280
anon 19045441536
anon_thp 18381537280
anon 19045441536
anon_thp 18381537280
anon 19043344384
anon_thp 18379440128
anon 19045441536
anon_thp 18381537280
anon 19045441536
anon_thp 18381537280
anon 19045441536
anon_thp 18381537280
anon 19045441536
anon_thp 18381537280
anon 19045441536
anon_thp 18381537280
anon 19045441536
anon_thp 18381537280
anon 19045441536
anon_thp 18381537280
anon 19045441536
anon_thp 18381537280
anon 19045441536
anon_thp 18381537280
anon 19045441536
anon_thp 18381537280
anon 19045441536
anon_thp 18381537280
anon 19045441536
anon_thp 18381537280
anon 19045441536
anon_thp 18381537280
anon 19045441536
anon_thp 18381537280
anon 19045441536
anon_thp 18381537280
anon 19043344384
anon_thp 18379440128
anon 19045441536
anon_thp 18381537280
anon 19045441536
anon_thp 18381537280
anon 19045441536
anon_thp 18381537280
anon 19045441536
anon_thp 18381537280
anon 19045441536
anon_thp 18381537280
anon 19045441536
anon_thp 18381537280
anon 19045441536
anon_thp 18381537280
anon 19045441536
anon_thp 18381537280
anon 19045441536
anon_thp 18381537280
anon 19045441536
anon_thp 18381537280
anon 19045441536
anon_thp 18381537280
anon 19045441536
anon_thp 18381537280
anon 19045441536
anon_thp 18381537280
anon 19045441536
anon_thp 18381537280
anon 19045441536
anon_thp 18381537280
anon 19045441536
anon_thp 18381537280
anon 19045441536
anon_thp 18381537280
anon 19045441536
anon_thp 18381537280
anon 19045441536
anon_thp 18381537280
anon 19045437440
anon_thp 18381537280
anon 19045441536
anon_thp 18381537280
anon 19045441536
anon_thp 18381537280
anon 19045441536
anon_thp 18381537280
anon 19045441536
anon_thp 18381537280
anon 19045441536
anon_thp 18381537280
anon 19045441536
anon_thp 18381537280
anon 19045441536
anon_thp 18381537280
anon 19045441536
anon_thp 18381537280
anon 19045441536
anon_thp 18381537280
anon 19045441536
anon_thp 18381537280
anon 19045441536
anon_thp 18381537280
anon 19045441536
anon_thp 18381537280
anon 19045441536
anon_thp 18381537280
anon 19045441536
anon_thp 18381537280
anon 19045441536
anon_thp 18381537280
anon 19045441536
anon_thp 18381537280
anon 19045441536
anon_thp 18381537280
anon 19045441536
anon_thp 18381537280
anon 19045441536
anon_thp 18381537280
anon 19045441536
anon_thp 18381537280
anon 19045441536
anon_thp 18381537280
anon 19045441536
anon_thp 18381537280
anon 19045441536
anon_thp 18381537280
anon 19045441536
anon_thp 18381537280
anon 19045441536
anon_thp 18381537280
anon 19045441536
anon_thp 18381537280
anon 19045441536
anon_thp 18381537280
anon 19045441536
anon_thp 19040043008
anon 19045441536
anon_thp 19040043008
anon 19045441536
anon_thp 19040043008
anon 19045441536
anon_thp 19040043008
anon 19045441536
anon_thp 19040043008
anon 19045441536
anon_thp 19040043008
anon 19043344384
anon_thp 19037945856
anon 19043344384
anon_thp 19037945856
anon 19045441536
anon_thp 19040043008
anon 19045441536
anon_thp 19040043008
anon 19045441536
anon_thp 19040043008
anon 19045441536
anon_thp 19040043008
anon 19045441536
anon_thp 19040043008
anon 19045441536
anon_thp 19040043008
anon 19045441536
anon_thp 19040043008
anon 19045441536
anon_thp 19040043008
anon 19045441536
anon_thp 19040043008
anon 19045441536
anon_thp 19040043008
anon 19045441536
anon_thp 19040043008
anon 19045441536
anon_thp 19040043008
anon 19043344384
anon_thp 19037945856
anon 19045441536
anon_thp 19040043008
anon 19043344384
anon_thp 19037945856
