hot 0 warm 0 cold 0
hot 2 warm 0 cold 0
hot 2 warm 0 cold 0
hot 2 warm 0 cold 0
hot 2 warm 0 cold 0
hot 2 warm 0 cold 0
hot 2 warm 0 cold 0
hot 2 warm 0 cold 0
hot 2 warm 0 cold 0
hot 2 warm 0 cold 0
hot 2 warm 0 cold 0
hot 2 warm 0 cold 0
hot 2 warm 0 cold 0
hot 2 warm 0 cold 0
hot 2 warm 0 cold 0
hot 2 warm 0 cold 0
hot 2 warm 0 cold 0
hot 2 warm 0 cold 0
hot 2 warm 0 cold 0
hot 2 warm 0 cold 0
hot 2 warm 0 cold 0
hot 2 warm 0 cold 0
hot 2 warm 0 cold 0
hot 2 warm 0 cold 0
hot 2 warm 0 cold 0
hot 2 warm 0 cold 0
hot 2 warm 0 cold 0
hot 2 warm 0 cold 0
hot 2 warm 0 cold 0
hot 2 warm 0 cold 0
hot 2 warm 0 cold 0
hot 2 warm 0 cold 0
hot 2 warm 0 cold 0
hot 2 warm 0 cold 0
hot 2 warm 0 cold 0
hot 2 warm 0 cold 0
hot 2 warm 0 cold 0
hot 2 warm 0 cold 0
hot 2 warm 0 cold 0
hot 2 warm 0 cold 0
hot 2 warm 0 cold 0
hot 2 warm 0 cold 0
hot 2 warm 0 cold 0
hot 2 warm 0 cold 0
hot 2 warm 0 cold 0
hot 2 warm 0 cold 0
hot 2 warm 0 cold 0
hot 2 warm 0 cold 0
hot 2 warm 0 cold 0
hot 2 warm 0 cold 0
hot 2 warm 0 cold 0
hot 2 warm 0 cold 0
hot 2 warm 0 cold 0
hot 2 warm 0 cold 0
hot 2 warm 0 cold 0
hot 2 warm 0 cold 0
hot 2 warm 0 cold 0
hot 2 warm 0 cold 0
hot 2 warm 0 cold 0
hot 2 warm 0 cold 0
hot 2 warm 0 cold 0
hot 2 warm 0 cold 0
hot 2 warm 0 cold 0
hot 2 warm 0 cold 0
hot 2 warm 0 cold 0
hot 8712 warm 0 cold 0
hot 179719 warm 0 cold 0
hot 264711 warm 0 cold 0
hot 382983 warm 0 cold 0
hot 517639 warm 0 cold 0
hot 638471 warm 0 cold 0
hot 744967 warm 0 cold 0
hot 806919 warm 0 cold 0
hot 902663 warm 0 cold 0
hot 933895 warm 0 cold 0
hot 1020423 warm 0 cold 0
hot 1067015 warm 0 cold 0
hot 1153031 warm 0 cold 0
hot 1232903 warm 0 cold 0
hot 1245191 warm 0 cold 0
hot 1293319 warm 0 cold 0
hot 1340423 warm 0 cold 0
hot 1347591 warm 0 cold 0
hot 1389063 warm 0 cold 0
hot 1437703 warm 0 cold 0
hot 1484295 warm 0 cold 0
hot 1495047 warm 0 cold 0
hot 1362962 warm 0 cold 189429
hot 132618 warm 0 cold 512
hot 1195026 warm 0 cold 3365559
hot 1218062 warm 0 cold 3236025
hot 1241102 warm 0 cold 3215033
hot 1263118 warm 0 cold 3199161
hot 1280526 warm 0 cold 3185337
hot 1308686 warm 0 cold 3163833
hot 1339406 warm 0 cold 3138745
hot 1379854 warm 0 cold 3103417
hot 1436686 warm 0 cold 3052729
hot 1503758 warm 0 cold 2991289
hot 1061903 warm 514560 cold 2923705
hot 1102351 warm 533504 cold 2867385
hot 1137167 warm 0 cold 3370169
hot 1173007 warm 0 cold 3339449
hot 1182735 warm 0 cold 3331769
hot 1206799 warm 0 cold 3310777
hot 1216527 warm 0 cold 3302073
hot 1239055 warm 0 cold 3281081
hot 1269775 warm 0 cold 3253433
hot 1299983 warm 0 cold 3225273
hot 1337871 warm 0 cold 3190457
hot 1378831 warm 0 cold 3152057
hot 1421327 warm 0 cold 3111097
hot 1467919 warm 0 cold 3068089
hot 506383 warm 1000960 cold 3033785
hot 520207 warm 1031680 cold 2994873
hot 536079 warm 1056768 cold 2959033
hot 549903 warm 1084928 cold 2918073
hot 565263 warm 1106432 cold 2887353
hot 450575 warm 1055742 cold 2855097
hot 585743 warm 1058302 cold 2848953
hot 154188 warm 510464 cold 3856067
hot 159820 warm 540160 cold 3821763
hot 739404 warm 1088512 cold 2695875
hot 876966 warm 1098240 cold 2683933
hot 889123 warm 1106944 cold 2668644
hot 929812 warm 1110528 cold 2624367
hot 960315 warm 1123328 cold 2581064
hot 988832 warm 1153024 cold 2522851
hot 1028323 warm 1156608 cold 2480742
hot 1064553 warm 1175040 cold 2427616
hot 1097043 warm 1191424 cold 2379766
hot 1128433 warm 1205248 cold 2336088
hot 1155601 warm 0 cold 3516228
hot 1183761 warm 0 cold 3490628
hot 1208849 warm 0 cold 3466052
hot 1231889 warm 0 cold 3444548
hot 1257489 warm 0 cold 3420996
hot 1288209 warm 0 cold 3392324
hot 1315345 warm 0 cold 3365700
hot 1338385 warm 0 cold 3344196
hot 1361937 warm 0 cold 3321668
hot 1394705 warm 0 cold 3290948
hot 1418769 warm 0 cold 3267396
hot 1443345 warm 0 cold 3244868
hot 1463313 warm 0 cold 3225412
hot 1489937 warm 0 cold 3199812
hot 1520657 warm 0 cold 3172164
hot 1553937 warm 0 cold 3140420
hot 1586193 warm 0 cold 3110212
hot 1679375 warm 0 cold 3100484
hot 1685519 warm 0 cold 3094852
hot 1694223 warm 0 cold 3088196
hot 556906 warm 1151653 cold 3075396
hot 568682 warm 1155237 cold 3062596
hot 576362 warm 1163429 cold 3048260
hot 586090 warm 1165989 cold 3038532
hot 594794 warm 1170597 cold 3027268
hot 604010 warm 1173669 cold 3016516
hot 607594 warm 1186981 cold 3001156
hot 611690 warm 1195173 cold 2990916
hot 619370 warm 1204389 cold 2976068
hot 622442 warm 1213093 cold 2965316
hot 631658 warm 1219237 cold 2953028
hot 639850 warm 1222821 cold 2941252
hot 648042 warm 1228965 cold 2929476
hot 660842 warm 1231013 cold 2915140
hot 668010 warm 1239205 cold 2900804
hot 676202 warm 1242789 cold 2890564
hot 685418 warm 1244837 cold 2880324
hot 692074 warm 1250981 cold 2869572
hot 699754 warm 1258149 cold 2857284
hot 704874 warm 1266853 cold 2844484
hot 714090 warm 1272997 cold 2830148
hot 724330 warm 1273509 cold 2819908
hot 732010 warm 1278117 cold 2809668
hot 741226 warm 1279141 cold 2800964
hot 746858 warm 1287333 cold 2787652
hot 756074 warm 1291941 cold 2775364
hot 765290 warm 1293989 cold 2764612
hot 773482 warm 1302181 cold 2750276
hot 781674 warm 1305765 cold 2739012
hot 790378 warm 1311909 cold 2725700
hot 795498 warm 1319589 cold 2713924
hot 802666 warm 1323685 cold 2703172
hot 810858 warm 1326757 cold 2692420
hot 817514 warm 1333925 cold 2680132
hot 824682 warm 1335461 cold 2671428
hot 831850 warm 1342117 cold 2658628
hot 842602 warm 1344677 cold 2647364
hot 854378 warm 1347749 cold 2635588
hot 863594 warm 1352357 cold 2623300
hot 871274 warm 1354917 cold 2613060
hot 878442 warm 1359013 cold 2602820
hot 885098 warm 1364645 cold 2591556
hot 827752 warm 1365669 cold 2585412
hot 837992 warm 1363109 cold 2578244
hot 849256 warm 1360037 cold 2572612
hot 858984 warm 1358501 cold 2566468
hot 863080 warm 1360037 cold 2562372
hot 877928 warm 1351845 cold 2557764
hot 885608 warm 1352869 cold 2549572
hot 889192 warm 1356965 cold 2543428
hot 895336 warm 1359525 cold 2535236
hot 904040 warm 1359525 cold 2527556
hot 915816 warm 1353893 cold 2522948
hot 926568 warm 1352357 cold 2514244
hot 935272 warm 1353893 cold 2505540
hot 940904 warm 1355429 cold 2499908
hot 950120 warm 1352357 cold 2493764
hot 960872 warm 1346725 cold 2490180
hot 971624 warm 1344165 cold 2483012
hot 979304 warm 1344165 cold 2475844
hot 987496 warm 1345189 cold 2468676
hot 992616 warm 1345701 cold 2463556
hot 1001832 warm 1342117 cold 2459460
hot 1009000 warm 1338533 cold 2455876
hot 1017192 warm 1338021 cold 2449732
hot 1022824 warm 1338533 cold 2445124
hot 1033064 warm 1337509 cold 2436932
hot 1037160 warm 1341093 cold 2429764
hot 1043304 warm 1341605 cold 2424132
hot 1045352 warm 1345701 cold 2418500
hot 221700 warm 635904 cold 3682561
hot 224772 warm 641536 cold 3673857
hot 227844 warm 650752 cold 3661569
hot 232964 warm 653824 cold 3653377
hot 894980 warm 1470976 cold 2174209
hot 908804 warm 1465344 cold 2166017
hot 921092 warm 1460736 cold 2158337
hot 930308 warm 1466368 cold 2143489
hot 941060 warm 1465344 cold 2133761
hot 954884 warm 1459712 cold 2125569
hot 964612 warm 1459200 cold 2116353
hot 971780 warm 1462272 cold 2106113
hot 976388 warm 1469952 cold 2093825
hot 986116 warm 1468928 cold 2085121
hot 995845 warm 1469440 cold 2074880
hot 1004549 warm 1469952 cold 2065664
hot 1008645 warm 1475584 cold 2055936
hot 1015301 warm 1477632 cold 2047232
hot 1025541 warm 1478656 cold 2035968
hot 1032709 warm 1482752 cold 2024704
hot 1039365 warm 1483776 cold 2017024
hot 1048581 warm 1481728 cold 2009856
hot 1055749 warm 1485824 cold 1998592
hot 1061381 warm 1490944 cold 1987840
hot 891395 warm 1485824 cold 1900800
hot 1026051 warm 1491968 cold 1760000
hot 1034755 warm 1490432 cold 1752832
hot 1038339 warm 1494528 cold 1745152
hot 1047043 warm 1497088 cold 1733888
hot 1053699 warm 1498624 cold 1725696
hot 1063939 warm 1499136 cold 1714944
hot 1070083 warm 1503232 cold 1704704
hot 1077251 warm 1507328 cold 1693440
hot 1083395 warm 1506304 cold 1688320
hot 1094659 warm 1503232 cold 1680128
hot 1100803 warm 1507840 cold 1669376
hot 1108995 warm 1507328 cold 1661696
hot 1117699 warm 1507840 cold 1652480
hot 1128451 warm 1504256 cold 1649152
hot 1134595 warm 1504256 cold 1645568
hot 1141763 warm 1506304 cold 1640448
hot 1148419 warm 0 cold 3144704
hot 1156611 warm 0 cold 3141120
hot 1172483 warm 0 cold 3127808
hot 1182723 warm 0 cold 3119616
hot 1193475 warm 0 cold 3113472
hot 1206275 warm 0 cold 3107328
hot 1222659 warm 0 cold 3096064
hot 1241091 warm 0 cold 3082752
hot 1266691 warm 0 cold 3062784
hot 1294339 warm 0 cold 3040768
hot 1316355 warm 0 cold 3023360
hot 1334275 warm 0 cold 3009536
hot 1357827 warm 0 cold 2992640
hot 1376771 warm 0 cold 2977792
hot 1401347 warm 0 cold 2956288
hot 1424899 warm 0 cold 2936320
hot 1449987 warm 0 cold 2914304
hot 1470979 warm 0 cold 2896896
hot 1500675 warm 0 cold 2871296
hot 1526275 warm 0 cold 2851840
hot 482819 warm 1073664 cold 2827776
hot 489475 warm 1096192 cold 2804224
hot 436225 warm 1104896 cold 2792448
hot 450049 warm 1119232 cold 2778112
hot 457217 warm 1147904 cold 2751488
hot 468481 warm 1161728 cold 2729984
hot 477185 warm 1181696 cold 2708992
hot 483329 warm 1210880 cold 2679296
hot 489985 warm 1229824 cold 2658304
hot 498177 warm 1250816 cold 2634752
hot 505857 warm 1264128 cold 2617856
hot 517121 warm 1284096 cold 2592256
hot 526337 warm 1308672 cold 2562560
hot 530945 warm 1314816 cold 2554880
hot 538625 warm 1331200 cold 2533376
hot 544769 warm 1353728 cold 2508800
hot 550913 warm 1372160 cold 2488832
hot 556033 warm 1381888 cold 2477568
hot 564225 warm 1387008 cold 2466816
hot 162169 warm 28160 cold 2652925
hot 177147 warm 467969 cold 3902208
hot 179195 warm 488961 cold 3879168
hot 665093 warm 1580988 cold 2326843
hot 681765 warm 1587594 cold 2434693
hot 745869 warm 1554343 cold 2558566
hot 744015 warm 1540661 cold 2631958
hot 739134 warm 1538165 cold 2690535
hot 730227 warm 1537470 cold 2751337
hot 717340 warm 1535164 cold 2817730
hot 780780 warm 1521584 cold 2686460
hot 768040 warm 1504862 cold 2765509
hot 769939 warm 1490891 cold 2804794
hot 749068 warm 1479806 cold 2887950
hot 723511 warm 1471679 cold 2972834
hot 711369 warm 1473637 cold 3015786
hot 722666 warm 1472612 cold 3005514
hot 735491 warm 1471076 cold 2994225
hot 747285 warm 1474148 cold 2979359
hot 756012 warm 1474148 cold 2970632
hot 766290 warm 1478242 cold 2956260
hot 776041 warm 1478242 cold 2946509
hot 781184 warm 1486946 cold 2932662
hot 790928 warm 1488482 cold 2921382
hot 802227 warm 1493599 cold 2904966
hot 814035 warm 1497695 cold 2889062
hot 822790 warm 1502302 cold 2875700
hot 830504 warm 1506910 cold 2863378
hot 841280 warm 1514586 cold 2844926
hot 850529 warm 1519193 cold 2831070
hot 859745 warm 1521753 cold 2819294
hot 871539 warm 1524825 cold 2804428
hot 877683 warm 1534041 cold 2789068
hot 886899 warm 1539161 cold 2774732
hot 897660 warm 1539673 cold 2763459
hot 911012 warm 1537111 cold 2752669
hot 920245 warm 1546838 cold 2733709
hot 932055 warm 1549397 cold 2719340
hot 945897 warm 1548372 cold 2706523
hot 959721 warm 1552468 cold 2688603
hot 974083 warm 1554004 cold 2672705
hot 987428 warm 1552466 cold 2660898
hot 999265 warm 1553487 cold 2648040
hot 1013116 warm 1554509 cold 2633167
hot 1025414 warm 1556557 cold 2618821
hot 1036715 warm 1557069 cold 2607008
hot 1050073 warm 1559117 cold 2591602
hot 1063951 warm 1559115 cold 2577726
hot 1077278 warm 1559114 cold 2564400
hot 1091113 warm 1555016 cold 2554663
hot 1099313 warm 1557576 cold 2543903
hot 1105969 warm 0 cold 4094823
hot 1116747 warm 0 cold 4084045
hot 1066587 warm 0 cold 3872059
hot 1079911 warm 0 cold 3858735
hot 1092758 warm 1566276 cold 2279612
hot 1104030 warm 1563204 cold 2271412
hot 1116318 warm 1561668 cold 2260660
hot 1124004 warm 1561156 cold 2253486
hot 1134768 warm 0 cold 3803878
hot 1144503 warm 0 cold 3794143
hot 1160399 warm 0 cold 3778247
hot 1174249 warm 0 cold 3764397
hot 1189636 warm 0 cold 3749010
hot 1208102 warm 0 cold 3730544
hot 1228622 warm 0 cold 3710024
hot 1254236 warm 0 cold 3684410
hot 1277293 warm 0 cold 3661353
hot 1305472 warm 0 cold 3633174
hot 1329580 warm 0 cold 3609066
hot 1354204 warm 0 cold 3584442
hot 1380376 warm 0 cold 3558270
hot 1407532 warm 0 cold 3531114
hot 1435723 warm 0 cold 3502923
hot 1461906 warm 0 cold 3476740
hot 1487567 warm 0 cold 3451079
hot 1512191 warm 0 cold 3426455
hot 631264 warm 899430 cold 3407952
hot 641043 warm 0 cold 4297603
hot 648786 warm 0 cold 4289860
hot 657522 warm 0 cold 4281124
hot 666274 warm 958310 cold 3314062
hot 670914 warm 975206 cold 3292526
hot 680154 warm 988518 cold 3269974
hot 690431 warm 1002854 cold 3245361
hot 696634 warm 1019237 cold 3222775
hot 706448 warm 1035109 cold 3197089
hot 711591 warm 1050469 cold 3176586
hot 642494 warm 1065829 cold 2968689
hot 646594 warm 1068389 cold 2962029
hot 655317 warm 1071461 cold 2950234
hot 659416 warm 1079653 cold 2937943
hot 666081 warm 1087333 cold 2923598
hot 671731 warm 1091429 cold 2913852
hot 681469 warm 1085795 cold 2909748
hot 685060 warm 1092451 cold 2899501
hot 691224 warm 1094498 cold 2891290
hot 700458 warm 1096034 cold 2880520
hot 709695 warm 1097570 cold 2869747
hot 713302 warm 1101154 cold 2862556
hot 718948 warm 1103714 cold 2854350
hot 725096 warm 1104738 cold 2847178
hot 731256 warm 1109858 cold 2835898
hot 739978 warm 1111394 cold 2825640
hot 747670 warm 1112418 cold 2816924
hot 750238 warm 1119074 cold 2807700
hot 757413 warm 1119586 cold 2800013
hot 763570 warm 1120610 cold 2792832
hot 769222 warm 1125218 cold 2782572
hot 774354 warm 1127778 cold 2774880
hot 781024 warm 1129826 cold 2766162
hot 785645 warm 1131362 cold 2760005
hot 791789 warm 1134946 cold 2750277
hot 796919 warm 1139554 cold 2740539
hot 803589 warm 1142114 cold 2731309
hot 201679 warm 297472 cold 2604891
hot 203727 warm 305152 cold 3633944
hot 207823 warm 312320 cold 3622680
hot 211919 warm 318976 cold 3611928
hot 216527 warm 321536 cold 3604760
hot 219087 warm 328192 cold 3595544
hot 223695 warm 331264 cold 3587864
hot 567759 warm 1278937 cold 2296127
hot 574927 warm 0 cold 3567896
hot 582607 warm 0 cold 3561240
hot 591823 warm 0 cold 3552024
hot 603087 warm 0 cold 3540760
hot 612303 warm 0 cold 3531544
hot 618447 warm 0 cold 3525400
hot 626127 warm 0 cold 3518232
hot 632783 warm 0 cold 3511576
hot 641999 warm 0 cold 3502360
hot 652239 warm 0 cold 3492120
hot 660943 warm 0 cold 3483416
hot 672207 warm 0 cold 3472152
hot 682959 warm 0 cold 3461400
hot 693711 warm 0 cold 3450648
hot 704463 warm 0 cold 3439896
hot 715727 warm 0 cold 3428632
