hot 7 warm 314 cold 43
hot 9 warm 314 cold 43
hot 9 warm 314 cold 43
hot 9 warm 314 cold 43
hot 9 warm 314 cold 43
hot 9 warm 314 cold 43
hot 9 warm 314 cold 43
hot 9 warm 314 cold 43
hot 9 warm 314 cold 43
hot 9 warm 314 cold 43
hot 9 warm 314 cold 43
hot 9 warm 314 cold 43
hot 9 warm 314 cold 43
hot 9 warm 314 cold 43
hot 9 warm 314 cold 43
hot 9 warm 314 cold 43
hot 9 warm 314 cold 43
hot 9 warm 314 cold 43
hot 9 warm 314 cold 43
hot 9 warm 314 cold 43
hot 9 warm 314 cold 43
hot 9 warm 314 cold 43
hot 9 warm 314 cold 43
hot 9 warm 314 cold 43
hot 9 warm 314 cold 43
hot 9 warm 314 cold 43
hot 9 warm 314 cold 43
hot 9 warm 314 cold 43
hot 9 warm 314 cold 43
hot 9 warm 314 cold 43
hot 9 warm 314 cold 43
hot 9 warm 314 cold 43
hot 9 warm 314 cold 43
hot 9 warm 314 cold 43
hot 9 warm 314 cold 43
hot 9 warm 314 cold 43
hot 9 warm 314 cold 43
hot 9 warm 314 cold 43
hot 9 warm 314 cold 43
hot 9 warm 314 cold 43
hot 9 warm 314 cold 43
hot 9 warm 314 cold 43
hot 9 warm 314 cold 43
hot 9 warm 314 cold 43
hot 9 warm 314 cold 43
hot 9 warm 314 cold 43
hot 9 warm 314 cold 43
hot 9 warm 314 cold 43
hot 9 warm 314 cold 43
hot 9 warm 314 cold 43
hot 9 warm 314 cold 43
hot 9 warm 314 cold 43
hot 9 warm 314 cold 43
hot 9 warm 314 cold 43
hot 9 warm 314 cold 43
hot 9 warm 314 cold 43
hot 9 warm 314 cold 43
hot 9 warm 314 cold 43
hot 9 warm 314 cold 43
hot 9 warm 314 cold 43
hot 9 warm 314 cold 43
hot 9 warm 314 cold 43
hot 9 warm 314 cold 43
hot 9 warm 314 cold 43
hot 9 warm 314 cold 43
hot 9 warm 314 cold 43
hot 9 warm 314 cold 43
hot 9 warm 314 cold 43
hot 9 warm 314 cold 43
hot 9 warm 314 cold 43
hot 9 warm 314 cold 43
hot 9 warm 314 cold 43
hot 9 warm 314 cold 43
hot 9 warm 314 cold 43
hot 9 warm 314 cold 43
hot 9 warm 314 cold 43
hot 9 warm 314 cold 43
hot 9 warm 314 cold 43
hot 9 warm 314 cold 43
hot 9 warm 314 cold 43
hot 9 warm 314 cold 43
hot 9 warm 314 cold 43
hot 9 warm 314 cold 43
hot 9 warm 314 cold 43
hot 9 warm 314 cold 43
hot 9 warm 314 cold 43
hot 9 warm 314 cold 43
hot 9 warm 314 cold 43
hot 9 warm 314 cold 43
hot 9 warm 314 cold 43
hot 9 warm 314 cold 43
hot 9 warm 314 cold 43
hot 9 warm 314 cold 43
hot 9 warm 314 cold 43
hot 9 warm 314 cold 43
hot 9 warm 314 cold 43
hot 9 warm 314 cold 43
hot 9 warm 314 cold 43
hot 9 warm 314 cold 43
hot 9 warm 314 cold 43
hot 9 warm 314 cold 43
hot 9 warm 314 cold 43
hot 9 warm 314 cold 43
hot 9 warm 314 cold 43
hot 9 warm 314 cold 43
hot 9 warm 314 cold 43
hot 9 warm 314 cold 43
hot 9 warm 314 cold 43
hot 9 warm 314 cold 43
hot 9 warm 314 cold 43
hot 9 warm 314 cold 43
hot 9 warm 314 cold 43
hot 9 warm 314 cold 43
hot 15369 warm 314 cold 43
hot 177157 warm 314 cold 43
hot 260455 warm 0 cold 0
hot 360807 warm 0 cold 0
hot 385895 warm 0 cold 0
hot 422759 warm 0 cold 0
hot 455527 warm 0 cold 0
hot 503143 warm 0 cold 0
hot 506215 warm 0 cold 0
hot 522599 warm 0 cold 0
hot 556391 warm 0 cold 0
hot 559975 warm 0 cold 0
hot 562023 warm 0 cold 0
hot 568679 warm 0 cold 0
hot 614759 warm 0 cold 0
hot 175192 warm 47 cold 0
hot 670415 warm 0 cold 0
hot 674511 warm 0 cold 0
hot 721103 warm 0 cold 0
hot 723663 warm 0 cold 0
hot 725711 warm 0 cold 0
hot 742607 warm 0 cold 0
hot 797391 warm 0 cold 0
hot 882383 warm 0 cold 0
hot 969935 warm 0 cold 0
hot 892109 warm 0 cold 0
hot 955081 warm 0 cold 0
hot 1046725 warm 0 cold 0
hot 1131201 warm 0 cold 0
hot 1215677 warm 0 cold 0
hot 1307833 warm 0 cold 0
hot 1385141 warm 0 cold 0
hot 1469105 warm 0 cold 0
hot 1539245 warm 0 cold 0
hot 1593001 warm 0 cold 0
hot 1598629 warm 0 cold 0
hot 1665697 warm 0 cold 0
hot 1730205 warm 0 cold 0
hot 1759963 warm 0 cold 65
hot 4586200 warm 0 cold 0
hot 4587732 warm 0 cold 0
hot 168980 warm 4019212 cold 403120
hot 181264 warm 0 cold 4415164
hot 192524 warm 3999244 cold 407216
hot 203787 warm 3992076 cold 404143
hot 207371 warm 3992588 cold 400047
hot 214539 warm 3987468 cold 399535
hot 229387 warm 3973644 cold 400559
hot 246283 warm 3956748 cold 400559
hot 253465 warm 3954188 cold 312492
hot 261141 warm 3952140 cold 308908
hot 268817 warm 3950604 cold 304300
hot 277517 warm 3944972 cold 303788
hot 287753 warm 3939340 cold 301228
hot 301062 warm 3934220 cold 296619
hot 308226 warm 3932684 cold 292523
hot 322046 warm 3925516 cold 288427
hot 334842 warm 3917836 cold 285355
hot 353782 warm 3907084 cold 280747
hot 365042 warm 3904012 cold 277163
hot 380910 warm 3896844 cold 274603
hot 395754 warm 3885068 cold 273579
hot 408038 warm 3876876 cold 271019
hot 422882 warm 3869196 cold 267435
hot 435166 warm 3860492 cold 265387
hot 446938 warm 3852300 cold 263851
hot 464342 warm 3838476 cold 263339
hot 479186 warm 3827724 cold 260779
hot 493521 warm 3818508 cold 257192
hot 502221 warm 3816972 cold 253096
hot 515529 warm 3807244 cold 252072
hot 527301 warm 3801612 cold 247464
hot 349213 warm 3791372 cold 246952
hot 487965 warm 3786252 cold 245415
hot 497177 warm 3781132 cold 243367
hot 504341 warm 3776012 cold 243367
hot 136960 warm 389632 cold 1490444
hot 137980 warm 428544 cold 3958963
hot 601336 warm 3702284 cold 222375
hot 643316 warm 3662348 cold 222375
hot 678640 warm 0 cold 3851955
hot 708845 warm 0 cold 3825331
hot 741097 warm 0 cold 3794611
hot 773349 warm 0 cold 3764403
hot 811745 warm 0 cold 3728051
hot 853725 warm 3479052 cold 211623
hot 890073 warm 0 cold 3656883
hot 921813 warm 0 cold 3627187
hot 957137 warm 0 cold 3594419
hot 986317 warm 0 cold 3568307
hot 1025225 warm 3330572 cold 200871
hot 1062085 warm 0 cold 3497651
hot 1090753 warm 0 cold 3472563
hot 1129661 warm 0 cold 3436211
hot 1169593 warm 0 cold 3399347
hot 1209013 warm 0 cold 3360947
hot 1177050 warm 0 cold 3343026
hot 1191894 warm 0 cold 3329714
hot 1225682 warm 0 cold 3297970
hot 1259982 warm 0 cold 3265202
hot 1298378 warm 0 cold 3229362
hot 1326022 warm 0 cold 3202738
hot 1354690 warm 0 cold 3177650
hot 1386942 warm 0 cold 3147954
hot 1415098 warm 0 cold 3122354
hot 1456566 warm 2916364 cold 167590
hot 1489330 warm 0 cold 3053234
hot 1516974 warm 0 cold 3029170
hot 1546154 warm 0 cold 3001522
hot 1581478 warm 0 cold 2968242
hot 1615778 warm 0 cold 2937522
hot 1647006 warm 0 cold 2908850
hot 1680794 warm 0 cold 2876082
hot 1709974 warm 0 cold 2849458
hot 1740690 warm 0 cold 2819762
hot 1744270 warm 0 cold 2817202
hot 1745290 warm 0 cold 2816690
hot 1775494 warm 0 cold 2788018
hot 1811330 warm 0 cold 2753714
hot 1840510 warm 0 cold 2728626
hot 1800569 warm 0 cold 2716849
hot 1817973 warm 0 cold 2699441
hot 1850225 warm 0 cold 2668209
hot 1884013 warm 0 cold 2636465
hot 1918825 warm 0 cold 2605233
hot 1956198 warm 0 cold 2571440
hot 158051 warm 0 cold 4372656
hot 159587 warm 0 cold 4372656
hot 163171 warm 0 cold 4372144
hot 134643 warm 0 cold 4407017
hot 138231 warm 0 cold 4407009
hot 202788 warm 0 cold 4346544
hot 212512 warm 0 cold 4338352
hot 222236 warm 0 cold 4330160
hot 238104 warm 0 cold 4316848
hot 253460 warm 0 cold 4302000
hot 265232 warm 0 cold 4291248
hot 279052 warm 0 cold 4279472
hot 293384 warm 2228224 cold 2039472
hot 305156 warm 0 cold 4258992
hot 318976 warm 0 cold 4247216
hot 335356 warm 2287616 cold 1946288
hot 347640 warm 0 cold 4222640
hot 179229 warm 0 cold 4208304
hot 317980 warm 0 cold 4201648
hot 329752 warm 2332160 cold 1858224
hot 345108 warm 2343936 cold 1833136
hot 365072 warm 2352640 cold 1808048
hot 376332 warm 2370048 cold 1780400
hot 394248 warm 0 cold 4135088
hot 412164 warm 2390016 cold 1729200
hot 425984 warm 0 cold 4108464
hot 444924 warm 0 cold 4092080
hot 458745 warm 2430464 cold 1650351
hot 475125 warm 0 cold 4069039
hot 495089 warm 0 cold 4050607
hot 510957 warm 0 cold 4037295
hot 528873 warm 0 cold 4021935
hot 549861 warm 0 cold 4004527
hot 575457 warm 0 cold 3982511
hot 596957 warm 0 cold 3962543
hot 613849 warm 2482176 cold 1465007
hot 643030 warm 0 cold 3922606
hot 665554 warm 0 cold 3901102
hot 688590 warm 0 cold 3880110
hot 716234 warm 0 cold 3852974
hot 739782 warm 0 cold 3830958
hot 695327 warm 2450944 cold 1370285
hot 711707 warm 2445312 cold 1362605
hot 737303 warm 2436608 cold 1347757
hot 766483 warm 2423808 cold 1333421
hot 791055 warm 0 cold 3733677
hot 815115 warm 0 cold 3711149
hot 837639 warm 0 cold 3691181
hot 860163 warm 0 cold 3669677
hot 885759 warm 0 cold 3646637
hot 907259 warm 2398720 cold 1228461
hot 930295 warm 0 cold 3605677
hot 953331 warm 0 cold 3583661
hot 976367 warm 0 cold 3562157
hot 1002475 warm 0 cold 3538605
hot 1030631 warm 0 cold 3513005
hot 1053155 warm 0 cold 3492525
hot 1083359 warm 0 cold 3465901
hot 1111515 warm 0 cold 3440301
hot 172055 warm 0 cold 4383989
hot 177171 warm 0 cold 4380342
hot 1390616 warm 2206720 cold 960173
hot 1436180 warm 0 cold 3121837
hot 1479184 warm 0 cold 3079853
hot 1519116 warm 0 cold 3041965
hot 1496075 warm 0 cold 3022506
hot 1523207 warm 0 cold 2997418
hot 1563139 warm 0 cold 2959530
hot 1610239 warm 0 cold 2914474
hot 1654779 warm 0 cold 2873002
hot 1689079 warm 0 cold 2840234
hot 1730547 warm 0 cold 2800810
hot 1774063 warm 0 cold 2758826
hot 1820139 warm 0 cold 2714282
hot 1862119 warm 0 cold 2676394
hot 1903588 warm 0 cold 2637481
hot 1943008 warm 0 cold 2598569
hot 1985500 warm 0 cold 2557609
hot 2021336 warm 0 cold 2522793
hot 240588 warm 0 cold 4306098
hot 249292 warm 0 cold 4299442
hot 259532 warm 0 cold 4292274
hot 269260 warm 0 cold 4285618
hot 274892 warm 0 cold 4282034
hot 282572 warm 0 cold 4276402
hot 294348 warm 0 cold 4268210
hot 305100 warm 0 cold 4258994
hot 319948 warm 2024969 cold 2221737
hot 331724 warm 0 cold 4235954
hot 291273 warm 0 cold 4226738
hot 308165 warm 0 cold 4211378
hot 326081 warm 2055177 cold 2140841
hot 340925 warm 2075145 cold 2110121
hot 357305 warm 2089993 cold 2079913
hot 373173 warm 2105353 cold 2052777
hot 386481 warm 0 cold 4146866
hot 403373 warm 0 cold 4131506
hot 421289 warm 0 cold 4116658
hot 436133 warm 0 cold 4103858
hot 455073 warm 0 cold 4089010
hot 472989 warm 0 cold 4073138
hot 486809 warm 0 cold 4062386
hot 505749 warm 2217481 cold 1828521
hot 526226 warm 0 cold 4027569
hot 543630 warm 0 cold 4012209
hot 566154 warm 0 cold 3989681
hot 586630 warm 0 cold 3969713
hot 605058 warm 0 cold 3952817
hot 622974 warm 0 cold 3935409
hot 642938 warm 0 cold 3915953
hot 659830 warm 0 cold 3899569
hot 684914 warm 0 cold 3876017
