anon 0
anon_thp 0
anon 275128320
anon_thp 272629760
anon 551952384
anon_thp 549453824
anon 832970752
anon_thp 830472192
anon 1120780288
anon_thp 1117782016
anon 1403895808
anon_thp 1400897536
anon 1682817024
anon_thp 1679818752
anon 1959641088
anon_thp 1956642816
anon 2240659456
anon_thp 2237661184
anon 2517483520
anon_thp 2514485248
anon 2800599040
anon_thp 2797600768
anon 3077423104
anon_thp 3074424832
anon 3362635776
anon_thp 3359637504
anon 3647848448
anon_thp 3644850176
anon 3930963968
anon_thp 3927965696
anon 4211982336
anon_thp 4208984064
anon 4493000704
anon_thp 4490002432
anon 4776116224
anon_thp 4773117952
anon 5061328896
anon_thp 5058330624
anon 5340250112
anon_thp 5337251840
anon 5619171328
anon_thp 5616173056
anon 5900189696
anon_thp 5897191424
anon 6179110912
anon_thp 6176112640
anon 6455934976
anon_thp 6452936704
anon 6736953344
anon_thp 6733955072
anon 7015874560
anon_thp 7012876288
anon 7292698624
anon_thp 7289700352
anon 7571619840
anon_thp 7568621568
anon 7852638208
anon_thp 7849639936
anon 8121073664
anon_thp 8118075392
anon 8399994880
anon_thp 8396996608
anon 8676818944
anon_thp 8673820672
anon 8966225920
anon_thp 8963227648
anon 9247244288
anon_thp 9244246016
anon 9526165504
anon_thp 9523167232
anon 9811378176
anon_thp 9808379904
anon 10098688000
anon_thp 10095689728
anon 10381803520
anon_thp 10378805248
anon 10662821888
anon_thp 10659823616
anon 10937548800
anon_thp 10934550528
anon 11216470016
anon_thp 11213471744
anon 11497488384
anon_thp 11494490112
anon 11782701056
anon_thp 11779702784
anon 12055330816
anon_thp 12052332544
anon 12336349184
anon_thp 12333350912
anon 12621561856
anon_thp 12618563584
anon 12904677376
anon_thp 12901679104
anon 13181501440
anon_thp 13178503168
anon 13458325504
anon_thp 13455327232
anon 13743538176
anon_thp 13740539904
anon 14024556544
anon_thp 14021558272
anon 14303477760
anon_thp 14300479488
anon 14582398976
anon_thp 14579400704
anon 14861320192
anon_thp 14858321920
anon 15144435712
anon_thp 15141437440
anon 15423356928
anon_thp 15420358656
anon 15706472448
anon_thp 15703474176
anon 15989587968
anon_thp 15986589696
anon 16270606336
anon_thp 16267608064
anon 16553721856
anon_thp 16550723584
anon 16836837376
anon_thp 16833839104
anon 17136730112
anon_thp 17133731840
anon 17413554176
anon_thp 17410555904
anon 17686183936
anon_thp 17683185664
anon 17960910848
anon_thp 17957912576
anon 19041271808
anon_thp 19033751552
anon 19041271808
anon_thp 19033751552
anon 19039174656
anon_thp 19031654400
anon 19041271808
anon_thp 19033751552
anon 19041271808
anon_thp 19033751552
anon 19041271808
anon_thp 19033751552
anon 19041271808
anon_thp 19033751552
anon 19041271808
anon_thp 19033751552
anon 19041271808
anon_thp 19033751552
anon 19041271808
anon_thp 19033751552
anon 19041271808
anon_thp 19033751552
anon 19041271808
anon_thp 19033751552
anon 19041271808
anon_thp 19033751552
anon 19041271808
anon_thp 19033751552
anon 19041271808
anon_thp 19033751552
anon 19041271808
anon_thp 19033751552
anon 19041271808
anon_thp 19033751552
anon 19041271808
anon_thp 19033751552
anon 19041271808
anon_thp 19033751552
anon 19041271808
anon_thp 19033751552
anon 19041271808
anon_thp 19033751552
anon 19043041280
anon_thp 19037945856
anon 19043041280
anon_thp 19037945856
anon 19043041280
anon_thp 19037945856
anon 19040944128
anon_thp 19035848704
anon 19043041280
anon_thp 19037945856
anon 19043041280
anon_thp 19037945856
anon 19043041280
anon_thp 19037945856
anon 19043041280
anon_thp 19037945856
anon 19043041280
anon_thp 19037945856
anon 19043041280
anon_thp 19037945856
anon 19043041280
anon_thp 19037945856
anon 19043041280
anon_thp 19037945856
anon 19043041280
anon_thp 19037945856
anon 19043041280
anon_thp 19037945856
anon 19043041280
anon_thp 19037945856
anon 19043041280
anon_thp 19037945856
anon 19043041280
anon_thp 19037945856
anon 19043041280
anon_thp 19037945856
anon 19043041280
anon_thp 19037945856
anon 19043041280
anon_thp 19037945856
anon 19043041280
anon_thp 19037945856
anon 19043041280
anon_thp 19037945856
anon 19043041280
anon_thp 19037945856
anon 19043041280
anon_thp 19037945856
anon 19043041280
anon_thp 19037945856
anon 19043041280
anon_thp 19037945856
anon 19043041280
anon_thp 19037945856
anon 19043041280
anon_thp 19037945856
anon 19043041280
anon_thp 19037945856
anon 19043041280
anon_thp 19037945856
anon 19043041280
anon_thp 19037945856
anon 19043041280
anon_thp 19037945856
anon 19043041280
anon_thp 19037945856
anon 19043041280
anon_thp 19037945856
anon 19043041280
anon_thp 19037945856
anon 19043041280
anon_thp 19037945856
anon 19043041280
anon_thp 19037945856
anon 19043041280
anon_thp 19037945856
anon 19043041280
anon_thp 19037945856
anon 19043041280
anon_thp 19037945856
anon 19043041280
anon_thp 19037945856
anon 19043041280
anon_thp 19037945856
anon 19043041280
anon_thp 19037945856
anon 19043041280
anon_thp 19037945856
anon 19043041280
anon_thp 19037945856
anon 19043041280
anon_thp 19037945856
anon 19043041280
anon_thp 19037945856
anon 19043041280
anon_thp 19037945856
anon 19043041280
anon_thp 19037945856
anon 19043041280
anon_thp 19037945856
anon 19043041280
anon_thp 19037945856
anon 19043041280
anon_thp 19037945856
anon 19043041280
anon_thp 19037945856
anon 19043041280
anon_thp 19037945856
anon 19043041280
anon_thp 19037945856
anon 19043041280
anon_thp 19037945856
anon 19043041280
anon_thp 19037945856
anon 19043041280
anon_thp 19037945856
anon 19043041280
anon_thp 19037945856
anon 19043041280
anon_thp 19037945856
anon 19043041280
anon_thp 19037945856
anon 19043041280
anon_thp 19037945856
anon 19043041280
anon_thp 19037945856
anon 19043041280
anon_thp 19037945856
anon 19043041280
anon_thp 19037945856
anon 19043041280
anon_thp 19037945856
anon 19043041280
anon_thp 19037945856
anon 19043041280
anon_thp 19037945856
anon 19043041280
anon_thp 19037945856
anon 19040944128
anon_thp 19035848704
anon 19043041280
anon_thp 19037945856
anon 19043041280
anon_thp 19037945856
anon 19043041280
anon_thp 19037945856
anon 19043041280
anon_thp 19037945856
anon 19043041280
anon_thp 19037945856
anon 19043041280
anon_thp 19037945856
anon 19043041280
anon_thp 19037945856
anon 19043041280
anon_thp 19037945856
anon 19043041280
anon_thp 19037945856
anon 19043041280
anon_thp 19037945856
anon 19043041280
anon_thp 19037945856
anon 19043041280
anon_thp 19037945856
anon 19043041280
anon_thp 19037945856
anon 19043041280
anon_thp 19037945856
anon 19043041280
anon_thp 19037945856
anon 19043041280
anon_thp 19037945856
anon 19043041280
anon_thp 19037945856
anon 19043041280
anon_thp 19037945856
anon 19043041280
anon_thp 19037945856
anon 19043041280
anon_thp 19037945856
anon 17999687680
anon_thp 17997758464
anon 19043041280
anon_thp 19037945856
anon 19043041280
anon_thp 19037945856
anon 19043041280
anon_thp 19037945856
anon 19043041280
anon_thp 19037945856
anon 19043041280
anon_thp 19037945856
anon 19043041280
anon_thp 19037945856
anon 19043041280
anon_thp 19037945856
anon 19043041280
anon_thp 19037945856
anon 19043041280
anon_thp 19037945856
anon 19043041280
anon_thp 19037945856
anon 19043041280
anon_thp 19037945856
anon 19043041280
anon_thp 19037945856
anon 19043041280
anon_thp 19037945856
anon 19043041280
anon_thp 19037945856
anon 19043041280
anon_thp 19037945856
anon 19043041280
anon_thp 19037945856
anon 19043041280
anon_thp 19037945856
anon 19043041280
anon_thp 19037945856
anon 19043041280
anon_thp 19037945856
anon 19043041280
anon_thp 19037945856
anon 19043041280
anon_thp 19037945856
anon 19043041280
anon_thp 19037945856
anon 19043041280
anon_thp 19037945856
anon 19043041280
anon_thp 19037945856
anon 19043041280
anon_thp 19037945856
anon 19043041280
anon_thp 19037945856
anon 19043041280
anon_thp 19037945856
anon 19043041280
anon_thp 19037945856
anon 19043041280
anon_thp 19037945856
anon 19043041280
anon_thp 19037945856
anon 19043041280
anon_thp 19037945856
anon 19043041280
anon_thp 19037945856
anon 19043041280
anon_thp 19037945856
anon 19043041280
anon_thp 19037945856
anon 19043041280
anon_thp 19037945856
anon 19043041280
anon_thp 19037945856
anon 19043041280
anon_thp 19037945856
anon 19043041280
anon_thp 19037945856
anon 19043041280
anon_thp 19037945856
anon 19043041280
anon_thp 19037945856
anon 19043041280
anon_thp 19037945856
anon 19043041280
anon_thp 19037945856
anon 19043041280
anon_thp 19037945856
anon 19043041280
anon_thp 19037945856
anon 19043041280
anon_thp 19037945856
anon 19043041280
anon_thp 19037945856
anon 19043041280
anon_thp 19037945856
anon 19043041280
anon_thp 19037945856
anon 19043041280
anon_thp 19037945856
anon 19043041280
anon_thp 19037945856
anon 19043041280
anon_thp 19037945856
anon 18094936064
anon_thp 18092130304
anon 19043041280
anon_thp 19037945856
anon 19043041280
anon_thp 19037945856
anon 19043041280
anon_thp 19037945856
anon 19043041280
anon_thp 19037945856
anon 19043041280
anon_thp 19037945856
anon 19043041280
anon_thp 19037945856
anon 19043041280
anon_thp 19037945856
anon 19043041280
anon_thp 19037945856
anon 19043041280
anon_thp 19037945856
anon 19043041280
anon_thp 19037945856
anon 19043041280
anon_thp 19037945856
anon 19043041280
anon_thp 19037945856
anon 19043041280
anon_thp 19037945856
anon 19043041280
anon_thp 19037945856
anon 19043041280
anon_thp 19037945856
anon 19043041280
anon_thp 19037945856
anon 19043041280
anon_thp 19037945856
anon 19043041280
anon_thp 19037945856
anon 19043041280
anon_thp 19037945856
anon 19043041280
anon_thp 19037945856
anon 19043041280
anon_thp 19037945856
anon 19043041280
anon_thp 19037945856
anon 19043041280
anon_thp 19037945856
anon 19043041280
anon_thp 19037945856
anon 19043041280
anon_thp 19037945856
anon 19043041280
anon_thp 19037945856
anon 19043041280
anon_thp 19037945856
anon 19043041280
anon_thp 19037945856
anon 19043041280
anon_thp 19037945856
anon 19043041280
anon_thp 19037945856
anon 19043041280
anon_thp 19037945856
anon 19043041280
anon_thp 19037945856
anon 19043041280
anon_thp 19037945856
anon 19043041280
anon_thp 19037945856
anon 19038846976
anon_thp 19033751552
anon 19043041280
anon_thp 19037945856
anon 19043041280
anon_thp 19037945856
anon 19043041280
anon_thp 19037945856
anon 19043041280
anon_thp 19037945856
anon 19043041280
anon_thp 19037945856
anon 19043041280
anon_thp 19037945856
anon 19043041280
anon_thp 19037945856
anon 19043041280
anon_thp 19037945856
anon 19040944128
anon_thp 19035848704
anon 19043041280
anon_thp 19037945856
anon 19043041280
anon_thp 19037945856
anon 19043041280
anon_thp 19037945856
anon 18701586432
anon_thp 18698207232
anon 19040944128
anon_thp 19035848704
anon 19043041280
anon_thp 19037945856
anon 19043041280
anon_thp 19037945856
anon 19043041280
anon_thp 19037945856
anon 19043041280
anon_thp 19037945856
anon 19043041280
anon_thp 19037945856
anon 19043041280
anon_thp 19037945856
anon 19043041280
anon_thp 19037945856
anon 19043041280
anon_thp 19037945856
anon 19043041280
anon_thp 19037945856
anon 19043041280
anon_thp 19037945856
anon 19043041280
anon_thp 19037945856
anon 19043041280
anon_thp 19037945856
anon 19043041280
anon_thp 19037945856
anon 19043041280
anon_thp 19037945856
anon 19043041280
anon_thp 19037945856
anon 19043041280
anon_thp 19037945856
anon 19043041280
anon_thp 19037945856
anon 19043041280
anon_thp 19037945856
anon 19043041280
anon_thp 19037945856
anon 19043041280
anon_thp 19037945856
anon 19043041280
anon_thp 19037945856
anon 19043041280
anon_thp 19037945856
anon 19043041280
anon_thp 19037945856
anon 19043041280
anon_thp 19037945856
anon 19043041280
anon_thp 19037945856
anon 19043041280
anon_thp 19037945856
anon 19043041280
anon_thp 19037945856
anon 19043041280
anon_thp 19037945856
anon 19043041280
anon_thp 19037945856
anon 19043041280
anon_thp 19037945856
anon 19043041280
anon_thp 19037945856
anon 19043041280
anon_thp 19037945856
anon 19043041280
anon_thp 19037945856
anon 19043041280
anon_thp 19037945856
anon 19043041280
anon_thp 19037945856
anon 19043041280
anon_thp 19037945856
anon 19043041280
anon_thp 19037945856
anon 19043041280
anon_thp 19037945856
anon 19043041280
anon_thp 19037945856
anon 19043041280
anon_thp 19037945856
anon 19043041280
anon_thp 19037945856
anon 19043041280
anon_thp 19037945856
anon 19043041280
anon_thp 19037945856
anon 19043041280
anon_thp 19037945856
anon 19043041280
anon_thp 19037945856
anon 19043041280
anon_thp 19037945856
anon 19043041280
anon_thp 19037945856
anon 19043041280
anon_thp 19037945856
anon 19043041280
anon_thp 19037945856
anon 19043041280
anon_thp 19037945856
anon 19043041280
anon_thp 19037945856
anon 18720460800
anon_thp 18717081600
anon 19043041280
anon_thp 19037945856
anon 19043041280
anon_thp 19037945856
anon 19043041280
anon_thp 19037945856
anon 19043041280
anon_thp 19037945856
anon 19043041280
anon_thp 19037945856
anon 19043041280
anon_thp 19037945856
anon 19043041280
anon_thp 19037945856
anon 19043041280
anon_thp 19037945856
anon 19043041280
anon_thp 19037945856
anon 19043041280
anon_thp 19037945856
anon 19043041280
anon_thp 19037945856
anon 19043041280
anon_thp 19037945856
anon 19043041280
anon_thp 19037945856
anon 19043041280
anon_thp 19037945856
anon 19043041280
anon_thp 19037945856
anon 19043041280
anon_thp 19037945856
anon 19043041280
anon_thp 19037945856
anon 19043041280
anon_thp 19037945856
anon 19043041280
anon_thp 19037945856
anon 19043041280
anon_thp 19037945856
anon 19043041280
anon_thp 19037945856
anon 19043041280
anon_thp 19037945856
anon 19043041280
anon_thp 19037945856
anon 19043041280
anon_thp 19037945856
anon 19043041280
anon_thp 19037945856
anon 19043041280
anon_thp 19037945856
anon 19043041280
anon_thp 19037945856
anon 19043041280
anon_thp 19037945856
anon 19043041280
anon_thp 19037945856
anon 19043041280
anon_thp 19037945856
anon 19043041280
anon_thp 19037945856
anon 19043041280
anon_thp 19037945856
anon 19043041280
anon_thp 19037945856
anon 19043041280
anon_thp 19037945856
anon 19043041280
anon_thp 19037945856
anon 19043041280
anon_thp 19037945856
anon 19043041280
anon_thp 19037945856
anon 19043041280
anon_thp 19037945856
anon 19043041280
anon_thp 19037945856
anon 19043041280
anon_thp 19037945856
anon 19043041280
anon_thp 19037945856
anon 19043041280
anon_thp 19037945856
anon 19043041280
anon_thp 19037945856
anon 19043041280
anon_thp 19037945856
anon 19043041280
anon_thp 19037945856
anon 19043041280
anon_thp 19037945856
anon 19043041280
anon_thp 19037945856
anon 19043041280
anon_thp 19037945856
anon 19043041280
anon_thp 19037945856
anon 19043041280
anon_thp 19037945856
anon 19043041280
anon_thp 19037945856
anon 19043041280
anon_thp 19037945856
anon 18884038656
anon_thp 18880659456
anon 19043041280
anon_thp 19037945856
anon 19043041280
anon_thp 19037945856
anon 19043041280
anon_thp 19037945856
anon 19043041280
anon_thp 19037945856
anon 19043041280
anon_thp 19037945856
anon 19043041280
anon_thp 19037945856
anon 19043041280
anon_thp 19037945856
anon 19043041280
anon_thp 19037945856
anon 19043041280
anon_thp 19037945856
anon 19043041280
anon_thp 19037945856
anon 19043041280
anon_thp 19037945856
anon 19043041280
anon_thp 19037945856
anon 19043041280
anon_thp 19037945856
anon 19043041280
anon_thp 19037945856
anon 19043041280
anon_thp 19037945856
anon 19043041280
anon_thp 19037945856
anon 19043041280
anon_thp 19037945856
anon 19043041280
anon_thp 19037945856
anon 19043041280
anon_thp 19037945856
anon 19043041280
anon_thp 19037945856
anon 19043041280
anon_thp 19037945856
anon 19043041280
anon_thp 19037945856
anon 19043041280
anon_thp 19037945856
anon 19043041280
anon_thp 19037945856
anon 19043041280
anon_thp 19037945856
anon 19043041280
anon_thp 19037945856
anon 19043041280
anon_thp 19037945856
anon 19043041280
anon_thp 19037945856
anon 19043041280
anon_thp 19037945856
anon 19043041280
anon_thp 19037945856
anon 19043041280
anon_thp 19037945856
anon 19043041280
anon_thp 19037945856
anon 19043041280
anon_thp 19037945856
anon 19043041280
anon_thp 19037945856
anon 19043041280
anon_thp 19037945856
anon 19043041280
anon_thp 19037945856
anon 19043041280
anon_thp 19037945856
anon 19043041280
anon_thp 19037945856
anon 19043041280
anon_thp 19037945856
anon 19043041280
anon_thp 19037945856
anon 19043041280
anon_thp 19037945856
anon 19043041280
anon_thp 19037945856
anon 19043041280
anon_thp 19037945856
anon 19043041280
anon_thp 19037945856
anon 19043041280
anon_thp 19037945856
anon 19043041280
anon_thp 19037945856
anon 19043041280
anon_thp 19037945856
anon 19043041280
anon_thp 19037945856
anon 19043041280
anon_thp 19037945856
anon 19043041280
anon_thp 19037945856
anon 19043041280
anon_thp 19037945856
anon 19043041280
anon_thp 19037945856
anon 19043041280
anon_thp 19037945856
anon 19043041280
anon_thp 19037945856
anon 19043041280
anon_thp 19037945856
anon 19043041280
anon_thp 19037945856
anon 19043041280
anon_thp 19037945856
anon 19043041280
anon_thp 19037945856
anon 19043041280
anon_thp 19037945856
anon 19043041280
anon_thp 19037945856
anon 19043041280
anon_thp 19037945856
anon 19043041280
anon_thp 19037945856
anon 19043041280
anon_thp 19037945856
anon 19043041280
anon_thp 19037945856
anon 19043041280
anon_thp 19037945856
anon 19043041280
anon_thp 19037945856
anon 19043041280
anon_thp 19037945856
anon 19043041280
anon_thp 19037945856
anon 19043041280
anon_thp 19037945856
anon 19043041280
anon_thp 19037945856
anon 19043041280
anon_thp 19037945856
anon 19043041280
anon_thp 19037945856
anon 19043041280
anon_thp 19037945856
anon 19043041280
anon_thp 19037945856
anon 19043041280
anon_thp 19037945856
anon 19043041280
anon_thp 19037945856
anon 19043041280
anon_thp 19037945856
anon 19043041280
anon_thp 19037945856
anon 19043041280
anon_thp 19037945856
anon 19043041280
anon_thp 19037945856
anon 19043041280
anon_thp 19037945856
anon 19043041280
anon_thp 19037945856
anon 19043041280
anon_thp 19037945856
anon 19043041280
anon_thp 19037945856
anon 19043041280
anon_thp 19037945856
anon 19043041280
anon_thp 19037945856
anon 19043041280
anon_thp 19037945856
anon 19043041280
anon_thp 19037945856
anon 19043041280
anon_thp 19037945856
anon 19043041280
anon_thp 19037945856
anon 19043041280
anon_thp 19037945856
anon 18222862336
anon_thp 18220056576
anon 19043041280
anon_thp 19037945856
anon 19043041280
anon_thp 19037945856
anon 19043041280
anon_thp 19037945856
anon 19043041280
anon_thp 19037945856
anon 19043041280
anon_thp 19037945856
anon 19043041280
anon_thp 19037945856
anon 19043041280
anon_thp 19037945856
anon 19043041280
anon_thp 19037945856
anon 19043041280
anon_thp 19037945856
anon 19043041280
anon_thp 19037945856
anon 19043041280
anon_thp 19037945856
anon 19043041280
anon_thp 19037945856
anon 19043041280
anon_thp 19037945856
anon 19043041280
anon_thp 19037945856
anon 19043041280
anon_thp 19037945856
anon 19043041280
anon_thp 19037945856
anon 19043041280
anon_thp 19037945856
anon 19043041280
anon_thp 19037945856
anon 19043041280
anon_thp 19037945856
anon 19043041280
anon_thp 19037945856
anon 19043041280
anon_thp 19037945856
anon 19040944128
anon_thp 19035848704
anon 19043041280
anon_thp 19037945856
anon 19040944128
anon_thp 19035848704
anon 19043041280
anon_thp 19037945856
anon 19043041280
anon_thp 19037945856
anon 19043041280
anon_thp 19037945856
anon 19043041280
anon_thp 19037945856
anon 19043041280
anon_thp 19037945856
anon 19043041280
anon_thp 19037945856
anon 19043041280
anon_thp 19037945856
anon 19043041280
anon_thp 19037945856
anon 19043041280
anon_thp 19037945856
anon 19043041280
anon_thp 19037945856
anon 19043041280
anon_thp 19037945856
anon 19043041280
anon_thp 19037945856
anon 19043041280
anon_thp 19037945856
anon 19043041280
anon_thp 19037945856
anon 19043041280
anon_thp 19037945856
anon 19043041280
anon_thp 19037945856
anon 19043041280
anon_thp 19037945856
anon 19043041280
anon_thp 19037945856
anon 19043041280
anon_thp 19037945856
anon 19043041280
anon_thp 19037945856
anon 19043041280
anon_thp 19037945856
anon 19043041280
anon_thp 19037945856
