pgmigrate_success 19180232
pgmigrate_success 19180235
pgmigrate_success 19180235
pgmigrate_success 19180235
pgmigrate_success 19180235
pgmigrate_success 19180235
pgmigrate_success 19180235
pgmigrate_success 19180235
pgmigrate_success 19180235
pgmigrate_success 19180235
pgmigrate_success 19180235
pgmigrate_success 19180235
pgmigrate_success 19180235
pgmigrate_success 19180235
pgmigrate_success 19180235
pgmigrate_success 19180235
pgmigrate_success 19180235
pgmigrate_success 19180235
pgmigrate_success 19180235
pgmigrate_success 19180235
pgmigrate_success 19180235
pgmigrate_success 19180235
pgmigrate_success 19180235
pgmigrate_success 19180235
pgmigrate_success 19180235
pgmigrate_success 19180235
pgmigrate_success 19180235
pgmigrate_success 19180235
pgmigrate_success 19180235
pgmigrate_success 19180235
pgmigrate_success 19180235
pgmigrate_success 19180235
pgmigrate_success 19180235
pgmigrate_success 19180235
pgmigrate_success 19180235
pgmigrate_success 19180235
pgmigrate_success 19180235
pgmigrate_success 19180235
pgmigrate_success 19180235
pgmigrate_success 19180235
pgmigrate_success 19180235
pgmigrate_success 19180235
pgmigrate_success 19180235
pgmigrate_success 19180235
pgmigrate_success 19180235
pgmigrate_success 19180235
pgmigrate_success 19180235
pgmigrate_success 19180235
pgmigrate_success 19180235
pgmigrate_success 19180235
pgmigrate_success 19180235
pgmigrate_success 19180235
pgmigrate_success 19180235
pgmigrate_success 19180235
pgmigrate_success 19180235
pgmigrate_success 19180235
pgmigrate_success 19180235
pgmigrate_success 19180235
pgmigrate_success 19180235
pgmigrate_success 19180235
pgmigrate_success 19180235
pgmigrate_success 19180235
pgmigrate_success 19191554
pgmigrate_success 19341065
pgmigrate_success 19369346
pgmigrate_success 19371085
pgmigrate_success 19372006
pgmigrate_success 19379661
pgmigrate_success 19379661
pgmigrate_success 19379661
pgmigrate_success 19379661
pgmigrate_success 19379661
pgmigrate_success 19379661
pgmigrate_success 19379661
pgmigrate_success 19379661
pgmigrate_success 19390542
pgmigrate_success 19438218
pgmigrate_success 19438230
pgmigrate_success 19438230
pgmigrate_success 19475107
pgmigrate_success 19481775
pgmigrate_success 19482435
pgmigrate_success 19482466
pgmigrate_success 19482466
pgmigrate_success 19482466
pgmigrate_success 19482466
pgmigrate_success 19497826
pgmigrate_success 19613028
pgmigrate_success 19613028
pgmigrate_success 19613028
pgmigrate_success 19613028
pgmigrate_success 19613028
pgmigrate_success 19613028
pgmigrate_success 19613028
pgmigrate_success 19613028
pgmigrate_success 19613028
pgmigrate_success 19619122
pgmigrate_success 19627828
pgmigrate_success 19633972
pgmigrate_success 19642676
pgmigrate_success 19652917
pgmigrate_success 19667253
pgmigrate_success 19679030
pgmigrate_success 19686211
pgmigrate_success 19686223
pgmigrate_success 19686223
pgmigrate_success 19686223
pgmigrate_success 19686223
pgmigrate_success 19686228
pgmigrate_success 19686228
pgmigrate_success 19686228
pgmigrate_success 19686228
pgmigrate_success 19686228
pgmigrate_success 19686228
pgmigrate_success 19686228
pgmigrate_success 19686228
pgmigrate_success 19686228
pgmigrate_success 19686228
pgmigrate_success 19686228
pgmigrate_success 19686228
pgmigrate_success 19686228
pgmigrate_success 19686741
pgmigrate_success 19686941
pgmigrate_success 19687217
pgmigrate_success 19687217
pgmigrate_success 19687217
pgmigrate_success 19687217
pgmigrate_success 19687528
pgmigrate_success 19687528
pgmigrate_success 19687528
pgmigrate_success 19687528
pgmigrate_success 19687529
pgmigrate_success 19729006
pgmigrate_success 19729518
pgmigrate_success 19729518
pgmigrate_success 19729518
pgmigrate_success 19729518
pgmigrate_success 19729518
pgmigrate_success 19729518
pgmigrate_success 19729518
pgmigrate_success 19729518
pgmigrate_success 19729518
pgmigrate_success 19729519
pgmigrate_success 19729519
pgmigrate_success 19729519
pgmigrate_success 19729519
pgmigrate_success 19731112
pgmigrate_success 19731112
pgmigrate_success 19735964
pgmigrate_success 19736112
pgmigrate_success 19736176
pgmigrate_success 19736176
pgmigrate_success 19802322
pgmigrate_success 19807145
pgmigrate_success 19808473
pgmigrate_success 19809034
pgmigrate_success 19809048
pgmigrate_success 19809060
pgmigrate_success 19814234
pgmigrate_success 19819878
pgmigrate_success 19827578
pgmigrate_success 19828602
pgmigrate_success 19830138
pgmigrate_success 19832698
pgmigrate_success 19835258
pgmigrate_success 19835782
pgmigrate_success 19836306
pgmigrate_success 19838878
pgmigrate_success 19840938
pgmigrate_success 19841019
pgmigrate_success 19841193
pgmigrate_success 19841512
pgmigrate_success 19885556
pgmigrate_success 19889652
pgmigrate_success 19894772
pgmigrate_success 19899380
pgmigrate_success 19900404
pgmigrate_success 19902964
pgmigrate_success 19907060
pgmigrate_success 19909120
pgmigrate_success 19909132
pgmigrate_success 19909656
pgmigrate_success 19909668
pgmigrate_success 19915338
pgmigrate_success 19922025
pgmigrate_success 19923165
pgmigrate_success 19923177
pgmigrate_success 19925751
pgmigrate_success 19927299
pgmigrate_success 19927311
pgmigrate_success 19927323
pgmigrate_success 19927335
pgmigrate_success 19927347
pgmigrate_success 19927359
pgmigrate_success 19930443
pgmigrate_success 19932503
pgmigrate_success 19933539
pgmigrate_success 19933551
pgmigrate_success 19935099
pgmigrate_success 19935623
pgmigrate_success 19936147
pgmigrate_success 19938211
pgmigrate_success 19938735
pgmigrate_success 19938747
pgmigrate_success 19938759
pgmigrate_success 19938771
pgmigrate_success 19939808
pgmigrate_success 19939820
pgmigrate_success 19939832
pgmigrate_success 19940887
pgmigrate_success 19940941
pgmigrate_success 19940953
pgmigrate_success 19940969
pgmigrate_success 19940981
pgmigrate_success 19940993
pgmigrate_success 19941005
pgmigrate_success 19941017
pgmigrate_success 19941075
pgmigrate_success 19941087
pgmigrate_success 19942636
pgmigrate_success 19943163
pgmigrate_success 19943175
pgmigrate_success 19943699
pgmigrate_success 19944223
pgmigrate_success 19944235
pgmigrate_success 19953963
pgmigrate_success 19954475
pgmigrate_success 19954475
pgmigrate_success 19954475
pgmigrate_success 19954475
pgmigrate_success 19954475
pgmigrate_success 19957036
pgmigrate_success 19963180
pgmigrate_success 19969836
pgmigrate_success 19972908
pgmigrate_success 19978552
pgmigrate_success 19981124
pgmigrate_success 19986258
pgmigrate_success 20035410
pgmigrate_success 20042578
pgmigrate_success 20048210
pgmigrate_success 20055378
pgmigrate_success 20059986
pgmigrate_success 20066130
pgmigrate_success 20068178
pgmigrate_success 20068178
pgmigrate_success 20070226
pgmigrate_success 20070226
pgmigrate_success 20074834
pgmigrate_success 20079495
pgmigrate_success 20086663
pgmigrate_success 20088199
pgmigrate_success 20089223
pgmigrate_success 20089735
pgmigrate_success 20091783
pgmigrate_success 20099463
pgmigrate_success 20101511
pgmigrate_success 20102023
pgmigrate_success 20104071
pgmigrate_success 20105106
pgmigrate_success 20105106
pgmigrate_success 20106664
pgmigrate_success 20107199
pgmigrate_success 20111809
pgmigrate_success 20113345
pgmigrate_success 20113345
pgmigrate_success 20115401
pgmigrate_success 20117449
pgmigrate_success 20117449
pgmigrate_success 20120534
pgmigrate_success 20122588
pgmigrate_success 20124124
pgmigrate_success 20124637
pgmigrate_success 20124637
pgmigrate_success 20155870
pgmigrate_success 20155870
pgmigrate_success 20155870
pgmigrate_success 20155870
pgmigrate_success 20155870
pgmigrate_success 20155870
pgmigrate_success 20155870
pgmigrate_success 20155906
pgmigrate_success 20155906
pgmigrate_success 20155906
pgmigrate_success 20155906
pgmigrate_success 20155906
pgmigrate_success 20155906
pgmigrate_success 20155906
pgmigrate_success 20155906
pgmigrate_success 20155906
pgmigrate_success 20155906
pgmigrate_success 20155906
pgmigrate_success 20155906
pgmigrate_success 20155906
pgmigrate_success 20155906
pgmigrate_success 20155906
pgmigrate_success 20155906
pgmigrate_success 20155906
pgmigrate_success 20155906
pgmigrate_success 20155906
pgmigrate_success 20155906
pgmigrate_success 20155906
pgmigrate_success 20155906
pgmigrate_success 20155906
pgmigrate_success 20155906
pgmigrate_success 20155906
pgmigrate_success 20155906
pgmigrate_success 20155906
pgmigrate_success 20155906
pgmigrate_success 20155906
pgmigrate_success 20155906
pgmigrate_success 20155906
pgmigrate_success 20155906
pgmigrate_success 20155949
pgmigrate_success 20155949
pgmigrate_success 20155949
pgmigrate_success 20155949
pgmigrate_success 20155949
pgmigrate_success 20155949
pgmigrate_success 20155949
pgmigrate_success 20155949
pgmigrate_success 20155949
pgmigrate_success 20155949
pgmigrate_success 20155949
pgmigrate_success 20155949
pgmigrate_success 20156461
pgmigrate_success 20156461
pgmigrate_success 20156461
pgmigrate_success 20156973
pgmigrate_success 20156973
pgmigrate_success 20156973
pgmigrate_success 20156973
pgmigrate_success 20156973
pgmigrate_success 20156973
pgmigrate_success 20156973
pgmigrate_success 20156973
pgmigrate_success 20156973
pgmigrate_success 20156973
pgmigrate_success 20156973
pgmigrate_success 20156973
pgmigrate_success 20156973
pgmigrate_success 20156973
pgmigrate_success 20156973
pgmigrate_success 20156973
pgmigrate_success 20157015
pgmigrate_success 20157015
pgmigrate_success 20157015
pgmigrate_success 20157015
pgmigrate_success 20157015
pgmigrate_success 20157015
pgmigrate_success 20157015
pgmigrate_success 20157015
pgmigrate_success 20157015
pgmigrate_success 20157015
pgmigrate_success 20157015
pgmigrate_success 20157015
pgmigrate_success 20157015
pgmigrate_success 20157015
pgmigrate_success 20157015
pgmigrate_success 20157016
pgmigrate_success 20157016
pgmigrate_success 20157016
pgmigrate_success 20157016
pgmigrate_success 20157016
pgmigrate_success 20157016
pgmigrate_success 20157016
pgmigrate_success 20157016
pgmigrate_success 20157016
pgmigrate_success 20157016
pgmigrate_success 20157016
pgmigrate_success 20157016
pgmigrate_success 20157016
pgmigrate_success 20157016
pgmigrate_success 20157016
pgmigrate_success 20157016
pgmigrate_success 20157016
pgmigrate_success 20157055
pgmigrate_success 20157055
pgmigrate_success 20157055
pgmigrate_success 20157055
pgmigrate_success 20157055
pgmigrate_success 20157055
pgmigrate_success 20157055
pgmigrate_success 20157055
pgmigrate_success 20157055
pgmigrate_success 20157055
pgmigrate_success 20157055
pgmigrate_success 20157055
pgmigrate_success 20157055
pgmigrate_success 20157055
pgmigrate_success 20157055
pgmigrate_success 20157055
pgmigrate_success 20157055
pgmigrate_success 20157055
pgmigrate_success 20157055
pgmigrate_success 20157055
pgmigrate_success 20157055
pgmigrate_success 20157055
pgmigrate_success 20157055
pgmigrate_success 20157055
pgmigrate_success 20157055
pgmigrate_success 20157055
pgmigrate_success 20157055
pgmigrate_success 20157055
pgmigrate_success 20157055
pgmigrate_success 20157055
pgmigrate_success 20157055
pgmigrate_success 20157055
pgmigrate_success 20157091
pgmigrate_success 20157091
pgmigrate_success 20157091
pgmigrate_success 20157091
pgmigrate_success 20157091
pgmigrate_success 20157091
pgmigrate_success 20157091
pgmigrate_success 20157091
pgmigrate_success 20157091
pgmigrate_success 20157091
pgmigrate_success 20157091
pgmigrate_success 20157091
pgmigrate_success 20157091
pgmigrate_success 20157091
pgmigrate_success 20157091
pgmigrate_success 20157091
pgmigrate_success 20157091
pgmigrate_success 20160176
pgmigrate_success 20162224
pgmigrate_success 20163251
pgmigrate_success 20163251
pgmigrate_success 20163251
pgmigrate_success 20164275
pgmigrate_success 20165299
pgmigrate_success 20166323
pgmigrate_success 20167347
pgmigrate_success 20167347
pgmigrate_success 20167347
pgmigrate_success 20171955
pgmigrate_success 20171955
pgmigrate_success 20172467
pgmigrate_success 20172467
pgmigrate_success 20172507
pgmigrate_success 20172507
pgmigrate_success 20172507
pgmigrate_success 20172507
pgmigrate_success 20172507
pgmigrate_success 20172507
pgmigrate_success 20172507
pgmigrate_success 20172507
pgmigrate_success 20172507
pgmigrate_success 20172507
pgmigrate_success 20172507
pgmigrate_success 20172507
pgmigrate_success 20172507
pgmigrate_success 20172507
pgmigrate_success 20172507
pgmigrate_success 20172507
pgmigrate_success 20172507
pgmigrate_success 20172507
pgmigrate_success 20172507
pgmigrate_success 20172507
pgmigrate_success 20172507
pgmigrate_success 20172507
pgmigrate_success 20172507
pgmigrate_success 20172507
pgmigrate_success 20172507
pgmigrate_success 20172507
pgmigrate_success 20172507
pgmigrate_success 20172507
pgmigrate_success 20172507
pgmigrate_success 20172507
pgmigrate_success 20172507
pgmigrate_success 20172507
pgmigrate_success 20172547
pgmigrate_success 20172547
pgmigrate_success 20172547
pgmigrate_success 20172547
pgmigrate_success 20172547
pgmigrate_success 20172547
pgmigrate_success 20172547
pgmigrate_success 20172547
pgmigrate_success 20172547
pgmigrate_success 20172547
pgmigrate_success 20172547
pgmigrate_success 20172547
pgmigrate_success 20172547
pgmigrate_success 20172547
pgmigrate_success 20172547
pgmigrate_success 20172547
pgmigrate_success 20172547
pgmigrate_success 20172547
pgmigrate_success 20172547
pgmigrate_success 20172547
pgmigrate_success 20172547
pgmigrate_success 20172547
pgmigrate_success 20172547
pgmigrate_success 20172547
pgmigrate_success 20172547
pgmigrate_success 20172547
pgmigrate_success 20172547
pgmigrate_success 20172547
pgmigrate_success 20172547
pgmigrate_success 20172547
pgmigrate_success 20172547
pgmigrate_success 20172554
pgmigrate_success 20172554
pgmigrate_success 20172554
pgmigrate_success 20172554
pgmigrate_success 20172554
pgmigrate_success 20172554
pgmigrate_success 20172554
pgmigrate_success 20172554
pgmigrate_success 20172554
pgmigrate_success 20172554
pgmigrate_success 20172554
pgmigrate_success 20172554
pgmigrate_success 20172554
pgmigrate_success 20172554
pgmigrate_success 20172554
pgmigrate_success 20172554
pgmigrate_success 20172554
pgmigrate_success 20172554
pgmigrate_success 20172554
pgmigrate_success 20172554
pgmigrate_success 20172554
pgmigrate_success 20172554
pgmigrate_success 20173581
pgmigrate_success 20176653
pgmigrate_success 20181265
pgmigrate_success 20183316
pgmigrate_success 20185876
pgmigrate_success 20188436
pgmigrate_success 20189460
pgmigrate_success 20191508
pgmigrate_success 20194580
pgmigrate_success 20196628
pgmigrate_success 20198211
pgmigrate_success 20199235
pgmigrate_success 20201283
pgmigrate_success 20202309
pgmigrate_success 20204872
pgmigrate_success 20205386
pgmigrate_success 20208970
pgmigrate_success 20212555
