anon 610304
anon_thp 0
anon 169533440
anon_thp 167772160
anon 249225216
anon_thp 247463936
anon 410701824
anon_thp 408944640
anon 544923648
anon_thp 543162368
anon 679145472
anon_thp 677380096
anon 884670464
anon_thp 882900992
anon 1060831232
anon_thp 1059061760
anon 1262653440
anon_thp 1258291200
anon 1474465792
anon_thp 1470103552
anon 1589813248
anon_thp 1585446912
anon 1799520256
anon_thp 1795162112
anon 1902284800
anon_thp 1897922560
anon 2017632256
anon_thp 2013265920
anon 2221051904
anon_thp 2216689664
anon 2260897792
anon_thp 2256535552
anon 2409799680
anon_thp 2405433344
anon 2623705088
anon_thp 2619342848
anon 2787287040
anon_thp 2749366272
anon 2927796224
anon_thp 2889875456
anon 3078787072
anon_thp 3040870400
anon 3213004800
anon_thp 3175088128
anon 3422720000
anon_thp 3269459968
anon 3584200704
anon_thp 3395289088
anon 3678576640
anon_thp 3489660928
anon 3888287744
anon_thp 3579838464
anon 4053962752
anon_thp 3581935616
anon 4075634688
anon_thp 3594518528
anon 4097916928
anon_thp 3594518528
anon 4192374784
anon_thp 3680501760
anon 4406280192
anon_thp 3892314112
anon 4557283328
anon_thp 4041211904
anon 4588740608
anon_thp 4072669184
anon 4718759936
anon_thp 4202692608
anon 4897021952
anon_thp 4380950528
anon 5075279872
anon_thp 4559208448
anon 5291282432
anon_thp 4775215104
anon 5442277376
anon_thp 4926210048
anon 5641506816
anon_thp 5125439488
anon 5853319168
anon_thp 5337251840
anon 5966569472
anon_thp 5450498048
anon 6180470784
anon_thp 5664407552
anon 6369214464
anon_thp 5853151232
anon 6476173312
anon_thp 5960105984
anon 6687985664
anon_thp 6171918336
anon 6899802112
anon_thp 6383730688
anon 7113707520
anon_thp 6597640192
anon 7308742656
anon_thp 6792675328
anon 7518457856
anon_thp 7002390528
anon 7721881600
anon_thp 7205814272
anon 7927402496
anon_thp 7411335168
anon 8135020544
anon_thp 7618953216
anon 8290209792
anon_thp 7774142464
anon 8472657920
anon_thp 7956594688
anon 8680280064
anon_thp 8164212736
anon 8820789248
anon_thp 8304721920
anon 9009537024
anon_thp 8493465600
anon 9198280704
anon_thp 8682209280
anon 9378631680
anon_thp 8862564352
anon 9573670912
anon_thp 9057599488
anon 9783386112
anon_thp 9267314688
anon 9963737088
anon_thp 9447669760
anon 10049716224
anon_thp 9533652992
anon 10190225408
anon_thp 9674162176
anon 10320252928
anon_thp 9804185600
anon 10410430464
anon_thp 9894363136
anon 10613854208
anon_thp 10097786880
anon 10745974784
anon_thp 10229907456
anon 10896965632
anon_thp 10380902400
anon 10917941248
anon_thp 10401873920
anon 11077324800
anon_thp 10561257472
anon 11167502336
anon_thp 10651435008
anon 11373023232
anon_thp 10856955904
anon 11584839680
anon_thp 11068768256
anon 11777773568
anon_thp 11261706240
anon 11800842240
anon_thp 11284774912
anon 11821813760
anon_thp 11305746432
anon 11876339712
anon_thp 11360272384
anon 12056690688
anon_thp 11540627456
anon 12251729920
anon_thp 11735662592
anon 12448923648
anon_thp 11932794880
anon 12614533120
anon_thp 12098469888
anon 12824252416
anon_thp 12308185088
anon 13033967616
anon_thp 12517900288
anon 13199638528
anon_thp 12683575296
anon 13321277440
anon_thp 12805210112
anon 13482758144
anon_thp 12966690816
anon 13692477440
anon_thp 13176406016
anon 13843472384
anon_thp 13327400960
anon 13965103104
anon_thp 13449035776
anon 14141263872
anon_thp 13625196544
anon 14334201856
anon_thp 13818134528
anon 14543917056
anon_thp 14027849728
anon 14690721792
anon_thp 14174650368
anon 14877364224
anon_thp 14361296896
anon 15080787968
anon_thp 14564720640
anon 15269531648
anon_thp 14753464320
anon 15479246848
anon_thp 14963179520
anon 15684771840
anon_thp 15168700416
anon 15892385792
anon_thp 15376318464
anon 16070639616
anon_thp 15554576384
anon 16162918400
anon_thp 15646851072
anon 16274063360
anon_thp 15758000128
anon 16427163648
anon_thp 15911092224
anon 16599130112
anon_thp 16083058688
anon 16804642816
anon_thp 16288579584
anon 17012264960
anon_thp 16496197632
anon 17173745664
anon_thp 16657678336
anon 17312161792
anon_thp 16796090368
anon 17423306752
anon_thp 16907239424
anon 17620434944
anon_thp 17104371712
anon 17792409600
anon_thp 17276338176
anon 18264903680
anon_thp 17746100224
anon 19042103296
anon_thp 18417188864
anon 19040014336
anon_thp 18415091712
anon 19042103296
anon_thp 18417188864
anon 19042107392
anon_thp 18417188864
anon 19040006144
anon_thp 18415091712
anon 19040006144
anon_thp 18415091712
anon 19042107392
anon_thp 18417188864
anon 19042107392
anon_thp 18417188864
anon 19042107392
anon_thp 18417188864
anon 19042107392
anon_thp 18417188864
anon 19042111488
anon_thp 18417188864
anon 19042111488
anon_thp 18417188864
anon 19042107392
anon_thp 18417188864
anon 19042111488
anon_thp 18417188864
anon 19042111488
anon_thp 18417188864
anon 19042107392
anon_thp 18417188864
anon 19042107392
anon_thp 18417188864
anon 19042111488
anon_thp 18417188864
anon 19042107392
anon_thp 18417188864
anon 19042111488
anon_thp 18417188864
anon 19040313344
anon_thp 18433966080
anon 19043348480
anon_thp 18933088256
anon 19043348480
anon_thp 18933088256
anon 19043348480
anon_thp 18933088256
anon 19043344384
anon_thp 18933088256
anon 19043348480
anon_thp 18933088256
anon 19043348480
anon_thp 18933088256
anon 19043348480
anon_thp 18782093312
anon 19043344384
anon_thp 18782093312
anon 19043348480
anon_thp 18782093312
anon 19043348480
anon_thp 18782093312
anon 19043348480
anon_thp 18782093312
anon 19043348480
anon_thp 18803064832
anon 19043348480
anon_thp 18834522112
anon 19043348480
anon_thp 18863882240
anon 19043348480
anon_thp 18886950912
anon 19043348480
anon_thp 18897436672
anon 19043348480
anon_thp 18907922432
anon 19043352576
anon_thp 18918408192
anon 19043352576
anon_thp 18920505344
anon 19043344384
anon_thp 18922602496
anon 19043344384
anon_thp 18926796800
anon 19043344384
anon_thp 18926796800
anon 19041255424
anon_thp 18924699648
anon 19043348480
anon_thp 18928893952
anon 19041251328
anon_thp 18926796800
anon 19043348480
anon_thp 18928893952
anon 19043348480
anon_thp 18928893952
anon 19043348480
anon_thp 18928893952
anon 19043348480
anon_thp 18930991104
anon 19043344384
anon_thp 18930991104
anon 19041255424
anon_thp 18842910720
anon 19043348480
anon_thp 18845007872
anon 19043348480
anon_thp 18845007872
anon 19043352576
anon_thp 18845007872
anon 19043348480
anon_thp 18845007872
anon 19043348480
anon_thp 18845007872
anon 19043348480
anon_thp 18845007872
anon 19043352576
anon_thp 18845007872
anon 19043348480
anon_thp 18845007872
anon 19043348480
anon_thp 18845007872
anon 19043344384
anon_thp 18845007872
anon 19041251328
anon_thp 18842910720
anon 19043348480
anon_thp 18845007872
anon 19041251328
anon_thp 18842910720
anon 19043348480
anon_thp 18847105024
anon 19043352576
anon_thp 18851299328
anon 19043344384
anon_thp 18859687936
anon 19043344384
anon_thp 18868076544
anon 19043352576
anon_thp 18876465152
anon 19043348480
anon_thp 18882756608
anon 19041251328
anon_thp 18891145216
anon 19043344384
anon_thp 18905825280
anon 19043344384
anon_thp 18910019584
anon 19043348480
anon_thp 18916311040
anon 19043348480
anon_thp 18899533824
anon 19043352576
anon_thp 18899533824
anon 19043344384
anon_thp 18899533824
anon 19043344384
anon_thp 18899533824
anon 19043348480
anon_thp 18899533824
anon 19043352576
anon_thp 18899533824
anon 19043352576
anon_thp 18899533824
anon 19043348480
anon_thp 18899533824
anon 19043348480
anon_thp 18899533824
anon 19043348480
anon_thp 18899533824
anon 19043348480
anon_thp 18899533824
anon 19043352576
anon_thp 18899533824
anon 19043352576
anon_thp 18899533824
anon 19043352576
anon_thp 18899533824
anon 19043352576
anon_thp 18899533824
anon 19043352576
anon_thp 18899533824
anon 19043344384
anon_thp 18899533824
anon 19043352576
anon_thp 18901630976
anon 19043352576
anon_thp 18903728128
anon 19043344384
anon_thp 18905825280
anon 19043348480
anon_thp 18905825280
anon 19043348480
anon_thp 18905825280
anon 19043352576
anon_thp 18910019584
anon 19043348480
anon_thp 18912116736
anon 19043348480
anon_thp 18933088256
anon 19043352576
anon_thp 18933088256
anon 19043344384
anon_thp 18933088256
anon 19043348480
anon_thp 18933088256
anon 19043348480
anon_thp 18933088256
anon 19043348480
anon_thp 18933088256
anon 19043352576
anon_thp 18933088256
anon 19043352576
anon_thp 18933088256
anon 19043348480
anon_thp 18933088256
anon 19043352576
anon_thp 18933088256
anon 19043348480
anon_thp 18933088256
anon 19043348480
anon_thp 18933088256
anon 19043348480
anon_thp 18933088256
anon 19043348480
anon_thp 18933088256
anon 19043348480
anon_thp 18933088256
anon 19043348480
anon_thp 18933088256
anon 19041255424
anon_thp 18930991104
anon 19043344384
anon_thp 18933088256
anon 19043348480
anon_thp 18933088256
anon 19043348480
anon_thp 18933088256
anon 19043348480
anon_thp 18933088256
anon 19043348480
anon_thp 18933088256
anon 19043344384
anon_thp 18933088256
anon 19043352576
anon_thp 18933088256
anon 19043352576
anon_thp 18933088256
anon 19043348480
anon_thp 18933088256
anon 19043348480
anon_thp 18933088256
anon 19043348480
anon_thp 18933088256
anon 19043348480
anon_thp 18933088256
anon 19043344384
anon_thp 18933088256
anon 19043344384
anon_thp 18933088256
anon 19043352576
anon_thp 18933088256
anon 19043344384
anon_thp 18933088256
anon 19043348480
anon_thp 18933088256
anon 19043344384
anon_thp 18933088256
anon 19043348480
anon_thp 18941476864
anon 19043348480
anon_thp 18941476864
anon 19043348480
anon_thp 18941476864
anon 19043348480
anon_thp 18941476864
anon 19043348480
anon_thp 18941476864
anon 19043348480
anon_thp 18941476864
anon 19043348480
anon_thp 18941476864
anon 19043344384
anon_thp 18941476864
anon 19043348480
anon_thp 18941476864
anon 19043348480
anon_thp 18941476864
anon 19043348480
anon_thp 18941476864
anon 19043344384
anon_thp 18941476864
anon 19043344384
anon_thp 18941476864
anon 19043348480
anon_thp 18941476864
anon 19043352576
anon_thp 18941476864
anon 19043348480
anon_thp 18941476864
anon 19043348480
anon_thp 18941476864
anon 19043348480
anon_thp 18941476864
anon 19043348480
anon_thp 18941476864
anon 19043344384
anon_thp 18941476864
anon 19043352576
anon_thp 18941476864
anon 19043348480
anon_thp 18941476864
anon 19043348480
anon_thp 18941476864
anon 19043352576
anon_thp 18941476864
anon 19043348480
anon_thp 18941476864
anon 19041251328
anon_thp 18939379712
anon 19043348480
anon_thp 18941476864
anon 19043348480
anon_thp 18941476864
anon 19043348480
anon_thp 18941476864
anon 19043348480
anon_thp 18941476864
anon 19043352576
anon_thp 18941476864
anon 19043348480
anon_thp 18941476864
anon 19043352576
anon_thp 18941476864
anon 19043348480
anon_thp 18941476864
anon 19043352576
anon_thp 18939379712
anon 19043348480
anon_thp 18939379712
anon 19043348480
anon_thp 18939379712
anon 19043348480
anon_thp 18939379712
anon 19043352576
anon_thp 18939379712
anon 19043352576
anon_thp 18939379712
anon 19043348480
anon_thp 18939379712
anon 19043344384
anon_thp 18939379712
anon 19043352576
anon_thp 18939379712
anon 19043352576
anon_thp 18939379712
anon 19043348480
anon_thp 18939379712
anon 19043348480
anon_thp 18939379712
anon 19043344384
anon_thp 18939379712
anon 19043352576
anon_thp 18939379712
anon 19043348480
anon_thp 18939379712
anon 19043348480
anon_thp 18939379712
anon 19043348480
anon_thp 18939379712
anon 19043348480
anon_thp 18939379712
anon 19043352576
anon_thp 18939379712
anon 19041247232
anon_thp 18937282560
anon 19043348480
anon_thp 18939379712
anon 19043352576
anon_thp 18939379712
anon 19043348480
anon_thp 18939379712
anon 18981343232
anon_thp 18880659456
anon 19043348480
anon_thp 18941476864
anon 19043348480
anon_thp 18941476864
anon 19043344384
anon_thp 18941476864
anon 19043344384
anon_thp 18941476864
anon 19043344384
anon_thp 18941476864
anon 19043348480
anon_thp 18941476864
anon 19043344384
anon_thp 18941476864
anon 19043348480
anon_thp 18941476864
anon 19043348480
anon_thp 18941476864
anon 19043352576
anon_thp 18941476864
anon 19043344384
anon_thp 18941476864
anon 19043352576
anon_thp 18941476864
anon 19043352576
anon_thp 18941476864
anon 19043348480
anon_thp 18941476864
anon 19043344384
anon_thp 18941476864
anon 19043348480
anon_thp 18941476864
anon 19043344384
anon_thp 18941476864
anon 19043344384
anon_thp 18941476864
anon 19043348480
anon_thp 18941476864
anon 19043344384
anon_thp 18941476864
anon 19043348480
anon_thp 18941476864
anon 19043348480
anon_thp 18941476864
anon 19043344384
anon_thp 18941476864
anon 19043348480
anon_thp 18941476864
anon 19043352576
anon_thp 18941476864
anon 19043348480
anon_thp 18941476864
anon 19043348480
anon_thp 18941476864
anon 19043348480
anon_thp 18941476864
anon 19043348480
anon_thp 18941476864
anon 19043348480
anon_thp 18941476864
anon 19043344384
anon_thp 18941476864
anon 19043352576
anon_thp 18941476864
anon 19043352576
anon_thp 18941476864
anon 19043348480
anon_thp 18941476864
anon 19043348480
anon_thp 18941476864
anon 19043348480
anon_thp 18941476864
anon 19043348480
anon_thp 18941476864
anon 19043348480
anon_thp 18941476864
anon 19043348480
anon_thp 18941476864
anon 19043344384
anon_thp 18941476864
anon 19043348480
anon_thp 18941476864
anon 19043352576
anon_thp 18941476864
anon 19043348480
anon_thp 18941476864
anon 19043348480
anon_thp 18941476864
anon 19043348480
anon_thp 18941476864
