pgmigrate_success 8560761
pgmigrate_success 8560764
pgmigrate_success 8560765
pgmigrate_success 8560765
pgmigrate_success 8560765
pgmigrate_success 8560765
pgmigrate_success 8560765
pgmigrate_success 8560765
pgmigrate_success 8560765
pgmigrate_success 8560765
pgmigrate_success 8560765
pgmigrate_success 8560765
pgmigrate_success 8560765
pgmigrate_success 8560765
pgmigrate_success 8560765
pgmigrate_success 8560765
pgmigrate_success 8560765
pgmigrate_success 8560765
pgmigrate_success 8560765
pgmigrate_success 8560765
pgmigrate_success 8560765
pgmigrate_success 8560765
pgmigrate_success 8560765
pgmigrate_success 8560765
pgmigrate_success 8560765
pgmigrate_success 8560765
pgmigrate_success 8560765
pgmigrate_success 8560765
pgmigrate_success 8560765
pgmigrate_success 8560765
pgmigrate_success 8560765
pgmigrate_success 8560765
pgmigrate_success 8560765
pgmigrate_success 8560765
pgmigrate_success 8560765
pgmigrate_success 8560765
pgmigrate_success 8560765
pgmigrate_success 8560765
pgmigrate_success 8560765
pgmigrate_success 8560765
pgmigrate_success 8560765
pgmigrate_success 8560765
pgmigrate_success 8560765
pgmigrate_success 8560765
pgmigrate_success 8560765
pgmigrate_success 8560765
pgmigrate_success 8560765
pgmigrate_success 8560765
pgmigrate_success 8560765
pgmigrate_success 8560765
pgmigrate_success 8560765
pgmigrate_success 8560765
pgmigrate_success 8560765
pgmigrate_success 8560765
pgmigrate_success 8560765
pgmigrate_success 8560765
pgmigrate_success 8560765
pgmigrate_success 8560765
pgmigrate_success 8560765
pgmigrate_success 8560765
pgmigrate_success 8560765
pgmigrate_success 8560765
pgmigrate_success 8560765
pgmigrate_success 8560765
pgmigrate_success 8560765
pgmigrate_success 8571564
pgmigrate_success 8727804
pgmigrate_success 8804715
pgmigrate_success 8893803
pgmigrate_success 8957803
pgmigrate_success 9047403
pgmigrate_success 9162130
pgmigrate_success 9213330
pgmigrate_success 9213330
pgmigrate_success 9213330
pgmigrate_success 9213419
pgmigrate_success 9230317
pgmigrate_success 9308141
pgmigrate_success 9447057
pgmigrate_success 9571473
pgmigrate_success 9622673
pgmigrate_success 9695377
pgmigrate_success 9698961
pgmigrate_success 9698961
pgmigrate_success 9698961
pgmigrate_success 9709201
pgmigrate_success 9717905
pgmigrate_success 9822353
pgmigrate_success 9929873
pgmigrate_success 9955473
pgmigrate_success 10082961
pgmigrate_success 10086546
pgmigrate_success 10086546
pgmigrate_success 10086546
pgmigrate_success 10086546
pgmigrate_success 10086546
pgmigrate_success 10086546
pgmigrate_success 10086546
pgmigrate_success 10086546
pgmigrate_success 10086546
pgmigrate_success 10086546
pgmigrate_success 10086546
pgmigrate_success 10086546
pgmigrate_success 10086785
pgmigrate_success 10086785
pgmigrate_success 10086785
pgmigrate_success 10086785
pgmigrate_success 10086785
pgmigrate_success 10086785
pgmigrate_success 10086785
pgmigrate_success 10086785
pgmigrate_success 10086785
pgmigrate_success 10086785
pgmigrate_success 10086785
pgmigrate_success 10086785
pgmigrate_success 10086785
pgmigrate_success 10086785
pgmigrate_success 10086785
pgmigrate_success 10086785
pgmigrate_success 10086785
pgmigrate_success 10086785
pgmigrate_success 10086785
pgmigrate_success 10086785
pgmigrate_success 10086785
pgmigrate_success 10086785
pgmigrate_success 10086785
pgmigrate_success 10086785
pgmigrate_success 10086785
pgmigrate_success 10086785
pgmigrate_success 10086785
pgmigrate_success 10086785
pgmigrate_success 10086785
pgmigrate_success 10086785
pgmigrate_success 10086785
pgmigrate_success 10086785
pgmigrate_success 10086897
pgmigrate_success 10086897
pgmigrate_success 10086897
pgmigrate_success 10086914
pgmigrate_success 10098690
pgmigrate_success 10098690
pgmigrate_success 10099202
pgmigrate_success 10099202
pgmigrate_success 10099202
pgmigrate_success 10099202
pgmigrate_success 10099202
pgmigrate_success 10099202
pgmigrate_success 10099202
pgmigrate_success 10099202
pgmigrate_success 10099202
pgmigrate_success 10099202
pgmigrate_success 10099202
pgmigrate_success 10099202
pgmigrate_success 10099202
pgmigrate_success 10099202
pgmigrate_success 10099202
pgmigrate_success 10099202
pgmigrate_success 10099202
pgmigrate_success 10151426
pgmigrate_success 10184195
pgmigrate_success 10211332
pgmigrate_success 10250756
pgmigrate_success 10283525
pgmigrate_success 10330630
pgmigrate_success 10368518
pgmigrate_success 10424838
pgmigrate_success 10483819
pgmigrate_success 10559539
pgmigrate_success 10567731
pgmigrate_success 10567731
pgmigrate_success 10567731
pgmigrate_success 10567731
pgmigrate_success 10567731
pgmigrate_success 10567731
pgmigrate_success 10567731
pgmigrate_success 10567731
pgmigrate_success 10567731
pgmigrate_success 10567731
pgmigrate_success 10567731
pgmigrate_success 10699366
pgmigrate_success 10699366
pgmigrate_success 10699878
pgmigrate_success 10699878
pgmigrate_success 10699878
pgmigrate_success 10699878
pgmigrate_success 10699878
pgmigrate_success 10699878
pgmigrate_success 10699878
pgmigrate_success 10699878
pgmigrate_success 10699878
pgmigrate_success 10699878
pgmigrate_success 10699878
pgmigrate_success 10699878
pgmigrate_success 10699879
pgmigrate_success 10699881
pgmigrate_success 10699881
pgmigrate_success 10699882
pgmigrate_success 10699882
pgmigrate_success 10699882
pgmigrate_success 10699993
pgmigrate_success 10699993
pgmigrate_success 10699993
pgmigrate_success 10699993
pgmigrate_success 10699993
pgmigrate_success 10699993
pgmigrate_success 10699993
pgmigrate_success 10700506
pgmigrate_success 10700506
pgmigrate_success 10700506
pgmigrate_success 10700506
pgmigrate_success 10700506
pgmigrate_success 10700506
pgmigrate_success 10700506
pgmigrate_success 10700506
pgmigrate_success 10700506
pgmigrate_success 10700506
pgmigrate_success 10700506
pgmigrate_success 10700506
pgmigrate_success 10700506
pgmigrate_success 10703586
pgmigrate_success 10746082
pgmigrate_success 10746594
pgmigrate_success 10746594
pgmigrate_success 10746594
pgmigrate_success 10746594
pgmigrate_success 10746594
pgmigrate_success 10746594
pgmigrate_success 10746594
pgmigrate_success 10746594
pgmigrate_success 10746594
pgmigrate_success 10746594
pgmigrate_success 10746793
pgmigrate_success 10749865
pgmigrate_success 10752425
pgmigrate_success 10752937
pgmigrate_success 10752937
pgmigrate_success 10752937
pgmigrate_success 10763177
pgmigrate_success 10924457
pgmigrate_success 10949033
pgmigrate_success 10963881
pgmigrate_success 10989993
pgmigrate_success 11018154
pgmigrate_success 11067306
pgmigrate_success 11129938
pgmigrate_success 11173184
pgmigrate_success 11216235
pgmigrate_success 11216235
pgmigrate_success 11216235
pgmigrate_success 11216235
pgmigrate_success 11216235
pgmigrate_success 11216235
pgmigrate_success 11216235
pgmigrate_success 11217259
pgmigrate_success 11217259
pgmigrate_success 11217388
pgmigrate_success 11217712
pgmigrate_success 11259696
pgmigrate_success 11358512
pgmigrate_success 11358512
pgmigrate_success 11358512
pgmigrate_success 11358512
pgmigrate_success 11358588
pgmigrate_success 11358588
pgmigrate_success 11358588
pgmigrate_success 11358588
pgmigrate_success 11358588
pgmigrate_success 11358588
pgmigrate_success 11358588
pgmigrate_success 11358588
pgmigrate_success 11358588
pgmigrate_success 11358588
pgmigrate_success 11358588
pgmigrate_success 11358588
pgmigrate_success 11358593
pgmigrate_success 11358593
pgmigrate_success 11358593
pgmigrate_success 11358593
pgmigrate_success 11358593
pgmigrate_success 11358593
pgmigrate_success 11358593
pgmigrate_success 11358593
pgmigrate_success 11358593
pgmigrate_success 11358593
pgmigrate_success 11358593
pgmigrate_success 11358593
pgmigrate_success 11358593
pgmigrate_success 11358593
pgmigrate_success 11358593
pgmigrate_success 11358593
pgmigrate_success 11358598
pgmigrate_success 11358599
pgmigrate_success 11358599
pgmigrate_success 11421575
pgmigrate_success 11422165
pgmigrate_success 11422165
pgmigrate_success 11422165
pgmigrate_success 11422165
pgmigrate_success 11422165
pgmigrate_success 11422165
pgmigrate_success 11422165
pgmigrate_success 11422165
pgmigrate_success 11422165
pgmigrate_success 11422165
pgmigrate_success 11422165
pgmigrate_success 11422165
pgmigrate_success 11422165
pgmigrate_success 11422165
pgmigrate_success 11422165
pgmigrate_success 11428821
pgmigrate_success 11438037
pgmigrate_success 11446741
pgmigrate_success 11460569
pgmigrate_success 11473369
pgmigrate_success 11477977
pgmigrate_success 11486169
pgmigrate_success 11496921
pgmigrate_success 11504089
pgmigrate_success 11513817
pgmigrate_success 11517401
pgmigrate_success 11517401
pgmigrate_success 11517401
pgmigrate_success 11517407
pgmigrate_success 11517407
pgmigrate_success 11699679
pgmigrate_success 11777514
pgmigrate_success 11812594
pgmigrate_success 11842802
pgmigrate_success 11882226
pgmigrate_success 11908852
pgmigrate_success 11912948
pgmigrate_success 11912948
pgmigrate_success 11913460
pgmigrate_success 11913460
pgmigrate_success 11913463
pgmigrate_success 11913465
pgmigrate_success 11913465
pgmigrate_success 11913465
pgmigrate_success 11913465
pgmigrate_success 11913465
pgmigrate_success 11913465
pgmigrate_success 11913465
pgmigrate_success 11913465
pgmigrate_success 11922689
pgmigrate_success 11934465
pgmigrate_success 11934977
pgmigrate_success 11934977
pgmigrate_success 11934977
pgmigrate_success 11934977
pgmigrate_success 11934977
pgmigrate_success 11934977
pgmigrate_success 11934977
pgmigrate_success 11934977
pgmigrate_success 11934977
pgmigrate_success 11934977
pgmigrate_success 11934977
pgmigrate_success 11934977
pgmigrate_success 11934977
pgmigrate_success 11935008
pgmigrate_success 11935008
pgmigrate_success 11935043
pgmigrate_success 11935043
pgmigrate_success 11935043
pgmigrate_success 11935043
pgmigrate_success 11935043
pgmigrate_success 11935043
pgmigrate_success 11935043
pgmigrate_success 11935043
pgmigrate_success 11935043
pgmigrate_success 11935043
pgmigrate_success 11935043
pgmigrate_success 11935043
pgmigrate_success 11935043
pgmigrate_success 11935043
pgmigrate_success 11935043
pgmigrate_success 11935043
pgmigrate_success 11935043
pgmigrate_success 11935043
pgmigrate_success 11935043
pgmigrate_success 11935043
pgmigrate_success 11935043
pgmigrate_success 11935066
pgmigrate_success 11935067
pgmigrate_success 11935067
pgmigrate_success 11935067
pgmigrate_success 11935067
pgmigrate_success 11935067
pgmigrate_success 11935067
pgmigrate_success 11935067
pgmigrate_success 11935067
pgmigrate_success 11935140
pgmigrate_success 11935140
pgmigrate_success 11944871
pgmigrate_success 11948967
pgmigrate_success 11948967
pgmigrate_success 11948967
pgmigrate_success 11948967
pgmigrate_success 11948967
pgmigrate_success 11948967
pgmigrate_success 11948967
pgmigrate_success 11948967
pgmigrate_success 11948967
pgmigrate_success 11948967
pgmigrate_success 11948967
pgmigrate_success 11948967
pgmigrate_success 11948967
pgmigrate_success 11948967
pgmigrate_success 11948967
pgmigrate_success 11948967
pgmigrate_success 11948967
pgmigrate_success 11948967
pgmigrate_success 11948967
pgmigrate_success 11948967
pgmigrate_success 11948967
pgmigrate_success 11948967
pgmigrate_success 11948967
pgmigrate_success 11948967
pgmigrate_success 11948967
pgmigrate_success 11948967
pgmigrate_success 11948967
pgmigrate_success 11948967
pgmigrate_success 11948968
pgmigrate_success 11948992
pgmigrate_success 11948992
pgmigrate_success 11949304
pgmigrate_success 11949433
pgmigrate_success 11949433
pgmigrate_success 11949433
pgmigrate_success 11949433
pgmigrate_success 11949439
pgmigrate_success 11949439
pgmigrate_success 11949439
pgmigrate_success 11949439
pgmigrate_success 11949439
pgmigrate_success 11949439
pgmigrate_success 11949439
pgmigrate_success 11949440
pgmigrate_success 11949440
pgmigrate_success 11949440
pgmigrate_success 11949440
pgmigrate_success 11949440
pgmigrate_success 11949440
pgmigrate_success 11949440
pgmigrate_success 11949440
pgmigrate_success 11954048
pgmigrate_success 11954560
pgmigrate_success 11954560
pgmigrate_success 11954560
pgmigrate_success 11954560
pgmigrate_success 11954560
pgmigrate_success 11954560
pgmigrate_success 11954560
pgmigrate_success 11954560
pgmigrate_success 11954594
pgmigrate_success 11954594
pgmigrate_success 11954594
pgmigrate_success 11954594
pgmigrate_success 11954594
pgmigrate_success 11954594
pgmigrate_success 11954594
pgmigrate_success 11954594
pgmigrate_success 11954594
pgmigrate_success 11954594
pgmigrate_success 11954594
pgmigrate_success 11954594
pgmigrate_success 11954594
pgmigrate_success 11954594
pgmigrate_success 11954594
pgmigrate_success 11954594
pgmigrate_success 11954594
pgmigrate_success 11954594
pgmigrate_success 11954594
pgmigrate_success 11954594
pgmigrate_success 11954605
pgmigrate_success 11954605
pgmigrate_success 11954605
pgmigrate_success 11954605
pgmigrate_success 11954605
pgmigrate_success 11954605
pgmigrate_success 11954605
pgmigrate_success 11954605
pgmigrate_success 11954605
pgmigrate_success 11954605
pgmigrate_success 11954605
pgmigrate_success 11954605
pgmigrate_success 11954647
pgmigrate_success 11954647
pgmigrate_success 11954647
pgmigrate_success 11954650
pgmigrate_success 11954650
pgmigrate_success 11954650
pgmigrate_success 11954650
pgmigrate_success 11954650
pgmigrate_success 11954650
pgmigrate_success 11954650
pgmigrate_success 11954650
pgmigrate_success 11954650
