anon 0
anon_thp 0
anon 261193728
anon_thp 260046848
anon 529629184
anon_thp 528482304
anon 798064640
anon_thp 796917760
anon 1064402944
anon_thp 1063256064
anon 1339629568
anon_thp 1335885824
anon 1618550784
anon_thp 1614807040
anon 1895374848
anon_thp 1891631104
anon 2174296064
anon_thp 2170552320
anon 2442731520
anon_thp 2438987776
anon 2723749888
anon_thp 2720006144
anon 3002671104
anon_thp 2998927360
anon 3285786624
anon_thp 3282042880
anon 3564707840
anon_thp 3560964096
anon 3841531904
anon_thp 3837788160
anon 4120453120
anon_thp 4116709376
anon 4403568640
anon_thp 4399824896
anon 4695072768
anon_thp 4691329024
anon 4978188288
anon_thp 4974444544
anon 5257109504
anon_thp 5253365760
anon 5536030720
anon_thp 5532286976
anon 5814951936
anon_thp 5811208192
anon 6093873152
anon_thp 6090129408
anon 6370697216
anon_thp 6366953472
anon 6651715584
anon_thp 6647971840
anon 6932733952
anon_thp 6928990208
anon 7209558016
anon_thp 7205814272
anon 7490576384
anon_thp 7486832640
anon 7769497600
anon_thp 7765753856
anon 8056807424
anon_thp 8053063680
anon 8316854272
anon_thp 8313110528
anon 8593678336
anon_thp 8589934592
anon 8878891008
anon_thp 8875147264
anon 9164103680
anon_thp 9160359936
anon 9440927744
anon_thp 9437184000
anon 9721946112
anon_thp 9718202368
anon 10009255936
anon_thp 10005512192
anon 10296565760
anon_thp 10292822016
anon 10575486976
anon_thp 10571743232
anon 10852311040
anon_thp 10848567296
anon 11127037952
anon_thp 11123294208
anon 11403862016
anon_thp 11400118272
anon 11680686080
anon_thp 11676942336
anon 11965898752
anon_thp 11962155008
anon 12240625664
anon_thp 12236881920
anon 12521644032
anon_thp 12517900288
anon 12794273792
anon_thp 12790530048
anon 13071097856
anon_thp 13067354112
anon 13343727616
anon_thp 13339983872
anon 13628940288
anon_thp 13625196544
anon 13907861504
anon_thp 13904117760
anon 14184685568
anon_thp 14180941824
anon 14467801088
anon_thp 14464057344
anon 14755110912
anon_thp 14751367168
anon 15040323584
anon_thp 15036579840
anon 15317147648
anon_thp 15313403904
anon 15598166016
anon_thp 15594422272
anon 15881281536
anon_thp 15877537792
anon 16151814144
anon_thp 16148070400
anon 16428638208
anon_thp 16424894464
anon 16705462272
anon_thp 16701718528
anon 16990674944
anon_thp 16986931200
anon 17267499008
anon_thp 17263755264
anon 17542225920
anon_thp 17538482176
anon 17810661376
anon_thp 17806917632
anon 18112786432
anon_thp 18106810368
anon 19041271808
anon_thp 19031654400
anon 19041271808
anon_thp 19031654400
anon 19041271808
anon_thp 19031654400
anon 19041271808
anon_thp 19031654400
anon 19039174656
anon_thp 19029557248
anon 19041271808
anon_thp 19031654400
anon 19041271808
anon_thp 19031654400
anon 19041271808
anon_thp 19031654400
anon 19041271808
anon_thp 19031654400
anon 19041271808
anon_thp 19031654400
anon 19039174656
anon_thp 19029557248
anon 19041271808
anon_thp 19031654400
anon 19041271808
anon_thp 19031654400
anon 19041271808
anon_thp 19031654400
anon 19039174656
anon_thp 19029557248
anon 19041271808
anon_thp 19031654400
anon 19041271808
anon_thp 19031654400
anon 19041271808
anon_thp 19031654400
anon 19041271808
anon_thp 19031654400
anon 19041271808
anon_thp 19031654400
anon 19042295808
anon_thp 19035848704
anon 19038101504
anon_thp 19031654400
anon 19042295808
anon_thp 19035848704
anon 18358620160
anon_thp 18354274304
anon 19042295808
anon_thp 19035848704
anon 19042295808
anon_thp 19035848704
anon 19042295808
anon_thp 19035848704
anon 19042295808
anon_thp 19035848704
anon 19042295808
anon_thp 19035848704
anon 19042295808
anon_thp 19035848704
anon 19042295808
anon_thp 19035848704
anon 19042295808
anon_thp 19035848704
anon 19042295808
anon_thp 19035848704
anon 19042295808
anon_thp 19035848704
anon 19042295808
anon_thp 19035848704
anon 19042295808
anon_thp 19035848704
anon 19042295808
anon_thp 19035848704
anon 19042295808
anon_thp 19035848704
anon 19042295808
anon_thp 19035848704
anon 19042295808
anon_thp 19035848704
anon 19042295808
anon_thp 19035848704
anon 19042295808
anon_thp 19035848704
anon 19042295808
anon_thp 19035848704
anon 19042295808
anon_thp 19035848704
anon 19042295808
anon_thp 19035848704
anon 19042295808
anon_thp 19035848704
anon 19042295808
anon_thp 19035848704
anon 19042295808
anon_thp 19035848704
anon 19042295808
anon_thp 19035848704
anon 19042295808
anon_thp 19035848704
anon 19042295808
anon_thp 19035848704
anon 19042295808
anon_thp 19035848704
anon 19042295808
anon_thp 19035848704
anon 19042295808
anon_thp 19035848704
anon 19042295808
anon_thp 19035848704
anon 19042295808
anon_thp 19035848704
anon 19042295808
anon_thp 19035848704
anon 19042295808
anon_thp 19035848704
anon 19042295808
anon_thp 19035848704
anon 19042295808
anon_thp 19035848704
anon 19042295808
anon_thp 19035848704
anon 19042295808
anon_thp 19035848704
anon 19042295808
anon_thp 19035848704
anon 19042295808
anon_thp 19035848704
anon 19042295808
anon_thp 19035848704
anon 19042295808
anon_thp 19035848704
anon 19042295808
anon_thp 19035848704
anon 19042295808
anon_thp 19035848704
anon 19042295808
anon_thp 19035848704
anon 19042295808
anon_thp 19035848704
anon 19042295808
anon_thp 19035848704
anon 19042295808
anon_thp 19035848704
anon 19042295808
anon_thp 19035848704
anon 18335551488
anon_thp 18331205632
anon 19042295808
anon_thp 19035848704
anon 19042295808
anon_thp 19035848704
anon 19042295808
anon_thp 19035848704
anon 19042295808
anon_thp 19035848704
anon 19042295808
anon_thp 19035848704
anon 19042295808
anon_thp 19035848704
anon 19042295808
anon_thp 19035848704
anon 19042295808
anon_thp 19035848704
anon 19042295808
anon_thp 19035848704
anon 19042295808
anon_thp 19035848704
anon 19042295808
anon_thp 19035848704
anon 19042295808
anon_thp 19035848704
anon 19042295808
anon_thp 19035848704
anon 19042295808
anon_thp 19035848704
anon 19042295808
anon_thp 19035848704
anon 19042295808
anon_thp 19035848704
anon 19042295808
anon_thp 19035848704
anon 19042295808
anon_thp 19035848704
anon 19042295808
anon_thp 19035848704
anon 19042295808
anon_thp 19035848704
anon 19042295808
anon_thp 19035848704
anon 19042295808
anon_thp 19035848704
anon 19042295808
anon_thp 19035848704
anon 19042295808
anon_thp 19035848704
anon 19042295808
anon_thp 19035848704
anon 19042295808
anon_thp 19035848704
anon 19040198656
anon_thp 19033751552
anon 19042295808
anon_thp 19035848704
anon 19042295808
anon_thp 19035848704
anon 19042295808
anon_thp 19035848704
anon 19042295808
anon_thp 19035848704
anon 19042295808
anon_thp 19035848704
anon 19042295808
anon_thp 19035848704
anon 19042295808
anon_thp 19035848704
anon 19042295808
anon_thp 19035848704
anon 19042295808
anon_thp 19035848704
anon 19042295808
anon_thp 19035848704
anon 19042295808
anon_thp 19035848704
anon 18440966144
anon_thp 18438160384
anon 19042295808
anon_thp 19035848704
anon 19042295808
anon_thp 19035848704
anon 19042295808
anon_thp 19035848704
anon 19042295808
anon_thp 19035848704
anon 19042295808
anon_thp 19035848704
anon 19042295808
anon_thp 19035848704
anon 19042295808
anon_thp 19035848704
anon 19042295808
anon_thp 19035848704
anon 19042295808
anon_thp 19035848704
anon 19042295808
anon_thp 19035848704
anon 19042295808
anon_thp 19035848704
anon 19042295808
anon_thp 19035848704
anon 19042295808
anon_thp 19035848704
anon 19042295808
anon_thp 19035848704
anon 19042295808
anon_thp 19035848704
anon 19042295808
anon_thp 19035848704
anon 19042295808
anon_thp 19035848704
anon 19042295808
anon_thp 19035848704
anon 19042295808
anon_thp 19035848704
anon 19042295808
anon_thp 19035848704
anon 19042295808
anon_thp 19035848704
anon 19042295808
anon_thp 19035848704
anon 19042295808
anon_thp 19035848704
anon 19042295808
anon_thp 19035848704
anon 19042295808
anon_thp 19035848704
anon 19042295808
anon_thp 19035848704
anon 19042295808
anon_thp 19035848704
anon 19042295808
anon_thp 19035848704
anon 19042295808
anon_thp 19035848704
anon 19042295808
anon_thp 19035848704
anon 19042295808
anon_thp 19035848704
anon 19042295808
anon_thp 19035848704
anon 19042295808
anon_thp 19035848704
anon 19042295808
anon_thp 19035848704
anon 19042295808
anon_thp 19035848704
anon 19042295808
anon_thp 19035848704
anon 19042295808
anon_thp 19035848704
anon 19042295808
anon_thp 19035848704
anon 19042295808
anon_thp 19035848704
anon 19042295808
anon_thp 19035848704
anon 18055090176
anon_thp 18052284416
anon 19042295808
anon_thp 19035848704
anon 19042295808
anon_thp 19035848704
anon 19042295808
anon_thp 19035848704
anon 19042295808
anon_thp 19035848704
anon 19042295808
anon_thp 19035848704
anon 19042295808
anon_thp 19035848704
anon 19042295808
anon_thp 19035848704
anon 19042295808
anon_thp 19035848704
anon 19042295808
anon_thp 19035848704
anon 19042295808
anon_thp 19035848704
anon 19042295808
anon_thp 19035848704
anon 19042295808
anon_thp 19035848704
anon 19042295808
anon_thp 19035848704
anon 19042295808
anon_thp 19035848704
anon 19042295808
anon_thp 19035848704
anon 19042295808
anon_thp 19035848704
anon 19042295808
anon_thp 19035848704
anon 19042295808
anon_thp 19035848704
anon 19042295808
anon_thp 19035848704
anon 19042295808
anon_thp 19035848704
anon 19042295808
anon_thp 19035848704
anon 19042295808
anon_thp 19035848704
anon 19042295808
anon_thp 19035848704
anon 19042295808
anon_thp 19035848704
anon 19042295808
anon_thp 19035848704
anon 19040198656
anon_thp 19033751552
anon 19042295808
anon_thp 19035848704
anon 19042295808
anon_thp 19035848704
anon 19042295808
anon_thp 19035848704
anon 19042295808
anon_thp 19035848704
anon 19042295808
anon_thp 19035848704
anon 19042295808
anon_thp 19035848704
anon 19042295808
anon_thp 19035848704
anon 19042295808
anon_thp 19035848704
anon 19042295808
anon_thp 19035848704
anon 19042295808
anon_thp 19035848704
anon 19042295808
anon_thp 19035848704
anon 19040198656
anon_thp 19033751552
anon 19042295808
anon_thp 19035848704
anon 19042295808
anon_thp 19035848704
anon 19042295808
anon_thp 19035848704
anon 19042295808
anon_thp 19035848704
anon 19042295808
anon_thp 19035848704
anon 19042295808
anon_thp 19035848704
anon 19042295808
anon_thp 19035848704
anon 19042295808
anon_thp 19035848704
anon 19042295808
anon_thp 19035848704
anon 19042295808
anon_thp 19035848704
anon 19042295808
anon_thp 19035848704
anon 19042295808
anon_thp 19035848704
anon 19042295808
anon_thp 19035848704
anon 19042295808
anon_thp 19035848704
anon 19042295808
anon_thp 19035848704
anon 19042295808
anon_thp 19035848704
anon 19042295808
anon_thp 19035848704
anon 19042295808
anon_thp 19035848704
anon 19042295808
anon_thp 19035848704
anon 19042295808
anon_thp 19035848704
anon 19042295808
anon_thp 19035848704
anon 19042295808
anon_thp 19035848704
anon 19042295808
anon_thp 19035848704
anon 19042295808
anon_thp 19035848704
anon 19042295808
anon_thp 19035848704
anon 19042295808
anon_thp 19035848704
anon 19042295808
anon_thp 19035848704
anon 19042295808
anon_thp 19035848704
anon 19042295808
anon_thp 19035848704
anon 19042295808
anon_thp 19035848704
anon 19042295808
anon_thp 19035848704
anon 19042295808
anon_thp 19035848704
anon 19042295808
anon_thp 19035848704
anon 19042295808
anon_thp 19035848704
anon 19042295808
anon_thp 19035848704
anon 19042295808
anon_thp 19035848704
anon 19042295808
anon_thp 19035848704
anon 19042295808
anon_thp 19035848704
anon 19042295808
anon_thp 19035848704
anon 19042295808
anon_thp 19035848704
anon 19042295808
anon_thp 19035848704
anon 19042295808
anon_thp 19035848704
anon 19042295808
anon_thp 19035848704
anon 19042295808
anon_thp 19035848704
anon 19042295808
anon_thp 19035848704
anon 19042295808
anon_thp 19035848704
anon 19042295808
anon_thp 19035848704
anon 19042295808
anon_thp 19035848704
anon 19042295808
anon_thp 19035848704
anon 19042295808
anon_thp 19035848704
anon 19042295808
anon_thp 19035848704
anon 19042295808
anon_thp 19035848704
anon 19042295808
anon_thp 19035848704
anon 19042295808
anon_thp 19035848704
anon 19042295808
anon_thp 19035848704
anon 19042295808
anon_thp 19035848704
anon 19042295808
anon_thp 19035848704
anon 19042295808
anon_thp 19035848704
anon 19042295808
anon_thp 19035848704
anon 19042295808
anon_thp 19035848704
anon 19042295808
anon_thp 19035848704
anon 19042295808
anon_thp 19035848704
anon 19042295808
anon_thp 19035848704
anon 19042295808
anon_thp 19035848704
anon 19042295808
anon_thp 19035848704
anon 19042295808
anon_thp 19035848704
anon 19042295808
anon_thp 19035848704
anon 19040198656
anon_thp 19033751552
anon 19042295808
anon_thp 19035848704
anon 19042295808
anon_thp 19035848704
anon 19042295808
anon_thp 19035848704
anon 19042295808
anon_thp 19035848704
anon 19042295808
anon_thp 19035848704
anon 19042295808
anon_thp 19035848704
anon 19042295808
anon_thp 19035848704
anon 19042295808
anon_thp 19035848704
anon 19042295808
anon_thp 19035848704
anon 19042295808
anon_thp 19035848704
anon 19042295808
anon_thp 19035848704
anon 19042295808
anon_thp 19035848704
anon 19042295808
anon_thp 19035848704
anon 19042295808
anon_thp 19035848704
anon 19042295808
anon_thp 19035848704
anon 19042295808
anon_thp 19035848704
anon 19042295808
anon_thp 19035848704
anon 19042295808
anon_thp 19035848704
anon 19042295808
anon_thp 19035848704
anon 19042295808
anon_thp 19035848704
anon 19042295808
anon_thp 19035848704
anon 19042295808
anon_thp 19035848704
anon 19042295808
anon_thp 19035848704
anon 19042295808
anon_thp 19035848704
anon 19042295808
anon_thp 19035848704
anon 19042295808
anon_thp 19035848704
anon 19042295808
anon_thp 19035848704
anon 19042295808
anon_thp 19035848704
anon 19042295808
anon_thp 19035848704
anon 19042295808
anon_thp 19035848704
anon 19042295808
anon_thp 19035848704
anon 19042295808
anon_thp 19035848704
anon 19042295808
anon_thp 19035848704
anon 19042295808
anon_thp 19035848704
anon 19042295808
anon_thp 19035848704
anon 19042295808
anon_thp 19035848704
anon 19042295808
anon_thp 19035848704
anon 19042295808
anon_thp 19035848704
anon 19042295808
anon_thp 19035848704
anon 19042295808
anon_thp 19035848704
anon 19042295808
anon_thp 19035848704
anon 19042295808
anon_thp 19035848704
anon 19042295808
anon_thp 19035848704
anon 19042295808
anon_thp 19035848704
anon 19042295808
anon_thp 19035848704
anon 19042295808
anon_thp 19035848704
anon 19042295808
anon_thp 19035848704
anon 19042295808
anon_thp 19035848704
anon 19042295808
anon_thp 19035848704
anon 19042295808
anon_thp 19035848704
anon 19042295808
anon_thp 19035848704
anon 19042295808
anon_thp 19035848704
anon 19042295808
anon_thp 19035848704
anon 19042295808
anon_thp 19035848704
anon 19042295808
anon_thp 19035848704
anon 19042295808
anon_thp 19035848704
anon 19042295808
anon_thp 19035848704
anon 19042295808
anon_thp 19035848704
anon 19042295808
anon_thp 19035848704
anon 19042295808
anon_thp 19035848704
anon 19042295808
anon_thp 19035848704
anon 19042295808
anon_thp 19035848704
anon 19042295808
anon_thp 19035848704
anon 19042295808
anon_thp 19035848704
anon 19042295808
anon_thp 19035848704
anon 19042295808
anon_thp 19035848704
anon 19042295808
anon_thp 19035848704
anon 19042295808
anon_thp 19035848704
anon 19042295808
anon_thp 19035848704
anon 19042295808
anon_thp 19035848704
anon 19042295808
anon_thp 19035848704
anon 19042295808
anon_thp 19035848704
anon 19042295808
anon_thp 19035848704
anon 19042295808
anon_thp 19035848704
anon 19042295808
anon_thp 19035848704
anon 19042295808
anon_thp 19035848704
anon 19042295808
anon_thp 19035848704
anon 19042295808
anon_thp 19035848704
anon 19042295808
anon_thp 19035848704
anon 19042295808
anon_thp 19035848704
anon 19042295808
anon_thp 19035848704
anon 19042295808
anon_thp 19035848704
anon 19042295808
anon_thp 19035848704
anon 19042295808
anon_thp 19035848704
anon 19042295808
anon_thp 19035848704
anon 19042295808
anon_thp 19035848704
anon 19042295808
anon_thp 19035848704
anon 19042295808
anon_thp 19035848704
anon 19042295808
anon_thp 19035848704
anon 19042295808
anon_thp 19035848704
anon 19042295808
anon_thp 19035848704
anon 19042295808
anon_thp 19035848704
anon 19042295808
anon_thp 19035848704
anon 19042295808
anon_thp 19035848704
anon 19042295808
anon_thp 19035848704
anon 19042295808
anon_thp 19035848704
anon 19042295808
anon_thp 19035848704
anon 19042295808
anon_thp 19035848704
anon 19042295808
anon_thp 19035848704
anon 19042295808
anon_thp 19035848704
anon 19042295808
anon_thp 19035848704
anon 19042295808
anon_thp 19035848704
anon 19042295808
anon_thp 19035848704
anon 19042295808
anon_thp 19035848704
anon 19042295808
anon_thp 19035848704
anon 19042295808
anon_thp 19035848704
anon 19042295808
anon_thp 19035848704
anon 19042295808
anon_thp 19035848704
anon 19042295808
anon_thp 19035848704
anon 19042295808
anon_thp 19035848704
anon 19042295808
anon_thp 19035848704
anon 19042295808
anon_thp 19035848704
anon 19042295808
anon_thp 19035848704
anon 19042295808
anon_thp 19035848704
anon 19042295808
anon_thp 19035848704
anon 19042295808
anon_thp 19035848704
anon 19042295808
anon_thp 19035848704
anon 19042295808
anon_thp 19035848704
anon 19042295808
anon_thp 19035848704
anon 19042295808
anon_thp 19035848704
anon 19042295808
anon_thp 19035848704
anon 19042295808
anon_thp 19035848704
anon 19042295808
anon_thp 19035848704
anon 19042295808
anon_thp 19035848704
anon 19042295808
anon_thp 19035848704
anon 19042295808
anon_thp 19035848704
anon 19042295808
anon_thp 19035848704
anon 19042295808
anon_thp 19035848704
anon 19042295808
anon_thp 19035848704
anon 19042295808
anon_thp 19035848704
anon 19042295808
anon_thp 19035848704
anon 19042295808
anon_thp 19035848704
anon 19042295808
anon_thp 19035848704
anon 19042295808
anon_thp 19035848704
anon 19042295808
anon_thp 19035848704
anon 19042295808
anon_thp 19035848704
anon 19042295808
anon_thp 19035848704
anon 19042295808
anon_thp 19035848704
anon 19042295808
anon_thp 19035848704
anon 19042295808
anon_thp 19035848704
anon 19042295808
anon_thp 19035848704
anon 19042295808
anon_thp 19035848704
anon 19042295808
anon_thp 19035848704
anon 19042295808
anon_thp 19035848704
anon 19042295808
anon_thp 19035848704
anon 19042295808
anon_thp 19035848704
anon 19042295808
anon_thp 19035848704
anon 19042295808
anon_thp 19035848704
anon 19042295808
anon_thp 19035848704
anon 19042295808
anon_thp 19035848704
anon 19042295808
anon_thp 19035848704
anon 19042295808
anon_thp 19035848704
anon 19042295808
anon_thp 19035848704
anon 19042295808
anon_thp 19035848704
anon 19042295808
anon_thp 19035848704
anon 19042295808
anon_thp 19035848704
anon 19042295808
anon_thp 19035848704
anon 19042295808
anon_thp 19035848704
anon 19042295808
anon_thp 19035848704
anon 19042295808
anon_thp 19035848704
anon 19042295808
anon_thp 19035848704
anon 19042295808
anon_thp 19035848704
anon 19042295808
anon_thp 19035848704
anon 19042295808
anon_thp 19035848704
anon 19042295808
anon_thp 19035848704
anon 19042295808
anon_thp 19035848704
anon 19042295808
anon_thp 19035848704
anon 19042295808
anon_thp 19035848704
anon 19042295808
anon_thp 19035848704
anon 19042295808
anon_thp 19035848704
anon 372375552
anon_thp 369098752
