anon 1024000
anon_thp 0
anon 168632320
anon_thp 165675008
anon 252522496
anon_thp 249561088
anon 409804800
anon_thp 406847488
anon 550318080
anon_thp 547356672
anon 682438656
anon_thp 679477248
anon 885854208
anon_thp 882900992
anon 1064120320
anon_thp 1061158912
anon 1263845376
anon_thp 1260388352
anon 1473560576
anon_thp 1470103552
anon 1593102336
anon_thp 1589641216
anon 1800720384
anon_thp 1797259264
anon 1903476736
anon_thp 1900019712
anon 2012532736
anon_thp 2009071616
anon 2220150784
anon_thp 2216689664
anon 2259992576
anon_thp 2256535552
anon 2400497664
anon_thp 2397044736
anon 2614411264
anon_thp 2610954240
anon 2782187520
anon_thp 2778726400
anon 2918502400
anon_thp 2915041280
anon 3077881856
anon_thp 3074424832
anon 3207901184
anon_thp 3204448256
anon 3421814784
anon_thp 3418357760
anon 3579101184
anon_thp 3575644160
anon 3673477120
anon_thp 3670016000
anon 3885281280
anon_thp 3881828352
anon 4050960384
anon_thp 4047503360
anon 4076130304
anon_thp 4072669184
anon 4099190784
anon_thp 4095737856
anon 4210339840
anon_thp 4206886912
anon 4424257536
anon_thp 4420796416
anon 4558475264
anon_thp 4555014144
anon 4596224000
anon_thp 4592762880
anon 4743020544
anon_thp 4739563520
anon 4912893952
anon_thp 4909432832
anon 5099540480
anon_thp 5096079360
anon 5298769920
anon_thp 5295308800
anon 5449764864
anon_thp 5446303744
anon 5646893056
anon_thp 5643436032
anon 5858705408
anon_thp 5855248384
anon 5976150016
anon_thp 5972688896
anon 6187958272
anon_thp 6184501248
anon 6370414592
anon_thp 6366953472
anon 6481563648
anon_thp 6478102528
anon 6693371904
anon_thp 6689914880
anon 6903091200
anon_thp 6899630080
anon 7116996608
anon_thp 7113539584
anon 7309934592
anon_thp 7306477568
anon 7521751040
anon_thp 7518289920
anon 7723077632
anon_thp 7719616512
anon 7930691584
anon_thp 7927234560
anon 8138309632
anon_thp 8134852608
anon 8291401728
anon_thp 8287944704
anon 8473853952
anon_thp 8470396928
anon 8679374848
anon_thp 8675917824
anon 8819884032
anon_thp 8816427008
anon 9008627712
anon_thp 9005170688
anon 9195274240
anon_thp 9191817216
anon 9371435008
anon_thp 9367977984
anon 9566470144
anon_thp 9563013120
anon 9776185344
anon_thp 9772728320
anon 9960734720
anon_thp 9957277696
anon 10036236288
anon_thp 10032775168
anon 10170454016
anon_thp 10166992896
anon 10319343616
anon_thp 10315890688
anon 10382266368
anon_thp 10378805248
anon 10585690112
anon_thp 10582228992
anon 10742976512
anon_thp 10739515392
anon 10875097088
anon_thp 10871635968
anon 10910748672
anon_thp 10907287552
anon 11074322432
anon_thp 11070865408
anon 11141431296
anon_thp 11137974272
anon 11346952192
anon_thp 11343495168
anon 11556667392
anon_thp 11553210368
anon 11766382592
anon_thp 11762925568
anon 11799932928
anon_thp 11796480000
anon 11808329728
anon_thp 11804868608
anon 11846078464
anon_thp 11842617344
anon 12024328192
anon_thp 12020875264
anon 12223561728
anon_thp 12220104704
anon 12431183872
anon_thp 12427722752
anon 12598956032
anon_thp 12595494912
anon 12787699712
anon_thp 12784238592
anon 12997410816
anon_thp 12993953792
anon 13196644352
anon_thp 13193183232
anon 13286821888
anon_thp 13283360768
anon 13446201344
anon_thp 13442744320
anon 13653823488
anon_thp 13650362368
anon 13829984256
anon_thp 13826523136
anon 13962100736
anon_thp 13958643712
anon 14127771648
anon_thp 14124318720
anon 14297649152
anon_thp 14294188032
anon 14505267200
anon_thp 14501806080
anon 14649966592
anon_thp 14646509568
anon 14838714368
anon_thp 14835253248
anon 15044231168
anon_thp 15040774144
anon 15228780544
anon_thp 15225323520
anon 15436398592
anon_thp 15432941568
anon 15646113792
anon_thp 15642656768
anon 15851638784
anon_thp 15848177664
anon 16034086912
anon_thp 16030629888
anon 16134754304
anon_thp 16131293184
anon 16271069184
anon_thp 16267608064
anon 16405282816
anon_thp 16401825792
anon 16562569216
anon_thp 16559112192
anon 16768090112
anon_thp 16764633088
anon 16973606912
anon_thp 16970153984
anon 17130897408
anon_thp 17127440384
anon 17309155328
anon_thp 17305698304
anon 17380458496
anon_thp 17377001472
anon 17575489536
anon_thp 17572036608
anon 17785212928
anon_thp 17781751808
anon 17936207872
anon_thp 17932746752
anon 19041943552
anon_thp 19033751552
anon 19041935360
anon_thp 19033751552
anon 19041939456
anon_thp 19033751552
anon 19041939456
anon_thp 19033751552
anon 19041943552
anon_thp 19033751552
anon 19041935360
anon_thp 19033751552
anon 19041939456
anon_thp 19033751552
anon 19041935360
anon_thp 19033751552
anon 19041939456
anon_thp 19033751552
anon 19041939456
anon_thp 19033751552
anon 19041939456
anon_thp 19033751552
anon 19041939456
anon_thp 19033751552
anon 19041939456
anon_thp 19033751552
anon 19041939456
anon_thp 19033751552
anon 19041939456
anon_thp 19033751552
anon 19041943552
anon_thp 19033751552
anon 19041939456
anon_thp 19033751552
anon 19041939456
anon_thp 19033751552
anon 19041935360
anon_thp 19033751552
anon 19041935360
anon_thp 19033751552
anon 19041939456
anon_thp 19033751552
anon 19041939456
anon_thp 19033751552
anon 19041939456
anon_thp 19033751552
anon 19041943552
anon_thp 19033751552
anon 18624778240
anon_thp 18618515456
anon 19039842304
anon_thp 19031654400
anon 19041943552
anon_thp 19033751552
anon 19041943552
anon_thp 19033751552
anon 19041939456
anon_thp 19033751552
anon 19041943552
anon_thp 19033751552
anon 19041939456
anon_thp 19033751552
anon 19041939456
anon_thp 19033751552
anon 19041939456
anon_thp 19033751552
anon 19041939456
anon_thp 19033751552
anon 19041935360
anon_thp 19033751552
anon 19041939456
anon_thp 19033751552
anon 19041935360
anon_thp 19033751552
anon 19041939456
anon_thp 19033751552
anon 19041943552
anon_thp 19033751552
anon 19041943552
anon_thp 19033751552
anon 19041935360
anon_thp 19033751552
anon 19041935360
anon_thp 19033751552
anon 19041943552
anon_thp 19033751552
anon 19041943552
anon_thp 19033751552
anon 19041939456
anon_thp 19033751552
anon 19041939456
anon_thp 19033751552
anon 19041943552
anon_thp 19033751552
anon 19041943552
anon_thp 19033751552
anon 19027435520
anon_thp 19021168640
anon 19041939456
anon_thp 19033751552
anon 19041939456
anon_thp 19033751552
anon 19041939456
anon_thp 19033751552
anon 19041935360
anon_thp 19033751552
anon 19041943552
anon_thp 19033751552
anon 19041943552
anon_thp 19033751552
anon 19041939456
anon_thp 19033751552
anon 19041939456
anon_thp 19033751552
anon 19041939456
anon_thp 19033751552
anon 19041943552
anon_thp 19033751552
anon 19041939456
anon_thp 19033751552
anon 19041939456
anon_thp 19033751552
anon 19041943552
anon_thp 19033751552
anon 19041935360
anon_thp 19033751552
anon 19041939456
anon_thp 19033751552
anon 19041943552
anon_thp 19033751552
anon 19041943552
anon_thp 19033751552
anon 19041935360
anon_thp 19033751552
anon 19041939456
anon_thp 19033751552
anon 19041939456
anon_thp 19033751552
anon 19041943552
anon_thp 19033751552
anon 19041939456
anon_thp 19033751552
anon 19041939456
anon_thp 19033751552
anon 19041939456
anon_thp 19033751552
anon 19041943552
anon_thp 19033751552
anon 19041939456
anon_thp 19033751552
anon 19041939456
anon_thp 19033751552
anon 19041939456
anon_thp 19033751552
anon 19041943552
anon_thp 19033751552
anon 19041939456
anon_thp 19033751552
anon 19041939456
anon_thp 19033751552
anon 19041935360
anon_thp 19033751552
anon 19041943552
anon_thp 19033751552
anon 19041939456
anon_thp 19033751552
anon 19041939456
anon_thp 19033751552
anon 19041943552
anon_thp 19033751552
anon 19041943552
anon_thp 19033751552
anon 19041939456
anon_thp 19033751552
anon 19041935360
anon_thp 19033751552
anon 19041939456
anon_thp 19033751552
anon 19041943552
anon_thp 19033751552
anon 19041939456
anon_thp 19033751552
anon 19041943552
anon_thp 19033751552
anon 19041939456
anon_thp 19033751552
anon 19041939456
anon_thp 19033751552
anon 19041943552
anon_thp 19033751552
anon 19041935360
anon_thp 19033751552
anon 19041939456
anon_thp 19033751552
anon 19041939456
anon_thp 19033751552
anon 19041943552
anon_thp 19033751552
anon 19041939456
anon_thp 19033751552
anon 19041939456
anon_thp 19033751552
anon 19041939456
anon_thp 19033751552
anon 19041939456
anon_thp 19033751552
anon 19041939456
anon_thp 19033751552
anon 19041935360
anon_thp 19033751552
anon 19041939456
anon_thp 19033751552
anon 19041939456
anon_thp 19033751552
anon 19041943552
anon_thp 19033751552
anon 19041935360
anon_thp 19033751552
anon 19041939456
anon_thp 19033751552
anon 19041939456
anon_thp 19033751552
anon 19041935360
anon_thp 19033751552
anon 19041943552
anon_thp 19033751552
anon 19041943552
anon_thp 19033751552
anon 19039838208
anon_thp 19031654400
anon 19041939456
anon_thp 19033751552
anon 19041935360
anon_thp 19033751552
anon 19041943552
anon_thp 19033751552
anon 19041939456
anon_thp 19033751552
anon 19041939456
anon_thp 19033751552
anon 19041939456
anon_thp 19033751552
anon 19041939456
anon_thp 19033751552
anon 19041939456
anon_thp 19033751552
anon 18907897856
anon_thp 18901630976
anon 19041939456
anon_thp 19033751552
anon 19041943552
anon_thp 19033751552
anon 19041939456
anon_thp 19033751552
anon 19041935360
anon_thp 19033751552
anon 19041943552
anon_thp 19033751552
anon 19041935360
anon_thp 19033751552
anon 19041935360
anon_thp 19033751552
anon 19041935360
anon_thp 19033751552
anon 19041939456
anon_thp 19033751552
anon 19041935360
anon_thp 19033751552
anon 19041939456
anon_thp 19033751552
anon 19041935360
anon_thp 19033751552
anon 19041939456
anon_thp 19033751552
anon 19041943552
anon_thp 19033751552
anon 19037745152
anon_thp 19029557248
anon 19041935360
anon_thp 19033751552
anon 19041943552
anon_thp 19033751552
anon 19041939456
anon_thp 19033751552
anon 19041939456
anon_thp 19033751552
anon 19041939456
anon_thp 19033751552
anon 19039846400
anon_thp 19031654400
anon 19041939456
anon_thp 19033751552
anon 19041939456
anon_thp 19033751552
anon 19041943552
anon_thp 19033751552
anon 19041943552
anon_thp 19033751552
anon 19041939456
anon_thp 19033751552
anon 19041939456
anon_thp 19033751552
anon 19041939456
anon_thp 19033751552
anon 19041939456
anon_thp 19033751552
anon 19041939456
anon_thp 19033751552
anon 19041939456
anon_thp 19033751552
anon 19041935360
anon_thp 19033751552
anon 19041943552
anon_thp 19033751552
anon 19041943552
anon_thp 19033751552
anon 19041939456
anon_thp 19033751552
anon 19041939456
anon_thp 19033751552
anon 19041939456
anon_thp 19033751552
anon 19041943552
anon_thp 19033751552
anon 19041943552
anon_thp 19033751552
anon 19041935360
anon_thp 19033751552
anon 19041943552
anon_thp 19033751552
anon 19041943552
anon_thp 19033751552
anon 19041939456
anon_thp 19033751552
anon 19041939456
anon_thp 19033751552
anon 19041939456
anon_thp 19033751552
anon 19041939456
anon_thp 19033751552
anon 19041943552
anon_thp 19033751552
anon 19041939456
anon_thp 19033751552
anon 19041939456
anon_thp 19033751552
anon 19041943552
anon_thp 19033751552
anon 19041943552
anon_thp 19033751552
anon 19041939456
anon_thp 19033751552
anon 19041935360
anon_thp 19033751552
anon 19041935360
anon_thp 19033751552
anon 19041939456
anon_thp 19033751552
anon 19041939456
anon_thp 19033751552
anon 19041939456
anon_thp 19033751552
anon 19041935360
anon_thp 19033751552
anon 19041939456
anon_thp 19033751552
anon 19041939456
anon_thp 19033751552
anon 19041939456
anon_thp 19033751552
anon 19041939456
anon_thp 19033751552
anon 19041939456
anon_thp 19033751552
anon 19041943552
anon_thp 19033751552
anon 19041943552
anon_thp 19033751552
anon 19041943552
anon_thp 19033751552
anon 19041939456
anon_thp 19033751552
anon 19041943552
anon_thp 19033751552
anon 19041939456
anon_thp 19033751552
anon 19041939456
anon_thp 19033751552
anon 19041943552
anon_thp 19033751552
anon 19041939456
anon_thp 19033751552
anon 19041939456
anon_thp 19033751552
anon 19041935360
anon_thp 19033751552
anon 19041939456
anon_thp 19033751552
anon 19041939456
anon_thp 19033751552
anon 19041939456
anon_thp 19033751552
anon 19041943552
anon_thp 19033751552
anon 19041939456
anon_thp 19033751552
anon 19041943552
anon_thp 19033751552
anon 19041939456
anon_thp 19033751552
anon 19041939456
anon_thp 19033751552
anon 19041943552
anon_thp 19033751552
anon 19041939456
anon_thp 19033751552
anon 19041939456
anon_thp 19033751552
anon 19039846400
anon_thp 19031654400
anon 19041943552
anon_thp 19033751552
anon 19041939456
anon_thp 19033751552
anon 19041939456
anon_thp 19033751552
anon 19041943552
anon_thp 19033751552
anon 19041939456
anon_thp 19033751552
anon 19041939456
anon_thp 19033751552
anon 19041939456
anon_thp 19033751552
anon 19041943552
anon_thp 19033751552
anon 19041943552
anon_thp 19033751552
anon 19041943552
anon_thp 19033751552
anon 19041939456
anon_thp 19033751552
anon 19039846400
anon_thp 19031654400
anon 19041943552
anon_thp 19033751552
anon 19041939456
anon_thp 19033751552
anon 19041943552
anon_thp 19033751552
anon 19039842304
anon_thp 19031654400
anon 19041943552
anon_thp 19033751552
anon 19039842304
anon_thp 19031654400
anon 19041939456
anon_thp 19033751552
anon 19041939456
anon_thp 19033751552
anon 19041943552
anon_thp 19033751552
anon 19041939456
anon_thp 19033751552
anon 19041935360
anon_thp 19033751552
anon 19041943552
anon_thp 19033751552
anon 19041943552
anon_thp 19033751552
anon 19041939456
anon_thp 19033751552
anon 19041939456
anon_thp 19033751552
anon 19041935360
anon_thp 19033751552
anon 19041943552
anon_thp 19033751552
anon 19041939456
anon_thp 19033751552
anon 19041943552
anon_thp 19033751552
anon 19041939456
anon_thp 19033751552
anon 19041939456
anon_thp 19033751552
anon 19041943552
anon_thp 19033751552
anon 19041939456
anon_thp 19033751552
anon 19041939456
anon_thp 19033751552
anon 19041939456
anon_thp 19033751552
anon 19041939456
anon_thp 19033751552
anon 19041939456
anon_thp 19033751552
anon 19041943552
anon_thp 19033751552
anon 19041939456
anon_thp 19033751552
anon 19041943552
anon_thp 19033751552
anon 19041935360
anon_thp 19033751552
anon 19041943552
anon_thp 19033751552
anon 19041939456
anon_thp 19033751552
