hot 9 warm 0 cold 352
hot 10 warm 0 cold 352
hot 10 warm 0 cold 352
hot 10 warm 0 cold 352
hot 10 warm 0 cold 352
hot 10 warm 0 cold 352
hot 10 warm 0 cold 352
hot 10 warm 0 cold 352
hot 10 warm 0 cold 352
hot 10 warm 0 cold 352
hot 10 warm 0 cold 352
hot 10 warm 0 cold 352
hot 10 warm 0 cold 352
hot 10 warm 0 cold 352
hot 10 warm 0 cold 352
hot 10 warm 0 cold 352
hot 10 warm 0 cold 352
hot 10 warm 0 cold 352
hot 10 warm 0 cold 352
hot 10 warm 0 cold 352
hot 10 warm 0 cold 352
hot 10 warm 0 cold 352
hot 10 warm 0 cold 352
hot 10 warm 0 cold 352
hot 10 warm 0 cold 352
hot 10 warm 0 cold 352
hot 10 warm 0 cold 352
hot 10 warm 0 cold 352
hot 10 warm 0 cold 352
hot 10 warm 0 cold 352
hot 10 warm 0 cold 352
hot 10 warm 0 cold 352
hot 10 warm 0 cold 352
hot 10 warm 0 cold 352
hot 10 warm 0 cold 352
hot 10 warm 0 cold 352
hot 10 warm 0 cold 352
hot 10 warm 0 cold 352
hot 10 warm 0 cold 352
hot 10 warm 0 cold 352
hot 10 warm 0 cold 352
hot 10 warm 0 cold 352
hot 10 warm 0 cold 352
hot 10 warm 0 cold 352
hot 10 warm 0 cold 352
hot 10 warm 0 cold 352
hot 10 warm 0 cold 352
hot 10 warm 0 cold 352
hot 10 warm 0 cold 352
hot 10 warm 0 cold 352
hot 10 warm 0 cold 352
hot 10 warm 0 cold 352
hot 10 warm 0 cold 352
hot 10 warm 0 cold 352
hot 10 warm 0 cold 352
hot 10 warm 0 cold 352
hot 10 warm 0 cold 352
hot 10 warm 0 cold 352
hot 10 warm 0 cold 352
hot 10 warm 0 cold 352
hot 10 warm 0 cold 352
hot 10 warm 0 cold 352
hot 10 warm 0 cold 352
hot 10 warm 0 cold 352
hot 10 warm 0 cold 352
hot 10 warm 0 cold 352
hot 10 warm 0 cold 352
hot 10 warm 0 cold 352
hot 10 warm 0 cold 352
hot 10 warm 0 cold 352
hot 10 warm 0 cold 352
hot 10 warm 0 cold 352
hot 10 warm 0 cold 352
hot 10 warm 0 cold 352
hot 10 warm 0 cold 352
hot 10 warm 0 cold 352
hot 10 warm 0 cold 352
hot 10 warm 0 cold 352
hot 10 warm 0 cold 352
hot 10 warm 0 cold 352
hot 10 warm 0 cold 352
hot 10 warm 0 cold 352
hot 10 warm 0 cold 352
hot 10 warm 0 cold 352
hot 10 warm 0 cold 352
hot 10 warm 0 cold 352
hot 10 warm 0 cold 352
hot 10 warm 0 cold 352
hot 10 warm 0 cold 352
hot 10 warm 0 cold 352
hot 10 warm 0 cold 352
hot 10 warm 0 cold 352
hot 10 warm 0 cold 352
hot 10 warm 0 cold 352
hot 10 warm 0 cold 352
hot 10 warm 0 cold 352
hot 10 warm 0 cold 352
hot 10 warm 0 cold 352
hot 10 warm 0 cold 352
hot 10 warm 0 cold 352
hot 10 warm 0 cold 352
hot 10 warm 0 cold 352
hot 10 warm 0 cold 352
hot 10 warm 0 cold 352
hot 10 warm 0 cold 352
hot 10 warm 0 cold 352
hot 10 warm 0 cold 352
hot 10 warm 0 cold 352
hot 10 warm 0 cold 352
hot 10 warm 0 cold 352
hot 10 warm 0 cold 352
hot 10 warm 0 cold 352
hot 10 warm 0 cold 352
hot 13834 warm 0 cold 352
hot 182791 warm 0 cold 352
hot 273638 warm 0 cold 0
hot 389346 warm 0 cold 0
hot 423134 warm 0 cold 0
hot 431322 warm 0 cold 0
hot 523990 warm 0 cold 0
hot 622290 warm 0 cold 0
hot 713422 warm 0 cold 0
hot 762570 warm 0 cold 0
hot 798406 warm 0 cold 0
hot 880322 warm 0 cold 0
hot 962238 warm 0 cold 0
hot 1051322 warm 0 cold 0
hot 1164982 warm 0 cold 0
hot 1252530 warm 0 cold 0
hot 1319598 warm 0 cold 0
hot 1361066 warm 0 cold 0
hot 1396390 warm 0 cold 0
hot 3550883 warm 0 cold 65
hot 4648666 warm 0 cold 25
hot 133133 warm 4437193 cold 78336
hot 133132 warm 4437193 cold 78336
hot 133644 warm 4436681 cold 78336
hot 134668 warm 4435657 cold 78336
hot 139274 warm 4317385 cold 65024
hot 143878 warm 4316873 cold 65024
hot 151554 warm 4316361 cold 65024
hot 160254 warm 4315337 cold 65024
hot 169466 warm 4313289 cold 65024
hot 179702 warm 4310729 cold 64512
hot 190450 warm 4305609 cold 64512
hot 199150 warm 4303561 cold 64512
hot 203242 warm 4303049 cold 64512
hot 209894 warm 4301001 cold 64512
hot 213475 warm 4299976 cold 64000
hot 221663 warm 4295368 cold 64000
hot 226267 warm 4293832 cold 64000
hot 234455 warm 4288712 cold 64000
hot 240602 warm 4284097 cold 64000
hot 247254 warm 4279489 cold 63488
hot 251858 warm 4276417 cold 63488
hot 257998 warm 4273345 cold 63488
hot 264650 warm 4268737 cold 63488
hot 211469 warm 70151 cold 4003529
hot 304144 warm 4234953 cold 61440
hot 316940 warm 4223177 cold 61440
hot 338440 warm 0 cold 4264649
hot 358405 warm 4186825 cold 61440
hot 277035 warm 4183720 cold 60416
hot 292391 warm 4172968 cold 59904
hot 308771 warm 4161704 cold 59904
hot 327199 warm 4148392 cold 59904
hot 344091 warm 4134568 cold 59904
hot 358423 warm 4125864 cold 57344
hot 372755 warm 0 cold 4172456
hot 387087 warm 4104872 cold 56320
hot 405003 warm 0 cold 4148904
hot 419335 warm 0 cold 4137640
hot 432643 warm 0 cold 4127400
hot 457215 warm 0 cold 4105384
hot 478203 warm 0 cold 4086952
hot 500727 warm 0 cold 4068008
hot 520179 warm 0 cold 4050088
hot 541167 warm 0 cold 4031144
hot 561643 warm 0 cold 4012712
hot 579559 warm 0 cold 3996840
hot 593379 warm 0 cold 3984040
hot 606687 warm 0 cold 3972264
hot 628699 warm 0 cold 3951784
hot 645079 warm 0 cold 3936424
hot 661971 warm 0 cold 3920040
hot 481324 warm 0 cold 3905192
hot 615995 warm 0 cold 3902616
hot 627255 warm 3844760 cold 50176
hot 629811 warm 3843736 cold 50176
hot 632367 warm 3842712 cold 50176
hot 637995 warm 3838104 cold 50176
hot 652839 warm 3827864 cold 48640
hot 667171 warm 3818136 cold 48640
hot 148975 warm 573447 cold 3813003
hot 748018 warm 3743883 cold 46080
hot 777198 warm 0 cold 3763851
hot 805354 warm 0 cold 3737227
hot 810982 warm 3690123 cold 43520
hot 828386 warm 0 cold 3718795
hot 862174 warm 0 cold 3688075
hot 900574 warm 0 cold 3650183
hot 934362 warm 0 cold 3616903
hot 972246 warm 0 cold 3581063
hot 994770 warm 0 cold 3560583
hot 995278 warm 0 cold 3560583
hot 999882 warm 0 cold 3557511
hot 1021382 warm 0 cold 3537543
hot 1051586 warm 0 cold 3508871
hot 1090494 warm 0 cold 3472007
hot 1122234 warm 0 cold 3442311
hot 1083904 warm 0 cold 3434119
hot 1115644 warm 0 cold 3405959
hot 1152504 warm 0 cold 3370631
hot 1193972 warm 0 cold 3331719
hot 1228272 warm 0 cold 3299463
hot 1263596 warm 0 cold 3266695
hot 1298920 warm 0 cold 3234951
hot 1334756 warm 0 cold 3200647
hot 1369056 warm 0 cold 3168903
hot 1385948 warm 0 cold 3152519
hot 1386456 warm 0 cold 3152519
hot 1387988 warm 0 cold 3152519
hot 1403856 warm 0 cold 3137671
hot 1435596 warm 0 cold 3107975
hot 159682 warm 0 cold 4385934
hot 161219 warm 0 cold 4385947
hot 132160 warm 0 cold 3449420
hot 133692 warm 0 cold 4417695
hot 169020 warm 1623559 cold 2761364
hot 171064 warm 0 cold 4384923
hot 172596 warm 0 cold 4384923
hot 173104 warm 0 cold 4384923
hot 177708 warm 1816071 cold 2566804
hot 5171 warm 0 cold 4381339
hot 138802 warm 1857031 cold 2522260
hot 140846 warm 1898503 cold 2479252
hot 145450 warm 1938439 cold 2437268
hot 151078 warm 1971719 cold 2399380
hot 156194 warm 1992199 cold 2375828
hot 160286 warm 1989639 cold 2375828
hot 161818 warm 1989639 cold 2375828
hot 165910 warm 1993223 cold 2369684
hot 173074 warm 2027015 cold 2330772
hot 176654 warm 2068999 cold 2286740
hot 182282 warm 2100231 cold 2251412
hot 186374 warm 2100743 cold 2248340
hot 192514 warm 2136071 cold 2208916
hot 200702 warm 2162695 cold 2176148
hot 206330 warm 0 cold 4334747
hot 209398 warm 0 cold 4332699
hot 216050 warm 0 cold 4328091
hot 224238 warm 0 cold 4320411
hot 229354 warm 0 cold 4316315
hot 233958 warm 2256391 cold 2055316
hot 237538 warm 0 cold 4309147
hot 245214 warm 0 cold 4302491
hot 251866 warm 0 cold 4297371
hot 92722 warm 0 cold 4297371
hot 226350 warm 0 cold 4293275
hot 231978 warm 2361863 cold 1926292
hot 241702 warm 2379271 cold 1901204
hot 252962 warm 2391559 cold 1879700
hot 261150 warm 2416647 cold 1847444
hot 269338 warm 0 cold 4257947
hot 271894 warm 0 cold 4255387
hot 279058 warm 0 cold 4249243
hot 289806 warm 2472967 cold 1767060
hot 297994 warm 0 cold 4234907
hot 304646 warm 0 cold 4228763
hot 308738 warm 0 cold 4227227
hot 318462 warm 0 cold 4218011
hot 151598 warm 0 cold 1117704
hot 154156 warm 0 cold 4386460
hot 154152 warm 0 cold 4386460
hot 475685 warm 0 cold 4066459
hot 506913 warm 0 cold 4036251
hot 541213 warm 0 cold 4003483
hot 571417 warm 0 cold 3974811
hot 608789 warm 0 cold 3938971
hot 643601 warm 0 cold 3905179
hot 679949 warm 0 cold 3869851
hot 651786 warm 2663431 cold 1193108
hot 675334 warm 2654215 cold 1188500
hot 713730 warm 0 cold 3804827
hot 748542 warm 0 cold 3771035
hot 787450 warm 0 cold 3733147
hot 830454 warm 0 cold 3692187
hot 872434 warm 0 cold 3651739
hot 911342 warm 0 cold 3614875
hot 948714 warm 0 cold 3579035
hot 991206 warm 0 cold 3537563
hot 1031138 warm 0 cold 3500187
hot 1067998 warm 0 cold 3465883
hot 1087962 warm 0 cold 3446427
hot 1092054 warm 0 cold 3443355
hot 1125330 warm 0 cold 3411099
hot 1160654 warm 0 cold 3377307
hot 1211850 warm 0 cold 3329179
hot 1261510 warm 0 cold 3281563
hot 1307586 warm 0 cold 3237019
hot 1347518 warm 0 cold 3198619
hot 1395642 warm 0 cold 3153051
hot 1440182 warm 0 cold 3110043
hot 1482674 warm 0 cold 3069083
hot 1522094 warm 0 cold 3030683
hot 1499560 warm 0 cold 3005595
hot 1519524 warm 0 cold 2999451
hot 153505 warm 0 cold 4367003
hot 159137 warm 0 cold 4363931
hot 161185 warm 0 cold 4363419
hot 164257 warm 1451008 cold 2910363
hot 168353 warm 0 cold 4358299
hot 173473 warm 0 cold 4354715
hot 177569 warm 0 cold 4352155
hot 181153 warm 0 cold 4351131
hot 184737 warm 0 cold 4348571
hot 192417 warm 0 cold 4342939
hot 200614 warm 0 cold 4336278
hot 205222 warm 1681408 cold 2652310
hot 212390 warm 0 cold 4330646
hot 219558 warm 1751552 cold 2574998
hot 223654 warm 0 cold 4323990
hot 228774 warm 1818112 cold 2502806
hot 233894 warm 0 cold 4318358
hot 240038 warm 1887744 cold 2427542
hot 244646 warm 0 cold 4312214
hot 251814 warm 1945088 cold 2362006
hot 256934 warm 0 cold 4303510
hot 262054 warm 0 cold 4299926
hot 131135 warm 0 cold 4433635
hot 1082 warm 0 cold 4386462
hot 132662 warm 0 cold 4386462
hot 134706 warm 0 cold 4386462
hot 317494 warm 2242048 cold 1964182
hot 346162 warm 0 cold 4180630
hot 376366 warm 0 cold 4151958
hot 401450 warm 0 cold 4128918
hot 427558 warm 0 cold 4102806
hot 456226 warm 0 cold 4074134
hot 485406 warm 0 cold 4046486
hot 511514 warm 0 cold 4021910
hot 541206 warm 2289664 cold 1704086
hot 568850 warm 0 cold 3967126
hot 607246 warm 0 cold 3930774
hot 642058 warm 0 cold 3897494
hot 672262 warm 0 cold 3869334
hot 705026 warm 0 cold 3837078
hot 737790 warm 0 cold 3804310
hot 772602 warm 0 cold 3772054
hot 810486 warm 0 cold 3735190
hot 843250 warm 0 cold 3703958
hot 881646 warm 0 cold 3668118
hot 913898 warm 0 cold 3635862
hot 947686 warm 0 cold 3603094
