pgmigrate_success 81259768
pgmigrate_fail 329228
thp_migration_success 141318
thp_migration_fail 1
thp_migration_split 0
thp_fault_alloc 303089
thp_fault_fallback 0
thp_fault_fallback_charge 0
thp_collapse_alloc 24633
thp_collapse_alloc_failed 0
thp_file_alloc 325
thp_file_fallback 0
thp_file_fallback_charge 0
thp_file_mapped 0
thp_split_page 1979
thp_split_page_failed 34
thp_deferred_split_page 23175
thp_split_pmd 80252
thp_split_pud 0
thp_zero_page_alloc 0
thp_zero_page_alloc_failed 0
thp_swpout 0
thp_swpout_fallback 0
htmm_nr_promoted 62860093
htmm_nr_demoted 16525108
htmm_nr_sampled 0
htmm_missed_dramread 0
htmm_missed_nvmread 0
htmm_missed_write 0
htmm_alloc_dram 236858773
htmm_alloc_nvm 0
