anon 0
anon_thp 0
anon 269512704
anon_thp 268435456
anon 546336768
anon_thp 545259520
anon 821063680
anon_thp 819986432
anon 1104678912
anon_thp 1101004800
anon 1381502976
anon_thp 1377828864
anon 1652035584
anon_thp 1648361472
anon 1928859648
anon_thp 1925185536
anon 2209878016
anon_thp 2206203904
anon 2480410624
anon_thp 2476736512
anon 2759331840
anon_thp 2755657728
anon 3027767296
anon_thp 3024093184
anon 3310882816
anon_thp 3307208704
anon 3587706880
anon_thp 3584032768
anon 3866628096
anon_thp 3862953984
anon 4139257856
anon_thp 4135583744
anon 4422373376
anon_thp 4418699264
anon 4703391744
anon_thp 4699717632
anon 4988604416
anon_thp 4984930304
anon 5265428480
anon_thp 5261754368
anon 5546446848
anon_thp 5542772736
anon 5825368064
anon_thp 5821693952
anon 6102192128
anon_thp 6098518016
anon 6379016192
anon_thp 6375342080
anon 6664228864
anon_thp 6660554752
anon 6938955776
anon_thp 6935281664
anon 7211585536
anon_thp 7207911424
anon 7488409600
anon_thp 7484735488
anon 7761039360
anon_thp 7757365248
anon 8033669120
anon_thp 8029995008
anon 8302104576
anon_thp 8298430464
anon 8572637184
anon_thp 8568963072
anon 8855752704
anon_thp 8852078592
anon 9138868224
anon_thp 9135194112
anon 9411497984
anon_thp 9407823872
anon 9692516352
anon_thp 9688842240
anon 9969340416
anon_thp 9965666304
anon 10258747392
anon_thp 10255073280
anon 10537668608
anon_thp 10533994496
anon 10816589824
anon_thp 10812915712
anon 11089219584
anon_thp 11085545472
anon 11376529408
anon_thp 11372855296
anon 11657547776
anon_thp 11653873664
anon 11936468992
anon_thp 11932794880
anon 12215390208
anon_thp 12211716096
anon 12500602880
anon_thp 12496928768
anon 12783718400
anon_thp 12780044288
anon 13066833920
anon_thp 13063159808
anon 13345755136
anon_thp 13342081024
anon 13624676352
anon_thp 13621002240
anon 13895208960
anon_thp 13891534848
anon 14172033024
anon_thp 14168358912
anon 14453051392
anon_thp 14449377280
anon 14731972608
anon_thp 14728298496
anon 15010893824
anon_thp 15007219712
anon 15289815040
anon_thp 15286140928
anon 15568736256
anon_thp 15565062144
anon 15853948928
anon_thp 15850274816
anon 16128675840
anon_thp 16125001728
anon 16409694208
anon_thp 16406020096
anon 16692809728
anon_thp 16689135616
anon 16982216704
anon_thp 16978542592
anon 17265332224
anon_thp 17261658112
anon 17542156288
anon_thp 17538482176
anon 17816883200
anon_thp 17813209088
anon 18274197504
anon_thp 18268291072
anon 19041259520
anon_thp 19031654400
anon 19041259520
anon_thp 19031654400
anon 19041259520
anon_thp 19031654400
anon 19041259520
anon_thp 19031654400
anon 19041259520
anon_thp 19031654400
anon 19041259520
anon_thp 19031654400
anon 19041259520
anon_thp 19031654400
anon 19041259520
anon_thp 19031654400
anon 19041259520
anon_thp 19031654400
anon 19041259520
anon_thp 19031654400
anon 19041259520
anon_thp 19031654400
anon 19041259520
anon_thp 19031654400
anon 19041259520
anon_thp 19031654400
anon 19041259520
anon_thp 19031654400
anon 19041259520
anon_thp 19031654400
anon 19041259520
anon_thp 19031654400
anon 19041259520
anon_thp 19031654400
anon 19041259520
anon_thp 19031654400
anon 19041259520
anon_thp 19031654400
anon 19041259520
anon_thp 19031654400
anon 19041259520
anon_thp 19031654400
anon 19040243712
anon_thp 19033751552
anon 19042340864
anon_thp 19035848704
anon 18758197248
anon_thp 18752733184
anon 19042340864
anon_thp 19035848704
anon 19042340864
anon_thp 19035848704
anon 19042340864
anon_thp 19035848704
anon 19040243712
anon_thp 19033751552
anon 19040243712
anon_thp 19033751552
anon 19042340864
anon_thp 19035848704
anon 19042340864
anon_thp 19035848704
anon 19042340864
anon_thp 19035848704
anon 19042340864
anon_thp 19035848704
anon 19042340864
anon_thp 19035848704
anon 19042340864
anon_thp 19035848704
anon 19042340864
anon_thp 19035848704
anon 19042340864
anon_thp 19035848704
anon 19042340864
anon_thp 19035848704
anon 19042340864
anon_thp 19035848704
anon 19042340864
anon_thp 19035848704
anon 19042340864
anon_thp 19035848704
anon 19042340864
anon_thp 19035848704
anon 19042340864
anon_thp 19035848704
anon 19042340864
anon_thp 19035848704
anon 19042340864
anon_thp 19035848704
anon 19042340864
anon_thp 19035848704
anon 19042340864
anon_thp 19035848704
anon 19042340864
anon_thp 19035848704
anon 19042340864
anon_thp 19035848704
anon 19042340864
anon_thp 19035848704
anon 19042340864
anon_thp 19035848704
anon 19042340864
anon_thp 19035848704
anon 19042340864
anon_thp 19035848704
anon 19042340864
anon_thp 19035848704
anon 19042340864
anon_thp 19035848704
anon 19042340864
anon_thp 19035848704
anon 19042340864
anon_thp 19035848704
anon 19042340864
anon_thp 19035848704
anon 19042340864
anon_thp 19035848704
anon 19042340864
anon_thp 19035848704
anon 19042340864
anon_thp 19035848704
anon 19042340864
anon_thp 19035848704
anon 19042340864
anon_thp 19035848704
anon 19042340864
anon_thp 19035848704
anon 19042340864
anon_thp 19035848704
anon 19042340864
anon_thp 19035848704
anon 19042340864
anon_thp 19035848704
anon 19042340864
anon_thp 19035848704
anon 19042340864
anon_thp 19035848704
anon 19042340864
anon_thp 19035848704
anon 19042340864
anon_thp 19035848704
anon 19042340864
anon_thp 19035848704
anon 19042340864
anon_thp 19035848704
anon 19042340864
anon_thp 19035848704
anon 19040243712
anon_thp 19033751552
anon 19042340864
anon_thp 19035848704
anon 19042340864
anon_thp 19035848704
anon 19042340864
anon_thp 19035848704
anon 19042340864
anon_thp 19035848704
anon 19042340864
anon_thp 19035848704
anon 19042340864
anon_thp 19035848704
anon 19042340864
anon_thp 19035848704
anon 19042340864
anon_thp 19035848704
anon 19042340864
anon_thp 19035848704
anon 19042340864
anon_thp 19035848704
anon 19042340864
anon_thp 19035848704
anon 19042340864
anon_thp 19035848704
anon 19042340864
anon_thp 19035848704
anon 19042340864
anon_thp 19035848704
anon 19042340864
anon_thp 19035848704
anon 19042340864
anon_thp 19035848704
anon 19042340864
anon_thp 19035848704
anon 19042340864
anon_thp 19035848704
anon 19042340864
anon_thp 19035848704
anon 19042340864
anon_thp 19035848704
anon 19042340864
anon_thp 19035848704
anon 19042340864
anon_thp 19035848704
anon 19042340864
anon_thp 19035848704
anon 19042340864
anon_thp 19035848704
anon 19042340864
anon_thp 19035848704
anon 19042340864
anon_thp 19035848704
anon 19042340864
anon_thp 19035848704
anon 19042340864
anon_thp 19035848704
anon 19042340864
anon_thp 19035848704
anon 19042340864
anon_thp 19035848704
anon 19042340864
anon_thp 19035848704
anon 19042340864
anon_thp 19035848704
anon 19042340864
anon_thp 19035848704
anon 19042340864
anon_thp 19035848704
anon 19042340864
anon_thp 19035848704
anon 19042340864
anon_thp 19035848704
anon 19042340864
anon_thp 19035848704
anon 19042340864
anon_thp 19035848704
anon 19042340864
anon_thp 19035848704
anon 19042340864
anon_thp 19035848704
anon 19042340864
anon_thp 19035848704
anon 19042340864
anon_thp 19035848704
anon 19042340864
anon_thp 19035848704
anon 19042340864
anon_thp 19035848704
anon 19042340864
anon_thp 19035848704
anon 19042340864
anon_thp 19035848704
anon 19042340864
anon_thp 19035848704
anon 19042340864
anon_thp 19035848704
anon 19042340864
anon_thp 19035848704
anon 19042340864
anon_thp 19035848704
anon 19042340864
anon_thp 19035848704
anon 19042340864
anon_thp 19035848704
anon 19042340864
anon_thp 19035848704
anon 19042340864
anon_thp 19035848704
anon 19042340864
anon_thp 19035848704
anon 19042340864
anon_thp 19035848704
anon 19042340864
anon_thp 19035848704
anon 19042340864
anon_thp 19035848704
anon 19042340864
anon_thp 19035848704
anon 19042340864
anon_thp 19035848704
anon 19042340864
anon_thp 19035848704
anon 19042340864
anon_thp 19035848704
anon 19042340864
anon_thp 19035848704
anon 19042340864
anon_thp 19035848704
anon 19042340864
anon_thp 19035848704
anon 19042340864
anon_thp 19035848704
anon 19042340864
anon_thp 19035848704
anon 19042340864
anon_thp 19035848704
anon 19042340864
anon_thp 19035848704
anon 19042340864
anon_thp 19035848704
anon 19042340864
anon_thp 19035848704
anon 18670116864
anon_thp 18664652800
anon 19042340864
anon_thp 19035848704
anon 19042340864
anon_thp 19035848704
anon 19042340864
anon_thp 19035848704
anon 19042340864
anon_thp 19035848704
anon 19042340864
anon_thp 19035848704
anon 19042340864
anon_thp 19035848704
anon 19042340864
anon_thp 19035848704
anon 19042340864
anon_thp 19035848704
anon 19042340864
anon_thp 19035848704
anon 19042340864
anon_thp 19035848704
anon 19042340864
anon_thp 19035848704
anon 19042340864
anon_thp 19035848704
anon 19042340864
anon_thp 19035848704
anon 19042340864
anon_thp 19035848704
anon 19042340864
anon_thp 19035848704
anon 19042340864
anon_thp 19035848704
anon 19042340864
anon_thp 19035848704
anon 19042340864
anon_thp 19035848704
anon 19042340864
anon_thp 19035848704
anon 19042340864
anon_thp 19035848704
anon 19042340864
anon_thp 19035848704
anon 19042340864
anon_thp 19035848704
anon 19042340864
anon_thp 19035848704
anon 19042340864
anon_thp 19035848704
anon 19042340864
anon_thp 19035848704
anon 19042340864
anon_thp 19035848704
anon 19040243712
anon_thp 19033751552
anon 19042340864
anon_thp 19035848704
anon 19042340864
anon_thp 19035848704
anon 19042340864
anon_thp 19035848704
anon 19042340864
anon_thp 19035848704
anon 19042340864
anon_thp 19035848704
anon 19042340864
anon_thp 19035848704
anon 19042340864
anon_thp 19035848704
anon 19042340864
anon_thp 19035848704
anon 19042340864
anon_thp 19035848704
anon 19042340864
anon_thp 19035848704
anon 18482397184
anon_thp 18478006272
anon 19042340864
anon_thp 19035848704
anon 19042340864
anon_thp 19035848704
anon 19042340864
anon_thp 19035848704
anon 19042340864
anon_thp 19035848704
anon 19042340864
anon_thp 19035848704
anon 19042340864
anon_thp 19035848704
anon 19042340864
anon_thp 19035848704
anon 19042340864
anon_thp 19035848704
anon 19042340864
anon_thp 19035848704
anon 19042340864
anon_thp 19035848704
anon 19042340864
anon_thp 19035848704
anon 19042340864
anon_thp 19035848704
anon 19042340864
anon_thp 19035848704
anon 19042340864
anon_thp 19035848704
anon 19042340864
anon_thp 19035848704
anon 19042340864
anon_thp 19035848704
anon 19042340864
anon_thp 19035848704
anon 19042340864
anon_thp 19035848704
anon 19042340864
anon_thp 19035848704
anon 19042340864
anon_thp 19035848704
anon 19042340864
anon_thp 19035848704
anon 19042340864
anon_thp 19035848704
anon 19042340864
anon_thp 19035848704
anon 19042340864
anon_thp 19035848704
anon 19042340864
anon_thp 19035848704
anon 19042340864
anon_thp 19035848704
anon 19042340864
anon_thp 19035848704
anon 19042340864
anon_thp 19035848704
anon 19042340864
anon_thp 19035848704
anon 19042340864
anon_thp 19035848704
anon 19042340864
anon_thp 19035848704
anon 19042340864
anon_thp 19035848704
anon 19042340864
anon_thp 19035848704
anon 18266390528
anon_thp 18261999616
anon 19042340864
anon_thp 19035848704
anon 19042340864
anon_thp 19035848704
anon 19042340864
anon_thp 19035848704
anon 19042340864
anon_thp 19035848704
anon 19042340864
anon_thp 19035848704
anon 19042340864
anon_thp 19035848704
anon 19040243712
anon_thp 19033751552
anon 19042340864
anon_thp 19035848704
anon 19042340864
anon_thp 19035848704
anon 19042340864
anon_thp 19035848704
anon 19042340864
anon_thp 19035848704
anon 19042340864
anon_thp 19035848704
anon 19042340864
anon_thp 19035848704
anon 19042340864
anon_thp 19035848704
anon 19042340864
anon_thp 19035848704
anon 19042340864
anon_thp 19035848704
anon 19042340864
anon_thp 19035848704
anon 19042340864
anon_thp 19035848704
anon 19042340864
anon_thp 19035848704
anon 19042340864
anon_thp 19035848704
anon 19042340864
anon_thp 19035848704
anon 19042340864
anon_thp 19035848704
anon 19042340864
anon_thp 19035848704
anon 19042340864
anon_thp 19035848704
anon 19042340864
anon_thp 19035848704
anon 19042340864
anon_thp 19035848704
anon 19042340864
anon_thp 19035848704
anon 19042340864
anon_thp 19035848704
anon 19042340864
anon_thp 19035848704
anon 19042340864
anon_thp 19035848704
anon 19042340864
anon_thp 19035848704
anon 19042340864
anon_thp 19035848704
anon 19042340864
anon_thp 19035848704
anon 19042340864
anon_thp 19035848704
anon 19042340864
anon_thp 19035848704
anon 19042340864
anon_thp 19035848704
anon 19042340864
anon_thp 19035848704
anon 19042340864
anon_thp 19035848704
anon 19042340864
anon_thp 19035848704
anon 19042340864
anon_thp 19035848704
anon 19042340864
anon_thp 19035848704
anon 19042340864
anon_thp 19035848704
anon 19042340864
anon_thp 19035848704
anon 19042340864
anon_thp 19035848704
anon 19042340864
anon_thp 19035848704
anon 19042340864
anon_thp 19035848704
anon 19042340864
anon_thp 19035848704
anon 19042340864
anon_thp 19035848704
anon 19042340864
anon_thp 19035848704
anon 19042340864
anon_thp 19035848704
anon 19042340864
anon_thp 19035848704
anon 19042340864
anon_thp 19035848704
anon 19042340864
anon_thp 19035848704
anon 19042340864
anon_thp 19035848704
anon 19042340864
anon_thp 19035848704
anon 19042340864
anon_thp 19035848704
anon 19042340864
anon_thp 19035848704
anon 19042340864
anon_thp 19035848704
anon 19042340864
anon_thp 19035848704
anon 19042340864
anon_thp 19035848704
anon 19042340864
anon_thp 19035848704
anon 19042340864
anon_thp 19035848704
anon 19042340864
anon_thp 19035848704
anon 19042340864
anon_thp 19035848704
anon 19042340864
anon_thp 19035848704
anon 19042340864
anon_thp 19035848704
anon 19042340864
anon_thp 19035848704
anon 19042340864
anon_thp 19035848704
anon 19042340864
anon_thp 19035848704
anon 19042340864
anon_thp 19035848704
anon 19042340864
anon_thp 19035848704
anon 19042340864
anon_thp 19035848704
anon 19042340864
anon_thp 19035848704
anon 19042340864
anon_thp 19035848704
anon 19042340864
anon_thp 19035848704
anon 19042340864
anon_thp 19035848704
anon 19042340864
anon_thp 19035848704
anon 19042340864
anon_thp 19035848704
anon 19042340864
anon_thp 19035848704
anon 19042340864
anon_thp 19035848704
anon 19042340864
anon_thp 19035848704
anon 19042340864
anon_thp 19035848704
anon 19042340864
anon_thp 19035848704
anon 19042340864
anon_thp 19035848704
anon 19042340864
anon_thp 19035848704
anon 19042340864
anon_thp 19035848704
anon 19042340864
anon_thp 19035848704
anon 19042340864
anon_thp 19035848704
anon 19042340864
anon_thp 19035848704
anon 19042340864
anon_thp 19035848704
anon 19042340864
anon_thp 19035848704
anon 19042340864
anon_thp 19035848704
anon 19042340864
anon_thp 19035848704
anon 19042340864
anon_thp 19035848704
anon 19042340864
anon_thp 19035848704
anon 19042340864
anon_thp 19035848704
anon 19042340864
anon_thp 19035848704
anon 19042340864
anon_thp 19035848704
anon 19042340864
anon_thp 19035848704
anon 19042340864
anon_thp 19035848704
anon 19042340864
anon_thp 19035848704
anon 19042340864
anon_thp 19035848704
anon 19042340864
anon_thp 19035848704
anon 19042340864
anon_thp 19035848704
anon 19042340864
anon_thp 19035848704
anon 19042340864
anon_thp 19035848704
anon 19042340864
anon_thp 19035848704
anon 19042340864
anon_thp 19035848704
anon 19042340864
anon_thp 19035848704
anon 19042340864
anon_thp 19035848704
anon 19042340864
anon_thp 19035848704
anon 19042340864
anon_thp 19035848704
anon 19042340864
anon_thp 19035848704
anon 19042340864
anon_thp 19035848704
anon 19042340864
anon_thp 19035848704
anon 19042340864
anon_thp 19035848704
anon 19042340864
anon_thp 19035848704
anon 19042340864
anon_thp 19035848704
anon 19042340864
anon_thp 19035848704
anon 19042340864
anon_thp 19035848704
anon 19042340864
anon_thp 19035848704
anon 19042340864
anon_thp 19035848704
anon 19042340864
anon_thp 19035848704
anon 19042340864
anon_thp 19035848704
anon 19042340864
anon_thp 19035848704
anon 19042340864
anon_thp 19035848704
anon 19042340864
anon_thp 19035848704
anon 19042340864
anon_thp 19035848704
anon 19042340864
anon_thp 19035848704
anon 19042340864
anon_thp 19035848704
anon 19042340864
anon_thp 19035848704
anon 19042340864
anon_thp 19035848704
anon 19042340864
anon_thp 19035848704
anon 19042340864
anon_thp 19035848704
