anon 0
anon_thp 0
anon 261951488
anon_thp 260046848
anon 528289792
anon_thp 526385152
anon 800919552
anon_thp 799014912
anon 1082437632
anon_thp 1077936128
anon 1363456000
anon_thp 1358954496
anon 1638182912
anon_thp 1633681408
anon 1908715520
anon_thp 1904214016
anon 2191831040
anon_thp 2187329536
anon 2460266496
anon_thp 2455764992
anon 2737090560
anon_thp 2732589056
anon 3013914624
anon_thp 3009413120
anon 3294932992
anon_thp 3290431488
anon 3578048512
anon_thp 3573547008
anon 3865358336
anon_thp 3860856832
anon 4148473856
anon_thp 4143972352
anon 4429492224
anon_thp 4424990720
anon 4704219136
anon_thp 4699717632
anon 4981043200
anon_thp 4976541696
anon 5255770112
anon_thp 5251268608
anon 5536788480
anon_thp 5532286976
anon 5813612544
anon_thp 5809111040
anon 6094630912
anon_thp 6090129408
anon 6373552128
anon_thp 6369050624
anon 6646181888
anon_thp 6641680384
anon 6920908800
anon_thp 6916407296
anon 7193538560
anon_thp 7189037056
anon 7480848384
anon_thp 7476346880
anon 7761866752
anon_thp 7757365248
anon 8047079424
anon_thp 8042577920
anon 8313417728
anon_thp 8308916224
anon 8586047488
anon_thp 8581545984
anon 8867065856
anon_thp 8862564352
anon 9145987072
anon_thp 9141485568
anon 9427005440
anon_thp 9422503936
anon 9703829504
anon_thp 9699328000
anon 9980653568
anon_thp 9976152064
anon 10267963392
anon_thp 10263461888
anon 10542690304
anon_thp 10538188800
anon 10817417216
anon_thp 10812915712
anon 11098435584
anon_thp 11093934080
anon 11377356800
anon_thp 11372855296
anon 11649986560
anon_thp 11645485056
anon 11928907776
anon_thp 11924406272
anon 12203634688
anon_thp 12199133184
anon 12486750208
anon_thp 12482248704
anon 12763574272
anon_thp 12759072768
anon 13048786944
anon_thp 13044285440
anon 13329805312
anon_thp 13325303808
anon 13617115136
anon_thp 13612613632
anon 13896036352
anon_thp 13891534848
anon 14172860416
anon_thp 14168358912
anon 14455975936
anon_thp 14451474432
anon 14732800000
anon_thp 14728298496
anon 15007526912
anon_thp 15003025408
anon 15288545280
anon_thp 15284043776
anon 15565369344
anon_thp 15560867840
anon 15846387712
anon_thp 15841886208
anon 16123211776
anon_thp 16118710272
anon 16404230144
anon_thp 16399728640
anon 16676859904
anon_thp 16672358400
anon 16964169728
anon_thp 16959668224
anon 17247285248
anon_thp 17242783744
anon 17522012160
anon_thp 17517510656
anon 17792544768
anon_thp 17788043264
anon 18866925568
anon_thp 18859687936
anon 20525285376
anon_thp 20512243712
anon 20710940672
anon_thp 20694695936
anon 20773855232
anon_thp 20757610496
anon 20815798272
anon_thp 20799553536
anon 20845158400
anon_thp 20828913664
anon 20861935616
anon_thp 20845690880
anon 20874518528
anon_thp 20858273792
anon 20887101440
anon_thp 20870856704
anon 20895490048
anon_thp 20879245312
anon 20897587200
anon_thp 20881342464
anon 20897587200
anon_thp 20881342464
anon 20897587200
anon_thp 20881342464
anon 20897587200
anon_thp 20881342464
anon 20897587200
anon_thp 20881342464
anon 20895490048
anon_thp 20879245312
anon 18620649472
anon_thp 18610126848
anon 20664803328
anon_thp 20648558592
anon 20710940672
anon_thp 20694695936
anon 20746592256
anon_thp 20730347520
anon 20771758080
anon_thp 20755513344
anon 20809506816
anon_thp 20793262080
anon 20838866944
anon_thp 20822622208
anon 20859838464
anon_thp 20843593728
anon 20874518528
anon_thp 20858273792
anon 20885004288
anon_thp 20868759552
anon 20893392896
anon_thp 20877148160
anon 20891295744
anon_thp 20875051008
anon 20897587200
anon_thp 20881342464
anon 20897587200
anon_thp 20881342464
anon 20897587200
anon_thp 20881342464
anon 20897587200
anon_thp 20881342464
anon 20897587200
anon_thp 20881342464
anon 20091707392
anon_thp 20080230400
anon 20698357760
anon_thp 20682113024
anon 20744495104
anon_thp 20728250368
anon 20773855232
anon_thp 20757610496
anon 20794826752
anon_thp 20778582016
anon 20809506816
anon_thp 20793262080
anon 20822089728
anon_thp 20805844992
anon 20832575488
anon_thp 20816330752
anon 20847255552
anon_thp 20831010816
anon 20868227072
anon_thp 20851982336
anon 20883173376
anon_thp 20870856704
anon 20893659136
anon_thp 20881342464
anon 20897853440
anon_thp 20885536768
anon 20897853440
anon_thp 20885536768
anon 20897853440
anon_thp 20885536768
anon 20897853440
anon_thp 20885536768
anon 20897853440
anon_thp 20885536768
anon 20897853440
anon_thp 20885536768
anon 20897853440
anon_thp 20885536768
anon 18135891968
anon_thp 18131976192
anon 20658778112
anon_thp 20646461440
anon 20717498368
anon_thp 20705181696
anon 20757344256
anon_thp 20745027584
anon 20780412928
anon_thp 20768096256
anon 20809773056
anon_thp 20797456384
anon 20843327488
anon_thp 20831010816
anon 20864299008
anon_thp 20851982336
anon 20878979072
anon_thp 20866662400
anon 20891561984
anon_thp 20879245312
anon 20897853440
anon_thp 20885536768
anon 20897853440
anon_thp 20885536768
anon 20897853440
anon_thp 20885536768
anon 20895756288
anon_thp 20883439616
anon 20897853440
anon_thp 20885536768
anon 20897853440
anon_thp 20885536768
anon 19710291968
anon_thp 19702743040
anon 20686041088
anon_thp 20673724416
anon 20767830016
anon_thp 20755513344
anon 20811870208
anon_thp 20799553536
anon 20839133184
anon_thp 20826816512
anon 20855910400
anon_thp 20843593728
anon 20870590464
anon_thp 20858273792
anon 20881076224
anon_thp 20868759552
anon 20889464832
anon_thp 20877148160
anon 20895756288
anon_thp 20883439616
anon 20897853440
anon_thp 20885536768
anon 20897853440
anon_thp 20885536768
anon 20897853440
anon_thp 20885536768
anon 20897853440
anon_thp 20885536768
anon 20897853440
anon_thp 20885536768
anon 20897853440
anon_thp 20885536768
anon 20897853440
anon_thp 20885536768
anon 19733360640
anon_thp 19725811712
anon 20690235392
anon_thp 20677918720
anon 20755247104
anon_thp 20742930432
anon 20809773056
anon_thp 20797456384
anon 20839133184
anon_thp 20826816512
anon 20860104704
anon_thp 20847788032
anon 20874784768
anon_thp 20862468096
anon 20887367680
anon_thp 20875051008
anon 20895756288
anon_thp 20883439616
anon 20897853440
anon_thp 20885536768
anon 20897853440
anon_thp 20885536768
anon 20897853440
anon_thp 20885536768
anon 20897853440
anon_thp 20885536768
anon 20897853440
anon_thp 20885536768
anon 20897853440
anon_thp 20885536768
anon 18320441344
anon_thp 18316525568
anon 20660875264
anon_thp 20648558592
anon 20725886976
anon_thp 20713570304
anon 20790898688
anon_thp 20778582016
anon 20826550272
anon_thp 20814233600
anon 20851716096
anon_thp 20839399424
anon 20866396160
anon_thp 20854079488
anon 20878979072
anon_thp 20866662400
anon 20889464832
anon_thp 20877148160
anon 20895756288
anon_thp 20883439616
anon 20897853440
anon_thp 20885536768
anon 20897853440
anon_thp 20885536768
anon 20897853440
anon_thp 20885536768
anon 20897853440
anon_thp 20885536768
anon 20897853440
anon_thp 20885536768
anon 20897853440
anon_thp 20885536768
anon 19560652800
anon_thp 19553845248
anon 20681846784
anon_thp 20669530112
anon 20746858496
anon_thp 20734541824
anon 20795092992
anon_thp 20782776320
anon 20824453120
anon_thp 20812136448
anon 20843327488
anon_thp 20831010816
anon 20860104704
anon_thp 20847788032
anon 20870590464
anon_thp 20858273792
anon 20881076224
anon_thp 20868759552
anon 20889464832
anon_thp 20877148160
anon 20895756288
anon_thp 20883439616
anon 20897853440
anon_thp 20885536768
anon 20897853440
anon_thp 20885536768
anon 20897853440
anon_thp 20885536768
anon 20897853440
anon_thp 20885536768
anon 20897853440
anon_thp 20885536768
anon 20897853440
anon_thp 20885536768
anon 18904031232
anon_thp 18897436672
anon 20675555328
anon_thp 20663238656
anon 20751052800
anon_thp 20738736128
anon 20801384448
anon_thp 20789067776
anon 20830744576
anon_thp 20818427904
anon 20851716096
anon_thp 20839399424
anon 20866396160
anon_thp 20854079488
anon 20876881920
anon_thp 20864565248
anon 20887367680
anon_thp 20875051008
anon 20893659136
anon_thp 20881342464
anon 20897853440
anon_thp 20885536768
anon 20897853440
anon_thp 20885536768
anon 20897853440
anon_thp 20885536768
anon 20897853440
anon_thp 20885536768
anon 20897853440
anon_thp 20885536768
anon 20897853440
anon_thp 20885536768
anon 18045714432
anon_thp 18041798656
anon 20656680960
anon_thp 20644364288
anon 20723789824
anon_thp 20711473152
anon 20788801536
anon_thp 20776484864
anon 20824453120
anon_thp 20812136448
anon 20845424640
anon_thp 20833107968
anon 20862201856
anon_thp 20849885184
anon 20874784768
anon_thp 20862468096
anon 20885270528
anon_thp 20872953856
anon 20893659136
anon_thp 20881342464
anon 20897853440
anon_thp 20885536768
anon 20897853440
anon_thp 20885536768
anon 20897853440
anon_thp 20885536768
anon 20897853440
anon_thp 20885536768
anon 20897853440
anon_thp 20885536768
anon 20897853440
anon_thp 20885536768
anon 20897853440
anon_thp 20885536768
