anon 0
anon_thp 0
anon 263262208
anon_thp 262144000
anon 540086272
anon_thp 538968064
anon 816910336
anon_thp 815792128
anon 1104719872
anon_thp 1101004800
anon 1383641088
anon_thp 1379926016
anon 1666756608
anon_thp 1663041536
anon 1943580672
anon_thp 1939865600
anon 2230890496
anon_thp 2227175424
anon 2514006016
anon_thp 2510290944
anon 2795024384
anon_thp 2791309312
anon 3076042752
anon_thp 3072327680
anon 3369644032
anon_thp 3365928960
anon 3652759552
anon_thp 3649044480
anon 3933777920
anon_thp 3930062848
anon 4212699136
anon_thp 4208984064
anon 4497911808
anon_thp 4494196736
anon 4783124480
anon_thp 4779409408
anon 5068337152
anon_thp 5064622080
anon 5345161216
anon_thp 5341446144
anon 5632471040
anon_thp 5628755968
anon 5921878016
anon_thp 5918162944
anon 6202896384
anon_thp 6199181312
anon 6483914752
anon_thp 6480199680
anon 6773321728
anon_thp 6769606656
anon 7052242944
anon_thp 7048527872
anon 7335358464
anon_thp 7331643392
anon 7620571136
anon_thp 7616856064
anon 7907880960
anon_thp 7904165888
anon 8193093632
anon_thp 8189378560
anon 8472014848
anon_thp 8468299776
anon 8755130368
anon_thp 8751415296
anon 9048731648
anon_thp 9045016576
anon 9331847168
anon_thp 9328132096
anon 9610768384
anon_thp 9607053312
anon 9893883904
anon_thp 9890168832
anon 10187485184
anon_thp 10183770112
anon 10464309248
anon_thp 10460594176
anon 10739036160
anon_thp 10735321088
anon 11015860224
anon_thp 11012145152
anon 11301072896
anon_thp 11297357824
anon 11575799808
anon_thp 11572084736
anon 11856818176
anon_thp 11853103104
anon 12139933696
anon_thp 12136218624
anon 12429340672
anon_thp 12425625600
anon 12714553344
anon_thp 12710838272
anon 12997668864
anon_thp 12993953792
anon 13280784384
anon_thp 13277069312
anon 13568094208
anon_thp 13564379136
anon 13851209728
anon_thp 13847494656
anon 14134325248
anon_thp 14130610176
anon 14419537920
anon_thp 14415822848
anon 14704750592
anon_thp 14701035520
anon 14994157568
anon_thp 14990442496
anon 15277273088
anon_thp 15273558016
anon 15564582912
anon_thp 15560867840
anon 15843504128
anon_thp 15839789056
anon 16124522496
anon_thp 16120807424
anon 16411832320
anon_thp 16408117248
anon 16694947840
anon_thp 16691232768
anon 16986451968
anon_thp 16982736896
anon 17267470336
anon_thp 17263755264
anon 17548488704
anon_thp 17544773632
anon 17825312768
anon_thp 17821597696
anon 18318282752
anon_thp 18312331264
anon 20659826688
anon_thp 20642267136
anon 20716449792
anon_thp 20698890240
anon 20787752960
anon_thp 20770193408
anon 20825501696
anon_thp 20807942144
anon 20848570368
anon_thp 20831010816
anon 20867444736
anon_thp 20849885184
anon 20877930496
anon_thp 20860370944
anon 20890513408
anon_thp 20872953856
anon 20896804864
anon_thp 20879245312
anon 20894707712
anon_thp 20877148160
anon 20896804864
anon_thp 20879245312
anon 20896804864
anon_thp 20879245312
anon 20896804864
anon_thp 20879245312
anon 20896804864
anon_thp 20879245312
anon 20896804864
anon_thp 20879245312
anon 18317295616
anon_thp 18310234112
anon 20657729536
anon_thp 20640169984
anon 20718546944
anon_thp 20700987392
anon 20754198528
anon_thp 20736638976
anon 20777267200
anon_thp 20759707648
anon 20817113088
anon_thp 20799553536
anon 20844376064
anon_thp 20826816512
anon 20863250432
anon_thp 20845690880
anon 20873736192
anon_thp 20856176640
anon 20886319104
anon_thp 20868759552
anon 20894707712
anon_thp 20877148160
anon 20820332544
anon_thp 20803747840
anon 20896804864
anon_thp 20879245312
anon 20896804864
anon_thp 20879245312
anon 20896804864
anon_thp 20879245312
anon 20896804864
anon_thp 20879245312
anon 20896804864
anon_thp 20879245312
anon 19488088064
anon_thp 19478347776
anon 20680798208
anon_thp 20663238656
anon 20731129856
anon_thp 20713570304
anon 20766781440
anon_thp 20749221888
anon 20789850112
anon_thp 20772290560
anon 20806627328
anon_thp 20789067776
anon 20819210240
anon_thp 20801650688
anon 20829696000
anon_thp 20812136448
anon 20840181760
anon_thp 20822622208
anon 20863250432
anon_thp 20845690880
anon 20881063936
anon_thp 20866662400
anon 20891549696
anon_thp 20877148160
anon 20897841152
anon_thp 20883439616
anon 20897841152
anon_thp 20883439616
anon 20897841152
anon_thp 20883439616
anon 20897841152
anon_thp 20883439616
anon 20897841152
anon_thp 20883439616
anon 20897841152
anon_thp 20883439616
anon 20897841152
anon_thp 20883439616
anon 20897841152
anon_thp 20883439616
anon 19940966400
anon_thp 19931332608
anon 20696514560
anon_thp 20682113024
anon 20740554752
anon_thp 20726153216
anon 20769914880
anon_thp 20755513344
anon 20790886400
anon_thp 20776484864
anon 20828635136
anon_thp 20814233600
anon 20853800960
anon_thp 20839399424
anon 20872675328
anon_thp 20858273792
anon 20885258240
anon_thp 20870856704
anon 20895744000
anon_thp 20881342464
anon 20897841152
anon_thp 20883439616
anon 20897841152
anon_thp 20883439616
anon 20897841152
anon_thp 20883439616
anon 20895744000
anon_thp 20881342464
anon 20897841152
anon_thp 20883439616
anon 20897841152
anon_thp 20883439616
anon 19573293056
anon_thp 19566428160
anon 20683931648
anon_thp 20669530112
anon 20761526272
anon_thp 20747124736
anon 20807663616
anon_thp 20793262080
anon 20837023744
anon_thp 20822622208
anon 20855898112
anon_thp 20841496576
anon 20870578176
anon_thp 20856176640
anon 20881063936
anon_thp 20866662400
anon 20889452544
anon_thp 20875051008
anon 20897841152
anon_thp 20883439616
anon 20897841152
anon_thp 20883439616
anon 20897841152
anon_thp 20883439616
anon 20897841152
anon_thp 20883439616
anon 20897841152
anon_thp 20883439616
anon 20897841152
anon_thp 20883439616
anon 20897841152
anon_thp 20883439616
anon 20897841152
anon_thp 20883439616
anon 19210059776
anon_thp 19203620864
anon 20650377216
anon_thp 20635975680
anon 20713291776
anon_thp 20698890240
anon 20784594944
anon_thp 20770193408
anon 20826537984
anon_thp 20812136448
anon 20849606656
anon_thp 20835205120
anon 20868481024
anon_thp 20854079488
anon 20881063936
anon_thp 20866662400
anon 20891549696
anon_thp 20877148160
anon 20897841152
anon_thp 20883439616
anon 20895744000
anon_thp 20881342464
anon 20897841152
anon_thp 20883439616
anon 20897841152
anon_thp 20883439616
anon 20897841152
anon_thp 20883439616
anon 20897841152
anon_thp 20883439616
anon 20897841152
anon_thp 20883439616
anon 19766902784
anon_thp 19757268992
anon 20690223104
anon_thp 20675821568
anon 20765720576
anon_thp 20751319040
anon 20813955072
anon_thp 20799553536
anon 20841218048
anon_thp 20826816512
anon 20860092416
anon_thp 20845690880
anon 20874772480
anon_thp 20860370944
anon 20885258240
anon_thp 20870856704
anon 20893646848
anon_thp 20879245312
anon 20659888128
anon_thp 20646461440
anon 20895744000
anon_thp 20881342464
anon 20897841152
anon_thp 20883439616
anon 20897841152
anon_thp 20883439616
anon 20897841152
anon_thp 20883439616
anon 20897841152
anon_thp 20883439616
anon 20897841152
anon_thp 20883439616
anon 19628490752
anon_thp 19618856960
anon 20690223104
anon_thp 20675821568
anon 20751040512
anon_thp 20736638976
anon 20799275008
anon_thp 20784873472
anon 20826537984
anon_thp 20812136448
anon 20847509504
anon_thp 20833107968
anon 20860092416
anon_thp 20845690880
anon 20872675328
anon_thp 20858273792
anon 20881063936
anon_thp 20866662400
anon 20891549696
anon_thp 20877148160
anon 20897841152
anon_thp 20883439616
anon 20895744000
anon_thp 20881342464
anon 20897841152
anon_thp 20883439616
anon 20897841152
anon_thp 20883439616
anon 20897841152
anon_thp 20883439616
anon 20897841152
anon_thp 20883439616
anon 20897841152
anon_thp 20883439616
anon 20897841152
anon_thp 20883439616
anon 19113734144
anon_thp 19107151872
anon 20679737344
anon_thp 20665335808
anon 20755234816
anon_thp 20740833280
anon 20805566464
anon_thp 20791164928
anon 20832829440
anon_thp 20818427904
anon 20853800960
anon_thp 20839399424
anon 20868481024
anon_thp 20854079488
anon 20878966784
anon_thp 20864565248
anon 20887355392
anon_thp 20872953856
anon 20895744000
anon_thp 20881342464
anon 20897841152
anon_thp 20883439616
anon 20897841152
anon_thp 20883439616
anon 20897841152
anon_thp 20883439616
anon 20897841152
anon_thp 20883439616
anon 20897841152
anon_thp 20883439616
anon 20897841152
anon_thp 20883439616
anon 20897841152
anon_thp 20883439616
anon 18987905024
anon_thp 18981322752
anon 20675543040
anon_thp 20661141504
anon 20755234816
anon_thp 20740833280
anon 20805566464
anon_thp 20791164928
anon 20834926592
anon_thp 20820525056
anon 20853800960
anon_thp 20839399424
anon 20868481024
anon_thp 20854079488
anon 20878966784
anon_thp 20864565248
anon 20889452544
anon_thp 20875051008
anon 20895744000
anon_thp 20881342464
anon 20895744000
anon_thp 20881342464
anon 20897841152
anon_thp 20883439616
anon 20897841152
anon_thp 20883439616
anon 20897841152
anon_thp 20883439616
anon 20897841152
anon_thp 20883439616
anon 20897841152
anon_thp 20883439616
anon 20897841152
anon_thp 20883439616
