anon 0
anon_thp 0
anon 273018880
anon_thp 270532608
anon 549842944
anon_thp 547356672
anon 832958464
anon_thp 830472192
anon 1122865152
anon_thp 1119879168
anon 1410174976
anon_thp 1407188992
anon 1686999040
anon_thp 1684013056
anon 1961725952
anon_thp 1958739968
anon 2246938624
anon_thp 2243952640
anon 2521665536
anon_thp 2518679552
anon 2798489600
anon_thp 2795503616
anon 3075313664
anon_thp 3072327680
anon 3360526336
anon_thp 3357540352
anon 3643641856
anon_thp 3640655872
anon 3920465920
anon_thp 3917479936
anon 4193095680
anon_thp 4190109696
anon 4482502656
anon_thp 4479516672
anon 4765618176
anon_thp 4762632192
anon 5048733696
anon_thp 5045747712
anon 5331849216
anon_thp 5328863232
anon 5614964736
anon_thp 5611978752
anon 5898080256
anon_thp 5895094272
anon 6177001472
anon_thp 6174015488
anon 6455922688
anon_thp 6452936704
anon 6739038208
anon_thp 6736052224
anon 7020056576
anon_thp 7017070592
anon 7296880640
anon_thp 7293894656
anon 7575801856
anon_thp 7572815872
anon 7858917376
anon_thp 7855931392
anon 8137838592
anon_thp 8134852608
anon 8420954112
anon_thp 8417968128
anon 8704069632
anon_thp 8701083648
anon 8999768064
anon_thp 8996782080
anon 9280786432
anon_thp 9277800448
anon 9565999104
anon_thp 9563013120
anon 9853308928
anon_thp 9850322944
anon 10149007360
anon_thp 10146021376
anon 10434220032
anon_thp 10431234048
anon 10713141248
anon_thp 10710155264
anon 10992062464
anon_thp 10989076480
anon 11283566592
anon_thp 11280580608
anon 11566682112
anon_thp 11563696128
anon 11851894784
anon_thp 11848908800
anon 12122427392
anon_thp 12119441408
anon 12409737216
anon_thp 12406751232
anon 12692852736
anon_thp 12689866752
anon 12971773952
anon_thp 12968787968
anon 13250695168
anon_thp 13247709184
anon 13538004992
anon_thp 13535019008
anon 13827411968
anon_thp 13824425984
anon 14106333184
anon_thp 14103347200
anon 14391545856
anon_thp 14388559872
anon 14668369920
anon_thp 14665383936
anon 14955679744
anon_thp 14952693760
anon 15238795264
anon_thp 15235809280
anon 15521910784
anon_thp 15518924800
anon 15815512064
anon_thp 15812526080
anon 16102821888
anon_thp 16099835904
anon 16390131712
anon_thp 16387145728
anon 16671150080
anon_thp 16668164096
anon 16960557056
anon_thp 16957571072
anon 17245769728
anon_thp 17242783744
anon 17526788096
anon_thp 17523802112
anon 17803612160
anon_thp 17800626176
anon 18009268224
anon_thp 18004049920
anon 20656996352
anon_thp 20644364288
anon 20713619456
anon_thp 20700987392
anon 20784922624
anon_thp 20772290560
anon 20824768512
anon_thp 20812136448
anon 20847837184
anon_thp 20835205120
anon 20864614400
anon_thp 20851982336
anon 20879294464
anon_thp 20866662400
anon 20889780224
anon_thp 20877148160
anon 20893974528
anon_thp 20881342464
anon 20898168832
anon_thp 20885536768
anon 20898168832
anon_thp 20885536768
anon 20898168832
anon_thp 20885536768
anon 20898168832
anon_thp 20885536768
anon 20898168832
anon_thp 20885536768
anon 20898168832
anon_thp 20885536768
anon 18207510528
anon_thp 18201182208
anon 20659093504
anon_thp 20646461440
anon 20715716608
anon_thp 20703084544
anon 20755562496
anon_thp 20742930432
anon 20778631168
anon_thp 20765999104
anon 20818477056
anon_thp 20805844992
anon 20845740032
anon_thp 20833107968
anon 20864614400
anon_thp 20851982336
anon 20877197312
anon_thp 20864565248
anon 20887683072
anon_thp 20875051008
anon 20893974528
anon_thp 20881342464
anon 20898168832
anon_thp 20885536768
anon 20898168832
anon_thp 20885536768
anon 20898168832
anon_thp 20885536768
anon 20898168832
anon_thp 20885536768
anon 20898168832
anon_thp 20885536768
anon 18041835520
anon_thp 18035507200
anon 20652802048
anon_thp 20640169984
anon 20717813760
anon_thp 20705181696
anon 20759756800
anon_thp 20747124736
anon 20784922624
anon_thp 20772290560
anon 20801699840
anon_thp 20789067776
anon 20816379904
anon_thp 20803747840
anon 20826865664
anon_thp 20814233600
anon 20837351424
anon_thp 20824719360
anon 20858322944
anon_thp 20845690880
anon 20875100160
anon_thp 20862468096
anon 20887683072
anon_thp 20875051008
anon 20896071680
anon_thp 20883439616
anon 20898168832
anon_thp 20885536768
anon 20898168832
anon_thp 20885536768
anon 20899946496
anon_thp 20889731072
anon 20899946496
anon_thp 20889731072
anon 20899946496
anon_thp 20889731072
anon 20899946496
anon_thp 20889731072
anon 20899946496
anon_thp 20889731072
anon 18767712256
anon_thp 18763218944
anon 20671356928
anon_thp 20661141504
anon 20730077184
anon_thp 20719861760
anon 20761534464
anon_thp 20751319040
anon 20784603136
anon_thp 20774387712
anon 20816060416
anon_thp 20805844992
anon 20847517696
anon_thp 20837302272
anon 20868489216
anon_thp 20858273792
anon 20883169280
anon_thp 20872953856
anon 20893655040
anon_thp 20883439616
anon 20897849344
anon_thp 20887633920
anon 20899946496
anon_thp 20889731072
anon 20899946496
anon_thp 20889731072
anon 20899946496
anon_thp 20889731072
anon 20899946496
anon_thp 20889731072
anon 20897849344
anon_thp 20887633920
anon 18272202752
anon_thp 18268291072
anon 20658774016
anon_thp 20648558592
anon 20738465792
anon_thp 20728250368
anon 20792991744
anon_thp 20782776320
anon 20828643328
anon_thp 20818427904
anon 20849614848
anon_thp 20839399424
anon 20866392064
anon_thp 20856176640
anon 20876877824
anon_thp 20866662400
anon 20887363584
anon_thp 20877148160
anon 20895752192
anon_thp 20885536768
anon 20899946496
anon_thp 20889731072
anon 20899946496
anon_thp 20889731072
anon 20899946496
anon_thp 20889731072
anon 20899946496
anon_thp 20889731072
anon 20899946496
anon_thp 20889731072
anon 20899946496
anon_thp 20889731072
anon 20899946496
anon_thp 20889731072
anon 20899946496
anon_thp 20889731072
anon 19930488832
anon_thp 19922944000
anon 20696522752
anon_thp 20686307328
anon 20755243008
anon_thp 20745027584
anon 20811866112
anon_thp 20801650688
anon 20841226240
anon_thp 20831010816
anon 20862197760
anon_thp 20851982336
anon 20876877824
anon_thp 20866662400
anon 20887363584
anon_thp 20877148160
anon 20895752192
anon_thp 20885536768
anon 20897849344
anon_thp 20887633920
anon 20899946496
anon_thp 20889731072
anon 20899946496
anon_thp 20889731072
anon 20899946496
anon_thp 20889731072
anon 20899946496
anon_thp 20889731072
anon 20899946496
anon_thp 20889731072
anon 20899946496
anon_thp 20889731072
anon 20073095168
anon_thp 20065550336
anon 20698619904
anon_thp 20688404480
anon 20772020224
anon_thp 20761804800
anon 20818157568
anon_thp 20807942144
anon 20845420544
anon_thp 20835205120
anon 20862197760
anon_thp 20851982336
anon 20876877824
anon_thp 20866662400
anon 20887363584
anon_thp 20877148160
anon 20895752192
anon_thp 20885536768
anon 20899946496
anon_thp 20889731072
anon 20899946496
anon_thp 20889731072
anon 20899946496
anon_thp 20889731072
anon 20899946496
anon_thp 20889731072
anon 20899946496
anon_thp 20889731072
anon 20897849344
anon_thp 20887633920
anon 20899946496
anon_thp 20889731072
anon 19226988544
anon_thp 19222495232
anon 20675551232
anon_thp 20665335808
anon 20746854400
anon_thp 20736638976
anon 20790894592
anon_thp 20780679168
anon 20820254720
anon_thp 20810039296
anon 20837031936
anon_thp 20826816512
anon 20851712000
anon_thp 20841496576
anon 20864294912
anon_thp 20854079488
anon 20872683520
anon_thp 20862468096
anon 20881072128
anon_thp 20870856704
anon 20887363584
anon_thp 20877148160
anon 20893655040
anon_thp 20883439616
anon 20899946496
anon_thp 20889731072
anon 20899946496
anon_thp 20889731072
anon 20899946496
anon_thp 20889731072
anon 20899946496
anon_thp 20889731072
anon 20899946496
anon_thp 20889731072
anon 20899946496
anon_thp 20889731072
anon 20899946496
anon_thp 20889731072
anon 20899946496
anon_thp 20889731072
anon 19428315136
anon_thp 19423821824
anon 20683939840
anon_thp 20673724416
anon 20763631616
anon_thp 20753416192
anon 20807671808
anon_thp 20797456384
anon 20834934784
anon_thp 20824719360
anon 20853809152
anon_thp 20843593728
anon 20868489216
anon_thp 20858273792
anon 20881072128
anon_thp 20870856704
anon 20889460736
anon_thp 20879245312
anon 20897849344
anon_thp 20887633920
anon 20897849344
anon_thp 20887633920
anon 20899946496
anon_thp 20889731072
anon 20899946496
anon_thp 20889731072
anon 20899946496
anon_thp 20889731072
anon 20899946496
anon_thp 20889731072
anon 20899946496
anon_thp 20889731072
anon 20899946496
anon_thp 20889731072
anon 19111645184
anon_thp 19107151872
anon 20679745536
anon_thp 20669530112
anon 20744757248
anon_thp 20734541824
anon 20801380352
anon_thp 20791164928
anon 20832837632
anon_thp 20822622208
anon 20851712000
anon_thp 20841496576
anon 20868489216
anon_thp 20858273792
anon 20878974976
anon_thp 20868759552
anon 20889460736
anon_thp 20879245312
anon 20895752192
anon_thp 20885536768
anon 20899946496
anon_thp 20889731072
anon 20899946496
anon_thp 20889731072
anon 20899946496
anon_thp 20889731072
anon 20899946496
anon_thp 20889731072
anon 20897849344
anon_thp 20887633920
anon 20899946496
anon_thp 20889731072
anon 20899946496
anon_thp 20889731072
