hot 0 warm 0 cold 0
hot 1 warm 0 cold 0
hot 1 warm 0 cold 0
hot 1 warm 0 cold 0
hot 1 warm 0 cold 0
hot 1 warm 0 cold 0
hot 1 warm 0 cold 0
hot 1 warm 0 cold 0
hot 1 warm 0 cold 0
hot 1 warm 0 cold 0
hot 1 warm 0 cold 0
hot 1 warm 0 cold 0
hot 1 warm 0 cold 0
hot 1 warm 0 cold 0
hot 1 warm 0 cold 0
hot 1 warm 0 cold 0
hot 1 warm 0 cold 0
hot 1 warm 0 cold 0
hot 1 warm 0 cold 0
hot 1 warm 0 cold 0
hot 1 warm 0 cold 0
hot 1 warm 0 cold 0
hot 1 warm 0 cold 0
hot 1 warm 0 cold 0
hot 1 warm 0 cold 0
hot 1 warm 0 cold 0
hot 1 warm 0 cold 0
hot 1 warm 0 cold 0
hot 1 warm 0 cold 0
hot 1 warm 0 cold 0
hot 1 warm 0 cold 0
hot 1 warm 0 cold 0
hot 1 warm 0 cold 0
hot 1 warm 0 cold 0
hot 1 warm 0 cold 0
hot 1 warm 0 cold 0
hot 1 warm 0 cold 0
hot 1 warm 0 cold 0
hot 1 warm 0 cold 0
hot 1 warm 0 cold 0
hot 1 warm 0 cold 0
hot 1 warm 0 cold 0
hot 1 warm 0 cold 0
hot 1 warm 0 cold 0
hot 1 warm 0 cold 0
hot 1 warm 0 cold 0
hot 1 warm 0 cold 0
hot 1 warm 0 cold 0
hot 1 warm 0 cold 0
hot 1 warm 0 cold 0
hot 1 warm 0 cold 0
hot 1 warm 0 cold 0
hot 1 warm 0 cold 0
hot 1 warm 0 cold 0
hot 1 warm 0 cold 0
hot 1 warm 0 cold 0
hot 1 warm 0 cold 0
hot 1 warm 0 cold 0
hot 1 warm 0 cold 0
hot 1 warm 0 cold 0
hot 1 warm 0 cold 0
hot 1 warm 0 cold 0
hot 1 warm 0 cold 0
hot 1 warm 0 cold 0
hot 15879 warm 0 cold 0
hot 357383 warm 0 cold 0
hot 441863 warm 0 cold 0
hot 839175 warm 0 cold 0
hot 888327 warm 0 cold 0
hot 1512456 warm 0 cold 0
hot 1827848 warm 0 cold 0
hot 602153 warm 1488863 cold 0
hot 730224 warm 1361304 cold 0
hot 992945 warm 1098583 cold 0
hot 1286874 warm 1174829 cold 0
hot 1635054 warm 0 cold 1242393
hot 858872 warm 0 cold 2613519
hot 897280 warm 0 cold 3233031
hot 953611 warm 0 cold 3643644
hot 1021214 warm 0 cold 3751145
hot 503355 warm 0 cold 3595768
hot 742459 warm 0 cold 3595768
hot 906811 warm 0 cold 3595768
hot 918076 warm 0 cold 3596279
hot 933948 warm 2355712 cold 1242103
hot 970300 warm 2406400 cold 1200119
hot 1006652 warm 2479616 cold 1148407
hot 1044540 warm 2555904 cold 1082871
hot 1071677 warm 2628096 cold 1021942
hot 1103934 warm 2717184 cold 936949
hot 1165892 warm 0 cold 3655151
hot 1284174 warm 0 cold 3584484
hot 1538646 warm 0 cold 3510236
hot 1724502 warm 0 cold 3342300
hot 1882209 warm 0 cold 3191249
hot 981606 warm 0 cold 4093900
hot 269458 warm 0 cold 4094412
hot 418963 warm 0 cold 4094411
hot 672403 warm 0 cold 4094411
hot 687763 warm 0 cold 4094923
hot 704147 warm 944127 cold 3150796
hot 717459 warm 944639 cold 3150284
hot 732819 warm 945151 cold 3149772
hot 741524 warm 945663 cold 3149259
hot 757908 warm 946175 cold 3149259
hot 777364 warm 982015 cold 3113931
hot 791700 warm 1047039 cold 3049931
hot 800917 warm 1136127 cold 2962378
hot 820893 warm 1362431 cold 2739138
hot 961191 warm 1673215 cold 2428343
hot 978090 warm 1800191 cold 2299828
hot 967507 warm 19456 cold 4105626
hot 967507 warm 19456 cold 4105626
hot 967507 warm 19456 cold 4105626
hot 987475 warm 2200576 cold 1904538
hot 987475 warm 2213376 cold 1891738
hot 283007 warm 2224640 cold 1880411
hot 670591 warm 2224640 cold 1880411
hot 694657 warm 2225664 cold 1879385
hot 711553 warm 2228224 cold 1876825
hot 731009 warm 2233344 cold 1871193
hot 750977 warm 2277376 cold 1826649
hot 774017 warm 2397696 cold 1705305
hot 800129 warm 2532352 cold 1569113
hot 814977 warm 2656256 cold 1440089
hot 835969 warm 2843648 cold 1238873
hot 942978 warm 3259904 cold 746840
hot 1133953 warm 3357696 cold 589144
hot 1254785 warm 0 cold 3826008
hot 1334145 warm 0 cold 3751256
hot 1344897 warm 0 cold 3742040
hot 1346945 warm 0 cold 3739992
hot 649095 warm 0 cold 3736408
hot 957319 warm 0 cold 3736408
hot 1058695 warm 0 cold 3736408
hot 1089927 warm 3366912 cold 364888
hot 1117575 warm 3368960 cold 358232
hot 1149831 warm 3367424 cold 353112
hot 1172871 warm 0 cold 3712856
hot 1195911 warm 0 cold 3702104
hot 1224071 warm 0 cold 3685720
hot 1290119 warm 0 cold 3632984
hot 1428358 warm 0 cold 3432280
hot 1593734 warm 0 cold 3425112
hot 1832838 warm 0 cold 3257176
hot 2007942 warm 0 cold 3082072
hot 966022 warm 0 cold 4123992
hot 966534 warm 0 cold 4123480
hot 967558 warm 0 cold 4122968
hot 971654 warm 0 cold 4119384
hot 266674 warm 0 cold 4119384
hot 658355 warm 0 cold 4119383
hot 676787 warm 0 cold 4119383
hot 713139 warm 0 cold 4119383
hot 747443 warm 1922048 cold 2197335
hot 748467 warm 1924608 cold 2194775
hot 767412 warm 1944576 cold 2174806
hot 788916 warm 2003968 cold 2115414
hot 800180 warm 2139136 cold 1979734
hot 774579 warm 2541568 cold 1576278
hot 968627 warm 2592256 cold 1524054
hot 972211 warm 2760704 cold 1352022
hot 975795 warm 2844160 cold 1264982
hot 978355 warm 2841600 cold 1264982
hot 984499 warm 2835456 cold 1264982
hot 986547 warm 2833920 cold 1264470
hot 288951 warm 2833920 cold 1264470
hot 682679 warm 2833920 cold 1264470
hot 700600 warm 2841600 cold 1256277
hot 732856 warm 2849280 cold 1248597
hot 755896 warm 2861568 cold 1236309
hot 776376 warm 2876928 cold 1220949
hot 794296 warm 2898944 cold 1198933
hot 413199 warm 2560 cold 82944
hot 797098 warm 58880 cold 4066172
hot 715690 warm 114688 cold 4010363
hot 950186 warm 120320 cold 4004731
hot 966570 warm 206848 cold 3917691
hot 1263018 warm 0 cold 3828091
hot 1349546 warm 0 cold 3741563
hot 1451946 warm 0 cold 3639163
hot 1590698 warm 0 cold 3500923
hot 928214 warm 0 cold 3458939
hot 1245142 warm 0 cold 3458939
hot 1341398 warm 0 cold 3456379
hot 1368534 warm 0 cold 3452795
hot 1389014 warm 0 cold 3449211
hot 1403862 warm 0 cold 3445115
hot 1422294 warm 0 cold 3438971
hot 1442262 warm 0 cold 3433851
hot 1450966 warm 0 cold 3430779
hot 1470934 warm 0 cold 3423611
hot 1491414 warm 0 cold 3412347
hot 1584598 warm 0 cold 3333499
hot 827862 warm 0 cold 4123003
hot 905173 warm 0 cold 4123003
hot 971733 warm 0 cold 4122491
hot 973269 warm 0 cold 4120955
hot 973269 warm 1452032 cold 2668923
hot 974293 warm 1600512 cold 2519419
hot 975829 warm 0 cold 4118907
hot 977365 warm 0 cold 4117883
hot 269886 warm 2007040 cold 2110331
hot 662078 warm 2007040 cold 2110331
hot 688702 warm 2014208 cold 2103163
hot 715838 warm 2021888 cold 2095483
hot 732222 warm 2033152 cold 2084219
hot 751678 warm 2047488 cold 2069883
hot 774718 warm 2077696 cold 2039675
hot 784446 warm 2100736 cold 2016635
hot 784958 warm 2100736 cold 2016635
hot 786494 warm 2099712 cold 2016635
hot 819773 warm 2108928 cold 2005883
hot 972349 warm 2203136 cold 1904507
hot 992317 warm 2437632 cold 1650043
hot 1008189 warm 2663936 cold 1407867
hot 1025597 warm 0 cold 4054395
hot 1054781 warm 0 cold 4025723
hot 1088061 warm 0 cold 3996027
hot 407620 warm 0 cold 3985787
hot 799812 warm 0 cold 3985787
hot 828484 warm 0 cold 3984763
hot 861252 warm 3259392 cold 722811
hot 886852 warm 3268608 cold 710523
hot 909380 warm 3282944 cold 696187
hot 924228 warm 3289600 cold 686971
hot 934468 warm 3305984 cold 668539
hot 947780 warm 3320832 cold 647547
hot 983108 warm 3377664 cold 569723
hot 1068611 warm 3467264 cold 418171
hot 1221187 warm 0 cold 3873659
hot 1290307 warm 0 cold 3804539
hot 1365059 warm 0 cold 3729787
hot 1442883 warm 0 cold 3651963
hot 1543747 warm 0 cold 3551099
hot 972311 warm 0 cold 4123047
