hot 60519580 warm 51638852 cold 71020994
hot 60519079 warm 51638852 cold 71021046
hot 60519075 warm 51638852 cold 71021046
hot 60519071 warm 51638852 cold 71021046
hot 60519067 warm 51638852 cold 71021046
hot 60519063 warm 51638852 cold 71021046
hot 60519059 warm 51638852 cold 71021046
hot 60519055 warm 51638852 cold 71021046
hot 60519051 warm 51638852 cold 71021046
hot 60519047 warm 51638852 cold 71021046
hot 60519043 warm 51638852 cold 71021046
hot 60519039 warm 51638852 cold 71021046
hot 60519035 warm 51638852 cold 71021046
hot 60519031 warm 51638852 cold 71021046
hot 60519027 warm 51638852 cold 71021046
hot 60519023 warm 51638852 cold 71021046
hot 60519019 warm 51638852 cold 71021046
hot 60519015 warm 51638852 cold 71021046
hot 60519011 warm 51638852 cold 71021046
hot 60519007 warm 51638852 cold 71021046
hot 60519003 warm 51638852 cold 71021046
hot 60518999 warm 51638852 cold 71021046
hot 60518995 warm 51638852 cold 71021046
hot 60518991 warm 51638852 cold 71021046
hot 60518987 warm 51638852 cold 71021046
hot 60518983 warm 51638852 cold 71021046
hot 60518979 warm 51638852 cold 71021046
hot 60518975 warm 51638852 cold 71021046
hot 60518971 warm 51638852 cold 71021046
hot 60518967 warm 51638852 cold 71021046
hot 60518963 warm 51638852 cold 71021046
hot 60518959 warm 51638852 cold 71021046
hot 60518955 warm 51638852 cold 71021046
hot 60518951 warm 51638852 cold 71021046
hot 60518947 warm 51638852 cold 71021046
hot 60518943 warm 51638852 cold 71021046
hot 60518939 warm 51638852 cold 71021046
hot 60518935 warm 51638852 cold 71021046
hot 60518931 warm 51638852 cold 71021046
hot 60518927 warm 51638852 cold 71021046
hot 60518923 warm 51638852 cold 71021046
hot 60518919 warm 51638852 cold 71021046
hot 60518915 warm 51638852 cold 71021046
hot 60518911 warm 51638852 cold 71021046
hot 60518907 warm 51638852 cold 71021046
hot 60518903 warm 51638852 cold 71021046
hot 60518899 warm 51638852 cold 71021046
hot 60518895 warm 51638852 cold 71021046
hot 60518891 warm 51638852 cold 71021046
hot 60518887 warm 51638852 cold 71021046
hot 60518883 warm 51638852 cold 71021046
hot 60518879 warm 51638852 cold 71021046
hot 60518875 warm 51638852 cold 71021046
hot 60518871 warm 51638852 cold 71021046
hot 60518867 warm 51638852 cold 71021046
hot 60518863 warm 51638852 cold 71021046
hot 60518859 warm 51638852 cold 71021046
hot 60518855 warm 51638852 cold 71021046
hot 60518851 warm 51638852 cold 71021046
hot 60518847 warm 51638852 cold 71021046
hot 60518843 warm 51638852 cold 71021046
hot 60518839 warm 51638852 cold 71021046
hot 60518835 warm 51638852 cold 71021046
hot 60518831 warm 51638852 cold 71021046
hot 60518827 warm 51638852 cold 71021046
hot 60518823 warm 51638852 cold 71021046
hot 60518819 warm 51638852 cold 71021046
hot 60518815 warm 51638852 cold 71021046
hot 60518811 warm 51638852 cold 71021046
hot 60518807 warm 51638852 cold 71021046
hot 60518803 warm 51638852 cold 71021046
hot 60518799 warm 51638852 cold 71021046
hot 60518795 warm 51638852 cold 71021046
hot 60518791 warm 51638852 cold 71021046
hot 60518787 warm 51638852 cold 71021046
hot 60518783 warm 51638852 cold 71021046
hot 60518779 warm 51638852 cold 71021046
hot 60518775 warm 51638852 cold 71021046
hot 60518771 warm 51638852 cold 71021046
hot 60518767 warm 51638852 cold 71021046
hot 60518763 warm 51638852 cold 71021046
hot 60518759 warm 51638852 cold 71021046
hot 60518755 warm 51638852 cold 71021046
hot 60518751 warm 51638852 cold 71021046
hot 60956647 warm 51638852 cold 71021059
hot 62730723 warm 51638852 cold 71021060
hot 63299039 warm 51638852 cold 71021061
hot 63660507 warm 51638852 cold 71021063
hot 63660503 warm 51638852 cold 71021063
hot 63660499 warm 51638852 cold 71021064
hot 63660495 warm 51638852 cold 71021064
hot 63660491 warm 51638852 cold 71021064
hot 63660487 warm 51638852 cold 71021064
hot 63660483 warm 51638852 cold 71021064
hot 63820735 warm 51638852 cold 71021065
hot 63981499 warm 51638852 cold 71021066
hot 64070071 warm 51638852 cold 71021066
hot 64107443 warm 51638852 cold 71021066
hot 64107439 warm 51638852 cold 71021066
hot 64107435 warm 51638852 cold 71021066
hot 64107431 warm 51638852 cold 71021066
hot 64107427 warm 51638852 cold 71021066
hot 64107423 warm 51638852 cold 71021068
hot 64107419 warm 51638852 cold 71021068
hot 64107415 warm 51638852 cold 71021068
hot 64107411 warm 51638852 cold 71021068
hot 64107407 warm 51638852 cold 71021068
hot 64107403 warm 51638852 cold 71021068
hot 64107399 warm 51638852 cold 71021069
hot 64107395 warm 51638852 cold 71021069
hot 64107391 warm 51638852 cold 71021069
hot 64107387 warm 51638852 cold 71021069
hot 64107383 warm 51638852 cold 71021069
hot 64107379 warm 51638852 cold 71021070
hot 64107375 warm 51638852 cold 71021070
hot 64107371 warm 51638852 cold 71021070
hot 64107367 warm 51638852 cold 71021070
hot 64107363 warm 51638852 cold 71021070
hot 64107359 warm 51638852 cold 71021070
hot 64107355 warm 51638852 cold 71021070
hot 64107351 warm 51638852 cold 71021070
hot 64107347 warm 51638852 cold 71021071
hot 64107343 warm 51638852 cold 71021071
hot 64107339 warm 51638852 cold 71021071
hot 64107335 warm 51638852 cold 71021071
hot 64107331 warm 51638852 cold 71021071
hot 64107327 warm 51638852 cold 71021071
hot 64107323 warm 51638852 cold 71021071
hot 64107319 warm 51638852 cold 71021071
hot 64107315 warm 51638852 cold 71021071
hot 64107311 warm 51638852 cold 71021071
hot 64107307 warm 51638852 cold 71021071
hot 64107303 warm 51638852 cold 71021071
hot 64107299 warm 51638852 cold 71021071
hot 64107295 warm 51638852 cold 71021071
hot 64107291 warm 51638852 cold 71021071
hot 64107287 warm 51638852 cold 71021072
hot 64107283 warm 51638852 cold 71021072
hot 64107279 warm 51638852 cold 71021072
hot 64107275 warm 51638852 cold 71021073
hot 64107271 warm 51638852 cold 71021073
hot 64107267 warm 51638852 cold 71021074
hot 64107263 warm 51638852 cold 71021076
hot 64107259 warm 51638852 cold 71021076
hot 64107255 warm 51638852 cold 71021076
hot 64107251 warm 51638852 cold 71021076
hot 64107247 warm 51638852 cold 71021076
hot 64107243 warm 51638852 cold 71021076
hot 64107239 warm 51638852 cold 71021077
hot 64107235 warm 51638852 cold 71021077
hot 64107231 warm 51638852 cold 71021077
hot 64107227 warm 51638852 cold 71021077
hot 64107223 warm 51638852 cold 71021077
hot 64107219 warm 51638852 cold 71021078
hot 64107215 warm 51638852 cold 71021078
hot 64107211 warm 51638852 cold 71021078
hot 64107207 warm 51638852 cold 71021078
hot 64107203 warm 51638852 cold 71021078
hot 64107199 warm 51638852 cold 71021078
hot 64107195 warm 51638852 cold 71021078
hot 64107191 warm 51638852 cold 71021078
hot 64107187 warm 51638852 cold 71021078
hot 64107183 warm 51638852 cold 71021078
hot 64107179 warm 51638852 cold 71021079
hot 64107175 warm 51638852 cold 71021079
hot 64107171 warm 51638852 cold 71021079
hot 64107167 warm 51638852 cold 71021079
hot 64107163 warm 51638852 cold 71021079
hot 64107159 warm 51638852 cold 71021079
hot 64107155 warm 51638852 cold 71021079
hot 64107151 warm 51638852 cold 71021079
hot 64107147 warm 51638852 cold 71021079
hot 64107143 warm 51638852 cold 71021079
hot 64107139 warm 51638852 cold 71021079
hot 64107135 warm 51638852 cold 71021079
hot 64107131 warm 51638852 cold 71021079
hot 64107127 warm 51638852 cold 71021079
hot 64107123 warm 51638852 cold 71021079
hot 64107119 warm 51638852 cold 71021080
hot 64107115 warm 51638852 cold 71021080
hot 64107111 warm 51638852 cold 71021080
hot 64107107 warm 51638852 cold 71021080
hot 64107103 warm 51638852 cold 71021080
hot 64107099 warm 51638852 cold 71021080
hot 64107095 warm 51638852 cold 71021080
hot 64107091 warm 51638852 cold 71021080
hot 64107087 warm 51638852 cold 71021080
hot 64107083 warm 51638852 cold 71021080
hot 64107079 warm 51638852 cold 71021080
hot 64107075 warm 51638852 cold 71021080
hot 64107071 warm 51638852 cold 71021080
hot 64107067 warm 51638852 cold 71021080
hot 64107063 warm 51638852 cold 71021080
hot 64107059 warm 51638852 cold 71021080
hot 64107055 warm 51638852 cold 71021081
hot 64107051 warm 51638852 cold 71021082
hot 64107047 warm 51638852 cold 71021082
hot 64107043 warm 51638852 cold 71021082
hot 64107039 warm 51638852 cold 71021082
hot 64107035 warm 51638852 cold 71021082
hot 64107031 warm 51638852 cold 71021082
hot 64107027 warm 51638852 cold 71021082
hot 64107023 warm 51638852 cold 71021082
hot 64107019 warm 51638852 cold 71021082
hot 64107015 warm 51638852 cold 71021082
hot 64107011 warm 51638852 cold 71021082
hot 64107007 warm 51638852 cold 71021082
hot 64107003 warm 51638852 cold 71021082
hot 64106999 warm 51638852 cold 71021082
hot 64106995 warm 51638852 cold 71021082
hot 64106991 warm 51638852 cold 71021082
hot 64106987 warm 51638852 cold 71021082
hot 64106983 warm 51638852 cold 71021082
hot 64106979 warm 51638852 cold 71021082
hot 64106975 warm 51638852 cold 71021082
hot 64106971 warm 51638852 cold 71021082
hot 64106967 warm 51638852 cold 71021082
hot 64106963 warm 51638852 cold 71021082
hot 64106959 warm 51638852 cold 71021082
hot 64106955 warm 51638852 cold 71021082
hot 64106951 warm 51638852 cold 71021082
hot 64106947 warm 51638852 cold 71021082
hot 64106943 warm 51638852 cold 71021082
hot 64106939 warm 51638852 cold 71021082
hot 64106935 warm 51638852 cold 71021082
hot 64106931 warm 51638852 cold 71021082
hot 64106927 warm 51638852 cold 71021082
hot 64106923 warm 51638852 cold 71021082
hot 64106919 warm 51638852 cold 71021082
hot 64106915 warm 51638852 cold 71021082
hot 64106911 warm 51638852 cold 71021082
hot 64106907 warm 51638852 cold 71021082
hot 64106903 warm 51638852 cold 71021082
hot 64106899 warm 51638852 cold 71021082
hot 64106895 warm 51638852 cold 71021082
hot 64106891 warm 51638852 cold 71021082
hot 64106887 warm 51638852 cold 71021082
hot 64106883 warm 51638852 cold 71021082
hot 64106879 warm 51638852 cold 71021084
hot 64106875 warm 51638852 cold 71021084
hot 64106871 warm 51638852 cold 71021084
hot 64106867 warm 51638852 cold 71021084
hot 64106863 warm 51638852 cold 71021084
hot 64106859 warm 51638852 cold 71021084
hot 64106855 warm 51638852 cold 71021085
hot 64106851 warm 51638852 cold 71021085
hot 64106847 warm 51638852 cold 71021086
hot 64106843 warm 51638852 cold 71021086
hot 64106839 warm 51638852 cold 71021086
hot 64106835 warm 51638852 cold 71021086
hot 64106831 warm 51638852 cold 71021086
hot 64106827 warm 51638852 cold 71021086
hot 64106823 warm 51638852 cold 71021086
hot 64106819 warm 51638852 cold 71021086
hot 64106815 warm 51638852 cold 71021086
hot 64106811 warm 51638852 cold 71021086
hot 64106807 warm 51638852 cold 71021086
hot 64106803 warm 51638852 cold 71021086
hot 64106799 warm 51638852 cold 71021086
hot 64106795 warm 51638852 cold 71021086
hot 64106791 warm 51638852 cold 71021086
hot 64106787 warm 51638852 cold 71021086
hot 64106783 warm 51638852 cold 71021086
hot 64106779 warm 51638852 cold 71021086
hot 64106775 warm 51638852 cold 71021086
hot 64106771 warm 51638852 cold 71021086
hot 64106767 warm 51638852 cold 71021086
hot 64106763 warm 51638852 cold 71021086
hot 64106759 warm 51638852 cold 71021087
hot 64106755 warm 51638852 cold 71021087
hot 64106751 warm 51638852 cold 71021087
hot 64106747 warm 51638852 cold 71021087
hot 64106743 warm 51638852 cold 71021087
hot 64106739 warm 51638852 cold 71021087
hot 64106735 warm 51638852 cold 71021087
hot 64106731 warm 51638852 cold 71021087
hot 64106727 warm 51638852 cold 71021087
hot 64106723 warm 51638852 cold 71021087
hot 64106719 warm 51638852 cold 71021087
hot 64106715 warm 51638852 cold 71021087
hot 64106711 warm 51638852 cold 71021087
hot 64106707 warm 51638852 cold 71021088
hot 64106703 warm 51638852 cold 71021088
hot 64106699 warm 51638852 cold 71021088
hot 64106695 warm 51638852 cold 71021088
hot 64106691 warm 51638852 cold 71021088
hot 64106687 warm 51638852 cold 71021088
hot 64106683 warm 51638852 cold 71021088
hot 64106679 warm 51638852 cold 71021088
hot 64106675 warm 51638852 cold 71021088
hot 64106671 warm 51638852 cold 71021088
hot 64106667 warm 51638852 cold 71021089
hot 64106663 warm 51638852 cold 71021089
hot 64106659 warm 51638852 cold 71021089
hot 64106655 warm 51638852 cold 71021089
hot 64106651 warm 51638852 cold 71021089
hot 64106647 warm 51638852 cold 71021089
hot 64106643 warm 51638852 cold 71021090
hot 64106639 warm 51638852 cold 71021090
hot 64106635 warm 51638852 cold 71021090
hot 64106631 warm 51638852 cold 71021090
hot 64106627 warm 51638852 cold 71021090
hot 64106623 warm 51638852 cold 71021090
hot 64106619 warm 51638852 cold 71021090
hot 64106615 warm 51638852 cold 71021090
hot 64106611 warm 51638852 cold 71021090
hot 64106607 warm 51638852 cold 71021090
hot 64106603 warm 51638852 cold 71021090
hot 64106599 warm 51638852 cold 71021090
hot 64106595 warm 51638852 cold 71021090
hot 64106591 warm 51638852 cold 71021090
hot 64106587 warm 51638852 cold 71021090
hot 64106583 warm 51638852 cold 71021090
hot 64106579 warm 51638852 cold 71021090
hot 64106575 warm 51638852 cold 71021090
hot 64106571 warm 51638852 cold 71021090
hot 64106567 warm 51638852 cold 71021090
hot 64106563 warm 51638852 cold 71021090
hot 64106559 warm 51638852 cold 71021090
hot 64106555 warm 51638852 cold 71021090
hot 64106551 warm 51638852 cold 71021090
hot 64106547 warm 51638852 cold 71021090
hot 64106543 warm 51638852 cold 71021090
hot 64106539 warm 51638852 cold 71021090
hot 64106535 warm 51638852 cold 71021090
hot 64106531 warm 51638852 cold 71021090
hot 64106527 warm 51638852 cold 71021090
hot 64106523 warm 51638852 cold 71021090
hot 64106519 warm 51638852 cold 71021090
hot 64106515 warm 51638852 cold 71021090
hot 64106511 warm 51638852 cold 71021090
hot 64106507 warm 51638852 cold 71021090
hot 64106503 warm 51638852 cold 71021090
hot 64106499 warm 51638852 cold 71021090
hot 64106495 warm 51638852 cold 71021090
hot 64106491 warm 51638852 cold 71021090
hot 64106487 warm 51638852 cold 71021090
hot 64106483 warm 51638852 cold 71021090
hot 64106479 warm 51638852 cold 71021090
hot 64106475 warm 51638852 cold 71021091
hot 64106471 warm 51638852 cold 71021091
hot 64106467 warm 51638852 cold 71021091
hot 64106463 warm 51638852 cold 71021091
hot 64106459 warm 51638852 cold 71021091
hot 64106455 warm 51638852 cold 71021091
hot 64106451 warm 51638852 cold 71021091
hot 64106447 warm 51638852 cold 71021091
hot 64106443 warm 51638852 cold 71021091
hot 64106439 warm 51638852 cold 71021091
hot 64106435 warm 51638852 cold 71021091
hot 64106431 warm 51638852 cold 71021091
hot 64106427 warm 51638852 cold 71021091
hot 64106423 warm 51638852 cold 71021092
hot 64106419 warm 51638852 cold 71021092
hot 64106415 warm 51638852 cold 71021092
hot 64106411 warm 51638852 cold 71021092
hot 64106407 warm 51638852 cold 71021092
hot 64106403 warm 51638852 cold 71021092
hot 64106399 warm 51638852 cold 71021092
hot 64106395 warm 51638852 cold 71021092
hot 64106391 warm 51638852 cold 71021092
hot 64106387 warm 51638852 cold 71021092
hot 64106383 warm 51638852 cold 71021092
hot 64106379 warm 51638852 cold 71021092
hot 64106375 warm 51638852 cold 71021092
hot 64106371 warm 51638852 cold 71021092
hot 64106367 warm 51638852 cold 71021092
hot 64106363 warm 51638852 cold 71021092
hot 64106359 warm 51638852 cold 71021092
hot 64106355 warm 51638852 cold 71021092
hot 64106351 warm 51638852 cold 71021092
hot 64106347 warm 51638852 cold 71021092
hot 64106343 warm 51638852 cold 71021092
hot 64106339 warm 51638852 cold 71021092
hot 64106335 warm 51638852 cold 71021092
hot 64106331 warm 51638852 cold 71021092
hot 64106327 warm 51638852 cold 71021092
hot 64106323 warm 51638852 cold 71021092
hot 64106319 warm 51638852 cold 71021092
hot 64106315 warm 51638852 cold 71021092
hot 64106311 warm 51638852 cold 71021093
hot 64106307 warm 51638852 cold 71021093
hot 64106303 warm 51638852 cold 71021093
hot 64106299 warm 51638852 cold 71021093
hot 64106295 warm 51638852 cold 71021093
hot 64106291 warm 51638852 cold 71021093
hot 64106287 warm 51638852 cold 71021093
hot 64106283 warm 51638852 cold 71021093
hot 64106279 warm 51638852 cold 71021093
hot 64106275 warm 51638852 cold 71021093
hot 64106271 warm 51638852 cold 71021093
hot 64106267 warm 51638852 cold 71021093
hot 64106263 warm 51638852 cold 71021093
hot 64106259 warm 51638852 cold 71021093
hot 64106255 warm 51638852 cold 71021093
hot 64106251 warm 51638852 cold 71021093
hot 64106247 warm 51638852 cold 71021093
hot 64106243 warm 51638852 cold 71021093
hot 64106239 warm 51638852 cold 71021093
hot 64106235 warm 51638852 cold 71021093
hot 64106231 warm 51638852 cold 71021093
hot 64106227 warm 51638852 cold 71021093
hot 64106223 warm 51638852 cold 71021093
hot 64106219 warm 51638852 cold 71021093
hot 64106215 warm 51638852 cold 71021093
hot 64106211 warm 51638852 cold 71021093
hot 64106207 warm 51638852 cold 71021093
hot 64106203 warm 51638852 cold 71021093
hot 64106199 warm 51638852 cold 71021093
hot 64106195 warm 51638852 cold 71021093
hot 64106191 warm 51638852 cold 71021093
hot 64106187 warm 51638852 cold 71021093
hot 64106183 warm 51638852 cold 71021093
hot 64106179 warm 51638852 cold 71021093
hot 64106175 warm 51638852 cold 71021093
hot 64106171 warm 51638852 cold 71021093
hot 64106167 warm 51638852 cold 71021093
hot 64106163 warm 51638852 cold 71021093
hot 64106159 warm 51638852 cold 71021093
hot 64106155 warm 51638852 cold 71021093
hot 64106151 warm 51638852 cold 71021094
hot 64106147 warm 51638852 cold 71021094
hot 64106143 warm 51638852 cold 71021094
hot 64106139 warm 51638852 cold 71021094
hot 64106135 warm 51638852 cold 71021095
hot 64106131 warm 51638852 cold 71021095
hot 64106127 warm 51638852 cold 71021095
hot 64106123 warm 51638852 cold 71021095
hot 64106119 warm 51638852 cold 71021095
hot 64106115 warm 51638852 cold 71021095
hot 64106111 warm 51638852 cold 71021095
hot 64106107 warm 51638852 cold 71021095
hot 64106103 warm 51638852 cold 71021095
hot 64106099 warm 51638852 cold 71021095
hot 64106095 warm 51638852 cold 71021095
hot 64106091 warm 51638852 cold 71021095
hot 64106087 warm 51638852 cold 71021095
hot 64106083 warm 51638852 cold 71021095
hot 64106079 warm 51638852 cold 71021095
hot 64106075 warm 51638852 cold 71021095
hot 64106071 warm 51638852 cold 71021095
hot 64106067 warm 51638852 cold 71021095
hot 64106063 warm 51638852 cold 71021095
hot 64106059 warm 51638852 cold 71021095
hot 64106055 warm 51638852 cold 71021095
hot 64106051 warm 51638852 cold 71021095
hot 64106047 warm 51638852 cold 71021095
hot 64106043 warm 51638852 cold 71021095
hot 64106039 warm 51638852 cold 71021095
hot 64106035 warm 51638852 cold 71021095
hot 64106031 warm 51638852 cold 71021095
hot 64106027 warm 51638852 cold 71021095
hot 64106023 warm 51638852 cold 71021095
hot 64106019 warm 51638852 cold 71021095
hot 64106015 warm 51638852 cold 71021095
hot 64106011 warm 51638852 cold 71021095
hot 64106007 warm 51638852 cold 71021095
hot 64106003 warm 51638852 cold 71021095
hot 64105999 warm 51638852 cold 71021095
hot 64105995 warm 51638852 cold 71021095
hot 64105991 warm 51638852 cold 71021095
hot 64105987 warm 51638852 cold 71021095
hot 64105983 warm 51638852 cold 71021095
hot 64105979 warm 51638852 cold 71021096
hot 64105975 warm 51638852 cold 71021096
hot 64105971 warm 51638852 cold 71021096
hot 64105967 warm 51638852 cold 71021096
hot 64105963 warm 51638852 cold 71021096
hot 64105959 warm 51638852 cold 71021096
hot 64105955 warm 51638852 cold 71021096
hot 64105951 warm 51638852 cold 71021096
hot 64105947 warm 51638852 cold 71021096
hot 64105943 warm 51638852 cold 71021096
hot 64105939 warm 51638852 cold 71021096
hot 64105935 warm 51638852 cold 71021096
hot 64105931 warm 51638852 cold 71021096
hot 64105927 warm 51638852 cold 71021096
hot 64105923 warm 51638852 cold 71021096
hot 64105919 warm 51638852 cold 71021096
hot 64105915 warm 51638852 cold 71021096
hot 64118711 warm 51638852 cold 71021096
hot 64133043 warm 51638852 cold 71021096
hot 64134575 warm 51638852 cold 71021096
hot 64134571 warm 51638852 cold 71021096
hot 64134567 warm 51638852 cold 71021096
hot 64134563 warm 51638852 cold 71021096
hot 64134559 warm 51638852 cold 71021096
hot 64134555 warm 51638852 cold 71021096
hot 64134551 warm 51638852 cold 71021096
hot 64134547 warm 51638852 cold 71021096
hot 64134543 warm 51638852 cold 71021096
hot 64134539 warm 51638852 cold 71021096
hot 64134535 warm 51638852 cold 71021096
hot 64134531 warm 51638852 cold 71021096
hot 64134527 warm 51638852 cold 71021096
hot 64134523 warm 51638852 cold 71021096
hot 64134519 warm 51638852 cold 71021096
hot 64134515 warm 51638852 cold 71021096
hot 64134511 warm 51638852 cold 71021096
hot 64134507 warm 51638852 cold 71021096
hot 64134503 warm 51638852 cold 71021096
hot 64134499 warm 51638852 cold 71021096
hot 64134495 warm 51638852 cold 71021096
hot 64134491 warm 51638852 cold 71021096
hot 64134487 warm 51638852 cold 71021096
hot 64134483 warm 51638852 cold 71021096
hot 64134479 warm 51638852 cold 71021096
hot 64134475 warm 51638852 cold 71021096
hot 64134471 warm 51638852 cold 71021096
hot 64134467 warm 51638852 cold 71021096
hot 64134463 warm 51638852 cold 71021096
hot 64134459 warm 51638852 cold 71021096
hot 64134455 warm 51638852 cold 71021096
hot 64134451 warm 51638852 cold 71021096
hot 64134447 warm 51638852 cold 71021096
hot 64134443 warm 51638852 cold 71021096
hot 64134439 warm 51638852 cold 71021096
hot 64134435 warm 51638852 cold 71021096
hot 64134431 warm 51638852 cold 71021096
hot 64134427 warm 51638852 cold 71021096
hot 64134423 warm 51638852 cold 71021096
hot 64134419 warm 51638852 cold 71021096
hot 64134415 warm 51638852 cold 71021096
hot 64134411 warm 51638852 cold 71021096
hot 64134407 warm 51638852 cold 71021096
hot 64134403 warm 51638852 cold 71021096
hot 64134399 warm 51638852 cold 71021096
hot 64134395 warm 51638852 cold 71021096
hot 64134391 warm 51638852 cold 71021096
hot 64134387 warm 51638852 cold 71021096
hot 64134383 warm 51638852 cold 71021096
hot 64134379 warm 51638852 cold 71021096
hot 64134375 warm 51638852 cold 71021096
hot 64134371 warm 51638852 cold 71021096
hot 64134367 warm 51638852 cold 71021096
hot 64134363 warm 51638852 cold 71021096
hot 64134359 warm 51638852 cold 71021096
hot 64134355 warm 51638852 cold 71021096
hot 64134351 warm 51638852 cold 71021096
hot 64134347 warm 51638852 cold 71021096
hot 64134343 warm 51638852 cold 71021096
hot 64134339 warm 51638852 cold 71021096
hot 64134335 warm 51638852 cold 71021097
hot 64134331 warm 51638852 cold 71021097
hot 64134327 warm 51638852 cold 71021097
hot 64134323 warm 51638852 cold 71021097
hot 64134319 warm 51638852 cold 71021097
hot 64134315 warm 51638852 cold 71021097
hot 64134823 warm 51638852 cold 71021097
