anon 933888
anon_thp 0
anon 221642752
anon_thp 192937984
anon 656007168
anon_thp 627048448
anon 656007168
anon_thp 627048448
anon 656015360
anon_thp 627048448
anon 1956007936
anon_thp 1925185536
anon 4093005824
anon_thp 4062183424
anon 6196445184
anon_thp 6165626880
anon 8245362688
anon_thp 8214544384
anon 10363486208
anon_thp 10332667904
anon 12452249600
anon_thp 12421431296
anon 14566182912
anon_thp 14535360512
anon 14916829184
anon_thp 14885584896
anon 14916829184
anon_thp 14885584896
anon 14916829184
anon_thp 14885584896
anon 14916833280
anon_thp 14885584896
anon 14916825088
anon_thp 14885584896
anon 14916833280
anon_thp 14885584896
anon 14916829184
anon_thp 14885584896
anon 14916829184
anon_thp 14885584896
anon 14916833280
anon_thp 14885584896
anon 14916833280
anon_thp 14885584896
anon 14916833280
anon_thp 14885584896
anon 14916825088
anon_thp 14885584896
anon 14916829184
anon_thp 14885584896
anon 14916825088
anon_thp 14885584896
anon 14916833280
anon_thp 14885584896
anon 14916833280
anon_thp 14885584896
anon 14916833280
anon_thp 14885584896
anon 14916829184
anon_thp 14885584896
anon 14916833280
anon_thp 14885584896
anon 14916833280
anon_thp 14885584896
anon 14916833280
anon_thp 14885584896
anon 14916833280
anon_thp 14885584896
anon 14916829184
anon_thp 14885584896
anon 14916829184
anon_thp 14885584896
anon 14916829184
anon_thp 14885584896
anon 14916829184
anon_thp 14885584896
anon 14916829184
anon_thp 14885584896
anon 14916833280
anon_thp 14885584896
anon 14916829184
anon_thp 14885584896
anon 14916833280
anon_thp 14885584896
anon 14916829184
anon_thp 14885584896
anon 14916829184
anon_thp 14885584896
anon 14916825088
anon_thp 14885584896
anon 14916829184
anon_thp 14885584896
anon 14916833280
anon_thp 14885584896
anon 14916829184
anon_thp 14885584896
anon 14916829184
anon_thp 14885584896
anon 14916829184
anon_thp 14885584896
anon 14916825088
anon_thp 14885584896
anon 14916829184
anon_thp 14885584896
anon 14916829184
anon_thp 14885584896
anon 14916829184
anon_thp 14885584896
anon 14916829184
anon_thp 14885584896
anon 14916829184
anon_thp 14885584896
anon 14916829184
anon_thp 14885584896
anon 14916829184
anon_thp 14885584896
anon 14916829184
anon_thp 14885584896
anon 14916829184
anon_thp 14885584896
anon 14916833280
anon_thp 14885584896
anon 14916833280
anon_thp 14885584896
anon 14916833280
anon_thp 14885584896
anon 14916829184
anon_thp 14885584896
anon 14916829184
anon_thp 14885584896
anon 14916829184
anon_thp 14885584896
anon 14916833280
anon_thp 14885584896
anon 14916829184
anon_thp 14885584896
anon 14916833280
anon_thp 14885584896
anon 14916829184
anon_thp 14885584896
anon 14916829184
anon_thp 14885584896
anon 14916833280
anon_thp 14885584896
anon 14916825088
anon_thp 14885584896
anon 14916829184
anon_thp 14885584896
anon 14916833280
anon_thp 14885584896
anon 14916829184
anon_thp 14885584896
anon 14916825088
anon_thp 14885584896
anon 14916833280
anon_thp 14885584896
anon 14916829184
anon_thp 14885584896
anon 14916829184
anon_thp 14885584896
anon 14916829184
anon_thp 14885584896
anon 14916829184
anon_thp 14885584896
anon 14916829184
anon_thp 14885584896
anon 14916829184
anon_thp 14885584896
anon 14916829184
anon_thp 14885584896
anon 14918578176
anon_thp 14885584896
anon 14956253184
anon_thp 14885584896
anon 14956306432
anon_thp 14885584896
anon 14956310528
anon_thp 14885584896
anon 14956314624
anon_thp 14885584896
anon 14956310528
anon_thp 14885584896
anon 14956310528
anon_thp 14885584896
anon 14956314624
anon_thp 14885584896
anon 14956306432
anon_thp 14885584896
anon 14956314624
anon_thp 14885584896
anon 14956310528
anon_thp 14885584896
anon 14956339200
anon_thp 14885584896
anon 14956347392
anon_thp 14885584896
anon 14956343296
anon_thp 14885584896
anon 14956343296
anon_thp 14885584896
anon 14956343296
anon_thp 14885584896
anon 14956347392
anon_thp 14885584896
anon 14956339200
anon_thp 14885584896
anon 14956347392
anon_thp 14885584896
anon 14956343296
anon_thp 14885584896
anon 14956347392
anon_thp 14885584896
anon 14956343296
anon_thp 14885584896
anon 14956347392
anon_thp 14885584896
anon 14956343296
anon_thp 14885584896
anon 14956339200
anon_thp 14885584896
anon 14956347392
anon_thp 14885584896
anon 14956343296
anon_thp 14885584896
anon 14956347392
anon_thp 14885584896
anon 14956347392
anon_thp 14885584896
anon 14956343296
anon_thp 14885584896
anon 14956343296
anon_thp 14885584896
anon 14956339200
anon_thp 14885584896
anon 14956343296
anon_thp 14885584896
anon 14956347392
anon_thp 14885584896
anon 14956343296
anon_thp 14885584896
anon 14956347392
anon_thp 14885584896
anon 14956343296
anon_thp 14885584896
anon 14956343296
anon_thp 14885584896
anon 14956339200
anon_thp 14885584896
anon 14956347392
anon_thp 14885584896
anon 14956343296
anon_thp 14885584896
anon 14956347392
anon_thp 14885584896
anon 14956343296
anon_thp 14885584896
anon 14956347392
anon_thp 14885584896
anon 14956339200
anon_thp 14885584896
anon 14956347392
anon_thp 14885584896
anon 14956347392
anon_thp 14885584896
anon 14956343296
anon_thp 14885584896
anon 14956347392
anon_thp 14885584896
anon 14956343296
anon_thp 14885584896
anon 14956343296
anon_thp 14885584896
anon 14956347392
anon_thp 14885584896
anon 14956347392
anon_thp 14885584896
anon 14956343296
anon_thp 14885584896
anon 14956343296
anon_thp 14885584896
anon 14956347392
anon_thp 14885584896
anon 14956343296
anon_thp 14885584896
anon 14956343296
anon_thp 14885584896
anon 14956347392
anon_thp 14885584896
anon 14956343296
anon_thp 14885584896
anon 14956343296
anon_thp 14885584896
anon 14956339200
anon_thp 14885584896
anon 14956347392
anon_thp 14885584896
anon 14956347392
anon_thp 14885584896
anon 14956343296
anon_thp 14885584896
anon 14956343296
anon_thp 14885584896
anon 14956347392
anon_thp 14885584896
anon 14956343296
anon_thp 14885584896
anon 14956339200
anon_thp 14885584896
anon 14956339200
anon_thp 14885584896
anon 14956339200
anon_thp 14885584896
anon 14956343296
anon_thp 14885584896
anon 14956343296
anon_thp 14885584896
anon 14956339200
anon_thp 14885584896
anon 14956339200
anon_thp 14885584896
anon 14956343296
anon_thp 14885584896
anon 14956343296
anon_thp 14885584896
anon 14956347392
anon_thp 14885584896
anon 14956343296
anon_thp 14885584896
anon 14956343296
anon_thp 14885584896
anon 14956343296
anon_thp 14885584896
anon 14956343296
anon_thp 14885584896
anon 14956339200
anon_thp 14885584896
anon 14956347392
anon_thp 14885584896
anon 14956347392
anon_thp 14885584896
anon 14956343296
anon_thp 14885584896
anon 14956347392
anon_thp 14885584896
anon 14956347392
anon_thp 14885584896
anon 14956343296
anon_thp 14885584896
anon 14956347392
anon_thp 14885584896
anon 14956347392
anon_thp 14885584896
anon 14956343296
anon_thp 14885584896
anon 14956347392
anon_thp 14885584896
anon 14956343296
anon_thp 14885584896
anon 14956343296
anon_thp 14885584896
anon 14956347392
anon_thp 14885584896
anon 14956347392
anon_thp 14885584896
anon 14956343296
anon_thp 14885584896
anon 14956343296
anon_thp 14885584896
anon 14956343296
anon_thp 14885584896
anon 14956343296
anon_thp 14885584896
anon 14956343296
anon_thp 14885584896
anon 14956343296
anon_thp 14885584896
anon 14956347392
anon_thp 14885584896
anon 14956343296
anon_thp 14885584896
anon 14956343296
anon_thp 14885584896
anon 14956343296
anon_thp 14885584896
anon 14956343296
anon_thp 14885584896
anon 14956347392
anon_thp 14885584896
anon 14956343296
anon_thp 14885584896
anon 14956343296
anon_thp 14885584896
anon 14956339200
anon_thp 14885584896
anon 14956343296
anon_thp 14885584896
anon 14956343296
anon_thp 14885584896
anon 14956343296
anon_thp 14885584896
anon 14956343296
anon_thp 14885584896
anon 14956347392
anon_thp 14885584896
anon 14956343296
anon_thp 14885584896
anon 14956347392
anon_thp 14885584896
anon 14956347392
anon_thp 14885584896
anon 14956343296
anon_thp 14885584896
anon 14956347392
anon_thp 14885584896
anon 14956343296
anon_thp 14885584896
anon 14956343296
anon_thp 14885584896
anon 14956343296
anon_thp 14885584896
anon 14956347392
anon_thp 14885584896
anon 14956343296
anon_thp 14885584896
anon 14956343296
anon_thp 14885584896
anon 14956343296
anon_thp 14885584896
anon 14956343296
anon_thp 14885584896
anon 14956339200
anon_thp 14885584896
anon 14956347392
anon_thp 14885584896
anon 14956343296
anon_thp 14885584896
anon 14956343296
anon_thp 14885584896
anon 14956347392
anon_thp 14885584896
anon 14956343296
anon_thp 14885584896
anon 14956347392
anon_thp 14885584896
anon 14956343296
anon_thp 14885584896
anon 14956339200
anon_thp 14885584896
anon 14956343296
anon_thp 14885584896
anon 14956343296
anon_thp 14885584896
anon 14956343296
anon_thp 14885584896
anon 14956343296
anon_thp 14885584896
anon 14956339200
anon_thp 14885584896
anon 14956343296
anon_thp 14885584896
anon 14956343296
anon_thp 14885584896
anon 14956343296
anon_thp 14885584896
anon 14956339200
anon_thp 14885584896
anon 14956347392
anon_thp 14885584896
anon 14956347392
anon_thp 14885584896
anon 14956339200
anon_thp 14885584896
anon 14956343296
anon_thp 14885584896
anon 14956347392
anon_thp 14885584896
anon 14956339200
anon_thp 14885584896
anon 14956343296
anon_thp 14885584896
anon 14956343296
anon_thp 14885584896
anon 14956347392
anon_thp 14885584896
anon 14956347392
anon_thp 14885584896
anon 14956343296
anon_thp 14885584896
anon 14956343296
anon_thp 14885584896
anon 14956339200
anon_thp 14885584896
anon 14956347392
anon_thp 14885584896
anon 14956371968
anon_thp 14885584896
anon 14956376064
anon_thp 14885584896
anon 14956371968
anon_thp 14885584896
anon 14956380160
anon_thp 14885584896
anon 14956380160
anon_thp 14885584896
anon 14956376064
anon_thp 14885584896
anon 14956376064
anon_thp 14885584896
anon 14956376064
anon_thp 14885584896
anon 14956380160
anon_thp 14885584896
anon 14956380160
anon_thp 14885584896
anon 14956380160
anon_thp 14885584896
anon 14956376064
anon_thp 14885584896
anon 14956371968
anon_thp 14885584896
anon 14956376064
anon_thp 14885584896
anon 14956376064
anon_thp 14885584896
anon 14956380160
anon_thp 14885584896
anon 14956371968
anon_thp 14885584896
anon 14956376064
anon_thp 14885584896
anon 14956376064
anon_thp 14885584896
anon 14956380160
anon_thp 14885584896
anon 14956376064
anon_thp 14885584896
anon 14956380160
anon_thp 14885584896
anon 14956371968
anon_thp 14885584896
anon 14956380160
anon_thp 14885584896
anon 14956376064
anon_thp 14885584896
anon 14956376064
anon_thp 14885584896
anon 14956376064
anon_thp 14885584896
anon 14956376064
anon_thp 14885584896
anon 14956380160
anon_thp 14885584896
anon 14956380160
anon_thp 14885584896
anon 14956371968
anon_thp 14885584896
anon 14956380160
anon_thp 14885584896
anon 14956376064
anon_thp 14885584896
anon 14956376064
anon_thp 14885584896
anon 14956380160
anon_thp 14885584896
anon 14956380160
anon_thp 14885584896
anon 14956376064
anon_thp 14885584896
anon 14956380160
anon_thp 14885584896
anon 14956376064
anon_thp 14885584896
anon 14956371968
anon_thp 14885584896
anon 14956376064
anon_thp 14885584896
anon 14956376064
anon_thp 14885584896
anon 14956371968
anon_thp 14885584896
anon 14956376064
anon_thp 14885584896
anon 14956376064
anon_thp 14885584896
anon 14956376064
anon_thp 14885584896
anon 14956380160
anon_thp 14885584896
anon 14956371968
anon_thp 14885584896
anon 14956376064
anon_thp 14885584896
anon 14956371968
anon_thp 14885584896
anon 14956371968
anon_thp 14885584896
anon 14956371968
anon_thp 14885584896
anon 14956376064
anon_thp 14885584896
anon 14956371968
anon_thp 14885584896
anon 14956371968
anon_thp 14885584896
anon 14956376064
anon_thp 14885584896
anon 14956376064
anon_thp 14885584896
anon 14956376064
anon_thp 14885584896
anon 14956380160
anon_thp 14885584896
anon 14956371968
anon_thp 14885584896
anon 14956371968
anon_thp 14885584896
anon 14956392448
anon_thp 14885584896
anon 14956396544
anon_thp 14885584896
anon 14956429312
anon_thp 14885584896
anon 14956425216
anon_thp 14885584896
anon 14956421120
anon_thp 14885584896
anon 14956429312
anon_thp 14885584896
anon 14956462080
anon_thp 14885584896
anon 14956457984
anon_thp 14885584896
anon 14956457984
anon_thp 14885584896
anon 14956457984
anon_thp 14885584896
anon 14956490752
anon_thp 14885584896
anon 14956486656
anon_thp 14885584896
anon 14956486656
anon_thp 14885584896
anon 14956490752
anon_thp 14885584896
anon 14956486656
anon_thp 14885584896
anon 14956490752
anon_thp 14885584896
anon 14956490752
anon_thp 14885584896
anon 14956486656
anon_thp 14885584896
anon 14956527616
anon_thp 14885584896
anon 14956519424
anon_thp 14885584896
anon 14956519424
anon_thp 14885584896
anon 14956527616
anon_thp 14885584896
anon 14956527616
anon_thp 14885584896
anon 14956519424
anon_thp 14885584896
anon 14956523520
anon_thp 14885584896
anon 14956523520
anon_thp 14885584896
anon 14956523520
anon_thp 14885584896
anon 14956523520
anon_thp 14885584896
anon 14956523520
anon_thp 14885584896
anon 14956523520
anon_thp 14885584896
anon 14956519424
anon_thp 14885584896
anon 14956527616
anon_thp 14885584896
anon 14956527616
anon_thp 14885584896
anon 14956527616
anon_thp 14885584896
anon 14956519424
anon_thp 14885584896
anon 14956523520
anon_thp 14885584896
anon 14956527616
anon_thp 14885584896
anon 14956523520
anon_thp 14885584896
anon 14956519424
anon_thp 14885584896
anon 14956523520
anon_thp 14885584896
anon 14956523520
anon_thp 14885584896
anon 14956523520
anon_thp 14885584896
anon 14956523520
anon_thp 14885584896
anon 14956527616
anon_thp 14885584896
anon 14956523520
anon_thp 14885584896
anon 14956523520
anon_thp 14885584896
anon 14956523520
anon_thp 14885584896
anon 14956523520
anon_thp 14885584896
anon 14956523520
anon_thp 14885584896
anon 14956527616
anon_thp 14885584896
anon 14956523520
anon_thp 14885584896
anon 14956523520
anon_thp 14885584896
anon 14956523520
anon_thp 14885584896
anon 14956519424
anon_thp 14885584896
anon 14956523520
anon_thp 14885584896
anon 14956527616
anon_thp 14885584896
anon 14956523520
anon_thp 14885584896
anon 14956527616
anon_thp 14885584896
anon 14956527616
anon_thp 14885584896
anon 14956523520
anon_thp 14885584896
anon 14956527616
anon_thp 14885584896
anon 14956523520
anon_thp 14885584896
anon 14956519424
anon_thp 14885584896
anon 14956523520
anon_thp 14885584896
anon 14956519424
anon_thp 14885584896
anon 14956519424
anon_thp 14885584896
anon 14956527616
anon_thp 14885584896
anon 14956523520
anon_thp 14885584896
anon 14956560384
anon_thp 14885584896
anon 14956556288
anon_thp 14885584896
anon 14956560384
anon_thp 14885584896
anon 14956556288
anon_thp 14885584896
anon 14956560384
anon_thp 14885584896
anon 14956552192
anon_thp 14885584896
anon 14956552192
anon_thp 14885584896
anon 14956556288
anon_thp 14885584896
anon 14956556288
anon_thp 14885584896
anon 14956556288
anon_thp 14885584896
anon 14956560384
anon_thp 14885584896
anon 14956556288
anon_thp 14885584896
anon 14956552192
anon_thp 14885584896
anon 14956556288
anon_thp 14885584896
anon 14956560384
anon_thp 14885584896
anon 14956560384
anon_thp 14885584896
anon 14956560384
anon_thp 14885584896
anon 14956552192
anon_thp 14885584896
anon 14956556288
anon_thp 14885584896
anon 14956560384
anon_thp 14885584896
anon 14956556288
anon_thp 14885584896
anon 14956556288
anon_thp 14885584896
anon 14956556288
anon_thp 14885584896
anon 14956560384
anon_thp 14885584896
anon 14956556288
anon_thp 14885584896
anon 14956552192
anon_thp 14885584896
anon 14956556288
anon_thp 14885584896
anon 14956552192
anon_thp 14885584896
anon 14956552192
anon_thp 14885584896
anon 14956560384
anon_thp 14885584896
anon 14956552192
anon_thp 14885584896
anon 14956560384
anon_thp 14885584896
anon 14956556288
anon_thp 14885584896
anon 14956556288
anon_thp 14885584896
anon 14956556288
anon_thp 14885584896
anon 14956552192
anon_thp 14885584896
anon 14956560384
anon_thp 14885584896
anon 14956556288
anon_thp 14885584896
anon 14956560384
anon_thp 14885584896
anon 14956560384
anon_thp 14885584896
anon 14956560384
anon_thp 14885584896
anon 14956552192
anon_thp 14885584896
anon 14956560384
anon_thp 14885584896
anon 14956556288
anon_thp 14885584896
anon 14956556288
anon_thp 14885584896
anon 14956556288
anon_thp 14885584896
anon 14956556288
anon_thp 14885584896
anon 14956556288
anon_thp 14885584896
anon 14956560384
anon_thp 14885584896
anon 14956552192
anon_thp 14885584896
anon 14956556288
anon_thp 14885584896
anon 14956552192
anon_thp 14885584896
anon 14956552192
anon_thp 14885584896
anon 14956556288
anon_thp 14885584896
anon 14956556288
anon_thp 14885584896
anon 14956560384
anon_thp 14885584896
anon 14956556288
anon_thp 14885584896
anon 14956560384
anon_thp 14885584896
anon 14956556288
anon_thp 14885584896
anon 14956560384
anon_thp 14885584896
anon 14956560384
anon_thp 14885584896
anon 14956556288
anon_thp 14885584896
anon 14956552192
anon_thp 14885584896
anon 14956556288
anon_thp 14885584896
anon 14956552192
anon_thp 14885584896
anon 14956560384
anon_thp 14885584896
anon 14956552192
anon_thp 14885584896
anon 14956560384
anon_thp 14885584896
anon 14956556288
anon_thp 14885584896
anon 14956560384
anon_thp 14885584896
anon 14956560384
anon_thp 14885584896
anon 14956556288
anon_thp 14885584896
anon 14956552192
anon_thp 14885584896
anon 14956556288
anon_thp 14885584896
anon 14956556288
anon_thp 14885584896
anon 14956560384
anon_thp 14885584896
anon 14956560384
anon_thp 14885584896
anon 14956556288
anon_thp 14885584896
anon 14956556288
anon_thp 14885584896
anon 14956552192
anon_thp 14885584896
anon 14956560384
anon_thp 14885584896
anon 14956552192
anon_thp 14885584896
anon 14956552192
anon_thp 14885584896
anon 14956556288
anon_thp 14885584896
anon 14956560384
anon_thp 14885584896
anon 14956556288
anon_thp 14885584896
anon 14956556288
anon_thp 14885584896
anon 14956560384
anon_thp 14885584896
anon 14956556288
anon_thp 14885584896
anon 14956556288
anon_thp 14885584896
anon 14956560384
anon_thp 14885584896
anon 14956556288
anon_thp 14885584896
anon 14956556288
anon_thp 14885584896
anon 14956556288
anon_thp 14885584896
anon 14956556288
anon_thp 14885584896
anon 14956560384
anon_thp 14885584896
anon 14956560384
anon_thp 14885584896
anon 14956556288
anon_thp 14885584896
anon 14956560384
anon_thp 14885584896
anon 14956552192
anon_thp 14885584896
anon 14956560384
anon_thp 14885584896
anon 14956556288
anon_thp 14885584896
anon 14956556288
anon_thp 14885584896
anon 14956556288
anon_thp 14885584896
anon 14956560384
anon_thp 14885584896
anon 14956560384
anon_thp 14885584896
anon 14956552192
anon_thp 14885584896
anon 14956556288
anon_thp 14885584896
anon 14956556288
anon_thp 14885584896
anon 14956552192
anon_thp 14885584896
anon 14956556288
anon_thp 14885584896
anon 14956556288
anon_thp 14885584896
anon 14956556288
anon_thp 14885584896
anon 14956556288
anon_thp 14885584896
anon 14956556288
anon_thp 14885584896
anon 14956556288
anon_thp 14885584896
anon 14956556288
anon_thp 14885584896
anon 14956560384
anon_thp 14885584896
anon 14956556288
anon_thp 14885584896
anon 14956560384
anon_thp 14885584896
anon 14956560384
anon_thp 14885584896
anon 14956560384
anon_thp 14885584896
anon 14956556288
anon_thp 14885584896
