pgmigrate_success 101780075
pgmigrate_success 101780080
pgmigrate_success 101780081
pgmigrate_success 101780082
pgmigrate_success 101780083
pgmigrate_success 101780084
pgmigrate_success 101780085
pgmigrate_success 101967067
pgmigrate_success 102243494
pgmigrate_success 102574269
pgmigrate_success 102901949
pgmigrate_success 103230141
pgmigrate_success 103552134
pgmigrate_success 103885958
pgmigrate_success 104219782
pgmigrate_success 104267261
pgmigrate_success 104329757
pgmigrate_success 104349789
pgmigrate_success 104405405
pgmigrate_success 104464285
pgmigrate_success 104495325
pgmigrate_success 104551965
pgmigrate_success 104611133
pgmigrate_success 104645117
pgmigrate_success 104683805
pgmigrate_success 104739613
pgmigrate_success 104776002
pgmigrate_success 104790434
pgmigrate_success 104849954
pgmigrate_success 104883234
pgmigrate_success 104925794
pgmigrate_success 104986914
pgmigrate_success 105010594
pgmigrate_success 105073538
pgmigrate_success 105127042
pgmigrate_success 105162594
pgmigrate_success 105228194
pgmigrate_success 105254594
pgmigrate_success 105301346
pgmigrate_success 105396578
pgmigrate_success 105425698
pgmigrate_success 105490978
pgmigrate_success 105549730
pgmigrate_success 105588898
pgmigrate_success 105639138
pgmigrate_success 105674082
pgmigrate_success 105730658
pgmigrate_success 105792418
pgmigrate_success 105825058
pgmigrate_success 105880162
pgmigrate_success 105931682
pgmigrate_success 105974242
pgmigrate_success 106036962
pgmigrate_success 106067682
pgmigrate_success 106130722
pgmigrate_success 106193442
pgmigrate_success 106225090
pgmigrate_success 106289762
pgmigrate_success 106328802
pgmigrate_success 106380514
pgmigrate_success 106443554
pgmigrate_success 106475554
pgmigrate_success 106536034
pgmigrate_success 106588930
pgmigrate_success 106632674
pgmigrate_success 106692194
pgmigrate_success 106725154
pgmigrate_success 106772514
pgmigrate_success 106835010
pgmigrate_success 106867394
pgmigrate_success 106922338
pgmigrate_success 106999367
pgmigrate_success 107034759
pgmigrate_success 107097799
pgmigrate_success 107131815
pgmigrate_success 107193799
pgmigrate_success 107252999
pgmigrate_success 107284679
pgmigrate_success 107344199
pgmigrate_success 107392839
pgmigrate_success 107425479
pgmigrate_success 107486791
pgmigrate_success 107523975
pgmigrate_success 107581831
pgmigrate_success 107646567
pgmigrate_success 107675911
pgmigrate_success 107725831
pgmigrate_success 107787652
pgmigrate_success 107787655
pgmigrate_success 107788200
pgmigrate_success 107788940
pgmigrate_success 107788941
pgmigrate_success 107789711
pgmigrate_success 107790736
pgmigrate_success 107791505
pgmigrate_success 107792181
pgmigrate_success 107792182
pgmigrate_success 107792728
pgmigrate_success 107793305
pgmigrate_success 107793914
pgmigrate_success 107794395
pgmigrate_success 107794524
pgmigrate_success 107794974
pgmigrate_success 107795359
pgmigrate_success 107795809
pgmigrate_success 107795811
pgmigrate_success 107796229
pgmigrate_success 107796615
pgmigrate_success 107796904
pgmigrate_success 107797161
pgmigrate_success 107912577
pgmigrate_success 108149121
pgmigrate_success 108478187
pgmigrate_success 108601728
pgmigrate_success 108612807
pgmigrate_success 108613017
pgmigrate_success 108613182
pgmigrate_success 108613182
pgmigrate_success 108613422
pgmigrate_success 108613572
pgmigrate_success 108613632
pgmigrate_success 108613782
pgmigrate_success 108613782
pgmigrate_success 108613951
pgmigrate_success 108614161
pgmigrate_success 108614266
pgmigrate_success 108614341
pgmigrate_success 108614506
pgmigrate_success 108614641
pgmigrate_success 108614641
pgmigrate_success 108614842
pgmigrate_success 108614887
pgmigrate_success 108618384
pgmigrate_success 108618388
pgmigrate_success 108618392
pgmigrate_success 108618395
pgmigrate_success 108618398
pgmigrate_success 108618400
pgmigrate_success 108618403
pgmigrate_success 108618405
pgmigrate_success 108618441
pgmigrate_success 108618445
pgmigrate_success 108618513
pgmigrate_success 108618613
pgmigrate_success 108618616
pgmigrate_success 108618618
pgmigrate_success 108618718
pgmigrate_success 108618754
pgmigrate_success 108618792
pgmigrate_success 108618858
pgmigrate_success 108618862
pgmigrate_success 108618900
pgmigrate_success 108618936
pgmigrate_success 108618940
pgmigrate_success 108619008
pgmigrate_success 108619015
pgmigrate_success 108619016
pgmigrate_success 108619050
pgmigrate_success 108619051
pgmigrate_success 108619116
pgmigrate_success 108619117
pgmigrate_success 108619150
pgmigrate_success 108619183
pgmigrate_success 108619184
pgmigrate_success 108619218
pgmigrate_success 108619251
pgmigrate_success 108619252
pgmigrate_success 108619254
pgmigrate_success 108619256
pgmigrate_success 108619321
pgmigrate_success 108619354
pgmigrate_success 108619387
pgmigrate_success 108619389
pgmigrate_success 108619422
pgmigrate_success 108619423
pgmigrate_success 108619424
pgmigrate_success 108619425
pgmigrate_success 108619426
pgmigrate_success 108619427
pgmigrate_success 108619428
pgmigrate_success 108619461
pgmigrate_success 108619462
pgmigrate_success 108619463
pgmigrate_success 108619496
pgmigrate_success 108619498
pgmigrate_success 108623504
pgmigrate_success 108665490
pgmigrate_success 108744856
pgmigrate_success 108812225
pgmigrate_success 108895239
pgmigrate_success 108945427
pgmigrate_success 109004303
pgmigrate_success 109061283
pgmigrate_success 109061320
pgmigrate_success 109061346
pgmigrate_success 109061365
pgmigrate_success 109061383
pgmigrate_success 109061409
pgmigrate_success 109061432
pgmigrate_success 109061465
pgmigrate_success 109061485
pgmigrate_success 109061501
pgmigrate_success 109061519
pgmigrate_success 109061538
pgmigrate_success 109061563
pgmigrate_success 109061594
pgmigrate_success 109061618
pgmigrate_success 109061640
pgmigrate_success 109061670
pgmigrate_success 109061691
pgmigrate_success 109061724
pgmigrate_success 109062269
pgmigrate_success 109062273
pgmigrate_success 109062274
pgmigrate_success 109062276
pgmigrate_success 109062296
pgmigrate_success 109062313
pgmigrate_success 109062315
pgmigrate_success 109062326
pgmigrate_success 109062333
pgmigrate_success 109062359
pgmigrate_success 109062376
pgmigrate_success 109062378
pgmigrate_success 109062379
pgmigrate_success 109062380
pgmigrate_success 109062381
pgmigrate_success 109062383
pgmigrate_success 109062385
pgmigrate_success 109062386
pgmigrate_success 109062388
pgmigrate_success 109062390
pgmigrate_success 109062415
pgmigrate_success 109062424
pgmigrate_success 109062428
pgmigrate_success 109062430
pgmigrate_success 109062431
pgmigrate_success 109062432
pgmigrate_success 109062433
pgmigrate_success 109062434
pgmigrate_success 109062436
pgmigrate_success 109062441
pgmigrate_success 109062460
pgmigrate_success 109062463
pgmigrate_success 109062464
pgmigrate_success 109062465
pgmigrate_success 109062466
pgmigrate_success 109062467
pgmigrate_success 109062469
pgmigrate_success 109062491
pgmigrate_success 109062496
pgmigrate_success 109062508
pgmigrate_success 109062512
pgmigrate_success 109062514
pgmigrate_success 109062515
pgmigrate_success 109062516
pgmigrate_success 109062518
pgmigrate_success 109062519
pgmigrate_success 109062520
pgmigrate_success 109062521
pgmigrate_success 109062522
pgmigrate_success 109062523
pgmigrate_success 109062524
pgmigrate_success 109062525
pgmigrate_success 109062526
pgmigrate_success 109062528
pgmigrate_success 109062530
pgmigrate_success 109062531
pgmigrate_success 109062532
pgmigrate_success 109062533
pgmigrate_success 109062535
pgmigrate_success 109062537
pgmigrate_success 109062549
pgmigrate_success 109062563
pgmigrate_success 109062565
pgmigrate_success 109062567
pgmigrate_success 109062570
pgmigrate_success 109062573
pgmigrate_success 109062589
pgmigrate_success 109062615
pgmigrate_success 109062618
pgmigrate_success 109062645
pgmigrate_success 109062653
pgmigrate_success 109062655
pgmigrate_success 109062656
pgmigrate_success 109062658
pgmigrate_success 109062670
pgmigrate_success 109062674
pgmigrate_success 109062688
pgmigrate_success 109062699
pgmigrate_success 109062711
pgmigrate_success 109062729
pgmigrate_success 109062733
pgmigrate_success 109062734
pgmigrate_success 109062748
pgmigrate_success 109062763
pgmigrate_success 109062765
pgmigrate_success 109062766
pgmigrate_success 109062767
pgmigrate_success 109062768
pgmigrate_success 109062769
pgmigrate_success 109062770
pgmigrate_success 109062771
pgmigrate_success 109062795
pgmigrate_success 109062798
pgmigrate_success 109062827
pgmigrate_success 109062885
pgmigrate_success 109062911
pgmigrate_success 109062961
pgmigrate_success 109062985
pgmigrate_success 109063531
pgmigrate_success 109063575
pgmigrate_success 109063605
pgmigrate_success 109063636
pgmigrate_success 109063657
pgmigrate_success 109063684
pgmigrate_success 109063718
pgmigrate_success 109063744
pgmigrate_success 109063763
pgmigrate_success 109063784
pgmigrate_success 109063805
pgmigrate_success 109063824
pgmigrate_success 109063849
pgmigrate_success 109063870
pgmigrate_success 109063874
pgmigrate_success 109063888
pgmigrate_success 109063909
pgmigrate_success 109063935
pgmigrate_success 109063964
pgmigrate_success 109063990
pgmigrate_success 109064017
pgmigrate_success 109064036
pgmigrate_success 109064062
pgmigrate_success 109064090
pgmigrate_success 109064116
pgmigrate_success 109064142
pgmigrate_success 109064178
pgmigrate_success 109064179
pgmigrate_success 109064180
pgmigrate_success 109064181
pgmigrate_success 109064182
pgmigrate_success 109064183
pgmigrate_success 109064184
pgmigrate_success 109064185
pgmigrate_success 109064186
pgmigrate_success 109064187
pgmigrate_success 109064188
pgmigrate_success 109064189
pgmigrate_success 109064191
pgmigrate_success 109064196
pgmigrate_success 109064197
pgmigrate_success 109064198
pgmigrate_success 109064199
pgmigrate_success 109064202
pgmigrate_success 109064204
pgmigrate_success 109064205
pgmigrate_success 109064206
pgmigrate_success 109064207
pgmigrate_success 109064208
pgmigrate_success 109064210
pgmigrate_success 109064212
pgmigrate_success 109064213
pgmigrate_success 109064214
pgmigrate_success 109064215
pgmigrate_success 109064216
pgmigrate_success 109064217
pgmigrate_success 109064218
pgmigrate_success 109064219
pgmigrate_success 109064220
pgmigrate_success 109064221
pgmigrate_success 109064223
pgmigrate_success 109064225
pgmigrate_success 109064258
pgmigrate_success 109064259
pgmigrate_success 109064260
pgmigrate_success 109064261
pgmigrate_success 109064262
pgmigrate_success 109064263
pgmigrate_success 109064265
pgmigrate_success 109064267
pgmigrate_success 109064268
pgmigrate_success 109064269
pgmigrate_success 109064271
pgmigrate_success 109064273
pgmigrate_success 109064274
pgmigrate_success 109064275
pgmigrate_success 109064276
pgmigrate_success 109064277
pgmigrate_success 109064279
pgmigrate_success 109064280
pgmigrate_success 109064281
pgmigrate_success 109064282
pgmigrate_success 109064283
pgmigrate_success 109064284
pgmigrate_success 109064285
pgmigrate_success 109064286
pgmigrate_success 109064288
pgmigrate_success 109064290
pgmigrate_success 109064291
pgmigrate_success 109064292
pgmigrate_success 109064293
pgmigrate_success 109064294
pgmigrate_success 109064295
pgmigrate_success 109064296
pgmigrate_success 109064297
pgmigrate_success 109064298
pgmigrate_success 109064299
pgmigrate_success 109064300
pgmigrate_success 109064301
pgmigrate_success 109064302
pgmigrate_success 109064304
pgmigrate_success 109064306
pgmigrate_success 109064307
pgmigrate_success 109064308
pgmigrate_success 109064309
pgmigrate_success 109064310
pgmigrate_success 109064312
pgmigrate_success 109064315
pgmigrate_success 109064316
pgmigrate_success 109064317
pgmigrate_success 109064318
pgmigrate_success 109064319
pgmigrate_success 109064320
pgmigrate_success 109064321
pgmigrate_success 109064322
pgmigrate_success 109064323
pgmigrate_success 109064324
pgmigrate_success 109064325
pgmigrate_success 109064326
pgmigrate_success 109064328
pgmigrate_success 109064330
pgmigrate_success 109064331
pgmigrate_success 109064332
pgmigrate_success 109064333
pgmigrate_success 109064334
pgmigrate_success 109064335
pgmigrate_success 109064336
pgmigrate_success 109064337
pgmigrate_success 109064338
pgmigrate_success 109064339
pgmigrate_success 109064340
pgmigrate_success 109064341
pgmigrate_success 109064342
pgmigrate_success 109064344
pgmigrate_success 109064346
pgmigrate_success 109064347
pgmigrate_success 109064348
pgmigrate_success 109064349
pgmigrate_success 109064350
pgmigrate_success 109064351
pgmigrate_success 109064352
pgmigrate_success 109064353
pgmigrate_success 109064354
pgmigrate_success 109064355
pgmigrate_success 109064356
pgmigrate_success 109064357
pgmigrate_success 109064358
pgmigrate_success 109064359
pgmigrate_success 109064360
pgmigrate_success 109064361
pgmigrate_success 109064362
pgmigrate_success 109064363
pgmigrate_success 109064364
pgmigrate_success 109064365
