hot 244384 warm 0 cold 6150474
hot 243949 warm 0 cold 6150474
hot 243945 warm 0 cold 6150474
hot 243941 warm 0 cold 6150474
hot 243937 warm 0 cold 6150474
hot 243933 warm 0 cold 6150474
hot 243929 warm 0 cold 6153416
hot 243925 warm 0 cold 6153887
hot 243921 warm 0 cold 6153843
hot 243917 warm 0 cold 6153799
hot 243913 warm 0 cold 6153755
hot 243909 warm 0 cold 6153711
hot 243905 warm 0 cold 6153667
hot 243901 warm 0 cold 6153623
hot 243897 warm 0 cold 6153579
hot 243893 warm 0 cold 6153535
hot 243889 warm 0 cold 6153491
hot 243885 warm 0 cold 6153447
hot 243881 warm 0 cold 6153403
hot 243877 warm 0 cold 6153359
hot 243873 warm 0 cold 6153315
hot 243869 warm 0 cold 6153271
hot 243865 warm 0 cold 6153227
hot 243861 warm 0 cold 6153183
hot 243857 warm 0 cold 6153139
hot 243853 warm 0 cold 6153095
hot 243849 warm 0 cold 6153051
hot 243845 warm 0 cold 6153007
hot 243841 warm 0 cold 6152963
hot 243837 warm 0 cold 6152919
hot 243833 warm 0 cold 6152875
hot 243829 warm 0 cold 6152831
hot 243825 warm 0 cold 6152787
hot 243821 warm 0 cold 6152743
hot 243817 warm 0 cold 6152699
hot 243813 warm 0 cold 6152655
hot 243809 warm 0 cold 6152611
hot 243805 warm 0 cold 6152567
hot 243801 warm 0 cold 6152523
hot 243797 warm 0 cold 6152479
hot 243793 warm 0 cold 6152435
hot 243789 warm 0 cold 6152391
hot 243785 warm 0 cold 6152347
hot 243781 warm 0 cold 6152303
hot 243777 warm 0 cold 6152259
hot 243773 warm 0 cold 6152215
hot 243769 warm 0 cold 6152171
hot 243765 warm 0 cold 6152127
hot 243761 warm 0 cold 6152083
hot 243757 warm 0 cold 6152039
hot 243753 warm 0 cold 6151995
hot 243749 warm 0 cold 6151951
hot 243745 warm 0 cold 6151907
hot 243741 warm 0 cold 6151863
hot 243737 warm 0 cold 6151819
hot 243733 warm 0 cold 6151775
hot 243729 warm 0 cold 6151731
hot 243725 warm 0 cold 6151687
hot 243721 warm 0 cold 6151643
hot 243717 warm 0 cold 6151599
hot 243713 warm 0 cold 6151555
hot 243709 warm 0 cold 6151511
hot 243705 warm 0 cold 6151467
hot 243701 warm 0 cold 6151423
hot 243697 warm 0 cold 6151379
hot 243693 warm 0 cold 6151335
hot 243689 warm 0 cold 6151291
hot 243685 warm 0 cold 6151247
hot 243681 warm 0 cold 6151203
hot 243677 warm 0 cold 6151159
hot 243673 warm 0 cold 6151115
hot 243669 warm 0 cold 6151071
hot 243665 warm 0 cold 6151027
hot 243661 warm 0 cold 6150983
hot 243657 warm 0 cold 6150939
hot 243653 warm 0 cold 6150895
hot 243649 warm 0 cold 6150851
hot 243645 warm 0 cold 6150807
hot 243641 warm 0 cold 6150763
hot 243637 warm 0 cold 6150719
hot 243633 warm 0 cold 6150675
hot 243629 warm 0 cold 6150631
hot 243625 warm 0 cold 6150587
hot 243621 warm 0 cold 6150543
hot 243617 warm 0 cold 6150499
hot 243613 warm 0 cold 6150474
hot 243609 warm 0 cold 6150474
hot 910897 warm 0 cold 6151315
hot 910893 warm 0 cold 6151271
hot 910889 warm 0 cold 6151619
hot 910886 warm 0 cold 6151983
hot 910882 warm 0 cold 6152350
hot 910878 warm 0 cold 6152324
hot 910874 warm 0 cold 6152740
hot 910870 warm 0 cold 6152873
hot 910866 warm 0 cold 6153200
hot 910862 warm 0 cold 6153157
hot 910860 warm 0 cold 6153431
hot 910856 warm 0 cold 6153686
hot 910853 warm 0 cold 6153927
hot 910849 warm 0 cold 6154223
hot 910847 warm 0 cold 6154177
hot 910843 warm 0 cold 6154393
hot 910839 warm 0 cold 6154789
hot 910835 warm 0 cold 6154814
hot 910832 warm 0 cold 6155017
hot 910828 warm 0 cold 6154973
hot 910824 warm 0 cold 6155184
hot 910820 warm 0 cold 6155303
hot 910816 warm 0 cold 6155395
hot 910812 warm 0 cold 6155479
hot 910809 warm 0 cold 6155435
hot 910805 warm 0 cold 6155528
hot 910801 warm 0 cold 6155574
hot 910799 warm 0 cold 6155666
hot 910795 warm 0 cold 6155791
hot 910792 warm 0 cold 6155841
hot 910788 warm 0 cold 6155797
hot 910785 warm 0 cold 6155879
hot 910781 warm 0 cold 6155911
hot 910777 warm 0 cold 6155877
hot 910773 warm 0 cold 6155938
hot 910769 warm 0 cold 6155895
hot 910765 warm 0 cold 6155939
hot 910761 warm 0 cold 6156048
hot 910757 warm 0 cold 6156053
hot 910754 warm 0 cold 6156048
hot 910750 warm 0 cold 6156107
hot 910746 warm 0 cold 6156119
hot 910743 warm 0 cold 6156169
hot 910739 warm 0 cold 6156155
hot 910735 warm 0 cold 6156112
hot 910732 warm 0 cold 6156068
hot 910728 warm 0 cold 6156036
hot 910724 warm 0 cold 6156037
hot 910720 warm 0 cold 6156167
hot 910716 warm 0 cold 6156170
hot 910712 warm 0 cold 6156127
hot 910708 warm 0 cold 6156089
hot 910704 warm 0 cold 6156052
hot 910701 warm 0 cold 6156010
hot 910697 warm 0 cold 6155996
hot 910694 warm 0 cold 6155972
hot 910690 warm 0 cold 6155953
hot 910686 warm 0 cold 6155910
hot 910682 warm 0 cold 6155867
hot 910678 warm 0 cold 6155884
hot 910674 warm 0 cold 6155863
hot 910670 warm 0 cold 6155849
hot 910666 warm 0 cold 6155854
hot 910662 warm 0 cold 6155811
hot 910658 warm 0 cold 6155784
hot 910654 warm 0 cold 6155741
hot 910650 warm 0 cold 6155726
hot 910646 warm 0 cold 6155717
hot 910642 warm 0 cold 6155674
hot 910638 warm 0 cold 6155631
hot 910634 warm 0 cold 6155612
hot 910630 warm 0 cold 6155569
hot 910627 warm 0 cold 6155551
hot 910624 warm 0 cold 6155538
hot 910620 warm 0 cold 6155495
hot 910616 warm 0 cold 6155472
hot 910613 warm 0 cold 6155445
hot 910609 warm 0 cold 6155413
hot 910606 warm 0 cold 6155401
hot 910602 warm 0 cold 6155541
hot 910598 warm 0 cold 6155498
hot 910594 warm 0 cold 6155455
hot 910591 warm 0 cold 6155453
hot 910587 warm 0 cold 6155422
hot 910584 warm 0 cold 6155379
hot 910580 warm 0 cold 6155337
hot 910576 warm 0 cold 6155294
hot 910573 warm 0 cold 6155250
hot 910569 warm 0 cold 6155207
hot 910565 warm 0 cold 6155164
hot 910562 warm 0 cold 6155120
hot 910559 warm 0 cold 6155076
hot 910556 warm 0 cold 6155032
hot 910552 warm 0 cold 6154989
hot 910548 warm 0 cold 6154946
hot 910544 warm 0 cold 6154903
hot 910540 warm 0 cold 6154860
hot 910536 warm 0 cold 6154817
hot 910532 warm 0 cold 6154774
hot 910528 warm 0 cold 6154731
hot 910524 warm 0 cold 6154688
hot 910520 warm 0 cold 6154645
hot 910516 warm 0 cold 6154614
hot 910512 warm 0 cold 6154571
hot 910508 warm 0 cold 6154528
hot 910504 warm 0 cold 6154485
hot 910500 warm 0 cold 6154442
hot 910496 warm 0 cold 6154399
hot 910492 warm 0 cold 6154356
hot 910488 warm 0 cold 6154313
hot 910484 warm 0 cold 6154270
hot 910481 warm 0 cold 6154411
hot 910477 warm 0 cold 6154368
hot 910473 warm 0 cold 6154325
hot 910469 warm 0 cold 6154282
hot 910465 warm 0 cold 6154246
hot 910461 warm 0 cold 6154203
hot 910457 warm 0 cold 6154160
hot 910453 warm 0 cold 6154117
hot 910449 warm 0 cold 6154074
hot 910445 warm 0 cold 6154031
hot 910441 warm 0 cold 6153988
hot 910438 warm 0 cold 6153945
hot 910434 warm 0 cold 6153902
hot 910430 warm 0 cold 6153859
hot 910427 warm 0 cold 6153816
hot 910423 warm 0 cold 6153773
hot 910420 warm 0 cold 6153730
hot 910416 warm 0 cold 6153687
hot 910412 warm 0 cold 6153644
hot 910408 warm 0 cold 6153601
hot 910404 warm 0 cold 6153558
hot 910400 warm 0 cold 6153515
hot 910396 warm 0 cold 6153472
hot 910392 warm 0 cold 6153429
hot 910388 warm 0 cold 6153386
hot 910384 warm 0 cold 6153343
hot 910380 warm 0 cold 6153300
hot 910376 warm 0 cold 6153257
hot 910372 warm 0 cold 6153213
hot 910368 warm 0 cold 6153170
hot 910365 warm 0 cold 6153125
hot 910362 warm 0 cold 6153081
hot 910358 warm 0 cold 6153047
hot 910354 warm 0 cold 6153004
hot 910351 warm 0 cold 6152961
hot 910347 warm 0 cold 6152918
hot 910343 warm 0 cold 6152875
hot 910339 warm 0 cold 6152832
hot 910335 warm 0 cold 6152789
hot 910331 warm 0 cold 6152746
hot 910327 warm 0 cold 6152703
hot 910323 warm 0 cold 6152665
hot 910319 warm 0 cold 6152622
hot 910315 warm 0 cold 6152579
hot 910311 warm 0 cold 6152536
hot 910307 warm 0 cold 6152494
hot 910303 warm 0 cold 6152451
hot 910300 warm 0 cold 6152408
hot 910296 warm 0 cold 6152365
hot 910292 warm 0 cold 6152322
hot 910288 warm 0 cold 6152279
hot 910284 warm 0 cold 6152236
hot 910280 warm 0 cold 6152193
hot 910276 warm 0 cold 6152150
hot 910272 warm 0 cold 6152107
hot 910268 warm 0 cold 6152064
hot 910264 warm 0 cold 6152021
hot 910260 warm 0 cold 6151989
hot 910256 warm 0 cold 6151946
hot 910252 warm 0 cold 6151903
hot 910248 warm 0 cold 6151860
hot 910244 warm 0 cold 6151817
hot 910240 warm 0 cold 6151774
hot 910236 warm 0 cold 6151731
hot 910232 warm 0 cold 6151712
hot 910228 warm 0 cold 6151669
hot 910224 warm 0 cold 6151626
hot 910220 warm 0 cold 6151583
hot 910216 warm 0 cold 6151540
hot 910212 warm 0 cold 6151497
hot 910208 warm 0 cold 6151454
hot 910204 warm 0 cold 6151411
hot 910200 warm 0 cold 6151368
hot 910196 warm 0 cold 6151325
hot 910192 warm 0 cold 6151282
hot 910188 warm 0 cold 6151239
hot 910184 warm 0 cold 6151196
hot 910181 warm 0 cold 6151153
hot 910177 warm 0 cold 6151110
hot 910173 warm 0 cold 6151067
hot 910169 warm 0 cold 6151024
hot 910165 warm 0 cold 6150981
hot 910162 warm 0 cold 6150938
hot 910158 warm 0 cold 6150895
hot 910155 warm 0 cold 6150852
hot 910151 warm 0 cold 6150809
hot 910148 warm 0 cold 6150765
hot 910144 warm 0 cold 6150722
hot 910140 warm 0 cold 6150679
hot 910136 warm 0 cold 6150636
hot 910132 warm 0 cold 6150593
hot 910128 warm 0 cold 6150550
hot 910124 warm 0 cold 6150507
hot 910120 warm 0 cold 6150474
hot 910116 warm 0 cold 6150474
hot 910112 warm 0 cold 6150474
hot 910108 warm 0 cold 6150474
hot 910104 warm 0 cold 6150474
hot 910100 warm 0 cold 6150474
hot 910096 warm 0 cold 6150474
hot 910092 warm 0 cold 6150474
hot 910088 warm 0 cold 6150474
hot 910084 warm 0 cold 6150474
hot 910080 warm 0 cold 6150474
hot 910076 warm 0 cold 6150474
hot 910072 warm 0 cold 6150474
hot 910068 warm 0 cold 6150474
hot 910064 warm 0 cold 6150474
hot 910060 warm 0 cold 6150474
hot 910057 warm 0 cold 6150474
hot 910053 warm 0 cold 6150474
hot 910049 warm 0 cold 6150474
hot 910045 warm 0 cold 6150474
hot 910041 warm 0 cold 6150474
hot 910037 warm 0 cold 6150474
hot 910033 warm 0 cold 6150474
hot 910029 warm 0 cold 6150474
hot 910025 warm 0 cold 6150474
hot 910021 warm 0 cold 6150474
hot 910017 warm 0 cold 6150474
hot 910013 warm 0 cold 6150474
hot 910009 warm 0 cold 6150474
hot 910005 warm 0 cold 6150474
hot 910001 warm 0 cold 6150474
hot 909997 warm 0 cold 6150474
hot 909993 warm 0 cold 6150474
hot 909989 warm 0 cold 6150474
hot 909985 warm 0 cold 6150474
hot 909981 warm 0 cold 6150474
hot 909977 warm 0 cold 6150474
hot 909973 warm 0 cold 6150474
hot 909969 warm 0 cold 6150474
hot 909965 warm 0 cold 6150474
hot 909961 warm 0 cold 6150474
hot 909957 warm 0 cold 6150474
hot 909953 warm 0 cold 6150474
hot 909949 warm 0 cold 6150474
hot 909945 warm 0 cold 6150474
hot 909941 warm 0 cold 6150474
hot 909937 warm 0 cold 6150474
hot 909933 warm 0 cold 6150474
hot 909929 warm 0 cold 6150474
hot 909925 warm 0 cold 6150474
hot 909921 warm 0 cold 6150474
hot 909917 warm 0 cold 6150474
hot 909913 warm 0 cold 6150474
hot 909909 warm 0 cold 6150474
hot 909905 warm 0 cold 6150474
hot 909901 warm 0 cold 6150474
hot 909897 warm 0 cold 6150474
hot 909893 warm 0 cold 6150474
hot 909889 warm 0 cold 6150474
hot 909885 warm 0 cold 6150474
hot 909881 warm 0 cold 6150474
hot 909877 warm 0 cold 6150474
hot 909873 warm 0 cold 6150474
hot 909869 warm 0 cold 6150474
hot 909865 warm 0 cold 6150474
hot 909861 warm 0 cold 6150474
hot 909857 warm 0 cold 6150474
hot 909853 warm 0 cold 6150474
hot 909849 warm 0 cold 6150474
hot 909845 warm 0 cold 6150474
hot 909841 warm 0 cold 6150474
hot 909837 warm 0 cold 6150474
hot 909834 warm 0 cold 6150474
hot 909830 warm 0 cold 6150474
hot 909826 warm 0 cold 6150474
hot 909822 warm 0 cold 6150476
hot 909818 warm 0 cold 6150474
hot 909814 warm 0 cold 6150474
hot 909810 warm 0 cold 6150474
hot 909806 warm 0 cold 6150474
hot 909802 warm 0 cold 6150474
hot 909798 warm 0 cold 6150474
hot 909794 warm 0 cold 6150474
hot 909790 warm 0 cold 6150474
hot 909786 warm 0 cold 6150474
hot 909782 warm 0 cold 6150474
hot 909778 warm 0 cold 6150474
hot 909774 warm 0 cold 6150474
hot 909770 warm 0 cold 6150474
hot 909766 warm 0 cold 6150474
hot 909762 warm 0 cold 6150474
hot 909758 warm 0 cold 6150474
hot 909754 warm 0 cold 6150474
hot 909750 warm 0 cold 6150474
hot 909746 warm 0 cold 6150474
hot 909742 warm 0 cold 6150474
hot 909738 warm 0 cold 6150474
hot 909734 warm 0 cold 6150474
hot 909730 warm 0 cold 6150474
hot 909726 warm 0 cold 6150474
hot 909722 warm 0 cold 6150474
hot 909718 warm 0 cold 6150474
hot 909714 warm 0 cold 6150474
hot 909710 warm 0 cold 6150474
hot 909706 warm 0 cold 6150474
hot 909702 warm 0 cold 6150474
hot 909698 warm 0 cold 6150474
hot 909694 warm 0 cold 6150474
hot 909690 warm 0 cold 6150474
hot 909686 warm 0 cold 6150474
hot 909682 warm 0 cold 6150474
hot 909678 warm 0 cold 6150474
hot 909674 warm 0 cold 6150474
hot 909670 warm 0 cold 6150474
hot 909666 warm 0 cold 6150474
hot 909663 warm 0 cold 6150474
hot 909659 warm 0 cold 6150474
hot 909655 warm 0 cold 6150474
hot 909651 warm 0 cold 6150474
hot 909647 warm 0 cold 6150474
hot 909643 warm 0 cold 6150474
hot 909639 warm 0 cold 6150474
hot 909635 warm 0 cold 6150474
hot 909631 warm 0 cold 6150474
hot 909627 warm 0 cold 6150474
hot 909623 warm 0 cold 6150474
hot 909619 warm 0 cold 6150474
hot 909615 warm 0 cold 6150474
hot 909611 warm 0 cold 6150474
hot 909607 warm 0 cold 6150474
hot 909603 warm 0 cold 6150474
hot 909599 warm 0 cold 6150474
hot 909595 warm 0 cold 6150474
hot 909591 warm 0 cold 6150474
hot 909587 warm 0 cold 6150474
hot 909583 warm 0 cold 6150474
hot 909579 warm 0 cold 6150474
hot 909575 warm 0 cold 6150474
hot 909571 warm 0 cold 6150474
hot 909567 warm 0 cold 6150474
hot 909563 warm 0 cold 6150474
hot 909559 warm 0 cold 6150474
hot 909555 warm 0 cold 6150474
hot 909551 warm 0 cold 6150474
hot 909547 warm 0 cold 6150474
hot 909543 warm 0 cold 6150474
hot 909539 warm 0 cold 6150474
hot 909535 warm 0 cold 6150474
hot 909531 warm 0 cold 6150474
hot 909527 warm 0 cold 6150474
hot 909523 warm 0 cold 6150474
hot 909519 warm 0 cold 6150474
hot 909515 warm 0 cold 6150474
hot 909511 warm 0 cold 6150474
hot 909507 warm 0 cold 6150474
hot 909503 warm 0 cold 6150474
hot 909499 warm 0 cold 6150474
hot 909495 warm 0 cold 6150474
hot 909491 warm 0 cold 6150474
hot 909487 warm 0 cold 6150474
hot 909483 warm 0 cold 6150474
hot 909479 warm 0 cold 6150474
hot 909475 warm 0 cold 6150474
hot 909471 warm 0 cold 6150474
hot 909467 warm 0 cold 6150474
hot 909463 warm 0 cold 6150474
hot 909459 warm 0 cold 6150474
hot 909455 warm 0 cold 6150474
hot 909451 warm 0 cold 6150474
hot 909447 warm 0 cold 6150474
hot 909443 warm 0 cold 6150474
