anon 839680
anon_thp 0
anon 198549504
anon_thp 169869312
anon 655982592
anon_thp 627048448
anon 655978496
anon_thp 627048448
anon 655978496
anon_thp 627048448
anon 2545274880
anon_thp 2514485248
anon 5013618688
anon_thp 4982833152
anon 6431293440
anon_thp 6358564864
anon 7796543488
anon_thp 7723810816
anon 9165983744
anon_thp 9093251072
anon 10533322752
anon_thp 10460594176
anon 11894374400
anon_thp 11821645824
anon 13257523200
anon_thp 13184794624
anon 14622773248
anon_thp 14550040576
anon 14916796416
anon_thp 14843641856
anon 14916796416
anon_thp 14843641856
anon 14916796416
anon_thp 14843641856
anon 14916800512
anon_thp 14843641856
anon 14916796416
anon_thp 14843641856
anon 14916796416
anon_thp 14843641856
anon 14916796416
anon_thp 14843641856
anon 14916796416
anon_thp 14843641856
anon 14916800512
anon_thp 14843641856
anon 14916800512
anon_thp 14843641856
anon 14916796416
anon_thp 14843641856
anon 14916800512
anon_thp 14843641856
anon 14916796416
anon_thp 14843641856
anon 14916792320
anon_thp 14843641856
anon 14916796416
anon_thp 14843641856
anon 14916796416
anon_thp 14843641856
anon 14916796416
anon_thp 14843641856
anon 14916800512
anon_thp 14843641856
anon 14916796416
anon_thp 14843641856
anon 14916796416
anon_thp 14843641856
anon 14916800512
anon_thp 14843641856
anon 14916800512
anon_thp 14843641856
anon 14916796416
anon_thp 14843641856
anon 14916796416
anon_thp 14843641856
anon 14916796416
anon_thp 14843641856
anon 14916800512
anon_thp 14843641856
anon 14916796416
anon_thp 14843641856
anon 14916800512
anon_thp 14843641856
anon 14916796416
anon_thp 14843641856
anon 14916796416
anon_thp 14843641856
anon 14916800512
anon_thp 14843641856
anon 14916796416
anon_thp 14843641856
anon 14916800512
anon_thp 14843641856
anon 14916800512
anon_thp 14843641856
anon 14916792320
anon_thp 14843641856
anon 14916796416
anon_thp 14843641856
anon 14916796416
anon_thp 14843641856
anon 14916800512
anon_thp 14843641856
anon 14916800512
anon_thp 14843641856
anon 14916796416
anon_thp 14843641856
anon 14916796416
anon_thp 14843641856
anon 14916800512
anon_thp 14843641856
anon 14916800512
anon_thp 14843641856
anon 14916800512
anon_thp 14843641856
anon 14916796416
anon_thp 14843641856
anon 14916800512
anon_thp 14843641856
anon 14916792320
anon_thp 14843641856
anon 14916796416
anon_thp 14843641856
anon 14916796416
anon_thp 14843641856
anon 14916800512
anon_thp 14843641856
anon 14916796416
anon_thp 14843641856
anon 14916796416
anon_thp 14843641856
anon 14916800512
anon_thp 14843641856
anon 14916796416
anon_thp 14843641856
anon 14916796416
anon_thp 14843641856
anon 14916796416
anon_thp 14843641856
anon 14916796416
anon_thp 14843641856
anon 14916800512
anon_thp 14843641856
anon 14916800512
anon_thp 14843641856
anon 14916796416
anon_thp 14843641856
anon 14916800512
anon_thp 14843641856
anon 14916800512
anon_thp 14843641856
anon 14916800512
anon_thp 14843641856
anon 14916792320
anon_thp 14843641856
anon 14916796416
anon_thp 14843641856
anon 14916796416
anon_thp 14843641856
anon 14916796416
anon_thp 14843641856
anon 14916796416
anon_thp 14843641856
anon 14916800512
anon_thp 14843641856
anon 14916796416
anon_thp 14843641856
anon 14916800512
anon_thp 14843641856
anon 14916796416
anon_thp 14843641856
anon 14918549504
anon_thp 14843641856
anon 14956150784
anon_thp 14843641856
anon 14956208128
anon_thp 14843641856
anon 14956208128
anon_thp 14843641856
anon 14956204032
anon_thp 14843641856
anon 14956212224
anon_thp 14843641856
anon 14956208128
anon_thp 14843641856
anon 14956212224
anon_thp 14843641856
anon 14956208128
anon_thp 14843641856
anon 14956208128
anon_thp 14843641856
anon 14956212224
anon_thp 14843641856
anon 14956208128
anon_thp 14843641856
anon 14956204032
anon_thp 14843641856
anon 14956208128
anon_thp 14843641856
anon 14956212224
anon_thp 14843641856
anon 14956212224
anon_thp 14843641856
anon 14956208128
anon_thp 14843641856
anon 14956212224
anon_thp 14843641856
anon 14956208128
anon_thp 14843641856
anon 14956212224
anon_thp 14843641856
anon 14956204032
anon_thp 14843641856
anon 14956208128
anon_thp 14843641856
anon 14956212224
anon_thp 14843641856
anon 14956208128
anon_thp 14843641856
anon 14956212224
anon_thp 14843641856
anon 14956212224
anon_thp 14843641856
anon 14956208128
anon_thp 14843641856
anon 14956212224
anon_thp 14843641856
anon 14956208128
anon_thp 14843641856
anon 14956208128
anon_thp 14843641856
anon 14956208128
anon_thp 14843641856
anon 14956212224
anon_thp 14843641856
anon 14956212224
anon_thp 14843641856
anon 14956204032
anon_thp 14843641856
anon 14956208128
anon_thp 14843641856
anon 14956208128
anon_thp 14843641856
anon 14956208128
anon_thp 14843641856
anon 14956208128
anon_thp 14843641856
anon 14956212224
anon_thp 14843641856
anon 14956212224
anon_thp 14843641856
anon 14956212224
anon_thp 14843641856
anon 14956208128
anon_thp 14843641856
anon 14956212224
anon_thp 14843641856
anon 14956208128
anon_thp 14843641856
anon 14956204032
anon_thp 14843641856
anon 14956236800
anon_thp 14843641856
anon 14956277760
anon_thp 14843641856
anon 14956273664
anon_thp 14843641856
anon 14956273664
anon_thp 14843641856
anon 14956273664
anon_thp 14843641856
anon 14956285952
anon_thp 14843641856
anon 14956326912
anon_thp 14843641856
anon 14954229760
anon_thp 14841544704
anon 14956322816
anon_thp 14843641856
anon 14956322816
anon_thp 14843641856
anon 14956318720
anon_thp 14843641856
anon 14956326912
anon_thp 14843641856
anon 14956322816
anon_thp 14843641856
anon 14956326912
anon_thp 14843641856
anon 14956326912
anon_thp 14843641856
anon 14956322816
anon_thp 14843641856
anon 14956322816
anon_thp 14843641856
anon 14956322816
anon_thp 14843641856
anon 14956326912
anon_thp 14843641856
anon 14956322816
anon_thp 14843641856
anon 14956326912
anon_thp 14843641856
anon 14956322816
anon_thp 14843641856
anon 14956326912
anon_thp 14843641856
anon 14956355584
anon_thp 14843641856
anon 14956359680
anon_thp 14843641856
anon 14956355584
anon_thp 14843641856
anon 14956355584
anon_thp 14843641856
anon 14956355584
anon_thp 14843641856
anon 14956359680
anon_thp 14843641856
anon 14956355584
anon_thp 14843641856
anon 14956355584
anon_thp 14843641856
anon 14956355584
anon_thp 14843641856
anon 14956351488
anon_thp 14843641856
anon 14956355584
anon_thp 14843641856
anon 14956359680
anon_thp 14843641856
anon 14956359680
anon_thp 14843641856
anon 14956351488
anon_thp 14843641856
anon 14956359680
anon_thp 14843641856
anon 14956359680
anon_thp 14843641856
anon 14956359680
anon_thp 14843641856
anon 14956355584
anon_thp 14843641856
anon 14956355584
anon_thp 14843641856
anon 14956359680
anon_thp 14843641856
anon 14956359680
anon_thp 14843641856
anon 14956359680
anon_thp 14843641856
anon 14956359680
anon_thp 14843641856
anon 14956351488
anon_thp 14843641856
anon 14956351488
anon_thp 14843641856
anon 14956351488
anon_thp 14843641856
anon 14956359680
anon_thp 14843641856
anon 14956351488
anon_thp 14843641856
anon 14956359680
anon_thp 14843641856
anon 14956355584
anon_thp 14843641856
anon 14956351488
anon_thp 14843641856
anon 14956355584
anon_thp 14843641856
anon 14956355584
anon_thp 14843641856
anon 14956351488
anon_thp 14843641856
anon 14956351488
anon_thp 14843641856
anon 14956359680
anon_thp 14843641856
anon 14956359680
anon_thp 14843641856
anon 14956355584
anon_thp 14843641856
anon 14956351488
anon_thp 14843641856
anon 14956355584
anon_thp 14843641856
anon 14956355584
anon_thp 14843641856
anon 14956359680
anon_thp 14843641856
anon 14956355584
anon_thp 14843641856
anon 14956355584
anon_thp 14843641856
anon 14956359680
anon_thp 14843641856
anon 14956355584
anon_thp 14843641856
anon 14956351488
anon_thp 14843641856
anon 14956351488
anon_thp 14843641856
anon 14956351488
anon_thp 14843641856
anon 14956355584
anon_thp 14843641856
anon 14956355584
anon_thp 14843641856
anon 14956359680
anon_thp 14843641856
anon 14956355584
anon_thp 14843641856
anon 14956355584
anon_thp 14843641856
anon 14956359680
anon_thp 14843641856
anon 14956359680
anon_thp 14843641856
anon 14956359680
anon_thp 14843641856
anon 14956355584
anon_thp 14843641856
anon 14956355584
anon_thp 14843641856
anon 14956351488
anon_thp 14843641856
anon 14956355584
anon_thp 14843641856
anon 14956355584
anon_thp 14843641856
anon 14956355584
anon_thp 14843641856
anon 14956355584
anon_thp 14843641856
anon 14956355584
anon_thp 14843641856
anon 14956355584
anon_thp 14843641856
anon 14956355584
anon_thp 14843641856
anon 14956355584
anon_thp 14843641856
anon 14956359680
anon_thp 14843641856
anon 14956355584
anon_thp 14843641856
anon 14956355584
anon_thp 14843641856
anon 14956355584
anon_thp 14843641856
anon 14956359680
anon_thp 14843641856
anon 14956355584
anon_thp 14843641856
anon 14956355584
anon_thp 14843641856
anon 14956359680
anon_thp 14843641856
anon 14956359680
anon_thp 14843641856
anon 14956359680
anon_thp 14843641856
anon 14956355584
anon_thp 14843641856
anon 14956355584
anon_thp 14843641856
anon 14956355584
anon_thp 14843641856
anon 14956351488
anon_thp 14843641856
anon 14956355584
anon_thp 14843641856
anon 14956355584
anon_thp 14843641856
anon 14956355584
anon_thp 14843641856
anon 14956355584
anon_thp 14843641856
anon 14956359680
anon_thp 14843641856
anon 14956355584
anon_thp 14843641856
anon 14956355584
anon_thp 14843641856
anon 14956359680
anon_thp 14843641856
anon 14956355584
anon_thp 14843641856
anon 14956359680
anon_thp 14843641856
anon 14956351488
anon_thp 14843641856
anon 14956355584
anon_thp 14843641856
anon 14956355584
anon_thp 14843641856
anon 14956355584
anon_thp 14843641856
anon 14956351488
anon_thp 14843641856
anon 14956359680
anon_thp 14843641856
anon 14956355584
anon_thp 14843641856
anon 14956355584
anon_thp 14843641856
anon 14956355584
anon_thp 14843641856
anon 14956355584
anon_thp 14843641856
anon 14956351488
anon_thp 14843641856
anon 14956359680
anon_thp 14843641856
anon 14956359680
anon_thp 14843641856
anon 14956355584
anon_thp 14843641856
anon 14956355584
anon_thp 14843641856
anon 14956355584
anon_thp 14843641856
anon 14956359680
anon_thp 14843641856
anon 14956359680
anon_thp 14843641856
anon 14956355584
anon_thp 14843641856
anon 14956359680
anon_thp 14843641856
anon 14956355584
anon_thp 14843641856
anon 14956355584
anon_thp 14843641856
anon 14956351488
anon_thp 14843641856
anon 14956359680
anon_thp 14843641856
anon 14956355584
anon_thp 14843641856
anon 14956355584
anon_thp 14843641856
anon 14956355584
anon_thp 14843641856
anon 14956355584
anon_thp 14843641856
anon 14956355584
anon_thp 14843641856
anon 14956355584
anon_thp 14843641856
anon 14956355584
anon_thp 14843641856
anon 14956359680
anon_thp 14843641856
anon 14956351488
anon_thp 14843641856
anon 14956351488
anon_thp 14843641856
anon 14956355584
anon_thp 14843641856
anon 14956355584
anon_thp 14843641856
anon 14956359680
anon_thp 14843641856
anon 14956359680
anon_thp 14843641856
anon 14956355584
anon_thp 14843641856
anon 14956355584
anon_thp 14843641856
anon 14956355584
anon_thp 14843641856
anon 14956351488
anon_thp 14843641856
anon 14956355584
anon_thp 14843641856
anon 14956355584
anon_thp 14843641856
anon 14956355584
anon_thp 14843641856
anon 14956359680
anon_thp 14843641856
anon 14956359680
anon_thp 14843641856
anon 14956355584
anon_thp 14843641856
anon 14956351488
anon_thp 14843641856
anon 14956355584
anon_thp 14843641856
anon 14956355584
anon_thp 14843641856
anon 14956392448
anon_thp 14843641856
anon 14956392448
anon_thp 14843641856
anon 14956388352
anon_thp 14843641856
anon 14956392448
anon_thp 14843641856
anon 14956388352
anon_thp 14843641856
anon 14956392448
anon_thp 14843641856
anon 14956384256
anon_thp 14843641856
anon 14956388352
anon_thp 14843641856
anon 14956392448
anon_thp 14843641856
anon 14956384256
anon_thp 14843641856
anon 14956388352
anon_thp 14843641856
anon 14956392448
anon_thp 14843641856
anon 14956388352
anon_thp 14843641856
anon 14956421120
anon_thp 14843641856
anon 14956417024
anon_thp 14843641856
anon 14956425216
anon_thp 14843641856
anon 14956421120
anon_thp 14843641856
anon 14956421120
anon_thp 14843641856
anon 14956421120
anon_thp 14843641856
anon 14956425216
anon_thp 14843641856
anon 14956425216
anon_thp 14843641856
anon 14956421120
anon_thp 14843641856
anon 14956421120
anon_thp 14843641856
anon 14956425216
anon_thp 14843641856
anon 14956425216
anon_thp 14843641856
anon 14956425216
anon_thp 14843641856
anon 14956425216
anon_thp 14843641856
anon 14956421120
anon_thp 14843641856
anon 14956421120
anon_thp 14843641856
anon 14956417024
anon_thp 14843641856
anon 14956421120
anon_thp 14843641856
anon 14956425216
anon_thp 14843641856
anon 14956425216
anon_thp 14843641856
anon 14956425216
anon_thp 14843641856
anon 14956421120
anon_thp 14843641856
anon 14956421120
anon_thp 14843641856
anon 14956421120
anon_thp 14843641856
anon 14956425216
anon_thp 14843641856
anon 14956425216
anon_thp 14843641856
anon 14956421120
anon_thp 14843641856
anon 14956417024
anon_thp 14843641856
anon 14956421120
anon_thp 14843641856
anon 14956417024
anon_thp 14843641856
anon 14956457984
anon_thp 14843641856
anon 14956449792
anon_thp 14843641856
anon 14956449792
anon_thp 14843641856
anon 14956457984
anon_thp 14843641856
anon 14956449792
anon_thp 14843641856
anon 14956453888
anon_thp 14843641856
anon 14956453888
anon_thp 14843641856
anon 14956449792
anon_thp 14843641856
anon 14956457984
anon_thp 14843641856
anon 14956453888
anon_thp 14843641856
anon 14956482560
anon_thp 14843641856
anon 14956486656
anon_thp 14843641856
anon 14956486656
anon_thp 14843641856
anon 14956490752
anon_thp 14843641856
anon 14956482560
anon_thp 14843641856
anon 14956486656
anon_thp 14843641856
anon 14956486656
anon_thp 14843641856
anon 14956490752
anon_thp 14843641856
anon 14956482560
anon_thp 14843641856
anon 14956482560
anon_thp 14843641856
anon 14956486656
anon_thp 14843641856
anon 14956486656
anon_thp 14843641856
anon 14956523520
anon_thp 14843641856
anon 14956523520
anon_thp 14843641856
anon 14956519424
anon_thp 14843641856
anon 14956523520
anon_thp 14843641856
anon 14956523520
anon_thp 14843641856
anon 14956523520
anon_thp 14843641856
anon 14956523520
anon_thp 14843641856
anon 14956523520
anon_thp 14843641856
anon 14956519424
anon_thp 14843641856
anon 14956523520
anon_thp 14843641856
anon 14956519424
anon_thp 14843641856
anon 14956515328
anon_thp 14843641856
anon 14956519424
anon_thp 14843641856
anon 14956519424
anon_thp 14843641856
anon 14956519424
anon_thp 14843641856
anon 14956519424
anon_thp 14843641856
anon 14956523520
anon_thp 14843641856
anon 14956523520
anon_thp 14843641856
anon 14956519424
anon_thp 14843641856
anon 14956519424
anon_thp 14843641856
anon 14956523520
anon_thp 14843641856
anon 14956519424
anon_thp 14843641856
anon 14956519424
anon_thp 14843641856
anon 14956519424
anon_thp 14843641856
anon 14956523520
anon_thp 14843641856
anon 14956519424
anon_thp 14843641856
anon 14956515328
anon_thp 14843641856
anon 14956519424
anon_thp 14843641856
anon 14956519424
anon_thp 14843641856
anon 14956523520
anon_thp 14843641856
anon 14956523520
anon_thp 14843641856
anon 14956523520
anon_thp 14843641856
anon 14956519424
anon_thp 14843641856
anon 14956519424
anon_thp 14843641856
anon 14956519424
anon_thp 14843641856
anon 14956523520
anon_thp 14843641856
anon 14956519424
anon_thp 14843641856
anon 14956523520
anon_thp 14843641856
anon 14956515328
anon_thp 14843641856
anon 14956519424
anon_thp 14843641856
anon 14956519424
anon_thp 14843641856
anon 14956519424
anon_thp 14843641856
anon 14956519424
anon_thp 14843641856
anon 14956523520
anon_thp 14843641856
anon 14956523520
anon_thp 14843641856
anon 14956519424
anon_thp 14843641856
anon 14956519424
anon_thp 14843641856
anon 14956515328
anon_thp 14843641856
anon 14956523520
anon_thp 14843641856
anon 14956515328
anon_thp 14843641856
anon 14956523520
anon_thp 14843641856
anon 14956519424
anon_thp 14843641856
anon 14956519424
anon_thp 14843641856
anon 14956515328
anon_thp 14843641856
anon 14956523520
anon_thp 14843641856
anon 14956515328
anon_thp 14843641856
anon 14956523520
anon_thp 14843641856
anon 14956519424
anon_thp 14843641856
anon 14956519424
anon_thp 14843641856
anon 14956515328
anon_thp 14843641856
anon 14956519424
anon_thp 14843641856
anon 14956519424
anon_thp 14843641856
anon 14956519424
anon_thp 14843641856
anon 14956519424
anon_thp 14843641856
anon 14956519424
anon_thp 14843641856
anon 14956519424
anon_thp 14843641856
anon 14956523520
anon_thp 14843641856
anon 14956519424
anon_thp 14843641856
anon 14956519424
anon_thp 14843641856
anon 14956523520
anon_thp 14843641856
anon 14956523520
anon_thp 14843641856
anon 14956523520
anon_thp 14843641856
anon 14956515328
anon_thp 14843641856
anon 14956519424
anon_thp 14843641856
anon 14956515328
anon_thp 14843641856
anon 14956523520
anon_thp 14843641856
anon 14956519424
anon_thp 14843641856
anon 14956519424
anon_thp 14843641856
anon 14956523520
anon_thp 14843641856
anon 14956515328
anon_thp 14843641856
anon 14956519424
anon_thp 14843641856
anon 14956515328
anon_thp 14843641856
anon 14956523520
anon_thp 14843641856
anon 14956519424
anon_thp 14843641856
anon 14956523520
anon_thp 14843641856
anon 14956515328
anon_thp 14843641856
anon 14956519424
anon_thp 14843641856
anon 14956523520
anon_thp 14843641856
anon 14956523520
anon_thp 14843641856
anon 14956515328
anon_thp 14843641856
anon 14956523520
anon_thp 14843641856
anon 14956515328
anon_thp 14843641856
anon 14956515328
anon_thp 14843641856
anon 14956523520
anon_thp 14843641856
anon 14956523520
anon_thp 14843641856
anon 14956519424
anon_thp 14843641856
anon 14956523520
anon_thp 14843641856
anon 14956519424
anon_thp 14843641856
anon 14956515328
anon_thp 14843641856
anon 14956519424
anon_thp 14843641856
anon 14956519424
anon_thp 14843641856
anon 14956519424
anon_thp 14843641856
anon 14956523520
anon_thp 14843641856
anon 14956523520
anon_thp 14843641856
