pgmigrate_success 98747095
pgmigrate_fail 321067
thp_migration_success 166120
thp_migration_fail 42
thp_migration_split 0
thp_fault_alloc 341122
thp_fault_fallback 0
thp_fault_fallback_charge 0
thp_collapse_alloc 44518
thp_collapse_alloc_failed 19930
thp_file_alloc 360
thp_file_fallback 0
thp_file_fallback_charge 0
thp_file_mapped 0
thp_split_page 7391
thp_split_page_failed 794
thp_deferred_split_page 42331
thp_split_pmd 117324
thp_split_pud 0
thp_zero_page_alloc 0
thp_zero_page_alloc_failed 0
thp_swpout 0
thp_swpout_fallback 0
htmm_nr_promoted 78698708
htmm_nr_demoted 17961649
htmm_nr_sampled 0
htmm_missed_dramread 5699
htmm_missed_nvmread 0
htmm_missed_write 0
htmm_alloc_dram 295002371
htmm_alloc_nvm 0
