hot 0 warm 0 cold 0
hot 448 warm 0 cold 0
hot 448 warm 0 cold 0
hot 448 warm 0 cold 0
hot 448 warm 0 cold 0
hot 449 warm 0 cold 0
hot 449 warm 0 cold 0
hot 449 warm 0 cold 0
hot 449 warm 0 cold 0
hot 449 warm 0 cold 0
hot 449 warm 0 cold 0
hot 449 warm 0 cold 0
hot 449 warm 0 cold 0
hot 449 warm 0 cold 0
hot 449 warm 0 cold 0
hot 449 warm 0 cold 0
hot 449 warm 0 cold 0
hot 449 warm 0 cold 0
hot 449 warm 0 cold 0
hot 449 warm 0 cold 0
hot 449 warm 0 cold 0
hot 449 warm 0 cold 0
hot 449 warm 0 cold 0
hot 449 warm 0 cold 0
hot 449 warm 0 cold 0
hot 449 warm 0 cold 0
hot 449 warm 0 cold 0
hot 449 warm 0 cold 0
hot 449 warm 0 cold 0
hot 449 warm 0 cold 0
hot 449 warm 0 cold 0
hot 449 warm 0 cold 0
hot 449 warm 0 cold 0
hot 449 warm 0 cold 0
hot 449 warm 0 cold 0
hot 449 warm 0 cold 0
hot 449 warm 0 cold 0
hot 449 warm 0 cold 0
hot 449 warm 0 cold 0
hot 443 warm 0 cold 513
hot 443 warm 0 cold 513
hot 443 warm 0 cold 513
hot 443 warm 0 cold 513
hot 443 warm 0 cold 513
hot 443 warm 0 cold 513
hot 443 warm 0 cold 513
hot 443 warm 0 cold 513
hot 443 warm 0 cold 513
hot 443 warm 0 cold 513
hot 443 warm 0 cold 513
hot 443 warm 0 cold 513
hot 443 warm 0 cold 513
hot 443 warm 0 cold 513
hot 443 warm 0 cold 513
hot 443 warm 0 cold 513
hot 443 warm 0 cold 513
hot 443 warm 0 cold 513
hot 443 warm 0 cold 513
hot 443 warm 0 cold 513
hot 443 warm 0 cold 513
hot 443 warm 0 cold 513
hot 443 warm 0 cold 513
hot 443 warm 0 cold 513
hot 443 warm 0 cold 513
hot 443 warm 0 cold 513
hot 443 warm 0 cold 513
hot 443 warm 0 cold 513
hot 443 warm 0 cold 513
hot 443 warm 0 cold 513
hot 443 warm 0 cold 513
hot 443 warm 0 cold 513
hot 443 warm 0 cold 513
hot 443 warm 0 cold 513
hot 443 warm 0 cold 513
hot 443 warm 0 cold 513
hot 443 warm 0 cold 513
hot 443 warm 0 cold 513
hot 443 warm 0 cold 513
hot 443 warm 0 cold 513
hot 443 warm 0 cold 513
hot 443 warm 0 cold 513
hot 443 warm 0 cold 513
hot 443 warm 0 cold 513
hot 443 warm 0 cold 513
hot 443 warm 0 cold 513
hot 443 warm 0 cold 513
hot 443 warm 0 cold 513
hot 443 warm 0 cold 513
hot 443 warm 0 cold 513
hot 513 warm 0 cold 490
hot 513 warm 0 cold 0
hot 517 warm 0 cold 0
hot 517 warm 0 cold 0
hot 518 warm 0 cold 0
hot 519 warm 0 cold 0
hot 520 warm 0 cold 0
hot 522 warm 0 cold 0
hot 525 warm 0 cold 0
hot 525 warm 0 cold 0
hot 526 warm 0 cold 0
hot 1256466 warm 0 cold 0
hot 1256466 warm 0 cold 0
hot 1256466 warm 0 cold 0
hot 1256467 warm 0 cold 0
hot 1256467 warm 0 cold 0
hot 1256467 warm 0 cold 0
hot 1256468 warm 0 cold 0
hot 1256469 warm 0 cold 0
hot 1256469 warm 0 cold 0
hot 1256470 warm 0 cold 0
hot 1256470 warm 0 cold 0
hot 1256470 warm 0 cold 0
hot 1256470 warm 0 cold 0
hot 1256472 warm 0 cold 0
hot 1256472 warm 0 cold 0
hot 2517016 warm 0 cold 0
hot 2997272 warm 0 cold 0
hot 3321368 warm 0 cold 0
hot 3321368 warm 0 cold 0
hot 3321368 warm 0 cold 0
hot 3321368 warm 0 cold 0
hot 3443736 warm 0 cold 0
hot 3443736 warm 0 cold 0
hot 3443736 warm 0 cold 0
hot 3443736 warm 0 cold 0
hot 3443737 warm 0 cold 0
hot 3443737 warm 0 cold 0
hot 3533337 warm 0 cold 0
hot 3535385 warm 0 cold 0
hot 3535386 warm 0 cold 0
hot 3535386 warm 0 cold 0
hot 3590682 warm 0 cold 0
hot 3602970 warm 0 cold 0
hot 3602970 warm 0 cold 0
hot 3602970 warm 0 cold 0
hot 3608091 warm 0 cold 0
hot 3618331 warm 0 cold 0
hot 3622939 warm 0 cold 0
hot 3623963 warm 0 cold 0
hot 3624987 warm 0 cold 0
hot 3626523 warm 0 cold 0
hot 3626523 warm 0 cold 0
hot 3626523 warm 0 cold 0
hot 3626523 warm 0 cold 0
hot 3626523 warm 0 cold 0
hot 3626524 warm 0 cold 0
hot 3626524 warm 0 cold 0
hot 3626524 warm 0 cold 0
hot 3629084 warm 0 cold 0
hot 3629596 warm 0 cold 0
hot 3630621 warm 0 cold 0
hot 3630621 warm 0 cold 0
hot 3630621 warm 0 cold 0
hot 3630621 warm 0 cold 0
hot 3630621 warm 0 cold 0
hot 3630621 warm 0 cold 0
hot 3630621 warm 0 cold 0
hot 3630621 warm 0 cold 0
hot 3630622 warm 0 cold 0
hot 3631135 warm 0 cold 0
hot 3631135 warm 0 cold 0
hot 3631135 warm 0 cold 0
hot 3631136 warm 0 cold 0
hot 3631136 warm 0 cold 0
hot 3631136 warm 0 cold 0
hot 3631136 warm 0 cold 0
hot 3631137 warm 0 cold 0
hot 3631649 warm 0 cold 0
hot 3631649 warm 0 cold 0
hot 3631649 warm 0 cold 0
hot 3631649 warm 0 cold 0
hot 3632161 warm 0 cold 0
hot 3632161 warm 0 cold 0
hot 3632161 warm 0 cold 0
hot 3632161 warm 0 cold 0
hot 3632161 warm 0 cold 0
hot 3632161 warm 0 cold 0
hot 3632161 warm 0 cold 0
hot 3632161 warm 0 cold 0
hot 3632161 warm 0 cold 0
hot 3632161 warm 0 cold 0
hot 3632161 warm 0 cold 0
hot 3632162 warm 0 cold 0
hot 3632162 warm 0 cold 0
hot 3632162 warm 0 cold 0
hot 3632162 warm 0 cold 0
hot 3632163 warm 0 cold 0
hot 3632163 warm 0 cold 0
hot 3632163 warm 0 cold 0
hot 3632163 warm 0 cold 0
hot 3632164 warm 0 cold 0
hot 3632164 warm 0 cold 0
hot 3632165 warm 0 cold 0
hot 3632166 warm 0 cold 0
hot 3632166 warm 0 cold 0
hot 3632166 warm 0 cold 0
hot 3632166 warm 0 cold 0
hot 3632166 warm 0 cold 0
hot 3632166 warm 0 cold 0
hot 3632166 warm 0 cold 0
hot 3632166 warm 0 cold 0
hot 3632166 warm 0 cold 0
hot 3632167 warm 0 cold 0
hot 3632167 warm 0 cold 0
hot 3632167 warm 0 cold 0
hot 3632167 warm 0 cold 0
hot 3632168 warm 0 cold 0
hot 3632168 warm 0 cold 0
hot 3632168 warm 0 cold 0
hot 3632168 warm 0 cold 0
hot 3632168 warm 0 cold 0
hot 3632168 warm 0 cold 0
hot 3632168 warm 0 cold 0
hot 3632168 warm 0 cold 0
hot 3632168 warm 0 cold 0
hot 3632168 warm 0 cold 0
hot 3632168 warm 0 cold 0
hot 3632168 warm 0 cold 0
hot 3632168 warm 0 cold 0
hot 3632168 warm 0 cold 0
hot 3632169 warm 0 cold 0
hot 3632169 warm 0 cold 0
hot 3632169 warm 0 cold 0
hot 3632169 warm 0 cold 0
hot 3632170 warm 0 cold 0
hot 3632170 warm 0 cold 0
hot 3632170 warm 0 cold 0
hot 3632170 warm 0 cold 0
hot 3632170 warm 0 cold 0
hot 3632170 warm 0 cold 0
hot 3632170 warm 0 cold 0
hot 3632171 warm 0 cold 0
hot 3632171 warm 0 cold 0
hot 3632171 warm 0 cold 0
hot 3632171 warm 0 cold 0
hot 3632171 warm 0 cold 0
hot 3632171 warm 0 cold 0
hot 3632171 warm 0 cold 0
hot 3632171 warm 0 cold 0
hot 3632171 warm 0 cold 0
hot 3632171 warm 0 cold 0
hot 3632171 warm 0 cold 0
hot 3632171 warm 0 cold 0
hot 3632172 warm 0 cold 0
hot 3632173 warm 0 cold 0
hot 3632173 warm 0 cold 0
hot 3632173 warm 0 cold 0
hot 3632173 warm 0 cold 0
hot 3632173 warm 0 cold 0
hot 3632173 warm 0 cold 0
hot 3632547 warm 0 cold 0
hot 3632572 warm 0 cold 0
hot 3632574 warm 0 cold 0
hot 3632574 warm 0 cold 0
hot 3632574 warm 0 cold 0
hot 3632574 warm 0 cold 0
hot 3632575 warm 0 cold 0
hot 3632575 warm 0 cold 0
hot 3632575 warm 0 cold 0
hot 3632577 warm 0 cold 0
hot 3632577 warm 0 cold 0
hot 3632577 warm 0 cold 0
hot 3632577 warm 0 cold 0
hot 3632578 warm 0 cold 0
hot 3632579 warm 0 cold 0
hot 3632579 warm 0 cold 0
hot 3632580 warm 0 cold 0
hot 3632580 warm 0 cold 0
hot 3632580 warm 0 cold 0
hot 3632580 warm 0 cold 0
hot 3632580 warm 0 cold 0
hot 3632580 warm 0 cold 0
hot 3632580 warm 0 cold 0
hot 3632581 warm 0 cold 0
hot 3632581 warm 0 cold 0
hot 3632581 warm 0 cold 0
hot 3632581 warm 0 cold 0
hot 3632581 warm 0 cold 0
hot 3632582 warm 0 cold 0
hot 3632582 warm 0 cold 0
hot 3632583 warm 0 cold 0
hot 3632583 warm 0 cold 0
hot 3632583 warm 0 cold 0
hot 3632585 warm 0 cold 0
hot 3632585 warm 0 cold 0
hot 3632585 warm 0 cold 0
hot 3632585 warm 0 cold 0
hot 3632585 warm 0 cold 0
hot 3632585 warm 0 cold 0
hot 3632585 warm 0 cold 0
hot 3632585 warm 0 cold 0
hot 3632585 warm 0 cold 0
hot 3632585 warm 0 cold 0
hot 3632585 warm 0 cold 0
hot 3632585 warm 0 cold 0
hot 3632585 warm 0 cold 0
hot 3632585 warm 0 cold 0
hot 3632587 warm 0 cold 0
hot 3632587 warm 0 cold 0
hot 3632587 warm 0 cold 0
hot 3632588 warm 0 cold 0
hot 3632588 warm 0 cold 0
hot 3632588 warm 0 cold 0
hot 3632590 warm 0 cold 0
hot 3632590 warm 0 cold 0
hot 3632590 warm 0 cold 0
hot 3632590 warm 0 cold 0
hot 3632591 warm 0 cold 0
hot 3632591 warm 0 cold 0
hot 3632591 warm 0 cold 0
hot 3632591 warm 0 cold 0
hot 3632591 warm 0 cold 0
hot 3632591 warm 0 cold 0
hot 3632591 warm 0 cold 0
hot 3632591 warm 0 cold 0
hot 3632591 warm 0 cold 0
hot 3632591 warm 0 cold 0
hot 3632592 warm 0 cold 0
hot 3632592 warm 0 cold 0
hot 3632592 warm 0 cold 0
hot 3632592 warm 0 cold 0
hot 3632592 warm 0 cold 0
hot 3632592 warm 0 cold 0
hot 3632592 warm 0 cold 0
hot 3632592 warm 0 cold 0
hot 3632592 warm 0 cold 0
hot 3632592 warm 0 cold 0
hot 3632592 warm 0 cold 0
hot 3632592 warm 0 cold 0
hot 3632593 warm 0 cold 0
hot 3632593 warm 0 cold 0
hot 3632594 warm 0 cold 0
hot 3632594 warm 0 cold 0
hot 3632594 warm 0 cold 0
hot 3632594 warm 0 cold 0
hot 3632594 warm 0 cold 0
hot 3632595 warm 0 cold 0
hot 3632595 warm 0 cold 0
hot 3632596 warm 0 cold 0
hot 3632596 warm 0 cold 0
hot 3632596 warm 0 cold 0
hot 3632596 warm 0 cold 0
hot 3632596 warm 0 cold 0
hot 3632596 warm 0 cold 0
hot 3632596 warm 0 cold 0
hot 3632597 warm 0 cold 0
hot 3632597 warm 0 cold 0
hot 3632597 warm 0 cold 0
hot 3632597 warm 0 cold 0
hot 3632597 warm 0 cold 0
hot 3632597 warm 0 cold 0
hot 3632597 warm 0 cold 0
hot 3632597 warm 0 cold 0
hot 3632597 warm 0 cold 0
hot 3632597 warm 0 cold 0
hot 3632597 warm 0 cold 0
hot 3632598 warm 0 cold 0
hot 3632598 warm 0 cold 0
hot 3632598 warm 0 cold 0
hot 3632598 warm 0 cold 0
hot 3632598 warm 0 cold 0
hot 3632598 warm 0 cold 0
hot 3632598 warm 0 cold 0
hot 3632598 warm 0 cold 0
hot 3632598 warm 0 cold 0
hot 3632598 warm 0 cold 0
hot 3632598 warm 0 cold 0
hot 3632598 warm 0 cold 0
hot 3632598 warm 0 cold 0
hot 3632598 warm 0 cold 0
hot 3632598 warm 0 cold 0
hot 3632598 warm 0 cold 0
hot 3632598 warm 0 cold 0
hot 3632598 warm 0 cold 0
hot 3632599 warm 0 cold 0
hot 3632599 warm 0 cold 0
hot 3632600 warm 0 cold 0
hot 3632600 warm 0 cold 0
hot 3632601 warm 0 cold 0
hot 3632601 warm 0 cold 0
hot 3632601 warm 0 cold 0
hot 3632601 warm 0 cold 0
hot 3632601 warm 0 cold 0
hot 3632601 warm 0 cold 0
hot 3632602 warm 0 cold 0
hot 3632602 warm 0 cold 0
hot 3632602 warm 0 cold 0
hot 3632602 warm 0 cold 0
hot 3632602 warm 0 cold 0
hot 3632602 warm 0 cold 0
hot 3632604 warm 0 cold 0
hot 3632604 warm 0 cold 0
hot 3632605 warm 0 cold 0
hot 3632605 warm 0 cold 0
hot 3632605 warm 0 cold 0
hot 3632605 warm 0 cold 0
hot 3632605 warm 0 cold 0
hot 3632605 warm 0 cold 0
hot 3632605 warm 0 cold 0
hot 3632609 warm 0 cold 0
hot 3632609 warm 0 cold 0
hot 3632609 warm 0 cold 0
hot 3632641 warm 0 cold 0
hot 3633176 warm 0 cold 0
hot 3633176 warm 0 cold 0
hot 3633176 warm 0 cold 0
hot 3633176 warm 0 cold 0
hot 3633184 warm 0 cold 0
hot 3633184 warm 0 cold 0
hot 3633184 warm 0 cold 0
hot 3633184 warm 0 cold 0
hot 3633184 warm 0 cold 0
hot 3633184 warm 0 cold 0
hot 3633184 warm 0 cold 0
hot 3633184 warm 0 cold 0
hot 3633184 warm 0 cold 0
hot 3633184 warm 0 cold 0
hot 3633184 warm 0 cold 0
hot 3633184 warm 0 cold 0
hot 3633184 warm 0 cold 0
hot 3633184 warm 0 cold 0
hot 3633184 warm 0 cold 0
hot 3633184 warm 0 cold 0
hot 3633184 warm 0 cold 0
hot 3633184 warm 0 cold 0
hot 3633185 warm 0 cold 0
hot 3633185 warm 0 cold 0
hot 3633185 warm 0 cold 0
hot 3633186 warm 0 cold 0
hot 3633186 warm 0 cold 0
hot 3633186 warm 0 cold 0
hot 3633186 warm 0 cold 0
hot 3633186 warm 0 cold 0
hot 3633186 warm 0 cold 0
hot 3633186 warm 0 cold 0
hot 3633186 warm 0 cold 0
hot 3633186 warm 0 cold 0
hot 3633186 warm 0 cold 0
hot 3633186 warm 0 cold 0
hot 3633187 warm 0 cold 0
hot 3633187 warm 0 cold 0
hot 3633187 warm 0 cold 0
hot 3633187 warm 0 cold 0
hot 3633188 warm 0 cold 0
hot 3633189 warm 0 cold 0
hot 3633189 warm 0 cold 0
hot 3633189 warm 0 cold 0
hot 3633189 warm 0 cold 0
hot 3633190 warm 0 cold 0
hot 3633190 warm 0 cold 0
hot 3633190 warm 0 cold 0
hot 3633190 warm 0 cold 0
hot 3633190 warm 0 cold 0
hot 3633190 warm 0 cold 0
hot 3633190 warm 0 cold 0
hot 3633190 warm 0 cold 0
hot 3633190 warm 0 cold 0
hot 3633190 warm 0 cold 0
hot 3633190 warm 0 cold 0
hot 3633190 warm 0 cold 0
hot 3633190 warm 0 cold 0
hot 3633190 warm 0 cold 0
hot 3633190 warm 0 cold 0
hot 3633191 warm 0 cold 0
hot 3633191 warm 0 cold 0
hot 3633191 warm 0 cold 0
hot 3633191 warm 0 cold 0
hot 3633192 warm 0 cold 0
hot 3633192 warm 0 cold 0
hot 3633192 warm 0 cold 0
hot 3633192 warm 0 cold 0
hot 3633192 warm 0 cold 0
hot 3633192 warm 0 cold 0
hot 3633192 warm 0 cold 0
hot 3633192 warm 0 cold 0
hot 3633192 warm 0 cold 0
hot 3633192 warm 0 cold 0
hot 3633192 warm 0 cold 0
hot 3633192 warm 0 cold 0
hot 3633192 warm 0 cold 0
hot 3633192 warm 0 cold 0
hot 3633192 warm 0 cold 0
hot 3633193 warm 0 cold 0
hot 3633193 warm 0 cold 0
hot 3633193 warm 0 cold 0
hot 3633193 warm 0 cold 0
hot 3633193 warm 0 cold 0
hot 3633193 warm 0 cold 0
hot 3633193 warm 0 cold 0
hot 3633193 warm 0 cold 0
hot 3633193 warm 0 cold 0
hot 3633193 warm 0 cold 0
hot 3633193 warm 0 cold 0
hot 3633193 warm 0 cold 0
hot 3633193 warm 0 cold 0
hot 3633193 warm 0 cold 0
hot 3633193 warm 0 cold 0
hot 3633194 warm 0 cold 0
hot 3633194 warm 0 cold 0
hot 3633194 warm 0 cold 0
hot 3633194 warm 0 cold 0
hot 3633194 warm 0 cold 0
hot 3633194 warm 0 cold 0
hot 3633194 warm 0 cold 0
hot 3633195 warm 0 cold 0
hot 3633195 warm 0 cold 0
hot 3633195 warm 0 cold 0
hot 3633195 warm 0 cold 0
hot 3633195 warm 0 cold 0
hot 3633196 warm 0 cold 0
hot 3633196 warm 0 cold 0
hot 3633196 warm 0 cold 0
hot 3633197 warm 0 cold 0
hot 3633197 warm 0 cold 0
hot 3633197 warm 0 cold 0
hot 3633197 warm 0 cold 0
hot 3633197 warm 0 cold 0
hot 3633197 warm 0 cold 0
hot 3633197 warm 0 cold 0
hot 3633197 warm 0 cold 0
hot 3633197 warm 0 cold 0
hot 3633197 warm 0 cold 0
hot 3633197 warm 0 cold 0
hot 3633197 warm 0 cold 0
hot 3633197 warm 0 cold 0
hot 3633197 warm 0 cold 0
hot 3633197 warm 0 cold 0
hot 3633197 warm 0 cold 0
hot 3633198 warm 0 cold 0
hot 3633198 warm 0 cold 0
hot 3633198 warm 0 cold 0
