hot 0 warm 0 cold 0
hot 440 warm 0 cold 0
hot 441 warm 0 cold 0
hot 441 warm 0 cold 0
hot 441 warm 0 cold 0
hot 441 warm 0 cold 0
hot 441 warm 0 cold 0
hot 441 warm 0 cold 0
hot 441 warm 0 cold 0
hot 441 warm 0 cold 0
hot 441 warm 0 cold 0
hot 441 warm 0 cold 0
hot 441 warm 0 cold 0
hot 441 warm 0 cold 0
hot 441 warm 0 cold 0
hot 441 warm 0 cold 0
hot 441 warm 0 cold 0
hot 441 warm 0 cold 0
hot 441 warm 0 cold 0
hot 441 warm 0 cold 0
hot 441 warm 0 cold 0
hot 441 warm 0 cold 0
hot 441 warm 0 cold 0
hot 441 warm 0 cold 0
hot 441 warm 0 cold 0
hot 441 warm 0 cold 0
hot 441 warm 0 cold 0
hot 441 warm 0 cold 0
hot 441 warm 0 cold 0
hot 441 warm 0 cold 0
hot 441 warm 0 cold 0
hot 441 warm 0 cold 0
hot 441 warm 0 cold 0
hot 441 warm 0 cold 0
hot 441 warm 0 cold 0
hot 441 warm 0 cold 0
hot 441 warm 0 cold 0
hot 441 warm 0 cold 0
hot 441 warm 0 cold 0
hot 441 warm 0 cold 0
hot 441 warm 0 cold 0
hot 441 warm 0 cold 0
hot 441 warm 0 cold 0
hot 441 warm 0 cold 0
hot 441 warm 0 cold 0
hot 441 warm 0 cold 0
hot 441 warm 0 cold 0
hot 441 warm 0 cold 0
hot 441 warm 0 cold 0
hot 441 warm 0 cold 0
hot 441 warm 0 cold 0
hot 441 warm 0 cold 0
hot 441 warm 0 cold 0
hot 441 warm 0 cold 0
hot 441 warm 0 cold 0
hot 441 warm 0 cold 0
hot 441 warm 0 cold 0
hot 441 warm 0 cold 0
hot 441 warm 0 cold 0
hot 441 warm 0 cold 0
hot 441 warm 0 cold 0
hot 441 warm 0 cold 0
hot 441 warm 0 cold 0
hot 441 warm 0 cold 0
hot 441 warm 0 cold 0
hot 441 warm 0 cold 0
hot 441 warm 0 cold 0
hot 441 warm 0 cold 0
hot 441 warm 0 cold 0
hot 441 warm 0 cold 0
hot 441 warm 0 cold 0
hot 441 warm 0 cold 0
hot 441 warm 0 cold 0
hot 441 warm 0 cold 0
hot 441 warm 0 cold 0
hot 441 warm 0 cold 0
hot 441 warm 0 cold 0
hot 441 warm 0 cold 0
hot 441 warm 0 cold 0
hot 441 warm 0 cold 0
hot 441 warm 0 cold 0
hot 441 warm 0 cold 0
hot 441 warm 0 cold 0
hot 441 warm 0 cold 0
hot 441 warm 0 cold 0
hot 441 warm 0 cold 0
hot 441 warm 0 cold 0
hot 441 warm 0 cold 0
hot 441 warm 0 cold 0
hot 469483 warm 0 cold 0
hot 469483 warm 0 cold 7
hot 469483 warm 0 cold 7
hot 469483 warm 0 cold 7
hot 469483 warm 0 cold 7
hot 469483 warm 0 cold 7
hot 469483 warm 0 cold 7
hot 469483 warm 0 cold 7
hot 469485 warm 0 cold 5
hot 469485 warm 0 cold 5
hot 469487 warm 0 cold 3
hot 469488 warm 0 cold 2
hot 469488 warm 0 cold 2
hot 469489 warm 0 cold 1
hot 469490 warm 0 cold 0
hot 469490 warm 0 cold 0
hot 469490 warm 0 cold 0
hot 469490 warm 0 cold 0
hot 469490 warm 0 cold 0
hot 469490 warm 0 cold 0
hot 1986035 warm 0 cold 0
hot 2525171 warm 0 cold 0
hot 2525172 warm 0 cold 0
hot 2525173 warm 0 cold 0
hot 2525173 warm 0 cold 0
hot 2748917 warm 0 cold 0
hot 2748917 warm 0 cold 0
hot 2748918 warm 0 cold 0
hot 2748918 warm 0 cold 0
hot 2748918 warm 0 cold 0
hot 2748918 warm 0 cold 0
hot 2748919 warm 0 cold 0
hot 2846199 warm 0 cold 0
hot 2846199 warm 0 cold 0
hot 2846200 warm 0 cold 0
hot 2846201 warm 0 cold 0
hot 2846201 warm 0 cold 0
hot 3000313 warm 0 cold 0
hot 3059193 warm 0 cold 0
hot 3059193 warm 0 cold 0
hot 3353081 warm 0 cold 0
hot 3507193 warm 0 cold 0
hot 3570681 warm 0 cold 0
hot 3608569 warm 0 cold 0
hot 3622394 warm 0 cold 0
hot 3627003 warm 0 cold 0
hot 3631099 warm 0 cold 0
hot 3631611 warm 0 cold 0
hot 3631611 warm 0 cold 0
hot 3632123 warm 0 cold 0
hot 3632635 warm 0 cold 0
hot 3632636 warm 0 cold 0
hot 3632636 warm 0 cold 0
hot 3632636 warm 0 cold 0
hot 3633248 warm 0 cold 0
hot 3633274 warm 0 cold 0
hot 3633298 warm 0 cold 0
hot 3633315 warm 0 cold 0
hot 3633342 warm 0 cold 0
hot 3633345 warm 0 cold 0
hot 3633362 warm 0 cold 0
hot 3633375 warm 0 cold 0
hot 3633386 warm 0 cold 0
hot 3633393 warm 0 cold 0
hot 3633394 warm 0 cold 0
hot 3633395 warm 0 cold 0
hot 3633395 warm 0 cold 0
hot 3633395 warm 0 cold 0
hot 3633395 warm 0 cold 0
hot 3633395 warm 0 cold 0
hot 3633397 warm 0 cold 0
hot 3633398 warm 0 cold 0
hot 3633398 warm 0 cold 0
hot 3633399 warm 0 cold 0
hot 3633400 warm 0 cold 0
hot 3633400 warm 0 cold 0
hot 3633400 warm 0 cold 0
hot 3633400 warm 0 cold 0
hot 3633400 warm 0 cold 0
hot 3633402 warm 0 cold 0
hot 3633402 warm 0 cold 0
hot 3633404 warm 0 cold 0
hot 3633405 warm 0 cold 0
hot 3633407 warm 0 cold 0
hot 3633409 warm 0 cold 0
hot 3633409 warm 0 cold 0
hot 3633409 warm 0 cold 0
hot 3633412 warm 0 cold 0
hot 3633412 warm 0 cold 0
hot 3633412 warm 0 cold 0
hot 3633412 warm 0 cold 0
hot 3633414 warm 0 cold 0
hot 3633422 warm 0 cold 0
hot 3633422 warm 0 cold 0
hot 3633422 warm 0 cold 0
hot 3633424 warm 0 cold 0
hot 3633424 warm 0 cold 0
hot 3633447 warm 0 cold 0
hot 3633459 warm 0 cold 0
hot 3633468 warm 0 cold 0
hot 3633472 warm 0 cold 0
hot 5460 warm 1861632 cold 1766400
hot 5462 warm 1866752 cold 1761280
hot 5463 warm 1866752 cold 1761280
hot 5463 warm 1866752 cold 1761280
hot 5463 warm 1866752 cold 1761280
hot 5464 warm 1866752 cold 1761280
hot 5465 warm 1866752 cold 1761280
hot 5466 warm 1866752 cold 1761280
hot 5466 warm 1866752 cold 1761280
hot 5466 warm 1866752 cold 1761280
hot 5474 warm 2038272 cold 1589760
hot 5495 warm 2256896 cold 1371136
hot 5505 warm 2434560 cold 1193472
hot 5519 warm 2586624 cold 1041408
hot 5519 warm 2586624 cold 1041408
hot 5519 warm 2586624 cold 1041408
hot 5519 warm 2586624 cold 1041408
hot 5519 warm 2586624 cold 1041408
hot 5519 warm 2586624 cold 1041408
hot 5520 warm 2586624 cold 1041408
hot 5520 warm 2586624 cold 1041408
hot 5520 warm 2586624 cold 1041408
hot 5520 warm 2586624 cold 1041408
hot 5520 warm 2586624 cold 1041408
hot 5520 warm 2586624 cold 1041408
hot 5520 warm 2586624 cold 1041408
hot 5520 warm 2586624 cold 1041408
hot 5520 warm 2586624 cold 1041408
hot 5520 warm 2586624 cold 1041408
hot 5520 warm 2586624 cold 1041408
hot 5520 warm 2586624 cold 1041408
hot 5520 warm 2586624 cold 1041408
hot 5520 warm 2586624 cold 1041408
hot 5521 warm 2586624 cold 1041408
hot 5521 warm 2586624 cold 1041408
hot 5521 warm 2586624 cold 1041408
hot 5521 warm 2586624 cold 1041408
hot 5521 warm 2586624 cold 1041408
hot 5523 warm 2586624 cold 1041408
hot 5523 warm 2586624 cold 1041408
hot 5524 warm 2586624 cold 1041408
hot 5525 warm 2586624 cold 1041408
hot 5525 warm 2586624 cold 1041408
hot 5527 warm 2586624 cold 1041408
hot 5527 warm 2586624 cold 1041408
hot 5527 warm 2586624 cold 1041408
hot 5528 warm 2586624 cold 1041408
hot 5528 warm 2586624 cold 1041408
hot 5528 warm 2586624 cold 1041408
hot 5528 warm 2586624 cold 1041408
hot 5528 warm 2586624 cold 1041408
hot 5528 warm 2586624 cold 1041408
hot 5529 warm 2586624 cold 1041408
hot 5540 warm 2694656 cold 933376
hot 6578 warm 2806784 cold 820224
hot 6578 warm 2806784 cold 820224
hot 6579 warm 2806784 cold 820224
hot 6580 warm 2806784 cold 820224
hot 6580 warm 2806784 cold 820224
hot 6580 warm 2806784 cold 820224
hot 6580 warm 2806784 cold 820224
hot 6580 warm 2806784 cold 820224
hot 6580 warm 2806784 cold 820224
hot 7108 warm 2908672 cold 717824
hot 7108 warm 2908672 cold 717824
hot 7108 warm 2908672 cold 717824
hot 7109 warm 2908672 cold 717824
hot 7109 warm 2908672 cold 717824
hot 7110 warm 2908672 cold 717824
hot 7110 warm 2908672 cold 717824
hot 7110 warm 2908672 cold 717824
hot 7110 warm 2908672 cold 717824
hot 7110 warm 2908672 cold 717824
hot 7110 warm 2908672 cold 717824
hot 7110 warm 2908672 cold 717824
hot 7110 warm 2908672 cold 717824
hot 7110 warm 2908672 cold 717824
hot 7110 warm 2908672 cold 717824
hot 7110 warm 2908672 cold 717824
hot 7110 warm 2908672 cold 717824
hot 7110 warm 2908672 cold 717824
hot 7110 warm 2908672 cold 717824
hot 7110 warm 2908672 cold 717824
hot 7110 warm 2908672 cold 717824
hot 7110 warm 2908672 cold 717824
hot 7110 warm 2908672 cold 717824
hot 7110 warm 2908672 cold 717824
hot 7110 warm 2908672 cold 717824
hot 7110 warm 2908672 cold 717824
hot 7111 warm 2908672 cold 717824
hot 7111 warm 2908672 cold 717824
hot 7112 warm 2908672 cold 717824
hot 7114 warm 2908672 cold 717824
hot 7114 warm 2908672 cold 717824
hot 7114 warm 2908672 cold 717824
hot 7114 warm 2908672 cold 717824
hot 7118 warm 2954240 cold 672256
hot 7121 warm 3062784 cold 563712
hot 7121 warm 3062784 cold 563712
hot 7121 warm 3062784 cold 563712
hot 7121 warm 3062784 cold 563712
hot 7122 warm 3062784 cold 563712
hot 7123 warm 3062784 cold 563712
hot 11744 warm 3158016 cold 463872
hot 14833 warm 3249152 cold 369664
hot 19453 warm 3309056 cold 305152
hot 26630 warm 3371008 cold 236032
hot 37391 warm 3415552 cold 180736
hot 50713 warm 3434496 cold 148480
hot 63010 warm 3451904 cold 118784
hot 76845 warm 3473408 cold 83456
hot 76845 warm 3473408 cold 83456
hot 76845 warm 3473408 cold 83456
hot 76845 warm 3473408 cold 83456
hot 76845 warm 3473408 cold 83456
hot 76845 warm 3473408 cold 83456
hot 76845 warm 3473408 cold 83456
hot 76845 warm 3473408 cold 83456
hot 76845 warm 3473408 cold 83456
hot 79921 warm 3473408 cold 80384
hot 108089 warm 3465728 cold 59904
hot 110137 warm 3464704 cold 58880
hot 110137 warm 3464704 cold 58880
hot 110137 warm 3464704 cold 58880
hot 110137 warm 3464704 cold 58880
hot 110137 warm 3464704 cold 58880
hot 110138 warm 3464704 cold 58880
hot 110138 warm 3464704 cold 58880
hot 110138 warm 3464704 cold 58880
hot 110140 warm 3464704 cold 58880
hot 110140 warm 3464704 cold 58880
hot 110142 warm 3464704 cold 58880
hot 110142 warm 3464704 cold 58880
hot 110142 warm 3464704 cold 58880
hot 110142 warm 3464704 cold 58880
hot 110142 warm 3464704 cold 58880
hot 110142 warm 3464704 cold 58880
hot 110142 warm 3464704 cold 58880
hot 110142 warm 3464704 cold 58880
hot 110143 warm 3464704 cold 58880
hot 110145 warm 3464704 cold 58880
hot 114757 warm 3460096 cold 58880
hot 152138 warm 3435520 cold 46080
hot 203859 warm 3392000 cold 37888
hot 272985 warm 3329024 cold 31744
hot 338526 warm 3270144 cold 25088
hot 404584 warm 3207680 cold 21504
hot 460911 warm 3158016 cold 14848
hot 548979 warm 3072512 cold 12288
hot 600180 warm 3023360 cold 10240
hot 600181 warm 3023360 cold 10240
hot 600181 warm 3023360 cold 10240
hot 684663 warm 2940416 cold 8704
hot 813699 warm 2812928 cold 7168
hot 921735 warm 2707456 cold 4608
hot 1037966 warm 2592768 cold 3072
hot 1202834 warm 2428416 cold 2560
hot 1250451 warm 0 cold 2383360
hot 1373335 warm 0 cold 2260480
hot 1449116 warm 0 cold 2184704
hot 1537191 warm 0 cold 2096640
hot 1578666 warm 0 cold 2055168
hot 1733809 warm 0 cold 1900032
hot 1860279 warm 0 cold 1773568
hot 2006203 warm 0 cold 1627648
hot 2158272 warm 0 cold 1475584
hot 2276549 warm 0 cold 1357312
hot 2406600 warm 0 cold 1227264
hot 2539727 warm 0 cold 1094144
hot 2639572 warm 0 cold 994304
hot 2751196 warm 0 cold 882688
hot 2849506 warm 0 cold 784384
hot 6374 warm 0 cold 3627520
hot 6379 warm 0 cold 3627520
hot 6892 warm 0 cold 3627008
hot 6896 warm 0 cold 3627008
hot 6900 warm 0 cold 3627008
hot 7926 warm 0 cold 3625984
hot 9976 warm 0 cold 3623936
hot 11515 warm 0 cold 3622400
hot 13567 warm 0 cold 3620352
hot 14083 warm 0 cold 3619840
hot 15111 warm 0 cold 3618816
hot 20236 warm 0 cold 3613696
hot 25357 warm 0 cold 3608576
hot 27917 warm 3492864 cold 113152
hot 29968 warm 3505664 cold 98304
hot 36116 warm 3510784 cold 87040
hot 38678 warm 3519488 cold 75776
hot 42779 warm 3525632 cold 65536
hot 47901 warm 3526144 cold 59904
hot 51998 warm 3527168 cold 54784
hot 62752 warm 3521024 cold 50176
hot 67875 warm 3521024 cold 45056
hot 79655 warm 3512320 cold 41984
hot 94504 warm 3502592 cold 36864
hot 107819 warm 3492352 cold 33792
hot 126765 warm 3476992 cold 30208
hot 146736 warm 3458560 cold 28672
hot 168240 warm 3442176 cold 23552
hot 184624 warm 3427328 cold 22016
hot 201523 warm 3415040 cold 17408
hot 229686 warm 3390464 cold 13824
hot 262458 warm 3359232 cold 12288
hot 287548 warm 3336192 cold 10240
hot 318271 warm 3306496 cold 9216
hot 349508 warm 3276288 cold 8192
hot 393029 warm 3233792 cold 7168
hot 431431 warm 3195392 cold 7168
hot 480584 warm 3146240 cold 7168
hot 536396 warm 3090432 cold 7168
hot 608589 warm 3018752 cold 6656
hot 672079 warm 2956800 cold 5120
hot 735058 warm 2893824 cold 5120
hot 800596 warm 2828288 cold 5120
hot 874326 warm 2756096 cold 3584
hot 950615 warm 2680320 cold 3072
hot 1005400 warm 2625536 cold 3072
hot 1083738 warm 2547200 cold 3072
hot 1163101 warm 2467840 cold 3072
hot 1235805 warm 2395648 cold 2560
hot 1314655 warm 2316800 cold 2560
hot 1406304 warm 0 cold 2227712
hot 1465698 warm 0 cold 2168320
hot 1524581 warm 0 cold 2109440
hot 5994 warm 0 cold 3628032
hot 5997 warm 0 cold 3628032
hot 5998 warm 0 cold 3628032
hot 5998 warm 0 cold 3628032
hot 5998 warm 0 cold 3628032
hot 5998 warm 0 cold 3628032
hot 5999 warm 0 cold 3628032
hot 5999 warm 0 cold 3628032
hot 5999 warm 0 cold 3628032
hot 5999 warm 0 cold 3628032
hot 5999 warm 0 cold 3628032
hot 5999 warm 0 cold 3628032
hot 5999 warm 0 cold 3628032
hot 5999 warm 0 cold 3628032
hot 5999 warm 0 cold 3628032
hot 5999 warm 0 cold 3628032
hot 5999 warm 0 cold 3628032
hot 6000 warm 0 cold 3628032
hot 6000 warm 0 cold 3628032
hot 6000 warm 0 cold 3628032
hot 6000 warm 0 cold 3628032
hot 6000 warm 0 cold 3628032
hot 6000 warm 0 cold 3628032
hot 6000 warm 0 cold 3628032
hot 6000 warm 0 cold 3628032
hot 6000 warm 0 cold 3628032
hot 6000 warm 0 cold 3628032
hot 6000 warm 0 cold 3628032
hot 6000 warm 0 cold 3628032
hot 6000 warm 0 cold 3628032
hot 6000 warm 0 cold 3628032
hot 6001 warm 0 cold 3628032
hot 6001 warm 0 cold 3628032
hot 6001 warm 0 cold 3628032
hot 6001 warm 0 cold 3628032
hot 6001 warm 0 cold 3628032
hot 6002 warm 0 cold 3628032
hot 6002 warm 0 cold 3628032
hot 6002 warm 0 cold 3628032
hot 6002 warm 0 cold 3628032
hot 6002 warm 0 cold 3628032
hot 6002 warm 0 cold 3628032
hot 6002 warm 0 cold 3628032
hot 6002 warm 0 cold 3628032
hot 6002 warm 0 cold 3628032
hot 6002 warm 0 cold 3628032
hot 6002 warm 0 cold 3628032
hot 6002 warm 0 cold 3628032
hot 6003 warm 0 cold 3628032
hot 6004 warm 0 cold 3628032
hot 6005 warm 0 cold 3628032
hot 6005 warm 0 cold 3628032
hot 6005 warm 0 cold 3628032
hot 6006 warm 0 cold 3628032
hot 6006 warm 0 cold 3628032
hot 6006 warm 0 cold 3628032
hot 6006 warm 0 cold 3628032
hot 6006 warm 0 cold 3628032
hot 6006 warm 0 cold 3628032
hot 6006 warm 0 cold 3628032
hot 6006 warm 0 cold 3628032
hot 6006 warm 0 cold 3628032
hot 6006 warm 0 cold 3628032
hot 6006 warm 0 cold 3628032
hot 6006 warm 0 cold 3628032
hot 6007 warm 0 cold 3628032
hot 6007 warm 0 cold 3628032
hot 6007 warm 0 cold 3628032
hot 6007 warm 0 cold 3628032
hot 6007 warm 0 cold 3628032
hot 6007 warm 0 cold 3628032
hot 6007 warm 0 cold 3628032
hot 6007 warm 0 cold 3628032
hot 6007 warm 0 cold 3628032
hot 6007 warm 0 cold 3628032
hot 6007 warm 0 cold 3628032
hot 6008 warm 0 cold 3628032
hot 6009 warm 0 cold 3628032
hot 6009 warm 0 cold 3628032
hot 6009 warm 0 cold 3628032
hot 6009 warm 0 cold 3628032
hot 6009 warm 0 cold 3628032
hot 6009 warm 0 cold 3628032
hot 6009 warm 0 cold 3628032
hot 6009 warm 0 cold 3628032
hot 6009 warm 0 cold 3628032
hot 6009 warm 0 cold 3628032
hot 6009 warm 0 cold 3628032
hot 6009 warm 0 cold 3628032
