pgmigrate_success 44800218
pgmigrate_fail 114105
thp_migration_success 75410
thp_migration_fail 9
thp_migration_split 0
thp_fault_alloc 107729
thp_fault_fallback 0
thp_fault_fallback_charge 0
thp_collapse_alloc 10836
thp_collapse_alloc_failed 5164
thp_file_alloc 117
thp_file_fallback 0
thp_file_fallback_charge 0
thp_file_mapped 0
thp_split_page 2610
thp_split_page_failed 468
thp_deferred_split_page 9865
thp_split_pmd 21262
thp_split_pud 0
thp_zero_page_alloc 0
thp_zero_page_alloc_failed 0
thp_swpout 0
thp_swpout_fallback 0
htmm_nr_promoted 34767413
htmm_nr_demoted 8675849
htmm_nr_sampled 0
htmm_missed_dramread 2218
htmm_missed_nvmread 0
htmm_missed_write 0
htmm_alloc_dram 95976269
htmm_alloc_nvm 0
