pgmigrate_success 42562970
pgmigrate_success 42563416
pgmigrate_success 42563420
pgmigrate_success 42563420
pgmigrate_success 42563420
pgmigrate_success 42563420
pgmigrate_success 42563420
pgmigrate_success 42563420
pgmigrate_success 42563420
pgmigrate_success 42563420
pgmigrate_success 42563420
pgmigrate_success 42563420
pgmigrate_success 42563420
pgmigrate_success 42563420
pgmigrate_success 42563420
pgmigrate_success 42649347
pgmigrate_success 42750309
pgmigrate_success 42750309
pgmigrate_success 42750309
pgmigrate_success 42750309
pgmigrate_success 42750309
pgmigrate_success 42750309
pgmigrate_success 42750309
pgmigrate_success 42750309
pgmigrate_success 42750309
pgmigrate_success 42750309
pgmigrate_success 42750309
pgmigrate_success 42750309
pgmigrate_success 42750309
pgmigrate_success 42750309
pgmigrate_success 42750309
pgmigrate_success 42750309
pgmigrate_success 42750309
pgmigrate_success 42750309
pgmigrate_success 42750309
pgmigrate_success 42750309
pgmigrate_success 42750309
pgmigrate_success 42750309
pgmigrate_success 42750309
pgmigrate_success 42750309
pgmigrate_success 42750309
pgmigrate_success 42750309
pgmigrate_success 42750309
pgmigrate_success 42750309
pgmigrate_success 42750309
pgmigrate_success 42750309
pgmigrate_success 42750309
pgmigrate_success 42750309
pgmigrate_success 42750309
pgmigrate_success 42750309
pgmigrate_success 42750309
pgmigrate_success 42750309
pgmigrate_success 42750309
pgmigrate_success 42750309
pgmigrate_success 42750309
pgmigrate_success 42750309
pgmigrate_success 42750309
pgmigrate_success 42750309
pgmigrate_success 42750309
pgmigrate_success 42750309
pgmigrate_success 42750309
pgmigrate_success 42750309
pgmigrate_success 42750309
pgmigrate_success 42750309
pgmigrate_success 42750309
pgmigrate_success 42750309
pgmigrate_success 42750309
pgmigrate_success 42750309
pgmigrate_success 42750309
pgmigrate_success 42750309
pgmigrate_success 42750309
pgmigrate_success 42750309
pgmigrate_success 42750309
pgmigrate_success 42750309
pgmigrate_success 42750309
pgmigrate_success 42750309
pgmigrate_success 42750309
pgmigrate_success 42750309
pgmigrate_success 42750309
pgmigrate_success 42750309
pgmigrate_success 42750309
pgmigrate_success 42750309
pgmigrate_success 42750309
pgmigrate_success 42750309
pgmigrate_success 42750309
pgmigrate_success 42750309
pgmigrate_success 42750309
pgmigrate_success 42750309
pgmigrate_success 42829669
pgmigrate_success 43066930
pgmigrate_success 43284356
pgmigrate_success 43633064
pgmigrate_success 43633064
pgmigrate_success 43633064
pgmigrate_success 43633064
pgmigrate_success 43633064
pgmigrate_success 43633064
pgmigrate_success 43633064
pgmigrate_success 43633064
pgmigrate_success 43633064
pgmigrate_success 43633064
pgmigrate_success 43633576
pgmigrate_success 43633576
pgmigrate_success 43633576
pgmigrate_success 43633576
pgmigrate_success 43633576
pgmigrate_success 43633576
pgmigrate_success 43633576
pgmigrate_success 43633576
pgmigrate_success 43633576
pgmigrate_success 43633576
pgmigrate_success 43633576
pgmigrate_success 43633576
pgmigrate_success 43633576
pgmigrate_success 43633576
pgmigrate_success 43634167
pgmigrate_success 43634167
pgmigrate_success 43634167
pgmigrate_success 43634167
pgmigrate_success 43634167
pgmigrate_success 43634167
pgmigrate_success 43634167
pgmigrate_success 43634649
pgmigrate_success 43634649
pgmigrate_success 43634649
pgmigrate_success 43634649
pgmigrate_success 43634649
pgmigrate_success 43634649
pgmigrate_success 43635161
pgmigrate_success 43637440
pgmigrate_success 43637440
pgmigrate_success 43668795
pgmigrate_success 43668796
pgmigrate_success 43668796
pgmigrate_success 43668797
pgmigrate_success 43668797
pgmigrate_success 43668798
pgmigrate_success 43668798
pgmigrate_success 43668798
pgmigrate_success 43668798
pgmigrate_success 43669312
pgmigrate_success 43669312
pgmigrate_success 43669313
pgmigrate_success 43669313
pgmigrate_success 43669313
pgmigrate_success 43670338
pgmigrate_success 43670851
pgmigrate_success 43671363
pgmigrate_success 43671363
pgmigrate_success 43672902
pgmigrate_success 43674438
pgmigrate_success 43680072
pgmigrate_success 43691336
pgmigrate_success 43699531
pgmigrate_success 43701615
pgmigrate_success 43701615
pgmigrate_success 43701615
pgmigrate_success 43701615
pgmigrate_success 43701615
pgmigrate_success 43701615
pgmigrate_success 43701615
pgmigrate_success 43701615
pgmigrate_success 43701615
pgmigrate_success 43701615
pgmigrate_success 43701615
pgmigrate_success 43702127
pgmigrate_success 43702127
pgmigrate_success 43702127
pgmigrate_success 43702127
pgmigrate_success 43702127
pgmigrate_success 43702127
pgmigrate_success 43702127
pgmigrate_success 43702127
pgmigrate_success 43702127
pgmigrate_success 43702127
pgmigrate_success 43702127
pgmigrate_success 43702127
pgmigrate_success 43702127
pgmigrate_success 43702127
pgmigrate_success 43702127
pgmigrate_success 43702127
pgmigrate_success 43702127
pgmigrate_success 43702127
pgmigrate_success 43702127
pgmigrate_success 43702127
pgmigrate_success 43702191
pgmigrate_success 43702191
pgmigrate_success 43702191
pgmigrate_success 43702703
pgmigrate_success 43702703
pgmigrate_success 43702703
pgmigrate_success 43702703
pgmigrate_success 43702703
pgmigrate_success 43702703
pgmigrate_success 43702703
pgmigrate_success 43702703
pgmigrate_success 43702703
pgmigrate_success 43702703
pgmigrate_success 43702703
pgmigrate_success 43702703
pgmigrate_success 43702703
pgmigrate_success 43702703
pgmigrate_success 43702703
pgmigrate_success 43702703
pgmigrate_success 43703215
pgmigrate_success 43703215
pgmigrate_success 43703215
pgmigrate_success 43703215
pgmigrate_success 43703215
pgmigrate_success 43703215
pgmigrate_success 43703215
pgmigrate_success 43703215
pgmigrate_success 43703215
pgmigrate_success 43703215
pgmigrate_success 43703215
pgmigrate_success 43703215
pgmigrate_success 43703215
pgmigrate_success 43703335
pgmigrate_success 43703335
pgmigrate_success 43703335
pgmigrate_success 43703336
pgmigrate_success 43703336
pgmigrate_success 43703336
pgmigrate_success 43703336
pgmigrate_success 43703336
pgmigrate_success 43703848
pgmigrate_success 43704361
pgmigrate_success 43705385
pgmigrate_success 43705385
pgmigrate_success 43705385
pgmigrate_success 43705385
pgmigrate_success 43705385
pgmigrate_success 43705385
pgmigrate_success 43705385
pgmigrate_success 43705898
pgmigrate_success 43705898
pgmigrate_success 43705898
pgmigrate_success 43705898
pgmigrate_success 43705898
pgmigrate_success 43705898
pgmigrate_success 43705898
pgmigrate_success 43705898
pgmigrate_success 43705898
pgmigrate_success 43705898
pgmigrate_success 43705898
pgmigrate_success 43705898
pgmigrate_success 43705898
pgmigrate_success 43705898
pgmigrate_success 43705898
pgmigrate_success 43706064
pgmigrate_success 43706064
pgmigrate_success 43706064
pgmigrate_success 43706064
pgmigrate_success 43706576
pgmigrate_success 43706576
pgmigrate_success 43706576
pgmigrate_success 43706576
pgmigrate_success 43706576
pgmigrate_success 43706576
pgmigrate_success 43712135
pgmigrate_success 43737831
pgmigrate_success 43760872
pgmigrate_success 43760872
pgmigrate_success 43834091
pgmigrate_success 44008688
pgmigrate_success 44214517
pgmigrate_success 44263671
pgmigrate_success 44263671
pgmigrate_success 44263671
pgmigrate_success 44264183
pgmigrate_success 44264183
pgmigrate_success 44264183
pgmigrate_success 44264695
pgmigrate_success 44264695
pgmigrate_success 44264695
pgmigrate_success 44264695
pgmigrate_success 44264695
pgmigrate_success 44264695
pgmigrate_success 44264695
pgmigrate_success 44264695
pgmigrate_success 44264695
pgmigrate_success 44264748
pgmigrate_success 44264751
pgmigrate_success 44264756
pgmigrate_success 44264758
pgmigrate_success 44264760
pgmigrate_success 44264764
pgmigrate_success 44264771
pgmigrate_success 44264774
pgmigrate_success 44264776
pgmigrate_success 44264778
pgmigrate_success 44264778
pgmigrate_success 44264779
pgmigrate_success 44264779
pgmigrate_success 44264779
pgmigrate_success 44264779
pgmigrate_success 44264779
pgmigrate_success 44264779
pgmigrate_success 44264779
pgmigrate_success 44264779
pgmigrate_success 44264779
pgmigrate_success 44264780
pgmigrate_success 44264780
pgmigrate_success 44264781
pgmigrate_success 44264781
pgmigrate_success 44264781
pgmigrate_success 44264781
pgmigrate_success 44264781
pgmigrate_success 44264781
pgmigrate_success 44264782
pgmigrate_success 44264783
pgmigrate_success 44264784
pgmigrate_success 44264784
pgmigrate_success 44264784
pgmigrate_success 44264784
pgmigrate_success 44264785
pgmigrate_success 44264785
pgmigrate_success 44264785
pgmigrate_success 44264785
pgmigrate_success 44264786
pgmigrate_success 44264786
pgmigrate_success 44264786
pgmigrate_success 44264786
pgmigrate_success 44264786
pgmigrate_success 44264787
pgmigrate_success 44264787
pgmigrate_success 44264787
pgmigrate_success 44264787
pgmigrate_success 44264788
pgmigrate_success 44264788
pgmigrate_success 44264788
pgmigrate_success 44264788
pgmigrate_success 44264788
pgmigrate_success 44265302
pgmigrate_success 44265305
pgmigrate_success 44265309
pgmigrate_success 44265311
pgmigrate_success 44265315
pgmigrate_success 44265315
pgmigrate_success 44266340
pgmigrate_success 44266858
pgmigrate_success 44266858
pgmigrate_success 44267373
pgmigrate_success 44267889
pgmigrate_success 44268403
pgmigrate_success 44269430
pgmigrate_success 44271479
pgmigrate_success 44271991
pgmigrate_success 44273020
pgmigrate_success 44275583
pgmigrate_success 44281729
pgmigrate_success 44284802
pgmigrate_success 44288386
pgmigrate_success 44290436
pgmigrate_success 44296584
pgmigrate_success 44301195
pgmigrate_success 44310926
pgmigrate_success 44323729
pgmigrate_success 44334484
pgmigrate_success 44343704
pgmigrate_success 44358554
pgmigrate_success 44386204
pgmigrate_success 44407712
pgmigrate_success 44425636
pgmigrate_success 44442534
pgmigrate_success 44475815
pgmigrate_success 44512169
pgmigrate_success 44512169
pgmigrate_success 44512169
pgmigrate_success 44512169
pgmigrate_success 44512169
pgmigrate_success 44512169
pgmigrate_success 44512169
pgmigrate_success 44512169
pgmigrate_success 44512170
pgmigrate_success 44512170
pgmigrate_success 44512170
pgmigrate_success 44512170
pgmigrate_success 44512170
pgmigrate_success 44512170
pgmigrate_success 44512170
pgmigrate_success 44512170
pgmigrate_success 44512170
pgmigrate_success 44512170
pgmigrate_success 44512170
pgmigrate_success 44512170
pgmigrate_success 44512170
pgmigrate_success 44512170
pgmigrate_success 44512170
pgmigrate_success 44512170
pgmigrate_success 44512171
pgmigrate_success 44512171
pgmigrate_success 44512171
pgmigrate_success 44512171
pgmigrate_success 44512171
pgmigrate_success 44512171
pgmigrate_success 44512171
pgmigrate_success 44512172
pgmigrate_success 44512174
pgmigrate_success 44512174
pgmigrate_success 44512174
pgmigrate_success 44512174
pgmigrate_success 44512174
pgmigrate_success 44512174
pgmigrate_success 44512174
pgmigrate_success 44512174
pgmigrate_success 44512174
pgmigrate_success 44512174
pgmigrate_success 44512174
pgmigrate_success 44512174
pgmigrate_success 44512174
pgmigrate_success 44512175
pgmigrate_success 44530491
pgmigrate_success 44556608
pgmigrate_success 44585283
pgmigrate_success 44585283
pgmigrate_success 44585283
pgmigrate_success 44585283
pgmigrate_success 44585283
pgmigrate_success 44585283
pgmigrate_success 44585283
pgmigrate_success 44605763
pgmigrate_success 44766027
pgmigrate_success 44799819
pgmigrate_success 44799832
pgmigrate_success 44799836
pgmigrate_success 44799838
pgmigrate_success 44799840
pgmigrate_success 44799843
pgmigrate_success 44799844
pgmigrate_success 44799845
pgmigrate_success 44799847
pgmigrate_success 44799849
pgmigrate_success 44799851
pgmigrate_success 44799851
pgmigrate_success 44799852
pgmigrate_success 44799853
pgmigrate_success 44799855
pgmigrate_success 44799856
pgmigrate_success 44799857
pgmigrate_success 44799859
pgmigrate_success 44799859
pgmigrate_success 44799861
pgmigrate_success 44799862
pgmigrate_success 44799934
pgmigrate_success 44799935
pgmigrate_success 44799935
pgmigrate_success 44799935
pgmigrate_success 44799936
pgmigrate_success 44799936
pgmigrate_success 44799937
pgmigrate_success 44799938
pgmigrate_success 44799940
pgmigrate_success 44799940
pgmigrate_success 44799942
pgmigrate_success 44799944
pgmigrate_success 44799944
pgmigrate_success 44799944
pgmigrate_success 44799944
pgmigrate_success 44799944
pgmigrate_success 44799944
pgmigrate_success 44799944
pgmigrate_success 44799944
pgmigrate_success 44799944
pgmigrate_success 44799944
pgmigrate_success 44799944
pgmigrate_success 44799944
pgmigrate_success 44799944
pgmigrate_success 44799946
pgmigrate_success 44799948
pgmigrate_success 44799949
pgmigrate_success 44799952
pgmigrate_success 44799952
pgmigrate_success 44799954
pgmigrate_success 44799955
pgmigrate_success 44799955
pgmigrate_success 44800213
pgmigrate_success 44800214
pgmigrate_success 44800214
pgmigrate_success 44800214
pgmigrate_success 44800215
pgmigrate_success 44800217
pgmigrate_success 44800217
pgmigrate_success 44800217
pgmigrate_success 44800217
pgmigrate_success 44800218
pgmigrate_success 44800218
pgmigrate_success 44800218
pgmigrate_success 44800218
pgmigrate_success 44800218
pgmigrate_success 44800218
pgmigrate_success 44800218
pgmigrate_success 44800218
pgmigrate_success 44800218
pgmigrate_success 44800218
