hot 0 warm 95597645 cold 121241302
hot 0 warm 95597645 cold 121241303
hot 0 warm 95597645 cold 121241303
hot 0 warm 95597645 cold 121241303
hot 0 warm 95597645 cold 121241303
hot 0 warm 95597645 cold 121241303
hot 0 warm 95597645 cold 121241303
hot 0 warm 95597645 cold 121241303
hot 0 warm 95597645 cold 121241303
hot 0 warm 95597645 cold 121241303
hot 0 warm 95597645 cold 121241303
hot 0 warm 95597645 cold 121241303
hot 0 warm 95597645 cold 121241303
hot 0 warm 95597645 cold 121241303
hot 0 warm 95597645 cold 121241303
hot 0 warm 95597645 cold 121241303
hot 0 warm 95597645 cold 121241303
hot 0 warm 95597645 cold 121241303
hot 0 warm 95597645 cold 121241303
hot 0 warm 95597645 cold 121241303
hot 0 warm 95597645 cold 121241303
hot 0 warm 95597645 cold 121241304
hot 0 warm 95597645 cold 121241303
hot 0 warm 95597645 cold 121241303
hot 0 warm 95597645 cold 121241303
hot 0 warm 95597645 cold 121241303
hot 0 warm 95597645 cold 121241303
hot 0 warm 95597645 cold 121241303
hot 0 warm 95597645 cold 121241303
hot 0 warm 95597645 cold 121241303
hot 0 warm 95597645 cold 121241303
hot 0 warm 95597645 cold 121241303
hot 0 warm 95597645 cold 121241303
hot 0 warm 95597645 cold 121241303
hot 0 warm 95597645 cold 121241303
hot 0 warm 95597645 cold 121241303
hot 0 warm 95597645 cold 121241303
hot 0 warm 95597645 cold 121241303
hot 0 warm 95597645 cold 121241303
hot 0 warm 95597645 cold 121241303
hot 0 warm 95597645 cold 121241303
hot 0 warm 95597645 cold 121241303
hot 0 warm 95597645 cold 121241303
hot 0 warm 95597645 cold 121241303
hot 0 warm 95597645 cold 121241303
hot 0 warm 95597645 cold 121241303
hot 0 warm 95597645 cold 121241303
hot 0 warm 95597645 cold 121241303
hot 0 warm 95597645 cold 121241303
hot 0 warm 95597645 cold 121241303
hot 0 warm 95597645 cold 121241303
hot 0 warm 95597645 cold 121241303
hot 0 warm 95597645 cold 121241303
hot 0 warm 95597645 cold 121241303
hot 0 warm 95597645 cold 121241303
hot 0 warm 95597645 cold 121241303
hot 0 warm 95597645 cold 121241303
hot 0 warm 95597645 cold 121241303
hot 0 warm 95597645 cold 121241303
hot 0 warm 95597645 cold 121241303
hot 0 warm 95597645 cold 121241303
hot 0 warm 95597645 cold 121241303
hot 0 warm 95597645 cold 121241303
hot 0 warm 95597645 cold 121241303
hot 0 warm 95597645 cold 121241303
hot 0 warm 95597645 cold 121241303
hot 0 warm 95597645 cold 121241303
hot 0 warm 95597645 cold 121241303
hot 0 warm 95597645 cold 121241303
hot 0 warm 95597645 cold 121241303
hot 0 warm 95597645 cold 121241303
hot 0 warm 95597645 cold 121241303
hot 0 warm 95597645 cold 121241303
hot 0 warm 95597645 cold 121241303
hot 0 warm 95597645 cold 121241303
hot 0 warm 95597645 cold 121241303
hot 0 warm 95597645 cold 121241303
hot 0 warm 95597645 cold 121241303
hot 0 warm 95597645 cold 121241303
hot 0 warm 95597645 cold 121241303
hot 0 warm 95597645 cold 121241303
hot 0 warm 95597645 cold 121241303
hot 0 warm 95597645 cold 121241303
hot 0 warm 95597645 cold 121241303
hot 0 warm 95597645 cold 121241303
hot 0 warm 95597645 cold 121241303
hot 0 warm 95597645 cold 121241303
hot 0 warm 95597645 cold 121241303
hot 0 warm 95597645 cold 121241303
hot 20478 warm 95597645 cold 121241303
hot 410618 warm 95597645 cold 121241304
hot 435190 warm 95597645 cold 121241304
hot 556530 warm 95597645 cold 121241304
hot 594926 warm 95597645 cold 121241304
hot 720874 warm 95597645 cold 121241304
hot 931814 warm 95597645 cold 121241304
hot 1170402 warm 95597645 cold 121241304
hot 1433566 warm 95597645 cold 121241304
hot 1701850 warm 95597645 cold 121241304
hot 2024918 warm 95597645 cold 121241304
hot 2416082 warm 95597645 cold 121241304
hot 2915278 warm 95597645 cold 121241304
hot 3577290 warm 95597645 cold 121241304
hot 4430278 warm 95597645 cold 121241304
hot 4731841 warm 95597645 cold 121241304
hot 4891581 warm 95597645 cold 121241304
hot 4955065 warm 95597645 cold 121241304
hot 5015989 warm 95597645 cold 121241304
hot 5054385 warm 95597645 cold 121241304
hot 5073325 warm 95597645 cold 121241304
hot 5084073 warm 95597645 cold 121241304
hot 4372877 warm 95597645 cold 121241304
hot 4535177 warm 95597645 cold 121241304
hot 4779397 warm 95597645 cold 121241304
hot 4784513 warm 95597645 cold 121241304
hot 4792189 warm 95597645 cold 121241304
hot 4800377 warm 95597645 cold 121241304
hot 4811125 warm 95597645 cold 121241304
hot 5022068 warm 95597645 cold 121241304
hot 5465037 warm 95597645 cold 121241304
hot 5710348 warm 95597645 cold 121241304
hot 5963322 warm 95597645 cold 121241304
hot 6214235 warm 95597645 cold 121241304
hot 6498922 warm 95597645 cold 121241304
hot 6766716 warm 95597645 cold 121241304
hot 7078528 warm 95597645 cold 121241304
hot 7460484 warm 95597645 cold 121241304
hot 7949957 warm 95597645 cold 121241304
hot 8661129 warm 95597645 cold 121241304
hot 9449098 warm 95597645 cold 121241304
hot 9665160 warm 95597645 cold 121241305
hot 9797769 warm 95597645 cold 121241305
hot 9862281 warm 95597645 cold 121241305
hot 9890443 warm 95597645 cold 121241305
hot 9894025 warm 95597645 cold 121241305
hot 9894539 warm 95597645 cold 121241305
hot 9895567 warm 95597645 cold 121241305
hot 9182838 warm 95597645 cold 121241305
hot 9584754 warm 95597645 cold 121241305
hot 9591918 warm 95597645 cold 121241305
hot 9599082 warm 95597645 cold 121241305
hot 9607782 warm 95597645 cold 121241305
hot 9614434 warm 95597645 cold 121241305
hot 9622622 warm 95597645 cold 121241305
hot 9628250 warm 95597645 cold 121241305
hot 9633366 warm 95597645 cold 121241305
hot 9638482 warm 95597645 cold 121241305
hot 9644110 warm 95597645 cold 121241305
hot 9649227 warm 95597645 cold 121241305
hot 9655367 warm 95597645 cold 121241305
hot 9659971 warm 95597645 cold 121241305
hot 9664063 warm 95597645 cold 121241305
hot 9685564 warm 95597645 cold 121241305
hot 9697848 warm 95597645 cold 121241305
hot 9708084 warm 95597645 cold 121241305
hot 9718320 warm 95597645 cold 121241305
hot 9723436 warm 95597645 cold 121241305
hot 9731112 warm 95597645 cold 121241305
hot 9742884 warm 95597645 cold 121241305
hot 9765921 warm 95597645 cold 121241305
hot 9831452 warm 95597645 cold 121241305
hot 9901593 warm 95597645 cold 121241305
hot 9915417 warm 95597645 cold 121241305
hot 9917461 warm 95597645 cold 121241305
hot 9917457 warm 95597645 cold 121241305
hot 9917453 warm 95597645 cold 121241305
hot 9917449 warm 95597645 cold 121241305
hot 9917445 warm 95597645 cold 121241305
hot 9917953 warm 95597645 cold 121241305
hot 9917949 warm 95597645 cold 121241305
hot 9787896 warm 95597645 cold 121241305
hot 9218013 warm 95597645 cold 121241305
hot 9611225 warm 95597645 cold 121241305
hot 9618901 warm 95597645 cold 121241305
hot 9624529 warm 95597645 cold 121241305
hot 9631693 warm 95597645 cold 121241305
hot 9637833 warm 95597645 cold 121241305
hot 9643461 warm 95597645 cold 121241305
hot 9658817 warm 95597645 cold 121241305
hot 9671101 warm 95597645 cold 121241305
hot 9686969 warm 95597645 cold 121241305
hot 9703861 warm 95597645 cold 121241305
hot 9717169 warm 95597645 cold 121241305
hot 9723309 warm 95597645 cold 121241305
hot 9732521 warm 95597645 cold 121241305
hot 9736101 warm 95597645 cold 121241305
hot 9738657 warm 95597645 cold 121241305
hot 10187752 warm 96431181 cold 121241305
hot 10263081 warm 97652301 cold 121241305
hot 10168920 warm 99086413 cold 121241305
hot 10437206 warm 99238481 cold 121241305
hot 10439765 warm 99591249 cold 121241305
hot 10445909 warm 99754578 cold 121241305
hot 10451542 warm 99777107 cold 121241305
hot 10452051 warm 99780691 cold 121241305
hot 10452052 warm 99782227 cold 121241305
hot 10452053 warm 99785299 cold 121241305
hot 9740348 warm 99787859 cold 121241305
hot 10126904 warm 99787859 cold 121241305
hot 10151477 warm 99789395 cold 121241305
hot 10168881 warm 99790419 cold 121241305
hot 10185773 warm 99790931 cold 121241305
hot 10202665 warm 99793491 cold 121241305
hot 10214437 warm 99794515 cold 121241305
hot 10228257 warm 99798612 cold 121241305
hot 10239517 warm 99799126 cold 121241305
hot 10247193 warm 99800662 cold 121241305
hot 10257429 warm 99802710 cold 121241305
hot 10262033 warm 99805782 cold 121241305
hot 10264589 warm 99806806 cold 121241305
hot 10268171 warm 99812439 cold 121241305
hot 10270217 warm 99821143 cold 121241305
hot 10273798 warm 99832407 cold 121241305
hot 10280452 warm 99851351 cold 121241305
hot 10294279 warm 99894360 cold 121241305
hot 10309639 warm 99936857 cold 121241305
hot 10406409 warm 99938396 cold 121241305
hot 10447881 warm 99943004 cold 121241305
hot 10447877 warm 99947612 cold 121241305
hot 10447873 warm 99954268 cold 121241305
hot 10447869 warm 99956316 cold 121241305
hot 10448378 warm 99962460 cold 121241305
hot 10448375 warm 99966044 cold 121241305
hot 10449397 warm 99967581 cold 121241305
hot 10318832 warm 99968093 cold 121241305
hot 9755605 warm 99968093 cold 121241306
hot 10144209 warm 99968093 cold 121241306
hot 10161101 warm 99968093 cold 121241306
hot 10186697 warm 99968093 cold 121241306
hot 10204613 warm 99968093 cold 121241306
hot 10219969 warm 99968093 cold 121241306
hot 10233789 warm 99968093 cold 121241306
hot 10246073 warm 99968093 cold 121241306
hot 10255285 warm 99968093 cold 121241306
hot 10262962 warm 99968093 cold 121241306
hot 10266030 warm 99968093 cold 121241306
hot 10270634 warm 99968093 cold 121241306
hot 10272167 warm 99968093 cold 121241306
hot 10275236 warm 99968093 cold 121241306
hot 10280353 warm 99968605 cold 121241306
hot 10291108 warm 99969630 cold 121241306
hot 10191784 warm 99970655 cold 121241306
hot 10368932 warm 99970656 cold 121241306
hot 10440609 warm 99971169 cold 121241306
hot 10440606 warm 99971169 cold 121241306
hot 10440604 warm 99972705 cold 121241306
hot 10440604 warm 99972705 cold 121241306
hot 10441626 warm 99973218 cold 121241306
hot 10445726 warm 99973218 cold 121241306
hot 9741187 warm 99973218 cold 121241306
hot 10111871 warm 99973218 cold 121241306
hot 10155387 warm 99973218 cold 121241306
hot 10195831 warm 99973218 cold 121241306
hot 10224499 warm 99973218 cold 121241306
hot 10243439 warm 99973218 cold 121241306
hot 10254187 warm 99973218 cold 121241306
hot 10259815 warm 99973218 cold 121241306
hot 10262371 warm 99973218 cold 121241306
hot 10263903 warm 99973218 cold 121241306
hot 10264923 warm 99973218 cold 121241306
hot 10265432 warm 99973218 cold 121241306
hot 10266453 warm 99973218 cold 121241306
hot 10267987 warm 99973730 cold 121241306
hot 10270547 warm 99973730 cold 121241306
hot 10275154 warm 99973730 cold 121241306
hot 10592191 warm 99975273 cold 123097306
hot 10733083 warm 99976817 cold 125210331
hot 10788899 warm 99976827 cold 125322974
hot 10934821 warm 99977856 cold 125369054
hot 10935332 warm 99978368 cold 125449951
hot 10935336 warm 99978370 cold 125517023
hot 10936365 warm 99978372 cold 125574367
hot 10938417 warm 99978375 cold 125601504
hot 10941492 warm 99978377 cold 125611744
hot 10951737 warm 99978894 cold 125614305
hot 10284063 warm 99978894 cold 125614818
hot 10678811 warm 99978894 cold 125615330
hot 10702359 warm 99978894 cold 125615330
hot 10718227 warm 99978894 cold 125615330
hot 10734095 warm 99978894 cold 125615843
hot 10744843 warm 99978894 cold 125615844
hot 10757639 warm 99978894 cold 125615844
hot 10769411 warm 99978894 cold 125615844
hot 10779135 warm 99978894 cold 125616356
hot 10788347 warm 99978894 cold 125616356
hot 10794487 warm 99978894 cold 125616356
hot 10797043 warm 99978894 cold 125616356
hot 10801647 warm 99978894 cold 125616356
hot 10803179 warm 99978894 cold 125616356
hot 10806247 warm 99978894 cold 125616356
hot 10807779 warm 99978894 cold 125616356
hot 10810335 warm 99978895 cold 125616356
hot 10814939 warm 99978896 cold 125616356
hot 10825175 warm 99978899 cold 125616868
hot 10853843 warm 99979421 cold 125617380
hot 10926542 warm 99979430 cold 125617381
hot 10985418 warm 99979443 cold 125617382
hot 10985414 warm 99979444 cold 125617382
hot 10985410 warm 99979960 cold 125617382
hot 10985406 warm 99979967 cold 125617382
hot 10985402 warm 99979968 cold 125617382
hot 10985910 warm 99979968 cold 125617382
hot 10986418 warm 99979968 cold 125617382
hot 10986414 warm 99979972 cold 125617383
hot 10986410 warm 99979973 cold 125617384
hot 10297230 warm 99979973 cold 125617384
hot 10686346 warm 99979973 cold 125617385
hot 10715014 warm 99979973 cold 125617385
hot 10738562 warm 99979973 cold 125617385
hot 10754942 warm 99979973 cold 125617385
hot 10765178 warm 99979973 cold 125617385
hot 10776950 warm 99979973 cold 125617385
hot 10786674 warm 99979973 cold 125617385
hot 10794350 warm 99979973 cold 125617385
hot 10797418 warm 99979973 cold 125617385
hot 10799974 warm 99979973 cold 125617385
hot 10801506 warm 99979973 cold 125617385
hot 10803550 warm 99979973 cold 125617385
hot 10805082 warm 99979973 cold 125617385
hot 10806614 warm 99979974 cold 125617385
hot 10810194 warm 99979975 cold 125617385
hot 10817870 warm 99979979 cold 125617386
hot 10838346 warm 99979984 cold 125617386
hot 10910021 warm 99979999 cold 125617388
hot 10970433 warm 99980015 cold 125617388
hot 10979645 warm 99980026 cold 125617388
hot 10979641 warm 99980026 cold 125617900
hot 10979637 warm 99980028 cold 125617900
hot 10979633 warm 99980029 cold 125617900
hot 10980141 warm 99980036 cold 125617900
hot 10980137 warm 99980040 cold 125617900
hot 10980645 warm 99980043 cold 125617901
hot 10271497 warm 99980046 cold 125617901
hot 10656005 warm 99980046 cold 125617901
hot 10686209 warm 99980046 cold 125617901
hot 11109640 warm 99980046 cold 125658350
hot 11137805 warm 99980046 cold 125719790
hot 11160333 warm 99980046 cold 125786351
hot 11179794 warm 99980046 cold 125858543
hot 11192086 warm 99980046 cold 125944048
hot 11205401 warm 99980046 cold 126039793
hot 11210008 warm 99980046 cold 126144753
hot 11215132 warm 99980046 cold 126280945
hot 11217696 warm 99980046 cold 126426353
hot 11218207 warm 99980046 cold 126585075
hot 11219232 warm 99980046 cold 126793973
hot 11221279 warm 99980046 cold 127044854
hot 11223836 warm 99980046 cold 127380214
hot 11228441 warm 99980046 cold 127874809
hot 11240213 warm 99980046 cold 128784647
hot 11144976 warm 99980046 cold 129657623
hot 11361548 warm 99980046 cold 129679658
hot 11405576 warm 99980046 cold 129713456
hot 11405572 warm 99980046 cold 129763120
hot 11405568 warm 99980046 cold 129804083
hot 11405565 warm 99980046 cold 129850677
hot 11405561 warm 99980046 cold 129897269
hot 11405558 warm 99980046 cold 129940790
hot 11405554 warm 99980046 cold 129960250
hot 11406062 warm 99980046 cold 129975611
