pgmigrate_success 128167439
pgmigrate_success 128167447
pgmigrate_success 128167449
pgmigrate_success 128167963
pgmigrate_success 128167964
pgmigrate_success 128167965
pgmigrate_success 128193567
pgmigrate_success 128259105
pgmigrate_success 128300066
pgmigrate_success 128300581
pgmigrate_success 128349239
pgmigrate_success 128388665
pgmigrate_success 128456251
pgmigrate_success 128545853
pgmigrate_success 128568895
pgmigrate_success 128578113
pgmigrate_success 128596549
pgmigrate_success 128615498
pgmigrate_success 128615515
pgmigrate_success 128615517
pgmigrate_success 128615518
pgmigrate_success 128617057
pgmigrate_success 128617059
pgmigrate_success 128617589
pgmigrate_success 128617590
pgmigrate_success 128617591
pgmigrate_success 128617592
pgmigrate_success 128617594
pgmigrate_success 128617596
pgmigrate_success 128617597
pgmigrate_success 128617611
pgmigrate_success 128617612
pgmigrate_success 128617613
pgmigrate_success 128617614
pgmigrate_success 128618128
pgmigrate_success 128618129
pgmigrate_success 128618144
pgmigrate_success 128618149
pgmigrate_success 128618150
pgmigrate_success 128618153
pgmigrate_success 128618154
pgmigrate_success 128618165
pgmigrate_success 128618168
pgmigrate_success 128618169
pgmigrate_success 128618170
pgmigrate_success 128618172
pgmigrate_success 128618184
pgmigrate_success 128618188
pgmigrate_success 128618189
pgmigrate_success 128618192
pgmigrate_success 128618194
pgmigrate_success 128618205
pgmigrate_success 128618208
pgmigrate_success 128618209
pgmigrate_success 128618210
pgmigrate_success 128618725
pgmigrate_success 128618736
pgmigrate_success 128618740
pgmigrate_success 128618741
pgmigrate_success 128618743
pgmigrate_success 128618745
pgmigrate_success 128618757
pgmigrate_success 128618760
pgmigrate_success 128618761
pgmigrate_success 128618762
pgmigrate_success 128618763
pgmigrate_success 128618774
pgmigrate_success 128618777
pgmigrate_success 128618778
pgmigrate_success 128619293
pgmigrate_success 128619294
pgmigrate_success 128619303
pgmigrate_success 128619307
pgmigrate_success 128619308
pgmigrate_success 128619309
pgmigrate_success 128619310
pgmigrate_success 128619312
pgmigrate_success 128619323
pgmigrate_success 128619324
pgmigrate_success 128619326
pgmigrate_success 128619328
pgmigrate_success 128619851
pgmigrate_success 128619851
pgmigrate_success 128619852
pgmigrate_success 128619853
pgmigrate_success 128619855
pgmigrate_success 128619859
pgmigrate_success 128619868
pgmigrate_success 128619871
pgmigrate_success 128619873
pgmigrate_success 128619875
pgmigrate_success 128619876
pgmigrate_success 128619885
pgmigrate_success 128619886
pgmigrate_success 128619887
pgmigrate_success 128619888
pgmigrate_success 128620402
pgmigrate_success 128620410
pgmigrate_success 128620413
pgmigrate_success 128620414
pgmigrate_success 128620416
pgmigrate_success 128620417
pgmigrate_success 128621684
pgmigrate_success 128621685
pgmigrate_success 128621686
pgmigrate_success 128621687
pgmigrate_success 128621688
pgmigrate_success 128621689
pgmigrate_success 128621690
pgmigrate_success 128621691
pgmigrate_success 128621692
pgmigrate_success 128621693
pgmigrate_success 128621694
pgmigrate_success 128621695
pgmigrate_success 128621696
pgmigrate_success 128621697
pgmigrate_success 128621698
pgmigrate_success 128621699
pgmigrate_success 128621700
pgmigrate_success 128621701
pgmigrate_success 128621702
pgmigrate_success 128621703
pgmigrate_success 128621704
pgmigrate_success 128621705
pgmigrate_success 128621706
pgmigrate_success 128621707
pgmigrate_success 128621708
pgmigrate_success 128621709
pgmigrate_success 128621710
pgmigrate_success 128621711
pgmigrate_success 128621712
pgmigrate_success 128621713
pgmigrate_success 128621714
pgmigrate_success 128621715
pgmigrate_success 128621716
pgmigrate_success 128621717
pgmigrate_success 128621718
pgmigrate_success 128621719
pgmigrate_success 128621720
pgmigrate_success 128621721
pgmigrate_success 128621722
pgmigrate_success 128621723
pgmigrate_success 128621724
pgmigrate_success 128621725
pgmigrate_success 128621727
pgmigrate_success 128621728
pgmigrate_success 128621729
pgmigrate_success 128621730
pgmigrate_success 128621731
pgmigrate_success 128621732
pgmigrate_success 128621733
pgmigrate_success 128621734
pgmigrate_success 128621735
pgmigrate_success 128621736
pgmigrate_success 128621737
pgmigrate_success 128621738
pgmigrate_success 128621739
pgmigrate_success 128621740
pgmigrate_success 128621741
pgmigrate_success 128621742
pgmigrate_success 128621743
pgmigrate_success 128621744
pgmigrate_success 128621745
pgmigrate_success 128621746
pgmigrate_success 128621747
pgmigrate_success 128621748
pgmigrate_success 128621749
pgmigrate_success 128621750
pgmigrate_success 128621751
pgmigrate_success 128621752
pgmigrate_success 128621753
pgmigrate_success 128621754
pgmigrate_success 128621755
pgmigrate_success 128621756
pgmigrate_success 128621757
pgmigrate_success 128621758
pgmigrate_success 128621759
pgmigrate_success 128621760
pgmigrate_success 128621761
pgmigrate_success 128621762
pgmigrate_success 128621763
pgmigrate_success 128621764
pgmigrate_success 128621765
pgmigrate_success 128621766
pgmigrate_success 128621767
pgmigrate_success 128621768
pgmigrate_success 128621769
pgmigrate_success 128621770
pgmigrate_success 128621771
pgmigrate_success 128621772
pgmigrate_success 128621773
pgmigrate_success 128621774
pgmigrate_success 128621775
pgmigrate_success 128621776
pgmigrate_success 128621777
pgmigrate_success 128621778
pgmigrate_success 128621779
pgmigrate_success 128621780
pgmigrate_success 128621781
pgmigrate_success 128621782
pgmigrate_success 128621783
pgmigrate_success 128621784
pgmigrate_success 128621785
pgmigrate_success 128621786
pgmigrate_success 128621787
pgmigrate_success 128621788
pgmigrate_success 128621789
pgmigrate_success 128621790
pgmigrate_success 128621791
pgmigrate_success 128621792
pgmigrate_success 128621793
pgmigrate_success 128621794
pgmigrate_success 128621795
pgmigrate_success 128621796
pgmigrate_success 128621797
pgmigrate_success 128621798
pgmigrate_success 128621799
pgmigrate_success 128621800
pgmigrate_success 128622315
pgmigrate_success 128622316
pgmigrate_success 128622317
pgmigrate_success 128622318
pgmigrate_success 128622319
pgmigrate_success 128622320
pgmigrate_success 128622321
pgmigrate_success 128622322
pgmigrate_success 128622324
pgmigrate_success 128622325
pgmigrate_success 128622326
pgmigrate_success 128622327
pgmigrate_success 128622328
pgmigrate_success 128622329
pgmigrate_success 128622330
pgmigrate_success 128622331
pgmigrate_success 128622332
pgmigrate_success 128622333
pgmigrate_success 128622334
pgmigrate_success 128622848
pgmigrate_success 128622849
pgmigrate_success 128622850
pgmigrate_success 128622851
pgmigrate_success 128622852
pgmigrate_success 128622853
pgmigrate_success 128622854
pgmigrate_success 128622855
pgmigrate_success 128622856
pgmigrate_success 128622857
pgmigrate_success 128622858
pgmigrate_success 128622859
pgmigrate_success 128622860
pgmigrate_success 128622861
pgmigrate_success 128622862
pgmigrate_success 128622863
pgmigrate_success 128622864
pgmigrate_success 128622865
pgmigrate_success 128622866
pgmigrate_success 128622867
pgmigrate_success 128622868
pgmigrate_success 128622869
pgmigrate_success 128622870
pgmigrate_success 128622871
pgmigrate_success 128622872
pgmigrate_success 128622873
pgmigrate_success 128622874
pgmigrate_success 128622875
pgmigrate_success 128622876
pgmigrate_success 128622877
pgmigrate_success 128622878
pgmigrate_success 128622879
pgmigrate_success 128622880
pgmigrate_success 128622881
pgmigrate_success 128622882
pgmigrate_success 128622883
pgmigrate_success 128622884
pgmigrate_success 128622885
pgmigrate_success 128622886
pgmigrate_success 128622887
pgmigrate_success 128622888
pgmigrate_success 128622889
pgmigrate_success 128622890
pgmigrate_success 128622891
pgmigrate_success 128622892
pgmigrate_success 128622893
pgmigrate_success 128622894
pgmigrate_success 128622895
pgmigrate_success 128622896
pgmigrate_success 128622897
pgmigrate_success 128623411
pgmigrate_success 128623412
pgmigrate_success 128623413
pgmigrate_success 128623414
pgmigrate_success 128623415
pgmigrate_success 128623416
pgmigrate_success 128623417
pgmigrate_success 128623418
pgmigrate_success 128623419
pgmigrate_success 128623420
pgmigrate_success 128623421
pgmigrate_success 128623422
pgmigrate_success 128623423
pgmigrate_success 128623424
pgmigrate_success 128623425
pgmigrate_success 128623426
pgmigrate_success 128623427
pgmigrate_success 128623428
pgmigrate_success 128623429
pgmigrate_success 128623430
pgmigrate_success 128623431
pgmigrate_success 128623433
pgmigrate_success 128623434
pgmigrate_success 128623435
pgmigrate_success 128623436
pgmigrate_success 128623437
pgmigrate_success 128623438
pgmigrate_success 128623439
pgmigrate_success 128623440
pgmigrate_success 128623441
pgmigrate_success 128623442
pgmigrate_success 128623443
pgmigrate_success 128623444
pgmigrate_success 128623445
pgmigrate_success 128623446
pgmigrate_success 128623447
pgmigrate_success 128623448
pgmigrate_success 128623449
pgmigrate_success 128623450
pgmigrate_success 128623451
pgmigrate_success 128623452
pgmigrate_success 128623453
pgmigrate_success 128623454
pgmigrate_success 128623455
pgmigrate_success 128623456
pgmigrate_success 128623457
pgmigrate_success 128623458
pgmigrate_success 128623459
pgmigrate_success 128623460
pgmigrate_success 128623461
pgmigrate_success 128623462
pgmigrate_success 128623463
pgmigrate_success 128623464
pgmigrate_success 128623465
pgmigrate_success 128623466
pgmigrate_success 128623467
pgmigrate_success 128623468
pgmigrate_success 128623469
pgmigrate_success 128623470
pgmigrate_success 128623471
pgmigrate_success 128623472
pgmigrate_success 128623473
pgmigrate_success 128623474
pgmigrate_success 128623475
pgmigrate_success 128623476
pgmigrate_success 128623477
pgmigrate_success 128623478
pgmigrate_success 128623479
pgmigrate_success 128623480
pgmigrate_success 128623481
pgmigrate_success 128623482
pgmigrate_success 128623483
pgmigrate_success 128623484
pgmigrate_success 128623485
pgmigrate_success 128623486
pgmigrate_success 128623487
pgmigrate_success 128623488
pgmigrate_success 128623489
pgmigrate_success 128623490
pgmigrate_success 128623491
pgmigrate_success 128623492
pgmigrate_success 128623493
pgmigrate_success 128623494
pgmigrate_success 128623495
pgmigrate_success 128623496
pgmigrate_success 128623497
pgmigrate_success 128623498
pgmigrate_success 128623499
pgmigrate_success 128623500
pgmigrate_success 128623501
pgmigrate_success 128623502
pgmigrate_success 128623503
pgmigrate_success 128623504
pgmigrate_success 128623505
pgmigrate_success 128623506
pgmigrate_success 128623507
pgmigrate_success 128623508
pgmigrate_success 128623509
pgmigrate_success 128623510
pgmigrate_success 128623511
pgmigrate_success 128623512
pgmigrate_success 128623513
pgmigrate_success 128623514
pgmigrate_success 128623515
pgmigrate_success 128623516
pgmigrate_success 128623517
pgmigrate_success 128623518
pgmigrate_success 128623519
pgmigrate_success 128623520
pgmigrate_success 128623521
pgmigrate_success 128623522
pgmigrate_success 128623523
pgmigrate_success 128623524
pgmigrate_success 128624038
pgmigrate_success 128624039
pgmigrate_success 128624040
pgmigrate_success 128624041
pgmigrate_success 128624042
pgmigrate_success 128624043
pgmigrate_success 128624044
pgmigrate_success 128624045
pgmigrate_success 128624046
pgmigrate_success 128624047
pgmigrate_success 128624048
pgmigrate_success 128624049
pgmigrate_success 128624050
pgmigrate_success 128624051
pgmigrate_success 128624052
pgmigrate_success 128624053
pgmigrate_success 128624054
pgmigrate_success 128624055
pgmigrate_success 128624056
pgmigrate_success 128624057
pgmigrate_success 128624058
pgmigrate_success 128624059
pgmigrate_success 128624060
pgmigrate_success 128624061
pgmigrate_success 128624062
pgmigrate_success 128624063
pgmigrate_success 128624064
pgmigrate_success 128624065
pgmigrate_success 128624066
pgmigrate_success 128624067
pgmigrate_success 128624068
pgmigrate_success 128624069
pgmigrate_success 128624070
pgmigrate_success 128624071
pgmigrate_success 128624072
pgmigrate_success 128624073
pgmigrate_success 128624074
pgmigrate_success 128624075
pgmigrate_success 128624076
pgmigrate_success 128624077
pgmigrate_success 128624078
pgmigrate_success 128624079
pgmigrate_success 128624080
pgmigrate_success 128624081
pgmigrate_success 128624082
pgmigrate_success 128624083
pgmigrate_success 128624084
pgmigrate_success 128624085
pgmigrate_success 128624086
pgmigrate_success 128624087
pgmigrate_success 128624088
pgmigrate_success 128624089
pgmigrate_success 128624090
pgmigrate_success 128624091
pgmigrate_success 128624092
pgmigrate_success 128624093
pgmigrate_success 128624094
pgmigrate_success 128624095
pgmigrate_success 128624096
pgmigrate_success 128624097
pgmigrate_success 128624098
pgmigrate_success 128624099
pgmigrate_success 128624100
pgmigrate_success 128624101
pgmigrate_success 128624102
pgmigrate_success 128624103
pgmigrate_success 128624104
pgmigrate_success 128624105
pgmigrate_success 128624106
pgmigrate_success 128624107
pgmigrate_success 128624108
pgmigrate_success 128624109
pgmigrate_success 128624111
pgmigrate_success 128624112
pgmigrate_success 128624113
pgmigrate_success 128624114
pgmigrate_success 128624115
pgmigrate_success 128624116
pgmigrate_success 128624117
pgmigrate_success 128624118
pgmigrate_success 128624119
pgmigrate_success 128624120
pgmigrate_success 128624121
pgmigrate_success 128624122
pgmigrate_success 128624123
pgmigrate_success 128624124
pgmigrate_success 128624125
pgmigrate_success 128624126
pgmigrate_success 128624127
pgmigrate_success 128624128
pgmigrate_success 128624129
pgmigrate_success 128624130
pgmigrate_success 128624131
pgmigrate_success 128624132
pgmigrate_success 128624133
pgmigrate_success 128811742
pgmigrate_success 128998110
pgmigrate_success 128998110
pgmigrate_success 129370334
pgmigrate_success 129370334
pgmigrate_success 129370334
pgmigrate_success 129370334
pgmigrate_success 130114270
pgmigrate_success 130114270
pgmigrate_success 130114270
pgmigrate_success 130114270
pgmigrate_success 130114270
pgmigrate_success 130114270
pgmigrate_success 130114270
pgmigrate_success 130114270
pgmigrate_success 130114270
pgmigrate_success 130114270
pgmigrate_success 130114270
pgmigrate_success 130114270
pgmigrate_success 130114270
pgmigrate_success 130114270
pgmigrate_success 130114270
pgmigrate_success 130114270
pgmigrate_success 130114270
pgmigrate_success 130114270
pgmigrate_success 130114270
pgmigrate_success 130114270
pgmigrate_success 130114270
pgmigrate_success 130114270
pgmigrate_success 130114270
pgmigrate_success 130114270
pgmigrate_success 130114270
pgmigrate_success 130116831
pgmigrate_success 130116832
pgmigrate_success 130116833
