pgmigrate_success 27008323
pgmigrate_fail 139009
thp_migration_success 43630
thp_migration_fail 0
thp_migration_split 0
thp_fault_alloc 106865
thp_fault_fallback 0
thp_fault_fallback_charge 0
thp_collapse_alloc 3863
thp_collapse_alloc_failed 5227
thp_file_alloc 123
thp_file_fallback 0
thp_file_fallback_charge 0
thp_file_mapped 0
thp_split_page 1174
thp_split_page_failed 113
thp_deferred_split_page 3423
thp_split_pmd 5573
thp_split_pud 0
thp_zero_page_alloc 0
thp_zero_page_alloc_failed 0
thp_swpout 0
thp_swpout_fallback 0
htmm_nr_promoted 21003263
htmm_nr_demoted 4100025
htmm_nr_sampled 0
htmm_missed_dramread 496
htmm_missed_nvmread 0
htmm_missed_write 0
htmm_alloc_dram 95643782
htmm_alloc_nvm 0
