pgmigrate_success 54145152
pgmigrate_success 54145155
pgmigrate_success 54145668
pgmigrate_success 54145668
pgmigrate_success 54145668
pgmigrate_success 54177463
pgmigrate_success 54220983
pgmigrate_success 54220983
pgmigrate_success 54220983
pgmigrate_success 54220983
pgmigrate_success 54220983
pgmigrate_success 54221495
pgmigrate_success 54221495
pgmigrate_success 54221495
pgmigrate_success 54221495
pgmigrate_success 54221528
pgmigrate_success 54221528
pgmigrate_success 54221528
pgmigrate_success 54221528
pgmigrate_success 54221528
pgmigrate_success 54221528
pgmigrate_success 54221528
pgmigrate_success 54221528
pgmigrate_success 54221528
pgmigrate_success 54221528
pgmigrate_success 54221528
pgmigrate_success 54221528
pgmigrate_success 54222040
pgmigrate_success 54222040
pgmigrate_success 54222040
pgmigrate_success 54222040
pgmigrate_success 54222793
pgmigrate_success 54222793
pgmigrate_success 54222793
pgmigrate_success 54222793
pgmigrate_success 54223305
pgmigrate_success 54223305
pgmigrate_success 54224966
pgmigrate_success 54224966
pgmigrate_success 54224966
pgmigrate_success 54225478
pgmigrate_success 54226041
pgmigrate_success 54226041
pgmigrate_success 54227065
pgmigrate_success 54227065
pgmigrate_success 54227065
pgmigrate_success 54228601
pgmigrate_success 54228601
pgmigrate_success 54228601
pgmigrate_success 54228601
pgmigrate_success 54228601
pgmigrate_success 54228601
pgmigrate_success 54228601
pgmigrate_success 54229113
pgmigrate_success 54229113
pgmigrate_success 54229113
pgmigrate_success 54229625
pgmigrate_success 54229625
pgmigrate_success 54229625
pgmigrate_success 54229625
pgmigrate_success 54229625
pgmigrate_success 54229625
pgmigrate_success 54229772
pgmigrate_success 54229772
pgmigrate_success 54229772
pgmigrate_success 54229772
pgmigrate_success 54230284
pgmigrate_success 54230284
pgmigrate_success 54231183
pgmigrate_success 54231183
pgmigrate_success 54231183
pgmigrate_success 54231183
pgmigrate_success 54231183
pgmigrate_success 54231183
pgmigrate_success 54231183
pgmigrate_success 54231183
pgmigrate_success 54231183
pgmigrate_success 54231695
pgmigrate_success 54231695
pgmigrate_success 54231695
pgmigrate_success 54236824
pgmigrate_success 54238360
pgmigrate_success 54238872
pgmigrate_success 54239896
pgmigrate_success 54239896
pgmigrate_success 54243483
pgmigrate_success 54243995
pgmigrate_success 54243995
pgmigrate_success 54243995
pgmigrate_success 54243995
pgmigrate_success 54243995
pgmigrate_success 54243995
pgmigrate_success 54243995
pgmigrate_success 54243995
pgmigrate_success 54244042
pgmigrate_success 54244042
pgmigrate_success 54244042
pgmigrate_success 54244042
pgmigrate_success 54244042
pgmigrate_success 54244175
pgmigrate_success 54244175
pgmigrate_success 54244175
pgmigrate_success 54244175
pgmigrate_success 54244175
pgmigrate_success 54244175
pgmigrate_success 54244175
pgmigrate_success 54244175
pgmigrate_success 54244175
pgmigrate_success 54244175
pgmigrate_success 54244175
pgmigrate_success 54244175
pgmigrate_success 54244175
pgmigrate_success 54244175
pgmigrate_success 54244175
pgmigrate_success 54244175
pgmigrate_success 54244175
pgmigrate_success 54244175
pgmigrate_success 54244175
pgmigrate_success 54244175
pgmigrate_success 54244175
pgmigrate_success 54244175
pgmigrate_success 54244175
pgmigrate_success 54244175
pgmigrate_success 54244175
pgmigrate_success 54244175
pgmigrate_success 54244207
pgmigrate_success 54244207
pgmigrate_success 54244207
pgmigrate_success 54244207
pgmigrate_success 54244207
pgmigrate_success 54244465
pgmigrate_success 54244465
pgmigrate_success 54244465
pgmigrate_success 54244465
pgmigrate_success 54244465
pgmigrate_success 54244465
pgmigrate_success 54244465
pgmigrate_success 54244465
pgmigrate_success 54244465
pgmigrate_success 54244465
pgmigrate_success 54244465
pgmigrate_success 54244465
pgmigrate_success 54244465
pgmigrate_success 54244465
pgmigrate_success 54244465
pgmigrate_success 54244465
pgmigrate_success 54244465
pgmigrate_success 54244465
pgmigrate_success 54244465
pgmigrate_success 54244465
pgmigrate_success 54244465
pgmigrate_success 54244465
pgmigrate_success 54244465
pgmigrate_success 54244465
pgmigrate_success 54244465
pgmigrate_success 54244466
pgmigrate_success 54244541
pgmigrate_success 54244541
pgmigrate_success 54244541
pgmigrate_success 54244541
pgmigrate_success 54244541
pgmigrate_success 54244541
pgmigrate_success 54244864
pgmigrate_success 54244864
pgmigrate_success 54244864
pgmigrate_success 54244864
pgmigrate_success 54244864
pgmigrate_success 54244864
pgmigrate_success 54244864
pgmigrate_success 54244864
pgmigrate_success 54244864
pgmigrate_success 54244864
pgmigrate_success 54244864
pgmigrate_success 54244864
pgmigrate_success 54245376
pgmigrate_success 54245376
pgmigrate_success 54245376
pgmigrate_success 54245888
pgmigrate_success 54245888
pgmigrate_success 54245888
pgmigrate_success 54245888
pgmigrate_success 54245888
pgmigrate_success 54245888
pgmigrate_success 54245888
pgmigrate_success 54245888
pgmigrate_success 54245888
pgmigrate_success 54245888
pgmigrate_success 54245929
pgmigrate_success 54245929
pgmigrate_success 54245929
pgmigrate_success 54245929
pgmigrate_success 54245929
pgmigrate_success 54245929
pgmigrate_success 54246063
pgmigrate_success 54246063
pgmigrate_success 54246063
pgmigrate_success 54246063
pgmigrate_success 54246063
pgmigrate_success 54246063
pgmigrate_success 54246063
pgmigrate_success 54246063
pgmigrate_success 54246063
pgmigrate_success 54246063
pgmigrate_success 54246063
pgmigrate_success 54246063
pgmigrate_success 54246063
pgmigrate_success 54246063
pgmigrate_success 54246130
pgmigrate_success 54246130
pgmigrate_success 54246130
pgmigrate_success 54246130
pgmigrate_success 54246130
pgmigrate_success 54246130
pgmigrate_success 54246130
pgmigrate_success 54246130
pgmigrate_success 54246130
pgmigrate_success 54246130
pgmigrate_success 54246130
pgmigrate_success 54246130
pgmigrate_success 54246220
pgmigrate_success 54246220
pgmigrate_success 54246220
pgmigrate_success 54246220
pgmigrate_success 54246220
pgmigrate_success 54246433
pgmigrate_success 54246433
pgmigrate_success 54246433
pgmigrate_success 54246433
pgmigrate_success 54246433
pgmigrate_success 54246433
pgmigrate_success 54246433
pgmigrate_success 54246433
pgmigrate_success 54246433
pgmigrate_success 54246433
pgmigrate_success 54246433
pgmigrate_success 54246433
pgmigrate_success 54246433
pgmigrate_success 54246433
pgmigrate_success 54246433
pgmigrate_success 54246433
pgmigrate_success 54246433
pgmigrate_success 54246433
pgmigrate_success 54246433
pgmigrate_success 54246433
pgmigrate_success 54246433
pgmigrate_success 54246433
pgmigrate_success 54246433
pgmigrate_success 54246433
pgmigrate_success 54246433
pgmigrate_success 54246433
pgmigrate_success 54246474
pgmigrate_success 54246474
pgmigrate_success 54246474
pgmigrate_success 54246474
pgmigrate_success 54246474
pgmigrate_success 54246474
pgmigrate_success 54246650
pgmigrate_success 54246650
pgmigrate_success 54246650
pgmigrate_success 54246650
pgmigrate_success 54246650
pgmigrate_success 54246650
pgmigrate_success 54246650
pgmigrate_success 54246650
pgmigrate_success 54246650
pgmigrate_success 54246650
pgmigrate_success 54246650
pgmigrate_success 54246650
pgmigrate_success 54246650
pgmigrate_success 54246650
pgmigrate_success 54246650
pgmigrate_success 54246650
pgmigrate_success 54246650
pgmigrate_success 54246650
pgmigrate_success 54246650
pgmigrate_success 54246650
pgmigrate_success 54246650
pgmigrate_success 54246650
pgmigrate_success 54246650
pgmigrate_success 54246650
pgmigrate_success 54246650
pgmigrate_success 54246697
pgmigrate_success 54246697
pgmigrate_success 54246697
pgmigrate_success 54246697
pgmigrate_success 54246697
pgmigrate_success 54246697
pgmigrate_success 54246823
pgmigrate_success 54247847
pgmigrate_success 54247847
pgmigrate_success 54247847
pgmigrate_success 54247847
pgmigrate_success 54247847
pgmigrate_success 54247847
pgmigrate_success 54247847
pgmigrate_success 54247847
pgmigrate_success 54247847
pgmigrate_success 54247847
pgmigrate_success 54247847
pgmigrate_success 54247847
pgmigrate_success 54247847
pgmigrate_success 54247847
pgmigrate_success 54247847
pgmigrate_success 54247847
pgmigrate_success 54247847
pgmigrate_success 54247847
pgmigrate_success 54247847
pgmigrate_success 54247847
pgmigrate_success 54247847
pgmigrate_success 54247847
pgmigrate_success 54247847
pgmigrate_success 54247849
pgmigrate_success 54247849
pgmigrate_success 54247895
pgmigrate_success 54247895
pgmigrate_success 54248407
pgmigrate_success 54248407
pgmigrate_success 54248407
pgmigrate_success 54248567
pgmigrate_success 54248567
pgmigrate_success 54248567
pgmigrate_success 54248567
pgmigrate_success 54248567
pgmigrate_success 54248567
pgmigrate_success 54248567
pgmigrate_success 54248567
pgmigrate_success 54248567
pgmigrate_success 54248567
pgmigrate_success 54248567
pgmigrate_success 54248567
pgmigrate_success 54249079
pgmigrate_success 54249079
pgmigrate_success 54249079
pgmigrate_success 54249079
pgmigrate_success 54249079
pgmigrate_success 54249079
pgmigrate_success 54249079
pgmigrate_success 54249079
pgmigrate_success 54249079
pgmigrate_success 54249079
pgmigrate_success 54249079
pgmigrate_success 54249079
pgmigrate_success 54249079
pgmigrate_success 54249079
pgmigrate_success 54249136
pgmigrate_success 54249136
pgmigrate_success 54249136
pgmigrate_success 54249136
pgmigrate_success 54249136
pgmigrate_success 54249158
pgmigrate_success 54249795
pgmigrate_success 54249795
pgmigrate_success 54249795
pgmigrate_success 54249795
pgmigrate_success 54249795
pgmigrate_success 54249795
pgmigrate_success 54249795
pgmigrate_success 54250307
pgmigrate_success 54250307
pgmigrate_success 54250307
pgmigrate_success 54250307
pgmigrate_success 54250307
pgmigrate_success 54250307
pgmigrate_success 54250307
pgmigrate_success 54250307
pgmigrate_success 54250307
pgmigrate_success 54250307
pgmigrate_success 54250307
pgmigrate_success 54250307
pgmigrate_success 54250307
pgmigrate_success 54250307
pgmigrate_success 54250819
pgmigrate_success 54251331
pgmigrate_success 54251331
pgmigrate_success 54251331
pgmigrate_success 54251373
pgmigrate_success 54251373
pgmigrate_success 54251373
pgmigrate_success 54251373
pgmigrate_success 54251373
pgmigrate_success 54251373
pgmigrate_success 54251531
pgmigrate_success 54251532
pgmigrate_success 54251532
pgmigrate_success 54251532
pgmigrate_success 54251532
pgmigrate_success 54251532
pgmigrate_success 54251532
pgmigrate_success 54251532
pgmigrate_success 54251532
pgmigrate_success 54251532
pgmigrate_success 54251532
pgmigrate_success 54251532
pgmigrate_success 54251532
pgmigrate_success 54251532
pgmigrate_success 54251532
pgmigrate_success 54251532
pgmigrate_success 54251532
pgmigrate_success 54251532
pgmigrate_success 54251532
pgmigrate_success 54251532
pgmigrate_success 54251532
pgmigrate_success 54251532
pgmigrate_success 54251532
pgmigrate_success 54252044
pgmigrate_success 54252044
pgmigrate_success 54252556
pgmigrate_success 54252621
pgmigrate_success 54252621
pgmigrate_success 54252621
pgmigrate_success 54252621
pgmigrate_success 54252621
pgmigrate_success 54252723
pgmigrate_success 54252723
pgmigrate_success 54253235
pgmigrate_success 54253235
pgmigrate_success 54253235
pgmigrate_success 54253235
pgmigrate_success 54253235
pgmigrate_success 54253235
pgmigrate_success 54253235
pgmigrate_success 54253235
pgmigrate_success 54253235
pgmigrate_success 54253235
pgmigrate_success 54253235
pgmigrate_success 54253235
pgmigrate_success 54253235
pgmigrate_success 54253235
pgmigrate_success 54253235
pgmigrate_success 54253235
pgmigrate_success 54253235
pgmigrate_success 54253235
pgmigrate_success 54253235
pgmigrate_success 54253235
pgmigrate_success 54253235
pgmigrate_success 54253235
pgmigrate_success 54253235
pgmigrate_success 54253235
pgmigrate_success 54253275
pgmigrate_success 54253275
pgmigrate_success 54253275
pgmigrate_success 54253275
pgmigrate_success 54253275
pgmigrate_success 54253423
pgmigrate_success 54253423
pgmigrate_success 54253423
pgmigrate_success 54253423
pgmigrate_success 54253423
pgmigrate_success 54253423
pgmigrate_success 54253423
pgmigrate_success 54253423
pgmigrate_success 54253423
pgmigrate_success 54253423
pgmigrate_success 54253423
pgmigrate_success 54253935
pgmigrate_success 54253935
pgmigrate_success 54253935
pgmigrate_success 54253935
pgmigrate_success 54253935
pgmigrate_success 54253935
pgmigrate_success 54253935
pgmigrate_success 54253935
pgmigrate_success 54253935
pgmigrate_success 54253935
pgmigrate_success 54253935
pgmigrate_success 54253935
pgmigrate_success 54253935
pgmigrate_success 54253937
pgmigrate_success 54253937
pgmigrate_success 54254027
pgmigrate_success 54254539
pgmigrate_success 54254539
pgmigrate_success 54254539
pgmigrate_success 54254539
pgmigrate_success 54254539
pgmigrate_success 54254667
pgmigrate_success 54254667
pgmigrate_success 54254667
pgmigrate_success 54254667
pgmigrate_success 54254667
pgmigrate_success 54254667
pgmigrate_success 54254667
pgmigrate_success 54254667
pgmigrate_success 54254667
pgmigrate_success 54254667
pgmigrate_success 54254667
pgmigrate_success 54254667
pgmigrate_success 54254667
pgmigrate_success 54254667
pgmigrate_success 54254667
pgmigrate_success 54254667
pgmigrate_success 54254667
pgmigrate_success 54254667
pgmigrate_success 54254667
pgmigrate_success 54254667
pgmigrate_success 54254667
pgmigrate_success 54254667
pgmigrate_success 54254667
pgmigrate_success 54254667
pgmigrate_success 54254667
pgmigrate_success 54254704
pgmigrate_success 54254704
pgmigrate_success 54254704
pgmigrate_success 54254704
pgmigrate_success 54254704
pgmigrate_success 54254704
pgmigrate_success 54254800
pgmigrate_success 54254800
pgmigrate_success 54254800
pgmigrate_success 54254800
pgmigrate_success 54254800
pgmigrate_success 54254800
pgmigrate_success 54254800
pgmigrate_success 54254800
pgmigrate_success 54254800
pgmigrate_success 54254800
pgmigrate_success 54254800
pgmigrate_success 54254800
pgmigrate_success 54254800
pgmigrate_success 54254800
pgmigrate_success 54254800
pgmigrate_success 54254800
pgmigrate_success 54254800
pgmigrate_success 54254800
pgmigrate_success 54254800
pgmigrate_success 54254800
pgmigrate_success 54254800
pgmigrate_success 54254800
pgmigrate_success 54254800
pgmigrate_success 54254800
pgmigrate_success 54254800
pgmigrate_success 54254800
pgmigrate_success 54254838
pgmigrate_success 54254838
pgmigrate_success 54254838
pgmigrate_success 54254838
pgmigrate_success 54254838
pgmigrate_success 54254909
pgmigrate_success 54254909
pgmigrate_success 54254909
pgmigrate_success 54254909
pgmigrate_success 54254909
pgmigrate_success 54254909
pgmigrate_success 54254909
pgmigrate_success 54254909
pgmigrate_success 54254909
pgmigrate_success 54254909
pgmigrate_success 54254909
pgmigrate_success 54254909
pgmigrate_success 54254909
pgmigrate_success 54254909
pgmigrate_success 54254909
pgmigrate_success 54254909
pgmigrate_success 54254909
pgmigrate_success 54254909
pgmigrate_success 54254909
pgmigrate_success 54255421
pgmigrate_success 54255421
pgmigrate_success 54255421
pgmigrate_success 54255421
pgmigrate_success 54255421
pgmigrate_success 54255421
pgmigrate_success 54255421
pgmigrate_success 54255469
pgmigrate_success 54255469
pgmigrate_success 54255469
pgmigrate_success 54255469
