hot 207003 warm 26275 cold 6154827
hot 206981 warm 26275 cold 6154828
hot 207489 warm 26275 cold 6154828
hot 207485 warm 26275 cold 6154828
hot 207481 warm 26275 cold 6154828
hot 207989 warm 26275 cold 6154828
hot 282225 warm 26276 cold 6154827
hot 339054 warm 26275 cold 6154827
hot 339050 warm 26275 cold 6154827
hot 350310 warm 26275 cold 6154827
hot 403554 warm 26275 cold 6154827
hot 467038 warm 26275 cold 6154827
hot 535642 warm 26275 cold 6154827
hot 604246 warm 26275 cold 6154827
hot 612434 warm 26275 cold 6154827
hot 633934 warm 26275 cold 6154827
hot 653898 warm 26275 cold 6154827
hot 653894 warm 26275 cold 6154827
hot 653890 warm 26275 cold 6154827
hot 653886 warm 26275 cold 6154827
hot 655418 warm 26275 cold 6154827
hot 655414 warm 26275 cold 6154827
hot 655922 warm 26275 cold 6154827
hot 655918 warm 26275 cold 6154827
hot 655914 warm 26275 cold 6154827
hot 656422 warm 26275 cold 6154827
hot 656418 warm 26275 cold 6154827
hot 656414 warm 26275 cold 6154827
hot 656410 warm 26275 cold 6154827
hot 656918 warm 26275 cold 6154827
hot 656914 warm 26275 cold 6154827
hot 656910 warm 26275 cold 6154827
hot 656906 warm 26275 cold 6154827
hot 656902 warm 0 cold 6181102
hot 656898 warm 0 cold 6181103
hot 657406 warm 0 cold 6181103
hot 657402 warm 0 cold 6181103
hot 657398 warm 0 cold 6181103
hot 657394 warm 0 cold 6181103
hot 657390 warm 0 cold 6181103
hot 657386 warm 0 cold 6181104
hot 657382 warm 0 cold 6181104
hot 657378 warm 0 cold 6181104
hot 657374 warm 0 cold 6181104
hot 657882 warm 0 cold 6181104
hot 657878 warm 0 cold 6181104
hot 657874 warm 0 cold 6181104
hot 657870 warm 0 cold 6181104
hot 657866 warm 0 cold 6181104
hot 657862 warm 0 cold 6181104
hot 657858 warm 0 cold 6181104
hot 657854 warm 0 cold 6181104
hot 657850 warm 0 cold 6181104
hot 657846 warm 0 cold 6181104
hot 658354 warm 0 cold 6181104
hot 658350 warm 0 cold 6181104
hot 658346 warm 0 cold 6181104
hot 658342 warm 0 cold 6181104
hot 658338 warm 0 cold 6181104
hot 658334 warm 0 cold 6181104
hot 658330 warm 0 cold 6181104
hot 658326 warm 0 cold 6181104
hot 658322 warm 0 cold 6181104
hot 658830 warm 0 cold 6181104
hot 658826 warm 0 cold 6181104
hot 658822 warm 0 cold 6181104
hot 658818 warm 0 cold 6181104
hot 658814 warm 0 cold 6181104
hot 658810 warm 0 cold 6181104
hot 658806 warm 0 cold 6181104
hot 658802 warm 0 cold 6181104
hot 658798 warm 0 cold 6181104
hot 658794 warm 0 cold 6181104
hot 658790 warm 0 cold 6181104
hot 658786 warm 0 cold 6181104
hot 658782 warm 0 cold 6181104
hot 658778 warm 0 cold 6181104
hot 658774 warm 0 cold 6181104
hot 658770 warm 0 cold 6181104
hot 658766 warm 0 cold 6181104
hot 658762 warm 0 cold 6181104
hot 658758 warm 0 cold 6181104
hot 658754 warm 0 cold 6181104
hot 658750 warm 0 cold 6181104
hot 659258 warm 0 cold 6181104
hot 659254 warm 0 cold 6181104
hot 659250 warm 0 cold 6181104
hot 659246 warm 0 cold 6181104
hot 659242 warm 0 cold 6181104
hot 659238 warm 0 cold 6181104
hot 659234 warm 0 cold 6181104
hot 659230 warm 0 cold 6181104
hot 659226 warm 0 cold 6181104
hot 659222 warm 0 cold 6181104
hot 659218 warm 0 cold 6181104
hot 659214 warm 0 cold 6181104
hot 659210 warm 0 cold 6181104
hot 659206 warm 0 cold 6181104
hot 659202 warm 0 cold 6181104
hot 659198 warm 0 cold 6181104
hot 659194 warm 0 cold 6181104
hot 659190 warm 0 cold 6181104
hot 659186 warm 0 cold 6181104
hot 659182 warm 0 cold 6181104
hot 659178 warm 0 cold 6181104
hot 659174 warm 0 cold 6181104
hot 659170 warm 0 cold 6181104
hot 659166 warm 0 cold 6181104
hot 659162 warm 0 cold 6181104
hot 659158 warm 0 cold 6181104
hot 659154 warm 0 cold 6181104
hot 659150 warm 0 cold 6181104
hot 659146 warm 0 cold 6181104
hot 659142 warm 0 cold 6181104
hot 659138 warm 0 cold 6181104
hot 452863 warm 0 cold 58
hot 452863 warm 0 cold 16
hot 452863 warm 0 cold 2
hot 452863 warm 0 cold 2
hot 452863 warm 0 cold 2
hot 452863 warm 0 cold 2
hot 452863 warm 0 cold 2
hot 452863 warm 0 cold 2
hot 452863 warm 0 cold 2
hot 452863 warm 0 cold 2
hot 452862 warm 0 cold 2
hot 452862 warm 0 cold 2
hot 452862 warm 0 cold 2
hot 452862 warm 0 cold 2
hot 453373 warm 0 cold 2
hot 453369 warm 0 cold 2
hot 453365 warm 0 cold 2
hot 453361 warm 0 cold 2
hot 453357 warm 0 cold 2
hot 453353 warm 0 cold 2
hot 453349 warm 2 cold 0
hot 453345 warm 2 cold 0
hot 453341 warm 2 cold 0
hot 453337 warm 2 cold 0
hot 453333 warm 2 cold 0
hot 453329 warm 2 cold 0
hot 453325 warm 2 cold 0
hot 453321 warm 2 cold 0
hot 453317 warm 2 cold 0
hot 453313 warm 2 cold 0
hot 453309 warm 3 cold 0
hot 453305 warm 3 cold 0
hot 453301 warm 3 cold 0
hot 453297 warm 3 cold 0
hot 453293 warm 3 cold 0
hot 453289 warm 3 cold 0
hot 453285 warm 3 cold 0
hot 453281 warm 3 cold 0
hot 453277 warm 3 cold 0
hot 453273 warm 3 cold 0
hot 453781 warm 3 cold 0
hot 453777 warm 3 cold 0
hot 453773 warm 3 cold 0
hot 453769 warm 3 cold 0
hot 453765 warm 3 cold 0
hot 453761 warm 3 cold 0
hot 453757 warm 3 cold 0
hot 453753 warm 3 cold 0
hot 453749 warm 3 cold 0
hot 453745 warm 3 cold 0
hot 453741 warm 3 cold 0
hot 453737 warm 3 cold 0
hot 453733 warm 3 cold 0
hot 453729 warm 3 cold 0
hot 453725 warm 3 cold 0
hot 453721 warm 3 cold 0
hot 453717 warm 3 cold 0
hot 453713 warm 3 cold 0
hot 453709 warm 3 cold 0
hot 453705 warm 3 cold 0
hot 453701 warm 3 cold 0
hot 453697 warm 3 cold 1
hot 453693 warm 3 cold 0
hot 453689 warm 3 cold 0
hot 453685 warm 3 cold 0
hot 453681 warm 3 cold 0
hot 453677 warm 3 cold 0
hot 453673 warm 3 cold 0
hot 453669 warm 3 cold 0
hot 453665 warm 3 cold 0
hot 453661 warm 3 cold 0
hot 453658 warm 2 cold 0
hot 453654 warm 2 cold 0
hot 453650 warm 2 cold 0
hot 453646 warm 2 cold 0
hot 453642 warm 2 cold 0
hot 453638 warm 2 cold 0
hot 453634 warm 2 cold 0
hot 453630 warm 2 cold 0
hot 453626 warm 2 cold 0
hot 453622 warm 2 cold 0
hot 453618 warm 2 cold 0
hot 453614 warm 2 cold 0
hot 453610 warm 2 cold 0
hot 453606 warm 2 cold 0
hot 453602 warm 2 cold 0
hot 453598 warm 2 cold 0
hot 453594 warm 2 cold 0
hot 453590 warm 2 cold 0
hot 453586 warm 2 cold 0
hot 453582 warm 2 cold 0
hot 453578 warm 2 cold 0
hot 453574 warm 2 cold 0
hot 453570 warm 2 cold 0
hot 453566 warm 2 cold 0
hot 453562 warm 2 cold 0
hot 453558 warm 2 cold 0
hot 453554 warm 2 cold 0
hot 453550 warm 2 cold 0
hot 453546 warm 2 cold 0
hot 453542 warm 2 cold 0
hot 453538 warm 2 cold 0
hot 453534 warm 2 cold 0
hot 453530 warm 2 cold 0
hot 453526 warm 2 cold 0
hot 453522 warm 2 cold 0
hot 453518 warm 2 cold 0
hot 453514 warm 2 cold 0
hot 453510 warm 2 cold 0
hot 453506 warm 2 cold 0
hot 453502 warm 2 cold 0
hot 453498 warm 2 cold 0
hot 453494 warm 2 cold 0
hot 453490 warm 2 cold 0
hot 453486 warm 2 cold 0
hot 453482 warm 2 cold 0
hot 453478 warm 2 cold 0
hot 453474 warm 2 cold 0
hot 453470 warm 2 cold 0
hot 453466 warm 2 cold 0
hot 453462 warm 2 cold 0
hot 453458 warm 2 cold 0
hot 453454 warm 2 cold 0
hot 453450 warm 2 cold 0
hot 453446 warm 2 cold 0
hot 453442 warm 2 cold 0
hot 453438 warm 2 cold 0
hot 453434 warm 2 cold 0
hot 453430 warm 2 cold 0
hot 453426 warm 2 cold 0
hot 453422 warm 2 cold 0
hot 453418 warm 2 cold 0
hot 453414 warm 2 cold 0
hot 453410 warm 2 cold 0
hot 453406 warm 2 cold 0
hot 453402 warm 2 cold 0
hot 453398 warm 2 cold 0
hot 453394 warm 2 cold 0
hot 453390 warm 2 cold 0
hot 453386 warm 2 cold 0
hot 453382 warm 2 cold 0
hot 453378 warm 2 cold 0
hot 453374 warm 2 cold 0
hot 453370 warm 2 cold 0
hot 453366 warm 2 cold 0
hot 453362 warm 2 cold 0
hot 453358 warm 2 cold 0
hot 453354 warm 2 cold 0
hot 453350 warm 2 cold 0
hot 453346 warm 2 cold 0
hot 453342 warm 2 cold 0
hot 453338 warm 2 cold 0
hot 453334 warm 2 cold 0
hot 453330 warm 2 cold 0
hot 453326 warm 2 cold 0
hot 453322 warm 2 cold 0
hot 453318 warm 2 cold 0
hot 453314 warm 2 cold 0
hot 453311 warm 1 cold 0
hot 453307 warm 1 cold 0
hot 453303 warm 1 cold 0
hot 453299 warm 1 cold 0
hot 453295 warm 1 cold 0
hot 453291 warm 1 cold 0
hot 453287 warm 1 cold 0
hot 453283 warm 1 cold 0
hot 453279 warm 1 cold 0
hot 453275 warm 1 cold 0
hot 453271 warm 1 cold 0
hot 453267 warm 1 cold 0
hot 453263 warm 1 cold 0
hot 453259 warm 1 cold 0
hot 453255 warm 1 cold 0
hot 453251 warm 1 cold 0
hot 453247 warm 1 cold 0
hot 453243 warm 1 cold 0
hot 453239 warm 1 cold 0
hot 453235 warm 1 cold 0
hot 453231 warm 1 cold 0
hot 453227 warm 1 cold 0
hot 453223 warm 1 cold 0
hot 453219 warm 1 cold 0
hot 453215 warm 1 cold 0
hot 453211 warm 1 cold 0
hot 453207 warm 1 cold 0
hot 453203 warm 1 cold 0
hot 453199 warm 1 cold 0
hot 453195 warm 1 cold 0
hot 453191 warm 1 cold 0
hot 453187 warm 1 cold 0
hot 453183 warm 1 cold 0
hot 453179 warm 1 cold 0
hot 453175 warm 1 cold 0
hot 453171 warm 1 cold 0
hot 453167 warm 1 cold 0
hot 453163 warm 1 cold 0
hot 453159 warm 1 cold 0
hot 453155 warm 1 cold 0
hot 453151 warm 1 cold 0
hot 453147 warm 1 cold 0
hot 453143 warm 1 cold 0
hot 453139 warm 1 cold 0
hot 453135 warm 1 cold 0
hot 453131 warm 1 cold 0
hot 453127 warm 1 cold 0
hot 453123 warm 1 cold 0
hot 453119 warm 1 cold 0
hot 453115 warm 1 cold 0
hot 453111 warm 1 cold 0
hot 453107 warm 1 cold 0
hot 453103 warm 1 cold 0
hot 453099 warm 1 cold 0
hot 453095 warm 1 cold 0
hot 453091 warm 1 cold 0
hot 453087 warm 1 cold 0
hot 453083 warm 1 cold 0
hot 453079 warm 1 cold 0
hot 453075 warm 1 cold 0
hot 453071 warm 1 cold 0
hot 453067 warm 1 cold 0
hot 453063 warm 1 cold 0
hot 453059 warm 1 cold 0
hot 453055 warm 1 cold 0
hot 453051 warm 1 cold 0
hot 453047 warm 1 cold 0
hot 453043 warm 1 cold 0
hot 453039 warm 1 cold 0
hot 453035 warm 1 cold 0
hot 453031 warm 1 cold 0
hot 453539 warm 1 cold 0
hot 453535 warm 1 cold 0
hot 453531 warm 1 cold 0
hot 453527 warm 1 cold 0
hot 453523 warm 1 cold 0
hot 453519 warm 1 cold 0
hot 453515 warm 1 cold 0
hot 453511 warm 1 cold 0
hot 453507 warm 1 cold 0
hot 453503 warm 1 cold 0
hot 453499 warm 1 cold 0
hot 453495 warm 1 cold 0
hot 453491 warm 1 cold 0
hot 453487 warm 1 cold 0
hot 453483 warm 1 cold 0
hot 453479 warm 1 cold 0
hot 453475 warm 1 cold 0
hot 453471 warm 1 cold 0
hot 453467 warm 1 cold 0
hot 453463 warm 1 cold 0
hot 453459 warm 1 cold 0
hot 453455 warm 1 cold 0
hot 453451 warm 1 cold 0
hot 453447 warm 1 cold 0
hot 453443 warm 1 cold 0
hot 453439 warm 1 cold 0
hot 453435 warm 1 cold 0
hot 453431 warm 1 cold 0
hot 453427 warm 1 cold 0
hot 453423 warm 1 cold 0
hot 453419 warm 1 cold 0
hot 453415 warm 1 cold 0
hot 453411 warm 1 cold 0
hot 453407 warm 1 cold 0
hot 453403 warm 1 cold 0
hot 453399 warm 1 cold 0
hot 453395 warm 1 cold 0
hot 453391 warm 1 cold 0
hot 453387 warm 1 cold 0
hot 453383 warm 1 cold 0
hot 453379 warm 1 cold 0
hot 453375 warm 1 cold 0
hot 453371 warm 1 cold 0
hot 453367 warm 1 cold 0
hot 453363 warm 1 cold 0
hot 453359 warm 1 cold 0
hot 453355 warm 1 cold 0
hot 453351 warm 1 cold 0
hot 453347 warm 1 cold 0
hot 453343 warm 1 cold 0
hot 453339 warm 1 cold 0
hot 453335 warm 1 cold 0
hot 453331 warm 1 cold 0
hot 453327 warm 1 cold 0
hot 453323 warm 1 cold 0
hot 453319 warm 1 cold 0
hot 453315 warm 1 cold 0
hot 453311 warm 1 cold 0
hot 453307 warm 1 cold 0
hot 453303 warm 1 cold 0
hot 453299 warm 1 cold 0
hot 453295 warm 1 cold 0
hot 453291 warm 1 cold 0
hot 453287 warm 1 cold 0
hot 453283 warm 1 cold 0
hot 453279 warm 1 cold 0
hot 453275 warm 1 cold 0
hot 453271 warm 1 cold 0
hot 453267 warm 1 cold 0
hot 453263 warm 1 cold 0
hot 453259 warm 1 cold 0
hot 453255 warm 1 cold 0
hot 453251 warm 1 cold 0
hot 453247 warm 1 cold 0
hot 453243 warm 1 cold 0
hot 453239 warm 1 cold 0
hot 453235 warm 1 cold 0
hot 453231 warm 1 cold 0
hot 453227 warm 1 cold 0
hot 453223 warm 1 cold 0
hot 453219 warm 1 cold 0
hot 453215 warm 1 cold 0
hot 453211 warm 1 cold 0
hot 453207 warm 1 cold 0
hot 453203 warm 1 cold 0
hot 453199 warm 1 cold 0
hot 453195 warm 1 cold 0
hot 453191 warm 1 cold 0
hot 453187 warm 1 cold 0
hot 453183 warm 1 cold 0
hot 453179 warm 1 cold 0
hot 453175 warm 1 cold 0
hot 453171 warm 1 cold 0
hot 453167 warm 1 cold 0
hot 453163 warm 1 cold 0
hot 453159 warm 1 cold 0
hot 453155 warm 1 cold 0
hot 453151 warm 1 cold 0
hot 453147 warm 1 cold 0
hot 453143 warm 1 cold 0
hot 453139 warm 1 cold 0
hot 453135 warm 1 cold 0
hot 453131 warm 1 cold 0
hot 453127 warm 1 cold 0
hot 453123 warm 1 cold 0
hot 453119 warm 1 cold 0
hot 453115 warm 1 cold 0
hot 453111 warm 1 cold 0
hot 453107 warm 1 cold 0
hot 453103 warm 1 cold 0
hot 453099 warm 1 cold 0
hot 453095 warm 1 cold 0
hot 453091 warm 1 cold 0
hot 453087 warm 1 cold 0
hot 453083 warm 1 cold 0
hot 453079 warm 1 cold 0
hot 453075 warm 1 cold 0
hot 453071 warm 1 cold 0
hot 453067 warm 1 cold 0
hot 453063 warm 1 cold 0
hot 453059 warm 1 cold 0
hot 453055 warm 1 cold 0
hot 453051 warm 1 cold 0
hot 453047 warm 1 cold 0
hot 453043 warm 1 cold 0
hot 453039 warm 1 cold 0
hot 453035 warm 1 cold 0
hot 453031 warm 1 cold 0
hot 453027 warm 1 cold 0
hot 453023 warm 1 cold 0
hot 453019 warm 1 cold 0
hot 453015 warm 1 cold 0
hot 453011 warm 1 cold 0
hot 453007 warm 1 cold 0
hot 453003 warm 1 cold 0
hot 452999 warm 1 cold 0
hot 452995 warm 1 cold 0
hot 452991 warm 1 cold 0
hot 452987 warm 1 cold 0
hot 452983 warm 1 cold 0
hot 452979 warm 1 cold 0
hot 452975 warm 1 cold 0
hot 452971 warm 1 cold 0
hot 452967 warm 1 cold 0
hot 452963 warm 1 cold 0
hot 452959 warm 1 cold 0
hot 452955 warm 1 cold 0
hot 452951 warm 1 cold 0
hot 452947 warm 1 cold 0
hot 452943 warm 1 cold 0
hot 452939 warm 1 cold 0
hot 452935 warm 1 cold 0
hot 452931 warm 1 cold 0
hot 452927 warm 1 cold 0
hot 452923 warm 1 cold 0
hot 452919 warm 1 cold 0
hot 452915 warm 1 cold 0
hot 452911 warm 1 cold 0
hot 452907 warm 1 cold 0
hot 452903 warm 1 cold 0
hot 452899 warm 1 cold 0
hot 452895 warm 1 cold 0
hot 452891 warm 1 cold 0
hot 452887 warm 1 cold 0
hot 452883 warm 1 cold 0
hot 452879 warm 1 cold 0
hot 452875 warm 1 cold 0
hot 452871 warm 1 cold 0
hot 452867 warm 1 cold 0
hot 452863 warm 1 cold 0
hot 452859 warm 1 cold 0
hot 452855 warm 1 cold 0
hot 452851 warm 1 cold 0
hot 452847 warm 1 cold 0
hot 452843 warm 1 cold 0
hot 452839 warm 1 cold 0
hot 452835 warm 1 cold 0
hot 452831 warm 1 cold 0
hot 452827 warm 1 cold 0
hot 452823 warm 1 cold 0
hot 452819 warm 1 cold 0
hot 17412 warm 0 cold 0
hot 6936020 warm 0 cold 62
hot 6936016 warm 0 cold 18
hot 6936012 warm 0 cold 1
hot 6936008 warm 0 cold 1
hot 6936004 warm 0 cold 1
hot 6936000 warm 0 cold 1
hot 6935996 warm 0 cold 1
hot 6935992 warm 0 cold 1
hot 6935988 warm 0 cold 1
hot 6935984 warm 0 cold 1
hot 6935980 warm 0 cold 1
hot 6935976 warm 0 cold 1
hot 6935972 warm 0 cold 1
hot 6935968 warm 0 cold 1
