pgmigrate_success 128811310
pgmigrate_fail 258084
thp_migration_success 159966
thp_migration_fail 58
thp_migration_split 0
thp_fault_alloc 243773
thp_fault_fallback 4229
thp_fault_fallback_charge 0
thp_collapse_alloc 563
thp_collapse_alloc_failed 0
thp_file_alloc 0
thp_file_fallback 0
thp_file_fallback_charge 0
thp_file_mapped 0
thp_split_page 141
thp_split_page_failed 0
thp_deferred_split_page 840
thp_split_pmd 6461
thp_split_pud 0
thp_zero_page_alloc 0
thp_zero_page_alloc_failed 0
thp_swpout 0
thp_swpout_fallback 0
htmm_nr_promoted 57968926
htmm_nr_demoted 65218467
htmm_nr_sampled 0
htmm_missed_dramread 0
htmm_missed_nvmread 0
htmm_missed_write 0
htmm_alloc_dram 266659101
htmm_alloc_nvm 0
