pgmigrate_success 87507450
pgmigrate_success 87507452
pgmigrate_success 87507452
pgmigrate_success 87508001
pgmigrate_success 87508001
pgmigrate_success 87524897
pgmigrate_success 87589409
pgmigrate_success 87639585
pgmigrate_success 87648816
pgmigrate_success 87695920
pgmigrate_success 87746461
pgmigrate_success 87791038
pgmigrate_success 87976900
pgmigrate_success 87976900
pgmigrate_success 87976900
pgmigrate_success 87976900
pgmigrate_success 87976900
pgmigrate_success 87976900
pgmigrate_success 87976900
pgmigrate_success 87976900
pgmigrate_success 87976900
pgmigrate_success 87976900
pgmigrate_success 87976900
pgmigrate_success 87976900
pgmigrate_success 87977412
pgmigrate_success 87977412
pgmigrate_success 87977412
pgmigrate_success 87977412
pgmigrate_success 87977412
pgmigrate_success 87977412
pgmigrate_success 87977412
pgmigrate_success 87977412
pgmigrate_success 87977412
pgmigrate_success 87977412
pgmigrate_success 87977412
pgmigrate_success 87977412
pgmigrate_success 87977412
pgmigrate_success 87977412
pgmigrate_success 87977462
pgmigrate_success 87977462
pgmigrate_success 87977462
pgmigrate_success 87977541
pgmigrate_success 87977541
pgmigrate_success 87977541
pgmigrate_success 87977541
pgmigrate_success 87977541
pgmigrate_success 87977541
pgmigrate_success 87978053
pgmigrate_success 87978053
pgmigrate_success 87978053
pgmigrate_success 87978053
pgmigrate_success 87978053
pgmigrate_success 87978053
pgmigrate_success 87978053
pgmigrate_success 87978053
pgmigrate_success 87978053
pgmigrate_success 87978053
pgmigrate_success 87978053
pgmigrate_success 87978053
pgmigrate_success 87978053
pgmigrate_success 87978053
pgmigrate_success 87979004
pgmigrate_success 87979049
pgmigrate_success 87979049
pgmigrate_success 87979348
pgmigrate_success 87979348
pgmigrate_success 87979348
pgmigrate_success 87979348
pgmigrate_success 87979348
pgmigrate_success 87979348
pgmigrate_success 87979348
pgmigrate_success 87979348
pgmigrate_success 87979348
pgmigrate_success 87980288
pgmigrate_success 87980288
pgmigrate_success 87980288
pgmigrate_success 87980288
pgmigrate_success 87980288
pgmigrate_success 87980288
pgmigrate_success 87980288
pgmigrate_success 87980288
pgmigrate_success 87980288
pgmigrate_success 87980288
pgmigrate_success 87980288
pgmigrate_success 87980288
pgmigrate_success 87980288
pgmigrate_success 87980288
pgmigrate_success 87980800
pgmigrate_success 87980800
pgmigrate_success 87980800
pgmigrate_success 87980800
pgmigrate_success 87980800
pgmigrate_success 87980800
pgmigrate_success 87980800
pgmigrate_success 87980800
pgmigrate_success 87980800
pgmigrate_success 87980800
pgmigrate_success 87980800
pgmigrate_success 87980800
pgmigrate_success 87980800
pgmigrate_success 87980800
pgmigrate_success 87980800
pgmigrate_success 87980800
pgmigrate_success 87980800
pgmigrate_success 87980851
pgmigrate_success 87980851
pgmigrate_success 87980851
pgmigrate_success 87980851
pgmigrate_success 87980851
pgmigrate_success 87980851
pgmigrate_success 87980851
pgmigrate_success 87980851
pgmigrate_success 87980851
pgmigrate_success 87980851
pgmigrate_success 87980851
pgmigrate_success 87980851
pgmigrate_success 87980851
pgmigrate_success 87980851
pgmigrate_success 87980851
pgmigrate_success 87980851
pgmigrate_success 87980851
pgmigrate_success 87980851
pgmigrate_success 87980851
pgmigrate_success 87980851
pgmigrate_success 87980851
pgmigrate_success 87980851
pgmigrate_success 87980851
pgmigrate_success 87980851
pgmigrate_success 87980851
pgmigrate_success 87980851
pgmigrate_success 87980851
pgmigrate_success 87980851
pgmigrate_success 87980851
pgmigrate_success 87980851
pgmigrate_success 87980851
pgmigrate_success 87980883
pgmigrate_success 87980883
pgmigrate_success 87980883
pgmigrate_success 87980883
pgmigrate_success 87980883
pgmigrate_success 87980883
pgmigrate_success 87980883
pgmigrate_success 87980883
pgmigrate_success 87980883
pgmigrate_success 87980883
pgmigrate_success 87980883
pgmigrate_success 87980883
pgmigrate_success 87980883
pgmigrate_success 87980883
pgmigrate_success 87980883
pgmigrate_success 87980883
pgmigrate_success 87980883
pgmigrate_success 87980883
pgmigrate_success 87980883
pgmigrate_success 87980883
pgmigrate_success 87980883
pgmigrate_success 87980883
pgmigrate_success 87980883
pgmigrate_success 87980883
pgmigrate_success 87980883
pgmigrate_success 87980883
pgmigrate_success 87980883
pgmigrate_success 87980883
pgmigrate_success 87980883
pgmigrate_success 87981395
pgmigrate_success 87981395
pgmigrate_success 87981915
pgmigrate_success 87981961
pgmigrate_success 87981961
pgmigrate_success 87981961
pgmigrate_success 87981961
pgmigrate_success 87981961
pgmigrate_success 87981961
pgmigrate_success 87981961
pgmigrate_success 87981961
pgmigrate_success 87981961
pgmigrate_success 87981961
pgmigrate_success 87981961
pgmigrate_success 87981961
pgmigrate_success 87981961
pgmigrate_success 87981961
pgmigrate_success 87981961
pgmigrate_success 87981961
pgmigrate_success 87981961
pgmigrate_success 87982481
pgmigrate_success 87982993
pgmigrate_success 87982993
pgmigrate_success 87982993
pgmigrate_success 87982993
pgmigrate_success 87982993
pgmigrate_success 87982993
pgmigrate_success 87982993
pgmigrate_success 87982993
pgmigrate_success 87984530
pgmigrate_success 87984530
pgmigrate_success 87984530
pgmigrate_success 87984530
pgmigrate_success 87984530
pgmigrate_success 87984569
pgmigrate_success 87984569
pgmigrate_success 87984569
pgmigrate_success 87984569
pgmigrate_success 87984569
pgmigrate_success 87984569
pgmigrate_success 87984569
pgmigrate_success 87984569
pgmigrate_success 87984569
pgmigrate_success 87984569
pgmigrate_success 87984569
pgmigrate_success 87984569
pgmigrate_success 87985081
pgmigrate_success 87985081
pgmigrate_success 87985081
pgmigrate_success 87985081
pgmigrate_success 87985081
pgmigrate_success 87985081
pgmigrate_success 87985081
pgmigrate_success 87985081
pgmigrate_success 87985081
pgmigrate_success 87985081
pgmigrate_success 87985081
pgmigrate_success 87985081
pgmigrate_success 87985081
pgmigrate_success 87985081
pgmigrate_success 87985081
pgmigrate_success 87985081
pgmigrate_success 87985081
pgmigrate_success 87985081
pgmigrate_success 87985081
pgmigrate_success 87985081
pgmigrate_success 87985113
pgmigrate_success 87985113
pgmigrate_success 87985113
pgmigrate_success 87985113
pgmigrate_success 87985113
pgmigrate_success 87985113
pgmigrate_success 87985113
pgmigrate_success 87985113
pgmigrate_success 87985113
pgmigrate_success 87985113
pgmigrate_success 87985113
pgmigrate_success 87985113
pgmigrate_success 87985113
pgmigrate_success 87985113
pgmigrate_success 87985113
pgmigrate_success 87985113
pgmigrate_success 87985113
pgmigrate_success 87985113
pgmigrate_success 87985113
pgmigrate_success 87985113
pgmigrate_success 87985113
pgmigrate_success 87985113
pgmigrate_success 87985625
pgmigrate_success 87985625
pgmigrate_success 87985625
pgmigrate_success 87985625
pgmigrate_success 87985625
pgmigrate_success 87985637
pgmigrate_success 87985637
pgmigrate_success 87985637
pgmigrate_success 87985637
pgmigrate_success 87985686
pgmigrate_success 87985686
pgmigrate_success 87985686
pgmigrate_success 87986198
pgmigrate_success 87986198
pgmigrate_success 87986198
pgmigrate_success 87986198
pgmigrate_success 87986198
pgmigrate_success 87986198
pgmigrate_success 87986198
pgmigrate_success 87986198
pgmigrate_success 87986198
pgmigrate_success 87986198
pgmigrate_success 87986198
pgmigrate_success 87986198
pgmigrate_success 87986198
pgmigrate_success 87986198
pgmigrate_success 87986198
pgmigrate_success 87986198
pgmigrate_success 87986198
pgmigrate_success 87986198
pgmigrate_success 87986198
pgmigrate_success 87986198
pgmigrate_success 87986198
pgmigrate_success 87986198
pgmigrate_success 87986198
pgmigrate_success 87986198
pgmigrate_success 87986198
pgmigrate_success 87986198
pgmigrate_success 87986198
pgmigrate_success 87986198
pgmigrate_success 87986198
pgmigrate_success 87986238
pgmigrate_success 87986238
pgmigrate_success 87986238
pgmigrate_success 87986238
pgmigrate_success 87986238
pgmigrate_success 87986238
pgmigrate_success 87986238
pgmigrate_success 87986750
pgmigrate_success 87986750
pgmigrate_success 87986750
pgmigrate_success 87986750
pgmigrate_success 87986750
pgmigrate_success 87986750
pgmigrate_success 87986750
pgmigrate_success 87986750
pgmigrate_success 87986750
pgmigrate_success 87986750
pgmigrate_success 87986750
pgmigrate_success 87986750
pgmigrate_success 87986750
pgmigrate_success 87986750
pgmigrate_success 87986750
pgmigrate_success 87986750
pgmigrate_success 87986750
pgmigrate_success 87986750
pgmigrate_success 87986750
pgmigrate_success 87986750
pgmigrate_success 87986750
pgmigrate_success 87986750
pgmigrate_success 87986750
pgmigrate_success 87986750
pgmigrate_success 87986801
pgmigrate_success 87986801
pgmigrate_success 87986801
pgmigrate_success 87986801
pgmigrate_success 87986801
pgmigrate_success 87986801
pgmigrate_success 87986801
pgmigrate_success 87986801
pgmigrate_success 87986801
pgmigrate_success 87986801
pgmigrate_success 87986801
pgmigrate_success 87986805
pgmigrate_success 87986805
pgmigrate_success 87986805
pgmigrate_success 87986805
pgmigrate_success 87986805
pgmigrate_success 87986805
pgmigrate_success 87986805
pgmigrate_success 87986805
pgmigrate_success 87986805
pgmigrate_success 87986805
pgmigrate_success 87986805
pgmigrate_success 87986805
pgmigrate_success 87986805
pgmigrate_success 87986805
pgmigrate_success 87986805
pgmigrate_success 87986805
pgmigrate_success 87986805
pgmigrate_success 87986805
pgmigrate_success 87986805
pgmigrate_success 87986805
pgmigrate_success 87986839
pgmigrate_success 87986839
pgmigrate_success 87986839
pgmigrate_success 87986839
pgmigrate_success 87986839
pgmigrate_success 87986839
pgmigrate_success 87986839
pgmigrate_success 87986839
pgmigrate_success 87986839
pgmigrate_success 87986839
pgmigrate_success 87986839
pgmigrate_success 87986839
pgmigrate_success 87986839
pgmigrate_success 87986839
pgmigrate_success 87986839
pgmigrate_success 87987351
pgmigrate_success 87987351
pgmigrate_success 87987351
pgmigrate_success 87987351
pgmigrate_success 87987351
pgmigrate_success 87987351
pgmigrate_success 87987351
pgmigrate_success 87987351
pgmigrate_success 87987351
pgmigrate_success 87987351
pgmigrate_success 87987351
pgmigrate_success 87987351
pgmigrate_success 87987351
pgmigrate_success 87987351
pgmigrate_success 87987351
pgmigrate_success 87987351
pgmigrate_success 87987351
pgmigrate_success 87987385
pgmigrate_success 87987385
pgmigrate_success 87987385
pgmigrate_success 87987385
pgmigrate_success 87987385
pgmigrate_success 87987385
pgmigrate_success 87987385
pgmigrate_success 87987385
pgmigrate_success 87987391
pgmigrate_success 87987391
pgmigrate_success 87987391
pgmigrate_success 87987391
pgmigrate_success 87987391
pgmigrate_success 87987391
pgmigrate_success 87987391
pgmigrate_success 87987391
pgmigrate_success 87987391
pgmigrate_success 87987391
pgmigrate_success 87987391
pgmigrate_success 87987391
pgmigrate_success 87987391
pgmigrate_success 87987391
pgmigrate_success 87987391
pgmigrate_success 87987391
pgmigrate_success 87987391
pgmigrate_success 87987391
pgmigrate_success 87987391
pgmigrate_success 88009414
pgmigrate_success 88134963
pgmigrate_success 88134963
pgmigrate_success 88134963
pgmigrate_success 88135493
pgmigrate_success 88135493
pgmigrate_success 88135493
pgmigrate_success 88135493
pgmigrate_success 88135493
pgmigrate_success 88135493
pgmigrate_success 88135493
pgmigrate_success 88135493
pgmigrate_success 88135493
pgmigrate_success 88135493
pgmigrate_success 88135493
pgmigrate_success 88135493
pgmigrate_success 88135493
pgmigrate_success 88135493
pgmigrate_success 88135493
pgmigrate_success 88136005
pgmigrate_success 88136005
pgmigrate_success 88136005
pgmigrate_success 88136005
pgmigrate_success 88136005
pgmigrate_success 88136005
pgmigrate_success 88136005
pgmigrate_success 88136005
pgmigrate_success 88136005
pgmigrate_success 88136005
pgmigrate_success 88136005
pgmigrate_success 88136005
pgmigrate_success 88136005
pgmigrate_success 88136005
pgmigrate_success 88136005
pgmigrate_success 88136005
pgmigrate_success 88136005
pgmigrate_success 88136046
pgmigrate_success 88136046
pgmigrate_success 88136046
pgmigrate_success 88136046
pgmigrate_success 88136046
pgmigrate_success 88136046
pgmigrate_success 88136046
pgmigrate_success 88136046
pgmigrate_success 88136046
pgmigrate_success 88136046
pgmigrate_success 88136046
pgmigrate_success 88136046
pgmigrate_success 88136046
pgmigrate_success 88136046
pgmigrate_success 88136046
pgmigrate_success 88136046
pgmigrate_success 88136046
pgmigrate_success 88136046
pgmigrate_success 88136046
pgmigrate_success 88136046
pgmigrate_success 88136046
pgmigrate_success 88136046
pgmigrate_success 88136046
pgmigrate_success 88136046
pgmigrate_success 88136046
pgmigrate_success 88136046
pgmigrate_success 88136046
pgmigrate_success 88136046
pgmigrate_success 88136046
pgmigrate_success 88136046
pgmigrate_success 88136046
pgmigrate_success 88136067
pgmigrate_success 88136067
pgmigrate_success 88136067
pgmigrate_success 88136067
pgmigrate_success 88136067
pgmigrate_success 88136067
pgmigrate_success 88136067
pgmigrate_success 88136067
pgmigrate_success 88136067
pgmigrate_success 88136067
pgmigrate_success 88136067
pgmigrate_success 88136067
pgmigrate_success 88136067
pgmigrate_success 88136067
pgmigrate_success 88136067
pgmigrate_success 88136067
pgmigrate_success 88136067
pgmigrate_success 88136067
pgmigrate_success 88136067
pgmigrate_success 88136067
pgmigrate_success 88136067
pgmigrate_success 88136067
pgmigrate_success 88136067
pgmigrate_success 88136067
pgmigrate_success 88136067
pgmigrate_success 88136067
pgmigrate_success 88136067
pgmigrate_success 88136067
pgmigrate_success 88136067
pgmigrate_success 88136067
pgmigrate_success 88136067
pgmigrate_success 88136077
pgmigrate_success 88136077
pgmigrate_success 88136077
pgmigrate_success 88136077
pgmigrate_success 88136077
pgmigrate_success 88136077
pgmigrate_success 88136077
pgmigrate_success 88136077
pgmigrate_success 88136077
pgmigrate_success 88136077
pgmigrate_success 88136077
pgmigrate_success 88136077
pgmigrate_success 88136077
pgmigrate_success 88136077
pgmigrate_success 88136077
pgmigrate_success 88136077
