anon 0
anon_thp 0
anon 3683565568
anon_thp 3682598912
anon 8079196160
anon_thp 8078229504
anon 12494110720
anon_thp 12492734464
anon 17244160000
anon_thp 17242783744
anon 17281601536
anon_thp 17278435328
anon 17281601536
anon_thp 17278435328
anon 17281634304
anon_thp 17278435328
anon 17640517632
anon_thp 17637048320
anon 19844624384
anon_thp 19841155072
anon 22044536832
anon_thp 22041067520
anon 24189923328
anon_thp 24186454016
anon 25923080192
anon_thp 25918701568
anon 26216681472
anon_thp 26212302848
anon 27325919232
anon_thp 27319599104
anon 28410208256
anon_thp 28403826688
anon 28410208256
anon_thp 28403826688
anon 28410208256
anon_thp 28403826688
anon 28410208256
anon_thp 28403826688
anon 28410208256
anon_thp 28403826688
anon 28410208256
anon_thp 28403826688
anon 28410208256
anon_thp 28403826688
anon 28410208256
anon_thp 28403826688
anon 28410208256
anon_thp 28403826688
anon 28410208256
anon_thp 28403826688
anon 28410208256
anon_thp 28403826688
anon 28410208256
anon_thp 28403826688
anon 28410228736
anon_thp 28403826688
anon 28410228736
anon_thp 28403826688
anon 28410228736
anon_thp 28403826688
anon 28410228736
anon_thp 28403826688
anon 28410228736
anon_thp 28403826688
anon 28410232832
anon_thp 28403826688
anon 28410232832
anon_thp 28403826688
anon 28410232832
anon_thp 28403826688
anon 28410232832
anon_thp 28403826688
anon 28410232832
anon_thp 28403826688
anon 28410232832
anon_thp 28403826688
anon 28410232832
anon_thp 28403826688
anon 28410232832
anon_thp 28403826688
anon 28410232832
anon_thp 28403826688
anon 28410232832
anon_thp 28403826688
anon 28410232832
anon_thp 28403826688
anon 28410232832
anon_thp 28403826688
anon 28410232832
anon_thp 28403826688
anon 28410232832
anon_thp 28403826688
anon 28410232832
anon_thp 28403826688
anon 28410232832
anon_thp 28403826688
anon 28410232832
anon_thp 28403826688
anon 28410232832
anon_thp 28403826688
anon 28410232832
anon_thp 28403826688
anon 28410232832
anon_thp 28403826688
anon 28410232832
anon_thp 28403826688
anon 28410232832
anon_thp 28403826688
anon 28410232832
anon_thp 28403826688
anon 28410232832
anon_thp 28403826688
anon 28410232832
anon_thp 28403826688
anon 28410232832
anon_thp 28403826688
anon 28410232832
anon_thp 28403826688
anon 28410232832
anon_thp 28403826688
anon 28410232832
anon_thp 28403826688
anon 28410232832
anon_thp 28403826688
anon 28410232832
anon_thp 28403826688
anon 28410232832
anon_thp 28403826688
anon 28410232832
anon_thp 28403826688
anon 28410232832
anon_thp 28403826688
anon 28410232832
anon_thp 28403826688
anon 28410232832
anon_thp 28403826688
anon 28410232832
anon_thp 28403826688
anon 28410232832
anon_thp 28403826688
anon 28410232832
anon_thp 28403826688
anon 28410232832
anon_thp 28403826688
anon 28410232832
anon_thp 28403826688
anon 28410232832
anon_thp 28403826688
anon 28410232832
anon_thp 28403826688
anon 28410232832
anon_thp 28403826688
anon 28410232832
anon_thp 28403826688
anon 28410232832
anon_thp 28403826688
anon 28410232832
anon_thp 28403826688
anon 28410232832
anon_thp 28403826688
anon 28410232832
anon_thp 28403826688
anon 28410232832
anon_thp 28403826688
anon 28410232832
anon_thp 28403826688
anon 28410232832
anon_thp 28403826688
anon 28410232832
anon_thp 28403826688
anon 28410232832
anon_thp 28403826688
anon 28410232832
anon_thp 28403826688
anon 28410232832
anon_thp 28403826688
anon 28410232832
anon_thp 28403826688
anon 28410232832
anon_thp 28403826688
anon 28410232832
anon_thp 28403826688
anon 28410232832
anon_thp 28403826688
anon 28410232832
anon_thp 28403826688
anon 28410232832
anon_thp 28403826688
anon 28410232832
anon_thp 28403826688
anon 28410232832
anon_thp 28403826688
anon 28410232832
anon_thp 28403826688
anon 28410232832
anon_thp 28403826688
anon 28410232832
anon_thp 28403826688
anon 28410232832
anon_thp 28403826688
anon 28410232832
anon_thp 28403826688
anon 28410232832
anon_thp 28403826688
anon 28410232832
anon_thp 28403826688
anon 28410232832
anon_thp 28403826688
anon 28410232832
anon_thp 28403826688
anon 28410232832
anon_thp 28403826688
anon 28410232832
anon_thp 28403826688
anon 28410232832
anon_thp 28403826688
anon 28410232832
anon_thp 28403826688
anon 28410232832
anon_thp 28403826688
anon 28410232832
anon_thp 28403826688
anon 28410232832
anon_thp 28403826688
anon 28410232832
anon_thp 28403826688
anon 28410232832
anon_thp 28403826688
anon 28410232832
anon_thp 28403826688
anon 28410232832
anon_thp 28403826688
anon 28410232832
anon_thp 28403826688
anon 28410232832
anon_thp 28403826688
anon 28410232832
anon_thp 28403826688
anon 28410232832
anon_thp 28403826688
anon 28410232832
anon_thp 28403826688
anon 28410232832
anon_thp 28403826688
anon 28410232832
anon_thp 28403826688
anon 28410232832
anon_thp 28403826688
anon 28410232832
anon_thp 28403826688
anon 28410232832
anon_thp 28403826688
anon 28410232832
anon_thp 28403826688
anon 28410232832
anon_thp 28403826688
anon 28410232832
anon_thp 28403826688
anon 28410232832
anon_thp 28403826688
anon 28410232832
anon_thp 28403826688
anon 28410232832
anon_thp 28403826688
anon 28410232832
anon_thp 28403826688
anon 28410232832
anon_thp 28403826688
anon 28410232832
anon_thp 28403826688
anon 28410232832
anon_thp 28403826688
anon 28410232832
anon_thp 28403826688
anon 28410232832
anon_thp 28403826688
anon 28410232832
anon_thp 28403826688
anon 28410232832
anon_thp 28403826688
anon 28410232832
anon_thp 28403826688
anon 28410232832
anon_thp 28403826688
anon 28410232832
anon_thp 28403826688
anon 28410232832
anon_thp 28403826688
anon 28410232832
anon_thp 28403826688
anon 28410232832
anon_thp 28403826688
anon 28410232832
anon_thp 28403826688
anon 28410232832
anon_thp 28403826688
anon 28410232832
anon_thp 28403826688
anon 28410232832
anon_thp 28403826688
anon 28410232832
anon_thp 28403826688
anon 28410232832
anon_thp 28403826688
anon 28410232832
anon_thp 28403826688
anon 28410232832
anon_thp 28403826688
anon 28410232832
anon_thp 28403826688
anon 28410232832
anon_thp 28403826688
anon 28410232832
anon_thp 28403826688
anon 28410232832
anon_thp 28403826688
anon 28410232832
anon_thp 28403826688
anon 28410232832
anon_thp 28403826688
anon 28410232832
anon_thp 28403826688
anon 28410232832
anon_thp 28403826688
anon 28410232832
anon_thp 28403826688
anon 28410232832
anon_thp 28403826688
anon 28410232832
anon_thp 28403826688
anon 28410232832
anon_thp 28403826688
anon 28410232832
anon_thp 28403826688
anon 28410232832
anon_thp 28403826688
anon 28410232832
anon_thp 28403826688
anon 28410232832
anon_thp 28403826688
anon 28410232832
anon_thp 28403826688
anon 28410232832
anon_thp 28403826688
anon 28410232832
anon_thp 28403826688
anon 28410232832
anon_thp 28403826688
anon 28410232832
anon_thp 28403826688
anon 28410232832
anon_thp 28403826688
anon 28410232832
anon_thp 28403826688
anon 28410232832
anon_thp 28403826688
anon 28410232832
anon_thp 28403826688
anon 28410232832
anon_thp 28403826688
anon 28410232832
anon_thp 28403826688
anon 28410232832
anon_thp 28403826688
anon 28410232832
anon_thp 28403826688
anon 28410232832
anon_thp 28403826688
anon 28410232832
anon_thp 28403826688
anon 28410232832
anon_thp 28403826688
anon 28410232832
anon_thp 28403826688
anon 28410232832
anon_thp 28403826688
anon 28410232832
anon_thp 28403826688
anon 28410232832
anon_thp 28403826688
anon 28410232832
anon_thp 28403826688
anon 28410232832
anon_thp 28403826688
anon 28410232832
anon_thp 28403826688
anon 28410232832
anon_thp 28403826688
anon 28410232832
anon_thp 28403826688
anon 28410232832
anon_thp 28403826688
anon 28410232832
anon_thp 28403826688
anon 28410232832
anon_thp 28403826688
anon 28410232832
anon_thp 28403826688
anon 28410232832
anon_thp 28403826688
anon 28410232832
anon_thp 28403826688
anon 28410232832
anon_thp 28403826688
anon 28410232832
anon_thp 28403826688
anon 28410232832
anon_thp 28403826688
anon 28410232832
anon_thp 28403826688
anon 28410232832
anon_thp 28403826688
anon 28410232832
anon_thp 28403826688
anon 28410232832
anon_thp 28403826688
anon 28410232832
anon_thp 28403826688
anon 28410232832
anon_thp 28403826688
anon 28410232832
anon_thp 28403826688
anon 28410232832
anon_thp 28403826688
anon 28410232832
anon_thp 28403826688
anon 28410232832
anon_thp 28403826688
anon 28410232832
anon_thp 28403826688
anon 28410232832
anon_thp 28403826688
anon 28410232832
anon_thp 28403826688
anon 28410232832
anon_thp 28403826688
anon 28410232832
anon_thp 28403826688
anon 28410232832
anon_thp 28403826688
anon 28410232832
anon_thp 28403826688
anon 28410232832
anon_thp 28403826688
anon 28410232832
anon_thp 28403826688
anon 28410232832
anon_thp 28403826688
anon 28410232832
anon_thp 28403826688
anon 28410232832
anon_thp 28403826688
anon 28410232832
anon_thp 28403826688
anon 28410232832
anon_thp 28403826688
anon 28410232832
anon_thp 28403826688
anon 28410232832
anon_thp 28403826688
anon 28410232832
anon_thp 28403826688
anon 28410232832
anon_thp 28403826688
anon 28410232832
anon_thp 28403826688
anon 28410232832
anon_thp 28403826688
anon 28410232832
anon_thp 28403826688
anon 28410232832
anon_thp 28403826688
anon 28410232832
anon_thp 28403826688
anon 28410232832
anon_thp 28403826688
anon 28410232832
anon_thp 28403826688
anon 28410232832
anon_thp 28403826688
anon 28410232832
anon_thp 28403826688
anon 28410232832
anon_thp 28403826688
anon 28410232832
anon_thp 28403826688
anon 28410232832
anon_thp 28403826688
anon 28410232832
anon_thp 28403826688
anon 28410232832
anon_thp 28403826688
anon 28410232832
anon_thp 28403826688
anon 28410232832
anon_thp 28403826688
anon 28410232832
anon_thp 28403826688
anon 28410232832
anon_thp 28403826688
anon 28410232832
anon_thp 28403826688
anon 28410232832
anon_thp 28403826688
anon 28410232832
anon_thp 28403826688
anon 28410232832
anon_thp 28403826688
anon 28410232832
anon_thp 28403826688
anon 28410232832
anon_thp 28403826688
anon 28410232832
anon_thp 28403826688
anon 28410232832
anon_thp 28403826688
anon 28410232832
anon_thp 28403826688
anon 28410232832
anon_thp 28403826688
anon 28410232832
anon_thp 28403826688
anon 28410232832
anon_thp 28403826688
anon 28410232832
anon_thp 28403826688
anon 28410232832
anon_thp 28403826688
anon 28410232832
anon_thp 28403826688
anon 28410232832
anon_thp 28403826688
anon 28410232832
anon_thp 28403826688
anon 28410232832
anon_thp 28403826688
anon 28410232832
anon_thp 28403826688
anon 28410232832
anon_thp 28403826688
anon 28410232832
anon_thp 28403826688
anon 28410232832
anon_thp 28403826688
anon 28410232832
anon_thp 28403826688
anon 28410232832
anon_thp 28403826688
anon 28410232832
anon_thp 28403826688
anon 28410232832
anon_thp 28403826688
anon 28410232832
anon_thp 28403826688
anon 28410232832
anon_thp 28403826688
anon 28410232832
anon_thp 28403826688
anon 28410232832
anon_thp 28403826688
anon 28410232832
anon_thp 28403826688
anon 28410232832
anon_thp 28403826688
anon 28410232832
anon_thp 28403826688
anon 28410232832
anon_thp 28403826688
anon 28410232832
anon_thp 28403826688
anon 28410232832
anon_thp 28403826688
anon 28410232832
anon_thp 28403826688
anon 28410232832
anon_thp 28403826688
anon 28410232832
anon_thp 28403826688
anon 28410232832
anon_thp 28403826688
anon 28410232832
anon_thp 28403826688
anon 28410232832
anon_thp 28403826688
anon 28410232832
anon_thp 28403826688
anon 28410232832
anon_thp 28403826688
anon 28410232832
anon_thp 28403826688
anon 28410232832
anon_thp 28403826688
anon 28410232832
anon_thp 28403826688
anon 28410232832
anon_thp 28403826688
anon 28410232832
anon_thp 28403826688
anon 28410232832
anon_thp 28403826688
anon 28410232832
anon_thp 28403826688
anon 28410232832
anon_thp 28403826688
anon 28410232832
anon_thp 28403826688
anon 28410232832
anon_thp 28403826688
anon 28410232832
anon_thp 28403826688
anon 28410232832
anon_thp 28403826688
anon 28410232832
anon_thp 28403826688
anon 28410232832
anon_thp 28403826688
anon 28410232832
anon_thp 28403826688
anon 28410232832
anon_thp 28403826688
anon 28410232832
anon_thp 28403826688
anon 28410232832
anon_thp 28403826688
anon 28410232832
anon_thp 28403826688
anon 28410232832
anon_thp 28403826688
anon 28410232832
anon_thp 28403826688
anon 28410232832
anon_thp 28403826688
anon 28410232832
anon_thp 28403826688
anon 28410232832
anon_thp 28403826688
anon 28410232832
anon_thp 28403826688
anon 28410232832
anon_thp 28403826688
anon 28410232832
anon_thp 28403826688
anon 28410232832
anon_thp 28403826688
anon 28410232832
anon_thp 28403826688
anon 28410232832
anon_thp 28403826688
anon 28410232832
anon_thp 28403826688
anon 28410232832
anon_thp 28403826688
anon 28410232832
anon_thp 28403826688
anon 28410232832
anon_thp 28403826688
anon 28410232832
anon_thp 28403826688
anon 28410232832
anon_thp 28403826688
anon 28410232832
anon_thp 28403826688
anon 28410232832
anon_thp 28403826688
anon 28410232832
anon_thp 28403826688
anon 28410232832
anon_thp 28403826688
anon 28410232832
anon_thp 28403826688
anon 28410232832
anon_thp 28403826688
anon 28410232832
anon_thp 28403826688
anon 28410232832
anon_thp 28403826688
anon 28410232832
anon_thp 28403826688
anon 28410232832
anon_thp 28403826688
anon 28410232832
anon_thp 28403826688
anon 28410232832
anon_thp 28403826688
anon 28410232832
anon_thp 28403826688
anon 28410232832
anon_thp 28403826688
anon 28410232832
anon_thp 28403826688
anon 28410232832
anon_thp 28403826688
anon 28410232832
anon_thp 28403826688
anon 28410232832
anon_thp 28403826688
anon 28410232832
anon_thp 28403826688
anon 28410232832
anon_thp 28403826688
anon 28410232832
anon_thp 28403826688
anon 28410232832
anon_thp 28403826688
anon 28410232832
anon_thp 28403826688
anon 28410232832
anon_thp 28403826688
anon 28410232832
anon_thp 28403826688
anon 28410232832
anon_thp 28403826688
anon 28410232832
anon_thp 28403826688
anon 28410232832
anon_thp 28403826688
anon 28410232832
anon_thp 28403826688
anon 28410232832
anon_thp 28403826688
anon 28410232832
anon_thp 28403826688
anon 28410232832
anon_thp 28403826688
anon 28410232832
anon_thp 28403826688
anon 28410232832
anon_thp 28403826688
anon 28410232832
anon_thp 28403826688
anon 28410232832
anon_thp 28403826688
anon 28410232832
anon_thp 28403826688
anon 28410232832
anon_thp 28403826688
anon 28410232832
anon_thp 28403826688
anon 28410232832
anon_thp 28403826688
anon 28410232832
anon_thp 28403826688
anon 28410232832
anon_thp 28403826688
anon 28410232832
anon_thp 28403826688
anon 28410232832
anon_thp 28403826688
anon 28410232832
anon_thp 28403826688
anon 28410232832
anon_thp 28403826688
anon 28410232832
anon_thp 28403826688
anon 28410232832
anon_thp 28403826688
anon 28410232832
anon_thp 28403826688
anon 28410232832
anon_thp 28403826688
anon 28410232832
anon_thp 28403826688
anon 28410232832
anon_thp 28403826688
anon 28410232832
anon_thp 28403826688
anon 28410232832
anon_thp 28403826688
anon 28410232832
anon_thp 28403826688
anon 28410232832
anon_thp 28403826688
anon 28410232832
anon_thp 28403826688
anon 28410232832
anon_thp 28403826688
anon 28410232832
anon_thp 28403826688
anon 28410232832
anon_thp 28403826688
anon 28410232832
anon_thp 28403826688
anon 28410232832
anon_thp 28403826688
anon 28410232832
anon_thp 28403826688
anon 28410232832
anon_thp 28403826688
anon 28410232832
anon_thp 28403826688
anon 28410232832
anon_thp 28403826688
anon 28410232832
anon_thp 28403826688
anon 28410232832
anon_thp 28403826688
anon 28410232832
anon_thp 28403826688
anon 28410232832
anon_thp 28403826688
anon 28410232832
anon_thp 28403826688
anon 28410232832
anon_thp 28403826688
anon 28410232832
anon_thp 28403826688
anon 28410232832
anon_thp 28403826688
anon 28410232832
anon_thp 28403826688
anon 28410232832
anon_thp 28403826688
anon 28410232832
anon_thp 28403826688
anon 28410232832
anon_thp 28403826688
anon 28410232832
anon_thp 28403826688
anon 28410232832
anon_thp 28403826688
anon 28410232832
anon_thp 28403826688
anon 28410232832
anon_thp 28403826688
anon 28410232832
anon_thp 28403826688
anon 28410232832
anon_thp 28403826688
anon 28410232832
anon_thp 28403826688
anon 28410232832
anon_thp 28403826688
anon 28410232832
anon_thp 28403826688
anon 28410232832
anon_thp 28403826688
anon 28410232832
anon_thp 28403826688
anon 28410232832
anon_thp 28403826688
anon 28410232832
anon_thp 28403826688
anon 28410232832
anon_thp 28403826688
anon 28410232832
anon_thp 28403826688
anon 28410232832
anon_thp 28403826688
anon 28410232832
anon_thp 28403826688
anon 28409286656
anon_thp 28408020992
anon 28411383808
anon_thp 28410118144
anon 28411383808
anon_thp 28410118144
anon 28411383808
anon_thp 28410118144
anon 28411383808
anon_thp 28410118144
anon 28411383808
anon_thp 28410118144
anon 28411383808
anon_thp 28410118144
anon 28411383808
anon_thp 28410118144
anon 28411383808
anon_thp 28410118144
anon 28411383808
anon_thp 28410118144
anon 28411383808
anon_thp 28410118144
anon 28411383808
anon_thp 28410118144
anon 28411383808
anon_thp 28410118144
anon 28411383808
anon_thp 28410118144
anon 28411383808
anon_thp 28410118144
anon 28411383808
anon_thp 28410118144
anon 28411383808
anon_thp 28410118144
anon 28411383808
anon_thp 28410118144
anon 28411383808
anon_thp 28410118144
anon 28411383808
anon_thp 28410118144
anon 28411383808
anon_thp 28410118144
anon 28411383808
anon_thp 28410118144
anon 28411383808
anon_thp 28410118144
anon 28411383808
anon_thp 28410118144
anon 28411383808
anon_thp 28410118144
anon 28411383808
anon_thp 28410118144
anon 28411383808
anon_thp 28410118144
anon 28411383808
anon_thp 28410118144
anon 28411383808
anon_thp 28410118144
anon 28411383808
anon_thp 28410118144
anon 28411383808
anon_thp 28410118144
anon 28411383808
anon_thp 28410118144
anon 28411383808
anon_thp 28410118144
anon 28411383808
anon_thp 28410118144
anon 28411383808
anon_thp 28410118144
anon 28411383808
anon_thp 28410118144
anon 28411383808
anon_thp 28410118144
anon 28411383808
anon_thp 28410118144
anon 28411383808
anon_thp 28410118144
anon 28411383808
anon_thp 28410118144
anon 28411383808
anon_thp 28410118144
anon 28411383808
anon_thp 28410118144
anon 28411383808
anon_thp 28410118144
anon 28411383808
anon_thp 28410118144
anon 28411383808
anon_thp 28410118144
anon 28411383808
anon_thp 28410118144
anon 28411383808
anon_thp 28410118144
anon 28411383808
anon_thp 28410118144
anon 28411383808
anon_thp 28410118144
anon 28411383808
anon_thp 28410118144
anon 28411383808
anon_thp 28410118144
anon 28411383808
anon_thp 28410118144
anon 28411383808
anon_thp 28410118144
anon 28411383808
anon_thp 28410118144
anon 28411383808
anon_thp 28410118144
anon 28411383808
anon_thp 28410118144
anon 28411383808
anon_thp 28410118144
anon 28411383808
anon_thp 28410118144
anon 28411383808
anon_thp 28410118144
anon 28411383808
anon_thp 28410118144
anon 28411383808
anon_thp 28410118144
anon 28411383808
anon_thp 28410118144
anon 28411383808
anon_thp 28410118144
anon 28411383808
anon_thp 28410118144
anon 28411383808
anon_thp 28410118144
anon 28411383808
anon_thp 28410118144
anon 28411383808
anon_thp 28410118144
anon 28411383808
anon_thp 28410118144
anon 28411383808
anon_thp 28410118144
anon 28411383808
anon_thp 28410118144
anon 28411383808
anon_thp 28410118144
anon 28411383808
anon_thp 28410118144
anon 28411383808
anon_thp 28410118144
anon 28411383808
anon_thp 28410118144
anon 28411383808
anon_thp 28410118144
anon 28411383808
anon_thp 28410118144
anon 28411383808
anon_thp 28410118144
anon 28411383808
anon_thp 28410118144
anon 28411383808
anon_thp 28410118144
anon 28411383808
anon_thp 28410118144
anon 28411383808
anon_thp 28410118144
anon 28411383808
anon_thp 28410118144
anon 28411383808
anon_thp 28410118144
anon 28411383808
anon_thp 28410118144
anon 28411383808
anon_thp 28410118144
anon 28411383808
anon_thp 28410118144
anon 28411383808
anon_thp 28410118144
anon 28411383808
anon_thp 28410118144
anon 28411383808
anon_thp 28410118144
anon 28411383808
anon_thp 28410118144
anon 28411383808
anon_thp 28410118144
anon 28411383808
anon_thp 28410118144
anon 28411383808
anon_thp 28410118144
anon 28411383808
anon_thp 28410118144
anon 28411383808
anon_thp 28410118144
anon 28411383808
anon_thp 28410118144
anon 28411383808
anon_thp 28410118144
anon 28411383808
anon_thp 28410118144
anon 28411383808
anon_thp 28410118144
anon 28411383808
anon_thp 28410118144
anon 28411383808
anon_thp 28410118144
anon 28411383808
anon_thp 28410118144
anon 28411383808
anon_thp 28410118144
anon 28411383808
anon_thp 28410118144
anon 28411383808
anon_thp 28410118144
anon 28411383808
anon_thp 28410118144
anon 28411383808
anon_thp 28410118144
