anon 946176
anon_thp 0
anon 201760768
anon_thp 199229440
anon 403083264
anon_thp 400556032
anon 618233856
anon_thp 614465536
anon 813268992
anon_thp 809500672
anon 1022980096
anon_thp 1019215872
anon 1224306688
anon_thp 1220542464
anon 1400467456
anon_thp 1396703232
anon 1582919680
anon_thp 1579155456
anon 1788436480
anon_thp 1784676352
anon 1998151680
anon_thp 1994391552
anon 2197389312
anon_thp 2193620992
anon 2411298816
anon_thp 2407530496
anon 2610524160
anon_thp 2606759936
anon 2820243456
anon_thp 2816475136
anon 3027861504
anon_thp 3024093184
anon 3231285248
anon_thp 3227516928
anon 3443093504
anon_thp 3439329280
anon 3652808704
anon_thp 3649044480
anon 3858329600
anon_thp 3854565376
anon 4068048896
anon_thp 4064280576
anon 4277764096
anon_thp 4273995776
anon 4483280896
anon_thp 4479516672
anon 4695097344
anon_thp 4691329024
anon 4900614144
anon_thp 4896849920
anon 5110333440
anon_thp 5106565120
anon 5299073024
anon_thp 5295308800
anon 5504598016
anon_thp 5500829696
anon 5710114816
anon_thp 5706350592
anon 5919830016
anon_thp 5916065792
anon 6127448064
anon_thp 6123683840
anon 6328770560
anon_thp 6325010432
anon 6860115968
anon_thp 6853492736
anon 6860111872
anon_thp 6853492736
anon 6914449408
anon_thp 6905921536
anon 7119978496
anon_thp 7111442432
anon 7317102592
anon_thp 7308574720
anon 7522631680
anon_thp 7514095616
anon 7726047232
anon_thp 7717519360
anon 7933673472
anon_thp 7925137408
anon 8139190272
anon_thp 8130658304
anon 8298573824
anon_thp 8290041856
anon 8504098816
anon_thp 8495562752
anon 8711712768
anon_thp 8703180800
anon 8889974784
anon_thp 8881438720
anon 9097592832
anon_thp 9089056768
anon 9301016576
anon_thp 9292480512
anon 9508630528
anon_thp 9500098560
anon 9682694144
anon_thp 9674162176
anon 9850462208
anon_thp 9841934336
anon 10060181504
anon_thp 10051649536
anon 10265702400
anon_thp 10257170432
anon 10471223296
anon_thp 10462691328
anon 10674651136
anon_thp 10666115072
anon 10884366336
anon_thp 10875830272
anon 11085688832
anon_thp 11077156864
anon 11293306880
anon_thp 11284774912
anon 11500924928
anon_thp 11492392960
anon 11702255616
anon_thp 11693719552
anon 11909869568
anon_thp 11901337600
anon 12111196160
anon_thp 12102664192
anon 12314615808
anon_thp 12306087936
anon 12524335104
anon_thp 12515803136
anon 12725665792
anon_thp 12717129728
anon 13226209280
anon_thp 13214154752
anon 13224116224
anon_thp 13212057600
anon 13226205184
anon_thp 13214154752
anon 13226205184
anon_thp 13214154752
anon 13226209280
anon_thp 13214154752
anon 13226205184
anon_thp 13214154752
anon 13226205184
anon_thp 13214154752
anon 13226209280
anon_thp 13214154752
anon 13226205184
anon_thp 13214154752
anon 13226205184
anon_thp 13214154752
anon 13226213376
anon_thp 13214154752
anon 13226209280
anon_thp 13214154752
anon 13226213376
anon_thp 13214154752
anon 13226209280
anon_thp 13214154752
anon 13226209280
anon_thp 13214154752
anon 13226209280
anon_thp 13214154752
anon 13226209280
anon_thp 13214154752
anon 13226205184
anon_thp 13214154752
anon 13226205184
anon_thp 13214154752
anon 13226209280
anon_thp 13214154752
anon 13226209280
anon_thp 13214154752
anon 13226209280
anon_thp 13214154752
anon 13226209280
anon_thp 13214154752
anon 13226209280
anon_thp 13214154752
anon 13226213376
anon_thp 13214154752
anon 13226213376
anon_thp 13214154752
anon 13226213376
anon_thp 13214154752
anon 13226205184
anon_thp 13214154752
anon 13226209280
anon_thp 13214154752
anon 13226213376
anon_thp 13214154752
anon 13226209280
anon_thp 13214154752
anon 13226213376
anon_thp 13214154752
anon 13226205184
anon_thp 13214154752
anon 13226209280
anon_thp 13214154752
anon 13226209280
anon_thp 13214154752
anon 13226209280
anon_thp 13214154752
anon 13226209280
anon_thp 13214154752
anon 13226213376
anon_thp 13214154752
anon 13226209280
anon_thp 13214154752
anon 13226209280
anon_thp 13214154752
anon 13226209280
anon_thp 13214154752
anon 13226209280
anon_thp 13214154752
anon 13226213376
anon_thp 13214154752
anon 13226213376
anon_thp 13214154752
anon 13226209280
anon_thp 13214154752
anon 13226205184
anon_thp 13214154752
anon 13226209280
anon_thp 13214154752
anon 13226209280
anon_thp 13214154752
anon 13226209280
anon_thp 13214154752
anon 13226209280
anon_thp 13214154752
anon 13226205184
anon_thp 13214154752
anon 13226209280
anon_thp 13214154752
anon 13226213376
anon_thp 13214154752
anon 13226209280
anon_thp 13214154752
anon 13226209280
anon_thp 13214154752
anon 13226213376
anon_thp 13214154752
anon 13226205184
anon_thp 13214154752
anon 13226213376
anon_thp 13214154752
anon 13226213376
anon_thp 13214154752
anon 13226209280
anon_thp 13214154752
anon 13226209280
anon_thp 13214154752
anon 13226209280
anon_thp 13214154752
anon 13226209280
anon_thp 13214154752
anon 13226209280
anon_thp 13214154752
anon 13226209280
anon_thp 13214154752
anon 13226205184
anon_thp 13214154752
anon 13226205184
anon_thp 13214154752
anon 13226209280
anon_thp 13214154752
anon 13226213376
anon_thp 13214154752
anon 13226213376
anon_thp 13214154752
anon 13224116224
anon_thp 13212057600
anon 13226209280
anon_thp 13214154752
anon 13226209280
anon_thp 13214154752
anon 13226213376
anon_thp 13214154752
anon 13226205184
anon_thp 13214154752
anon 13226213376
anon_thp 13214154752
anon 13226213376
anon_thp 13214154752
anon 13226213376
anon_thp 13214154752
anon 13226205184
anon_thp 13214154752
anon 13226209280
anon_thp 13214154752
anon 13226209280
anon_thp 13214154752
anon 13226213376
anon_thp 13214154752
anon 13226209280
anon_thp 13214154752
anon 13226209280
anon_thp 13214154752
anon 13226209280
anon_thp 13214154752
anon 13226209280
anon_thp 13214154752
anon 13226209280
anon_thp 13214154752
anon 13226209280
anon_thp 13214154752
anon 13226209280
anon_thp 13214154752
anon 13226209280
anon_thp 13214154752
anon 13226209280
anon_thp 13214154752
anon 13226205184
anon_thp 13214154752
anon 13226213376
anon_thp 13214154752
anon 13226209280
anon_thp 13214154752
anon 13226209280
anon_thp 13214154752
anon 13226209280
anon_thp 13214154752
anon 13226213376
anon_thp 13214154752
anon 13226213376
anon_thp 13214154752
anon 13226209280
anon_thp 13214154752
anon 13226209280
anon_thp 13214154752
anon 13226209280
anon_thp 13214154752
anon 13226209280
anon_thp 13214154752
anon 13226209280
anon_thp 13214154752
anon 13226209280
anon_thp 13214154752
anon 13226213376
anon_thp 13214154752
anon 13226205184
anon_thp 13214154752
anon 13226209280
anon_thp 13214154752
anon 13226209280
anon_thp 13214154752
anon 13226209280
anon_thp 13214154752
anon 13226209280
anon_thp 13214154752
anon 13226205184
anon_thp 13214154752
anon 13226209280
anon_thp 13214154752
anon 13226213376
anon_thp 13214154752
anon 13226209280
anon_thp 13214154752
anon 13226205184
anon_thp 13214154752
anon 13226205184
anon_thp 13214154752
anon 13226209280
anon_thp 13214154752
anon 13226213376
anon_thp 13214154752
anon 13226209280
anon_thp 13214154752
anon 13226213376
anon_thp 13214154752
anon 13226209280
anon_thp 13214154752
anon 13226209280
anon_thp 13214154752
anon 13226205184
anon_thp 13214154752
anon 13226209280
anon_thp 13214154752
anon 13226209280
anon_thp 13214154752
anon 13226209280
anon_thp 13214154752
anon 13226213376
anon_thp 13214154752
anon 13226209280
anon_thp 13214154752
anon 13226209280
anon_thp 13214154752
anon 13226213376
anon_thp 13214154752
anon 13226213376
anon_thp 13214154752
anon 13226213376
anon_thp 13214154752
anon 13226213376
anon_thp 13214154752
anon 13226213376
anon_thp 13214154752
anon 13226205184
anon_thp 13214154752
anon 13226213376
anon_thp 13214154752
anon 13226209280
anon_thp 13214154752
anon 13226209280
anon_thp 13214154752
anon 13226209280
anon_thp 13214154752
anon 13226205184
anon_thp 13214154752
anon 13226213376
anon_thp 13214154752
anon 13226209280
anon_thp 13214154752
anon 13226209280
anon_thp 13214154752
anon 13226209280
anon_thp 13214154752
anon 13226205184
anon_thp 13214154752
anon 13226213376
anon_thp 13214154752
anon 13226209280
anon_thp 13214154752
anon 13226209280
anon_thp 13214154752
anon 13226209280
anon_thp 13214154752
anon 13226209280
anon_thp 13214154752
anon 13226209280
anon_thp 13214154752
anon 13226209280
anon_thp 13214154752
anon 13226213376
anon_thp 13214154752
anon 13226213376
anon_thp 13214154752
anon 13226209280
anon_thp 13214154752
anon 13226213376
anon_thp 13214154752
anon 13226209280
anon_thp 13214154752
anon 13226209280
anon_thp 13214154752
anon 13226209280
anon_thp 13214154752
anon 13226209280
anon_thp 13214154752
anon 13226209280
anon_thp 13214154752
anon 13226213376
anon_thp 13214154752
anon 13226213376
anon_thp 13214154752
anon 13226205184
anon_thp 13214154752
anon 13226205184
anon_thp 13214154752
anon 13226209280
anon_thp 13214154752
anon 13226205184
anon_thp 13214154752
anon 13226209280
anon_thp 13214154752
anon 13226209280
anon_thp 13214154752
anon 13226213376
anon_thp 13214154752
anon 13226209280
anon_thp 13214154752
anon 13226209280
anon_thp 13214154752
anon 13226209280
anon_thp 13214154752
anon 13226209280
anon_thp 13214154752
anon 13226209280
anon_thp 13214154752
anon 13226209280
anon_thp 13214154752
anon 13226209280
anon_thp 13214154752
anon 13226209280
anon_thp 13214154752
anon 13226209280
anon_thp 13214154752
anon 13226209280
anon_thp 13214154752
anon 13226209280
anon_thp 13214154752
anon 13226209280
anon_thp 13214154752
anon 13226213376
anon_thp 13214154752
anon 13226213376
anon_thp 13214154752
anon 13226205184
anon_thp 13214154752
anon 13226209280
anon_thp 13214154752
anon 13226213376
anon_thp 13214154752
anon 13226205184
anon_thp 13214154752
anon 13224116224
anon_thp 13212057600
anon 13226213376
anon_thp 13214154752
anon 13226209280
anon_thp 13214154752
anon 13226205184
anon_thp 13214154752
anon 13226209280
anon_thp 13214154752
anon 13226205184
anon_thp 13214154752
anon 13226209280
anon_thp 13214154752
anon 13226209280
anon_thp 13214154752
anon 13226209280
anon_thp 13214154752
anon 13226213376
anon_thp 13214154752
anon 13226213376
anon_thp 13214154752
anon 13226213376
anon_thp 13214154752
anon 13226213376
anon_thp 13214154752
anon 13226213376
anon_thp 13214154752
anon 13226213376
anon_thp 13214154752
anon 13226209280
anon_thp 13214154752
anon 13226209280
anon_thp 13214154752
anon 13226213376
anon_thp 13214154752
anon 13226205184
anon_thp 13214154752
anon 13226205184
anon_thp 13214154752
anon 13226209280
anon_thp 13214154752
anon 13226209280
anon_thp 13214154752
anon 13226209280
anon_thp 13214154752
anon 13226209280
anon_thp 13214154752
anon 13226205184
anon_thp 13214154752
anon 13226209280
anon_thp 13214154752
anon 13226213376
anon_thp 13214154752
anon 13226205184
anon_thp 13214154752
anon 13226209280
anon_thp 13214154752
anon 13224116224
anon_thp 13212057600
anon 13226209280
anon_thp 13214154752
anon 13226209280
anon_thp 13214154752
anon 13226213376
anon_thp 13214154752
anon 13226209280
anon_thp 13214154752
anon 13226209280
anon_thp 13214154752
anon 13226209280
anon_thp 13214154752
anon 13226209280
anon_thp 13214154752
anon 13226209280
anon_thp 13214154752
anon 13226209280
anon_thp 13214154752
anon 13226213376
anon_thp 13214154752
anon 13226213376
anon_thp 13214154752
anon 13226205184
anon_thp 13214154752
anon 7332990976
anon_thp 7325351936
