pgmigrate_success 8910706
pgmigrate_success 8910708
pgmigrate_success 8910709
pgmigrate_success 8910709
pgmigrate_success 8910709
pgmigrate_success 8910709
pgmigrate_success 8910709
pgmigrate_success 8910709
pgmigrate_success 8910709
pgmigrate_success 8910709
pgmigrate_success 8910709
pgmigrate_success 8910709
pgmigrate_success 8910709
pgmigrate_success 8910709
pgmigrate_success 8910709
pgmigrate_success 8910709
pgmigrate_success 8910709
pgmigrate_success 8910709
pgmigrate_success 8910709
pgmigrate_success 8910709
pgmigrate_success 8910709
pgmigrate_success 8910709
pgmigrate_success 8910709
pgmigrate_success 8910709
pgmigrate_success 8925610
pgmigrate_success 8925610
pgmigrate_success 8925610
pgmigrate_success 8925610
pgmigrate_success 8925610
pgmigrate_success 8925610
pgmigrate_success 8925610
pgmigrate_success 8925610
pgmigrate_success 8925610
pgmigrate_success 8925610
pgmigrate_success 8925610
pgmigrate_success 8925610
pgmigrate_success 8925610
pgmigrate_success 8925610
pgmigrate_success 8925610
pgmigrate_success 8925610
pgmigrate_success 8925610
pgmigrate_success 8925610
pgmigrate_success 8925610
pgmigrate_success 8925610
pgmigrate_success 8925610
pgmigrate_success 8925610
pgmigrate_success 8925610
pgmigrate_success 8925610
pgmigrate_success 9051810
pgmigrate_success 9427407
pgmigrate_success 9546191
pgmigrate_success 9546766
pgmigrate_success 9546766
pgmigrate_success 9546766
pgmigrate_success 9546766
pgmigrate_success 9647177
pgmigrate_success 9790539
pgmigrate_success 10092571
pgmigrate_success 10340567
pgmigrate_success 10491640
pgmigrate_success 10583290
pgmigrate_success 10664700
pgmigrate_success 10748668
pgmigrate_success 10779900
pgmigrate_success 10779900
pgmigrate_success 10780412
pgmigrate_success 10887313
pgmigrate_success 10934934
pgmigrate_success 10935447
pgmigrate_success 10935447
pgmigrate_success 10935447
pgmigrate_success 10935447
pgmigrate_success 10935447
pgmigrate_success 10935447
pgmigrate_success 10980505
pgmigrate_success 11017370
pgmigrate_success 11045530
pgmigrate_success 11072154
pgmigrate_success 11100826
pgmigrate_success 11118240
pgmigrate_success 11158176
pgmigrate_success 11203514
pgmigrate_success 11241916
pgmigrate_success 11269054
pgmigrate_success 11304382
pgmigrate_success 11338687
pgmigrate_success 11387841
pgmigrate_success 11416513
pgmigrate_success 11417025
pgmigrate_success 11417025
pgmigrate_success 11417025
pgmigrate_success 11417025
pgmigrate_success 11417025
pgmigrate_success 11417025
pgmigrate_success 11458501
pgmigrate_success 11459013
pgmigrate_success 11459013
pgmigrate_success 11459013
pgmigrate_success 11459013
pgmigrate_success 11459013
pgmigrate_success 11459013
pgmigrate_success 11459013
pgmigrate_success 11459013
pgmigrate_success 11459013
pgmigrate_success 11459013
pgmigrate_success 11459013
pgmigrate_success 11459013
pgmigrate_success 11459013
pgmigrate_success 11459013
pgmigrate_success 11514821
pgmigrate_success 11545030
pgmigrate_success 11571654
pgmigrate_success 11601350
pgmigrate_success 11641959
pgmigrate_success 11688572
pgmigrate_success 11699340
pgmigrate_success 11699342
pgmigrate_success 11699342
pgmigrate_success 11699342
pgmigrate_success 11699855
pgmigrate_success 11699855
pgmigrate_success 11699855
pgmigrate_success 11699855
pgmigrate_success 11699855
pgmigrate_success 11699855
pgmigrate_success 11699855
pgmigrate_success 11699855
pgmigrate_success 11699855
pgmigrate_success 11699855
pgmigrate_success 11699855
pgmigrate_success 11699855
pgmigrate_success 11699855
pgmigrate_success 11699855
pgmigrate_success 11699855
pgmigrate_success 11699878
pgmigrate_success 11740327
pgmigrate_success 11740327
pgmigrate_success 11740327
pgmigrate_success 11740327
pgmigrate_success 11740327
pgmigrate_success 11740327
pgmigrate_success 11740327
pgmigrate_success 11740327
pgmigrate_success 11740327
pgmigrate_success 11740839
pgmigrate_success 11741060
pgmigrate_success 11741060
pgmigrate_success 11741060
pgmigrate_success 11741060
pgmigrate_success 11741060
pgmigrate_success 11747716
pgmigrate_success 11763593
pgmigrate_success 11778441
pgmigrate_success 11789705
pgmigrate_success 11803017
pgmigrate_success 11820938
pgmigrate_success 11830154
pgmigrate_success 11839882
pgmigrate_success 11852170
pgmigrate_success 11863435
pgmigrate_success 11876747
pgmigrate_success 11882891
pgmigrate_success 11905419
pgmigrate_success 11918731
pgmigrate_success 11932043
pgmigrate_success 11941259
pgmigrate_success 11962251
pgmigrate_success 11962251
pgmigrate_success 11964299
pgmigrate_success 11964299
pgmigrate_success 11964299
pgmigrate_success 11964299
pgmigrate_success 11964299
pgmigrate_success 11964299
pgmigrate_success 11964299
pgmigrate_success 11964299
pgmigrate_success 11964299
pgmigrate_success 11964389
pgmigrate_success 11964389
pgmigrate_success 11964389
pgmigrate_success 11964389
pgmigrate_success 11976166
pgmigrate_success 11976678
pgmigrate_success 11976678
pgmigrate_success 11976678
pgmigrate_success 11976678
pgmigrate_success 11976678
pgmigrate_success 11976678
pgmigrate_success 11976678
pgmigrate_success 11976678
pgmigrate_success 11976678
pgmigrate_success 11976678
pgmigrate_success 11976678
pgmigrate_success 11976678
pgmigrate_success 11976678
pgmigrate_success 11976678
pgmigrate_success 11976678
pgmigrate_success 11976678
pgmigrate_success 11976678
pgmigrate_success 11976678
pgmigrate_success 11976678
pgmigrate_success 11976678
pgmigrate_success 11976678
pgmigrate_success 11976678
pgmigrate_success 11976678
pgmigrate_success 11976678
pgmigrate_success 11976678
pgmigrate_success 11976678
pgmigrate_success 11976724
pgmigrate_success 11976724
pgmigrate_success 11976724
pgmigrate_success 11976724
pgmigrate_success 11976724
pgmigrate_success 11976724
pgmigrate_success 11976724
pgmigrate_success 11976724
pgmigrate_success 11976724
pgmigrate_success 11976724
pgmigrate_success 11976724
pgmigrate_success 11976724
pgmigrate_success 11976724
pgmigrate_success 11976724
pgmigrate_success 11976724
pgmigrate_success 11976931
pgmigrate_success 11976931
pgmigrate_success 11976931
pgmigrate_success 11976931
pgmigrate_success 11976931
pgmigrate_success 11976931
pgmigrate_success 11976931
pgmigrate_success 11976931
pgmigrate_success 11977443
pgmigrate_success 11977443
pgmigrate_success 11977443
pgmigrate_success 11977443
pgmigrate_success 11977443
pgmigrate_success 11977443
pgmigrate_success 11995875
pgmigrate_success 12015331
pgmigrate_success 12036835
pgmigrate_success 12051888
pgmigrate_success 12076977
pgmigrate_success 12099507
pgmigrate_success 12113334
pgmigrate_success 12134839
pgmigrate_success 12144571
pgmigrate_success 12147643
pgmigrate_success 12148156
pgmigrate_success 12148156
pgmigrate_success 12148156
pgmigrate_success 12148156
pgmigrate_success 12148156
pgmigrate_success 12148156
pgmigrate_success 12148156
pgmigrate_success 12148156
pgmigrate_success 12148156
pgmigrate_success 12148156
pgmigrate_success 12148156
pgmigrate_success 12148156
pgmigrate_success 12148156
pgmigrate_success 12148156
pgmigrate_success 12148156
pgmigrate_success 12148158
pgmigrate_success 12148158
pgmigrate_success 12148427
pgmigrate_success 12148427
pgmigrate_success 12148427
pgmigrate_success 12148427
pgmigrate_success 12148427
pgmigrate_success 12148427
pgmigrate_success 12148939
pgmigrate_success 12148939
pgmigrate_success 12149176
pgmigrate_success 12149176
pgmigrate_success 12149176
pgmigrate_success 12149176
pgmigrate_success 12149176
pgmigrate_success 12149176
pgmigrate_success 12149176
pgmigrate_success 12149176
pgmigrate_success 12150712
pgmigrate_success 12150712
pgmigrate_success 12151224
pgmigrate_success 12151224
pgmigrate_success 12151224
pgmigrate_success 12151224
pgmigrate_success 12151224
pgmigrate_success 12151242
pgmigrate_success 12151242
pgmigrate_success 12151242
pgmigrate_success 12151242
pgmigrate_success 12151242
pgmigrate_success 12151242
pgmigrate_success 12151242
pgmigrate_success 12151242
pgmigrate_success 12151242
pgmigrate_success 12151242
pgmigrate_success 12151242
pgmigrate_success 12151242
pgmigrate_success 12151242
pgmigrate_success 12151754
pgmigrate_success 12151754
pgmigrate_success 12151754
pgmigrate_success 12151754
pgmigrate_success 12151804
pgmigrate_success 12151804
pgmigrate_success 12151804
pgmigrate_success 12151804
pgmigrate_success 12151804
pgmigrate_success 12151804
pgmigrate_success 12151804
pgmigrate_success 12151804
pgmigrate_success 12151804
pgmigrate_success 12151804
pgmigrate_success 12151804
pgmigrate_success 12151804
pgmigrate_success 12151804
pgmigrate_success 12151804
pgmigrate_success 12151804
pgmigrate_success 12151804
pgmigrate_success 12151804
pgmigrate_success 12151804
pgmigrate_success 12151804
pgmigrate_success 12151804
pgmigrate_success 12151804
pgmigrate_success 12151804
pgmigrate_success 12160009
pgmigrate_success 12173840
pgmigrate_success 12185109
pgmigrate_success 12208149
pgmigrate_success 12208661
pgmigrate_success 12208661
pgmigrate_success 12209173
pgmigrate_success 12209173
pgmigrate_success 12224533
pgmigrate_success 12258326
pgmigrate_success 12278864
pgmigrate_success 12292688
pgmigrate_success 12302928
pgmigrate_success 12323408
pgmigrate_success 12337746
pgmigrate_success 12338259
pgmigrate_success 12338259
pgmigrate_success 12338259
pgmigrate_success 12338259
pgmigrate_success 12338259
pgmigrate_success 12338259
pgmigrate_success 12338259
pgmigrate_success 12338259
pgmigrate_success 12338259
pgmigrate_success 12338259
pgmigrate_success 12338259
pgmigrate_success 12338259
pgmigrate_success 12338259
pgmigrate_success 12338259
pgmigrate_success 12338259
pgmigrate_success 12338259
pgmigrate_success 12338259
pgmigrate_success 12338259
pgmigrate_success 12338259
pgmigrate_success 12338259
pgmigrate_success 12338515
pgmigrate_success 12338515
pgmigrate_success 12338515
pgmigrate_success 12338515
pgmigrate_success 12338515
pgmigrate_success 12338515
pgmigrate_success 12338515
pgmigrate_success 12338745
pgmigrate_success 12338745
pgmigrate_success 12338745
pgmigrate_success 12338745
pgmigrate_success 12338745
pgmigrate_success 12338745
pgmigrate_success 12338745
pgmigrate_success 12338745
pgmigrate_success 12338745
pgmigrate_success 12338745
pgmigrate_success 12338745
pgmigrate_success 12340281
pgmigrate_success 12340282
pgmigrate_success 12340282
pgmigrate_success 12340282
pgmigrate_success 12340282
pgmigrate_success 12340282
pgmigrate_success 12340282
pgmigrate_success 12340282
pgmigrate_success 12340282
pgmigrate_success 12340282
pgmigrate_success 12340282
pgmigrate_success 12340282
pgmigrate_success 12340282
pgmigrate_success 12340282
pgmigrate_success 12340282
pgmigrate_success 12340282
pgmigrate_success 12340282
pgmigrate_success 12340282
pgmigrate_success 12340282
pgmigrate_success 12340282
pgmigrate_success 12340317
pgmigrate_success 12340317
pgmigrate_success 12340317
pgmigrate_success 12340317
pgmigrate_success 12340317
pgmigrate_success 12340317
pgmigrate_success 12340317
pgmigrate_success 12340317
pgmigrate_success 12340317
pgmigrate_success 12340317
pgmigrate_success 12340317
pgmigrate_success 12340317
pgmigrate_success 12340317
pgmigrate_success 12340317
pgmigrate_success 12340317
pgmigrate_success 12340317
pgmigrate_success 12340317
pgmigrate_success 12340317
pgmigrate_success 12340317
pgmigrate_success 12340317
pgmigrate_success 12340317
pgmigrate_success 12340317
pgmigrate_success 12359785
pgmigrate_success 12370555
pgmigrate_success 12394133
pgmigrate_success 12408521
pgmigrate_success 12424924
pgmigrate_success 12437216
pgmigrate_success 12459236
pgmigrate_success 12514532
pgmigrate_success 12514532
pgmigrate_success 12514532
pgmigrate_success 12514586
pgmigrate_success 12522778
pgmigrate_success 12523290
pgmigrate_success 12523290
pgmigrate_success 12523290
pgmigrate_success 12523290
pgmigrate_success 12523290
pgmigrate_success 12523290
pgmigrate_success 12523290
pgmigrate_success 12523290
pgmigrate_success 12523290
pgmigrate_success 12523290
pgmigrate_success 12523290
pgmigrate_success 12523290
pgmigrate_success 12523290
pgmigrate_success 12523802
pgmigrate_success 12523802
pgmigrate_success 12523802
pgmigrate_success 12523802
pgmigrate_success 12523802
pgmigrate_success 12523802
pgmigrate_success 12523802
pgmigrate_success 12523802
pgmigrate_success 12523802
pgmigrate_success 12523802
pgmigrate_success 12523802
pgmigrate_success 12523802
pgmigrate_success 12523802
pgmigrate_success 12523802
pgmigrate_success 12523802
pgmigrate_success 12523802
pgmigrate_success 12523802
pgmigrate_success 12523831
pgmigrate_success 12523831
pgmigrate_success 12523831
pgmigrate_success 12523831
pgmigrate_success 12523831
pgmigrate_success 12523831
pgmigrate_success 12523831
pgmigrate_success 12523855
pgmigrate_success 12523855
pgmigrate_success 12523855
pgmigrate_success 12524023
pgmigrate_success 12524023
pgmigrate_success 12524023
pgmigrate_success 12524023
pgmigrate_success 12524535
pgmigrate_success 12525047
pgmigrate_success 12525047
pgmigrate_success 12525047
pgmigrate_success 12525047
pgmigrate_success 12525047
pgmigrate_success 12525047
pgmigrate_success 12525047
pgmigrate_success 12525047
pgmigrate_success 12525047
pgmigrate_success 12525047
pgmigrate_success 12525047
pgmigrate_success 12525047
pgmigrate_success 12525047
pgmigrate_success 12525047
pgmigrate_success 12525047
pgmigrate_success 12525047
pgmigrate_success 12525047
pgmigrate_success 12525075
pgmigrate_success 12525075
pgmigrate_success 12525075
pgmigrate_success 12525075
pgmigrate_success 12525075
pgmigrate_success 12525075
pgmigrate_success 12525075
pgmigrate_success 12525075
pgmigrate_success 12525075
pgmigrate_success 12525075
pgmigrate_success 12525075
pgmigrate_success 12525587
pgmigrate_success 12535321
pgmigrate_success 12552244
pgmigrate_success 12571193
pgmigrate_success 12587081
pgmigrate_success 12600916
pgmigrate_success 12619370
pgmigrate_success 12641387
pgmigrate_success 12664432
pgmigrate_success 12674164
pgmigrate_success 12675700
pgmigrate_success 12676213
pgmigrate_success 12676213
pgmigrate_success 12676213
pgmigrate_success 12676213
pgmigrate_success 12676213
pgmigrate_success 12676213
