hot 0 warm 0 cold 0
hot 1 warm 0 cold 0
hot 1 warm 0 cold 0
hot 1 warm 0 cold 0
hot 1 warm 0 cold 0
hot 1 warm 0 cold 0
hot 1 warm 0 cold 0
hot 1 warm 0 cold 0
hot 1 warm 0 cold 0
hot 1 warm 0 cold 0
hot 1 warm 0 cold 0
hot 1 warm 0 cold 0
hot 1 warm 0 cold 0
hot 1 warm 0 cold 0
hot 1 warm 0 cold 0
hot 1 warm 0 cold 0
hot 1 warm 0 cold 0
hot 1 warm 0 cold 0
hot 1 warm 0 cold 0
hot 1 warm 0 cold 0
hot 1 warm 0 cold 0
hot 1 warm 0 cold 0
hot 1 warm 0 cold 0
hot 1 warm 0 cold 0
hot 14855 warm 0 cold 63
hot 14855 warm 0 cold 63
hot 14855 warm 0 cold 63
hot 14855 warm 0 cold 63
hot 14855 warm 0 cold 63
hot 14855 warm 0 cold 63
hot 14855 warm 0 cold 63
hot 14855 warm 0 cold 63
hot 14855 warm 0 cold 63
hot 14855 warm 0 cold 63
hot 14855 warm 0 cold 63
hot 14855 warm 0 cold 63
hot 14855 warm 0 cold 63
hot 14855 warm 0 cold 63
hot 14855 warm 0 cold 63
hot 14855 warm 0 cold 63
hot 14855 warm 0 cold 63
hot 14855 warm 0 cold 63
hot 14855 warm 0 cold 63
hot 14855 warm 0 cold 63
hot 14855 warm 0 cold 63
hot 14855 warm 0 cold 63
hot 14855 warm 0 cold 63
hot 2565 warm 0 cold 0
hot 1700433 warm 0 cold 0
hot 1798737 warm 0 cold 0
hot 1884753 warm 0 cold 0
hot 1960017 warm 0 cold 0
hot 569350 warm 1462859 cold 0
hot 637446 warm 1451083 cold 0
hot 679942 warm 1449547 cold 0
hot 735238 warm 0 cold 1445963
hot 782854 warm 0 cold 1440843
hot 819718 warm 0 cold 1439819
hot 860166 warm 0 cold 1437771
hot 894982 warm 0 cold 1436747
hot 934918 warm 0 cold 1435211
hot 968710 warm 0 cold 1434699
hot 1003526 warm 0 cold 1434699
hot 1037318 warm 0 cold 1434699
hot 1061894 warm 0 cold 1434699
hot 976541 warm 0 cold 1545652
hot 1012382 warm 0 cold 1543091
hot 1039526 warm 0 cold 1535915
hot 669865 warm 405504 cold 1529768
hot 687282 warm 411648 cold 1522079
hot 709299 warm 423424 cold 1516446
hot 725173 warm 428032 cold 1511324
hot 744634 warm 430592 cold 1506199
hot 762558 warm 433664 cold 1501587
hot 791744 warm 0 cold 1923473
hot 805058 warm 0 cold 1925519
hot 819906 warm 0 cold 1933199
hot 835781 warm 0 cold 1925516
hot 848069 warm 0 cold 1935244
hot 862406 warm 0 cold 1934731
hot 884423 warm 0 cold 1928074
hot 904903 warm 0 cold 1919370
hot 926923 warm 0 cold 1908614
hot 943307 warm 0 cold 1907078
hot 963790 warm 0 cold 1897859
hot 988878 warm 0 cold 1885571
hot 1019090 warm 0 cold 1872767
hot 530130 warm 509952 cold 1867647
hot 553171 warm 524288 cold 1854846
hot 581339 warm 518656 cold 1841526
hot 601308 warm 528896 cold 1834869
hot 618718 warm 533504 cold 1825139
hot 632543 warm 547840 cold 1811826
hot 657120 warm 550912 cold 1795953
hot 678436 warm 534016 cold 1743965
hot 690212 warm 536576 cold 1739869
hot 696356 warm 545792 cold 1733213
hot 711717 warm 545280 cold 1725532
hot 727077 warm 545792 cold 1722972
hot 743463 warm 547328 cold 1718874
hot 757287 warm 547840 cold 1711194
hot 772137 warm 549888 cold 1700440
hot 785449 warm 544768 cold 1696856
hot 796201 warm 545792 cold 1692760
hot 295064 warm 544768 cold 2369214
hot 312472 warm 548352 cold 2351231
hot 318104 warm 559104 cold 2336383
hot 324248 warm 563712 cold 2327679
hot 331928 warm 566272 cold 2318975
hot 915610 warm 0 cold 2301565
hot 934042 warm 0 cold 2284669
hot 951963 warm 0 cold 2267260
hot 974491 warm 0 cold 2246268
hot 998556 warm 0 cold 2222715
hot 1018524 warm 0 cold 2202747
hot 1041564 warm 0 cold 2180219
hot 477852 warm 0 cold 2744955
hot 499356 warm 0 cold 2723451
hot 518300 warm 0 cold 2705019
hot 537244 warm 586752 cold 2099323
hot 554652 warm 588800 cold 2080891
hot 571036 warm 590848 cold 2062459
hot 578716 warm 601088 cold 2045051
hot 586908 warm 606208 cold 2031739
hot 595100 warm 612864 cold 2016891
hot 609948 warm 612864 cold 2002555
hot 624796 warm 607232 cold 1993339
hot 644253 warm 602112 cold 1979002
hot 662173 warm 594944 cold 1968250
hot 679582 warm 591872 cold 1954425
hot 699550 warm 581632 cold 1944697
hot 716959 warm 579584 cold 1929336
hot 736927 warm 578560 cold 1910904
hot 756895 warm 567808 cold 1901688
hot 712911 warm 566784 cold 1890936
hot 726735 warm 566272 cold 1880184
hot 738511 warm 569344 cold 1869944
hot 754895 warm 565760 cold 1862264
hot 768207 warm 565760 cold 1852024
hot 782031 warm 565248 cold 1841784
hot 790735 warm 566272 cold 1834104
hot 801999 warm 565760 cold 1826936
hot 814800 warm 0 cold 2381943
hot 824528 warm 0 cold 2373239
hot 836816 warm 0 cold 2365047
hot 847056 warm 0 cold 2356855
hot 854736 warm 0 cold 2350711
hot 864976 warm 0 cold 2342519
hot 878288 warm 0 cold 2330743
hot 888528 warm 0 cold 2323063
hot 898768 warm 0 cold 2313847
hot 906960 warm 0 cold 2307703
hot 915152 warm 0 cold 2300023
hot 920784 warm 0 cold 2295415
hot 928976 warm 0 cold 2288247
hot 936656 warm 0 cold 2281591
hot 940752 warm 0 cold 2278519
hot 949456 warm 0 cold 2270839
hot 956624 warm 0 cold 2264695
hot 965328 warm 0 cold 2256503
hot 969424 warm 0 cold 2252407
hot 976592 warm 0 cold 2245239
hot 984272 warm 0 cold 2238071
hot 991952 warm 0 cold 2231415
hot 998608 warm 0 cold 2224759
hot 1006288 warm 0 cold 2217079
hot 1016016 warm 0 cold 2207863
hot 1026768 warm 0 cold 2198135
hot 365264 warm 0 cold 2860151
hot 379090 warm 0 cold 2846837
hot 386258 warm 0 cold 2839669
hot 397522 warm 0 cold 2828405
hot 402130 warm 0 cold 2823797
hot 409810 warm 680448 cold 2135669
hot 414418 warm 687104 cold 2124405
hot 422610 warm 687616 cold 2115701
hot 428242 warm 690688 cold 2106997
hot 430290 warm 693760 cold 2102389
hot 430802 warm 697856 cold 2097781
hot 434898 warm 703488 cold 2088565
hot 443602 warm 707072 cold 2076277
hot 388900 warm 707072 cold 2069621
hot 405796 warm 711680 cold 2057845
hot 416548 warm 711680 cold 2050677
hot 433444 warm 710144 cold 2044021
hot 443684 warm 707584 cold 2037365
hot 452900 warm 709120 cold 2029173
hot 459556 warm 712192 cold 2021493
hot 468772 warm 715776 cold 2012277
hot 477988 warm 712704 cold 2008181
hot 483620 warm 714240 cold 2004085
hot 490278 warm 715776 cold 1998965
hot 497958 warm 714240 cold 1994869
hot 503078 warm 716800 cold 1987701
hot 514855 warm 711680 cold 1983093
hot 520999 warm 712704 cold 1976437
hot 532264 warm 710144 cold 1969781
hot 544040 warm 707072 cold 1963125
hot 550184 warm 707072 cold 1957493
hot 142986 warm 432640 cold 2639925
hot 144010 warm 444416 cold 2627125
hot 144522 warm 449024 cold 2622005
hot 146570 warm 453632 cold 2615349
hot 148106 warm 460288 cold 2607157
hot 621195 warm 734720 cold 1859636
hot 629387 warm 740352 cold 1845812
hot 635531 warm 741888 cold 1838132
hot 647819 warm 736768 cold 1830964
hot 660107 warm 731136 cold 1824308
hot 682123 warm 714752 cold 1818676
hot 697483 warm 707584 cold 1810484
hot 707211 warm 704512 cold 1803828
hot 721035 warm 700416 cold 1794100
hot 728716 warm 701952 cold 1784883
hot 742540 warm 694272 cold 1778739
hot 758412 warm 688640 cold 1768499
hot 771725 warm 681984 cold 1761842
hot 783501 warm 676864 cold 1755186
hot 789649 warm 682496 cold 1743406
hot 798865 warm 680960 cold 1735726
hot 814225 warm 0 cold 2401326
hot 825490 warm 0 cold 2390061
hot 838802 warm 0 cold 2376749
hot 846482 warm 0 cold 2369069
hot 853138 warm 0 cold 2362413
hot 863890 warm 0 cold 2351661
hot 871570 warm 0 cold 2343981
hot 880786 warm 0 cold 2334765
hot 884882 warm 0 cold 2330669
hot 889490 warm 0 cold 2326061
hot 897170 warm 0 cold 2318381
hot 851651 warm 0 cold 2243628
hot 862403 warm 0 cold 2232876
hot 884932 warm 0 cold 2210347
hot 897732 warm 0 cold 2197547
hot 907460 warm 0 cold 2187819
hot 921289 warm 0 cold 2173990
hot 934601 warm 0 cold 2160678
hot 949449 warm 0 cold 2145830
hot 956617 warm 0 cold 2138662
hot 965833 warm 0 cold 2129446
hot 978122 warm 0 cold 2117157
hot 989386 warm 0 cold 2105893
hot 1001162 warm 0 cold 2094117
hot 1008842 warm 0 cold 2086437
hot 1016010 warm 0 cold 2079269
hot 1023690 warm 0 cold 2071589
hot 343242 warm 0 cold 2752037
hot 350410 warm 0 cold 2744869
hot 358602 warm 0 cold 2736677
hot 364746 warm 0 cold 2730533
hot 372938 warm 0 cold 2722341
hot 378058 warm 0 cold 2717221
hot 379082 warm 709632 cold 2006565
hot 381130 warm 715776 cold 1998373
hot 386762 warm 720896 cold 1987621
hot 395467 warm 723456 cold 1976356
hot 404683 warm 723456 cold 1967140
hot 416973 warm 720384 cold 1957922
hot 425677 warm 715776 cold 1953826
hot 432845 warm 716800 cold 1945634
hot 433869 warm 722432 cold 1938978
hot 435917 warm 729600 cold 1929762
hot 448717 warm 722944 cold 1923618
hot 461517 warm 713216 cold 1920546
hot 464592 warm 718848 cold 1911839
hot 476368 warm 712704 cold 1906207
hot 479952 warm 716800 cold 1898527
hot 483537 warm 718336 cold 1893406
hot 484049 warm 727040 cold 1884190
hot 488145 warm 732160 cold 1874974
hot 495313 warm 730624 cold 1869342
hot 505553 warm 727552 cold 1862174
hot 513233 warm 728064 cold 1853982
hot 519889 warm 731648 cold 1843742
hot 528084 warm 733184 cold 1834011
hot 532692 warm 734208 cold 1828379
hot 533716 warm 738304 cold 1823259
hot 540373 warm 734720 cold 1820186
hot 544469 warm 737280 cold 1813530
hot 495365 warm 738816 cold 1740826
hot 505605 warm 735232 cold 1734170
hot 518917 warm 732672 cold 1723418
hot 534279 warm 730624 cold 1710104
hot 541447 warm 733184 cold 1700376
hot 554247 warm 729088 cold 1691672
hot 560903 warm 728576 cold 1685528
hot 567559 warm 728064 cold 1679384
hot 580876 warm 721408 cold 1672723
hot 588556 warm 722944 cold 1663507
hot 594700 warm 722944 cold 1657363
hot 603916 warm 719360 cold 1651731
hot 608524 warm 720384 cold 1646099
hot 617741 warm 720384 cold 1636882
hot 625421 warm 718848 cold 1630738
hot 629517 warm 721920 cold 1623570
hot 635661 warm 725504 cold 1613842
hot 639245 warm 729088 cold 1606674
hot 644877 warm 728064 cold 1602066
hot 653069 warm 728064 cold 1593874
hot 662797 warm 725504 cold 1586706
hot 668941 warm 726016 cold 1580050
hot 676110 warm 722944 cold 1575953
hot 686862 warm 717312 cold 1570833
hot 693006 warm 718336 cold 1563665
hot 700687 warm 718848 cold 1555472
hot 62470 warm 4096 cold 8704
hot 173258 warm 563200 cold 2488335
hot 177866 warm 568320 cold 2478607
hot 184010 warm 576000 cold 2464783
hot 192203 warm 577536 cold 2455054
hot 193227 warm 584704 cold 2446862
hot 783565 warm 0 cold 2441228
hot 790221 warm 0 cold 2434572
hot 797389 warm 0 cold 2427404
hot 809677 warm 0 cold 2415116
hot 822989 warm 0 cold 2401804
hot 830158 warm 0 cold 2394635
hot 837838 warm 0 cold 2386955
hot 845006 warm 0 cold 2379787
hot 853198 warm 0 cold 2371595
hot 864974 warm 0 cold 2359819
hot 870094 warm 0 cold 2354699
hot 881358 warm 0 cold 2343435
hot 885967 warm 0 cold 2338826
hot 894671 warm 0 cold 2330122
hot 907983 warm 0 cold 2316810
hot 917712 warm 0 cold 2307081
hot 929488 warm 0 cold 2295305
hot 880896 warm 0 cold 2223625
hot 894208 warm 0 cold 2210313
hot 911616 warm 0 cold 2192905
hot 930048 warm 0 cold 2174473
hot 944384 warm 0 cold 2160137
hot 962816 warm 0 cold 2141705
hot 973056 warm 0 cold 2131465
hot 983808 warm 0 cold 2120713
hot 993026 warm 0 cold 2111495
hot 1000706 warm 0 cold 2103815
hot 1015042 warm 0 cold 2089479
hot 1025282 warm 0 cold 2079239
hot 1033986 warm 0 cold 2070535
hot 1043204 warm 0 cold 2061317
hot 1053956 warm 0 cold 2050565
hot 355077 warm 0 cold 2749444
hot 362245 warm 0 cold 2742276
hot 366341 warm 0 cold 2738180
hot 377605 warm 0 cold 2726916
hot 382725 warm 0 cold 2721796
hot 389894 warm 713216 cold 2001411
hot 393990 warm 715264 cold 1995267
hot 396550 warm 720384 cold 1987587
hot 398086 warm 728576 cold 1977859
hot 402182 warm 734208 cold 1968131
hot 409351 warm 734720 cold 1960450
hot 416007 warm 737280 cold 1951234
hot 426759 warm 734720 cold 1943042
hot 442635 warm 723968 cold 1937918
hot 449291 warm 726016 cold 1929214
hot 457995 warm 725504 cold 1921022
hot 471819 warm 715776 cold 1916926
hot 478988 warm 715264 cold 1910269
hot 487180 warm 713728 cold 1903613
hot 492812 warm 715264 cold 1896445
hot 496908 warm 718848 cold 1888765
hot 506636 warm 717312 cold 1880573
hot 515852 warm 716800 cold 1871869
hot 520460 warm 715264 cold 1868797
hot 526092 warm 717824 cold 1860605
hot 529677 warm 725504 cold 1849340
hot 536845 warm 722432 cold 1845244
hot 546573 warm 719360 cold 1838588
hot 553229 warm 721408 cold 1829884
hot 560397 warm 720896 cold 1823228
hot 564493 warm 723456 cold 1816572
hot 570637 warm 723968 cold 1809916
hot 576781 warm 724992 cold 1802748
hot 579853 warm 726016 cold 1798652
hot 582413 warm 728576 cold 1793532
hot 540478 warm 723968 cold 1719803
hot 554302 warm 717312 cold 1712635
hot 566079 warm 717824 cold 1700346
hot 571711 warm 721408 cold 1691130
hot 576319 warm 724992 cold 1682938
hot 579906 warm 729600 cold 1674743
hot 588610 warm 730112 cold 1665527
hot 599878 warm 730112 cold 1654259
hot 606534 warm 731136 cold 1646579
hot 610630 warm 734208 cold 1639411
hot 625994 warm 726016 cold 1632239
hot 639306 warm 719872 cold 1625071
hot 645962 warm 722944 cold 1615343
hot 657738 warm 718848 cold 1607663
hot 670538 warm 712192 cold 1601519
hot 678732 warm 712704 cold 1592813
hot 689484 warm 705024 cold 1589741
hot 698188 warm 702976 cold 1583085
hot 706380 warm 701952 cold 1575917
hot 712012 warm 699392 cold 1572845
hot 722252 warm 694272 cold 1567725
hot 732492 warm 689664 cold 1562093
hot 740686 warm 685568 cold 1557995
hot 750926 warm 681984 cold 1551339
hot 758094 warm 677888 cold 1548267
hot 766798 warm 673280 cold 1544171
hot 772430 warm 676352 cold 1535467
hot 776014 warm 675328 cold 1532907
hot 781134 warm 675840 cold 1527275
hot 211181 warm 589828 cold 2424810
hot 217837 warm 596484 cold 2411498
hot 218349 warm 605700 cold 2401770
hot 218865 warm 613380 cold 2393574
hot 220401 warm 626180 cold 2379238
hot 858358 warm 0 cold 2367461
hot 870646 warm 0 cold 2355173
hot 879862 warm 0 cold 2345957
hot 890614 warm 0 cold 2335205
hot 905974 warm 0 cold 2319845
hot 914682 warm 0 cold 2311137
hot 931578 warm 0 cold 2294241
hot 941306 warm 0 cold 2284513
hot 954106 warm 0 cold 2271713
hot 960250 warm 0 cold 2265569
hot 969982 warm 0 cold 2255837
hot 979198 warm 0 cold 2246621
hot 989950 warm 0 cold 2235869
hot 997118 warm 0 cold 2228701
hot 890158 warm 0 cold 2215389
hot 961838 warm 0 cold 2143709
hot 979758 warm 0 cold 2125789
hot 998704 warm 0 cold 2106843
hot 1011504 warm 0 cold 2094043
hot 1024304 warm 0 cold 2081243
hot 1038128 warm 0 cold 2067419
hot 381740 warm 666628 cold 2057179
hot 386860 warm 674308 cold 2044379
hot 393004 warm 674308 cold 2038235
hot 402220 warm 674820 cold 2028507
hot 412460 warm 675844 cold 2017243
hot 416044 warm 684036 cold 2005467
hot 421676 warm 687108 cold 1996763
hot 430892 warm 685572 cold 1989083
hot 438060 warm 690180 cold 1977307
hot 446252 warm 690692 cold 1968603
hot 453420 warm 692228 cold 1959899
hot 462637 warm 692228 cold 1950682
hot 468781 warm 694276 cold 1942490
hot 475951 warm 701444 cold 1928152
hot 486191 warm 698884 cold 1920472
hot 495919 warm 699908 cold 1909720
hot 506159 warm 700420 cold 1898968
hot 515375 warm 696324 cold 1893848
hot 525105 warm 694276 cold 1886166
hot 532785 warm 695812 cold 1876950
hot 537393 warm 699908 cold 1868246
hot 541489 warm 702980 cold 1861078
hot 547121 warm 705028 cold 1853398
hot 554801 warm 702980 cold 1847766
hot 570161 warm 692228 cold 1843158
hot 573233 warm 694788 cold 1837526
hot 583473 warm 693764 cold 1828310
hot 593713 warm 694276 cold 1817558
hot 602417 warm 692228 cold 1810902
hot 613681 warm 687108 cold 1804758
hot 625457 warm 684036 cold 1796054
hot 634161 warm 681476 cold 1789910
hot 642865 warm 680964 cold 1781718
hot 647985 warm 683012 cold 1774550
hot 658225 warm 676356 cold 1770966
hot 664369 warm 678404 cold 1762774
hot 667441 warm 679428 cold 1758678
hot 672049 warm 679940 cold 1753558
hot 675633 warm 681476 cold 1748438
hot 680241 warm 680964 cold 1744342
hot 683313 warm 686084 cold 1736150
hot 687409 warm 692228 cold 1725910
hot 696625 warm 690180 cold 1718742
hot 646532 warm 689156 cold 1650065
hot 654724 warm 691716 cold 1639313
hot 665477 warm 687108 cold 1633168
hot 679813 warm 684036 cold 1621904
hot 691589 warm 681988 cold 1612176
hot 700293 warm 679428 cold 1606032
hot 710533 warm 677892 cold 1597328
hot 721285 warm 677892 cold 1586576
hot 731013 warm 676868 cold 1577872
hot 738181 warm 678916 cold 1568656
hot 746888 warm 679940 cold 1558925
hot 754056 warm 678916 cold 1552781
hot 759176 warm 680452 cold 1546125
hot 762248 warm 683524 cold 1539981
hot 767880 warm 680452 cold 1537421
hot 776074 warm 0 cold 2209679
hot 784266 warm 0 cold 2201487
hot 791947 warm 0 cold 2193806
hot 798091 warm 0 cold 2187662
hot 802187 warm 0 cold 2183566
hot 216781 warm 0 cold 3002376
hot 224461 warm 0 cold 2994696
hot 232653 warm 0 cold 2986504
hot 242893 warm 0 cold 2976264
hot 871124 warm 0 cold 2348033
hot 881876 warm 0 cold 2337281
hot 889556 warm 0 cold 2329601
hot 905431 warm 0 cold 2313726
hot 918231 warm 0 cold 2300926
hot 930009 warm 0 cold 2289148
hot 937689 warm 0 cold 2281468
hot 947417 warm 0 cold 2271740
hot 959707 warm 0 cold 2259450
hot 970459 warm 0 cold 2248698
hot 980187 warm 0 cold 2238970
hot 989915 warm 0 cold 2229242
hot 999131 warm 0 cold 2220026
hot 1009883 warm 0 cold 2209274
hot 1022683 warm 0 cold 2196474
hot 1038043 warm 0 cold 2181114
hot 1052891 warm 0 cold 2166266
hot 404182 warm 666117 cold 2148858
hot 412886 warm 669701 cold 2136570
hot 424662 warm 672261 cold 2122234
hot 433878 warm 675333 cold 2109946
hot 447702 warm 675845 cold 2095610
