hot 0 warm 0 cold 0
hot 1 warm 0 cold 0
hot 1 warm 0 cold 0
hot 1 warm 0 cold 0
hot 1 warm 0 cold 0
hot 1 warm 0 cold 0
hot 1 warm 0 cold 0
hot 1 warm 0 cold 0
hot 1 warm 0 cold 0
hot 1 warm 0 cold 0
hot 1 warm 0 cold 0
hot 1 warm 0 cold 0
hot 1 warm 0 cold 0
hot 1 warm 0 cold 0
hot 1 warm 0 cold 0
hot 1 warm 0 cold 0
hot 1 warm 0 cold 0
hot 1 warm 0 cold 0
hot 1 warm 0 cold 0
hot 1 warm 0 cold 0
hot 1 warm 0 cold 0
hot 1 warm 0 cold 0
hot 1 warm 0 cold 0
hot 14852 warm 0 cold 0
hot 14852 warm 0 cold 0
hot 14852 warm 0 cold 0
hot 14852 warm 0 cold 0
hot 14852 warm 0 cold 0
hot 14852 warm 0 cold 0
hot 14852 warm 0 cold 0
hot 14852 warm 0 cold 0
hot 14852 warm 0 cold 0
hot 14852 warm 0 cold 0
hot 14852 warm 0 cold 0
hot 14852 warm 0 cold 0
hot 14852 warm 0 cold 0
hot 14852 warm 0 cold 0
hot 14852 warm 0 cold 0
hot 14852 warm 0 cold 0
hot 14852 warm 0 cold 0
hot 14852 warm 0 cold 0
hot 14852 warm 0 cold 0
hot 14852 warm 0 cold 0
hot 14852 warm 0 cold 0
hot 14852 warm 0 cold 0
hot 14852 warm 0 cold 0
hot 1619142 warm 0 cold 0
hot 1701062 warm 0 cold 0
hot 1816262 warm 0 cold 0
hot 1918662 warm 0 cold 0
hot 536120 warm 1446542 cold 0
hot 611384 warm 1442958 cold 0
hot 668216 warm 1439886 cold 0
hot 727096 warm 0 cold 1437326
hot 773688 warm 0 cold 1436814
hot 822329 warm 0 cold 1436301
hot 873529 warm 0 cold 1435789
hot 896057 warm 0 cold 1435789
hot 966713 warm 0 cold 1434765
hot 971208 warm 0 cold 1495806
hot 1021403 warm 0 cold 1490667
hot 758258 warm 0 cold 1801428
hot 817669 warm 0 cold 1795777
hot 878612 warm 0 cold 1776818
hot 939551 warm 0 cold 1759911
hot 977455 warm 0 cold 1756311
hot 597561 warm 0 cold 2167949
hot 633414 warm 429056 cold 1728640
hot 668243 warm 433664 cold 1720435
hot 704089 warm 438784 cold 1706093
hot 738912 warm 438784 cold 1690726
hot 769124 warm 0 cold 2125922
hot 804457 warm 0 cold 2108509
hot 838258 warm 0 cold 2088532
hot 868991 warm 0 cold 2078279
hot 889476 warm 0 cold 2077250
hot 307223 warm 0 cold 2803790
hot 392218 warm 0 cold 2782795
hot 413210 warm 0 cold 2766923
hot 1010202 warm 0 cold 2178123
hot 1032218 warm 0 cold 2160203
hot 1055258 warm 0 cold 2142283
hot 506394 warm 0 cold 2694731
hot 522266 warm 0 cold 2680907
hot 543773 warm 0 cold 2661960
hot 559645 warm 577536 cold 2070600
hot 578589 warm 569856 cold 2060872
hot 601117 warm 564736 cold 2047560
hot 611357 warm 572416 cold 2030664
hot 633373 warm 563712 cold 2019912
hot 649245 warm 561664 cold 2006600
hot 663069 warm 559104 cold 1995336
hot 676893 warm 560128 cold 1981000
hot 695837 warm 557056 cold 1966664
hot 708637 warm 560128 cold 1951304
hot 717341 warm 563200 cold 1939528
hot 728093 warm 566784 cold 1925704
hot 740381 warm 567296 cold 1912904
hot 751645 warm 566272 cold 1903176
hot 760861 warm 566784 cold 1893448
hot 771101 warm 568832 cold 1881160
hot 780317 warm 0 cold 2441288
hot 796189 warm 0 cold 2426952
hot 807965 warm 0 cold 2415176
hot 821789 warm 0 cold 2401352
hot 827421 warm 0 cold 2395720
hot 839197 warm 0 cold 2384456
hot 849437 warm 0 cold 2374216
hot 860189 warm 0 cold 2363464
hot 871453 warm 0 cold 2352200
hot 882205 warm 0 cold 2341960
hot 894494 warm 0 cold 2329671
hot 909342 warm 0 cold 2315335
hot 922654 warm 0 cold 2302023
hot 935966 warm 0 cold 2288711
hot 954398 warm 0 cold 2270279
hot 976926 warm 0 cold 2247751
hot 998942 warm 0 cold 2225735
hot 1023006 warm 0 cold 2201671
hot 389198 warm 595968 cold 2187335
hot 403534 warm 595968 cold 2176071
hot 422990 warm 596992 cold 2162759
hot 440911 warm 598016 cold 2147910
hot 454735 warm 600576 cold 2134086
hot 474703 warm 594944 cold 2125382
hot 487503 warm 602112 cold 2110022
hot 503375 warm 599552 cold 2099270
hot 513103 warm 607232 cold 2083398
hot 529487 warm 600064 cold 2074694
hot 545359 warm 596992 cold 2064966
hot 555600 warm 601600 cold 2051141
hot 571472 warm 601600 cold 2037829
hot 586320 warm 596992 cold 2028613
hot 598098 warm 595968 cold 2017859
hot 612946 warm 593408 cold 2006595
hot 624210 warm 596992 cold 1992771
hot 640082 warm 586752 cold 1987651
hot 648274 warm 589824 cold 1977411
hot 665682 warm 585216 cold 1965123
hot 676434 warm 586240 cold 1953859
hot 689234 warm 583680 cold 1945667
hot 703058 warm 577536 cold 1938499
hot 178661 warm 555008 cold 2489653
hot 186853 warm 565248 cold 2471221
hot 195557 warm 586240 cold 2441525
hot 799717 warm 0 cold 2423605
hot 822757 warm 0 cold 2400565
hot 846309 warm 0 cold 2377013
hot 871909 warm 0 cold 2351413
hot 899557 warm 0 cold 2323765
hot 859669 warm 0 cold 2243381
hot 876053 warm 0 cold 2226997
hot 889365 warm 0 cold 2213685
hot 904213 warm 0 cold 2198837
hot 917013 warm 0 cold 2186037
hot 930838 warm 0 cold 2172212
hot 944662 warm 0 cold 2158388
hot 957462 warm 0 cold 2145588
hot 971286 warm 0 cold 2131764
hot 987158 warm 0 cold 2115892
hot 994838 warm 0 cold 2108212
hot 1004054 warm 0 cold 2098996
hot 1016342 warm 0 cold 2086708
hot 1028118 warm 0 cold 2074932
hot 1039382 warm 0 cold 2063668
hot 339478 warm 708608 cold 2054964
hot 349206 warm 709120 cold 2044724
hot 350230 warm 719360 cold 2033460
hot 352278 warm 724480 cold 2026292
hot 353814 warm 729600 cold 2019636
hot 366102 warm 724992 cold 2011956
hot 374806 warm 724480 cold 2003764
hot 382998 warm 724992 cold 1995060
hot 392214 warm 720384 cold 1990452
hot 399894 warm 719872 cold 1983284
hot 412694 warm 715776 cold 1974580
hot 422422 warm 713216 cold 1967412
hot 430614 warm 713216 cold 1959220
hot 444438 warm 705536 cold 1953076
hot 453654 warm 701440 cold 1947956
hot 462358 warm 702976 cold 1937716
hot 469526 warm 702464 cold 1931060
hot 478742 warm 701440 cold 1922868
hot 488470 warm 699392 cold 1915188
hot 495638 warm 700928 cold 1906484
hot 503318 warm 705536 cold 1894196
hot 514582 warm 700416 cold 1888052
hot 528918 warm 693760 cold 1880372
hot 539158 warm 690688 cold 1873204
hot 547863 warm 689664 cold 1865523
hot 560663 warm 683520 cold 1858867
hot 573463 warm 676352 cold 1853235
hot 585239 warm 673280 cold 1844531
hot 594967 warm 670208 cold 1837875
hot 604183 warm 666624 cold 1832243
hot 613399 warm 664576 cold 1825075
hot 621591 warm 662016 cold 1819443
hot 630295 warm 663552 cold 1809203
hot 636439 warm 665088 cold 1801523
hot 583751 warm 665600 cold 1733427
hot 594503 warm 667648 cold 1720627
hot 607815 warm 666112 cold 1708851
hot 623175 warm 659968 cold 1699635
hot 630343 warm 660480 cold 1691955
hot 642119 warm 662016 cold 1678643
hot 650823 warm 663040 cold 1668915
hot 657991 warm 666112 cold 1658675
hot 672839 warm 658432 cold 1651507
hot 682055 warm 655360 cold 1645363
hot 690759 warm 653824 cold 1638195
hot 697927 warm 655360 cold 1629491
hot 707655 warm 654848 cold 1620275
hot 714311 warm 650240 cold 1618227
hot 720455 warm 649216 cold 1613107
hot 727111 warm 649216 cold 1606451
hot 737351 warm 646656 cold 1598771
hot 746569 warm 644096 cold 1592113
hot 754249 warm 0 cold 2228529
hot 763977 warm 0 cold 2218801
hot 771145 warm 0 cold 2211633
hot 778825 warm 0 cold 2203953
hot 787529 warm 0 cold 2195249
hot 798281 warm 0 cold 2184497
hot 806985 warm 0 cold 2175793
hot 815689 warm 0 cold 2167089
hot 826441 warm 0 cold 2156337
hot 63509 warm 0 cold 11264
hot 230653 warm 0 cold 2994285
hot 239869 warm 0 cold 2985069
hot 247037 warm 0 cold 2977901
hot 251133 warm 0 cold 2973805
hot 902397 warm 0 cold 2322541
hot 909565 warm 0 cold 2315373
hot 920317 warm 0 cold 2304621
hot 933117 warm 0 cold 2291821
hot 943357 warm 0 cold 2281581
hot 955134 warm 0 cold 2269804
hot 970494 warm 0 cold 2254444
hot 983294 warm 0 cold 2241644
hot 996606 warm 0 cold 2228332
hot 1016062 warm 0 cold 2208876
hot 354046 warm 0 cold 2870892
hot 362750 warm 0 cold 2862188
hot 378622 warm 0 cold 2846316
hot 335958 warm 691200 cold 2077724
hot 353878 warm 688640 cold 2062364
hot 372822 warm 694272 cold 2037788
hot 398422 warm 685568 cold 2020892
hot 418390 warm 688640 cold 1997852
hot 440406 warm 684544 cold 1979932
hot 455767 warm 689664 cold 1959451
hot 470615 warm 694784 cold 1939483
hot 492631 warm 689152 cold 1923099
hot 508503 warm 688640 cold 1907739
hot 523351 warm 684544 cold 1896987
hot 539737 warm 680960 cold 1884185
hot 552537 warm 686592 cold 1865753
hot 559705 warm 694784 cold 1850393
hot 563801 warm 701440 cold 1839641
hot 569945 warm 709632 cold 1825305
hot 580185 warm 709120 cold 1815577
hot 596569 warm 698880 cold 1809433
hot 612441 warm 696320 cold 1796121
hot 626266 warm 691200 cold 1787416
hot 640603 warm 690688 cold 1773591
hot 652379 warm 685568 cold 1766935
hot 661083 warm 687616 cold 1756183
hot 670299 warm 686080 cold 1748503
hot 683611 warm 683008 cold 1738263
hot 697947 warm 676352 cold 1730583
hot 715867 warm 664576 cold 1724439
hot 726107 warm 665600 cold 1713175
hot 739931 warm 660992 cold 1703959
hot 755803 warm 653312 cold 1695767
hot 773723 warm 0 cold 2331159
hot 784475 warm 0 cold 2320407
hot 747659 warm 0 cold 2236951
hot 757387 warm 0 cold 2227223
hot 770187 warm 0 cold 2214423
hot 784011 warm 0 cold 2200599
hot 793739 warm 0 cold 2190871
hot 806027 warm 0 cold 2178583
hot 818315 warm 0 cold 2166295
hot 833163 warm 0 cold 2151447
hot 839819 warm 0 cold 2144791
hot 848523 warm 0 cold 2136087
hot 857227 warm 0 cold 2127383
hot 862859 warm 0 cold 2121751
hot 869515 warm 0 cold 2115095
hot 878731 warm 0 cold 2105879
hot 883853 warm 0 cold 2100757
hot 893069 warm 0 cold 2091541
hot 900237 warm 0 cold 2084373
hot 903822 warm 0 cold 2080788
hot 913550 warm 0 cold 2071060
hot 918671 warm 0 cold 2065939
hot 927375 warm 0 cold 2057235
hot 929423 warm 0 cold 2055187
hot 937615 warm 0 cold 2046995
hot 252822 warm 0 cold 2970429
hot 265622 warm 0 cold 2957629
hot 271254 warm 0 cold 2951997
hot 272278 warm 0 cold 2950973
hot 273814 warm 748546 cold 2200891
hot 283542 warm 755714 cold 2183995
hot 290710 warm 758274 cold 2174267
hot 293782 warm 765442 cold 2164027
hot 296854 warm 771074 cold 2155323
hot 310678 warm 771586 cold 2140987
hot 312726 warm 780802 cold 2129723
hot 315286 warm 789506 cold 2118459
hot 318358 warm 799234 cold 2105659
hot 326550 warm 799234 cold 2097467
hot 346006 warm 791042 cold 2086203
hot 351638 warm 796162 cold 2075451
hot 357270 warm 796674 cold 2069307
hot 359318 warm 806914 cold 2057019
hot 362902 warm 812546 cold 2047803
hot 303046 warm 819714 cold 1980219
hot 321990 warm 817666 cold 1963323
hot 337862 warm 819202 cold 1945915
hot 357318 warm 813570 cold 1932091
hot 361926 warm 817666 cold 1923387
hot 369606 warm 822274 cold 1911099
hot 382406 warm 818178 cold 1902395
hot 394182 warm 817154 cold 1891643
hot 404422 warm 815618 cold 1882939
hot 413126 warm 816642 cold 1873211
hot 426439 warm 819714 cold 1856826
hot 438215 warm 814594 cold 1850170
hot 448455 warm 810498 cold 1844026
hot 463815 warm 804866 cold 1834298
hot 468423 warm 805378 cold 1829178
hot 473031 warm 811010 cold 1818938
hot 476615 warm 813058 cold 1813306
hot 482247 warm 814082 cold 1806650
hot 492999 warm 807938 cold 1802042
hot 494535 warm 812034 cold 1796410
hot 499143 warm 814594 cold 1789242
hot 508871 warm 810498 cold 1783610
hot 521159 warm 805378 cold 1776442
hot 535495 warm 796674 cold 1770810
hot 545223 warm 794626 cold 1763130
hot 556487 warm 789506 cold 1756986
hot 569799 warm 783362 cold 1749818
hot 581575 warm 780802 cold 1740602
hot 591303 warm 779778 cold 1731898
hot 603079 warm 773122 cold 1726778
hot 611271 warm 769538 cold 1722170
hot 622023 warm 762882 cold 1718074
hot 633799 warm 758274 cold 1710906
hot 645575 warm 753154 cold 1704250
hot 654791 warm 749570 cold 1698618
hot 670151 warm 738306 cold 1694522
hot 681927 warm 732674 cold 1688378
hot 690633 warm 732162 cold 1680184
hot 699337 warm 726530 cold 1677112
hot 707017 warm 721922 cold 1674040
hot 715721 warm 721410 cold 1665848
hot 722377 warm 719874 cold 1660728
hot 730569 warm 715778 cold 1656632
hot 739273 warm 713218 cold 1650488
hot 741833 warm 717826 cold 1643320
hot 746441 warm 719362 cold 1637176
hot 753609 warm 715778 cold 1633592
hot 762825 warm 0 cold 2340154
hot 770505 warm 0 cold 2332474
hot 721697 warm 0 cold 2261226
hot 731425 warm 0 cold 2251498
hot 745249 warm 702466 cold 1535208
hot 756513 warm 699394 cold 1527016
hot 771873 warm 691202 cold 1519848
hot 784161 warm 690178 cold 1508584
hot 793889 warm 686082 cold 1502952
hot 804641 warm 0 cold 2178282
hot 819492 warm 0 cold 2163431
hot 829220 warm 0 cold 2153703
hot 837924 warm 0 cold 2144999
hot 847140 warm 0 cold 2135783
hot 853284 warm 0 cold 2129639
hot 864548 warm 0 cold 2118375
hot 873764 warm 0 cold 2109159
hot 881444 warm 0 cold 2101479
hot 891172 warm 0 cold 2091751
hot 896292 warm 0 cold 2086631
hot 909604 warm 0 cold 2073319
hot 914724 warm 0 cold 2068199
hot 252773 warm 0 cold 2969406
hot 262501 warm 0 cold 2959678
hot 271717 warm 0 cold 2950462
hot 1002341 warm 0 cold 2219838
hot 1013093 warm 0 cold 2209086
hot 1028966 warm 0 cold 2193213
hot 1045350 warm 0 cold 2176829
hot 323430 warm 0 cold 2898749
hot 336742 warm 0 cold 2885437
hot 351079 warm 0 cold 2871100
hot 366951 warm 737792 cold 2117436
hot 380775 warm 738816 cold 2102588
hot 388455 warm 745984 cold 2087740
hot 390503 warm 752640 cold 2079036
hot 392039 warm 760320 cold 2069820
hot 399719 warm 763904 cold 2058556
hot 413543 warm 761856 cold 2046780
hot 430951 warm 754688 cold 2036540
hot 447847 warm 752128 cold 2022204
hot 461159 warm 746496 cold 2014524
hot 477033 warm 739840 cold 2005306
hot 490345 warm 732160 cold 1999674
hot 449433 warm 724992 cold 1927482
hot 467353 warm 717312 cold 1917242
hot 489881 warm 716800 cold 1895226
hot 503705 warm 712704 cold 1885498
hot 509337 warm 719360 cold 1873210
hot 523673 warm 715264 cold 1862970
hot 532889 warm 714752 cold 1854266
hot 539545 warm 716288 cold 1846074
hot 544153 warm 718336 cold 1839418
hot 548761 warm 719360 cold 1833786
hot 562585 warm 717312 cold 1822010
hot 570265 warm 716288 cold 1815354
hot 573337 warm 719872 cold 1808698
hot 581529 warm 720896 cold 1799482
hot 590233 warm 719872 cold 1791802
hot 593817 warm 724992 cold 1783098
hot 597913 warm 731136 cold 1772858
hot 605593 warm 728064 cold 1768250
hot 611225 warm 725504 cold 1765178
hot 615833 warm 730112 cold 1755962
hot 619417 warm 733696 cold 1748794
hot 624537 warm 733696 cold 1743674
hot 626073 warm 737792 cold 1738042
hot 628633 warm 739840 cold 1733434
hot 630681 warm 746496 cold 1724730
hot 637849 warm 745984 cold 1718074
hot 645017 warm 744448 cold 1712442
hot 655769 warm 740352 cold 1705786
hot 662425 warm 738816 cold 1700666
hot 670105 warm 738304 cold 1693498
hot 681369 warm 733696 cold 1686842
hot 688537 warm 734208 cold 1679162
hot 696729 warm 731648 cold 1673530
hot 706969 warm 728576 cold 1666362
hot 717721 warm 721920 cold 1662266
hot 727961 warm 719872 cold 1654074
hot 734105 warm 717312 cold 1650490
hot 747929 warm 707584 cold 1646394
hot 756121 warm 706560 cold 1639226
hot 763801 warm 0 cold 2338106
hot 770969 warm 0 cold 2330938
hot 778649 warm 0 cold 2323258
hot 790425 warm 0 cold 2311482
hot 797593 warm 0 cold 2304314
hot 805785 warm 0 cold 2296122
hot 815513 warm 0 cold 2286394
hot 820121 warm 0 cold 2281786
hot 823193 warm 0 cold 2278714
hot 706793 warm 0 cold 844401
