anon 0
anon_thp 0
anon 264232960
anon_thp 262144000
anon 529707008
anon_thp 526385152
anon 793948160
anon_thp 790626304
anon 1056092160
anon_thp 1052770304
anon 1326624768
anon_thp 1323302912
anon 1601351680
anon_thp 1598029824
anon 1871884288
anon_thp 1868562432
anon 2144514048
anon_thp 2141192192
anon 2417143808
anon_thp 2413821952
anon 2691870720
anon_thp 2688548864
anon 2966597632
anon_thp 2963275776
anon 3237130240
anon_thp 3233808384
anon 3513954304
anon_thp 3510632448
anon 3771904000
anon_thp 3768582144
anon 4050825216
anon_thp 4047503360
anon 4312969216
anon_thp 4309647360
anon 4579307520
anon_thp 4575985664
anon 4845645824
anon_thp 4842323968
anon 5120372736
anon_thp 5117050880
anon 5390905344
anon_thp 5387583488
anon 5669826560
anon_thp 5666504704
anon 5946650624
anon_thp 5943328768
anon 6223474688
anon_thp 6220152832
anon 6859427840
anon_thp 6853492736
anon 6859427840
anon_thp 6853492736
anon 7008382976
anon_thp 7002390528
anon 7278915584
anon_thp 7272923136
anon 7551545344
anon_thp 7545552896
anon 7828369408
anon_thp 7822376960
anon 8105193472
anon_thp 8099201024
anon 8384114688
anon_thp 8378122240
anon 8660938752
anon_thp 8654946304
anon 8931471360
anon_thp 8925478912
anon 9210392576
anon_thp 9204400128
anon 9483022336
anon_thp 9477029888
anon 9753554944
anon_thp 9747562496
anon 10028281856
anon_thp 10022289408
anon 10305105920
anon_thp 10299113472
anon 10577735680
anon_thp 10571743232
anon 10848268288
anon_thp 10842275840
anon 11120898048
anon_thp 11114905600
anon 11393527808
anon_thp 11387535360
anon 11668254720
anon_thp 11662262272
anon 11938787328
anon_thp 11932794880
anon 12213514240
anon_thp 12207521792
anon 12477755392
anon_thp 12471762944
anon 12902617088
anon_thp 12893290496
anon 13223424000
anon_thp 13212057600
anon 13223424000
anon_thp 13212057600
anon 13225521152
anon_thp 13214154752
anon 13225521152
anon_thp 13214154752
anon 13225521152
anon_thp 13214154752
anon 13225521152
anon_thp 13214154752
anon 13225521152
anon_thp 13214154752
anon 13223424000
anon_thp 13212057600
anon 13225521152
anon_thp 13214154752
anon 13223424000
anon_thp 13212057600
anon 13225521152
anon_thp 13214154752
anon 13225521152
anon_thp 13214154752
anon 13223424000
anon_thp 13212057600
anon 13225521152
anon_thp 13214154752
anon 13223424000
anon_thp 13212057600
anon 13225521152
anon_thp 13214154752
anon 13225521152
anon_thp 13214154752
anon 13225521152
anon_thp 13214154752
anon 13225521152
anon_thp 13214154752
anon 13225521152
anon_thp 13214154752
anon 13225521152
anon_thp 13214154752
anon 13225521152
anon_thp 13214154752
anon 13225521152
anon_thp 13214154752
anon 13225521152
anon_thp 13214154752
anon 13225521152
anon_thp 13214154752
anon 13225521152
anon_thp 13214154752
anon 13225521152
anon_thp 13214154752
anon 13225521152
anon_thp 13214154752
anon 13225521152
anon_thp 13214154752
anon 13225521152
anon_thp 13214154752
anon 13225521152
anon_thp 13214154752
anon 13225521152
anon_thp 13214154752
anon 13225521152
anon_thp 13214154752
anon 13225521152
anon_thp 13214154752
anon 13225521152
anon_thp 13214154752
anon 13225521152
anon_thp 13214154752
anon 13223424000
anon_thp 13212057600
anon 13225521152
anon_thp 13214154752
anon 13225521152
anon_thp 13214154752
anon 13225521152
anon_thp 13214154752
anon 13225521152
anon_thp 13214154752
anon 13225521152
anon_thp 13214154752
anon 13225521152
anon_thp 13214154752
anon 13225521152
anon_thp 13214154752
anon 13225521152
anon_thp 13214154752
anon 13225521152
anon_thp 13214154752
anon 13225521152
anon_thp 13214154752
anon 13225521152
anon_thp 13214154752
anon 13225521152
anon_thp 13214154752
anon 13225521152
anon_thp 13214154752
anon 13225521152
anon_thp 13214154752
anon 13225521152
anon_thp 13214154752
anon 13225521152
anon_thp 13214154752
anon 13225521152
anon_thp 13214154752
anon 13225521152
anon_thp 13214154752
anon 13225521152
anon_thp 13214154752
anon 13226950656
anon_thp 13220446208
anon 13226950656
anon_thp 13220446208
anon 13226950656
anon_thp 13220446208
anon 13226950656
anon_thp 13220446208
anon 13226950656
anon_thp 13220446208
anon 13226950656
anon_thp 13220446208
anon 13226950656
anon_thp 13220446208
anon 13226950656
anon_thp 13220446208
anon 13224853504
anon_thp 13218349056
anon 13226950656
anon_thp 13220446208
anon 13226950656
anon_thp 13220446208
anon 13226950656
anon_thp 13220446208
anon 13226950656
anon_thp 13220446208
anon 13226950656
anon_thp 13220446208
anon 13226950656
anon_thp 13220446208
anon 13226950656
anon_thp 13220446208
anon 13226950656
anon_thp 13220446208
anon 13226950656
anon_thp 13220446208
anon 13226950656
anon_thp 13220446208
anon 13226950656
anon_thp 13220446208
anon 13226950656
anon_thp 13220446208
anon 13226950656
anon_thp 13220446208
anon 13226950656
anon_thp 13220446208
anon 13226950656
anon_thp 13220446208
anon 13226950656
anon_thp 13220446208
anon 13226950656
anon_thp 13220446208
anon 13226950656
anon_thp 13220446208
anon 13226950656
anon_thp 13220446208
anon 13226950656
anon_thp 13220446208
anon 13226950656
anon_thp 13220446208
anon 13226950656
anon_thp 13222543360
anon 13226950656
anon_thp 13222543360
anon 13226950656
anon_thp 13222543360
anon 13226950656
anon_thp 13222543360
anon 13226950656
anon_thp 13222543360
anon 13226950656
anon_thp 13222543360
anon 13226950656
anon_thp 13222543360
anon 13226950656
anon_thp 13222543360
anon 13226950656
anon_thp 13222543360
anon 13226950656
anon_thp 13222543360
anon 13226950656
anon_thp 13222543360
anon 13226950656
anon_thp 13222543360
anon 13226950656
anon_thp 13222543360
anon 13226950656
anon_thp 13222543360
anon 13226950656
anon_thp 13222543360
anon 13226950656
anon_thp 13222543360
anon 13226950656
anon_thp 13222543360
anon 13226950656
anon_thp 13222543360
anon 13226950656
anon_thp 13222543360
anon 13226950656
anon_thp 13222543360
anon 13226950656
anon_thp 13222543360
anon 13226950656
anon_thp 13222543360
anon 13226950656
anon_thp 13222543360
anon 13226950656
anon_thp 13222543360
anon 13226950656
anon_thp 13222543360
anon 13226950656
anon_thp 13222543360
anon 13226950656
anon_thp 13222543360
anon 13226950656
anon_thp 13222543360
anon 13226950656
anon_thp 13222543360
anon 13226950656
anon_thp 13222543360
anon 13226950656
anon_thp 13222543360
anon 13226950656
anon_thp 13222543360
anon 13226950656
anon_thp 13222543360
anon 13226950656
anon_thp 13222543360
anon 13226950656
anon_thp 13222543360
anon 13226950656
anon_thp 13222543360
anon 13226950656
anon_thp 13222543360
anon 13226950656
anon_thp 13222543360
anon 13226950656
anon_thp 13222543360
anon 13226950656
anon_thp 13222543360
anon 13226950656
anon_thp 13222543360
anon 13226950656
anon_thp 13222543360
anon 13226950656
anon_thp 13222543360
anon 13226950656
anon_thp 13222543360
anon 13226950656
anon_thp 13222543360
anon 13226950656
anon_thp 13222543360
anon 13226950656
anon_thp 13222543360
anon 13226950656
anon_thp 13220446208
anon 13226950656
anon_thp 13220446208
anon 13226950656
anon_thp 13220446208
anon 13226950656
anon_thp 13220446208
anon 13226950656
anon_thp 13220446208
anon 13226950656
anon_thp 13220446208
anon 13226950656
anon_thp 13220446208
anon 13226950656
anon_thp 13220446208
anon 13226950656
anon_thp 13220446208
anon 13226950656
anon_thp 13220446208
anon 13226950656
anon_thp 13220446208
anon 13226950656
anon_thp 13220446208
anon 13226950656
anon_thp 13220446208
anon 13226950656
anon_thp 13220446208
anon 13226950656
anon_thp 13220446208
anon 13226950656
anon_thp 13220446208
anon 13226950656
anon_thp 13220446208
anon 13226950656
anon_thp 13220446208
anon 13226950656
anon_thp 13220446208
anon 13226950656
anon_thp 13220446208
anon 13226950656
anon_thp 13220446208
anon 13226950656
anon_thp 13220446208
anon 13226950656
anon_thp 13220446208
anon 13226950656
anon_thp 13220446208
anon 13226950656
anon_thp 13220446208
anon 13226950656
anon_thp 13220446208
anon 13226950656
anon_thp 13220446208
anon 13226950656
anon_thp 13220446208
anon 13226950656
anon_thp 13220446208
anon 13226950656
anon_thp 13220446208
anon 13226950656
anon_thp 13220446208
anon 13226950656
anon_thp 13220446208
anon 13226950656
anon_thp 13220446208
anon 13226950656
anon_thp 13220446208
anon 13226950656
anon_thp 13220446208
anon 13226950656
anon_thp 13220446208
anon 13226950656
anon_thp 13220446208
anon 13226950656
anon_thp 13220446208
anon 13226950656
anon_thp 13220446208
anon 13226950656
anon_thp 13220446208
anon 13226950656
anon_thp 13220446208
anon 13226950656
anon_thp 13220446208
anon 13226950656
anon_thp 13220446208
anon 13226950656
anon_thp 13220446208
anon 13226950656
anon_thp 13220446208
anon 13226950656
anon_thp 13220446208
anon 13226950656
anon_thp 13220446208
anon 13226950656
anon_thp 13220446208
anon 13226950656
anon_thp 13220446208
anon 13226950656
anon_thp 13220446208
anon 13226950656
anon_thp 13220446208
anon 13226950656
anon_thp 13220446208
anon 13226950656
anon_thp 13220446208
anon 13226950656
anon_thp 13220446208
anon 13226950656
anon_thp 13220446208
anon 13226950656
anon_thp 13220446208
anon 13226950656
anon_thp 13220446208
anon 13226950656
anon_thp 13220446208
anon 13226950656
anon_thp 13220446208
anon 13226950656
anon_thp 13220446208
anon 13226950656
anon_thp 13220446208
anon 13224853504
anon_thp 13218349056
anon 13226950656
anon_thp 13220446208
anon 13226950656
anon_thp 13220446208
anon 13226950656
anon_thp 13220446208
anon 13226950656
anon_thp 13220446208
anon 13226950656
anon_thp 13220446208
anon 13226950656
anon_thp 13220446208
anon 13226950656
anon_thp 13220446208
anon 13226950656
anon_thp 13220446208
anon 13226950656
anon_thp 13220446208
anon 13226950656
anon_thp 13220446208
anon 13226950656
anon_thp 13220446208
anon 13226950656
anon_thp 13220446208
anon 13226950656
anon_thp 13220446208
anon 13226950656
anon_thp 13220446208
anon 13226950656
anon_thp 13220446208
anon 13226950656
anon_thp 13220446208
anon 13226950656
anon_thp 13220446208
anon 13226950656
anon_thp 13220446208
anon 13226950656
anon_thp 13220446208
anon 13226950656
anon_thp 13220446208
anon 13226950656
anon_thp 13220446208
anon 13226950656
anon_thp 13220446208
anon 13226950656
anon_thp 13220446208
anon 13226950656
anon_thp 13220446208
anon 13226950656
anon_thp 13220446208
anon 13226950656
anon_thp 13220446208
anon 13226950656
anon_thp 13220446208
anon 13226950656
anon_thp 13220446208
anon 13226950656
anon_thp 13220446208
anon 13226950656
anon_thp 13220446208
anon 13226950656
anon_thp 13220446208
anon 13226950656
anon_thp 13220446208
anon 13226950656
anon_thp 13220446208
anon 13226950656
anon_thp 13220446208
anon 13226950656
anon_thp 13220446208
anon 13226950656
anon_thp 13220446208
anon 13226950656
anon_thp 13220446208
anon 13226950656
anon_thp 13220446208
anon 13226950656
anon_thp 13220446208
anon 13226950656
anon_thp 13220446208
anon 13226950656
anon_thp 13220446208
anon 13226950656
anon_thp 13220446208
anon 13226950656
anon_thp 13220446208
anon 13226950656
anon_thp 13220446208
anon 13226950656
anon_thp 13220446208
anon 13226950656
anon_thp 13220446208
anon 13226950656
anon_thp 13220446208
anon 13226950656
anon_thp 13220446208
anon 13226950656
anon_thp 13220446208
anon 13226950656
anon_thp 13220446208
anon 13226950656
anon_thp 13220446208
anon 13226950656
anon_thp 13220446208
anon 13226950656
anon_thp 13220446208
anon 13226950656
anon_thp 13220446208
anon 13226950656
anon_thp 13220446208
anon 13226950656
anon_thp 13220446208
anon 13226950656
anon_thp 13220446208
anon 13226950656
anon_thp 13220446208
anon 13226950656
anon_thp 13220446208
anon 13226950656
anon_thp 13220446208
anon 13226950656
anon_thp 13220446208
anon 13226950656
anon_thp 13220446208
anon 13226950656
anon_thp 13220446208
anon 13226950656
anon_thp 13220446208
anon 13226950656
anon_thp 13220446208
anon 13226950656
anon_thp 13220446208
anon 13226950656
anon_thp 13220446208
anon 13226950656
anon_thp 13220446208
anon 13226950656
anon_thp 13220446208
anon 13226950656
anon_thp 13220446208
anon 13226950656
anon_thp 13220446208
anon 13226950656
anon_thp 13220446208
anon 13226950656
anon_thp 13220446208
anon 13226950656
anon_thp 13220446208
anon 13226950656
anon_thp 13220446208
anon 13226950656
anon_thp 13220446208
anon 13226950656
anon_thp 13220446208
anon 13226950656
anon_thp 13220446208
anon 13226950656
anon_thp 13220446208
anon 13226950656
anon_thp 13220446208
anon 13226950656
anon_thp 13220446208
anon 13226950656
anon_thp 13220446208
anon 13226950656
anon_thp 13220446208
anon 13226950656
anon_thp 13220446208
anon 13226950656
anon_thp 13220446208
anon 13226950656
anon_thp 13220446208
anon 13226950656
anon_thp 13220446208
anon 13226950656
anon_thp 13220446208
anon 13226950656
anon_thp 13220446208
anon 13226950656
anon_thp 13220446208
anon 13226950656
anon_thp 13220446208
anon 13226950656
anon_thp 13220446208
anon 13226950656
anon_thp 13220446208
anon 13226950656
anon_thp 13220446208
anon 13226950656
anon_thp 13220446208
anon 13226950656
anon_thp 13220446208
anon 13226950656
anon_thp 13220446208
anon 13226950656
anon_thp 13220446208
anon 13226950656
anon_thp 13220446208
anon 13226950656
anon_thp 13220446208
anon 13226950656
anon_thp 13220446208
anon 13226950656
anon_thp 13220446208
anon 13226950656
anon_thp 13220446208
anon 13226950656
anon_thp 13220446208
anon 13226950656
anon_thp 13220446208
anon 13226950656
anon_thp 13220446208
anon 13226950656
anon_thp 13220446208
anon 13226950656
anon_thp 13220446208
anon 13226950656
anon_thp 13220446208
anon 13226950656
anon_thp 13220446208
anon 13226950656
anon_thp 13220446208
anon 13226950656
anon_thp 13220446208
anon 13226950656
anon_thp 13220446208
anon 13226950656
anon_thp 13220446208
anon 13226950656
anon_thp 13220446208
anon 13226950656
anon_thp 13220446208
anon 13226950656
anon_thp 13220446208
anon 13226950656
anon_thp 13220446208
anon 13226950656
anon_thp 13220446208
anon 13226950656
anon_thp 13220446208
anon 13226950656
anon_thp 13220446208
anon 13226950656
anon_thp 13220446208
anon 13226950656
anon_thp 13220446208
anon 13226950656
anon_thp 13220446208
anon 13226950656
anon_thp 13220446208
anon 13226950656
anon_thp 13220446208
anon 13226950656
anon_thp 13220446208
anon 13226950656
anon_thp 13220446208
anon 13226950656
anon_thp 13220446208
anon 13226950656
anon_thp 13220446208
anon 13226950656
anon_thp 13220446208
anon 13226950656
anon_thp 13220446208
anon 13226950656
anon_thp 13220446208
anon 13226950656
anon_thp 13220446208
anon 13226950656
anon_thp 13220446208
anon 13226950656
anon_thp 13220446208
anon 13226950656
anon_thp 13220446208
anon 13226950656
anon_thp 13220446208
anon 13226950656
anon_thp 13220446208
anon 13226950656
anon_thp 13220446208
anon 13226950656
anon_thp 13220446208
anon 13226950656
anon_thp 13220446208
anon 13226950656
anon_thp 13220446208
anon 13226950656
anon_thp 13220446208
anon 13226950656
anon_thp 13220446208
anon 13226950656
anon_thp 13220446208
anon 13226950656
anon_thp 13220446208
anon 13226950656
anon_thp 13220446208
anon 13226950656
anon_thp 13220446208
anon 13226950656
anon_thp 13220446208
anon 13226950656
anon_thp 13220446208
anon 13226950656
anon_thp 13220446208
anon 13226950656
anon_thp 13220446208
anon 13226950656
anon_thp 13220446208
anon 13226950656
anon_thp 13220446208
anon 13226950656
anon_thp 13220446208
anon 13226950656
anon_thp 13220446208
anon 13226950656
anon_thp 13220446208
anon 13226950656
anon_thp 13220446208
anon 13226950656
anon_thp 13220446208
anon 13226950656
anon_thp 13220446208
anon 13226950656
anon_thp 13220446208
anon 13226950656
anon_thp 13220446208
anon 13226950656
anon_thp 13220446208
anon 13226950656
anon_thp 13220446208
anon 13226950656
anon_thp 13220446208
anon 13226950656
anon_thp 13220446208
anon 13226950656
anon_thp 13220446208
anon 13226950656
anon_thp 13220446208
anon 13226950656
anon_thp 13220446208
anon 13226950656
anon_thp 13220446208
anon 13226950656
anon_thp 13220446208
anon 13226950656
anon_thp 13220446208
anon 13226950656
anon_thp 13220446208
anon 13226950656
anon_thp 13220446208
anon 13226950656
anon_thp 13220446208
anon 13226950656
anon_thp 13220446208
anon 13226950656
anon_thp 13220446208
anon 13226950656
anon_thp 13220446208
anon 13226950656
anon_thp 13220446208
anon 13226950656
anon_thp 13220446208
anon 13226950656
anon_thp 13220446208
anon 13226950656
anon_thp 13220446208
anon 13226950656
anon_thp 13220446208
anon 12734316544
anon_thp 12729712640
anon 13226950656
anon_thp 13222543360
anon 13226950656
anon_thp 13222543360
anon 13226950656
anon_thp 13222543360
anon 13226950656
anon_thp 13222543360
anon 13226950656
anon_thp 13222543360
anon 13226950656
anon_thp 13222543360
anon 13226950656
anon_thp 13222543360
anon 13226950656
anon_thp 13222543360
anon 13226950656
anon_thp 13222543360
anon 13226950656
anon_thp 13222543360
anon 13226950656
anon_thp 13222543360
anon 13226950656
anon_thp 13222543360
anon 13226950656
anon_thp 13222543360
anon 13226950656
anon_thp 13222543360
anon 13226950656
anon_thp 13222543360
anon 13226950656
anon_thp 13222543360
anon 13226950656
anon_thp 13222543360
anon 13226950656
anon_thp 13222543360
anon 13226950656
anon_thp 13222543360
anon 13226950656
anon_thp 13222543360
anon 13226950656
anon_thp 13222543360
anon 13226950656
anon_thp 13222543360
anon 13226950656
anon_thp 13222543360
anon 13226950656
anon_thp 13222543360
anon 13226950656
anon_thp 13222543360
anon 13226950656
anon_thp 13222543360
anon 13226950656
anon_thp 13222543360
anon 13226950656
anon_thp 13222543360
anon 13226950656
anon_thp 13222543360
anon 13226950656
anon_thp 13222543360
anon 13226950656
anon_thp 13222543360
anon 13226950656
anon_thp 13222543360
anon 13226950656
anon_thp 13222543360
anon 13226950656
anon_thp 13222543360
anon 13226950656
anon_thp 13222543360
anon 13226950656
anon_thp 13222543360
anon 13226950656
anon_thp 13222543360
anon 13226950656
anon_thp 13222543360
anon 13226950656
anon_thp 13222543360
anon 13226950656
anon_thp 13222543360
anon 13226950656
anon_thp 13222543360
anon 13226950656
anon_thp 13222543360
anon 13226950656
anon_thp 13222543360
anon 13226950656
anon_thp 13222543360
anon 13226950656
anon_thp 13222543360
anon 13226950656
anon_thp 13222543360
anon 13226950656
anon_thp 13222543360
anon 13226950656
anon_thp 13222543360
anon 13226950656
anon_thp 13222543360
anon 13226950656
anon_thp 13220446208
anon 13226950656
anon_thp 13220446208
anon 13226950656
anon_thp 13220446208
anon 13226950656
anon_thp 13220446208
anon 13226950656
anon_thp 13220446208
anon 13226950656
anon_thp 13220446208
anon 13226950656
anon_thp 13220446208
anon 13226950656
anon_thp 13220446208
anon 13226950656
anon_thp 13220446208
anon 13226950656
anon_thp 13220446208
anon 13226950656
anon_thp 13220446208
anon 13226950656
anon_thp 13220446208
anon 13226950656
anon_thp 13220446208
anon 13226950656
anon_thp 13220446208
anon 13226950656
anon_thp 13220446208
anon 13226950656
anon_thp 13220446208
anon 13226950656
anon_thp 13220446208
anon 13226950656
anon_thp 13220446208
anon 13226950656
anon_thp 13220446208
anon 13226950656
anon_thp 13220446208
anon 13226950656
anon_thp 13220446208
anon 13226950656
anon_thp 13220446208
anon 13226950656
anon_thp 13220446208
anon 13226950656
anon_thp 13220446208
anon 13226950656
anon_thp 13220446208
anon 13226950656
anon_thp 13220446208
anon 13226950656
anon_thp 13220446208
anon 13226950656
anon_thp 13220446208
anon 13226950656
anon_thp 13220446208
anon 13226950656
anon_thp 13220446208
anon 13226950656
anon_thp 13220446208
anon 13226950656
anon_thp 13220446208
anon 13226950656
anon_thp 13220446208
anon 13226950656
anon_thp 13220446208
anon 13226950656
anon_thp 13220446208
anon 13226950656
anon_thp 13220446208
anon 13226950656
anon_thp 13220446208
anon 13226950656
anon_thp 13220446208
anon 13226950656
anon_thp 13220446208
anon 13226950656
anon_thp 13220446208
anon 13226950656
anon_thp 13220446208
anon 13226950656
anon_thp 13220446208
anon 13226950656
anon_thp 13220446208
anon 13226950656
anon_thp 13220446208
anon 13226950656
anon_thp 13220446208
anon 13226950656
anon_thp 13220446208
