anon 0
anon_thp 0
anon 290328576
anon_thp 289406976
anon 591454208
anon_thp 587202560
anon 901832704
anon_thp 897581056
anon 1203822592
anon_thp 1199570944
anon 1501618176
anon_thp 1497366528
anon 1803608064
anon_thp 1799356416
anon 2111889408
anon_thp 2107637760
anon 2411782144
anon_thp 2407530496
anon 2715869184
anon_thp 2711617536
anon 3017859072
anon_thp 3013607424
anon 3321946112
anon_thp 3317694464
anon 3619741696
anon_thp 3615490048
anon 3919634432
anon_thp 3915382784
anon 4221624320
anon_thp 4217372672
anon 4523614208
anon_thp 4519362560
anon 4825604096
anon_thp 4821352448
anon 5125496832
anon_thp 5121245184
anon 5431681024
anon_thp 5427429376
anon 5723185152
anon_thp 5718933504
anon 6025175040
anon_thp 6020923392
anon 6320873472
anon_thp 6316621824
anon 6859431936
anon_thp 6851395584
anon 6859431936
anon_thp 6851395584
anon 7143530496
anon_thp 7134511104
anon 7437131776
anon_thp 7428112384
anon 7739121664
anon_thp 7730102272
anon 8022237184
anon_thp 8013217792
anon 8313741312
anon_thp 8304721920
anon 8605245440
anon_thp 8596226048
anon 8905138176
anon_thp 8896118784
anon 9202933760
anon_thp 9193914368
anon 9492340736
anon_thp 9483321344
anon 9781747712
anon_thp 9772728320
anon 10015178752
anon_thp 9936306176
anon 10211663872
anon_thp 10062135296
anon 10446544896
anon_thp 10292822016
anon 10660454400
anon_thp 10506731520
anon 10868072448
anon_thp 10714349568
anon 11109244928
anon_thp 10953424896
anon 11305103360
anon_thp 11119099904
anon 11503509504
anon_thp 11255414784
anon 11704836096
anon_thp 11456741376
anon 11895676928
anon_thp 11647582208
anon 12068511744
anon_thp 11733565440
anon 12268969984
anon_thp 11920211968
anon 12426256384
anon_thp 11945377792
anon 12604514304
anon_thp 12067012608
anon 12925231104
anon_thp 11934892032
anon 13225525248
anon_thp 12230590464
anon 13225525248
anon_thp 12230590464
anon 13225525248
anon_thp 12230590464
anon 13225525248
anon_thp 12230590464
anon 13225525248
anon_thp 12230590464
anon 13225525248
anon_thp 12230590464
anon 13225525248
anon_thp 12230590464
anon 13225525248
anon_thp 12230590464
anon 13225525248
anon_thp 12230590464
anon 13225525248
anon_thp 12230590464
anon 13225525248
anon_thp 12230590464
anon 13225525248
anon_thp 12230590464
anon 13225525248
anon_thp 12230590464
anon 13225521152
anon_thp 12230590464
anon 13225525248
anon_thp 12230590464
anon 13225525248
anon_thp 12230590464
anon 13225525248
anon_thp 12230590464
anon 13225525248
anon_thp 12230590464
anon 13225525248
anon_thp 12230590464
anon 13225525248
anon_thp 12230590464
anon 13225525248
anon_thp 12230590464
anon 13225525248
anon_thp 12230590464
anon 13225525248
anon_thp 12230590464
anon 13225525248
anon_thp 12230590464
anon 13225525248
anon_thp 12230590464
anon 13225525248
anon_thp 12230590464
anon 13225525248
anon_thp 12230590464
anon 13225525248
anon_thp 12230590464
anon 13225525248
anon_thp 12230590464
anon 13225525248
anon_thp 12230590464
anon 13225525248
anon_thp 12230590464
anon 13225525248
anon_thp 12230590464
anon 13225525248
anon_thp 12230590464
anon 13225525248
anon_thp 12230590464
anon 13225525248
anon_thp 12230590464
anon 13225525248
anon_thp 12230590464
anon 13225525248
anon_thp 12230590464
anon 13225525248
anon_thp 12230590464
anon 13225525248
anon_thp 12230590464
anon 13225525248
anon_thp 12230590464
anon 13225525248
anon_thp 12230590464
anon 13225525248
anon_thp 12230590464
anon 13225525248
anon_thp 12230590464
anon 13225525248
anon_thp 12230590464
anon 13225525248
anon_thp 12230590464
anon 13225525248
anon_thp 12230590464
anon 13225525248
anon_thp 12230590464
anon 13225525248
anon_thp 12230590464
anon 13225525248
anon_thp 12230590464
anon 13225525248
anon_thp 12230590464
anon 13225525248
anon_thp 12230590464
anon 13225525248
anon_thp 12230590464
anon 13225525248
anon_thp 12230590464
anon 13225525248
anon_thp 12230590464
anon 13225525248
anon_thp 12230590464
anon 13225525248
anon_thp 12230590464
anon 13225525248
anon_thp 12230590464
anon 13225525248
anon_thp 12230590464
anon 13225525248
anon_thp 12230590464
anon 13225525248
anon_thp 12230590464
anon 13225525248
anon_thp 12230590464
anon 13225525248
anon_thp 12230590464
anon 13226029056
anon_thp 12247367680
anon 13226029056
anon_thp 12247367680
anon 13226029056
anon_thp 12247367680
anon 13226029056
anon_thp 12247367680
anon 13226029056
anon_thp 12247367680
anon 13226029056
anon_thp 12247367680
anon 13226029056
anon_thp 12247367680
anon 13226029056
anon_thp 12247367680
anon 13226029056
anon_thp 12247367680
anon 13226029056
anon_thp 12247367680
anon 13226029056
anon_thp 12247367680
anon 13226029056
anon_thp 12247367680
anon 13226029056
anon_thp 12247367680
anon 13226029056
anon_thp 12247367680
anon 13226029056
anon_thp 12247367680
anon 13226029056
anon_thp 12247367680
anon 13226029056
anon_thp 12247367680
anon 13226029056
anon_thp 12247367680
anon 13226029056
anon_thp 12247367680
anon 13226029056
anon_thp 12247367680
anon 13226029056
anon_thp 12247367680
anon 13226029056
anon_thp 12247367680
anon 13226029056
anon_thp 12247367680
anon 13226029056
anon_thp 12247367680
anon 13226029056
anon_thp 12247367680
anon 13226029056
anon_thp 12247367680
anon 13226029056
anon_thp 12247367680
anon 13226029056
anon_thp 12247367680
anon 13226029056
anon_thp 12247367680
anon 13226029056
anon_thp 12247367680
anon 13226029056
anon_thp 12247367680
anon 13226029056
anon_thp 12247367680
anon 13226029056
anon_thp 12247367680
anon 13226029056
anon_thp 12247367680
anon 13226029056
anon_thp 12247367680
anon 13226029056
anon_thp 12247367680
anon 13226029056
anon_thp 12247367680
anon 13226029056
anon_thp 12247367680
anon 13226029056
anon_thp 12247367680
anon 13226029056
anon_thp 12247367680
anon 13226029056
anon_thp 12247367680
anon 13226029056
anon_thp 12247367680
anon 13226029056
anon_thp 12247367680
anon 13226029056
anon_thp 12247367680
anon 13226029056
anon_thp 12247367680
anon 13226029056
anon_thp 12247367680
anon 13226029056
anon_thp 12247367680
anon 13226029056
anon_thp 12247367680
anon 13226029056
anon_thp 12247367680
anon 13226029056
anon_thp 12247367680
anon 13226029056
anon_thp 12247367680
anon 13226029056
anon_thp 12247367680
anon 13226029056
anon_thp 12247367680
anon 13226029056
anon_thp 12247367680
anon 13226029056
anon_thp 12247367680
anon 13226029056
anon_thp 12247367680
anon 13226029056
anon_thp 12247367680
anon 13226029056
anon_thp 12247367680
anon 13226029056
anon_thp 12247367680
anon 13226029056
anon_thp 12247367680
anon 13226029056
anon_thp 12247367680
anon 13226029056
anon_thp 12247367680
anon 13226029056
anon_thp 12247367680
anon 13226029056
anon_thp 12247367680
anon 13226029056
anon_thp 12247367680
anon 13226029056
anon_thp 12247367680
anon 13226029056
anon_thp 12247367680
anon 13226029056
anon_thp 12247367680
anon 13226029056
anon_thp 12247367680
anon 13226029056
anon_thp 12247367680
anon 13226029056
anon_thp 12247367680
anon 13226029056
anon_thp 12247367680
anon 13226029056
anon_thp 12247367680
anon 13226029056
anon_thp 12247367680
anon 13226029056
anon_thp 12247367680
anon 13226029056
anon_thp 12247367680
anon 13226029056
anon_thp 12247367680
anon 13226029056
anon_thp 12247367680
anon 13226029056
anon_thp 12247367680
anon 13226029056
anon_thp 12247367680
anon 13226029056
anon_thp 12247367680
anon 13226029056
anon_thp 12247367680
anon 13226029056
anon_thp 12247367680
anon 13226029056
anon_thp 12247367680
anon 13226029056
anon_thp 12247367680
anon 13226029056
anon_thp 12247367680
anon 13226029056
anon_thp 12247367680
anon 13226029056
anon_thp 12247367680
anon 13226029056
anon_thp 12247367680
anon 13226029056
anon_thp 12247367680
anon 13226029056
anon_thp 12247367680
anon 13226029056
anon_thp 12247367680
anon 13226029056
anon_thp 12247367680
anon 13226029056
anon_thp 12247367680
anon 13226029056
anon_thp 12247367680
anon 13226029056
anon_thp 12247367680
anon 13226029056
anon_thp 12637437952
anon 13226029056
anon_thp 13147045888
anon 13226029056
anon_thp 13216251904
anon 13226029056
anon_thp 13216251904
anon 13226029056
anon_thp 13216251904
anon 13226029056
anon_thp 13216251904
anon 13226029056
anon_thp 13216251904
anon 13226029056
anon_thp 13216251904
anon 13226029056
anon_thp 13216251904
anon 13226029056
anon_thp 13216251904
anon 13226029056
anon_thp 13216251904
anon 13226029056
anon_thp 13216251904
anon 13226029056
anon_thp 13216251904
anon 13226029056
anon_thp 13216251904
anon 13226029056
anon_thp 13216251904
anon 13226029056
anon_thp 13216251904
anon 13226029056
anon_thp 13216251904
anon 13226029056
anon_thp 13216251904
anon 13226029056
anon_thp 13216251904
anon 13226029056
anon_thp 13216251904
anon 13226029056
anon_thp 13216251904
anon 13226029056
anon_thp 13216251904
anon 13226029056
anon_thp 13216251904
anon 13226029056
anon_thp 13216251904
anon 13226029056
anon_thp 13216251904
anon 13226029056
anon_thp 13216251904
anon 13226029056
anon_thp 13216251904
anon 13226029056
anon_thp 13216251904
anon 13226029056
anon_thp 13216251904
anon 13226029056
anon_thp 13216251904
anon 13226029056
anon_thp 13216251904
anon 13226029056
anon_thp 13216251904
anon 13226029056
anon_thp 13216251904
anon 13226029056
anon_thp 13216251904
anon 13226029056
anon_thp 13216251904
anon 13226029056
anon_thp 13216251904
anon 13226029056
anon_thp 13216251904
anon 13226029056
anon_thp 13216251904
anon 13226029056
anon_thp 13216251904
anon 13226029056
anon_thp 13216251904
anon 13226029056
anon_thp 13216251904
anon 13226029056
anon_thp 13216251904
anon 13226029056
anon_thp 13216251904
anon 13226029056
anon_thp 13216251904
anon 13226029056
anon_thp 13216251904
anon 13226029056
anon_thp 13216251904
anon 13226029056
anon_thp 13216251904
anon 13226029056
anon_thp 13216251904
anon 13226029056
anon_thp 13218349056
anon 13226029056
anon_thp 13218349056
anon 13226029056
anon_thp 13218349056
anon 13226029056
anon_thp 13218349056
anon 13226029056
anon_thp 13218349056
anon 13226029056
anon_thp 13218349056
anon 13226029056
anon_thp 13218349056
anon 13226029056
anon_thp 13218349056
anon 13226029056
anon_thp 13218349056
anon 13226029056
anon_thp 13218349056
anon 13226029056
anon_thp 13218349056
anon 13226029056
anon_thp 13218349056
anon 13226029056
anon_thp 13218349056
anon 13226029056
anon_thp 13218349056
anon 13226029056
anon_thp 13218349056
anon 13226029056
anon_thp 13218349056
anon 13226029056
anon_thp 13218349056
anon 13226029056
anon_thp 13218349056
anon 13226029056
anon_thp 13218349056
anon 13226029056
anon_thp 13218349056
anon 13226029056
anon_thp 13218349056
anon 13226029056
anon_thp 13218349056
anon 13226029056
anon_thp 13218349056
anon 13226029056
anon_thp 13218349056
anon 13226029056
anon_thp 13218349056
anon 13226029056
anon_thp 13218349056
anon 13226029056
anon_thp 13218349056
anon 13226029056
anon_thp 13218349056
anon 13226029056
anon_thp 13218349056
anon 13226029056
anon_thp 13218349056
anon 13226029056
anon_thp 13218349056
anon 13226029056
anon_thp 13218349056
anon 13226029056
anon_thp 13218349056
anon 13226029056
anon_thp 13218349056
anon 13226029056
anon_thp 13218349056
anon 13226029056
anon_thp 13218349056
anon 13226029056
anon_thp 13218349056
anon 13226029056
anon_thp 13218349056
anon 13226029056
anon_thp 13218349056
anon 13226029056
anon_thp 13218349056
anon 13226029056
anon_thp 13218349056
anon 13226029056
anon_thp 13218349056
anon 13226029056
anon_thp 13218349056
anon 13226029056
anon_thp 13218349056
anon 13226029056
anon_thp 13218349056
anon 13226029056
anon_thp 13218349056
anon 13226029056
anon_thp 13218349056
anon 13226029056
anon_thp 13218349056
anon 13226029056
anon_thp 13218349056
anon 13226029056
anon_thp 13218349056
anon 13226029056
anon_thp 13218349056
anon 13226029056
anon_thp 13218349056
anon 13226029056
anon_thp 13218349056
anon 13226029056
anon_thp 13218349056
anon 13226029056
anon_thp 13218349056
anon 13226029056
anon_thp 13218349056
anon 13226029056
anon_thp 13218349056
anon 13226029056
anon_thp 13218349056
anon 13226029056
anon_thp 13218349056
anon 13226029056
anon_thp 13218349056
anon 13226029056
anon_thp 13218349056
anon 13226029056
anon_thp 13218349056
anon 13226029056
anon_thp 13218349056
anon 13226029056
anon_thp 13218349056
anon 13226029056
anon_thp 13218349056
anon 13226029056
anon_thp 13218349056
anon 0
anon_thp 0
