pgmigrate_success 38263197
pgmigrate_success 38263201
pgmigrate_success 38263201
pgmigrate_success 38263201
pgmigrate_success 38263201
pgmigrate_success 38263201
pgmigrate_success 38263201
pgmigrate_success 38263201
pgmigrate_success 38263201
pgmigrate_success 38263201
pgmigrate_success 38263201
pgmigrate_success 38263201
pgmigrate_success 38263201
pgmigrate_success 38263201
pgmigrate_success 38263201
pgmigrate_success 38263201
pgmigrate_success 38263201
pgmigrate_success 38263201
pgmigrate_success 38263201
pgmigrate_success 38263201
pgmigrate_success 38263201
pgmigrate_success 38263201
pgmigrate_success 38263201
pgmigrate_success 38278101
pgmigrate_success 38278101
pgmigrate_success 38278101
pgmigrate_success 38278101
pgmigrate_success 38278101
pgmigrate_success 38278101
pgmigrate_success 38278101
pgmigrate_success 38278101
pgmigrate_success 38278101
pgmigrate_success 38278101
pgmigrate_success 38278101
pgmigrate_success 38278101
pgmigrate_success 38278101
pgmigrate_success 38278101
pgmigrate_success 38278101
pgmigrate_success 38278101
pgmigrate_success 38278101
pgmigrate_success 38278101
pgmigrate_success 38278101
pgmigrate_success 38278101
pgmigrate_success 38278101
pgmigrate_success 38278101
pgmigrate_success 38278101
pgmigrate_success 38391961
pgmigrate_success 38709625
pgmigrate_success 38709625
pgmigrate_success 38709625
pgmigrate_success 38709625
pgmigrate_success 38911372
pgmigrate_success 39251973
pgmigrate_success 39482042
pgmigrate_success 39593189
pgmigrate_success 39703337
pgmigrate_success 39787318
pgmigrate_success 39797046
pgmigrate_success 39799100
pgmigrate_success 39826236
pgmigrate_success 39889256
pgmigrate_success 39971203
pgmigrate_success 40036256
pgmigrate_success 40049078
pgmigrate_success 40049594
pgmigrate_success 40049612
pgmigrate_success 40049624
pgmigrate_success 40049634
pgmigrate_success 40049634
pgmigrate_success 40049639
pgmigrate_success 40049639
pgmigrate_success 40058865
pgmigrate_success 40084998
pgmigrate_success 40095245
pgmigrate_success 40095245
pgmigrate_success 40095284
pgmigrate_success 40154191
pgmigrate_success 40154703
pgmigrate_success 40340428
pgmigrate_success 40422882
pgmigrate_success 40429026
pgmigrate_success 40436194
pgmigrate_success 40440290
pgmigrate_success 40440290
pgmigrate_success 40440290
pgmigrate_success 40440290
pgmigrate_success 40440290
pgmigrate_success 40440290
pgmigrate_success 40445922
pgmigrate_success 40467427
pgmigrate_success 40485347
pgmigrate_success 40507875
pgmigrate_success 40508387
pgmigrate_success 40508387
pgmigrate_success 40508387
pgmigrate_success 40515043
pgmigrate_success 40521699
pgmigrate_success 40521699
pgmigrate_success 40523235
pgmigrate_success 40538595
pgmigrate_success 40605156
pgmigrate_success 40665079
pgmigrate_success 40665083
pgmigrate_success 40665083
pgmigrate_success 40665083
pgmigrate_success 40665083
pgmigrate_success 40665083
pgmigrate_success 40667644
pgmigrate_success 40692243
pgmigrate_success 40714291
pgmigrate_success 40723522
pgmigrate_success 40751245
pgmigrate_success 40780499
pgmigrate_success 40810732
pgmigrate_success 40847634
pgmigrate_success 40859939
pgmigrate_success 40860461
pgmigrate_success 40861368
pgmigrate_success 40861597
pgmigrate_success 40862186
pgmigrate_success 40862186
pgmigrate_success 40862186
pgmigrate_success 40862186
pgmigrate_success 40862186
pgmigrate_success 40862186
pgmigrate_success 40898027
pgmigrate_success 40943138
pgmigrate_success 40953409
pgmigrate_success 40961115
pgmigrate_success 40962139
pgmigrate_success 40962147
pgmigrate_success 40962147
pgmigrate_success 40962147
pgmigrate_success 40962147
pgmigrate_success 40964195
pgmigrate_success 40973927
pgmigrate_success 40995458
pgmigrate_success 41017487
pgmigrate_success 41034913
pgmigrate_success 41054896
pgmigrate_success 41079483
pgmigrate_success 41108165
pgmigrate_success 41135823
pgmigrate_success 41160608
pgmigrate_success 41184170
pgmigrate_success 41208753
pgmigrate_success 41237945
pgmigrate_success 41253825
pgmigrate_success 41257345
pgmigrate_success 41257857
pgmigrate_success 41322401
pgmigrate_success 41331154
pgmigrate_success 41338364
pgmigrate_success 41345059
pgmigrate_success 41350726
pgmigrate_success 41353828
pgmigrate_success 41354868
pgmigrate_success 41357958
pgmigrate_success 41359510
pgmigrate_success 41360038
pgmigrate_success 41362095
pgmigrate_success 41363642
pgmigrate_success 41366733
pgmigrate_success 41368795
pgmigrate_success 41371363
pgmigrate_success 41372913
pgmigrate_success 41372917
pgmigrate_success 41372922
pgmigrate_success 41372927
pgmigrate_success 41372932
pgmigrate_success 41372934
pgmigrate_success 41372941
pgmigrate_success 41372953
pgmigrate_success 41372953
pgmigrate_success 41432357
pgmigrate_success 41442707
pgmigrate_success 41448382
pgmigrate_success 41481527
pgmigrate_success 41484599
pgmigrate_success 41484599
pgmigrate_success 41484599
pgmigrate_success 41484599
pgmigrate_success 41486135
pgmigrate_success 41505079
pgmigrate_success 41517879
pgmigrate_success 41539383
pgmigrate_success 41586999
pgmigrate_success 41596727
pgmigrate_success 41622327
pgmigrate_success 41647416
pgmigrate_success 41674040
pgmigrate_success 41692984
pgmigrate_success 41722168
pgmigrate_success 41754424
pgmigrate_success 41781560
pgmigrate_success 41826106
pgmigrate_success 41855290
pgmigrate_success 41856826
pgmigrate_success 41857338
pgmigrate_success 41925458
pgmigrate_success 41929603
pgmigrate_success 41935783
pgmigrate_success 41941457
pgmigrate_success 41947627
pgmigrate_success 41950726
pgmigrate_success 41952791
pgmigrate_success 41955880
pgmigrate_success 41958086
pgmigrate_success 41962202
pgmigrate_success 41964781
pgmigrate_success 41967353
pgmigrate_success 41967876
pgmigrate_success 41969430
pgmigrate_success 41969943
pgmigrate_success 41969943
pgmigrate_success 41969943
pgmigrate_success 41969943
pgmigrate_success 41969951
pgmigrate_success 41973035
pgmigrate_success 41973042
pgmigrate_success 41973044
pgmigrate_success 41973053
pgmigrate_success 41973062
pgmigrate_success 41978183
pgmigrate_success 42043760
pgmigrate_success 42047909
pgmigrate_success 42048422
pgmigrate_success 42049958
pgmigrate_success 42052006
pgmigrate_success 42056639
pgmigrate_success 42062830
pgmigrate_success 42066434
pgmigrate_success 42085142
pgmigrate_success 42085142
pgmigrate_success 42085142
pgmigrate_success 42085142
pgmigrate_success 42085142
pgmigrate_success 42091286
pgmigrate_success 42111766
pgmigrate_success 42139731
pgmigrate_success 42156115
pgmigrate_success 42171989
pgmigrate_success 42204245
pgmigrate_success 42229845
pgmigrate_success 42247765
pgmigrate_success 42291285
pgmigrate_success 42323542
pgmigrate_success 42362968
pgmigrate_success 42446425
pgmigrate_success 42499717
pgmigrate_success 42500231
pgmigrate_success 42506887
pgmigrate_success 42558626
pgmigrate_success 42563240
pgmigrate_success 42563758
pgmigrate_success 42563764
pgmigrate_success 42564333
pgmigrate_success 42564469
pgmigrate_success 42564469
pgmigrate_success 42564469
pgmigrate_success 42564469
pgmigrate_success 42564469
pgmigrate_success 42564469
pgmigrate_success 42564469
pgmigrate_success 42564469
pgmigrate_success 42564469
pgmigrate_success 42564981
pgmigrate_success 42565005
pgmigrate_success 42565005
pgmigrate_success 42568077
pgmigrate_success 42569613
pgmigrate_success 42572573
pgmigrate_success 42573340
pgmigrate_success 42575393
pgmigrate_success 42642987
pgmigrate_success 42643516
pgmigrate_success 42643541
pgmigrate_success 42643549
pgmigrate_success 42643550
pgmigrate_success 42643555
pgmigrate_success 42643566
pgmigrate_success 42643566
pgmigrate_success 42643572
pgmigrate_success 42643572
pgmigrate_success 42643572
pgmigrate_success 42643572
pgmigrate_success 42643572
pgmigrate_success 42643572
pgmigrate_success 42643572
pgmigrate_success 42643590
pgmigrate_success 42644380
pgmigrate_success 42697658
pgmigrate_success 42707906
pgmigrate_success 42731970
pgmigrate_success 42737460
pgmigrate_success 42737461
pgmigrate_success 42745141
pgmigrate_success 42756451
