pgmigrate_success 47099622
pgmigrate_success 47099624
pgmigrate_success 47099625
pgmigrate_success 47099625
pgmigrate_success 47099625
pgmigrate_success 47099625
pgmigrate_success 47099625
pgmigrate_success 47099625
pgmigrate_success 47099625
pgmigrate_success 47099625
pgmigrate_success 47099625
pgmigrate_success 47099625
pgmigrate_success 47099625
pgmigrate_success 47099625
pgmigrate_success 47099625
pgmigrate_success 47099625
pgmigrate_success 47099625
pgmigrate_success 47099625
pgmigrate_success 47099625
pgmigrate_success 47099625
pgmigrate_success 47099625
pgmigrate_success 47099625
pgmigrate_success 47099625
pgmigrate_success 47099625
pgmigrate_success 47114526
pgmigrate_success 47114526
pgmigrate_success 47114526
pgmigrate_success 47114526
pgmigrate_success 47114526
pgmigrate_success 47114526
pgmigrate_success 47114526
pgmigrate_success 47114526
pgmigrate_success 47115046
pgmigrate_success 47115046
pgmigrate_success 47115046
pgmigrate_success 47115046
pgmigrate_success 47115046
pgmigrate_success 47115046
pgmigrate_success 47115046
pgmigrate_success 47115046
pgmigrate_success 47115046
pgmigrate_success 47115046
pgmigrate_success 47115046
pgmigrate_success 47115046
pgmigrate_success 47115046
pgmigrate_success 47115046
pgmigrate_success 47115046
pgmigrate_success 47115046
pgmigrate_success 47238778
pgmigrate_success 47239290
pgmigrate_success 47239290
pgmigrate_success 47239290
pgmigrate_success 47239290
pgmigrate_success 47257384
pgmigrate_success 47392121
pgmigrate_success 47392121
pgmigrate_success 47392121
pgmigrate_success 47400315
pgmigrate_success 47456642
pgmigrate_success 47456642
pgmigrate_success 47456642
pgmigrate_success 47456642
pgmigrate_success 47456642
pgmigrate_success 47456963
pgmigrate_success 47456963
pgmigrate_success 47456963
pgmigrate_success 47456963
pgmigrate_success 47456963
pgmigrate_success 47456963
pgmigrate_success 47456963
pgmigrate_success 47456963
pgmigrate_success 47456963
pgmigrate_success 47456963
pgmigrate_success 47456963
pgmigrate_success 47464131
pgmigrate_success 47484100
pgmigrate_success 47505094
pgmigrate_success 47528135
pgmigrate_success 47550680
pgmigrate_success 47553240
pgmigrate_success 47553240
pgmigrate_success 47553240
pgmigrate_success 47553240
pgmigrate_success 47553240
pgmigrate_success 47553240
pgmigrate_success 47553240
pgmigrate_success 47553240
pgmigrate_success 47553240
pgmigrate_success 47553240
pgmigrate_success 47553240
pgmigrate_success 47553240
pgmigrate_success 47553240
pgmigrate_success 47553240
pgmigrate_success 47553240
pgmigrate_success 47553240
pgmigrate_success 47553301
pgmigrate_success 47577368
pgmigrate_success 47577368
pgmigrate_success 47577368
pgmigrate_success 47577368
pgmigrate_success 47577368
pgmigrate_success 47577368
pgmigrate_success 47577368
pgmigrate_success 47577368
pgmigrate_success 47577368
pgmigrate_success 47577368
pgmigrate_success 47577369
pgmigrate_success 47577369
pgmigrate_success 47577369
pgmigrate_success 47577369
pgmigrate_success 47577369
pgmigrate_success 47577369
pgmigrate_success 47577369
pgmigrate_success 47577369
pgmigrate_success 47587609
pgmigrate_success 47612225
pgmigrate_success 47634771
pgmigrate_success 47634771
pgmigrate_success 47634771
pgmigrate_success 47634797
pgmigrate_success 47634797
pgmigrate_success 47634797
pgmigrate_success 47634797
pgmigrate_success 47635049
pgmigrate_success 47635049
pgmigrate_success 47635561
pgmigrate_success 47635561
pgmigrate_success 47635736
pgmigrate_success 47635736
pgmigrate_success 47635799
pgmigrate_success 47635799
pgmigrate_success 47635799
pgmigrate_success 47635799
pgmigrate_success 47635799
pgmigrate_success 47635799
pgmigrate_success 47635799
pgmigrate_success 47635799
pgmigrate_success 47635799
pgmigrate_success 47635799
pgmigrate_success 47635799
pgmigrate_success 47635799
pgmigrate_success 47635799
pgmigrate_success 47635799
pgmigrate_success 47635799
pgmigrate_success 47635799
pgmigrate_success 47635799
pgmigrate_success 47661950
pgmigrate_success 47661950
pgmigrate_success 47661956
pgmigrate_success 47661956
pgmigrate_success 47661956
pgmigrate_success 47661956
pgmigrate_success 47661956
pgmigrate_success 47661956
pgmigrate_success 47661956
pgmigrate_success 47661956
pgmigrate_success 47661956
pgmigrate_success 47661956
pgmigrate_success 47661956
pgmigrate_success 47662079
pgmigrate_success 47662079
pgmigrate_success 47662079
pgmigrate_success 47662079
pgmigrate_success 47662079
pgmigrate_success 47662593
pgmigrate_success 47662593
pgmigrate_success 47662593
pgmigrate_success 47662593
pgmigrate_success 47662593
pgmigrate_success 47662593
pgmigrate_success 47662593
pgmigrate_success 47662593
pgmigrate_success 47662593
pgmigrate_success 47662593
pgmigrate_success 47662593
pgmigrate_success 47662593
pgmigrate_success 47662593
pgmigrate_success 47662593
pgmigrate_success 47662593
pgmigrate_success 47662593
pgmigrate_success 47662593
pgmigrate_success 47662593
pgmigrate_success 47663105
pgmigrate_success 47663105
pgmigrate_success 47663105
pgmigrate_success 47663105
pgmigrate_success 47663105
pgmigrate_success 47664129
pgmigrate_success 47673860
pgmigrate_success 47681540
pgmigrate_success 47688709
pgmigrate_success 47688791
pgmigrate_success 47688791
pgmigrate_success 47688791
pgmigrate_success 47688791
pgmigrate_success 47688791
pgmigrate_success 47688791
pgmigrate_success 47699096
pgmigrate_success 47699096
pgmigrate_success 47699608
pgmigrate_success 47699608
pgmigrate_success 47699608
pgmigrate_success 47699608
pgmigrate_success 47699608
pgmigrate_success 47699608
pgmigrate_success 47699608
pgmigrate_success 47699608
pgmigrate_success 47699608
pgmigrate_success 47699608
pgmigrate_success 47699608
pgmigrate_success 47699608
pgmigrate_success 47699608
pgmigrate_success 47699608
pgmigrate_success 47699783
pgmigrate_success 47699783
pgmigrate_success 47699783
pgmigrate_success 47699792
pgmigrate_success 47699792
pgmigrate_success 47699792
pgmigrate_success 47699792
pgmigrate_success 47699792
pgmigrate_success 47699792
pgmigrate_success 47699922
pgmigrate_success 47699922
pgmigrate_success 47699922
pgmigrate_success 47699922
pgmigrate_success 47699939
pgmigrate_success 47699939
pgmigrate_success 47699939
pgmigrate_success 47699939
pgmigrate_success 47699939
pgmigrate_success 47699939
pgmigrate_success 47699939
pgmigrate_success 47699939
pgmigrate_success 47699939
pgmigrate_success 47699939
pgmigrate_success 47699939
pgmigrate_success 47699939
pgmigrate_success 47699939
pgmigrate_success 47699939
pgmigrate_success 47699939
pgmigrate_success 47699939
pgmigrate_success 47699939
pgmigrate_success 47699939
pgmigrate_success 47699939
pgmigrate_success 47699939
pgmigrate_success 47699939
pgmigrate_success 47704547
pgmigrate_success 47704547
pgmigrate_success 47704547
pgmigrate_success 47704547
pgmigrate_success 47704547
pgmigrate_success 47704547
pgmigrate_success 47704547
pgmigrate_success 47704581
pgmigrate_success 47704581
pgmigrate_success 47704581
pgmigrate_success 47704581
pgmigrate_success 47704581
pgmigrate_success 47704581
pgmigrate_success 47704581
pgmigrate_success 47704581
pgmigrate_success 47704581
pgmigrate_success 47704581
pgmigrate_success 47704581
pgmigrate_success 47705605
pgmigrate_success 47713285
pgmigrate_success 47729672
pgmigrate_success 47731209
pgmigrate_success 47731209
pgmigrate_success 47731209
pgmigrate_success 47731209
pgmigrate_success 47731209
pgmigrate_success 47731209
pgmigrate_success 47731209
pgmigrate_success 47731209
pgmigrate_success 47731209
pgmigrate_success 47731209
pgmigrate_success 47731209
pgmigrate_success 47731209
pgmigrate_success 47731209
pgmigrate_success 47731209
pgmigrate_success 47731209
pgmigrate_success 47731384
pgmigrate_success 47731384
pgmigrate_success 47731384
pgmigrate_success 47731540
pgmigrate_success 47731540
pgmigrate_success 47731540
pgmigrate_success 47731540
pgmigrate_success 47731540
pgmigrate_success 47731540
pgmigrate_success 47731542
pgmigrate_success 47731542
pgmigrate_success 47731542
pgmigrate_success 47731542
pgmigrate_success 47731542
pgmigrate_success 47731542
pgmigrate_success 47731542
pgmigrate_success 47733079
pgmigrate_success 47733591
pgmigrate_success 47733591
pgmigrate_success 47733591
pgmigrate_success 47733591
pgmigrate_success 47733591
pgmigrate_success 47733591
pgmigrate_success 47733591
pgmigrate_success 47733591
pgmigrate_success 47733591
pgmigrate_success 47733591
pgmigrate_success 47733591
pgmigrate_success 47733591
pgmigrate_success 47733591
pgmigrate_success 47733591
pgmigrate_success 47733591
pgmigrate_success 47733591
pgmigrate_success 47733591
pgmigrate_success 47733591
pgmigrate_success 47733689
pgmigrate_success 47733689
pgmigrate_success 47733689
pgmigrate_success 47733689
pgmigrate_success 47733689
pgmigrate_success 47733689
pgmigrate_success 47733689
pgmigrate_success 47733689
pgmigrate_success 47733689
pgmigrate_success 47733689
pgmigrate_success 47733689
pgmigrate_success 47733689
pgmigrate_success 47733689
pgmigrate_success 47733689
pgmigrate_success 47733689
pgmigrate_success 47733689
pgmigrate_success 47733689
pgmigrate_success 47733689
pgmigrate_success 47733689
pgmigrate_success 47733689
pgmigrate_success 47733689
pgmigrate_success 47733689
pgmigrate_success 47733689
pgmigrate_success 47733689
pgmigrate_success 47733689
pgmigrate_success 47733689
pgmigrate_success 47733689
pgmigrate_success 47733689
pgmigrate_success 47733689
pgmigrate_success 47733689
pgmigrate_success 47733689
pgmigrate_success 47745468
pgmigrate_success 47753250
pgmigrate_success 47756834
pgmigrate_success 47757346
pgmigrate_success 47757346
pgmigrate_success 47757346
pgmigrate_success 47757346
pgmigrate_success 47757346
pgmigrate_success 47772706
pgmigrate_success 47773730
pgmigrate_success 47773730
pgmigrate_success 47773730
pgmigrate_success 47773730
pgmigrate_success 47773730
pgmigrate_success 47773730
pgmigrate_success 47773730
pgmigrate_success 47773730
pgmigrate_success 47773730
pgmigrate_success 47773730
pgmigrate_success 47773730
pgmigrate_success 47773730
pgmigrate_success 47773730
pgmigrate_success 47773730
pgmigrate_success 47773730
pgmigrate_success 47773970
pgmigrate_success 47773970
pgmigrate_success 47773972
pgmigrate_success 47773972
pgmigrate_success 47773972
pgmigrate_success 47774031
pgmigrate_success 47774543
pgmigrate_success 47774543
pgmigrate_success 47774742
pgmigrate_success 47774742
pgmigrate_success 47774742
pgmigrate_success 47774742
pgmigrate_success 47774742
pgmigrate_success 47774742
pgmigrate_success 47774742
pgmigrate_success 47774785
pgmigrate_success 47774785
pgmigrate_success 47774785
pgmigrate_success 47774785
pgmigrate_success 47774786
pgmigrate_success 47774786
pgmigrate_success 47774883
pgmigrate_success 47774883
pgmigrate_success 47774883
pgmigrate_success 47774883
pgmigrate_success 47774883
pgmigrate_success 47774883
pgmigrate_success 47774883
pgmigrate_success 47774883
pgmigrate_success 47774883
pgmigrate_success 47775395
pgmigrate_success 47775395
pgmigrate_success 47775395
pgmigrate_success 47775395
pgmigrate_success 47775395
pgmigrate_success 47775395
pgmigrate_success 47775395
pgmigrate_success 47775395
pgmigrate_success 47775395
pgmigrate_success 47775395
pgmigrate_success 47775477
pgmigrate_success 47775477
pgmigrate_success 47775477
pgmigrate_success 47775477
pgmigrate_success 47775477
pgmigrate_success 47775477
pgmigrate_success 47775477
pgmigrate_success 47775477
pgmigrate_success 47775477
pgmigrate_success 47775477
pgmigrate_success 47775477
pgmigrate_success 47775477
pgmigrate_success 47775477
pgmigrate_success 47775477
pgmigrate_success 47775477
pgmigrate_success 47775477
pgmigrate_success 47775477
pgmigrate_success 47775477
pgmigrate_success 47775477
pgmigrate_success 47775477
pgmigrate_success 47775477
pgmigrate_success 47775477
pgmigrate_success 47775477
pgmigrate_success 47775477
pgmigrate_success 47775477
pgmigrate_success 47775477
pgmigrate_success 47775477
pgmigrate_success 47775477
pgmigrate_success 47780597
pgmigrate_success 47792378
pgmigrate_success 47802107
pgmigrate_success 47811323
pgmigrate_success 47812414
pgmigrate_success 47812414
pgmigrate_success 47812414
pgmigrate_success 47812414
pgmigrate_success 47812414
pgmigrate_success 47812414
pgmigrate_success 47812414
pgmigrate_success 47812414
pgmigrate_success 47820626
pgmigrate_success 47822674
pgmigrate_success 47823186
pgmigrate_success 47823186
pgmigrate_success 47823186
pgmigrate_success 47823186
pgmigrate_success 47823186
pgmigrate_success 47823186
pgmigrate_success 47823186
pgmigrate_success 47823186
pgmigrate_success 47823186
pgmigrate_success 47823186
pgmigrate_success 47823186
pgmigrate_success 47823186
pgmigrate_success 47823186
pgmigrate_success 47823186
pgmigrate_success 47823186
pgmigrate_success 47823186
pgmigrate_success 47823186
pgmigrate_success 47823186
pgmigrate_success 47823186
pgmigrate_success 47823186
pgmigrate_success 47823186
pgmigrate_success 47823186
pgmigrate_success 47823232
pgmigrate_success 47823232
pgmigrate_success 47823232
pgmigrate_success 47823232
pgmigrate_success 47823232
pgmigrate_success 47823232
pgmigrate_success 47823232
pgmigrate_success 47823232
pgmigrate_success 47823232
pgmigrate_success 47823232
pgmigrate_success 47823232
pgmigrate_success 47823232
pgmigrate_success 47823232
pgmigrate_success 47823232
pgmigrate_success 47823232
pgmigrate_success 47823232
pgmigrate_success 47823232
pgmigrate_success 47823232
pgmigrate_success 47823232
pgmigrate_success 47823232
pgmigrate_success 47823232
pgmigrate_success 47823232
pgmigrate_success 47823470
pgmigrate_success 47823470
pgmigrate_success 47823470
pgmigrate_success 47823470
pgmigrate_success 47823470
pgmigrate_success 47823471
pgmigrate_success 47826031
pgmigrate_success 47826031
pgmigrate_success 47826031
pgmigrate_success 47826031
pgmigrate_success 47826064
pgmigrate_success 47826064
pgmigrate_success 47826064
pgmigrate_success 47826064
pgmigrate_success 47826064
pgmigrate_success 47826064
pgmigrate_success 47826064
pgmigrate_success 47826064
pgmigrate_success 47826064
pgmigrate_success 47826064
pgmigrate_success 47826064
pgmigrate_success 47826064
pgmigrate_success 47826064
pgmigrate_success 47826064
pgmigrate_success 47826064
pgmigrate_success 47826064
pgmigrate_success 47826064
pgmigrate_success 47826064
pgmigrate_success 47826064
pgmigrate_success 47826064
pgmigrate_success 47826064
pgmigrate_success 47826064
pgmigrate_success 47826064
pgmigrate_success 47831187
pgmigrate_success 47842453
pgmigrate_success 47852187
pgmigrate_success 47859356
pgmigrate_success 47859868
pgmigrate_success 47859868
pgmigrate_success 47859868
pgmigrate_success 47859868
pgmigrate_success 47859905
pgmigrate_success 47859905
pgmigrate_success 47859905
pgmigrate_success 47859905
pgmigrate_success 47859905
pgmigrate_success 47859905
pgmigrate_success 47859905
pgmigrate_success 47859905
pgmigrate_success 47859905
pgmigrate_success 47859905
pgmigrate_success 47859905
pgmigrate_success 47859905
pgmigrate_success 47860076
pgmigrate_success 47860076
pgmigrate_success 47860076
pgmigrate_success 47860076
