hot 0 warm 0 cold 0
hot 1 warm 0 cold 0
hot 1 warm 0 cold 0
hot 1 warm 0 cold 0
hot 1 warm 0 cold 0
hot 1 warm 0 cold 0
hot 1 warm 0 cold 0
hot 1 warm 0 cold 0
hot 1 warm 0 cold 0
hot 1 warm 0 cold 0
hot 1 warm 0 cold 0
hot 1 warm 0 cold 0
hot 1 warm 0 cold 0
hot 1 warm 0 cold 0
hot 1 warm 0 cold 0
hot 1 warm 0 cold 0
hot 1 warm 0 cold 0
hot 1 warm 0 cold 0
hot 1 warm 0 cold 0
hot 1 warm 0 cold 0
hot 1 warm 0 cold 0
hot 1 warm 0 cold 0
hot 1 warm 0 cold 0
hot 14849 warm 0 cold 64
hot 14849 warm 0 cold 64
hot 14849 warm 0 cold 64
hot 14849 warm 0 cold 64
hot 14849 warm 0 cold 64
hot 14849 warm 0 cold 64
hot 14849 warm 0 cold 64
hot 14849 warm 0 cold 64
hot 14849 warm 0 cold 64
hot 14849 warm 0 cold 64
hot 14849 warm 0 cold 64
hot 14849 warm 0 cold 64
hot 14849 warm 0 cold 64
hot 14849 warm 0 cold 64
hot 14849 warm 0 cold 64
hot 14849 warm 0 cold 64
hot 14849 warm 0 cold 64
hot 14849 warm 0 cold 64
hot 14849 warm 0 cold 64
hot 14849 warm 0 cold 64
hot 14849 warm 0 cold 64
hot 14849 warm 0 cold 64
hot 14849 warm 0 cold 64
hot 1679461 warm 0 cold 0
hot 1767525 warm 0 cold 0
hot 1861733 warm 0 cold 0
hot 1947749 warm 0 cold 0
hot 371316 warm 0 cold 1646577
hot 428159 warm 0 cold 1637350
hot 309900 warm 197632 cold 1615321
hot 382105 warm 0 cold 1827276
hot 451744 warm 0 cold 1844677
hot 305830 warm 203776 cold 1853375
hot 325286 warm 205824 cold 1857471
hot 333990 warm 197120 cold 1857983
hot 382122 warm 0 cold 2068923
hot 427181 warm 0 cold 2094520
hot 139952 warm 0 cold 2432949
hot 149684 warm 0 cold 2476465
hot 162997 warm 358400 cold 2135984
hot 180922 warm 370176 cold 2136491
hot 197820 warm 380416 cold 2139049
hot 210623 warm 406528 cold 2138534
hot 230088 warm 418304 cold 2134941
hot 251595 warm 427008 cold 2133402
hot 269007 warm 435712 cold 2127254
hot 289490 warm 440832 cold 2116499
hot 307413 warm 457216 cold 2106256
hot 323290 warm 467968 cold 2099083
hot 327898 warm 463360 cold 2099083
hot 330458 warm 465408 cold 2097547
hot 348893 warm 0 cold 2563464
hot 367642 warm 0 cold 2500731
hot 375322 warm 0 cold 2507899
hot 387610 warm 0 cold 2509435
hot 399387 warm 0 cold 2513018
hot 411675 warm 0 cold 2516602
hot 420380 warm 0 cold 2515065
hot 135295 warm 0 cold 3070751
hot 139391 warm 0 cold 3068191
hot 145535 warm 0 cold 3063583
hot 155775 warm 345088 cold 2710815
hot 161919 warm 361984 cold 2689823
hot 166015 warm 380416 cold 2668319
hot 173695 warm 391168 cold 2650399
hot 182399 warm 396800 cold 2637599
hot 189567 warm 409600 cold 2618143
hot 195713 warm 419328 cold 2603293
hot 198785 warm 431104 cold 2588445
hot 202881 warm 441856 cold 2574621
hot 208001 warm 447488 cold 2565405
hot 213122 warm 454656 cold 2553628
hot 217218 warm 464896 cold 2539804
hot 226947 warm 464896 cold 2530587
hot 232067 warm 473600 cold 2516763
hot 236163 warm 486400 cold 2500379
hot 246403 warm 486912 cold 2490651
hot 252548 warm 492032 cold 2479898
hot 259716 warm 498688 cold 2466586
hot 265348 warm 508416 cold 2451226
hot 270468 warm 520192 cold 2434842
hot 277125 warm 528384 cold 2420505
hot 283269 warm 534528 cold 2408217
hot 290437 warm 537088 cold 2398489
hot 293509 warm 546816 cold 2385689
hot 302749 warm 551936 cold 2371329
hot 308381 warm 560640 cold 2356993
hot 315037 warm 563200 cold 2347777
hot 323229 warm 567296 cold 2336001
hot 329373 warm 572928 cold 2324225
hot 336030 warm 578048 cold 2312448
hot 346782 warm 579072 cold 2300672
hot 233678 warm 0 cold 2874112
hot 306383 warm 0 cold 2870015
hot 315599 warm 0 cold 2865919
hot 324306 warm 0 cold 2864380
hot 332498 warm 0 cold 2859260
hot 338642 warm 609280 cold 2245884
hot 345810 warm 610816 cold 2239228
hot 354514 warm 613376 cold 2232572
hot 361682 warm 615936 cold 2226428
hot 370898 warm 0 cold 2835708
hot 377042 warm 0 cold 2831100
hot 384210 warm 0 cold 2825468
hot 393426 warm 0 cold 2818300
hot 399058 warm 0 cold 2814204
hot 405714 warm 0 cold 2807548
hot 413906 warm 0 cold 2801916
hot 416979 warm 0 cold 2798843
hot 425171 warm 0 cold 2792187
hot 430803 warm 0 cold 2786555
hot 441555 warm 0 cold 2776827
hot 452819 warm 0 cold 2766587
hot 464595 warm 0 cold 2754811
hot 130259 warm 0 cold 3089147
hot 132307 warm 0 cold 3087611
hot 133843 warm 0 cold 3086075
hot 134355 warm 0 cold 3086075
hot 135891 warm 379392 cold 2706171
hot 136915 warm 389632 cold 2695931
hot 140499 warm 396800 cold 2685691
hot 142035 warm 403456 cold 2678011
hot 142547 warm 415744 cold 2665723
hot 145107 warm 424448 cold 2654971
hot 147667 warm 431104 cold 2646267
hot 150227 warm 440320 cold 2636027
hot 153811 warm 442368 cold 2630395
hot 155860 warm 454656 cold 2616570
hot 156884 warm 467456 cold 2603258
hot 157908 warm 476672 cold 2593018
hot 157908 warm 481792 cold 2587898
hot 158423 warm 495104 cold 2574071
hot 159447 warm 504832 cold 2563319
hot 160983 warm 514560 cold 2552055
hot 59562 warm 76800 cold 2298379
hot 66598 warm 52737 cold 2988587
hot 68135 warm 55809 cold 2983978
hot 74791 warm 61953 cold 2971178
hot 149032 warm 574464 cold 2384426
hot 161832 warm 586240 cold 2359850
hot 174120 warm 595968 cold 2337834
hot 187432 warm 601088 cold 2319402
hot 198696 warm 608768 cold 2300458
hot 210472 warm 615424 cold 2282026
hot 224808 warm 623104 cold 2260010
hot 235048 warm 635392 cold 2237482
hot 248360 warm 640512 cold 2219050
hot 258088 warm 647168 cold 2202666
hot 268840 warm 648704 cold 2190378
hot 281128 warm 647168 cold 2179626
hot 285224 warm 658432 cold 2164266
hot 295464 warm 662016 cold 2150442
hot 303656 warm 672256 cold 2132010
hot 316456 warm 675840 cold 2115626
hot 323112 warm 681984 cold 2102826
hot 336936 warm 686080 cold 2084906
hot 351784 warm 680960 cold 2075178
hot 363560 warm 681984 cold 2062378
hot 379432 warm 0 cold 2728490
hot 391720 warm 0 cold 2716202
hot 404008 warm 0 cold 2703914
hot 418857 warm 0 cold 2689065
hot 429609 warm 0 cold 2678313
hot 442409 warm 0 cold 2665513
hot 455209 warm 0 cold 2652713
hot 124968 warm 343041 cold 2639913
hot 125992 warm 355329 cold 2626601
hot 126504 warm 371713 cold 2609705
hot 128040 warm 381953 cold 2597929
hot 78357 warm 386561 cold 2523547
hot 85013 warm 394753 cold 2508699
hot 93717 warm 412673 cold 2482075
hot 101909 warm 426497 cold 2460059
hot 107030 warm 441857 cold 2439578
hot 114710 warm 453121 cold 2420634
hot 119318 warm 463361 cold 2405786
hot 125974 warm 475137 cold 2387354
hot 131606 warm 485377 cold 2371482
hot 138774 warm 496129 cold 2353562
hot 142870 warm 512513 cold 2333082
hot 149014 warm 534017 cold 2305434
hot 157718 warm 540161 cold 2290586
hot 162839 warm 549377 cold 2276249
hot 165399 warm 564225 cold 2258841
hot 168471 warm 577025 cold 2242969
hot 173592 warm 587265 cold 2227608
hot 176153 warm 601089 cold 2211223
hot 178713 warm 609281 cold 2200471
hot 182809 warm 620033 cold 2185623
hot 187418 warm 630785 cold 2170262
hot 193050 warm 636929 cold 2158486
hot 196634 warm 647681 cold 2144150
hot 202778 warm 655361 cold 2130326
hot 206363 warm 666625 cold 2115477
hot 208411 warm 678401 cold 2101653
hot 215579 warm 679937 cold 2092949
hot 219675 warm 688129 cold 2080661
hot 521 warm 120322 cold 2985050
hot 69642 warm 128514 cold 2907737
hot 217612 warm 717825 cold 2170456
hot 236044 warm 729089 cold 2140760
hot 255501 warm 733185 cold 2117207
hot 272910 warm 735745 cold 2097238
hot 290319 warm 739841 cold 2075733
hot 311311 warm 739841 cold 2054741
hot 335887 warm 729089 cold 2040917
hot 353295 warm 725505 cold 2027093
hot 370191 warm 0 cold 2735702
hot 389647 warm 0 cold 2716246
hot 397327 warm 0 cold 2708566
hot 400911 warm 0 cold 2704982
hot 416783 warm 0 cold 2689110
hot 433167 warm 0 cold 2672726
hot 451599 warm 0 cold 2654294
hot 472079 warm 0 cold 2633814
hot 123918 warm 0 cold 2981975
hot 125967 warm 0 cold 2979926
hot 127503 warm 0 cold 2978390
hot 130063 warm 406018 cold 2569812
hot 130575 warm 408066 cold 2567252
hot 131599 warm 413698 cold 2560596
hot 135695 warm 426498 cold 2543700
hot 138255 warm 444930 cold 2522708
hot 140816 warm 458242 cold 2506835
hot 144400 warm 469506 cold 2491987
hot 146960 warm 483842 cold 2475091
hot 97298 warm 492546 cold 2396242
hot 105490 warm 502786 cold 2377810
hot 113171 warm 510978 cold 2361937
hot 121875 warm 518146 cold 2346065
hot 132115 warm 528386 cold 2325585
hot 136723 warm 538626 cold 2310737
hot 139283 warm 553474 cold 2293329
hot 147477 warm 560642 cold 2277967
hot 155157 warm 567810 cold 2263119
hot 162325 warm 573954 cold 2249807
hot 169494 warm 577538 cold 2239054
hot 177175 warm 579074 cold 2229837
hot 183319 warm 586754 cold 2216013
hot 186392 warm 598018 cold 2201676
hot 191000 warm 605186 cold 2189900
hot 197144 warm 612354 cold 2176588
hot 200216 warm 621570 cold 2164300
hot 205336 warm 627202 cold 2153548
hot 208922 warm 640002 cold 2137162
hot 209949 warm 651778 cold 2124359
hot 216093 warm 662018 cold 2107975
hot 221725 warm 665090 cold 2099271
hot 226333 warm 670722 cold 2089031
hot 230942 warm 683010 cold 2072134
hot 238110 warm 685058 cold 2062918
hot 240670 warm 692226 cold 2053190
hot 247326 warm 695298 cold 2043462
hot 70716 warm 72711 cold 130565
hot 114889 warm 159239 cold 2949190
hot 115401 warm 176135 cold 2931782
hot 300240 warm 718850 cold 2204228
hot 314576 warm 721410 cold 2187332
hot 270867 warm 724994 cold 2107460
hot 281619 warm 727554 cold 2094148
hot 288787 warm 730114 cold 2084420
hot 303636 warm 722946 cold 2076739
hot 313876 warm 722946 cold 2066499
hot 323604 warm 727042 cold 2052675
hot 329236 warm 728578 cold 2045507
hot 332820 warm 736258 cold 2034243
hot 344084 warm 734210 cold 2025027
hot 352788 warm 735234 cold 2015299
hot 355860 warm 740866 cold 2006595
hot 366612 warm 0 cold 2736709
hot 375316 warm 0 cold 2728005
hot 381972 warm 0 cold 2721349
hot 387604 warm 0 cold 2715717
hot 396820 warm 0 cold 2706501
hot 404500 warm 0 cold 2698821
hot 410644 warm 0 cold 2692677
hot 415252 warm 0 cold 2688069
hot 425492 warm 0 cold 2677829
hot 430100 warm 0 cold 2673221
hot 438804 warm 0 cold 2664517
hot 445972 warm 0 cold 2657349
hot 452116 warm 0 cold 2651205
hot 126477 warm 334855 cold 2641989
hot 128013 warm 343047 cold 2632261
hot 130573 warm 347143 cold 2625605
hot 131085 warm 352775 cold 2619461
hot 134157 warm 358919 cold 2610245
hot 134669 warm 367111 cold 2601541
hot 139277 warm 371719 cold 2592325
hot 140301 warm 381959 cold 2581061
hot 142349 warm 390151 cold 2570821
hot 143885 warm 398343 cold 2561093
hot 144909 warm 401927 cold 2556485
hot 144909 warm 411143 cold 2547269
hot 145933 warm 416775 cold 2540613
hot 146957 warm 424455 cold 2531909
hot 146957 warm 432647 cold 2523717
hot 149517 warm 441863 cold 2511941
hot 150029 warm 448007 cold 2505285
hot 154125 warm 451591 cold 2497605
hot 154637 warm 463367 cold 2485317
hot 156173 warm 469511 cold 2477637
hot 158221 warm 475143 cold 2469957
hot 158221 warm 484871 cold 2460229
hot 160269 warm 492039 cold 2451013
hot 161293 warm 500231 cold 2441797
hot 111748 warm 502279 cold 2369463
hot 120452 warm 508423 cold 2354615
hot 129668 warm 515591 cold 2338231
hot 135812 warm 524295 cold 2323383
hot 139397 warm 530951 cold 2313142
hot 144517 warm 540679 cold 2298294
hot 152709 warm 544775 cold 2286006
hot 156805 warm 555527 cold 2271158
hot 160389 warm 563207 cold 2259894
hot 164997 warm 569863 cold 2248630
hot 170117 warm 574471 cold 2238902
hot 176261 warm 576519 cold 2230710
hot 179333 warm 582151 cold 2222006
hot 181381 warm 589319 cold 2212790
hot 183429 warm 597511 cold 2202550
hot 186501 warm 603143 cold 2193846
hot 192133 warm 607239 cold 2184118
hot 195205 warm 611335 cold 2176950
hot 199814 warm 617479 cold 2166197
hot 204422 warm 621575 cold 2157493
hot 206470 warm 627207 cold 2149813
hot 209030 warm 635399 cold 2139061
hot 209544 warm 641031 cold 2132915
hot 215176 warm 642567 cold 2125747
hot 216712 warm 647687 cold 2119091
hot 219272 warm 652295 cold 2111923
hot 219784 warm 654855 cold 2108851
hot 222858 warm 659463 cold 2101169
hot 222858 warm 665607 cold 2095025
hot 223882 warm 674311 cold 2085297
hot 225418 warm 681991 cold 2076081
hot 227466 warm 684039 cold 2071985
hot 117420 warm 117250 cold 2991706
hot 118959 warm 120834 cold 2986583
hot 118959 warm 128002 cold 2979415
hot 119983 warm 133634 cold 2972759
hot 263859 warm 717319 cold 2245198
hot 268979 warm 721415 cold 2235982
hot 275123 warm 722439 cold 2228814
hot 278195 warm 730119 cold 2218062
hot 283827 warm 731655 cold 2210894
hot 292019 warm 739335 cold 2195022
hot 296627 warm 741895 cold 2187854
hot 306355 warm 744967 cold 2175054
hot 312499 warm 753159 cold 2160718
hot 266769 warm 752135 cold 2087502
hot 277009 warm 756743 cold 2072654
hot 288786 warm 761863 cold 2055757
hot 300562 warm 764423 cold 2041421
hot 304658 warm 770567 cold 2031181
hot 316946 warm 771591 cold 2017869
hot 324114 warm 774663 cold 2007629
hot 331282 warm 776199 cold 1998925
hot 338962 warm 777735 cold 1989709
hot 347666 warm 0 cold 2758740
hot 356370 warm 0 cold 2750036
hot 366098 warm 0 cold 2740308
hot 372754 warm 0 cold 2733652
hot 382482 warm 0 cold 2723924
hot 390162 warm 0 cold 2716244
hot 393234 warm 0 cold 2713172
hot 404498 warm 0 cold 2701908
hot 414226 warm 0 cold 2692180
hot 426514 warm 0 cold 2679892
hot 435218 warm 0 cold 2671188
hot 444434 warm 0 cold 2661972
hot 453650 warm 0 cold 2652756
hot 130064 warm 335362 cold 2640980
hot 131088 warm 0 cold 2975318
hot 132112 warm 0 cold 2974294
hot 132624 warm 0 cold 2973782
hot 134160 warm 0 cold 2972246
hot 135184 warm 378882 cold 2592340
hot 136208 warm 384002 cold 2586196
hot 137744 warm 388610 cold 2580052
hot 139792 warm 395778 cold 2570836
hot 140304 warm 401922 cold 2564180
hot 142864 warm 409602 cold 2553940
hot 144913 warm 411650 cold 2549843
hot 147985 warm 417282 cold 2541139
hot 151569 warm 420866 cold 2533971
hot 154129 warm 428034 cold 2524243
hot 154129 warm 434178 cold 2518099
hot 156177 warm 439810 cold 2510419
hot 158225 warm 452098 cold 2496083
hot 158225 warm 464898 cold 2483283
hot 159761 warm 471554 cold 2475091
hot 160273 warm 478210 cold 2467923
hot 163857 warm 483842 cold 2458707
hot 164881 warm 493058 cold 2448467
hot 165905 warm 500738 cold 2439763
hot 167441 warm 503298 cold 2435667
