hot 5 warm 1038 cold 0
hot 7 warm 1038 cold 0
hot 7 warm 1038 cold 0
hot 7 warm 1038 cold 0
hot 7 warm 1038 cold 0
hot 7 warm 1038 cold 0
hot 7 warm 1038 cold 0
hot 7 warm 1038 cold 0
hot 7 warm 1038 cold 0
hot 7 warm 1038 cold 0
hot 7 warm 1038 cold 0
hot 7 warm 1038 cold 0
hot 7 warm 1038 cold 0
hot 7 warm 1038 cold 0
hot 7 warm 1038 cold 0
hot 7 warm 1038 cold 0
hot 7 warm 1038 cold 0
hot 7 warm 1038 cold 0
hot 7 warm 1038 cold 0
hot 7 warm 1038 cold 0
hot 7 warm 1038 cold 0
hot 7 warm 1038 cold 0
hot 7 warm 1038 cold 0
hot 7 warm 1038 cold 0
hot 7 warm 1038 cold 0
hot 7 warm 1038 cold 0
hot 7 warm 1038 cold 0
hot 7 warm 1038 cold 0
hot 7 warm 1038 cold 0
hot 7 warm 1038 cold 0
hot 7 warm 1038 cold 0
hot 7 warm 1038 cold 0
hot 7 warm 1038 cold 0
hot 7 warm 1038 cold 0
hot 15367 warm 1038 cold 0
hot 15363 warm 1038 cold 0
hot 15359 warm 1038 cold 0
hot 15355 warm 1038 cold 0
hot 15351 warm 1038 cold 0
hot 15347 warm 1038 cold 0
hot 15343 warm 1038 cold 0
hot 15339 warm 1038 cold 0
hot 15335 warm 1038 cold 0
hot 15331 warm 1038 cold 0
hot 15327 warm 1038 cold 0
hot 15323 warm 1038 cold 0
hot 15319 warm 1038 cold 0
hot 15315 warm 1038 cold 0
hot 15311 warm 1038 cold 0
hot 15307 warm 1038 cold 0
hot 15303 warm 1038 cold 0
hot 15299 warm 1038 cold 0
hot 15295 warm 1038 cold 0
hot 15291 warm 1038 cold 0
hot 15287 warm 1038 cold 0
hot 15283 warm 1038 cold 0
hot 15279 warm 1038 cold 0
hot 15275 warm 1038 cold 0
hot 15271 warm 1038 cold 0
hot 15267 warm 1038 cold 0
hot 15263 warm 1038 cold 0
hot 15259 warm 1038 cold 0
hot 15255 warm 1038 cold 0
hot 15251 warm 1038 cold 0
hot 15247 warm 1038 cold 0
hot 15243 warm 1038 cold 0
hot 15239 warm 1038 cold 0
hot 15235 warm 1038 cold 0
hot 15231 warm 1038 cold 0
hot 15227 warm 1038 cold 0
hot 15223 warm 1038 cold 0
hot 15219 warm 1038 cold 0
hot 15215 warm 1038 cold 0
hot 15211 warm 1038 cold 0
hot 15207 warm 1038 cold 0
hot 133524 warm 1038 cold 0
hot 325008 warm 1038 cold 0
hot 494476 warm 1038 cold 0
hot 599432 warm 1038 cold 0
hot 719748 warm 1038 cold 0
hot 804736 warm 0 cold 1038
hot 808602 warm 0 cold 0
hot 809110 warm 0 cold 0
hot 809618 warm 0 cold 0
hot 810126 warm 0 cold 0
hot 867978 warm 0 cold 0
hot 945798 warm 0 cold 0
hot 271508 warm 0 cold 747502
hot 330896 warm 0 cold 745454
hot 383116 warm 0 cold 745454
hot 429704 warm 0 cold 743918
hot 473733 warm 0 cold 742894
hot 514689 warm 0 cold 742382
hot 556157 warm 0 cold 740334
hot 581753 warm 0 cold 739822
hot 615541 warm 0 cold 739310
hot 641137 warm 0 cold 739310
hot 670829 warm 0 cold 739310
hot 696425 warm 0 cold 738798
hot 654518 warm 0 cold 681454
hot 728757 warm 0 cold 681454
hot 759473 warm 0 cold 679918
hot 789165 warm 0 cold 677358
hot 811177 warm 0 cold 676846
hot 837285 warm 0 cold 676846
hot 862369 warm 0 cold 676334
hot 108732 warm 0 cold 3108484
hot 110776 warm 0 cold 3108484
hot 111796 warm 2444930 cold 663554
hot 112304 warm 2448002 cold 660482
hot 113838 warm 2451585 cold 656898
hot 114858 warm 2460289 cold 648194
hot 115879 warm 2464896 cold 643074
hot 117411 warm 2470016 cold 637954
hot 117919 warm 2473088 cold 634882
hot 118939 warm 2480256 cold 627714
hot 118935 warm 2483328 cold 624642
hot 119443 warm 2488960 cold 619010
hot 119951 warm 2495616 cold 611842
hot 119949 warm 2502270 cold 605186
hot 120969 warm 2508926 cold 597506
hot 120969 warm 2513018 cold 593410
hot 123013 warm 2520186 cold 584706
hot 3639 warm 2523258 cold 581634
hot 73783 warm 2525305 cold 579074
hot 80947 warm 2530937 cold 573442
hot 88112 warm 2540152 cold 564226
hot 92204 warm 2547320 cold 557058
hot 95784 warm 2551928 cold 552450
hot 101412 warm 2560120 cold 544258
hot 104480 warm 2567288 cold 536578
hot 108573 warm 2573943 cold 529410
hot 112669 warm 2575987 cold 526338
hot 113177 warm 2582131 cold 519682
hot 114711 warm 2588273 cold 513538
hot 119827 warm 2594417 cold 506370
hot 122383 warm 2601585 cold 498178
hot 123915 warm 2607729 cold 491010
hot 127496 warm 2609776 cold 485890
hot 128005 warm 2616943 cold 478210
hot 131585 warm 2622063 cold 471554
hot 133119 warm 2625133 cold 467970
hot 135166 warm 2630250 cold 461314
hot 137722 warm 2632810 cold 456194
hot 140278 warm 2634858 cold 452610
hot 142322 warm 2636394 cold 449026
hot 143342 warm 2640490 cold 443906
hot 64048 warm 26672 cold 3081818
hot 68652 warm 31280 cold 3077210
hot 112216 warm 2657368 cold 415746
hot 120916 warm 2660440 cold 408066
hot 130640 warm 2661976 cold 400898
hot 137292 warm 2671704 cold 389634
hot 144457 warm 2679895 cold 377858
hot 153672 warm 2676820 cold 375810
hot 160837 warm 2679892 cold 367106
hot 170053 warm 2681940 cold 359426
hot 176197 warm 2685524 cold 351234
hot 180805 warm 0 cold 3032150
hot 192069 warm 0 cold 3022934
hot 198213 warm 0 cold 3018326
hot 207429 warm 0 cold 3011158
hot 216133 warm 0 cold 3004502
hot 222789 warm 0 cold 2998870
hot 232005 warm 0 cold 2992214
hot 240197 warm 0 cold 2984534
hot 251462 warm 0 cold 2973269
hot 258119 warm 2663506 cold 303106
hot 265287 warm 0 cold 2960468
hot 270407 warm 0 cold 2955348
hot 282695 warm 0 cold 2943060
hot 239154 warm 0 cold 2935377
hot 259120 warm 0 cold 2924623
hot 276525 warm 2628684 cold 286210
hot 291881 warm 2624588 cold 281602
hot 305701 warm 2617420 cold 279554
hot 317473 warm 0 cold 2888782
hot 334877 warm 0 cold 2874958
hot 347161 warm 0 cold 2863694
hot 358421 warm 0 cold 2853454
hot 372242 warm 2577483 cold 263170
hot 385039 warm 0 cold 2828876
hot 400907 warm 0 cold 2814540
hot 413191 warm 0 cold 2803276
hot 424451 warm 0 cold 2792524
hot 438783 warm 0 cold 2779724
hot 451579 warm 0 cold 2768460
hot 467447 warm 0 cold 2754124
hot 480243 warm 0 cold 2741324
hot 493039 warm 0 cold 2729548
hot 508907 warm 0 cold 2714188
hot 521191 warm 0 cold 2702924
hot 533476 warm 0 cold 2690635
hot 545248 warm 2458185 cold 220674
hot 500750 warm 0 cold 2670153
hot 518154 warm 0 cold 2657865
hot 537606 warm 2434631 cold 210946
hot 565251 warm 2419270 cold 208386
hot 585727 warm 0 cold 2613320
hot 96421 warm 0 cold 3106934
hot 100001 warm 0 cold 3106934
hot 690891 warm 2342470 cold 176642
hot 717511 warm 0 cold 2495048
hot 740547 warm 0 cold 2473544
hot 769217 warm 0 cold 2447942
hot 796350 warm 0 cold 2420805
hot 822458 warm 0 cold 2395717
hot 849098 warm 0 cold 2371121
hot 873158 warm 0 cold 2348593
hot 896194 warm 0 cold 2326065
hot 922302 warm 0 cold 2299953
hot 946362 warm 0 cold 2276401
hot 968374 warm 0 cold 2255409
hot 986802 warm 0 cold 2236977
hot 125058 warm 881197 cold 2217520
hot 126590 warm 903725 cold 2194480
hot 126586 warm 925741 cold 2172464
hot 129143 warm 942637 cold 2153519
hot 76293 warm 952365 cold 2142763
hot 83969 warm 966189 cold 2127915
hot 98302 warm 977965 cold 2112554
hot 107515 warm 990253 cold 2097193
hot 114679 warm 1005613 cold 2079785
hot 120307 warm 1014317 cold 2068521
hot 129541 warm 1027115 cold 2051605
hot 136193 warm 1032747 cold 2041877
hot 142845 warm 1039915 cold 2032149
hot 147961 warm 1044523 cold 2024469
hot 155637 warm 1049131 cold 2013717
hot 161777 warm 1053739 cold 2003989
hot 169453 warm 1055787 cold 1995797
hot 173566 warm 1063464 cold 1984515
hot 180219 warm 1063976 cold 1978370
hot 185847 warm 1065000 cold 1973250
hot 190452 warm 1072168 cold 1961985
hot 197104 warm 1079336 cold 1949185
hot 202733 warm 1080872 cold 1942016
hot 208873 warm 1080872 cold 1935872
hot 216549 warm 1080872 cold 1928704
hot 221665 warm 1083944 cold 1920512
hot 227293 warm 1090600 cold 1908736
hot 112184 warm 1092648 cold 1903616
hot 188471 warm 1088552 cold 1901568
hot 201267 warm 1087528 cold 1896960
hot 217648 warm 1081384 cold 1892863
hot 225836 warm 1079336 cold 1889791
hot 235048 warm 1080872 cold 1881599
hot 246308 warm 1081896 cold 1874431
hot 259616 warm 1072168 cold 1872383
hot 268828 warm 1063976 cold 1872383
hot 60422 warm 13824 cold 17408
hot 100593 warm 206360 cold 2901542
hot 102637 warm 225304 cold 2882598
hot 348417 warm 1028136 cold 1837054
hot 376061 warm 0 cold 2839590
hot 398074 warm 998952 cold 1821181
hot 415991 warm 0 cold 2802212
hot 440051 warm 0 cold 2779684
hot 465647 warm 0 cold 2755620
hot 487147 warm 0 cold 2735652
hot 509673 warm 919591 cold 1794043
hot 527589 warm 0 cold 2696738
hot 554721 warm 0 cold 2669602
hot 581854 warm 0 cold 2642465
hot 605917 warm 0 cold 2618398
hot 565280 warm 0 cold 2606109
hot 592412 warm 840231 cold 1744374
hot 628248 warm 821287 cold 1738230
hot 649236 warm 0 cold 2542621
hot 672784 warm 0 cold 2525725
hot 694797 warm 791079 cold 1717237
hot 717321 warm 0 cold 2488348
hot 741893 warm 0 cold 2468380
hot 766465 warm 0 cold 2446876
hot 786941 warm 0 cold 2427420
hot 809977 warm 0 cold 2408476
hot 834037 warm 0 cold 2384412
hot 849905 warm 0 cold 2369564
hot 860142 warm 0 cold 2360347
hot 883690 warm 0 cold 2337819
hot 899558 warm 0 cold 2322459
hot 924130 warm 0 cold 2298907
hot 943070 warm 0 cold 2280475
hot 960474 warm 0 cold 2263579
hot 975830 warm 0 cold 2248219
hot 993236 warm 0 cold 2230809
hot 149946 warm 858136 cold 2216472
hot 153549 warm 870424 cold 2200583
hot 155597 warm 882200 cold 2186759
hot 107516 warm 883736 cold 2182151
hot 116729 warm 896024 cold 2167814
hot 126453 warm 910872 cold 2150406
hot 130545 warm 923672 cold 2137094
hot 140782 warm 929304 cold 2126341
hot 146922 warm 939032 cold 2113541
hot 152039 warm 948760 cold 2101252
hot 158692 warm 959512 cold 2086915
hot 164320 warm 971800 cold 2072579
hot 167388 warm 978456 cold 2064387
hot 173016 warm 987672 cold 2053635
hot 178644 warm 990232 cold 2046467
hot 183248 warm 996376 cold 2036739
hot 186316 warm 1008664 cold 2021891
hot 192968 warm 1013784 cold 2011139
hot 113424 warm 99879 cold 3008539
hot 114444 warm 108583 cold 2999835
hot 238384 warm 1023512 cold 1961986
hot 255788 warm 1015832 cold 1952770
hot 275240 warm 0 cold 2949658
hot 295204 warm 0 cold 2930202
hot 321312 warm 0 cold 2904090
hot 341790 warm 0 cold 2884120
