pgmigrate_success 66035860
pgmigrate_success 66035862
pgmigrate_success 66035862
pgmigrate_success 66035862
pgmigrate_success 66035863
pgmigrate_success 66035863
pgmigrate_success 66035863
pgmigrate_success 66035863
pgmigrate_success 66035864
pgmigrate_success 66035864
pgmigrate_success 66035864
pgmigrate_success 66035864
pgmigrate_success 66035864
pgmigrate_success 66035864
pgmigrate_success 66035864
pgmigrate_success 66035864
pgmigrate_success 66035864
pgmigrate_success 66035864
pgmigrate_success 66035864
pgmigrate_success 66035864
pgmigrate_success 66035864
pgmigrate_success 66035864
pgmigrate_success 66035864
pgmigrate_success 66035864
pgmigrate_success 66050765
pgmigrate_success 66050765
pgmigrate_success 66050765
pgmigrate_success 66050765
pgmigrate_success 66050765
pgmigrate_success 66050765
pgmigrate_success 66050765
pgmigrate_success 66050765
pgmigrate_success 66050765
pgmigrate_success 66050765
pgmigrate_success 66050765
pgmigrate_success 66050765
pgmigrate_success 66050765
pgmigrate_success 66050765
pgmigrate_success 66050765
pgmigrate_success 66050765
pgmigrate_success 66050765
pgmigrate_success 66050765
pgmigrate_success 66050765
pgmigrate_success 66050765
pgmigrate_success 66050765
pgmigrate_success 66050765
pgmigrate_success 66050765
pgmigrate_success 66050765
pgmigrate_success 66110380
pgmigrate_success 66283455
pgmigrate_success 66688925
pgmigrate_success 66720289
pgmigrate_success 66929268
pgmigrate_success 67194554
pgmigrate_success 67365144
pgmigrate_success 67623709
pgmigrate_success 67736861
pgmigrate_success 67738397
pgmigrate_success 67739421
pgmigrate_success 67776797
pgmigrate_success 67817757
pgmigrate_success 67818269
pgmigrate_success 67819344
pgmigrate_success 67844432
pgmigrate_success 67921744
pgmigrate_success 68006736
pgmigrate_success 68007248
pgmigrate_success 68018512
pgmigrate_success 68054400
pgmigrate_success 68054912
pgmigrate_success 68054912
pgmigrate_success 68055424
pgmigrate_success 68055424
pgmigrate_success 68055424
pgmigrate_success 68094859
pgmigrate_success 68095373
pgmigrate_success 68199309
pgmigrate_success 68347801
pgmigrate_success 68348313
pgmigrate_success 68348313
pgmigrate_success 68348313
pgmigrate_success 68348313
pgmigrate_success 68415776
pgmigrate_success 68419360
pgmigrate_success 68452650
pgmigrate_success 68510513
pgmigrate_success 68548918
pgmigrate_success 68587838
pgmigrate_success 68634430
pgmigrate_success 68671806
pgmigrate_success 68677438
pgmigrate_success 68678463
pgmigrate_success 68678466
pgmigrate_success 68678466
pgmigrate_success 68678466
pgmigrate_success 68678466
pgmigrate_success 68678466
pgmigrate_success 68678466
pgmigrate_success 68678466
pgmigrate_success 68678466
pgmigrate_success 68678466
pgmigrate_success 68678466
pgmigrate_success 68678466
pgmigrate_success 68678466
pgmigrate_success 68678466
pgmigrate_success 68678466
pgmigrate_success 68678466
pgmigrate_success 68678466
pgmigrate_success 68678466
pgmigrate_success 68678466
pgmigrate_success 68678466
pgmigrate_success 68678466
pgmigrate_success 68678466
pgmigrate_success 68678466
pgmigrate_success 68678504
pgmigrate_success 68678696
pgmigrate_success 68678696
pgmigrate_success 68678696
pgmigrate_success 68678696
pgmigrate_success 68678696
pgmigrate_success 68682280
pgmigrate_success 68692521
pgmigrate_success 68711977
pgmigrate_success 68724265
pgmigrate_success 68732457
pgmigrate_success 68747306
pgmigrate_success 68767274
pgmigrate_success 68789805
pgmigrate_success 68809261
pgmigrate_success 68830765
pgmigrate_success 68877365
pgmigrate_success 68878389
pgmigrate_success 68878389
pgmigrate_success 68878389
pgmigrate_success 68881461
pgmigrate_success 68902969
pgmigrate_success 68921915
pgmigrate_success 68947524
pgmigrate_success 68950597
pgmigrate_success 68950597
pgmigrate_success 68950597
pgmigrate_success 68951110
pgmigrate_success 68951110
pgmigrate_success 68951110
pgmigrate_success 68951110
pgmigrate_success 68951110
pgmigrate_success 68951222
pgmigrate_success 68951222
pgmigrate_success 68951222
pgmigrate_success 68951222
pgmigrate_success 68951385
pgmigrate_success 68951385
pgmigrate_success 68951385
pgmigrate_success 68951385
pgmigrate_success 68951558
pgmigrate_success 68951558
pgmigrate_success 68951558
pgmigrate_success 68951558
pgmigrate_success 68951558
pgmigrate_success 68951558
pgmigrate_success 68951558
pgmigrate_success 68951558
pgmigrate_success 68951558
pgmigrate_success 68951558
pgmigrate_success 68954118
pgmigrate_success 68970502
pgmigrate_success 68999174
pgmigrate_success 69024774
pgmigrate_success 69040134
pgmigrate_success 69067270
pgmigrate_success 69104652
pgmigrate_success 69105164
pgmigrate_success 69105164
pgmigrate_success 69105164
pgmigrate_success 69106700
pgmigrate_success 69118989
pgmigrate_success 69147662
pgmigrate_success 69173266
pgmigrate_success 69202507
pgmigrate_success 69225070
pgmigrate_success 69259911
pgmigrate_success 69294728
pgmigrate_success 69322376
pgmigrate_success 69322376
pgmigrate_success 69322376
pgmigrate_success 69322888
pgmigrate_success 69322894
pgmigrate_success 69322894
pgmigrate_success 69322894
pgmigrate_success 69322894
pgmigrate_success 69322894
pgmigrate_success 69322894
pgmigrate_success 69322894
pgmigrate_success 69322894
pgmigrate_success 69322894
pgmigrate_success 69322894
pgmigrate_success 69323406
pgmigrate_success 69323406
pgmigrate_success 69323406
pgmigrate_success 69323406
pgmigrate_success 69323406
pgmigrate_success 69323406
pgmigrate_success 69323406
pgmigrate_success 69323406
pgmigrate_success 69323406
pgmigrate_success 69323406
pgmigrate_success 69323406
pgmigrate_success 69323406
pgmigrate_success 69323406
pgmigrate_success 69323406
pgmigrate_success 69349522
pgmigrate_success 69349522
pgmigrate_success 69350076
pgmigrate_success 69350076
pgmigrate_success 69350076
pgmigrate_success 69350076
pgmigrate_success 69350076
pgmigrate_success 69350076
pgmigrate_success 69350076
pgmigrate_success 69350076
pgmigrate_success 69350076
pgmigrate_success 69350076
pgmigrate_success 69350076
pgmigrate_success 69350076
pgmigrate_success 69350076
pgmigrate_success 69350076
pgmigrate_success 69350076
pgmigrate_success 69350076
pgmigrate_success 69350076
pgmigrate_success 69350076
pgmigrate_success 69350076
pgmigrate_success 69350076
pgmigrate_success 69350076
pgmigrate_success 69350076
pgmigrate_success 69350076
pgmigrate_success 69350076
pgmigrate_success 69350076
pgmigrate_success 69350076
pgmigrate_success 69352124
pgmigrate_success 69367487
pgmigrate_success 69386436
pgmigrate_success 69406407
pgmigrate_success 69428940
pgmigrate_success 69463761
pgmigrate_success 69486848
pgmigrate_success 69525296
pgmigrate_success 69560339
pgmigrate_success 69586470
pgmigrate_success 69586470
pgmigrate_success 69586470
pgmigrate_success 69586982
pgmigrate_success 69586982
pgmigrate_success 69621946
pgmigrate_success 69687526
pgmigrate_success 69687526
pgmigrate_success 69687527
pgmigrate_success 69687527
pgmigrate_success 69687527
pgmigrate_success 69688039
pgmigrate_success 69688041
pgmigrate_success 69688044
pgmigrate_success 69688044
pgmigrate_success 69688046
pgmigrate_success 69688046
pgmigrate_success 69688046
pgmigrate_success 69688046
pgmigrate_success 69688046
pgmigrate_success 69688046
pgmigrate_success 69688046
pgmigrate_success 69688046
pgmigrate_success 69688046
pgmigrate_success 69688046
pgmigrate_success 69688046
pgmigrate_success 69688046
pgmigrate_success 69688046
pgmigrate_success 69688087
pgmigrate_success 69719834
pgmigrate_success 69755162
pgmigrate_success 69755674
pgmigrate_success 69755674
pgmigrate_success 69755674
pgmigrate_success 69755674
pgmigrate_success 69755674
pgmigrate_success 69755674
pgmigrate_success 69755674
pgmigrate_success 69755674
pgmigrate_success 69755674
pgmigrate_success 69755674
pgmigrate_success 69755674
pgmigrate_success 69755674
pgmigrate_success 69755674
pgmigrate_success 69755674
pgmigrate_success 69755674
pgmigrate_success 69755674
pgmigrate_success 69755674
pgmigrate_success 69755674
pgmigrate_success 69755674
pgmigrate_success 69755674
pgmigrate_success 69755674
pgmigrate_success 69755676
pgmigrate_success 69755676
pgmigrate_success 69755704
pgmigrate_success 69755704
pgmigrate_success 69792056
pgmigrate_success 69843276
pgmigrate_success 69859160
pgmigrate_success 69875554
pgmigrate_success 69887953
pgmigrate_success 69900242
pgmigrate_success 69922772
pgmigrate_success 69926868
pgmigrate_success 69927380
pgmigrate_success 69927380
pgmigrate_success 69927380
pgmigrate_success 69927380
pgmigrate_success 69927380
pgmigrate_success 69927380
pgmigrate_success 69927380
pgmigrate_success 69927380
pgmigrate_success 69927380
pgmigrate_success 69955033
pgmigrate_success 69977051
pgmigrate_success 69977051
pgmigrate_success 69977051
pgmigrate_success 69977051
pgmigrate_success 69977051
pgmigrate_success 69977051
pgmigrate_success 69977051
pgmigrate_success 69977051
pgmigrate_success 69977051
pgmigrate_success 69977051
pgmigrate_success 69977051
pgmigrate_success 69977051
pgmigrate_success 69977051
pgmigrate_success 69977052
pgmigrate_success 69977052
pgmigrate_success 69977052
pgmigrate_success 69977052
pgmigrate_success 69977052
pgmigrate_success 69977111
pgmigrate_success 69977111
pgmigrate_success 69977111
pgmigrate_success 69977111
pgmigrate_success 69977111
pgmigrate_success 69977623
pgmigrate_success 69977623
pgmigrate_success 69977623
pgmigrate_success 69977623
pgmigrate_success 69977623
pgmigrate_success 69977623
pgmigrate_success 69977623
pgmigrate_success 69977623
pgmigrate_success 69977623
pgmigrate_success 69977623
pgmigrate_success 69977623
pgmigrate_success 69977623
pgmigrate_success 70000665
pgmigrate_success 70000665
pgmigrate_success 70000665
pgmigrate_success 70000665
pgmigrate_success 70000665
pgmigrate_success 70000665
pgmigrate_success 70000665
pgmigrate_success 70000665
pgmigrate_success 70000665
pgmigrate_success 70000665
pgmigrate_success 70001177
pgmigrate_success 70001177
pgmigrate_success 70001177
pgmigrate_success 70001177
pgmigrate_success 70001177
pgmigrate_success 70001204
pgmigrate_success 70001204
pgmigrate_success 70001204
pgmigrate_success 70006330
pgmigrate_success 70015034
pgmigrate_success 70023226
pgmigrate_success 70032954
pgmigrate_success 70042682
pgmigrate_success 70053946
pgmigrate_success 70068284
pgmigrate_success 70085712
pgmigrate_success 70099030
pgmigrate_success 70109275
pgmigrate_success 70123620
pgmigrate_success 70141033
pgmigrate_success 70156919
pgmigrate_success 70168697
pgmigrate_success 70184057
pgmigrate_success 70200955
pgmigrate_success 70215813
pgmigrate_success 70216330
pgmigrate_success 70216330
pgmigrate_success 70216330
pgmigrate_success 70216330
pgmigrate_success 70216330
pgmigrate_success 70216330
pgmigrate_success 70228119
pgmigrate_success 70267574
pgmigrate_success 70267574
pgmigrate_success 70267574
pgmigrate_success 70267574
pgmigrate_success 70267575
pgmigrate_success 70267642
pgmigrate_success 70267642
pgmigrate_success 70267642
pgmigrate_success 70267642
pgmigrate_success 70267642
pgmigrate_success 70267642
pgmigrate_success 70267642
pgmigrate_success 70267642
pgmigrate_success 70267642
pgmigrate_success 70267642
pgmigrate_success 70267642
pgmigrate_success 70267642
pgmigrate_success 70267643
pgmigrate_success 70267643
pgmigrate_success 70267643
pgmigrate_success 70267643
pgmigrate_success 70267643
pgmigrate_success 70267643
pgmigrate_success 70267643
pgmigrate_success 70267643
pgmigrate_success 70267643
pgmigrate_success 70267643
