pgmigrate_success 34307355
pgmigrate_success 34307357
pgmigrate_success 34307357
pgmigrate_success 34307357
pgmigrate_success 34307357
pgmigrate_success 34307358
pgmigrate_success 34307359
pgmigrate_success 34307359
pgmigrate_success 34307359
pgmigrate_success 34307359
pgmigrate_success 34307359
pgmigrate_success 34307359
pgmigrate_success 34307359
pgmigrate_success 34307359
pgmigrate_success 34307359
pgmigrate_success 34307359
pgmigrate_success 34307359
pgmigrate_success 34307359
pgmigrate_success 34307359
pgmigrate_success 34307359
pgmigrate_success 34307359
pgmigrate_success 34307359
pgmigrate_success 34307359
pgmigrate_success 34321751
pgmigrate_success 34321751
pgmigrate_success 34321751
pgmigrate_success 34321751
pgmigrate_success 34321751
pgmigrate_success 34321751
pgmigrate_success 34321751
pgmigrate_success 34321751
pgmigrate_success 34321751
pgmigrate_success 34321751
pgmigrate_success 34321751
pgmigrate_success 34321751
pgmigrate_success 34321751
pgmigrate_success 34321751
pgmigrate_success 34321751
pgmigrate_success 34321751
pgmigrate_success 34321751
pgmigrate_success 34321751
pgmigrate_success 34321751
pgmigrate_success 34321751
pgmigrate_success 34321751
pgmigrate_success 34321751
pgmigrate_success 34321751
pgmigrate_success 34321751
pgmigrate_success 34440890
pgmigrate_success 34794177
pgmigrate_success 34928443
pgmigrate_success 34928507
pgmigrate_success 34928507
pgmigrate_success 34930415
pgmigrate_success 34930415
pgmigrate_success 35080667
pgmigrate_success 35493377
pgmigrate_success 35707446
pgmigrate_success 35925056
pgmigrate_success 36052145
pgmigrate_success 36118707
pgmigrate_success 36205232
pgmigrate_success 36226736
pgmigrate_success 36226736
pgmigrate_success 36264628
pgmigrate_success 36348598
pgmigrate_success 36432069
pgmigrate_success 36480717
pgmigrate_success 36532433
pgmigrate_success 36579544
pgmigrate_success 36580057
pgmigrate_success 36580057
pgmigrate_success 36580057
pgmigrate_success 36580057
pgmigrate_success 36580057
pgmigrate_success 36580057
pgmigrate_success 36580057
pgmigrate_success 36580057
pgmigrate_success 36580057
pgmigrate_success 36581593
pgmigrate_success 36609754
pgmigrate_success 36635339
pgmigrate_success 36725993
pgmigrate_success 36748022
pgmigrate_success 36762358
pgmigrate_success 36762870
pgmigrate_success 36762870
pgmigrate_success 36762870
pgmigrate_success 36762870
pgmigrate_success 36762870
pgmigrate_success 36762870
pgmigrate_success 36762872
pgmigrate_success 36762872
pgmigrate_success 36762872
pgmigrate_success 36762872
pgmigrate_success 36762872
pgmigrate_success 36762872
pgmigrate_success 36763141
pgmigrate_success 36763141
pgmigrate_success 36763141
pgmigrate_success 36763141
pgmigrate_success 36763141
pgmigrate_success 36763141
pgmigrate_success 36763142
pgmigrate_success 36763142
pgmigrate_success 36763142
pgmigrate_success 36763142
pgmigrate_success 36763142
pgmigrate_success 36763142
pgmigrate_success 36763142
pgmigrate_success 36763142
pgmigrate_success 36763142
pgmigrate_success 36763142
pgmigrate_success 36763312
pgmigrate_success 36768434
pgmigrate_success 36776584
pgmigrate_success 36790922
pgmigrate_success 36805770
pgmigrate_success 36809866
pgmigrate_success 36822154
pgmigrate_success 36839050
pgmigrate_success 36854410
pgmigrate_success 36860043
pgmigrate_success 36871307
pgmigrate_success 36888715
pgmigrate_success 36909195
pgmigrate_success 36931723
pgmigrate_success 36964494
pgmigrate_success 36993678
pgmigrate_success 37054095
pgmigrate_success 37054095
pgmigrate_success 37054095
pgmigrate_success 37059215
pgmigrate_success 37077135
pgmigrate_success 37107344
pgmigrate_success 37130384
pgmigrate_success 37153944
pgmigrate_success 37154456
pgmigrate_success 37154969
pgmigrate_success 37156000
pgmigrate_success 37156000
pgmigrate_success 37156000
pgmigrate_success 37156000
pgmigrate_success 37156000
pgmigrate_success 37156000
pgmigrate_success 37156888
pgmigrate_success 37156888
pgmigrate_success 37156888
pgmigrate_success 37156888
pgmigrate_success 37157381
pgmigrate_success 37157385
pgmigrate_success 37157385
pgmigrate_success 37157385
pgmigrate_success 37157385
pgmigrate_success 37157721
pgmigrate_success 37157721
pgmigrate_success 37157721
pgmigrate_success 37157721
pgmigrate_success 37157721
pgmigrate_success 37157721
pgmigrate_success 37157721
pgmigrate_success 37158233
pgmigrate_success 37158233
pgmigrate_success 37158233
pgmigrate_success 37158233
pgmigrate_success 37158233
pgmigrate_success 37158242
pgmigrate_success 37194091
pgmigrate_success 37194091
pgmigrate_success 37194091
pgmigrate_success 37194091
pgmigrate_success 37194091
pgmigrate_success 37194091
pgmigrate_success 37200235
pgmigrate_success 37234059
pgmigrate_success 37257628
pgmigrate_success 37304734
pgmigrate_success 37335614
pgmigrate_success 37368382
pgmigrate_success 37409854
pgmigrate_success 37445694
pgmigrate_success 37449284
pgmigrate_success 37449284
pgmigrate_success 37449284
pgmigrate_success 37451096
pgmigrate_success 37451096
pgmigrate_success 37451096
pgmigrate_success 37451096
pgmigrate_success 37451096
pgmigrate_success 37451096
pgmigrate_success 37451096
pgmigrate_success 37451096
pgmigrate_success 37451096
pgmigrate_success 37451096
pgmigrate_success 37451096
pgmigrate_success 37451096
pgmigrate_success 37451096
pgmigrate_success 37451096
pgmigrate_success 37498718
pgmigrate_success 37499230
pgmigrate_success 37499230
pgmigrate_success 37499230
pgmigrate_success 37499230
pgmigrate_success 37499230
pgmigrate_success 37499230
pgmigrate_success 37499230
pgmigrate_success 37499230
pgmigrate_success 37499230
pgmigrate_success 37499230
pgmigrate_success 37499265
pgmigrate_success 37499265
pgmigrate_success 37499265
pgmigrate_success 37499265
pgmigrate_success 37499265
pgmigrate_success 37499265
pgmigrate_success 37499265
pgmigrate_success 37499265
pgmigrate_success 37499265
pgmigrate_success 37499265
pgmigrate_success 37499265
pgmigrate_success 37499271
pgmigrate_success 37499271
pgmigrate_success 37499271
pgmigrate_success 37499271
pgmigrate_success 37499271
pgmigrate_success 37499271
pgmigrate_success 37499271
pgmigrate_success 37499271
pgmigrate_success 37499271
pgmigrate_success 37499271
pgmigrate_success 37499271
pgmigrate_success 37499271
pgmigrate_success 37499271
pgmigrate_success 37499271
pgmigrate_success 37499271
pgmigrate_success 37499271
pgmigrate_success 37499271
pgmigrate_success 37499271
pgmigrate_success 37499271
pgmigrate_success 37499271
pgmigrate_success 37499271
pgmigrate_success 37499370
pgmigrate_success 37499370
pgmigrate_success 37499370
pgmigrate_success 37499370
pgmigrate_success 37499370
pgmigrate_success 37532138
pgmigrate_success 37571597
pgmigrate_success 37571597
pgmigrate_success 37571597
pgmigrate_success 37571597
pgmigrate_success 37576205
pgmigrate_success 37606934
pgmigrate_success 37635612
pgmigrate_success 37655588
pgmigrate_success 37668388
pgmigrate_success 37695526
pgmigrate_success 37719078
pgmigrate_success 37722662
pgmigrate_success 37722662
pgmigrate_success 37722662
pgmigrate_success 37722662
pgmigrate_success 37722662
pgmigrate_success 37722662
pgmigrate_success 37722662
pgmigrate_success 37722662
pgmigrate_success 37722662
pgmigrate_success 37722662
pgmigrate_success 37722662
pgmigrate_success 37722662
pgmigrate_success 37722673
pgmigrate_success 37722675
pgmigrate_success 37722734
pgmigrate_success 37722734
pgmigrate_success 37722776
pgmigrate_success 37723753
pgmigrate_success 37723753
pgmigrate_success 37723753
pgmigrate_success 37723753
pgmigrate_success 37723753
pgmigrate_success 37723753
pgmigrate_success 37723753
pgmigrate_success 37723753
pgmigrate_success 37723753
pgmigrate_success 37723753
pgmigrate_success 37723753
pgmigrate_success 37723753
pgmigrate_success 37723753
pgmigrate_success 37723753
pgmigrate_success 37723757
pgmigrate_success 37723757
pgmigrate_success 37723757
pgmigrate_success 37723757
pgmigrate_success 37723757
pgmigrate_success 37723757
pgmigrate_success 37723757
pgmigrate_success 37731532
pgmigrate_success 37731532
pgmigrate_success 37731532
pgmigrate_success 37731532
pgmigrate_success 37731532
pgmigrate_success 37731532
pgmigrate_success 37731532
pgmigrate_success 37731532
pgmigrate_success 37731561
pgmigrate_success 37731561
pgmigrate_success 37731561
pgmigrate_success 37731561
pgmigrate_success 37731561
pgmigrate_success 37731561
pgmigrate_success 37731561
pgmigrate_success 37731561
pgmigrate_success 37731561
pgmigrate_success 37731561
pgmigrate_success 37731561
pgmigrate_success 37731561
pgmigrate_success 37731561
pgmigrate_success 37731561
pgmigrate_success 37731561
pgmigrate_success 37731561
pgmigrate_success 37731561
pgmigrate_success 37731562
pgmigrate_success 37731562
pgmigrate_success 37731581
pgmigrate_success 37731581
pgmigrate_success 37731581
pgmigrate_success 37731581
pgmigrate_success 37731581
pgmigrate_success 37731581
pgmigrate_success 37731581
pgmigrate_success 37731581
pgmigrate_success 37731581
pgmigrate_success 37731581
pgmigrate_success 37731581
pgmigrate_success 37731581
pgmigrate_success 37731581
pgmigrate_success 37731631
pgmigrate_success 37731631
pgmigrate_success 37731631
pgmigrate_success 37764915
pgmigrate_success 37788999
pgmigrate_success 37810012
pgmigrate_success 37848957
pgmigrate_success 37885412
pgmigrate_success 37946853
pgmigrate_success 37946853
pgmigrate_success 37946853
pgmigrate_success 37946853
pgmigrate_success 37969894
pgmigrate_success 37985254
pgmigrate_success 37985260
pgmigrate_success 37985260
pgmigrate_success 37985260
pgmigrate_success 37985260
pgmigrate_success 37985260
pgmigrate_success 37985260
pgmigrate_success 37985607
pgmigrate_success 37985607
pgmigrate_success 37985607
pgmigrate_success 37985607
pgmigrate_success 37985607
pgmigrate_success 37985607
pgmigrate_success 37985607
pgmigrate_success 37985607
pgmigrate_success 37985607
pgmigrate_success 37986000
pgmigrate_success 37986000
pgmigrate_success 37986000
pgmigrate_success 37986337
pgmigrate_success 37986337
pgmigrate_success 37986337
pgmigrate_success 37986337
pgmigrate_success 37986337
pgmigrate_success 37986337
pgmigrate_success 37986337
pgmigrate_success 37986337
pgmigrate_success 37986337
pgmigrate_success 37986337
pgmigrate_success 37986337
pgmigrate_success 37986337
pgmigrate_success 37986465
pgmigrate_success 37986465
pgmigrate_success 37986465
pgmigrate_success 37986466
pgmigrate_success 37986466
pgmigrate_success 37986466
pgmigrate_success 37986466
pgmigrate_success 37986466
pgmigrate_success 38000291
pgmigrate_success 38000291
pgmigrate_success 38000291
pgmigrate_success 38000291
pgmigrate_success 38000291
pgmigrate_success 38000291
pgmigrate_success 38000291
pgmigrate_success 38000291
pgmigrate_success 38000291
pgmigrate_success 38000291
pgmigrate_success 38000291
pgmigrate_success 38000291
pgmigrate_success 38000352
pgmigrate_success 38000352
pgmigrate_success 38000352
pgmigrate_success 38000368
pgmigrate_success 38000368
pgmigrate_success 38000368
pgmigrate_success 38000368
pgmigrate_success 38000368
pgmigrate_success 38000368
pgmigrate_success 38000368
pgmigrate_success 38000368
pgmigrate_success 38000368
pgmigrate_success 38000368
pgmigrate_success 38000368
pgmigrate_success 38000368
pgmigrate_success 38000368
pgmigrate_success 38000368
pgmigrate_success 38000368
pgmigrate_success 38000368
pgmigrate_success 38000368
pgmigrate_success 38000368
pgmigrate_success 38000368
pgmigrate_success 38000368
pgmigrate_success 38000368
pgmigrate_success 38000368
pgmigrate_success 38000368
pgmigrate_success 38000368
pgmigrate_success 38087426
pgmigrate_success 38116099
pgmigrate_success 38142737
pgmigrate_success 38158632
pgmigrate_success 38158638
pgmigrate_success 38158801
pgmigrate_success 38159313
pgmigrate_success 38183381
pgmigrate_success 38194645
pgmigrate_success 38195157
pgmigrate_success 38195157
pgmigrate_success 38195157
pgmigrate_success 38195157
pgmigrate_success 38195157
pgmigrate_success 38195157
pgmigrate_success 38195157
pgmigrate_success 38195157
pgmigrate_success 38195157
pgmigrate_success 38195157
pgmigrate_success 38195157
pgmigrate_success 38195157
pgmigrate_success 38195161
pgmigrate_success 38195161
pgmigrate_success 38195161
pgmigrate_success 38195161
pgmigrate_success 38195161
pgmigrate_success 38195163
pgmigrate_success 38195163
pgmigrate_success 38195163
pgmigrate_success 38195163
pgmigrate_success 38195163
pgmigrate_success 38195163
pgmigrate_success 38195163
pgmigrate_success 38195163
pgmigrate_success 38195163
pgmigrate_success 38195163
pgmigrate_success 38195214
pgmigrate_success 38195214
pgmigrate_success 38195214
pgmigrate_success 38195214
pgmigrate_success 38195214
pgmigrate_success 38195214
pgmigrate_success 38195214
pgmigrate_success 38195214
pgmigrate_success 38195214
pgmigrate_success 38195214
pgmigrate_success 38195214
pgmigrate_success 38195214
