pgmigrate_success 81667100
pgmigrate_success 81667109
pgmigrate_success 81667111
pgmigrate_success 81667112
pgmigrate_success 81667113
pgmigrate_success 81667114
pgmigrate_success 81667115
pgmigrate_success 81667116
pgmigrate_success 81667117
pgmigrate_success 81667118
pgmigrate_success 81667119
pgmigrate_success 81667120
pgmigrate_success 81667121
pgmigrate_success 81667122
pgmigrate_success 81667123
pgmigrate_success 81667124
pgmigrate_success 81667125
pgmigrate_success 81667126
pgmigrate_success 81667127
pgmigrate_success 81667128
pgmigrate_success 81667129
pgmigrate_success 81667130
pgmigrate_success 81667131
pgmigrate_success 81667132
pgmigrate_success 81667133
pgmigrate_success 81667134
pgmigrate_success 81667135
pgmigrate_success 81667136
pgmigrate_success 81667137
pgmigrate_success 81667138
pgmigrate_success 81667139
pgmigrate_success 81667140
pgmigrate_success 81682507
pgmigrate_success 81682508
pgmigrate_success 81682509
pgmigrate_success 81682510
pgmigrate_success 81682511
pgmigrate_success 81682512
pgmigrate_success 81682513
pgmigrate_success 81682514
pgmigrate_success 81682515
pgmigrate_success 81682516
pgmigrate_success 81682517
pgmigrate_success 81682518
pgmigrate_success 81682519
pgmigrate_success 81682520
pgmigrate_success 81682521
pgmigrate_success 81682522
pgmigrate_success 81682523
pgmigrate_success 81682524
pgmigrate_success 81682525
pgmigrate_success 81682526
pgmigrate_success 81682527
pgmigrate_success 81682528
pgmigrate_success 81682529
pgmigrate_success 81682530
pgmigrate_success 81682531
pgmigrate_success 81682532
pgmigrate_success 81682533
pgmigrate_success 81682534
pgmigrate_success 81682535
pgmigrate_success 81682536
pgmigrate_success 81682537
pgmigrate_success 81682538
pgmigrate_success 81747575
pgmigrate_success 81901758
pgmigrate_success 82023632
pgmigrate_success 82233059
pgmigrate_success 82379493
pgmigrate_success 82451175
pgmigrate_success 82501865
pgmigrate_success 82591979
pgmigrate_success 82717421
pgmigrate_success 82751215
pgmigrate_success 82840306
pgmigrate_success 82884852
pgmigrate_success 82919671
pgmigrate_success 82919672
pgmigrate_success 82962683
pgmigrate_success 82962684
pgmigrate_success 82962686
pgmigrate_success 82962687
pgmigrate_success 82962692
pgmigrate_success 82962694
pgmigrate_success 82962696
pgmigrate_success 82962697
pgmigrate_success 82962698
pgmigrate_success 82962699
pgmigrate_success 83027228
pgmigrate_success 83041124
pgmigrate_success 83048311
pgmigrate_success 83052921
pgmigrate_success 83054971
pgmigrate_success 83058557
pgmigrate_success 83061131
pgmigrate_success 83062168
pgmigrate_success 83063704
pgmigrate_success 83066612
pgmigrate_success 83068150
pgmigrate_success 83069176
pgmigrate_success 83070202
pgmigrate_success 83070716
pgmigrate_success 83072254
pgmigrate_success 83072768
pgmigrate_success 83073794
pgmigrate_success 83075844
pgmigrate_success 83075845
pgmigrate_success 83076871
pgmigrate_success 83077897
pgmigrate_success 83077898
pgmigrate_success 83080466
pgmigrate_success 83115285
pgmigrate_success 83149141
pgmigrate_success 83156335
pgmigrate_success 83164027
pgmigrate_success 83171209
pgmigrate_success 83174808
pgmigrate_success 83179422
pgmigrate_success 83181475
pgmigrate_success 83185067
pgmigrate_success 83189169
pgmigrate_success 83189685
pgmigrate_success 83199744
pgmigrate_success 83199744
pgmigrate_success 83199744
pgmigrate_success 83199744
pgmigrate_success 83199744
pgmigrate_success 83199744
pgmigrate_success 83199744
pgmigrate_success 83199744
pgmigrate_success 83199744
pgmigrate_success 83199744
pgmigrate_success 83199744
pgmigrate_success 83199744
pgmigrate_success 83199744
pgmigrate_success 83300654
pgmigrate_success 83300654
pgmigrate_success 83300654
pgmigrate_success 83300654
pgmigrate_success 83300654
pgmigrate_success 83300654
pgmigrate_success 83300654
pgmigrate_success 83300833
pgmigrate_success 83300834
pgmigrate_success 83300834
pgmigrate_success 83300834
pgmigrate_success 83300834
pgmigrate_success 83300834
pgmigrate_success 83300835
pgmigrate_success 83300835
pgmigrate_success 83300835
pgmigrate_success 83300835
pgmigrate_success 83300835
pgmigrate_success 83300835
pgmigrate_success 83300836
pgmigrate_success 83300836
pgmigrate_success 83300836
pgmigrate_success 83300836
pgmigrate_success 83300836
pgmigrate_success 83300836
pgmigrate_success 83300836
pgmigrate_success 83307493
pgmigrate_success 83320819
pgmigrate_success 83339765
pgmigrate_success 83383797
pgmigrate_success 83383797
pgmigrate_success 83383797
pgmigrate_success 83383797
pgmigrate_success 83383797
pgmigrate_success 83385845
pgmigrate_success 83395061
pgmigrate_success 83408885
pgmigrate_success 83424772
pgmigrate_success 83440143
pgmigrate_success 83453514
pgmigrate_success 83458126
pgmigrate_success 83481026
pgmigrate_success 83488706
pgmigrate_success 83494850
pgmigrate_success 83515844
pgmigrate_success 83533399
pgmigrate_success 83546200
pgmigrate_success 83567193
pgmigrate_success 83568729
pgmigrate_success 83573337
pgmigrate_success 83578457
pgmigrate_success 83597949
pgmigrate_success 83611773
pgmigrate_success 83630243
pgmigrate_success 83640996
pgmigrate_success 83651878
pgmigrate_success 83668776
pgmigrate_success 83687721
pgmigrate_success 83705129
pgmigrate_success 83722025
pgmigrate_success 83810115
pgmigrate_success 83810115
pgmigrate_success 83810115
pgmigrate_success 83810115
pgmigrate_success 83810115
pgmigrate_success 83810115
pgmigrate_success 83810115
pgmigrate_success 83810115
pgmigrate_success 83810115
pgmigrate_success 83810115
pgmigrate_success 83818368
pgmigrate_success 83828620
pgmigrate_success 83836828
pgmigrate_success 83841437
pgmigrate_success 83845533
pgmigrate_success 83853726
pgmigrate_success 83863966
pgmigrate_success 83870110
pgmigrate_success 83885988
pgmigrate_success 83899307
pgmigrate_success 83909036
pgmigrate_success 83913132
pgmigrate_success 83918764
pgmigrate_success 83924909
pgmigrate_success 83936690
pgmigrate_success 83937715
pgmigrate_success 83937715
pgmigrate_success 83937715
pgmigrate_success 83937715
pgmigrate_success 83937715
pgmigrate_success 83937803
pgmigrate_success 83949640
pgmigrate_success 84115786
pgmigrate_success 84209265
pgmigrate_success 84235587
pgmigrate_success 84239139
pgmigrate_success 84245499
pgmigrate_success 84309079
pgmigrate_success 84327513
pgmigrate_success 84327513
pgmigrate_success 84327513
pgmigrate_success 84327513
pgmigrate_success 84376330
pgmigrate_success 84490518
pgmigrate_success 84506654
pgmigrate_success 84528311
pgmigrate_success 84534755
pgmigrate_success 84547803
pgmigrate_success 84560252
pgmigrate_success 84565619
pgmigrate_success 84585142
pgmigrate_success 84597964
pgmigrate_success 84618951
pgmigrate_success 84629855
pgmigrate_success 84641789
pgmigrate_success 84654275
pgmigrate_success 84661638
pgmigrate_success 84667150
pgmigrate_success 84672519
pgmigrate_success 84675406
pgmigrate_success 84685856
pgmigrate_success 84690640
pgmigrate_success 84700681
pgmigrate_success 84781613
pgmigrate_success 84791528
pgmigrate_success 84799413
pgmigrate_success 84806688
pgmigrate_success 84806702
pgmigrate_success 84806712
pgmigrate_success 84807224
pgmigrate_success 84810936
pgmigrate_success 84824817
pgmigrate_success 84834093
pgmigrate_success 84843256
pgmigrate_success 84852129
pgmigrate_success 84855956
pgmigrate_success 84861246
pgmigrate_success 84870731
pgmigrate_success 84872399
pgmigrate_success 84883080
pgmigrate_success 84886852
pgmigrate_success 84886905
pgmigrate_success 84886950
pgmigrate_success 84887490
pgmigrate_success 84923924
pgmigrate_success 84953043
pgmigrate_success 85022351
pgmigrate_success 85029696
pgmigrate_success 85035922
pgmigrate_success 85043250
pgmigrate_success 85047344
pgmigrate_success 85055190
pgmigrate_success 85057442
pgmigrate_success 85061749
pgmigrate_success 85064498
pgmigrate_success 85069309
pgmigrate_success 85071538
pgmigrate_success 85072795
pgmigrate_success 85073952
pgmigrate_success 85076127
pgmigrate_success 85076765
pgmigrate_success 85076939
pgmigrate_success 85077027
pgmigrate_success 85077571
pgmigrate_success 85077709
pgmigrate_success 85077761
pgmigrate_success 85077992
pgmigrate_success 85080662
pgmigrate_success 85080773
pgmigrate_success 85082071
pgmigrate_success 85090538
pgmigrate_success 85169764
pgmigrate_success 85183319
pgmigrate_success 85190685
pgmigrate_success 85194909
pgmigrate_success 85194988
pgmigrate_success 85195019
pgmigrate_success 85197086
pgmigrate_success 85206407
pgmigrate_success 85218983
pgmigrate_success 85228011
pgmigrate_success 85233372
pgmigrate_success 85254377
pgmigrate_success 85262141
pgmigrate_success 85266603
pgmigrate_success 85270047
pgmigrate_success 85273901
pgmigrate_success 85277248
pgmigrate_success 85279051
pgmigrate_success 85281938
pgmigrate_success 85285830
pgmigrate_success 85288563
pgmigrate_success 85290975
pgmigrate_success 85295866
