pgmigrate_success 195750177
pgmigrate_success 195750185
pgmigrate_success 195750187
pgmigrate_success 195750188
pgmigrate_success 195750189
pgmigrate_success 195750190
pgmigrate_success 195750191
pgmigrate_success 195750192
pgmigrate_success 195750193
pgmigrate_success 195750194
pgmigrate_success 195750195
pgmigrate_success 195750196
pgmigrate_success 195750197
pgmigrate_success 195750198
pgmigrate_success 195750199
pgmigrate_success 195750200
pgmigrate_success 195750201
pgmigrate_success 195750202
pgmigrate_success 195750203
pgmigrate_success 195750204
pgmigrate_success 195750205
pgmigrate_success 195750206
pgmigrate_success 195750207
pgmigrate_success 195750208
pgmigrate_success 195750209
pgmigrate_success 195750210
pgmigrate_success 195750211
pgmigrate_success 195750212
pgmigrate_success 195750213
pgmigrate_success 195750214
pgmigrate_success 195750215
pgmigrate_success 195750216
pgmigrate_success 195765584
pgmigrate_success 195765585
pgmigrate_success 195765586
pgmigrate_success 195765587
pgmigrate_success 195765588
pgmigrate_success 195765589
pgmigrate_success 195765590
pgmigrate_success 195765591
pgmigrate_success 195765592
pgmigrate_success 195765593
pgmigrate_success 195765594
pgmigrate_success 195765595
pgmigrate_success 195765596
pgmigrate_success 195765597
pgmigrate_success 195765598
pgmigrate_success 195765599
pgmigrate_success 195765600
pgmigrate_success 195765601
pgmigrate_success 195765602
pgmigrate_success 195765603
pgmigrate_success 195765604
pgmigrate_success 195765605
pgmigrate_success 195765606
pgmigrate_success 195765607
pgmigrate_success 195765608
pgmigrate_success 195765609
pgmigrate_success 195765610
pgmigrate_success 195765611
pgmigrate_success 195765611
pgmigrate_success 195765612
pgmigrate_success 195765613
pgmigrate_success 195765614
pgmigrate_success 195829109
pgmigrate_success 196005821
pgmigrate_success 196128236
pgmigrate_success 196330990
pgmigrate_success 196487152
pgmigrate_success 196554738
pgmigrate_success 196569588
pgmigrate_success 196569589
pgmigrate_success 196620279
pgmigrate_success 196674041
pgmigrate_success 196674118
pgmigrate_success 196703816
pgmigrate_success 196737610
pgmigrate_success 196737611
pgmigrate_success 196737612
pgmigrate_success 196748366
pgmigrate_success 196803152
pgmigrate_success 196867154
pgmigrate_success 196867155
pgmigrate_success 196874837
pgmigrate_success 196923991
pgmigrate_success 196923992
pgmigrate_success 196923993
pgmigrate_success 196923994
pgmigrate_success 196968029
pgmigrate_success 197056690
pgmigrate_success 197112005
pgmigrate_success 197138971
pgmigrate_success 197208186
pgmigrate_success 197225092
pgmigrate_success 197225096
pgmigrate_success 197225098
pgmigrate_success 197225101
pgmigrate_success 197225103
pgmigrate_success 197225104
pgmigrate_success 197225105
pgmigrate_success 197225117
pgmigrate_success 197225125
pgmigrate_success 197225133
pgmigrate_success 197225141
pgmigrate_success 197225146
pgmigrate_success 197225150
pgmigrate_success 197225156
pgmigrate_success 197225161
pgmigrate_success 197225168
pgmigrate_success 197225171
pgmigrate_success 197225173
pgmigrate_success 197227224
pgmigrate_success 197296391
pgmigrate_success 197304607
pgmigrate_success 197311280
pgmigrate_success 197315900
pgmigrate_success 197320383
pgmigrate_success 197324481
pgmigrate_success 197329091
pgmigrate_success 197329605
pgmigrate_success 197332167
pgmigrate_success 197334217
pgmigrate_success 197335755
pgmigrate_success 197340365
pgmigrate_success 197341391
pgmigrate_success 197343441
pgmigrate_success 197343955
pgmigrate_success 197347541
pgmigrate_success 197348567
pgmigrate_success 197349593
pgmigrate_success 197350619
pgmigrate_success 197351645
pgmigrate_success 197353183
pgmigrate_success 197355745
pgmigrate_success 197356259
pgmigrate_success 197419266
pgmigrate_success 197430569
pgmigrate_success 197439291
pgmigrate_success 197445964
pgmigrate_success 197453657
pgmigrate_success 197462876
pgmigrate_success 197469539
pgmigrate_success 197477740
pgmigrate_success 197483376
pgmigrate_success 197490105
pgmigrate_success 197495744
pgmigrate_success 197500357
pgmigrate_success 197504458
pgmigrate_success 197506508
pgmigrate_success 197506508
pgmigrate_success 197506508
pgmigrate_success 197506508
pgmigrate_success 197506509
pgmigrate_success 197506509
pgmigrate_success 197506509
pgmigrate_success 197506509
pgmigrate_success 197506509
pgmigrate_success 197506509
pgmigrate_success 197617621
pgmigrate_success 197618649
pgmigrate_success 197618649
pgmigrate_success 197618649
pgmigrate_success 197618649
pgmigrate_success 197627357
pgmigrate_success 197640682
pgmigrate_success 197646321
pgmigrate_success 197646321
pgmigrate_success 197664241
pgmigrate_success 197693968
pgmigrate_success 197705757
pgmigrate_success 197724087
pgmigrate_success 197738758
pgmigrate_success 197757702
pgmigrate_success 197773590
pgmigrate_success 197782295
pgmigrate_success 197794583
pgmigrate_success 197796854
pgmigrate_success 197796854
pgmigrate_success 197798390
pgmigrate_success 197809697
pgmigrate_success 197825058
pgmigrate_success 197829158
pgmigrate_success 197861928
pgmigrate_success 197931089
pgmigrate_success 197931089
pgmigrate_success 197931089
pgmigrate_success 197931096
pgmigrate_success 197931096
pgmigrate_success 197931096
pgmigrate_success 197931096
pgmigrate_success 197931096
pgmigrate_success 197931096
pgmigrate_success 197931096
pgmigrate_success 197945827
pgmigrate_success 197962219
pgmigrate_success 197976563
pgmigrate_success 197988352
pgmigrate_success 198006282
pgmigrate_success 198008071
pgmigrate_success 198040858
pgmigrate_success 198050080
pgmigrate_success 198073126
pgmigrate_success 198077734
pgmigrate_success 198093613
pgmigrate_success 198103352
pgmigrate_success 198103355
pgmigrate_success 198103359
pgmigrate_success 198165117
pgmigrate_success 198261897
pgmigrate_success 198262058
pgmigrate_success 198262058
pgmigrate_success 198262058
pgmigrate_success 198262058
pgmigrate_success 198286648
pgmigrate_success 198304068
pgmigrate_success 198324570
pgmigrate_success 198340956
pgmigrate_success 198367595
pgmigrate_success 198392187
pgmigrate_success 198416779
pgmigrate_success 198420875
pgmigrate_success 198421899
pgmigrate_success 198435219
pgmigrate_success 198455190
pgmigrate_success 198474649
pgmigrate_success 198491059
pgmigrate_success 198512055
pgmigrate_success 198532544
pgmigrate_success 198541761
pgmigrate_success 198558151
pgmigrate_success 198576074
pgmigrate_success 198598092
pgmigrate_success 198616017
pgmigrate_success 198651857
pgmigrate_success 198718443
pgmigrate_success 198718443
pgmigrate_success 198718443
pgmigrate_success 198718443
pgmigrate_success 198718443
pgmigrate_success 198718443
pgmigrate_success 198718555
pgmigrate_success 198718555
pgmigrate_success 198718555
pgmigrate_success 198718555
pgmigrate_success 198718555
pgmigrate_success 198718555
pgmigrate_success 198718555
pgmigrate_success 198718555
pgmigrate_success 198718557
pgmigrate_success 198718557
pgmigrate_success 198718557
pgmigrate_success 198738525
pgmigrate_success 198842092
pgmigrate_success 198842092
pgmigrate_success 198842096
pgmigrate_success 198842096
pgmigrate_success 198842393
pgmigrate_success 198842393
pgmigrate_success 198842395
pgmigrate_success 198842395
pgmigrate_success 198842395
pgmigrate_success 198870047
pgmigrate_success 198933077
pgmigrate_success 198937182
pgmigrate_success 198938212
pgmigrate_success 198938214
pgmigrate_success 198938214
pgmigrate_success 198938218
pgmigrate_success 198938224
pgmigrate_success 198938224
pgmigrate_success 198938224
pgmigrate_success 198938224
pgmigrate_success 198938310
pgmigrate_success 198938310
pgmigrate_success 198938310
pgmigrate_success 198938310
pgmigrate_success 198938310
pgmigrate_success 198938310
pgmigrate_success 198938310
pgmigrate_success 198938310
pgmigrate_success 198938310
pgmigrate_success 198938310
pgmigrate_success 198938310
pgmigrate_success 198938310
pgmigrate_success 198968009
pgmigrate_success 199005923
pgmigrate_success 199005923
pgmigrate_success 199005923
pgmigrate_success 199005923
pgmigrate_success 199006438
pgmigrate_success 199006438
pgmigrate_success 199006438
pgmigrate_success 199006438
pgmigrate_success 199006438
pgmigrate_success 199006438
pgmigrate_success 199006438
pgmigrate_success 199006438
pgmigrate_success 199006438
pgmigrate_success 199013094
pgmigrate_success 199052356
pgmigrate_success 199064133
pgmigrate_success 199075412
pgmigrate_success 199084123
pgmigrate_success 199094376
pgmigrate_success 199111217
pgmigrate_success 199122484
pgmigrate_success 199140407
pgmigrate_success 199151159
pgmigrate_success 199156794
