anon 933888
anon_thp 0
anon 196509696
anon_thp 195035136
anon 402026496
anon_thp 400556032
anon 612974592
anon_thp 608174080
anon 818495488
anon_thp 813694976
anon 1028214784
anon_thp 1023410176
anon 1225347072
anon_thp 1220542464
anon 1414090752
anon_thp 1409286144
anon 1617518592
anon_thp 1612709888
anon 1827233792
anon_thp 1822425088
anon 2036948992
anon_thp 2032140288
anon 2242465792
anon_thp 2237661184
anon 2454282240
anon_thp 2449473536
anon 2657701888
anon_thp 2652897280
anon 2869514240
anon_thp 2864709632
anon 3077132288
anon_thp 3072327680
anon 3286843392
anon_thp 3282042880
anon 3492368384
anon_thp 3487563776
anon 3706273792
anon_thp 3701473280
anon 3911794688
anon_thp 3906994176
anon 4121509888
anon_thp 4116709376
anon 4329132032
anon_thp 4324327424
anon 4534657024
anon_thp 4529848320
anon 4744364032
anon_thp 4739563520
anon 4947791872
anon_thp 4942987264
anon 5161701376
anon_thp 5156896768
anon 5346254848
anon_thp 5341446144
anon 5555965952
anon_thp 5551161344
anon 5759389696
anon_thp 5754585088
anon 5971202048
anon_thp 5966397440
anon 6170427392
anon_thp 6165626880
anon 6727548928
anon_thp 6719275008
anon 6860120064
anon_thp 6851395584
anon 6860120064
anon_thp 6851395584
anon 6995189760
anon_thp 6985613312
anon 7198609408
anon_thp 7189037056
anon 7404130304
anon_thp 7394557952
anon 7607549952
anon_thp 7597981696
anon 7813079040
anon_thp 7803502592
anon 8018595840
anon_thp 8009023488
anon 8217829376
anon_thp 8208252928
anon 8387698688
anon_thp 8378122240
anon 8597409792
anon_thp 8587837440
anon 8796639232
anon_thp 8787066880
anon 8981188608
anon_thp 8971616256
anon 9188810752
anon_thp 9179234304
anon 9394327552
anon_thp 9384755200
anon 9591459840
anon_thp 9581887488
anon 9738264576
anon_thp 9728688128
anon 9945878528
anon_thp 9936306176
anon 10151395328
anon_thp 10141827072
anon 10354819072
anon_thp 10345250816
anon 10562441216
anon_thp 10552868864
anon 10770059264
anon_thp 10760486912
anon 10975580160
anon_thp 10966007808
anon 11183198208
anon_thp 11173625856
anon 11386621952
anon_thp 11377049600
anon 11596337152
anon_thp 11586764800
anon 11801862144
anon_thp 11792285696
anon 12007378944
anon_thp 11997806592
anon 12212899840
anon_thp 12203327488
anon 12416319488
anon_thp 12406751232
anon 12621848576
anon_thp 12612272128
anon 13226213376
anon_thp 13209960448
anon 13226213376
anon_thp 13209960448
anon 13226217472
anon_thp 13209960448
anon 13226213376
anon_thp 13209960448
anon 13226213376
anon_thp 13209960448
anon 13226213376
anon_thp 13209960448
anon 13226217472
anon_thp 13209960448
anon 13224116224
anon_thp 13207863296
anon 13224116224
anon_thp 13207863296
anon 13224112128
anon_thp 13207863296
anon 13226213376
anon_thp 13209960448
anon 13226213376
anon_thp 13209960448
anon 13226213376
anon_thp 13209960448
anon 13226213376
anon_thp 13209960448
anon 13226213376
anon_thp 13209960448
anon 13226213376
anon_thp 13209960448
anon 13226213376
anon_thp 13209960448
anon 13226209280
anon_thp 13209960448
anon 13226213376
anon_thp 13209960448
anon 13226209280
anon_thp 13209960448
anon 13226213376
anon_thp 13209960448
anon 13226217472
anon_thp 13209960448
anon 13226209280
anon_thp 13209960448
anon 13226213376
anon_thp 13209960448
anon 13226213376
anon_thp 13209960448
anon 13226213376
anon_thp 13209960448
anon 13226209280
anon_thp 13209960448
anon 13226213376
anon_thp 13209960448
anon 13226217472
anon_thp 13209960448
anon 13226217472
anon_thp 13209960448
anon 13226213376
anon_thp 13209960448
anon 13226213376
anon_thp 13209960448
anon 13226217472
anon_thp 13209960448
anon 13226217472
anon_thp 13209960448
anon 13226217472
anon_thp 13209960448
anon 13226217472
anon_thp 13209960448
anon 13226213376
anon_thp 13209960448
anon 13226213376
anon_thp 13209960448
anon 13226217472
anon_thp 13209960448
anon 13226213376
anon_thp 13209960448
anon 13226217472
anon_thp 13209960448
anon 13226213376
anon_thp 13209960448
anon 13226213376
anon_thp 13209960448
anon 13226209280
anon_thp 13209960448
anon 13226213376
anon_thp 13209960448
anon 13226209280
anon_thp 13209960448
anon 13226213376
anon_thp 13209960448
anon 13226209280
anon_thp 13209960448
anon 13226217472
anon_thp 13209960448
anon 13226209280
anon_thp 13209960448
anon 13226209280
anon_thp 13209960448
anon 13226217472
anon_thp 13209960448
anon 13226217472
anon_thp 13209960448
anon 13226213376
anon_thp 13209960448
anon 13226213376
anon_thp 13209960448
anon 13226213376
anon_thp 13209960448
anon 13226209280
anon_thp 13209960448
anon 13226217472
anon_thp 13209960448
anon 13226209280
anon_thp 13209960448
anon 13226209280
anon_thp 13209960448
anon 13226213376
anon_thp 13209960448
anon 13226213376
anon_thp 13209960448
anon 13226217472
anon_thp 13209960448
anon 13226213376
anon_thp 13209960448
anon 13226213376
anon_thp 13209960448
anon 13226213376
anon_thp 13209960448
anon 13226217472
anon_thp 13209960448
anon 13226213376
anon_thp 13209960448
anon 13226217472
anon_thp 13209960448
anon 13226213376
anon_thp 13209960448
anon 13226213376
anon_thp 13209960448
anon 13226217472
anon_thp 13209960448
anon 13226209280
anon_thp 13209960448
anon 13226213376
anon_thp 13209960448
anon 13226213376
anon_thp 13209960448
anon 13226217472
anon_thp 13209960448
anon 13226213376
anon_thp 13209960448
anon 13226217472
anon_thp 13209960448
anon 13226213376
anon_thp 13209960448
anon 13226213376
anon_thp 13209960448
anon 13226217472
anon_thp 13209960448
anon 13226213376
anon_thp 13209960448
anon 13226213376
anon_thp 13209960448
anon 13226213376
anon_thp 13209960448
anon 13226217472
anon_thp 13209960448
anon 13226217472
anon_thp 13209960448
anon 13226209280
anon_thp 13209960448
anon 13226217472
anon_thp 13209960448
anon 13226217472
anon_thp 13209960448
anon 13226217472
anon_thp 13209960448
anon 13226213376
anon_thp 13209960448
anon 13226213376
anon_thp 13209960448
anon 13226209280
anon_thp 13209960448
anon 13226213376
anon_thp 13209960448
anon 13226213376
anon_thp 13209960448
anon 13226213376
anon_thp 13209960448
anon 13226217472
anon_thp 13209960448
anon 13226213376
anon_thp 13209960448
anon 13226213376
anon_thp 13209960448
anon 13226213376
anon_thp 13209960448
anon 13226213376
anon_thp 13209960448
anon 13226209280
anon_thp 13209960448
anon 13226213376
anon_thp 13209960448
anon 13226213376
anon_thp 13209960448
anon 13226213376
anon_thp 13209960448
anon 13226213376
anon_thp 13209960448
anon 13226209280
anon_thp 13209960448
anon 13226217472
anon_thp 13209960448
anon 13226213376
anon_thp 13209960448
anon 13226217472
anon_thp 13209960448
anon 13226213376
anon_thp 13209960448
anon 13226217472
anon_thp 13209960448
anon 13226213376
anon_thp 13209960448
anon 13226209280
anon_thp 13209960448
anon 13226217472
anon_thp 13209960448
anon 13226217472
anon_thp 13209960448
anon 13226209280
anon_thp 13209960448
anon 13226213376
anon_thp 13209960448
anon 13226217472
anon_thp 13209960448
anon 13226213376
anon_thp 13209960448
anon 13226213376
anon_thp 13209960448
anon 13226217472
anon_thp 13209960448
anon 13226213376
anon_thp 13209960448
anon 13226217472
anon_thp 13209960448
anon 13226213376
anon_thp 13209960448
anon 13226213376
anon_thp 13209960448
anon 13226217472
anon_thp 13209960448
anon 13226213376
anon_thp 13209960448
anon 13226217472
anon_thp 13209960448
anon 13226213376
anon_thp 13209960448
anon 13226209280
anon_thp 13209960448
anon 13226213376
anon_thp 13209960448
anon 13226217472
anon_thp 13209960448
anon 13226217472
anon_thp 13209960448
anon 13226213376
anon_thp 13209960448
anon 13226213376
anon_thp 13209960448
anon 13226213376
anon_thp 13209960448
anon 13226213376
anon_thp 13209960448
anon 13226209280
anon_thp 13209960448
anon 13226213376
anon_thp 13209960448
anon 13226213376
anon_thp 13209960448
anon 13226217472
anon_thp 13209960448
anon 13226217472
anon_thp 13209960448
anon 13226213376
anon_thp 13209960448
anon 13226213376
anon_thp 13209960448
anon 13226213376
anon_thp 13209960448
anon 13226217472
anon_thp 13209960448
anon 13226217472
anon_thp 13209960448
anon 13226209280
anon_thp 13209960448
anon 13226213376
anon_thp 13209960448
anon 13226213376
anon_thp 13209960448
anon 13226217472
anon_thp 13209960448
anon 13226213376
anon_thp 13209960448
anon 13226209280
anon_thp 13209960448
anon 13226213376
anon_thp 13209960448
anon 13226213376
anon_thp 13209960448
anon 13226213376
anon_thp 13209960448
anon 13226213376
anon_thp 13209960448
anon 13226213376
anon_thp 13209960448
anon 13226213376
anon_thp 13209960448
anon 13226213376
anon_thp 13209960448
anon 13226209280
anon_thp 13209960448
anon 13226213376
anon_thp 13209960448
anon 13226213376
anon_thp 13209960448
anon 13226217472
anon_thp 13209960448
anon 13226217472
anon_thp 13209960448
anon 13226209280
anon_thp 13209960448
anon 13226209280
anon_thp 13209960448
anon 13226209280
anon_thp 13209960448
anon 13226213376
anon_thp 13209960448
anon 13226213376
anon_thp 13209960448
anon 13226209280
anon_thp 13209960448
anon 13226217472
anon_thp 13209960448
anon 13226213376
anon_thp 13209960448
anon 13226217472
anon_thp 13209960448
anon 13226213376
anon_thp 13209960448
anon 13226217472
anon_thp 13209960448
anon 13226213376
anon_thp 13209960448
anon 13226209280
anon_thp 13209960448
anon 13226213376
anon_thp 13209960448
anon 13226213376
anon_thp 13209960448
anon 13226213376
anon_thp 13209960448
anon 13226209280
anon_thp 13209960448
anon 13226217472
anon_thp 13209960448
anon 13226213376
anon_thp 13209960448
anon 13226213376
anon_thp 13209960448
anon 13226213376
anon_thp 13209960448
anon 13226213376
anon_thp 13209960448
anon 13226213376
anon_thp 13209960448
anon 13226213376
anon_thp 13209960448
anon 13226209280
anon_thp 13209960448
anon 13226213376
anon_thp 13209960448
anon 13226217472
anon_thp 13209960448
anon 13226217472
anon_thp 13209960448
anon 13226217472
anon_thp 13209960448
anon 13226213376
anon_thp 13209960448
anon 13226213376
anon_thp 13209960448
anon 13226209280
anon_thp 13209960448
anon 13226213376
anon_thp 13209960448
anon 13226213376
anon_thp 13209960448
anon 13226213376
anon_thp 13209960448
anon 13226217472
anon_thp 13209960448
anon 13226213376
anon_thp 13209960448
anon 13226213376
anon_thp 13209960448
anon 13226217472
anon_thp 13209960448
anon 13226213376
anon_thp 13209960448
anon 13226217472
anon_thp 13209960448
anon 13226213376
anon_thp 13209960448
anon 13226209280
anon_thp 13209960448
anon 13226217472
anon_thp 13209960448
anon 13226213376
anon_thp 13209960448
anon 13226213376
anon_thp 13209960448
anon 13226217472
anon_thp 13209960448
anon 13226217472
anon_thp 13209960448
anon 13226213376
anon_thp 13209960448
anon 13226213376
anon_thp 13209960448
anon 13226213376
anon_thp 13209960448
anon 13226213376
anon_thp 13209960448
anon 13226213376
anon_thp 13209960448
anon 13226213376
anon_thp 13209960448
anon 13226213376
anon_thp 13209960448
anon 13226209280
anon_thp 13209960448
anon 13226209280
anon_thp 13209960448
anon 13226213376
anon_thp 13209960448
anon 13226213376
anon_thp 13209960448
anon 13226213376
anon_thp 13209960448
anon 13226217472
anon_thp 13209960448
