anon 958464
anon_thp 0
anon 195559424
anon_thp 192937984
anon 396886016
anon_thp 394264576
anon 609939456
anon_thp 606076928
anon 811261952
anon_thp 807403520
anon 1023074304
anon_thp 1019215872
anon 1224400896
anon_thp 1220542464
anon 1408954368
anon_thp 1405091840
anon 1614471168
anon_thp 1610612736
anon 1824182272
anon_thp 1820327936
anon 2033905664
anon_thp 2030043136
anon 2239422464
anon_thp 2235564032
anon 2449133568
anon_thp 2445279232
anon 2652561408
anon_thp 2648702976
anon 2864373760
anon_thp 2860515328
anon 3065704448
anon_thp 3061841920
anon 3277512704
anon_thp 3273654272
anon 3483033600
anon_thp 3479175168
anon 3696943104
anon_thp 3693084672
anon 3902468096
anon_thp 3898605568
anon 4112179200
anon_thp 4108320768
anon 4321894400
anon_thp 4318035968
anon 4525314048
anon_thp 4521459712
anon 4737130496
anon_thp 4733272064
anon 4938461184
anon_thp 4934598656
anon 5150269440
anon_thp 5146411008
anon 5334818816
anon_thp 5330960384
anon 5542436864
anon_thp 5538578432
anon 5745860608
anon_thp 5742002176
anon 5959774208
anon_thp 5955911680
anon 6158999552
anon_thp 6155141120
anon 6366670848
anon_thp 6362759168
anon 6860124160
anon_thp 6853492736
anon 6860128256
anon_thp 6853492736
anon 6962778112
anon_thp 6954156032
anon 7166201856
anon_thp 7157579776
anon 7369629696
anon_thp 7361003520
anon 7577247744
anon_thp 7568621568
anon 7780671488
anon_thp 7772045312
anon 7986196480
anon_thp 7977566208
anon 8193810432
anon_thp 8185184256
anon 8355291136
anon_thp 8346664960
anon 8562905088
anon_thp 8554283008
anon 8770523136
anon_thp 8761901056
anon 8948781056
anon_thp 8940158976
anon 9154306048
anon_thp 9145679872
anon 9364025344
anon_thp 9355395072
anon 9569542144
anon_thp 9560915968
anon 9699561472
anon_thp 9690939392
anon 9902989312
anon_thp 9894363136
anon 10112708608
anon_thp 10104078336
anon 10318225408
anon_thp 10309599232
anon 10525843456
anon_thp 10517217280
anon 10733457408
anon_thp 10724835328
anon 10938982400
anon_thp 10930356224
anon 11144507392
anon_thp 11135877120
anon 11352125440
anon_thp 11343495168
anon 11559743488
anon_thp 11551113216
anon 11761070080
anon_thp 11752439808
anon 11970781184
anon_thp 11962155008
anon 12174209024
anon_thp 12165578752
anon 12373434368
anon_thp 12364808192
anon 12583149568
anon_thp 12574523392
anon 13110575104
anon_thp 13098811392
anon 13224124416
anon_thp 13212057600
anon 13226221568
anon_thp 13214154752
anon 13226221568
anon_thp 13214154752
anon 13226221568
anon_thp 13214154752
anon 13226221568
anon_thp 13214154752
anon 13224124416
anon_thp 13212057600
anon 13226221568
anon_thp 13214154752
anon 13226225664
anon_thp 13214154752
anon 13226221568
anon_thp 13214154752
anon 13226221568
anon_thp 13214154752
anon 13226221568
anon_thp 13214154752
anon 13226221568
anon_thp 13214154752
anon 13226225664
anon_thp 13214154752
anon 13226221568
anon_thp 13214154752
anon 13226221568
anon_thp 13214154752
anon 13226225664
anon_thp 13214154752
anon 13226225664
anon_thp 13214154752
anon 13226217472
anon_thp 13214154752
anon 13226221568
anon_thp 13214154752
anon 13226221568
anon_thp 13214154752
anon 13226221568
anon_thp 13214154752
anon 13226221568
anon_thp 13214154752
anon 13226217472
anon_thp 13214154752
anon 13226221568
anon_thp 13214154752
anon 13226221568
anon_thp 13214154752
anon 13226225664
anon_thp 13214154752
anon 13226221568
anon_thp 13214154752
anon 13226225664
anon_thp 13214154752
anon 13226221568
anon_thp 13214154752
anon 13226225664
anon_thp 13214154752
anon 13226221568
anon_thp 13214154752
anon 13226221568
anon_thp 13214154752
anon 13224124416
anon_thp 13212057600
anon 13226225664
anon_thp 13214154752
anon 13226221568
anon_thp 13214154752
anon 13226221568
anon_thp 13214154752
anon 13226221568
anon_thp 13214154752
anon 13226221568
anon_thp 13214154752
anon 13226225664
anon_thp 13214154752
anon 13226221568
anon_thp 13214154752
anon 13226221568
anon_thp 13214154752
anon 13226217472
anon_thp 13214154752
anon 13226221568
anon_thp 13214154752
anon 13226221568
anon_thp 13214154752
anon 13226221568
anon_thp 13214154752
anon 13226225664
anon_thp 13214154752
anon 13226225664
anon_thp 13214154752
anon 13226221568
anon_thp 13214154752
anon 13226217472
anon_thp 13214154752
anon 13226221568
anon_thp 13214154752
anon 13226221568
anon_thp 13214154752
anon 13226225664
anon_thp 13214154752
anon 13226221568
anon_thp 13214154752
anon 13226225664
anon_thp 13214154752
anon 13226221568
anon_thp 13214154752
anon 13226221568
anon_thp 13214154752
anon 13226221568
anon_thp 13214154752
anon 13226221568
anon_thp 13214154752
anon 13226217472
anon_thp 13214154752
anon 13226217472
anon_thp 13214154752
anon 13226217472
anon_thp 13214154752
anon 13226221568
anon_thp 13214154752
anon 13226217472
anon_thp 13214154752
anon 13226217472
anon_thp 13214154752
anon 13226225664
anon_thp 13214154752
anon 13226225664
anon_thp 13214154752
anon 13226221568
anon_thp 13214154752
anon 13226221568
anon_thp 13214154752
anon 13226225664
anon_thp 13214154752
anon 13226221568
anon_thp 13214154752
anon 13226217472
anon_thp 13214154752
anon 13226225664
anon_thp 13214154752
anon 13226217472
anon_thp 13214154752
anon 13226221568
anon_thp 13214154752
anon 13224120320
anon_thp 13212057600
anon 13226225664
anon_thp 13214154752
anon 13226217472
anon_thp 13214154752
anon 13226225664
anon_thp 13214154752
anon 13226225664
anon_thp 13214154752
anon 13226221568
anon_thp 13214154752
anon 13226217472
anon_thp 13214154752
anon 13224120320
anon_thp 13212057600
anon 13226217472
anon_thp 13214154752
anon 13226221568
anon_thp 13214154752
anon 13226217472
anon_thp 13214154752
anon 13226221568
anon_thp 13214154752
anon 13226217472
anon_thp 13214154752
anon 13226225664
anon_thp 13214154752
anon 13226221568
anon_thp 13214154752
anon 13226221568
anon_thp 13214154752
anon 13226221568
anon_thp 13214154752
anon 13226221568
anon_thp 13214154752
anon 13226221568
anon_thp 13214154752
anon 13226225664
anon_thp 13214154752
anon 13226221568
anon_thp 13214154752
anon 13226217472
anon_thp 13214154752
anon 13226225664
anon_thp 13214154752
anon 13226221568
anon_thp 13214154752
anon 13226221568
anon_thp 13214154752
anon 13226221568
anon_thp 13214154752
anon 13226221568
anon_thp 13214154752
anon 13226225664
anon_thp 13214154752
anon 13226221568
anon_thp 13214154752
anon 13226225664
anon_thp 13214154752
anon 13226221568
anon_thp 13214154752
anon 13226225664
anon_thp 13214154752
anon 13226221568
anon_thp 13214154752
anon 13226221568
anon_thp 13214154752
anon 13226225664
anon_thp 13214154752
anon 13226221568
anon_thp 13214154752
anon 13226217472
anon_thp 13214154752
anon 13226221568
anon_thp 13214154752
anon 13226221568
anon_thp 13214154752
anon 13226221568
anon_thp 13214154752
anon 13226221568
anon_thp 13214154752
anon 13226225664
anon_thp 13214154752
anon 13226217472
anon_thp 13214154752
anon 13226225664
anon_thp 13214154752
anon 13226225664
anon_thp 13214154752
anon 13226221568
anon_thp 13214154752
anon 13226221568
anon_thp 13214154752
anon 13226225664
anon_thp 13214154752
anon 13226221568
anon_thp 13214154752
anon 13226221568
anon_thp 13214154752
anon 13226221568
anon_thp 13214154752
anon 13224124416
anon_thp 13212057600
anon 13226217472
anon_thp 13214154752
anon 13226221568
anon_thp 13214154752
anon 13226225664
anon_thp 13214154752
anon 13226225664
anon_thp 13214154752
anon 13226221568
anon_thp 13214154752
anon 13226225664
anon_thp 13214154752
anon 13226225664
anon_thp 13214154752
anon 13226221568
anon_thp 13214154752
anon 13226217472
anon_thp 13214154752
anon 13226217472
anon_thp 13214154752
anon 13226225664
anon_thp 13214154752
anon 13226217472
anon_thp 13214154752
anon 13226225664
anon_thp 13214154752
anon 13226217472
anon_thp 13214154752
anon 13226225664
anon_thp 13214154752
anon 13226221568
anon_thp 13214154752
anon 12943712256
anon_thp 12933136384
anon 13226217472
anon_thp 13214154752
anon 13226221568
anon_thp 13214154752
anon 13226221568
anon_thp 13214154752
anon 13226221568
anon_thp 13214154752
anon 13226217472
anon_thp 13214154752
anon 13226217472
anon_thp 13214154752
anon 13226217472
anon_thp 13214154752
anon 13226221568
anon_thp 13214154752
anon 13226225664
anon_thp 13214154752
anon 13226217472
anon_thp 13214154752
anon 13226221568
anon_thp 13214154752
anon 13226225664
anon_thp 13214154752
anon 13226217472
anon_thp 13214154752
anon 13226221568
anon_thp 13214154752
anon 13226221568
anon_thp 13214154752
anon 13226225664
anon_thp 13214154752
anon 13226225664
anon_thp 13214154752
anon 13226225664
anon_thp 13214154752
anon 13226221568
anon_thp 13214154752
anon 13226221568
anon_thp 13214154752
anon 13226225664
anon_thp 13214154752
anon 13226217472
anon_thp 13214154752
anon 13226217472
anon_thp 13214154752
anon 13226221568
anon_thp 13214154752
anon 13226221568
anon_thp 13214154752
anon 13226221568
anon_thp 13214154752
anon 13224124416
anon_thp 13212057600
anon 13226221568
anon_thp 13214154752
anon 13226225664
anon_thp 13214154752
anon 13226225664
anon_thp 13214154752
anon 13226221568
anon_thp 13214154752
anon 13226217472
anon_thp 13214154752
anon 13226217472
anon_thp 13214154752
anon 13226225664
anon_thp 13214154752
anon 13226221568
anon_thp 13214154752
anon 13226221568
anon_thp 13214154752
anon 13226225664
anon_thp 13214154752
anon 13226225664
anon_thp 13214154752
anon 13226221568
anon_thp 13214154752
anon 13226225664
anon_thp 13214154752
anon 13226221568
anon_thp 13214154752
anon 13226225664
anon_thp 13214154752
anon 13226221568
anon_thp 13214154752
anon 13226221568
anon_thp 13214154752
anon 13226221568
anon_thp 13214154752
anon 13226221568
anon_thp 13214154752
anon 13226225664
anon_thp 13214154752
anon 13226221568
anon_thp 13214154752
anon 13226221568
anon_thp 13214154752
anon 13226217472
anon_thp 13214154752
anon 13226217472
anon_thp 13214154752
anon 13226221568
anon_thp 13214154752
anon 13226225664
anon_thp 13214154752
anon 13226221568
anon_thp 13214154752
anon 13226217472
anon_thp 13214154752
anon 13226225664
anon_thp 13214154752
anon 13226221568
anon_thp 13214154752
anon 13226217472
anon_thp 13214154752
anon 13226221568
anon_thp 13214154752
anon 13226217472
anon_thp 13214154752
anon 13226217472
anon_thp 13214154752
anon 13226225664
anon_thp 13214154752
anon 13226225664
anon_thp 13214154752
anon 13226225664
anon_thp 13214154752
anon 13226221568
anon_thp 13214154752
anon 13226221568
anon_thp 13214154752
anon 13226221568
anon_thp 13214154752
anon 13226217472
anon_thp 13214154752
anon 13226221568
anon_thp 13214154752
anon 13226217472
anon_thp 13214154752
anon 13226225664
anon_thp 13214154752
anon 13226217472
anon_thp 13214154752
anon 13226221568
anon_thp 13214154752
anon 13226221568
anon_thp 13214154752
anon 13226217472
anon_thp 13214154752
anon 13226217472
anon_thp 13214154752
anon 13226221568
anon_thp 13214154752
anon 13226225664
anon_thp 13214154752
anon 13226221568
anon_thp 13214154752
anon 13226217472
anon_thp 13214154752
anon 13226221568
anon_thp 13214154752
anon 13226221568
anon_thp 13214154752
anon 13226225664
anon_thp 13214154752
anon 13226217472
anon_thp 13214154752
anon 13226225664
anon_thp 13214154752
anon 13226221568
anon_thp 13214154752
anon 13226221568
anon_thp 13214154752
anon 13226221568
anon_thp 13214154752
anon 13224128512
anon_thp 13212057600
anon 13226221568
anon_thp 13214154752
anon 13226221568
anon_thp 13214154752
anon 13226221568
anon_thp 13214154752
anon 13226221568
anon_thp 13214154752
anon 13226221568
anon_thp 13214154752
