hot 3 warm 0 cold 94
hot 4 warm 0 cold 94
hot 4 warm 0 cold 94
hot 4 warm 0 cold 94
hot 4 warm 0 cold 94
hot 4 warm 0 cold 94
hot 4 warm 0 cold 94
hot 4 warm 0 cold 94
hot 4 warm 0 cold 94
hot 4 warm 0 cold 94
hot 4 warm 0 cold 94
hot 4 warm 0 cold 94
hot 4 warm 0 cold 166
hot 4 warm 0 cold 122
hot 4 warm 0 cold 94
hot 4 warm 0 cold 94
hot 4 warm 0 cold 94
hot 4 warm 0 cold 94
hot 4 warm 0 cold 94
hot 4 warm 0 cold 94
hot 4 warm 0 cold 101
hot 4 warm 0 cold 94
hot 4 warm 0 cold 94
hot 4 warm 0 cold 94
hot 4 warm 0 cold 94
hot 4 warm 0 cold 94
hot 4 warm 0 cold 94
hot 4 warm 0 cold 94
hot 4 warm 0 cold 94
hot 4 warm 0 cold 94
hot 4 warm 0 cold 94
hot 4 warm 0 cold 94
hot 4 warm 0 cold 94
hot 4 warm 0 cold 94
hot 4 warm 0 cold 94
hot 4 warm 0 cold 94
hot 4 warm 0 cold 94
hot 4 warm 0 cold 94
hot 4 warm 0 cold 94
hot 4 warm 0 cold 94
hot 4 warm 0 cold 94
hot 4 warm 0 cold 94
hot 4 warm 0 cold 94
hot 4 warm 0 cold 94
hot 4 warm 0 cold 94
hot 4 warm 0 cold 94
hot 11786 warm 0 cold 94
hot 11782 warm 0 cold 94
hot 11778 warm 0 cold 94
hot 11774 warm 0 cold 94
hot 11770 warm 0 cold 94
hot 11766 warm 0 cold 94
hot 11762 warm 0 cold 94
hot 11758 warm 0 cold 94
hot 11754 warm 0 cold 94
hot 11750 warm 0 cold 94
hot 11746 warm 0 cold 94
hot 11742 warm 0 cold 94
hot 11738 warm 0 cold 94
hot 11734 warm 0 cold 94
hot 11730 warm 0 cold 94
hot 11726 warm 0 cold 94
hot 11722 warm 0 cold 94
hot 11718 warm 0 cold 94
hot 11714 warm 0 cold 94
hot 11710 warm 0 cold 94
hot 11706 warm 0 cold 94
hot 11702 warm 0 cold 94
hot 11698 warm 0 cold 95
hot 11694 warm 0 cold 94
hot 11690 warm 0 cold 94
hot 11686 warm 0 cold 94
hot 11682 warm 0 cold 94
hot 11678 warm 0 cold 94
hot 11674 warm 0 cold 94
hot 11670 warm 0 cold 94
hot 11666 warm 0 cold 94
hot 11662 warm 0 cold 94
hot 11658 warm 0 cold 94
hot 11654 warm 0 cold 94
hot 11650 warm 0 cold 94
hot 11646 warm 0 cold 94
hot 11642 warm 0 cold 94
hot 11638 warm 0 cold 94
hot 11634 warm 0 cold 94
hot 15726 warm 0 cold 94
hot 177564 warm 0 cold 94
hot 335256 warm 1 cold 93
hot 430996 warm 1 cold 93
hot 582032 warm 1 cold 93
hot 678796 warm 1 cold 93
hot 757640 warm 1 cold 93
hot 795524 warm 0 cold 94
hot 863617 warm 0 cold 94
hot 925053 warm 0 cold 94
hot 989049 warm 0 cold 94
hot 62380 warm 0 cold 981031
hot 63024 warm 1026880 cold 95
hot 65111 warm 1036053 cold 95
hot 66246 warm 1079970 cold 95
hot 69906 warm 1116754 cold 95
hot 73067 warm 0 cold 1151572
hot 61415 warm 0 cold 2355099
hot 97253 warm 0 cold 3093480
hot 113646 warm 3077054 cold 0
hot 121358 warm 0 cold 3069339
hot 141338 warm 0 cold 3049355
hot 159782 warm 0 cold 3030907
hot 175156 warm 0 cold 3015529
hot 185919 warm 3004762 cold 0
hot 131486 warm 2938919 cold 0
hot 223668 warm 2925581 cold 0
hot 256446 warm 0 cold 2907135
hot 281031 warm 2891250 cold 0
hot 297950 warm 0 cold 2876887
hot 321514 warm 0 cold 2856391
hot 347131 warm 2835890 cold 0
hot 365060 warm 0 cold 2819493
hot 381975 warm 2804622 cold 0
hot 400928 warm 0 cold 2785665
hot 417318 warm 2769783 cold 0
hot 432682 warm 0 cold 2754927
hot 446508 warm 0 cold 2741097
hot 460340 warm 2727261 cold 0
hot 473658 warm 0 cold 2713939
hot 491587 warm 0 cold 2696006
hot 509002 warm 0 cold 2679099
hot 528466 warm 0 cold 2659631
hot 542810 warm 0 cold 2645283
hot 559714 warm 0 cold 2628887
hot 63511 warm 0 cold 45568
hot 126555 warm 0 cold 3101973
hot 695331 warm 0 cold 2533151
hot 735783 warm 0 cold 2492669
hot 711263 warm 0 cold 2464497
hot 743522 warm 0 cold 2442474
hot 781923 warm 0 cold 2412261
hot 811112 warm 0 cold 2389212
hot 838251 warm 0 cold 2367189
hot 844391 warm 0 cold 2364629
hot 863337 warm 0 cold 2348239
hot 889965 warm 0 cold 2323655
hot 913518 warm 0 cold 2302146
hot 943734 warm 0 cold 2273974
hot 970873 warm 0 cold 2247855
hot 141369 warm 0 cold 3079915
hot 142929 warm 0 cold 3078351
hot 146531 warm 860694 cold 2214051
hot 152190 warm 867324 cold 2201758
hot 157845 warm 0 cold 3065471
hot 162476 warm 0 cold 3060836
hot 166595 warm 0 cold 3057225
hot 169685 warm 921001 cold 2133130
hot 174835 warm 0 cold 3048977
hot 179469 warm 941946 cold 2102393
hot 181543 warm 0 cold 3042261
hot 187712 warm 0 cold 3036600
hot 141711 warm 975150 cold 2057831
hot 158124 warm 985364 cold 2044512
hot 164791 warm 996106 cold 2029659
hot 172494 warm 1008372 cold 2014294
hot 180708 warm 1019102 cold 2000978
hot 188927 warm 1026760 cold 1989193
hot 193045 warm 1038519 cold 1975360
hot 201771 warm 1046180 cold 1963065
hot 207941 warm 1053329 cold 1951790
hot 211538 warm 1064582 cold 1936936
hot 217713 warm 1070188 cold 1926687
hot 224400 warm 1076821 cold 1913875
hot 231596 warm 1079872 cold 1904648
hot 238282 warm 0 cold 2978342
hot 244446 warm 0 cold 2972174
hot 250097 warm 1099267 cold 1867764
hot 256770 warm 0 cold 2960866
hot 264462 warm 0 cold 2955730
hot 272169 warm 0 cold 2948019
hot 280387 warm 0 cold 2940309
hot 63001 warm 0 cold 971264
hot 122553 warm 0 cold 3105596
hot 122574 warm 0 cold 3105546
hot 299238 warm 0 cold 2867998
hot 328442 warm 0 cold 2847496
hot 357647 warm 1078080 cold 1747375
hot 383775 warm 1067317 cold 1738150
hot 410933 warm 1057572 cold 1726365
hot 439114 warm 0 cold 2760360
hot 460116 warm 0 cold 2740378
hot 485219 warm 1014517 cold 1704850
hot 508284 warm 0 cold 2698346
hot 531337 warm 0 cold 2677849
hot 559519 warm 0 cold 2652223
hot 575405 warm 0 cold 2636845
hot 598984 warm 956064 cold 1659246
hot 626650 warm 0 cold 2588664
hot 649205 warm 0 cold 2568153
hot 673792 warm 0 cold 2543562
hot 697366 warm 0 cold 2522032
hot 721453 warm 0 cold 2498965
hot 742469 warm 0 cold 2477945
hot 770134 warm 0 cold 2450788
hot 788583 warm 0 cold 2432335
hot 811642 warm 0 cold 2409784
hot 830596 warm 0 cold 2391338
hot 851612 warm 0 cold 2370318
hot 830689 warm 0 cold 2347253
hot 857848 warm 0 cold 2327258
hot 884486 warm 0 cold 2304712
hot 903452 warm 0 cold 2289326
hot 923438 warm 0 cold 2274456
hot 937787 warm 0 cold 2262663
hot 962892 warm 0 cold 2242162
hot 977767 warm 0 cold 2229331
hot 996728 warm 0 cold 2213438
hot 139244 warm 0 cold 3071942
hot 142845 warm 0 cold 3070385
hot 147987 warm 0 cold 3066775
hot 152094 warm 0 cold 3064200
hot 152638 warm 0 cold 3063652
hot 155219 warm 936868 cold 2124711
hot 160868 warm 0 cold 3056438
hot 162934 warm 0 cold 3054368
hot 168073 warm 0 cold 3050249
hot 169628 warm 0 cold 3048690
hot 173227 warm 0 cold 3045087
hot 179894 warm 0 cold 3039440
hot 186571 warm 992668 cold 2041115
hot 191194 warm 0 cold 3030180
hot 143637 warm 0 cold 3026069
hot 77350 warm 0 cold 3105609
hot 83508 warm 0 cold 3105594
hot 208143 warm 1013659 cold 1971393
hot 232219 warm 1000858 cold 1962674
hot 253229 warm 999322 cold 1946781
hot 273730 warm 993176 cold 1936518
hot 297300 warm 0 cold 2907656
hot 318823 warm 0 cold 2888689
hot 340852 warm 0 cold 2869216
hot 361352 warm 0 cold 2852296
hot 381336 warm 0 cold 2834356
hot 403377 warm 0 cold 2814359
hot 418745 warm 933777 cold 1865722
hot 439762 warm 0 cold 2779502
hot 467421 warm 0 cold 2753375
hot 489966 warm 0 cold 2731338
hot 509952 warm 0 cold 2711348
hot 533522 warm 0 cold 2688286
hot 556069 warm 0 cold 2666247
hot 574521 warm 0 cold 2647791
hot 594504 warm 0 cold 2628316
hot 616024 warm 0 cold 2606792
hot 584842 warm 812426 cold 1769765
hot 618645 warm 788873 cold 1764119
hot 646314 warm 775559 cold 1757952
hot 681662 warm 0 cold 2505839
hot 705228 warm 0 cold 2489437
hot 727263 warm 731014 cold 1739456
hot 745196 warm 0 cold 2455093
hot 769785 warm 0 cold 2433060
hot 791811 warm 0 cold 2412054
hot 814359 warm 0 cold 2391550
hot 833843 warm 0 cold 2374121
hot 852816 warm 0 cold 2356686
hot 874345 warm 0 cold 2337715
hot 893811 warm 0 cold 2318760
hot 907658 warm 0 cold 2304912
hot 918419 warm 0 cold 2294147
hot 934313 warm 0 cold 2280297
hot 956859 warm 0 cold 2259284
hot 972755 warm 0 cold 2243384
hot 990698 warm 0 cold 2225951
hot 158563 warm 846487 cold 2212111
hot 161663 warm 0 cold 3055500
hot 164244 warm 0 cold 3052919
hot 167336 warm 0 cold 3050852
hot 118251 warm 0 cold 3045712
hot 126965 warm 901778 cold 2140848
hot 137224 warm 913554 cold 2125977
hot 148496 warm 921234 cold 2113677
hot 98853 warm 83347 cold 2120184
hot 102972 warm 93070 cold 3012847
hot 106058 warm 100238 cold 3005661
hot 222184 warm 980622 cold 2010171
hot 235512 warm 985227 cold 1993258
hot 249867 warm 0 cold 2964126
hot 267292 warm 0 cold 2947721
hot 284204 warm 0 cold 2932341
hot 302137 warm 0 cold 2915428
hot 320094 warm 0 cold 2898498
hot 338025 warm 0 cold 2881075
hot 359037 warm 0 cold 2860571
hot 383119 warm 0 cold 2838021
hot 402085 warm 0 cold 2819563
hot 426153 warm 0 cold 2797027
hot 440514 warm 907395 cold 1875267
hot 464598 warm 0 cold 2758574
hot 483040 warm 0 cold 2740128
hot 512241 warm 0 cold 2711435
hot 465985 warm 0 cold 2696555
hot 489554 warm 0 cold 2683222
hot 517725 warm 835709 cold 1827018
hot 548969 warm 818812 cold 1821371
hot 575614 warm 0 cold 2617118
hot 602768 warm 0 cold 2592520
hot 624293 warm 0 cold 2573039
hot 651958 warm 0 cold 2548954
hot 671935 warm 0 cold 2529997
hot 700621 warm 0 cold 2502843
hot 718567 warm 0 cold 2487467
hot 743160 warm 0 cold 2463384
hot 763148 warm 0 cold 2443907
hot 782629 warm 0 cold 2426985
hot 799545 warm 0 cold 2410578
hot 820547 warm 0 cold 2390084
hot 843608 warm 0 cold 2368555
hot 861031 warm 0 cold 2352153
hot 877949 warm 0 cold 2335231
hot 893841 warm 0 cold 2319338
hot 913829 warm 0 cold 2300370
hot 932790 warm 0 cold 2281405
hot 950212 warm 0 cold 2263980
hot 966623 warm 0 cold 2248079
