pgmigrate_success 53704798
pgmigrate_fail 141202
thp_migration_success 41034
thp_migration_fail 0
thp_migration_split 0
thp_fault_alloc 134192
thp_fault_fallback 0
thp_fault_fallback_charge 0
thp_collapse_alloc 39032
thp_collapse_alloc_failed 82
thp_file_alloc 156
thp_file_fallback 0
thp_file_fallback_charge 0
thp_file_mapped 0
thp_split_page 1896
thp_split_page_failed 26
thp_deferred_split_page 35584
thp_split_pmd 104111
thp_split_pud 0
thp_zero_page_alloc 1
thp_zero_page_alloc_failed 0
thp_swpout 0
thp_swpout_fallback 0
htmm_nr_promoted 10599156
htmm_nr_demoted 40501499
htmm_nr_sampled 0
htmm_missed_dramread 36
htmm_missed_nvmread 0
htmm_missed_write 0
htmm_alloc_dram 112992949
htmm_alloc_nvm 0
