pgmigrate_success 53704798
pgmigrate_success 53704798
pgmigrate_success 53704798
pgmigrate_success 53704798
pgmigrate_success 53704798
pgmigrate_success 53704798
pgmigrate_success 53704798
pgmigrate_success 53705150
pgmigrate_success 53705150
pgmigrate_success 53705150
pgmigrate_success 53705150
pgmigrate_success 53783486
pgmigrate_success 53845694
pgmigrate_success 53893662
pgmigrate_success 53965118
pgmigrate_success 54035646
pgmigrate_success 54139966
pgmigrate_success 54212158
pgmigrate_success 54269470
pgmigrate_success 54316510
pgmigrate_success 54363582
pgmigrate_success 54433694
pgmigrate_success 54480926
pgmigrate_success 54551518
pgmigrate_success 54598174
pgmigrate_success 54645886
pgmigrate_success 54692542
pgmigrate_success 54754078
pgmigrate_success 54808926
pgmigrate_success 54856158
pgmigrate_success 54903262
pgmigrate_success 54950302
pgmigrate_success 55001630
pgmigrate_success 55036350
pgmigrate_success 55118622
pgmigrate_success 55165214
pgmigrate_success 55223038
pgmigrate_success 55282334
pgmigrate_success 55377150
pgmigrate_success 55465336
pgmigrate_success 55573383
pgmigrate_success 55638358
pgmigrate_success 55712377
pgmigrate_success 55788471
pgmigrate_success 55867896
pgmigrate_success 55946363
pgmigrate_success 55993659
pgmigrate_success 56040699
pgmigrate_success 56081595
pgmigrate_success 56128251
pgmigrate_success 56176603
pgmigrate_success 56225691
pgmigrate_success 56286427
pgmigrate_success 56340155
pgmigrate_success 56387259
pgmigrate_success 56434299
pgmigrate_success 56480891
pgmigrate_success 56528475
pgmigrate_success 56584571
pgmigrate_success 56645371
pgmigrate_success 56692411
pgmigrate_success 56739451
pgmigrate_success 56786491
pgmigrate_success 56833659
pgmigrate_success 56900731
pgmigrate_success 57076661
pgmigrate_success 57273269
pgmigrate_success 57602997
pgmigrate_success 57859509
pgmigrate_success 58142645
pgmigrate_success 58352075
pgmigrate_success 58353099
pgmigrate_success 58353099
pgmigrate_success 58353099
pgmigrate_success 58353099
pgmigrate_success 58353099
pgmigrate_success 58436569
pgmigrate_success 58541225
pgmigrate_success 58655512
pgmigrate_success 58740506
pgmigrate_success 58850588
pgmigrate_success 58962720
pgmigrate_success 59007776
pgmigrate_success 59065633
pgmigrate_success 59132709
pgmigrate_success 59184422
pgmigrate_success 59211558
pgmigrate_success 59258151
pgmigrate_success 59370427
pgmigrate_success 59409851
pgmigrate_success 59444667
pgmigrate_success 59479483
pgmigrate_success 59516859
pgmigrate_success 59535291
pgmigrate_success 59555771
pgmigrate_success 59588029
pgmigrate_success 59605949
pgmigrate_success 59657663
pgmigrate_success 59657677
pgmigrate_success 59657678
pgmigrate_success 59657679
pgmigrate_success 59657680
pgmigrate_success 59657681
pgmigrate_success 59657682
pgmigrate_success 59657683
pgmigrate_success 59657684
pgmigrate_success 59657685
pgmigrate_success 59657686
pgmigrate_success 59657687
pgmigrate_success 59657688
pgmigrate_success 59659049
pgmigrate_success 59659050
pgmigrate_success 59659051
pgmigrate_success 59659052
pgmigrate_success 59659053
pgmigrate_success 59659054
pgmigrate_success 59659055
pgmigrate_success 59659056
pgmigrate_success 59659057
pgmigrate_success 59659058
pgmigrate_success 59659059
pgmigrate_success 59659060
pgmigrate_success 59659061
pgmigrate_success 59659062
pgmigrate_success 59659063
pgmigrate_success 59659064
pgmigrate_success 59659065
pgmigrate_success 59659066
pgmigrate_success 59659067
pgmigrate_success 59659068
pgmigrate_success 59659069
pgmigrate_success 59659070
pgmigrate_success 59659071
pgmigrate_success 59659072
pgmigrate_success 59659073
pgmigrate_success 59659074
pgmigrate_success 59659075
pgmigrate_success 59659076
pgmigrate_success 59659077
pgmigrate_success 59659078
pgmigrate_success 59659079
pgmigrate_success 59659080
pgmigrate_success 59659596
pgmigrate_success 59659596
pgmigrate_success 59659597
pgmigrate_success 59659598
pgmigrate_success 59659610
pgmigrate_success 59659611
pgmigrate_success 59659614
pgmigrate_success 59659615
pgmigrate_success 59659616
pgmigrate_success 59659617
pgmigrate_success 59659618
pgmigrate_success 59659619
pgmigrate_success 59659620
pgmigrate_success 59659621
pgmigrate_success 59659622
pgmigrate_success 59659623
pgmigrate_success 59659624
pgmigrate_success 59659625
pgmigrate_success 59659626
pgmigrate_success 59659627
pgmigrate_success 59659628
pgmigrate_success 59659629
pgmigrate_success 59659630
pgmigrate_success 59659631
pgmigrate_success 59659632
pgmigrate_success 59659633
pgmigrate_success 59659634
pgmigrate_success 59659635
pgmigrate_success 59659636
pgmigrate_success 59659637
pgmigrate_success 59659638
pgmigrate_success 59659639
pgmigrate_success 59660013
pgmigrate_success 59660014
pgmigrate_success 59660015
pgmigrate_success 59660016
pgmigrate_success 59660017
pgmigrate_success 59660018
pgmigrate_success 59660019
pgmigrate_success 59660020
pgmigrate_success 59660021
pgmigrate_success 59660022
pgmigrate_success 59660023
pgmigrate_success 59660024
pgmigrate_success 59660025
pgmigrate_success 59660026
pgmigrate_success 59660027
pgmigrate_success 59660028
pgmigrate_success 59660029
pgmigrate_success 59660030
pgmigrate_success 59660031
pgmigrate_success 59660032
pgmigrate_success 59660033
pgmigrate_success 59660034
pgmigrate_success 59660035
pgmigrate_success 59660036
pgmigrate_success 59660037
pgmigrate_success 59660038
pgmigrate_success 59660039
pgmigrate_success 59660040
pgmigrate_success 59660041
pgmigrate_success 59660042
pgmigrate_success 59660043
pgmigrate_success 59660276
pgmigrate_success 59660277
pgmigrate_success 59660278
pgmigrate_success 59660279
pgmigrate_success 59660279
pgmigrate_success 59660280
pgmigrate_success 59660281
pgmigrate_success 59660282
pgmigrate_success 59660296
pgmigrate_success 59660298
pgmigrate_success 59660299
pgmigrate_success 59660300
pgmigrate_success 59660301
pgmigrate_success 59660302
pgmigrate_success 59660303
pgmigrate_success 59660304
pgmigrate_success 59660305
pgmigrate_success 59660306
pgmigrate_success 59660307
pgmigrate_success 59660308
pgmigrate_success 59660309
pgmigrate_success 59660310
pgmigrate_success 59660311
pgmigrate_success 59660312
pgmigrate_success 59660313
pgmigrate_success 59660314
pgmigrate_success 59660315
pgmigrate_success 59660316
pgmigrate_success 59660317
pgmigrate_success 59660318
pgmigrate_success 59660319
pgmigrate_success 59660320
pgmigrate_success 59660602
pgmigrate_success 59660603
pgmigrate_success 59660604
pgmigrate_success 59660605
pgmigrate_success 59660606
pgmigrate_success 59660607
pgmigrate_success 59660608
pgmigrate_success 59660609
pgmigrate_success 59660610
pgmigrate_success 59660611
pgmigrate_success 59660612
pgmigrate_success 59660613
pgmigrate_success 59660614
pgmigrate_success 59660615
pgmigrate_success 59660616
pgmigrate_success 59660617
pgmigrate_success 59660618
pgmigrate_success 59660619
pgmigrate_success 59660620
pgmigrate_success 59660621
pgmigrate_success 59660622
pgmigrate_success 59660623
pgmigrate_success 59660624
pgmigrate_success 59660625
pgmigrate_success 59660626
pgmigrate_success 59660627
pgmigrate_success 59660628
pgmigrate_success 59660629
pgmigrate_success 59660630
pgmigrate_success 59660631
pgmigrate_success 59660632
pgmigrate_success 59660633
pgmigrate_success 59661025
pgmigrate_success 59661027
pgmigrate_success 59661028
pgmigrate_success 59661029
pgmigrate_success 59661030
pgmigrate_success 59661031
pgmigrate_success 59661032
pgmigrate_success 59661032
pgmigrate_success 59661033
pgmigrate_success 59661034
pgmigrate_success 59661549
pgmigrate_success 59661551
pgmigrate_success 59661552
pgmigrate_success 59661553
pgmigrate_success 59661554
pgmigrate_success 59661555
pgmigrate_success 59661556
pgmigrate_success 59661557
pgmigrate_success 59661558
pgmigrate_success 59661559
pgmigrate_success 59661560
pgmigrate_success 59661561
pgmigrate_success 59661562
pgmigrate_success 59661563
pgmigrate_success 59662077
pgmigrate_success 59662078
pgmigrate_success 59662078
pgmigrate_success 59662590
pgmigrate_success 59663102
pgmigrate_success 59663102
