pgmigrate_success 11390963
pgmigrate_success 11390963
pgmigrate_success 11390963
pgmigrate_success 11390963
pgmigrate_success 11390963
pgmigrate_success 11390963
pgmigrate_success 11390963
pgmigrate_success 11390963
pgmigrate_success 11390963
pgmigrate_success 11390963
pgmigrate_success 11390963
pgmigrate_success 11497107
pgmigrate_success 11626743
pgmigrate_success 11720855
pgmigrate_success 11823927
pgmigrate_success 11933015
pgmigrate_success 12055371
pgmigrate_success 12191638
pgmigrate_success 12340590
pgmigrate_success 12457540
pgmigrate_success 12577407
pgmigrate_success 12687567
pgmigrate_success 12788303
pgmigrate_success 12883599
pgmigrate_success 12981419
pgmigrate_success 13097674
pgmigrate_success 13178731
pgmigrate_success 13290123
pgmigrate_success 13385419
pgmigrate_success 13481547
pgmigrate_success 13578090
pgmigrate_success 13680714
pgmigrate_success 13762129
pgmigrate_success 13802801
pgmigrate_success 13904539
pgmigrate_success 13998683
pgmigrate_success 14092832
pgmigrate_success 14189730
pgmigrate_success 14308063
pgmigrate_success 14402209
pgmigrate_success 14497702
pgmigrate_success 14592747
pgmigrate_success 14686891
pgmigrate_success 14783211
pgmigrate_success 14875184
pgmigrate_success 14972877
pgmigrate_success 15090282
pgmigrate_success 15184431
pgmigrate_success 15255274
pgmigrate_success 15349418
pgmigrate_success 15445162
pgmigrate_success 15550570
pgmigrate_success 15655471
pgmigrate_success 15749615
pgmigrate_success 15848970
pgmigrate_success 15958250
pgmigrate_success 16055856
pgmigrate_success 16150000
pgmigrate_success 16254635
pgmigrate_success 16362219
pgmigrate_success 16456363
pgmigrate_success 16552203
pgmigrate_success 16662123
pgmigrate_success 16746769
pgmigrate_success 16865567
pgmigrate_success 17113074
pgmigrate_success 17318416
pgmigrate_success 17505554
pgmigrate_success 17730624
pgmigrate_success 17912561
pgmigrate_success 18070910
pgmigrate_success 18074508
pgmigrate_success 18074520
pgmigrate_success 18098778
pgmigrate_success 18105498
pgmigrate_success 18127099
pgmigrate_success 18127628
pgmigrate_success 18127640
pgmigrate_success 18150940
pgmigrate_success 18181877
pgmigrate_success 18213883
pgmigrate_success 18224202
pgmigrate_success 18242175
pgmigrate_success 18267817
pgmigrate_success 18267852
pgmigrate_success 18359078
pgmigrate_success 18437445
pgmigrate_success 18529210
pgmigrate_success 18590672
pgmigrate_success 18661840
pgmigrate_success 18679772
pgmigrate_success 18784733
pgmigrate_success 18823145
pgmigrate_success 18886450
pgmigrate_success 18908999
pgmigrate_success 19012288
pgmigrate_success 19055300
pgmigrate_success 19105484
pgmigrate_success 19157195
pgmigrate_success 19218132
pgmigrate_success 19272417
pgmigrate_success 19322093
pgmigrate_success 19330645
pgmigrate_success 19330695
pgmigrate_success 19330745
pgmigrate_success 19330795
pgmigrate_success 19331341
pgmigrate_success 19331347
pgmigrate_success 19331348
pgmigrate_success 19331360
pgmigrate_success 19331366
pgmigrate_success 19331375
pgmigrate_success 19331389
pgmigrate_success 19356623
pgmigrate_success 19360010
pgmigrate_success 19360529
pgmigrate_success 19360535
pgmigrate_success 19360545
pgmigrate_success 19360549
pgmigrate_success 19360565
pgmigrate_success 19360576
pgmigrate_success 19360584
pgmigrate_success 19376978
pgmigrate_success 19384685
pgmigrate_success 19388404
pgmigrate_success 19402877
pgmigrate_success 19407490
pgmigrate_success 19417238
pgmigrate_success 19430558
pgmigrate_success 19439794
pgmigrate_success 19455158
pgmigrate_success 19475153
pgmigrate_success 19492074
pgmigrate_success 19506929
pgmigrate_success 19516159
pgmigrate_success 19530933
pgmigrate_success 19554013
pgmigrate_success 19572454
pgmigrate_success 19592955
pgmigrate_success 19625740
pgmigrate_success 19631898
pgmigrate_success 19648026
pgmigrate_success 19672728
pgmigrate_success 19688112
pgmigrate_success 19728064
pgmigrate_success 19750604
pgmigrate_success 19781069
pgmigrate_success 19826499
pgmigrate_success 19870555
pgmigrate_success 19901278
pgmigrate_success 19927919
pgmigrate_success 19945848
pgmigrate_success 19972496
pgmigrate_success 20003238
pgmigrate_success 20025400
pgmigrate_success 20048365
pgmigrate_success 20083188
pgmigrate_success 20108293
pgmigrate_success 20134428
pgmigrate_success 20178902
pgmigrate_success 20204528
pgmigrate_success 20231432
pgmigrate_success 20260633
pgmigrate_success 20292409
pgmigrate_success 20298061
pgmigrate_success 20298073
pgmigrate_success 20298597
pgmigrate_success 20298617
pgmigrate_success 20298617
pgmigrate_success 20298632
pgmigrate_success 20298632
pgmigrate_success 20298656
pgmigrate_success 20298666
pgmigrate_success 20298677
pgmigrate_success 20298678
pgmigrate_success 20298678
pgmigrate_success 20298925
pgmigrate_success 20298946
pgmigrate_success 20299484
pgmigrate_success 20299484
pgmigrate_success 20299484
pgmigrate_success 20307803
pgmigrate_success 20309613
pgmigrate_success 20312695
pgmigrate_success 20317842
pgmigrate_success 20324532
pgmigrate_success 20336874
pgmigrate_success 20349182
pgmigrate_success 20357379
pgmigrate_success 20366108
pgmigrate_success 20370233
pgmigrate_success 20399459
pgmigrate_success 20419969
pgmigrate_success 20443044
pgmigrate_success 20461489
pgmigrate_success 20473287
pgmigrate_success 20485083
pgmigrate_success 20496874
pgmigrate_success 20513283
pgmigrate_success 20526116
pgmigrate_success 20552270
pgmigrate_success 20574302
pgmigrate_success 20589167
pgmigrate_success 20620447
pgmigrate_success 20641984
pgmigrate_success 20663501
pgmigrate_success 20683495
pgmigrate_success 20700929
pgmigrate_success 20720410
pgmigrate_success 20748080
pgmigrate_success 20770636
pgmigrate_success 20811641
pgmigrate_success 20839813
pgmigrate_success 20859280
pgmigrate_success 20891795
pgmigrate_success 20911276
pgmigrate_success 20938431
pgmigrate_success 20958410
pgmigrate_success 20993768
pgmigrate_success 21021956
pgmigrate_success 21052190
pgmigrate_success 21080878
pgmigrate_success 21104965
pgmigrate_success 21134677
pgmigrate_success 21162860
pgmigrate_success 21187960
pgmigrate_success 21204898
pgmigrate_success 21205460
pgmigrate_success 21205502
pgmigrate_success 21208634
pgmigrate_success 21209685
pgmigrate_success 21210733
pgmigrate_success 21210765
pgmigrate_success 21211299
pgmigrate_success 21212866
pgmigrate_success 21218508
pgmigrate_success 21219552
pgmigrate_success 21221625
pgmigrate_success 21222663
pgmigrate_success 21223699
pgmigrate_success 21225770
pgmigrate_success 21228871
pgmigrate_success 21230936
pgmigrate_success 21232490
pgmigrate_success 21234566
pgmigrate_success 21243469
pgmigrate_success 21248009
pgmigrate_success 21254181
pgmigrate_success 21260340
pgmigrate_success 21270608
pgmigrate_success 21281904
pgmigrate_success 21291651
pgmigrate_success 21301965
pgmigrate_success 21309661
pgmigrate_success 21321960
pgmigrate_success 21330678
pgmigrate_success 21339916
pgmigrate_success 21351202
pgmigrate_success 21358913
pgmigrate_success 21369170
pgmigrate_success 21375847
pgmigrate_success 21393803
pgmigrate_success 21407633
pgmigrate_success 21418418
pgmigrate_success 21442505
pgmigrate_success 21452252
pgmigrate_success 21468139
pgmigrate_success 21478403
pgmigrate_success 21514798
pgmigrate_success 21528635
pgmigrate_success 21532754
pgmigrate_success 21564015
pgmigrate_success 21576322
pgmigrate_success 21583511
pgmigrate_success 21614270
pgmigrate_success 21638354
pgmigrate_success 21664483
pgmigrate_success 21689161
pgmigrate_success 21716369
pgmigrate_success 21740826
pgmigrate_success 21792266
pgmigrate_success 21813780
pgmigrate_success 21836835
pgmigrate_success 21859385
pgmigrate_success 21890646
pgmigrate_success 21921903
pgmigrate_success 21944451
pgmigrate_success 21975700
pgmigrate_success 22002343
pgmigrate_success 22020779
pgmigrate_success 22042820
pgmigrate_success 22080213
pgmigrate_success 22111991
pgmigrate_success 22112003
pgmigrate_success 22112015
pgmigrate_success 22112027
pgmigrate_success 22112046
pgmigrate_success 22123403
pgmigrate_success 22124444
