pgmigrate_success 199183736
pgmigrate_success 199183740
pgmigrate_success 199183741
pgmigrate_success 199183742
pgmigrate_success 199183743
pgmigrate_success 199183744
pgmigrate_success 199183746
pgmigrate_success 199183747
pgmigrate_success 199183748
pgmigrate_success 199183749
pgmigrate_success 199183750
pgmigrate_success 199183751
pgmigrate_success 199183752
pgmigrate_success 199183753
pgmigrate_success 199263305
pgmigrate_success 199354442
pgmigrate_success 199467082
pgmigrate_success 199558987
pgmigrate_success 199663947
pgmigrate_success 199775275
pgmigrate_success 199863083
pgmigrate_success 199973963
pgmigrate_success 200138997
pgmigrate_success 200243642
pgmigrate_success 200444614
pgmigrate_success 200581879
pgmigrate_success 200678072
pgmigrate_success 200769339
pgmigrate_success 200881982
pgmigrate_success 200972441
pgmigrate_success 201078841
pgmigrate_success 201163582
pgmigrate_success 201272755
pgmigrate_success 201309779
pgmigrate_success 201397724
pgmigrate_success 201483740
pgmigrate_success 201596444
pgmigrate_success 201692481
pgmigrate_success 201793825
pgmigrate_success 201897761
pgmigrate_success 201990684
pgmigrate_success 202077661
pgmigrate_success 202180386
pgmigrate_success 202275357
pgmigrate_success 202362333
pgmigrate_success 202477018
pgmigrate_success 202565114
pgmigrate_success 202674714
pgmigrate_success 202731034
pgmigrate_success 202846746
pgmigrate_success 202940991
pgmigrate_success 203045221
pgmigrate_success 203150642
pgmigrate_success 203244083
pgmigrate_success 203357689
pgmigrate_success 203443769
pgmigrate_success 203557434
pgmigrate_success 203645727
pgmigrate_success 203754815
pgmigrate_success 203853631
pgmigrate_success 203951674
pgmigrate_success 204059194
pgmigrate_success 204149055
pgmigrate_success 204259100
pgmigrate_success 204341022
pgmigrate_success 204428595
pgmigrate_success 204570052
pgmigrate_success 204698052
pgmigrate_success 204753348
pgmigrate_success 204768708
pgmigrate_success 204800452
pgmigrate_success 204826052
pgmigrate_success 204848580
pgmigrate_success 204941252
pgmigrate_success 205078984
pgmigrate_success 205268438
pgmigrate_success 205276632
pgmigrate_success 205276633
pgmigrate_success 205306331
pgmigrate_success 205320160
pgmigrate_success 205339107
pgmigrate_success 205339108
pgmigrate_success 205339109
pgmigrate_success 205372391
pgmigrate_success 205372392
pgmigrate_success 205378024
pgmigrate_success 205463016
pgmigrate_success 205497832
pgmigrate_success 205543912
pgmigrate_success 205592042
pgmigrate_success 205656554
pgmigrate_success 205711340
pgmigrate_success 205970005
pgmigrate_success 206089301
pgmigrate_success 206089301
pgmigrate_success 206089301
pgmigrate_success 206089301
pgmigrate_success 206098947
pgmigrate_success 206145071
pgmigrate_success 206148143
pgmigrate_success 206188063
pgmigrate_success 206193702
pgmigrate_success 206202918
pgmigrate_success 206210100
pgmigrate_success 206210612
pgmigrate_success 206210612
pgmigrate_success 206250771
pgmigrate_success 206259476
pgmigrate_success 206271796
pgmigrate_success 206271796
pgmigrate_success 206271796
pgmigrate_success 206271796
pgmigrate_success 206291711
pgmigrate_success 206293299
pgmigrate_success 206293300
pgmigrate_success 206372672
pgmigrate_success 206422871
pgmigrate_success 206455807
pgmigrate_success 206490721
pgmigrate_success 206534304
pgmigrate_success 206564053
pgmigrate_success 206589686
pgmigrate_success 206612761
pgmigrate_success 206634826
pgmigrate_success 206651773
pgmigrate_success 206677943
pgmigrate_success 206707142
pgmigrate_success 206721507
pgmigrate_success 206753421
pgmigrate_success 206775527
pgmigrate_success 206810605
pgmigrate_success 206822162
pgmigrate_success 206831828
pgmigrate_success 206831832
pgmigrate_success 206831832
pgmigrate_success 206909701
pgmigrate_success 206932761
pgmigrate_success 206932761
pgmigrate_success 206932761
pgmigrate_success 206932761
pgmigrate_success 206932761
pgmigrate_success 206932761
pgmigrate_success 206932761
pgmigrate_success 206950733
pgmigrate_success 206967683
pgmigrate_success 206986138
pgmigrate_success 207002041
pgmigrate_success 207017947
pgmigrate_success 207031793
pgmigrate_success 207034609
pgmigrate_success 207037713
pgmigrate_success 207037728
pgmigrate_success 207180064
pgmigrate_success 207231807
pgmigrate_success 207264085
pgmigrate_success 207304030
pgmigrate_success 207345021
pgmigrate_success 207352193
pgmigrate_success 207422890
pgmigrate_success 207461310
pgmigrate_success 207461310
pgmigrate_success 207461310
pgmigrate_success 207474157
pgmigrate_success 207474757
pgmigrate_success 207474757
pgmigrate_success 207474757
pgmigrate_success 207474757
pgmigrate_success 207474757
pgmigrate_success 207475277
pgmigrate_success 207475277
pgmigrate_success 207558374
pgmigrate_success 207580933
pgmigrate_success 207589644
pgmigrate_success 207609146
pgmigrate_success 207632238
pgmigrate_success 207650706
pgmigrate_success 207665056
pgmigrate_success 207685544
pgmigrate_success 207707087
pgmigrate_success 207723493
pgmigrate_success 207749114
pgmigrate_success 207774230
pgmigrate_success 207790121
pgmigrate_success 207813172
pgmigrate_success 207832184
pgmigrate_success 207857303
pgmigrate_success 207879853
pgmigrate_success 207897277
pgmigrate_success 207931628
pgmigrate_success 207952150
pgmigrate_success 207984955
pgmigrate_success 208009558
pgmigrate_success 208029546
pgmigrate_success 208038767
pgmigrate_success 208040461
pgmigrate_success 208046090
pgmigrate_success 208046090
pgmigrate_success 208046090
pgmigrate_success 208046090
pgmigrate_success 208046090
pgmigrate_success 208046090
pgmigrate_success 208046090
pgmigrate_success 208046090
pgmigrate_success 208046090
pgmigrate_success 208108057
pgmigrate_success 208146557
pgmigrate_success 208146557
pgmigrate_success 208304590
pgmigrate_success 208316392
pgmigrate_success 208322569
pgmigrate_success 208329244
pgmigrate_success 208330271
pgmigrate_success 208330275
pgmigrate_success 208330275
pgmigrate_success 208330277
pgmigrate_success 208330277
pgmigrate_success 208337957
pgmigrate_success 208358471
pgmigrate_success 208366683
pgmigrate_success 208382068
pgmigrate_success 208400020
pgmigrate_success 208412831
pgmigrate_success 208429755
pgmigrate_success 208447186
pgmigrate_success 208465650
pgmigrate_success 208486197
pgmigrate_success 208521006
pgmigrate_success 208547665
pgmigrate_success 208556379
pgmigrate_success 208568676
pgmigrate_success 208591751
pgmigrate_success 208610743
pgmigrate_success 208619459
pgmigrate_success 208631248
pgmigrate_success 208645100
pgmigrate_success 208660468
pgmigrate_success 208680482
pgmigrate_success 208700489
pgmigrate_success 208722535
pgmigrate_success 208748158
pgmigrate_success 208775325
pgmigrate_success 208796344
pgmigrate_success 208817356
pgmigrate_success 208839394
pgmigrate_success 208854759
pgmigrate_success 208859881
pgmigrate_success 208859881
pgmigrate_success 208859881
pgmigrate_success 208859881
pgmigrate_success 208859881
pgmigrate_success 208859881
pgmigrate_success 208961390
pgmigrate_success 208961390
pgmigrate_success 208961390
pgmigrate_success 208961390
pgmigrate_success 208961390
pgmigrate_success 208961390
pgmigrate_success 208961390
pgmigrate_success 208969207
pgmigrate_success 208969207
pgmigrate_success 208969207
pgmigrate_success 208969207
pgmigrate_success 208969207
pgmigrate_success 208969207
pgmigrate_success 208969207
pgmigrate_success 209014951
pgmigrate_success 209033418
pgmigrate_success 209044748
pgmigrate_success 209046294
pgmigrate_success 209068901
pgmigrate_success 209080182
pgmigrate_success 209085815
pgmigrate_success 209093005
pgmigrate_success 209107876
pgmigrate_success 209109413
pgmigrate_success 209127880
pgmigrate_success 209142282
pgmigrate_success 209157190
pgmigrate_success 209172061
pgmigrate_success 209184869
pgmigrate_success 209192563
pgmigrate_success 209207425
pgmigrate_success 209231525
pgmigrate_success 209254116
pgmigrate_success 209273592
pgmigrate_success 209273592
pgmigrate_success 209273592
pgmigrate_success 209273592
pgmigrate_success 209284368
pgmigrate_success 209305386
pgmigrate_success 209332603
pgmigrate_success 209358729
pgmigrate_success 209378729
pgmigrate_success 209402818
pgmigrate_success 209413576
pgmigrate_success 209433040
pgmigrate_success 209455074
pgmigrate_success 209470974
