anon 888832
anon_thp 0
anon 195960832
anon_thp 192937984
anon 397283328
anon_thp 394264576
anon 610332672
anon_thp 606076928
anon 813760512
anon_thp 809500672
anon 1023479808
anon_thp 1019215872
anon 1224802304
anon_thp 1220542464
anon 1411448832
anon_thp 1407188992
anon 1610682368
anon_thp 1606418432
anon 1820393472
anon_thp 1816133632
anon 2030112768
anon_thp 2025848832
anon 2237726720
anon_thp 2233466880
anon 2449539072
anon_thp 2445279232
anon 2650869760
anon_thp 2646605824
anon 2862678016
anon_thp 2858418176
anon 3068198912
anon_thp 3063939072
anon 3280011264
anon_thp 3275751424
anon 3485532160
anon_thp 3481272320
anon 3699445760
anon_thp 3695181824
anon 3904962560
anon_thp 3900702720
anon 4114677760
anon_thp 4110417920
anon 4324392960
anon_thp 4320133120
anon 4532011008
anon_thp 4527751168
anon 4741726208
anon_thp 4737466368
anon 4945149952
anon_thp 4940890112
anon 5159055360
anon_thp 5066719232
anon 5343608832
anon_thp 5098176512
anon 5553324032
anon_thp 5100273664
anon 5758844928
anon_thp 5156896768
anon 5970657280
anon_thp 5368709120
anon 6169886720
anon_thp 5567938560
anon 6579224576
anon_thp 5804916736
anon 6860099584
anon_thp 6058672128
anon 6860103680
anon_thp 6058672128
anon 6977863680
anon_thp 6176112640
anon 7179190272
anon_thp 6377439232
anon 7374229504
anon_thp 6572474368
anon 7577649152
anon_thp 6775898112
anon 7776878592
anon_thp 6975127552
anon 7982399488
anon_thp 7180648448
anon 8187920384
anon_thp 7386169344
anon 8351498240
anon_thp 7549747200
anon 8559120384
anon_thp 7757365248
anon 8764637184
anon_thp 7962886144
anon 8944992256
anon_thp 8143241216
anon 9146322944
anon_thp 8344567808
anon 9353936896
anon_thp 8552185856
anon 9559461888
anon_thp 8757706752
anon 9693675520
anon_thp 8891924480
anon 9899196416
anon_thp 9097445376
anon 10108911616
anon_thp 9307160576
anon 10314432512
anon_thp 9512681472
anon 10519953408
anon_thp 9718202368
anon 10727571456
anon_thp 9925820416
anon 10933092352
anon_thp 10131341312
anon 11138613248
anon_thp 10336862208
anon 11346231296
anon_thp 10544480256
anon 11551752192
anon_thp 10750001152
anon 11757273088
anon_thp 10955522048
anon 11964891136
anon_thp 11163140096
anon 12170412032
anon_thp 11368660992
anon 12375932928
anon_thp 11574181888
anon 12583555072
anon_thp 11781799936
anon 13126766592
anon_thp 12280922112
anon 13224099840
anon_thp 12364808192
anon 13226196992
anon_thp 12366905344
anon 13226192896
anon_thp 12366905344
anon 13226192896
anon_thp 12366905344
anon 13224099840
anon_thp 12364808192
anon 13226196992
anon_thp 12366905344
anon 13226196992
anon_thp 12366905344
anon 13226188800
anon_thp 12366905344
anon 13226192896
anon_thp 12366905344
anon 13226192896
anon_thp 12366905344
anon 13226188800
anon_thp 12366905344
anon 13226188800
anon_thp 12366905344
anon 13226192896
anon_thp 12366905344
anon 13226192896
anon_thp 12366905344
anon 13226192896
anon_thp 12366905344
anon 13226196992
anon_thp 12366905344
anon 13224095744
anon_thp 12364808192
anon 13226196992
anon_thp 12366905344
anon 13226192896
anon_thp 12366905344
anon 13226192896
anon_thp 12366905344
anon 13226192896
anon_thp 12366905344
anon 13226192896
anon_thp 12366905344
anon 13226188800
anon_thp 12366905344
anon 13226192896
anon_thp 12366905344
anon 13226192896
anon_thp 12408848384
anon 13226192896
anon_thp 12408848384
anon 13226196992
anon_thp 12408848384
anon 13226188800
anon_thp 12408848384
anon 13226192896
anon_thp 12408848384
anon 13226188800
anon_thp 12408848384
anon 13226192896
anon_thp 12408848384
anon 13226192896
anon_thp 12408848384
anon 13226192896
anon_thp 12408848384
anon 13226188800
anon_thp 12408848384
anon 13226192896
anon_thp 12408848384
anon 13226196992
anon_thp 12408848384
anon 13226192896
anon_thp 12408848384
anon 13226196992
anon_thp 12408848384
anon 13226192896
anon_thp 12408848384
anon 13226196992
anon_thp 12408848384
anon 13226192896
anon_thp 12408848384
anon 13226196992
anon_thp 12408848384
anon 13226192896
anon_thp 12408848384
anon 13226188800
anon_thp 12408848384
anon 13226192896
anon_thp 12408848384
anon 13226192896
anon_thp 12408848384
anon 13226196992
anon_thp 12408848384
anon 13226192896
anon_thp 12408848384
anon 13226196992
anon_thp 12408848384
anon 13226192896
anon_thp 12408848384
anon 13226188800
anon_thp 12408848384
anon 13226196992
anon_thp 12408848384
anon 13226188800
anon_thp 12408848384
anon 13226192896
anon_thp 12408848384
anon 13226192896
anon_thp 12408848384
anon 13226196992
anon_thp 12408848384
anon 13226192896
anon_thp 12408848384
anon 13226192896
anon_thp 12408848384
anon 13226192896
anon_thp 12408848384
anon 13226188800
anon_thp 12408848384
anon 13226196992
anon_thp 12408848384
anon 13226192896
anon_thp 12408848384
anon 13226196992
anon_thp 12408848384
anon 13226192896
anon_thp 12408848384
anon 13226192896
anon_thp 12408848384
anon 13226196992
anon_thp 12408848384
anon 13226192896
anon_thp 12408848384
anon 13226196992
anon_thp 12408848384
anon 13226196992
anon_thp 12408848384
anon 13226192896
anon_thp 12408848384
anon 13226196992
anon_thp 12408848384
anon 13226196992
anon_thp 12408848384
anon 13226192896
anon_thp 12408848384
anon 13226192896
anon_thp 12408848384
anon 13226192896
anon_thp 12408848384
anon 13226196992
anon_thp 12408848384
anon 13226192896
anon_thp 12408848384
anon 13226192896
anon_thp 12408848384
anon 13226192896
anon_thp 12408848384
anon 13226192896
anon_thp 12408848384
anon 13226192896
anon_thp 12408848384
anon 13226192896
anon_thp 12408848384
anon 13226192896
anon_thp 12408848384
anon 13226188800
anon_thp 12408848384
anon 13226192896
anon_thp 12408848384
anon 13226188800
anon_thp 12408848384
anon 13226192896
anon_thp 12408848384
anon 13226192896
anon_thp 12408848384
anon 13226192896
anon_thp 12408848384
anon 13226188800
anon_thp 12408848384
anon 13226192896
anon_thp 12408848384
anon 13226188800
anon_thp 12408848384
anon 13226192896
anon_thp 12408848384
anon 13226196992
anon_thp 12379488256
anon 13226192896
anon_thp 12379488256
anon 13226196992
anon_thp 12379488256
anon 13226188800
anon_thp 12379488256
anon 13226196992
anon_thp 12379488256
anon 13226192896
anon_thp 12379488256
anon 13226196992
anon_thp 12379488256
anon 13224095744
anon_thp 12377391104
anon 13226196992
anon_thp 12379488256
anon 13226192896
anon_thp 12379488256
anon 13226192896
anon_thp 12379488256
anon 13226188800
anon_thp 12379488256
anon 13226192896
anon_thp 12379488256
anon 13226196992
anon_thp 12379488256
anon 13226196992
anon_thp 12379488256
anon 13226196992
anon_thp 12379488256
anon 13226192896
anon_thp 12379488256
anon 13226196992
anon_thp 12379488256
anon 13226196992
anon_thp 12379488256
anon 13226192896
anon_thp 12379488256
anon 13226192896
anon_thp 12379488256
anon 13226196992
anon_thp 12379488256
anon 13226192896
anon_thp 12379488256
anon 13226192896
anon_thp 12379488256
anon 13226192896
anon_thp 12392071168
anon 13226192896
anon_thp 12392071168
anon 13226192896
anon_thp 12392071168
anon 13226192896
anon_thp 12392071168
anon 13226192896
anon_thp 12392071168
anon 13226196992
anon_thp 12392071168
anon 13226192896
anon_thp 12392071168
anon 13226196992
anon_thp 12392071168
anon 13226188800
anon_thp 12392071168
anon 13226196992
anon_thp 12392071168
anon 13226192896
anon_thp 12392071168
anon 13226196992
anon_thp 12392071168
anon 13226196992
anon_thp 12392071168
anon 13226188800
anon_thp 12392071168
anon 13226192896
anon_thp 12392071168
anon 13226192896
anon_thp 12392071168
anon 13226192896
anon_thp 12392071168
anon 13226192896
anon_thp 12392071168
anon 13226192896
anon_thp 12392071168
anon 13226188800
anon_thp 12392071168
anon 13226192896
anon_thp 12392071168
anon 13226192896
anon_thp 12392071168
anon 13226192896
anon_thp 12392071168
anon 13226188800
anon_thp 12203327488
anon 13226196992
anon_thp 12203327488
anon 13226188800
anon_thp 12203327488
anon 13226192896
anon_thp 12203327488
anon 13226188800
anon_thp 12203327488
anon 13226192896
anon_thp 12203327488
anon 13226192896
anon_thp 12203327488
anon 13226192896
anon_thp 12203327488
anon 13226188800
anon_thp 12203327488
anon 13226192896
anon_thp 12203327488
anon 13226196992
anon_thp 12203327488
anon 13226192896
anon_thp 12203327488
anon 13226196992
anon_thp 12203327488
anon 13226196992
anon_thp 12203327488
anon 13226192896
anon_thp 12203327488
anon 13226196992
anon_thp 12203327488
anon 13226192896
anon_thp 12203327488
anon 13226196992
anon_thp 12203327488
anon 13226196992
anon_thp 12203327488
anon 13226196992
anon_thp 12203327488
anon 13226192896
anon_thp 12203327488
anon 13226196992
anon_thp 12203327488
anon 13226029056
anon_thp 12203327488
anon 13226188800
anon_thp 12203327488
anon 13226196992
anon_thp 12203327488
anon 13226192896
anon_thp 12129927168
anon 13226196992
anon_thp 12129927168
anon 13226192896
anon_thp 12129927168
anon 13226192896
anon_thp 12129927168
anon 13226196992
anon_thp 12129927168
anon 13226188800
anon_thp 12129927168
anon 13226192896
anon_thp 12129927168
anon 13226188800
anon_thp 12129927168
anon 13226192896
anon_thp 12129927168
anon 13224095744
anon_thp 12127830016
anon 13226196992
anon_thp 12129927168
anon 13226196992
anon_thp 12129927168
anon 13226192896
anon_thp 12129927168
anon 13226196992
anon_thp 12129927168
anon 13226188800
anon_thp 12129927168
anon 13226196992
anon_thp 12129927168
anon 13226196992
anon_thp 12129927168
anon 13226192896
anon_thp 12129927168
anon 13224095744
anon_thp 12127830016
anon 13226196992
anon_thp 12129927168
anon 13226192896
anon_thp 12129927168
anon 13226192896
anon_thp 12129927168
anon 13226192896
anon_thp 12129927168
anon 13226196992
anon_thp 12129927168
anon 13226192896
anon_thp 12129927168
anon 13226192896
anon_thp 12129927168
anon 13226192896
anon_thp 12178161664
anon 13226188800
anon_thp 12178161664
anon 13226196992
anon_thp 12178161664
anon 13226192896
anon_thp 12178161664
anon 13226196992
anon_thp 12178161664
anon 13226192896
anon_thp 12178161664
anon 13226192896
anon_thp 12178161664
anon 13226192896
anon_thp 12178161664
anon 13226196992
anon_thp 12178161664
anon 13226196992
anon_thp 12178161664
anon 13226196992
anon_thp 12178161664
anon 13226196992
anon_thp 12178161664
anon 13226192896
anon_thp 12178161664
anon 13226192896
anon_thp 12178161664
anon 13226196992
anon_thp 12178161664
anon 13226196992
anon_thp 12178161664
anon 13226192896
anon_thp 12178161664
anon 13226192896
anon_thp 12178161664
anon 13226196992
anon_thp 12178161664
anon 13226196992
anon_thp 12178161664
anon 13226192896
anon_thp 12178161664
anon 13226188800
anon_thp 12178161664
anon 13226192896
anon_thp 12178161664
anon 13226192896
anon_thp 12178161664
anon 13226192896
anon_thp 12178161664
anon 13226188800
anon_thp 12134121472
anon 13226192896
anon_thp 12134121472
anon 13226188800
anon_thp 12134121472
anon 13226192896
anon_thp 12134121472
anon 13226192896
anon_thp 12134121472
anon 13226192896
anon_thp 12134121472
anon 13226192896
anon_thp 12134121472
anon 13226192896
anon_thp 12134121472
anon 13226192896
anon_thp 12134121472
anon 13226192896
anon_thp 12134121472
anon 13226192896
anon_thp 12134121472
anon 13226192896
anon_thp 12134121472
anon 13226192896
anon_thp 12134121472
anon 13226188800
anon_thp 12134121472
anon 13226192896
anon_thp 12134121472
anon 13226188800
anon_thp 12134121472
anon 13226196992
anon_thp 12134121472
anon 13226188800
anon_thp 12134121472
anon 13226192896
anon_thp 12134121472
anon 13226192896
anon_thp 12134121472
anon 13226196992
anon_thp 12134121472
anon 13226196992
anon_thp 12134121472
anon 13226192896
anon_thp 12134121472
anon 13226192896
anon_thp 12134121472
anon 13226192896
anon_thp 12134121472
anon 13226192896
anon_thp 12134121472
