hot 244584 warm 0 cold 6153657
hot 244581 warm 0 cold 6153657
hot 245092 warm 0 cold 6153657
hot 245088 warm 0 cold 6153657
hot 245084 warm 0 cold 6153657
hot 245080 warm 0 cold 6153657
hot 279380 warm 0 cold 6153657
hot 377168 warm 0 cold 6153657
hot 377164 warm 0 cold 6153657
hot 389960 warm 0 cold 6153657
hot 484676 warm 0 cold 6153657
hot 573760 warm 0 cold 6153657
hot 635196 warm 0 cold 6153657
hot 643384 warm 0 cold 6153657
hot 645940 warm 0 cold 6153657
hot 667440 warm 0 cold 6153657
hot 690476 warm 0 cold 6153657
hot 690984 warm 0 cold 6153657
hot 690980 warm 0 cold 6153657
hot 690976 warm 0 cold 6153657
hot 693020 warm 0 cold 6153657
hot 693016 warm 0 cold 6153657
hot 693524 warm 0 cold 6153657
hot 693520 warm 0 cold 6153657
hot 693516 warm 0 cold 6153657
hot 694024 warm 0 cold 6153657
hot 694020 warm 0 cold 6153657
hot 694016 warm 0 cold 6153657
hot 694012 warm 0 cold 6153657
hot 694008 warm 0 cold 6153657
hot 694004 warm 0 cold 6153657
hot 694000 warm 0 cold 6153657
hot 693996 warm 0 cold 6153657
hot 693992 warm 0 cold 6153657
hot 700676 warm 2537984 cold 3609498
hot 701188 warm 2537984 cold 3609498
hot 701188 warm 2537984 cold 3609498
hot 701188 warm 2537984 cold 3609498
hot 701188 warm 2537984 cold 3609498
hot 701188 warm 2537984 cold 3609498
hot 701188 warm 2537984 cold 3609498
hot 701188 warm 2537984 cold 3609498
hot 701188 warm 2537984 cold 3609498
hot 701188 warm 2537984 cold 3609498
hot 701188 warm 2537984 cold 3609498
hot 701700 warm 2537984 cold 3609498
hot 701700 warm 2537984 cold 3609498
hot 701700 warm 2537984 cold 3609498
hot 701700 warm 2537984 cold 3609498
hot 701700 warm 2537984 cold 3609498
hot 701700 warm 2537984 cold 3609498
hot 701700 warm 2537984 cold 3609498
hot 701700 warm 2537984 cold 3609498
hot 701700 warm 2537984 cold 3609498
hot 453071 warm 0 cold 9
hot 453071 warm 0 cold 39
hot 453071 warm 0 cold 0
hot 453071 warm 0 cold 0
hot 453071 warm 0 cold 0
hot 453071 warm 0 cold 0
hot 453071 warm 0 cold 0
hot 453071 warm 0 cold 0
hot 453071 warm 0 cold 0
hot 453071 warm 0 cold 0
hot 453072 warm 0 cold 0
hot 453072 warm 0 cold 0
hot 453072 warm 0 cold 0
hot 453072 warm 0 cold 0
hot 453072 warm 0 cold 0
hot 453072 warm 0 cold 0
hot 453072 warm 0 cold 0
hot 453584 warm 0 cold 0
hot 453584 warm 0 cold 0
hot 453584 warm 0 cold 0
hot 453584 warm 0 cold 0
hot 453585 warm 0 cold 0
hot 453585 warm 0 cold 0
hot 453585 warm 0 cold 0
hot 453585 warm 0 cold 0
hot 453585 warm 0 cold 0
hot 453585 warm 0 cold 0
hot 453585 warm 0 cold 0
hot 453585 warm 0 cold 0
hot 453585 warm 0 cold 0
hot 453585 warm 0 cold 0
hot 453585 warm 0 cold 0
hot 453585 warm 0 cold 0
hot 453585 warm 0 cold 0
hot 453585 warm 0 cold 0
hot 453585 warm 0 cold 0
hot 453585 warm 0 cold 0
hot 453585 warm 0 cold 0
hot 453585 warm 0 cold 0
hot 453585 warm 0 cold 0
hot 453585 warm 0 cold 0
hot 453585 warm 0 cold 0
hot 453585 warm 0 cold 0
hot 453585 warm 0 cold 0
hot 453585 warm 0 cold 0
hot 453585 warm 0 cold 0
hot 453585 warm 0 cold 0
hot 453585 warm 0 cold 0
hot 453585 warm 0 cold 0
hot 453585 warm 0 cold 0
hot 453585 warm 0 cold 0
hot 453585 warm 0 cold 0
hot 453585 warm 0 cold 0
hot 453585 warm 0 cold 0
hot 453585 warm 0 cold 0
hot 453585 warm 0 cold 0
hot 453585 warm 0 cold 0
hot 453585 warm 0 cold 0
hot 453585 warm 0 cold 0
hot 453585 warm 0 cold 0
hot 453585 warm 0 cold 0
hot 453585 warm 0 cold 0
hot 453585 warm 0 cold 0
hot 453585 warm 0 cold 0
hot 453585 warm 0 cold 0
hot 453585 warm 0 cold 0
hot 453585 warm 0 cold 0
hot 453585 warm 0 cold 0
hot 453585 warm 0 cold 0
hot 453585 warm 0 cold 0
hot 453585 warm 0 cold 0
hot 453585 warm 0 cold 0
hot 453585 warm 0 cold 0
hot 453585 warm 0 cold 0
hot 453585 warm 0 cold 0
hot 453585 warm 0 cold 0
hot 453585 warm 0 cold 0
hot 453585 warm 0 cold 0
hot 453585 warm 0 cold 0
hot 453585 warm 0 cold 0
hot 453585 warm 0 cold 0
hot 453585 warm 0 cold 0
hot 453585 warm 0 cold 0
hot 453585 warm 0 cold 0
hot 453585 warm 0 cold 0
hot 453585 warm 0 cold 0
hot 453585 warm 0 cold 0
hot 453585 warm 0 cold 0
hot 453585 warm 0 cold 0
hot 453585 warm 0 cold 0
hot 453585 warm 0 cold 0
hot 453585 warm 0 cold 0
hot 453585 warm 0 cold 0
hot 453585 warm 0 cold 0
hot 453585 warm 0 cold 0
hot 453585 warm 0 cold 0
hot 453585 warm 0 cold 0
hot 453585 warm 0 cold 0
hot 453585 warm 0 cold 0
hot 453585 warm 0 cold 0
hot 453585 warm 0 cold 0
hot 453585 warm 0 cold 0
hot 453585 warm 0 cold 0
hot 453585 warm 0 cold 0
hot 453585 warm 0 cold 0
hot 453585 warm 0 cold 0
hot 453585 warm 0 cold 0
hot 453585 warm 0 cold 0
hot 453585 warm 0 cold 0
hot 453585 warm 0 cold 0
hot 453585 warm 0 cold 0
hot 453585 warm 0 cold 0
hot 453585 warm 0 cold 0
hot 454097 warm 0 cold 0
hot 454097 warm 0 cold 0
hot 454097 warm 0 cold 0
hot 454097 warm 0 cold 0
hot 454097 warm 0 cold 0
hot 454097 warm 0 cold 0
hot 454097 warm 0 cold 0
hot 454097 warm 0 cold 0
hot 454097 warm 0 cold 0
hot 454609 warm 0 cold 0
hot 454609 warm 0 cold 0
hot 454609 warm 0 cold 0
hot 454609 warm 0 cold 0
hot 454609 warm 0 cold 0
hot 454609 warm 0 cold 0
hot 454609 warm 0 cold 0
hot 454609 warm 0 cold 0
hot 454609 warm 0 cold 0
hot 454609 warm 0 cold 0
hot 454609 warm 0 cold 0
hot 454609 warm 0 cold 0
hot 454609 warm 0 cold 0
hot 454609 warm 0 cold 0
hot 454609 warm 0 cold 0
hot 454609 warm 0 cold 0
hot 454609 warm 0 cold 0
hot 454609 warm 0 cold 0
hot 454609 warm 0 cold 0
hot 454609 warm 0 cold 0
hot 454609 warm 0 cold 0
hot 454609 warm 0 cold 0
hot 454609 warm 0 cold 0
hot 454609 warm 0 cold 0
hot 454609 warm 0 cold 0
hot 454609 warm 0 cold 0
hot 454609 warm 0 cold 0
hot 454609 warm 0 cold 0
hot 454609 warm 0 cold 0
hot 454609 warm 0 cold 0
hot 454609 warm 0 cold 0
hot 454609 warm 0 cold 0
hot 454609 warm 0 cold 0
hot 454609 warm 0 cold 0
hot 454609 warm 0 cold 0
hot 454609 warm 0 cold 0
hot 454609 warm 0 cold 0
hot 454609 warm 0 cold 0
hot 454609 warm 0 cold 0
hot 454609 warm 0 cold 0
hot 454609 warm 0 cold 0
hot 454609 warm 0 cold 0
hot 454609 warm 0 cold 0
hot 454609 warm 0 cold 0
hot 454609 warm 0 cold 0
hot 454609 warm 0 cold 0
hot 454609 warm 0 cold 0
hot 454609 warm 0 cold 0
hot 454609 warm 0 cold 0
hot 454609 warm 0 cold 0
hot 454609 warm 0 cold 0
hot 454609 warm 0 cold 0
hot 454609 warm 0 cold 0
hot 454609 warm 0 cold 0
hot 454609 warm 0 cold 0
hot 454609 warm 0 cold 0
hot 454609 warm 0 cold 0
hot 454609 warm 0 cold 0
hot 454609 warm 0 cold 0
hot 454609 warm 0 cold 0
hot 454609 warm 0 cold 0
hot 454609 warm 0 cold 0
hot 454609 warm 0 cold 0
hot 454609 warm 0 cold 0
hot 454609 warm 0 cold 0
hot 454609 warm 0 cold 0
hot 454609 warm 0 cold 0
hot 454609 warm 0 cold 0
hot 454609 warm 0 cold 0
hot 454609 warm 0 cold 0
hot 454609 warm 0 cold 0
hot 454609 warm 0 cold 0
hot 454609 warm 0 cold 0
hot 454609 warm 0 cold 0
hot 454609 warm 0 cold 0
hot 454609 warm 0 cold 0
hot 454609 warm 0 cold 0
hot 454609 warm 0 cold 0
hot 454609 warm 0 cold 0
hot 454609 warm 0 cold 0
hot 454609 warm 0 cold 0
hot 454609 warm 0 cold 0
hot 454609 warm 0 cold 0
hot 454609 warm 0 cold 0
hot 454609 warm 0 cold 0
hot 454609 warm 0 cold 0
hot 454609 warm 0 cold 0
hot 454609 warm 0 cold 0
hot 454609 warm 0 cold 0
hot 454609 warm 0 cold 0
hot 454609 warm 0 cold 0
hot 454609 warm 0 cold 0
hot 454609 warm 0 cold 0
hot 454609 warm 0 cold 0
hot 454609 warm 0 cold 0
hot 454609 warm 0 cold 0
hot 454609 warm 0 cold 0
hot 454609 warm 0 cold 0
hot 454609 warm 0 cold 0
hot 454609 warm 0 cold 0
hot 454609 warm 0 cold 0
hot 454609 warm 0 cold 0
hot 454609 warm 0 cold 0
hot 454609 warm 0 cold 0
hot 454609 warm 0 cold 0
hot 454609 warm 0 cold 0
hot 454609 warm 0 cold 0
hot 454609 warm 0 cold 0
hot 454609 warm 0 cold 0
hot 454609 warm 0 cold 0
hot 454609 warm 0 cold 0
hot 454609 warm 0 cold 0
hot 454609 warm 0 cold 0
hot 454609 warm 0 cold 0
hot 454609 warm 0 cold 0
hot 454609 warm 0 cold 0
hot 454609 warm 0 cold 0
hot 454609 warm 0 cold 0
hot 454609 warm 0 cold 0
hot 454609 warm 0 cold 0
hot 454609 warm 0 cold 0
hot 454609 warm 0 cold 0
hot 454609 warm 0 cold 0
hot 454609 warm 0 cold 0
hot 454609 warm 0 cold 0
hot 454609 warm 0 cold 0
hot 454609 warm 0 cold 0
hot 454609 warm 0 cold 0
hot 454609 warm 0 cold 0
hot 454609 warm 0 cold 0
hot 454609 warm 0 cold 0
hot 454609 warm 0 cold 0
hot 454609 warm 0 cold 0
hot 454609 warm 0 cold 0
hot 454609 warm 0 cold 0
hot 454609 warm 0 cold 0
hot 454609 warm 0 cold 0
hot 454609 warm 0 cold 0
hot 454609 warm 0 cold 0
hot 454609 warm 0 cold 0
hot 454609 warm 0 cold 0
hot 454609 warm 0 cold 0
hot 454609 warm 0 cold 0
hot 454609 warm 0 cold 0
hot 454609 warm 0 cold 0
hot 454609 warm 0 cold 0
hot 454609 warm 0 cold 0
hot 454609 warm 0 cold 0
hot 454609 warm 0 cold 0
hot 454609 warm 0 cold 0
hot 454609 warm 0 cold 0
hot 454609 warm 0 cold 0
hot 454609 warm 0 cold 0
hot 454609 warm 0 cold 0
hot 454609 warm 0 cold 0
hot 454609 warm 0 cold 0
hot 454609 warm 0 cold 0
hot 454609 warm 0 cold 0
hot 454609 warm 0 cold 0
hot 454609 warm 0 cold 0
hot 454609 warm 0 cold 0
hot 454609 warm 0 cold 0
hot 454609 warm 0 cold 0
hot 454609 warm 0 cold 0
hot 454609 warm 0 cold 0
hot 454609 warm 0 cold 0
hot 454609 warm 0 cold 0
hot 454609 warm 0 cold 0
hot 454609 warm 0 cold 0
hot 454609 warm 0 cold 0
hot 454609 warm 0 cold 0
hot 454609 warm 0 cold 0
hot 454609 warm 0 cold 0
hot 454609 warm 0 cold 0
hot 454609 warm 0 cold 0
hot 454609 warm 0 cold 0
hot 454609 warm 0 cold 0
hot 454609 warm 0 cold 0
hot 454609 warm 0 cold 0
hot 454609 warm 0 cold 0
hot 454609 warm 0 cold 0
hot 454609 warm 0 cold 0
hot 454609 warm 0 cold 0
hot 454609 warm 0 cold 0
hot 454609 warm 0 cold 0
hot 454609 warm 0 cold 0
hot 454609 warm 0 cold 0
hot 454609 warm 0 cold 0
hot 454609 warm 0 cold 0
hot 454609 warm 0 cold 0
hot 454609 warm 0 cold 0
hot 454609 warm 0 cold 0
hot 454609 warm 0 cold 0
hot 454609 warm 0 cold 0
hot 454609 warm 0 cold 0
hot 454609 warm 0 cold 0
hot 454609 warm 0 cold 0
hot 454609 warm 0 cold 0
hot 454609 warm 0 cold 0
hot 454609 warm 0 cold 0
hot 454609 warm 0 cold 0
hot 454609 warm 0 cold 0
hot 454609 warm 0 cold 0
hot 454609 warm 0 cold 0
hot 454609 warm 0 cold 0
hot 454609 warm 0 cold 0
hot 454609 warm 0 cold 0
hot 454609 warm 0 cold 0
hot 454609 warm 0 cold 0
hot 454609 warm 0 cold 0
hot 454609 warm 0 cold 0
hot 454609 warm 0 cold 0
hot 454609 warm 0 cold 0
hot 454609 warm 0 cold 0
hot 454609 warm 0 cold 0
hot 454609 warm 0 cold 0
hot 454609 warm 0 cold 0
hot 454609 warm 0 cold 0
hot 454609 warm 0 cold 0
hot 454609 warm 0 cold 0
hot 454609 warm 0 cold 0
hot 454609 warm 0 cold 0
hot 454609 warm 0 cold 0
hot 454609 warm 0 cold 0
hot 454609 warm 0 cold 0
hot 454609 warm 0 cold 0
hot 454609 warm 0 cold 0
hot 454609 warm 0 cold 0
hot 454609 warm 0 cold 0
hot 454609 warm 0 cold 0
hot 454609 warm 0 cold 0
hot 454609 warm 0 cold 0
hot 454609 warm 0 cold 0
hot 454609 warm 0 cold 0
hot 454609 warm 0 cold 0
hot 454609 warm 0 cold 0
hot 454609 warm 0 cold 0
hot 454609 warm 0 cold 0
hot 454609 warm 0 cold 0
hot 454609 warm 0 cold 0
hot 454609 warm 0 cold 0
hot 454609 warm 0 cold 0
hot 454609 warm 0 cold 0
hot 454609 warm 0 cold 0
hot 454609 warm 0 cold 0
hot 454609 warm 0 cold 0
hot 454609 warm 0 cold 0
hot 454609 warm 0 cold 0
hot 454609 warm 0 cold 0
hot 454609 warm 0 cold 0
hot 454609 warm 0 cold 0
hot 454609 warm 0 cold 0
hot 454609 warm 0 cold 0
hot 454609 warm 0 cold 0
hot 454609 warm 0 cold 0
hot 454609 warm 0 cold 0
hot 454609 warm 0 cold 0
hot 454609 warm 0 cold 0
hot 454609 warm 0 cold 0
hot 454609 warm 0 cold 0
hot 454609 warm 0 cold 0
hot 454609 warm 0 cold 0
hot 454609 warm 0 cold 0
hot 454609 warm 0 cold 0
hot 454609 warm 0 cold 0
hot 454609 warm 0 cold 0
hot 454609 warm 0 cold 0
hot 454609 warm 0 cold 0
hot 454609 warm 0 cold 0
hot 454609 warm 0 cold 0
hot 454609 warm 0 cold 0
hot 454609 warm 0 cold 0
hot 454609 warm 0 cold 0
hot 454609 warm 0 cold 0
hot 454609 warm 0 cold 0
hot 454609 warm 0 cold 0
hot 454609 warm 0 cold 0
hot 454609 warm 0 cold 0
hot 454609 warm 0 cold 0
hot 454609 warm 0 cold 0
hot 454609 warm 0 cold 0
hot 454609 warm 0 cold 0
hot 454609 warm 0 cold 0
hot 454609 warm 0 cold 0
hot 454609 warm 0 cold 0
hot 454609 warm 0 cold 0
hot 6936030 warm 0 cold 57
hot 6936030 warm 0 cold 19
hot 6936030 warm 0 cold 0
hot 6936030 warm 0 cold 0
hot 6936030 warm 0 cold 0
hot 6936030 warm 0 cold 0
hot 6936030 warm 0 cold 0
hot 6936030 warm 0 cold 0
hot 6936030 warm 0 cold 0
hot 6936030 warm 0 cold 0
hot 6936030 warm 0 cold 0
hot 6936030 warm 0 cold 0
hot 6936030 warm 0 cold 0
hot 6936030 warm 0 cold 0
hot 6936030 warm 0 cold 0
hot 6936030 warm 0 cold 0
hot 6936030 warm 0 cold 0
hot 6936030 warm 0 cold 0
hot 6936030 warm 0 cold 0
hot 6936030 warm 0 cold 0
hot 6936030 warm 0 cold 0
hot 6936030 warm 0 cold 0
hot 6936030 warm 0 cold 0
hot 6936030 warm 0 cold 0
hot 6936030 warm 0 cold 0
hot 6936030 warm 0 cold 0
hot 6936030 warm 0 cold 0
hot 6936030 warm 0 cold 0
hot 6936030 warm 0 cold 0
hot 6936030 warm 0 cold 0
hot 6936030 warm 0 cold 0
hot 6936030 warm 0 cold 0
hot 438597 warm 6489775 cold 7657
hot 439623 warm 6488750 cold 7652
hot 439619 warm 6488750 cold 7652
hot 439616 warm 6488749 cold 7652
hot 439612 warm 6488749 cold 7652
hot 439608 warm 6488749 cold 7652
hot 439604 warm 6489773 cold 6628
hot 439601 warm 6489773 cold 6627
hot 439597 warm 6489773 cold 6627
hot 439597 warm 6489773 cold 6623
hot 439593 warm 6489773 cold 6623
hot 439590 warm 6489773 cold 6622
hot 439586 warm 6489773 cold 6622
hot 439582 warm 6489773 cold 6622
hot 439578 warm 6489773 cold 6622
hot 440088 warm 6489259 cold 6622
hot 440603 warm 6488745 cold 6617
hot 440599 warm 6488745 cold 6617
hot 440600 warm 6488740 cold 6617
hot 440596 warm 6488740 cold 6617
hot 440593 warm 6488739 cold 6617
hot 440589 warm 6488739 cold 6617
hot 440587 warm 6488738 cold 6616
hot 440583 warm 6488738 cold 6616
hot 440585 warm 6488737 cold 6611
hot 440581 warm 6488737 cold 6611
hot 440579 warm 6488736 cold 6610
hot 440575 warm 6488736 cold 6610
