anon 0
anon_thp 0
anon 3856637952
anon_thp 3854565376
anon 8313085952
anon_thp 8311013376
anon 12609568768
anon_thp 12605980672
anon 17258954752
anon_thp 17255366656
anon 17282707456
anon_thp 17278435328
anon 17282707456
anon_thp 17278435328
anon 17282740224
anon_thp 17278435328
anon 17733894144
anon_thp 17729323008
anon 19935903744
anon_thp 19931332608
anon 22062415872
anon_thp 22057844736
anon 24222482432
anon_thp 24217911296
anon 25925287936
anon_thp 25918701568
anon 26315358208
anon_thp 26308771840
anon 27430760448
anon_thp 27422359552
anon 28416475136
anon_thp 28408020992
anon 28416475136
anon_thp 28408020992
anon 28416475136
anon_thp 28408020992
anon 28416475136
anon_thp 28408020992
anon 28416475136
anon_thp 28408020992
anon 28416475136
anon_thp 28408020992
anon 28416475136
anon_thp 28408020992
anon 28416475136
anon_thp 28408020992
anon 28416475136
anon_thp 28408020992
anon 28416475136
anon_thp 28408020992
anon 28416475136
anon_thp 28408020992
anon 28416475136
anon_thp 28408020992
anon 28416479232
anon_thp 28408020992
anon 28416479232
anon_thp 28408020992
anon 28416479232
anon_thp 28408020992
anon 28416479232
anon_thp 28408020992
anon 28416483328
anon_thp 28408020992
anon 28416483328
anon_thp 28408020992
anon 28416483328
anon_thp 28408020992
anon 28416483328
anon_thp 28408020992
anon 28416483328
anon_thp 28408020992
anon 28416483328
anon_thp 28408020992
anon 28416483328
anon_thp 28408020992
anon 28416483328
anon_thp 28408020992
anon 28416483328
anon_thp 28408020992
anon 28416483328
anon_thp 28408020992
anon 28416483328
anon_thp 28408020992
anon 28416483328
anon_thp 28408020992
anon 28416483328
anon_thp 28408020992
anon 28416483328
anon_thp 28408020992
anon 28416483328
anon_thp 28408020992
anon 28416483328
anon_thp 28408020992
anon 28416483328
anon_thp 28408020992
anon 28416483328
anon_thp 28408020992
anon 28416483328
anon_thp 28408020992
anon 28416483328
anon_thp 28408020992
anon 28416483328
anon_thp 28408020992
anon 28416483328
anon_thp 28408020992
anon 28416483328
anon_thp 28408020992
anon 28416483328
anon_thp 28408020992
anon 28416483328
anon_thp 28408020992
anon 28416483328
anon_thp 28408020992
anon 28416483328
anon_thp 28408020992
anon 28416483328
anon_thp 28408020992
anon 28416483328
anon_thp 28408020992
anon 28416483328
anon_thp 28408020992
anon 28416483328
anon_thp 28408020992
anon 28416483328
anon_thp 28408020992
anon 28416483328
anon_thp 28408020992
anon 28416483328
anon_thp 28408020992
anon 28416483328
anon_thp 28408020992
anon 28416483328
anon_thp 28408020992
anon 28416483328
anon_thp 28408020992
anon 28416483328
anon_thp 28408020992
anon 28416483328
anon_thp 28408020992
anon 28416483328
anon_thp 28408020992
anon 28416483328
anon_thp 28408020992
anon 28416483328
anon_thp 28408020992
anon 28416483328
anon_thp 28408020992
anon 28416483328
anon_thp 28408020992
anon 28416483328
anon_thp 28408020992
anon 28416483328
anon_thp 28408020992
anon 28416483328
anon_thp 28408020992
anon 28416483328
anon_thp 28408020992
anon 28416483328
anon_thp 28408020992
anon 28416483328
anon_thp 28408020992
anon 28416483328
anon_thp 28408020992
anon 28416483328
anon_thp 28408020992
anon 28416483328
anon_thp 28408020992
anon 28416483328
anon_thp 28408020992
anon 28416483328
anon_thp 28408020992
anon 28416483328
anon_thp 28408020992
anon 28416483328
anon_thp 28408020992
anon 28416483328
anon_thp 28408020992
anon 28416483328
anon_thp 28408020992
anon 28416483328
anon_thp 28408020992
anon 28416483328
anon_thp 28408020992
anon 28416483328
anon_thp 28408020992
anon 28416483328
anon_thp 28408020992
anon 28416483328
anon_thp 28408020992
anon 28416483328
anon_thp 28408020992
anon 28416483328
anon_thp 28408020992
anon 28416483328
anon_thp 28408020992
anon 28416483328
anon_thp 28408020992
anon 28416483328
anon_thp 28408020992
anon 28416483328
anon_thp 28408020992
anon 28416483328
anon_thp 28408020992
anon 28416483328
anon_thp 28408020992
anon 28416483328
anon_thp 28408020992
anon 28416483328
anon_thp 28408020992
anon 28416483328
anon_thp 28408020992
anon 28416483328
anon_thp 28408020992
anon 28416483328
anon_thp 28408020992
anon 28416483328
anon_thp 28408020992
anon 28416483328
anon_thp 28408020992
anon 28416483328
anon_thp 28408020992
anon 28416483328
anon_thp 28408020992
anon 28416483328
anon_thp 28408020992
anon 28416483328
anon_thp 28408020992
anon 28416483328
anon_thp 28408020992
anon 28416483328
anon_thp 28408020992
anon 28416483328
anon_thp 28408020992
anon 28416483328
anon_thp 28408020992
anon 28416483328
anon_thp 28408020992
anon 28416483328
anon_thp 28408020992
anon 28416483328
anon_thp 28408020992
anon 28416483328
anon_thp 28408020992
anon 28416483328
anon_thp 28408020992
anon 28416483328
anon_thp 28408020992
anon 28416483328
anon_thp 28408020992
anon 28416483328
anon_thp 28408020992
anon 28416483328
anon_thp 28408020992
anon 28416483328
anon_thp 28408020992
anon 28416483328
anon_thp 28408020992
anon 28416483328
anon_thp 28408020992
anon 28416483328
anon_thp 28408020992
anon 28416483328
anon_thp 28408020992
anon 28416483328
anon_thp 28408020992
anon 28416483328
anon_thp 28408020992
anon 28416483328
anon_thp 28408020992
anon 28416483328
anon_thp 28408020992
anon 28416483328
anon_thp 28408020992
anon 28416483328
anon_thp 28408020992
anon 28416483328
anon_thp 28408020992
anon 28416483328
anon_thp 28408020992
anon 28416483328
anon_thp 28408020992
anon 28416483328
anon_thp 28408020992
anon 28416483328
anon_thp 28408020992
anon 28416483328
anon_thp 28408020992
anon 28416483328
anon_thp 28408020992
anon 28416483328
anon_thp 28408020992
anon 28416483328
anon_thp 28408020992
anon 28416483328
anon_thp 28408020992
anon 28416483328
anon_thp 28408020992
anon 28416483328
anon_thp 28408020992
anon 28416483328
anon_thp 28408020992
anon 28416483328
anon_thp 28408020992
anon 28416483328
anon_thp 28408020992
anon 28416483328
anon_thp 28408020992
anon 28416483328
anon_thp 28408020992
anon 28416483328
anon_thp 28408020992
anon 28416483328
anon_thp 28408020992
anon 28416483328
anon_thp 28408020992
anon 28416483328
anon_thp 28408020992
anon 28416483328
anon_thp 28408020992
anon 28416483328
anon_thp 28408020992
anon 28416483328
anon_thp 28408020992
anon 28416483328
anon_thp 28408020992
anon 28416483328
anon_thp 28408020992
anon 28416483328
anon_thp 28408020992
anon 28416483328
anon_thp 28408020992
anon 28416483328
anon_thp 28408020992
anon 28416483328
anon_thp 28408020992
anon 28416483328
anon_thp 28408020992
anon 28416483328
anon_thp 28408020992
anon 28416483328
anon_thp 28408020992
anon 28416483328
anon_thp 28408020992
anon 28416483328
anon_thp 28408020992
anon 28416483328
anon_thp 28408020992
anon 28416483328
anon_thp 28408020992
anon 28416483328
anon_thp 28408020992
anon 28416483328
anon_thp 28408020992
anon 28416483328
anon_thp 28408020992
anon 28416483328
anon_thp 28408020992
anon 28416483328
anon_thp 28408020992
anon 28416483328
anon_thp 28408020992
anon 28416483328
anon_thp 28408020992
anon 28416483328
anon_thp 28408020992
anon 28416483328
anon_thp 28408020992
anon 28416483328
anon_thp 28408020992
anon 28416483328
anon_thp 28408020992
anon 28416483328
anon_thp 28408020992
anon 28416483328
anon_thp 28408020992
anon 28416483328
anon_thp 28408020992
anon 28416483328
anon_thp 28408020992
anon 28416483328
anon_thp 28408020992
anon 28416483328
anon_thp 28408020992
anon 28416483328
anon_thp 28408020992
anon 28416483328
anon_thp 28408020992
anon 28416483328
anon_thp 28408020992
anon 28416483328
anon_thp 28408020992
anon 28416483328
anon_thp 28408020992
anon 28416483328
anon_thp 28408020992
anon 28416483328
anon_thp 28408020992
anon 28416483328
anon_thp 28408020992
anon 28416483328
anon_thp 28408020992
anon 28416483328
anon_thp 28408020992
anon 28416483328
anon_thp 28408020992
anon 28416483328
anon_thp 28408020992
anon 28416483328
anon_thp 28408020992
anon 28416483328
anon_thp 28408020992
anon 28416483328
anon_thp 28408020992
anon 28416483328
anon_thp 28408020992
anon 28416483328
anon_thp 28408020992
anon 28416483328
anon_thp 28408020992
anon 28416483328
anon_thp 28408020992
anon 28416483328
anon_thp 28408020992
anon 28416483328
anon_thp 28408020992
anon 28416483328
anon_thp 28408020992
anon 28416483328
anon_thp 28408020992
anon 28416483328
anon_thp 28408020992
anon 28416483328
anon_thp 28408020992
anon 28416483328
anon_thp 28408020992
anon 28416483328
anon_thp 28408020992
anon 28416483328
anon_thp 28408020992
anon 28416483328
anon_thp 28408020992
anon 28416483328
anon_thp 28408020992
anon 28416483328
anon_thp 28408020992
anon 28416483328
anon_thp 28408020992
anon 28416483328
anon_thp 28408020992
anon 28416483328
anon_thp 28408020992
anon 28416483328
anon_thp 28408020992
anon 28416483328
anon_thp 28408020992
anon 28416483328
anon_thp 28408020992
anon 28416483328
anon_thp 28408020992
anon 28416483328
anon_thp 28408020992
anon 28416483328
anon_thp 28408020992
anon 28416483328
anon_thp 28408020992
anon 28416483328
anon_thp 28408020992
anon 28416483328
anon_thp 28408020992
anon 28416483328
anon_thp 28408020992
anon 28416483328
anon_thp 28408020992
anon 28416483328
anon_thp 28408020992
anon 28416483328
anon_thp 28408020992
anon 28416483328
anon_thp 28408020992
anon 28416483328
anon_thp 28408020992
anon 28416483328
anon_thp 28408020992
anon 28416483328
anon_thp 28408020992
anon 28416483328
anon_thp 28408020992
anon 28416483328
anon_thp 28408020992
anon 28416483328
anon_thp 28408020992
anon 28416483328
anon_thp 28408020992
anon 28416483328
anon_thp 28408020992
anon 28416483328
anon_thp 28408020992
anon 28416483328
anon_thp 28408020992
anon 28416483328
anon_thp 28408020992
anon 28416483328
anon_thp 28408020992
anon 28416483328
anon_thp 28408020992
anon 28416483328
anon_thp 28408020992
anon 28416483328
anon_thp 28408020992
anon 28416483328
anon_thp 28408020992
anon 28416483328
anon_thp 28408020992
anon 28416483328
anon_thp 28408020992
anon 28416483328
anon_thp 28408020992
anon 28416483328
anon_thp 28408020992
anon 28416483328
anon_thp 28408020992
anon 28416483328
anon_thp 28408020992
anon 28416483328
anon_thp 28408020992
anon 28416483328
anon_thp 28408020992
anon 28416483328
anon_thp 28408020992
anon 28416483328
anon_thp 28408020992
anon 28416483328
anon_thp 28408020992
anon 28416483328
anon_thp 28408020992
anon 28416483328
anon_thp 28408020992
anon 28416483328
anon_thp 28408020992
anon 28416483328
anon_thp 28408020992
anon 28416483328
anon_thp 28408020992
anon 28416483328
anon_thp 28408020992
anon 28416483328
anon_thp 28408020992
anon 28416483328
anon_thp 28408020992
anon 28416483328
anon_thp 28408020992
anon 28416483328
anon_thp 28408020992
anon 28416483328
anon_thp 28408020992
anon 28416483328
anon_thp 28408020992
anon 28416483328
anon_thp 28408020992
anon 28416483328
anon_thp 28408020992
anon 28416483328
anon_thp 28408020992
anon 28416483328
anon_thp 28408020992
anon 28416483328
anon_thp 28408020992
anon 28416483328
anon_thp 28408020992
anon 28416483328
anon_thp 28408020992
anon 28416483328
anon_thp 28408020992
anon 28416483328
anon_thp 28408020992
anon 28416483328
anon_thp 28408020992
anon 28416483328
anon_thp 28408020992
anon 28416483328
anon_thp 28408020992
anon 28416483328
anon_thp 28408020992
anon 28416483328
anon_thp 28408020992
anon 28416483328
anon_thp 28408020992
anon 28416483328
anon_thp 28408020992
anon 28416483328
anon_thp 28408020992
anon 28416483328
anon_thp 28408020992
anon 28416483328
anon_thp 28408020992
anon 28416483328
anon_thp 28408020992
anon 28416483328
anon_thp 28408020992
anon 28416483328
anon_thp 28408020992
anon 28416483328
anon_thp 28408020992
anon 28416483328
anon_thp 28408020992
anon 28416483328
anon_thp 28408020992
anon 28416483328
anon_thp 28408020992
anon 28416483328
anon_thp 28408020992
anon 28416483328
anon_thp 28408020992
anon 28416483328
anon_thp 28408020992
anon 28416483328
anon_thp 28408020992
anon 28416483328
anon_thp 28408020992
anon 28416483328
anon_thp 28408020992
anon 28416483328
anon_thp 28408020992
anon 28416483328
anon_thp 28408020992
anon 28416483328
anon_thp 28408020992
anon 28416483328
anon_thp 28408020992
anon 28416483328
anon_thp 28408020992
anon 28416483328
anon_thp 28408020992
anon 28416483328
anon_thp 28408020992
anon 28416483328
anon_thp 28408020992
anon 28416483328
anon_thp 28408020992
anon 28416483328
anon_thp 28408020992
anon 28416483328
anon_thp 28408020992
anon 28416483328
anon_thp 28408020992
anon 28416483328
anon_thp 28408020992
anon 28416483328
anon_thp 28408020992
anon 28416483328
anon_thp 28408020992
anon 28416483328
anon_thp 28408020992
anon 28416483328
anon_thp 28408020992
anon 28416483328
anon_thp 28408020992
anon 28416483328
anon_thp 28408020992
anon 28416483328
anon_thp 28408020992
anon 28416483328
anon_thp 28408020992
anon 28416483328
anon_thp 28408020992
anon 28416483328
anon_thp 28408020992
anon 28416483328
anon_thp 28408020992
anon 28416483328
anon_thp 28408020992
anon 28416483328
anon_thp 28408020992
anon 28416483328
anon_thp 28408020992
anon 28416483328
anon_thp 28408020992
anon 28416483328
anon_thp 28408020992
anon 28416483328
anon_thp 28408020992
anon 28416483328
anon_thp 28408020992
anon 28416483328
anon_thp 28408020992
anon 28416483328
anon_thp 28408020992
anon 28416483328
anon_thp 28408020992
anon 28416483328
anon_thp 28408020992
anon 28416483328
anon_thp 28408020992
anon 28416483328
anon_thp 28408020992
anon 28416483328
anon_thp 28408020992
anon 28416483328
anon_thp 28408020992
anon 28416483328
anon_thp 28408020992
anon 28416483328
anon_thp 28408020992
anon 28416483328
anon_thp 28408020992
anon 28416483328
anon_thp 28408020992
anon 28416483328
anon_thp 28408020992
anon 28416483328
anon_thp 28408020992
anon 28416483328
anon_thp 28408020992
anon 28416483328
anon_thp 28408020992
anon 28416483328
anon_thp 28408020992
anon 28416483328
anon_thp 28408020992
anon 28416483328
anon_thp 28408020992
anon 28416483328
anon_thp 28408020992
anon 28416483328
anon_thp 28408020992
anon 28416483328
anon_thp 28408020992
anon 28416483328
anon_thp 28408020992
anon 28416483328
anon_thp 28408020992
anon 28416483328
anon_thp 28408020992
anon 28416483328
anon_thp 28408020992
anon 28416483328
anon_thp 28408020992
anon 28416483328
anon_thp 28408020992
anon 28416483328
anon_thp 28408020992
anon 28416483328
anon_thp 28408020992
anon 28416483328
anon_thp 28408020992
anon 28416483328
anon_thp 28408020992
anon 28416483328
anon_thp 28408020992
anon 28416483328
anon_thp 28408020992
anon 28416483328
anon_thp 28408020992
anon 28416483328
anon_thp 28408020992
anon 28416483328
anon_thp 28408020992
anon 28416483328
anon_thp 28408020992
anon 28416483328
anon_thp 28408020992
anon 28416483328
anon_thp 28408020992
anon 28416483328
anon_thp 28408020992
anon 28416483328
anon_thp 28408020992
anon 28416483328
anon_thp 28408020992
anon 28416483328
anon_thp 28408020992
anon 28416483328
anon_thp 28408020992
anon 28416483328
anon_thp 28408020992
anon 28416483328
anon_thp 28408020992
anon 28416483328
anon_thp 28408020992
anon 28416483328
anon_thp 28408020992
anon 28416483328
anon_thp 28408020992
anon 28416483328
anon_thp 28408020992
anon 28416483328
anon_thp 28408020992
anon 28416483328
anon_thp 28408020992
anon 28416483328
anon_thp 28408020992
anon 28416483328
anon_thp 28408020992
anon 28416483328
anon_thp 28408020992
anon 28416483328
anon_thp 28408020992
anon 28416483328
anon_thp 28408020992
anon 28416483328
anon_thp 28408020992
anon 28416483328
anon_thp 28408020992
anon 28416483328
anon_thp 28408020992
anon 28416483328
anon_thp 28408020992
anon 28416483328
anon_thp 28408020992
anon 28416483328
anon_thp 28408020992
anon 28416483328
anon_thp 28408020992
anon 28416483328
anon_thp 28408020992
anon 28416483328
anon_thp 28408020992
anon 28416483328
anon_thp 28408020992
anon 28416483328
anon_thp 28408020992
anon 28416528384
anon_thp 28414312448
anon 28416528384
anon_thp 28414312448
anon 28416528384
anon_thp 28414312448
anon 28416528384
anon_thp 28414312448
anon 28416528384
anon_thp 28414312448
anon 28416528384
anon_thp 28414312448
anon 28416528384
anon_thp 28414312448
anon 28416528384
anon_thp 28414312448
anon 28416528384
anon_thp 28414312448
anon 28416528384
anon_thp 28414312448
anon 28416528384
anon_thp 28414312448
anon 28416528384
anon_thp 28414312448
anon 28416528384
anon_thp 28414312448
anon 28416528384
anon_thp 28414312448
anon 28416528384
anon_thp 28414312448
anon 28416528384
anon_thp 28414312448
anon 28416528384
anon_thp 28414312448
anon 28416528384
anon_thp 28414312448
anon 28416528384
anon_thp 28414312448
anon 28416528384
anon_thp 28414312448
anon 28416528384
anon_thp 28414312448
anon 28416528384
anon_thp 28414312448
anon 28416528384
anon_thp 28414312448
anon 28416528384
anon_thp 28414312448
anon 28416528384
anon_thp 28414312448
anon 28416528384
anon_thp 28414312448
anon 28416528384
anon_thp 28414312448
anon 28416528384
anon_thp 28414312448
anon 28416528384
anon_thp 28414312448
anon 28416528384
anon_thp 28414312448
anon 28416528384
anon_thp 28414312448
anon 28416528384
anon_thp 28414312448
anon 28416528384
anon_thp 28414312448
anon 28416528384
anon_thp 28414312448
anon 28416528384
anon_thp 28414312448
anon 28416528384
anon_thp 28414312448
anon 28416528384
anon_thp 28414312448
anon 28416528384
anon_thp 28414312448
anon 28416528384
anon_thp 28414312448
anon 28416528384
anon_thp 28414312448
anon 28416528384
anon_thp 28414312448
anon 28416528384
anon_thp 28414312448
anon 28416528384
anon_thp 28414312448
anon 28416528384
anon_thp 28414312448
anon 28416528384
anon_thp 28414312448
anon 28416528384
anon_thp 28414312448
anon 28416528384
anon_thp 28414312448
anon 28416528384
anon_thp 28414312448
anon 28416528384
anon_thp 28414312448
anon 28416528384
anon_thp 28414312448
anon 28416528384
anon_thp 28414312448
anon 28416528384
anon_thp 28414312448
anon 28416528384
anon_thp 28414312448
anon 28416528384
anon_thp 28414312448
anon 28416528384
anon_thp 28414312448
anon 28416528384
anon_thp 28414312448
anon 28416528384
anon_thp 28414312448
anon 28416528384
anon_thp 28414312448
anon 28416528384
anon_thp 28414312448
anon 28416528384
anon_thp 28414312448
anon 28416528384
anon_thp 28414312448
anon 28416528384
anon_thp 28414312448
anon 28416528384
anon_thp 28414312448
anon 28416528384
anon_thp 28414312448
anon 28416528384
anon_thp 28414312448
anon 28416528384
anon_thp 28414312448
anon 28416528384
anon_thp 28414312448
anon 28416528384
anon_thp 28414312448
anon 28416528384
anon_thp 28414312448
anon 28416528384
anon_thp 28414312448
anon 28416528384
anon_thp 28414312448
anon 28416528384
anon_thp 28414312448
anon 28416528384
anon_thp 28414312448
anon 28416528384
anon_thp 28414312448
anon 28416528384
anon_thp 28414312448
anon 28416528384
anon_thp 28414312448
anon 28416528384
anon_thp 28414312448
anon 28416528384
anon_thp 28414312448
anon 28416528384
anon_thp 28414312448
anon 28416528384
anon_thp 28414312448
anon 28416528384
anon_thp 28414312448
anon 28416528384
anon_thp 28414312448
anon 28416528384
anon_thp 28414312448
anon 28416528384
anon_thp 28414312448
anon 28416528384
anon_thp 28414312448
anon 28416528384
anon_thp 28414312448
anon 28416528384
anon_thp 28414312448
anon 28416528384
anon_thp 28414312448
anon 28416528384
anon_thp 28414312448
anon 28416528384
anon_thp 28414312448
anon 28416528384
anon_thp 28414312448
anon 28416528384
anon_thp 28414312448
anon 28416528384
anon_thp 28414312448
anon 28416528384
anon_thp 28414312448
anon 28416528384
anon_thp 28414312448
anon 28416528384
anon_thp 28414312448
anon 28416528384
anon_thp 28414312448
anon 28416528384
anon_thp 28414312448
anon 28416528384
anon_thp 28414312448
anon 28416528384
anon_thp 28414312448
anon 28416528384
anon_thp 28414312448
anon 28416528384
anon_thp 28414312448
anon 28416528384
anon_thp 28414312448
anon 28416528384
anon_thp 28414312448
anon 28416528384
anon_thp 28414312448
anon 28416528384
anon_thp 28414312448
anon 28416528384
anon_thp 28414312448
anon 28416528384
anon_thp 28414312448
anon 28416528384
anon_thp 28414312448
anon 28416528384
anon_thp 28414312448
anon 28416528384
anon_thp 28414312448
anon 28416528384
anon_thp 28414312448
anon 28416528384
anon_thp 28414312448
anon 28416528384
anon_thp 28414312448
anon 28416528384
anon_thp 28414312448
