pgmigrate_success 64916777
pgmigrate_fail 213769
thp_migration_success 111853
thp_migration_fail 18
thp_migration_split 0
thp_fault_alloc 227762
thp_fault_fallback 0
thp_fault_fallback_charge 0
thp_collapse_alloc 22021
thp_collapse_alloc_failed 0
thp_file_alloc 259
thp_file_fallback 0
thp_file_fallback_charge 0
thp_file_mapped 0
thp_split_page 1770
thp_split_page_failed 14
thp_deferred_split_page 20254
thp_split_pmd 68651
thp_split_pud 0
thp_zero_page_alloc 1
thp_zero_page_alloc_failed 0
thp_swpout 0
thp_swpout_fallback 0
htmm_nr_promoted 51775707
htmm_nr_demoted 11806563
htmm_nr_sampled 0
htmm_missed_dramread 0
htmm_missed_nvmread 0
htmm_missed_write 0
htmm_alloc_dram 197487867
htmm_alloc_nvm 0
