pgmigrate_success 100867196
pgmigrate_fail 345837
thp_migration_success 173826
thp_migration_fail 30
thp_migration_split 0
thp_fault_alloc 361745
thp_fault_fallback 0
thp_fault_fallback_charge 0
thp_collapse_alloc 34569
thp_collapse_alloc_failed 0
thp_file_alloc 416
thp_file_fallback 0
thp_file_fallback_charge 0
thp_file_mapped 0
thp_split_page 2623
thp_split_page_failed 22
thp_deferred_split_page 32492
thp_split_pmd 110434
thp_split_pud 0
thp_zero_page_alloc 1
thp_zero_page_alloc_failed 0
thp_swpout 0
thp_swpout_fallback 0
htmm_nr_promoted 80538811
htmm_nr_demoted 18382190
htmm_nr_sampled 0
htmm_missed_dramread 0
htmm_missed_nvmread 0
htmm_missed_write 0
htmm_alloc_dram 306071724
htmm_alloc_nvm 0
