pgmigrate_success 90514878
pgmigrate_fail 456967
thp_migration_success 152340
thp_migration_fail 27
thp_migration_split 0
thp_fault_alloc 360817
thp_fault_fallback 0
thp_fault_fallback_charge 0
thp_collapse_alloc 9776
thp_collapse_alloc_failed 66928
thp_file_alloc 387
thp_file_fallback 0
thp_file_fallback_charge 0
thp_file_mapped 0
thp_split_page 4198
thp_split_page_failed 218
thp_deferred_split_page 9144
thp_split_pmd 11118
thp_split_pud 0
thp_zero_page_alloc 0
thp_zero_page_alloc_failed 0
thp_swpout 0
thp_swpout_fallback 0
htmm_nr_promoted 73217267
htmm_nr_demoted 14130109
htmm_nr_sampled 0
htmm_missed_dramread 2161
htmm_missed_nvmread 0
htmm_missed_write 0
htmm_alloc_dram 304251361
htmm_alloc_nvm 0
