pgmigrate_success 90087431
pgmigrate_success 90087947
pgmigrate_success 90087947
pgmigrate_success 90087947
pgmigrate_success 90087947
pgmigrate_success 90114606
pgmigrate_success 90170415
pgmigrate_success 90220079
pgmigrate_success 90236474
pgmigrate_success 90286840
pgmigrate_success 90334456
pgmigrate_success 90374392
pgmigrate_success 90374392
pgmigrate_success 90374392
pgmigrate_success 90374392
pgmigrate_success 90374425
pgmigrate_success 90374425
pgmigrate_success 90374425
pgmigrate_success 90374425
pgmigrate_success 90374425
pgmigrate_success 90374425
pgmigrate_success 90374425
pgmigrate_success 90374425
pgmigrate_success 90374425
pgmigrate_success 90374425
pgmigrate_success 90374425
pgmigrate_success 90374425
pgmigrate_success 90374425
pgmigrate_success 90374425
pgmigrate_success 90374425
pgmigrate_success 90374425
pgmigrate_success 90374425
pgmigrate_success 90375430
pgmigrate_success 90375430
pgmigrate_success 90375430
pgmigrate_success 90375430
pgmigrate_success 90375430
pgmigrate_success 90375430
pgmigrate_success 90375430
pgmigrate_success 90375430
pgmigrate_success 90376227
pgmigrate_success 90376279
pgmigrate_success 90376279
pgmigrate_success 90376279
pgmigrate_success 90376279
pgmigrate_success 90376279
pgmigrate_success 90376791
pgmigrate_success 90377303
pgmigrate_success 90377303
pgmigrate_success 90377303
pgmigrate_success 90377303
pgmigrate_success 90377303
pgmigrate_success 90377303
pgmigrate_success 90377303
pgmigrate_success 90377303
pgmigrate_success 90377303
pgmigrate_success 90377303
pgmigrate_success 90378839
pgmigrate_success 90378839
pgmigrate_success 90378839
pgmigrate_success 90378839
pgmigrate_success 90378839
pgmigrate_success 90378839
pgmigrate_success 90379404
pgmigrate_success 90380428
pgmigrate_success 90380428
pgmigrate_success 90380428
pgmigrate_success 90380428
pgmigrate_success 90380940
pgmigrate_success 90381452
pgmigrate_success 90382476
pgmigrate_success 90382559
pgmigrate_success 90383564
pgmigrate_success 90384076
pgmigrate_success 90384588
pgmigrate_success 90385612
pgmigrate_success 90385612
pgmigrate_success 90388172
pgmigrate_success 90388172
pgmigrate_success 90388172
pgmigrate_success 90388172
pgmigrate_success 90388172
pgmigrate_success 90389708
pgmigrate_success 90393292
pgmigrate_success 90396364
pgmigrate_success 90398412
pgmigrate_success 90398412
pgmigrate_success 90401484
pgmigrate_success 90405593
pgmigrate_success 90406617
pgmigrate_success 90407129
pgmigrate_success 90407129
pgmigrate_success 90407129
pgmigrate_success 90407129
pgmigrate_success 90407129
pgmigrate_success 90407170
pgmigrate_success 90407170
pgmigrate_success 90407170
pgmigrate_success 90407170
pgmigrate_success 90407170
pgmigrate_success 90407170
pgmigrate_success 90407170
pgmigrate_success 90407170
pgmigrate_success 90407702
pgmigrate_success 90407702
pgmigrate_success 90407770
pgmigrate_success 90407770
pgmigrate_success 90407770
pgmigrate_success 90407770
pgmigrate_success 90407770
pgmigrate_success 90407770
pgmigrate_success 90407770
pgmigrate_success 90407770
pgmigrate_success 90407770
pgmigrate_success 90407770
pgmigrate_success 90407770
pgmigrate_success 90407770
pgmigrate_success 90407770
pgmigrate_success 90407770
pgmigrate_success 90407770
pgmigrate_success 90407770
pgmigrate_success 90407770
pgmigrate_success 90408316
pgmigrate_success 90408316
pgmigrate_success 90408316
pgmigrate_success 90408828
pgmigrate_success 90408938
pgmigrate_success 90408938
pgmigrate_success 90408938
pgmigrate_success 90408938
pgmigrate_success 90408938
pgmigrate_success 90408938
pgmigrate_success 90408938
pgmigrate_success 90408938
pgmigrate_success 90409230
pgmigrate_success 90409230
pgmigrate_success 90409230
pgmigrate_success 90409230
pgmigrate_success 90409231
pgmigrate_success 90409231
pgmigrate_success 90409231
pgmigrate_success 90409231
pgmigrate_success 90409231
pgmigrate_success 90409231
pgmigrate_success 90409231
pgmigrate_success 90409231
pgmigrate_success 90409231
pgmigrate_success 90409231
pgmigrate_success 90409231
pgmigrate_success 90409231
pgmigrate_success 90409231
pgmigrate_success 90409231
pgmigrate_success 90409231
pgmigrate_success 90409231
pgmigrate_success 90409231
pgmigrate_success 90409231
pgmigrate_success 90409231
pgmigrate_success 90409285
pgmigrate_success 90409285
pgmigrate_success 90409285
pgmigrate_success 90409285
pgmigrate_success 90409285
pgmigrate_success 90409285
pgmigrate_success 90409285
pgmigrate_success 90409285
pgmigrate_success 90411003
pgmigrate_success 90412615
pgmigrate_success 90413127
pgmigrate_success 90413127
pgmigrate_success 90413127
pgmigrate_success 90413127
pgmigrate_success 90413127
pgmigrate_success 90413127
pgmigrate_success 90413127
pgmigrate_success 90413127
pgmigrate_success 90413127
pgmigrate_success 90413127
pgmigrate_success 90413127
pgmigrate_success 90413127
pgmigrate_success 90413127
pgmigrate_success 90413127
pgmigrate_success 90413127
pgmigrate_success 90413127
pgmigrate_success 90413132
pgmigrate_success 90413132
pgmigrate_success 90413646
pgmigrate_success 90414158
pgmigrate_success 90414158
pgmigrate_success 90414158
pgmigrate_success 90414200
pgmigrate_success 90414200
pgmigrate_success 90414200
pgmigrate_success 90414712
pgmigrate_success 90414712
pgmigrate_success 90414712
pgmigrate_success 90414712
pgmigrate_success 90414712
pgmigrate_success 90414798
pgmigrate_success 90414798
pgmigrate_success 90415312
pgmigrate_success 90415312
pgmigrate_success 90415312
pgmigrate_success 90415824
pgmigrate_success 90415824
pgmigrate_success 90415824
pgmigrate_success 90415824
pgmigrate_success 90415824
pgmigrate_success 90415824
pgmigrate_success 90415824
pgmigrate_success 90415824
pgmigrate_success 90415824
pgmigrate_success 90415824
pgmigrate_success 90415824
pgmigrate_success 90415824
pgmigrate_success 90415824
pgmigrate_success 90415824
pgmigrate_success 90415824
pgmigrate_success 90415824
pgmigrate_success 90415824
pgmigrate_success 90415824
pgmigrate_success 90415930
pgmigrate_success 90415930
pgmigrate_success 90416442
pgmigrate_success 90416442
pgmigrate_success 90416442
pgmigrate_success 90416442
pgmigrate_success 90416442
pgmigrate_success 90416442
pgmigrate_success 90416514
pgmigrate_success 90416514
pgmigrate_success 90416514
pgmigrate_success 90416514
pgmigrate_success 90416514
pgmigrate_success 90416514
pgmigrate_success 90416514
pgmigrate_success 90416514
pgmigrate_success 90416514
pgmigrate_success 90416514
pgmigrate_success 90416514
pgmigrate_success 90416514
pgmigrate_success 90416514
pgmigrate_success 90416514
pgmigrate_success 90416514
pgmigrate_success 90416514
pgmigrate_success 90416514
pgmigrate_success 90416514
pgmigrate_success 90416514
pgmigrate_success 90416514
pgmigrate_success 90416514
pgmigrate_success 90416514
pgmigrate_success 90416514
pgmigrate_success 90416554
pgmigrate_success 90416554
pgmigrate_success 90416554
pgmigrate_success 90416554
pgmigrate_success 90416554
pgmigrate_success 90416554
pgmigrate_success 90416554
pgmigrate_success 90416554
pgmigrate_success 90416559
pgmigrate_success 90416575
pgmigrate_success 90417087
pgmigrate_success 90417087
pgmigrate_success 90417087
pgmigrate_success 90417087
pgmigrate_success 90417087
pgmigrate_success 90417087
pgmigrate_success 90417599
pgmigrate_success 90417599
pgmigrate_success 90417599
pgmigrate_success 90417599
pgmigrate_success 90417599
pgmigrate_success 90417599
pgmigrate_success 90417599
pgmigrate_success 90417599
pgmigrate_success 90417599
pgmigrate_success 90417599
pgmigrate_success 90417600
pgmigrate_success 90417600
pgmigrate_success 90417600
pgmigrate_success 90417600
pgmigrate_success 90417602
pgmigrate_success 90417602
pgmigrate_success 90417648
pgmigrate_success 90417651
pgmigrate_success 90417651
pgmigrate_success 90417651
pgmigrate_success 90417651
pgmigrate_success 90417651
pgmigrate_success 90417651
pgmigrate_success 90417651
pgmigrate_success 90417665
pgmigrate_success 90417665
pgmigrate_success 90417665
pgmigrate_success 90417665
pgmigrate_success 90417665
pgmigrate_success 90417665
pgmigrate_success 90417665
pgmigrate_success 90417665
pgmigrate_success 90417665
pgmigrate_success 90417665
pgmigrate_success 90417665
pgmigrate_success 90417665
pgmigrate_success 90417665
pgmigrate_success 90417665
pgmigrate_success 90417665
pgmigrate_success 90417665
pgmigrate_success 90417665
pgmigrate_success 90417665
pgmigrate_success 90417665
pgmigrate_success 90417665
pgmigrate_success 90417665
pgmigrate_success 90418182
pgmigrate_success 90418182
pgmigrate_success 90418239
pgmigrate_success 90418239
pgmigrate_success 90418239
pgmigrate_success 90418239
pgmigrate_success 90418239
pgmigrate_success 90419775
pgmigrate_success 90421323
pgmigrate_success 90421323
pgmigrate_success 90421326
pgmigrate_success 90421838
pgmigrate_success 90421838
pgmigrate_success 90423377
pgmigrate_success 90423382
pgmigrate_success 90423382
pgmigrate_success 90423382
pgmigrate_success 90423382
pgmigrate_success 90423382
pgmigrate_success 90423382
pgmigrate_success 90423382
pgmigrate_success 90423382
pgmigrate_success 90423382
pgmigrate_success 90423382
pgmigrate_success 90423382
pgmigrate_success 90423382
pgmigrate_success 90423382
pgmigrate_success 90423382
pgmigrate_success 90423382
pgmigrate_success 90423382
pgmigrate_success 90423382
pgmigrate_success 90423382
pgmigrate_success 90423382
pgmigrate_success 90423427
pgmigrate_success 90423427
pgmigrate_success 90423427
pgmigrate_success 90423427
pgmigrate_success 90423427
pgmigrate_success 90423427
pgmigrate_success 90423430
pgmigrate_success 90423431
pgmigrate_success 90423440
pgmigrate_success 90423441
pgmigrate_success 90423453
pgmigrate_success 90423453
pgmigrate_success 90423461
pgmigrate_success 90423461
pgmigrate_success 90423461
pgmigrate_success 90423461
pgmigrate_success 90423463
pgmigrate_success 90423463
pgmigrate_success 90423463
pgmigrate_success 90423465
pgmigrate_success 90423471
pgmigrate_success 90423472
pgmigrate_success 90423472
pgmigrate_success 90423474
pgmigrate_success 90423474
pgmigrate_success 90423474
pgmigrate_success 90423475
pgmigrate_success 90423475
pgmigrate_success 90423475
pgmigrate_success 90423476
pgmigrate_success 90423476
pgmigrate_success 90423478
pgmigrate_success 90423542
pgmigrate_success 90423547
pgmigrate_success 90423547
pgmigrate_success 90423547
pgmigrate_success 90423547
pgmigrate_success 90423547
pgmigrate_success 90423547
pgmigrate_success 90423547
pgmigrate_success 90424070
pgmigrate_success 90424070
pgmigrate_success 90424070
pgmigrate_success 90424070
pgmigrate_success 90424070
pgmigrate_success 90424077
pgmigrate_success 90424077
pgmigrate_success 90424077
pgmigrate_success 90424079
pgmigrate_success 90424079
pgmigrate_success 90424079
pgmigrate_success 90424079
pgmigrate_success 90424079
pgmigrate_success 90424082
pgmigrate_success 90424084
pgmigrate_success 90424084
pgmigrate_success 90424084
pgmigrate_success 90424084
pgmigrate_success 90424084
pgmigrate_success 90424086
pgmigrate_success 90424089
pgmigrate_success 90424091
pgmigrate_success 90424091
pgmigrate_success 90424153
pgmigrate_success 90424153
pgmigrate_success 90424153
pgmigrate_success 90424153
pgmigrate_success 90424153
pgmigrate_success 90424159
pgmigrate_success 90424159
pgmigrate_success 90424161
pgmigrate_success 90426534
pgmigrate_success 90426539
pgmigrate_success 90426539
pgmigrate_success 90426539
pgmigrate_success 90426539
pgmigrate_success 90426539
pgmigrate_success 90426539
pgmigrate_success 90426540
pgmigrate_success 90426540
pgmigrate_success 90426542
pgmigrate_success 90426542
pgmigrate_success 90426544
pgmigrate_success 90426555
pgmigrate_success 90426555
pgmigrate_success 90426555
pgmigrate_success 90426555
pgmigrate_success 90426555
pgmigrate_success 90426555
pgmigrate_success 90426555
pgmigrate_success 90426555
pgmigrate_success 90426555
pgmigrate_success 90426555
pgmigrate_success 90426555
pgmigrate_success 90426597
pgmigrate_success 90426597
pgmigrate_success 90426597
pgmigrate_success 90426597
pgmigrate_success 90426597
pgmigrate_success 90426597
pgmigrate_success 90426597
pgmigrate_success 90426597
pgmigrate_success 90426623
pgmigrate_success 90426701
pgmigrate_success 90426701
pgmigrate_success 90426701
pgmigrate_success 90426701
pgmigrate_success 90429901
pgmigrate_success 90470065
pgmigrate_success 90477035
pgmigrate_success 90482940
pgmigrate_success 90484009
pgmigrate_success 90484022
pgmigrate_success 90484022
pgmigrate_success 90484035
pgmigrate_success 90484035
pgmigrate_success 90484039
pgmigrate_success 90484048
pgmigrate_success 90484052
pgmigrate_success 90484052
pgmigrate_success 90484052
pgmigrate_success 90484053
pgmigrate_success 90484053
pgmigrate_success 90484053
pgmigrate_success 90484053
pgmigrate_success 90484053
pgmigrate_success 90502077
pgmigrate_success 90502077
pgmigrate_success 90502077
pgmigrate_success 90502077
pgmigrate_success 90502589
pgmigrate_success 90502589
pgmigrate_success 90502589
pgmigrate_success 90502589
pgmigrate_success 90502589
pgmigrate_success 90503101
pgmigrate_success 90503101
pgmigrate_success 90503101
pgmigrate_success 90503613
pgmigrate_success 90503613
pgmigrate_success 90504125
pgmigrate_success 90504125
pgmigrate_success 90505149
pgmigrate_success 90505149
pgmigrate_success 90505149
pgmigrate_success 90505149
pgmigrate_success 90505149
pgmigrate_success 90506685
pgmigrate_success 90506685
pgmigrate_success 90506685
pgmigrate_success 90506685
pgmigrate_success 90506685
pgmigrate_success 90507197
pgmigrate_success 90507197
pgmigrate_success 90507197
pgmigrate_success 90507197
pgmigrate_success 90507197
pgmigrate_success 90507197
pgmigrate_success 90507197
pgmigrate_success 90507197
pgmigrate_success 90507709
pgmigrate_success 90507709
pgmigrate_success 90507709
pgmigrate_success 90507709
pgmigrate_success 90507709
pgmigrate_success 90507709
pgmigrate_success 90507709
pgmigrate_success 90507709
pgmigrate_success 90507709
pgmigrate_success 90507709
pgmigrate_success 90507709
pgmigrate_success 90508733
pgmigrate_success 90508733
pgmigrate_success 90509245
pgmigrate_success 90509245
pgmigrate_success 90509245
pgmigrate_success 90509245
pgmigrate_success 90509245
pgmigrate_success 90509245
pgmigrate_success 90509245
pgmigrate_success 90509245
pgmigrate_success 90509245
pgmigrate_success 90509245
pgmigrate_success 90509757
pgmigrate_success 90509757
pgmigrate_success 90511293
pgmigrate_success 90511293
pgmigrate_success 90511293
pgmigrate_success 90511293
pgmigrate_success 90512830
pgmigrate_success 90513342
pgmigrate_success 90513342
pgmigrate_success 90513342
pgmigrate_success 90513342
pgmigrate_success 90513342
pgmigrate_success 90513854
pgmigrate_success 90513854
pgmigrate_success 90513854
pgmigrate_success 90513854
pgmigrate_success 90513854
pgmigrate_success 90513854
pgmigrate_success 90514878
pgmigrate_success 90514878
