pgmigrate_success 54255469
pgmigrate_fail 613790
thp_migration_success 88968
thp_migration_fail 21
thp_migration_split 0
thp_fault_alloc 424284
thp_fault_fallback 0
thp_fault_fallback_charge 0
thp_collapse_alloc 85218
thp_collapse_alloc_failed 19996
thp_file_alloc 501
thp_file_fallback 0
thp_file_fallback_charge 0
thp_file_mapped 0
thp_split_page 2794
thp_split_page_failed 91
thp_deferred_split_page 82679
thp_split_pmd 258450
thp_split_pud 0
thp_zero_page_alloc 0
thp_zero_page_alloc_failed 0
thp_swpout 0
thp_swpout_fallback 0
htmm_nr_promoted 44557395
htmm_nr_demoted 6786942
htmm_nr_sampled 0
htmm_missed_dramread 74
htmm_missed_nvmread 0
htmm_missed_write 0
htmm_alloc_dram 341970624
htmm_alloc_nvm 0
