hot 0 warm 0 cold 0
hot 512 warm 0 cold 0
hot 512 warm 0 cold 0
hot 1024 warm 0 cold 53
hot 1024 warm 0 cold 53
hot 110592 warm 0 cold 0
hot 132096 warm 0 cold 0
hot 132096 warm 0 cold 0
hot 145922 warm 0 cold 0
hot 207874 warm 0 cold 0
hot 267266 warm 0 cold 0
hot 3132403 warm 0 cold 0
hot 3171827 warm 0 cold 0
hot 3174899 warm 0 cold 0
hot 3195891 warm 0 cold 0
hot 3218931 warm 0 cold 0
hot 3218931 warm 0 cold 0
hot 3218931 warm 0 cold 0
hot 3218931 warm 0 cold 0
hot 3220979 warm 0 cold 0
hot 3220979 warm 0 cold 0
hot 3220979 warm 0 cold 0
hot 3220980 warm 0 cold 0
hot 3220980 warm 0 cold 0
hot 3220980 warm 0 cold 0
hot 3220980 warm 0 cold 0
hot 3220980 warm 0 cold 0
hot 3220980 warm 0 cold 0
hot 3220981 warm 0 cold 0
hot 3220981 warm 0 cold 0
hot 3220981 warm 0 cold 0
hot 3220981 warm 0 cold 0
hot 3220981 warm 0 cold 0
hot 3220981 warm 0 cold 0
hot 3221493 warm 0 cold 0
hot 3221493 warm 0 cold 0
hot 3221493 warm 0 cold 0
hot 3221493 warm 0 cold 0
hot 3221493 warm 0 cold 0
hot 3221493 warm 0 cold 0
hot 3221493 warm 0 cold 0
hot 3221493 warm 0 cold 0
hot 3221493 warm 0 cold 0
hot 3221493 warm 0 cold 0
hot 3221493 warm 0 cold 0
hot 3221493 warm 0 cold 0
hot 3221493 warm 0 cold 0
hot 3221493 warm 0 cold 0
hot 3221493 warm 0 cold 0
hot 3221493 warm 0 cold 0
hot 3221493 warm 0 cold 0
hot 3221493 warm 0 cold 0
hot 3221493 warm 0 cold 0
hot 3221493 warm 0 cold 0
hot 3221493 warm 0 cold 0
hot 3222005 warm 0 cold 0
hot 3222005 warm 0 cold 0
hot 438830 warm 0 cold 2783175
hot 438830 warm 0 cold 2783175
hot 440881 warm 0 cold 2781124
hot 440881 warm 0 cold 2781124
hot 440881 warm 0 cold 2781124
hot 440881 warm 0 cold 2781124
hot 440881 warm 0 cold 2781124
hot 440881 warm 0 cold 2781124
hot 441393 warm 0 cold 2780612
hot 441393 warm 0 cold 2780612
hot 441394 warm 0 cold 2780611
hot 441394 warm 0 cold 2780611
hot 441394 warm 0 cold 2780611
hot 441397 warm 0 cold 2780608
hot 441397 warm 0 cold 2780608
hot 441397 warm 0 cold 2780608
hot 441397 warm 0 cold 2780608
hot 441397 warm 0 cold 2780608
hot 441397 warm 0 cold 2780608
hot 441397 warm 0 cold 2780608
hot 416309 warm 0 cold 2805696
hot 416310 warm 0 cold 2805695
hot 416310 warm 0 cold 2805695
hot 425530 warm 0 cold 2796475
hot 425530 warm 0 cold 2796475
hot 425530 warm 0 cold 2796475
hot 425532 warm 0 cold 2796473
hot 426044 warm 0 cold 2795961
hot 430140 warm 0 cold 2791865
hot 431676 warm 0 cold 2790329
hot 431679 warm 0 cold 2790326
hot 431680 warm 0 cold 2790325
hot 431680 warm 0 cold 2790325
hot 432704 warm 0 cold 2789301
hot 434244 warm 0 cold 2787761
hot 434244 warm 0 cold 2787761
hot 434246 warm 0 cold 2787759
hot 434246 warm 0 cold 2787759
hot 434246 warm 0 cold 2787759
hot 437319 warm 0 cold 2784686
hot 437832 warm 0 cold 2784173
hot 437832 warm 0 cold 2784173
hot 437833 warm 0 cold 2784172
hot 437833 warm 0 cold 2784172
hot 439369 warm 0 cold 2782636
hot 439886 warm 0 cold 2782119
hot 439886 warm 0 cold 2782119
hot 439886 warm 0 cold 2782119
hot 439886 warm 0 cold 2782119
hot 440398 warm 0 cold 2781607
hot 440398 warm 0 cold 2781607
hot 440398 warm 0 cold 2781607
hot 440399 warm 0 cold 2781606
hot 440399 warm 0 cold 2781606
hot 440399 warm 0 cold 2781606
hot 440915 warm 0 cold 2781090
hot 440915 warm 0 cold 2781090
hot 440915 warm 0 cold 2781090
hot 440915 warm 0 cold 2781090
hot 440915 warm 0 cold 2781090
hot 440915 warm 0 cold 2781090
hot 441427 warm 0 cold 2780578
hot 441428 warm 0 cold 2781089
hot 441428 warm 0 cold 2781089
hot 441428 warm 0 cold 2781089
hot 441428 warm 0 cold 2781089
hot 441944 warm 0 cold 2780573
hot 441944 warm 0 cold 2780573
hot 441946 warm 0 cold 2780571
hot 441946 warm 0 cold 2780571
hot 441946 warm 0 cold 2780571
hot 441946 warm 0 cold 2780571
hot 441947 warm 0 cold 2780570
hot 441947 warm 0 cold 2780570
hot 441947 warm 0 cold 2780570
hot 441947 warm 0 cold 2780570
hot 441947 warm 0 cold 2780570
hot 441953 warm 0 cold 2780564
hot 441953 warm 0 cold 2780564
hot 441953 warm 0 cold 2780564
hot 441953 warm 0 cold 2780564
hot 410209 warm 0 cold 2812308
hot 410721 warm 0 cold 2811796
hot 411745 warm 0 cold 2810772
hot 411748 warm 0 cold 2810769
hot 411748 warm 0 cold 2810769
hot 415844 warm 0 cold 2806673
hot 418408 warm 0 cold 2804109
hot 418408 warm 0 cold 2804109
hot 418920 warm 0 cold 2803597
hot 418920 warm 0 cold 2803597
hot 423528 warm 0 cold 2798989
hot 423528 warm 0 cold 2798989
hot 424552 warm 0 cold 2797965
hot 424552 warm 0 cold 2797965
hot 424554 warm 0 cold 2797963
hot 425066 warm 0 cold 2797451
hot 429163 warm 0 cold 2793355
hot 429167 warm 0 cold 2793351
hot 429167 warm 0 cold 2793351
hot 429168 warm 0 cold 2793350
hot 429168 warm 0 cold 2793350
hot 431216 warm 0 cold 2791302
hot 431217 warm 0 cold 2791301
hot 431217 warm 0 cold 2791813
hot 431217 warm 0 cold 2791813
hot 431218 warm 0 cold 2791812
hot 431218 warm 0 cold 2791812
hot 432245 warm 0 cold 2790785
hot 432245 warm 0 cold 2790785
hot 432245 warm 0 cold 2790785
hot 432246 warm 0 cold 2790784
hot 432246 warm 0 cold 2790784
hot 433782 warm 0 cold 2789248
hot 433782 warm 0 cold 2789248
hot 434294 warm 0 cold 2788736
hot 434295 warm 0 cold 2788735
hot 434295 warm 0 cold 2788735
hot 434295 warm 0 cold 2788735
hot 436857 warm 0 cold 2786173
hot 436857 warm 0 cold 2786173
hot 436857 warm 0 cold 2786173
hot 436857 warm 0 cold 2786173
hot 436857 warm 0 cold 2786173
hot 437369 warm 0 cold 2785661
hot 437369 warm 0 cold 2785661
hot 437369 warm 0 cold 2785661
hot 437369 warm 0 cold 2785661
hot 437369 warm 0 cold 2785661
hot 437369 warm 0 cold 2785661
hot 438906 warm 0 cold 2784124
hot 438906 warm 0 cold 2784124
hot 438906 warm 0 cold 2784124
hot 438906 warm 0 cold 2784124
hot 439418 warm 0 cold 2783612
hot 439418 warm 0 cold 2783612
hot 439418 warm 0 cold 2783612
hot 439419 warm 0 cold 2783611
hot 439420 warm 0 cold 2783610
hot 439420 warm 0 cold 2783610
hot 440449 warm 0 cold 2782581
hot 440449 warm 0 cold 2782581
hot 440449 warm 0 cold 2782581
hot 440450 warm 0 cold 2782580
hot 440450 warm 0 cold 2782580
hot 440450 warm 0 cold 2782580
hot 440450 warm 0 cold 2782580
hot 440450 warm 0 cold 2782580
hot 440451 warm 0 cold 2782579
hot 440451 warm 0 cold 2782579
hot 440451 warm 0 cold 2782579
hot 440456 warm 0 cold 2782574
hot 440456 warm 0 cold 2782574
hot 440456 warm 0 cold 2782574
hot 440456 warm 0 cold 2782574
hot 440456 warm 0 cold 2782574
hot 440456 warm 0 cold 2782574
hot 440968 warm 0 cold 2782062
hot 440968 warm 0 cold 2782574
hot 440969 warm 0 cold 2782573
hot 440969 warm 0 cold 2782573
hot 441481 warm 0 cold 2782061
hot 367758 warm 0 cold 2855784
hot 367758 warm 0 cold 2855784
hot 368270 warm 0 cold 2855272
hot 370830 warm 0 cold 2852712
hot 373390 warm 0 cold 2850152
hot 373391 warm 0 cold 2850151
hot 373392 warm 0 cold 2850150
hot 373392 warm 0 cold 2850150
hot 376465 warm 0 cold 2847077
hot 377489 warm 0 cold 2846053
hot 377492 warm 0 cold 2846050
hot 377492 warm 0 cold 2846050
hot 377492 warm 0 cold 2846050
hot 378004 warm 0 cold 2845538
hot 382100 warm 0 cold 2841442
hot 382100 warm 0 cold 2841442
hot 382100 warm 0 cold 2841442
hot 382100 warm 0 cold 2841442
hot 382101 warm 0 cold 2841441
hot 383637 warm 0 cold 2839905
hot 384149 warm 0 cold 2839393
hot 384151 warm 0 cold 2839391
hot 384151 warm 0 cold 2839391
hot 384151 warm 0 cold 2839391
hot 384151 warm 0 cold 2839391
hot 386711 warm 0 cold 2836831
hot 386711 warm 0 cold 2836831
hot 387223 warm 0 cold 2836319
hot 387223 warm 0 cold 2836319
hot 387223 warm 0 cold 2836319
hot 387223 warm 0 cold 2836319
hot 389783 warm 0 cold 2833759
hot 389785 warm 0 cold 2833757
hot 389785 warm 0 cold 2833757
hot 389785 warm 0 cold 2833757
hot 391833 warm 0 cold 2831709
hot 391833 warm 0 cold 2831709
hot 391834 warm 0 cold 2831708
hot 392346 warm 0 cold 2831196
hot 392347 warm 0 cold 2831195
hot 392347 warm 0 cold 2831195
hot 393883 warm 0 cold 2829659
hot 394397 warm 0 cold 2829145
hot 394397 warm 0 cold 2829145
hot 394397 warm 0 cold 2829145
hot 394397 warm 0 cold 2829145
hot 400541 warm 0 cold 2823001
hot 400541 warm 0 cold 2823513
hot 401053 warm 0 cold 2823001
hot 402077 warm 0 cold 2821977
hot 402077 warm 0 cold 2821977
hot 402077 warm 0 cold 2821977
hot 412317 warm 0 cold 2811737
hot 413856 warm 0 cold 2810198
hot 413856 warm 0 cold 2810198
hot 414368 warm 0 cold 2809686
hot 414368 warm 0 cold 2809686
hot 416416 warm 0 cold 2807638
hot 416416 warm 0 cold 2807638
hot 416416 warm 0 cold 2807638
hot 416416 warm 0 cold 2807638
hot 416416 warm 0 cold 2807638
hot 421536 warm 0 cold 2802518
hot 421536 warm 0 cold 2802518
hot 421541 warm 0 cold 2802513
hot 421541 warm 0 cold 2802513
hot 421542 warm 0 cold 2802512
hot 421542 warm 0 cold 2802512
hot 422567 warm 0 cold 2801487
hot 422567 warm 0 cold 2801487
hot 423079 warm 0 cold 2800975
hot 423079 warm 0 cold 2800975
hot 423079 warm 0 cold 2800975
hot 423079 warm 0 cold 2800975
hot 424616 warm 0 cold 2799438
hot 424616 warm 0 cold 2799438
hot 424616 warm 0 cold 2799438
hot 424616 warm 0 cold 2799438
hot 425128 warm 0 cold 2798926
hot 427176 warm 0 cold 2796878
hot 427176 warm 0 cold 2796878
hot 427176 warm 0 cold 2796878
hot 427176 warm 0 cold 2796878
hot 427176 warm 0 cold 2796878
hot 428712 warm 0 cold 2795342
hot 428714 warm 0 cold 2795340
hot 428714 warm 0 cold 2795340
hot 428714 warm 0 cold 2795340
hot 428714 warm 0 cold 2795340
hot 429226 warm 0 cold 2794828
hot 429226 warm 0 cold 2794828
hot 429228 warm 0 cold 2794826
hot 429228 warm 0 cold 2794826
hot 429228 warm 0 cold 2794826
hot 429228 warm 0 cold 2794826
hot 431277 warm 0 cold 2792777
hot 431277 warm 0 cold 2792777
hot 431277 warm 0 cold 2792777
hot 431277 warm 0 cold 2792777
hot 431277 warm 0 cold 2792777
hot 432301 warm 0 cold 2791753
hot 432301 warm 0 cold 2791753
hot 432813 warm 0 cold 2791241
hot 432814 warm 0 cold 2791240
hot 432814 warm 0 cold 2791240
hot 434350 warm 0 cold 2789704
hot 434355 warm 0 cold 2789699
hot 434355 warm 0 cold 2789699
hot 434355 warm 0 cold 2789699
hot 434355 warm 0 cold 2789699
hot 434355 warm 0 cold 2789699
hot 435891 warm 0 cold 2788163
hot 435892 warm 0 cold 2788162
hot 435892 warm 0 cold 2788162
hot 435893 warm 0 cold 2788161
hot 435893 warm 0 cold 2788161
hot 436917 warm 0 cold 2787137
hot 436917 warm 0 cold 2787137
hot 436917 warm 0 cold 2787137
hot 436917 warm 0 cold 2787137
hot 436917 warm 0 cold 2787137
hot 437429 warm 0 cold 2786625
hot 437430 warm 0 cold 2786625
hot 437430 warm 0 cold 2786625
hot 437430 warm 0 cold 2786625
hot 437430 warm 0 cold 2786625
hot 437430 warm 0 cold 2786625
hot 437944 warm 0 cold 2786111
hot 437944 warm 0 cold 2786111
hot 437944 warm 0 cold 2786111
hot 437944 warm 0 cold 2786111
hot 437944 warm 0 cold 2786111
hot 437944 warm 0 cold 2786111
hot 437944 warm 0 cold 2786111
hot 437944 warm 0 cold 2786111
hot 437944 warm 0 cold 2786111
hot 437944 warm 0 cold 2786111
hot 437944 warm 0 cold 2786111
hot 438458 warm 0 cold 2785597
hot 438458 warm 0 cold 2785597
hot 438459 warm 0 cold 2785596
hot 438459 warm 0 cold 2785596
hot 438459 warm 0 cold 2785596
hot 438971 warm 0 cold 2785084
hot 438971 warm 0 cold 2785084
hot 438971 warm 0 cold 2785084
hot 438971 warm 0 cold 2785084
hot 438971 warm 0 cold 2785084
hot 438971 warm 0 cold 2785084
hot 438971 warm 0 cold 2785084
hot 438971 warm 0 cold 2785084
hot 438971 warm 0 cold 2785084
hot 438971 warm 0 cold 2785084
hot 438971 warm 0 cold 2785084
hot 438971 warm 0 cold 2785084
hot 438971 warm 0 cold 2785084
hot 438971 warm 0 cold 2785084
hot 438971 warm 0 cold 2785084
hot 438971 warm 0 cold 2785084
hot 438972 warm 0 cold 2785083
hot 438972 warm 0 cold 2785083
hot 438972 warm 0 cold 2785083
hot 438972 warm 0 cold 2785083
hot 438972 warm 0 cold 2785083
hot 438972 warm 0 cold 2785083
hot 438973 warm 0 cold 2785082
hot 438973 warm 0 cold 2785594
hot 438973 warm 0 cold 2785594
hot 438973 warm 0 cold 2785594
hot 438973 warm 0 cold 2785594
hot 439487 warm 0 cold 2785080
hot 439487 warm 0 cold 2785080
hot 439487 warm 0 cold 2785080
hot 439487 warm 0 cold 2785080
hot 439487 warm 0 cold 2785080
hot 439488 warm 0 cold 2785079
hot 439488 warm 0 cold 2785079
hot 439488 warm 0 cold 2785079
hot 439488 warm 0 cold 2785079
hot 439488 warm 0 cold 2785079
hot 440000 warm 0 cold 2784567
hot 440000 warm 0 cold 2784567
hot 440000 warm 0 cold 2784567
hot 440000 warm 0 cold 2784567
hot 440000 warm 0 cold 2784567
hot 440000 warm 0 cold 2784567
hot 440000 warm 0 cold 2784567
hot 440000 warm 0 cold 2784567
hot 440000 warm 0 cold 2784567
hot 440000 warm 0 cold 2784567
hot 440000 warm 0 cold 2784567
hot 440004 warm 0 cold 2784563
hot 440004 warm 0 cold 2784563
hot 440006 warm 0 cold 2784561
hot 440006 warm 0 cold 2784561
hot 440006 warm 0 cold 2784561
hot 440007 warm 0 cold 2784560
hot 440007 warm 0 cold 2784560
hot 440007 warm 0 cold 2784560
hot 440007 warm 0 cold 2784560
hot 440007 warm 0 cold 2784560
hot 440007 warm 0 cold 2784560
hot 440008 warm 0 cold 2784559
hot 369267 warm 0 cold 654936
hot 369267 warm 0 cold 5466994
hot 373363 warm 0 cold 5462898
hot 373363 warm 0 cold 5462898
hot 373363 warm 0 cold 5462898
hot 373363 warm 0 cold 5462898
hot 373363 warm 0 cold 5462898
hot 373875 warm 0 cold 5462386
hot 377971 warm 0 cold 5458290
hot 377971 warm 0 cold 5458290
hot 377971 warm 0 cold 5458290
hot 377971 warm 0 cold 5458290
hot 377971 warm 0 cold 5458290
hot 383091 warm 0 cold 5453170
hot 383091 warm 0 cold 5453170
hot 383603 warm 0 cold 5452658
hot 383603 warm 0 cold 5452658
hot 384115 warm 0 cold 5452146
hot 384115 warm 0 cold 5452146
hot 385651 warm 0 cold 5450610
hot 441032 warm 0 cold 5395229
hot 441032 warm 0 cold 5395229
hot 441032 warm 0 cold 5395229
hot 441032 warm 0 cold 5395229
hot 441032 warm 0 cold 5395229
hot 441545 warm 0 cold 5394716
hot 441545 warm 0 cold 5394716
hot 441545 warm 0 cold 5394716
hot 441545 warm 0 cold 5394716
hot 441545 warm 0 cold 5394716
hot 441545 warm 0 cold 5394716
hot 441545 warm 0 cold 5394716
hot 441545 warm 0 cold 5394716
hot 441545 warm 0 cold 5394716
hot 441545 warm 0 cold 5394716
hot 441545 warm 0 cold 5394716
hot 441545 warm 0 cold 5394716
hot 441545 warm 0 cold 5394716
hot 441545 warm 0 cold 5394716
hot 441545 warm 0 cold 5394716
hot 441545 warm 0 cold 5394716
hot 394868 warm 0 cold 5441393
hot 394868 warm 0 cold 5441393
hot 394868 warm 0 cold 5441393
hot 394868 warm 0 cold 5441393
hot 395380 warm 0 cold 5440881
hot 398452 warm 0 cold 5437809
hot 398964 warm 0 cold 5437297
hot 399476 warm 0 cold 5436785
hot 399476 warm 0 cold 5436785
hot 399476 warm 0 cold 5436785
hot 405108 warm 0 cold 5431153
hot 405620 warm 0 cold 5430641
hot 405620 warm 0 cold 5430641
hot 406132 warm 0 cold 5430129
hot 406132 warm 0 cold 5430129
hot 409716 warm 0 cold 5426545
hot 411764 warm 0 cold 5424497
hot 412276 warm 0 cold 5423985
hot 412276 warm 0 cold 5423985
hot 412276 warm 0 cold 5423985
hot 412276 warm 0 cold 5423985
hot 416372 warm 0 cold 5419889
hot 416372 warm 0 cold 5419889
hot 416372 warm 0 cold 5419889
hot 416372 warm 0 cold 5419889
hot 420980 warm 0 cold 5415281
hot 420980 warm 0 cold 5415281
hot 420980 warm 0 cold 5415281
hot 420980 warm 0 cold 5415281
hot 420980 warm 0 cold 5415281
hot 420980 warm 0 cold 5415281
hot 420980 warm 0 cold 5415281
hot 423028 warm 0 cold 5413233
hot 423028 warm 0 cold 5413233
hot 423028 warm 0 cold 5413233
hot 423028 warm 0 cold 5413233
hot 423540 warm 0 cold 5412721
hot 424564 warm 0 cold 5411697
hot 424564 warm 0 cold 5411697
hot 424564 warm 0 cold 5411697
hot 424564 warm 0 cold 5411697
hot 424564 warm 0 cold 5411697
hot 427124 warm 0 cold 5409137
hot 427124 warm 0 cold 5409137
hot 427124 warm 0 cold 5409137
hot 427124 warm 0 cold 5409137
hot 427124 warm 0 cold 5409137
hot 427636 warm 0 cold 5408625
hot 429172 warm 0 cold 5407089
hot 429172 warm 0 cold 5407089
hot 429172 warm 0 cold 5407089
hot 429172 warm 0 cold 5407089
hot 429172 warm 0 cold 5407089
hot 429684 warm 0 cold 5406577
hot 429684 warm 0 cold 5406577
hot 429684 warm 0 cold 5406577
hot 430196 warm 0 cold 5406065
hot 430708 warm 0 cold 5405553
hot 431732 warm 0 cold 5404529
hot 431732 warm 0 cold 5404529
hot 431732 warm 0 cold 5404529
hot 431732 warm 0 cold 5404529
hot 431732 warm 0 cold 5404529
hot 432756 warm 0 cold 5403505
hot 432756 warm 0 cold 5403505
hot 432756 warm 0 cold 5403505
hot 432756 warm 0 cold 5403505
hot 432756 warm 0 cold 5403505
hot 432756 warm 0 cold 5403505
hot 435316 warm 0 cold 5400945
hot 435316 warm 0 cold 5400945
hot 435828 warm 0 cold 5400433
hot 435828 warm 0 cold 5400433
hot 435828 warm 0 cold 5400433
hot 436852 warm 0 cold 5399409
hot 436852 warm 0 cold 5399409
hot 436852 warm 0 cold 5399409
hot 436852 warm 0 cold 5399409
hot 436852 warm 0 cold 5399409
hot 437364 warm 0 cold 5398897
hot 437364 warm 0 cold 5398897
hot 437364 warm 0 cold 5398897
hot 437364 warm 0 cold 5398897
hot 437364 warm 0 cold 5398897
hot 437364 warm 0 cold 5398897
hot 437364 warm 0 cold 5398897
hot 437364 warm 0 cold 5398897
hot 437364 warm 0 cold 5398897
hot 437364 warm 0 cold 5398897
hot 437364 warm 0 cold 5398897
hot 437876 warm 0 cold 5398385
hot 437876 warm 0 cold 5398385
hot 437876 warm 0 cold 5398385
hot 437876 warm 0 cold 5398385
hot 437876 warm 0 cold 5398385
hot 437876 warm 0 cold 5398385
hot 437876 warm 0 cold 5398385
hot 437876 warm 0 cold 5398385
hot 437876 warm 0 cold 5398385
hot 437876 warm 0 cold 5398385
hot 437876 warm 0 cold 5398385
hot 437876 warm 0 cold 5398385
