anon 970752
anon_thp 0
anon 3562319872
anon_thp 3560964096
anon 6815006720
anon_thp 6813646848
anon 10237693952
anon_thp 10236198912
anon 13345673216
anon_thp 13344178176
anon 16877236224
anon_thp 16873684992
anon 17281994752
anon_thp 17278435328
anon 17281994752
anon_thp 17278435328
anon 17284116480
anon_thp 17280532480
anon 17598955520
anon_thp 17595105280
anon 19727564800
anon_thp 19723714560
anon 21904412672
anon_thp 21900558336
anon 24079159296
anon_thp 24075304960
anon 25925287936
anon_thp 25920798720
anon 26206302208
anon_thp 26201817088
anon 27326582784
anon_thp 27319599104
anon 28410871808
anon_thp 28403826688
anon 28410871808
anon_thp 28403826688
anon 28410867712
anon_thp 28403826688
anon 28410871808
anon_thp 28403826688
anon 28410875904
anon_thp 28403826688
anon 28410867712
anon_thp 28403826688
anon 28410871808
anon_thp 28403826688
anon 28410867712
anon_thp 28403826688
anon 28410871808
anon_thp 28403826688
anon 28410871808
anon_thp 28403826688
anon 28410871808
anon_thp 28403826688
anon 28410871808
anon_thp 28403826688
anon 28410892288
anon_thp 28403826688
anon 28410892288
anon_thp 28403826688
anon 28410896384
anon_thp 28403826688
anon 28410892288
anon_thp 28403826688
anon 28410896384
anon_thp 28403826688
anon 28410892288
anon_thp 28403826688
anon 28410896384
anon_thp 28403826688
anon 28410900480
anon_thp 28403826688
anon 28410900480
anon_thp 28403826688
anon 28410892288
anon_thp 28403826688
anon 28410896384
anon_thp 28403826688
anon 28410900480
anon_thp 28403826688
anon 28410896384
anon_thp 28403826688
anon 28410900480
anon_thp 28403826688
anon 28410892288
anon_thp 28403826688
anon 28410896384
anon_thp 28403826688
anon 28410900480
anon_thp 28403826688
anon 28410896384
anon_thp 28403826688
anon 28410896384
anon_thp 28403826688
anon 28410896384
anon_thp 28403826688
anon 28410896384
anon_thp 28403826688
anon 28410896384
anon_thp 28403826688
anon 28410896384
anon_thp 28403826688
anon 28410892288
anon_thp 28403826688
anon 28410896384
anon_thp 28403826688
anon 28410892288
anon_thp 28403826688
anon 28410892288
anon_thp 28403826688
anon 28410900480
anon_thp 28403826688
anon 28410892288
anon_thp 28403826688
anon 28410892288
anon_thp 28403826688
anon 28410892288
anon_thp 28403826688
anon 28410900480
anon_thp 28403826688
anon 28410896384
anon_thp 28403826688
anon 28410896384
anon_thp 28403826688
anon 28410892288
anon_thp 28403826688
anon 28410896384
anon_thp 28403826688
anon 28410896384
anon_thp 28403826688
anon 28410896384
anon_thp 28403826688
anon 28410900480
anon_thp 28403826688
anon 28410900480
anon_thp 28403826688
anon 28410900480
anon_thp 28403826688
anon 28410892288
anon_thp 28403826688
anon 28410896384
anon_thp 28403826688
anon 28410896384
anon_thp 28403826688
anon 28410896384
anon_thp 28403826688
anon 28410896384
anon_thp 28403826688
anon 28410900480
anon_thp 28403826688
anon 28410892288
anon_thp 28403826688
anon 28410896384
anon_thp 28403826688
anon 28410900480
anon_thp 28403826688
anon 28410896384
anon_thp 28403826688
anon 28410896384
anon_thp 28403826688
anon 28410896384
anon_thp 28403826688
anon 28410896384
anon_thp 28403826688
anon 28410900480
anon_thp 28403826688
anon 28410896384
anon_thp 28403826688
anon 28410896384
anon_thp 28403826688
anon 28410896384
anon_thp 28403826688
anon 28410892288
anon_thp 28403826688
anon 28410892288
anon_thp 28403826688
anon 28410900480
anon_thp 28403826688
anon 28410896384
anon_thp 28403826688
anon 28410892288
anon_thp 28403826688
anon 28410900480
anon_thp 28403826688
anon 28410900480
anon_thp 28403826688
anon 28410896384
anon_thp 28403826688
anon 28410896384
anon_thp 28403826688
anon 28410896384
anon_thp 28403826688
anon 28410896384
anon_thp 28403826688
anon 28410896384
anon_thp 28403826688
anon 28410896384
anon_thp 28403826688
anon 28410896384
anon_thp 28403826688
anon 28410892288
anon_thp 28403826688
anon 28410900480
anon_thp 28403826688
anon 28410900480
anon_thp 28403826688
anon 28410896384
anon_thp 28403826688
anon 28410900480
anon_thp 28403826688
anon 28410896384
anon_thp 28403826688
anon 28410892288
anon_thp 28403826688
anon 28410892288
anon_thp 28403826688
anon 28410896384
anon_thp 28403826688
anon 28410896384
anon_thp 28403826688
anon 28410892288
anon_thp 28403826688
anon 28410892288
anon_thp 28403826688
anon 28410900480
anon_thp 28403826688
anon 28410896384
anon_thp 28403826688
anon 28410896384
anon_thp 28403826688
anon 28410900480
anon_thp 28403826688
anon 28410896384
anon_thp 28403826688
anon 28410892288
anon_thp 28403826688
anon 28410892288
anon_thp 28403826688
anon 28410896384
anon_thp 28403826688
anon 28410896384
anon_thp 28403826688
anon 28410892288
anon_thp 28403826688
anon 28410896384
anon_thp 28403826688
anon 28410892288
anon_thp 28403826688
anon 28410896384
anon_thp 28403826688
anon 28410900480
anon_thp 28403826688
anon 28410892288
anon_thp 28403826688
anon 28410896384
anon_thp 28403826688
anon 28410892288
anon_thp 28403826688
anon 28410900480
anon_thp 28403826688
anon 28410892288
anon_thp 28403826688
anon 28410896384
anon_thp 28403826688
anon 28410896384
anon_thp 28403826688
anon 28410896384
anon_thp 28403826688
anon 28410896384
anon_thp 28403826688
anon 28410896384
anon_thp 28403826688
anon 28410892288
anon_thp 28403826688
anon 28410892288
anon_thp 28403826688
anon 28410900480
anon_thp 28403826688
anon 28410892288
anon_thp 28403826688
anon 28410896384
anon_thp 28403826688
anon 28410892288
anon_thp 28403826688
anon 28410896384
anon_thp 28403826688
anon 28410900480
anon_thp 28403826688
anon 28410892288
anon_thp 28403826688
anon 28410900480
anon_thp 28403826688
anon 28410896384
anon_thp 28403826688
anon 28410896384
anon_thp 28403826688
anon 28410896384
anon_thp 28403826688
anon 28410896384
anon_thp 28403826688
anon 28410896384
anon_thp 28403826688
anon 28410896384
anon_thp 28403826688
anon 28410900480
anon_thp 28403826688
anon 28410900480
anon_thp 28403826688
anon 28410896384
anon_thp 28403826688
anon 28410900480
anon_thp 28403826688
anon 28410896384
anon_thp 28403826688
anon 28410892288
anon_thp 28403826688
anon 28410892288
anon_thp 28403826688
anon 28410892288
anon_thp 28403826688
anon 28410900480
anon_thp 28403826688
anon 28410896384
anon_thp 28403826688
anon 28410900480
anon_thp 28403826688
anon 28410896384
anon_thp 28403826688
anon 28410896384
anon_thp 28403826688
anon 28410896384
anon_thp 28403826688
anon 28410896384
anon_thp 28403826688
anon 28410896384
anon_thp 28403826688
anon 28410900480
anon_thp 28403826688
anon 28410892288
anon_thp 28403826688
anon 28410896384
anon_thp 28403826688
anon 28410896384
anon_thp 28403826688
anon 28410892288
anon_thp 28403826688
anon 28410900480
anon_thp 28403826688
anon 28410896384
anon_thp 28403826688
anon 28410896384
anon_thp 28403826688
anon 28410896384
anon_thp 28403826688
anon 28410896384
anon_thp 28403826688
anon 28410896384
anon_thp 28403826688
anon 28410896384
anon_thp 28403826688
anon 28410892288
anon_thp 28403826688
anon 28410896384
anon_thp 28403826688
anon 28410892288
anon_thp 28403826688
anon 28410896384
anon_thp 28403826688
anon 28410892288
anon_thp 28403826688
anon 28410896384
anon_thp 28403826688
anon 28410896384
anon_thp 28403826688
anon 28410892288
anon_thp 28403826688
anon 28410892288
anon_thp 28403826688
anon 28410900480
anon_thp 28403826688
anon 28410896384
anon_thp 28403826688
anon 28410892288
anon_thp 28403826688
anon 28410900480
anon_thp 28403826688
anon 28410896384
anon_thp 28403826688
anon 28410900480
anon_thp 28403826688
anon 28410892288
anon_thp 28403826688
anon 28410900480
anon_thp 28403826688
anon 28410900480
anon_thp 28403826688
anon 28410896384
anon_thp 28403826688
anon 28410892288
anon_thp 28403826688
anon 28410900480
anon_thp 28403826688
anon 28410896384
anon_thp 28403826688
anon 28410896384
anon_thp 28403826688
anon 28410896384
anon_thp 28403826688
anon 28410896384
anon_thp 28403826688
anon 28410896384
anon_thp 28403826688
anon 28410896384
anon_thp 28403826688
anon 28410896384
anon_thp 28403826688
anon 28410900480
anon_thp 28403826688
anon 28410896384
anon_thp 28403826688
anon 28410900480
anon_thp 28403826688
anon 28410900480
anon_thp 28403826688
anon 28410896384
anon_thp 28403826688
anon 28410900480
anon_thp 28403826688
anon 28410896384
anon_thp 28403826688
anon 28410900480
anon_thp 28403826688
anon 28410900480
anon_thp 28403826688
anon 28410896384
anon_thp 28403826688
anon 28410896384
anon_thp 28403826688
anon 28410892288
anon_thp 28403826688
anon 28410896384
anon_thp 28403826688
anon 28410896384
anon_thp 28403826688
anon 28410892288
anon_thp 28403826688
anon 28410896384
anon_thp 28403826688
anon 28410896384
anon_thp 28403826688
anon 28410896384
anon_thp 28403826688
anon 28410896384
anon_thp 28403826688
anon 28410896384
anon_thp 28403826688
anon 28410896384
anon_thp 28403826688
anon 28410896384
anon_thp 28403826688
anon 28410896384
anon_thp 28403826688
anon 28410892288
anon_thp 28403826688
anon 28410900480
anon_thp 28403826688
anon 28410896384
anon_thp 28403826688
anon 28410892288
anon_thp 28403826688
anon 28410896384
anon_thp 28403826688
anon 28410900480
anon_thp 28403826688
anon 28410900480
anon_thp 28403826688
anon 28410896384
anon_thp 28403826688
anon 28410896384
anon_thp 28403826688
anon 28410900480
anon_thp 28403826688
anon 28410900480
anon_thp 28403826688
anon 28410892288
anon_thp 28403826688
anon 28410892288
anon_thp 28403826688
anon 28410896384
anon_thp 28403826688
anon 28410892288
anon_thp 28403826688
anon 28410900480
anon_thp 28403826688
anon 28410896384
anon_thp 28403826688
anon 28410896384
anon_thp 28403826688
anon 28410896384
anon_thp 28403826688
anon 28410892288
anon_thp 28403826688
anon 28410900480
anon_thp 28403826688
anon 28410892288
anon_thp 28403826688
anon 28410900480
anon_thp 28403826688
anon 28410900480
anon_thp 28403826688
anon 28410896384
anon_thp 28403826688
anon 28410896384
anon_thp 28403826688
anon 28410892288
anon_thp 28403826688
anon 28410900480
anon_thp 28403826688
anon 28410896384
anon_thp 28403826688
anon 28410900480
anon_thp 28403826688
anon 28410896384
anon_thp 28403826688
anon 28410900480
anon_thp 28403826688
anon 28410892288
anon_thp 28403826688
anon 28410896384
anon_thp 28403826688
anon 28410900480
anon_thp 28403826688
anon 28410900480
anon_thp 28403826688
anon 28410896384
anon_thp 28403826688
anon 28410900480
anon_thp 28403826688
anon 28410892288
anon_thp 28403826688
anon 28410900480
anon_thp 28403826688
anon 28410900480
anon_thp 28403826688
anon 28410900480
anon_thp 28403826688
anon 28410896384
anon_thp 28403826688
anon 28410900480
anon_thp 28403826688
anon 28410896384
anon_thp 28403826688
anon 28410896384
anon_thp 28403826688
anon 28410892288
anon_thp 28403826688
anon 28410892288
anon_thp 28403826688
anon 28410900480
anon_thp 28403826688
anon 28410896384
anon_thp 28403826688
anon 28410896384
anon_thp 28403826688
anon 28410896384
anon_thp 28403826688
anon 28410896384
anon_thp 28403826688
anon 28410900480
anon_thp 28403826688
anon 28410892288
anon_thp 28403826688
anon 28410896384
anon_thp 28403826688
anon 28410896384
anon_thp 28403826688
anon 28410892288
anon_thp 28403826688
anon 28410896384
anon_thp 28403826688
anon 28410900480
anon_thp 28403826688
anon 28410896384
anon_thp 28403826688
anon 28410896384
anon_thp 28403826688
anon 28410896384
anon_thp 28403826688
anon 28410896384
anon_thp 28403826688
anon 28410896384
anon_thp 28403826688
anon 28410900480
anon_thp 28403826688
anon 28410900480
anon_thp 28403826688
anon 28410896384
anon_thp 28403826688
anon 28410900480
anon_thp 28403826688
anon 28410896384
anon_thp 28403826688
anon 28410900480
anon_thp 28403826688
anon 28410896384
anon_thp 28403826688
anon 28410900480
anon_thp 28403826688
anon 28410900480
anon_thp 28403826688
anon 28410900480
anon_thp 28403826688
anon 28410896384
anon_thp 28403826688
anon 28410896384
anon_thp 28403826688
anon 28410900480
anon_thp 28403826688
anon 28410896384
anon_thp 28403826688
anon 28410896384
anon_thp 28403826688
anon 28410896384
anon_thp 28403826688
anon 28410900480
anon_thp 28403826688
anon 28410896384
anon_thp 28403826688
anon 28410900480
anon_thp 28403826688
anon 28410896384
anon_thp 28403826688
anon 28410900480
anon_thp 28403826688
anon 28410896384
anon_thp 28403826688
anon 28410900480
anon_thp 28403826688
anon 28410896384
anon_thp 28403826688
anon 28410896384
anon_thp 28403826688
anon 28410896384
anon_thp 28403826688
anon 28410896384
anon_thp 28403826688
anon 28410896384
anon_thp 28403826688
anon 28410900480
anon_thp 28403826688
anon 28410892288
anon_thp 28403826688
anon 28410896384
anon_thp 28403826688
anon 28410900480
anon_thp 28403826688
anon 28410892288
anon_thp 28403826688
anon 28410896384
anon_thp 28403826688
anon 28410896384
anon_thp 28403826688
anon 28410896384
anon_thp 28403826688
anon 28410900480
anon_thp 28403826688
anon 28410892288
anon_thp 28403826688
anon 28410892288
anon_thp 28403826688
anon 28410896384
anon_thp 28403826688
anon 28410896384
anon_thp 28403826688
anon 28410896384
anon_thp 28403826688
anon 28410896384
anon_thp 28403826688
anon 28410892288
anon_thp 28403826688
anon 28410896384
anon_thp 28403826688
anon 28410900480
anon_thp 28403826688
anon 28410896384
anon_thp 28403826688
anon 28410896384
anon_thp 28403826688
anon 28410892288
anon_thp 28403826688
anon 28410896384
anon_thp 28403826688
anon 28410896384
anon_thp 28403826688
anon 28410892288
anon_thp 28403826688
anon 28410896384
anon_thp 28403826688
anon 28410896384
anon_thp 28403826688
anon 28410896384
anon_thp 28403826688
anon 28410892288
anon_thp 28403826688
anon 28410892288
anon_thp 28403826688
anon 28410892288
anon_thp 28403826688
anon 28410900480
anon_thp 28403826688
anon 28410896384
anon_thp 28403826688
anon 28410896384
anon_thp 28403826688
anon 28410896384
anon_thp 28403826688
anon 28410896384
anon_thp 28403826688
anon 28410900480
anon_thp 28403826688
anon 28410900480
anon_thp 28403826688
anon 28410900480
anon_thp 28403826688
anon 28410892288
anon_thp 28403826688
anon 28410892288
anon_thp 28403826688
anon 28410896384
anon_thp 28403826688
anon 28410900480
anon_thp 28403826688
anon 28410900480
anon_thp 28403826688
anon 28410896384
anon_thp 28403826688
anon 28410892288
anon_thp 28403826688
anon 28410900480
anon_thp 28403826688
anon 28410900480
anon_thp 28403826688
anon 28410896384
anon_thp 28403826688
anon 28410900480
anon_thp 28403826688
anon 28410900480
anon_thp 28403826688
anon 28410896384
anon_thp 28403826688
anon 28410896384
anon_thp 28403826688
anon 28410896384
anon_thp 28403826688
anon 28410896384
anon_thp 28403826688
anon 28410900480
anon_thp 28403826688
anon 28410896384
anon_thp 28403826688
anon 28410896384
anon_thp 28403826688
anon 28410900480
anon_thp 28403826688
anon 28410892288
anon_thp 28403826688
anon 28410900480
anon_thp 28403826688
anon 28410900480
anon_thp 28403826688
anon 28410896384
anon_thp 28403826688
anon 28410892288
anon_thp 28403826688
anon 28410900480
anon_thp 28403826688
anon 28410896384
anon_thp 28403826688
anon 28410900480
anon_thp 28403826688
anon 28410900480
anon_thp 28403826688
anon 28410896384
anon_thp 28403826688
anon 28410900480
anon_thp 28403826688
anon 28410896384
anon_thp 28403826688
anon 28410892288
anon_thp 28403826688
anon 28410900480
anon_thp 28403826688
anon 28410892288
anon_thp 28403826688
anon 28410896384
anon_thp 28403826688
anon 28410896384
anon_thp 28403826688
anon 28410900480
anon_thp 28403826688
anon 28410900480
anon_thp 28403826688
anon 28410896384
anon_thp 28403826688
anon 28410896384
anon_thp 28403826688
anon 28410896384
anon_thp 28403826688
anon 28410896384
anon_thp 28403826688
anon 28410896384
anon_thp 28403826688
anon 28410900480
anon_thp 28403826688
anon 28410900480
anon_thp 28403826688
anon 28410892288
anon_thp 28403826688
anon 28410896384
anon_thp 28403826688
anon 28410892288
anon_thp 28403826688
anon 28410896384
anon_thp 28403826688
anon 28410896384
anon_thp 28403826688
anon 28410892288
anon_thp 28403826688
anon 28410900480
anon_thp 28403826688
anon 28410900480
anon_thp 28403826688
anon 28410900480
anon_thp 28403826688
anon 28410900480
anon_thp 28403826688
anon 28410896384
anon_thp 28403826688
anon 28410892288
anon_thp 28403826688
anon 28410892288
anon_thp 28403826688
anon 28410900480
anon_thp 28403826688
anon 28410900480
anon_thp 28403826688
anon 28410896384
anon_thp 28403826688
anon 28410900480
anon_thp 28403826688
anon 28410896384
anon_thp 28403826688
anon 28410896384
anon_thp 28403826688
anon 28410900480
anon_thp 28403826688
anon 28410896384
anon_thp 28403826688
anon 28410892288
anon_thp 28403826688
anon 28410900480
anon_thp 28403826688
anon 28410896384
anon_thp 28403826688
anon 28410896384
anon_thp 28403826688
anon 28410896384
anon_thp 28403826688
anon 28410892288
anon_thp 28403826688
anon 28410896384
anon_thp 28403826688
anon 28410892288
anon_thp 28403826688
anon 28410896384
anon_thp 28403826688
anon 28410896384
anon_thp 28403826688
anon 28410896384
anon_thp 28403826688
anon 28410896384
anon_thp 28403826688
anon 28410896384
anon_thp 28403826688
anon 28410896384
anon_thp 28403826688
anon 28410896384
anon_thp 28403826688
anon 28410900480
anon_thp 28403826688
anon 28410896384
anon_thp 28403826688
anon 28410892288
anon_thp 28403826688
anon 28410900480
anon_thp 28403826688
anon 28410896384
anon_thp 28403826688
anon 28410896384
anon_thp 28403826688
anon 28410896384
anon_thp 28403826688
anon 28410892288
anon_thp 28403826688
anon 28410900480
anon_thp 28403826688
anon 28410900480
anon_thp 28403826688
anon 28410900480
anon_thp 28403826688
anon 28410900480
anon_thp 28403826688
anon 28410900480
anon_thp 28403826688
anon 28410900480
anon_thp 28403826688
anon 28410900480
anon_thp 28403826688
anon 28410896384
anon_thp 28403826688
anon 28410896384
anon_thp 28403826688
anon 28410896384
anon_thp 28403826688
anon 28410892288
anon_thp 28403826688
anon 28410892288
anon_thp 28403826688
anon 28410900480
anon_thp 28403826688
anon 28410896384
anon_thp 28403826688
anon 28410900480
anon_thp 28403826688
anon 28410900480
anon_thp 28403826688
anon 28410900480
anon_thp 28403826688
anon 28410892288
anon_thp 28403826688
anon 28410900480
anon_thp 28403826688
anon 28410896384
anon_thp 28403826688
anon 28410892288
anon_thp 28403826688
anon 28410896384
anon_thp 28403826688
anon 28410900480
anon_thp 28403826688
anon 28410896384
anon_thp 28403826688
anon 28410892288
anon_thp 28403826688
anon 28410900480
anon_thp 28403826688
anon 28410896384
anon_thp 28403826688
anon 28410896384
anon_thp 28403826688
anon 28410892288
anon_thp 28403826688
anon 28410896384
anon_thp 28403826688
anon 28410896384
anon_thp 28403826688
anon 28410896384
anon_thp 28403826688
anon 28410896384
anon_thp 28403826688
anon 28410900480
anon_thp 28403826688
anon 28410900480
anon_thp 28403826688
anon 28410896384
anon_thp 28403826688
anon 28410896384
anon_thp 28403826688
anon 28410896384
anon_thp 28403826688
anon 28410900480
anon_thp 28403826688
anon 28410896384
anon_thp 28403826688
anon 28410896384
anon_thp 28403826688
anon 28410900480
anon_thp 28403826688
anon 28410900480
anon_thp 28403826688
anon 28410896384
anon_thp 28403826688
anon 28410896384
anon_thp 28403826688
anon 28410892288
anon_thp 28403826688
anon 28410896384
anon_thp 28403826688
anon 28410892288
anon_thp 28403826688
anon 28410896384
anon_thp 28403826688
anon 28410896384
anon_thp 28403826688
anon 28410896384
anon_thp 28403826688
anon 28410896384
anon_thp 28403826688
anon 28410900480
anon_thp 28403826688
anon 28410896384
anon_thp 28403826688
anon 28410900480
anon_thp 28403826688
anon 28410900480
anon_thp 28403826688
anon 28410896384
anon_thp 28403826688
anon 28410896384
anon_thp 28403826688
anon 28410896384
anon_thp 28403826688
anon 28410896384
anon_thp 28403826688
anon 28410900480
anon_thp 28403826688
anon 28410896384
anon_thp 28403826688
anon 28410892288
anon_thp 28403826688
anon 28410900480
anon_thp 28403826688
anon 28410892288
anon_thp 28403826688
anon 28410892288
anon_thp 28403826688
anon 28410896384
anon_thp 28403826688
anon 28410896384
anon_thp 28403826688
anon 28410900480
anon_thp 28403826688
anon 28410892288
anon_thp 28403826688
anon 28410900480
anon_thp 28403826688
anon 28410896384
anon_thp 28403826688
anon 28410900480
anon_thp 28403826688
anon 28410892288
anon_thp 28403826688
anon 28410896384
anon_thp 28403826688
anon 28410896384
anon_thp 28403826688
anon 28410896384
anon_thp 28403826688
anon 28410896384
anon_thp 28403826688
anon 28410900480
anon_thp 28403826688
anon 28410896384
anon_thp 28403826688
anon 28410896384
anon_thp 28403826688
anon 28410896384
anon_thp 28403826688
anon 28410900480
anon_thp 28403826688
anon 28410900480
anon_thp 28403826688
anon 28410900480
anon_thp 28403826688
anon 28410900480
anon_thp 28403826688
anon 28410900480
anon_thp 28403826688
anon 28410900480
anon_thp 28403826688
anon 28410900480
anon_thp 28403826688
anon 28410896384
anon_thp 28403826688
