anon 0
anon_thp 0
anon 3879485440
anon_thp 3877634048
anon 8411430912
anon_thp 8409579520
anon 12711890944
anon_thp 12708741120
anon 17282486272
anon_thp 17278435328
anon 17282486272
anon_thp 17278435328
anon 17282486272
anon_thp 17278435328
anon 17282519040
anon_thp 17278435328
anon 17941295104
anon_thp 17936941056
anon 20080390144
anon_thp 20076036096
anon 22225776640
anon_thp 22221422592
anon 24345997312
anon_thp 24341643264
anon 25924853760
anon_thp 25918701568
anon 26337992704
anon_thp 26331840512
anon 27598540800
anon_thp 27590131712
anon 28410204160
anon_thp 28401729536
anon 28410204160
anon_thp 28401729536
anon 28410204160
anon_thp 28401729536
anon 28410204160
anon_thp 28401729536
anon 28410204160
anon_thp 28401729536
anon 28410204160
anon_thp 28401729536
anon 28410204160
anon_thp 28401729536
anon 28410204160
anon_thp 28401729536
anon 28410204160
anon_thp 28401729536
anon 28410204160
anon_thp 28401729536
anon 28410204160
anon_thp 28401729536
anon 28410204160
anon_thp 28401729536
anon 28410216448
anon_thp 28401729536
anon 28410216448
anon_thp 28401729536
anon 28410216448
anon_thp 28401729536
anon 28410216448
anon_thp 28401729536
anon 28410220544
anon_thp 28401729536
anon 28410220544
anon_thp 28401729536
anon 28410220544
anon_thp 28401729536
anon 28410220544
anon_thp 28401729536
anon 28410220544
anon_thp 28401729536
anon 28410220544
anon_thp 28401729536
anon 28410220544
anon_thp 28401729536
anon 28410220544
anon_thp 28401729536
anon 28410220544
anon_thp 28401729536
anon 28410220544
anon_thp 28401729536
anon 28410220544
anon_thp 28401729536
anon 28410220544
anon_thp 28401729536
anon 28410220544
anon_thp 28401729536
anon 28410220544
anon_thp 28401729536
anon 28410220544
anon_thp 28401729536
anon 28410220544
anon_thp 28401729536
anon 28410220544
anon_thp 28401729536
anon 28410220544
anon_thp 28401729536
anon 28410220544
anon_thp 28401729536
anon 28410220544
anon_thp 28401729536
anon 28410220544
anon_thp 28401729536
anon 28410220544
anon_thp 28401729536
anon 28410220544
anon_thp 28401729536
anon 28410220544
anon_thp 28401729536
anon 28410220544
anon_thp 28401729536
anon 28410220544
anon_thp 28401729536
anon 28410220544
anon_thp 28401729536
anon 28410220544
anon_thp 28401729536
anon 28410220544
anon_thp 28401729536
anon 28410220544
anon_thp 28401729536
anon 28410220544
anon_thp 28401729536
anon 28410220544
anon_thp 28401729536
anon 28410220544
anon_thp 28401729536
anon 28410220544
anon_thp 28401729536
anon 28410220544
anon_thp 28401729536
anon 28410220544
anon_thp 28401729536
anon 28410220544
anon_thp 28401729536
anon 28410220544
anon_thp 28401729536
anon 28410220544
anon_thp 28401729536
anon 28410220544
anon_thp 28401729536
anon 28410220544
anon_thp 28401729536
anon 28410220544
anon_thp 28401729536
anon 28410220544
anon_thp 28401729536
anon 28410220544
anon_thp 28401729536
anon 28410220544
anon_thp 28401729536
anon 28410220544
anon_thp 28401729536
anon 28410220544
anon_thp 28401729536
anon 28410220544
anon_thp 28401729536
anon 28410220544
anon_thp 28401729536
anon 28410220544
anon_thp 28401729536
anon 28410220544
anon_thp 28401729536
anon 28410220544
anon_thp 28401729536
anon 28410220544
anon_thp 28401729536
anon 28410220544
anon_thp 28401729536
anon 28410220544
anon_thp 28401729536
anon 28410220544
anon_thp 28401729536
anon 28410220544
anon_thp 28401729536
anon 28410220544
anon_thp 28401729536
anon 28410220544
anon_thp 28401729536
anon 28410220544
anon_thp 28401729536
anon 28410220544
anon_thp 28401729536
anon 28410220544
anon_thp 28401729536
anon 28410220544
anon_thp 28401729536
anon 28410220544
anon_thp 28401729536
anon 28410220544
anon_thp 28401729536
anon 28410220544
anon_thp 28401729536
anon 28410220544
anon_thp 28401729536
anon 28410220544
anon_thp 28401729536
anon 28410220544
anon_thp 28401729536
anon 28410220544
anon_thp 28401729536
anon 28410220544
anon_thp 28401729536
anon 28410220544
anon_thp 28401729536
anon 28410220544
anon_thp 28401729536
anon 28410220544
anon_thp 28401729536
anon 28410220544
anon_thp 28401729536
anon 28410220544
anon_thp 28401729536
anon 28410220544
anon_thp 28401729536
anon 28410220544
anon_thp 28401729536
anon 28410220544
anon_thp 28401729536
anon 28410220544
anon_thp 28401729536
anon 28410220544
anon_thp 28401729536
anon 28410220544
anon_thp 28401729536
anon 28410220544
anon_thp 28401729536
anon 28410220544
anon_thp 28401729536
anon 28410220544
anon_thp 28401729536
anon 28410220544
anon_thp 28401729536
anon 28410220544
anon_thp 28401729536
anon 28410220544
anon_thp 28401729536
anon 28410220544
anon_thp 28401729536
anon 28410220544
anon_thp 28401729536
anon 28410220544
anon_thp 28401729536
anon 28410220544
anon_thp 28401729536
anon 28410220544
anon_thp 28401729536
anon 28410220544
anon_thp 28401729536
anon 28410220544
anon_thp 28401729536
anon 28410220544
anon_thp 28401729536
anon 28410220544
anon_thp 28401729536
anon 28410220544
anon_thp 28401729536
anon 28410220544
anon_thp 28401729536
anon 28410220544
anon_thp 28401729536
anon 28410220544
anon_thp 28401729536
anon 28410220544
anon_thp 28401729536
anon 28410220544
anon_thp 28401729536
anon 28410220544
anon_thp 28401729536
anon 28410220544
anon_thp 28401729536
anon 28410220544
anon_thp 28401729536
anon 28410220544
anon_thp 28401729536
anon 28410220544
anon_thp 28401729536
anon 28410220544
anon_thp 28401729536
anon 28410220544
anon_thp 28401729536
anon 28410220544
anon_thp 28401729536
anon 28410220544
anon_thp 28401729536
anon 28410220544
anon_thp 28401729536
anon 28410220544
anon_thp 28401729536
anon 28410220544
anon_thp 28401729536
anon 28410220544
anon_thp 28401729536
anon 28410220544
anon_thp 28401729536
anon 28410220544
anon_thp 28401729536
anon 28410220544
anon_thp 28401729536
anon 28410220544
anon_thp 28401729536
anon 28410220544
anon_thp 28401729536
anon 28410220544
anon_thp 28401729536
anon 28410220544
anon_thp 28401729536
anon 28410220544
anon_thp 28401729536
anon 28410220544
anon_thp 28401729536
anon 28410220544
anon_thp 28401729536
anon 28410220544
anon_thp 28401729536
anon 28410220544
anon_thp 28401729536
anon 28410220544
anon_thp 28401729536
anon 28410220544
anon_thp 28401729536
anon 28410220544
anon_thp 28401729536
anon 28410220544
anon_thp 28401729536
anon 28410220544
anon_thp 28401729536
anon 28410220544
anon_thp 28401729536
anon 28410220544
anon_thp 28401729536
anon 28410220544
anon_thp 28401729536
anon 28410220544
anon_thp 28401729536
anon 28410220544
anon_thp 28401729536
anon 28410220544
anon_thp 28401729536
anon 28410220544
anon_thp 28401729536
anon 28410220544
anon_thp 28401729536
anon 28410220544
anon_thp 28401729536
anon 28410220544
anon_thp 28401729536
anon 28410220544
anon_thp 28401729536
anon 28410220544
anon_thp 28401729536
anon 28410220544
anon_thp 28401729536
anon 28410220544
anon_thp 28401729536
anon 28410220544
anon_thp 28401729536
anon 28410220544
anon_thp 28401729536
anon 28410220544
anon_thp 28401729536
anon 28410220544
anon_thp 28401729536
anon 28410220544
anon_thp 28401729536
anon 28410220544
anon_thp 28401729536
anon 28410220544
anon_thp 28401729536
anon 28410220544
anon_thp 28401729536
anon 28410220544
anon_thp 28401729536
anon 28410220544
anon_thp 28401729536
anon 28410220544
anon_thp 28401729536
anon 28410220544
anon_thp 28401729536
anon 28410220544
anon_thp 28401729536
anon 28410220544
anon_thp 28401729536
anon 28410220544
anon_thp 28401729536
anon 28410220544
anon_thp 28401729536
anon 28410220544
anon_thp 28401729536
anon 28410220544
anon_thp 28401729536
anon 28410220544
anon_thp 28401729536
anon 28410220544
anon_thp 28401729536
anon 28410220544
anon_thp 28401729536
anon 28410220544
anon_thp 28401729536
anon 28410220544
anon_thp 28401729536
anon 28410220544
anon_thp 28401729536
anon 28410220544
anon_thp 28401729536
anon 28410220544
anon_thp 28401729536
anon 28410220544
anon_thp 28401729536
anon 28410220544
anon_thp 28401729536
anon 28410220544
anon_thp 28401729536
anon 28410220544
anon_thp 28401729536
anon 28410220544
anon_thp 28401729536
anon 28410220544
anon_thp 28401729536
anon 28410220544
anon_thp 28401729536
anon 28410220544
anon_thp 28401729536
anon 28410220544
anon_thp 28401729536
anon 28410220544
anon_thp 28401729536
anon 28410220544
anon_thp 28401729536
anon 28410220544
anon_thp 28401729536
anon 28410220544
anon_thp 28401729536
anon 28410220544
anon_thp 28401729536
anon 28410220544
anon_thp 28401729536
anon 28410220544
anon_thp 28401729536
anon 28410220544
anon_thp 28401729536
anon 28410220544
anon_thp 28401729536
anon 28410220544
anon_thp 28401729536
anon 28410220544
anon_thp 28401729536
anon 28410220544
anon_thp 28401729536
anon 28410220544
anon_thp 28401729536
anon 28410220544
anon_thp 28401729536
anon 28410220544
anon_thp 28401729536
anon 28410220544
anon_thp 28401729536
anon 28410220544
anon_thp 28401729536
anon 28410220544
anon_thp 28401729536
anon 28410220544
anon_thp 28401729536
anon 28410220544
anon_thp 28401729536
anon 28410220544
anon_thp 28401729536
anon 28410220544
anon_thp 28401729536
anon 28410220544
anon_thp 28401729536
anon 28410220544
anon_thp 28401729536
anon 28410220544
anon_thp 28401729536
anon 28410220544
anon_thp 28401729536
anon 28410220544
anon_thp 28401729536
anon 28410220544
anon_thp 28401729536
anon 28410220544
anon_thp 28401729536
anon 28410220544
anon_thp 28401729536
anon 28410220544
anon_thp 28401729536
anon 28410220544
anon_thp 28401729536
anon 28410220544
anon_thp 28401729536
anon 28410220544
anon_thp 28401729536
anon 28410220544
anon_thp 28401729536
anon 28410220544
anon_thp 28401729536
anon 28410220544
anon_thp 28401729536
anon 28410220544
anon_thp 28401729536
anon 28410220544
anon_thp 28401729536
anon 28410220544
anon_thp 28401729536
anon 28410220544
anon_thp 28401729536
anon 28410220544
anon_thp 28401729536
anon 28410220544
anon_thp 28401729536
anon 28410220544
anon_thp 28401729536
anon 28410220544
anon_thp 28401729536
anon 28410220544
anon_thp 28401729536
anon 28410220544
anon_thp 28401729536
anon 28410220544
anon_thp 28401729536
anon 28410220544
anon_thp 28401729536
anon 28410220544
anon_thp 28401729536
anon 28410220544
anon_thp 28401729536
anon 28410220544
anon_thp 28401729536
anon 28410220544
anon_thp 28401729536
anon 28410220544
anon_thp 28401729536
anon 28410220544
anon_thp 28401729536
anon 28410220544
anon_thp 28401729536
anon 28410220544
anon_thp 28401729536
anon 28410220544
anon_thp 28401729536
anon 28410220544
anon_thp 28401729536
anon 28410220544
anon_thp 28401729536
anon 28410220544
anon_thp 28401729536
anon 28410220544
anon_thp 28401729536
anon 28410220544
anon_thp 28401729536
anon 28410220544
anon_thp 28401729536
anon 28410220544
anon_thp 28401729536
anon 28410220544
anon_thp 28401729536
anon 28410220544
anon_thp 28401729536
anon 28410220544
anon_thp 28401729536
anon 28410220544
anon_thp 28401729536
anon 28410220544
anon_thp 28401729536
anon 28410220544
anon_thp 28401729536
anon 28410220544
anon_thp 28401729536
anon 28410220544
anon_thp 28401729536
anon 28410220544
anon_thp 28401729536
anon 28410220544
anon_thp 28401729536
anon 28410220544
anon_thp 28401729536
anon 28410220544
anon_thp 28401729536
anon 28410220544
anon_thp 28401729536
anon 28410220544
anon_thp 28401729536
anon 28410220544
anon_thp 28401729536
anon 28410220544
anon_thp 28401729536
anon 28410220544
anon_thp 28401729536
anon 28410220544
anon_thp 28401729536
anon 28410220544
anon_thp 28401729536
anon 28410220544
anon_thp 28401729536
anon 28410220544
anon_thp 28401729536
anon 28410220544
anon_thp 28401729536
anon 28410220544
anon_thp 28401729536
anon 28410220544
anon_thp 28401729536
anon 28410220544
anon_thp 28401729536
anon 28410220544
anon_thp 28401729536
anon 28410220544
anon_thp 28401729536
anon 28410220544
anon_thp 28401729536
anon 28410220544
anon_thp 28401729536
anon 28410220544
anon_thp 28401729536
anon 28410220544
anon_thp 28401729536
anon 28410220544
anon_thp 28401729536
anon 28410220544
anon_thp 28401729536
anon 28410220544
anon_thp 28401729536
anon 28410220544
anon_thp 28401729536
anon 28410220544
anon_thp 28401729536
anon 28410220544
anon_thp 28401729536
anon 28410220544
anon_thp 28401729536
anon 28410220544
anon_thp 28401729536
anon 28410220544
anon_thp 28401729536
anon 28410220544
anon_thp 28401729536
anon 28410220544
anon_thp 28401729536
anon 28410220544
anon_thp 28401729536
anon 28410220544
anon_thp 28401729536
anon 28410220544
anon_thp 28401729536
anon 28410220544
anon_thp 28401729536
anon 28410220544
anon_thp 28401729536
anon 28410220544
anon_thp 28401729536
anon 28410220544
anon_thp 28401729536
anon 28410220544
anon_thp 28401729536
anon 28410220544
anon_thp 28401729536
anon 28410220544
anon_thp 28401729536
anon 28410220544
anon_thp 28401729536
anon 28410220544
anon_thp 28401729536
anon 28410220544
anon_thp 28401729536
anon 28410220544
anon_thp 28401729536
anon 28410220544
anon_thp 28401729536
anon 28410220544
anon_thp 28401729536
anon 28410220544
anon_thp 28401729536
anon 28410220544
anon_thp 28401729536
anon 28410220544
anon_thp 28401729536
anon 28410220544
anon_thp 28401729536
anon 28410220544
anon_thp 28401729536
anon 28410220544
anon_thp 28401729536
anon 28410220544
anon_thp 28401729536
anon 28410220544
anon_thp 28401729536
anon 28410220544
anon_thp 28401729536
anon 28410220544
anon_thp 28401729536
anon 28410220544
anon_thp 28401729536
anon 28410220544
anon_thp 28401729536
anon 28410220544
anon_thp 28401729536
anon 28410220544
anon_thp 28401729536
anon 28410220544
anon_thp 28401729536
anon 28410220544
anon_thp 28401729536
anon 28410220544
anon_thp 28401729536
anon 28410220544
anon_thp 28401729536
anon 28410220544
anon_thp 28401729536
anon 28410220544
anon_thp 28401729536
anon 28410220544
anon_thp 28401729536
anon 28410220544
anon_thp 28401729536
anon 28410220544
anon_thp 28401729536
anon 28410220544
anon_thp 28401729536
anon 28410220544
anon_thp 28401729536
anon 28410220544
anon_thp 28401729536
anon 28410220544
anon_thp 28401729536
anon 28410220544
anon_thp 28401729536
anon 28410220544
anon_thp 28401729536
anon 28410220544
anon_thp 28401729536
anon 28410220544
anon_thp 28401729536
anon 28410220544
anon_thp 28401729536
anon 28410220544
anon_thp 28401729536
anon 28410220544
anon_thp 28401729536
anon 28410220544
anon_thp 28401729536
anon 28410220544
anon_thp 28401729536
anon 28410220544
anon_thp 28401729536
anon 28410220544
anon_thp 28401729536
anon 28410220544
anon_thp 28401729536
anon 28410220544
anon_thp 28401729536
anon 28410220544
anon_thp 28401729536
anon 28410220544
anon_thp 28401729536
anon 28410220544
anon_thp 28401729536
anon 28410220544
anon_thp 28401729536
anon 28410220544
anon_thp 28401729536
anon 28410220544
anon_thp 28401729536
anon 28410220544
anon_thp 28401729536
anon 28410220544
anon_thp 28401729536
anon 28410220544
anon_thp 28401729536
anon 28410220544
anon_thp 28401729536
anon 28410220544
anon_thp 28401729536
anon 28410220544
anon_thp 28401729536
anon 28410220544
anon_thp 28401729536
anon 28410220544
anon_thp 28401729536
anon 28410220544
anon_thp 28401729536
anon 28410220544
anon_thp 28401729536
anon 28410220544
anon_thp 28401729536
anon 28410220544
anon_thp 28401729536
anon 28410220544
anon_thp 28401729536
anon 28410220544
anon_thp 28401729536
anon 28410220544
anon_thp 28401729536
anon 28410220544
anon_thp 28401729536
anon 28410220544
anon_thp 28401729536
anon 28410220544
anon_thp 28401729536
anon 28410220544
anon_thp 28401729536
anon 28410220544
anon_thp 28401729536
anon 28410220544
anon_thp 28401729536
anon 28410220544
anon_thp 28401729536
anon 28410220544
anon_thp 28401729536
anon 28410220544
anon_thp 28401729536
anon 28410220544
anon_thp 28401729536
anon 28410220544
anon_thp 28401729536
anon 28410220544
anon_thp 28401729536
anon 28410220544
anon_thp 28401729536
anon 28410220544
anon_thp 28401729536
anon 28410220544
anon_thp 28401729536
anon 28410220544
anon_thp 28401729536
anon 28410220544
anon_thp 28401729536
anon 28408123392
anon_thp 28403826688
anon 28410220544
anon_thp 28405923840
anon 28410220544
anon_thp 28405923840
anon 28410220544
anon_thp 28405923840
anon 28410220544
anon_thp 28405923840
anon 28410220544
anon_thp 28405923840
anon 28410220544
anon_thp 28405923840
anon 28410220544
anon_thp 28405923840
anon 28410220544
anon_thp 28405923840
anon 28410220544
anon_thp 28405923840
anon 28410220544
anon_thp 28405923840
anon 28410220544
anon_thp 28405923840
anon 28410220544
anon_thp 28405923840
anon 28410220544
anon_thp 28405923840
anon 28410220544
anon_thp 28405923840
anon 28410220544
anon_thp 28405923840
anon 28410220544
anon_thp 28405923840
anon 28410220544
anon_thp 28405923840
anon 28410220544
anon_thp 28405923840
anon 28410220544
anon_thp 28405923840
anon 28410220544
anon_thp 28405923840
anon 28410220544
anon_thp 28405923840
anon 28410220544
anon_thp 28405923840
anon 28410220544
anon_thp 28405923840
anon 28410220544
anon_thp 28405923840
anon 28410220544
anon_thp 28405923840
anon 28410220544
anon_thp 28405923840
anon 28410220544
anon_thp 28405923840
anon 28410220544
anon_thp 28405923840
anon 28410220544
anon_thp 28405923840
anon 28410220544
anon_thp 28405923840
anon 28410220544
anon_thp 28405923840
anon 28410220544
anon_thp 28405923840
anon 28410220544
anon_thp 28405923840
anon 28410220544
anon_thp 28405923840
anon 28410220544
anon_thp 28405923840
anon 28410220544
anon_thp 28405923840
anon 28410220544
anon_thp 28405923840
anon 28410220544
anon_thp 28405923840
anon 28410220544
anon_thp 28405923840
anon 28410220544
anon_thp 28405923840
anon 28410220544
anon_thp 28405923840
anon 28410220544
anon_thp 28405923840
anon 28410220544
anon_thp 28405923840
anon 28410220544
anon_thp 28405923840
anon 28410220544
anon_thp 28405923840
anon 28410220544
anon_thp 28405923840
anon 28410220544
anon_thp 28405923840
anon 28410220544
anon_thp 28405923840
anon 28410220544
anon_thp 28405923840
anon 28410220544
anon_thp 28405923840
anon 28410220544
anon_thp 28405923840
anon 28410220544
anon_thp 28405923840
anon 28410220544
anon_thp 28405923840
anon 28410220544
anon_thp 28405923840
anon 28410220544
anon_thp 28405923840
anon 28410220544
anon_thp 28405923840
anon 28410220544
anon_thp 28405923840
anon 28410220544
anon_thp 28405923840
anon 28410220544
anon_thp 28405923840
anon 28410220544
anon_thp 28405923840
anon 28410220544
anon_thp 28405923840
anon 28410220544
anon_thp 28405923840
anon 28410220544
anon_thp 28405923840
anon 28410220544
anon_thp 28405923840
anon 28410220544
anon_thp 28405923840
anon 28410220544
anon_thp 28405923840
anon 28410220544
anon_thp 28405923840
anon 28410220544
anon_thp 28405923840
anon 28410220544
anon_thp 28405923840
anon 28410220544
anon_thp 28405923840
anon 28410220544
anon_thp 28405923840
anon 28410220544
anon_thp 28405923840
anon 28410220544
anon_thp 28405923840
anon 28410220544
anon_thp 28405923840
anon 28410220544
anon_thp 28405923840
anon 28410220544
anon_thp 28405923840
anon 28410220544
anon_thp 28405923840
anon 28410220544
anon_thp 28405923840
anon 28410220544
anon_thp 28405923840
anon 28410220544
anon_thp 28405923840
anon 28410220544
anon_thp 28405923840
anon 28410220544
anon_thp 28405923840
anon 28410220544
anon_thp 28405923840
anon 28410220544
anon_thp 28405923840
anon 28410220544
anon_thp 28405923840
anon 28410220544
anon_thp 28405923840
anon 28410220544
anon_thp 28405923840
anon 28410220544
anon_thp 28405923840
anon 28410220544
anon_thp 28405923840
anon 28410220544
anon_thp 28405923840
anon 28410220544
anon_thp 28405923840
anon 28410220544
anon_thp 28405923840
anon 28410220544
anon_thp 28405923840
anon 28410220544
anon_thp 28405923840
anon 28410220544
anon_thp 28405923840
anon 28410220544
anon_thp 28405923840
anon 28410220544
anon_thp 28405923840
anon 28410220544
anon_thp 28405923840
anon 28410220544
anon_thp 28405923840
anon 28410220544
anon_thp 28405923840
anon 28410220544
anon_thp 28405923840
anon 28410220544
anon_thp 28405923840
anon 28410220544
anon_thp 28405923840
anon 28410220544
anon_thp 28405923840
anon 28410220544
anon_thp 28405923840
anon 28410220544
anon_thp 28405923840
anon 28410220544
anon_thp 28405923840
anon 28410220544
anon_thp 28405923840
anon 28410220544
anon_thp 28405923840
anon 28410220544
anon_thp 28405923840
anon 28410220544
anon_thp 28405923840
anon 28410220544
anon_thp 28405923840
anon 28410220544
anon_thp 28405923840
