pgmigrate_success 55068295
pgmigrate_fail 258451
thp_migration_success 90938
thp_migration_fail 0
thp_migration_split 0
thp_fault_alloc 227140
thp_fault_fallback 0
thp_fault_fallback_charge 0
thp_collapse_alloc 19768
thp_collapse_alloc_failed 0
thp_file_alloc 265
thp_file_fallback 0
thp_file_fallback_charge 0
thp_file_mapped 0
thp_split_page 1614
thp_split_page_failed 40
thp_deferred_split_page 18524
thp_split_pmd 62271
thp_split_pud 0
thp_zero_page_alloc 0
thp_zero_page_alloc_failed 0
thp_swpout 0
thp_swpout_fallback 0
htmm_nr_promoted 43577628
htmm_nr_demoted 9502300
htmm_nr_sampled 0
htmm_missed_dramread 0
htmm_missed_nvmread 0
htmm_missed_write 0
htmm_alloc_dram 196732846
htmm_alloc_nvm 0
