anon 798720
anon_thp 0
anon 3279196160
anon_thp 3277848576
anon 6504611840
anon_thp 6503268352
anon 9887424512
anon_thp 9885974528
anon 12999598080
anon_thp 12998148096
anon 16619270144
anon_thp 16615735296
anon 17284079616
anon_thp 17280532480
anon 17284075520
anon_thp 17280532480
anon 17284104192
anon_thp 17280532480
anon 17359867904
anon_thp 17356029952
anon 19454926848
anon_thp 19451084800
anon 21623382016
anon_thp 21619539968
anon 23772962816
anon_thp 23769120768
anon 25925246976
anon_thp 25920798720
anon 26046877696
anon_thp 26042433536
anon 27164655616
anon_thp 27160215552
anon 28410880000
anon_thp 28403826688
anon 28410880000
anon_thp 28403826688
anon 28410875904
anon_thp 28403826688
anon 28410875904
anon_thp 28403826688
anon 28410880000
anon_thp 28403826688
anon 28410880000
anon_thp 28403826688
anon 28410880000
anon_thp 28403826688
anon 28410880000
anon_thp 28403826688
anon 28410884096
anon_thp 28403826688
anon 28410875904
anon_thp 28403826688
anon 28410884096
anon_thp 28403826688
anon 28410884096
anon_thp 28403826688
anon 28410904576
anon_thp 28403826688
anon 28410896384
anon_thp 28403826688
anon 28410904576
anon_thp 28403826688
anon 28410896384
anon_thp 28403826688
anon 28410896384
anon_thp 28403826688
anon 28410904576
anon_thp 28403826688
anon 28410904576
anon_thp 28403826688
anon 28410904576
anon_thp 28403826688
anon 28410908672
anon_thp 28403826688
anon 28410908672
anon_thp 28403826688
anon 28410904576
anon_thp 28403826688
anon 28410900480
anon_thp 28403826688
anon 28410904576
anon_thp 28403826688
anon 28410900480
anon_thp 28403826688
anon 28410904576
anon_thp 28403826688
anon 28410904576
anon_thp 28403826688
anon 28410908672
anon_thp 28403826688
anon 28410904576
anon_thp 28403826688
anon 28410904576
anon_thp 28403826688
anon 28410904576
anon_thp 28403826688
anon 28410904576
anon_thp 28403826688
anon 28410908672
anon_thp 28403826688
anon 28410900480
anon_thp 28403826688
anon 28410908672
anon_thp 28403826688
anon 28410904576
anon_thp 28403826688
anon 28410904576
anon_thp 28403826688
anon 28410900480
anon_thp 28403826688
anon 28410908672
anon_thp 28403826688
anon 28410904576
anon_thp 28403826688
anon 28410904576
anon_thp 28403826688
anon 28410904576
anon_thp 28403826688
anon 28410904576
anon_thp 28403826688
anon 28410904576
anon_thp 28403826688
anon 28410904576
anon_thp 28403826688
anon 28410900480
anon_thp 28403826688
anon 28410904576
anon_thp 28403826688
anon 28410904576
anon_thp 28403826688
anon 28410908672
anon_thp 28403826688
anon 28410908672
anon_thp 28403826688
anon 28410904576
anon_thp 28403826688
anon 28410904576
anon_thp 28403826688
anon 28410908672
anon_thp 28403826688
anon 28410904576
anon_thp 28403826688
anon 28410908672
anon_thp 28403826688
anon 28410904576
anon_thp 28403826688
anon 28410908672
anon_thp 28403826688
anon 28410908672
anon_thp 28403826688
anon 28410904576
anon_thp 28403826688
anon 28410908672
anon_thp 28403826688
anon 28410908672
anon_thp 28403826688
anon 28410908672
anon_thp 28403826688
anon 28410900480
anon_thp 28403826688
anon 28410900480
anon_thp 28403826688
anon 28410904576
anon_thp 28403826688
anon 28410908672
anon_thp 28403826688
anon 28410908672
anon_thp 28403826688
anon 28410900480
anon_thp 28403826688
anon 28410908672
anon_thp 28403826688
anon 28410904576
anon_thp 28403826688
anon 28410908672
anon_thp 28403826688
anon 28410908672
anon_thp 28403826688
anon 28410904576
anon_thp 28403826688
anon 28410908672
anon_thp 28403826688
anon 28410904576
anon_thp 28403826688
anon 28410908672
anon_thp 28403826688
anon 28410908672
anon_thp 28403826688
anon 28410908672
anon_thp 28403826688
anon 28410904576
anon_thp 28403826688
anon 28410900480
anon_thp 28403826688
anon 28410904576
anon_thp 28403826688
anon 28410904576
anon_thp 28403826688
anon 28410908672
anon_thp 28403826688
anon 28410900480
anon_thp 28403826688
anon 28410904576
anon_thp 28403826688
anon 28410900480
anon_thp 28403826688
anon 28410904576
anon_thp 28403826688
anon 28410908672
anon_thp 28403826688
anon 28410904576
anon_thp 28403826688
anon 28410908672
anon_thp 28403826688
anon 28410908672
anon_thp 28403826688
anon 28410904576
anon_thp 28403826688
anon 28410900480
anon_thp 28403826688
anon 28410908672
anon_thp 28403826688
anon 28410908672
anon_thp 28403826688
anon 28410904576
anon_thp 28403826688
anon 28410904576
anon_thp 28403826688
anon 28410908672
anon_thp 28403826688
anon 28410908672
anon_thp 28403826688
anon 28410904576
anon_thp 28403826688
anon 28410900480
anon_thp 28403826688
anon 28410904576
anon_thp 28403826688
anon 28410904576
anon_thp 28403826688
anon 28410904576
anon_thp 28403826688
anon 28410908672
anon_thp 28403826688
anon 28410904576
anon_thp 28403826688
anon 28410900480
anon_thp 28403826688
anon 28410904576
anon_thp 28403826688
anon 28410904576
anon_thp 28403826688
anon 28410908672
anon_thp 28403826688
anon 28410904576
anon_thp 28403826688
anon 28410904576
anon_thp 28403826688
anon 28410900480
anon_thp 28403826688
anon 28410908672
anon_thp 28403826688
anon 28410908672
anon_thp 28403826688
anon 28410908672
anon_thp 28403826688
anon 28410904576
anon_thp 28403826688
anon 28410908672
anon_thp 28403826688
anon 28410908672
anon_thp 28403826688
anon 28410904576
anon_thp 28403826688
anon 28410904576
anon_thp 28403826688
anon 28410904576
anon_thp 28403826688
anon 28410904576
anon_thp 28403826688
anon 28410900480
anon_thp 28403826688
anon 28410904576
anon_thp 28403826688
anon 28410900480
anon_thp 28403826688
anon 28410904576
anon_thp 28403826688
anon 28410904576
anon_thp 28403826688
anon 28410904576
anon_thp 28403826688
anon 28410904576
anon_thp 28403826688
anon 28410904576
anon_thp 28403826688
anon 28410900480
anon_thp 28403826688
anon 28410904576
anon_thp 28403826688
anon 28410908672
anon_thp 28403826688
anon 28410904576
anon_thp 28403826688
anon 28410904576
anon_thp 28403826688
anon 28410908672
anon_thp 28403826688
anon 28410904576
anon_thp 28403826688
anon 28410900480
anon_thp 28403826688
anon 28410904576
anon_thp 28403826688
anon 28410904576
anon_thp 28403826688
anon 28410900480
anon_thp 28403826688
anon 28410908672
anon_thp 28403826688
anon 28410908672
anon_thp 28403826688
anon 28410900480
anon_thp 28403826688
anon 28410904576
anon_thp 28403826688
anon 28410904576
anon_thp 28403826688
anon 28410904576
anon_thp 28403826688
anon 28410908672
anon_thp 28403826688
anon 28410900480
anon_thp 28403826688
anon 28410908672
anon_thp 28403826688
anon 28410904576
anon_thp 28403826688
anon 28410908672
anon_thp 28403826688
anon 28410904576
anon_thp 28403826688
anon 28410908672
anon_thp 28403826688
anon 28410904576
anon_thp 28403826688
anon 28410904576
anon_thp 28403826688
anon 28410904576
anon_thp 28403826688
anon 28410904576
anon_thp 28403826688
anon 28410900480
anon_thp 28403826688
anon 28410904576
anon_thp 28403826688
anon 28410904576
anon_thp 28403826688
anon 28410904576
anon_thp 28403826688
anon 28410904576
anon_thp 28403826688
anon 28410904576
anon_thp 28403826688
anon 28410900480
anon_thp 28403826688
anon 28410904576
anon_thp 28403826688
anon 28410904576
anon_thp 28403826688
anon 28410900480
anon_thp 28403826688
anon 28410908672
anon_thp 28403826688
anon 28410904576
anon_thp 28403826688
anon 28410904576
anon_thp 28403826688
anon 28410908672
anon_thp 28403826688
anon 28410904576
anon_thp 28403826688
anon 28410900480
anon_thp 28403826688
anon 28410904576
anon_thp 28403826688
anon 28410908672
anon_thp 28403826688
anon 28410904576
anon_thp 28403826688
anon 28410904576
anon_thp 28403826688
anon 28410900480
anon_thp 28403826688
anon 28410900480
anon_thp 28403826688
anon 28410908672
anon_thp 28403826688
anon 28410904576
anon_thp 28403826688
anon 28410904576
anon_thp 28403826688
anon 28410904576
anon_thp 28403826688
anon 28410904576
anon_thp 28403826688
anon 28410904576
anon_thp 28403826688
anon 28410908672
anon_thp 28403826688
anon 28410900480
anon_thp 28403826688
anon 28410904576
anon_thp 28403826688
anon 28410904576
anon_thp 28403826688
anon 28410904576
anon_thp 28403826688
anon 28410904576
anon_thp 28403826688
anon 28410904576
anon_thp 28403826688
anon 28410904576
anon_thp 28403826688
anon 28410904576
anon_thp 28403826688
anon 28410904576
anon_thp 28403826688
anon 28410900480
anon_thp 28403826688
anon 28410900480
anon_thp 28403826688
anon 28410900480
anon_thp 28403826688
anon 28410900480
anon_thp 28403826688
anon 28410900480
anon_thp 28403826688
anon 28410908672
anon_thp 28403826688
anon 28410904576
anon_thp 28403826688
anon 28410908672
anon_thp 28403826688
anon 28410904576
anon_thp 28403826688
anon 28410900480
anon_thp 28403826688
anon 28410904576
anon_thp 28403826688
anon 28410908672
anon_thp 28403826688
anon 28410908672
anon_thp 28403826688
anon 28410908672
anon_thp 28403826688
anon 28410904576
anon_thp 28403826688
anon 28410904576
anon_thp 28403826688
anon 28410900480
anon_thp 28403826688
anon 28410904576
anon_thp 28403826688
anon 28410904576
anon_thp 28403826688
anon 28410900480
anon_thp 28403826688
anon 28410904576
anon_thp 28403826688
anon 28410904576
anon_thp 28403826688
anon 28410908672
anon_thp 28403826688
anon 28410904576
anon_thp 28403826688
anon 28410908672
anon_thp 28403826688
anon 28410908672
anon_thp 28403826688
anon 28410904576
anon_thp 28403826688
anon 28410908672
anon_thp 28403826688
anon 28410904576
anon_thp 28403826688
anon 28410904576
anon_thp 28403826688
anon 28410900480
anon_thp 28403826688
anon 28410900480
anon_thp 28403826688
anon 28410904576
anon_thp 28403826688
anon 28410908672
anon_thp 28403826688
anon 28410908672
anon_thp 28403826688
anon 28410904576
anon_thp 28403826688
anon 28410904576
anon_thp 28403826688
anon 28410904576
anon_thp 28403826688
anon 28410904576
anon_thp 28403826688
anon 28410908672
anon_thp 28403826688
anon 28410900480
anon_thp 28403826688
anon 28410904576
anon_thp 28403826688
anon 28410904576
anon_thp 28403826688
anon 28410908672
anon_thp 28403826688
anon 28410908672
anon_thp 28403826688
anon 28410904576
anon_thp 28403826688
anon 28410904576
anon_thp 28403826688
anon 28410904576
anon_thp 28403826688
anon 28410904576
anon_thp 28403826688
anon 28410904576
anon_thp 28403826688
anon 28410900480
anon_thp 28403826688
anon 28410904576
anon_thp 28403826688
anon 28410904576
anon_thp 28403826688
anon 28410908672
anon_thp 28403826688
anon 28410900480
anon_thp 28403826688
anon 28410904576
anon_thp 28403826688
anon 28410908672
anon_thp 28403826688
anon 28410904576
anon_thp 28403826688
anon 28410908672
anon_thp 28403826688
anon 28410904576
anon_thp 28403826688
anon 28410904576
anon_thp 28403826688
anon 28410908672
anon_thp 28403826688
anon 28410900480
anon_thp 28403826688
anon 28410904576
anon_thp 28403826688
anon 28410904576
anon_thp 28403826688
anon 28410900480
anon_thp 28403826688
anon 28410908672
anon_thp 28403826688
anon 28410904576
anon_thp 28403826688
anon 28410908672
anon_thp 28403826688
anon 28410904576
anon_thp 28403826688
anon 28410900480
anon_thp 28403826688
anon 28410908672
anon_thp 28403826688
anon 28410904576
anon_thp 28403826688
anon 28410908672
anon_thp 28403826688
anon 28410908672
anon_thp 28403826688
anon 28410904576
anon_thp 28403826688
anon 28410908672
anon_thp 28403826688
anon 28410900480
anon_thp 28403826688
anon 28410904576
anon_thp 28403826688
anon 28410904576
anon_thp 28403826688
anon 28410904576
anon_thp 28403826688
anon 28410908672
anon_thp 28403826688
anon 28410908672
anon_thp 28403826688
anon 28410904576
anon_thp 28403826688
anon 28410904576
anon_thp 28403826688
anon 28410904576
anon_thp 28403826688
anon 28410900480
anon_thp 28403826688
anon 28410904576
anon_thp 28403826688
anon 28410908672
anon_thp 28403826688
anon 28410904576
anon_thp 28403826688
anon 28410904576
anon_thp 28403826688
anon 28410904576
anon_thp 28403826688
anon 28410900480
anon_thp 28403826688
anon 28410904576
anon_thp 28403826688
anon 28410904576
anon_thp 28403826688
anon 28410908672
anon_thp 28403826688
anon 28410904576
anon_thp 28403826688
anon 28410908672
anon_thp 28403826688
anon 28410908672
anon_thp 28403826688
anon 28410904576
anon_thp 28403826688
anon 28410908672
anon_thp 28403826688
anon 28410904576
anon_thp 28403826688
anon 28410904576
anon_thp 28403826688
anon 28410908672
anon_thp 28403826688
anon 28410904576
anon_thp 28403826688
anon 28410908672
anon_thp 28403826688
anon 28410900480
anon_thp 28403826688
anon 28410904576
anon_thp 28403826688
anon 28410904576
anon_thp 28403826688
anon 28410904576
anon_thp 28403826688
anon 28410908672
anon_thp 28403826688
anon 28410904576
anon_thp 28403826688
anon 28410908672
anon_thp 28403826688
anon 28410904576
anon_thp 28403826688
anon 28410904576
anon_thp 28403826688
anon 28410904576
anon_thp 28403826688
anon 28410908672
anon_thp 28403826688
anon 28410908672
anon_thp 28403826688
anon 28410904576
anon_thp 28403826688
anon 28410904576
anon_thp 28403826688
anon 28410904576
anon_thp 28403826688
anon 28410900480
anon_thp 28403826688
anon 28410904576
anon_thp 28403826688
anon 28410904576
anon_thp 28403826688
anon 28410904576
anon_thp 28403826688
anon 28410904576
anon_thp 28403826688
anon 28410900480
anon_thp 28403826688
anon 28410904576
anon_thp 28403826688
anon 28410904576
anon_thp 28403826688
anon 28410904576
anon_thp 28403826688
anon 28410900480
anon_thp 28403826688
anon 28410900480
anon_thp 28403826688
anon 28410904576
anon_thp 28403826688
anon 28410904576
anon_thp 28403826688
anon 28410904576
anon_thp 28403826688
anon 28410904576
anon_thp 28403826688
anon 28410904576
anon_thp 28403826688
anon 28410908672
anon_thp 28403826688
anon 28410908672
anon_thp 28403826688
anon 28410908672
anon_thp 28403826688
anon 28410904576
anon_thp 28403826688
anon 28410908672
anon_thp 28403826688
anon 28410908672
anon_thp 28403826688
anon 28410900480
anon_thp 28403826688
anon 28410908672
anon_thp 28403826688
anon 28410900480
anon_thp 28403826688
anon 28410904576
anon_thp 28403826688
anon 28410904576
anon_thp 28403826688
anon 28410908672
anon_thp 28403826688
anon 28410904576
anon_thp 28403826688
anon 28410904576
anon_thp 28403826688
anon 28410900480
anon_thp 28403826688
anon 28410908672
anon_thp 28403826688
anon 28410904576
anon_thp 28403826688
anon 28410900480
anon_thp 28403826688
anon 28410908672
anon_thp 28403826688
anon 28410908672
anon_thp 28403826688
anon 28410904576
anon_thp 28403826688
anon 28410900480
anon_thp 28403826688
anon 28410904576
anon_thp 28403826688
anon 28410904576
anon_thp 28403826688
anon 28410904576
anon_thp 28403826688
anon 28410904576
anon_thp 28403826688
anon 28410904576
anon_thp 28403826688
anon 28410908672
anon_thp 28403826688
anon 28410904576
anon_thp 28403826688
anon 28410904576
anon_thp 28403826688
anon 28410908672
anon_thp 28403826688
anon 28410900480
anon_thp 28403826688
anon 28410904576
anon_thp 28403826688
anon 28410904576
anon_thp 28403826688
anon 28410904576
anon_thp 28403826688
anon 28410904576
anon_thp 28403826688
anon 28410900480
anon_thp 28403826688
anon 28410900480
anon_thp 28403826688
anon 28410908672
anon_thp 28403826688
anon 28410904576
anon_thp 28403826688
anon 28410904576
anon_thp 28403826688
anon 28410900480
anon_thp 28403826688
anon 28410908672
anon_thp 28403826688
anon 28410904576
anon_thp 28403826688
anon 28410908672
anon_thp 28403826688
anon 28410904576
anon_thp 28403826688
anon 28410904576
anon_thp 28403826688
anon 28410908672
anon_thp 28403826688
anon 28410904576
anon_thp 28403826688
anon 28410908672
anon_thp 28403826688
anon 28410900480
anon_thp 28403826688
anon 28410908672
anon_thp 28403826688
anon 28410904576
anon_thp 28403826688
anon 28410908672
anon_thp 28403826688
anon 28410900480
anon_thp 28403826688
anon 28410908672
anon_thp 28403826688
anon 28410900480
anon_thp 28403826688
anon 28410908672
anon_thp 28403826688
anon 28410904576
anon_thp 28403826688
anon 28410904576
anon_thp 28403826688
anon 28410908672
anon_thp 28403826688
anon 28410904576
anon_thp 28403826688
anon 28410904576
anon_thp 28403826688
anon 28410908672
anon_thp 28403826688
anon 28410900480
anon_thp 28403826688
anon 28410900480
anon_thp 28403826688
anon 28410908672
anon_thp 28403826688
anon 28410904576
anon_thp 28403826688
anon 28410904576
anon_thp 28403826688
anon 28410904576
anon_thp 28403826688
anon 28410908672
anon_thp 28403826688
anon 28410904576
anon_thp 28403826688
anon 28410904576
anon_thp 28403826688
anon 28410904576
anon_thp 28403826688
anon 28410900480
anon_thp 28403826688
anon 28410904576
anon_thp 28403826688
anon 28410904576
anon_thp 28403826688
anon 28410904576
anon_thp 28403826688
anon 28410900480
anon_thp 28403826688
anon 28410904576
anon_thp 28403826688
anon 28410904576
anon_thp 28403826688
anon 28410904576
anon_thp 28403826688
anon 28410904576
anon_thp 28403826688
anon 28410908672
anon_thp 28403826688
anon 28410900480
anon_thp 28403826688
anon 28410904576
anon_thp 28403826688
anon 28410904576
anon_thp 28403826688
anon 28410908672
anon_thp 28403826688
anon 28410908672
anon_thp 28403826688
anon 28410904576
anon_thp 28403826688
anon 28410908672
anon_thp 28403826688
anon 28408811520
anon_thp 28401729536
anon 28410904576
anon_thp 28403826688
anon 28410900480
anon_thp 28403826688
anon 28410900480
anon_thp 28403826688
anon 28410908672
anon_thp 28403826688
anon 28410908672
anon_thp 28403826688
anon 28410904576
anon_thp 28403826688
anon 28410900480
anon_thp 28403826688
anon 28410908672
anon_thp 28403826688
anon 28410900480
anon_thp 28403826688
anon 28410904576
anon_thp 28403826688
anon 28410904576
anon_thp 28403826688
anon 28410900480
anon_thp 28403826688
anon 28410904576
anon_thp 28403826688
anon 28410904576
anon_thp 28403826688
anon 28410904576
anon_thp 28403826688
anon 28410900480
anon_thp 28403826688
anon 28410908672
anon_thp 28403826688
anon 28410900480
anon_thp 28403826688
anon 28410904576
anon_thp 28403826688
anon 28410900480
anon_thp 28403826688
anon 28410904576
anon_thp 28403826688
anon 28410900480
anon_thp 28403826688
anon 28410904576
anon_thp 28403826688
anon 28410900480
anon_thp 28403826688
anon 28410908672
anon_thp 28403826688
anon 28410904576
anon_thp 28403826688
anon 28410908672
anon_thp 28403826688
anon 28410900480
anon_thp 28403826688
anon 28410900480
anon_thp 28403826688
anon 28410908672
anon_thp 28403826688
anon 28410908672
anon_thp 28403826688
anon 28410904576
anon_thp 28403826688
anon 28410908672
anon_thp 28403826688
anon 28410900480
anon_thp 28403826688
anon 28410900480
anon_thp 28403826688
anon 28410904576
anon_thp 28403826688
anon 28410904576
anon_thp 28403826688
anon 28410904576
anon_thp 28403826688
anon 28410904576
anon_thp 28403826688
anon 28410904576
anon_thp 28403826688
anon 28410900480
anon_thp 28403826688
anon 28410904576
anon_thp 28403826688
anon 28410908672
anon_thp 28403826688
anon 28410904576
anon_thp 28403826688
anon 28410908672
anon_thp 28403826688
anon 28410904576
anon_thp 28403826688
anon 28410904576
anon_thp 28403826688
anon 28410904576
anon_thp 28403826688
anon 28410908672
anon_thp 28403826688
anon 28410908672
anon_thp 28403826688
anon 28410904576
anon_thp 28403826688
anon 28410900480
anon_thp 28403826688
anon 28410904576
anon_thp 28403826688
anon 28410904576
anon_thp 28403826688
anon 28410908672
anon_thp 28403826688
anon 28410908672
anon_thp 28403826688
anon 28410904576
anon_thp 28403826688
anon 28410904576
anon_thp 28403826688
anon 28410904576
anon_thp 28403826688
anon 28410908672
anon_thp 28403826688
anon 28410908672
anon_thp 28403826688
anon 28410908672
anon_thp 28403826688
anon 28410904576
anon_thp 28403826688
anon 28410908672
anon_thp 28403826688
anon 28410904576
anon_thp 28403826688
anon 28410908672
anon_thp 28403826688
anon 28410908672
anon_thp 28403826688
anon 28410904576
anon_thp 28403826688
anon 28410900480
anon_thp 28403826688
anon 28410908672
anon_thp 28403826688
anon 28410908672
anon_thp 28403826688
anon 28410900480
anon_thp 28403826688
anon 28410904576
anon_thp 28403826688
anon 28410900480
anon_thp 28403826688
anon 28410904576
anon_thp 28403826688
anon 28410904576
anon_thp 28403826688
anon 28410908672
anon_thp 28403826688
anon 28410904576
anon_thp 28403826688
anon 28410908672
anon_thp 28403826688
anon 28410904576
anon_thp 28403826688
anon 28410900480
anon_thp 28403826688
anon 28410904576
anon_thp 28403826688
anon 28410904576
anon_thp 28403826688
anon 28410900480
anon_thp 28403826688
