anon 909312
anon_thp 0
anon 3484184576
anon_thp 3481272320
anon 6730575872
anon_thp 6727663616
anon 10125438976
anon_thp 10120855552
anon 13241810944
anon_thp 13237223424
anon 16790712320
anon_thp 16785604608
anon 17283547136
anon_thp 17278435328
anon 17281449984
anon_thp 17276338176
anon 17283584000
anon_thp 17278435328
anon 17455820800
anon_thp 17450401792
anon 19576045568
anon_thp 19570622464
anon 21761277952
anon_thp 21755854848
anon 23929729024
anon_thp 23924310016
anon 25926303744
anon_thp 25920798720
anon 26146504704
anon_thp 26140999680
anon 27326607360
anon_thp 27319599104
anon 28410900480
anon_thp 28403826688
anon 28410896384
anon_thp 28403826688
anon 28410892288
anon_thp 28403826688
anon 28410900480
anon_thp 28403826688
anon 28410900480
anon_thp 28403826688
anon 28410900480
anon_thp 28403826688
anon 28410900480
anon_thp 28403826688
anon 28410900480
anon_thp 28403826688
anon 28410896384
anon_thp 28403826688
anon 28410896384
anon_thp 28403826688
anon 28410896384
anon_thp 28403826688
anon 28410900480
anon_thp 28403826688
anon 28410900480
anon_thp 28403826688
anon 28410900480
anon_thp 28403826688
anon 28410900480
anon_thp 28403826688
anon 28410900480
anon_thp 28403826688
anon 28410900480
anon_thp 28403826688
anon 28410908672
anon_thp 28403826688
anon 28410908672
anon_thp 28403826688
anon 28410904576
anon_thp 28403826688
anon 28410904576
anon_thp 28403826688
anon 28410908672
anon_thp 28403826688
anon 28410900480
anon_thp 28403826688
anon 28410904576
anon_thp 28403826688
anon 28410904576
anon_thp 28403826688
anon 28410904576
anon_thp 28403826688
anon 28410900480
anon_thp 28403826688
anon 28410908672
anon_thp 28403826688
anon 28410904576
anon_thp 28403826688
anon 28410908672
anon_thp 28403826688
anon 28410908672
anon_thp 28403826688
anon 28410904576
anon_thp 28403826688
anon 28410908672
anon_thp 28403826688
anon 28410904576
anon_thp 28403826688
anon 28410908672
anon_thp 28403826688
anon 28410904576
anon_thp 28403826688
anon 28410908672
anon_thp 28403826688
anon 28410908672
anon_thp 28403826688
anon 28410904576
anon_thp 28403826688
anon 28410904576
anon_thp 28403826688
anon 28410908672
anon_thp 28403826688
anon 28410908672
anon_thp 28403826688
anon 28410904576
anon_thp 28403826688
anon 28410904576
anon_thp 28403826688
anon 28410900480
anon_thp 28403826688
anon 28410908672
anon_thp 28403826688
anon 28410908672
anon_thp 28403826688
anon 28410900480
anon_thp 28403826688
anon 28410908672
anon_thp 28403826688
anon 28410908672
anon_thp 28403826688
anon 28410904576
anon_thp 28403826688
anon 28410900480
anon_thp 28403826688
anon 28410900480
anon_thp 28403826688
anon 28410904576
anon_thp 28403826688
anon 28410908672
anon_thp 28403826688
anon 28410908672
anon_thp 28403826688
anon 28410904576
anon_thp 28403826688
anon 28410900480
anon_thp 28403826688
anon 28410908672
anon_thp 28403826688
anon 28410904576
anon_thp 28403826688
anon 28410908672
anon_thp 28403826688
anon 28410908672
anon_thp 28403826688
anon 28410904576
anon_thp 28403826688
anon 28410904576
anon_thp 28403826688
anon 28410904576
anon_thp 28403826688
anon 28410904576
anon_thp 28403826688
anon 28410900480
anon_thp 28403826688
anon 28410900480
anon_thp 28403826688
anon 28410904576
anon_thp 28403826688
anon 28410904576
anon_thp 28403826688
anon 28410908672
anon_thp 28403826688
anon 28410904576
anon_thp 28403826688
anon 28410904576
anon_thp 28403826688
anon 28410900480
anon_thp 28403826688
anon 28410904576
anon_thp 28403826688
anon 28410904576
anon_thp 28403826688
anon 28410904576
anon_thp 28403826688
anon 28410900480
anon_thp 28403826688
anon 28410904576
anon_thp 28403826688
anon 28410900480
anon_thp 28403826688
anon 28410904576
anon_thp 28403826688
anon 28410908672
anon_thp 28403826688
anon 28410908672
anon_thp 28403826688
anon 28410908672
anon_thp 28403826688
anon 28410904576
anon_thp 28403826688
anon 28410900480
anon_thp 28403826688
anon 28410908672
anon_thp 28403826688
anon 28410904576
anon_thp 28403826688
anon 28410904576
anon_thp 28403826688
anon 28410904576
anon_thp 28403826688
anon 28410908672
anon_thp 28403826688
anon 28410904576
anon_thp 28403826688
anon 28410904576
anon_thp 28403826688
anon 28410904576
anon_thp 28403826688
anon 28410904576
anon_thp 28403826688
anon 28410904576
anon_thp 28403826688
anon 28410908672
anon_thp 28403826688
anon 28410900480
anon_thp 28403826688
anon 28410908672
anon_thp 28403826688
anon 28410904576
anon_thp 28403826688
anon 28410908672
anon_thp 28403826688
anon 28410904576
anon_thp 28403826688
anon 28410904576
anon_thp 28403826688
anon 28410900480
anon_thp 28403826688
anon 28410908672
anon_thp 28403826688
anon 28410908672
anon_thp 28403826688
anon 28410900480
anon_thp 28403826688
anon 28410904576
anon_thp 28403826688
anon 28410908672
anon_thp 28403826688
anon 28410908672
anon_thp 28403826688
anon 28410900480
anon_thp 28403826688
anon 28410904576
anon_thp 28403826688
anon 28410908672
anon_thp 28403826688
anon 28410904576
anon_thp 28403826688
anon 28410904576
anon_thp 28403826688
anon 28410904576
anon_thp 28403826688
anon 28410904576
anon_thp 28403826688
anon 28410904576
anon_thp 28403826688
anon 28410908672
anon_thp 28403826688
anon 28410900480
anon_thp 28403826688
anon 28410908672
anon_thp 28403826688
anon 28410904576
anon_thp 28403826688
anon 28410904576
anon_thp 28403826688
anon 28410904576
anon_thp 28403826688
anon 28410904576
anon_thp 28403826688
anon 28410904576
anon_thp 28403826688
anon 28410900480
anon_thp 28403826688
anon 28410908672
anon_thp 28403826688
anon 28410908672
anon_thp 28403826688
anon 28410908672
anon_thp 28403826688
anon 28410904576
anon_thp 28403826688
anon 28410904576
anon_thp 28403826688
anon 28410904576
anon_thp 28403826688
anon 28410904576
anon_thp 28403826688
anon 28410908672
anon_thp 28403826688
anon 28410900480
anon_thp 28403826688
anon 28410904576
anon_thp 28403826688
anon 28410904576
anon_thp 28403826688
anon 28410900480
anon_thp 28403826688
anon 28410904576
anon_thp 28403826688
anon 28410904576
anon_thp 28403826688
anon 28410908672
anon_thp 28403826688
anon 28410904576
anon_thp 28403826688
anon 28410904576
anon_thp 28403826688
anon 28410904576
anon_thp 28403826688
anon 28410900480
anon_thp 28403826688
anon 28410908672
anon_thp 28403826688
anon 28410908672
anon_thp 28403826688
anon 28410908672
anon_thp 28403826688
anon 28410900480
anon_thp 28403826688
anon 28410908672
anon_thp 28403826688
anon 28410908672
anon_thp 28403826688
anon 28410908672
anon_thp 28403826688
anon 28410900480
anon_thp 28403826688
anon 28410904576
anon_thp 28403826688
anon 28410904576
anon_thp 28403826688
anon 28410908672
anon_thp 28403826688
anon 28410904576
anon_thp 28403826688
anon 28410908672
anon_thp 28403826688
anon 28410900480
anon_thp 28403826688
anon 28410908672
anon_thp 28403826688
anon 28410908672
anon_thp 28403826688
anon 28410904576
anon_thp 28403826688
anon 28410843136
anon_thp 28403826688
anon 28410904576
anon_thp 28403826688
anon 28410900480
anon_thp 28403826688
anon 28410900480
anon_thp 28403826688
anon 28410908672
anon_thp 28403826688
anon 28410904576
anon_thp 28403826688
anon 28410904576
anon_thp 28403826688
anon 28410900480
anon_thp 28403826688
anon 28410900480
anon_thp 28403826688
anon 28410908672
anon_thp 28403826688
anon 28410904576
anon_thp 28403826688
anon 28410904576
anon_thp 28403826688
anon 28410904576
anon_thp 28403826688
anon 28410904576
anon_thp 28403826688
anon 28410904576
anon_thp 28403826688
anon 28410904576
anon_thp 28403826688
anon 28410908672
anon_thp 28403826688
anon 28410904576
anon_thp 28403826688
anon 28410908672
anon_thp 28403826688
anon 28410904576
anon_thp 28403826688
anon 28410900480
anon_thp 28403826688
anon 28410908672
anon_thp 28403826688
anon 28410904576
anon_thp 28403826688
anon 28410908672
anon_thp 28403826688
anon 28410904576
anon_thp 28403826688
anon 28410904576
anon_thp 28403826688
anon 28410908672
anon_thp 28403826688
anon 28410904576
anon_thp 28403826688
anon 28410904576
anon_thp 28403826688
anon 28410904576
anon_thp 28403826688
anon 28410904576
anon_thp 28403826688
anon 28410904576
anon_thp 28403826688
anon 28410900480
anon_thp 28403826688
anon 28410900480
anon_thp 28403826688
anon 28410904576
anon_thp 28403826688
anon 28410908672
anon_thp 28403826688
anon 28410908672
anon_thp 28403826688
anon 28410908672
anon_thp 28403826688
anon 28410904576
anon_thp 28403826688
anon 28410904576
anon_thp 28403826688
anon 28410908672
anon_thp 28403826688
anon 28410908672
anon_thp 28403826688
anon 28410904576
anon_thp 28403826688
anon 28410904576
anon_thp 28403826688
anon 28410908672
anon_thp 28403826688
anon 28410900480
anon_thp 28403826688
anon 28410904576
anon_thp 28403826688
anon 28410908672
anon_thp 28403826688
anon 28410904576
anon_thp 28403826688
anon 28410908672
anon_thp 28403826688
anon 28410904576
anon_thp 28403826688
anon 28410900480
anon_thp 28403826688
anon 28410904576
anon_thp 28403826688
anon 28410904576
anon_thp 28403826688
anon 28410904576
anon_thp 28403826688
anon 28410908672
anon_thp 28403826688
anon 28410908672
anon_thp 28403826688
anon 28410908672
anon_thp 28403826688
anon 28410908672
anon_thp 28403826688
anon 28410904576
anon_thp 28403826688
anon 28410904576
anon_thp 28403826688
anon 28410904576
anon_thp 28403826688
anon 28410904576
anon_thp 28403826688
anon 28410900480
anon_thp 28403826688
anon 28410904576
anon_thp 28403826688
anon 28410908672
anon_thp 28403826688
anon 28410904576
anon_thp 28403826688
anon 28410908672
anon_thp 28403826688
anon 28410904576
anon_thp 28403826688
anon 28410908672
anon_thp 28403826688
anon 28410904576
anon_thp 28403826688
anon 28410908672
anon_thp 28403826688
anon 28410904576
anon_thp 28403826688
anon 28410904576
anon_thp 28403826688
anon 28410904576
anon_thp 28403826688
anon 28410904576
anon_thp 28403826688
anon 28410904576
anon_thp 28403826688
anon 28410904576
anon_thp 28403826688
anon 28410904576
anon_thp 28403826688
anon 28410908672
anon_thp 28403826688
anon 28410908672
anon_thp 28403826688
anon 28410904576
anon_thp 28403826688
anon 28410904576
anon_thp 28403826688
anon 28410900480
anon_thp 28403826688
anon 28410904576
anon_thp 28403826688
anon 28410908672
anon_thp 28403826688
anon 28410904576
anon_thp 28403826688
anon 28410904576
anon_thp 28403826688
anon 28410904576
anon_thp 28403826688
anon 28410904576
anon_thp 28403826688
anon 28410904576
anon_thp 28403826688
anon 28410904576
anon_thp 28403826688
anon 28410904576
anon_thp 28403826688
anon 28410908672
anon_thp 28403826688
anon 28410904576
anon_thp 28403826688
anon 28410900480
anon_thp 28403826688
anon 28410904576
anon_thp 28403826688
anon 28410900480
anon_thp 28403826688
anon 28410904576
anon_thp 28403826688
anon 28410908672
anon_thp 28403826688
anon 28410904576
anon_thp 28403826688
anon 28410908672
anon_thp 28403826688
anon 28410904576
anon_thp 28403826688
anon 28410904576
anon_thp 28403826688
anon 28410908672
anon_thp 28403826688
anon 28410908672
anon_thp 28403826688
anon 28410900480
anon_thp 28403826688
anon 28410904576
anon_thp 28403826688
anon 28410904576
anon_thp 28403826688
anon 28410904576
anon_thp 28403826688
anon 28410900480
anon_thp 28403826688
anon 28410904576
anon_thp 28403826688
anon 28410904576
anon_thp 28403826688
anon 28410904576
anon_thp 28403826688
anon 28410908672
anon_thp 28403826688
anon 28410904576
anon_thp 28403826688
anon 28410904576
anon_thp 28403826688
anon 28410904576
anon_thp 28403826688
anon 28410908672
anon_thp 28403826688
anon 28410900480
anon_thp 28403826688
anon 28410904576
anon_thp 28403826688
anon 28410904576
anon_thp 28403826688
anon 28410904576
anon_thp 28403826688
anon 28410904576
anon_thp 28403826688
anon 28410908672
anon_thp 28403826688
anon 28410904576
anon_thp 28403826688
anon 28410904576
anon_thp 28403826688
anon 28410900480
anon_thp 28403826688
anon 28410904576
anon_thp 28403826688
anon 28410904576
anon_thp 28403826688
anon 28410908672
anon_thp 28403826688
anon 28410904576
anon_thp 28403826688
anon 28410904576
anon_thp 28403826688
anon 28410904576
anon_thp 28403826688
anon 28410904576
anon_thp 28403826688
anon 28410904576
anon_thp 28403826688
anon 28410904576
anon_thp 28403826688
anon 28410908672
anon_thp 28403826688
anon 28410904576
anon_thp 28403826688
anon 28410900480
anon_thp 28403826688
anon 28410904576
anon_thp 28403826688
anon 28410904576
anon_thp 28372369408
anon 28410908672
anon_thp 28372369408
anon 28410904576
anon_thp 28372369408
anon 28410904576
anon_thp 28372369408
anon 28410904576
anon_thp 28372369408
anon 28410904576
anon_thp 28372369408
anon 28410904576
anon_thp 28372369408
anon 28410904576
anon_thp 28372369408
anon 28410904576
anon_thp 28372369408
anon 28410904576
anon_thp 28372369408
anon 28410908672
anon_thp 28372369408
anon 28410908672
anon_thp 28372369408
anon 28410904576
anon_thp 28372369408
anon 28410904576
anon_thp 28372369408
anon 28410908672
anon_thp 28372369408
anon 28410904576
anon_thp 28372369408
anon 28410904576
anon_thp 28372369408
anon 28410904576
anon_thp 28372369408
anon 28410904576
anon_thp 28372369408
anon 28410904576
anon_thp 28372369408
anon 28410908672
anon_thp 28372369408
anon 28410904576
anon_thp 28372369408
anon 28410904576
anon_thp 28372369408
anon 28410904576
anon_thp 28372369408
anon 28410908672
anon_thp 28372369408
anon 28410900480
anon_thp 28372369408
anon 28410900480
anon_thp 28372369408
anon 28410904576
anon_thp 28372369408
anon 28410908672
anon_thp 28372369408
anon 28410904576
anon_thp 28372369408
anon 28410908672
anon_thp 28372369408
anon 28410904576
anon_thp 28372369408
anon 28410904576
anon_thp 28372369408
anon 28410904576
anon_thp 28372369408
anon 28410908672
anon_thp 28372369408
anon 28410904576
anon_thp 28372369408
anon 28410904576
anon_thp 28372369408
anon 28410904576
anon_thp 28372369408
anon 28410904576
anon_thp 28372369408
anon 28410904576
anon_thp 28372369408
anon 28410904576
anon_thp 28372369408
anon 28410904576
anon_thp 28372369408
anon 28410904576
anon_thp 28372369408
anon 28410908672
anon_thp 28372369408
anon 28410908672
anon_thp 28372369408
anon 28410904576
anon_thp 28372369408
anon 28410904576
anon_thp 28372369408
anon 28410900480
anon_thp 28372369408
anon 28410908672
anon_thp 28372369408
anon 28410904576
anon_thp 28372369408
anon 28410904576
anon_thp 28372369408
anon 28410908672
anon_thp 28372369408
anon 28410904576
anon_thp 28372369408
anon 28410900480
anon_thp 28372369408
anon 28410904576
anon_thp 28372369408
anon 28410904576
anon_thp 28372369408
anon 28410904576
anon_thp 28372369408
anon 28410908672
anon_thp 28372369408
anon 28410908672
anon_thp 28372369408
anon 28410908672
anon_thp 28372369408
anon 28410904576
anon_thp 28372369408
anon 28410900480
anon_thp 28372369408
anon 28410904576
anon_thp 28372369408
anon 28410904576
anon_thp 28372369408
anon 28410904576
anon_thp 28372369408
anon 28410908672
anon_thp 28372369408
anon 28410904576
anon_thp 28372369408
anon 28410904576
anon_thp 28372369408
anon 28410904576
anon_thp 28372369408
anon 28410908672
anon_thp 28372369408
anon 28410904576
anon_thp 28372369408
anon 28410904576
anon_thp 28372369408
anon 28410908672
anon_thp 28372369408
anon 28410904576
anon_thp 28372369408
anon 28410904576
anon_thp 28372369408
anon 28410900480
anon_thp 28372369408
anon 28410908672
anon_thp 28372369408
anon 28410908672
anon_thp 28372369408
anon 28410904576
anon_thp 28372369408
anon 28410908672
anon_thp 28372369408
anon 28410900480
anon_thp 28372369408
anon 28410908672
anon_thp 28372369408
anon 28410908672
anon_thp 28372369408
anon 28410908672
anon_thp 28372369408
anon 28410904576
anon_thp 28372369408
anon 28410904576
anon_thp 28372369408
anon 28410900480
anon_thp 28372369408
anon 28410904576
anon_thp 28372369408
anon 28410900480
anon_thp 28372369408
anon 28410904576
anon_thp 28372369408
anon 28410904576
anon_thp 28372369408
anon 28410904576
anon_thp 28372369408
anon 28410904576
anon_thp 28372369408
anon 28410904576
anon_thp 28372369408
anon 28410908672
anon_thp 28372369408
anon 28410904576
anon_thp 28372369408
anon 28410900480
anon_thp 28372369408
anon 28410904576
anon_thp 28372369408
anon 28410908672
anon_thp 28372369408
anon 28410904576
anon_thp 28372369408
anon 28410904576
anon_thp 28372369408
anon 28410904576
anon_thp 28372369408
anon 28410904576
anon_thp 28372369408
anon 28410908672
anon_thp 28372369408
anon 28410908672
anon_thp 28372369408
anon 28410908672
anon_thp 28372369408
anon 28410908672
anon_thp 28372369408
anon 28410904576
anon_thp 28372369408
anon 28410900480
anon_thp 28372369408
anon 28410908672
anon_thp 28372369408
anon 28410900480
anon_thp 28372369408
anon 28410908672
anon_thp 28372369408
anon 28410904576
anon_thp 28372369408
anon 28410904576
anon_thp 28372369408
anon 28410908672
anon_thp 28372369408
anon 28410908672
anon_thp 28372369408
anon 28410908672
anon_thp 28372369408
anon 28410900480
anon_thp 28372369408
anon 28410908672
anon_thp 28372369408
anon 28410908672
anon_thp 28372369408
anon 28410900480
anon_thp 28372369408
anon 28410904576
anon_thp 28372369408
anon 28410904576
anon_thp 28372369408
anon 28410904576
anon_thp 28372369408
anon 28410904576
anon_thp 28372369408
anon 28410908672
anon_thp 28372369408
anon 28410904576
anon_thp 28372369408
anon 28410900480
anon_thp 28372369408
anon 28410908672
anon_thp 28372369408
anon 28410908672
anon_thp 28372369408
anon 28410904576
anon_thp 28372369408
anon 28410908672
anon_thp 28372369408
anon 28410904576
anon_thp 28372369408
anon 28410908672
anon_thp 28372369408
anon 28410900480
anon_thp 28372369408
anon 28410908672
anon_thp 28372369408
anon 28410908672
anon_thp 28372369408
anon 28410900480
anon_thp 28372369408
anon 28410904576
anon_thp 28372369408
anon 28410904576
anon_thp 28372369408
anon 28410908672
anon_thp 28372369408
anon 28410904576
anon_thp 28372369408
anon 28410908672
anon_thp 28372369408
anon 28410904576
anon_thp 28372369408
anon 28410904576
anon_thp 28372369408
anon 28410900480
anon_thp 28372369408
anon 28410904576
anon_thp 28372369408
anon 28410904576
anon_thp 28372369408
anon 28410904576
anon_thp 28372369408
anon 28410908672
anon_thp 28372369408
anon 28410904576
anon_thp 28372369408
anon 28410908672
anon_thp 28372369408
anon 28410900480
anon_thp 28372369408
anon 28410908672
anon_thp 28372369408
anon 28410900480
anon_thp 28372369408
anon 28410904576
anon_thp 28372369408
anon 28410908672
anon_thp 28372369408
anon 28410908672
anon_thp 28372369408
anon 28410908672
anon_thp 28372369408
anon 28410904576
anon_thp 28372369408
anon 28410904576
anon_thp 28372369408
anon 28410908672
anon_thp 28372369408
anon 28410904576
anon_thp 28372369408
anon 28410904576
anon_thp 28372369408
anon 28410904576
anon_thp 28372369408
anon 28410908672
anon_thp 28372369408
anon 28410908672
anon_thp 28372369408
anon 28410908672
anon_thp 28372369408
anon 28410908672
anon_thp 28372369408
anon 28410908672
anon_thp 28372369408
anon 28410904576
anon_thp 28372369408
anon 28410904576
anon_thp 28372369408
anon 28410900480
anon_thp 28372369408
anon 28410904576
anon_thp 28372369408
anon 28410904576
anon_thp 28372369408
anon 28410904576
anon_thp 28372369408
anon 28410908672
anon_thp 28372369408
anon 28410900480
anon_thp 28372369408
anon 28410904576
anon_thp 28372369408
anon 28410904576
anon_thp 28372369408
anon 28410904576
anon_thp 28372369408
anon 28410908672
anon_thp 28372369408
anon 28410900480
anon_thp 28372369408
anon 28410908672
anon_thp 28372369408
anon 28410908672
anon_thp 28372369408
anon 28410908672
anon_thp 28372369408
anon 28410908672
anon_thp 28372369408
anon 28410904576
anon_thp 28372369408
anon 28410908672
anon_thp 28372369408
anon 28410904576
anon_thp 28372369408
anon 28410904576
anon_thp 28372369408
anon 28410904576
anon_thp 28372369408
anon 28410900480
anon_thp 28372369408
anon 28410904576
anon_thp 28372369408
anon 28410904576
anon_thp 28372369408
anon 28410908672
anon_thp 28372369408
anon 28410900480
anon_thp 28372369408
anon 28410908672
anon_thp 28372369408
anon 28410908672
anon_thp 28372369408
anon 28410908672
anon_thp 28372369408
anon 28410904576
anon_thp 28372369408
anon 28410908672
anon_thp 28372369408
anon 28410908672
anon_thp 28372369408
anon 28410908672
anon_thp 28372369408
anon 28410904576
anon_thp 28372369408
anon 28410904576
anon_thp 28372369408
anon 28410904576
anon_thp 28372369408
anon 28410908672
anon_thp 28372369408
anon 28410908672
anon_thp 28372369408
anon 28410904576
anon_thp 28372369408
anon 28410904576
anon_thp 28372369408
anon 28410904576
anon_thp 28372369408
anon 28410904576
anon_thp 28372369408
anon 28410908672
anon_thp 28372369408
anon 28410904576
anon_thp 28372369408
anon 28410908672
anon_thp 28372369408
anon 28410904576
anon_thp 28372369408
anon 28410904576
anon_thp 28372369408
anon 28410904576
anon_thp 28372369408
anon 28410904576
anon_thp 28372369408
anon 28410900480
anon_thp 28372369408
