hot 0 warm 0 cold 0
hot 513 warm 0 cold 0
hot 513 warm 0 cold 0
hot 513 warm 0 cold 0
hot 1025 warm 0 cold 52
hot 72705 warm 0 cold 0
hot 132609 warm 0 cold 0
hot 132609 warm 0 cold 0
hot 147458 warm 0 cold 0
hot 208898 warm 0 cold 0
hot 267266 warm 0 cold 0
hot 324118 warm 0 cold 0
hot 3677787 warm 0 cold 0
hot 3682907 warm 0 cold 0
hot 3704923 warm 0 cold 0
hot 3722843 warm 0 cold 0
hot 3722843 warm 0 cold 0
hot 3722843 warm 0 cold 0
hot 3722843 warm 0 cold 0
hot 3724891 warm 0 cold 0
hot 3724891 warm 0 cold 0
hot 3724891 warm 0 cold 0
hot 3724891 warm 0 cold 0
hot 3724891 warm 0 cold 0
hot 3724892 warm 0 cold 0
hot 3724892 warm 0 cold 0
hot 3724892 warm 0 cold 0
hot 3724892 warm 0 cold 0
hot 3724892 warm 0 cold 0
hot 3724892 warm 0 cold 0
hot 3724892 warm 0 cold 0
hot 3724892 warm 0 cold 0
hot 3725916 warm 0 cold 0
hot 3726428 warm 0 cold 0
hot 3726428 warm 0 cold 0
hot 3726428 warm 0 cold 0
hot 3726428 warm 0 cold 0
hot 3726428 warm 0 cold 0
hot 3726428 warm 0 cold 0
hot 3726428 warm 0 cold 0
hot 3726428 warm 0 cold 0
hot 3726428 warm 0 cold 0
hot 3726428 warm 0 cold 0
hot 3726428 warm 0 cold 0
hot 3726428 warm 0 cold 0
hot 3726428 warm 0 cold 0
hot 3726428 warm 0 cold 0
hot 3726428 warm 0 cold 0
hot 3726428 warm 0 cold 0
hot 3726428 warm 0 cold 0
hot 3726428 warm 0 cold 0
hot 3726940 warm 0 cold 0
hot 3727452 warm 0 cold 0
hot 3727452 warm 0 cold 0
hot 3727452 warm 0 cold 0
hot 450642 warm 3276810 cold 0
hot 450642 warm 3276810 cold 0
hot 450642 warm 3276810 cold 0
hot 450648 warm 3276804 cold 0
hot 450648 warm 3276804 cold 0
hot 450648 warm 0 cold 3276804
hot 450649 warm 0 cold 3276803
hot 450649 warm 0 cold 3276803
hot 451162 warm 0 cold 3276802
hot 451167 warm 0 cold 3276797
hot 451167 warm 0 cold 3276797
hot 451167 warm 0 cold 3276797
hot 451167 warm 0 cold 3276797
hot 451174 warm 0 cold 3276790
hot 451174 warm 0 cold 3276790
hot 451174 warm 0 cold 3276790
hot 451174 warm 0 cold 3276790
hot 451174 warm 0 cold 3276790
hot 451177 warm 0 cold 3276787
hot 451181 warm 0 cold 3276783
hot 451181 warm 3276783 cold 0
hot 451181 warm 3276783 cold 0
hot 451181 warm 3276783 cold 0
hot 451185 warm 3276779 cold 0
hot 451185 warm 3276779 cold 0
hot 451185 warm 3276779 cold 0
hot 451185 warm 3276779 cold 0
hot 451186 warm 3276778 cold 0
hot 451187 warm 3276777 cold 0
hot 451190 warm 3276774 cold 0
hot 451190 warm 3276774 cold 0
hot 451191 warm 3276773 cold 0
hot 451191 warm 3276773 cold 0
hot 451195 warm 3276769 cold 0
hot 451195 warm 3276769 cold 0
hot 451195 warm 3276769 cold 0
hot 451195 warm 3276769 cold 0
hot 451195 warm 3276769 cold 0
hot 451197 warm 3276767 cold 0
hot 451199 warm 3276765 cold 0
hot 451199 warm 3276765 cold 0
hot 451199 warm 3276765 cold 0
hot 451199 warm 3276765 cold 0
hot 451203 warm 3276761 cold 0
hot 451203 warm 3276761 cold 0
hot 451203 warm 3276761 cold 0
hot 451203 warm 3276761 cold 0
hot 451203 warm 3276761 cold 0
hot 451203 warm 3276761 cold 0
hot 451208 warm 3276756 cold 0
hot 451208 warm 3276756 cold 0
hot 451208 warm 3276756 cold 0
hot 451208 warm 3276756 cold 0
hot 451213 warm 3276751 cold 0
hot 451213 warm 3276751 cold 0
hot 451213 warm 3276751 cold 0
hot 451213 warm 3276751 cold 0
hot 451213 warm 3276751 cold 0
hot 451217 warm 3276747 cold 0
hot 451217 warm 3276747 cold 0
hot 451217 warm 3276747 cold 0
hot 451217 warm 3276747 cold 0
hot 451217 warm 3276747 cold 0
hot 451222 warm 3276742 cold 0
hot 451222 warm 3276742 cold 0
hot 451222 warm 3276742 cold 0
hot 451222 warm 3276742 cold 0
hot 451222 warm 3276742 cold 0
hot 451225 warm 3276739 cold 0
hot 451225 warm 3276739 cold 0
hot 451225 warm 3276739 cold 0
hot 451225 warm 3276739 cold 0
hot 451225 warm 3276739 cold 0
hot 451739 warm 3276225 cold 0
hot 451739 warm 3276225 cold 0
hot 451739 warm 3276225 cold 0
hot 451739 warm 3276225 cold 0
hot 451739 warm 3276225 cold 0
hot 451743 warm 3276221 cold 0
hot 451743 warm 3276221 cold 0
hot 451743 warm 3276221 cold 0
hot 451743 warm 3276221 cold 0
hot 451743 warm 3276221 cold 0
hot 451748 warm 3276216 cold 0
hot 451748 warm 3276216 cold 0
hot 451748 warm 3276216 cold 0
hot 451748 warm 3276216 cold 0
hot 451748 warm 3276216 cold 0
hot 451750 warm 3276214 cold 0
hot 451750 warm 3276214 cold 0
hot 451750 warm 3276214 cold 0
hot 451750 warm 3276214 cold 0
hot 451750 warm 3276214 cold 0
hot 451752 warm 3276212 cold 0
hot 451752 warm 3276212 cold 0
hot 451752 warm 3276212 cold 0
hot 451752 warm 3276212 cold 0
hot 451752 warm 3276212 cold 0
hot 451757 warm 3276207 cold 0
hot 451757 warm 3276207 cold 0
hot 451757 warm 3276207 cold 0
hot 451757 warm 3276207 cold 0
hot 451757 warm 3276207 cold 0
hot 451759 warm 3276205 cold 0
hot 451759 warm 3276205 cold 0
hot 451759 warm 3276205 cold 0
hot 451759 warm 3276205 cold 0
hot 451759 warm 3276205 cold 0
hot 451764 warm 3276200 cold 0
hot 451764 warm 3276200 cold 0
hot 451764 warm 3276200 cold 0
hot 451764 warm 3276200 cold 0
hot 451764 warm 3276200 cold 0
hot 451767 warm 3276197 cold 0
hot 451767 warm 3276197 cold 0
hot 451767 warm 3276197 cold 0
hot 451767 warm 3276197 cold 0
hot 451767 warm 3276197 cold 0
hot 451768 warm 3276196 cold 0
hot 451768 warm 3276196 cold 0
hot 451768 warm 3276196 cold 0
hot 451768 warm 3276196 cold 0
hot 451768 warm 3276196 cold 0
hot 451771 warm 3276193 cold 0
hot 451771 warm 3276193 cold 0
hot 451771 warm 3276193 cold 0
hot 451771 warm 3276193 cold 0
hot 451771 warm 3276193 cold 0
hot 451775 warm 3276190 cold 0
hot 451775 warm 3276190 cold 0
hot 451775 warm 3276190 cold 0
hot 451775 warm 3276190 cold 0
hot 451775 warm 3276190 cold 0
hot 451778 warm 3276187 cold 0
hot 451778 warm 3276187 cold 0
hot 451778 warm 3276187 cold 0
hot 451778 warm 3276187 cold 0
hot 451778 warm 3276187 cold 0
hot 451779 warm 3276186 cold 0
hot 451779 warm 3276186 cold 0
hot 451779 warm 3276186 cold 0
hot 451779 warm 3276186 cold 0
hot 451779 warm 3276186 cold 0
hot 451780 warm 3276185 cold 0
hot 451780 warm 3276185 cold 0
hot 451780 warm 3276185 cold 0
hot 451780 warm 3276185 cold 0
hot 451780 warm 3276185 cold 0
hot 451780 warm 3276185 cold 0
hot 451780 warm 3276185 cold 0
hot 451780 warm 3276185 cold 0
hot 451780 warm 3276185 cold 0
hot 451780 warm 3276185 cold 0
hot 451780 warm 3276185 cold 0
hot 451780 warm 3276185 cold 0
hot 451780 warm 3276185 cold 0
hot 451780 warm 3276185 cold 0
hot 451780 warm 3276185 cold 0
hot 451782 warm 3276183 cold 0
hot 451782 warm 3276183 cold 0
hot 451782 warm 3276183 cold 0
hot 451782 warm 3276183 cold 0
hot 451782 warm 3276183 cold 0
hot 451783 warm 3276182 cold 0
hot 451783 warm 3276182 cold 0
hot 451783 warm 3276182 cold 0
hot 451783 warm 3276182 cold 0
hot 451784 warm 3276181 cold 0
hot 451785 warm 3276180 cold 0
hot 451785 warm 3276180 cold 0
hot 451785 warm 3276180 cold 0
hot 451785 warm 3276180 cold 0
hot 451785 warm 3276180 cold 0
hot 451789 warm 3276176 cold 0
hot 451789 warm 3276176 cold 0
hot 451789 warm 3276176 cold 0
hot 451789 warm 3276176 cold 0
hot 451789 warm 3276176 cold 0
hot 451791 warm 3276174 cold 0
hot 451791 warm 3276174 cold 0
hot 451791 warm 3276174 cold 0
hot 451791 warm 3276174 cold 0
hot 451791 warm 3276174 cold 0
hot 451791 warm 3276174 cold 0
hot 451791 warm 3276174 cold 0
hot 451791 warm 3276174 cold 0
hot 451791 warm 3276174 cold 0
hot 451792 warm 3276173 cold 0
hot 451793 warm 3276172 cold 0
hot 451793 warm 3276172 cold 0
hot 451793 warm 3276172 cold 0
hot 451793 warm 3276172 cold 0
hot 451793 warm 3276172 cold 0
hot 451793 warm 3276172 cold 0
hot 451793 warm 3276172 cold 0
hot 451793 warm 3276172 cold 0
hot 451793 warm 3276172 cold 0
hot 451794 warm 3276171 cold 0
hot 451794 warm 3276171 cold 0
hot 451794 warm 3276171 cold 0
hot 451794 warm 3276171 cold 0
hot 451794 warm 3276171 cold 0
hot 451794 warm 3276171 cold 0
hot 451797 warm 3276168 cold 0
hot 451797 warm 3276168 cold 0
hot 451797 warm 3276168 cold 0
hot 451797 warm 3276168 cold 0
hot 451797 warm 3276168 cold 0
hot 451798 warm 3276167 cold 0
hot 451798 warm 3276167 cold 0
hot 451798 warm 3276167 cold 0
hot 451798 warm 3276167 cold 0
hot 451800 warm 3276165 cold 0
hot 451800 warm 3276165 cold 0
hot 451800 warm 3276165 cold 0
hot 451800 warm 3276165 cold 0
hot 451800 warm 3276165 cold 0
hot 451801 warm 3276164 cold 0
hot 451802 warm 3276163 cold 0
hot 451802 warm 3276163 cold 0
hot 451802 warm 3276163 cold 0
hot 451802 warm 3276163 cold 0
hot 451804 warm 3276161 cold 0
hot 451804 warm 3276161 cold 0
hot 451804 warm 3276161 cold 0
hot 451804 warm 3276161 cold 0
hot 451804 warm 3276161 cold 0
hot 451804 warm 3276161 cold 0
hot 451807 warm 3276158 cold 0
hot 451807 warm 3276158 cold 0
hot 451807 warm 3276158 cold 0
hot 451807 warm 3276158 cold 0
hot 451808 warm 3276157 cold 0
hot 451808 warm 3276157 cold 0
hot 451808 warm 3276157 cold 0
hot 451808 warm 3276157 cold 0
hot 451808 warm 3276157 cold 0
hot 451808 warm 3276157 cold 0
hot 451811 warm 3276154 cold 0
hot 451811 warm 3276154 cold 0
hot 451811 warm 3276154 cold 0
hot 451811 warm 3276154 cold 0
hot 451813 warm 3276152 cold 0
hot 451813 warm 3276152 cold 0
hot 451813 warm 3276152 cold 0
hot 451813 warm 3276152 cold 0
hot 451813 warm 3276152 cold 0
hot 451816 warm 3276149 cold 0
hot 451817 warm 3276148 cold 0
hot 451817 warm 3276148 cold 0
hot 451817 warm 3276148 cold 0
hot 451817 warm 3276148 cold 0
hot 451817 warm 3276148 cold 0
hot 451817 warm 3276148 cold 0
hot 451817 warm 3276148 cold 0
hot 451817 warm 3276148 cold 0
hot 451817 warm 3276148 cold 0
hot 451817 warm 3276148 cold 0
hot 451818 warm 3276147 cold 0
hot 451818 warm 3276147 cold 0
hot 451818 warm 3276147 cold 0
hot 451818 warm 3276147 cold 0
hot 451819 warm 3276146 cold 0
hot 451819 warm 3276146 cold 0
hot 451819 warm 3276146 cold 0
hot 451819 warm 3276146 cold 0
hot 451819 warm 3276146 cold 0
hot 451819 warm 3276146 cold 0
hot 451820 warm 3276145 cold 0
hot 451820 warm 3276145 cold 0
hot 451820 warm 3276145 cold 0
hot 451820 warm 3276145 cold 0
hot 451820 warm 3276145 cold 0
hot 451820 warm 3276145 cold 0
hot 451820 warm 3276145 cold 0
hot 451820 warm 3276145 cold 0
hot 451820 warm 3276145 cold 0
hot 451820 warm 3276145 cold 0
hot 451821 warm 3276144 cold 0
hot 451821 warm 3276144 cold 0
hot 451821 warm 3276144 cold 0
hot 451821 warm 3276144 cold 0
hot 451822 warm 3276143 cold 0
hot 451822 warm 3276143 cold 0
hot 451822 warm 3276143 cold 0
hot 451822 warm 3276143 cold 0
hot 451822 warm 3276143 cold 0
hot 451822 warm 3276143 cold 0
hot 451823 warm 3276142 cold 0
hot 451823 warm 3276142 cold 0
hot 451823 warm 3276142 cold 0
hot 451823 warm 3276142 cold 0
hot 451823 warm 3276142 cold 0
hot 451823 warm 3276142 cold 0
hot 451823 warm 3276142 cold 0
hot 451823 warm 3276142 cold 0
hot 451823 warm 3276142 cold 0
hot 451823 warm 3276142 cold 0
hot 451823 warm 3276142 cold 0
hot 451823 warm 3276142 cold 0
hot 451823 warm 3276142 cold 0
hot 451823 warm 3276142 cold 0
hot 451824 warm 3276141 cold 0
hot 451824 warm 3276141 cold 0
hot 451824 warm 3276141 cold 0
hot 451824 warm 3276141 cold 0
hot 451824 warm 3276141 cold 0
hot 451825 warm 3276140 cold 0
hot 451827 warm 3276138 cold 0
hot 451827 warm 3276138 cold 0
hot 451827 warm 3276138 cold 0
hot 451827 warm 3276138 cold 0
hot 451828 warm 3276137 cold 0
hot 451828 warm 3276137 cold 0
hot 451828 warm 3276137 cold 0
hot 451828 warm 3276137 cold 0
hot 451828 warm 3276137 cold 0
hot 451828 warm 3276137 cold 0
hot 451828 warm 3276137 cold 0
hot 451828 warm 3276137 cold 0
hot 451828 warm 3276137 cold 0
hot 451828 warm 3276137 cold 0
hot 451829 warm 3276136 cold 0
hot 451829 warm 3276136 cold 0
hot 451829 warm 3276136 cold 0
hot 451829 warm 3276136 cold 0
hot 451829 warm 3276136 cold 0
hot 451829 warm 3276136 cold 0
hot 451830 warm 3276135 cold 0
hot 451830 warm 3276135 cold 0
hot 451830 warm 3276135 cold 0
hot 451830 warm 3276135 cold 0
hot 451830 warm 3276135 cold 0
hot 451830 warm 3276135 cold 0
hot 451830 warm 3276135 cold 0
hot 451830 warm 3276135 cold 0
hot 451831 warm 3276134 cold 0
hot 451831 warm 3276134 cold 0
hot 451832 warm 3276133 cold 0
hot 451832 warm 3276133 cold 0
hot 451832 warm 3276133 cold 0
hot 451832 warm 3276133 cold 0
hot 451833 warm 3276132 cold 0
hot 451833 warm 3276132 cold 0
hot 451833 warm 3276132 cold 0
hot 451833 warm 3276132 cold 0
hot 451833 warm 3276132 cold 0
hot 451833 warm 3276132 cold 0
hot 451833 warm 3276132 cold 0
hot 451833 warm 3276132 cold 0
hot 451833 warm 3276132 cold 0
hot 451833 warm 3276132 cold 0
hot 451833 warm 3276132 cold 0
hot 451833 warm 3276132 cold 0
hot 451833 warm 3276132 cold 0
hot 451556 warm 5732835 cold 49
hot 451556 warm 5732835 cold 49
hot 451556 warm 5732835 cold 49
hot 451556 warm 5732835 cold 49
hot 451556 warm 5732835 cold 49
hot 451556 warm 5732835 cold 49
hot 451556 warm 5732835 cold 49
hot 451556 warm 5732835 cold 49
hot 451556 warm 5732835 cold 49
hot 451556 warm 5732835 cold 49
hot 451556 warm 5732835 cold 49
hot 451556 warm 5732835 cold 49
hot 451556 warm 5732835 cold 49
hot 451556 warm 5732835 cold 49
hot 451556 warm 5732835 cold 49
hot 451556 warm 5732835 cold 49
hot 451556 warm 5732835 cold 49
hot 451556 warm 5732835 cold 49
hot 451556 warm 5732835 cold 49
hot 451556 warm 5732835 cold 49
hot 451556 warm 5732835 cold 49
hot 451556 warm 5732835 cold 49
hot 451556 warm 5732835 cold 49
hot 451556 warm 5732835 cold 49
hot 451556 warm 5732835 cold 49
hot 451556 warm 5732835 cold 49
hot 451556 warm 5732835 cold 49
hot 451556 warm 5732835 cold 49
hot 451556 warm 5732835 cold 49
hot 451556 warm 5732835 cold 49
hot 451556 warm 5732835 cold 49
hot 451556 warm 5732835 cold 49
hot 451556 warm 5732835 cold 49
hot 451556 warm 5732835 cold 49
hot 451556 warm 5732835 cold 49
hot 451556 warm 5732835 cold 49
hot 451556 warm 5732835 cold 49
hot 451556 warm 5732835 cold 49
hot 451556 warm 5732835 cold 49
hot 451556 warm 5732835 cold 49
hot 451556 warm 5732835 cold 49
hot 451556 warm 5732835 cold 49
hot 451556 warm 5732835 cold 49
hot 451556 warm 5732835 cold 49
hot 451556 warm 5732835 cold 49
hot 451556 warm 5732835 cold 49
hot 451556 warm 5732835 cold 49
hot 451556 warm 5732835 cold 49
hot 451556 warm 5732835 cold 49
hot 451556 warm 5732835 cold 49
hot 451556 warm 5732835 cold 49
hot 451556 warm 5732835 cold 49
hot 451556 warm 5732835 cold 49
hot 451556 warm 5732835 cold 49
hot 451556 warm 5732835 cold 49
hot 451556 warm 5732835 cold 49
hot 451556 warm 5732835 cold 49
hot 451556 warm 5732835 cold 49
hot 451556 warm 5732835 cold 49
hot 451556 warm 5732835 cold 49
hot 451556 warm 5732835 cold 49
hot 451556 warm 5732835 cold 49
hot 451556 warm 5732835 cold 49
hot 451556 warm 5732835 cold 49
hot 451556 warm 5732835 cold 49
hot 451556 warm 5732835 cold 49
hot 451556 warm 5732835 cold 49
hot 451556 warm 5732835 cold 49
hot 451556 warm 5732835 cold 49
hot 451556 warm 5732835 cold 49
hot 451556 warm 5732835 cold 49
hot 451556 warm 5732835 cold 49
hot 451556 warm 5732835 cold 49
hot 451556 warm 5732835 cold 49
hot 451556 warm 5732835 cold 49
hot 451556 warm 5732835 cold 49
hot 452068 warm 5732323 cold 49
hot 452068 warm 5732323 cold 49
hot 452068 warm 5732323 cold 49
hot 452068 warm 5732323 cold 49
hot 452068 warm 5732323 cold 49
hot 452068 warm 5732323 cold 49
hot 452068 warm 5732323 cold 49
hot 452068 warm 5732323 cold 49
hot 452068 warm 5732323 cold 49
hot 452068 warm 5732323 cold 49
hot 452068 warm 5732323 cold 49
hot 452068 warm 5732323 cold 49
hot 452068 warm 5732323 cold 49
hot 452068 warm 5732323 cold 49
hot 452068 warm 5732323 cold 49
hot 452068 warm 5732323 cold 49
hot 452068 warm 5732323 cold 49
hot 452068 warm 5732323 cold 49
hot 452068 warm 5732323 cold 49
hot 452068 warm 5732323 cold 49
hot 452068 warm 5732323 cold 49
hot 452068 warm 5732323 cold 49
hot 452068 warm 5732323 cold 49
hot 452068 warm 5732323 cold 49
hot 452068 warm 5732323 cold 49
hot 452068 warm 5732323 cold 49
hot 452068 warm 5732323 cold 49
hot 452068 warm 5732323 cold 49
hot 452068 warm 5732323 cold 49
hot 452068 warm 5732323 cold 49
hot 452068 warm 5732323 cold 49
hot 452069 warm 5732323 cold 48
hot 452069 warm 5732323 cold 48
hot 452069 warm 5732323 cold 48
hot 452069 warm 5732323 cold 48
hot 452069 warm 5732323 cold 48
hot 452069 warm 5732323 cold 48
hot 452069 warm 5732323 cold 48
hot 452069 warm 5732323 cold 48
hot 452069 warm 5732323 cold 48
hot 452069 warm 5732323 cold 48
hot 452069 warm 5732323 cold 48
