hot 0 warm 0 cold 0
hot 0 warm 0 cold 0
hot 1 warm 0 cold 0
hot 1 warm 0 cold 0
hot 513 warm 0 cold 53
hot 51202 warm 0 cold 0
hot 132098 warm 0 cold 0
hot 132099 warm 0 cold 0
hot 143875 warm 0 cold 0
hot 203779 warm 0 cold 0
hot 266243 warm 0 cold 0
hot 329731 warm 0 cold 0
hot 400899 warm 0 cold 0
hot 405507 warm 0 cold 0
hot 3773276 warm 0 cold 0
hot 4195192 warm 0 cold 0
hot 4195704 warm 0 cold 0
hot 4195704 warm 0 cold 0
hot 4195704 warm 0 cold 0
hot 4197240 warm 0 cold 0
hot 4197240 warm 0 cold 0
hot 4197241 warm 0 cold 0
hot 4197241 warm 0 cold 0
hot 4197241 warm 0 cold 0
hot 4197241 warm 0 cold 0
hot 4197241 warm 0 cold 0
hot 4197241 warm 0 cold 0
hot 4197241 warm 0 cold 0
hot 4197241 warm 0 cold 0
hot 4197241 warm 0 cold 0
hot 4197241 warm 0 cold 0
hot 4197241 warm 0 cold 0
hot 4197754 warm 0 cold 0
hot 4197754 warm 0 cold 0
hot 4197754 warm 0 cold 0
hot 4197754 warm 0 cold 0
hot 4197754 warm 0 cold 0
hot 4197754 warm 0 cold 0
hot 4197754 warm 0 cold 0
hot 4197754 warm 0 cold 0
hot 4197754 warm 0 cold 0
hot 4197754 warm 0 cold 0
hot 4197754 warm 0 cold 0
hot 4197754 warm 0 cold 0
hot 4197754 warm 0 cold 0
hot 4197754 warm 0 cold 0
hot 4197754 warm 0 cold 0
hot 4197754 warm 0 cold 0
hot 4197754 warm 0 cold 0
hot 4197754 warm 0 cold 0
hot 4197754 warm 0 cold 0
hot 4197754 warm 0 cold 0
hot 4197754 warm 0 cold 0
hot 4197754 warm 0 cold 0
hot 4197754 warm 0 cold 0
hot 450177 warm 3747577 cold 0
hot 450177 warm 3747577 cold 0
hot 450177 warm 3747577 cold 0
hot 450177 warm 3747577 cold 0
hot 450183 warm 0 cold 3747572
hot 450183 warm 0 cold 3747572
hot 450183 warm 0 cold 3747572
hot 450183 warm 0 cold 3747572
hot 450183 warm 0 cold 3747572
hot 450192 warm 0 cold 3747563
hot 450192 warm 0 cold 3747563
hot 450192 warm 0 cold 3747563
hot 450192 warm 0 cold 3747563
hot 450193 warm 0 cold 3747562
hot 450202 warm 0 cold 3747553
hot 450202 warm 0 cold 3747553
hot 450202 warm 0 cold 3747553
hot 450202 warm 0 cold 3747553
hot 450205 warm 0 cold 3747550
hot 450214 warm 0 cold 3747541
hot 450214 warm 3747541 cold 0
hot 450214 warm 3747541 cold 0
hot 450214 warm 3747541 cold 0
hot 450214 warm 3747541 cold 0
hot 450219 warm 3747536 cold 0
hot 450219 warm 3747536 cold 0
hot 450219 warm 3747536 cold 0
hot 450219 warm 3747536 cold 0
hot 450221 warm 3747534 cold 0
hot 450229 warm 3747526 cold 0
hot 450229 warm 3747526 cold 0
hot 450229 warm 3747526 cold 0
hot 450229 warm 3747526 cold 0
hot 450229 warm 3747526 cold 0
hot 450235 warm 3747520 cold 0
hot 450235 warm 3747520 cold 0
hot 450235 warm 3747520 cold 0
hot 450235 warm 3747520 cold 0
hot 450238 warm 3747517 cold 0
hot 450246 warm 3747509 cold 0
hot 450246 warm 3747509 cold 0
hot 450246 warm 3747509 cold 0
hot 450759 warm 3746996 cold 0
hot 450759 warm 3746996 cold 0
hot 450766 warm 3746989 cold 0
hot 450766 warm 3746989 cold 0
hot 450766 warm 3746989 cold 0
hot 450766 warm 3746989 cold 0
hot 450768 warm 3746987 cold 0
hot 450774 warm 3746981 cold 0
hot 450774 warm 3746981 cold 0
hot 450774 warm 3746981 cold 0
hot 450774 warm 3746981 cold 0
hot 450774 warm 3746981 cold 0
hot 450780 warm 3746975 cold 0
hot 450780 warm 3746975 cold 0
hot 450780 warm 3746975 cold 0
hot 450780 warm 3746975 cold 0
hot 450781 warm 3746974 cold 0
hot 450786 warm 3746969 cold 0
hot 450786 warm 3746969 cold 0
hot 450786 warm 3746969 cold 0
hot 450786 warm 3746969 cold 0
hot 450786 warm 3746969 cold 0
hot 450790 warm 3746965 cold 0
hot 450790 warm 3746965 cold 0
hot 451302 warm 3746965 cold 0
hot 451302 warm 3746965 cold 0
hot 451304 warm 3746963 cold 0
hot 451309 warm 3746958 cold 0
hot 451309 warm 3746958 cold 0
hot 451309 warm 3746958 cold 0
hot 451309 warm 3746958 cold 0
hot 451309 warm 3746958 cold 0
hot 451314 warm 3746953 cold 0
hot 451314 warm 3746953 cold 0
hot 451314 warm 3746953 cold 0
hot 451314 warm 3746953 cold 0
hot 451316 warm 3746951 cold 0
hot 451323 warm 3746944 cold 0
hot 451323 warm 3746944 cold 0
hot 451323 warm 3746944 cold 0
hot 451323 warm 3746944 cold 0
hot 451323 warm 3746944 cold 0
hot 451325 warm 3746942 cold 0
hot 451325 warm 3746942 cold 0
hot 451325 warm 3746942 cold 0
hot 451837 warm 3746942 cold 0
hot 452349 warm 3746942 cold 0
hot 452353 warm 3746938 cold 0
hot 452353 warm 3746938 cold 0
hot 452353 warm 3746938 cold 0
hot 452353 warm 3746938 cold 0
hot 452353 warm 3746938 cold 0
hot 452870 warm 3746421 cold 0
hot 452870 warm 3746421 cold 0
hot 452870 warm 3746421 cold 0
hot 452870 warm 3746421 cold 0
hot 452871 warm 3746420 cold 0
hot 452875 warm 3746416 cold 0
hot 452875 warm 3746416 cold 0
hot 452875 warm 3746416 cold 0
hot 452875 warm 3746416 cold 0
hot 452875 warm 3746416 cold 0
hot 452880 warm 3746411 cold 0
hot 452880 warm 3746411 cold 0
hot 452880 warm 3746411 cold 0
hot 452880 warm 3746411 cold 0
hot 452882 warm 3746409 cold 0
hot 452885 warm 3746406 cold 0
hot 452885 warm 3746406 cold 0
hot 452885 warm 3746406 cold 0
hot 452885 warm 3746406 cold 0
hot 452885 warm 3746406 cold 0
hot 452890 warm 3746401 cold 0
hot 452890 warm 3746401 cold 0
hot 452890 warm 3746401 cold 0
hot 452890 warm 3746401 cold 0
hot 452893 warm 3746398 cold 0
hot 452897 warm 3746394 cold 0
hot 452897 warm 3746394 cold 0
hot 452897 warm 3746394 cold 0
hot 452897 warm 3746394 cold 0
hot 452897 warm 3746394 cold 0
hot 452901 warm 3746390 cold 0
hot 452901 warm 3746390 cold 0
hot 452901 warm 3746390 cold 0
hot 452901 warm 3746390 cold 0
hot 452901 warm 3746390 cold 0
hot 452904 warm 3746387 cold 0
hot 452904 warm 3746387 cold 0
hot 452904 warm 3746387 cold 0
hot 452904 warm 3746387 cold 0
hot 452904 warm 3746387 cold 0
hot 452907 warm 3746384 cold 0
hot 452907 warm 3746384 cold 0
hot 452907 warm 3746384 cold 0
hot 452908 warm 3746383 cold 0
hot 452910 warm 3746381 cold 0
hot 452912 warm 3746379 cold 0
hot 452912 warm 3746379 cold 0
hot 452912 warm 3746379 cold 0
hot 452912 warm 3746379 cold 0
hot 452912 warm 3746379 cold 0
hot 452915 warm 3746376 cold 0
hot 452915 warm 3746376 cold 0
hot 452915 warm 3746376 cold 0
hot 452915 warm 3746376 cold 0
hot 452916 warm 3746375 cold 0
hot 452919 warm 3746372 cold 0
hot 452919 warm 3746372 cold 0
hot 452919 warm 3746372 cold 0
hot 452919 warm 3746372 cold 0
hot 452919 warm 3746372 cold 0
hot 452920 warm 3746371 cold 0
hot 452920 warm 3746371 cold 0
hot 452920 warm 3746371 cold 0
hot 452920 warm 3746371 cold 0
hot 452920 warm 3746371 cold 0
hot 452923 warm 3746368 cold 0
hot 452923 warm 3746368 cold 0
hot 452923 warm 3746368 cold 0
hot 452923 warm 3746368 cold 0
hot 452923 warm 3746368 cold 0
hot 452926 warm 3746365 cold 0
hot 452926 warm 3746365 cold 0
hot 452926 warm 3746365 cold 0
hot 452926 warm 3746365 cold 0
hot 452926 warm 3746365 cold 0
hot 452929 warm 3746362 cold 0
hot 452929 warm 3746362 cold 0
hot 452929 warm 3746362 cold 0
hot 452929 warm 3746362 cold 0
hot 452929 warm 3746362 cold 0
hot 452933 warm 3746358 cold 0
hot 452933 warm 3746358 cold 0
hot 453445 warm 3746358 cold 0
hot 453445 warm 3746358 cold 0
hot 453445 warm 3746358 cold 0
hot 453446 warm 3746357 cold 0
hot 453446 warm 3746357 cold 0
hot 453446 warm 3746357 cold 0
hot 453446 warm 3746357 cold 0
hot 453446 warm 3746357 cold 0
hot 453447 warm 3746356 cold 0
hot 453447 warm 3746356 cold 0
hot 453447 warm 3746356 cold 0
hot 453447 warm 3746356 cold 0
hot 453447 warm 3746356 cold 0
hot 453449 warm 3746354 cold 0
hot 453449 warm 3746354 cold 0
hot 453449 warm 3746354 cold 0
hot 453449 warm 3746354 cold 0
hot 453449 warm 3746354 cold 0
hot 453451 warm 3746352 cold 0
hot 453451 warm 3746352 cold 0
hot 453451 warm 3746352 cold 0
hot 453451 warm 3746352 cold 0
hot 453451 warm 3746352 cold 0
hot 453454 warm 3746349 cold 0
hot 453454 warm 3746349 cold 0
hot 453454 warm 3746349 cold 0
hot 453454 warm 3746349 cold 0
hot 453454 warm 3746349 cold 0
hot 453456 warm 3746347 cold 0
hot 453456 warm 3746347 cold 0
hot 453456 warm 3746347 cold 0
hot 453456 warm 3746347 cold 0
hot 453456 warm 3746347 cold 0
hot 453458 warm 3746345 cold 0
hot 453458 warm 3746345 cold 0
hot 453458 warm 3746345 cold 0
hot 453458 warm 3746345 cold 0
hot 453458 warm 3746345 cold 0
hot 453461 warm 3746342 cold 0
hot 453461 warm 3746342 cold 0
hot 453461 warm 3746342 cold 0
hot 453461 warm 3746342 cold 0
hot 453461 warm 3746342 cold 0
hot 453462 warm 3746341 cold 0
hot 453462 warm 3746341 cold 0
hot 453462 warm 3746341 cold 0
hot 453462 warm 3746341 cold 0
hot 453462 warm 3746341 cold 0
hot 453463 warm 3746340 cold 0
hot 453463 warm 3746340 cold 0
hot 453463 warm 3746340 cold 0
hot 453463 warm 3746340 cold 0
hot 453463 warm 3746340 cold 0
hot 453465 warm 3746338 cold 0
hot 453465 warm 3746338 cold 0
hot 453465 warm 3746338 cold 0
hot 453465 warm 3746338 cold 0
hot 453465 warm 3746338 cold 0
hot 453466 warm 3746337 cold 0
hot 453466 warm 3746337 cold 0
hot 453466 warm 3746337 cold 0
hot 453466 warm 3746337 cold 0
hot 453466 warm 3746337 cold 0
hot 453468 warm 3746335 cold 0
hot 453468 warm 3746335 cold 0
hot 453468 warm 3746335 cold 0
hot 453468 warm 3746335 cold 0
hot 453469 warm 3746334 cold 0
hot 453469 warm 3746334 cold 0
hot 453469 warm 3746334 cold 0
hot 453469 warm 3746334 cold 0
hot 453469 warm 3746334 cold 0
hot 453470 warm 3746333 cold 0
hot 453471 warm 3746332 cold 0
hot 453471 warm 3746332 cold 0
hot 453471 warm 3746332 cold 0
hot 453471 warm 3746332 cold 0
hot 453472 warm 3746331 cold 0
hot 453473 warm 3746330 cold 0
hot 453473 warm 3746330 cold 0
hot 453473 warm 3746330 cold 0
hot 453473 warm 3746330 cold 0
hot 453473 warm 3746330 cold 0
hot 453474 warm 3746329 cold 0
hot 453474 warm 3746329 cold 0
hot 453474 warm 3746329 cold 0
hot 453474 warm 3746329 cold 0
hot 453476 warm 3746327 cold 0
hot 453476 warm 3746327 cold 0
hot 453476 warm 3746327 cold 0
hot 453476 warm 3746327 cold 0
hot 453476 warm 3746327 cold 0
hot 453477 warm 3746326 cold 0
hot 453477 warm 3746326 cold 0
hot 453477 warm 3746326 cold 0
hot 453477 warm 3746326 cold 0
hot 453477 warm 3746326 cold 0
hot 453478 warm 3746325 cold 0
hot 453478 warm 3746325 cold 0
hot 453478 warm 3746325 cold 0
hot 453478 warm 3746325 cold 0
hot 453479 warm 3746324 cold 0
hot 453481 warm 3746322 cold 0
hot 453482 warm 3746321 cold 0
hot 453482 warm 3746321 cold 0
hot 453482 warm 3746321 cold 0
hot 453482 warm 3746321 cold 0
hot 453483 warm 3746320 cold 0
hot 453483 warm 3746320 cold 0
hot 453483 warm 3746320 cold 0
hot 453483 warm 3746320 cold 0
hot 453995 warm 3746320 cold 0
hot 453996 warm 3746319 cold 0
hot 453996 warm 3746319 cold 0
hot 453996 warm 3746319 cold 0
hot 453996 warm 3746319 cold 0
hot 453996 warm 3746319 cold 0
hot 453996 warm 3746319 cold 0
hot 453996 warm 3746319 cold 0
hot 453996 warm 3746319 cold 0
hot 453996 warm 3746319 cold 0
hot 453996 warm 3746319 cold 0
hot 453996 warm 3746319 cold 0
hot 453996 warm 3746319 cold 0
hot 453996 warm 3746319 cold 0
hot 453996 warm 3746319 cold 0
hot 453996 warm 3746319 cold 0
hot 453997 warm 3746318 cold 0
hot 453997 warm 3746318 cold 0
hot 453997 warm 3746318 cold 0
hot 453997 warm 3746318 cold 0
hot 453997 warm 3746318 cold 0
hot 453997 warm 3746318 cold 0
hot 453997 warm 3746318 cold 0
hot 453997 warm 3746318 cold 0
hot 453997 warm 3746318 cold 0
hot 453997 warm 3746318 cold 0
hot 453997 warm 3746318 cold 0
hot 453998 warm 3746317 cold 0
hot 453998 warm 3746317 cold 0
hot 453998 warm 3746317 cold 0
hot 453998 warm 3746317 cold 0
hot 454000 warm 3746315 cold 0
hot 454001 warm 3746314 cold 0
hot 454001 warm 3746314 cold 0
hot 454001 warm 3746314 cold 0
hot 454001 warm 3746314 cold 0
hot 454001 warm 3746314 cold 0
hot 454002 warm 3746313 cold 0
hot 454002 warm 3746313 cold 0
hot 454002 warm 3746313 cold 0
hot 454002 warm 3746313 cold 0
hot 454002 warm 3746313 cold 0
hot 454002 warm 3746313 cold 0
hot 454002 warm 3746313 cold 0
hot 454002 warm 3746313 cold 0
hot 454002 warm 3746313 cold 0
hot 454002 warm 3746313 cold 0
hot 454005 warm 3746310 cold 0
hot 454005 warm 3746310 cold 0
hot 454005 warm 3746310 cold 0
hot 454005 warm 3746310 cold 0
hot 454005 warm 3746310 cold 0
hot 454006 warm 3746309 cold 0
hot 454006 warm 3746309 cold 0
hot 454006 warm 3746309 cold 0
hot 454006 warm 3746309 cold 0
hot 454006 warm 3746309 cold 0
hot 454006 warm 3746309 cold 0
hot 454006 warm 3746309 cold 0
hot 454006 warm 3746309 cold 0
hot 454006 warm 3746309 cold 0
hot 454006 warm 3746309 cold 0
hot 454008 warm 3746307 cold 0
hot 454008 warm 3746307 cold 0
hot 454008 warm 3746307 cold 0
hot 454008 warm 3746307 cold 0
hot 454009 warm 3746306 cold 0
hot 454009 warm 3746306 cold 0
hot 454009 warm 3746306 cold 0
hot 454009 warm 3746306 cold 0
hot 454009 warm 3746306 cold 0
hot 454009 warm 3746306 cold 0
hot 452498 warm 5375031 cold 49
hot 452498 warm 6191671 cold 49
hot 452498 warm 6191671 cold 49
hot 452498 warm 6191671 cold 49
hot 452498 warm 6191671 cold 49
hot 452498 warm 6191671 cold 49
hot 452498 warm 6191671 cold 49
hot 452498 warm 6191671 cold 49
hot 452498 warm 6191671 cold 49
hot 452498 warm 6191671 cold 49
hot 452498 warm 6191671 cold 49
hot 452498 warm 6191671 cold 49
hot 452498 warm 6191671 cold 49
hot 452498 warm 6191671 cold 49
hot 452498 warm 6191671 cold 49
hot 452498 warm 6191671 cold 49
hot 452498 warm 6191671 cold 49
hot 452498 warm 6191671 cold 49
hot 452498 warm 6191671 cold 49
hot 452498 warm 6191671 cold 49
hot 452498 warm 6191671 cold 561
hot 452498 warm 6191671 cold 561
hot 452498 warm 6191671 cold 561
hot 452498 warm 6191671 cold 561
hot 452498 warm 6191671 cold 561
hot 452498 warm 6191671 cold 561
hot 452498 warm 6191671 cold 561
hot 452498 warm 6191671 cold 561
hot 452498 warm 6191671 cold 561
hot 452498 warm 6191671 cold 561
hot 452498 warm 6191671 cold 561
hot 452498 warm 6191671 cold 561
hot 452498 warm 6191671 cold 561
hot 452498 warm 6191671 cold 561
hot 452498 warm 6191671 cold 561
hot 452498 warm 6191671 cold 561
hot 452498 warm 6191671 cold 561
hot 452498 warm 6191671 cold 561
hot 452498 warm 6191671 cold 561
hot 452498 warm 6191671 cold 561
hot 452498 warm 6191671 cold 561
hot 452498 warm 6191671 cold 561
hot 452498 warm 6191671 cold 561
hot 452498 warm 6191671 cold 561
hot 452498 warm 6191671 cold 561
hot 452498 warm 6191671 cold 561
hot 452498 warm 6191671 cold 561
hot 452498 warm 6191671 cold 561
hot 452499 warm 6191670 cold 561
hot 452499 warm 6191670 cold 561
hot 452499 warm 6191670 cold 561
hot 452499 warm 6191670 cold 561
hot 452499 warm 6191670 cold 561
hot 452499 warm 6191670 cold 561
hot 452499 warm 6191670 cold 561
hot 452499 warm 6191670 cold 561
hot 452499 warm 6191670 cold 561
hot 452499 warm 6191670 cold 561
hot 452499 warm 6191670 cold 561
hot 452499 warm 6191670 cold 561
hot 452499 warm 6191670 cold 561
hot 452499 warm 6191670 cold 561
hot 452499 warm 6191670 cold 561
hot 452499 warm 6191670 cold 561
hot 452499 warm 6191670 cold 561
hot 452499 warm 6191670 cold 561
hot 452499 warm 6191670 cold 561
hot 452499 warm 6191670 cold 561
hot 452499 warm 6191670 cold 561
hot 452499 warm 6191670 cold 561
hot 452499 warm 6191670 cold 561
hot 452499 warm 6191670 cold 561
hot 452499 warm 6191670 cold 561
hot 452499 warm 6191670 cold 561
hot 452499 warm 6191670 cold 561
hot 452499 warm 6191670 cold 561
hot 452499 warm 6191670 cold 561
hot 452499 warm 6191670 cold 561
hot 452499 warm 6191670 cold 561
hot 452499 warm 6191670 cold 561
hot 452499 warm 6191670 cold 561
hot 452499 warm 6191670 cold 561
hot 452499 warm 6191670 cold 561
hot 452499 warm 6191670 cold 561
hot 452499 warm 6191670 cold 561
hot 452499 warm 6191670 cold 561
hot 452499 warm 6191670 cold 561
hot 452499 warm 6191670 cold 561
hot 452499 warm 6191670 cold 561
hot 452499 warm 6191670 cold 561
hot 452499 warm 6191670 cold 561
hot 452499 warm 6191670 cold 561
hot 452499 warm 6191670 cold 561
hot 452499 warm 6191670 cold 561
hot 452499 warm 6191670 cold 561
hot 452499 warm 6191670 cold 561
hot 452499 warm 6191670 cold 561
hot 452499 warm 6191670 cold 561
hot 452499 warm 6191670 cold 561
hot 452499 warm 6191670 cold 561
hot 452499 warm 6191670 cold 561
hot 452499 warm 6191670 cold 561
hot 452499 warm 6191670 cold 561
hot 452499 warm 6191670 cold 561
hot 452499 warm 6191670 cold 561
hot 452499 warm 6191670 cold 561
hot 452499 warm 6191670 cold 561
hot 452500 warm 6191669 cold 561
hot 452500 warm 6191669 cold 561
hot 452500 warm 6191669 cold 561
hot 452500 warm 6191669 cold 561
hot 452500 warm 6191669 cold 561
hot 452500 warm 6191669 cold 561
hot 452500 warm 6191669 cold 561
hot 452500 warm 6191669 cold 561
hot 452500 warm 6191669 cold 561
hot 452500 warm 6191669 cold 561
hot 452500 warm 6191669 cold 561
