pgmigrate_success 94941358
pgmigrate_fail 395291
thp_migration_success 161359
thp_migration_fail 1
thp_migration_split 0
thp_fault_alloc 361672
thp_fault_fallback 0
thp_fault_fallback_charge 0
thp_collapse_alloc 31254
thp_collapse_alloc_failed 36
thp_file_alloc 403
thp_file_fallback 0
thp_file_fallback_charge 0
thp_file_mapped 0
thp_split_page 2856
thp_split_page_failed 43
thp_deferred_split_page 29526
thp_split_pmd 101013
thp_split_pud 0
thp_zero_page_alloc 0
thp_zero_page_alloc_failed 0
thp_swpout 0
thp_swpout_fallback 0
htmm_nr_promoted 74855486
htmm_nr_demoted 17970874
htmm_nr_sampled 0
htmm_missed_dramread 0
htmm_missed_nvmread 0
htmm_missed_write 0
htmm_alloc_dram 305550818
htmm_alloc_nvm 0
