anon 942080
anon_thp 0
anon 205381632
anon_thp 6291456
anon 536895488
anon_thp 6291456
anon 877727744
anon_thp 6291456
anon 1198493696
anon_thp 6291456
anon 1513140224
anon_thp 6291456
anon 1840742400
anon_thp 6291456
anon 2168733696
anon_thp 6291456
anon 2499063808
anon_thp 6291456
anon 2830028800
anon_thp 6291456
anon 3162537984
anon_thp 6291456
anon 3489329152
anon_thp 6291456
anon 3823566848
anon_thp 6291456
anon 4154896384
anon_thp 6291456
anon 4485595136
anon_thp 6291456
anon 4810469376
anon_thp 6291456
anon 5131333632
anon_thp 6291456
anon 5452255232
anon_thp 6291456
anon 5571428352
anon_thp 6291456
anon 5571702784
anon_thp 6291456
anon 5573484544
anon_thp 6291456
anon 5573648384
anon_thp 6291456
anon 5574856704
anon_thp 6291456
anon 5575876608
anon_thp 6291456
anon 5576060928
anon_thp 6291456
anon 5576736768
anon_thp 6291456
anon 5576810496
anon_thp 6291456
anon 494104576
anon_thp 6291456
anon 449363968
anon_thp 83886080
anon 792891392
anon_thp 83886080
anon 1100574720
anon_thp 121634816
anon 1405554688
anon_thp 127926272
anon 1568714752
anon_thp 213909504
anon 354811904
anon_thp 73400320
anon 763396096
anon_thp 73400320
anon 1164034048
anon_thp 73400320
anon 1584148480
anon_thp 73400320
anon 2579910656
anon_thp 274726912
anon 3941765120
anon_thp 274726912
anon 5315698688
anon_thp 274726912
anon 6707953664
anon_thp 274726912
anon 6996955136
anon_thp 274726912
anon 7009427456
anon_thp 274726912
anon 6830481408
anon_thp 73400320
anon 7038447616
anon_thp 274726912
anon 6851272704
anon_thp 73400320
anon 7054577664
anon_thp 274726912
anon 6859128832
anon_thp 73400320
anon 7060676608
anon_thp 274726912
anon 6867230720
anon_thp 73400320
anon 7068893184
anon_thp 274726912
anon 6805262336
anon_thp 6291456
anon 662523904
anon_thp 6291456
anon 1746472960
anon_thp 274726912
anon 2163961856
anon_thp 274726912
anon 2624425984
anon_thp 274726912
anon 3130646528
anon_thp 274726912
anon 3639549952
anon_thp 274726912
anon 4142649344
anon_thp 274726912
anon 4651630592
anon_thp 274726912
anon 5170659328
anon_thp 274726912
anon 5630234624
anon_thp 293601280
anon 5630328832
anon_thp 293601280
anon 5619830784
anon_thp 293601280
anon 5624037376
anon_thp 297795584
anon 5640740864
anon_thp 264241152
anon 5657587712
anon_thp 278921216
anon 5387161600
anon_thp 12582912
anon 5764644864
anon_thp 283115520
anon 5764648960
anon_thp 283115520
anon 5717512192
anon_thp 285212672
anon 5717512192
anon_thp 285212672
anon 1080406016
anon_thp 8388608
anon 1714765824
anon_thp 138412032
anon 2908487680
anon_thp 140509184
anon 4322279424
anon_thp 142606336
anon 5734649856
anon_thp 142606336
anon 7129780224
anon_thp 142606336
anon 7829463040
anon_thp 20971520
anon 7968976896
anon_thp 157286400
anon 7912435712
anon_thp 90177536
anon 7996731392
anon_thp 167772160
anon 7933255680
anon_thp 100663296
anon 8018944000
anon_thp 167772160
anon 7952703488
anon_thp 100663296
anon 8048472064
anon_thp 184549376
anon 7964622848
anon_thp 100663296
anon 8050659328
anon_thp 182452224
anon 7916449792
anon_thp 48234496
anon 289996800
anon_thp 6291456
anon 4034277376
anon_thp 6291456
anon 5102796800
anon_thp 6291456
anon 5103771648
anon_thp 6291456
anon 3166740480
anon_thp 6291456
anon 1925529600
anon_thp 6291456
anon 5380055040
anon_thp 6291456
anon 8624668672
anon_thp 253755392
anon 9294749696
anon_thp 18874368
anon 9701027840
anon_thp 310378496
anon 9419333632
anon_thp 31457280
anon 9732173824
anon_thp 331350016
anon 9431306240
anon_thp 31457280
anon 9747628032
anon_thp 331350016
anon 9441894400
anon_thp 31457280
anon 9768464384
anon_thp 329252864
anon 9469227008
anon_thp 31457280
anon 9793019904
anon_thp 331350016
anon 1193254912
anon_thp 18874368
anon 1027072000
anon_thp 6291456
anon 2404216832
anon_thp 6291456
anon 3772502016
anon_thp 6291456
anon 5158789120
anon_thp 6291456
anon 6538797056
anon_thp 6291456
anon 7881555968
anon_thp 6291456
anon 9651240960
anon_thp 73400320
anon 9679650816
anon_thp 10485760
anon 9712054272
anon_thp 12582912
anon 9758113792
anon_thp 48234496
anon 9725284352
anon_thp 12582912
anon 9801383936
anon_thp 79691776
anon 9737654272
anon_thp 12582912
anon 9742499840
anon_thp 12582912
anon 9746026496
anon_thp 12582912
anon 6070681600
anon_thp 10485760
anon 157966336
anon_thp 6291456
anon 2709463040
anon_thp 6291456
anon 5702856704
anon_thp 1541406720
anon 8628621312
anon_thp 4464836608
anon 8628707328
anon_thp 4464836608
anon 9247719424
anon_thp 4464836608
anon 11282173952
anon_thp 4464836608
anon 13298171904
anon_thp 4464836608
anon 15302811648
anon_thp 4464836608
anon 17267286016
anon_thp 4464836608
anon 13824135168
anon_thp 35651584
anon 15745363968
anon_thp 2113929216
anon 18122665984
anon_thp 4490002432
anon 18124763136
anon_thp 4492099584
anon 18141351936
anon_thp 4492099584
anon 18141786112
anon_thp 4492099584
anon 18142093312
anon_thp 4492099584
anon 13893476352
anon_thp 62914560
anon 15492923392
anon_thp 1824522240
anon 18157264896
anon_thp 4487905280
anon 18157289472
anon_thp 4487905280
anon 18174226432
anon_thp 4487905280
anon 18174779392
anon_thp 4487905280
anon 18175238144
anon_thp 4487905280
anon 13751971840
anon_thp 58720256
anon 15051403264
anon_thp 1390411776
anon 18166714368
anon_thp 4504682496
anon 18166738944
anon_thp 4504682496
anon 18182668288
anon_thp 4504682496
anon 18183204864
anon_thp 4504682496
anon 18183528448
anon_thp 4504682496
anon 13798932480
anon_thp 75497472
anon 14568382464
anon_thp 899678208
anon 18177576960
anon_thp 4508876800
anon 18203869184
anon_thp 4534042624
anon 18222628864
anon_thp 4536139776
anon 18223140864
anon_thp 4536139776
anon 18223796224
anon_thp 4536139776
anon 13779619840
anon_thp 106954752
anon 14122815488
anon_thp 396361728
anon 17729912832
anon_thp 4003463168
anon 18259472384
anon_thp 4531945472
anon 18275282944
anon_thp 4531945472
anon 18275905536
anon_thp 4531945472
anon 18276106240
anon_thp 4531945472
anon 18276196352
anon_thp 4531945472
anon 18276425728
anon_thp 4531945472
anon 13334167552
anon_thp 102760448
anon 1919307776
anon_thp 62914560
anon 1619791872
anon_thp 140509184
anon 2404425728
anon_thp 140509184
anon 3168378880
anon_thp 140509184
anon 3840434176
anon_thp 140509184
anon 5546119168
anon_thp 140509184
anon 7554588672
anon_thp 140509184
anon 9552240640
anon_thp 140509184
anon 10107613184
anon_thp 140509184
anon 10290745344
anon_thp 140509184
anon 10344366080
anon_thp 140509184
anon 10448924672
anon_thp 140509184
anon 10428837888
anon_thp 140509184
anon 10433003520
anon_thp 140509184
anon 10473824256
anon_thp 140509184
anon 10430390272
anon_thp 6291456
anon 10538921984
anon_thp 140509184
anon 10541449216
anon_thp 140509184
anon 10546098176
anon_thp 140509184
anon 10488737792
anon_thp 6291456
anon 10586935296
anon_thp 140509184
anon 10586931200
anon_thp 140509184
anon 10596642816
anon_thp 140509184
anon 10478710784
anon_thp 6291456
anon 10612944896
anon_thp 140509184
anon 10612957184
anon_thp 140509184
anon 10629066752
anon_thp 140509184
anon 8668569600
anon_thp 6291456
anon 26406912
anon_thp 6291456
anon 1164873728
anon_thp 6291456
anon 1272299520
anon_thp 6291456
anon 1539051520
anon_thp 6291456
anon 4748517376
anon_thp 6291456
anon 5904871424
anon_thp 6291456
anon 5995819008
anon_thp 73400320
anon 5929558016
anon_thp 6291456
anon 5997760512
anon_thp 6291456
anon 6065823744
anon_thp 73400320
anon 5999398912
anon_thp 6291456
anon 6067339264
anon_thp 73400320
anon 6040444928
anon_thp 46137344
anon 2197655552
anon_thp 6291456
anon 762060800
anon_thp 274726912
anon 1620271104
anon_thp 274726912
anon 2484371456
anon_thp 274726912
anon 3348275200
anon_thp 274726912
anon 4228710400
anon_thp 274726912
anon 5089673216
anon_thp 274726912
anon 5967728640
anon_thp 274726912
anon 6828433408
anon_thp 274726912
anon 7664599040
anon_thp 350224384
anon 7695949824
anon_thp 350224384
anon 7748947968
anon_thp 350224384
anon 7912763392
anon_thp 350224384
anon 8083550208
anon_thp 350224384
anon 8310149120
anon_thp 350224384
anon 8463237120
anon_thp 350224384
anon 8613183488
anon_thp 373293056
anon 8474816512
anon_thp 224395264
anon 8622829568
anon_thp 371195904
anon 8630988800
anon_thp 373293056
anon 8631586816
anon_thp 373293056
anon 8632819712
anon_thp 373293056
anon 8648691712
anon_thp 373293056
anon 8671010816
anon_thp 377487360
anon 8671997952
anon_thp 377487360
anon 8672018432
anon_thp 377487360
anon 8672026624
anon_thp 377487360
anon 8672022528
anon_thp 377487360
anon 8672063488
anon_thp 377487360
anon 8686350336
anon_thp 377487360
anon 8687915008
anon_thp 377487360
anon 8688648192
anon_thp 377487360
anon 8688656384
anon_thp 377487360
anon 8688873472
anon_thp 377487360
anon 8688955392
anon_thp 377487360
anon 8689864704
anon_thp 377487360
anon 8703172608
anon_thp 377487360
anon 8704487424
anon_thp 377487360
anon 8704643072
anon_thp 377487360
anon 8704884736
anon_thp 377487360
anon 8704974848
anon_thp 377487360
anon 8707780608
anon_thp 377487360
anon 8734478336
anon_thp 377487360
anon 8773664768
anon_thp 383778816
anon 8506089472
anon_thp 115343360
anon 105668608
anon_thp 16777216
anon 2278879232
anon_thp 541065216
anon 5432258560
anon_thp 543162368
anon 7656972288
anon_thp 419430400
anon 7784751104
anon_thp 543162368
anon 7809671168
anon_thp 543162368
anon 7277592576
anon_thp 6291456
anon 7839367168
anon_thp 543162368
anon 7855742976
anon_thp 543162368
anon 7857610752
anon_thp 543162368
anon 7869440000
anon_thp 543162368
anon 6128726016
anon_thp 6291456
anon 1056628736
anon_thp 6291456
anon 4322832384
anon_thp 6291456
anon 7225593856
anon_thp 25165824
anon 7502520320
anon_thp 27262976
anon 7515377664
anon_thp 27262976
anon 7526232064
anon_thp 27262976
anon 7534157824
anon_thp 27262976
anon 7540473856
anon_thp 27262976
anon 1500819456
anon_thp 25165824
anon 1014091776
anon_thp 73400320
anon 1994641408
anon_thp 6291456
anon 2299215872
anon_thp 73400320
anon 2481348608
anon_thp 6291456
anon 2596958208
anon_thp 73400320
anon 2643021824
anon_thp 60817408
anon 2625253376
anon_thp 6291456
anon 2716499968
anon_thp 73400320
anon 2670178304
anon_thp 6291456
anon 2743656448
anon_thp 73400320
anon 2694967296
anon_thp 6291456
anon 1623601152
anon_thp 6291456
anon 5050736640
anon_thp 6291456
anon 5612969984
anon_thp 6291456
anon 5648994304
anon_thp 6291456
anon 5654245376
anon_thp 6291456
anon 5678899200
anon_thp 6291456
anon 5699260416
anon_thp 20971520
anon 5703184384
anon_thp 20971520
anon 5708935168
anon_thp 20971520
anon 5727735808
anon_thp 20971520
anon 65175552
anon_thp 12582912
anon 2549932032
anon_thp 6291456
anon 4615405568
anon_thp 6291456
anon 6732791808
anon_thp 6291456
anon 8788725760
anon_thp 226492416
anon 8850534400
anon_thp 226492416
anon 8881655808
anon_thp 226492416
anon 9034784768
anon_thp 369098752
anon 9118253056
anon_thp 421527552
anon 8866783232
anon_thp 153092096
anon 8965005312
anon_thp 153092096
anon 9631117312
anon_thp 153092096
anon 10564608000
anon_thp 385875968
anon 10565349376
anon_thp 385875968
anon 10586411008
anon_thp 385875968
anon 10509905920
anon_thp 509607936
anon 10242760704
anon_thp 241172480
anon 10248728576
anon_thp 241172480
anon 10832965632
anon_thp 241172480
anon 11242786816
anon_thp 381681664
anon 11260887040
anon_thp 381681664
anon 11271974912
anon_thp 381681664
anon 10939260928
anon_thp 241172480
anon 10939846656
anon_thp 241172480
anon 11008368640
anon_thp 241172480
anon 11444670464
anon_thp 373293056
anon 11427213312
anon_thp 373293056
anon 11437641728
anon_thp 373293056
anon 11376951296
anon_thp 325058560
anon 11143200768
anon_thp 241172480
anon 11143196672
anon_thp 241172480
anon 11207729152
anon_thp 241172480
anon 11707011072
anon_thp 360710144
anon 11701223424
anon_thp 360710144
anon 11708571648
anon_thp 360710144
anon 11625394176
anon_thp 524288000
anon 11356987392
anon_thp 255852544
anon 11224154112
anon_thp 255852544
anon 11375046656
anon_thp 255852544
anon 11697713152
anon_thp 377487360
anon 11702550528
anon_thp 377487360
anon 11705294848
anon_thp 377487360
anon 11773222912
anon_thp 536870912
anon 9599938560
anon_thp 241172480
anon 563810304
anon_thp 35651584
anon 2634874880
anon_thp 20971520
anon 6028288000
anon_thp 20971520
anon 8583888896
anon_thp 20971520
anon 8588902400
anon_thp 20971520
anon 8591654912
anon_thp 20971520
anon 8594436096
anon_thp 20971520
anon 8596639744
anon_thp 20971520
anon 7309066240
anon_thp 20971520
anon 214839296
anon_thp 6291456
anon 2574753792
anon_thp 6291456
anon 5684555776
anon_thp 6291456
anon 8099512320
anon_thp 6291456
anon 8193765376
anon_thp 25165824
anon 8232136704
anon_thp 25165824
anon 8237658112
anon_thp 8388608
anon 8291901440
anon_thp 8388608
anon 8309006336
anon_thp 8388608
anon 8326098944
anon_thp 8388608
anon 8353951744
anon_thp 8388608
anon 2613174272
anon_thp 8388608
anon 1901776896
anon_thp 6291456
anon 5201268736
anon_thp 6291456
anon 6866812928
anon_thp 274726912
anon 7809073152
anon_thp 140509184
anon 7970029568
anon_thp 272629760
anon 7970041856
anon_thp 272629760
anon 8051695616
anon_thp 272629760
anon 8079806464
anon_thp 272629760
anon 7829807104
anon_thp 6291456
anon 8113491968
anon_thp 274726912
anon 8317231104
anon_thp 283115520
anon 8414904320
anon_thp 285212672
anon 8414908416
anon_thp 285212672
anon 8434507776
anon_thp 285212672
anon 8435953664
anon_thp 285212672
anon 8813060096
anon_thp 658505728
anon 8151891968
anon_thp 14680064
anon 8433700864
anon_thp 283115520
anon 8567451648
anon_thp 281018368
anon 8567451648
anon_thp 281018368
anon 8437399552
anon_thp 148897792
anon 8580915200
anon_thp 281018368
anon 8583954432
anon_thp 281018368
anon 8292024320
anon_thp 14680064
anon 8560500736
anon_thp 283115520
anon 8625217536
anon_thp 287309824
anon 8673382400
anon_thp 287309824
anon 8673386496
anon_thp 287309824
anon 8689487872
anon_thp 287309824
anon 8689483776
anon_thp 287309824
anon 8689500160
anon_thp 287309824
anon 8378818560
anon_thp 18874368
anon 8645156864
anon_thp 285212672
anon 8580087808
anon_thp 155189248
anon 8736772096
anon_thp 287309824
anon 8736772096
anon_thp 287309824
anon 8741769216
anon_thp 287309824
anon 8742703104
anon_thp 287309824
anon 8684503040
anon_thp 230686720
anon 8452722688
anon_thp 18874368
anon 8721870848
anon_thp 287309824
anon 8788668416
anon_thp 285212672
anon 8788668416
anon_thp 285212672
anon 8795455488
anon_thp 285212672
anon 8795455488
anon_thp 285212672
anon 8795455488
anon_thp 285212672
anon 7889596416
anon_thp 18874368
anon 77746176
anon_thp 14680064
anon 775700480
anon_thp 6291456
anon 1202597888
anon_thp 6291456
anon 1213190144
anon_thp 6291456
anon 1277935616
anon_thp 6291456
anon 1372254208
anon_thp 6291456
anon 1430106112
anon_thp 37748736
anon 1446715392
anon_thp 6291456
