hot 0 warm 0 cold 0
hot 206 warm 0 cold 0
hot 301 warm 0 cold 0
hot 372 warm 0 cold 0
hot 449 warm 0 cold 0
hot 512 warm 0 cold 0
hot 582 warm 0 cold 0
hot 647 warm 0 cold 0
hot 695 warm 0 cold 0
hot 810 warm 0 cold 0
hot 869 warm 0 cold 0
hot 933 warm 0 cold 0
hot 998 warm 0 cold 0
hot 1061 warm 0 cold 0
hot 1126 warm 0 cold 0
hot 1192 warm 0 cold 0
hot 1260 warm 0 cold 0
hot 1420 warm 0 cold 133
hot 1719 warm 0 cold 89
hot 1921 warm 0 cold 45
hot 2137 warm 0 cold 1
hot 2410 warm 0 cold 0
hot 2632 warm 0 cold 0
hot 2840 warm 0 cold 0
hot 3122 warm 0 cold 0
hot 3322 warm 0 cold 0
hot 3509 warm 0 cold 0
hot 4052 warm 0 cold 0
hot 5086 warm 0 cold 0
hot 7457 warm 0 cold 0
hot 11216 warm 0 cold 0
hot 20400 warm 0 cold 0
hot 39415 warm 0 cold 0
hot 7691 warm 8 cold 0
hot 22999 warm 0 cold 0
hot 24416 warm 0 cold 0
hot 25329 warm 0 cold 0
hot 75841 warm 0 cold 0
hot 76752 warm 0 cold 0
hot 77487 warm 0 cold 0
hot 78656 warm 0 cold 0
hot 14528 warm 0 cold 0
hot 83953 warm 0 cold 0
hot 85520 warm 0 cold 0
hot 87974 warm 0 cold 0
hot 88622 warm 0 cold 0
hot 91844 warm 0 cold 0
hot 92698 warm 0 cold 0
hot 94300 warm 0 cold 0
hot 94780 warm 0 cold 0
hot 96796 warm 0 cold 0
hot 97379 warm 0 cold 0
hot 5893 warm 0 cold 0
hot 37107 warm 0 cold 0
hot 71956 warm 0 cold 0
hot 73748 warm 0 cold 0
hot 75479 warm 0 cold 0
hot 76499 warm 0 cold 0
hot 78953 warm 0 cold 0
hot 79973 warm 0 cold 0
hot 80993 warm 0 cold 0
hot 50565 warm 0 cold 0
hot 87125 warm 0 cold 0
hot 25153 warm 0 cold 0
hot 93119 warm 0 cold 0
hot 63562 warm 0 cold 0
hot 98618 warm 0 cold 0
hot 102016 warm 0 cold 0
hot 71454 warm 0 cold 0
hot 108834 warm 0 cold 0
hot 106924 warm 0 cold 0
hot 111752 warm 0 cold 0
hot 26846 warm 0 cold 0
hot 19233 warm 0 cold 0
hot 39079 warm 0 cold 0
hot 41110 warm 0 cold 0
hot 44521 warm 0 cold 0
hot 45029 warm 0 cold 0
hot 29152 warm 0 cold 0
hot 54249 warm 0 cold 0
hot 23138 warm 0 cold 0
hot 58595 warm 0 cold 0
hot 43108 warm 0 cold 0
hot 63790 warm 0 cold 0
hot 48342 warm 0 cold 0
hot 70453 warm 0 cold 0
hot 38469 warm 0 cold 0
hot 76329 warm 0 cold 0
hot 77106 warm 0 cold 0
hot 16019 warm 0 cold 0
hot 2206 warm 0 cold 0
hot 4514 warm 0 cold 0
hot 5550 warm 0 cold 0
hot 6572 warm 0 cold 0
hot 2160 warm 49 cold 0
hot 4916 warm 0 cold 0
hot 7472 warm 0 cold 0
hot 73583 warm 0 cold 0
hot 20401 warm 0 cold 0
hot 20910 warm 0 cold 0
hot 22686 warm 0 cold 0
hot 90993 warm 0 cold 0
hot 31693 warm 0 cold 0
hot 107209 warm 0 cold 0
hot 30848 warm 0 cold 0
hot 33113 warm 0 cold 0
hot 35689 warm 0 cold 0
hot 26207 warm 0 cold 0
hot 10139 warm 0 cold 0
hot 1652 warm 0 cold 0
hot 2915 warm 0 cold 0
hot 3628 warm 0 cold 0
hot 4344 warm 0 cold 0
hot 5528 warm 0 cold 0
hot 6664 warm 0 cold 0
hot 23951 warm 0 cold 0
hot 10169 warm 0 cold 0
hot 12415 warm 0 cold 0
hot 12731 warm 0 cold 0
hot 14399 warm 0 cold 0
hot 31134 warm 0 cold 0
hot 17241 warm 0 cold 0
hot 18570 warm 0 cold 0
hot 19229 warm 0 cold 0
hot 11781 warm 174 cold 0
hot 1258 warm 0 cold 0
hot 7603 warm 0 cold 0
hot 5311 warm 961 cold 0
hot 901062 warm 0 cold 0
hot 6398 warm 852480 cold 230874
hot 78473 warm 0 cold 1014728
hot 127675 warm 0 cold 970183
hot 145182 warm 0 cold 956871
hot 156047 warm 0 cold 948801
hot 162238 warm 0 cold 944583
hot 175902 warm 0 cold 932295
hot 28604 warm 0 cold 8186
hot 57528 warm 0 cold 9860
hot 54985 warm 0 cold 10336
hot 1045439 warm 0 cold 9861
hot 1103559 warm 0 cold 10378
hot 1108987 warm 1024 cold 10771
hot 1110748 warm 512 cold 10774
hot 1113001 warm 512 cold 11898
hot 38157 warm 1536 cold 11381
hot 36930 warm 1536 cold 11608
hot 677987 warm 0 cold 13120
hot 1084426 warm 0 cold 12765
hot 1119733 warm 0 cold 11463
hot 1122063 warm 0 cold 11980
hot 67161 warm 0 cold 11896
hot 393522 warm 0 cold 12363
hot 42988 warm 0 cold 1084304
hot 58528 warm 0 cold 1069873
hot 81623 warm 0 cold 1047757
hot 84659 warm 0 cold 1046204
hot 86600 warm 0 cold 1045207
hot 1103255 warm 0 cold 16001
hot 1121086 warm 0 cold 15999
hot 1122309 warm 0 cold 15992
hot 1123483 warm 0 cold 15997
hot 1125813 warm 0 cold 15990
hot 1127081 warm 0 cold 16000
hot 47162 warm 0 cold 15989
hot 74664 warm 0 cold 15934
hot 216513 warm 0 cold 15934
hot 1100953 warm 0 cold 15928
hot 43297 warm 1079755 cold 17125
hot 46262 warm 0 cold 1095961
hot 48650 warm 0 cold 1095391
hot 50656 warm 0 cold 124170
hot 28481 warm 0 cold 8824
hot 2258 warm 0 cold 5244
hot 35027 warm 0 cold 5435
hot 38597 warm 0 cold 6458
hot 40623 warm 0 cold 6969
hot 43691 warm 0 cold 7480
hot 47714 warm 0 cold 7992
hot 51747 warm 0 cold 9016
hot 52767 warm 0 cold 10040
hot 24092 warm 0 cold 11062
hot 56858 warm 0 cold 13109
hot 56856 warm 0 cold 13108
hot 24596 warm 0 cold 13619
hot 52560 warm 0 cold 14129
hot 20812 warm 0 cold 14128
hot 20810 warm 0 cold 14128
hot 21319 warm 0 cold 14128
hot 48818 warm 0 cold 14128
hot 49975 warm 0 cold 14127
hot 49972 warm 0 cold 14127
hot 16868 warm 0 cold 15151
hot 17610 warm 0 cold 15151
hot 50380 warm 0 cold 15151
hot 50376 warm 0 cold 15151
hot 49410 warm 0 cold 15150
hot 50945 warm 0 cold 15147
hot 66601 warm 0 cold 0
hot 66597 warm 0 cold 0
hot 28830 warm 0 cold 149
hot 27082 warm 0 cold 504
hot 22195 warm 0 cold 0
hot 25618 warm 0 cold 0
hot 21743 warm 0 cold 0
hot 21255 warm 0 cold 0
hot 37716 warm 0 cold 0
hot 22901 warm 0 cold 0
hot 39281 warm 0 cold 0
hot 39788 warm 0 cold 0
hot 23913 warm 0 cold 0
hot 40296 warm 0 cold 0
hot 39781 warm 0 cold 0
hot 23905 warm 0 cold 0
hot 40287 warm 0 cold 0
hot 19694 warm 0 cold 0
hot 86399 warm 0 cold 183
hot 90182 warm 0 cold 0
hot 94458 warm 0 cold 0
hot 96863 warm 0 cold 0
hot 99956 warm 0 cold 0
hot 103504 warm 0 cold 0
hot 104011 warm 0 cold 0
hot 106197 warm 0 cold 0
hot 111160 warm 0 cold 0
hot 116069 warm 0 cold 0
hot 119673 warm 0 cold 0
hot 123375 warm 0 cold 0
hot 127469 warm 0 cold 0
hot 131159 warm 0 cold 0
hot 134568 warm 0 cold 0
hot 140206 warm 0 cold 0
hot 79055 warm 0 cold 0
hot 146929 warm 0 cold 0
hot 150450 warm 0 cold 0
hot 153580 warm 0 cold 0
hot 158454 warm 0 cold 0
hot 161505 warm 0 cold 0
hot 165049 warm 0 cold 0
hot 166581 warm 0 cold 0
hot 169229 warm 0 cold 0
hot 171654 warm 0 cold 0
hot 173794 warm 0 cold 0
hot 176746 warm 0 cold 0
hot 180558 warm 0 cold 0
hot 182300 warm 0 cold 0
hot 185103 warm 0 cold 0
hot 187683 warm 0 cold 0
hot 199280 warm 0 cold 0
hot 203386 warm 0 cold 0
hot 208532 warm 0 cold 0
hot 35579 warm 0 cold 0
hot 151687 warm 0 cold 0
hot 160329 warm 0 cold 0
hot 161239 warm 0 cold 0
hot 163085 warm 0 cold 0
hot 35178 warm 0 cold 0
hot 170143 warm 0 cold 0
hot 171907 warm 0 cold 0
hot 45390 warm 0 cold 0
hot 178877 warm 0 cold 0
hot 180805 warm 0 cold 0
hot 50253 warm 0 cold 0
hot 17628 warm 0 cold 0
hot 21729 warm 0 cold 0
hot 28165 warm 0 cold 0
hot 32649 warm 0 cold 0
hot 37277 warm 0 cold 0
hot 40704 warm 0 cold 0
hot 43149 warm 0 cold 0
hot 45921 warm 0 cold 0
hot 33643 warm 0 cold 0
hot 17717 warm 0 cold 0
hot 41058 warm 0 cold 0
hot 37958 warm 0 cold 0
hot 23111 warm 0 cold 0
hot 38432 warm 2761 cold 0
hot 46521 warm 0 cold 0
hot 53176 warm 0 cold 0
hot 57531 warm 0 cold 0
hot 80115 warm 0 cold 0
hot 68473 warm 0 cold 0
hot 87727 warm 0 cold 0
hot 56916 warm 0 cold 0
hot 3873 warm 0 cold 17
hot 5243 warm 0 cold 0
hot 6138 warm 0 cold 0
hot 7160 warm 0 cold 0
hot 9719 warm 0 cold 0
hot 10739 warm 0 cold 490
hot 12783 warm 0 cold 0
hot 13292 warm 0 cold 0
hot 13800 warm 0 cold 0
hot 14820 warm 0 cold 0
hot 6819 warm 0 cold 0
hot 1690 warm 0 cold 0
hot 9119 warm 0 cold 0
hot 14687 warm 0 cold 0
hot 16754 warm 0 cold 0
hot 26769 warm 0 cold 0
hot 34530 warm 0 cold 0
hot 42347 warm 0 cold 0
hot 116481 warm 0 cold 0
hot 117179 warm 0 cold 0
hot 52531 warm 0 cold 0
hot 53311 warm 0 cold 0
hot 54644 warm 0 cold 0
hot 63775 warm 0 cold 0
hot 82917 warm 0 cold 0
hot 94794 warm 0 cold 0
hot 160064 warm 0 cold 0
hot 93068 warm 0 cold 0
hot 94160 warm 0 cold 0
hot 95430 warm 0 cold 0
hot 104086 warm 0 cold 0
hot 114556 warm 0 cold 0
hot 124879 warm 0 cold 0
hot 189878 warm 0 cold 0
hot 124725 warm 0 cold 0
hot 125683 warm 0 cold 0
hot 126547 warm 0 cold 0
hot 136957 warm 0 cold 0
hot 147101 warm 0 cold 0
hot 154737 warm 0 cold 0
hot 155388 warm 0 cold 0
hot 156102 warm 0 cold 0
hot 156736 warm 0 cold 0
hot 161681 warm 0 cold 0
hot 169625 warm 0 cold 0
hot 244907 warm 0 cold 0
hot 180567 warm 0 cold 0
hot 77352 warm 0 cold 0
hot 10504 warm 0 cold 0
hot 9577 warm 170 cold 0
hot 12168 warm 0 cold 0
hot 14196 warm 0 cold 0
hot 16737 warm 0 cold 0
hot 17245 warm 0 cold 0
hot 18777 warm 0 cold 0
hot 19285 warm 0 cold 0
hot 21834 warm 0 cold 0
hot 6895 warm 0 cold 0
hot 5273 warm 0 cold 0
hot 8981 warm 0 cold 0
hot 12438 warm 0 cold 0
hot 16439 warm 0 cold 0
hot 25434 warm 0 cold 0
hot 35160 warm 0 cold 0
hot 36693 warm 0 cold 0
hot 40273 warm 0 cold 0
hot 43588 warm 0 cold 0
hot 45596 warm 0 cold 0
hot 43866 warm 0 cold 0
hot 6059 warm 0 cold 0
hot 7211 warm 167 cold 0
hot 10691 warm 0 cold 0
hot 82233 warm 0 cold 0
hot 56957 warm 0 cold 0
hot 100612 warm 0 cold 0
hot 105388 warm 0 cold 0
hot 111139 warm 0 cold 0
hot 114857 warm 0 cold 0
hot 83766 warm 0 cold 0
hot 50301 warm 0 cold 0
hot 118368 warm 0 cold 0
hot 88999 warm 0 cold 0
hot 125262 warm 0 cold 0
hot 127486 warm 0 cold 0
hot 131983 warm 0 cold 0
hot 134274 warm 0 cold 0
hot 228766 warm 0 cold 0
hot 73244 warm 0 cold 0
hot 144650 warm 0 cold 0
hot 148818 warm 0 cold 0
hot 152655 warm 0 cold 0
hot 123157 warm 0 cold 0
hot 159904 warm 0 cold 0
hot 162686 warm 0 cold 0
hot 101507 warm 0 cold 0
hot 169478 warm 0 cold 0
hot 173334 warm 0 cold 0
hot 176076 warm 0 cold 0
hot 178797 warm 0 cold 0
hot 180803 warm 0 cold 0
hot 184656 warm 0 cold 0
hot 186471 warm 0 cold 0
hot 124052 warm 0 cold 0
hot 191765 warm 0 cold 0
hot 162698 warm 0 cold 0
hot 199599 warm 0 cold 0
hot 202167 warm 0 cold 0
hot 208946 warm 0 cold 0
hot 210078 warm 0 cold 0
hot 278972 warm 0 cold 0
hot 145695 warm 0 cold 0
hot 215221 warm 0 cold 0
hot 219223 warm 0 cold 0
hot 223878 warm 0 cold 0
hot 229684 warm 0 cold 0
hot 37984 warm 253 cold 0
hot 12682 warm 0 cold 0
hot 19114 warm 0 cold 0
hot 32647 warm 0 cold 0
hot 43577 warm 0 cold 0
hot 52996 warm 0 cold 0
hot 63904 warm 0 cold 0
hot 72023 warm 0 cold 0
hot 80737 warm 0 cold 0
