anon 0
anon_thp 0
anon 207052800
anon_thp 6291456
anon 542769152
anon_thp 6291456
anon 888520704
anon_thp 6291456
anon 1217765376
anon_thp 6291456
anon 1548922880
anon_thp 6291456
anon 1878609920
anon_thp 6291456
anon 2217750528
anon_thp 6291456
anon 2547011584
anon_thp 6291456
anon 2881556480
anon_thp 6291456
anon 3214254080
anon_thp 6291456
anon 3547148288
anon_thp 6291456
anon 3880001536
anon_thp 6291456
anon 4211302400
anon_thp 6291456
anon 4543619072
anon_thp 6291456
anon 4869603328
anon_thp 6291456
anon 5196337152
anon_thp 6291456
anon 5500567552
anon_thp 6291456
anon 5571534848
anon_thp 6291456
anon 5571813376
anon_thp 6291456
anon 5573533696
anon_thp 6291456
anon 5574778880
anon_thp 6291456
anon 5575077888
anon_thp 6291456
anon 5576015872
anon_thp 6291456
anon 5576151040
anon_thp 6291456
anon 5576916992
anon_thp 6291456
anon 5577031680
anon_thp 6291456
anon 2596466688
anon_thp 18874368
anon 325545984
anon_thp 18874368
anon 677691392
anon_thp 18874368
anon 1040908288
anon_thp 18874368
anon 1216503808
anon_thp 18874368
anon 1408770048
anon_thp 109051904
anon 76537856
anon_thp 14680064
anon 544194560
anon_thp 79691776
anon 955273216
anon_thp 79691776
anon 1362526208
anon_thp 79691776
anon 1867542528
anon_thp 283115520
anon 3148582912
anon_thp 285212672
anon 4461555712
anon_thp 285212672
anon 5775556608
anon_thp 285212672
anon 6752993280
anon_thp 81788928
anon 6997561344
anon_thp 285212672
anon 7001690112
anon_thp 285212672
anon 6830784512
anon_thp 81788928
anon 7036162048
anon_thp 285212672
anon 6852411392
anon_thp 81788928
anon 7062556672
anon_thp 285212672
anon 7067480064
anon_thp 285212672
anon 6876045312
anon_thp 81788928
anon 7080509440
anon_thp 285212672
anon 6888030208
anon_thp 81788928
anon 7093440512
anon_thp 285212672
anon 7099674624
anon_thp 285212672
anon 1818382336
anon_thp 18874368
anon 1268330496
anon_thp 142606336
anon 1738199040
anon_thp 142606336
anon 2255462400
anon_thp 142606336
anon 2767966208
anon_thp 144703488
anon 3274506240
anon_thp 144703488
anon 3778134016
anon_thp 144703488
anon 4268367872
anon_thp 144703488
anon 4770869248
anon_thp 144703488
anon 5258915840
anon_thp 144703488
anon 5616926720
anon_thp 281018368
anon 5616930816
anon_thp 281018368
anon 5616930816
anon_thp 281018368
anon 5661700096
anon_thp 278921216
anon 5661786112
anon_thp 278921216
anon 5618683904
anon_thp 146800640
anon 5807308800
anon_thp 293601280
anon 5499678720
anon_thp 27262976
anon 5817876480
anon_thp 314572800
anon 5817876480
anon_thp 314572800
anon 5891596288
anon_thp 297795584
anon 5891637248
anon_thp 297795584
anon 5578514432
anon_thp 31457280
anon 258015232
anon_thp 67108864
anon 1807863808
anon_thp 146800640
anon 3209760768
anon_thp 150994944
anon 4594094080
anon_thp 153092096
anon 5947277312
anon_thp 155189248
anon 7270699008
anon_thp 155189248
anon 7962832896
anon_thp 169869312
anon 7964401664
anon_thp 169869312
anon 7964413952
anon_thp 169869312
anon 8012632064
anon_thp 184549376
anon 8012640256
anon_thp 184549376
anon 7951609856
anon_thp 117440512
anon 8025931776
anon_thp 184549376
anon 8025931776
anon_thp 184549376
anon 8044040192
anon_thp 195035136
anon 8044101632
anon_thp 195035136
anon 8044122112
anon_thp 195035136
anon 8063766528
anon_thp 207618048
anon 8063799296
anon_thp 207618048
anon 6080245760
anon_thp 58720256
anon 160415744
anon_thp 12582912
anon 3317989376
anon_thp 16777216
anon 5102706688
anon_thp 16777216
anon 5104222208
anon_thp 16777216
anon 5104857088
anon_thp 16777216
anon 199127040
anon_thp 8388608
anon 3189489664
anon_thp 10485760
anon 6175608832
anon_thp 14680064
anon 8679809024
anon_thp 314572800
anon 9272860672
anon_thp 14680064
anon 9338613760
anon_thp 27262976
anon 9671778304
anon_thp 327155712
anon 9389133824
anon_thp 37748736
anon 9739780096
anon_thp 337641472
anon 9446805504
anon_thp 37748736
anon 9765347328
anon_thp 337641472
anon 9474297856
anon_thp 37748736
anon 9491963904
anon_thp 39845888
anon 9816899584
anon_thp 339738624
anon 7885910016
anon_thp 35651584
anon 1330950144
anon_thp 41943040
anon 921886720
anon_thp 27262976
anon 2328612864
anon_thp 29360128
anon 3745320960
anon_thp 29360128
anon 5174415360
anon_thp 31457280
anon 6569582592
anon_thp 31457280
anon 7937687552
anon_thp 31457280
anon 9444900864
anon_thp 96468992
anon 9664770048
anon_thp 35651584
anon 9704730624
anon_thp 35651584
anon 9718431744
anon_thp 37748736
anon 9732964352
anon_thp 41943040
anon 9811890176
anon_thp 106954752
anon 9751834624
anon_thp 46137344
anon 9819910144
anon_thp 111149056
anon 9759158272
anon_thp 46137344
anon 9798586368
anon_thp 77594624
anon 3034148864
anon_thp 29360128
anon 217358336
anon_thp 10485760
anon 3432513536
anon_thp 14680064
anon 6126940160
anon_thp 1988100096
anon 8597327872
anon_thp 3760193536
anon 8597446656
anon_thp 3760193536
anon 8905850880
anon_thp 3760193536
anon 10294001664
anon_thp 3764387840
anon 11591999488
anon_thp 3768582144
anon 12901568512
anon_thp 3768582144
anon 14074777600
anon_thp 3768582144
anon 14920454144
anon_thp 3768582144
anon 15550877696
anon_thp 3768582144
anon 16166158336
anon_thp 3768582144
anon 16790298624
anon_thp 3768582144
anon 17396133888
anon_thp 3768582144
anon 18026037248
anon_thp 3768582144
anon 13940629504
anon_thp 67108864
anon 16878469120
anon_thp 3202351104
anon 18173542400
anon_thp 4496293888
anon 18173542400
anon_thp 4496293888
anon 18190348288
anon_thp 4496293888
anon 18190770176
anon_thp 4496293888
anon 18190876672
anon_thp 4496293888
anon 18191015936
anon_thp 4496293888
anon 18191917056
anon_thp 4496293888
anon 13732540416
anon_thp 35651584
anon 14062084096
anon_thp 356515840
anon 16895336448
anon_thp 3189768192
anon 18192449536
anon_thp 4485808128
anon 18192474112
anon_thp 4485808128
anon 18208796672
anon_thp 4485808128
anon 18209226752
anon_thp 4485808128
anon 18209509376
anon_thp 4485808128
anon 18209800192
anon_thp 4485808128
anon 18210004992
anon_thp 4485808128
anon 13900443648
anon_thp 62914560
anon 15274729472
anon_thp 1545601024
anon 18213912576
anon_thp 4483710976
anon 18215632896
anon_thp 4485808128
anon 18234040320
anon_thp 4487905280
anon 18234716160
anon_thp 4487905280
anon 18234888192
anon_thp 4487905280
anon 18235043840
anon_thp 4487905280
anon 18235404288
anon_thp 4487905280
anon 13806448640
anon_thp 58720256
anon 14272372736
anon_thp 517996544
anon 17231454208
anon_thp 3477078016
anon 18245468160
anon_thp 4490002432
anon 18245660672
anon_thp 4492099584
anon 18262097920
anon_thp 4492099584
anon 18262601728
anon_thp 4492099584
anon 18262794240
anon_thp 4492099584
anon 18263195648
anon_thp 4492099584
anon 18263339008
anon_thp 4492099584
anon 14048452608
anon_thp 94371840
anon 16568602624
anon_thp 2839543808
anon 18234859520
anon_thp 4504682496
anon 18234859520
anon_thp 4504682496
anon 18251558912
anon_thp 4504682496
anon 18251825152
anon_thp 4504682496
anon 18251927552
anon_thp 4504682496
anon 18252058624
anon_thp 4504682496
anon 18252337152
anon_thp 4504682496
anon 12384231424
anon_thp 125829120
anon 6651379712
anon_thp 148897792
anon 1006358528
anon_thp 167772160
anon 450801664
anon_thp 39845888
anon 1900118016
anon_thp 178257920
anon 2661912576
anon_thp 178257920
anon 3426746368
anon_thp 182452224
anon 3928252416
anon_thp 184549376
anon 4395372544
anon_thp 184549376
anon 4869320704
anon_thp 186646528
anon 5322371072
anon_thp 188743680
anon 5785124864
anon_thp 190840832
anon 6258171904
anon_thp 190840832
anon 6707429376
anon_thp 190840832
anon 7251738624
anon_thp 190840832
anon 7807442944
anon_thp 190840832
anon 8398123008
anon_thp 190840832
anon 9091432448
anon_thp 190840832
anon 9802792960
anon_thp 190840832
anon 10135891968
anon_thp 176160768
anon 10402983936
anon_thp 190840832
anon 10443907072
anon_thp 190840832
anon 10501726208
anon_thp 190840832
anon 10392772608
anon_thp 56623104
anon 10533961728
anon_thp 190840832
anon 10535870464
anon_thp 190840832
anon 10600460288
anon_thp 190840832
anon 10528284672
anon_thp 56623104
anon 10615320576
anon_thp 142606336
anon 10663608320
anon_thp 190840832
anon 10683609088
anon_thp 190840832
anon 10512158720
anon_thp 56623104
anon 10598240256
anon_thp 142606336
anon 10647592960
anon_thp 190840832
anon 10695495680
anon_thp 190840832
anon 10561044480
anon_thp 56623104
anon 10695282688
anon_thp 190840832
anon 10695311360
anon_thp 190840832
anon 10718285824
anon_thp 190840832
anon 10639159296
anon_thp 56623104
anon 7326310400
anon_thp 44040192
anon 2646454272
anon_thp 41943040
anon 398688256
anon_thp 29360128
anon 1218588672
anon_thp 31457280
anon 1320529920
anon_thp 31457280
anon 223657984
anon_thp 10485760
anon 736481280
anon_thp 10485760
anon 1222283264
anon_thp 10485760
anon 1710555136
anon_thp 12582912
anon 2201722880
anon_thp 12582912
anon 2686402560
anon_thp 12582912
anon 3150159872
anon_thp 14680064
anon 3611500544
anon_thp 23068672
anon 4099481600
anon_thp 23068672
anon 4589391872
anon_thp 25165824
anon 5072449536
anon_thp 27262976
anon 5715091456
anon_thp 98566144
anon 5912485888
anon_thp 33554432
anon 5987569664
anon_thp 98566144
anon 5989322752
anon_thp 98566144
anon 5922598912
anon_thp 33554432
anon 5990588416
anon_thp 98566144
anon 5923749888
anon_thp 33554432
anon 5924667392
anon_thp 33554432
anon 5992103936
anon_thp 98566144
anon 3812478976
anon_thp 16777216
anon 530747392
anon_thp 283115520
anon 1288544256
anon_thp 287309824
anon 2024230912
anon_thp 287309824
anon 2823233536
anon_thp 293601280
anon 3629101056
anon_thp 295698432
anon 4423405568
anon_thp 297795584
anon 5205258240
anon_thp 301989888
anon 5984542720
anon_thp 304087040
anon 6764335104
anon_thp 304087040
anon 7659511808
anon_thp 398458880
anon 7699886080
anon_thp 398458880
anon 7749365760
anon_thp 398458880
anon 7894953984
anon_thp 398458880
anon 8062783488
anon_thp 398458880
anon 8215257088
anon_thp 398458880
anon 8329773056
anon_thp 398458880
anon 8430665728
anon_thp 398458880
anon 8519479296
anon_thp 419430400
anon 8524410880
anon_thp 423624704
anon 8524627968
anon_thp 423624704
anon 8525193216
anon_thp 423624704
anon 8525590528
anon_thp 423624704
anon 8528326656
anon_thp 423624704
anon 8534114304
anon_thp 423624704
anon 8626212864
anon_thp 440401920
anon 8631099392
anon_thp 444596224
anon 8590049280
anon_thp 438304768
anon 8590327808
anon_thp 438304768
anon 8590966784
anon_thp 438304768
anon 8592916480
anon_thp 438304768
anon 8626692096
anon_thp 438304768
anon 8747929600
anon_thp 450887680
anon 8750043136
anon_thp 450887680
anon 8657076224
anon_thp 440401920
anon 8657080320
anon_thp 440401920
anon 8657276928
anon_thp 440401920
anon 8657367040
anon_thp 440401920
anon 8664059904
anon_thp 440401920
anon 8753266688
anon_thp 440401920
anon 8818618368
anon_thp 467664896
anon 8775438336
anon_thp 455081984
anon 8775483392
anon_thp 455081984
anon 8775880704
anon_thp 455081984
anon 8776032256
anon_thp 455081984
anon 8776257536
anon_thp 455081984
anon 8811028480
anon_thp 455081984
anon 8925270016
anon_thp 480247808
anon 8928669696
anon_thp 480247808
anon 3284504576
anon_thp 163577856
anon 1290698752
anon_thp 67108864
anon 3209297920
anon_thp 559939584
anon 5728727040
anon_thp 580911104
anon 6926041088
anon_thp 583008256
anon 7288537088
anon_thp 123731968
anon 7753674752
anon_thp 585105408
anon 7801724928
anon_thp 585105408
anon 7264428032
anon_thp 48234496
anon 7820701696
anon_thp 585105408
anon 7833092096
anon_thp 585105408
anon 7300988928
anon_thp 48234496
anon 7845494784
anon_thp 585105408
anon 4268851200
anon_thp 16777216
anon 916221952
anon_thp 16777216
anon 3759845376
anon_thp 31457280
anon 6016823296
anon_thp 41943040
anon 7245848576
anon_thp 56623104
anon 7477841920
anon_thp 56623104
anon 7497318400
anon_thp 56623104
anon 7510859776
anon_thp 60817408
anon 7532826624
anon_thp 60817408
anon 7541731328
anon_thp 58720256
anon 2276421632
anon_thp 29360128
anon 747798528
anon_thp 85983232
anon 1867542528
anon_thp 85983232
anon 2291699712
anon_thp 88080384
anon 2444005376
anon_thp 20971520
anon 2598662144
anon_thp 88080384
anon 2613956608
anon_thp 20971520
anon 2711351296
anon_thp 20971520
anon 2755846144
anon_thp 20971520
anon 2838224896
anon_thp 88080384
anon 2792132608
anon_thp 20971520
anon 2864689152
anon_thp 88080384
anon 2813460480
anon_thp 20971520
anon 1174663168
anon_thp 20971520
anon 4178722816
anon_thp 37748736
anon 5628461056
anon_thp 58720256
anon 5668274176
anon_thp 69206016
anon 5683331072
anon_thp 73400320
anon 5705609216
anon_thp 88080384
anon 5730463744
anon_thp 88080384
anon 5734412288
anon_thp 88080384
anon 5738045440
anon_thp 88080384
anon 5743570944
anon_thp 88080384
anon 3323084800
anon_thp 62914560
anon 1026990080
anon_thp 18874368
anon 3039883264
anon_thp 39845888
anon 5027102720
anon_thp 50331648
anon 6865592320
anon_thp 54525952
anon 8762449920
anon_thp 207618048
anon 8887476224
anon_thp 207618048
anon 8908238848
anon_thp 207618048
anon 8911294464
anon_thp 201326592
anon 9152016384
anon_thp 463470592
anon 9170493440
anon_thp 463470592
anon 9185140736
anon_thp 463470592
anon 8974180352
anon_thp 195035136
anon 9094893568
anon_thp 195035136
anon 9674682368
anon_thp 195035136
anon 10596982784
anon_thp 436207616
anon 10641141760
anon_thp 436207616
anon 10675691520
anon_thp 436207616
anon 10476933120
anon_thp 524288000
anon 9880653824
anon_thp 226492416
anon 9880735744
anon_thp 226492416
anon 10144149504
anon_thp 226492416
anon 10643525632
anon_thp 432013312
anon 10659377152
anon_thp 432013312
anon 10671362048
anon_thp 432013312
anon 10583740416
anon_thp 497025024
anon 10185891840
anon_thp 228589568
anon 10185891840
anon_thp 228589568
anon 10391883776
anon_thp 228589568
anon 10768474112
anon_thp 400556032
anon 10785923072
anon_thp 400556032
anon 10797662208
anon_thp 400556032
anon 10822258688
anon_thp 511705088
anon 10449530880
anon_thp 228589568
anon 10449530880
anon_thp 228589568
anon 10603954176
anon_thp 228589568
anon 11169423360
anon_thp 390070272
anon 11185848320
anon_thp 390070272
anon 11200495616
anon_thp 398458880
anon 10959376384
anon_thp 524288000
anon 10636656640
anon_thp 241172480
anon 10451300352
anon_thp 241172480
anon 10496032768
anon_thp 241172480
anon 10732310528
anon_thp 243269632
anon 11127226368
anon_thp 356515840
anon 11145859072
anon_thp 356515840
anon 11160485888
anon_thp 356515840
anon 11116752896
anon_thp 360710144
anon 10627399680
anon_thp 249561088
anon 9052078080
anon_thp 138412032
anon 5154881536
anon_thp 140509184
anon 1055039488
anon_thp 106954752
anon 954925056
anon_thp 44040192
anon 2444431360
anon_thp 50331648
anon 3908583424
anon_thp 60817408
anon 5510946816
anon_thp 73400320
anon 7000334336
anon_thp 98566144
anon 8401002496
anon_thp 100663296
anon 8568950784
anon_thp 100663296
anon 8572141568
anon_thp 100663296
anon 8574550016
anon_thp 100663296
anon 8578633728
anon_thp 102760448
anon 8580567040
anon_thp 102760448
anon 2847330304
anon_thp 35651584
anon 205819904
anon_thp 37748736
anon 657256448
anon_thp 37748736
anon 1724882944
anon_thp 41943040
anon 4433121280
anon_thp 58720256
anon 6691471360
anon_thp 90177536
anon 8109031424
anon_thp 90177536
anon 8186028032
anon_thp 109051904
anon 8267509760
anon_thp 109051904
anon 8280600576
anon_thp 109051904
anon 8294076416
anon_thp 109051904
anon 8334794752
anon_thp 123731968
anon 8343535616
anon_thp 123731968
anon 8368709632
anon_thp 125829120
anon 5264384000
anon_thp 83886080
anon 252882944
anon_thp 27262976
anon 2831908864
anon_thp 33554432
anon 5462269952
anon_thp 52428800
anon 6963662848
anon_thp 331350016
anon 7779680256
anon_thp 104857600
anon 8004079616
anon_thp 239075328
anon 8004112384
anon_thp 239075328
anon 8084611072
anon_thp 239075328
anon 8097067008
anon_thp 239075328
anon 8125186048
anon_thp 239075328
anon 8013479936
anon_thp 104857600
anon 8302477312
anon_thp 373293056
anon 8406753280
anon_thp 236978176
anon 8587792384
anon_thp 385875968
anon 8587792384
anon_thp 385875968
anon 8603553792
anon_thp 385875968
anon 8604254208
anon_thp 385875968
anon 8590667776
anon_thp 369098752
anon 8327315456
anon_thp 119537664
anon 8607068160
anon_thp 387973120
anon 8612560896
anon_thp 255852544
anon 8612573184
anon_thp 255852544
anon 8612573184
anon_thp 255852544
anon 8626147328
anon_thp 255852544
anon 8627363840
anon_thp 255852544
anon 8833060864
anon_thp 459276288
anon 8493166592
anon_thp 121634816
anon 8777637888
anon_thp 390070272
anon 8884965376
anon_thp 390070272
anon 8884965376
anon_thp 390070272
anon 8884965376
anon_thp 390070272
anon 8896843776
anon_thp 390070272
anon 8896909312
anon_thp 390070272
anon 9302380544
anon_thp 794820608
anon 8618393600
anon_thp 123731968
anon 8902275072
anon_thp 392167424
anon 9002713088
anon_thp 408944640
anon 9002713088
anon_thp 408944640
anon 8869543936
anon_thp 276824064
anon 9011355648
anon_thp 408944640
anon 9011355648
anon_thp 408944640
anon 9414008832
anon_thp 813694976
anon 8901451776
anon_thp 299892736
anon 9018216448
anon_thp 394264576
anon 9056329728
anon_thp 394264576
anon 9056329728
anon_thp 394264576
anon 8924991488
anon_thp 262144000
anon 9060737024
anon_thp 394264576
anon 9060737024
anon_thp 394264576
anon 8949870592
anon_thp 283115520
anon 3031449600
anon_thp 106954752
anon 229269504
anon_thp 35651584
anon 862965760
anon_thp 35651584
anon 1235386368
anon_thp 37748736
anon 1265594368
anon_thp 37748736
anon 1319911424
anon_thp 37748736
anon 1374089216
anon_thp 37748736
anon 1400963072
anon_thp 37748736
anon 1449857024
anon_thp 37748736
anon 327680
anon_thp 0
