pgmigrate_success 43500629
pgmigrate_success 43501124
pgmigrate_success 43501209
pgmigrate_success 43501287
pgmigrate_success 43501353
pgmigrate_success 43501411
pgmigrate_success 43501477
pgmigrate_success 43501550
pgmigrate_success 43501615
pgmigrate_success 43501674
pgmigrate_success 43501737
pgmigrate_success 43501794
pgmigrate_success 43501853
pgmigrate_success 43501922
pgmigrate_success 43501977
pgmigrate_success 43502040
pgmigrate_success 43502104
pgmigrate_success 43502160
pgmigrate_success 43502368
pgmigrate_success 43502602
pgmigrate_success 43502828
pgmigrate_success 43503044
pgmigrate_success 43503276
pgmigrate_success 43503468
pgmigrate_success 43503694
pgmigrate_success 43503883
pgmigrate_success 43504101
pgmigrate_success 43504292
pgmigrate_success 43506926
pgmigrate_success 43507142
pgmigrate_success 43507314
pgmigrate_success 43519141
pgmigrate_success 43537957
pgmigrate_success 43593737
pgmigrate_success 43734938
pgmigrate_success 43752187
pgmigrate_success 43753229
pgmigrate_success 43754148
pgmigrate_success 43814770
pgmigrate_success 43822034
pgmigrate_success 43822236
pgmigrate_success 43822948
pgmigrate_success 43823447
pgmigrate_success 43877509
pgmigrate_success 43908811
pgmigrate_success 43927633
pgmigrate_success 43993757
pgmigrate_success 44045795
pgmigrate_success 44078053
pgmigrate_success 44095503
pgmigrate_success 44161966
pgmigrate_success 44210765
pgmigrate_success 44245507
pgmigrate_success 44247852
pgmigrate_success 44248499
pgmigrate_success 44316891
pgmigrate_success 44318349
pgmigrate_success 44319448
pgmigrate_success 44319803
pgmigrate_success 44320026
pgmigrate_success 44320230
pgmigrate_success 44320407
pgmigrate_success 44321113
pgmigrate_success 44388942
pgmigrate_success 44391602
pgmigrate_success 44459079
pgmigrate_success 44461012
pgmigrate_success 44528642
pgmigrate_success 44530932
pgmigrate_success 44532767
pgmigrate_success 44600185
pgmigrate_success 44634973
pgmigrate_success 44668043
pgmigrate_success 44671085
pgmigrate_success 44687869
pgmigrate_success 44724995
pgmigrate_success 44727917
pgmigrate_success 44728213
pgmigrate_success 44728505
pgmigrate_success 44745575
pgmigrate_success 44784332
pgmigrate_success 44802883
pgmigrate_success 44836769
pgmigrate_success 44838226
pgmigrate_success 44876239
pgmigrate_success 44893507
pgmigrate_success 44927850
pgmigrate_success 44936275
pgmigrate_success 44972224
pgmigrate_success 44973238
pgmigrate_success 44975817
pgmigrate_success 44976293
pgmigrate_success 44977777
pgmigrate_success 44978097
pgmigrate_success 44978947
pgmigrate_success 44979904
pgmigrate_success 44982889
pgmigrate_success 44984626
pgmigrate_success 45057844
pgmigrate_success 45057844
pgmigrate_success 45057844
pgmigrate_success 45057844
pgmigrate_success 45079873
pgmigrate_success 45150183
pgmigrate_success 45226482
pgmigrate_success 45228831
pgmigrate_success 45303817
pgmigrate_success 45307770
pgmigrate_success 45384005
pgmigrate_success 45384388
pgmigrate_success 45384655
pgmigrate_success 45384868
pgmigrate_success 45385051
pgmigrate_success 45385771
pgmigrate_success 45387455
pgmigrate_success 45387629
pgmigrate_success 45404783
pgmigrate_success 45406225
pgmigrate_success 45423617
pgmigrate_success 45424759
pgmigrate_success 45425691
pgmigrate_success 45443457
pgmigrate_success 45445527
pgmigrate_success 45445527
pgmigrate_success 45473886
pgmigrate_success 45502192
pgmigrate_success 45672029
pgmigrate_success 45906715
pgmigrate_success 45909189
pgmigrate_success 45909803
pgmigrate_success 45968658
pgmigrate_success 46146926
pgmigrate_success 46413313
pgmigrate_success 46413825
pgmigrate_success 46413825
pgmigrate_success 46414557
pgmigrate_success 46414557
pgmigrate_success 46414557
pgmigrate_success 46414557
pgmigrate_success 46414557
pgmigrate_success 46414557
pgmigrate_success 46417175
pgmigrate_success 46533838
pgmigrate_success 46922481
pgmigrate_success 46922481
pgmigrate_success 46922481
pgmigrate_success 46937539
pgmigrate_success 46951653
pgmigrate_success 46979881
pgmigrate_success 47036338
pgmigrate_success 47036338
pgmigrate_success 47149764
pgmigrate_success 47181028
pgmigrate_success 47230916
pgmigrate_success 47283364
pgmigrate_success 47337828
pgmigrate_success 47609569
pgmigrate_success 47609569
pgmigrate_success 47609569
pgmigrate_success 47609569
pgmigrate_success 47609569
pgmigrate_success 47609569
pgmigrate_success 47609569
pgmigrate_success 48032155
pgmigrate_success 48032155
pgmigrate_success 48032155
pgmigrate_success 48033179
pgmigrate_success 48033179
pgmigrate_success 48038849
pgmigrate_success 48088769
pgmigrate_success 48146689
pgmigrate_success 48207329
pgmigrate_success 48287495
pgmigrate_success 48386488
pgmigrate_success 48475896
pgmigrate_success 48556792
pgmigrate_success 48656381
pgmigrate_success 48753241
pgmigrate_success 48836868
pgmigrate_success 48960919
pgmigrate_success 48961943
pgmigrate_success 48961943
pgmigrate_success 48961943
pgmigrate_success 48961943
pgmigrate_success 48964731
pgmigrate_success 48972456
pgmigrate_success 48972976
pgmigrate_success 48973361
pgmigrate_success 49006740
pgmigrate_success 49007107
pgmigrate_success 49007982
pgmigrate_success 49015580
pgmigrate_success 49018547
pgmigrate_success 49020858
pgmigrate_success 49022032
pgmigrate_success 49045178
pgmigrate_success 49100704
pgmigrate_success 49102032
pgmigrate_success 49103191
pgmigrate_success 49139764
pgmigrate_success 49174801
pgmigrate_success 49176357
pgmigrate_success 49178262
pgmigrate_success 49212875
pgmigrate_success 49215730
pgmigrate_success 49217846
pgmigrate_success 49220724
pgmigrate_success 49255466
pgmigrate_success 49258161
pgmigrate_success 49260203
pgmigrate_success 49262498
pgmigrate_success 49298172
pgmigrate_success 49332786
pgmigrate_success 49334244
pgmigrate_success 49337884
pgmigrate_success 49337884
pgmigrate_success 49341379
pgmigrate_success 49343500
pgmigrate_success 49344742
pgmigrate_success 49344879
pgmigrate_success 49355532
pgmigrate_success 49361945
pgmigrate_success 49378106
pgmigrate_success 49378399
pgmigrate_success 49395206
pgmigrate_success 49411927
pgmigrate_success 49412165
pgmigrate_success 49428426
pgmigrate_success 49444697
pgmigrate_success 49446850
pgmigrate_success 49514816
pgmigrate_success 49518137
pgmigrate_success 49522143
pgmigrate_success 49526800
pgmigrate_success 49529797
pgmigrate_success 49536108
pgmigrate_success 49540619
pgmigrate_success 49544346
pgmigrate_success 49550348
pgmigrate_success 49555713
pgmigrate_success 49623700
pgmigrate_success 49637476
pgmigrate_success 49645301
pgmigrate_success 49651389
pgmigrate_success 49656023
pgmigrate_success 49661384
pgmigrate_success 49666362
pgmigrate_success 49734134
pgmigrate_success 49738955
pgmigrate_success 49742802
pgmigrate_success 49745941
pgmigrate_success 49751260
pgmigrate_success 49756748
pgmigrate_success 49822896
pgmigrate_success 49825107
pgmigrate_success 49826999
pgmigrate_success 49828712
pgmigrate_success 49831334
pgmigrate_success 49834688
pgmigrate_success 49901344
pgmigrate_success 49902348
pgmigrate_success 49903418
pgmigrate_success 49904292
pgmigrate_success 49905017
pgmigrate_success 49910710
pgmigrate_success 49978033
pgmigrate_success 49978735
pgmigrate_success 49978735
pgmigrate_success 49978735
pgmigrate_success 49982292
pgmigrate_success 49984285
pgmigrate_success 49987024
pgmigrate_success 49987504
pgmigrate_success 50121646
pgmigrate_success 50124836
pgmigrate_success 50126771
pgmigrate_success 50259050
pgmigrate_success 50322067
pgmigrate_success 50395626
pgmigrate_success 50467142
pgmigrate_success 50532111
pgmigrate_success 50666265
pgmigrate_success 50798614
pgmigrate_success 50803351
pgmigrate_success 50803734
pgmigrate_success 50811944
pgmigrate_success 50864861
pgmigrate_success 50925339
pgmigrate_success 50925339
pgmigrate_success 51046295
pgmigrate_success 51046295
pgmigrate_success 51046295
pgmigrate_success 51046295
pgmigrate_success 51304092
pgmigrate_success 51304763
pgmigrate_success 51324586
pgmigrate_success 51329817
pgmigrate_success 51348121
pgmigrate_success 51352144
pgmigrate_success 51372489
pgmigrate_success 51393258
pgmigrate_success 51398432
pgmigrate_success 51417710
pgmigrate_success 51422026
pgmigrate_success 51442029
pgmigrate_success 51445468
pgmigrate_success 51455886
pgmigrate_success 51456016
pgmigrate_success 51456809
pgmigrate_success 51457560
pgmigrate_success 51458251
pgmigrate_success 51458533
pgmigrate_success 51459856
pgmigrate_success 51460137
pgmigrate_success 51460442
pgmigrate_success 51461120
pgmigrate_success 51464073
pgmigrate_success 51467337
pgmigrate_success 51471759
pgmigrate_success 51480317
pgmigrate_success 51486925
pgmigrate_success 51492347
pgmigrate_success 51504160
pgmigrate_success 51511231
pgmigrate_success 51592940
pgmigrate_success 51593031
pgmigrate_success 51593454
pgmigrate_success 51595516
pgmigrate_success 51598181
pgmigrate_success 51613827
pgmigrate_success 51633354
pgmigrate_success 51642812
pgmigrate_success 51711346
pgmigrate_success 51712230
pgmigrate_success 51713057
pgmigrate_success 51717627
pgmigrate_success 51723064
pgmigrate_success 51735586
pgmigrate_success 51776241
pgmigrate_success 51808779
pgmigrate_success 51809503
pgmigrate_success 51810246
pgmigrate_success 51816140
pgmigrate_success 51826245
pgmigrate_success 51844387
pgmigrate_success 51914507
pgmigrate_success 51915366
pgmigrate_success 51916131
pgmigrate_success 51917358
pgmigrate_success 51932718
pgmigrate_success 51940448
pgmigrate_success 51968920
pgmigrate_success 52021312
pgmigrate_success 52021899
pgmigrate_success 52022557
pgmigrate_success 52025550
pgmigrate_success 52033789
pgmigrate_success 52039300
pgmigrate_success 52105646
pgmigrate_success 52106754
pgmigrate_success 52106757
pgmigrate_success 52107142
pgmigrate_success 52108437
pgmigrate_success 52109091
pgmigrate_success 52110856
pgmigrate_success 52112176
pgmigrate_success 52114006
pgmigrate_success 52115815
pgmigrate_success 52117654
pgmigrate_success 52122297
pgmigrate_success 52122918
pgmigrate_success 52125803
pgmigrate_success 52131041
pgmigrate_success 52134465
pgmigrate_success 52139038
pgmigrate_success 52144624
pgmigrate_success 52146988
pgmigrate_success 52149247
pgmigrate_success 52154698
pgmigrate_success 52156001
pgmigrate_success 52158115
pgmigrate_success 52161698
pgmigrate_success 52162080
pgmigrate_success 52166850
pgmigrate_success 52173652
pgmigrate_success 52251891
pgmigrate_success 52292268
pgmigrate_success 52330157
pgmigrate_success 52334509
pgmigrate_success 52370879
pgmigrate_success 52374099
pgmigrate_success 52378582
pgmigrate_success 52448838
pgmigrate_success 52470741
pgmigrate_success 52521967
pgmigrate_success 52525647
pgmigrate_success 52562831
pgmigrate_success 52565249
pgmigrate_success 52695380
pgmigrate_success 52764336
pgmigrate_success 52785057
pgmigrate_success 52836229
pgmigrate_success 52839456
pgmigrate_success 52876949
pgmigrate_success 52878971
pgmigrate_success 52916780
pgmigrate_success 52919654
pgmigrate_success 53023835
pgmigrate_success 53058301
pgmigrate_success 53061925
pgmigrate_success 53098284
pgmigrate_success 53102248
pgmigrate_success 53104467
pgmigrate_success 53125681
pgmigrate_success 53175254
pgmigrate_success 53245000
pgmigrate_success 53249073
pgmigrate_success 53283942
pgmigrate_success 53287931
pgmigrate_success 53327388
pgmigrate_success 53394197
pgmigrate_success 53396283
pgmigrate_success 53465543
pgmigrate_success 53468679
pgmigrate_success 53505231
pgmigrate_success 53507714
pgmigrate_success 53590608
pgmigrate_success 53593341
pgmigrate_success 53595756
pgmigrate_success 53610839
pgmigrate_success 53624558
pgmigrate_success 53644769
pgmigrate_success 53656568
pgmigrate_success 53663114
pgmigrate_success 53675642
pgmigrate_success 53685547
