pgmigrate_success 14737480
pgmigrate_fail 17875
thp_migration_success 12141
thp_migration_fail 5
thp_migration_split 0
thp_fault_alloc 24673
thp_fault_fallback 0
thp_fault_fallback_charge 0
thp_collapse_alloc 144
thp_collapse_alloc_failed 0
thp_file_alloc 0
thp_file_fallback 0
thp_file_fallback_charge 0
thp_file_mapped 0
thp_split_page 40
thp_split_page_failed 0
thp_deferred_split_page 190
thp_split_pmd 1150
thp_split_pud 0
thp_zero_page_alloc 0
thp_zero_page_alloc_failed 0
thp_swpout 0
thp_swpout_fallback 0
htmm_nr_promoted 12918234
htmm_nr_demoted 3195
htmm_nr_sampled 0
htmm_missed_dramread 0
htmm_missed_nvmread 0
htmm_missed_write 0
htmm_alloc_dram 54608847
htmm_alloc_nvm 0
