pgmigrate_success 61619160
pgmigrate_fail 219097
thp_migration_success 103856
thp_migration_fail 1
thp_migration_split 0
thp_fault_alloc 220407
thp_fault_fallback 0
thp_fault_fallback_charge 0
thp_collapse_alloc 18364
thp_collapse_alloc_failed 0
thp_file_alloc 219
thp_file_fallback 0
thp_file_fallback_charge 0
thp_file_mapped 0
thp_split_page 1973
thp_split_page_failed 33
thp_deferred_split_page 17117
thp_split_pmd 53513
thp_split_pud 0
thp_zero_page_alloc 0
thp_zero_page_alloc_failed 0
thp_swpout 0
thp_swpout_fallback 0
htmm_nr_promoted 48044607
htmm_nr_demoted 12132602
htmm_nr_sampled 0
htmm_missed_dramread 0
htmm_missed_nvmread 0
htmm_missed_write 0
htmm_alloc_dram 192736640
htmm_alloc_nvm 0
