pgmigrate_success 18603274
pgmigrate_success 18603745
pgmigrate_success 18603819
pgmigrate_success 18603885
pgmigrate_success 18603950
pgmigrate_success 18604008
pgmigrate_success 18604075
pgmigrate_success 18604133
pgmigrate_success 18604197
pgmigrate_success 18604254
pgmigrate_success 18604318
pgmigrate_success 18604390
pgmigrate_success 18604455
pgmigrate_success 18604501
pgmigrate_success 18604574
pgmigrate_success 18604622
pgmigrate_success 18604698
pgmigrate_success 18604748
pgmigrate_success 18604913
pgmigrate_success 18605173
pgmigrate_success 18605350
pgmigrate_success 18605564
pgmigrate_success 18605860
pgmigrate_success 18606105
pgmigrate_success 18606292
pgmigrate_success 18606489
pgmigrate_success 18606590
pgmigrate_success 18621195
pgmigrate_success 18843301
pgmigrate_success 18848246
pgmigrate_success 18848450
pgmigrate_success 18861629
pgmigrate_success 18869665
pgmigrate_success 18888007
pgmigrate_success 18892573
pgmigrate_success 18909873
pgmigrate_success 18910816
pgmigrate_success 18911652
pgmigrate_success 18948142
pgmigrate_success 18978372
pgmigrate_success 18978596
pgmigrate_success 18979318
pgmigrate_success 18980590
pgmigrate_success 18999143
pgmigrate_success 19066279
pgmigrate_success 19085136
pgmigrate_success 19151501
pgmigrate_success 19169355
pgmigrate_success 19236932
pgmigrate_success 19254615
pgmigrate_success 19320824
pgmigrate_success 19337542
pgmigrate_success 19404858
pgmigrate_success 19407234
pgmigrate_success 19407899
pgmigrate_success 19477381
pgmigrate_success 19478122
pgmigrate_success 19478499
pgmigrate_success 19478727
pgmigrate_success 19478918
pgmigrate_success 19479092
pgmigrate_success 19479282
pgmigrate_success 19479963
pgmigrate_success 19514512
pgmigrate_success 19552200
pgmigrate_success 19590574
pgmigrate_success 19624355
pgmigrate_success 19625872
pgmigrate_success 19697027
pgmigrate_success 19732058
pgmigrate_success 19767061
pgmigrate_success 19770509
pgmigrate_success 19841481
pgmigrate_success 19843794
pgmigrate_success 19861551
pgmigrate_success 19895440
pgmigrate_success 19895867
pgmigrate_success 19896720
pgmigrate_success 19897129
pgmigrate_success 19897446
pgmigrate_success 19899078
pgmigrate_success 19936034
pgmigrate_success 19970244
pgmigrate_success 19975066
pgmigrate_success 20028748
pgmigrate_success 20030383
pgmigrate_success 20047627
pgmigrate_success 20081707
pgmigrate_success 20115751
pgmigrate_success 20120574
pgmigrate_success 20123013
pgmigrate_success 20123537
pgmigrate_success 20124340
pgmigrate_success 20124681
pgmigrate_success 20125016
pgmigrate_success 20127279
pgmigrate_success 20129130
pgmigrate_success 20130835
pgmigrate_success 20132027
pgmigrate_success 20132027
pgmigrate_success 20132027
pgmigrate_success 20132328
pgmigrate_success 20143027
pgmigrate_success 20218771
pgmigrate_success 20219564
pgmigrate_success 20294975
pgmigrate_success 20298084
pgmigrate_success 20372930
pgmigrate_success 20448541
pgmigrate_success 20450613
pgmigrate_success 20451145
pgmigrate_success 20451250
pgmigrate_success 20487024
pgmigrate_success 20593522
pgmigrate_success 20593522
pgmigrate_success 20735520
pgmigrate_success 20735520
pgmigrate_success 20735520
pgmigrate_success 21019420
pgmigrate_success 21024312
pgmigrate_success 21024988
pgmigrate_success 21041637
pgmigrate_success 21060136
pgmigrate_success 21062336
pgmigrate_success 21078863
pgmigrate_success 21079977
pgmigrate_success 21099042
pgmigrate_success 21099043
pgmigrate_success 21100705
pgmigrate_success 21102108
pgmigrate_success 21102110
pgmigrate_success 21336714
pgmigrate_success 21570480
pgmigrate_success 21608907
pgmigrate_success 21647350
pgmigrate_success 21684620
pgmigrate_success 21700257
pgmigrate_success 21714605
pgmigrate_success 21714605
pgmigrate_success 21765805
pgmigrate_success 21765805
pgmigrate_success 21765805
pgmigrate_success 21766219
pgmigrate_success 21766219
pgmigrate_success 21821271
pgmigrate_success 22178923
pgmigrate_success 22178923
pgmigrate_success 22178923
pgmigrate_success 22178923
pgmigrate_success 22192060
pgmigrate_success 22231670
pgmigrate_success 22285115
pgmigrate_success 22285115
pgmigrate_success 22393618
pgmigrate_success 22393618
pgmigrate_success 22393618
pgmigrate_success 22393618
pgmigrate_success 22604874
pgmigrate_success 22605386
pgmigrate_success 22605493
pgmigrate_success 22756833
pgmigrate_success 22756833
pgmigrate_success 22783638
pgmigrate_success 22842484
pgmigrate_success 22939359
pgmigrate_success 23027096
pgmigrate_success 23098670
pgmigrate_success 23164663
pgmigrate_success 23209175
pgmigrate_success 23237047
pgmigrate_success 23289881
pgmigrate_success 23481258
pgmigrate_success 23561292
pgmigrate_success 23649170
pgmigrate_success 23745145
pgmigrate_success 23754878
pgmigrate_success 23754878
pgmigrate_success 23766797
pgmigrate_success 23813456
pgmigrate_success 24022520
pgmigrate_success 24023981
pgmigrate_success 24023981
pgmigrate_success 24023981
pgmigrate_success 24023981
pgmigrate_success 24029548
pgmigrate_success 24029548
pgmigrate_success 24062368
pgmigrate_success 24063863
pgmigrate_success 24064219
pgmigrate_success 24064998
pgmigrate_success 24104623
pgmigrate_success 24109849
pgmigrate_success 24115322
pgmigrate_success 24117663
pgmigrate_success 24156846
pgmigrate_success 24192844
pgmigrate_success 24194608
pgmigrate_success 24197837
pgmigrate_success 24231293
pgmigrate_success 24234324
pgmigrate_success 24237084
pgmigrate_success 24241164
pgmigrate_success 24275548
pgmigrate_success 24279631
pgmigrate_success 24281850
pgmigrate_success 24283244
pgmigrate_success 24319635
pgmigrate_success 24323305
pgmigrate_success 24326795
pgmigrate_success 24330213
pgmigrate_success 24364834
pgmigrate_success 24367532
pgmigrate_success 24369904
pgmigrate_success 24373688
pgmigrate_success 24375052
pgmigrate_success 24376262
pgmigrate_success 24379873
pgmigrate_success 24380968
pgmigrate_success 24382130
pgmigrate_success 24382300
pgmigrate_success 24400013
pgmigrate_success 24417114
pgmigrate_success 24417313
pgmigrate_success 24436480
pgmigrate_success 24454172
pgmigrate_success 24455423
pgmigrate_success 24473682
pgmigrate_success 24483538
pgmigrate_success 24494814
pgmigrate_success 24563668
pgmigrate_success 24567937
pgmigrate_success 24572243
pgmigrate_success 24576654
pgmigrate_success 24580672
pgmigrate_success 24584170
pgmigrate_success 24588203
pgmigrate_success 24589395
pgmigrate_success 24593524
pgmigrate_success 24607040
pgmigrate_success 24649836
pgmigrate_success 24689626
pgmigrate_success 24697810
pgmigrate_success 24705152
pgmigrate_success 24710656
pgmigrate_success 24714424
pgmigrate_success 24726976
pgmigrate_success 24798902
pgmigrate_success 24802045
pgmigrate_success 24807837
pgmigrate_success 24811572
pgmigrate_success 24814360
pgmigrate_success 24823518
pgmigrate_success 24846932
pgmigrate_success 24894192
pgmigrate_success 24896628
pgmigrate_success 24898894
pgmigrate_success 24900762
pgmigrate_success 24906380
pgmigrate_success 24946387
pgmigrate_success 24975979
pgmigrate_success 24978336
pgmigrate_success 24978336
pgmigrate_success 24978336
pgmigrate_success 24985453
pgmigrate_success 24988646
pgmigrate_success 25055499
pgmigrate_success 25057784
pgmigrate_success 25058793
pgmigrate_success 25058793
pgmigrate_success 25067742
pgmigrate_success 25106706
pgmigrate_success 25240129
pgmigrate_success 25448433
pgmigrate_success 25584802
pgmigrate_success 25588747
pgmigrate_success 25624066
pgmigrate_success 25726417
pgmigrate_success 25798498
pgmigrate_success 25863817
pgmigrate_success 25996898
pgmigrate_success 26130321
pgmigrate_success 26157717
pgmigrate_success 26266650
pgmigrate_success 26269675
pgmigrate_success 26271287
pgmigrate_success 26275245
pgmigrate_success 26280811
pgmigrate_success 26285364
pgmigrate_success 26289521
pgmigrate_success 26290977
pgmigrate_success 26294038
pgmigrate_success 26296443
pgmigrate_success 26298250
pgmigrate_success 26300217
pgmigrate_success 26322523
pgmigrate_success 26330216
pgmigrate_success 26351637
pgmigrate_success 26359986
pgmigrate_success 26364848
pgmigrate_success 26382985
pgmigrate_success 26386499
pgmigrate_success 26405237
pgmigrate_success 26425646
pgmigrate_success 26430276
pgmigrate_success 26431103
pgmigrate_success 26433212
pgmigrate_success 26434344
pgmigrate_success 26437808
pgmigrate_success 26438683
pgmigrate_success 26439960
pgmigrate_success 26440223
pgmigrate_success 26442577
pgmigrate_success 26444525
pgmigrate_success 26445943
pgmigrate_success 26447583
pgmigrate_success 26450045
pgmigrate_success 26453942
pgmigrate_success 26460408
pgmigrate_success 26464314
pgmigrate_success 26468057
pgmigrate_success 26483158
pgmigrate_success 26493538
pgmigrate_success 26504011
pgmigrate_success 26583250
pgmigrate_success 26583365
pgmigrate_success 26585300
pgmigrate_success 26589132
pgmigrate_success 26597097
pgmigrate_success 26608714
pgmigrate_success 26623408
pgmigrate_success 26648206
pgmigrate_success 26704729
pgmigrate_success 26706313
pgmigrate_success 26707481
pgmigrate_success 26714400
pgmigrate_success 26726500
pgmigrate_success 26731913
pgmigrate_success 26757925
pgmigrate_success 26758382
pgmigrate_success 26759152
pgmigrate_success 26760320
pgmigrate_success 26771614
pgmigrate_success 26777357
pgmigrate_success 26787801
pgmigrate_success 26789576
pgmigrate_success 26790691
pgmigrate_success 26791799
pgmigrate_success 26800757
pgmigrate_success 26804395
pgmigrate_success 26813102
pgmigrate_success 26815688
pgmigrate_success 26816082
pgmigrate_success 26816993
pgmigrate_success 26821987
pgmigrate_success 26829768
pgmigrate_success 26847341
pgmigrate_success 26852867
pgmigrate_success 26875056
pgmigrate_success 26876122
pgmigrate_success 26876504
pgmigrate_success 26877245
pgmigrate_success 26877965
pgmigrate_success 26879255
pgmigrate_success 26881210
pgmigrate_success 26885215
pgmigrate_success 26886015
pgmigrate_success 26886808
pgmigrate_success 26888045
pgmigrate_success 26890572
pgmigrate_success 26897850
pgmigrate_success 26900216
pgmigrate_success 26902064
pgmigrate_success 26905971
pgmigrate_success 26910203
pgmigrate_success 26915402
pgmigrate_success 26917250
pgmigrate_success 26919443
pgmigrate_success 26921946
pgmigrate_success 26928363
pgmigrate_success 26932921
pgmigrate_success 26933844
pgmigrate_success 26937828
pgmigrate_success 26940571
pgmigrate_success 27024030
pgmigrate_success 27059947
pgmigrate_success 27100448
pgmigrate_success 27105271
pgmigrate_success 27145472
pgmigrate_success 27147481
pgmigrate_success 27153353
pgmigrate_success 27219370
pgmigrate_success 27261939
pgmigrate_success 27295278
pgmigrate_success 27299060
pgmigrate_success 27336477
pgmigrate_success 27339178
pgmigrate_success 27434336
pgmigrate_success 27505735
pgmigrate_success 27546056
pgmigrate_success 27579503
pgmigrate_success 27582140
pgmigrate_success 27616111
pgmigrate_success 27617644
pgmigrate_success 27620721
pgmigrate_success 27688104
pgmigrate_success 27756051
pgmigrate_success 27757826
pgmigrate_success 27793573
pgmigrate_success 27796657
pgmigrate_success 27798764
pgmigrate_success 27800005
pgmigrate_success 27868060
pgmigrate_success 27935500
pgmigrate_success 27937426
pgmigrate_success 27971679
pgmigrate_success 27974822
pgmigrate_success 27977480
pgmigrate_success 28045395
pgmigrate_success 28059042
pgmigrate_success 28094155
pgmigrate_success 28098054
pgmigrate_success 28136982
pgmigrate_success 28138062
pgmigrate_success 28140510
pgmigrate_success 28140892
pgmigrate_success 28151478
pgmigrate_success 28160131
pgmigrate_success 28177849
pgmigrate_success 28189178
pgmigrate_success 28199494
pgmigrate_success 28210433
pgmigrate_success 28221071
