pgmigrate_success 230774336
pgmigrate_success 230825033
pgmigrate_success 230981907
pgmigrate_success 230981925
pgmigrate_success 230981930
pgmigrate_success 231017452
pgmigrate_success 231033587
pgmigrate_success 231056167
pgmigrate_success 231212331
pgmigrate_success 231446831
pgmigrate_success 231607088
pgmigrate_success 231766322
pgmigrate_success 231958323
pgmigrate_success 232206136
pgmigrate_success 232367603
pgmigrate_success 232673799
pgmigrate_success 232673799
pgmigrate_success 232673799
pgmigrate_success 232673799
pgmigrate_success 232825883
pgmigrate_success 233124907
pgmigrate_success 233502764
pgmigrate_success 233920047
pgmigrate_success 234327602
pgmigrate_success 234768948
pgmigrate_success 235119671
pgmigrate_success 235585081
pgmigrate_success 235763772
pgmigrate_success 235952703
pgmigrate_success 235952703
pgmigrate_success 235952703
pgmigrate_success 235952703
pgmigrate_success 235952703
pgmigrate_success 235952703
pgmigrate_success 235956567
pgmigrate_success 235956637
pgmigrate_success 235956694
pgmigrate_success 235956753
pgmigrate_success 235956794
pgmigrate_success 235956794
pgmigrate_success 235957402
pgmigrate_success 235957434
pgmigrate_success 235957816
pgmigrate_success 235958499
pgmigrate_success 235958518
pgmigrate_success 235958531
pgmigrate_success 235958542
pgmigrate_success 235958549
pgmigrate_success 235958554
pgmigrate_success 235958561
pgmigrate_success 235958569
pgmigrate_success 235958579
pgmigrate_success 235958585
pgmigrate_success 235958589
pgmigrate_success 235958593
pgmigrate_success 235958599
pgmigrate_success 235958603
pgmigrate_success 235958611
pgmigrate_success 235958619
pgmigrate_success 235958623
pgmigrate_success 235958630
pgmigrate_success 235958634
pgmigrate_success 235958638
pgmigrate_success 235958642
pgmigrate_success 235958646
pgmigrate_success 235958650
pgmigrate_success 235958654
pgmigrate_success 235959169
pgmigrate_success 235959684
pgmigrate_success 235960711
pgmigrate_success 235960712
pgmigrate_success 235960714
pgmigrate_success 235960718
pgmigrate_success 235960720
pgmigrate_success 235961748
pgmigrate_success 235961749
pgmigrate_success 235962264
pgmigrate_success 235963800
pgmigrate_success 235963802
pgmigrate_success 235963805
pgmigrate_success 236000669
pgmigrate_success 236054945
pgmigrate_success 236068771
pgmigrate_success 236102053
pgmigrate_success 236163496
pgmigrate_success 236183978
pgmigrate_success 236243884
pgmigrate_success 236271534
pgmigrate_success 236383152
pgmigrate_success 236417456
pgmigrate_success 236525490
pgmigrate_success 236583348
pgmigrate_success 236684726
pgmigrate_success 236738488
pgmigrate_success 236792250
pgmigrate_success 236894140
pgmigrate_success 236979646
pgmigrate_success 237066176
pgmigrate_success 237163458
pgmigrate_success 237258180
pgmigrate_success 237339076
pgmigrate_success 237478344
pgmigrate_success 237555656
pgmigrate_success 237604296
pgmigrate_success 237604296
pgmigrate_success 237608400
pgmigrate_success 237608402
pgmigrate_success 237608403
pgmigrate_success 237608405
pgmigrate_success 237608407
pgmigrate_success 237608408
pgmigrate_success 237608409
pgmigrate_success 237608410
pgmigrate_success 237608411
pgmigrate_success 237608412
pgmigrate_success 237608414
pgmigrate_success 237608415
pgmigrate_success 237608416
pgmigrate_success 237608417
pgmigrate_success 237608418
pgmigrate_success 237608419
pgmigrate_success 237608420
pgmigrate_success 237608422
pgmigrate_success 237608424
pgmigrate_success 237608425
pgmigrate_success 237608426
pgmigrate_success 237608426
pgmigrate_success 237608427
pgmigrate_success 237608438
pgmigrate_success 237608439
pgmigrate_success 237608440
pgmigrate_success 237608441
pgmigrate_success 237608442
pgmigrate_success 237608443
pgmigrate_success 237608444
pgmigrate_success 237608445
pgmigrate_success 237608446
pgmigrate_success 237608447
pgmigrate_success 237608961
pgmigrate_success 237609474
pgmigrate_success 237609475
pgmigrate_success 237609476
pgmigrate_success 237609990
pgmigrate_success 237610502
pgmigrate_success 237610503
pgmigrate_success 237611017
pgmigrate_success 237613065
pgmigrate_success 237615116
pgmigrate_success 237617164
pgmigrate_success 237621263
pgmigrate_success 237624337
pgmigrate_success 237632531
pgmigrate_success 237637653
pgmigrate_success 237638679
pgmigrate_success 237643801
pgmigrate_success 237649435
