anon 929792
anon_thp 0
anon 853929984
anon_thp 849346560
anon 853925888
anon_thp 849346560
anon 853929984
anon_thp 849346560
anon 853929984
anon_thp 849346560
anon 1033162752
anon_thp 1025507328
anon 1068814336
anon_thp 1061158912
anon 1475604480
anon_thp 1468006400
anon 2505302016
anon_thp 2497708032
anon 3522416640
anon_thp 3514826752
anon 4550029312
anon_thp 4542431232
anon 5575536640
anon_thp 5567938560
anon 6603137024
anon_thp 6595543040
anon 7637032960
anon_thp 7629438976
anon 8662540288
anon_thp 8654946304
anon 9698537472
anon_thp 9690939392
anon 10734526464
anon_thp 10726932480
anon 11768418304
anon_thp 11760828416
anon 12802314240
anon_thp 12794724352
anon 13817344000
anon_thp 13809745920
anon 14834462720
anon_thp 14826864640
anon 15836897280
anon_thp 15829303296
anon 16837242880
anon_thp 16829644800
anon 17850163200
anon_thp 17842569216
anon 18837921792
anon_thp 18830327808
anon 19852943360
anon_thp 19845349376
anon 20851187712
anon_thp 20843593728
anon 21872500736
anon_thp 21864906752
anon 22902202368
anon_thp 22894608384
anon 23929810944
anon_thp 23922212864
anon 24955314176
anon_thp 24947720192
anon 25993400320
anon_thp 25985810432
anon 26201059328
anon_thp 26191331328
anon 26201055232
anon_thp 26191331328
anon 26201055232
anon_thp 26191331328
anon 26201059328
anon_thp 26191331328
anon 26201051136
anon_thp 26191331328
anon 26201059328
anon_thp 26191331328
anon 26201055232
anon_thp 26191331328
anon 26201059328
anon_thp 26191331328
anon 26201055232
anon_thp 26191331328
anon 26201055232
anon_thp 26191331328
anon 26201055232
anon_thp 26191331328
anon 26201055232
anon_thp 26191331328
anon 26201051136
anon_thp 26191331328
anon 26201059328
anon_thp 26191331328
anon 26201051136
anon_thp 26191331328
anon 26201055232
anon_thp 26191331328
anon 26201055232
anon_thp 26191331328
anon 26201059328
anon_thp 26191331328
anon 26201059328
anon_thp 26191331328
anon 26201059328
anon_thp 26191331328
anon 26201055232
anon_thp 26191331328
anon 26201055232
anon_thp 26191331328
anon 26201055232
anon_thp 26191331328
anon 26201055232
anon_thp 26191331328
anon 26201051136
anon_thp 26191331328
anon 26201059328
anon_thp 26191331328
anon 26201055232
anon_thp 26191331328
anon 26201055232
anon_thp 26191331328
anon 26201059328
anon_thp 26191331328
anon 26201059328
anon_thp 26191331328
anon 26201055232
anon_thp 26191331328
anon 26201055232
anon_thp 26191331328
anon 26201055232
anon_thp 26191331328
anon 26201055232
anon_thp 26191331328
anon 26201051136
anon_thp 26191331328
anon 26201055232
anon_thp 26191331328
anon 26201055232
anon_thp 26191331328
anon 26201055232
anon_thp 26191331328
anon 26201059328
anon_thp 26191331328
anon 26201055232
anon_thp 26191331328
anon 26201051136
anon_thp 26191331328
anon 26201055232
anon_thp 26191331328
anon 26201051136
anon_thp 26191331328
anon 26201055232
anon_thp 26191331328
anon 26201055232
anon_thp 26191331328
anon 26201055232
anon_thp 26191331328
anon 26201059328
anon_thp 26191331328
anon 26201055232
anon_thp 26191331328
anon 26201055232
anon_thp 26191331328
anon 26201055232
anon_thp 26191331328
anon 26201055232
anon_thp 26191331328
anon 26201059328
anon_thp 26191331328
anon 26198962176
anon_thp 26189234176
anon 26201059328
anon_thp 26191331328
anon 26201055232
anon_thp 26191331328
anon 26201055232
anon_thp 26191331328
anon 26201055232
anon_thp 26191331328
anon 26201059328
anon_thp 26191331328
anon 26201055232
anon_thp 26191331328
anon 26201059328
anon_thp 26191331328
anon 26198958080
anon_thp 26189234176
anon 26201055232
anon_thp 26191331328
anon 26201055232
anon_thp 26191331328
anon 26201055232
anon_thp 26191331328
anon 26201055232
anon_thp 26191331328
anon 26201055232
anon_thp 26191331328
anon 26201051136
anon_thp 26191331328
anon 26198958080
anon_thp 26189234176
anon 26201059328
anon_thp 26191331328
anon 26201055232
anon_thp 26191331328
anon 26201055232
anon_thp 26191331328
anon 26201059328
anon_thp 26191331328
anon 26201055232
anon_thp 26191331328
anon 26201055232
anon_thp 26191331328
anon 26201055232
anon_thp 26191331328
anon 26201055232
anon_thp 26191331328
anon 26201051136
anon_thp 26191331328
anon 26201055232
anon_thp 26191331328
anon 26201051136
anon_thp 26191331328
anon 26201051136
anon_thp 26191331328
anon 26201055232
anon_thp 26191331328
anon 26201051136
anon_thp 26191331328
anon 26201051136
anon_thp 26191331328
anon 26201059328
anon_thp 26191331328
anon 26201055232
anon_thp 26191331328
anon 26201055232
anon_thp 26191331328
anon 26201059328
anon_thp 26191331328
anon 26201055232
anon_thp 26191331328
anon 26201055232
anon_thp 26191331328
anon 26201051136
anon_thp 26191331328
anon 26201055232
anon_thp 26191331328
anon 26201059328
anon_thp 26191331328
anon 26201059328
anon_thp 26191331328
anon 26201055232
anon_thp 26191331328
anon 26201055232
anon_thp 26191331328
anon 26201059328
anon_thp 26191331328
anon 26201055232
anon_thp 26191331328
anon 26201055232
anon_thp 26191331328
anon 26201055232
anon_thp 26191331328
anon 26201055232
anon_thp 26191331328
anon 26201051136
anon_thp 26191331328
anon 26201051136
anon_thp 26191331328
anon 26201055232
anon_thp 26191331328
anon 26201059328
anon_thp 26191331328
anon 26201059328
anon_thp 26191331328
anon 26201051136
anon_thp 26191331328
anon 26201055232
anon_thp 26191331328
anon 26201055232
anon_thp 26191331328
anon 26201055232
anon_thp 26191331328
anon 26201059328
anon_thp 26191331328
anon 26201055232
anon_thp 26191331328
anon 26201051136
anon_thp 26191331328
anon 26201059328
anon_thp 26191331328
anon 26201051136
anon_thp 26191331328
anon 26201055232
anon_thp 26191331328
anon 26201055232
anon_thp 26191331328
anon 26201055232
anon_thp 26191331328
anon 26201055232
anon_thp 26191331328
anon 26201051136
anon_thp 26191331328
anon 26201055232
anon_thp 26191331328
anon 26201055232
anon_thp 26191331328
anon 26201059328
anon_thp 26191331328
anon 26201059328
anon_thp 26191331328
anon 26201055232
anon_thp 26191331328
