pgmigrate_success 85406137
pgmigrate_success 85494718
pgmigrate_success 85613688
pgmigrate_success 85613708
pgmigrate_success 85613719
pgmigrate_success 85656932
pgmigrate_success 85665643
pgmigrate_success 85684595
pgmigrate_success 85883766
pgmigrate_success 86124410
pgmigrate_success 86124976
pgmigrate_success 86124976
pgmigrate_success 86124976
pgmigrate_success 86124976
pgmigrate_success 86124976
pgmigrate_success 86124989
pgmigrate_success 86124989
pgmigrate_success 86456784
pgmigrate_success 86821331
pgmigrate_success 87082457
pgmigrate_success 87082969
pgmigrate_success 87082969
pgmigrate_success 87082969
pgmigrate_success 87082969
pgmigrate_success 87082969
pgmigrate_success 87082969
pgmigrate_success 87082969
pgmigrate_success 87083993
pgmigrate_success 87084505
pgmigrate_success 87086041
pgmigrate_success 87086553
pgmigrate_success 87102940
pgmigrate_success 87103452
pgmigrate_success 87372254
pgmigrate_success 87528268
pgmigrate_success 87575438
pgmigrate_success 87604672
pgmigrate_success 87640566
pgmigrate_success 87668766
pgmigrate_success 87683640
pgmigrate_success 87683659
pgmigrate_success 87683685
pgmigrate_success 87683714
pgmigrate_success 87683728
pgmigrate_success 87683742
pgmigrate_success 87683760
pgmigrate_success 87683771
pgmigrate_success 87683779
pgmigrate_success 87683791
pgmigrate_success 87683793
pgmigrate_success 87683800
pgmigrate_success 87683806
pgmigrate_success 87683813
pgmigrate_success 87683820
pgmigrate_success 87683824
pgmigrate_success 87683826
pgmigrate_success 87683828
pgmigrate_success 87683832
pgmigrate_success 87683834
pgmigrate_success 87683838
pgmigrate_success 87683842
pgmigrate_success 87683843
pgmigrate_success 87683843
pgmigrate_success 87683844
pgmigrate_success 87683845
pgmigrate_success 87683846
pgmigrate_success 87683847
pgmigrate_success 87684151
pgmigrate_success 87684155
pgmigrate_success 87684156
pgmigrate_success 87684156
pgmigrate_success 87684156
pgmigrate_success 87684158
pgmigrate_success 87684159
pgmigrate_success 87684160
pgmigrate_success 87684160
pgmigrate_success 87684162
pgmigrate_success 87684163
pgmigrate_success 87684164
pgmigrate_success 87684164
pgmigrate_success 87684164
pgmigrate_success 87684164
pgmigrate_success 87684164
pgmigrate_success 87684165
pgmigrate_success 87684165
pgmigrate_success 87684166
pgmigrate_success 87684166
pgmigrate_success 87684167
pgmigrate_success 87684168
pgmigrate_success 87684168
pgmigrate_success 87684168
pgmigrate_success 87684168
pgmigrate_success 87684169
pgmigrate_success 87684169
pgmigrate_success 87684682
pgmigrate_success 87684682
pgmigrate_success 87685194
pgmigrate_success 87685706
pgmigrate_success 87686218
pgmigrate_success 87687243
pgmigrate_success 87687243
pgmigrate_success 87687755
pgmigrate_success 87688267
pgmigrate_success 87688779
pgmigrate_success 87689291
pgmigrate_success 87690315
pgmigrate_success 87690827
pgmigrate_success 87691339
pgmigrate_success 87691851
pgmigrate_success 87692875
pgmigrate_success 87693387
pgmigrate_success 87694923
pgmigrate_success 87695947
pgmigrate_success 87696459
pgmigrate_success 87696459
pgmigrate_success 87697483
pgmigrate_success 87700043
pgmigrate_success 87703115
pgmigrate_success 87703115
pgmigrate_success 87703115
pgmigrate_success 87757899
pgmigrate_success 87770699
pgmigrate_success 87786059
pgmigrate_success 87803979
pgmigrate_success 87819339
pgmigrate_success 87837259
pgmigrate_success 87844939
pgmigrate_success 87863371
pgmigrate_success 87881291
pgmigrate_success 87905355
pgmigrate_success 87930443
pgmigrate_success 87957579
pgmigrate_success 87983179
pgmigrate_success 88002635
pgmigrate_success 88025349
pgmigrate_success 88047365
pgmigrate_success 88047365
pgmigrate_success 88047365
pgmigrate_success 88047877
pgmigrate_success 88047877
pgmigrate_success 88047877
pgmigrate_success 88047877
pgmigrate_success 88047877
pgmigrate_success 88047877
pgmigrate_success 88047877
pgmigrate_success 88047877
pgmigrate_success 88047877
pgmigrate_success 88082693
pgmigrate_success 88147205
pgmigrate_success 88194309
pgmigrate_success 88210181
pgmigrate_success 88210181
pgmigrate_success 88210181
pgmigrate_success 88210181
pgmigrate_success 88210181
pgmigrate_success 88210693
pgmigrate_success 88210693
