hot 0 warm 0 cold 0
hot 207165 warm 0 cold 0
hot 207165 warm 0 cold 0
hot 207165 warm 0 cold 0
hot 207165 warm 0 cold 0
hot 242967 warm 0 cold 0
hot 259351 warm 0 cold 0
hot 242009 warm 0 cold 0
hot 475996 warm 0 cold 0
hot 713567 warm 0 cold 0
hot 961887 warm 0 cold 0
hot 1217380 warm 0 cold 0
hot 1463654 warm 0 cold 0
hot 1716584 warm 0 cold 0
hot 1974120 warm 0 cold 0
hot 447848 warm 0 cold 1783296
hot 695147 warm 0 cold 1783296
hot 920432 warm 0 cold 1806347
hot 1160052 warm 0 cold 1804807
hot 1411453 warm 0 cold 1803774
hot 1661315 warm 0 cold 1803768
hot 1903497 warm 0 cold 1802226
hot 2145676 warm 0 cold 1801199
hot 2402192 warm 0 cold 1799659
hot 2655124 warm 0 cold 1799655
hot 2899861 warm 0 cold 1798118
hot 3151257 warm 0 cold 1796578
hot 3400094 warm 0 cold 1795549
hot 3064223 warm 0 cold 2387266
hot 3306402 warm 0 cold 2387263
hot 3553192 warm 0 cold 2387257
hot 3801518 warm 0 cold 2387251
hot 4016060 warm 0 cold 2380069
hot 4042743 warm 569344 cold 1784042
hot 4042832 warm 0 cold 2353297
hot 242330 warm 0 cold 6153799
hot 242392 warm 0 cold 6153737
hot 242455 warm 0 cold 6153674
hot 242498 warm 0 cold 6153631
hot 242541 warm 0 cold 6153588
hot 242578 warm 0 cold 6153551
hot 242603 warm 0 cold 6153526
hot 242632 warm 0 cold 6153497
hot 242657 warm 0 cold 6153472
hot 242686 warm 0 cold 6153443
hot 242707 warm 0 cold 6153422
hot 242718 warm 0 cold 6153411
hot 242727 warm 0 cold 6153402
hot 242739 warm 0 cold 6153390
hot 242751 warm 0 cold 6153378
hot 242758 warm 0 cold 6153371
hot 242762 warm 0 cold 6153367
hot 242767 warm 0 cold 6153362
hot 242782 warm 0 cold 6153347
hot 242788 warm 0 cold 6153341
hot 242793 warm 0 cold 6153336
hot 242797 warm 0 cold 6153332
hot 242802 warm 0 cold 6153327
hot 242804 warm 0 cold 6153325
hot 242811 warm 0 cold 6153318
hot 242818 warm 0 cold 6153311
hot 242822 warm 0 cold 6153307
hot 242825 warm 0 cold 6153304
hot 242826 warm 0 cold 6153303
hot 242833 warm 0 cold 6153297
hot 242834 warm 0 cold 6153296
hot 242837 warm 0 cold 6153293
hot 242838 warm 0 cold 6153292
hot 242839 warm 0 cold 6153291
hot 242839 warm 0 cold 6153291
hot 242842 warm 0 cold 6153288
hot 242844 warm 0 cold 6153286
hot 242845 warm 0 cold 6153285
hot 242848 warm 0 cold 6153282
hot 242850 warm 0 cold 6153280
hot 242853 warm 0 cold 6153277
hot 242853 warm 0 cold 6153277
hot 242853 warm 0 cold 6153277
hot 242855 warm 0 cold 6153275
hot 242855 warm 0 cold 6153275
hot 242856 warm 0 cold 6153274
hot 242857 warm 0 cold 6153273
hot 242857 warm 0 cold 6153273
hot 242857 warm 0 cold 6153273
hot 242857 warm 0 cold 6153273
hot 242857 warm 0 cold 6153273
hot 242858 warm 0 cold 6153629
hot 242861 warm 0 cold 6153626
hot 242863 warm 0 cold 6153624
hot 242863 warm 0 cold 6153624
hot 242863 warm 0 cold 6153624
hot 242865 warm 0 cold 6153622
hot 242865 warm 0 cold 6153622
hot 242865 warm 0 cold 6153622
hot 242865 warm 0 cold 6153622
hot 242866 warm 0 cold 6153621
hot 242867 warm 0 cold 6153620
hot 242867 warm 0 cold 6153620
hot 242867 warm 0 cold 6153620
hot 242867 warm 0 cold 6153620
hot 242868 warm 0 cold 6153619
hot 242869 warm 0 cold 6153618
hot 242869 warm 0 cold 6153618
hot 242869 warm 0 cold 6153618
hot 242869 warm 0 cold 6153618
hot 242871 warm 0 cold 6153616
hot 242872 warm 0 cold 6153616
hot 242872 warm 0 cold 6153616
hot 242872 warm 0 cold 6153616
hot 242873 warm 0 cold 6153615
hot 242873 warm 0 cold 6153615
hot 242874 warm 0 cold 6153614
hot 242875 warm 0 cold 6153613
hot 242875 warm 0 cold 6153613
hot 242877 warm 0 cold 6153611
hot 242877 warm 0 cold 6153611
hot 242877 warm 0 cold 6153611
hot 242878 warm 0 cold 6153610
hot 242878 warm 0 cold 6153610
hot 242878 warm 0 cold 6153610
hot 242878 warm 0 cold 6153610
hot 242878 warm 0 cold 6153610
hot 242878 warm 0 cold 6153610
hot 242878 warm 0 cold 6153610
hot 243391 warm 0 cold 6153097
hot 243391 warm 0 cold 6153097
hot 243391 warm 0 cold 6153097
hot 243391 warm 0 cold 6153097
hot 243391 warm 0 cold 6153097
hot 243391 warm 0 cold 6153097
hot 243903 warm 0 cold 6152585
hot 243903 warm 0 cold 6152585
hot 243903 warm 0 cold 6152585
hot 243903 warm 0 cold 6152585
hot 243903 warm 0 cold 6152585
hot 243903 warm 0 cold 6152585
hot 243903 warm 0 cold 6152585
hot 243903 warm 0 cold 6152585
hot 243903 warm 0 cold 6152585
hot 243903 warm 0 cold 6152585
hot 243903 warm 0 cold 6152585
hot 244415 warm 0 cold 6152073
hot 244927 warm 0 cold 6151561
hot 245439 warm 0 cold 6151049
hot 245953 warm 0 cold 6150535
hot 246977 warm 0 cold 6149511
hot 247489 warm 0 cold 6148999
hot 247489 warm 0 cold 6148999
hot 250049 warm 0 cold 6146439
hot 250561 warm 0 cold 6145927
hot 252097 warm 0 cold 6144391
hot 253633 warm 0 cold 6142855
hot 255169 warm 0 cold 6141319
hot 256193 warm 0 cold 6140295
hot 257217 warm 0 cold 6139271
hot 258754 warm 0 cold 6137734
hot 259778 warm 0 cold 6136710
hot 260802 warm 0 cold 6135686
hot 262338 warm 0 cold 6134150
hot 262338 warm 0 cold 6134150
hot 263362 warm 0 cold 6133126
hot 265922 warm 0 cold 6130566
hot 270530 warm 0 cold 6125958
hot 272578 warm 0 cold 6123910
hot 273602 warm 0 cold 6122886
hot 275138 warm 0 cold 6121350
hot 276674 warm 0 cold 6119814
hot 278210 warm 0 cold 6118278
hot 281794 warm 0 cold 6114694
hot 284866 warm 0 cold 6111622
hot 242883 warm 0 cold 6153605
hot 242883 warm 0 cold 6153605
hot 242883 warm 0 cold 6153605
hot 242883 warm 0 cold 6153605
hot 242883 warm 0 cold 6153605
hot 242883 warm 0 cold 6153605
hot 242883 warm 0 cold 6153605
hot 242884 warm 0 cold 6153604
hot 242884 warm 0 cold 6153604
hot 242881 warm 0 cold 5199812
hot 242881 warm 0 cold 5248964
hot 242881 warm 0 cold 5287364
hot 242881 warm 0 cold 5340612
hot 242881 warm 0 cold 5385668
hot 242884 warm 0 cold 5430721
hot 242884 warm 0 cold 5464513
hot 242884 warm 0 cold 5498817
hot 242884 warm 0 cold 5536193
hot 242884 warm 0 cold 5568449
hot 242884 warm 0 cold 5596609
hot 242884 warm 0 cold 5633473
hot 242884 warm 0 cold 5660097
hot 242884 warm 0 cold 5689793
hot 242885 warm 0 cold 5711808
hot 242885 warm 0 cold 5733824
hot 242885 warm 0 cold 5752768
hot 242885 warm 0 cold 5775296
hot 242885 warm 0 cold 5794752
hot 242885 warm 0 cold 5815744
hot 242885 warm 0 cold 5829568
hot 242885 warm 0 cold 5843904
hot 242885 warm 0 cold 5863872
hot 242885 warm 0 cold 5879744
hot 242885 warm 0 cold 5893056
hot 242885 warm 0 cold 5905856
hot 242885 warm 0 cold 5920704
hot 242885 warm 0 cold 5934016
hot 242885 warm 0 cold 5950912
hot 242885 warm 0 cold 5965248
hot 242885 warm 0 cold 5976000
hot 242885 warm 0 cold 5979584
hot 242885 warm 0 cold 5980608
hot 242885 warm 0 cold 5991872
hot 242885 warm 0 cold 5995968
hot 242885 warm 0 cold 6006208
hot 242885 warm 0 cold 6016960
hot 242885 warm 0 cold 6024128
hot 242885 warm 0 cold 6030272
hot 242885 warm 0 cold 6038976
hot 242885 warm 0 cold 6045120
hot 242886 warm 0 cold 6050751
hot 242886 warm 0 cold 6057407
hot 242886 warm 0 cold 6060991
hot 242886 warm 0 cold 6066111
hot 242886 warm 0 cold 6070719
hot 242886 warm 0 cold 6074815
hot 242886 warm 0 cold 6077375
hot 242887 warm 0 cold 6081470
hot 242887 warm 0 cold 6085054
hot 242887 warm 0 cold 6086590
hot 242887 warm 0 cold 6089662
hot 242888 warm 0 cold 6093245
hot 242888 warm 0 cold 6096317
hot 242888 warm 0 cold 6099901
hot 242888 warm 0 cold 6099901
hot 242888 warm 0 cold 6100925
hot 242888 warm 0 cold 6103485
hot 242888 warm 0 cold 6106557
hot 242888 warm 0 cold 6109117
hot 242888 warm 0 cold 6110653
hot 242888 warm 0 cold 6113213
hot 242888 warm 0 cold 6117821
hot 242888 warm 0 cold 6118333
hot 242888 warm 0 cold 6121917
hot 242888 warm 0 cold 6123453
hot 242888 warm 0 cold 6124989
hot 242888 warm 0 cold 6126525
hot 242888 warm 0 cold 6129597
hot 242888 warm 0 cold 6130621
hot 242888 warm 0 cold 6130621
hot 242888 warm 0 cold 6131133
hot 242888 warm 0 cold 6132157
hot 242888 warm 0 cold 6132669
hot 242888 warm 0 cold 6133181
hot 242888 warm 0 cold 6135229
hot 242888 warm 0 cold 6136253
hot 242888 warm 0 cold 6136765
hot 242888 warm 0 cold 6136765
hot 242888 warm 0 cold 6137789
hot 242888 warm 0 cold 6138301
hot 242888 warm 0 cold 6139325
hot 242888 warm 0 cold 6140861
hot 242888 warm 0 cold 6140861
hot 242888 warm 0 cold 6140861
hot 242888 warm 0 cold 6140861
hot 242888 warm 0 cold 6140861
hot 242888 warm 0 cold 6140861
hot 242888 warm 0 cold 6142909
hot 242888 warm 0 cold 6143933
hot 242888 warm 0 cold 6144445
hot 242888 warm 0 cold 6144957
hot 242888 warm 0 cold 6145469
hot 242888 warm 0 cold 6145981
hot 242888 warm 0 cold 6147005
hot 242888 warm 0 cold 6148029
hot 242373 warm 0 cold 3871168
hot 242373 warm 0 cold 3992512
hot 242373 warm 0 cold 4114368
hot 242373 warm 0 cold 4227008
hot 242373 warm 0 cold 4330432
hot 242888 warm 0 cold 4432829
hot 243400 warm 0 cold 4538301
hot 243912 warm 0 cold 4629437
hot 244936 warm 0 cold 4712893
hot 245960 warm 0 cold 4796861
hot 245960 warm 0 cold 4873149
hot 246984 warm 0 cold 4955581
hot 248008 warm 0 cold 5023165
hot 248008 warm 0 cold 5091773
hot 248008 warm 0 cold 5150141
hot 250056 warm 0 cold 5202365
hot 250056 warm 0 cold 5260221
hot 251080 warm 0 cold 5313469
hot 254152 warm 0 cold 5351357
hot 255688 warm 0 cold 5394365
hot 256712 warm 0 cold 5427133
hot 258248 warm 0 cold 5463485
hot 260296 warm 0 cold 5501885
hot 261832 warm 0 cold 5531069
hot 264904 warm 0 cold 5555645
hot 267977 warm 0 cold 5577660
hot 271561 warm 0 cold 5601212
hot 273609 warm 0 cold 5628860
hot 276169 warm 0 cold 5649340
hot 281289 warm 0 cold 5668796
hot 287433 warm 0 cold 5680572
hot 291017 warm 0 cold 5702076
hot 295625 warm 0 cold 5724604
hot 242374 warm 0 cold 5793727
hot 242374 warm 0 cold 5812159
