hot 0 warm 0 cold 0
hot 207165 warm 0 cold 0
hot 207165 warm 0 cold 0
hot 207165 warm 0 cold 0
hot 207165 warm 0 cold 0
hot 250583 warm 0 cold 0
hot 259287 warm 0 cold 0
hot 365416 warm 0 cold 0
hot 631660 warm 0 cold 0
hot 868719 warm 0 cold 0
hot 1136498 warm 0 cold 0
hot 1385846 warm 0 cold 0
hot 1662329 warm 0 cold 0
hot 1931136 warm 0 cold 0
hot 2200455 warm 0 cold 0
hot 462732 warm 1997312 cold 0
hot 638507 warm 512 cold 1827851
hot 938033 warm 0 cold 1827847
hot 1209910 warm 512 cold 1827844
hot 1475482 warm 0 cold 2018305
hot 1737115 warm 0 cold 2016768
hot 1999772 warm 0 cold 2015231
hot 2252702 warm 0 cold 2013693
hot 2528159 warm 0 cold 2012156
hot 2784672 warm 0 cold 2011643
hot 3037092 warm 0 cold 2011127
hot 2752062 warm 0 cold 2307782
hot 3058753 warm 0 cold 2307780
hot 3333699 warm 0 cold 2308291
hot 3717549 warm 0 cold 2392257
hot 3986865 warm 0 cold 2392253
hot 4038184 warm 359424 cold 1998406
hot 242330 warm 1172987 cold 4980697
hot 242400 warm 1172987 cold 4980627
hot 242478 warm 1172987 cold 4980549
hot 242536 warm 1172987 cold 4980491
hot 242587 warm 1172987 cold 4980440
hot 242621 warm 1172987 cold 4980406
hot 242623 warm 1172987 cold 4980404
hot 242623 warm 1172987 cold 4980404
hot 242623 warm 1172987 cold 4980404
hot 242631 warm 1172987 cold 4980396
hot 242631 warm 1172987 cold 4980396
hot 242631 warm 1172987 cold 4980396
hot 242631 warm 1172987 cold 4980396
hot 242648 warm 1172987 cold 4980379
hot 242670 warm 1172987 cold 4980357
hot 242691 warm 1172987 cold 4980336
hot 242705 warm 1172987 cold 4980322
hot 242721 warm 1172987 cold 4980306
hot 242725 warm 1172987 cold 4980302
hot 242725 warm 1172987 cold 4980302
hot 242725 warm 1172987 cold 4980302
hot 242730 warm 1172987 cold 4980297
hot 242744 warm 1172987 cold 4980283
hot 242760 warm 1172987 cold 4980267
hot 242760 warm 1172987 cold 4980267
hot 242761 warm 1172987 cold 4980266
hot 242771 warm 1172987 cold 4980256
hot 242775 warm 1172987 cold 4980252
hot 242780 warm 1172987 cold 4980247
hot 242787 warm 0 cold 6153277
hot 242787 warm 0 cold 6153277
hot 242787 warm 1173504 cold 4979773
hot 242787 warm 1173504 cold 4979773
hot 242792 warm 1174016 cold 4979256
hot 242799 warm 1174016 cold 4979249
hot 242806 warm 1175040 cold 4978218
hot 242810 warm 1175552 cold 4977702
hot 242813 warm 1177088 cold 4976163
hot 242816 warm 1178112 cold 4975136
hot 242818 warm 1182720 cold 4970527
hot 242821 warm 1186304 cold 4966940
hot 242824 warm 1187328 cold 4965913
hot 242830 warm 1193472 cold 4959763
hot 242836 warm 1201152 cold 4952077
hot 242841 warm 1213952 cold 4939273
hot 242844 warm 1224704 cold 4928518
hot 242844 warm 1224704 cold 4928518
hot 242844 warm 1226240 cold 4926982
hot 242844 warm 1227264 cold 4925958
hot 242845 warm 1230336 cold 4922885
hot 242847 warm 1239552 cold 4913667
hot 242849 warm 1254912 cold 4898305
hot 242851 warm 1267200 cold 4886015
hot 242853 warm 1282048 cold 4871165
hot 242853 warm 1284096 cold 4869117
hot 242853 warm 1284608 cold 4868605
hot 242853 warm 1285632 cold 4867581
hot 242854 warm 1293312 cold 4859901
hot 242858 warm 1312768 cold 4840441
hot 242859 warm 1334272 cold 4818936
hot 242862 warm 1359360 cold 4793845
hot 242868 warm 1382400 cold 4770799
hot 242869 warm 1404416 cold 4748782
hot 242869 warm 1430016 cold 4723182
hot 242870 warm 1454592 cold 4698605
hot 242871 warm 1477120 cold 4676076
hot 242874 warm 1503744 cold 4649450
hot 242875 warm 1532928 cold 4620265
hot 242876 warm 1564160 cold 4589032
hot 243388 warm 1600512 cold 4552168
hot 243901 warm 1637888 cold 4514279
hot 243902 warm 1677312 cold 4474854
hot 243902 warm 1710592 cold 4441574
hot 243902 warm 1750016 cold 4402150
hot 243904 warm 1779712 cold 4372452
hot 243904 warm 1780224 cold 4371940
hot 243904 warm 1781248 cold 4370916
hot 243905 warm 1804288 cold 4347875
hot 243905 warm 1804800 cold 4347363
hot 243905 warm 1806336 cold 4345827
hot 243905 warm 1806336 cold 4345827
hot 243907 warm 1841664 cold 4310497
hot 242884 warm 3552 cold 6150113
hot 242884 warm 3552 cold 6150113
hot 246436 warm 2340352 cold 3809761
hot 247973 warm 2419712 cold 3728864
hot 248486 warm 2506752 cold 3641311
hot 248998 warm 2545152 cold 3602399
hot 248998 warm 2545152 cold 3602399
hot 249512 warm 2622976 cold 3524061
hot 252585 warm 2673152 cold 3470812
hot 252585 warm 2673664 cold 3470300
hot 252585 warm 2675200 cold 3468764
hot 258218 warm 2742784 cold 3395547
hot 263850 warm 2812928 cold 3319771
hot 268970 warm 2871808 cold 3255771
hot 278186 warm 2934784 cold 3183579
hot 287914 warm 2984448 cold 3124187
hot 297130 warm 3049984 cold 3049435
hot 307370 warm 3109888 cold 2979291
hot 325290 warm 3141632 cold 2929627
hot 335530 warm 3195904 cold 2865115
hot 350378 warm 3247104 cold 2799067
hot 363690 warm 3289600 cold 2743259
hot 366762 warm 3307008 cold 2722779
hot 383146 warm 3339776 cold 2673627
hot 400554 warm 0 cold 5995995
hot 412330 warm 0 cold 5984219
hot 415402 warm 0 cold 5981147
hot 433834 warm 0 cold 5962715
hot 451754 warm 0 cold 5944795
hot 467626 warm 0 cold 5928923
hot 490154 warm 0 cold 5906395
hot 496298 warm 0 cold 5900251
hot 242890 warm 0 cold 6153659
hot 242890 warm 0 cold 6153659
hot 242890 warm 256480 cold 5897179
hot 242890 warm 278496 cold 5875163
hot 242890 warm 300000 cold 5853659
hot 242890 warm 318432 cold 5835227
hot 242891 warm 336864 cold 5816794
hot 242891 warm 358880 cold 5794778
hot 242891 warm 376800 cold 5776858
hot 242891 warm 399840 cold 5753818
hot 242891 warm 422880 cold 5730778
