anon 0
anon_thp 0
anon 853250048
anon_thp 849346560
anon 853250048
anon_thp 849346560
anon 853250048
anon_thp 849346560
anon 853250048
anon_thp 849346560
anon 1031380992
anon_thp 1025507328
anon 1067032576
anon_thp 1061158912
anon 1522053120
anon_thp 1516240896
anon 2587406336
anon_thp 2581594112
anon 3642273792
anon_thp 3636461568
anon 4697141248
anon_thp 4691329024
anon 5754105856
anon_thp 5748293632
anon 6813167616
anon_thp 6807355392
anon 7865937920
anon_thp 7860125696
anon 8929193984
anon_thp 8923381760
anon 9986158592
anon_thp 9980346368
anon 11041026048
anon_thp 11035213824
anon 12100087808
anon_thp 12094275584
anon 13159149568
anon_thp 13153337344
anon 14214017024
anon_thp 14208204800
anon 15241621504
anon_thp 15235809280
anon 16306974720
anon_thp 16301162496
anon 17351356416
anon_thp 17345544192
anon 18412515328
anon_thp 18406703104
anon 19473674240
anon_thp 19467862016
anon 20522250240
anon_thp 20516438016
anon 21577117696
anon_thp 21571305472
anon 22627790848
anon_thp 22621978624
anon 23691046912
anon_thp 23685234688
anon 24748011520
anon_thp 24742199296
anon 25796587520
anon_thp 25790775296
anon 26200375296
anon_thp 26193428480
anon 26200375296
anon_thp 26193428480
anon 26200375296
anon_thp 26193428480
anon 26198278144
anon_thp 26191331328
anon 26200375296
anon_thp 26193428480
anon 26200375296
anon_thp 26193428480
anon 26200375296
anon_thp 26193428480
anon 26200375296
anon_thp 26193428480
anon 26200375296
anon_thp 26193428480
anon 26200375296
anon_thp 26193428480
anon 26200375296
anon_thp 26193428480
anon 26200375296
anon_thp 26193428480
anon 26200375296
anon_thp 26193428480
anon 26200375296
anon_thp 26193428480
anon 26200375296
anon_thp 26193428480
anon 26200375296
anon_thp 26193428480
anon 26200375296
anon_thp 26193428480
anon 26200375296
anon_thp 26193428480
anon 26200375296
anon_thp 26193428480
anon 26200375296
anon_thp 26193428480
anon 26200375296
anon_thp 26193428480
anon 26200375296
anon_thp 26193428480
anon 26200375296
anon_thp 26193428480
anon 26200375296
anon_thp 26193428480
anon 26200375296
anon_thp 26193428480
anon 26200375296
anon_thp 26193428480
anon 26200375296
anon_thp 26193428480
anon 26200375296
anon_thp 26193428480
anon 26200375296
anon_thp 26193428480
anon 26200375296
anon_thp 26193428480
anon 26200375296
anon_thp 26193428480
anon 26200375296
anon_thp 26193428480
anon 26200375296
anon_thp 26193428480
anon 26200375296
anon_thp 26193428480
anon 26200375296
anon_thp 26193428480
anon 26200375296
anon_thp 26193428480
anon 26200375296
anon_thp 26193428480
anon 26200375296
anon_thp 26193428480
anon 26200375296
anon_thp 26193428480
anon 26200375296
anon_thp 26193428480
anon 26200375296
anon_thp 26193428480
anon 26200375296
anon_thp 26193428480
anon 26200375296
anon_thp 26193428480
anon 26200375296
anon_thp 26193428480
anon 26200375296
anon_thp 26193428480
anon 26200375296
anon_thp 26193428480
anon 26200375296
anon_thp 26193428480
anon 26200375296
anon_thp 26193428480
anon 26200375296
anon_thp 26193428480
anon 26200375296
anon_thp 26193428480
anon 26200375296
anon_thp 26193428480
anon 26200375296
anon_thp 26193428480
anon 26200375296
anon_thp 26193428480
anon 26200375296
anon_thp 26193428480
anon 26200375296
anon_thp 26193428480
anon 26200375296
anon_thp 26193428480
anon 26200375296
anon_thp 26193428480
anon 26200375296
anon_thp 26193428480
anon 26200375296
anon_thp 26193428480
anon 26200375296
anon_thp 26193428480
anon 26200375296
anon_thp 26193428480
anon 26200375296
anon_thp 26193428480
anon 26200375296
anon_thp 26193428480
anon 26200375296
anon_thp 26193428480
anon 26200375296
anon_thp 26193428480
anon 26200375296
anon_thp 26193428480
anon 26200375296
anon_thp 26193428480
anon 26200375296
anon_thp 26193428480
anon 26200375296
anon_thp 26193428480
anon 26200375296
anon_thp 26193428480
anon 26200375296
anon_thp 26193428480
anon 26200375296
anon_thp 26193428480
anon 26200375296
anon_thp 26193428480
anon 26200375296
anon_thp 26193428480
anon 26200375296
anon_thp 26193428480
anon 26200375296
anon_thp 26193428480
anon 26200375296
anon_thp 26193428480
anon 26200375296
anon_thp 26193428480
anon 26200375296
anon_thp 26193428480
anon 26200375296
anon_thp 26193428480
anon 26200375296
anon_thp 26193428480
anon 26200375296
anon_thp 26193428480
anon 26200375296
anon_thp 26193428480
anon 26200375296
anon_thp 26193428480
anon 26200375296
anon_thp 26193428480
anon 26200375296
anon_thp 26193428480
anon 26200375296
anon_thp 26193428480
anon 26200375296
anon_thp 26193428480
anon 26200375296
anon_thp 26193428480
anon 26200375296
anon_thp 26193428480
anon 26200375296
anon_thp 26193428480
anon 26200375296
anon_thp 26193428480
anon 26200375296
anon_thp 26193428480
anon 26200375296
anon_thp 26193428480
anon 26200375296
anon_thp 26193428480
anon 26200375296
anon_thp 26193428480
anon 26200375296
anon_thp 26193428480
anon 26200375296
anon_thp 26193428480
anon 26200375296
anon_thp 26193428480
anon 26200375296
anon_thp 26193428480
anon 26200375296
anon_thp 26193428480
anon 26200375296
anon_thp 26193428480
anon 26200375296
anon_thp 26193428480
anon 26200375296
anon_thp 26193428480
anon 26200375296
anon_thp 26193428480
anon 26200375296
anon_thp 26193428480
anon 26200375296
anon_thp 26193428480
anon 26200375296
anon_thp 26195525632
anon 26200375296
anon_thp 26195525632
anon 26200375296
anon_thp 26195525632
anon 26200375296
anon_thp 26195525632
anon 26200375296
anon_thp 26195525632
anon 26200375296
anon_thp 26195525632
anon 26200375296
anon_thp 26195525632
anon 26200375296
anon_thp 26195525632
anon 26200375296
anon_thp 26195525632
anon 26200375296
anon_thp 26195525632
anon 26200375296
anon_thp 26195525632
anon 26200375296
anon_thp 26195525632
anon 26200375296
anon_thp 26195525632
anon 26200375296
anon_thp 26195525632
anon 26200375296
anon_thp 26195525632
anon 26200375296
anon_thp 26195525632
anon 26200375296
anon_thp 26195525632
anon 26200375296
anon_thp 26195525632
anon 26200375296
anon_thp 26195525632
anon 6571773952
anon_thp 6568280064
