anon 0
anon_thp 0
anon 853258240
anon_thp 849346560
anon 853258240
anon_thp 849346560
anon 853258240
anon_thp 849346560
anon 853258240
anon_thp 849346560
anon 1032613888
anon_thp 1025507328
anon 1068265472
anon_thp 1061158912
anon 1531674624
anon_thp 1524629504
anon 2594930688
anon_thp 2587885568
anon 3643506688
anon_thp 3636461568
anon 4692082688
anon_thp 4685037568
anon 5742755840
anon_thp 5735710720
anon 6835372032
anon_thp 6828326912
anon 7925891072
anon_thp 7918845952
anon 9018507264
anon_thp 9011462144
anon 10111123456
anon_thp 10104078336
anon 11172282368
anon_thp 11165237248
anon 12239732736
anon_thp 12232687616
anon 13307183104
anon_thp 13300137984
anon 14347370496
anon_thp 14340325376
anon 15410626560
anon_thp 15403581440
anon 16475979776
anon_thp 16468934656
anon 17539235840
anon_thp 17532190720
anon 18604589056
anon_thp 18597543936
anon 19669942272
anon_thp 19662897152
anon 20733198336
anon_thp 20726153216
anon 21815328768
anon_thp 21808283648
anon 22901653504
anon_thp 22894608384
anon 23990075392
anon_thp 23983030272
anon 25059622912
anon_thp 25052577792
anon 26143850496
anon_thp 26136805376
anon 26200383488
anon_thp 26191331328
anon 26200383488
anon_thp 26191331328
anon 26200383488
anon_thp 26191331328
anon 26200383488
anon_thp 26191331328
anon 26200383488
anon_thp 26191331328
anon 26200383488
anon_thp 26191331328
anon 26200383488
anon_thp 26191331328
anon 26200383488
anon_thp 26191331328
anon 26200383488
anon_thp 26191331328
anon 26200383488
anon_thp 26191331328
anon 26200383488
anon_thp 26191331328
anon 26200383488
anon_thp 26191331328
anon 26200383488
anon_thp 26191331328
anon 26200383488
anon_thp 26191331328
anon 26200383488
anon_thp 26191331328
anon 26200383488
anon_thp 26191331328
anon 26200383488
anon_thp 26191331328
anon 26200383488
anon_thp 26191331328
anon 26200383488
anon_thp 26191331328
anon 26200383488
anon_thp 26191331328
anon 26200383488
anon_thp 26191331328
anon 26200383488
anon_thp 26191331328
anon 26200383488
anon_thp 26191331328
anon 26200383488
anon_thp 26191331328
anon 26200383488
anon_thp 26191331328
anon 26200383488
anon_thp 26191331328
anon 26200383488
anon_thp 26191331328
anon 26200383488
anon_thp 26191331328
anon 26200383488
anon_thp 26191331328
anon 26200383488
anon_thp 26191331328
anon 26200383488
anon_thp 26191331328
anon 26200383488
anon_thp 26191331328
anon 26200383488
anon_thp 26191331328
anon 26200383488
anon_thp 26191331328
anon 26200383488
anon_thp 26191331328
anon 26200383488
anon_thp 26191331328
anon 26200383488
anon_thp 26191331328
anon 26200383488
anon_thp 26191331328
anon 26200383488
anon_thp 26191331328
anon 26200383488
anon_thp 26191331328
anon 26200383488
anon_thp 26191331328
anon 26200383488
anon_thp 26191331328
anon 26200383488
anon_thp 26191331328
anon 26200383488
anon_thp 26191331328
anon 26200383488
anon_thp 26191331328
anon 26200383488
anon_thp 26191331328
anon 26200383488
anon_thp 26191331328
anon 26200383488
anon_thp 26191331328
anon 26200383488
anon_thp 26191331328
anon 26200383488
anon_thp 26191331328
anon 26200383488
anon_thp 26191331328
anon 26200383488
anon_thp 26191331328
anon 26200383488
anon_thp 26191331328
anon 26200383488
anon_thp 26191331328
anon 26200383488
anon_thp 26191331328
anon 26200383488
anon_thp 26191331328
anon 26200383488
anon_thp 26191331328
anon 26200383488
anon_thp 26191331328
anon 26200383488
anon_thp 26191331328
anon 26200383488
anon_thp 26191331328
anon 26200383488
anon_thp 26191331328
anon 26200383488
anon_thp 26191331328
anon 26200383488
anon_thp 26191331328
anon 26200383488
anon_thp 26191331328
anon 26200383488
anon_thp 26191331328
anon 26200383488
anon_thp 26191331328
anon 26200383488
anon_thp 26191331328
anon 26200383488
anon_thp 26191331328
anon 26200383488
anon_thp 26191331328
anon 26200383488
anon_thp 26191331328
anon 26200383488
anon_thp 26191331328
anon 26200383488
anon_thp 26191331328
anon 26200383488
anon_thp 26191331328
anon 26200383488
anon_thp 26191331328
anon 26200383488
anon_thp 26191331328
anon 26200383488
anon_thp 26191331328
anon 26200383488
anon_thp 26191331328
anon 26200383488
anon_thp 26191331328
anon 26200383488
anon_thp 26191331328
anon 26200383488
anon_thp 26191331328
anon 26200383488
anon_thp 26191331328
anon 26200383488
anon_thp 26191331328
anon 26200383488
anon_thp 26191331328
anon 26200383488
anon_thp 26193428480
anon 26200383488
anon_thp 26193428480
anon 26200383488
anon_thp 26193428480
anon 26200383488
anon_thp 26193428480
anon 26200383488
anon_thp 26193428480
anon 26200383488
anon_thp 26193428480
anon 26200383488
anon_thp 26193428480
anon 26200383488
anon_thp 26193428480
anon 26200383488
anon_thp 26193428480
anon 26200383488
anon_thp 26193428480
anon 26200383488
anon_thp 26193428480
anon 26200383488
anon_thp 26193428480
anon 26200383488
anon_thp 26193428480
anon 26200383488
anon_thp 26193428480
anon 26200383488
anon_thp 26193428480
anon 26200383488
anon_thp 26193428480
anon 26200383488
anon_thp 26193428480
anon 26200383488
anon_thp 26193428480
anon 26200383488
anon_thp 26193428480
anon 26200383488
anon_thp 26193428480
anon 26200383488
anon_thp 26193428480
anon 26200383488
anon_thp 26193428480
anon 26200383488
anon_thp 26193428480
anon 26200383488
anon_thp 26193428480
anon 26200383488
anon_thp 26193428480
anon 26200383488
anon_thp 26193428480
anon 26200383488
anon_thp 26193428480
anon 26200383488
anon_thp 26193428480
anon 26200383488
anon_thp 26193428480
anon 26200383488
anon_thp 26193428480
anon 26200383488
anon_thp 26193428480
anon 26200383488
anon_thp 26193428480
anon 26200383488
anon_thp 26193428480
anon 26200383488
anon_thp 26193428480
anon 26200383488
anon_thp 26193428480
anon 26200383488
anon_thp 26193428480
anon 26200383488
anon_thp 26193428480
anon 26200383488
anon_thp 26193428480
anon 26200383488
anon_thp 26193428480
anon 26200383488
anon_thp 26193428480
anon 26200383488
anon_thp 26193428480
anon 26200383488
anon_thp 26193428480
anon 26200383488
anon_thp 26193428480
