pgmigrate_success 78569455
pgmigrate_success 78664690
pgmigrate_success 78777985
pgmigrate_success 78778004
pgmigrate_success 78778015
pgmigrate_success 78820750
pgmigrate_success 78829529
pgmigrate_success 78848505
pgmigrate_success 78985770
pgmigrate_success 78985770
pgmigrate_success 78985770
pgmigrate_success 78985770
pgmigrate_success 78985770
pgmigrate_success 78985770
pgmigrate_success 78985770
pgmigrate_success 78985782
pgmigrate_success 79236667
pgmigrate_success 79325249
pgmigrate_success 79325249
pgmigrate_success 79325249
pgmigrate_success 79325249
pgmigrate_success 79325249
pgmigrate_success 79325249
pgmigrate_success 79325249
pgmigrate_success 79325249
pgmigrate_success 79325249
pgmigrate_success 79325249
pgmigrate_success 79325249
pgmigrate_success 79325249
pgmigrate_success 79325249
pgmigrate_success 79325761
pgmigrate_success 79363649
pgmigrate_success 79507521
pgmigrate_success 79701057
pgmigrate_success 79770157
pgmigrate_success 79800937
pgmigrate_success 79816330
pgmigrate_success 79829653
pgmigrate_success 79840949
pgmigrate_success 79853245
pgmigrate_success 79859442
pgmigrate_success 79866660
pgmigrate_success 79873366
pgmigrate_success 79877503
pgmigrate_success 79880597
pgmigrate_success 79883187
pgmigrate_success 79884223
pgmigrate_success 79886278
pgmigrate_success 79887303
pgmigrate_success 79887304
pgmigrate_success 79887304
pgmigrate_success 79887304
pgmigrate_success 79887311
pgmigrate_success 79887323
pgmigrate_success 79887341
pgmigrate_success 79887362
pgmigrate_success 79887376
pgmigrate_success 79887390
pgmigrate_success 79887401
pgmigrate_success 79887404
pgmigrate_success 79887412
pgmigrate_success 79887419
pgmigrate_success 79887421
pgmigrate_success 79887432
pgmigrate_success 79887434
pgmigrate_success 79887547
pgmigrate_success 79887771
pgmigrate_success 79887775
pgmigrate_success 79887780
pgmigrate_success 79887787
pgmigrate_success 79887791
pgmigrate_success 79887795
pgmigrate_success 79887802
pgmigrate_success 79887804
pgmigrate_success 79887811
pgmigrate_success 79887813
pgmigrate_success 79887815
pgmigrate_success 79887821
pgmigrate_success 79887825
pgmigrate_success 79887826
pgmigrate_success 79887830
pgmigrate_success 79887833
pgmigrate_success 79887835
pgmigrate_success 79887836
pgmigrate_success 79887839
pgmigrate_success 79887839
pgmigrate_success 79887839
pgmigrate_success 79887839
pgmigrate_success 79887843
pgmigrate_success 79888358
pgmigrate_success 79888359
pgmigrate_success 79888363
pgmigrate_success 79888367
pgmigrate_success 79888368
pgmigrate_success 79888368
pgmigrate_success 79888370
pgmigrate_success 79888372
pgmigrate_success 79888887
pgmigrate_success 79889624
pgmigrate_success 79889624
pgmigrate_success 79890649
pgmigrate_success 79890650
pgmigrate_success 79890652
pgmigrate_success 79890653
pgmigrate_success 79890654
pgmigrate_success 79890654
pgmigrate_success 79890654
pgmigrate_success 79890654
pgmigrate_success 79890656
pgmigrate_success 79890656
pgmigrate_success 79890656
pgmigrate_success 79890658
pgmigrate_success 79890658
pgmigrate_success 79891684
pgmigrate_success 79891685
pgmigrate_success 79892199
pgmigrate_success 79892199
pgmigrate_success 79893224
pgmigrate_success 79893736
pgmigrate_success 79896808
pgmigrate_success 79897321
pgmigrate_success 79897321
pgmigrate_success 79897321
pgmigrate_success 79944425
pgmigrate_success 79951082
pgmigrate_success 79951082
pgmigrate_success 79951082
pgmigrate_success 79956714
pgmigrate_success 79967466
pgmigrate_success 79969515
pgmigrate_success 79969543
pgmigrate_success 79976712
pgmigrate_success 79992072
pgmigrate_success 80005384
pgmigrate_success 80016136
pgmigrate_success 80022280
pgmigrate_success 80022280
pgmigrate_success 80022280
pgmigrate_success 80022280
pgmigrate_success 80022792
pgmigrate_success 80022792
pgmigrate_success 80022792
pgmigrate_success 80035592
pgmigrate_success 80045832
pgmigrate_success 80045832
pgmigrate_success 80045832
pgmigrate_success 80045832
pgmigrate_success 80045832
pgmigrate_success 80045832
pgmigrate_success 80045833
pgmigrate_success 80045833
pgmigrate_success 80045833
pgmigrate_success 80045834
pgmigrate_success 80045834
pgmigrate_success 80045834
pgmigrate_success 80045834
pgmigrate_success 80045834
pgmigrate_success 80045834
