pgmigrate_success 59504424
pgmigrate_success 59504424
pgmigrate_success 59504424
pgmigrate_success 59504424
pgmigrate_success 59504424
pgmigrate_success 59506810
pgmigrate_success 59506810
pgmigrate_success 59506810
pgmigrate_success 59506810
pgmigrate_success 59608244
pgmigrate_success 59608244
pgmigrate_success 59608244
pgmigrate_success 59608248
pgmigrate_success 59641966
pgmigrate_success 59969660
pgmigrate_success 60306044
pgmigrate_success 60615860
pgmigrate_success 60887771
pgmigrate_success 61153048
pgmigrate_success 61216592
pgmigrate_success 61223774
pgmigrate_success 61223776
pgmigrate_success 61387104
pgmigrate_success 61673501
pgmigrate_success 61951577
pgmigrate_success 61970578
pgmigrate_success 61970634
pgmigrate_success 62049548
pgmigrate_success 62112096
pgmigrate_success 62112133
pgmigrate_success 62112142
pgmigrate_success 62112163
pgmigrate_success 62112184
pgmigrate_success 62112188
pgmigrate_success 62112188
pgmigrate_success 62112188
pgmigrate_success 62112188
pgmigrate_success 62112199
pgmigrate_success 62112209
pgmigrate_success 62112209
pgmigrate_success 62112212
pgmigrate_success 62112215
pgmigrate_success 62112215
pgmigrate_success 62112215
pgmigrate_success 62112216
pgmigrate_success 62112223
pgmigrate_success 62112224
pgmigrate_success 62112225
pgmigrate_success 62112227
pgmigrate_success 62112229
pgmigrate_success 62112229
pgmigrate_success 62112229
pgmigrate_success 62112229
pgmigrate_success 62112229
pgmigrate_success 62112515
pgmigrate_success 62112515
pgmigrate_success 62112517
pgmigrate_success 62112519
pgmigrate_success 62112520
pgmigrate_success 62112520
pgmigrate_success 62112521
pgmigrate_success 62112522
pgmigrate_success 62112522
pgmigrate_success 62112522
pgmigrate_success 62112522
pgmigrate_success 62112522
pgmigrate_success 62112522
pgmigrate_success 62112522
pgmigrate_success 62112522
pgmigrate_success 62112522
pgmigrate_success 62112522
pgmigrate_success 62112522
pgmigrate_success 62112522
pgmigrate_success 62112522
pgmigrate_success 62115083
pgmigrate_success 62125837
pgmigrate_success 62135053
pgmigrate_success 62149389
pgmigrate_success 62151949
pgmigrate_success 62167821
pgmigrate_success 62171417
pgmigrate_success 62201625
pgmigrate_success 62208293
pgmigrate_success 62227749
pgmigrate_success 62240049
pgmigrate_success 62278961
pgmigrate_success 62304609
pgmigrate_success 62327661
pgmigrate_success 62366061
pgmigrate_success 62411117
pgmigrate_success 62425465
pgmigrate_success 62461817
pgmigrate_success 62491525
pgmigrate_success 62540677
pgmigrate_success 62540677
pgmigrate_success 62540677
pgmigrate_success 62541201
pgmigrate_success 62589329
pgmigrate_success 62613393
pgmigrate_success 62652317
pgmigrate_success 62700445
pgmigrate_success 62760861
pgmigrate_success 62760861
pgmigrate_success 62760861
pgmigrate_success 62771613
pgmigrate_success 62838173
pgmigrate_success 62897565
pgmigrate_success 62962077
pgmigrate_success 63020957
pgmigrate_success 63074205
pgmigrate_success 63117226
pgmigrate_success 63117238
pgmigrate_success 63117238
pgmigrate_success 63117238
pgmigrate_success 63117238
pgmigrate_success 63117238
pgmigrate_success 63117238
pgmigrate_success 63117238
pgmigrate_success 63117277
pgmigrate_success 63117277
pgmigrate_success 63117277
pgmigrate_success 63117277
pgmigrate_success 63117277
pgmigrate_success 63117277
pgmigrate_success 63117277
pgmigrate_success 63117277
pgmigrate_success 63117277
pgmigrate_success 63117277
pgmigrate_success 63117277
pgmigrate_success 63117277
pgmigrate_success 63117277
pgmigrate_success 63117277
pgmigrate_success 63117277
pgmigrate_success 63117277
pgmigrate_success 63117277
pgmigrate_success 63117277
pgmigrate_success 63117277
pgmigrate_success 63117277
pgmigrate_success 63117277
pgmigrate_success 63117290
pgmigrate_success 63122410
pgmigrate_success 63122410
pgmigrate_success 63122410
pgmigrate_success 63122410
pgmigrate_success 63122410
pgmigrate_success 63122922
pgmigrate_success 63122922
pgmigrate_success 63122922
pgmigrate_success 63122922
pgmigrate_success 63122922
