pgmigrate_success 74458697
pgmigrate_success 74553422
pgmigrate_success 74654476
pgmigrate_success 74654495
pgmigrate_success 74654506
pgmigrate_success 74704934
pgmigrate_success 74718292
pgmigrate_success 74734169
pgmigrate_success 74919517
pgmigrate_success 75118226
pgmigrate_success 75118271
pgmigrate_success 75118271
pgmigrate_success 75118271
pgmigrate_success 75118271
pgmigrate_success 75118271
pgmigrate_success 75118283
pgmigrate_success 75118283
pgmigrate_success 75118283
pgmigrate_success 75350732
pgmigrate_success 75850452
pgmigrate_success 75960022
pgmigrate_success 75960534
pgmigrate_success 75960534
pgmigrate_success 75960534
pgmigrate_success 75960534
pgmigrate_success 75960534
pgmigrate_success 75960534
pgmigrate_success 75960534
pgmigrate_success 76050134
pgmigrate_success 76246233
pgmigrate_success 76246233
pgmigrate_success 76246745
pgmigrate_success 76246745
pgmigrate_success 76289941
pgmigrate_success 76382710
pgmigrate_success 76446783
pgmigrate_success 76503177
pgmigrate_success 76539606
pgmigrate_success 76553993
pgmigrate_success 76554039
pgmigrate_success 76554066
pgmigrate_success 76554090
pgmigrate_success 76554111
pgmigrate_success 76554112
pgmigrate_success 76554112
pgmigrate_success 76554116
pgmigrate_success 76554131
pgmigrate_success 76554143
pgmigrate_success 76554158
pgmigrate_success 76554174
pgmigrate_success 76554182
pgmigrate_success 76554189
pgmigrate_success 76554193
pgmigrate_success 76554204
pgmigrate_success 76554212
pgmigrate_success 76554219
pgmigrate_success 76554223
pgmigrate_success 76554226
pgmigrate_success 76554226
pgmigrate_success 76554226
pgmigrate_success 76554230
pgmigrate_success 76554237
pgmigrate_success 76554241
pgmigrate_success 76554242
pgmigrate_success 76554244
pgmigrate_success 76554248
pgmigrate_success 76554471
pgmigrate_success 76554472
pgmigrate_success 76554473
pgmigrate_success 76554475
pgmigrate_success 76554477
pgmigrate_success 76554479
pgmigrate_success 76554479
pgmigrate_success 76554481
pgmigrate_success 76554482
pgmigrate_success 76554482
pgmigrate_success 76554485
pgmigrate_success 76554485
pgmigrate_success 76554485
pgmigrate_success 76554487
pgmigrate_success 76554489
pgmigrate_success 76554491
pgmigrate_success 76554493
pgmigrate_success 76554493
pgmigrate_success 76554493
pgmigrate_success 76554493
pgmigrate_success 76554495
pgmigrate_success 76554495
pgmigrate_success 76554495
pgmigrate_success 76554496
pgmigrate_success 76554497
pgmigrate_success 76554498
pgmigrate_success 76554499
pgmigrate_success 76554499
pgmigrate_success 76554500
pgmigrate_success 76554501
pgmigrate_success 76555014
pgmigrate_success 76555014
pgmigrate_success 76555014
pgmigrate_success 76555014
pgmigrate_success 76555014
pgmigrate_success 76555014
pgmigrate_success 76555014
pgmigrate_success 76555014
pgmigrate_success 76555527
pgmigrate_success 76555527
pgmigrate_success 76555527
pgmigrate_success 76555527
pgmigrate_success 76556039
pgmigrate_success 76556039
pgmigrate_success 76556552
pgmigrate_success 76556552
pgmigrate_success 76557064
pgmigrate_success 76558088
pgmigrate_success 76558600
pgmigrate_success 76560136
pgmigrate_success 76560648
pgmigrate_success 76561672
pgmigrate_success 76563208
pgmigrate_success 76564232
pgmigrate_success 76566280
pgmigrate_success 76567304
pgmigrate_success 76568840
pgmigrate_success 76568840
pgmigrate_success 76568840
pgmigrate_success 76568840
pgmigrate_success 76595976
pgmigrate_success 76595976
pgmigrate_success 76598024
pgmigrate_success 76608264
pgmigrate_success 76622088
pgmigrate_success 76633864
pgmigrate_success 76648712
pgmigrate_success 76667144
pgmigrate_success 76681992
pgmigrate_success 76697864
pgmigrate_success 76715784
pgmigrate_success 76726536
pgmigrate_success 76741896
pgmigrate_success 76741896
pgmigrate_success 76746504
pgmigrate_success 76768866
pgmigrate_success 76789346
pgmigrate_success 76791906
pgmigrate_success 76792418
pgmigrate_success 76792418
pgmigrate_success 76792418
pgmigrate_success 76792418
pgmigrate_success 76803170
pgmigrate_success 76803170
pgmigrate_success 76803170
pgmigrate_success 76803170
pgmigrate_success 76803170
pgmigrate_success 76803170
pgmigrate_success 76803170
pgmigrate_success 76803682
