anon 892928
anon_thp 0
anon 851841024
anon_thp 849346560
anon 851841024
anon_thp 849346560
anon 853942272
anon_thp 851443712
anon 853946368
anon_thp 851443712
anon 1033023488
anon_thp 1025507328
anon 1068679168
anon_thp 1061158912
anon 1500622848
anon_thp 1493172224
anon 2538717184
anon_thp 2531262464
anon 3578908672
anon_thp 3571449856
anon 4619087872
anon_thp 4611637248
anon 5652987904
anon_thp 5645533184
anon 6686887936
anon_thp 6679429120
anon 7727071232
anon_thp 7719616512
anon 8767258624
anon_thp 8759803904
anon 9807450112
anon_thp 9799991296
anon 10849730560
anon_thp 10842275840
anon 11889917952
anon_thp 11882463232
anon 12930101248
anon_thp 12922650624
anon 13970292736
anon_thp 13962838016
anon 15010480128
anon_thp 15003025408
anon 16050667520
anon_thp 16043212800
anon 17092947968
anon_thp 17085497344
anon 18139426816
anon_thp 18131976192
anon 19183812608
anon_thp 19176357888
anon 20255457280
anon_thp 20248002560
anon 21297745920
anon_thp 21290287104
anon 22337929216
anon_thp 22330474496
anon 23378116608
anon_thp 23370661888
anon 24418304000
anon_thp 24410849280
anon 25462689792
anon_thp 25455230976
anon 26201067520
anon_thp 26193428480
anon 26201067520
anon_thp 26193428480
anon 26201067520
anon_thp 26193428480
anon 26201067520
anon_thp 26193428480
anon 26201071616
anon_thp 26193428480
anon 26201063424
anon_thp 26193428480
anon 26201063424
anon_thp 26193428480
anon 26201067520
anon_thp 26193428480
anon 26201067520
anon_thp 26193428480
anon 26201067520
anon_thp 26193428480
anon 26201067520
anon_thp 26193428480
anon 26198970368
anon_thp 26191331328
anon 26201063424
anon_thp 26193428480
anon 26201071616
anon_thp 26193428480
anon 26201067520
anon_thp 26193428480
anon 26201067520
anon_thp 26193428480
anon 26201067520
anon_thp 26193428480
anon 26201067520
anon_thp 26193428480
anon 26201067520
anon_thp 26193428480
anon 26201063424
anon_thp 26193428480
anon 26201071616
anon_thp 26193428480
anon 26201067520
anon_thp 26193428480
anon 26201071616
anon_thp 26193428480
anon 26201067520
anon_thp 26193428480
anon 26201067520
anon_thp 26193428480
anon 26201071616
anon_thp 26193428480
anon 26201067520
anon_thp 26193428480
anon 26201071616
anon_thp 26193428480
anon 26201063424
anon_thp 26193428480
anon 26201071616
anon_thp 26193428480
anon 26201063424
anon_thp 26193428480
anon 26201067520
anon_thp 26193428480
anon 26201071616
anon_thp 26193428480
anon 26201071616
anon_thp 26193428480
anon 26201063424
anon_thp 26193428480
anon 26201071616
anon_thp 26193428480
anon 26201067520
anon_thp 26193428480
anon 26201067520
anon_thp 26193428480
anon 26201067520
anon_thp 26193428480
anon 26201071616
anon_thp 26193428480
anon 26201063424
anon_thp 26193428480
anon 26201067520
anon_thp 26193428480
anon 26201067520
anon_thp 26193428480
anon 26201067520
anon_thp 26193428480
anon 26201067520
anon_thp 26193428480
anon 26201067520
anon_thp 26193428480
anon 26201067520
anon_thp 26193428480
anon 26201067520
anon_thp 26193428480
anon 26201067520
anon_thp 26193428480
anon 26201071616
anon_thp 26193428480
anon 26198966272
anon_thp 26191331328
anon 26201067520
anon_thp 26193428480
anon 26201071616
anon_thp 26193428480
anon 26201067520
anon_thp 26193428480
anon 26201071616
anon_thp 26193428480
anon 26201071616
anon_thp 26193428480
anon 26201063424
anon_thp 26193428480
anon 26201063424
anon_thp 26193428480
anon 26201067520
anon_thp 26193428480
anon 26201071616
anon_thp 26193428480
anon 26201067520
anon_thp 26193428480
anon 26201071616
anon_thp 26193428480
anon 26201067520
anon_thp 26193428480
anon 26201067520
anon_thp 26193428480
anon 26201067520
anon_thp 26193428480
anon 26201071616
anon_thp 26193428480
anon 26201071616
anon_thp 26193428480
anon 26201067520
anon_thp 26193428480
anon 26201067520
anon_thp 26193428480
anon 26201071616
anon_thp 26193428480
anon 26201063424
anon_thp 26193428480
anon 26201067520
anon_thp 26193428480
anon 26201071616
anon_thp 26193428480
anon 26201067520
anon_thp 26193428480
anon 26201067520
anon_thp 26193428480
anon 26201071616
anon_thp 26193428480
anon 26201067520
anon_thp 26193428480
anon 26201063424
anon_thp 26193428480
anon 26201071616
anon_thp 26193428480
anon 26201067520
anon_thp 26193428480
anon 26201071616
anon_thp 26193428480
anon 26201067520
anon_thp 26193428480
anon 26201063424
anon_thp 26193428480
anon 26201067520
anon_thp 26193428480
anon 26201063424
anon_thp 26193428480
anon 26201067520
anon_thp 26193428480
anon 26201067520
anon_thp 26193428480
anon 26201067520
anon_thp 26193428480
anon 26201063424
anon_thp 26193428480
anon 26201071616
anon_thp 26193428480
anon 26201071616
anon_thp 26193428480
anon 26201067520
anon_thp 26193428480
anon 26201071616
anon_thp 26193428480
anon 26201067520
anon_thp 26193428480
anon 26201071616
anon_thp 26193428480
anon 26201071616
anon_thp 26193428480
anon 26201063424
anon_thp 26193428480
anon 26201071616
anon_thp 26193428480
anon 26198974464
anon_thp 26191331328
anon 26201071616
anon_thp 26193428480
anon 26201063424
anon_thp 26193428480
anon 26201067520
anon_thp 26193428480
anon 26201067520
anon_thp 26193428480
anon 26201067520
anon_thp 26193428480
anon 26201067520
anon_thp 26193428480
anon 26201067520
anon_thp 26193428480
anon 26201063424
anon_thp 26193428480
anon 26201067520
anon_thp 26193428480
anon 26201063424
anon_thp 26193428480
anon 26201067520
anon_thp 26193428480
anon 26201067520
anon_thp 26193428480
anon 26201063424
anon_thp 26193428480
anon 26201063424
anon_thp 26193428480
anon 26201071616
anon_thp 26193428480
anon 26201067520
anon_thp 26193428480
anon 26201067520
anon_thp 26193428480
anon 26201063424
anon_thp 26193428480
anon 26201071616
anon_thp 26193428480
anon 26201071616
anon_thp 26193428480
anon 26201067520
anon_thp 26193428480
anon 26201063424
anon_thp 26193428480
anon 26201063424
anon_thp 26193428480
anon 26201067520
anon_thp 26193428480
anon 26201067520
anon_thp 26193428480
anon 26201071616
anon_thp 26193428480
anon 7058055168
anon_thp 7052722176
