hot 0 warm 0 cold 0
hot 207164 warm 0 cold 0
hot 207164 warm 0 cold 0
hot 207164 warm 0 cold 0
hot 207164 warm 0 cold 0
hot 250630 warm 0 cold 0
hot 259334 warm 0 cold 0
hot 362856 warm 0 cold 0
hot 612715 warm 0 cold 0
hot 888175 warm 0 cold 0
hot 1153394 warm 0 cold 0
hot 1422710 warm 0 cold 0
hot 1682807 warm 0 cold 0
hot 1927543 warm 0 cold 0
hot 2192759 warm 0 cold 0
hot 487308 warm 1970176 cold 491
hot 650790 warm 512 cold 1564685
hot 952874 warm 0 cold 1564681
hot 1223727 warm 0 cold 1564677
hot 1496473 warm 0 cold 1988611
hot 1754013 warm 0 cold 1988095
hot 2012577 warm 0 cold 1987067
hot 2257315 warm 0 cold 1986041
hot 2526118 warm 0 cold 1985526
hot 2785193 warm 0 cold 1984499
hot 3047340 warm 0 cold 1983472
hot 220162 warm 0 cold 1024
hot 2862628 warm 0 cold 2230451
hot 3122729 warm 0 cold 2230959
hot 3399212 warm 0 cold 2230956
hot 3653165 warm 0 cold 2230956
hot 3802805 warm 0 cold 2232385
hot 4043402 warm 0 cold 2352602
hot 242406 warm 1185275 cold 4968323
hot 242482 warm 1185275 cold 4968247
hot 242531 warm 1185275 cold 4968198
hot 242572 warm 1185274 cold 4968158
hot 242617 warm 1185274 cold 4968113
hot 242661 warm 1185274 cold 4968069
hot 242692 warm 1185274 cold 4968038
hot 242702 warm 1185274 cold 4968028
hot 242702 warm 1185274 cold 4968028
hot 242702 warm 1185274 cold 4968028
hot 242712 warm 1185274 cold 4968018
hot 242726 warm 1185274 cold 4968004
hot 242744 warm 1185274 cold 4967986
hot 242757 warm 1185273 cold 4967974
hot 242767 warm 1185273 cold 4967964
hot 242779 warm 1185273 cold 4967952
hot 242796 warm 1185272 cold 4967936
hot 242806 warm 1185272 cold 4967926
hot 242817 warm 1185272 cold 4967915
hot 242826 warm 1185272 cold 4967906
hot 242833 warm 1185272 cold 4967899
hot 242840 warm 1185271 cold 4967893
hot 242848 warm 1185271 cold 4967885
hot 242851 warm 1185271 cold 4967882
hot 242856 warm 1185271 cold 4967877
hot 242859 warm 1185271 cold 4967874
hot 242861 warm 1185271 cold 4967872
hot 242862 warm 1185271 cold 4967871
hot 242865 warm 1185271 cold 4967868
hot 242866 warm 1185271 cold 4967867
hot 242866 warm 1185271 cold 4967867
hot 242869 warm 1185782 cold 4967353
hot 242870 warm 0 cold 417282
hot 242876 warm 0 cold 6153182
hot 242877 warm 0 cold 6153181
hot 242880 warm 1208832 cold 4944346
hot 242880 warm 1219584 cold 4933594
hot 242882 warm 1228800 cold 4924377
hot 242882 warm 1238016 cold 4915161
hot 242883 warm 1248256 cold 4904921
hot 242884 warm 1265152 cold 4888024
hot 242886 warm 1285632 cold 4867542
hot 242886 warm 1304064 cold 4849110
hot 242888 warm 1323008 cold 4830164
hot 242888 warm 1349120 cold 4804052
hot 242890 warm 1377792 cold 4775378
hot 242890 warm 1402368 cold 4750802
hot 242890 warm 1438208 cold 4714962
hot 242891 warm 1473536 cold 4679633
hot 242893 warm 1504256 cold 4648911
hot 242893 warm 1533952 cold 4619215
hot 242893 warm 1564160 cold 4589007
hot 242893 warm 1597952 cold 4555215
hot 242893 warm 1642496 cold 4510671
hot 242894 warm 1683456 cold 4469710
hot 242894 warm 1728512 cold 4424654
hot 242894 warm 1774592 cold 4378574
hot 242894 warm 1821696 cold 4331470
hot 242894 warm 1870848 cold 4282318
hot 242895 warm 1918464 cold 4234702
hot 242896 warm 1965568 cold 4187598
hot 242896 warm 2008576 cold 4144590
hot 243920 warm 2050048 cold 4102094
hot 243920 warm 2091008 cold 4061134
hot 243920 warm 2132480 cold 4019662
hot 244432 warm 2175488 cold 3976142
hot 244432 warm 2207232 cold 3944398
hot 244433 warm 2260480 cold 3891149
hot 244433 warm 2301952 cold 3849677
hot 244945 warm 2345984 cold 3805133
hot 245457 warm 2394112 cold 3756493
hot 245457 warm 2408448 cold 3742157
hot 245457 warm 2410496 cold 3740109
hot 245457 warm 2424320 cold 3726285
hot 246993 warm 2461184 cold 3687885
hot 247505 warm 2508288 cold 3640269
hot 249553 warm 2542592 cold 3603917
hot 249554 warm 2589184 cold 3557324
hot 250066 warm 2615808 cold 3530188
hot 250578 warm 2619392 cold 3526092
hot 250578 warm 2622464 cold 3523020
hot 250578 warm 2637312 cold 3508172
hot 252626 warm 2667520 cold 3475916
hot 254163 warm 2705408 cold 3436491
hot 255187 warm 2747904 cold 3392971
hot 242901 warm 17894 cold 407042
hot 242901 warm 39910 cold 6113739
hot 242901 warm 45542 cold 6108107
hot 294587 warm 3354112 cold 2747851
hot 306876 warm 3389952 cold 2699722
hot 318653 warm 3433984 cold 2643913
hot 332477 warm 3468288 cold 2595785
hot 350397 warm 3495936 cold 2550217
hot 367805 warm 3528704 cold 2500041
hot 385726 warm 3558400 cold 2452424
hot 403134 warm 3590656 cold 2402760
hot 421054 warm 3619328 cold 2356168
hot 437439 warm 3652608 cold 2306503
hot 467647 warm 3670016 cold 2258887
hot 491711 warm 3696640 cold 2208199
hot 515775 warm 3729408 cold 2151367
hot 538815 warm 3756032 cold 2101703
hot 561343 warm 3781632 cold 2053575
hot 584896 warm 3801600 cold 2010054
hot 606400 warm 3825152 cold 1964998
hot 629440 warm 3852288 cold 1914822
hot 659136 warm 3871744 cold 1865670
hot 687808 warm 3886592 cold 1822150
hot 716992 warm 0 cold 5679558
hot 743104 warm 0 cold 5653446
hot 768704 warm 0 cold 5627846
hot 796352 warm 0 cold 5600198
hot 821440 warm 0 cold 5575110
hot 845504 warm 0 cold 5551046
hot 871104 warm 0 cold 5525446
hot 902337 warm 0 cold 5494213
hot 939713 warm 0 cold 5456837
hot 242907 warm 0 cold 6153643
hot 242907 warm 0 cold 6153643
hot 242907 warm 0 cold 6153643
hot 242907 warm 809958 cold 5343685
hot 242907 warm 830438 cold 5323205
hot 242907 warm 867814 cold 5285829
hot 242907 warm 899046 cold 5254597
