hot 0 warm 0 cold 0
hot 207676 warm 0 cold 0
hot 207676 warm 0 cold 0
hot 207676 warm 0 cold 0
hot 207676 warm 0 cold 0
hot 250596 warm 0 cold 0
hot 259300 warm 0 cold 0
hot 361753 warm 0 cold 0
hot 626972 warm 0 cold 0
hot 887072 warm 0 cold 0
hot 1152291 warm 0 cold 0
hot 1404199 warm 0 cold 0
hot 1667368 warm 0 cold 0
hot 1922856 warm 0 cold 0
hot 2182952 warm 0 cold 0
hot 448296 warm 1987584 cold 0
hot 611341 warm 0 cold 1572876
hot 910349 warm 0 cold 1572876
hot 1198888 warm 0 cold 2006540
hot 1442088 warm 0 cold 2005516
hot 1694504 warm 0 cold 2004492
hot 1966888 warm 0 cold 2004492
hot 2217256 warm 0 cold 2003980
hot 2468136 warm 0 cold 2003468
hot 2735912 warm 0 cold 2002444
hot 2998568 warm 0 cold 2002444
hot 110082 warm 0 cold 512
hot 3119400 warm 0 cold 2396411
hot 3364136 warm 0 cold 2396411
hot 3619112 warm 0 cold 2396411
hot 3881768 warm 0 cold 2396411
hot 4033893 warm 373760 cold 1988798
hot 4033944 warm 374272 cold 1988235
hot 242154 warm 1168384 cold 4985913
hot 242232 warm 1168384 cold 4985835
hot 242307 warm 1168384 cold 4985760
hot 242369 warm 1168384 cold 4985698
hot 242422 warm 1168384 cold 4985645
hot 242480 warm 1168384 cold 4985587
hot 242519 warm 1168384 cold 4985548
hot 242556 warm 1168384 cold 4985511
hot 242583 warm 1168384 cold 4985484
hot 242612 warm 1168384 cold 4985455
hot 242639 warm 1168384 cold 4985428
hot 242668 warm 1168384 cold 4985399
hot 242693 warm 1168384 cold 4985374
hot 242705 warm 1168384 cold 4985363
hot 242715 warm 1168384 cold 4985353
hot 242725 warm 1168384 cold 4985343
hot 242727 warm 1168384 cold 4985341
hot 242738 warm 1168384 cold 4985330
hot 242738 warm 1168384 cold 4985330
hot 242741 warm 1168384 cold 4985327
hot 242752 warm 1168384 cold 4985316
hot 242761 warm 1168384 cold 4985307
hot 242764 warm 1168384 cold 4985304
hot 242775 warm 1168384 cold 4985293
hot 242781 warm 1168384 cold 4985287
hot 242785 warm 1168384 cold 4985283
hot 242785 warm 1168384 cold 4985283
hot 242789 warm 1168384 cold 4985279
hot 242797 warm 0 cold 6153700
hot 242807 warm 0 cold 6153690
hot 242810 warm 0 cold 6153687
hot 242817 warm 1183744 cold 4969936
hot 242817 warm 1188352 cold 4965328
hot 242817 warm 1189888 cold 4963792
hot 242817 warm 1191936 cold 4961744
hot 242819 warm 1197056 cold 4956622
hot 242820 warm 1205760 cold 4947917
hot 242823 warm 1216000 cold 4937674
hot 242829 warm 1227776 cold 4925892
hot 242831 warm 1238528 cold 4915138
hot 242835 warm 1256960 cold 4896702
hot 242836 warm 1274880 cold 4878781
hot 242842 warm 1294848 cold 4858807
hot 242846 warm 1311232 cold 4842419
hot 242848 warm 1338880 cold 4814769
hot 242849 warm 1362944 cold 4790704
hot 242853 warm 1395200 cold 4758444
hot 242855 warm 1417728 cold 4735914
hot 242857 warm 1446912 cold 4706728
hot 242858 warm 1474048 cold 4679591
hot 242858 warm 1509888 cold 4643751
hot 242860 warm 1547776 cold 4605861
hot 242861 warm 1587200 cold 4566436
hot 242862 warm 1607168 cold 4546467
hot 242862 warm 1612800 cold 4540835
hot 242862 warm 1644032 cold 4509603
hot 242862 warm 1690112 cold 4463523
hot 242862 warm 1724928 cold 4428707
hot 242862 warm 1770496 cold 4383139
hot 242865 warm 1816576 cold 4337056
hot 243379 warm 1854464 cold 4298654
hot 243381 warm 1900032 cold 4253084
hot 243381 warm 1945088 cold 4208028
hot 243382 warm 1988096 cold 4165019
hot 243895 warm 2036736 cold 4115866
hot 244407 warm 2082816 cold 4069274
hot 244407 warm 2126848 cold 4025242
hot 244408 warm 2165760 cold 3986329
hot 244409 warm 2180608 cold 3971480
hot 244409 warm 2185728 cold 3966360
hot 244409 warm 2192384 cold 3959704
hot 244410 warm 2223616 cold 3928471
hot 245437 warm 2265600 cold 3885460
hot 246461 warm 2308608 cold 3841428
hot 246462 warm 2348032 cold 3802003
hot 247486 warm 2391040 cold 3757971
hot 248510 warm 2438656 cold 3709331
hot 249023 warm 2475008 cold 3672466
hot 249535 warm 2516992 cold 3629970
hot 250047 warm 2557440 cold 3589010
hot 252607 warm 2593280 cold 3550610
hot 242879 warm 23603 cold 6130066
hot 242879 warm 29747 cold 6123922
hot 284402 warm 3192320 cold 2919826
hot 294643 warm 3234816 cold 2867089
hot 303859 warm 3279360 cold 2813329
hot 315635 warm 3329536 cold 2751377
hot 333556 warm 3372032 cold 2690960
hot 346356 warm 3411456 cold 2638736
hot 357620 warm 3446272 cold 2592656
hot 372468 warm 3483136 cold 2540944
hot 388342 warm 3514368 cold 2493838
hot 407798 warm 3547136 cold 2441614
hot 427766 warm 3574784 cold 2393998
hot 450294 warm 3603456 cold 2342798
hot 467702 warm 3625472 cold 2303374
hot 468726 warm 3625472 cold 2302350
hot 469750 warm 3624448 cold 2302350
hot 473334 warm 3627008 cold 2296206
hot 492278 warm 3657216 cold 2247054
hot 509686 warm 3683328 cold 2203534
hot 531702 warm 3716608 cold 2148238
hot 557814 warm 3741184 cold 2097550
hot 577271 warm 3772416 cold 2046861
hot 603383 warm 3792896 cold 2000269
hot 629495 warm 3814912 cold 1952141
hot 652535 warm 3845120 cold 1898893
hot 681207 warm 3862528 cold 1852813
hot 705783 warm 0 cold 5690765
hot 734455 warm 0 cold 5662093
hot 758519 warm 0 cold 5638029
hot 792311 warm 0 cold 5604237
hot 821495 warm 0 cold 5575053
hot 851191 warm 0 cold 5545357
hot 884471 warm 0 cold 5512077
hot 914168 warm 0 cold 5482380
hot 947448 warm 0 cold 5449100
hot 974584 warm 0 cold 5422080
hot 243397 warm 0 cold 6153267
hot 243397 warm 0 cold 6153267
hot 243397 warm 811059 cold 5342208
hot 243397 warm 848435 cold 5304832
hot 243397 warm 877619 cold 5275648
hot 243397 warm 904755 cold 5248512
