pgmigrate_success 49408932
pgmigrate_success 49519016
pgmigrate_success 49616477
pgmigrate_success 49616500
pgmigrate_success 49616508
pgmigrate_success 49659872
pgmigrate_success 49668688
pgmigrate_success 49680509
pgmigrate_success 49883264
pgmigrate_success 50081649
pgmigrate_success 50081694
pgmigrate_success 50081694
pgmigrate_success 50081694
pgmigrate_success 50081694
pgmigrate_success 50081694
pgmigrate_success 50081707
pgmigrate_success 50081707
pgmigrate_success 50081707
pgmigrate_success 50081707
pgmigrate_success 50429868
pgmigrate_success 50930644
pgmigrate_success 50930644
pgmigrate_success 50930644
pgmigrate_success 50930644
pgmigrate_success 50930644
pgmigrate_success 50930644
pgmigrate_success 50931156
pgmigrate_success 50931156
pgmigrate_success 50931668
pgmigrate_success 50931668
pgmigrate_success 50931668
pgmigrate_success 50989012
pgmigrate_success 51207636
pgmigrate_success 51244508
pgmigrate_success 51244508
pgmigrate_success 51285985
pgmigrate_success 51383749
pgmigrate_success 51441131
pgmigrate_success 51441172
pgmigrate_success 51441220
pgmigrate_success 51441235
pgmigrate_success 51441236
pgmigrate_success 51441236
pgmigrate_success 51441239
pgmigrate_success 51441255
pgmigrate_success 51441270
pgmigrate_success 51441284
pgmigrate_success 51441299
pgmigrate_success 51441310
pgmigrate_success 51441324
pgmigrate_success 51441335
pgmigrate_success 51441346
pgmigrate_success 51441356
pgmigrate_success 51441363
pgmigrate_success 51441369
pgmigrate_success 51441379
pgmigrate_success 51441383
pgmigrate_success 51441385
pgmigrate_success 51441390
pgmigrate_success 51441394
pgmigrate_success 51441395
pgmigrate_success 51441398
pgmigrate_success 51441400
pgmigrate_success 51441400
pgmigrate_success 51441401
pgmigrate_success 51441405
pgmigrate_success 51441409
pgmigrate_success 51441411
pgmigrate_success 51441898
pgmigrate_success 51441906
pgmigrate_success 51441907
pgmigrate_success 51441907
pgmigrate_success 51441907
pgmigrate_success 51441908
pgmigrate_success 51441910
pgmigrate_success 51441910
pgmigrate_success 51441911
pgmigrate_success 51441912
pgmigrate_success 51441912
pgmigrate_success 51441914
pgmigrate_success 51441914
pgmigrate_success 51441914
pgmigrate_success 51441916
pgmigrate_success 51441917
pgmigrate_success 51441917
pgmigrate_success 51441917
pgmigrate_success 51441917
pgmigrate_success 51441918
pgmigrate_success 51441918
pgmigrate_success 51441918
pgmigrate_success 51441918
pgmigrate_success 51441918
pgmigrate_success 51441918
pgmigrate_success 51441918
pgmigrate_success 51441918
pgmigrate_success 51442943
pgmigrate_success 51442943
pgmigrate_success 51442943
pgmigrate_success 51443455
pgmigrate_success 51443455
pgmigrate_success 51443455
pgmigrate_success 51443455
pgmigrate_success 51443455
pgmigrate_success 51443968
pgmigrate_success 51444480
pgmigrate_success 51444480
pgmigrate_success 51444480
pgmigrate_success 51446016
pgmigrate_success 51446016
pgmigrate_success 51448064
pgmigrate_success 51448576
pgmigrate_success 51449089
pgmigrate_success 51449089
pgmigrate_success 51449089
pgmigrate_success 51449089
pgmigrate_success 51450113
pgmigrate_success 51451650
pgmigrate_success 51453186
pgmigrate_success 51454722
pgmigrate_success 51454722
pgmigrate_success 51454722
pgmigrate_success 51490050
pgmigrate_success 51502850
pgmigrate_success 51514115
pgmigrate_success 51525379
pgmigrate_success 51546928
pgmigrate_success 51559728
pgmigrate_success 51569457
pgmigrate_success 51569969
pgmigrate_success 51569969
pgmigrate_success 51569969
pgmigrate_success 51569969
pgmigrate_success 51569969
pgmigrate_success 51569969
pgmigrate_success 51569969
pgmigrate_success 51569969
pgmigrate_success 51569969
pgmigrate_success 51569969
pgmigrate_success 51569969
pgmigrate_success 51569969
pgmigrate_success 51569969
pgmigrate_success 51595057
pgmigrate_success 51659057
pgmigrate_success 51706161
pgmigrate_success 51750193
pgmigrate_success 51809073
pgmigrate_success 51860785
pgmigrate_success 51909937
pgmigrate_success 51967794
pgmigrate_success 52011828
pgmigrate_success 52059446
pgmigrate_success 52059447
pgmigrate_success 52059447
pgmigrate_success 52059447
pgmigrate_success 52059447
pgmigrate_success 52059447
pgmigrate_success 52059625
