pgmigrate_success 108998688
pgmigrate_success 108998692
pgmigrate_success 108998692
pgmigrate_success 108998692
pgmigrate_success 108998692
pgmigrate_success 108998692
pgmigrate_success 108998692
pgmigrate_success 108998692
pgmigrate_success 108998692
pgmigrate_success 108998692
pgmigrate_success 108998692
pgmigrate_success 108998692
pgmigrate_success 108998692
pgmigrate_success 108998692
pgmigrate_success 108998692
pgmigrate_success 108998692
pgmigrate_success 108998692
pgmigrate_success 108998692
pgmigrate_success 108998692
pgmigrate_success 108998692
pgmigrate_success 108998692
pgmigrate_success 108998692
pgmigrate_success 108998692
pgmigrate_success 108998692
pgmigrate_success 109013593
pgmigrate_success 109013593
pgmigrate_success 109013593
pgmigrate_success 109013593
pgmigrate_success 109013593
pgmigrate_success 109013593
pgmigrate_success 109013593
pgmigrate_success 109013593
pgmigrate_success 109013593
pgmigrate_success 109013593
pgmigrate_success 109013593
pgmigrate_success 109013593
pgmigrate_success 109013593
pgmigrate_success 109013593
pgmigrate_success 109013593
pgmigrate_success 109013593
pgmigrate_success 109013593
pgmigrate_success 109013593
pgmigrate_success 109013593
pgmigrate_success 109013593
pgmigrate_success 109013593
pgmigrate_success 109013593
pgmigrate_success 109013593
pgmigrate_success 109112112
pgmigrate_success 109405488
pgmigrate_success 109796656
pgmigrate_success 109796656
pgmigrate_success 109796656
pgmigrate_success 110610594
pgmigrate_success 110732664
pgmigrate_success 110779269
pgmigrate_success 110779269
pgmigrate_success 110794634
pgmigrate_success 110935956
pgmigrate_success 110935956
pgmigrate_success 110935956
pgmigrate_success 110964124
pgmigrate_success 110989751
pgmigrate_success 110991802
pgmigrate_success 111145933
pgmigrate_success 111145933
pgmigrate_success 111146957
pgmigrate_success 111146957
pgmigrate_success 111192546
pgmigrate_success 111192546
pgmigrate_success 111200231
pgmigrate_success 111350260
pgmigrate_success 111350260
pgmigrate_success 111350772
pgmigrate_success 111376885
pgmigrate_success 111399435
pgmigrate_success 111399947
pgmigrate_success 111557135
pgmigrate_success 111557135
pgmigrate_success 111557135
pgmigrate_success 111579162
pgmigrate_success 111608372
pgmigrate_success 111608372
pgmigrate_success 111765571
pgmigrate_success 111765571
pgmigrate_success 111765571
pgmigrate_success 111781230
pgmigrate_success 111822198
pgmigrate_success 111822198
pgmigrate_success 111826810
pgmigrate_success 111979924
pgmigrate_success 111979924
pgmigrate_success 111979924
pgmigrate_success 112029606
pgmigrate_success 112029606
pgmigrate_success 112030118
pgmigrate_success 112186282
pgmigrate_success 112188330
pgmigrate_success 112188330
pgmigrate_success 112254936
pgmigrate_success 112254936
pgmigrate_success 112254936
pgmigrate_success 112372244
pgmigrate_success 112372244
pgmigrate_success 112372244
pgmigrate_success 112372244
pgmigrate_success 112372244
pgmigrate_success 112372756
pgmigrate_success 112376852
pgmigrate_success 112473767
pgmigrate_success 112503553
pgmigrate_success 112504065
pgmigrate_success 112567049
pgmigrate_success 112567049
pgmigrate_success 112567049
pgmigrate_success 112567049
pgmigrate_success 112567049
pgmigrate_success 112591626
pgmigrate_success 112592492
