hot 0 warm 0 cold 0
hot 1 warm 0 cold 0
hot 1 warm 0 cold 0
hot 1 warm 0 cold 0
hot 1 warm 0 cold 0
hot 1 warm 0 cold 0
hot 1 warm 0 cold 0
hot 1 warm 0 cold 0
hot 1 warm 0 cold 0
hot 1 warm 0 cold 0
hot 1 warm 0 cold 0
hot 1 warm 0 cold 0
hot 1 warm 0 cold 0
hot 1 warm 0 cold 0
hot 1 warm 0 cold 0
hot 1 warm 0 cold 0
hot 1 warm 0 cold 0
hot 1 warm 0 cold 0
hot 1 warm 0 cold 0
hot 1 warm 0 cold 0
hot 1 warm 0 cold 0
hot 1 warm 0 cold 0
hot 1 warm 0 cold 0
hot 0 warm 0 cold 0
hot 14850 warm 0 cold 64
hot 14850 warm 0 cold 64
hot 14850 warm 0 cold 64
hot 14850 warm 0 cold 64
hot 14850 warm 0 cold 64
hot 14850 warm 0 cold 64
hot 14850 warm 0 cold 64
hot 14850 warm 0 cold 64
hot 14850 warm 0 cold 64
hot 14850 warm 0 cold 64
hot 14850 warm 0 cold 64
hot 14850 warm 0 cold 64
hot 14850 warm 0 cold 64
hot 14850 warm 0 cold 64
hot 14850 warm 0 cold 64
hot 14850 warm 0 cold 64
hot 14850 warm 0 cold 64
hot 14850 warm 0 cold 64
hot 14850 warm 0 cold 64
hot 14850 warm 0 cold 64
hot 14850 warm 0 cold 64
hot 14850 warm 0 cold 64
hot 14850 warm 0 cold 64
hot 1742992 warm 0 cold 0
hot 1771152 warm 0 cold 0
hot 1775761 warm 0 cold 0
hot 1786001 warm 0 cold 0
hot 1791633 warm 0 cold 0
hot 1799313 warm 0 cold 0
hot 1801129 warm 0 cold 0
hot 1871273 warm 0 cold 0
hot 1871273 warm 0 cold 0
hot 1752167 warm 0 cold 0
hot 1778791 warm 0 cold 0
hot 1785959 warm 0 cold 0
hot 1802855 warm 0 cold 0
hot 1865087 warm 0 cold 0
hot 1867647 warm 0 cold 0
hot 1560637 warm 0 cold 0
hot 1766973 warm 0 cold 0
hot 1781309 warm 0 cold 0
hot 1787453 warm 0 cold 0
hot 1747286 warm 0 cold 0
hot 1837398 warm 0 cold 0
hot 1848662 warm 0 cold 0
hot 1740820 warm 0 cold 0
hot 1775636 warm 0 cold 0
hot 1782804 warm 0 cold 0
hot 1794068 warm 0 cold 0
hot 1856812 warm 0 cold 0
hot 1859884 warm 0 cold 0
hot 1551338 warm 0 cold 0
hot 1743338 warm 0 cold 0
hot 1766378 warm 0 cold 0
hot 1782762 warm 0 cold 0
hot 1824002 warm 0 cold 0
hot 1849602 warm 0 cold 0
hot 1545152 warm 0 cold 0
hot 1734593 warm 0 cold 0
hot 1769409 warm 0 cold 0
hot 1777601 warm 0 cold 0
hot 1754841 warm 0 cold 0
hot 1848537 warm 0 cold 0
hot 1852121 warm 0 cold 0
hot 1722775 warm 0 cold 0
hot 1753495 warm 0 cold 0
hot 1772439 warm 0 cold 0
hot 1782679 warm 0 cold 0
hot 1842351 warm 0 cold 0
hot 1846959 warm 0 cold 0
hot 1543534 warm 0 cold 0
hot 1733998 warm 0 cold 0
hot 1766766 warm 0 cold 0
hot 1774560 warm 0 cold 0
hot 3408862 warm 0 cold 0
hot 3415518 warm 0 cold 0
hot 3109020 warm 0 cold 0
hot 3288220 warm 0 cold 0
hot 3307164 warm 0 cold 0
hot 3317404 warm 0 cold 0
hot 3323036 warm 0 cold 0
hot 3332764 warm 0 cold 0
hot 1728933 warm 0 cold 1615607
hot 1753789 warm 0 cold 1615095
hot 1801917 warm 0 cold 1610487
hot 1802941 warm 0 cold 1609463
hot 1495932 warm 0 cold 1609462
hot 1692540 warm 0 cold 1609462
hot 1713020 warm 0 cold 1609462
hot 1719676 warm 0 cold 1609462
hot 1724796 warm 0 cold 1609462
hot 1743232 warm 0 cold 1609458
hot 1783960 warm 0 cold 1605874
hot 1792152 warm 0 cold 1604338
