anon 0
anon_thp 0
anon 248758272
anon_thp 247463936
anon 501649408
anon_thp 499122176
anon 763793408
anon_thp 761266176
anon 1023840256
anon_thp 1021313024
anon 1285984256
anon_thp 1283457024
anon 1554419712
anon_thp 1551892480
anon 1822855168
anon_thp 1820327936
anon 2087096320
anon_thp 2084569088
anon 2351337472
anon_thp 2348810240
anon 2611384320
anon_thp 2608857088
anon 2881916928
anon_thp 2879389696
anon 3150352384
anon_thp 3147825152
anon 3416690688
anon_thp 3414163456
anon 3678834688
anon_thp 3676307456
anon 3934687232
anon_thp 3932160000
anon 4203122688
anon_thp 4200595456
anon 4473655296
anon_thp 4471128064
anon 4744187904
anon_thp 4741660672
anon 5014720512
anon_thp 5012193280
anon 5278961664
anon_thp 5276434432
anon 5545299968
anon_thp 5542772736
anon 5811638272
anon_thp 5809111040
anon 6080073728
anon_thp 6077546496
anon 6346412032
anon_thp 6343884800
anon 6859440128
anon_thp 6851395584
anon 6859440128
anon_thp 6851395584
anon 7089377280
anon_thp 7079985152
anon 7351521280
anon_thp 7342129152
anon 7617859584
anon_thp 7608467456
anon 7888392192
anon_thp 7879000064
anon 8154730496
anon_thp 8145338368
anon 8421068800
anon_thp 8411676672
anon 8685309952
anon_thp 8675917824
anon 8947453952
anon_thp 8938061824
anon 9217986560
anon_thp 9208594432
anon 9480130560
anon_thp 9470738432
anon 9742274560
anon_thp 9732882432
anon 10014904320
anon_thp 10005512192
anon 10287534080
anon_thp 10278141952
anon 10551775232
anon_thp 10542383104
anon 10813919232
anon_thp 10804527104
anon 11078160384
anon_thp 11068768256
anon 11342401536
anon_thp 11333009408
anon 11602448384
anon_thp 11593056256
anon 11868786688
anon_thp 11859394560
anon 12130930688
anon_thp 12121538560
anon 12390977536
anon_thp 12381585408
anon 12653121536
anon_thp 12643729408
anon 13906817024
anon_thp 13887340544
anon 13957148672
anon_thp 13937672192
anon 13978120192
anon_thp 13958643712
anon 13990703104
anon_thp 13971226624
anon 14007480320
anon_thp 13988003840
anon 14024257536
anon_thp 14004781056
anon 14034743296
anon_thp 14015266816
anon 14043131904
anon_thp 14023655424
anon 14043131904
anon_thp 14023655424
anon 14043131904
anon_thp 14023655424
anon 13913108480
anon_thp 13893632000
anon 13967634432
anon_thp 13948157952
anon 13984411648
anon_thp 13964935168
anon 13996994560
anon_thp 13977518080
anon 14009577472
anon_thp 13990100992
anon 14026354688
anon_thp 14006878208
anon 14038937600
anon_thp 14019461120
anon 14043131904
anon_thp 14023655424
anon 14043131904
anon_thp 14023655424
anon 14043131904
anon_thp 14023655424
anon 13869072384
anon_thp 13851688960
anon 13965537280
anon_thp 13946060800
anon 13988605952
anon_thp 13969129472
anon 14005383168
anon_thp 13985906688
anon 14013771776
anon_thp 13994295296
anon 14026354688
anon_thp 14006878208
anon 14036840448
anon_thp 14017363968
anon 14043131904
anon_thp 14023655424
anon 14043131904
anon_thp 14023655424
anon 14043131904
anon_thp 14023655424
anon 13919399936
anon_thp 13899923456
anon 13965537280
anon_thp 13946060800
anon 13992800256
anon_thp 13973323776
anon 14007480320
anon_thp 13988003840
anon 14017966080
anon_thp 13998489600
anon 14028451840
anon_thp 14008975360
anon 13837414400
anon_thp 13818134528
anon 14043131904
anon_thp 14023655424
anon 14043131904
anon_thp 14023655424
anon 13023227904
anon_thp 13008633856
anon 13950857216
anon_thp 13931380736
anon 13976023040
anon_thp 13956546560
anon 13992800256
anon_thp 13973323776
anon 14015868928
anon_thp 13996392448
anon 14028451840
anon_thp 14008975360
anon 14041034752
anon_thp 14021558272
anon 14043131904
anon_thp 14023655424
anon 14043131904
anon_thp 14023655424
anon 12815564800
anon_thp 12803112960
anon 13938274304
anon_thp 13918797824
anon 13980217344
anon_thp 13960740864
anon 13996994560
anon_thp 13977518080
anon 14009577472
anon_thp 13990100992
anon 14022160384
anon_thp 14002683904
anon 14034743296
anon_thp 14015266816
anon 14043131904
anon_thp 14023655424
anon 14043131904
anon_thp 14023655424
anon 14043131904
anon_thp 14023655424
anon 13902827520
anon_thp 13885243392
anon 13948760064
anon_thp 13929283584
anon 13986508800
anon_thp 13967032320
anon 14007480320
anon_thp 13988003840
anon 14020063232
anon_thp 14000586752
anon 14028451840
anon_thp 14008975360
anon 13992603648
anon_thp 13973323776
anon 14043131904
anon_thp 14023655424
anon 14043131904
anon_thp 14023655424
anon 13253914624
anon_thp 13239320576
anon 13946662912
anon_thp 13927186432
anon 13978120192
anon_thp 13958643712
anon 14003286016
anon_thp 13983809536
anon 14017966080
anon_thp 13998489600
anon 14028451840
anon_thp 14008975360
anon 14041034752
anon_thp 14021558272
anon 14043131904
anon_thp 14023655424
anon 14043271168
anon_thp 14027849728
anon 14043271168
anon_thp 14027849728
anon 13934219264
anon_thp 13918797824
anon 13971968000
anon_thp 13956546560
anon 13986648064
anon_thp 13971226624
anon 13999230976
anon_thp 13983809536
anon 14011813888
anon_thp 13996392448
anon 14026493952
anon_thp 14011072512
anon 14039076864
anon_thp 14023655424
anon 14043271168
anon_thp 14027849728
anon 14043271168
anon_thp 14027849728
anon 14043271168
anon_thp 14027849728
anon 13741285376
anon_thp 13727956992
anon 13950996480
anon_thp 13935575040
anon 13986648064
anon_thp 13971226624
anon 14003425280
anon_thp 13988003840
anon 14016008192
anon_thp 14000586752
anon 14024396800
anon_thp 14008975360
anon 14039076864
anon_thp 14023655424
anon 14043271168
anon_thp 14027849728
anon 14043271168
anon_thp 14027849728
anon 14043271168
anon_thp 14027849728
