pgmigrate_success 24672489
pgmigrate_fail 375531
thp_migration_success 35955
thp_migration_fail 1
thp_migration_split 0
thp_fault_alloc 254626
thp_fault_fallback 0
thp_fault_fallback_charge 0
thp_collapse_alloc 32438
thp_collapse_alloc_failed 183959
thp_file_alloc 305
thp_file_fallback 0
thp_file_fallback_charge 0
thp_file_mapped 0
thp_split_page 8654
thp_split_page_failed 1323
thp_deferred_split_page 32955
thp_split_pmd 88053
thp_split_pud 0
thp_zero_page_alloc 0
thp_zero_page_alloc_failed 0
thp_swpout 0
thp_swpout_fallback 0
htmm_nr_promoted 20051346
htmm_nr_demoted 2562006
htmm_nr_sampled 0
htmm_missed_dramread 8031
htmm_missed_nvmread 0
htmm_missed_write 0
htmm_alloc_dram 212218587
htmm_alloc_nvm 0
