hot 0 warm 0 cold 0
hot 0 warm 0 cold 0
hot 0 warm 0 cold 0
hot 0 warm 0 cold 0
hot 0 warm 0 cold 0
hot 0 warm 0 cold 0
hot 0 warm 0 cold 0
hot 0 warm 0 cold 0
hot 0 warm 0 cold 0
hot 0 warm 0 cold 0
hot 0 warm 0 cold 0
hot 0 warm 0 cold 0
hot 0 warm 0 cold 0
hot 0 warm 0 cold 0
hot 0 warm 0 cold 0
hot 0 warm 0 cold 0
hot 0 warm 0 cold 0
hot 0 warm 0 cold 0
hot 0 warm 0 cold 0
hot 0 warm 0 cold 0
hot 0 warm 0 cold 0
hot 0 warm 0 cold 0
hot 0 warm 0 cold 0
hot 0 warm 0 cold 0
hot 14851 warm 0 cold 64
hot 14851 warm 0 cold 64
hot 14851 warm 0 cold 64
hot 14851 warm 0 cold 64
hot 14851 warm 0 cold 64
hot 14851 warm 0 cold 64
hot 14851 warm 0 cold 64
hot 14851 warm 0 cold 64
hot 14851 warm 0 cold 64
hot 14851 warm 0 cold 64
hot 14851 warm 0 cold 64
hot 14851 warm 0 cold 64
hot 14851 warm 0 cold 64
hot 14851 warm 0 cold 64
hot 14851 warm 0 cold 64
hot 14851 warm 0 cold 64
hot 14851 warm 0 cold 64
hot 14851 warm 0 cold 64
hot 14851 warm 0 cold 64
hot 14851 warm 0 cold 64
hot 14851 warm 0 cold 64
hot 14851 warm 0 cold 64
hot 14851 warm 0 cold 64
hot 5174 warm 0 cold 0
hot 1747149 warm 0 cold 0
hot 1764557 warm 0 cold 0
hot 1773773 warm 0 cold 0
hot 1787597 warm 0 cold 0
hot 1793229 warm 0 cold 0
hot 1802445 warm 0 cold 0
hot 969904 warm 0 cold 849437
hot 1110623 warm 0 cold 748934
hot 1328272 warm 0 cold 542037
hot 1096013 warm 0 cold 461820
hot 1301325 warm 0 cold 460284
hot 1318221 warm 0 cold 456188
hot 1337677 warm 0 cold 443388
hot 1376078 warm 0 cold 411643
hot 1452892 warm 0 cold 346093
hot 1564801 warm 0 cold 292320
hot 1600143 warm 0 cold 263122
hot 1612431 warm 0 cold 250834
hot 957430 warm 542208 cold 249808
hot 992759 warm 540672 cold 243663
hot 1012217 warm 531456 cold 239053
hot 1017338 warm 529408 cold 236492
hot 1033211 warm 518144 cold 234443
hot 1086467 warm 488448 cold 219587
hot 1177105 warm 430592 cold 202677
hot 1296700 warm 0 cold 556962
hot 1391421 warm 0 cold 466849
hot 1430848 warm 0 cold 429982
hot 1306788 warm 0 cold 427422
hot 1332389 warm 0 cold 424349
hot 1355941 warm 0 cold 417693
hot 1366182 warm 0 cold 414108
hot 1370281 warm 0 cold 413081
hot 1383087 warm 0 cold 405907
hot 1440717 warm 0 cold 377741
hot 1529300 warm 0 cold 327046
hot 830019 warm 0 cold 1030423
hot 524713 warm 0 cold 1029398
hot 717225 warm 0 cold 1028374
hot 734121 warm 0 cold 1026838
hot 756137 warm 0 cold 1018646
hot 785835 warm 711060 cold 284545
hot 821168 warm 689556 cold 277372
hot 829645 warm 632212 cold 271735
hot 976087 warm 625556 cold 232813
hot 1012440 warm 599956 cold 225132
hot 735294 warm 594324 cold 222570
hot 940094 warm 593300 cold 222058
hot 960062 warm 590740 cold 217962
hot 970814 warm 584596 cold 217962
hot 975422 warm 583060 cold 216938
hot 988228 warm 579988 cold 212836
hot 1031757 warm 555924 cold 205659
hot 1095528 warm 524180 cold 199000
hot 1161583 warm 0 cold 676069
hot 1190256 warm 0 cold 659172
hot 1045207 warm 0 cold 659169
hot 1077463 warm 480660 cold 177997
hot 1108695 warm 475028 cold 177997
hot 1119447 warm 472980 cold 176973
hot 1129175 warm 470932 cold 175949
hot 1140440 warm 467860 cold 174924
hot 1180661 warm 452500 cold 172359
hot 548536 warm 785408 cold 2078754
hot 582329 warm 807936 cold 2026529
hot 278155 warm 813056 cold 2018849
hot 460939 warm 813056 cold 2018849
hot 485003 warm 816128 cold 2014241
hot 508555 warm 816128 cold 2008609
hot 1337997 warm 0 cold 1999903
hot 1348907 warm 0 cold 2016130
hot 1367146 warm 0 cold 1999268
hot 1496259 warm 0 cold 1983991
hot 758853 warm 0 cold 2735508
hot 613289 warm 0 cold 2734996
hot 657321 warm 0 cold 2734484
hot 673705 warm 0 cold 2731412
hot 746412 warm 761856 cold 1916305
hot 898245 warm 694272 cold 1887120
hot 961734 warm 676864 cold 1856399
hot 983238 warm 660992 cold 1850767
hot 860714 warm 656896 cold 1849231
hot 894506 warm 656384 cold 1845135
hot 922154 warm 647168 cold 1843599
hot 959019 warm 626176 cold 1838478
hot 1055044 warm 585728 cold 1829261
hot 1088324 warm 588800 cold 1813389
hot 1109829 warm 574464 cold 1807756
