pgmigrate_success 89945461
pgmigrate_success 89945464
pgmigrate_success 89945465
pgmigrate_success 89945465
pgmigrate_success 89945465
pgmigrate_success 89945465
pgmigrate_success 89945465
pgmigrate_success 89945465
pgmigrate_success 89945465
pgmigrate_success 89945465
pgmigrate_success 89945465
pgmigrate_success 89945465
pgmigrate_success 89945465
pgmigrate_success 89945465
pgmigrate_success 89945465
pgmigrate_success 89945465
pgmigrate_success 89945465
pgmigrate_success 89945465
pgmigrate_success 89945465
pgmigrate_success 89945465
pgmigrate_success 89945465
pgmigrate_success 89945465
pgmigrate_success 89945465
pgmigrate_success 89945465
pgmigrate_success 89960366
pgmigrate_success 89960366
pgmigrate_success 89960366
pgmigrate_success 89960366
pgmigrate_success 89960366
pgmigrate_success 89960366
pgmigrate_success 89960366
pgmigrate_success 89960366
pgmigrate_success 89960366
pgmigrate_success 89960366
pgmigrate_success 89960366
pgmigrate_success 89960366
pgmigrate_success 89960366
pgmigrate_success 89960366
pgmigrate_success 89960366
pgmigrate_success 89960366
pgmigrate_success 89960366
pgmigrate_success 89960366
pgmigrate_success 89960366
pgmigrate_success 89960366
pgmigrate_success 89960366
pgmigrate_success 89960366
pgmigrate_success 89960366
pgmigrate_success 90143917
pgmigrate_success 90325677
pgmigrate_success 90689197
pgmigrate_success 91140064
pgmigrate_success 91140064
pgmigrate_success 91140064
pgmigrate_success 91140127
pgmigrate_success 91384985
pgmigrate_success 91676640
pgmigrate_success 91870700
pgmigrate_success 92140534
pgmigrate_success 92140534
pgmigrate_success 92140534
pgmigrate_success 92140534
pgmigrate_success 92140534
pgmigrate_success 92185611
pgmigrate_success 92245003
pgmigrate_success 92431331
pgmigrate_success 92458022
pgmigrate_success 92493365
pgmigrate_success 92614208
pgmigrate_success 92614208
pgmigrate_success 92614208
pgmigrate_success 92664923
pgmigrate_success 92664923
pgmigrate_success 92664923
pgmigrate_success 92757115
pgmigrate_success 92796549
pgmigrate_success 92796549
pgmigrate_success 92796549
pgmigrate_success 92796549
pgmigrate_success 92796549
pgmigrate_success 92909721
pgmigrate_success 92942552
pgmigrate_success 92942552
pgmigrate_success 93054820
pgmigrate_success 93054820
pgmigrate_success 93054820
pgmigrate_success 93054820
pgmigrate_success 93054820
pgmigrate_success 93054820
pgmigrate_success 93057383
pgmigrate_success 93139328
pgmigrate_success 93153665
pgmigrate_success 93206496
pgmigrate_success 93206496
pgmigrate_success 93206496
pgmigrate_success 93206496
pgmigrate_success 93206496
pgmigrate_success 93223392
pgmigrate_success 93223392
pgmigrate_success 93326921
pgmigrate_success 93360756
pgmigrate_success 93420669
pgmigrate_success 93420669
pgmigrate_success 93420669
pgmigrate_success 93420669
pgmigrate_success 93420669
pgmigrate_success 93449341
pgmigrate_success 93467271
pgmigrate_success 93493903
pgmigrate_success 93538449
pgmigrate_success 93548177
pgmigrate_success 93552273
pgmigrate_success 93569681
pgmigrate_success 93596306
pgmigrate_success 93714068
pgmigrate_success 93730607
pgmigrate_success 93749607
pgmigrate_success 93840748
pgmigrate_success 93840748
pgmigrate_success 93840748
pgmigrate_success 93840748
pgmigrate_success 93877616
pgmigrate_success 93877616
pgmigrate_success 93877616
pgmigrate_success 93906301
pgmigrate_success 93974398
pgmigrate_success 93974398
pgmigrate_success 93974398
pgmigrate_success 93974398
pgmigrate_success 94006656
pgmigrate_success 94006656
pgmigrate_success 94006656
