pgmigrate_success 249620657
pgmigrate_fail 109169
thp_migration_success 362442
thp_migration_fail 117
thp_migration_split 0
thp_fault_alloc 461601
thp_fault_fallback 5418
thp_fault_fallback_charge 0
thp_collapse_alloc 526
thp_collapse_alloc_failed 0
thp_file_alloc 0
thp_file_fallback 0
thp_file_fallback_charge 0
thp_file_mapped 0
thp_split_page 186
thp_split_page_failed 0
thp_deferred_split_page 863
thp_split_pmd 1396
thp_split_pud 0
thp_zero_page_alloc 0
thp_zero_page_alloc_failed 0
thp_swpout 0
thp_swpout_fallback 0
htmm_nr_promoted 127954479
htmm_nr_demoted 115760812
htmm_nr_sampled 0
htmm_missed_dramread 0
htmm_missed_nvmread 0
htmm_missed_write 0
htmm_alloc_dram 401278268
htmm_alloc_nvm 0
