anon 925696
anon_thp 0
anon 9427681280
anon_thp 9351200768
anon 13487763456
anon_thp 13354663936
anon 17281753088
anon_thp 17129537536
anon 17281753088
anon_thp 17129537536
anon 17279676416
anon_thp 17127440384
anon 17281777664
anon_thp 17129537536
anon 18527313920
anon_thp 18364760064
anon 21870493696
anon_thp 21636317184
anon 25391525888
anon_thp 25084035072
anon 25924767744
anon_thp 25610420224
anon 27324497920
anon_thp 26984054784
anon 28410888192
anon_thp 28055699456
anon 28410888192
anon_thp 28055699456
anon 28410888192
anon_thp 28055699456
anon 28410888192
anon_thp 28055699456
anon 28410892288
anon_thp 28055699456
anon 28410888192
anon_thp 28055699456
anon 28410892288
anon_thp 28055699456
anon 28410888192
anon_thp 28055699456
anon 28410892288
anon_thp 28055699456
anon 28410888192
anon_thp 28055699456
anon 28410900480
anon_thp 28055699456
anon 28410896384
anon_thp 28055699456
anon 28410900480
anon_thp 28055699456
anon 28410904576
anon_thp 28055699456
anon 28410900480
anon_thp 28055699456
anon 28410908672
anon_thp 28055699456
anon 28410908672
anon_thp 28055699456
anon 28410908672
anon_thp 28055699456
anon 28410904576
anon_thp 28055699456
anon 28410908672
anon_thp 28055699456
anon 28410904576
anon_thp 28055699456
anon 28410908672
anon_thp 28055699456
anon 28410904576
anon_thp 28055699456
anon 28410904576
anon_thp 28055699456
anon 28410904576
anon_thp 28055699456
anon 28410908672
anon_thp 28055699456
anon 28410904576
anon_thp 28055699456
anon 28410904576
anon_thp 28055699456
anon 28410908672
anon_thp 28055699456
anon 28410908672
anon_thp 28055699456
anon 28410904576
anon_thp 28055699456
anon 28410908672
anon_thp 28055699456
anon 28410904576
anon_thp 28055699456
anon 28410904576
anon_thp 28055699456
anon 28410908672
anon_thp 28055699456
anon 28410900480
anon_thp 28055699456
anon 28410904576
anon_thp 28055699456
anon 28410908672
anon_thp 28055699456
anon 28410904576
anon_thp 28055699456
anon 28410904576
anon_thp 28055699456
anon 28410904576
anon_thp 28055699456
anon 28410908672
anon_thp 28055699456
anon 28410904576
anon_thp 28055699456
anon 28410904576
anon_thp 28055699456
anon 28410908672
anon_thp 28055699456
anon 28410900480
anon_thp 28055699456
anon 28410904576
anon_thp 28055699456
anon 28410904576
anon_thp 28055699456
anon 28410908672
anon_thp 28055699456
anon 28410900480
anon_thp 28055699456
anon 28410904576
anon_thp 28055699456
anon 28410900480
anon_thp 28055699456
anon 28410900480
anon_thp 28055699456
anon 28410908672
anon_thp 28055699456
anon 28410904576
anon_thp 28055699456
anon 28410908672
anon_thp 28055699456
anon 28410904576
anon_thp 28055699456
anon 28410908672
anon_thp 28055699456
anon 28410904576
anon_thp 28055699456
anon 28410908672
anon_thp 28055699456
anon 28410904576
anon_thp 28055699456
anon 28410908672
anon_thp 28055699456
anon 28410904576
anon_thp 28055699456
anon 28410904576
anon_thp 28055699456
anon 28410904576
anon_thp 28055699456
anon 28410908672
anon_thp 28055699456
anon 28410904576
anon_thp 28055699456
anon 28410904576
anon_thp 28055699456
anon 28410904576
anon_thp 28055699456
anon 28410904576
anon_thp 28055699456
anon 28410908672
anon_thp 28055699456
anon 28410904576
anon_thp 28055699456
anon 28410904576
anon_thp 28055699456
anon 28410908672
anon_thp 28055699456
anon 28410908672
anon_thp 28055699456
anon 28410908672
anon_thp 28055699456
anon 28410904576
anon_thp 28055699456
anon 28410908672
anon_thp 28055699456
anon 28410904576
anon_thp 28055699456
anon 28410904576
anon_thp 28055699456
anon 28410908672
anon_thp 28055699456
anon 28410904576
anon_thp 28055699456
anon 28410908672
anon_thp 28055699456
anon 28410904576
anon_thp 28055699456
anon 28410904576
anon_thp 28055699456
anon 28410904576
anon_thp 28055699456
anon 28410904576
anon_thp 28055699456
anon 28410908672
anon_thp 28055699456
anon 28410904576
anon_thp 28055699456
anon 28410900480
anon_thp 28055699456
anon 28410908672
anon_thp 28055699456
anon 28410904576
anon_thp 28055699456
anon 28410904576
anon_thp 28055699456
anon 28410904576
anon_thp 28055699456
anon 28410908672
anon_thp 28055699456
anon 28410908672
anon_thp 28055699456
anon 28410904576
anon_thp 28055699456
anon 28410908672
anon_thp 28055699456
anon 28410908672
anon_thp 28055699456
anon 28410908672
anon_thp 28055699456
anon 28410904576
anon_thp 28055699456
anon 28410904576
anon_thp 28055699456
anon 28410900480
anon_thp 28055699456
anon 28410908672
anon_thp 28055699456
anon 28410900480
anon_thp 28055699456
anon 28410908672
anon_thp 28055699456
anon 28410904576
anon_thp 28055699456
anon 28410904576
anon_thp 28055699456
anon 28410904576
anon_thp 28055699456
anon 28410904576
anon_thp 28055699456
anon 28410904576
anon_thp 28055699456
anon 28410904576
anon_thp 28055699456
anon 28410904576
anon_thp 28055699456
anon 28410908672
anon_thp 28055699456
anon 28410904576
anon_thp 28055699456
anon 28410904576
anon_thp 28055699456
anon 28410904576
anon_thp 28055699456
anon 28410904576
anon_thp 28055699456
anon 28410904576
anon_thp 28055699456
anon 28410908672
anon_thp 28055699456
anon 28410904576
anon_thp 28055699456
anon 28410904576
anon_thp 28055699456
anon 28410908672
anon_thp 28055699456
anon 28410904576
anon_thp 28055699456
anon 28410904576
anon_thp 28055699456
anon 28410908672
anon_thp 28055699456
anon 28410908672
anon_thp 28055699456
anon 28410908672
anon_thp 28055699456
anon 28410904576
anon_thp 28055699456
anon 28410904576
anon_thp 28055699456
anon 28410908672
anon_thp 28055699456
anon 28410904576
anon_thp 28055699456
anon 28410900480
anon_thp 28055699456
anon 28410904576
anon_thp 28055699456
anon 28410908672
anon_thp 28055699456
anon 28410900480
anon_thp 28055699456
anon 28410908672
anon_thp 28055699456
anon 28410904576
anon_thp 28055699456
anon 28410904576
anon_thp 28055699456
anon 28410908672
anon_thp 28055699456
anon 28410904576
anon_thp 28055699456
anon 28410904576
anon_thp 28055699456
anon 28410904576
anon_thp 28055699456
anon 28410904576
anon_thp 28055699456
anon 28410904576
anon_thp 28055699456
anon 28410908672
anon_thp 28055699456
anon 28410904576
anon_thp 28055699456
anon 28410904576
anon_thp 28055699456
anon 28410900480
anon_thp 28055699456
anon 28410908672
anon_thp 28055699456
anon 28410904576
anon_thp 28055699456
anon 28410904576
anon_thp 28055699456
anon 28410904576
anon_thp 28055699456
anon 28410904576
anon_thp 28055699456
anon 28410904576
anon_thp 28055699456
anon 28410908672
anon_thp 28055699456
anon 28410908672
anon_thp 28055699456
anon 28410908672
anon_thp 28055699456
anon 28410908672
anon_thp 28055699456
anon 28410904576
anon_thp 28055699456
anon 28410904576
anon_thp 28055699456
anon 28410908672
anon_thp 28055699456
anon 28410904576
anon_thp 28055699456
anon 28410900480
anon_thp 28055699456
anon 28410904576
anon_thp 28055699456
anon 28410908672
anon_thp 28055699456
anon 28410900480
anon_thp 28055699456
anon 28410900480
anon_thp 28055699456
anon 28410908672
anon_thp 28055699456
anon 28410908672
anon_thp 28055699456
anon 28410908672
anon_thp 28055699456
anon 28410904576
anon_thp 28055699456
anon 28410908672
anon_thp 28055699456
anon 28410904576
anon_thp 28055699456
anon 28410904576
anon_thp 28055699456
anon 28410908672
anon_thp 28055699456
anon 28410908672
anon_thp 28055699456
anon 28410904576
anon_thp 28055699456
anon 28410900480
anon_thp 28055699456
anon 28410904576
anon_thp 28055699456
anon 28410904576
anon_thp 28055699456
anon 28410904576
anon_thp 28055699456
anon 28410900480
anon_thp 28055699456
anon 28410904576
anon_thp 28055699456
anon 28410908672
anon_thp 28055699456
anon 28410904576
anon_thp 28055699456
anon 28410908672
anon_thp 28055699456
anon 28410904576
anon_thp 28055699456
anon 28410904576
anon_thp 28055699456
anon 28410904576
anon_thp 28055699456
anon 28410900480
anon_thp 28055699456
anon 28410900480
anon_thp 28055699456
anon 28410908672
anon_thp 28055699456
anon 28410904576
anon_thp 28055699456
anon 28410904576
anon_thp 28055699456
anon 28410904576
anon_thp 28055699456
anon 28410904576
anon_thp 28055699456
anon 28410904576
anon_thp 28055699456
anon 28410908672
anon_thp 28055699456
anon 28410908672
anon_thp 28055699456
anon 28410904576
anon_thp 28055699456
anon 28410904576
anon_thp 28055699456
anon 28410904576
anon_thp 28055699456
anon 28410904576
anon_thp 28055699456
anon 28410908672
anon_thp 28055699456
anon 28410904576
anon_thp 28055699456
anon 28410904576
anon_thp 28055699456
anon 28410904576
anon_thp 28055699456
anon 28410904576
anon_thp 28055699456
anon 28410904576
anon_thp 28055699456
anon 28410908672
anon_thp 28055699456
anon 28410904576
anon_thp 28055699456
anon 28410904576
anon_thp 28055699456
anon 28410904576
anon_thp 28055699456
anon 28410904576
anon_thp 28055699456
anon 28410908672
anon_thp 28055699456
anon 28410904576
anon_thp 28055699456
anon 28410904576
anon_thp 28055699456
anon 28410908672
anon_thp 28055699456
anon 28410904576
anon_thp 28055699456
anon 28410900480
anon_thp 28055699456
anon 28410908672
anon_thp 28055699456
anon 28410908672
anon_thp 28055699456
anon 28410904576
anon_thp 28055699456
anon 28410900480
anon_thp 28055699456
anon 28410908672
anon_thp 28055699456
anon 28410904576
anon_thp 28055699456
anon 28410900480
anon_thp 28055699456
anon 28410908672
anon_thp 28055699456
anon 28410904576
anon_thp 28055699456
anon 28410908672
anon_thp 28055699456
anon 28410908672
anon_thp 28055699456
anon 28410904576
anon_thp 28055699456
anon 28410904576
anon_thp 28055699456
anon 28410908672
anon_thp 28055699456
anon 28410900480
anon_thp 28055699456
anon 28410908672
anon_thp 28055699456
anon 28410908672
anon_thp 28055699456
anon 28410904576
anon_thp 28055699456
anon 28410904576
anon_thp 28055699456
anon 28410904576
anon_thp 28055699456
anon 28410908672
anon_thp 28055699456
anon 28410908672
anon_thp 28055699456
anon 28410904576
anon_thp 28055699456
anon 28410904576
anon_thp 28055699456
anon 28410908672
anon_thp 28055699456
anon 28410904576
anon_thp 28055699456
anon 28410908672
anon_thp 28055699456
anon 28410908672
anon_thp 28055699456
anon 28410904576
anon_thp 28055699456
anon 28410908672
anon_thp 28055699456
anon 28410904576
anon_thp 28055699456
anon 28410904576
anon_thp 28055699456
anon 28410904576
anon_thp 28055699456
anon 28410904576
anon_thp 28055699456
anon 28410904576
anon_thp 28055699456
anon 28410908672
anon_thp 28055699456
anon 28410904576
anon_thp 28055699456
anon 28410904576
anon_thp 28055699456
anon 28410904576
anon_thp 28055699456
anon 28410900480
anon_thp 28055699456
anon 28410904576
anon_thp 28055699456
anon 28410908672
anon_thp 28055699456
anon 28410904576
anon_thp 28055699456
anon 28410908672
anon_thp 28055699456
anon 28410908672
anon_thp 28055699456
anon 28410908672
anon_thp 28055699456
anon 28410900480
anon_thp 28055699456
anon 28410904576
anon_thp 28055699456
anon 28410904576
anon_thp 28055699456
anon 28410904576
anon_thp 28055699456
anon 28410904576
anon_thp 28055699456
anon 28410904576
anon_thp 28055699456
anon 28410904576
anon_thp 28055699456
anon 28410908672
anon_thp 28055699456
anon 28410904576
anon_thp 28055699456
anon 28410908672
anon_thp 28055699456
anon 28410904576
anon_thp 28055699456
anon 28410908672
anon_thp 28055699456
anon 28410904576
anon_thp 28055699456
anon 28410904576
anon_thp 28055699456
anon 28410908672
anon_thp 28055699456
anon 28410900480
anon_thp 28055699456
anon 28410908672
anon_thp 28055699456
anon 28410904576
anon_thp 28055699456
anon 28410904576
anon_thp 28055699456
anon 28410908672
anon_thp 28055699456
anon 28410908672
anon_thp 28055699456
anon 28410908672
anon_thp 28055699456
anon 28408803328
anon_thp 28053602304
anon 28408807424
anon_thp 28053602304
anon 28408807424
anon_thp 28053602304
anon 28408811520
anon_thp 28053602304
anon 28408807424
anon_thp 28053602304
anon 28410900480
anon_thp 28055699456
anon 28408811520
anon_thp 28053602304
anon 28408807424
anon_thp 28053602304
anon 28410904576
anon_thp 28055699456
anon 28410908672
anon_thp 28055699456
anon 28410900480
anon_thp 28055699456
anon 28410904576
anon_thp 28055699456
anon 28410908672
anon_thp 28055699456
anon 28410900480
anon_thp 28055699456
anon 28410908672
anon_thp 28055699456
anon 28410900480
anon_thp 28055699456
anon 28410904576
anon_thp 28055699456
anon 28410908672
anon_thp 28055699456
anon 28410904576
anon_thp 28055699456
anon 28410908672
anon_thp 28055699456
anon 28410904576
anon_thp 28055699456
anon 28410904576
anon_thp 28055699456
anon 28410904576
anon_thp 28055699456
anon 28410904576
anon_thp 28055699456
anon 28410904576
anon_thp 28055699456
anon 28410900480
anon_thp 28055699456
anon 28410900480
anon_thp 28055699456
anon 28410904576
anon_thp 28055699456
anon 28410904576
anon_thp 28055699456
anon 28410904576
anon_thp 28055699456
anon 28410908672
anon_thp 28055699456
anon 28410904576
anon_thp 28055699456
anon 28410904576
anon_thp 28055699456
anon 28410904576
anon_thp 28055699456
anon 28410908672
anon_thp 28055699456
anon 28410904576
anon_thp 28055699456
anon 28410900480
anon_thp 28055699456
anon 28410904576
anon_thp 28055699456
anon 28410904576
anon_thp 28055699456
anon 28410904576
anon_thp 28055699456
anon 28410904576
anon_thp 28055699456
anon 28410908672
anon_thp 28055699456
anon 28410900480
anon_thp 28055699456
anon 28410908672
anon_thp 28055699456
anon 28410904576
anon_thp 28055699456
anon 28410904576
anon_thp 28055699456
anon 28410908672
anon_thp 28055699456
anon 28410908672
anon_thp 28055699456
anon 28410904576
anon_thp 28055699456
anon 28410900480
anon_thp 28055699456
anon 28410908672
anon_thp 28055699456
anon 28410908672
anon_thp 28055699456
anon 28410904576
anon_thp 28055699456
anon 28410908672
anon_thp 28055699456
anon 28410908672
anon_thp 28055699456
anon 28410908672
anon_thp 28055699456
anon 28410900480
anon_thp 28055699456
anon 28410904576
anon_thp 28055699456
anon 28410908672
anon_thp 28055699456
anon 28410908672
anon_thp 28055699456
anon 28410900480
anon_thp 28055699456
anon 28410908672
anon_thp 28055699456
anon 28410908672
anon_thp 28055699456
anon 28410908672
anon_thp 28055699456
anon 28410904576
anon_thp 28055699456
anon 28410908672
anon_thp 28055699456
anon 28410908672
anon_thp 28055699456
anon 28410908672
anon_thp 28055699456
anon 28410900480
anon_thp 28055699456
anon 28410904576
anon_thp 28055699456
anon 28410908672
anon_thp 28055699456
anon 28410904576
anon_thp 28055699456
anon 28410908672
anon_thp 28055699456
anon 28410900480
anon_thp 28055699456
anon 28410900480
anon_thp 28055699456
anon 28410904576
anon_thp 28055699456
anon 28410904576
anon_thp 28055699456
anon 28410904576
anon_thp 28055699456
anon 28410904576
anon_thp 28055699456
anon 28410904576
anon_thp 28055699456
anon 28410908672
anon_thp 28055699456
anon 28410904576
anon_thp 28055699456
anon 28410904576
anon_thp 28055699456
anon 28410908672
anon_thp 28055699456
anon 28410900480
anon_thp 28055699456
anon 28410900480
anon_thp 28055699456
anon 28410900480
anon_thp 28055699456
anon 28410904576
anon_thp 28055699456
anon 28410908672
anon_thp 28055699456
anon 28410904576
anon_thp 28055699456
anon 28410904576
anon_thp 28055699456
anon 28410900480
anon_thp 28055699456
anon 28410908672
anon_thp 28055699456
anon 28410904576
anon_thp 28055699456
anon 28410908672
anon_thp 28055699456
anon 28410904576
anon_thp 28055699456
anon 28410900480
anon_thp 28055699456
anon 28410904576
anon_thp 28055699456
