anon 929792
anon_thp 0
anon 9471762432
anon_thp 9466544128
anon 13552816128
anon_thp 13547601920
anon 17283874816
anon_thp 17278435328
anon 17283870720
anon_thp 17278435328
anon 17281806336
anon_thp 17276338176
anon 17283907584
anon_thp 17278435328
anon 18527784960
anon_thp 18522046464
anon 21782556672
anon_thp 21776826368
anon 25102352384
anon_thp 25096617984
anon 25924820992
anon_thp 25918701568
anon 27141169152
anon_thp 27135049728
anon 28408803328
anon_thp 28401729536
anon 28410896384
anon_thp 28403826688
anon 28410896384
anon_thp 28403826688
anon 28410896384
anon_thp 28403826688
anon 28410900480
anon_thp 28403826688
anon 28410904576
anon_thp 28403826688
anon 28410900480
anon_thp 28403826688
anon 28410900480
anon_thp 28403826688
anon 28410900480
anon_thp 28403826688
anon 28410900480
anon_thp 28403826688
anon 28410904576
anon_thp 28403826688
anon 28410904576
anon_thp 28403826688
anon 28410904576
anon_thp 28403826688
anon 28410908672
anon_thp 28403826688
anon 28410908672
anon_thp 28403826688
anon 28410908672
anon_thp 28403826688
anon 28410908672
anon_thp 28403826688
anon 28410912768
anon_thp 28403826688
anon 28410908672
anon_thp 28403826688
anon 28410912768
anon_thp 28403826688
anon 28410908672
anon_thp 28403826688
anon 28410908672
anon_thp 28403826688
anon 28410908672
anon_thp 28403826688
anon 28410912768
anon_thp 28403826688
anon 28410908672
anon_thp 28403826688
anon 28410908672
anon_thp 28403826688
anon 28410904576
anon_thp 28403826688
anon 28410908672
anon_thp 28403826688
anon 28410908672
anon_thp 28403826688
anon 28410904576
anon_thp 28403826688
anon 28410912768
anon_thp 28403826688
anon 28410912768
anon_thp 28403826688
anon 28410908672
anon_thp 28403826688
anon 28410908672
anon_thp 28403826688
anon 28410908672
anon_thp 28403826688
anon 28410912768
anon_thp 28403826688
anon 28410912768
anon_thp 28403826688
anon 28410908672
anon_thp 28403826688
anon 28410908672
anon_thp 28403826688
anon 28410904576
anon_thp 28403826688
anon 28410908672
anon_thp 28403826688
anon 28410908672
anon_thp 28403826688
anon 28410912768
anon_thp 28403826688
anon 28410908672
anon_thp 28403826688
anon 28410908672
anon_thp 28403826688
anon 28410912768
anon_thp 28403826688
anon 28410912768
anon_thp 28403826688
anon 28410904576
anon_thp 28403826688
anon 28410912768
anon_thp 28403826688
anon 28410912768
anon_thp 28403826688
anon 28410912768
anon_thp 28403826688
anon 28410912768
anon_thp 28403826688
anon 28410912768
anon_thp 28403826688
anon 28410908672
anon_thp 28403826688
anon 28410912768
anon_thp 28403826688
anon 28410908672
anon_thp 28403826688
anon 28410904576
anon_thp 28403826688
anon 28410908672
anon_thp 28403826688
anon 28410908672
anon_thp 28403826688
anon 28410908672
anon_thp 28403826688
anon 28410908672
anon_thp 28403826688
anon 28410912768
anon_thp 28403826688
anon 28410908672
anon_thp 28403826688
anon 28410912768
anon_thp 28403826688
anon 28410904576
anon_thp 28403826688
anon 28410912768
anon_thp 28403826688
anon 28410904576
anon_thp 28403826688
anon 28410908672
anon_thp 28403826688
anon 28410908672
anon_thp 28403826688
anon 28410908672
anon_thp 28403826688
anon 28410908672
anon_thp 28403826688
anon 28410908672
anon_thp 28403826688
anon 28410904576
anon_thp 28403826688
anon 28410908672
anon_thp 28403826688
anon 28410912768
anon_thp 28403826688
anon 28410908672
anon_thp 28403826688
anon 28410908672
anon_thp 28403826688
anon 28410912768
anon_thp 28403826688
anon 28410912768
anon_thp 28403826688
anon 28410904576
anon_thp 28403826688
anon 28410912768
anon_thp 28403826688
anon 28410908672
anon_thp 28403826688
anon 28410912768
anon_thp 28403826688
anon 28410908672
anon_thp 28403826688
anon 28410908672
anon_thp 28403826688
anon 28410908672
anon_thp 28403826688
anon 28410908672
anon_thp 28403826688
anon 28410908672
anon_thp 28403826688
anon 28410912768
anon_thp 28403826688
anon 28410908672
anon_thp 28403826688
anon 28410908672
anon_thp 28403826688
anon 28410908672
anon_thp 28403826688
anon 28410908672
anon_thp 28403826688
anon 28410904576
anon_thp 28403826688
anon 28410908672
anon_thp 28403826688
anon 28410912768
anon_thp 28403826688
anon 28410908672
anon_thp 28403826688
anon 28410908672
anon_thp 28403826688
anon 28410908672
anon_thp 28403826688
anon 28410908672
anon_thp 28403826688
anon 28410908672
anon_thp 28403826688
anon 28410908672
anon_thp 28403826688
anon 28410908672
anon_thp 28403826688
anon 28410912768
anon_thp 28403826688
anon 28410908672
anon_thp 28403826688
anon 28410912768
anon_thp 28403826688
anon 28410912768
anon_thp 28403826688
anon 28410908672
anon_thp 28403826688
anon 28410912768
anon_thp 28403826688
anon 28410908672
anon_thp 28403826688
anon 28410908672
anon_thp 28403826688
anon 28410908672
anon_thp 28403826688
anon 28410908672
anon_thp 28403826688
anon 28410908672
anon_thp 28403826688
anon 28410908672
anon_thp 28403826688
anon 28410904576
anon_thp 28403826688
anon 28410908672
anon_thp 28403826688
anon 28410908672
anon_thp 28403826688
anon 28410912768
anon_thp 28403826688
anon 28410908672
anon_thp 28403826688
anon 28410912768
anon_thp 28403826688
anon 28410904576
anon_thp 28403826688
anon 28410908672
anon_thp 28403826688
anon 28410908672
anon_thp 28403826688
anon 28410912768
anon_thp 28403826688
anon 28410908672
anon_thp 28403826688
anon 28410912768
anon_thp 28403826688
anon 28410908672
anon_thp 28403826688
anon 28410912768
anon_thp 28403826688
anon 28410908672
anon_thp 28403826688
anon 28410908672
anon_thp 28403826688
anon 28410908672
anon_thp 28403826688
anon 28410908672
anon_thp 28403826688
anon 28410904576
anon_thp 28403826688
anon 28410908672
anon_thp 28403826688
anon 28410908672
anon_thp 28403826688
anon 28410908672
anon_thp 28403826688
anon 28410904576
anon_thp 28403826688
anon 28410908672
anon_thp 28403826688
anon 28410908672
anon_thp 28403826688
anon 28410908672
anon_thp 28403826688
anon 28410908672
anon_thp 28403826688
anon 28410908672
anon_thp 28403826688
anon 28410908672
anon_thp 28403826688
anon 28410908672
anon_thp 28403826688
anon 28410908672
anon_thp 28403826688
anon 28410912768
anon_thp 28403826688
anon 28410912768
anon_thp 28403826688
anon 28410904576
anon_thp 28403826688
anon 28410904576
anon_thp 28403826688
anon 28410912768
anon_thp 28403826688
anon 28410908672
anon_thp 28403826688
anon 28410908672
anon_thp 28403826688
anon 28410912768
anon_thp 28403826688
anon 28410912768
anon_thp 28403826688
anon 28410908672
anon_thp 28403826688
anon 28410908672
anon_thp 28403826688
anon 28410908672
anon_thp 28403826688
anon 28410908672
anon_thp 28403826688
anon 28410908672
anon_thp 28403826688
anon 28410912768
anon_thp 28403826688
anon 28410908672
anon_thp 28403826688
anon 28410904576
anon_thp 28403826688
anon 28410904576
anon_thp 28403826688
anon 28410904576
anon_thp 28403826688
anon 28410908672
anon_thp 28403826688
anon 28410912768
anon_thp 28403826688
anon 28410904576
anon_thp 28403826688
anon 28410904576
anon_thp 28403826688
anon 28410912768
anon_thp 28403826688
anon 28410908672
anon_thp 28403826688
anon 28410908672
anon_thp 28403826688
anon 28410912768
anon_thp 28403826688
anon 28410912768
anon_thp 28403826688
anon 28410908672
anon_thp 28403826688
anon 28410912768
anon_thp 28403826688
anon 28410908672
anon_thp 28403826688
anon 28410908672
anon_thp 28403826688
anon 28410904576
anon_thp 28403826688
anon 28410912768
anon_thp 28403826688
anon 28410912768
anon_thp 28403826688
anon 28410908672
anon_thp 28403826688
anon 28410908672
anon_thp 28403826688
anon 28410908672
anon_thp 28403826688
anon 28410908672
anon_thp 28403826688
anon 28410908672
anon_thp 28403826688
anon 28410908672
anon_thp 28403826688
anon 28410908672
anon_thp 28403826688
anon 28410912768
anon_thp 28403826688
anon 28410904576
anon_thp 28403826688
anon 28410908672
anon_thp 28403826688
anon 28410904576
anon_thp 28403826688
anon 28410912768
anon_thp 28403826688
anon 28410912768
anon_thp 28403826688
anon 28410912768
anon_thp 28403826688
anon 28410908672
anon_thp 28403826688
anon 28410904576
anon_thp 28403826688
anon 28410908672
anon_thp 28403826688
anon 28410908672
anon_thp 28403826688
anon 28410908672
anon_thp 28403826688
anon 28410904576
anon_thp 28403826688
anon 28410912768
anon_thp 28403826688
anon 28410912768
anon_thp 28403826688
anon 28410908672
anon_thp 28403826688
anon 28410908672
anon_thp 28403826688
anon 28410904576
anon_thp 28403826688
anon 28410912768
anon_thp 28403826688
anon 28410904576
anon_thp 28403826688
anon 28410912768
anon_thp 28403826688
anon 28410908672
anon_thp 28403826688
anon 28410908672
anon_thp 28403826688
anon 28410908672
anon_thp 28403826688
anon 28410912768
anon_thp 28403826688
anon 28410908672
anon_thp 28403826688
anon 28410904576
anon_thp 28403826688
anon 28410912768
anon_thp 28403826688
anon 28410908672
anon_thp 28403826688
anon 28410908672
anon_thp 28403826688
anon 28410912768
anon_thp 28403826688
anon 28410908672
anon_thp 28403826688
anon 28410908672
anon_thp 28403826688
anon 28410912768
anon_thp 28403826688
anon 28410908672
anon_thp 28403826688
anon 28410912768
anon_thp 28403826688
anon 28410908672
anon_thp 28403826688
anon 28410908672
anon_thp 28403826688
anon 28410912768
anon_thp 28403826688
anon 28410912768
anon_thp 28403826688
anon 28410908672
anon_thp 28403826688
anon 28410904576
anon_thp 28403826688
anon 28410912768
anon_thp 28403826688
anon 28410908672
anon_thp 28403826688
anon 28410904576
anon_thp 28403826688
anon 28410908672
anon_thp 28403826688
anon 28410912768
anon_thp 28403826688
anon 28410912768
anon_thp 28403826688
anon 28410908672
anon_thp 28403826688
anon 28410908672
anon_thp 28403826688
anon 28410912768
anon_thp 28403826688
anon 28410908672
anon_thp 28403826688
anon 28410908672
anon_thp 28403826688
anon 28410908672
anon_thp 28403826688
anon 28410908672
anon_thp 28403826688
anon 28410908672
anon_thp 28403826688
anon 28410908672
anon_thp 28403826688
anon 28410912768
anon_thp 28403826688
anon 28410912768
anon_thp 28403826688
anon 28410908672
anon_thp 28403826688
anon 28410904576
anon_thp 28403826688
anon 28410908672
anon_thp 28403826688
anon 28410908672
anon_thp 28403826688
anon 28410912768
anon_thp 28403826688
anon 28410912768
anon_thp 28403826688
anon 28410912768
anon_thp 28403826688
anon 28410912768
anon_thp 28403826688
anon 28410908672
anon_thp 28403826688
anon 28410912768
anon_thp 28403826688
anon 28410908672
anon_thp 28403826688
anon 28410912768
anon_thp 28403826688
anon 28410912768
anon_thp 28403826688
anon 28410912768
anon_thp 28403826688
anon 28410912768
anon_thp 28403826688
anon 28410904576
anon_thp 28403826688
anon 28410908672
anon_thp 28403826688
anon 28410908672
anon_thp 28403826688
anon 28410908672
anon_thp 28403826688
anon 28410908672
anon_thp 28403826688
anon 28410908672
anon_thp 28403826688
anon 28410908672
anon_thp 28403826688
anon 28410912768
anon_thp 28403826688
anon 28410908672
anon_thp 28403826688
anon 28406718464
anon_thp 28399632384
anon 28408815616
anon_thp 28401729536
anon 28408811520
anon_thp 28401729536
anon 28408811520
anon_thp 28401729536
anon 28410908672
anon_thp 28403826688
anon 28408815616
anon_thp 28401729536
anon 28408807424
anon_thp 28401729536
anon 28410908672
anon_thp 28403826688
anon 28406714368
anon_thp 28399632384
anon 28410908672
anon_thp 28403826688
anon 28410908672
anon_thp 28403826688
anon 28410908672
anon_thp 28403826688
anon 28410912768
anon_thp 28403826688
anon 28410912768
anon_thp 28403826688
anon 28410908672
anon_thp 28403826688
anon 28410908672
anon_thp 28403826688
anon 28410908672
anon_thp 28403826688
anon 28410912768
anon_thp 28403826688
anon 28410908672
anon_thp 28403826688
anon 28410908672
anon_thp 28403826688
anon 28410908672
anon_thp 28403826688
anon 28410908672
anon_thp 28403826688
anon 28410904576
anon_thp 28403826688
anon 28410908672
anon_thp 28403826688
anon 28410908672
anon_thp 28403826688
anon 28410904576
anon_thp 28403826688
anon 28410908672
anon_thp 28403826688
anon 28410908672
anon_thp 28403826688
anon 28410912768
anon_thp 28403826688
anon 28410912768
anon_thp 28403826688
anon 28410908672
anon_thp 28403826688
anon 28410912768
anon_thp 28403826688
anon 28410912768
anon_thp 28403826688
anon 28410908672
anon_thp 28403826688
anon 28410912768
anon_thp 28403826688
anon 28410908672
anon_thp 28403826688
anon 28410912768
anon_thp 28403826688
anon 28410904576
anon_thp 28403826688
anon 28410908672
anon_thp 28403826688
anon 28410908672
anon_thp 28403826688
anon 28410912768
anon_thp 28403826688
anon 28410908672
anon_thp 28403826688
anon 28410908672
anon_thp 28403826688
anon 28410908672
anon_thp 28403826688
anon 28410912768
anon_thp 28403826688
anon 28410904576
anon_thp 28403826688
anon 28410912768
anon_thp 28403826688
anon 28410908672
anon_thp 28403826688
anon 28410904576
anon_thp 28403826688
anon 28410908672
anon_thp 28403826688
anon 28410908672
anon_thp 28403826688
anon 28410908672
anon_thp 28403826688
anon 28410912768
anon_thp 28403826688
anon 28410908672
anon_thp 28403826688
anon 28410904576
anon_thp 28403826688
anon 28410912768
anon_thp 28403826688
anon 28410908672
anon_thp 28403826688
anon 28410912768
anon_thp 28403826688
anon 28410912768
anon_thp 28403826688
anon 28410908672
anon_thp 28403826688
anon 28410912768
anon_thp 28403826688
anon 28410912768
anon_thp 28403826688
anon 28410908672
anon_thp 28403826688
anon 28410912768
anon_thp 28403826688
anon 28410904576
anon_thp 28403826688
anon 28410908672
anon_thp 28403826688
anon 28410908672
anon_thp 28403826688
anon 28410912768
anon_thp 28403826688
anon 28410912768
anon_thp 28403826688
anon 28410912768
anon_thp 28403826688
anon 28410908672
anon_thp 28403826688
anon 28410908672
anon_thp 28403826688
anon 28410908672
anon_thp 28403826688
anon 28410912768
anon_thp 28403826688
anon 28410912768
anon_thp 28403826688
anon 28410912768
anon_thp 28403826688
anon 28410912768
anon_thp 28403826688
anon 28410904576
anon_thp 28403826688
anon 28410908672
anon_thp 28403826688
anon 28410912768
anon_thp 28403826688
anon 28410912768
anon_thp 28403826688
anon 28410904576
anon_thp 28403826688
anon 28410904576
anon_thp 28403826688
anon 28410904576
anon_thp 28403826688
anon 28410904576
anon_thp 28403826688
anon 28410904576
anon_thp 28403826688
anon 28410908672
anon_thp 28403826688
anon 28410908672
anon_thp 28403826688
anon 28410908672
anon_thp 28403826688
anon 28410912768
anon_thp 28403826688
anon 28410912768
anon_thp 28403826688
anon 28410908672
anon_thp 28403826688
anon 28410912768
anon_thp 28403826688
anon 28410908672
anon_thp 28403826688
anon 28410908672
anon_thp 28403826688
anon 28410908672
anon_thp 28403826688
anon 28410908672
anon_thp 28403826688
anon 28410908672
anon_thp 28403826688
anon 28410912768
anon_thp 28403826688
anon 28410912768
anon_thp 28403826688
anon 28410908672
anon_thp 28403826688
anon 28410908672
anon_thp 28403826688
anon 28410908672
anon_thp 28403826688
anon 28410912768
anon_thp 28403826688
anon 28410908672
anon_thp 28403826688
anon 28410912768
anon_thp 28403826688
anon 28410912768
anon_thp 28403826688
anon 28410908672
anon_thp 28403826688
anon 28410912768
anon_thp 28403826688
anon 28410908672
anon_thp 28403826688
anon 28410912768
anon_thp 28403826688
anon 28410908672
anon_thp 28403826688
anon 28410908672
anon_thp 28403826688
anon 28410904576
anon_thp 28403826688
anon 28410912768
anon_thp 28403826688
anon 28410904576
anon_thp 28403826688
anon 28410912768
anon_thp 28403826688
anon 28410912768
anon_thp 28403826688
anon 28410908672
anon_thp 28403826688
anon 28410908672
anon_thp 28403826688
anon 28410908672
anon_thp 28403826688
anon 28410912768
anon_thp 28403826688
anon 28410912768
anon_thp 28403826688
anon 28410908672
anon_thp 28403826688
anon 28410908672
anon_thp 28403826688
anon 28410912768
anon_thp 28403826688
anon 28410908672
anon_thp 28403826688
anon 28410908672
anon_thp 28403826688
