anon 937984
anon_thp 0
anon 4420362240
anon_thp 4418699264
anon 8153292800
anon_thp 8151629824
anon 11578355712
anon_thp 11576279040
anon 14977523712
anon_thp 14973665280
anon 17282293760
anon_thp 17278435328
anon 17282297856
anon_thp 17278435328
anon 17282310144
anon_thp 17278435328
anon 17282314240
anon_thp 17278435328
anon 18612178944
anon_thp 18608029696
anon 20841447424
anon_thp 20837302272
anon 23039262720
anon_thp 23035117568
anon 25299996672
anon_thp 25295847424
anon 25923760128
anon_thp 25918701568
anon 26836021248
anon_thp 26830962688
anon 28410875904
anon_thp 28403826688
anon 28410884096
anon_thp 28403826688
anon 28410880000
anon_thp 28403826688
anon 28410880000
anon_thp 28403826688
anon 28410880000
anon_thp 28403826688
anon 28410884096
anon_thp 28403826688
anon 28410884096
anon_thp 28403826688
anon 28410884096
anon_thp 28403826688
anon 28410880000
anon_thp 28403826688
anon 28410884096
anon_thp 28403826688
anon 28410880000
anon_thp 28403826688
anon 28410880000
anon_thp 28403826688
anon 28410884096
anon_thp 28403826688
anon 28410908672
anon_thp 28403826688
anon 28410912768
anon_thp 28403826688
anon 28410912768
anon_thp 28403826688
anon 28410912768
anon_thp 28403826688
anon 28410916864
anon_thp 28403826688
anon 28410920960
anon_thp 28403826688
anon 28410920960
anon_thp 28403826688
anon 28410912768
anon_thp 28403826688
anon 28410912768
anon_thp 28403826688
anon 28410912768
anon_thp 28403826688
anon 28410920960
anon_thp 28403826688
anon 28410912768
anon_thp 28403826688
anon 28410920960
anon_thp 28403826688
anon 28410920960
anon_thp 28403826688
anon 28410916864
anon_thp 28403826688
anon 28410920960
anon_thp 28403826688
anon 28410920960
anon_thp 28403826688
anon 28410920960
anon_thp 28403826688
anon 28410916864
anon_thp 28403826688
anon 28410920960
anon_thp 28403826688
anon 28410920960
anon_thp 28403826688
anon 28410916864
anon_thp 28403826688
anon 28410912768
anon_thp 28403826688
anon 28410916864
anon_thp 28403826688
anon 28410916864
anon_thp 28403826688
anon 28410916864
anon_thp 28403826688
anon 28410916864
anon_thp 28403826688
anon 28410916864
anon_thp 28403826688
anon 28410920960
anon_thp 28403826688
anon 28410916864
anon_thp 28403826688
anon 28410920960
anon_thp 28403826688
anon 28410920960
anon_thp 28403826688
anon 28410916864
anon_thp 28403826688
anon 28410916864
anon_thp 28403826688
anon 28410916864
anon_thp 28403826688
anon 28410920960
anon_thp 28403826688
anon 28410920960
anon_thp 28403826688
anon 28410916864
anon_thp 28403826688
anon 28410916864
anon_thp 28403826688
anon 28410920960
anon_thp 28403826688
anon 28410920960
anon_thp 28403826688
anon 28410920960
anon_thp 28403826688
anon 28410912768
anon_thp 28403826688
anon 28410916864
anon_thp 28403826688
anon 28410916864
anon_thp 28403826688
anon 28410920960
anon_thp 28403826688
anon 28410916864
anon_thp 28403826688
anon 28410920960
anon_thp 28403826688
anon 28410920960
anon_thp 28403826688
anon 28410920960
anon_thp 28403826688
anon 28410916864
anon_thp 28403826688
anon 28410916864
anon_thp 28403826688
anon 28410916864
anon_thp 28403826688
anon 28410916864
anon_thp 28403826688
anon 28410912768
anon_thp 28403826688
anon 28410916864
anon_thp 28403826688
anon 28410916864
anon_thp 28403826688
anon 28410912768
anon_thp 28403826688
anon 28410916864
anon_thp 28403826688
anon 28410920960
anon_thp 28403826688
anon 28410920960
anon_thp 28403826688
anon 28410916864
anon_thp 28403826688
anon 28410912768
anon_thp 28403826688
anon 28410912768
anon_thp 28403826688
anon 28410916864
anon_thp 28403826688
anon 28410916864
anon_thp 28403826688
anon 28410912768
anon_thp 28403826688
anon 28410920960
anon_thp 28403826688
anon 28410912768
anon_thp 28403826688
anon 28410920960
anon_thp 28403826688
anon 28410916864
anon_thp 28403826688
anon 28410916864
anon_thp 28403826688
anon 28410916864
anon_thp 28403826688
anon 28410912768
anon_thp 28403826688
anon 28410916864
anon_thp 28403826688
anon 28410916864
anon_thp 28403826688
anon 28410920960
anon_thp 28403826688
anon 28410912768
anon_thp 28403826688
anon 28410916864
anon_thp 28403826688
anon 28410920960
anon_thp 28403826688
anon 28410912768
anon_thp 28403826688
anon 28410916864
anon_thp 28403826688
anon 28410912768
anon_thp 28403826688
anon 28410912768
anon_thp 28403826688
anon 28410916864
anon_thp 28403826688
anon 28410916864
anon_thp 28403826688
anon 28410916864
anon_thp 28403826688
anon 28410920960
anon_thp 28403826688
anon 28410920960
anon_thp 28403826688
anon 28410920960
anon_thp 28403826688
anon 28410912768
anon_thp 28403826688
anon 28410920960
anon_thp 28403826688
anon 28410912768
anon_thp 28403826688
anon 28410920960
anon_thp 28403826688
anon 28410912768
anon_thp 28403826688
anon 28410916864
anon_thp 28403826688
anon 28410916864
anon_thp 28403826688
anon 28410912768
anon_thp 28403826688
anon 28410920960
anon_thp 28403826688
anon 28410916864
anon_thp 28403826688
anon 28410920960
anon_thp 28403826688
anon 28410916864
anon_thp 28403826688
anon 28410920960
anon_thp 28403826688
anon 28410916864
anon_thp 28403826688
anon 28410916864
anon_thp 28403826688
anon 28410912768
anon_thp 28403826688
anon 28410912768
anon_thp 28403826688
anon 28410916864
anon_thp 28403826688
anon 28410912768
anon_thp 28403826688
anon 28410916864
anon_thp 28403826688
anon 28410920960
anon_thp 28403826688
anon 28410920960
anon_thp 28403826688
anon 28410912768
anon_thp 28403826688
anon 28410916864
anon_thp 28403826688
anon 28410916864
anon_thp 28403826688
anon 28410916864
anon_thp 28403826688
anon 28410916864
anon_thp 28403826688
anon 28410916864
anon_thp 28403826688
anon 28410912768
anon_thp 28403826688
anon 28410916864
anon_thp 28403826688
anon 28410912768
anon_thp 28403826688
anon 28410920960
anon_thp 28403826688
anon 28410916864
anon_thp 28403826688
anon 28410912768
anon_thp 28403826688
anon 28410916864
anon_thp 28403826688
anon 28410916864
anon_thp 28403826688
anon 28410920960
anon_thp 28403826688
anon 28410916864
anon_thp 28403826688
anon 28410920960
anon_thp 28403826688
anon 28410912768
anon_thp 28403826688
anon 28410916864
anon_thp 28403826688
anon 28410920960
anon_thp 28403826688
anon 28410920960
anon_thp 28403826688
anon 28410916864
anon_thp 28403826688
anon 28410920960
anon_thp 28403826688
anon 28410916864
anon_thp 28403826688
anon 28410920960
anon_thp 28403826688
anon 28410920960
anon_thp 28403826688
anon 28410920960
anon_thp 28403826688
anon 28410916864
anon_thp 28403826688
anon 28410916864
anon_thp 28403826688
anon 28410912768
anon_thp 28403826688
anon 28410916864
anon_thp 28403826688
anon 28410920960
anon_thp 28403826688
anon 28410916864
anon_thp 28403826688
anon 28410920960
anon_thp 28403826688
anon 28410920960
anon_thp 28403826688
anon 28410916864
anon_thp 28403826688
anon 28410916864
anon_thp 28403826688
anon 28410916864
anon_thp 28403826688
anon 28410912768
anon_thp 28403826688
anon 28410920960
anon_thp 28403826688
anon 28410920960
anon_thp 28403826688
anon 28410916864
anon_thp 28403826688
anon 28410912768
anon_thp 28403826688
anon 28410912768
anon_thp 28403826688
anon 28410916864
anon_thp 28403826688
anon 28410912768
anon_thp 28403826688
anon 28410916864
anon_thp 28403826688
anon 28410912768
anon_thp 28403826688
anon 28410916864
anon_thp 28403826688
anon 28410920960
anon_thp 28403826688
anon 28410920960
anon_thp 28403826688
anon 28410920960
anon_thp 28403826688
anon 28410920960
anon_thp 28403826688
anon 28410916864
anon_thp 28403826688
anon 28410912768
anon_thp 28403826688
anon 28410916864
anon_thp 28403826688
anon 28410912768
anon_thp 28403826688
anon 28410920960
anon_thp 28403826688
anon 28410916864
anon_thp 28403826688
anon 28410916864
anon_thp 28403826688
anon 28410912768
anon_thp 28403826688
anon 28410920960
anon_thp 28403826688
anon 28410920960
anon_thp 28403826688
anon 28410916864
anon_thp 28403826688
anon 28410916864
anon_thp 28403826688
anon 28410912768
anon_thp 28403826688
anon 28410916864
anon_thp 28403826688
anon 28410916864
anon_thp 28403826688
anon 28410916864
anon_thp 28403826688
anon 28410912768
anon_thp 28403826688
anon 28410912768
anon_thp 28403826688
anon 28410920960
anon_thp 28403826688
anon 28410916864
anon_thp 28403826688
anon 28410916864
anon_thp 28403826688
anon 28410916864
anon_thp 28403826688
anon 28410916864
anon_thp 28403826688
anon 28410916864
anon_thp 28403826688
anon 28410920960
anon_thp 28403826688
anon 28410916864
anon_thp 28403826688
anon 28410920960
anon_thp 28403826688
anon 28410916864
anon_thp 28403826688
anon 28410912768
anon_thp 28403826688
anon 28410916864
anon_thp 28403826688
anon 28410916864
anon_thp 28403826688
anon 28410916864
anon_thp 28403826688
anon 28410916864
anon_thp 28403826688
anon 28410916864
anon_thp 28403826688
anon 28410920960
anon_thp 28403826688
anon 28410920960
anon_thp 28403826688
anon 28410920960
anon_thp 28403826688
anon 28410916864
anon_thp 28403826688
anon 28410916864
anon_thp 28403826688
anon 28410920960
anon_thp 28403826688
anon 28410912768
anon_thp 28403826688
anon 28410920960
anon_thp 28403826688
anon 28410916864
anon_thp 28403826688
anon 28410916864
anon_thp 28403826688
anon 28410920960
anon_thp 28403826688
anon 28410916864
anon_thp 28403826688
anon 28410916864
anon_thp 28403826688
anon 28410916864
anon_thp 28403826688
anon 28410920960
anon_thp 28403826688
anon 28410916864
anon_thp 28403826688
anon 28410920960
anon_thp 28403826688
anon 28410920960
anon_thp 28403826688
anon 28410916864
anon_thp 28403826688
anon 28410916864
anon_thp 28403826688
anon 28410912768
anon_thp 28403826688
anon 28410912768
anon_thp 28403826688
anon 28410916864
anon_thp 28403826688
anon 28410916864
anon_thp 28403826688
anon 28410916864
anon_thp 28403826688
anon 28410920960
anon_thp 28403826688
anon 28410916864
anon_thp 28403826688
anon 28410920960
anon_thp 28403826688
anon 28410912768
anon_thp 28403826688
anon 28410920960
anon_thp 28403826688
anon 28410920960
anon_thp 28403826688
anon 28410916864
anon_thp 28403826688
anon 28410916864
anon_thp 28403826688
anon 28410912768
anon_thp 28403826688
anon 28410912768
anon_thp 28403826688
anon 28410916864
anon_thp 28403826688
anon 28410920960
anon_thp 28403826688
anon 28410916864
anon_thp 28403826688
anon 28410916864
anon_thp 28403826688
anon 28410916864
anon_thp 28403826688
anon 28410916864
anon_thp 28403826688
anon 28410912768
anon_thp 28403826688
anon 28410916864
anon_thp 28403826688
anon 28410916864
anon_thp 28403826688
anon 28410916864
anon_thp 28403826688
anon 28410916864
anon_thp 28403826688
anon 28410920960
anon_thp 28403826688
anon 28410916864
anon_thp 28403826688
anon 28410912768
anon_thp 28403826688
anon 28410916864
anon_thp 28403826688
anon 28410916864
anon_thp 28403826688
anon 28410916864
anon_thp 28403826688
anon 28410916864
anon_thp 28403826688
anon 28410916864
anon_thp 28403826688
anon 28410912768
anon_thp 28403826688
anon 28410920960
anon_thp 28403826688
anon 28410916864
anon_thp 28403826688
anon 28410916864
anon_thp 28403826688
anon 28410916864
anon_thp 28403826688
anon 28410912768
anon_thp 28403826688
anon 28410920960
anon_thp 28403826688
anon 28410916864
anon_thp 28403826688
anon 28410920960
anon_thp 28403826688
anon 28410920960
anon_thp 28403826688
anon 28410920960
anon_thp 28403826688
anon 28410916864
anon_thp 28403826688
anon 28410912768
anon_thp 28403826688
anon 28410916864
anon_thp 28403826688
anon 28410920960
anon_thp 28403826688
anon 28410916864
anon_thp 28403826688
anon 28410916864
anon_thp 28403826688
anon 28410920960
anon_thp 28403826688
anon 28410916864
anon_thp 28403826688
anon 28410912768
anon_thp 28403826688
anon 28410916864
anon_thp 28403826688
anon 28410916864
anon_thp 28403826688
anon 28410916864
anon_thp 28403826688
anon 28410920960
anon_thp 28403826688
anon 28410916864
anon_thp 28403826688
anon 28410920960
anon_thp 28403826688
anon 28410916864
anon_thp 28403826688
anon 28410916864
anon_thp 28403826688
anon 28410916864
anon_thp 28403826688
anon 28410920960
anon_thp 28403826688
anon 28410916864
anon_thp 28403826688
anon 28410916864
anon_thp 28403826688
anon 28410920960
anon_thp 28403826688
anon 28410920960
anon_thp 28403826688
anon 28410916864
anon_thp 28403826688
anon 28410916864
anon_thp 28403826688
anon 28410912768
anon_thp 28403826688
anon 28410920960
anon_thp 28403826688
anon 28410916864
anon_thp 28403826688
anon 28410920960
anon_thp 28403826688
anon 28410916864
anon_thp 28403826688
anon 28410920960
anon_thp 28403826688
anon 28410920960
anon_thp 28403826688
anon 28410916864
anon_thp 28403826688
anon 28410920960
anon_thp 28403826688
anon 28410916864
anon_thp 28403826688
anon 28410916864
anon_thp 28403826688
anon 28410920960
anon_thp 28403826688
anon 28410920960
anon_thp 28403826688
anon 28410920960
anon_thp 28403826688
anon 28410920960
anon_thp 28403826688
anon 28410920960
anon_thp 28403826688
anon 28410920960
anon_thp 28403826688
anon 28410916864
anon_thp 28403826688
anon 28410920960
anon_thp 28403826688
anon 28410916864
anon_thp 28403826688
anon 28410912768
anon_thp 28403826688
anon 28410912768
anon_thp 28403826688
anon 28410920960
anon_thp 28403826688
anon 28410920960
anon_thp 28403826688
anon 28410920960
anon_thp 28403826688
anon 28410912768
anon_thp 28403826688
anon 28410920960
anon_thp 28403826688
anon 28410916864
anon_thp 28403826688
anon 28410920960
anon_thp 28403826688
anon 28410916864
anon_thp 28403826688
anon 28410920960
anon_thp 28403826688
anon 28410916864
anon_thp 28403826688
anon 28410916864
anon_thp 28403826688
anon 28410920960
anon_thp 28403826688
anon 28410912768
anon_thp 28403826688
anon 28410912768
anon_thp 28403826688
anon 28410912768
anon_thp 28403826688
anon 28410912768
anon_thp 28403826688
anon 28410916864
anon_thp 28403826688
anon 28410920960
anon_thp 28403826688
anon 28410916864
anon_thp 28403826688
anon 28410916864
anon_thp 28403826688
anon 28410916864
anon_thp 28403826688
anon 28410912768
anon_thp 28403826688
anon 28410916864
anon_thp 28403826688
anon 28410920960
anon_thp 28403826688
anon 28410912768
anon_thp 28403826688
anon 28410920960
anon_thp 28403826688
anon 28410916864
anon_thp 28403826688
anon 28410920960
anon_thp 28403826688
anon 28410916864
anon_thp 28403826688
anon 28410916864
anon_thp 28403826688
anon 28410920960
anon_thp 28403826688
anon 28410916864
anon_thp 28403826688
anon 28410916864
anon_thp 28403826688
anon 28410920960
anon_thp 28403826688
anon 28410916864
anon_thp 28403826688
anon 28410916864
anon_thp 28403826688
anon 28410912768
anon_thp 28403826688
anon 28410920960
anon_thp 28403826688
anon 28410916864
anon_thp 28403826688
anon 28410912768
anon_thp 28403826688
anon 28410916864
anon_thp 28403826688
anon 28410916864
anon_thp 28403826688
anon 28410916864
anon_thp 28403826688
anon 28410916864
anon_thp 28403826688
anon 28410916864
anon_thp 28403826688
anon 28410920960
anon_thp 28403826688
anon 28410916864
anon_thp 28403826688
anon 28410912768
anon_thp 28403826688
anon 28410912768
anon_thp 28403826688
anon 28410916864
anon_thp 28403826688
anon 28410920960
anon_thp 28403826688
anon 28410920960
anon_thp 28403826688
anon 28410916864
anon_thp 28403826688
anon 28410920960
anon_thp 28403826688
anon 28410912768
anon_thp 28403826688
anon 28410916864
anon_thp 28403826688
anon 28410916864
anon_thp 28403826688
anon 28410920960
anon_thp 28403826688
anon 28410916864
anon_thp 28403826688
anon 28410916864
anon_thp 28403826688
anon 28410916864
anon_thp 28403826688
anon 28410916864
anon_thp 28403826688
anon 28410916864
anon_thp 28403826688
anon 28410916864
anon_thp 28403826688
anon 28410916864
anon_thp 28403826688
anon 28410916864
anon_thp 28403826688
anon 28410916864
anon_thp 28403826688
anon 28410912768
anon_thp 28403826688
anon 28410920960
anon_thp 28403826688
anon 28410916864
anon_thp 28403826688
anon 28410920960
anon_thp 28403826688
anon 28410916864
anon_thp 28403826688
anon 28410916864
anon_thp 28403826688
anon 28410920960
anon_thp 28403826688
anon 28410916864
anon_thp 28403826688
anon 28410916864
anon_thp 28403826688
anon 28410916864
anon_thp 28403826688
anon 28410916864
anon_thp 28403826688
anon 28410920960
anon_thp 28403826688
anon 28410916864
anon_thp 28403826688
anon 28410916864
anon_thp 28403826688
anon 28410920960
anon_thp 28403826688
anon 28410920960
anon_thp 28403826688
anon 28410912768
anon_thp 28403826688
anon 28410916864
anon_thp 28403826688
anon 28410916864
anon_thp 28403826688
anon 28410912768
anon_thp 28403826688
anon 28410912768
anon_thp 28403826688
anon 28410912768
anon_thp 28403826688
anon 28410912768
anon_thp 28403826688
anon 28410916864
anon_thp 28403826688
anon 28410916864
anon_thp 28403826688
anon 28410916864
anon_thp 28403826688
anon 28410920960
anon_thp 28403826688
anon 28410916864
anon_thp 28403826688
anon 28410916864
anon_thp 28403826688
anon 28410916864
anon_thp 28403826688
anon 28410920960
anon_thp 28403826688
anon 28410912768
anon_thp 28403826688
anon 28410920960
anon_thp 28403826688
anon 28410916864
anon_thp 28403826688
anon 28410912768
anon_thp 28403826688
anon 28410916864
anon_thp 28403826688
anon 28410916864
anon_thp 28403826688
anon 28410916864
anon_thp 28403826688
anon 28410916864
anon_thp 28403826688
anon 28410916864
anon_thp 28403826688
anon 28410916864
anon_thp 28403826688
anon 28410916864
anon_thp 28403826688
anon 28410912768
anon_thp 28403826688
anon 28410920960
anon_thp 28403826688
anon 28410920960
anon_thp 28403826688
anon 28410916864
anon_thp 28403826688
anon 28410912768
anon_thp 28403826688
anon 28410916864
anon_thp 28403826688
anon 28410916864
anon_thp 28403826688
anon 28410916864
anon_thp 28403826688
anon 28410920960
anon_thp 28403826688
anon 28410912768
anon_thp 28403826688
anon 28410916864
anon_thp 28403826688
anon 28410920960
anon_thp 28403826688
anon 28410916864
anon_thp 28403826688
anon 28410912768
anon_thp 28403826688
anon 28410916864
anon_thp 28403826688
anon 28410912768
anon_thp 28403826688
anon 28410916864
anon_thp 28403826688
anon 28410916864
anon_thp 28403826688
anon 28410916864
anon_thp 28403826688
anon 28410916864
anon_thp 28403826688
anon 28410916864
anon_thp 28403826688
anon 28410920960
anon_thp 28403826688
anon 28410916864
anon_thp 28403826688
anon 28410916864
anon_thp 28403826688
anon 28410916864
anon_thp 28403826688
anon 28410912768
anon_thp 28403826688
anon 28410916864
anon_thp 28403826688
anon 28410920960
anon_thp 28403826688
anon 28410920960
anon_thp 28403826688
anon 28410920960
anon_thp 28403826688
anon 28410920960
anon_thp 28403826688
anon 28410912768
anon_thp 28403826688
anon 28410916864
anon_thp 28403826688
anon 28410916864
anon_thp 28403826688
anon 28410920960
anon_thp 28403826688
anon 28410916864
anon_thp 28403826688
anon 28410920960
anon_thp 28403826688
anon 28410920960
anon_thp 28403826688
anon 28410912768
anon_thp 28403826688
anon 28410916864
anon_thp 28403826688
anon 28410920960
anon_thp 28403826688
anon 28410920960
anon_thp 28403826688
anon 28410920960
anon_thp 28403826688
anon 28410916864
anon_thp 28403826688
anon 28410916864
anon_thp 28403826688
anon 28410916864
anon_thp 28403826688
anon 28410920960
anon_thp 28403826688
anon 28410912768
anon_thp 28403826688
anon 28410916864
anon_thp 28403826688
anon 28410916864
anon_thp 28403826688
anon 28410920960
anon_thp 28403826688
anon 28410916864
anon_thp 28403826688
anon 28410920960
anon_thp 28403826688
anon 28410916864
anon_thp 28403826688
anon 28410916864
anon_thp 28403826688
anon 28410920960
anon_thp 28403826688
anon 28410920960
anon_thp 28403826688
anon 28410912768
anon_thp 28403826688
anon 28410916864
anon_thp 28403826688
anon 28410916864
anon_thp 28403826688
anon 28410916864
anon_thp 28403826688
anon 28410916864
anon_thp 28403826688
anon 28410920960
anon_thp 28403826688
anon 28410912768
anon_thp 28403826688
anon 28410920960
anon_thp 28403826688
anon 28410916864
anon_thp 28403826688
anon 28410920960
anon_thp 28403826688
anon 28410916864
anon_thp 28403826688
anon 28410916864
anon_thp 28403826688
anon 28410912768
anon_thp 28403826688
anon 28410920960
anon_thp 28403826688
anon 28410916864
anon_thp 28403826688
anon 28410916864
anon_thp 28403826688
anon 28410920960
anon_thp 28403826688
anon 28410916864
anon_thp 28403826688
anon 28410916864
anon_thp 28403826688
anon 28410912768
anon_thp 28403826688
anon 28410920960
anon_thp 28403826688
anon 28410916864
anon_thp 28403826688
anon 28410916864
anon_thp 28403826688
anon 28410916864
anon_thp 28403826688
anon 28410912768
anon_thp 28403826688
anon 28410920960
anon_thp 28403826688
anon 28410916864
anon_thp 28403826688
anon 28410916864
anon_thp 28403826688
anon 28410916864
anon_thp 28403826688
anon 28410970112
anon_thp 28403826688
anon 28410916864
anon_thp 28403826688
anon 28410912768
anon_thp 28403826688
anon 28410920960
anon_thp 28403826688
anon 28410920960
anon_thp 28403826688
anon 28410912768
anon_thp 28403826688
anon 28410916864
anon_thp 28403826688
anon 28410912768
anon_thp 28403826688
anon 28410920960
anon_thp 28403826688
anon 28410916864
anon_thp 28403826688
anon 28410920960
anon_thp 28403826688
anon 28410920960
anon_thp 28403826688
anon 28410916864
anon_thp 28403826688
anon 28410920960
anon_thp 28403826688
anon 28410912768
anon_thp 28403826688
anon 28410916864
anon_thp 28403826688
anon 28410920960
anon_thp 28403826688
anon 28410916864
anon_thp 28403826688
