hot 60509043 warm 51638852 cold 71021124
hot 60509021 warm 51638852 cold 71021124
hot 60509529 warm 51638852 cold 71021124
hot 60509525 warm 51638852 cold 71021124
hot 60509521 warm 51638852 cold 71021124
hot 60522317 warm 51638852 cold 71021124
hot 60617545 warm 51638852 cold 71021124
hot 60641605 warm 51638852 cold 71021124
hot 60641601 warm 51638852 cold 71021124
hot 60702013 warm 51638852 cold 71021124
hot 60757305 warm 51638852 cold 71021124
hot 60810037 warm 51638852 cold 71021124
hot 60882737 warm 51638852 cold 71021124
hot 60910381 warm 51638852 cold 71021124
hot 60920105 warm 51638852 cold 71021124
hot 60953893 warm 51638852 cold 71021125
hot 60955937 warm 51638852 cold 71021125
hot 60955933 warm 51638852 cold 71021125
hot 60955929 warm 51638852 cold 71021125
hot 60957461 warm 51638852 cold 71021125
hot 60957457 warm 51638852 cold 71021125
hot 60957965 warm 51638852 cold 71021125
hot 60957961 warm 51638852 cold 71021125
hot 60957957 warm 51638852 cold 71021125
hot 60957953 warm 51638852 cold 71021125
hot 60957949 warm 51638852 cold 71021125
hot 60957945 warm 51638852 cold 71021125
hot 60957941 warm 51638852 cold 71021125
hot 60957937 warm 51638852 cold 71021125
hot 60957933 warm 51638852 cold 71021125
hot 60957929 warm 51638852 cold 71021125
hot 60957925 warm 51638852 cold 71021125
hot 60957921 warm 51638852 cold 71021125
hot 60957917 warm 51638852 cold 71021125
hot 60958425 warm 51638852 cold 71021125
hot 60958421 warm 51638852 cold 71021125
hot 60958417 warm 51638852 cold 71021125
hot 60958413 warm 51638852 cold 71021125
hot 60958409 warm 51638852 cold 71021125
hot 60958405 warm 51638852 cold 71021125
hot 60958401 warm 51638852 cold 71021125
hot 60958397 warm 51638852 cold 71021125
hot 60958905 warm 51638852 cold 71021125
hot 60959413 warm 51638852 cold 71021125
hot 60959409 warm 51638852 cold 71021125
hot 60959405 warm 51638852 cold 71021125
hot 60959401 warm 51638852 cold 71021125
hot 60959397 warm 51638852 cold 71021125
hot 60959393 warm 51638852 cold 71021125
hot 60959389 warm 51638852 cold 71021125
hot 60959385 warm 51638852 cold 71021125
hot 60959381 warm 51638852 cold 71021125
hot 60959377 warm 51638852 cold 71021125
hot 60959373 warm 51638852 cold 71021125
hot 60959369 warm 51638852 cold 71021125
hot 60959365 warm 51638852 cold 71021125
hot 60959361 warm 51638852 cold 71021125
hot 60959357 warm 51638852 cold 71021125
hot 60959353 warm 51638852 cold 71021125
hot 60959349 warm 51638852 cold 71021125
hot 60959345 warm 51638852 cold 71021125
hot 60959341 warm 51638852 cold 71021125
hot 60959337 warm 51638852 cold 71021125
hot 60959333 warm 51638852 cold 71021125
hot 60959841 warm 51638852 cold 71021125
hot 60959837 warm 51638852 cold 71021125
hot 60959833 warm 51638852 cold 71021125
hot 60959829 warm 51638852 cold 71021125
hot 60959825 warm 51638852 cold 71021125
hot 60959821 warm 51638852 cold 71021125
hot 60959817 warm 51638852 cold 71021125
hot 60959813 warm 51638852 cold 71021125
hot 60959809 warm 51638852 cold 71021125
hot 60959805 warm 51638852 cold 71021125
hot 60959801 warm 51638852 cold 71021125
hot 60959797 warm 51638852 cold 71021125
hot 60959793 warm 51638852 cold 71021125
hot 60959789 warm 51638852 cold 71021125
hot 60959785 warm 51638852 cold 71021125
hot 60959781 warm 51638852 cold 71021125
hot 60959777 warm 51638852 cold 71021125
hot 60959773 warm 51638852 cold 71021125
hot 60959769 warm 51638852 cold 71021125
hot 60959765 warm 51638852 cold 71021125
hot 60959761 warm 51638852 cold 71021125
hot 60959757 warm 51638852 cold 71021125
hot 60959753 warm 51638852 cold 71021125
hot 60959749 warm 51638852 cold 71021125
hot 60959745 warm 51638852 cold 71021125
hot 60959741 warm 51638852 cold 71021125
hot 60959737 warm 51638852 cold 71021125
hot 60959733 warm 51638852 cold 71021125
hot 60959729 warm 51638852 cold 71021125
hot 60959725 warm 51638852 cold 71021125
hot 60959721 warm 51638852 cold 71021125
hot 60960229 warm 51638852 cold 71021125
hot 60960225 warm 51638852 cold 71021125
hot 60960221 warm 51638852 cold 71021125
hot 60960217 warm 51638852 cold 71021125
hot 60960213 warm 51638852 cold 71021125
hot 60960209 warm 51638852 cold 71021125
hot 60960717 warm 51638852 cold 71021125
hot 60960713 warm 51638852 cold 71021125
hot 60960709 warm 51638852 cold 71021125
hot 60960705 warm 51638852 cold 71021125
hot 60960701 warm 51638852 cold 71021125
hot 60960697 warm 51638852 cold 71021125
hot 60960693 warm 51638852 cold 71021125
hot 60960689 warm 51638852 cold 71021125
hot 60960685 warm 51638852 cold 71021125
hot 60960681 warm 51638852 cold 71021125
hot 60960677 warm 51638852 cold 71021125
hot 60960673 warm 51638852 cold 71021125
hot 60960669 warm 51638852 cold 71021125
hot 60960665 warm 51638852 cold 71021125
hot 60960661 warm 51638852 cold 71021125
hot 60960657 warm 51638852 cold 71021125
hot 60960653 warm 51638852 cold 71021125
hot 60960649 warm 51638852 cold 71021125
hot 60960645 warm 51638852 cold 71021125
hot 60960641 warm 51638852 cold 71021125
hot 60960637 warm 51638852 cold 71021125
hot 60960633 warm 51638852 cold 71021125
hot 60960629 warm 51638852 cold 71021125
hot 60960625 warm 51638852 cold 71021125
hot 60960621 warm 51638852 cold 71021125
hot 60960617 warm 51638852 cold 71021125
hot 60960613 warm 51638852 cold 71021125
hot 60960609 warm 51638852 cold 71021125
hot 60960605 warm 51638852 cold 71021125
hot 60960601 warm 51638852 cold 71021125
hot 60960597 warm 51638852 cold 71021125
hot 60960593 warm 51638852 cold 71021125
hot 60960589 warm 51638852 cold 71021125
hot 60960585 warm 51638852 cold 71021125
hot 60961093 warm 51638852 cold 71021125
hot 60961089 warm 51638852 cold 71021125
hot 60961085 warm 51638852 cold 71021125
hot 60961081 warm 51638852 cold 71021125
hot 60961077 warm 51638852 cold 71021125
hot 60961073 warm 51638852 cold 71021125
hot 60961069 warm 51638852 cold 71021125
hot 60961065 warm 51638852 cold 71021125
hot 60961061 warm 51638852 cold 71021125
hot 60961057 warm 51638852 cold 71021125
hot 60961053 warm 51638852 cold 71021125
hot 60961049 warm 51638852 cold 71021125
hot 60961045 warm 51638852 cold 71021125
hot 60961041 warm 51638852 cold 71021125
hot 60961037 warm 51638852 cold 71021125
hot 60961033 warm 51638852 cold 71021125
hot 60961029 warm 51638852 cold 71021125
hot 60961025 warm 51638852 cold 71021125
hot 60961021 warm 51638852 cold 71021125
hot 60961017 warm 51638852 cold 71021125
hot 60961013 warm 51638852 cold 71021125
hot 60961009 warm 51638852 cold 71021125
hot 60961005 warm 51638852 cold 71021125
hot 60961001 warm 51638852 cold 71021125
hot 60960997 warm 51638852 cold 71021125
hot 60960993 warm 51638852 cold 71021125
hot 60960989 warm 51638852 cold 71021125
hot 60960985 warm 51638852 cold 71021125
hot 60960981 warm 51638852 cold 71021125
hot 60960977 warm 51638852 cold 71021125
hot 60960973 warm 51638852 cold 71021125
hot 60960969 warm 51638852 cold 71021125
hot 60960965 warm 51638852 cold 71021125
hot 60960961 warm 51638852 cold 71021125
hot 60960957 warm 51638852 cold 71021125
hot 60960953 warm 51638852 cold 71021125
hot 60960949 warm 51638852 cold 71021125
hot 60960945 warm 51638852 cold 71021125
hot 60960941 warm 51638852 cold 71021125
hot 60960937 warm 51638852 cold 71021125
hot 60960933 warm 51638852 cold 71021125
hot 60960929 warm 51638852 cold 71021125
hot 60960925 warm 51638852 cold 71021125
hot 60960921 warm 51638852 cold 71021125
hot 60960917 warm 51638852 cold 71021125
hot 60960913 warm 51638852 cold 71021125
hot 60960909 warm 51638852 cold 71021125
hot 60960905 warm 51638852 cold 71021125
hot 60960901 warm 51638852 cold 71021125
hot 60960897 warm 51638852 cold 71021125
hot 60960893 warm 51638852 cold 71021125
hot 60960889 warm 51638852 cold 71021125
hot 60960885 warm 51638852 cold 71021125
hot 60960881 warm 51638852 cold 71021125
hot 60960877 warm 51638852 cold 71021125
hot 60960873 warm 51638852 cold 71021125
hot 60960869 warm 51638852 cold 71021125
hot 60960865 warm 51638852 cold 71021125
hot 60960861 warm 51638852 cold 71021125
hot 60960857 warm 51638852 cold 71021125
hot 60960853 warm 51638852 cold 71021125
hot 60960849 warm 51638852 cold 71021125
hot 60960845 warm 51638852 cold 71021125
hot 60961353 warm 51638852 cold 71021125
hot 60961349 warm 51638852 cold 71021125
hot 60961345 warm 51638852 cold 71021125
hot 60961341 warm 51638852 cold 71021125
hot 60961337 warm 51638852 cold 71021125
hot 60961333 warm 51638852 cold 71021125
hot 60961329 warm 51638852 cold 71021125
hot 60961325 warm 51638852 cold 71021125
hot 60961321 warm 51638852 cold 71021125
hot 60961317 warm 51638852 cold 71021125
hot 60961313 warm 51638852 cold 71021125
hot 60961309 warm 51638852 cold 71021125
hot 60961305 warm 51638852 cold 71021125
hot 60961301 warm 51638852 cold 71021125
hot 60961297 warm 51638852 cold 71021125
hot 60961293 warm 51638852 cold 71021125
hot 60961289 warm 51638852 cold 71021125
hot 60961285 warm 51638852 cold 71021125
hot 60961281 warm 51638852 cold 71021125
hot 60961277 warm 51638852 cold 71021125
hot 60961273 warm 51638852 cold 71021125
hot 60961269 warm 51638852 cold 71021125
hot 60961265 warm 51638852 cold 71021125
hot 60961261 warm 51638852 cold 71021125
hot 60961257 warm 51638852 cold 71021125
hot 60961253 warm 51638852 cold 71021125
hot 60961249 warm 51638852 cold 71021125
hot 60961245 warm 51638852 cold 71021125
hot 60961241 warm 51638852 cold 71021125
hot 60961237 warm 51638852 cold 71021125
hot 60961233 warm 51638852 cold 71021125
hot 60961229 warm 51638852 cold 71021125
hot 61059534 warm 51638852 cold 71021125
hot 61284820 warm 51638852 cold 71021125
hot 61317584 warm 51638852 cold 71021125
hot 61317580 warm 51638852 cold 71021125
hot 61365710 warm 51638852 cold 71021125
hot 61365706 warm 51638852 cold 71021125
hot 61369286 warm 51638852 cold 71021125
hot 61384642 warm 51638852 cold 71021125
hot 61409731 warm 51638852 cold 71021125
hot 61409738 warm 51638852 cold 71021125
hot 61409734 warm 51638852 cold 71021125
hot 61409730 warm 51638852 cold 71021125
hot 61409727 warm 51638852 cold 71021125
hot 61409723 warm 51638852 cold 71021125
hot 61409722 warm 51638852 cold 71021125
hot 61409718 warm 51638852 cold 71021125
hot 61409715 warm 51638852 cold 71021125
hot 61410223 warm 51638852 cold 71021125
hot 61410732 warm 51638852 cold 71021125
hot 61410737 warm 51638852 cold 71021125
hot 61410733 warm 51638852 cold 71021125
hot 61410729 warm 51638852 cold 71021125
hot 61410732 warm 51638852 cold 71021125
hot 61410728 warm 51638852 cold 71021125
hot 61410731 warm 51638852 cold 71021125
hot 61410727 warm 51638852 cold 71021125
hot 61410723 warm 51638852 cold 71021125
hot 61410720 warm 51638852 cold 71021125
hot 61411229 warm 51638852 cold 71021125
hot 61411227 warm 51638852 cold 71021125
hot 61411224 warm 51638852 cold 71021125
hot 61411220 warm 51638852 cold 71021125
hot 61411220 warm 51638852 cold 71021125
hot 61411216 warm 51638852 cold 71021125
hot 61411218 warm 51638852 cold 71021125
hot 61411214 warm 51638852 cold 71021125
hot 61411210 warm 51638852 cold 71021125
hot 61411207 warm 51638852 cold 71021125
hot 61411203 warm 51638852 cold 71021125
hot 61411201 warm 51638852 cold 71021125
hot 61411205 warm 51638852 cold 71021125
hot 61411201 warm 51638852 cold 71021125
hot 61411204 warm 51638852 cold 71021125
hot 61411200 warm 51638852 cold 71021125
hot 61411200 warm 51638852 cold 71021125
hot 61411196 warm 51638852 cold 71021125
hot 61411192 warm 51638852 cold 71021125
hot 61411188 warm 51638852 cold 71021125
hot 61411697 warm 51638852 cold 71021125
hot 61411694 warm 51638852 cold 71021125
hot 61411696 warm 51638852 cold 71021125
hot 61411692 warm 51638852 cold 71021125
hot 61411695 warm 51638852 cold 71021125
hot 61411691 warm 51638852 cold 71021125
hot 61411687 warm 51638852 cold 71021125
hot 61411690 warm 51638852 cold 71021125
hot 61411686 warm 51638852 cold 71021125
hot 61411683 warm 51638852 cold 71021125
hot 61412192 warm 51638852 cold 71021125
hot 61412188 warm 51638852 cold 71021125
hot 61412188 warm 51638852 cold 71021125
hot 61412184 warm 51638852 cold 71021125
hot 61412180 warm 51638852 cold 71021125
hot 61412179 warm 51638852 cold 71021125
hot 61412175 warm 51638852 cold 71021125
hot 61412175 warm 51638852 cold 71021125
hot 61412171 warm 51638852 cold 71021125
hot 61412167 warm 51638852 cold 71021125
hot 61412163 warm 51638852 cold 71021125
hot 61412159 warm 51638852 cold 71021125
hot 61412163 warm 51638852 cold 71021125
hot 61412159 warm 51638852 cold 71021125
hot 61412155 warm 51638852 cold 71021125
hot 61412154 warm 51638852 cold 71021125
hot 61412150 warm 51638852 cold 71021125
hot 61412665 warm 51638852 cold 71021125
hot 61412661 warm 51638852 cold 71021125
hot 61412657 warm 51638852 cold 71021125
hot 61412653 warm 51638852 cold 71021125
hot 61412649 warm 51638852 cold 71021125
hot 61412646 warm 51638852 cold 71021125
hot 61412647 warm 51638852 cold 71021125
hot 61412643 warm 51638852 cold 71021125
hot 61412643 warm 51638852 cold 71021125
hot 61412639 warm 51638852 cold 71021125
hot 61412640 warm 51638852 cold 71021125
hot 61412636 warm 51638852 cold 71021125
hot 61412632 warm 51638852 cold 71021125
hot 61412628 warm 51638852 cold 71021125
hot 61412624 warm 51638852 cold 71021125
hot 61412622 warm 51638852 cold 71021125
hot 61412620 warm 51638852 cold 71021125
hot 61412616 warm 51638852 cold 71021125
hot 61412616 warm 51638852 cold 71021125
hot 61412612 warm 51638852 cold 71021125
hot 61412609 warm 51638852 cold 71021125
hot 61412605 warm 51638852 cold 71021125
hot 61412601 warm 51638852 cold 71021125
hot 61412598 warm 51638852 cold 71021125
hot 61412594 warm 51638852 cold 71021125
hot 61412590 warm 51638852 cold 71021125
hot 61412590 warm 51638852 cold 71021125
hot 61412586 warm 51638852 cold 71021125
hot 61412583 warm 51638852 cold 71021125
hot 61412579 warm 51638852 cold 71021125
hot 61412575 warm 51638852 cold 71021125
hot 61412574 warm 51638852 cold 71021125
hot 61412570 warm 51638852 cold 71021125
hot 61412567 warm 51638852 cold 71021125
hot 61412563 warm 51638852 cold 71021125
hot 61412561 warm 51638852 cold 71021125
hot 61412563 warm 51638852 cold 71021125
hot 61412559 warm 51638852 cold 71021125
hot 61412555 warm 51638852 cold 71021125
hot 61412554 warm 51638852 cold 71021125
hot 61412550 warm 51638852 cold 71021125
hot 61412548 warm 51638852 cold 71021125
hot 61412544 warm 51638852 cold 71021125
hot 61412540 warm 51638852 cold 71021125
hot 61412536 warm 51638852 cold 71021125
hot 61412532 warm 51638852 cold 71021125
hot 61412532 warm 51638852 cold 71021125
hot 61412528 warm 51638852 cold 71021125
hot 61412524 warm 51638852 cold 71021125
hot 61412523 warm 51638852 cold 71021125
hot 61412519 warm 51638852 cold 71021125
hot 61412515 warm 51638852 cold 71021125
hot 61412511 warm 51638852 cold 71021125
hot 61412507 warm 51638852 cold 71021125
hot 61412503 warm 51638852 cold 71021125
hot 61412499 warm 51638852 cold 71021125
hot 61412496 warm 51638852 cold 71021125
hot 61412496 warm 51638852 cold 71021125
hot 61412492 warm 51638852 cold 71021125
hot 61412490 warm 51638852 cold 71021125
hot 61412486 warm 51638852 cold 71021125
hot 61412484 warm 51638852 cold 71021125
hot 61412480 warm 51638852 cold 71021125
hot 61412476 warm 51638852 cold 71021125
hot 61412472 warm 51638852 cold 71021125
hot 61412468 warm 51638852 cold 71021125
hot 61412464 warm 51638852 cold 71021125
hot 61412464 warm 51638852 cold 71021125
hot 61412460 warm 51638852 cold 71021125
hot 61412461 warm 51638852 cold 71021125
hot 61412457 warm 51638852 cold 71021125
hot 61412456 warm 51638852 cold 71021125
hot 61412452 warm 51638852 cold 71021125
hot 61412448 warm 51638852 cold 71021125
hot 61412444 warm 51638852 cold 71021125
hot 61412440 warm 51638852 cold 71021125
hot 61412437 warm 51638852 cold 71021125
hot 61412438 warm 51638852 cold 71021125
hot 61412434 warm 51638852 cold 71021125
hot 61412432 warm 51638852 cold 71021125
hot 61412428 warm 51638852 cold 71021125
hot 61412424 warm 51638852 cold 71021125
hot 61412423 warm 51638852 cold 71021125
hot 61412419 warm 51638852 cold 71021125
hot 61412415 warm 51638852 cold 71021125
hot 61412411 warm 51638852 cold 71021125
hot 61412409 warm 51638852 cold 71021125
hot 61412407 warm 51638852 cold 71021125
hot 61412403 warm 51638852 cold 71021125
hot 61412399 warm 51638852 cold 71021125
hot 61412398 warm 51638852 cold 71021125
hot 61412394 warm 51638852 cold 71021125
hot 61412390 warm 51638852 cold 71021125
hot 61412386 warm 51638852 cold 71021125
hot 61412382 warm 51638852 cold 71021125
hot 61412378 warm 51638852 cold 71021125
hot 61412887 warm 51638852 cold 71021125
hot 61412884 warm 51638852 cold 71021125
hot 61412880 warm 51638852 cold 71021125
hot 61412876 warm 51638852 cold 71021126
hot 61412875 warm 51638852 cold 71021126
hot 61412871 warm 51638852 cold 71021126
hot 61412869 warm 51638852 cold 71021126
hot 61412865 warm 51638852 cold 71021126
hot 61412861 warm 51638852 cold 71021126
hot 61412857 warm 51638852 cold 71021126
hot 61412853 warm 51638852 cold 71021126
hot 61412852 warm 51638852 cold 71021126
hot 61412848 warm 51638852 cold 71021126
hot 61412844 warm 51638852 cold 71021126
hot 61412842 warm 51638852 cold 71021126
hot 61412838 warm 51638852 cold 71021126
hot 61412837 warm 51638852 cold 71021126
hot 61412833 warm 51638852 cold 71021126
hot 61412829 warm 51638852 cold 71021126
hot 61412825 warm 51638852 cold 71021126
hot 61412821 warm 51638852 cold 71021126
hot 61412818 warm 51638852 cold 71021126
hot 61412817 warm 51638852 cold 71021126
hot 61412813 warm 51638852 cold 71021126
hot 61412814 warm 51638852 cold 71021126
hot 61412810 warm 51638852 cold 71021126
hot 61412807 warm 51638852 cold 71021126
hot 61412803 warm 51638852 cold 71021126
hot 61412799 warm 51638852 cold 71021126
hot 61412795 warm 51638852 cold 71021127
hot 61412791 warm 51638852 cold 71021127
hot 61412789 warm 51638852 cold 71021127
hot 61412786 warm 51638852 cold 71021127
hot 61412782 warm 51638852 cold 71021127
hot 61412781 warm 51638852 cold 71021127
hot 61412777 warm 51638852 cold 71021127
hot 61412773 warm 51638852 cold 71021127
hot 61412770 warm 51638852 cold 71021127
hot 61412766 warm 51638852 cold 71021127
hot 61412762 warm 51638852 cold 71021127
hot 61412758 warm 51638852 cold 71021127
hot 61412754 warm 51638852 cold 71021127
hot 61412750 warm 51638852 cold 71021127
hot 61412746 warm 51638852 cold 71021127
hot 61412742 warm 51638852 cold 71021127
hot 61412742 warm 51638852 cold 71021127
hot 61412738 warm 51638852 cold 71021127
hot 61412736 warm 51638852 cold 71021127
hot 61412732 warm 51638852 cold 71021127
hot 61412729 warm 51638852 cold 71021127
hot 61412725 warm 51638852 cold 71021127
hot 61412721 warm 51638852 cold 71021127
hot 61412719 warm 51638852 cold 71021127
hot 61412715 warm 51638852 cold 71021127
hot 61412711 warm 51638852 cold 71021127
hot 61412708 warm 51638852 cold 71021127
hot 61412704 warm 51638852 cold 71021127
hot 61412703 warm 51638852 cold 71021127
hot 61412699 warm 51638852 cold 71021127
hot 61412695 warm 51638852 cold 71021127
hot 61412691 warm 51638852 cold 71021127
hot 61412687 warm 51638852 cold 71021127
hot 61412683 warm 51638852 cold 71021127
hot 61412681 warm 51638852 cold 71021127
hot 61412677 warm 51638852 cold 71021127
hot 61412675 warm 51638852 cold 71021127
hot 61412671 warm 51638852 cold 71021127
hot 61412668 warm 51638852 cold 71021127
hot 61412664 warm 51638852 cold 71021127
hot 61412660 warm 51638852 cold 71021127
hot 61412656 warm 51638852 cold 71021128
hot 61412652 warm 51638852 cold 71021128
hot 61412649 warm 51638852 cold 71021128
hot 61412647 warm 51638852 cold 71021128
hot 61412643 warm 51638852 cold 71021128
hot 61412641 warm 51638852 cold 71021128
hot 61412637 warm 51638852 cold 71021128
hot 61412634 warm 51638852 cold 71021128
hot 61412630 warm 51638852 cold 71021128
hot 61412626 warm 51638852 cold 71021128
hot 61412622 warm 51638852 cold 71021128
hot 61412618 warm 51638852 cold 71021128
hot 61412614 warm 51638852 cold 71021128
hot 61412611 warm 51638852 cold 71021128
hot 61412607 warm 51638852 cold 71021128
hot 61412603 warm 51638852 cold 71021128
hot 61412600 warm 51638852 cold 71021128
hot 61412596 warm 51638852 cold 71021128
hot 61412594 warm 51638852 cold 71021128
hot 61412590 warm 51638852 cold 71021128
hot 61412586 warm 51638852 cold 71021128
hot 61412582 warm 51638852 cold 71021128
hot 61412578 warm 51638852 cold 71021128
hot 61412575 warm 51638852 cold 71021128
hot 61412571 warm 51638852 cold 71021128
hot 61412567 warm 51638852 cold 71021128
hot 61412568 warm 51638852 cold 71021128
hot 61412564 warm 51638852 cold 71021128
hot 61412561 warm 51638852 cold 71021128
hot 61412557 warm 51638852 cold 71021128
hot 61412553 warm 51638852 cold 71021128
hot 61412549 warm 51638852 cold 71021128
hot 61412545 warm 51638852 cold 71021128
hot 61412544 warm 51638852 cold 71021128
hot 61412540 warm 51638852 cold 71021128
hot 61412536 warm 51638852 cold 71021128
hot 61412535 warm 51638852 cold 71021128
hot 61412531 warm 51638852 cold 71021128
hot 61412528 warm 51638852 cold 71021128
hot 61412524 warm 51638852 cold 71021128
hot 61412520 warm 51638852 cold 71021128
hot 61412516 warm 51638852 cold 71021128
hot 61412512 warm 51638852 cold 71021128
hot 61412511 warm 51638852 cold 71021128
hot 61412507 warm 51638852 cold 71021128
hot 61412503 warm 51638852 cold 71021128
hot 61412501 warm 51638852 cold 71021128
hot 61412497 warm 51638852 cold 71021128
hot 61412493 warm 51638852 cold 71021128
hot 61412489 warm 51638852 cold 71021128
hot 61412485 warm 51638852 cold 71021128
hot 61412481 warm 51638852 cold 71021128
hot 61412477 warm 51638852 cold 71021128
hot 61412474 warm 51638852 cold 71021128
hot 61412470 warm 51638852 cold 71021128
hot 61412466 warm 51638852 cold 71021128
hot 61412466 warm 51638852 cold 71021128
hot 61412462 warm 51638852 cold 71021128
hot 61412459 warm 51638852 cold 71021128
hot 61412455 warm 51638852 cold 71021128
hot 61412451 warm 51638852 cold 71021128
hot 61412447 warm 51638852 cold 71021128
hot 61412443 warm 51638852 cold 71021128
hot 61412439 warm 51638852 cold 71021128
hot 61412437 warm 51638852 cold 71021128
hot 61412433 warm 51638852 cold 71021128
hot 61412429 warm 51638852 cold 71021128
hot 61412426 warm 51638852 cold 71021128
hot 61412422 warm 51638852 cold 71021128
hot 61412419 warm 51638852 cold 71021128
hot 61412415 warm 51638852 cold 71021128
hot 61412411 warm 51638852 cold 71021128
