anon 950272
anon_thp 0
anon 6602448896
anon_thp 6413090816
anon 11152547840
anon_thp 10890510336
anon 15506235392
anon_thp 15130951680
anon 17283358720
anon_thp 16879976448
anon 17281253376
anon_thp 16877879296
anon 17283387392
anon_thp 16879976448
anon 17283383296
anon_thp 16879976448
anon 19816972288
anon_thp 19354615808
anon 22387957760
anon_thp 21848129536
anon 24801734656
anon_thp 24234688512
anon 25923768320
anon_thp 25350373376
anon 26976546816
anon_thp 26403143680
anon 28410916864
anon_thp 27795652608
anon 28410916864
anon_thp 27795652608
anon 28406722560
anon_thp 27791458304
anon 28410920960
anon_thp 27795652608
anon 28410920960
anon_thp 27795652608
anon 28408823808
anon_thp 27793555456
anon 28408819712
anon_thp 27793555456
anon 28408823808
anon_thp 27793555456
anon 28410920960
anon_thp 27795652608
anon 28410920960
anon_thp 27795652608
anon 28410916864
anon_thp 27795652608
anon 28410920960
anon_thp 27795652608
anon 28410941440
anon_thp 27795652608
anon 28410937344
anon_thp 27795652608
anon 28410941440
anon_thp 27795652608
anon 28410941440
anon_thp 27795652608
anon 28410941440
anon_thp 27795652608
anon 28410949632
anon_thp 27795652608
anon 28410949632
anon_thp 27795652608
anon 28410945536
anon_thp 27795652608
anon 28410949632
anon_thp 27795652608
anon 28410949632
anon_thp 27795652608
anon 28410945536
anon_thp 27795652608
anon 28410945536
anon_thp 27795652608
anon 28410949632
anon_thp 27795652608
anon 28410949632
anon_thp 27795652608
anon 28410945536
anon_thp 27795652608
anon 28410949632
anon_thp 27795652608
anon 28410945536
anon_thp 27795652608
anon 28410945536
anon_thp 27795652608
anon 28410945536
anon_thp 27795652608
anon 28410949632
anon_thp 27795652608
anon 28410949632
anon_thp 27795652608
anon 28410945536
anon_thp 27795652608
anon 28410949632
anon_thp 27795652608
anon 28410941440
anon_thp 27795652608
anon 28410941440
anon_thp 27795652608
anon 28410945536
anon_thp 27795652608
anon 28410945536
anon_thp 27795652608
anon 28410945536
anon_thp 27795652608
anon 28410945536
anon_thp 27795652608
anon 28410945536
anon_thp 27795652608
anon 28410949632
anon_thp 27795652608
anon 28410945536
anon_thp 27795652608
anon 28410949632
anon_thp 27795652608
anon 28410945536
anon_thp 27795652608
anon 28410945536
anon_thp 27795652608
anon 28410949632
anon_thp 27795652608
anon 28410941440
anon_thp 27795652608
anon 28410945536
anon_thp 27795652608
anon 28410945536
anon_thp 27795652608
anon 28410941440
anon_thp 27795652608
anon 28408852480
anon_thp 27793555456
anon 28410945536
anon_thp 27795652608
anon 28408852480
anon_thp 27793555456
anon 28410945536
anon_thp 27795652608
anon 28410945536
anon_thp 27795652608
anon 28410949632
anon_thp 27795652608
anon 28410945536
anon_thp 27795652608
anon 28410945536
anon_thp 27795652608
anon 28410949632
anon_thp 27795652608
anon 28410941440
anon_thp 27795652608
anon 28410949632
anon_thp 27795652608
anon 28410945536
anon_thp 27795652608
anon 28410941440
anon_thp 27795652608
anon 28410945536
anon_thp 27795652608
anon 28410941440
anon_thp 27795652608
anon 28410945536
anon_thp 27795652608
anon 28410945536
anon_thp 27795652608
anon 28410945536
anon_thp 27795652608
anon 28410945536
anon_thp 27795652608
anon 28410945536
anon_thp 27795652608
anon 28410945536
anon_thp 27795652608
anon 28410945536
anon_thp 27795652608
anon 28410941440
anon_thp 27795652608
anon 28410941440
anon_thp 27795652608
anon 28410949632
anon_thp 27795652608
anon 28410945536
anon_thp 27795652608
anon 28410941440
anon_thp 27795652608
anon 28410949632
anon_thp 27795652608
anon 28410949632
anon_thp 27795652608
anon 28410941440
anon_thp 27795652608
anon 28410945536
anon_thp 27795652608
anon 28410941440
anon_thp 27795652608
anon 28410949632
anon_thp 27795652608
anon 28410945536
anon_thp 27795652608
anon 28410945536
anon_thp 27795652608
anon 28410945536
anon_thp 27795652608
anon 28410945536
anon_thp 27795652608
anon 28410945536
anon_thp 27795652608
anon 28410945536
anon_thp 27795652608
anon 28410949632
anon_thp 27795652608
anon 28410945536
anon_thp 27795652608
anon 28410945536
anon_thp 27795652608
anon 28410941440
anon_thp 27795652608
anon 28410941440
anon_thp 27795652608
anon 28410949632
anon_thp 27795652608
anon 28410945536
anon_thp 27795652608
anon 28410945536
anon_thp 27795652608
anon 28410945536
anon_thp 27795652608
anon 28410945536
anon_thp 27795652608
anon 28410945536
anon_thp 27795652608
anon 28410945536
anon_thp 27795652608
anon 28410945536
anon_thp 27795652608
anon 28410945536
anon_thp 27795652608
anon 28410945536
anon_thp 27795652608
anon 28410945536
anon_thp 27795652608
anon 28410945536
anon_thp 27795652608
anon 28410945536
anon_thp 27795652608
anon 28410949632
anon_thp 27795652608
anon 28410945536
anon_thp 27795652608
anon 28410945536
anon_thp 27795652608
anon 28410945536
anon_thp 27795652608
anon 28410945536
anon_thp 27795652608
anon 28410945536
anon_thp 27795652608
anon 28410941440
anon_thp 27795652608
anon 28410949632
anon_thp 27795652608
anon 28410949632
anon_thp 27795652608
anon 28410945536
anon_thp 27795652608
anon 28410945536
anon_thp 27795652608
anon 28410945536
anon_thp 27795652608
anon 28410941440
anon_thp 27795652608
anon 28410941440
anon_thp 27795652608
anon 28410945536
anon_thp 27795652608
anon 28410949632
anon_thp 27795652608
anon 28410945536
anon_thp 27795652608
anon 28410945536
anon_thp 27795652608
anon 28410945536
anon_thp 27795652608
anon 28410949632
anon_thp 27795652608
anon 28410945536
anon_thp 27795652608
anon 28410945536
anon_thp 27795652608
anon 28410945536
anon_thp 27795652608
anon 28410949632
anon_thp 27795652608
anon 28410941440
anon_thp 27795652608
anon 28410945536
anon_thp 27795652608
anon 28410945536
anon_thp 27795652608
anon 28410945536
anon_thp 27795652608
anon 28410945536
anon_thp 27795652608
anon 28410945536
anon_thp 27795652608
anon 28410945536
anon_thp 27795652608
anon 28410945536
anon_thp 27795652608
anon 28410941440
anon_thp 27795652608
anon 28410945536
anon_thp 27795652608
anon 28410949632
anon_thp 27795652608
anon 28410945536
anon_thp 27795652608
anon 28410949632
anon_thp 27795652608
anon 28410945536
anon_thp 27795652608
anon 28410945536
anon_thp 27795652608
anon 28410949632
anon_thp 27795652608
anon 28410945536
anon_thp 27795652608
anon 28410949632
anon_thp 27795652608
anon 28410945536
anon_thp 27795652608
anon 28410941440
anon_thp 27795652608
anon 28410945536
anon_thp 27795652608
anon 28410949632
anon_thp 27795652608
anon 28410945536
anon_thp 27795652608
anon 28410941440
anon_thp 27795652608
anon 28410941440
anon_thp 27795652608
anon 28410945536
anon_thp 27795652608
anon 28410949632
anon_thp 27795652608
anon 28410945536
anon_thp 27795652608
anon 28410945536
anon_thp 27795652608
anon 28410945536
anon_thp 27795652608
anon 28410941440
anon_thp 27795652608
anon 28410945536
anon_thp 27795652608
anon 28410945536
anon_thp 27795652608
anon 28410945536
anon_thp 27795652608
anon 28410945536
anon_thp 27795652608
anon 28410949632
anon_thp 27795652608
anon 28410945536
anon_thp 27795652608
anon 28410949632
anon_thp 27795652608
anon 28410949632
anon_thp 27795652608
anon 28410949632
anon_thp 27795652608
anon 28410945536
anon_thp 27795652608
anon 28410949632
anon_thp 27795652608
anon 28410949632
anon_thp 27795652608
anon 28410949632
anon_thp 27795652608
anon 28410945536
anon_thp 27795652608
anon 28410945536
anon_thp 27795652608
anon 28410949632
anon_thp 27795652608
anon 28410941440
anon_thp 27795652608
anon 28410949632
anon_thp 27795652608
anon 28410949632
anon_thp 27795652608
anon 28410949632
anon_thp 27795652608
anon 28410945536
anon_thp 27795652608
anon 28410945536
anon_thp 27795652608
anon 28410949632
anon_thp 27795652608
anon 28410945536
anon_thp 27795652608
anon 28410941440
anon_thp 27795652608
anon 28410945536
anon_thp 27795652608
anon 28410945536
anon_thp 27795652608
anon 28410945536
anon_thp 27795652608
anon 28410945536
anon_thp 27795652608
anon 28410941440
anon_thp 27795652608
anon 28410945536
anon_thp 27795652608
anon 28410945536
anon_thp 27795652608
anon 28410949632
anon_thp 27795652608
anon 28410949632
anon_thp 27795652608
anon 28410949632
anon_thp 27795652608
anon 28410945536
anon_thp 27795652608
anon 28410945536
anon_thp 27795652608
anon 28410945536
anon_thp 27795652608
anon 28410945536
anon_thp 27795652608
anon 28410949632
anon_thp 27795652608
anon 28410945536
anon_thp 27795652608
anon 28410949632
anon_thp 27795652608
anon 28410945536
anon_thp 27795652608
anon 28410945536
anon_thp 27795652608
anon 28410941440
anon_thp 27795652608
anon 28410949632
anon_thp 27795652608
anon 28410949632
anon_thp 27795652608
anon 28410945536
anon_thp 27795652608
anon 28410945536
anon_thp 27795652608
anon 28410945536
anon_thp 27795652608
anon 28410945536
anon_thp 27795652608
anon 28410945536
anon_thp 27795652608
anon 28410945536
anon_thp 27795652608
anon 28410945536
anon_thp 27795652608
anon 28410949632
anon_thp 27795652608
anon 28410945536
anon_thp 27795652608
anon 28410949632
anon_thp 27795652608
anon 28410945536
anon_thp 27795652608
anon 28410949632
anon_thp 27795652608
anon 28410945536
anon_thp 27795652608
anon 28410949632
anon_thp 27795652608
anon 28410945536
anon_thp 27795652608
anon 28410945536
anon_thp 27795652608
anon 28410945536
anon_thp 27795652608
anon 28410941440
anon_thp 27795652608
anon 28410945536
anon_thp 27795652608
anon 28410949632
anon_thp 27795652608
anon 28410949632
anon_thp 27795652608
anon 28410941440
anon_thp 27795652608
anon 28410945536
anon_thp 27795652608
anon 28410945536
anon_thp 27795652608
anon 28410949632
anon_thp 27795652608
anon 28410941440
anon_thp 27795652608
anon 28410945536
anon_thp 27795652608
anon 28410945536
anon_thp 27795652608
anon 28410949632
anon_thp 27795652608
anon 28410941440
anon_thp 27795652608
anon 28410941440
anon_thp 27795652608
anon 28410949632
anon_thp 27795652608
anon 28410945536
anon_thp 27795652608
anon 28410949632
anon_thp 27795652608
anon 28410949632
anon_thp 27795652608
anon 28410941440
anon_thp 27795652608
anon 28410941440
anon_thp 27795652608
anon 28410945536
anon_thp 27795652608
anon 28410945536
anon_thp 27795652608
anon 28410949632
anon_thp 27795652608
anon 28410945536
anon_thp 27795652608
anon 28410945536
anon_thp 27795652608
anon 28410949632
anon_thp 27795652608
anon 28410949632
anon_thp 27795652608
anon 28410949632
anon_thp 27795652608
anon 28410945536
anon_thp 27795652608
anon 28410941440
anon_thp 27795652608
anon 28410945536
anon_thp 27795652608
anon 28410941440
anon_thp 27795652608
anon 28410945536
anon_thp 27795652608
anon 28410945536
anon_thp 27795652608
anon 28410945536
anon_thp 27795652608
anon 28410945536
anon_thp 27795652608
anon 28410945536
anon_thp 27795652608
anon 28410949632
anon_thp 27795652608
anon 28410941440
anon_thp 27795652608
anon 28410945536
anon_thp 27795652608
anon 28410945536
anon_thp 27795652608
anon 28410945536
anon_thp 27795652608
anon 28410949632
anon_thp 27795652608
anon 28410949632
anon_thp 27795652608
anon 28410941440
anon_thp 27795652608
anon 28410945536
anon_thp 27795652608
anon 28410941440
anon_thp 27795652608
anon 28410945536
anon_thp 27795652608
anon 28410945536
anon_thp 27795652608
anon 28410945536
anon_thp 27795652608
anon 28410945536
anon_thp 27795652608
anon 28410945536
anon_thp 27795652608
anon 28410945536
anon_thp 27795652608
anon 28410945536
anon_thp 27795652608
anon 28410949632
anon_thp 27795652608
anon 28410941440
anon_thp 27795652608
anon 28410945536
anon_thp 27795652608
anon 28410945536
anon_thp 27795652608
anon 28410945536
anon_thp 27795652608
anon 28410941440
anon_thp 27795652608
anon 28410945536
anon_thp 27795652608
anon 28410945536
anon_thp 27795652608
anon 28410941440
anon_thp 27795652608
anon 28410941440
anon_thp 27795652608
anon 28410945536
anon_thp 27795652608
anon 28410941440
anon_thp 27795652608
anon 28410945536
anon_thp 27795652608
anon 28410945536
anon_thp 27795652608
anon 28410949632
anon_thp 27795652608
anon 28410945536
anon_thp 27795652608
anon 28410949632
anon_thp 27795652608
anon 28410945536
anon_thp 27795652608
anon 28410945536
anon_thp 27795652608
anon 28410945536
anon_thp 27795652608
anon 28410949632
anon_thp 27795652608
anon 28410945536
anon_thp 27795652608
anon 28410945536
anon_thp 27795652608
anon 28410945536
anon_thp 27795652608
anon 28410941440
anon_thp 27795652608
anon 28410945536
anon_thp 27795652608
anon 28410941440
anon_thp 27795652608
anon 28410949632
anon_thp 27795652608
anon 28410945536
anon_thp 27795652608
anon 28410945536
anon_thp 27795652608
anon 28410945536
anon_thp 27795652608
anon 28410949632
anon_thp 27795652608
anon 28410945536
anon_thp 27795652608
anon 28410949632
anon_thp 27795652608
anon 28410949632
anon_thp 27795652608
anon 28410949632
anon_thp 27795652608
anon 28410945536
anon_thp 27795652608
anon 28410949632
anon_thp 27795652608
anon 28410949632
anon_thp 27795652608
anon 28410949632
anon_thp 27795652608
anon 28410949632
anon_thp 27795652608
anon 28410949632
anon_thp 27795652608
anon 28410941440
anon_thp 27795652608
anon 28410941440
anon_thp 27795652608
anon 28410945536
anon_thp 27795652608
anon 28410941440
anon_thp 27795652608
anon 28410945536
anon_thp 27795652608
anon 28410945536
anon_thp 27795652608
anon 28410949632
anon_thp 27795652608
anon 28410945536
anon_thp 27795652608
anon 28410945536
anon_thp 27795652608
anon 28410945536
anon_thp 27795652608
anon 28410945536
anon_thp 27795652608
anon 28410945536
anon_thp 27795652608
anon 28410949632
anon_thp 27795652608
anon 28410949632
anon_thp 27795652608
anon 28410945536
anon_thp 27795652608
anon 28410945536
anon_thp 27795652608
anon 28410945536
anon_thp 27795652608
anon 28410941440
anon_thp 27795652608
anon 28410945536
anon_thp 27795652608
anon 28410949632
anon_thp 27795652608
anon 28410945536
anon_thp 27795652608
anon 28410945536
anon_thp 27795652608
anon 28410949632
anon_thp 27795652608
anon 28410949632
anon_thp 27795652608
anon 28410945536
anon_thp 27795652608
anon 28410941440
anon_thp 27795652608
anon 28410949632
anon_thp 27795652608
anon 28410945536
anon_thp 27795652608
anon 28410945536
anon_thp 27795652608
anon 28410945536
anon_thp 27795652608
anon 28410941440
anon_thp 27795652608
anon 28410945536
anon_thp 27795652608
anon 28410945536
anon_thp 27795652608
anon 28410945536
anon_thp 27795652608
anon 28410945536
anon_thp 27795652608
anon 28410949632
anon_thp 27795652608
anon 28410945536
anon_thp 27795652608
anon 28410949632
anon_thp 27795652608
anon 28410945536
anon_thp 27795652608
anon 28410945536
anon_thp 27795652608
anon 28410949632
anon_thp 27795652608
anon 28410945536
anon_thp 27795652608
anon 28410949632
anon_thp 27795652608
anon 28410949632
anon_thp 27795652608
anon 28410945536
anon_thp 27795652608
anon 28410949632
anon_thp 27795652608
anon 28410949632
anon_thp 27795652608
anon 28410945536
anon_thp 27795652608
anon 28410945536
anon_thp 27795652608
anon 28410941440
anon_thp 27795652608
anon 28410941440
anon_thp 27795652608
anon 28410949632
anon_thp 27795652608
anon 28410949632
anon_thp 27795652608
anon 28410949632
anon_thp 27795652608
anon 28410945536
anon_thp 27795652608
anon 28410949632
anon_thp 27795652608
anon 28410945536
anon_thp 27795652608
anon 28410945536
anon_thp 27795652608
anon 28410945536
anon_thp 27795652608
anon 28410941440
anon_thp 27795652608
anon 28410945536
anon_thp 27795652608
anon 28410941440
anon_thp 27795652608
anon 28410945536
anon_thp 27795652608
anon 28410945536
anon_thp 27795652608
anon 28410941440
anon_thp 27795652608
anon 28410945536
anon_thp 27795652608
anon 28410945536
anon_thp 27795652608
anon 28410941440
anon_thp 27795652608
anon 28410941440
anon_thp 27795652608
anon 28410945536
anon_thp 27795652608
anon 28410949632
anon_thp 27795652608
anon 28410945536
anon_thp 27795652608
anon 28410941440
anon_thp 27795652608
anon 28410945536
anon_thp 27795652608
anon 28410945536
anon_thp 27795652608
anon 28410941440
anon_thp 27795652608
anon 28410941440
anon_thp 27795652608
anon 28410949632
anon_thp 27795652608
anon 28410945536
anon_thp 27795652608
anon 28410949632
anon_thp 27795652608
anon 28410941440
anon_thp 27795652608
anon 28410949632
anon_thp 27795652608
anon 28410945536
anon_thp 27795652608
anon 28410949632
anon_thp 27795652608
anon 28410941440
anon_thp 27795652608
anon 28410941440
anon_thp 27795652608
anon 28410945536
anon_thp 27795652608
anon 28410949632
anon_thp 27795652608
anon 28410945536
anon_thp 27795652608
anon 28410949632
anon_thp 27795652608
anon 28410945536
anon_thp 27795652608
anon 28410945536
anon_thp 27795652608
anon 28410945536
anon_thp 27795652608
anon 28410945536
anon_thp 27795652608
anon 28410945536
anon_thp 27795652608
anon 28410949632
anon_thp 27795652608
anon 28410949632
anon_thp 27795652608
anon 28410945536
anon_thp 27795652608
anon 28410945536
anon_thp 27795652608
anon 28410945536
anon_thp 27795652608
anon 28410949632
anon_thp 27795652608
anon 28410941440
anon_thp 27795652608
anon 28410945536
anon_thp 27795652608
anon 28410945536
anon_thp 27795652608
anon 28410945536
anon_thp 27795652608
anon 28410945536
anon_thp 27795652608
anon 28410941440
anon_thp 27795652608
anon 28410945536
anon_thp 27795652608
anon 28410945536
anon_thp 27795652608
anon 28410945536
anon_thp 27795652608
anon 28410945536
anon_thp 27795652608
anon 28410949632
anon_thp 27795652608
anon 28410945536
anon_thp 27795652608
anon 28410949632
anon_thp 27795652608
anon 28410945536
anon_thp 27795652608
anon 28410949632
anon_thp 27795652608
anon 28410945536
anon_thp 27795652608
anon 28410945536
anon_thp 27795652608
anon 28410945536
anon_thp 27795652608
anon 28410945536
anon_thp 27795652608
anon 28410949632
anon_thp 27795652608
anon 28410945536
anon_thp 27795652608
anon 28410945536
anon_thp 27795652608
anon 28410945536
anon_thp 27795652608
anon 28410945536
anon_thp 27795652608
anon 28410945536
anon_thp 27795652608
anon 28410945536
anon_thp 27795652608
anon 28410945536
anon_thp 27795652608
anon 28410941440
anon_thp 27795652608
anon 28410945536
anon_thp 27795652608
anon 28410949632
anon_thp 27795652608
anon 28410949632
anon_thp 27795652608
anon 28410941440
anon_thp 27795652608
anon 28410945536
anon_thp 27795652608
anon 28410945536
anon_thp 27795652608
anon 28410941440
anon_thp 27795652608
anon 28410949632
anon_thp 27795652608
anon 28410941440
anon_thp 27795652608
anon 28410949632
anon_thp 27795652608
anon 28410945536
anon_thp 27795652608
anon 28410949632
anon_thp 27795652608
anon 28410949632
anon_thp 27795652608
anon 28410945536
anon_thp 27795652608
anon 28410949632
anon_thp 27795652608
anon 28410949632
anon_thp 27795652608
anon 28410949632
anon_thp 27795652608
anon 28410945536
anon_thp 27795652608
anon 28410945536
anon_thp 27795652608
anon 28410941440
anon_thp 27795652608
anon 28411060224
anon_thp 27797749760
anon 28411052032
anon_thp 27797749760
anon 28411056128
anon_thp 27797749760
anon 28411052032
anon_thp 27797749760
anon 28411060224
anon_thp 27797749760
anon 28411056128
anon_thp 27797749760
anon 28411056128
anon_thp 27797749760
anon 28411056128
anon_thp 27797749760
anon 28411056128
anon_thp 27797749760
anon 28411056128
anon_thp 27797749760
anon 28411056128
anon_thp 27797749760
anon 28411056128
anon_thp 27797749760
