pgmigrate_success 334948195
pgmigrate_success 334963112
pgmigrate_success 335109032
pgmigrate_success 335231400
pgmigrate_success 335347624
pgmigrate_success 335398318
pgmigrate_success 335510958
pgmigrate_success 335586738
pgmigrate_success 335661490
pgmigrate_success 335738290
pgmigrate_success 335834034
pgmigrate_success 335958450
pgmigrate_success 336044466
pgmigrate_success 336166323
pgmigrate_success 336233907
pgmigrate_success 336412595
pgmigrate_success 336594355
pgmigrate_success 336671856
pgmigrate_success 336671857
pgmigrate_success 336671858
pgmigrate_success 336672372
pgmigrate_success 336672885
pgmigrate_success 336672886
pgmigrate_success 336672887
pgmigrate_success 336672888
pgmigrate_success 336672889
pgmigrate_success 336672890
pgmigrate_success 336672891
pgmigrate_success 336672892
pgmigrate_success 336672893
pgmigrate_success 336672894
pgmigrate_success 336673407
pgmigrate_success 336674433
pgmigrate_success 336674946
pgmigrate_success 336674947
pgmigrate_success 336674948
pgmigrate_success 336674949
pgmigrate_success 336674950
pgmigrate_success 336674951
pgmigrate_success 336674952
pgmigrate_success 336674953
pgmigrate_success 336674954
pgmigrate_success 336674955
pgmigrate_success 336674956
pgmigrate_success 336674957
pgmigrate_success 336674958
pgmigrate_success 336674959
pgmigrate_success 336674960
pgmigrate_success 336674961
pgmigrate_success 336674963
pgmigrate_success 336674965
pgmigrate_success 336674966
pgmigrate_success 336674967
pgmigrate_success 336674968
pgmigrate_success 336674969
pgmigrate_success 336674970
pgmigrate_success 336674971
pgmigrate_success 336674972
pgmigrate_success 336674973
pgmigrate_success 336674974
pgmigrate_success 336674975
pgmigrate_success 336674976
pgmigrate_success 336674977
pgmigrate_success 336674978
pgmigrate_success 336674979
pgmigrate_success 336674980
pgmigrate_success 336674981
pgmigrate_success 336674982
pgmigrate_success 336674983
pgmigrate_success 336674984
pgmigrate_success 336674985
pgmigrate_success 336674986
pgmigrate_success 336674987
pgmigrate_success 336674988
pgmigrate_success 336674989
pgmigrate_success 336674990
pgmigrate_success 336674991
pgmigrate_success 336674992
pgmigrate_success 336674993
pgmigrate_success 336674994
pgmigrate_success 336674995
pgmigrate_success 336674996
pgmigrate_success 336674997
pgmigrate_success 336674998
pgmigrate_success 336674999
pgmigrate_success 336675000
pgmigrate_success 336675001
pgmigrate_success 336675002
pgmigrate_success 336675003
pgmigrate_success 336675004
pgmigrate_success 336676030
pgmigrate_success 336676031
pgmigrate_success 336676032
pgmigrate_success 336676033
pgmigrate_success 336677059
pgmigrate_success 336677060
pgmigrate_success 336677061
pgmigrate_success 336677062
pgmigrate_success 336677063
pgmigrate_success 336677064
pgmigrate_success 336677065
pgmigrate_success 336677066
pgmigrate_success 336677067
pgmigrate_success 336677068
pgmigrate_success 336677069
pgmigrate_success 336677070
pgmigrate_success 336677071
pgmigrate_success 336677072
pgmigrate_success 336677073
pgmigrate_success 336677074
pgmigrate_success 336677075
pgmigrate_success 336677076
pgmigrate_success 336677077
pgmigrate_success 336677078
pgmigrate_success 336677080
pgmigrate_success 336677081
pgmigrate_success 336677082
pgmigrate_success 336677083
pgmigrate_success 336677084
pgmigrate_success 336677085
pgmigrate_success 336677086
pgmigrate_success 336677087
pgmigrate_success 336677088
pgmigrate_success 336677089
pgmigrate_success 336677090
pgmigrate_success 336677091
pgmigrate_success 336677092
pgmigrate_success 336677093
pgmigrate_success 336677094
pgmigrate_success 336677095
pgmigrate_success 336677096
pgmigrate_success 336677097
pgmigrate_success 336677098
pgmigrate_success 336677099
pgmigrate_success 336677100
pgmigrate_success 336677101
pgmigrate_success 336677102
pgmigrate_success 336677103
pgmigrate_success 336677104
pgmigrate_success 336677105
pgmigrate_success 336677106
pgmigrate_success 336677107
pgmigrate_success 336677108
pgmigrate_success 336677109
pgmigrate_success 336677110
pgmigrate_success 336677111
pgmigrate_success 336677112
pgmigrate_success 336677113
pgmigrate_success 336677114
pgmigrate_success 336677115
pgmigrate_success 336677115
pgmigrate_success 336677116
pgmigrate_success 336677117
pgmigrate_success 336677118
pgmigrate_success 336677119
pgmigrate_success 336677120
pgmigrate_success 336677121
pgmigrate_success 336677122
pgmigrate_success 336677124
pgmigrate_success 336677126
pgmigrate_success 336677127
pgmigrate_success 336677128
pgmigrate_success 336677129
pgmigrate_success 336677130
pgmigrate_success 336677131
pgmigrate_success 336677132
pgmigrate_success 336677133
pgmigrate_success 336677134
pgmigrate_success 336677135
pgmigrate_success 336677136
pgmigrate_success 336677137
pgmigrate_success 336677138
pgmigrate_success 336677139
pgmigrate_success 336677140
pgmigrate_success 336677141
pgmigrate_success 336677142
pgmigrate_success 336677143
pgmigrate_success 336677144
pgmigrate_success 336677146
pgmigrate_success 336677147
pgmigrate_success 336677148
pgmigrate_success 336677149
pgmigrate_success 336677150
pgmigrate_success 336677151
pgmigrate_success 336677152
pgmigrate_success 336677153
pgmigrate_success 336677154
pgmigrate_success 336677155
pgmigrate_success 336677156
pgmigrate_success 336677157
pgmigrate_success 336677158
pgmigrate_success 336677159
pgmigrate_success 336677160
pgmigrate_success 336677674
pgmigrate_success 336678187
pgmigrate_success 336678188
pgmigrate_success 336678189
pgmigrate_success 336678190
pgmigrate_success 336678191
pgmigrate_success 336678192
pgmigrate_success 336678193
pgmigrate_success 336678194
pgmigrate_success 336678195
pgmigrate_success 336678196
pgmigrate_success 336678197
pgmigrate_success 336678198
pgmigrate_success 336678199
pgmigrate_success 336678200
pgmigrate_success 336678201
pgmigrate_success 336678202
pgmigrate_success 336678203
pgmigrate_success 336678204
pgmigrate_success 336678205
pgmigrate_success 336678206
pgmigrate_success 336678207
pgmigrate_success 336678208
pgmigrate_success 336678209
pgmigrate_success 336678210
pgmigrate_success 336678211
pgmigrate_success 336678212
pgmigrate_success 336678213
pgmigrate_success 336678214
pgmigrate_success 336678215
pgmigrate_success 336678216
pgmigrate_success 336678217
pgmigrate_success 336678218
pgmigrate_success 336678219
pgmigrate_success 336678220
pgmigrate_success 336678221
pgmigrate_success 336678222
pgmigrate_success 336678223
pgmigrate_success 336678224
pgmigrate_success 336678225
pgmigrate_success 336678226
pgmigrate_success 336678227
pgmigrate_success 336678228
pgmigrate_success 336678229
pgmigrate_success 336678230
pgmigrate_success 336678231
pgmigrate_success 336678232
pgmigrate_success 336678234
pgmigrate_success 336678236
pgmigrate_success 336678237
pgmigrate_success 336678238
pgmigrate_success 336678239
pgmigrate_success 336678240
pgmigrate_success 336678241
pgmigrate_success 336678242
pgmigrate_success 336678243
pgmigrate_success 336678244
pgmigrate_success 336678245
pgmigrate_success 336678246
pgmigrate_success 336678247
pgmigrate_success 336678248
pgmigrate_success 336678249
pgmigrate_success 336678250
pgmigrate_success 336678251
pgmigrate_success 336678252
pgmigrate_success 336678253
pgmigrate_success 336678254
pgmigrate_success 336678255
pgmigrate_success 336678256
pgmigrate_success 336678257
pgmigrate_success 336678258
pgmigrate_success 336678259
pgmigrate_success 336678260
pgmigrate_success 336678261
pgmigrate_success 336678262
pgmigrate_success 336678263
pgmigrate_success 336678264
pgmigrate_success 336678265
pgmigrate_success 336678266
pgmigrate_success 336678267
pgmigrate_success 336678268
pgmigrate_success 336678269
pgmigrate_success 336678270
pgmigrate_success 336678271
pgmigrate_success 336678272
pgmigrate_success 336678273
pgmigrate_success 336678274
pgmigrate_success 336678275
pgmigrate_success 336678276
pgmigrate_success 336678277
pgmigrate_success 336678278
pgmigrate_success 336678279
pgmigrate_success 336678280
pgmigrate_success 336678281
pgmigrate_success 336678282
pgmigrate_success 336678283
pgmigrate_success 336678284
pgmigrate_success 336678285
pgmigrate_success 336678286
pgmigrate_success 336678287
pgmigrate_success 336678288
pgmigrate_success 336678289
pgmigrate_success 336678290
pgmigrate_success 336678291
pgmigrate_success 336678292
pgmigrate_success 336678293
pgmigrate_success 336678294
pgmigrate_success 336678295
pgmigrate_success 336678296
pgmigrate_success 336678297
pgmigrate_success 336678298
pgmigrate_success 336678299
pgmigrate_success 336678300
pgmigrate_success 336678301
pgmigrate_success 336678302
pgmigrate_success 336678303
pgmigrate_success 336678304
pgmigrate_success 336678305
pgmigrate_success 336678306
pgmigrate_success 336678307
pgmigrate_success 336678308
pgmigrate_success 336678309
pgmigrate_success 336678310
pgmigrate_success 336678311
pgmigrate_success 336678312
pgmigrate_success 336678313
pgmigrate_success 336678314
pgmigrate_success 336678315
pgmigrate_success 336678316
pgmigrate_success 336678317
pgmigrate_success 336678318
pgmigrate_success 336678319
pgmigrate_success 336678320
pgmigrate_success 336678321
pgmigrate_success 336678322
pgmigrate_success 336678323
pgmigrate_success 336678324
pgmigrate_success 336678325
pgmigrate_success 336678326
pgmigrate_success 336678327
pgmigrate_success 336678328
pgmigrate_success 336678329
pgmigrate_success 336678330
pgmigrate_success 336678331
pgmigrate_success 336678332
pgmigrate_success 336678333
pgmigrate_success 336678334
pgmigrate_success 336678335
pgmigrate_success 336678336
pgmigrate_success 336678337
pgmigrate_success 336678338
pgmigrate_success 336678339
pgmigrate_success 336678340
pgmigrate_success 336678341
pgmigrate_success 336678342
pgmigrate_success 336678343
pgmigrate_success 336678344
pgmigrate_success 336678345
pgmigrate_success 336678346
pgmigrate_success 336678347
pgmigrate_success 336678348
pgmigrate_success 336678349
pgmigrate_success 336678350
pgmigrate_success 336678351
pgmigrate_success 336678352
pgmigrate_success 336678353
pgmigrate_success 336678354
pgmigrate_success 336678355
pgmigrate_success 336678356
pgmigrate_success 336678357
pgmigrate_success 336678358
pgmigrate_success 336678359
pgmigrate_success 336678361
pgmigrate_success 336678362
pgmigrate_success 336678363
pgmigrate_success 336678364
pgmigrate_success 336678365
pgmigrate_success 336678366
pgmigrate_success 336678367
pgmigrate_success 336678368
pgmigrate_success 336678369
pgmigrate_success 336678370
pgmigrate_success 336678371
pgmigrate_success 336678372
pgmigrate_success 336678373
pgmigrate_success 336678374
pgmigrate_success 336678375
pgmigrate_success 336678376
pgmigrate_success 336678377
pgmigrate_success 336678378
pgmigrate_success 336678379
pgmigrate_success 336678380
pgmigrate_success 336678381
pgmigrate_success 336678382
pgmigrate_success 336678383
pgmigrate_success 336678384
pgmigrate_success 336678385
pgmigrate_success 336678386
pgmigrate_success 336678387
pgmigrate_success 336678388
pgmigrate_success 336678389
pgmigrate_success 336678390
pgmigrate_success 336678391
pgmigrate_success 336678392
pgmigrate_success 336743928
pgmigrate_success 336908792
pgmigrate_success 337085439
pgmigrate_success 337123839
pgmigrate_success 337123839
pgmigrate_success 337123839
pgmigrate_success 337123839
pgmigrate_success 337123839
pgmigrate_success 337123839
pgmigrate_success 337123839
pgmigrate_success 337123839
pgmigrate_success 337123839
pgmigrate_success 337123839
pgmigrate_success 337123839
pgmigrate_success 337123839
pgmigrate_success 337123839
pgmigrate_success 337123839
pgmigrate_success 337123839
pgmigrate_success 337123839
pgmigrate_success 337123839
pgmigrate_success 337123839
pgmigrate_success 337123839
pgmigrate_success 337123839
pgmigrate_success 337123839
pgmigrate_success 337123839
pgmigrate_success 337123839
pgmigrate_success 337123839
pgmigrate_success 337123839
pgmigrate_success 337123839
pgmigrate_success 337123839
pgmigrate_success 337123839
pgmigrate_success 337123839
pgmigrate_success 337123839
pgmigrate_success 337123839
pgmigrate_success 337123839
pgmigrate_success 337123839
pgmigrate_success 337123839
pgmigrate_success 337123839
pgmigrate_success 337123839
pgmigrate_success 337123839
pgmigrate_success 337128974
pgmigrate_success 337128975
pgmigrate_success 337128979
pgmigrate_success 337128981
pgmigrate_success 337128982
pgmigrate_success 337128983
pgmigrate_success 337128984
pgmigrate_success 337128985
pgmigrate_success 337128986
pgmigrate_success 337128987
pgmigrate_success 337128988
pgmigrate_success 337128989
pgmigrate_success 337128990
pgmigrate_success 337128991
pgmigrate_success 337128992
pgmigrate_success 337128993
pgmigrate_success 337128994
pgmigrate_success 337128995
pgmigrate_success 337128996
pgmigrate_success 337128997
pgmigrate_success 337128998
pgmigrate_success 337128999
pgmigrate_success 337129000
pgmigrate_success 337129001
pgmigrate_success 337129002
pgmigrate_success 337129003
pgmigrate_success 337129004
pgmigrate_success 337129005
pgmigrate_success 337129006
pgmigrate_success 337129007
pgmigrate_success 337129008
pgmigrate_success 337129009
pgmigrate_success 337129010
pgmigrate_success 337129011
pgmigrate_success 337129012
pgmigrate_success 337129013
pgmigrate_success 337129014
pgmigrate_success 337129015
pgmigrate_success 337129016
pgmigrate_success 337129017
pgmigrate_success 337129018
pgmigrate_success 337129019
pgmigrate_success 337129020
pgmigrate_success 337129021
pgmigrate_success 337129022
pgmigrate_success 337129023
pgmigrate_success 337129024
pgmigrate_success 337129025
pgmigrate_success 337129026
pgmigrate_success 337129027
pgmigrate_success 337129028
pgmigrate_success 337129029
pgmigrate_success 337129030
pgmigrate_success 337129031
pgmigrate_success 337129032
pgmigrate_success 337129033
pgmigrate_success 337129034
pgmigrate_success 337129035
pgmigrate_success 337129036
pgmigrate_success 337129037
pgmigrate_success 337129038
pgmigrate_success 337129039
pgmigrate_success 337129040
pgmigrate_success 337129041
pgmigrate_success 337129042
pgmigrate_success 337129043
pgmigrate_success 337129044
pgmigrate_success 337129045
pgmigrate_success 337129046
pgmigrate_success 337129047
pgmigrate_success 337129048
pgmigrate_success 337129049
pgmigrate_success 337129050
pgmigrate_success 337129051
pgmigrate_success 337129052
pgmigrate_success 337129053
pgmigrate_success 337129054
pgmigrate_success 337129055
pgmigrate_success 337129056
pgmigrate_success 337129057
pgmigrate_success 337129058
