anon 950272
anon_thp 0
anon 6330023936
anon_thp 6327107584
anon 10700050432
anon_thp 10695475200
anon 14936842240
anon_thp 14931722240
anon 17283551232
anon_thp 17278435328
anon 17283559424
anon_thp 17278435328
anon 17283592192
anon_thp 17278435328
anon 17283588096
anon_thp 17278435328
anon 19561365504
anon_thp 19555942400
anon 22040199168
anon_thp 22034776064
anon 24409980928
anon_thp 24404557824
anon 25926275072
anon_thp 25920798720
anon 26746269696
anon_thp 26740785152
anon 28408815616
anon_thp 28401729536
anon 28410916864
anon_thp 28403826688
anon 28408823808
anon_thp 28401729536
anon 28410916864
anon_thp 28403826688
anon 28410912768
anon_thp 28403826688
anon 28410916864
anon_thp 28403826688
anon 28410912768
anon_thp 28403826688
anon 28410912768
anon_thp 28403826688
anon 28410916864
anon_thp 28403826688
anon 28410916864
anon_thp 28403826688
anon 28410920960
anon_thp 28403826688
anon 28410916864
anon_thp 28403826688
anon 28410925056
anon_thp 28403826688
anon 28410929152
anon_thp 28403826688
anon 28410925056
anon_thp 28403826688
anon 28410925056
anon_thp 28403826688
anon 28410925056
anon_thp 28403826688
anon 28410933248
anon_thp 28403826688
anon 28410925056
anon_thp 28403826688
anon 28410929152
anon_thp 28403826688
anon 28410929152
anon_thp 28403826688
anon 28410929152
anon_thp 28403826688
anon 28410929152
anon_thp 28403826688
anon 28410929152
anon_thp 28403826688
anon 28410933248
anon_thp 28403826688
anon 28410933248
anon_thp 28403826688
anon 28410929152
anon_thp 28403826688
anon 28410929152
anon_thp 28403826688
anon 28410929152
anon_thp 28403826688
anon 28410925056
anon_thp 28403826688
anon 28410929152
anon_thp 28403826688
anon 28410933248
anon_thp 28403826688
anon 28410925056
anon_thp 28403826688
anon 28410925056
anon_thp 28403826688
anon 28410929152
anon_thp 28403826688
anon 28410933248
anon_thp 28403826688
anon 28410925056
anon_thp 28403826688
anon 28410929152
anon_thp 28403826688
anon 28410929152
anon_thp 28403826688
anon 28410933248
anon_thp 28403826688
anon 28410925056
anon_thp 28403826688
anon 28410925056
anon_thp 28403826688
anon 28410929152
anon_thp 28403826688
anon 28410929152
anon_thp 28403826688
anon 28410925056
anon_thp 28403826688
anon 28410925056
anon_thp 28403826688
anon 28410925056
anon_thp 28403826688
anon 28410929152
anon_thp 28403826688
anon 28410933248
anon_thp 28403826688
anon 28410929152
anon_thp 28403826688
anon 28410929152
anon_thp 28403826688
anon 28410929152
anon_thp 28403826688
anon 28410925056
anon_thp 28403826688
anon 28410929152
anon_thp 28403826688
anon 28410929152
anon_thp 28403826688
anon 28410925056
anon_thp 28403826688
anon 28410933248
anon_thp 28403826688
anon 28410933248
anon_thp 28403826688
anon 28410929152
anon_thp 28403826688
anon 28410929152
anon_thp 28403826688
anon 28410925056
anon_thp 28403826688
anon 28410929152
anon_thp 28403826688
anon 28410933248
anon_thp 28403826688
anon 28410925056
anon_thp 28403826688
anon 28410933248
anon_thp 28403826688
anon 28410929152
anon_thp 28403826688
anon 28410933248
anon_thp 28403826688
anon 28410929152
anon_thp 28403826688
anon 28410929152
anon_thp 28403826688
anon 28410933248
anon_thp 28403826688
anon 28410929152
anon_thp 28403826688
anon 28410933248
anon_thp 28403826688
anon 28410929152
anon_thp 28403826688
anon 28410925056
anon_thp 28403826688
anon 28410929152
anon_thp 28403826688
anon 28410929152
anon_thp 28403826688
anon 28410933248
anon_thp 28403826688
anon 28410933248
anon_thp 28403826688
anon 28410933248
anon_thp 28403826688
anon 28410929152
anon_thp 28403826688
anon 28410933248
anon_thp 28403826688
anon 28410929152
anon_thp 28403826688
anon 28410929152
anon_thp 28403826688
anon 28410929152
anon_thp 28403826688
anon 28410929152
anon_thp 28403826688
anon 28410925056
anon_thp 28403826688
anon 28410929152
anon_thp 28403826688
anon 28410929152
anon_thp 28403826688
anon 28410929152
anon_thp 28403826688
anon 28410925056
anon_thp 28403826688
anon 28410929152
anon_thp 28403826688
anon 28410929152
anon_thp 28403826688
anon 28410929152
anon_thp 28403826688
anon 28410929152
anon_thp 28403826688
anon 28410933248
anon_thp 28403826688
anon 28410933248
anon_thp 28403826688
anon 28410933248
anon_thp 28403826688
anon 28410933248
anon_thp 28403826688
anon 28410933248
anon_thp 28403826688
anon 28410925056
anon_thp 28403826688
anon 28410929152
anon_thp 28403826688
anon 28408836096
anon_thp 28401729536
anon 28408836096
anon_thp 28401729536
anon 28410925056
anon_thp 28403826688
anon 28410929152
anon_thp 28403826688
anon 28410929152
anon_thp 28403826688
anon 28410929152
anon_thp 28403826688
anon 28410925056
anon_thp 28403826688
anon 28410925056
anon_thp 28403826688
anon 28410925056
anon_thp 28403826688
anon 28410925056
anon_thp 28403826688
anon 28410933248
anon_thp 28403826688
anon 28410929152
anon_thp 28403826688
anon 28410925056
anon_thp 28403826688
anon 28410933248
anon_thp 28403826688
anon 28410933248
anon_thp 28403826688
anon 28410929152
anon_thp 28403826688
anon 28410925056
anon_thp 28403826688
anon 28410925056
anon_thp 28403826688
anon 28410933248
anon_thp 28403826688
anon 28410929152
anon_thp 28403826688
anon 28410933248
anon_thp 28403826688
anon 28410929152
anon_thp 28403826688
anon 28410929152
anon_thp 28403826688
anon 28410933248
anon_thp 28403826688
anon 28410929152
anon_thp 28403826688
anon 28410929152
anon_thp 28403826688
anon 28410929152
anon_thp 28403826688
anon 28410929152
anon_thp 28403826688
anon 28410933248
anon_thp 28403826688
anon 28410929152
anon_thp 28403826688
anon 28410929152
anon_thp 28403826688
anon 28410925056
anon_thp 28403826688
anon 28410925056
anon_thp 28403826688
anon 28410929152
anon_thp 28403826688
anon 28410925056
anon_thp 28403826688
anon 28410929152
anon_thp 28403826688
anon 28410925056
anon_thp 28403826688
anon 28410933248
anon_thp 28403826688
anon 28410933248
anon_thp 28403826688
anon 28410933248
anon_thp 28403826688
anon 28410925056
anon_thp 28403826688
anon 28410933248
anon_thp 28403826688
anon 28410925056
anon_thp 28403826688
anon 28410933248
anon_thp 28403826688
anon 28410933248
anon_thp 28403826688
anon 28410925056
anon_thp 28403826688
anon 28410933248
anon_thp 28403826688
anon 28410925056
anon_thp 28403826688
anon 28410933248
anon_thp 28403826688
anon 28410929152
anon_thp 28403826688
anon 28410925056
anon_thp 28403826688
anon 28410929152
anon_thp 28403826688
anon 28410929152
anon_thp 28403826688
anon 28410929152
anon_thp 28403826688
anon 28410925056
anon_thp 28403826688
anon 28410929152
anon_thp 28403826688
anon 28410933248
anon_thp 28403826688
anon 28410933248
anon_thp 28403826688
anon 28410929152
anon_thp 28403826688
anon 28410933248
anon_thp 28403826688
anon 28410929152
anon_thp 28403826688
anon 28410933248
anon_thp 28403826688
anon 28410929152
anon_thp 28403826688
anon 28410929152
anon_thp 28403826688
anon 28410929152
anon_thp 28403826688
anon 28410929152
anon_thp 28403826688
anon 28410929152
anon_thp 28403826688
anon 28410929152
anon_thp 28403826688
anon 28410929152
anon_thp 28403826688
anon 28410929152
anon_thp 28403826688
anon 28410929152
anon_thp 28403826688
anon 28410933248
anon_thp 28403826688
anon 28410929152
anon_thp 28403826688
anon 28410929152
anon_thp 28403826688
anon 28410925056
anon_thp 28403826688
anon 28410933248
anon_thp 28403826688
anon 28410925056
anon_thp 28403826688
anon 28410933248
anon_thp 28403826688
anon 28410933248
anon_thp 28403826688
anon 28410925056
anon_thp 28403826688
anon 28410929152
anon_thp 28403826688
anon 28410929152
anon_thp 28403826688
anon 28410929152
anon_thp 28403826688
anon 28410929152
anon_thp 28403826688
anon 28410933248
anon_thp 28403826688
anon 28410929152
anon_thp 28403826688
anon 28410929152
anon_thp 28403826688
anon 28410933248
anon_thp 28403826688
anon 28410925056
anon_thp 28403826688
anon 28410929152
anon_thp 28403826688
anon 28410929152
anon_thp 28403826688
anon 28410925056
anon_thp 28403826688
anon 28410929152
anon_thp 28403826688
anon 28410933248
anon_thp 28403826688
anon 28410929152
anon_thp 28403826688
anon 28410933248
anon_thp 28403826688
anon 28410925056
anon_thp 28403826688
anon 28410929152
anon_thp 28403826688
anon 28410929152
anon_thp 28403826688
anon 28410933248
anon_thp 28403826688
anon 28410925056
anon_thp 28403826688
anon 28410929152
anon_thp 28403826688
anon 28410933248
anon_thp 28403826688
anon 28410933248
anon_thp 28403826688
anon 28410933248
anon_thp 28403826688
anon 28410929152
anon_thp 28403826688
anon 28410933248
anon_thp 28403826688
anon 28410929152
anon_thp 28403826688
anon 28410929152
anon_thp 28403826688
anon 28410933248
anon_thp 28403826688
anon 28410929152
anon_thp 28403826688
anon 28410925056
anon_thp 28403826688
anon 28410933248
anon_thp 28403826688
anon 28410933248
anon_thp 28403826688
anon 28410929152
anon_thp 28403826688
anon 28410925056
anon_thp 28403826688
anon 28410933248
anon_thp 28403826688
anon 28410929152
anon_thp 28403826688
anon 28410929152
anon_thp 28403826688
anon 28410925056
anon_thp 28403826688
anon 28410933248
anon_thp 28403826688
anon 28410933248
anon_thp 28403826688
anon 28410929152
anon_thp 28403826688
anon 28410929152
anon_thp 28403826688
anon 28410933248
anon_thp 28403826688
anon 28410933248
anon_thp 28403826688
anon 28410929152
anon_thp 28403826688
anon 28410933248
anon_thp 28403826688
anon 28410929152
anon_thp 28403826688
anon 28410933248
anon_thp 28403826688
anon 28410929152
anon_thp 28403826688
anon 28410929152
anon_thp 28403826688
anon 28410933248
anon_thp 28403826688
anon 28410929152
anon_thp 28403826688
anon 28410933248
anon_thp 28403826688
anon 28410933248
anon_thp 28403826688
anon 28410925056
anon_thp 28403826688
anon 28410933248
anon_thp 28403826688
anon 28410929152
anon_thp 28403826688
anon 28410925056
anon_thp 28403826688
anon 28410933248
anon_thp 28403826688
anon 28410925056
anon_thp 28403826688
anon 28410929152
anon_thp 28403826688
anon 28410933248
anon_thp 28403826688
anon 28410933248
anon_thp 28403826688
anon 28410933248
anon_thp 28403826688
anon 28410933248
anon_thp 28403826688
anon 28410925056
anon_thp 28403826688
anon 28410929152
anon_thp 28403826688
anon 28410925056
anon_thp 28403826688
anon 28410929152
anon_thp 28403826688
anon 28410933248
anon_thp 28403826688
anon 28410925056
anon_thp 28403826688
anon 28410933248
anon_thp 28403826688
anon 28410929152
anon_thp 28403826688
anon 28410933248
anon_thp 28403826688
anon 28410933248
anon_thp 28403826688
anon 28410929152
anon_thp 28403826688
anon 28410929152
anon_thp 28403826688
anon 28410925056
anon_thp 28403826688
anon 28410933248
anon_thp 28403826688
anon 28410933248
anon_thp 28403826688
anon 28410933248
anon_thp 28403826688
anon 28410929152
anon_thp 28403826688
anon 28410929152
anon_thp 28403826688
anon 28410929152
anon_thp 28403826688
anon 28410925056
anon_thp 28403826688
anon 28410925056
anon_thp 28403826688
anon 28410933248
anon_thp 28403826688
anon 28410933248
anon_thp 28403826688
anon 28410933248
anon_thp 28403826688
anon 28410925056
anon_thp 28403826688
anon 28410929152
anon_thp 28403826688
anon 28410933248
anon_thp 28403826688
anon 28410925056
anon_thp 28403826688
anon 28410929152
anon_thp 28403826688
anon 28410929152
anon_thp 28403826688
anon 28410929152
anon_thp 28403826688
anon 28410933248
anon_thp 28403826688
anon 28410929152
anon_thp 28403826688
anon 28410929152
anon_thp 28403826688
anon 28410929152
anon_thp 28403826688
anon 28410929152
anon_thp 28403826688
anon 28410933248
anon_thp 28403826688
anon 28410929152
anon_thp 28403826688
anon 28410925056
anon_thp 28403826688
anon 28410933248
anon_thp 28403826688
anon 28410929152
anon_thp 28403826688
anon 28410925056
anon_thp 28403826688
anon 28410929152
anon_thp 28403826688
anon 28410933248
anon_thp 28403826688
anon 28410929152
anon_thp 28403826688
anon 28410929152
anon_thp 28403826688
anon 28410929152
anon_thp 28403826688
anon 28410925056
anon_thp 28403826688
anon 28410929152
anon_thp 28403826688
anon 28410925056
anon_thp 28403826688
anon 28410933248
anon_thp 28403826688
anon 28410925056
anon_thp 28403826688
anon 28410933248
anon_thp 28403826688
anon 28410933248
anon_thp 28403826688
anon 28410929152
anon_thp 28403826688
anon 28410925056
anon_thp 28403826688
anon 28410925056
anon_thp 28403826688
anon 28410933248
anon_thp 28403826688
anon 28410929152
anon_thp 28403826688
anon 28410925056
anon_thp 28403826688
anon 28410929152
anon_thp 28403826688
anon 28410925056
anon_thp 28403826688
anon 28410933248
anon_thp 28403826688
anon 28410929152
anon_thp 28403826688
anon 28410929152
anon_thp 28403826688
anon 28410933248
anon_thp 28403826688
anon 28410929152
anon_thp 28403826688
anon 28410933248
anon_thp 28403826688
anon 28410925056
anon_thp 28403826688
anon 28410929152
anon_thp 28403826688
anon 28410933248
anon_thp 28403826688
anon 28410929152
anon_thp 28403826688
anon 28410933248
anon_thp 28403826688
anon 28410929152
anon_thp 28403826688
anon 28410929152
anon_thp 28403826688
anon 28410929152
anon_thp 28403826688
anon 28410929152
anon_thp 28403826688
anon 28410929152
anon_thp 28403826688
anon 28410929152
anon_thp 28403826688
anon 28410933248
anon_thp 28403826688
anon 28410929152
anon_thp 28403826688
anon 28410933248
anon_thp 28403826688
anon 28410929152
anon_thp 28403826688
anon 28410929152
anon_thp 28403826688
anon 28410929152
anon_thp 28403826688
anon 28410929152
anon_thp 28403826688
anon 28410933248
anon_thp 28403826688
anon 28410929152
anon_thp 28403826688
anon 28410929152
anon_thp 28403826688
anon 28410925056
anon_thp 28403826688
anon 28410925056
anon_thp 28403826688
anon 28410929152
anon_thp 28403826688
anon 28410929152
anon_thp 28403826688
anon 28410929152
anon_thp 28403826688
anon 28410925056
anon_thp 28403826688
anon 28410929152
anon_thp 28403826688
anon 28410933248
anon_thp 28403826688
anon 28410933248
anon_thp 28403826688
anon 28410925056
anon_thp 28403826688
anon 28410933248
anon_thp 28403826688
anon 28410929152
anon_thp 28403826688
anon 28410925056
anon_thp 28403826688
anon 28410929152
anon_thp 28403826688
anon 28410933248
anon_thp 28403826688
anon 28410929152
anon_thp 28403826688
anon 28410933248
anon_thp 28403826688
anon 28410933248
anon_thp 28403826688
anon 28410925056
anon_thp 28403826688
anon 28410933248
anon_thp 28403826688
anon 28410929152
anon_thp 28403826688
anon 28410929152
anon_thp 28403826688
anon 28410925056
anon_thp 28403826688
anon 28410933248
anon_thp 28403826688
anon 28410933248
anon_thp 28403826688
anon 28410925056
anon_thp 28403826688
anon 28410933248
anon_thp 28403826688
anon 28410929152
anon_thp 28403826688
anon 28410929152
anon_thp 28403826688
anon 28410925056
anon_thp 28403826688
anon 28410929152
anon_thp 28403826688
anon 28410929152
anon_thp 28403826688
anon 28410929152
anon_thp 28403826688
anon 28410933248
anon_thp 28403826688
anon 28410929152
anon_thp 28403826688
anon 28410929152
anon_thp 28403826688
anon 28410933248
anon_thp 28403826688
anon 28410933248
anon_thp 28403826688
anon 28410929152
anon_thp 28403826688
anon 28410929152
anon_thp 28403826688
anon 28410933248
anon_thp 28403826688
anon 28410925056
anon_thp 28403826688
anon 28410925056
anon_thp 28403826688
anon 28410933248
anon_thp 28403826688
anon 28410929152
anon_thp 28403826688
anon 28410925056
anon_thp 28403826688
anon 28410929152
anon_thp 28403826688
anon 28410933248
anon_thp 28403826688
anon 28410933248
anon_thp 28403826688
anon 28410929152
anon_thp 28403826688
anon 28410933248
anon_thp 28403826688
anon 28410925056
anon_thp 28403826688
anon 28410929152
anon_thp 28403826688
anon 28410925056
anon_thp 28403826688
anon 28410933248
anon_thp 28403826688
anon 28410933248
anon_thp 28403826688
anon 28410929152
anon_thp 28403826688
anon 28410925056
anon_thp 28403826688
anon 28410929152
anon_thp 28403826688
anon 28410929152
anon_thp 28403826688
anon 28410933248
anon_thp 28403826688
anon 28410925056
anon_thp 28403826688
anon 28410929152
anon_thp 28403826688
anon 28410933248
anon_thp 28403826688
anon 28410933248
anon_thp 28403826688
anon 28410929152
anon_thp 28403826688
anon 28410933248
anon_thp 28403826688
anon 28410929152
anon_thp 28403826688
anon 28410933248
anon_thp 28403826688
anon 28410933248
anon_thp 28403826688
anon 28410929152
anon_thp 28403826688
anon 28410925056
anon_thp 28403826688
anon 28410925056
anon_thp 28403826688
anon 28410933248
anon_thp 28403826688
anon 28410925056
anon_thp 28403826688
anon 28410933248
anon_thp 28403826688
anon 28410929152
anon_thp 28403826688
anon 28410933248
anon_thp 28403826688
anon 28410929152
anon_thp 28403826688
anon 28410929152
anon_thp 28403826688
anon 28410933248
anon_thp 28403826688
anon 28410929152
anon_thp 28403826688
anon 28410925056
anon_thp 28403826688
anon 28410929152
anon_thp 28403826688
anon 28410933248
anon_thp 28403826688
anon 28410933248
anon_thp 28403826688
anon 28410929152
anon_thp 28403826688
anon 28410933248
anon_thp 28403826688
anon 28410929152
anon_thp 28403826688
anon 28410925056
anon_thp 28403826688
anon 28410925056
anon_thp 28403826688
anon 28410929152
anon_thp 28403826688
anon 28410925056
anon_thp 28403826688
anon 28410929152
anon_thp 28403826688
anon 28410929152
anon_thp 28403826688
anon 28410929152
anon_thp 28403826688
anon 28410929152
anon_thp 28403826688
anon 28410925056
anon_thp 28403826688
anon 28410933248
anon_thp 28403826688
anon 28410929152
anon_thp 28403826688
anon 28410925056
anon_thp 28403826688
anon 28410933248
anon_thp 28403826688
anon 28410929152
anon_thp 28403826688
anon 28410929152
anon_thp 28403826688
anon 28410925056
anon_thp 28403826688
anon 28410933248
anon_thp 28403826688
anon 28410929152
anon_thp 28403826688
anon 28410929152
anon_thp 28403826688
anon 28410933248
anon_thp 28403826688
anon 28410929152
anon_thp 28403826688
anon 28410933248
anon_thp 28403826688
anon 28410929152
anon_thp 28403826688
anon 28410929152
anon_thp 28403826688
anon 28410929152
anon_thp 28403826688
anon 28410933248
anon_thp 28403826688
anon 28410925056
anon_thp 28403826688
anon 28410929152
anon_thp 28403826688
anon 28410933248
anon_thp 28403826688
anon 28410933248
anon_thp 28403826688
anon 28410925056
anon_thp 28403826688
anon 28410929152
anon_thp 28403826688
anon 28410933248
anon_thp 28403826688
anon 28410929152
anon_thp 28403826688
anon 28410933248
anon_thp 28403826688
anon 28410929152
anon_thp 28403826688
anon 28410933248
anon_thp 28403826688
anon 28410929152
anon_thp 28403826688
anon 28410925056
anon_thp 28403826688
anon 28410925056
anon_thp 28403826688
anon 28410929152
anon_thp 28403826688
anon 28410933248
anon_thp 28403826688
anon 28410933248
anon_thp 28403826688
anon 28410929152
anon_thp 28403826688
anon 28410929152
anon_thp 28403826688
anon 28410929152
anon_thp 28403826688
anon 28410929152
anon_thp 28403826688
anon 28410933248
anon_thp 28403826688
anon 28410929152
anon_thp 28403826688
anon 28410933248
anon_thp 28403826688
anon 28410929152
anon_thp 28403826688
anon 28410925056
anon_thp 28403826688
anon 28410925056
anon_thp 28403826688
anon 28410933248
anon_thp 28403826688
anon 28410929152
anon_thp 28403826688
anon 28410929152
anon_thp 28403826688
anon 28410929152
anon_thp 28403826688
anon 28410929152
anon_thp 28403826688
anon 28410929152
anon_thp 28403826688
anon 28410929152
anon_thp 28403826688
anon 28410925056
anon_thp 28403826688
anon 28410925056
anon_thp 28403826688
anon 28410925056
anon_thp 28403826688
anon 28410933248
anon_thp 28403826688
anon 28410933248
anon_thp 28403826688
anon 28410929152
anon_thp 28403826688
anon 28410929152
anon_thp 28403826688
anon 28410925056
anon_thp 28403826688
anon 28410933248
anon_thp 28403826688
anon 28410929152
anon_thp 28403826688
