pgmigrate_success 223835049
pgmigrate_success 223849983
pgmigrate_success 224024814
pgmigrate_success 224119022
pgmigrate_success 224182510
pgmigrate_success 224236786
pgmigrate_success 224364278
pgmigrate_success 224453896
pgmigrate_success 224553224
pgmigrate_success 224637192
pgmigrate_success 224744713
pgmigrate_success 224831760
pgmigrate_success 224970512
pgmigrate_success 225044240
pgmigrate_success 225196314
pgmigrate_success 225402436
pgmigrate_success 225422611
pgmigrate_success 225432040
pgmigrate_success 225564643
pgmigrate_success 225608403
pgmigrate_success 225652955
pgmigrate_success 225653469
pgmigrate_success 225653982
pgmigrate_success 225653984
pgmigrate_success 225653986
pgmigrate_success 225653987
pgmigrate_success 225653988
pgmigrate_success 225653989
pgmigrate_success 225653990
pgmigrate_success 225653991
pgmigrate_success 225654505
pgmigrate_success 225655018
pgmigrate_success 225655019
pgmigrate_success 225655020
pgmigrate_success 225655021
pgmigrate_success 225655022
pgmigrate_success 225655023
pgmigrate_success 225655024
pgmigrate_success 225655025
pgmigrate_success 225655026
pgmigrate_success 225655027
pgmigrate_success 225655028
pgmigrate_success 225655029
pgmigrate_success 225655030
pgmigrate_success 225655031
pgmigrate_success 225655032
pgmigrate_success 225655033
pgmigrate_success 225655034
pgmigrate_success 225655035
pgmigrate_success 225655036
pgmigrate_success 225655037
pgmigrate_success 225655038
pgmigrate_success 225655039
pgmigrate_success 225655040
pgmigrate_success 225655041
pgmigrate_success 225655042
pgmigrate_success 225655043
pgmigrate_success 225655044
pgmigrate_success 225655045
pgmigrate_success 225655046
pgmigrate_success 225655047
pgmigrate_success 225655048
pgmigrate_success 225655049
pgmigrate_success 225655050
pgmigrate_success 225655051
pgmigrate_success 225655052
pgmigrate_success 225655053
pgmigrate_success 225655054
pgmigrate_success 225655055
pgmigrate_success 225655056
pgmigrate_success 225655057
pgmigrate_success 225656081
pgmigrate_success 225656082
pgmigrate_success 225656083
pgmigrate_success 225656084
pgmigrate_success 225656085
pgmigrate_success 225656086
pgmigrate_success 225656087
pgmigrate_success 225656088
pgmigrate_success 225656089
pgmigrate_success 225656090
pgmigrate_success 225656091
pgmigrate_success 225656092
pgmigrate_success 225656093
pgmigrate_success 225656094
pgmigrate_success 225656095
pgmigrate_success 225656096
pgmigrate_success 225656097
pgmigrate_success 225656098
pgmigrate_success 225656099
pgmigrate_success 225656100
pgmigrate_success 225656101
pgmigrate_success 225656102
pgmigrate_success 225656103
pgmigrate_success 225656104
pgmigrate_success 225656105
pgmigrate_success 225656106
pgmigrate_success 225656107
pgmigrate_success 225656108
pgmigrate_success 225656109
pgmigrate_success 225656623
pgmigrate_success 225657136
pgmigrate_success 225657137
pgmigrate_success 225657138
pgmigrate_success 225657139
pgmigrate_success 225657140
pgmigrate_success 225657141
pgmigrate_success 225657142
pgmigrate_success 225657143
pgmigrate_success 225657144
pgmigrate_success 225657145
pgmigrate_success 225657146
pgmigrate_success 225657147
pgmigrate_success 225657148
pgmigrate_success 225657149
pgmigrate_success 225657150
pgmigrate_success 225657151
pgmigrate_success 225657152
pgmigrate_success 225657153
pgmigrate_success 225657667
pgmigrate_success 225658180
pgmigrate_success 225658181
pgmigrate_success 225658182
pgmigrate_success 225658183
pgmigrate_success 225658184
pgmigrate_success 225658185
pgmigrate_success 225658186
pgmigrate_success 225658187
pgmigrate_success 225658188
pgmigrate_success 225658189
pgmigrate_success 225658190
pgmigrate_success 225658191
pgmigrate_success 225658192
pgmigrate_success 225658193
pgmigrate_success 225658194
pgmigrate_success 225658195
pgmigrate_success 225658196
pgmigrate_success 225658197
pgmigrate_success 225658198
pgmigrate_success 225658199
pgmigrate_success 225658200
pgmigrate_success 225658201
pgmigrate_success 225658202
pgmigrate_success 225658203
pgmigrate_success 225658204
pgmigrate_success 225658205
pgmigrate_success 225658206
pgmigrate_success 225658207
pgmigrate_success 225658208
pgmigrate_success 225658209
pgmigrate_success 225658210
pgmigrate_success 225658211
pgmigrate_success 225658212
pgmigrate_success 225658213
pgmigrate_success 225658214
pgmigrate_success 225658215
pgmigrate_success 225658217
pgmigrate_success 225658219
pgmigrate_success 225658220
pgmigrate_success 225658221
pgmigrate_success 225658223
pgmigrate_success 225658224
pgmigrate_success 225658225
pgmigrate_success 225658226
pgmigrate_success 225658227
pgmigrate_success 225658228
pgmigrate_success 225658229
pgmigrate_success 225658230
pgmigrate_success 225658231
pgmigrate_success 225658232
pgmigrate_success 225658233
pgmigrate_success 225658234
pgmigrate_success 225658235
pgmigrate_success 225658236
pgmigrate_success 225658237
pgmigrate_success 225658238
pgmigrate_success 225658239
pgmigrate_success 225658240
pgmigrate_success 225658241
pgmigrate_success 225658242
pgmigrate_success 225658243
pgmigrate_success 225658244
pgmigrate_success 225658245
pgmigrate_success 225658246
pgmigrate_success 225658247
pgmigrate_success 225658248
pgmigrate_success 225658249
pgmigrate_success 225658250
pgmigrate_success 225658251
pgmigrate_success 225658252
pgmigrate_success 225658253
pgmigrate_success 225658767
pgmigrate_success 225659280
pgmigrate_success 225659281
pgmigrate_success 225659282
pgmigrate_success 225659283
pgmigrate_success 225659284
pgmigrate_success 225659285
pgmigrate_success 225659286
pgmigrate_success 225659287
pgmigrate_success 225659288
pgmigrate_success 225659289
pgmigrate_success 225659290
pgmigrate_success 225659291
pgmigrate_success 225659292
pgmigrate_success 225659293
pgmigrate_success 225659294
pgmigrate_success 225659295
pgmigrate_success 225659296
pgmigrate_success 225659297
pgmigrate_success 225659298
pgmigrate_success 225659299
pgmigrate_success 225659300
pgmigrate_success 225659301
pgmigrate_success 225659302
pgmigrate_success 225659303
pgmigrate_success 225659304
pgmigrate_success 225659305
pgmigrate_success 225659306
pgmigrate_success 225659307
pgmigrate_success 225659308
pgmigrate_success 225659309
pgmigrate_success 225659310
pgmigrate_success 225659311
pgmigrate_success 225659312
pgmigrate_success 225659313
pgmigrate_success 225659314
pgmigrate_success 225659315
pgmigrate_success 225659316
pgmigrate_success 225659317
pgmigrate_success 225659319
pgmigrate_success 225659321
pgmigrate_success 225659322
pgmigrate_success 225659323
pgmigrate_success 225659324
pgmigrate_success 225659325
pgmigrate_success 225659326
pgmigrate_success 225659327
pgmigrate_success 225659328
pgmigrate_success 225659329
pgmigrate_success 225659330
pgmigrate_success 225659331
pgmigrate_success 225659332
pgmigrate_success 225659333
pgmigrate_success 225659334
pgmigrate_success 225659335
pgmigrate_success 225659336
pgmigrate_success 225659337
pgmigrate_success 225659338
pgmigrate_success 225659339
pgmigrate_success 225659340
pgmigrate_success 225659341
pgmigrate_success 225659342
pgmigrate_success 225659343
pgmigrate_success 225659344
pgmigrate_success 225659345
pgmigrate_success 225659346
pgmigrate_success 225659347
pgmigrate_success 225659348
pgmigrate_success 225659349
pgmigrate_success 225659350
pgmigrate_success 225659351
pgmigrate_success 225659352
pgmigrate_success 225659353
pgmigrate_success 225659354
pgmigrate_success 225659355
pgmigrate_success 225659356
pgmigrate_success 225659357
pgmigrate_success 225659358
pgmigrate_success 225659359
pgmigrate_success 225659360
pgmigrate_success 225659361
pgmigrate_success 225659362
pgmigrate_success 225659363
pgmigrate_success 225659364
pgmigrate_success 225659365
pgmigrate_success 225659366
pgmigrate_success 225659367
pgmigrate_success 225659368
pgmigrate_success 225659369
pgmigrate_success 225659370
pgmigrate_success 225659371
pgmigrate_success 225659372
pgmigrate_success 225659373
pgmigrate_success 225659374
pgmigrate_success 225659375
pgmigrate_success 225659376
pgmigrate_success 225659377
pgmigrate_success 225659378
pgmigrate_success 225659379
pgmigrate_success 225659380
pgmigrate_success 225659381
pgmigrate_success 225659382
pgmigrate_success 225659383
pgmigrate_success 225659384
pgmigrate_success 225659385
pgmigrate_success 225659386
pgmigrate_success 225659387
pgmigrate_success 225659388
pgmigrate_success 225659389
pgmigrate_success 225659390
pgmigrate_success 225659391
pgmigrate_success 225659393
pgmigrate_success 225659395
pgmigrate_success 225659396
pgmigrate_success 225659397
pgmigrate_success 225659398
pgmigrate_success 225659399
pgmigrate_success 225659400
pgmigrate_success 225659401
pgmigrate_success 225659402
pgmigrate_success 225659403
pgmigrate_success 225659404
pgmigrate_success 225659405
pgmigrate_success 225659406
pgmigrate_success 225659407
pgmigrate_success 225659408
pgmigrate_success 225659409
pgmigrate_success 225659410
pgmigrate_success 225659411
pgmigrate_success 225659412
pgmigrate_success 225659957
pgmigrate_success 225659957
pgmigrate_success 225757750
pgmigrate_success 225921078
pgmigrate_success 226123318
pgmigrate_success 226338870
pgmigrate_success 226558008
pgmigrate_success 226797624
pgmigrate_success 226915384
pgmigrate_success 226946104
pgmigrate_success 226946104
pgmigrate_success 226946104
pgmigrate_success 226946104
pgmigrate_success 226946104
pgmigrate_success 226946104
pgmigrate_success 226946104
pgmigrate_success 226946104
pgmigrate_success 226946104
pgmigrate_success 226946104
pgmigrate_success 226946146
pgmigrate_success 226946146
pgmigrate_success 226946146
pgmigrate_success 226946146
pgmigrate_success 226946146
pgmigrate_success 226946146
pgmigrate_success 226946146
pgmigrate_success 226946146
pgmigrate_success 226946146
pgmigrate_success 226946146
pgmigrate_success 226946146
pgmigrate_success 226946146
pgmigrate_success 226946146
pgmigrate_success 226946146
pgmigrate_success 226946146
pgmigrate_success 226946146
pgmigrate_success 226946146
pgmigrate_success 226946146
pgmigrate_success 226946159
pgmigrate_success 226946159
pgmigrate_success 226949488
pgmigrate_success 226949492
pgmigrate_success 226949495
pgmigrate_success 226949496
pgmigrate_success 226949497
pgmigrate_success 226949498
pgmigrate_success 226949499
pgmigrate_success 226949500
pgmigrate_success 226949501
pgmigrate_success 226949502
pgmigrate_success 226949503
pgmigrate_success 226949504
pgmigrate_success 226949505
pgmigrate_success 226949506
pgmigrate_success 226949507
pgmigrate_success 226949508
pgmigrate_success 226949509
pgmigrate_success 226949510
pgmigrate_success 226949511
pgmigrate_success 226949512
pgmigrate_success 226949513
pgmigrate_success 226949514
pgmigrate_success 226949515
pgmigrate_success 226949516
pgmigrate_success 226949517
pgmigrate_success 226949518
pgmigrate_success 226949519
pgmigrate_success 226949520
pgmigrate_success 226949521
pgmigrate_success 226949522
pgmigrate_success 226949523
pgmigrate_success 226949524
pgmigrate_success 226949525
pgmigrate_success 226949526
pgmigrate_success 226949527
pgmigrate_success 226949528
pgmigrate_success 226949529
pgmigrate_success 226949530
pgmigrate_success 226949531
pgmigrate_success 226949532
pgmigrate_success 226949533
pgmigrate_success 226949534
pgmigrate_success 226949535
pgmigrate_success 226949536
pgmigrate_success 226949537
pgmigrate_success 226949538
pgmigrate_success 226949539
pgmigrate_success 226949540
pgmigrate_success 226949541
pgmigrate_success 226949542
pgmigrate_success 226949543
pgmigrate_success 226949544
pgmigrate_success 226949545
pgmigrate_success 226949546
pgmigrate_success 226949547
pgmigrate_success 226949548
pgmigrate_success 226949549
pgmigrate_success 226949550
pgmigrate_success 226949551
pgmigrate_success 226949552
pgmigrate_success 226949553
pgmigrate_success 226949554
pgmigrate_success 226949555
pgmigrate_success 226949556
pgmigrate_success 226949557
pgmigrate_success 226949560
pgmigrate_success 226949561
pgmigrate_success 226949562
pgmigrate_success 226949563
pgmigrate_success 226949564
pgmigrate_success 226949565
pgmigrate_success 226949566
pgmigrate_success 226949567
pgmigrate_success 226949568
pgmigrate_success 226949569
pgmigrate_success 226949570
pgmigrate_success 226949571
pgmigrate_success 226949572
pgmigrate_success 226949573
pgmigrate_success 226949574
pgmigrate_success 226949575
pgmigrate_success 226949576
pgmigrate_success 226949577
pgmigrate_success 226949578
pgmigrate_success 226949579
pgmigrate_success 226949580
pgmigrate_success 226949581
pgmigrate_success 226949582
pgmigrate_success 226949583
pgmigrate_success 226949584
pgmigrate_success 226949585
pgmigrate_success 226949586
pgmigrate_success 226949587
pgmigrate_success 226949588
pgmigrate_success 226949589
pgmigrate_success 226949590
pgmigrate_success 226949591
pgmigrate_success 226949592
pgmigrate_success 226949593
pgmigrate_success 226949594
pgmigrate_success 226949595
pgmigrate_success 226949596
pgmigrate_success 226949597
pgmigrate_success 226949598
pgmigrate_success 226949599
pgmigrate_success 226949600
pgmigrate_success 226949601
pgmigrate_success 226949602
pgmigrate_success 226949603
pgmigrate_success 226949604
