hot 19 warm 48 cold 0
hot 19 warm 48 cold 259
hot 20 warm 48 cold 215
hot 20 warm 48 cold 171
hot 84499 warm 48 cold 0
hot 126479 warm 48 cold 0
hot 126475 warm 48 cold 0
hot 148999 warm 48 cold 0
hot 231427 warm 48 cold 0
hot 302591 warm 48 cold 0
hot 389166 warm 0 cold 0
hot 392749 warm 0 cold 0
hot 416301 warm 0 cold 0
hot 434729 warm 0 cold 0
hot 434725 warm 0 cold 0
hot 434721 warm 0 cold 0
hot 436765 warm 0 cold 0
hot 436761 warm 0 cold 0
hot 436757 warm 0 cold 0
hot 437777 warm 0 cold 0
hot 437773 warm 0 cold 0
hot 437769 warm 0 cold 0
hot 437765 warm 0 cold 0
hot 437761 warm 0 cold 0
hot 437757 warm 0 cold 0
hot 437753 warm 0 cold 0
hot 437749 warm 0 cold 0
hot 437745 warm 0 cold 0
hot 437741 warm 0 cold 0
hot 437737 warm 0 cold 0
hot 438245 warm 0 cold 0
hot 438241 warm 0 cold 0
hot 438237 warm 0 cold 0
hot 438233 warm 0 cold 0
hot 438229 warm 0 cold 0
hot 438225 warm 0 cold 0
hot 438221 warm 0 cold 0
hot 438217 warm 0 cold 0
hot 438213 warm 0 cold 0
hot 438209 warm 0 cold 0
hot 438205 warm 0 cold 0
hot 438201 warm 0 cold 0
hot 438197 warm 0 cold 0
hot 438193 warm 0 cold 0
hot 438189 warm 0 cold 0
hot 438185 warm 0 cold 0
hot 438181 warm 0 cold 0
hot 438690 warm 0 cold 0
hot 438686 warm 0 cold 0
hot 438682 warm 0 cold 0
hot 438678 warm 0 cold 0
hot 438674 warm 0 cold 0
hot 438670 warm 0 cold 0
hot 438666 warm 0 cold 0
hot 438662 warm 0 cold 0
hot 439170 warm 0 cold 0
hot 439166 warm 0 cold 0
hot 439162 warm 0 cold 0
hot 439158 warm 0 cold 0
hot 439154 warm 0 cold 0
hot 439150 warm 0 cold 0
hot 439146 warm 0 cold 0
hot 439142 warm 0 cold 0
hot 439138 warm 0 cold 0
hot 439135 warm 0 cold 0
hot 439131 warm 0 cold 0
hot 439149 warm 0 cold 0
hot 439149 warm 0 cold 0
hot 439149 warm 0 cold 0
hot 439154 warm 0 cold 0
hot 439154 warm 0 cold 0
hot 439154 warm 0 cold 0
hot 439154 warm 0 cold 0
hot 439155 warm 0 cold 0
hot 439180 warm 0 cold 0
hot 439189 warm 0 cold 0
hot 439189 warm 0 cold 0
hot 439189 warm 0 cold 0
hot 439195 warm 0 cold 0
hot 439195 warm 0 cold 0
hot 439195 warm 0 cold 0
hot 439195 warm 0 cold 0
hot 439195 warm 0 cold 0
hot 439220 warm 0 cold 0
hot 439232 warm 0 cold 0
hot 439232 warm 0 cold 0
hot 439232 warm 0 cold 0
hot 439237 warm 0 cold 0
hot 439237 warm 0 cold 0
hot 439237 warm 0 cold 0
hot 439237 warm 0 cold 0
hot 439238 warm 0 cold 0
hot 439258 warm 0 cold 0
hot 439266 warm 0 cold 0
hot 439266 warm 0 cold 0
hot 439266 warm 0 cold 0
hot 439268 warm 0 cold 0
hot 439268 warm 0 cold 0
hot 439268 warm 0 cold 0
hot 439268 warm 0 cold 0
hot 439269 warm 0 cold 0
hot 439289 warm 0 cold 0
hot 439296 warm 0 cold 0
hot 439296 warm 0 cold 0
hot 439296 warm 0 cold 0
hot 439299 warm 0 cold 0
hot 439299 warm 0 cold 0
hot 439299 warm 0 cold 0
hot 439299 warm 0 cold 0
hot 439301 warm 0 cold 0
hot 439319 warm 0 cold 0
hot 439326 warm 0 cold 0
hot 439326 warm 0 cold 0
hot 439326 warm 0 cold 0
hot 439333 warm 0 cold 0
hot 439333 warm 0 cold 0
hot 439333 warm 0 cold 0
hot 439333 warm 0 cold 0
hot 439334 warm 0 cold 0
hot 439351 warm 0 cold 0
hot 439357 warm 0 cold 0
hot 439357 warm 0 cold 0
hot 439357 warm 0 cold 0
hot 439362 warm 0 cold 0
hot 439362 warm 0 cold 0
hot 439362 warm 0 cold 0
hot 439362 warm 0 cold 0
hot 439363 warm 0 cold 0
hot 439376 warm 0 cold 0
hot 439381 warm 0 cold 0
hot 439381 warm 0 cold 0
hot 439381 warm 0 cold 0
hot 439384 warm 0 cold 0
hot 439384 warm 0 cold 0
hot 439384 warm 0 cold 0
hot 439384 warm 0 cold 0
hot 439385 warm 0 cold 0
hot 439399 warm 0 cold 0
hot 439404 warm 0 cold 0
hot 439404 warm 0 cold 0
hot 439404 warm 0 cold 0
hot 439407 warm 0 cold 0
hot 439407 warm 0 cold 0
hot 439407 warm 0 cold 0
hot 439407 warm 0 cold 0
hot 439407 warm 0 cold 0
hot 439419 warm 0 cold 0
hot 439424 warm 0 cold 0
hot 439424 warm 0 cold 0
hot 439424 warm 0 cold 0
hot 439429 warm 0 cold 0
hot 439430 warm 0 cold 0
hot 439430 warm 0 cold 0
hot 439430 warm 0 cold 0
hot 439431 warm 0 cold 0
hot 439441 warm 0 cold 0
hot 439446 warm 0 cold 0
hot 439446 warm 0 cold 0
hot 439446 warm 0 cold 0
hot 439454 warm 0 cold 0
hot 439454 warm 0 cold 0
hot 439454 warm 0 cold 0
hot 439454 warm 0 cold 0
hot 439454 warm 0 cold 0
hot 439465 warm 0 cold 0
hot 439470 warm 0 cold 0
hot 439470 warm 0 cold 0
hot 439470 warm 0 cold 0
hot 439474 warm 0 cold 0
hot 439474 warm 0 cold 0
hot 439474 warm 0 cold 0
hot 439474 warm 0 cold 0
hot 439476 warm 0 cold 0
hot 439484 warm 0 cold 0
hot 439488 warm 0 cold 0
hot 439488 warm 0 cold 0
hot 439488 warm 0 cold 0
hot 439492 warm 0 cold 0
hot 439492 warm 0 cold 0
hot 439492 warm 0 cold 0
hot 439492 warm 0 cold 0
hot 439493 warm 0 cold 0
hot 439502 warm 0 cold 0
hot 439505 warm 0 cold 0
hot 439505 warm 0 cold 0
hot 439505 warm 0 cold 0
hot 439508 warm 0 cold 0
hot 439508 warm 0 cold 0
hot 439508 warm 0 cold 0
hot 439508 warm 0 cold 0
hot 439508 warm 0 cold 0
hot 439516 warm 0 cold 0
hot 439519 warm 0 cold 0
hot 439519 warm 0 cold 0
hot 439519 warm 0 cold 0
hot 439522 warm 0 cold 0
hot 439522 warm 0 cold 0
hot 439522 warm 0 cold 0
hot 439522 warm 0 cold 0
hot 439522 warm 0 cold 0
hot 439529 warm 0 cold 0
hot 439531 warm 0 cold 0
hot 439531 warm 0 cold 0
hot 439531 warm 0 cold 0
hot 439534 warm 0 cold 0
hot 439534 warm 0 cold 0
hot 439534 warm 0 cold 0
hot 439534 warm 0 cold 0
hot 439535 warm 0 cold 0
hot 439541 warm 0 cold 0
hot 439543 warm 0 cold 0
hot 439543 warm 0 cold 0
hot 439543 warm 0 cold 0
hot 439547 warm 0 cold 0
hot 439547 warm 0 cold 0
hot 439547 warm 0 cold 0
hot 439547 warm 0 cold 0
hot 439548 warm 0 cold 0
hot 439553 warm 0 cold 0
hot 439556 warm 0 cold 0
hot 439556 warm 0 cold 0
hot 439556 warm 0 cold 0
hot 439562 warm 0 cold 0
hot 439562 warm 0 cold 0
hot 439562 warm 0 cold 0
hot 439562 warm 0 cold 0
hot 439562 warm 0 cold 0
hot 439568 warm 0 cold 0
hot 439570 warm 0 cold 0
hot 439570 warm 0 cold 0
hot 439570 warm 0 cold 0
hot 439574 warm 0 cold 0
hot 439574 warm 0 cold 0
hot 439574 warm 0 cold 0
hot 439574 warm 0 cold 0
hot 439575 warm 0 cold 0
hot 439580 warm 0 cold 0
hot 439583 warm 0 cold 0
hot 439583 warm 0 cold 0
hot 439583 warm 0 cold 0
hot 439585 warm 0 cold 0
hot 439585 warm 0 cold 0
hot 439585 warm 0 cold 0
hot 439585 warm 0 cold 0
hot 439585 warm 0 cold 0
hot 439591 warm 0 cold 0
hot 439593 warm 0 cold 0
hot 439593 warm 0 cold 0
hot 439593 warm 0 cold 0
hot 439597 warm 0 cold 0
hot 439597 warm 0 cold 0
hot 439597 warm 0 cold 0
hot 439597 warm 0 cold 0
hot 439597 warm 0 cold 0
hot 439602 warm 0 cold 0
hot 439604 warm 0 cold 0
hot 439604 warm 0 cold 0
hot 439604 warm 0 cold 0
hot 439608 warm 0 cold 0
hot 439608 warm 0 cold 0
hot 439608 warm 0 cold 0
hot 439608 warm 0 cold 0
hot 439608 warm 0 cold 0
hot 440122 warm 0 cold 0
hot 440633 warm 0 cold 0
hot 440629 warm 0 cold 0
hot 440625 warm 0 cold 0
hot 440621 warm 0 cold 0
hot 440617 warm 0 cold 0
hot 440613 warm 0 cold 0
hot 440609 warm 0 cold 0
hot 440605 warm 0 cold 0
hot 440601 warm 0 cold 0
hot 440597 warm 0 cold 0
hot 440593 warm 0 cold 0
hot 440589 warm 0 cold 0
hot 440585 warm 0 cold 0
hot 440581 warm 0 cold 0
hot 440577 warm 0 cold 0
hot 440573 warm 0 cold 0
hot 440569 warm 0 cold 0
hot 440565 warm 0 cold 0
hot 440561 warm 0 cold 0
hot 440557 warm 0 cold 0
hot 440553 warm 0 cold 0
hot 440549 warm 0 cold 0
hot 440545 warm 0 cold 0
hot 440541 warm 0 cold 0
hot 440537 warm 0 cold 0
hot 440533 warm 0 cold 0
hot 440529 warm 0 cold 0
hot 440525 warm 0 cold 0
hot 1365531 warm 34 cold 0
hot 1863795 warm 9 cold 0
hot 1863791 warm 0 cold 0
hot 1863787 warm 0 cold 0
hot 1863783 warm 0 cold 0
hot 1863779 warm 0 cold 0
hot 1863775 warm 0 cold 0
hot 1863771 warm 0 cold 0
hot 1863767 warm 0 cold 0
hot 1863763 warm 0 cold 0
hot 1863759 warm 0 cold 0
hot 1863755 warm 0 cold 0
hot 1863751 warm 0 cold 0
hot 1863747 warm 0 cold 0
hot 1863743 warm 0 cold 0
hot 1863739 warm 0 cold 0
hot 1863735 warm 0 cold 0
hot 1863731 warm 0 cold 0
hot 1863727 warm 0 cold 0
hot 1863723 warm 0 cold 0
hot 1863719 warm 0 cold 0
hot 1863715 warm 0 cold 0
hot 1863711 warm 0 cold 0
hot 1863707 warm 0 cold 0
hot 1863703 warm 0 cold 0
hot 1863699 warm 0 cold 0
hot 1863695 warm 0 cold 0
hot 1863691 warm 0 cold 0
hot 1863687 warm 0 cold 0
hot 1863683 warm 0 cold 0
hot 1863679 warm 0 cold 0
hot 1863675 warm 0 cold 0
hot 1863671 warm 0 cold 0
hot 1863667 warm 0 cold 0
hot 1863663 warm 0 cold 0
hot 1863659 warm 0 cold 0
hot 281927 warm 1566509 cold 15219
hot 281946 warm 1566486 cold 15219
hot 281947 warm 1566486 cold 15214
hot 281950 warm 1566479 cold 15214
hot 282492 warm 1565933 cold 15214
hot 282503 warm 1565918 cold 15214
hot 282512 warm 1565906 cold 15213
hot 283546 warm 1564875 cold 15384
hot 283549 warm 1564869 cold 15383
hot 283585 warm 1564829 cold 15383
hot 283593 warm 1564817 cold 15383
hot 283593 warm 1564819 cold 15381
hot 283596 warm 1564812 cold 15381
hot 283635 warm 1564769 cold 15381
hot 283647 warm 1564753 cold 15381
hot 284674 warm 1563723 cold 15381
hot 285194 warm 1563204 cold 15379
hot 285197 warm 1563198 cold 15378
hot 285232 warm 1563159 cold 15378
hot 285237 warm 1563156 cold 15377
hot 285245 warm 1563144 cold 15377
hot 285244 warm 1563141 cold 15377
hot 285242 warm 1563139 cold 15377
hot 285239 warm 1563139 cold 15377
hot 286270 warm 1562104 cold 15377
hot 287302 warm 1561075 cold 15372
hot 287321 warm 1561055 cold 15369
hot 287350 warm 1561022 cold 15369
hot 287347 warm 1561024 cold 15368
hot 287352 warm 1561015 cold 15368
hot 287370 warm 1560993 cold 15368
hot 287397 warm 1560962 cold 15368
hot 287399 warm 1560957 cold 15368
hot 287402 warm 1560953 cold 15366
hot 296120 warm 1552236 cold 15362
hot 297173 warm 1551179 cold 15362
hot 297191 warm 1551157 cold 15362
hot 297193 warm 1551152 cold 15362
hot 297197 warm 1551144 cold 15362
hot 297228 warm 1551109 cold 15362
hot 297248 warm 1551085 cold 15362
hot 297250 warm 1551080 cold 15361
hot 298798 warm 1550040 cold 14849
hot 300337 warm 1548498 cold 14849
hot 302423 warm 1546408 cold 14849
hot 302431 warm 1546396 cold 14849
hot 302433 warm 1546397 cold 14847
hot 302431 warm 1546395 cold 14847
hot 305031 warm 1543791 cold 14847
hot 305549 warm 1543269 cold 14847
hot 305549 warm 1543266 cold 14847
hot 307090 warm 1541726 cold 14844
hot 307092 warm 1541722 cold 14843
hot 313278 warm 1535532 cold 14843
hot 314306 warm 1534505 cold 14840
hot 314312 warm 1534495 cold 14840
hot 315335 warm 1533468 cold 14840
hot 330715 warm 1518084 cold 14840
hot 332763 warm 1516032 cold 14840
hot 332763 warm 1516028 cold 14840
hot 333798 warm 1515508 cold 14322
hot 340465 warm 1508837 cold 14322
hot 354309 warm 1494989 cold 14322
hot 354306 warm 1494993 cold 14321
hot 354310 warm 1494985 cold 14321
hot 358420 warm 1490871 cold 14321
hot 370730 warm 1478557 cold 14321
hot 370729 warm 1478554 cold 14321
hot 370730 warm 1478550 cold 14320
hot 370741 warm 1478537 cold 14318
hot 381507 warm 1467767 cold 14318
hot 387664 warm 1461606 cold 14318
hot 387662 warm 1461607 cold 14317
hot 387663 warm 1461602 cold 14317
hot 396906 warm 1452355 cold 14317
hot 400503 warm 1448754 cold 14317
hot 400500 warm 1448754 cold 14317
hot 400499 warm 1448757 cold 14313
hot 400496 warm 1448757 cold 14312
hot 406663 warm 1442586 cold 14312
hot 409228 warm 1440017 cold 14312
hot 409233 warm 1440010 cold 14312
hot 409231 warm 1440008 cold 14312
hot 411303 warm 1437932 cold 14312
hot 412841 warm 1436390 cold 14312
hot 412841 warm 1436386 cold 14312
hot 413361 warm 1436377 cold 13798
hot 414393 warm 1435342 cold 13797
hot 414931 warm 1434800 cold 13797
hot 415955 warm 1433777 cold 13797
hot 415956 warm 1433772 cold 13797
hot 415954 warm 1433770 cold 13797
hot 415985 warm 1433735 cold 13797
hot 415984 warm 1433732 cold 13797
hot 415988 warm 1433724 cold 13797
hot 415998 warm 1433713 cold 13794
hot 416010 warm 1433697 cold 13794
hot 417052 warm 1432651 cold 13794
hot 417050 warm 1432652 cold 13791
hot 417055 warm 1432643 cold 13791
hot 418095 warm 1431599 cold 13791
hot 418627 warm 1431063 cold 13791
hot 418625 warm 1431062 cold 13790
hot 418624 warm 1431061 cold 13788
hot 418629 warm 1431054 cold 13786
hot 418649 warm 1431030 cold 13786
hot 418653 warm 1431022 cold 13786
hot 418654 warm 1431019 cold 13784
hot 418651 warm 1431018 cold 13784
hot 419185 warm 1430480 cold 13784
hot 420216 warm 1429445 cold 13784
hot 420215 warm 1429442 cold 13784
hot 420216 warm 1429443 cold 13778
hot 420727 warm 1428928 cold 13778
hot 420749 warm 1428902 cold 13778
hot 420747 warm 1428900 cold 13778
hot 420744 warm 1429414 cold 13263
hot 421257 warm 1428897 cold 13263
hot 421286 warm 1428864 cold 13263
hot 421284 warm 1428862 cold 13263
hot 421285 warm 1428857 cold 13263
hot 422312 warm 1427830 cold 13259
hot 422319 warm 1427820 cold 13258
hot 422343 warm 1427792 cold 13258
hot 422345 warm 1427789 cold 13255
hot 422344 warm 1427786 cold 13255
hot 422345 warm 1427781 cold 13255
hot 422357 warm 1427765 cold 13255
hot 422354 warm 1427765 cold 13254
hot 423374 warm 1427254 cold 12741
hot 423892 warm 1426735 cold 13250
hot 423903 warm 1426720 cold 13250
hot 423914 warm 1426705 cold 13250
hot 423912 warm 1427218 cold 12735
hot 423911 warm 1427215 cold 12735
hot 423913 warm 1427209 cold 12735
hot 424435 warm 1426683 cold 12735
hot 424432 warm 1426682 cold 12735
hot 424949 warm 1426163 cold 12733
hot 424948 warm 1426160 cold 12733
hot 424962 warm 1426142 cold 12733
hot 425481 warm 1425619 cold 12733
hot 425483 warm 1425616 cold 12730
hot 425480 warm 1425615 cold 12730
hot 425491 warm 1425600 cold 12730
hot 425496 warm 1425591 cold 12730
hot 425492 warm 1425592 cold 12729
