pgmigrate_success 64940483
pgmigrate_success 64940488
pgmigrate_success 64940489
pgmigrate_success 64940490
pgmigrate_success 64940491
pgmigrate_success 64940492
pgmigrate_success 64940493
pgmigrate_success 64940494
pgmigrate_success 64940495
pgmigrate_success 64940496
pgmigrate_success 64940497
pgmigrate_success 64940498
pgmigrate_success 64940499
pgmigrate_success 64940500
pgmigrate_success 64940501
pgmigrate_success 64940502
pgmigrate_success 64940503
pgmigrate_success 64940504
pgmigrate_success 64940505
pgmigrate_success 64940506
pgmigrate_success 64940507
pgmigrate_success 64940508
pgmigrate_success 64940509
pgmigrate_success 64940510
pgmigrate_success 64940511
pgmigrate_success 64940512
pgmigrate_success 64940513
pgmigrate_success 64961953
pgmigrate_success 64967393
pgmigrate_success 64986722
pgmigrate_success 65088546
pgmigrate_success 65190114
pgmigrate_success 65202594
pgmigrate_success 65238434
pgmigrate_success 65344290
pgmigrate_success 65420514
pgmigrate_success 65520802
pgmigrate_success 65623202
pgmigrate_success 65673251
pgmigrate_success 65775235
pgmigrate_success 65850947
pgmigrate_success 65952867
pgmigrate_success 66054435
pgmigrate_success 66087972
pgmigrate_success 66189540
pgmigrate_success 66290788
pgmigrate_success 66392356
pgmigrate_success 66493604
pgmigrate_success 66594660
pgmigrate_success 66696036
pgmigrate_success 66796868
pgmigrate_success 66898238
pgmigrate_success 66966353
pgmigrate_success 67056715
pgmigrate_success 67144495
pgmigrate_success 67245130
pgmigrate_success 67331004
pgmigrate_success 67404124
pgmigrate_success 67505085
pgmigrate_success 67585149
pgmigrate_success 67679167
pgmigrate_success 67783744
pgmigrate_success 67833925
pgmigrate_success 67920833
pgmigrate_success 67972033
pgmigrate_success 68007654
pgmigrate_success 68082689
pgmigrate_success 68187073
pgmigrate_success 68221767
pgmigrate_success 68291463
pgmigrate_success 68333571
pgmigrate_success 68379753
pgmigrate_success 68443017
pgmigrate_success 68543108
pgmigrate_success 68641162
pgmigrate_success 68718154
pgmigrate_success 68730250
pgmigrate_success 68734219
pgmigrate_success 68792137
pgmigrate_success 68861834
pgmigrate_success 68966218
pgmigrate_success 69070927
pgmigrate_success 69140298
pgmigrate_success 69244997
pgmigrate_success 69349381
pgmigrate_success 69419078
pgmigrate_success 69488459
pgmigrate_success 69558155
pgmigrate_success 69662539
pgmigrate_success 69732236
pgmigrate_success 69786054
pgmigrate_success 69877193
pgmigrate_success 69962889
pgmigrate_success 70064073
pgmigrate_success 70133769
pgmigrate_success 70238153
pgmigrate_success 70342543
pgmigrate_success 70415818
pgmigrate_success 70516623
pgmigrate_success 70620527
pgmigrate_success 70724554
pgmigrate_success 70823824
pgmigrate_success 70849998
pgmigrate_success 70918122
pgmigrate_success 70987722
pgmigrate_success 71063536
pgmigrate_success 71160656
pgmigrate_success 71265355
pgmigrate_success 71343372
pgmigrate_success 71421393
pgmigrate_success 71465036
pgmigrate_success 71569417
pgmigrate_success 71639113
pgmigrate_success 71787516
pgmigrate_success 71877644
pgmigrate_success 72089623
pgmigrate_success 72274880
pgmigrate_success 72428372
pgmigrate_success 72634669
pgmigrate_success 72897382
pgmigrate_success 73128808
pgmigrate_success 73365866
pgmigrate_success 73628012
pgmigrate_success 73903470
pgmigrate_success 73981812
pgmigrate_success 73986934
pgmigrate_success 73988472
pgmigrate_success 73993594
pgmigrate_success 73996669
pgmigrate_success 74001279
pgmigrate_success 74019201
pgmigrate_success 74021251
pgmigrate_success 74026885
pgmigrate_success 74035079
pgmigrate_success 74083730
pgmigrate_success 74111892
pgmigrate_success 74159510
pgmigrate_success 74203032
pgmigrate_success 74226074
pgmigrate_success 74226075
pgmigrate_success 74255261
pgmigrate_success 74290591
pgmigrate_success 74332577
pgmigrate_success 74377635
pgmigrate_success 74434981
pgmigrate_success 74461607
pgmigrate_success 74491817
pgmigrate_success 74545067
pgmigrate_success 74580909
pgmigrate_success 74609071
pgmigrate_success 74637745
pgmigrate_success 74667443
pgmigrate_success 74705333
pgmigrate_success 74736055
pgmigrate_success 74766265
pgmigrate_success 74786747
pgmigrate_success 74823613
pgmigrate_success 74846143
pgmigrate_success 74883009
pgmigrate_success 74909635
pgmigrate_success 74922947
pgmigrate_success 74939333
pgmigrate_success 75045831
pgmigrate_success 75090889
pgmigrate_success 75161289
pgmigrate_success 75243944
pgmigrate_success 75317677
pgmigrate_success 75395505
pgmigrate_success 75494839
pgmigrate_success 75555815
pgmigrate_success 75638767
pgmigrate_success 75732978
pgmigrate_success 75778517
pgmigrate_success 75840407
pgmigrate_success 75883038
pgmigrate_success 75913278
pgmigrate_success 75917374
pgmigrate_success 75939392
pgmigrate_success 76022235
pgmigrate_success 76056215
pgmigrate_success 76056215
pgmigrate_success 76056215
pgmigrate_success 76056215
pgmigrate_success 76056258
pgmigrate_success 76056258
pgmigrate_success 76062967
pgmigrate_success 76153399
pgmigrate_success 76169280
pgmigrate_success 76179714
pgmigrate_success 76186891
pgmigrate_success 76194576
pgmigrate_success 76200723
pgmigrate_success 76200727
pgmigrate_success 76203427
pgmigrate_success 76208564
pgmigrate_success 76219832
pgmigrate_success 76224446
pgmigrate_success 76233153
pgmigrate_success 76237425
pgmigrate_success 76245111
pgmigrate_success 76254331
pgmigrate_success 76270224
pgmigrate_success 76305553
pgmigrate_success 76448061
pgmigrate_success 76448577
pgmigrate_success 76489542
pgmigrate_success 76641609
pgmigrate_success 76686162
pgmigrate_success 76741475
pgmigrate_success 76768219
pgmigrate_success 76804578
pgmigrate_success 76837347
pgmigrate_success 76891624
pgmigrate_success 76945900
pgmigrate_success 76987564
pgmigrate_success 77031613
pgmigrate_success 77075137
pgmigrate_success 77130947
pgmigrate_success 77183179
pgmigrate_success 77226729
pgmigrate_success 77274443
pgmigrate_success 77312846
pgmigrate_success 77358932
pgmigrate_success 77381975
pgmigrate_success 77460027
pgmigrate_success 77517394
pgmigrate_success 77519954
pgmigrate_success 77593172
pgmigrate_success 77640282
pgmigrate_success 77695148
pgmigrate_success 77750536
pgmigrate_success 77801738
pgmigrate_success 77873935
pgmigrate_success 77921555
pgmigrate_success 77976963
pgmigrate_success 78023131
pgmigrate_success 78073308
pgmigrate_success 78187485
pgmigrate_success 78260196
pgmigrate_success 78285850
pgmigrate_success 78302764
pgmigrate_success 78320687
pgmigrate_success 78357042
pgmigrate_success 78384693
pgmigrate_success 78412345
pgmigrate_success 78438051
pgmigrate_success 78450343
pgmigrate_success 78450343
pgmigrate_success 78450343
pgmigrate_success 78450343
pgmigrate_success 78450343
pgmigrate_success 78450343
pgmigrate_success 78450343
pgmigrate_success 78450343
pgmigrate_success 78450343
pgmigrate_success 78450343
pgmigrate_success 78464171
pgmigrate_success 78476162
pgmigrate_success 78479237
pgmigrate_success 78480264
pgmigrate_success 78482315
pgmigrate_success 78485901
pgmigrate_success 78489084
pgmigrate_success 78493184
pgmigrate_success 78533634
pgmigrate_success 78575107
pgmigrate_success 78575107
pgmigrate_success 78575198
pgmigrate_success 78575200
pgmigrate_success 78585966
pgmigrate_success 78585967
pgmigrate_success 78587506
pgmigrate_success 78591681
pgmigrate_success 78596292
pgmigrate_success 78601415
pgmigrate_success 78609098
pgmigrate_success 78612179
pgmigrate_success 78621910
pgmigrate_success 78629164
pgmigrate_success 78636851
pgmigrate_success 78645558
pgmigrate_success 78659386
pgmigrate_success 78667582
pgmigrate_success 78675798
pgmigrate_success 78685084
pgmigrate_success 78696863
pgmigrate_success 78708130
pgmigrate_success 78718885
pgmigrate_success 78733280
pgmigrate_success 78741003
pgmigrate_success 78762000
pgmigrate_success 78774290
pgmigrate_success 78860826
pgmigrate_success 78870045
pgmigrate_success 78876788
pgmigrate_success 78891644
pgmigrate_success 78905471
pgmigrate_success 78920835
pgmigrate_success 78932101
pgmigrate_success 78942343
pgmigrate_success 78954707
pgmigrate_success 78969045
pgmigrate_success 78987482
pgmigrate_success 79000285
pgmigrate_success 79013088
pgmigrate_success 79022893
pgmigrate_success 79039793
pgmigrate_success 79054643
pgmigrate_success 79074615
pgmigrate_success 79086903
pgmigrate_success 79114044
pgmigrate_success 79126923
pgmigrate_success 79138701
pgmigrate_success 79164824
pgmigrate_success 79181211
pgmigrate_success 79199133
pgmigrate_success 79207420
pgmigrate_success 79236102
pgmigrate_success 79253513
pgmigrate_success 79346189
pgmigrate_success 79380605
pgmigrate_success 79413060
pgmigrate_success 79434668
pgmigrate_success 79456753
pgmigrate_success 79486505
pgmigrate_success 79516260
pgmigrate_success 79541886
pgmigrate_success 79546505
pgmigrate_success 79546505
pgmigrate_success 79607095
pgmigrate_success 79625544
pgmigrate_success 79642465
pgmigrate_success 79680973
pgmigrate_success 79699942
pgmigrate_success 79730161
pgmigrate_success 79748597
pgmigrate_success 79789066
pgmigrate_success 79818769
pgmigrate_success 79853181
pgmigrate_success 79879301
pgmigrate_success 79919760
pgmigrate_success 79954070
pgmigrate_success 79992476
pgmigrate_success 80072348
pgmigrate_success 80125210
pgmigrate_success 80126754
pgmigrate_success 80129826
pgmigrate_success 80317752
pgmigrate_success 80559928
pgmigrate_success 80763706
pgmigrate_success 80842712
pgmigrate_success 80947165
pgmigrate_success 81030115
pgmigrate_success 81116648
pgmigrate_success 81200241
pgmigrate_success 81284722
pgmigrate_success 81367674
pgmigrate_success 81451644
pgmigrate_success 81525886
pgmigrate_success 81583406
pgmigrate_success 81656125
pgmigrate_success 81736514
pgmigrate_success 81809220
pgmigrate_success 81837896
pgmigrate_success 81837896
pgmigrate_success 81837896
pgmigrate_success 81837896
pgmigrate_success 81837899
pgmigrate_success 81945107
pgmigrate_success 81982069
pgmigrate_success 82005623
pgmigrate_success 82020985
