hot 3 warm 0 cold 94
hot 4 warm 0 cold 94
hot 4 warm 0 cold 94
hot 4 warm 0 cold 94
hot 4 warm 0 cold 94
hot 4 warm 0 cold 94
hot 4 warm 0 cold 94
hot 4 warm 0 cold 94
hot 4 warm 0 cold 94
hot 4 warm 0 cold 94
hot 4 warm 0 cold 94
hot 4 warm 0 cold 94
hot 4 warm 0 cold 94
hot 4 warm 0 cold 94
hot 4 warm 0 cold 94
hot 4 warm 0 cold 94
hot 4 warm 0 cold 94
hot 4 warm 0 cold 94
hot 4 warm 0 cold 94
hot 4 warm 0 cold 94
hot 4 warm 0 cold 94
hot 4 warm 0 cold 94
hot 4 warm 0 cold 94
hot 4 warm 0 cold 94
hot 4 warm 0 cold 94
hot 4 warm 0 cold 94
hot 4 warm 0 cold 94
hot 4 warm 0 cold 94
hot 4 warm 0 cold 94
hot 4 warm 0 cold 94
hot 4 warm 0 cold 94
hot 4 warm 0 cold 182
hot 4 warm 0 cold 138
hot 4 warm 0 cold 95
hot 4 warm 0 cold 94
hot 4 warm 0 cold 94
hot 4 warm 0 cold 94
hot 4 warm 0 cold 94
hot 4 warm 0 cold 94
hot 4 warm 0 cold 94
hot 4 warm 0 cold 94
hot 4 warm 0 cold 94
hot 4 warm 0 cold 94
hot 4 warm 0 cold 94
hot 4 warm 0 cold 94
hot 4 warm 0 cold 94
hot 4 warm 0 cold 94
hot 4 warm 0 cold 94
hot 4 warm 0 cold 94
hot 4 warm 0 cold 94
hot 4 warm 0 cold 94
hot 4 warm 0 cold 94
hot 4 warm 0 cold 94
hot 4 warm 0 cold 94
hot 4 warm 0 cold 94
hot 4 warm 0 cold 94
hot 4 warm 0 cold 94
hot 4 warm 0 cold 94
hot 4 warm 0 cold 94
hot 4 warm 0 cold 94
hot 4 warm 0 cold 94
hot 4 warm 0 cold 94
hot 4 warm 0 cold 94
hot 4 warm 0 cold 94
hot 4 warm 0 cold 94
hot 4 warm 0 cold 94
hot 4 warm 0 cold 94
hot 4 warm 0 cold 94
hot 4 warm 0 cold 94
hot 4 warm 0 cold 94
hot 4 warm 0 cold 94
hot 4 warm 0 cold 94
hot 4 warm 0 cold 94
hot 4 warm 0 cold 94
hot 4 warm 0 cold 94
hot 4 warm 0 cold 94
hot 4 warm 0 cold 94
hot 4 warm 0 cold 94
hot 4 warm 0 cold 94
hot 4 warm 0 cold 94
hot 4 warm 0 cold 94
hot 4 warm 0 cold 94
hot 4 warm 0 cold 94
hot 4 warm 0 cold 94
hot 4 warm 0 cold 94
hot 4 warm 0 cold 94
hot 4 warm 0 cold 94
hot 4 warm 0 cold 94
hot 4 warm 0 cold 94
hot 4 warm 0 cold 94
hot 4 warm 0 cold 94
hot 4 warm 0 cold 94
hot 4 warm 0 cold 94
hot 4 warm 0 cold 94
hot 4 warm 0 cold 94
hot 4 warm 0 cold 94
hot 4 warm 0 cold 94
hot 4 warm 0 cold 94
hot 4 warm 0 cold 94
hot 4 warm 0 cold 94
hot 4 warm 0 cold 94
hot 4 warm 0 cold 94
hot 4 warm 0 cold 94
hot 4 warm 0 cold 94
hot 4 warm 0 cold 94
hot 4 warm 0 cold 94
hot 4 warm 0 cold 94
hot 4 warm 0 cold 94
hot 4 warm 0 cold 94
hot 4 warm 0 cold 94
hot 4 warm 0 cold 94
hot 4 warm 0 cold 94
hot 4 warm 0 cold 94
hot 4 warm 0 cold 94
hot 4 warm 0 cold 94
hot 4 warm 0 cold 94
hot 4 warm 0 cold 94
hot 4 warm 0 cold 94
hot 4 warm 0 cold 94
hot 4 warm 0 cold 94
hot 4 warm 0 cold 94
hot 4 warm 0 cold 94
hot 4 warm 0 cold 94
hot 4 warm 0 cold 94
hot 4 warm 0 cold 94
hot 4 warm 0 cold 94
hot 4 warm 0 cold 94
hot 4 warm 0 cold 94
hot 4 warm 0 cold 94
hot 4 warm 0 cold 94
hot 4 warm 0 cold 94
hot 4 warm 0 cold 94
hot 4 warm 0 cold 94
hot 4 warm 0 cold 94
hot 4 warm 0 cold 94
hot 4 warm 0 cold 94
hot 4 warm 0 cold 94
hot 4 warm 0 cold 94
hot 4 warm 0 cold 94
hot 4 warm 0 cold 94
hot 4 warm 0 cold 94
hot 4 warm 0 cold 94
hot 4 warm 0 cold 94
hot 4 warm 0 cold 94
hot 4 warm 0 cold 94
hot 4 warm 0 cold 94
hot 4 warm 0 cold 94
hot 4 warm 0 cold 94
hot 4 warm 0 cold 94
hot 4 warm 0 cold 94
hot 4 warm 0 cold 94
hot 4 warm 0 cold 94
hot 4 warm 0 cold 94
hot 4 warm 0 cold 94
hot 4 warm 0 cold 94
hot 4 warm 0 cold 94
hot 4 warm 0 cold 94
hot 4 warm 0 cold 94
hot 4 warm 0 cold 94
hot 4 warm 0 cold 94
hot 4 warm 0 cold 94
hot 4 warm 0 cold 94
hot 4 warm 0 cold 94
hot 4 warm 0 cold 94
hot 4 warm 0 cold 94
hot 4 warm 0 cold 94
hot 4 warm 0 cold 94
hot 4 warm 0 cold 94
hot 4 warm 0 cold 94
hot 4 warm 0 cold 94
hot 4 warm 0 cold 94
hot 4 warm 0 cold 94
hot 4 warm 0 cold 94
hot 4 warm 0 cold 94
hot 4 warm 0 cold 94
hot 4 warm 0 cold 94
hot 4 warm 0 cold 94
hot 4 warm 0 cold 94
hot 4 warm 0 cold 94
hot 4 warm 0 cold 94
hot 4 warm 0 cold 94
hot 4 warm 0 cold 94
hot 4 warm 0 cold 94
hot 4 warm 0 cold 94
hot 4 warm 0 cold 94
hot 4 warm 0 cold 94
hot 4 warm 0 cold 94
hot 4 warm 0 cold 94
hot 4 warm 0 cold 94
hot 4 warm 0 cold 94
hot 4 warm 0 cold 94
hot 4 warm 0 cold 94
hot 4 warm 0 cold 94
hot 4 warm 0 cold 94
hot 4 warm 0 cold 94
hot 4 warm 0 cold 94
hot 4 warm 0 cold 94
hot 4 warm 0 cold 94
hot 4 warm 0 cold 94
hot 4 warm 0 cold 94
hot 4 warm 0 cold 94
hot 4 warm 0 cold 94
hot 4 warm 0 cold 94
hot 4 warm 0 cold 94
hot 4 warm 0 cold 94
hot 4 warm 0 cold 94
hot 4 warm 0 cold 94
hot 4 warm 0 cold 94
hot 4 warm 0 cold 94
hot 4 warm 0 cold 94
hot 4 warm 0 cold 94
hot 4 warm 0 cold 94
hot 4 warm 0 cold 94
hot 4 warm 0 cold 94
hot 4 warm 0 cold 94
hot 4 warm 0 cold 94
hot 4 warm 0 cold 94
hot 4 warm 0 cold 94
hot 4 warm 0 cold 94
hot 4 warm 0 cold 94
hot 4 warm 0 cold 94
hot 4 warm 0 cold 94
hot 4 warm 0 cold 94
hot 4 warm 0 cold 94
hot 4 warm 0 cold 94
hot 4 warm 0 cold 94
hot 4 warm 0 cold 94
hot 4 warm 0 cold 94
hot 4 warm 0 cold 94
hot 4 warm 0 cold 94
hot 4 warm 0 cold 94
hot 4 warm 0 cold 94
hot 4 warm 0 cold 94
hot 4 warm 0 cold 94
hot 4 warm 0 cold 94
hot 4 warm 0 cold 94
hot 4 warm 0 cold 94
hot 4 warm 0 cold 94
hot 4 warm 0 cold 94
hot 4 warm 0 cold 94
hot 4 warm 0 cold 94
hot 4 warm 0 cold 94
hot 4 warm 0 cold 94
hot 4 warm 0 cold 94
hot 4 warm 0 cold 94
hot 4 warm 0 cold 94
hot 4 warm 0 cold 94
hot 4 warm 0 cold 94
hot 4 warm 0 cold 94
hot 4 warm 0 cold 94
hot 4 warm 0 cold 94
hot 4 warm 0 cold 94
hot 4 warm 0 cold 94
hot 4 warm 0 cold 94
hot 4 warm 0 cold 94
hot 4 warm 0 cold 94
hot 4 warm 0 cold 94
hot 4 warm 0 cold 94
hot 4 warm 0 cold 94
hot 4 warm 0 cold 94
hot 4 warm 0 cold 94
hot 4 warm 0 cold 94
hot 4 warm 0 cold 94
hot 4 warm 0 cold 94
hot 4 warm 0 cold 94
hot 4 warm 0 cold 94
hot 4 warm 0 cold 94
hot 4 warm 0 cold 94
hot 4 warm 0 cold 94
hot 4 warm 0 cold 94
hot 4 warm 0 cold 94
hot 4 warm 0 cold 94
hot 4 warm 0 cold 94
hot 4 warm 0 cold 94
hot 4 warm 0 cold 94
hot 4 warm 0 cold 94
hot 4 warm 0 cold 94
hot 4 warm 0 cold 94
hot 4 warm 0 cold 94
hot 4 warm 0 cold 94
hot 4 warm 0 cold 94
hot 4 warm 0 cold 94
hot 4 warm 0 cold 94
hot 4 warm 0 cold 94
hot 4 warm 0 cold 94
hot 4 warm 0 cold 94
hot 4 warm 0 cold 94
hot 4 warm 0 cold 94
hot 4 warm 0 cold 94
hot 4 warm 0 cold 94
hot 4 warm 0 cold 94
hot 4 warm 0 cold 94
hot 4 warm 0 cold 94
hot 4 warm 0 cold 94
hot 4 warm 0 cold 94
hot 4 warm 0 cold 106
hot 4 warm 0 cold 94
hot 4 warm 0 cold 94
hot 4 warm 0 cold 94
hot 4 warm 0 cold 94
hot 4 warm 0 cold 94
hot 4 warm 0 cold 94
hot 4 warm 0 cold 94
hot 4 warm 0 cold 94
hot 4 warm 0 cold 94
hot 4 warm 0 cold 94
hot 4 warm 0 cold 94
hot 4 warm 0 cold 94
hot 4 warm 0 cold 94
hot 4 warm 0 cold 94
hot 4 warm 0 cold 94
hot 4 warm 0 cold 94
hot 4 warm 0 cold 94
hot 4 warm 0 cold 94
hot 4 warm 0 cold 94
hot 4 warm 0 cold 94
hot 4 warm 0 cold 94
hot 4 warm 0 cold 94
hot 4 warm 0 cold 94
hot 4 warm 0 cold 94
hot 4 warm 0 cold 94
hot 4 warm 0 cold 94
hot 4 warm 0 cold 94
hot 4 warm 0 cold 94
hot 4 warm 0 cold 94
hot 4 warm 0 cold 94
hot 4 warm 0 cold 94
hot 4 warm 0 cold 94
hot 4 warm 0 cold 94
hot 4 warm 0 cold 94
hot 4 warm 0 cold 94
hot 4 warm 0 cold 94
hot 4 warm 0 cold 94
hot 4 warm 0 cold 94
hot 4 warm 0 cold 94
hot 4 warm 0 cold 94
hot 4 warm 0 cold 94
hot 4 warm 0 cold 94
hot 4 warm 0 cold 94
hot 4 warm 0 cold 94
hot 4 warm 0 cold 94
hot 4 warm 0 cold 94
hot 4 warm 0 cold 94
hot 4 warm 0 cold 94
hot 4 warm 0 cold 94
hot 4 warm 0 cold 94
hot 4 warm 0 cold 94
hot 4 warm 0 cold 94
hot 4 warm 0 cold 94
hot 4 warm 0 cold 94
hot 4 warm 0 cold 94
hot 4 warm 0 cold 94
hot 4 warm 0 cold 94
hot 4 warm 0 cold 94
hot 4 warm 0 cold 94
hot 4 warm 0 cold 94
hot 4 warm 0 cold 94
hot 4 warm 0 cold 94
hot 4 warm 0 cold 94
hot 4 warm 0 cold 94
hot 4 warm 0 cold 94
hot 4 warm 0 cold 94
hot 4 warm 0 cold 94
hot 4 warm 0 cold 94
hot 4 warm 0 cold 94
hot 4 warm 0 cold 94
hot 4 warm 0 cold 94
hot 4 warm 0 cold 94
hot 4 warm 0 cold 94
hot 4 warm 0 cold 94
hot 4 warm 0 cold 94
hot 4 warm 0 cold 94
hot 4 warm 0 cold 94
hot 4 warm 0 cold 94
hot 4 warm 0 cold 94
hot 4 warm 0 cold 94
hot 4 warm 0 cold 94
hot 4 warm 0 cold 94
hot 4 warm 0 cold 94
hot 4 warm 0 cold 94
hot 4 warm 0 cold 94
hot 4 warm 0 cold 94
hot 4 warm 0 cold 94
hot 4 warm 0 cold 94
hot 4 warm 0 cold 94
hot 4 warm 0 cold 94
hot 4 warm 0 cold 94
hot 4 warm 0 cold 94
hot 4 warm 0 cold 94
hot 4 warm 0 cold 94
hot 4 warm 0 cold 94
hot 4 warm 0 cold 94
hot 4 warm 0 cold 94
hot 4 warm 0 cold 94
hot 4 warm 0 cold 94
hot 4 warm 0 cold 94
hot 4 warm 0 cold 94
hot 4 warm 0 cold 94
hot 4 warm 0 cold 94
hot 4 warm 0 cold 94
hot 4 warm 0 cold 94
hot 4 warm 0 cold 94
hot 4 warm 0 cold 94
hot 4 warm 0 cold 95
hot 4 warm 0 cold 94
hot 4 warm 0 cold 94
hot 4 warm 0 cold 94
hot 4 warm 0 cold 94
hot 4 warm 0 cold 94
hot 4 warm 0 cold 94
hot 4 warm 0 cold 94
hot 4 warm 0 cold 94
hot 4 warm 0 cold 94
hot 4 warm 0 cold 94
hot 4 warm 0 cold 94
hot 4 warm 0 cold 94
hot 4 warm 0 cold 94
hot 4 warm 0 cold 94
hot 4 warm 0 cold 94
hot 4 warm 0 cold 94
hot 4 warm 0 cold 94
hot 4 warm 0 cold 94
hot 4 warm 0 cold 94
hot 4 warm 0 cold 94
hot 4 warm 0 cold 94
hot 4 warm 0 cold 94
hot 4 warm 0 cold 94
hot 4 warm 0 cold 94
hot 4 warm 0 cold 94
hot 4 warm 0 cold 94
hot 4 warm 0 cold 94
hot 4 warm 0 cold 94
hot 4 warm 0 cold 94
hot 4 warm 0 cold 94
hot 4 warm 0 cold 94
hot 4 warm 0 cold 94
hot 4 warm 0 cold 94
hot 4 warm 0 cold 94
hot 4 warm 0 cold 94
hot 4 warm 0 cold 94
hot 4 warm 0 cold 94
hot 4 warm 0 cold 94
hot 4 warm 0 cold 94
hot 4 warm 0 cold 94
hot 4 warm 0 cold 94
hot 4 warm 0 cold 94
hot 4 warm 0 cold 94
hot 4 warm 0 cold 94
hot 4 warm 0 cold 94
hot 4 warm 0 cold 94
hot 4 warm 0 cold 94
hot 4 warm 0 cold 94
hot 4 warm 0 cold 94
hot 4 warm 0 cold 94
hot 4 warm 0 cold 94
hot 4 warm 0 cold 94
hot 4 warm 0 cold 94
hot 4 warm 0 cold 94
hot 4 warm 0 cold 94
hot 4 warm 0 cold 94
hot 4 warm 0 cold 94
hot 4 warm 0 cold 94
hot 4 warm 0 cold 94
hot 4 warm 0 cold 94
hot 4 warm 0 cold 94
hot 4 warm 0 cold 94
hot 4 warm 0 cold 94
hot 4 warm 0 cold 94
hot 4 warm 0 cold 94
hot 4 warm 0 cold 94
hot 4 warm 0 cold 94
hot 4 warm 0 cold 94
hot 4 warm 0 cold 94
hot 4 warm 0 cold 94
hot 4 warm 0 cold 94
hot 4 warm 0 cold 94
hot 4 warm 0 cold 94
hot 4 warm 0 cold 94
hot 4 warm 0 cold 94
hot 4 warm 0 cold 94
hot 4 warm 0 cold 94
hot 4 warm 0 cold 94
hot 4 warm 0 cold 94
hot 4 warm 0 cold 94
hot 4 warm 0 cold 94
hot 4 warm 0 cold 94
hot 4 warm 0 cold 94
hot 4 warm 0 cold 94
hot 4 warm 0 cold 94
hot 4 warm 0 cold 94
hot 4 warm 0 cold 94
hot 4 warm 0 cold 94
hot 4 warm 0 cold 94
hot 4 warm 0 cold 94
hot 4 warm 0 cold 94
hot 4 warm 0 cold 94
hot 4 warm 0 cold 94
hot 4 warm 0 cold 94
hot 4 warm 0 cold 94
hot 4 warm 0 cold 94
hot 4 warm 0 cold 94
hot 4 warm 0 cold 94
hot 4 warm 0 cold 94
hot 4 warm 0 cold 94
hot 4 warm 0 cold 94
hot 4 warm 0 cold 94
hot 4 warm 0 cold 94
hot 4 warm 0 cold 94
hot 4 warm 0 cold 94
hot 4 warm 0 cold 94
hot 4 warm 0 cold 94
hot 4 warm 0 cold 94
hot 4 warm 0 cold 94
hot 4 warm 0 cold 94
hot 4 warm 0 cold 94
hot 4 warm 0 cold 94
hot 4 warm 0 cold 94
hot 4 warm 0 cold 94
hot 4 warm 0 cold 94
hot 4 warm 0 cold 94
hot 4 warm 0 cold 94
hot 4 warm 0 cold 94
hot 4 warm 0 cold 94
hot 4 warm 0 cold 94
hot 4 warm 0 cold 94
hot 4 warm 0 cold 94
hot 4 warm 0 cold 94
hot 4 warm 0 cold 94
hot 4 warm 0 cold 94
hot 4 warm 0 cold 94
hot 4 warm 0 cold 94
hot 4 warm 0 cold 94
hot 4 warm 0 cold 94
hot 4 warm 0 cold 94
hot 4 warm 0 cold 94
hot 4 warm 0 cold 94
hot 4 warm 0 cold 94
hot 4 warm 0 cold 94
hot 4 warm 0 cold 94
hot 4 warm 0 cold 94
hot 4 warm 0 cold 94
hot 4 warm 0 cold 94
hot 4 warm 0 cold 94
hot 4 warm 0 cold 94
hot 4 warm 0 cold 94
hot 4 warm 0 cold 94
hot 4 warm 0 cold 94
hot 4 warm 0 cold 94
hot 4 warm 0 cold 94
hot 4 warm 0 cold 94
hot 4 warm 0 cold 94
hot 4 warm 0 cold 94
hot 4 warm 0 cold 94
hot 4 warm 0 cold 94
hot 4 warm 0 cold 94
hot 4 warm 0 cold 94
hot 4 warm 0 cold 94
hot 4 warm 0 cold 94
hot 4 warm 0 cold 94
hot 4 warm 0 cold 94
hot 4 warm 0 cold 94
hot 4 warm 0 cold 94
hot 4 warm 0 cold 94
hot 4 warm 0 cold 94
hot 4 warm 0 cold 94
hot 4 warm 0 cold 94
hot 4 warm 0 cold 94
hot 4 warm 0 cold 94
hot 4 warm 0 cold 94
hot 4 warm 0 cold 94
hot 4 warm 0 cold 94
hot 4 warm 0 cold 94
hot 4 warm 0 cold 94
hot 4 warm 0 cold 94
hot 4 warm 0 cold 94
hot 4 warm 0 cold 94
hot 4 warm 0 cold 94
hot 4 warm 0 cold 94
hot 4 warm 0 cold 94
hot 4 warm 0 cold 94
hot 4 warm 0 cold 94
hot 4 warm 0 cold 94
hot 4 warm 0 cold 94
hot 4 warm 0 cold 94
hot 4 warm 0 cold 94
hot 4 warm 0 cold 94
hot 4 warm 0 cold 94
hot 4 warm 0 cold 94
hot 4 warm 0 cold 94
hot 4 warm 0 cold 94
hot 4 warm 0 cold 94
hot 4 warm 0 cold 94
hot 4 warm 0 cold 94
hot 4 warm 0 cold 94
hot 4 warm 0 cold 94
hot 4 warm 0 cold 94
hot 4 warm 0 cold 94
hot 4 warm 0 cold 94
hot 4 warm 0 cold 94
hot 4 warm 0 cold 94
hot 4 warm 0 cold 94
hot 4 warm 0 cold 94
hot 4 warm 0 cold 94
hot 4 warm 0 cold 94
hot 4 warm 0 cold 94
hot 4 warm 0 cold 94
hot 4 warm 0 cold 94
hot 4 warm 0 cold 94
hot 4 warm 0 cold 94
hot 4 warm 0 cold 94
hot 4 warm 0 cold 94
hot 4 warm 0 cold 94
hot 4 warm 0 cold 94
hot 4 warm 0 cold 94
hot 4 warm 0 cold 94
hot 4 warm 0 cold 94
hot 4 warm 0 cold 94
hot 4 warm 0 cold 94
hot 4 warm 0 cold 94
hot 4 warm 0 cold 94
hot 4 warm 0 cold 94
hot 4 warm 0 cold 94
hot 4 warm 0 cold 94
hot 4 warm 0 cold 94
hot 4 warm 0 cold 94
hot 4 warm 0 cold 94
hot 4 warm 0 cold 94
hot 4 warm 0 cold 94
hot 4 warm 0 cold 94
hot 4 warm 0 cold 94
hot 4 warm 0 cold 94
hot 4 warm 0 cold 94
hot 4 warm 0 cold 94
hot 4 warm 0 cold 94
hot 4 warm 0 cold 94
hot 4 warm 0 cold 94
hot 4 warm 0 cold 94
hot 4 warm 0 cold 94
hot 4 warm 0 cold 94
hot 4 warm 0 cold 94
hot 4 warm 0 cold 94
hot 4 warm 0 cold 94
hot 4 warm 0 cold 94
hot 4 warm 0 cold 94
hot 4 warm 0 cold 94
hot 4 warm 0 cold 94
hot 4 warm 0 cold 94
hot 4 warm 0 cold 94
hot 4 warm 0 cold 94
hot 4 warm 0 cold 94
hot 4 warm 0 cold 94
hot 4 warm 0 cold 94
hot 4 warm 0 cold 94
hot 4 warm 0 cold 94
hot 4 warm 0 cold 94
hot 4 warm 0 cold 94
hot 4 warm 0 cold 94
hot 4 warm 0 cold 94
hot 4 warm 0 cold 94
hot 4 warm 0 cold 94
hot 4 warm 0 cold 94
hot 4 warm 0 cold 94
hot 4 warm 0 cold 94
hot 4 warm 0 cold 94
hot 4 warm 0 cold 94
hot 4 warm 0 cold 94
hot 4 warm 0 cold 94
hot 4 warm 0 cold 94
hot 4 warm 0 cold 94
hot 4 warm 0 cold 94
hot 4 warm 0 cold 94
hot 4 warm 0 cold 94
hot 4 warm 0 cold 94
hot 4 warm 0 cold 94
hot 4 warm 0 cold 94
hot 4 warm 0 cold 94
hot 4 warm 0 cold 94
hot 4 warm 0 cold 94
hot 4 warm 0 cold 94
hot 4 warm 0 cold 94
hot 4 warm 0 cold 94
hot 4 warm 0 cold 94
hot 4 warm 0 cold 94
hot 4 warm 0 cold 94
hot 4 warm 0 cold 94
hot 4 warm 0 cold 94
hot 4 warm 0 cold 94
hot 4 warm 0 cold 94
hot 4 warm 0 cold 94
hot 4 warm 0 cold 94
hot 4 warm 0 cold 94
hot 4 warm 0 cold 94
hot 4 warm 0 cold 94
hot 4 warm 0 cold 94
hot 4 warm 0 cold 94
hot 4 warm 0 cold 94
hot 4 warm 0 cold 94
hot 4 warm 0 cold 94
hot 4 warm 0 cold 94
hot 4 warm 0 cold 94
hot 4 warm 0 cold 94
hot 4 warm 0 cold 94
hot 4 warm 0 cold 94
hot 4 warm 0 cold 94
hot 4 warm 0 cold 94
hot 4 warm 0 cold 94
hot 4 warm 0 cold 94
hot 4 warm 0 cold 94
hot 4 warm 0 cold 94
hot 4 warm 0 cold 94
hot 4 warm 0 cold 94
hot 4 warm 0 cold 94
hot 4 warm 0 cold 94
hot 4 warm 0 cold 94
hot 4 warm 0 cold 94
hot 4 warm 0 cold 94
hot 4 warm 0 cold 94
hot 4 warm 0 cold 94
hot 4 warm 0 cold 94
hot 4 warm 0 cold 94
hot 4 warm 0 cold 94
hot 4 warm 0 cold 94
hot 4 warm 0 cold 94
hot 4 warm 0 cold 94
hot 4 warm 0 cold 94
hot 4 warm 0 cold 94
hot 4 warm 0 cold 94
hot 4 warm 0 cold 94
hot 4 warm 0 cold 94
hot 4 warm 0 cold 94
hot 4 warm 0 cold 94
hot 4 warm 0 cold 94
hot 4 warm 0 cold 94
hot 4 warm 0 cold 94
hot 4 warm 0 cold 94
hot 4 warm 0 cold 94
hot 4 warm 0 cold 94
hot 4 warm 0 cold 94
hot 4 warm 0 cold 94
hot 4 warm 0 cold 94
hot 4 warm 0 cold 94
hot 4 warm 0 cold 94
hot 4 warm 0 cold 94
hot 4 warm 0 cold 94
hot 4 warm 0 cold 94
hot 4 warm 0 cold 94
hot 4 warm 0 cold 94
hot 4 warm 0 cold 94
hot 4 warm 0 cold 94
hot 4 warm 0 cold 94
hot 4 warm 0 cold 94
hot 4 warm 0 cold 94
hot 4 warm 0 cold 94
hot 4 warm 0 cold 94
hot 4 warm 0 cold 94
hot 4 warm 0 cold 94
hot 4 warm 0 cold 94
hot 4 warm 0 cold 94
hot 4 warm 0 cold 94
hot 4 warm 0 cold 94
hot 4 warm 0 cold 94
hot 4 warm 0 cold 94
hot 4 warm 0 cold 94
hot 4 warm 0 cold 94
hot 4 warm 0 cold 94
hot 4 warm 0 cold 94
hot 4 warm 0 cold 94
hot 4 warm 0 cold 94
hot 4 warm 0 cold 94
hot 4 warm 0 cold 94
hot 4 warm 0 cold 94
hot 4 warm 0 cold 94
hot 4 warm 0 cold 94
hot 4 warm 0 cold 94
hot 4 warm 0 cold 94
hot 4 warm 0 cold 94
hot 4 warm 0 cold 94
hot 4 warm 0 cold 94
hot 4 warm 0 cold 94
hot 4 warm 0 cold 94
hot 4 warm 0 cold 94
hot 4 warm 0 cold 94
hot 4 warm 0 cold 94
hot 4 warm 0 cold 94
hot 4 warm 0 cold 94
hot 4 warm 0 cold 94
hot 4 warm 0 cold 94
hot 4 warm 0 cold 94
hot 4 warm 0 cold 94
hot 4 warm 0 cold 94
hot 4 warm 0 cold 94
hot 4 warm 0 cold 94
hot 4 warm 0 cold 94
hot 4 warm 0 cold 94
hot 4 warm 0 cold 94
hot 4 warm 0 cold 94
hot 4 warm 0 cold 94
hot 4 warm 0 cold 94
hot 4 warm 0 cold 94
hot 4 warm 0 cold 94
hot 4 warm 0 cold 94
hot 4 warm 0 cold 94
hot 4 warm 0 cold 94
hot 4 warm 0 cold 94
hot 4 warm 0 cold 94
hot 4 warm 0 cold 94
hot 4 warm 0 cold 94
hot 4 warm 0 cold 94
hot 4 warm 0 cold 94
hot 4 warm 0 cold 94
hot 4 warm 0 cold 94
hot 4 warm 0 cold 94
hot 4 warm 0 cold 94
hot 4 warm 0 cold 94
hot 4 warm 0 cold 94
hot 4 warm 0 cold 94
hot 4 warm 0 cold 94
hot 4 warm 0 cold 94
hot 4 warm 0 cold 94
hot 4 warm 0 cold 94
hot 4 warm 0 cold 94
hot 4 warm 0 cold 94
hot 4 warm 0 cold 94
hot 4 warm 0 cold 94
hot 4 warm 0 cold 94
hot 4 warm 0 cold 94
hot 4 warm 0 cold 94
hot 4 warm 0 cold 94
hot 4 warm 0 cold 94
hot 4 warm 0 cold 94
hot 4 warm 0 cold 94
hot 4 warm 0 cold 94
hot 4 warm 0 cold 94
hot 4 warm 0 cold 94
hot 4 warm 0 cold 94
hot 4 warm 0 cold 94
hot 4 warm 0 cold 94
hot 4 warm 0 cold 94
hot 4 warm 0 cold 94
hot 4 warm 0 cold 94
hot 4 warm 0 cold 94
hot 4 warm 0 cold 94
hot 4 warm 0 cold 94
hot 4 warm 0 cold 94
hot 4 warm 0 cold 94
hot 4 warm 0 cold 94
hot 4 warm 0 cold 94
hot 4 warm 0 cold 94
hot 4 warm 0 cold 94
hot 4 warm 0 cold 94
hot 4 warm 0 cold 94
hot 4 warm 0 cold 94
hot 4 warm 0 cold 94
hot 4 warm 0 cold 94
hot 4 warm 0 cold 94
hot 4 warm 0 cold 94
hot 4 warm 0 cold 94
hot 4 warm 0 cold 94
hot 4 warm 0 cold 94
hot 4 warm 0 cold 94
hot 4 warm 0 cold 94
hot 4 warm 0 cold 94
hot 4 warm 0 cold 94
hot 4 warm 0 cold 94
hot 20997 warm 0 cold 94
hot 185857 warm 0 cold 94
hot 243709 warm 0 cold 94
hot 337401 warm 0 cold 94
hot 434165 warm 0 cold 94
hot 448497 warm 0 cold 94
hot 494061 warm 0 cold 94
hot 500201 warm 0 cold 94
hot 569317 warm 0 cold 94
hot 586209 warm 0 cold 94
hot 4188786 warm 0 cold 0
hot 4220014 warm 0 cold 0
hot 253356 warm 3970239 cold 0
hot 257964 warm 3966655 cold 0
hot 261548 warm 3966143 cold 0
hot 263596 warm 3966143 cold 0
hot 308192 warm 3950219 cold 0
hot 345568 warm 3923595 cold 0
hot 382944 warm 3893899 cold 0
hot 430048 warm 3861643 cold 0
hot 477664 warm 3841163 cold 0
hot 510973 warm 3810926 cold 0
hot 548348 warm 3779694 cold 0
hot 588280 warm 3748462 cold 0
hot 621044 warm 3723374 cold 0
hot 612334 warm 3645038 cold 0
hot 631323 warm 3631677 cold 0
hot 652311 warm 3620413 cold 0
hot 672275 warm 3610173 cold 0
hot 690703 warm 0 cold 3596349
hot 726539 warm 0 cold 3582013
hot 746048 warm 3568644 cold 0
hot 770108 warm 0 cold 3550724
hot 795192 warm 0 cold 3528708
hot 817204 warm 0 cold 3511812
hot 830512 warm 0 cold 3509764
hot 269332 warm 0 cold 4378917
hot 269847 warm 988436 cold 3389920
hot 269848 warm 1038095 cold 3340228
hot 269848 warm 1082635 cold 3295684
hot 270375 warm 0 cold 4377788
hot 272504 warm 0 cold 4375655
hot 273016 warm 0 cold 4375139
hot 274041 warm 0 cold 4374110
hot 277113 warm 1265382 cold 3105652
hot 279745 warm 0 cold 4368398
hot 281793 warm 1338067 cold 3028279
hot 282819 warm 1353933 cold 3011383
hot 284869 warm 0 cold 4363262
hot 159044 warm 0 cold 4359159
hot 171382 warm 1437367 cold 2916618
hot 177524 warm 1481909 cold 2870538
hot 184690 warm 1517235 cold 2832138
hot 191348 warm 1547949 cold 2796810
hot 198011 warm 1570475 cold 2771713
hot 201593 warm 1603241 cold 2736385
hot 207740 warm 1629858 cold 2707201
hot 216956 warm 1652382 cold 2678529
hot 225149 warm 1672345 cold 2653953
hot 232891 warm 1694347 cold 2626253
hot 238524 warm 1721478 cold 2595533
hot 244666 warm 1746564 cold 2566349
hot 247226 warm 1776768 cold 2534093
hot 252345 warm 1797246 cold 2509004
hot 258550 warm 1818725 cold 2482855
hot 267763 warm 1838692 cold 2457255
hot 273392 warm 1863779 cold 2427559
hot 281596 warm 1877082 cold 2407584
hot 289836 warm 1899085 cold 2380409
hot 296492 warm 1925705 cold 2349689
hot 302642 warm 1948735 cold 2321529
hot 312372 warm 1970745 cold 2292857
hot 234131 warm 0 cold 4257451
hot 248227 warm 0 cold 4250715
hot 260717 warm 2012195 cold 2230839
hot 269324 warm 2037786 cold 2200631
hot 153797 warm 180224 cold 4204689
hot 155337 warm 223232 cold 4161608
hot 411392 warm 2098695 cold 2032648
hot 445186 warm 2102788 cold 1997832
hot 471815 warm 2113023 cold 1963016
hot 499973 warm 0 cold 4048901
hot 531204 warm 0 cold 4019714
hot 560960 warm 0 cold 3992514
hot 584004 warm 0 cold 3972027
hot 607555 warm 0 cold 3951032
hot 628035 warm 0 cold 3933620
hot 652175 warm 0 cold 3910500
hot 674703 warm 0 cold 3889504
hot 703885 warm 0 cold 3862878
hot 732556 warm 0 cold 3836251
hot 763282 warm 0 cold 3806545
hot 796645 warm 0 cold 3774714
hot 825828 warm 0 cold 3747575
hot 853986 warm 0 cold 3721461
hot 880097 warm 0 cold 3696370
hot 779694 warm 0 cold 3677425
hot 809457 warm 0 cold 3659388
hot 851491 warm 0 cold 3628152
hot 887216 warm 0 cold 3601526
hot 918868 warm 0 cold 3575924
hot 946881 warm 0 cold 3552880
hot 974724 warm 0 cold 3528758
hot 999468 warm 0 cold 3507253
hot 127532 warm 0 cold 4382770
hot 131116 warm 0 cold 4382770
hot 135215 warm 0 cold 4381743
hot 140395 warm 0 cold 4381173
hot 143468 warm 0 cold 4381172
hot 145008 warm 0 cold 4380656
hot 149105 warm 0 cold 4380655
hot 151166 warm 1081344 cold 3299298
hot 154786 warm 0 cold 4379070
hot 157859 warm 0 cold 4378045
hot 159401 warm 1139200 cold 3238327
hot 161963 warm 0 cold 4376501
hot 162478 warm 0 cold 4376498
hot 165597 warm 1189888 cold 3186563
hot 169698 warm 0 cold 4375422
hot 171236 warm 0 cold 4374908
hot 174310 warm 0 cold 4373882
hot 72671 warm 0 cold 4372336
hot 90891 warm 0 cold 4371277
hot 101600 warm 1293824 cold 3076426
hot 110076 warm 1317888 cold 3051846
hot 116706 warm 1335296 cold 3033413
hot 125661 warm 1352704 cold 3011899
hot 129619 warm 1370624 cold 2993912
hot 135760 warm 1384448 cold 2976503
hot 151032 warm 29593 cold 621056
hot 163376 warm 49049 cold 4335346
hot 166446 warm 55193 cold 4329201
hot 230388 warm 1586176 cold 2735809
hot 240118 warm 1619968 cold 2695356
hot 249847 warm 1647104 cold 2660536
hot 264691 warm 1667584 cold 2626744
hot 278032 warm 1687552 cold 2593943
hot 287246 warm 1714176 cold 2559637
hot 300049 warm 0 cold 4262032
hot 313871 warm 0 cold 4249230
hot 327695 warm 0 cold 4236426
hot 340035 warm 1793536 cold 2430546
hot 355903 warm 0 cold 4208722
hot 370237 warm 0 cold 4195408
hot 388154 warm 0 cold 4177999
hot 222064 warm 0 cold 4163662
hot 315927 warm 0 cold 4151323
hot 340829 warm 1871872 cold 2265107
hot 367818 warm 1883136 cold 2235409
hot 394604 warm 1888768 cold 2209807
hot 420528 warm 1891328 cold 2186763
hot 440472 warm 1902592 cold 2159583
hot 463126 warm 1910784 cold 2131421
hot 480780 warm 1922560 cold 2105308
hot 501009 warm 0 cold 4009948
hot 520465 warm 0 cold 3993048
hot 542502 warm 0 cold 3972543
hot 567076 warm 0 cold 3948477
hot 588578 warm 0 cold 3927995
hot 609568 warm 0 cold 3908537
hot 635678 warm 0 cold 3884471
hot 664392 warm 0 cold 3858313
hot 687435 warm 0 cold 3838338
hot 711498 warm 0 cold 3816319
hot 732489 warm 0 cold 3796860
hot 752465 warm 0 cold 3778928
hot 775020 warm 0 cold 3758417
hot 797032 warm 0 cold 3737937
hot 820070 warm 0 cold 3716943
hot 846691 warm 0 cold 3692878
hot 778950 warm 0 cold 3675454
hot 805334 warm 0 cold 3661049
hot 835623 warm 0 cold 3640056
hot 865735 warm 0 cold 3619063
hot 891376 warm 0 cold 3599606
hot 917104 warm 0 cold 3579125
hot 940215 warm 0 cold 3560119
hot 961458 warm 0 cold 3541684
hot 988082 warm 0 cold 3518640
hot 1012144 warm 0 cold 3496622
hot 130585 warm 0 cold 4381762
hot 131656 warm 0 cold 4381203
hot 133705 warm 0 cold 4381202
hot 136268 warm 975768 cold 3405431
hot 138319 warm 0 cold 4380684
hot 140367 warm 0 cold 4380684
hot 145002 warm 1047448 cold 3333209
hot 147562 warm 0 cold 4380657
hot 148590 warm 0 cold 4380653
hot 73903 warm 0 cold 1417216
hot 132716 warm 0 cold 4515034
hot 132815 warm 0 cold 4514889
hot 280412 warm 1313688 cold 3053585
hot 286557 warm 0 cold 4361124
hot 293723 warm 0 cold 4353954
hot 150093 warm 1397143 cold 2946568
hot 165520 warm 1426839 cold 2908105
hot 180366 warm 1456535 cold 2868167
hot 193675 warm 1481111 cold 2832326
hot 204936 warm 1509271 cold 2794949
hot 215689 warm 1544087 cold 2750912
hot 223909 warm 1575831 cold 2711968
hot 235890 warm 1606551 cold 2671514
hot 249716 warm 1632151 cold 2634644
hot 267641 warm 1648535 cold 2602891
hot 280488 warm 1670551 cold 2569560
hot 295847 warm 0 cold 4227308
hot 306598 warm 0 cold 4219625
hot 319908 warm 0 cold 4206823
hot 334241 warm 0 cold 4192998
hot 351219 warm 0 cold 4178576
hot 373235 warm 0 cold 4159116
hot 390130 warm 0 cold 4142217
hot 404978 warm 0 cold 4128901
hot 422385 warm 0 cold 4111490
hot 439330 warm 0 cold 4095565
hot 457759 warm 0 cold 4078156
hot 473118 warm 0 cold 4064329
hot 488989 warm 1884055 cold 2166959
hot 422316 warm 1885077 cold 2151597
hot 458697 warm 1883541 cold 2133619
hot 484789 warm 0 cold 3999750
hot 516023 warm 0 cold 3976196
hot 535738 warm 0 cold 3962366
hot 554024 warm 0 cold 3947514
hot 575283 warm 0 cold 3929537
hot 594283 warm 0 cold 3913146
hot 617165 warm 0 cold 3893689
hot 644300 warm 0 cold 3869110
hot 659175 warm 0 cold 3855767
hot 678161 warm 0 cold 3838313
hot 706318 warm 0 cold 3813224
hot 725259 warm 0 cold 3796839
hot 749833 warm 0 cold 3774309
hot 778018 warm 0 cold 3748168
hot 802083 warm 0 cold 3725635
hot 826145 warm 0 cold 3703105
hot 845087 warm 0 cold 3685183
hot 847643 warm 0 cold 3683647
hot 847639 warm 0 cold 3683647
hot 852755 warm 0 cold 3678527
hot 867603 warm 0 cold 3664699
hot 895761 warm 0 cold 3638073
