anon 983040
anon_thp 0
anon 169082880
anon_thp 167772160
anon 244572160
anon_thp 243269632
anon 410255360
anon_thp 408944640
anon 540282880
anon_thp 538968064
anon 674496512
anon_thp 673185792
anon 882114560
anon_thp 880803840
anon 1070862336
anon_thp 1069547520
anon 1281073152
anon_thp 1277165568
anon 1490788352
anon_thp 1486880768
anon 1608228864
anon_thp 1604321280
anon 1820041216
anon_thp 1816133632
anon 1903931392
anon_thp 1900019712
anon 2033950720
anon_thp 2030043136
anon 2220601344
anon_thp 2216689664
anon 2262540288
anon_thp 2258632704
anon 2424025088
anon_thp 2420113408
anon 2637934592
anon_thp 2634022912
anon 2793115648
anon_thp 2789212160
anon 2942013440
anon_thp 2938109952
anon 3078332416
anon_thp 3074424832
anon 3231428608
anon_thp 3227516928
anon 3445334016
anon_thp 3441426432
anon 3594227712
anon_thp 3590324224
anon 3696992256
anon_thp 3693084672
anon 3910905856
anon_thp 3906994176
anon 4055605248
anon_thp 4051697664
anon 4078678016
anon_thp 4074766336
anon 4101738496
anon_thp 4097835008
anon 4242251776
anon_thp 4238344192
anon 4456161280
anon_thp 4452253696
anon 4556828672
anon_thp 4552916992
anon 4598763520
anon_thp 4594860032
anon 4772835328
anon_thp 4768923648
anon 4928016384
anon_thp 4924112896
anon 5131444224
anon_thp 5127536640
anon 5343256576
anon_thp 5339348992
anon 5483765760
anon_thp 5479858176
anon 5695578112
anon_thp 5691670528
anon 5886414848
anon_thp 5882511360
anon 6022729728
anon_thp 6018826240
anon 6236643328
anon_thp 6232735744
anon 6370865152
anon_thp 6366953472
anon 6530244608
anon_thp 6526337024
anon 6744154112
anon_thp 6740246528
anon 6953865216
anon_thp 6949961728
anon 7165677568
anon_thp 7161774080
anon 7362813952
anon_thp 7358906368
anon 7568334848
anon_thp 7564427264
anon 7771762688
anon_thp 7767851008
anon 7981473792
anon_thp 7977566208
anon 8159731712
anon_thp 8155824128
anon 8329605120
anon_thp 8325693440
anon 8524640256
anon_thp 8520728576
anon 8732254208
anon_thp 8728346624
anon 8874864640
anon_thp 8870952960
anon 9061511168
anon_thp 9057599488
anon 9233473536
anon_thp 9229565952
anon 9428508672
anon_thp 9424601088
anon 9623547904
anon_thp 9619636224
anon 9829064704
anon_thp 9825157120
anon 9963282432
anon_thp 9959374848
anon 10097500160
anon_thp 10093592576
anon 10238009344
anon_thp 10234101760
anon 10319798272
anon_thp 10315890688
anon 10456113152
anon_thp 10452205568
anon 10657439744
anon_thp 10653532160
anon 10753904640
anon_thp 10750001152
anon 10902802432
anon_thp 10898898944
anon 10963619840
anon_thp 10959716352
anon 11083161600
anon_thp 11079254016
anon 11217375232
anon_thp 11213471744
anon 11424993280
anon_thp 11421089792
anon 11636805632
anon_thp 11632902144
anon 11777318912
anon_thp 11773411328
anon 11804581888
anon_thp 11800674304
anon 11842334720
anon_thp 11838423040
anon 11926216704
anon_thp 11922309120
anon 12104474624
anon_thp 12100567040
anon 12303708160
anon_thp 12299796480
anon 12513419264
anon_thp 12509511680
anon 12664410112
anon_thp 12660506624
anon 12874133504
anon_thp 12870221824
anon 13083844608
anon_thp 13079937024
anon 13203378176
anon_thp 13199474688
anon 13362769920
anon_thp 13358858240
anon 13532639232
anon_thp 13528727552
anon 13742346240
anon_thp 13738442752
anon 13895442432
anon_thp 13891534848
anon 14010785792
anon_thp 14006878208
anon 14186950656
anon_thp 14183038976
anon 14388273152
anon_thp 14384365568
anon 14566535168
anon_thp 14562623488
anon 14721720320
anon_thp 14717812736
anon 14927245312
anon_thp 14923333632
anon 15115980800
anon_thp 15112077312
anon 15323607040
anon_thp 15319695360
anon 15527026688
anon_thp 15523119104
anon 15734644736
anon_thp 15730737152
anon 15931781120
anon_thp 15927869440
anon 16114233344
anon_thp 16110321664
anon 16216989696
anon_thp 16213082112
anon 16290394112
anon_thp 16286482432
anon 16481230848
anon_thp 16477323264
anon 16651100160
anon_thp 16647192576
anon 16858714112
anon_thp 16854810624
anon 17036972032
anon_thp 17033068544
anon 17225715712
anon_thp 17221812224
anon 17313800192
anon_thp 17309892608
anon 17471086592
anon_thp 17467179008
anon 17666125824
anon_thp 17662214144
anon 17823408128
anon_thp 17819500544
anon 18866331648
anon_thp 18859687936
anon 19041972224
anon_thp 19031654400
anon 19041968128
anon_thp 19031654400
anon 19041976320
anon_thp 19031654400
anon 19039875072
anon_thp 19029557248
anon 19039875072
anon_thp 19029557248
anon 19041972224
anon_thp 19031654400
anon 19041972224
anon_thp 19031654400
anon 19041976320
anon_thp 19031654400
anon 19041976320
anon_thp 19031654400
anon 19041972224
anon_thp 19031654400
anon 19041976320
anon_thp 19031654400
anon 19041968128
anon_thp 19031654400
anon 19041976320
anon_thp 19031654400
anon 19041972224
anon_thp 19031654400
anon 19041976320
anon_thp 19031654400
anon 19041976320
anon_thp 19031654400
anon 19041972224
anon_thp 19031654400
anon 19041972224
anon_thp 19031654400
anon 19041972224
anon_thp 19031654400
anon 19041976320
anon_thp 19031654400
anon 19041976320
anon_thp 19031654400
anon 19041976320
anon_thp 19031654400
anon 19041972224
anon_thp 19031654400
anon 19041972224
anon_thp 19031654400
anon 19041976320
anon_thp 19031654400
anon 19041972224
anon_thp 19031654400
anon 19041972224
anon_thp 19031654400
anon 19041972224
anon_thp 19031654400
anon 19041976320
anon_thp 19031654400
anon 19041976320
anon_thp 19031654400
anon 19041972224
anon_thp 19031654400
anon 19041976320
anon_thp 19031654400
anon 19041972224
anon_thp 19031654400
anon 19041972224
anon_thp 19031654400
anon 19041972224
anon_thp 19031654400
anon 19041972224
anon_thp 19031654400
anon 19041972224
anon_thp 19031654400
anon 19041976320
anon_thp 19031654400
anon 19039879168
anon_thp 19029557248
anon 19041976320
anon_thp 19031654400
anon 19041972224
anon_thp 19031654400
anon 19041968128
anon_thp 19031654400
anon 19041972224
anon_thp 19031654400
anon 19041968128
anon_thp 19031654400
anon 19041968128
anon_thp 19031654400
anon 19041972224
anon_thp 19031654400
anon 19041972224
anon_thp 19031654400
anon 18891571200
anon_thp 18882756608
anon 19041976320
anon_thp 19031654400
anon 19041976320
anon_thp 19031654400
anon 19041972224
anon_thp 19031654400
anon 19041976320
anon_thp 19031654400
anon 19041968128
anon_thp 19031654400
anon 19041968128
anon_thp 19031654400
anon 19041976320
anon_thp 19031654400
anon 19041972224
anon_thp 19031654400
anon 19041972224
anon_thp 19031654400
anon 19041976320
anon_thp 19031654400
anon 19041976320
anon_thp 19031654400
anon 19041972224
anon_thp 19031654400
anon 19041976320
anon_thp 19031654400
anon 19041968128
anon_thp 19031654400
anon 19041968128
anon_thp 19031654400
anon 19041976320
anon_thp 19031654400
anon 19041968128
anon_thp 19031654400
anon 19041968128
anon_thp 19031654400
anon 19041972224
anon_thp 19031654400
anon 19041976320
anon_thp 19031654400
anon 19041976320
anon_thp 19031654400
anon 19041972224
anon_thp 19031654400
anon 18962870272
anon_thp 18954059776
anon 19041976320
anon_thp 19031654400
anon 19041972224
anon_thp 19031654400
anon 19041972224
anon_thp 19031654400
anon 19041972224
anon_thp 19031654400
anon 19041972224
anon_thp 19031654400
anon 19041972224
anon_thp 19031654400
anon 19041972224
anon_thp 19031654400
anon 19041972224
anon_thp 19031654400
anon 19041972224
anon_thp 19031654400
anon 19041976320
anon_thp 19031654400
anon 19041976320
anon_thp 19031654400
anon 19041976320
anon_thp 19031654400
anon 19041972224
anon_thp 19031654400
anon 19041968128
anon_thp 19031654400
anon 19041972224
anon_thp 19031654400
anon 19041976320
anon_thp 19031654400
anon 19041976320
anon_thp 19031654400
anon 19041972224
anon_thp 19031654400
anon 19039870976
anon_thp 19029557248
anon 19041972224
anon_thp 19031654400
anon 19041976320
anon_thp 19031654400
anon 19041972224
anon_thp 19031654400
anon 18990133248
anon_thp 18981322752
anon 19041972224
anon_thp 19031654400
anon 19041968128
anon_thp 19031654400
anon 19041972224
anon_thp 19031654400
anon 19041972224
anon_thp 19031654400
anon 19041972224
anon_thp 19031654400
anon 19041976320
anon_thp 19031654400
anon 19041972224
anon_thp 19031654400
anon 19041976320
anon_thp 19031654400
anon 19041972224
anon_thp 19031654400
anon 19041972224
anon_thp 19031654400
anon 19041972224
anon_thp 19031654400
anon 19039875072
anon_thp 19029557248
anon 19041972224
anon_thp 19031654400
anon 19041976320
anon_thp 19031654400
anon 19041968128
anon_thp 19031654400
anon 19041972224
anon_thp 19031654400
anon 19041976320
anon_thp 19031654400
anon 19041972224
anon_thp 19031654400
anon 19041968128
anon_thp 19031654400
anon 19041972224
anon_thp 19031654400
anon 19041968128
anon_thp 19031654400
anon 19041972224
anon_thp 19031654400
anon 19041976320
anon_thp 19031654400
anon 19039870976
anon_thp 19029557248
anon 19041972224
anon_thp 19031654400
anon 19041976320
anon_thp 19031654400
anon 19041972224
anon_thp 19031654400
anon 19041972224
anon_thp 19031654400
anon 19041968128
anon_thp 19031654400
anon 19041972224
anon_thp 19031654400
anon 19041968128
anon_thp 19031654400
anon 19041976320
anon_thp 19031654400
anon 19041968128
anon_thp 19031654400
anon 19041976320
anon_thp 19031654400
anon 19041976320
anon_thp 19031654400
anon 19041968128
anon_thp 19031654400
anon 19041976320
anon_thp 19031654400
anon 19041968128
anon_thp 19031654400
anon 19041972224
anon_thp 19031654400
anon 19041976320
anon_thp 19031654400
anon 19041968128
anon_thp 19031654400
anon 19041976320
anon_thp 19031654400
anon 19041968128
anon_thp 19031654400
anon 19041972224
anon_thp 19031654400
anon 19041972224
anon_thp 19031654400
anon 19041976320
anon_thp 19031654400
anon 19041976320
anon_thp 19031654400
anon 19041972224
anon_thp 19031654400
anon 19041976320
anon_thp 19031654400
anon 19041968128
anon_thp 19031654400
anon 19041972224
anon_thp 19031654400
anon 19041976320
anon_thp 19031654400
anon 19041972224
anon_thp 19031654400
anon 19041972224
anon_thp 19031654400
anon 19041972224
anon_thp 19031654400
anon 19041972224
anon_thp 19031654400
anon 19041976320
anon_thp 19031654400
anon 19041968128
anon_thp 19031654400
anon 19041976320
anon_thp 19031654400
anon 19041968128
anon_thp 19031654400
anon 19041972224
anon_thp 19031654400
anon 19041968128
anon_thp 19031654400
anon 19041972224
anon_thp 19031654400
anon 19041972224
anon_thp 19031654400
anon 19041972224
anon_thp 19031654400
anon 19041972224
anon_thp 19031654400
anon 19041976320
anon_thp 19031654400
anon 19041976320
anon_thp 19031654400
anon 19041976320
anon_thp 19031654400
anon 19041976320
anon_thp 19031654400
anon 19041972224
anon_thp 19031654400
anon 19041968128
anon_thp 19031654400
anon 19041976320
anon_thp 19031654400
anon 19041972224
anon_thp 19031654400
anon 19041972224
anon_thp 19031654400
anon 19041968128
anon_thp 19031654400
anon 19041972224
anon_thp 19031654400
anon 19041972224
anon_thp 19031654400
anon 19041972224
anon_thp 19031654400
anon 19039870976
anon_thp 19029557248
anon 19041972224
anon_thp 19031654400
anon 19041976320
anon_thp 19031654400
anon 19041972224
anon_thp 19031654400
anon 19041976320
anon_thp 19031654400
anon 19041968128
anon_thp 19031654400
anon 19041968128
anon_thp 19031654400
anon 19041976320
anon_thp 19031654400
anon 19041972224
anon_thp 19031654400
anon 19041976320
anon_thp 19031654400
anon 19041968128
anon_thp 19031654400
anon 19039875072
anon_thp 19029557248
anon 19041976320
anon_thp 19031654400
anon 19041976320
anon_thp 19031654400
anon 19041972224
anon_thp 19031654400
anon 19041976320
anon_thp 19031654400
anon 19041972224
anon_thp 19031654400
anon 19041976320
anon_thp 19031654400
anon 19041972224
anon_thp 19031654400
anon 19041976320
anon_thp 19031654400
anon 19041976320
anon_thp 19031654400
anon 19041972224
anon_thp 19031654400
anon 19041972224
anon_thp 19031654400
anon 19041968128
anon_thp 19031654400
anon 19041976320
anon_thp 19031654400
anon 19041972224
anon_thp 19031654400
anon 19041976320
anon_thp 19031654400
anon 19041972224
anon_thp 19031654400
anon 19041972224
anon_thp 19031654400
anon 19041972224
anon_thp 19031654400
anon 19041972224
anon_thp 19031654400
anon 19041972224
anon_thp 19031654400
anon 19041972224
anon_thp 19031654400
anon 19041972224
anon_thp 19031654400
anon 19041972224
anon_thp 19031654400
anon 19041972224
anon_thp 19031654400
anon 19041976320
anon_thp 19031654400
anon 19041968128
anon_thp 19031654400
anon 19041976320
anon_thp 19031654400
anon 19041972224
anon_thp 19031654400
anon 19041972224
anon_thp 19031654400
anon 19041968128
anon_thp 19031654400
anon 19041976320
anon_thp 19031654400
anon 19041972224
anon_thp 19031654400
anon 19041972224
anon_thp 19031654400
anon 19041976320
anon_thp 19031654400
anon 19041972224
anon_thp 19031654400
anon 19041972224
anon_thp 19031654400
anon 19041972224
anon_thp 19031654400
anon 19041972224
anon_thp 19031654400
anon 19041968128
anon_thp 19031654400
anon 19041976320
anon_thp 19031654400
anon 19041972224
anon_thp 19031654400
anon 19041976320
anon_thp 19031654400
anon 19041972224
anon_thp 19031654400
anon 19041976320
anon_thp 19031654400
anon 19041972224
anon_thp 19031654400
anon 19041976320
anon_thp 19031654400
anon 19041972224
anon_thp 19031654400
anon 19041972224
anon_thp 19031654400
