pgmigrate_success 282899119
pgmigrate_success 282899124
pgmigrate_success 282899125
pgmigrate_success 282899126
pgmigrate_success 282899127
pgmigrate_success 282899128
pgmigrate_success 282899129
pgmigrate_success 282899130
pgmigrate_success 282899131
pgmigrate_success 282925244
pgmigrate_success 282989628
pgmigrate_success 283086268
pgmigrate_success 283134077
pgmigrate_success 283201502
pgmigrate_success 283292542
pgmigrate_success 283308478
pgmigrate_success 283380159
pgmigrate_success 283489087
pgmigrate_success 283570592
pgmigrate_success 283638313
pgmigrate_success 283717098
pgmigrate_success 283786283
pgmigrate_success 283877668
pgmigrate_success 283966245
pgmigrate_success 284003339
pgmigrate_success 284112039
pgmigrate_success 284180588
pgmigrate_success 284193164
pgmigrate_success 284203493
pgmigrate_success 284277031
pgmigrate_success 284371432
pgmigrate_success 284438574
pgmigrate_success 284461551
pgmigrate_success 284530736
pgmigrate_success 284602380
pgmigrate_success 284714033
pgmigrate_success 284807217
pgmigrate_success 284877102
pgmigrate_success 284984372
pgmigrate_success 285084724
pgmigrate_success 285137264
pgmigrate_success 285251702
pgmigrate_success 285321393
pgmigrate_success 285389943
pgmigrate_success 285491672
pgmigrate_success 285597875
pgmigrate_success 285701241
pgmigrate_success 285802618
pgmigrate_success 285896882
pgmigrate_success 285992626
pgmigrate_success 286103672
pgmigrate_success 286195832
pgmigrate_success 286265524
pgmigrate_success 286358996
pgmigrate_success 286472314
pgmigrate_success 286542005
pgmigrate_success 286632118
pgmigrate_success 286703932
pgmigrate_success 286801564
pgmigrate_success 286904504
pgmigrate_success 287002687
pgmigrate_success 287071547
pgmigrate_success 287127483
pgmigrate_success 287195296
pgmigrate_success 287243681
pgmigrate_success 287309628
pgmigrate_success 287409469
pgmigrate_success 287455550
pgmigrate_success 287524931
pgmigrate_success 287557951
pgmigrate_success 287627333
pgmigrate_success 287673414
pgmigrate_success 287788353
pgmigrate_success 287880514
pgmigrate_success 287949890
pgmigrate_success 287978819
pgmigrate_success 287978820
pgmigrate_success 288023165
pgmigrate_success 288106563
pgmigrate_success 288207748
pgmigrate_success 288312644
pgmigrate_success 288382025
pgmigrate_success 288491333
pgmigrate_success 288589125
pgmigrate_success 288658507
pgmigrate_success 288727366
pgmigrate_success 288811335
pgmigrate_success 288911687
pgmigrate_success 288981068
pgmigrate_success 289046857
pgmigrate_success 289125071
pgmigrate_success 289232203
pgmigrate_success 289309968
pgmigrate_success 289396816
pgmigrate_success 289488976
pgmigrate_success 289581136
pgmigrate_success 289681008
pgmigrate_success 289788236
pgmigrate_success 289880396
pgmigrate_success 289989201
pgmigrate_success 290064716
pgmigrate_success 290116815
pgmigrate_success 290156623
pgmigrate_success 290248784
pgmigrate_success 290335824
pgmigrate_success 290433105
pgmigrate_success 290525265
pgmigrate_success 290617425
pgmigrate_success 290663506
pgmigrate_success 290732365
pgmigrate_success 290824526
pgmigrate_success 290901428
pgmigrate_success 291000539
pgmigrate_success 291074779
pgmigrate_success 291177691
pgmigrate_success 291388125
pgmigrate_success 291585687
pgmigrate_success 291729047
pgmigrate_success 291903639
pgmigrate_success 292020887
pgmigrate_success 292162201
pgmigrate_success 292179611
pgmigrate_success 292192925
pgmigrate_success 292225695
pgmigrate_success 292243105
pgmigrate_success 292256419
pgmigrate_success 292261541
pgmigrate_success 292274343
pgmigrate_success 292306601
pgmigrate_success 292312747
pgmigrate_success 292322477
pgmigrate_success 292330164
pgmigrate_success 292364982
pgmigrate_success 292425812
pgmigrate_success 292442710
pgmigrate_success 292457048
pgmigrate_success 292486234
pgmigrate_success 292525658
pgmigrate_success 292587610
pgmigrate_success 292611355
pgmigrate_success 292628838
pgmigrate_success 292642184
pgmigrate_success 292719008
pgmigrate_success 292752299
pgmigrate_success 293002667
pgmigrate_success 293100459
pgmigrate_success 293100459
pgmigrate_success 293100459
pgmigrate_success 293100459
pgmigrate_success 293100459
pgmigrate_success 293100459
pgmigrate_success 293141472
pgmigrate_success 293144038
pgmigrate_success 293146088
pgmigrate_success 293149162
pgmigrate_success 293151724
pgmigrate_success 293153262
pgmigrate_success 293159408
pgmigrate_success 293161970
pgmigrate_success 293165044
pgmigrate_success 293165558
pgmigrate_success 293203549
pgmigrate_success 293203632
pgmigrate_success 293203689
pgmigrate_success 293203722
pgmigrate_success 293204777
pgmigrate_success 293204795
pgmigrate_success 293204810
pgmigrate_success 293204825
pgmigrate_success 293205858
pgmigrate_success 293205860
pgmigrate_success 293205861
pgmigrate_success 293205863
pgmigrate_success 293206895
pgmigrate_success 293206899
pgmigrate_success 293208952
pgmigrate_success 293208956
pgmigrate_success 293208958
pgmigrate_success 293208962
pgmigrate_success 293214392
pgmigrate_success 293214393
pgmigrate_success 293218505
pgmigrate_success 293221579
pgmigrate_success 293223629
pgmigrate_success 293230809
pgmigrate_success 293231835
pgmigrate_success 293238493
pgmigrate_success 293243103
pgmigrate_success 293249250
pgmigrate_success 293255396
pgmigrate_success 293263590
pgmigrate_success 293269224
pgmigrate_success 293277930
pgmigrate_success 293289196
pgmigrate_success 293296366
pgmigrate_success 293302512
pgmigrate_success 293310706
pgmigrate_success 293319924
pgmigrate_success 293329142
pgmigrate_success 293338360
pgmigrate_success 293344506
pgmigrate_success 293354236
pgmigrate_success 293363966
pgmigrate_success 293376768
pgmigrate_success 293390594
pgmigrate_success 293402884
pgmigrate_success 293425414
pgmigrate_success 293516552
pgmigrate_success 293552502
pgmigrate_success 293566382
pgmigrate_success 293574115
pgmigrate_success 293585411
pgmigrate_success 293594647
pgmigrate_success 293595160
pgmigrate_success 293595161
pgmigrate_success 293595675
pgmigrate_success 293605933
pgmigrate_success 293619268
pgmigrate_success 293630032
pgmigrate_success 293645921
pgmigrate_success 293664365
pgmigrate_success 293680760
pgmigrate_success 293688955
pgmigrate_success 293718657
pgmigrate_success 293733000
pgmigrate_success 293744265
pgmigrate_success 293762704
pgmigrate_success 293813394
pgmigrate_success 293951122
pgmigrate_success 293954714
pgmigrate_success 294016154
pgmigrate_success 294191258
pgmigrate_success 294270110
pgmigrate_success 294320800
pgmigrate_success 294381218
pgmigrate_success 294443176
pgmigrate_success 294457002
pgmigrate_success 294458540
pgmigrate_success 294458541
pgmigrate_success 294471855
pgmigrate_success 294501039
pgmigrate_success 294580401
pgmigrate_success 294613171
pgmigrate_success 294656179
pgmigrate_success 294656179
pgmigrate_success 294656179
pgmigrate_success 294656179
pgmigrate_success 294656179
pgmigrate_success 294656179
pgmigrate_success 294656179
pgmigrate_success 294656179
pgmigrate_success 294656179
pgmigrate_success 294656183
pgmigrate_success 294753984
pgmigrate_success 294805247
pgmigrate_success 294806820
pgmigrate_success 294807354
pgmigrate_success 294808398
pgmigrate_success 294813017
pgmigrate_success 294817129
pgmigrate_success 294819699
pgmigrate_success 294823806
pgmigrate_success 294824838
pgmigrate_success 294826896
pgmigrate_success 294826897
pgmigrate_success 294829971
pgmigrate_success 294833049
pgmigrate_success 294838684
pgmigrate_success 294844831
pgmigrate_success 294848417
pgmigrate_success 294850980
pgmigrate_success 294854054
pgmigrate_success 294859693
pgmigrate_success 294867377
pgmigrate_success 294874035
pgmigrate_success 294877621
pgmigrate_success 294909368
pgmigrate_success 294917644
pgmigrate_success 294986846
pgmigrate_success 294986892
pgmigrate_success 295013023
pgmigrate_success 295097128
pgmigrate_success 295123242
pgmigrate_success 295144748
pgmigrate_success 295169328
pgmigrate_success 295211316
pgmigrate_success 295250747
pgmigrate_success 295281470
pgmigrate_success 295317313
pgmigrate_success 295358787
pgmigrate_success 295379781
pgmigrate_success 295433033
pgmigrate_success 295470923
pgmigrate_success 295515469
pgmigrate_success 295555408
pgmigrate_success 295609682
pgmigrate_success 295637844
pgmigrate_success 295712086
pgmigrate_success 295757145
pgmigrate_success 295808857
pgmigrate_success 295918508
pgmigrate_success 295966166
pgmigrate_success 296025113
pgmigrate_success 296076350
pgmigrate_success 296078398
pgmigrate_success 296078398
pgmigrate_success 296078398
pgmigrate_success 296078398
pgmigrate_success 296078398
pgmigrate_success 296078398
pgmigrate_success 296078398
pgmigrate_success 296078398
pgmigrate_success 296115931
pgmigrate_success 296123101
pgmigrate_success 296125155
pgmigrate_success 296133861
pgmigrate_success 296138471
pgmigrate_success 296146665
pgmigrate_success 296148207
pgmigrate_success 296150769
pgmigrate_success 296157427
pgmigrate_success 296162549
pgmigrate_success 296194295
pgmigrate_success 296284921
pgmigrate_success 296286971
pgmigrate_success 296291581
pgmigrate_success 296294655
pgmigrate_success 296299265
pgmigrate_success 296303875
pgmigrate_success 296305413
pgmigrate_success 296322311
pgmigrate_success 296322312
pgmigrate_success 296360201
pgmigrate_success 296408843
pgmigrate_success 296422157
pgmigrate_success 296451855
pgmigrate_success 296479505
pgmigrate_success 296499987
pgmigrate_success 296541977
pgmigrate_success 296561947
pgmigrate_success 296602397
pgmigrate_success 296638751
pgmigrate_success 296650529
pgmigrate_success 296703779
pgmigrate_success 296733477
pgmigrate_success 296786215
