pgmigrate_success 18141013
pgmigrate_success 18141013
pgmigrate_success 18141013
pgmigrate_success 18141013
pgmigrate_success 18141013
pgmigrate_success 18141013
pgmigrate_success 18141013
pgmigrate_success 18141013
pgmigrate_success 18141013
pgmigrate_success 18141246
pgmigrate_success 18141246
pgmigrate_success 18141246
pgmigrate_success 18141246
pgmigrate_success 18141246
pgmigrate_success 18212414
pgmigrate_success 18226846
pgmigrate_success 18304574
pgmigrate_success 18381758
pgmigrate_success 18445886
pgmigrate_success 18505438
pgmigrate_success 18588286
pgmigrate_success 18649982
pgmigrate_success 18729054
pgmigrate_success 18755134
pgmigrate_success 18783678
pgmigrate_success 18847294
pgmigrate_success 18894526
pgmigrate_success 18894526
pgmigrate_success 18918078
pgmigrate_success 18965566
pgmigrate_success 19012606
pgmigrate_success 19036350
pgmigrate_success 19059774
pgmigrate_success 19093470
pgmigrate_success 19130430
pgmigrate_success 19185470
pgmigrate_success 19248190
pgmigrate_success 19271934
pgmigrate_success 19318974
pgmigrate_success 19389630
pgmigrate_success 19431950
pgmigrate_success 19519031
pgmigrate_success 19581184
pgmigrate_success 19646738
pgmigrate_success 19712721
pgmigrate_success 19759825
pgmigrate_success 19815921
pgmigrate_success 19872209
pgmigrate_success 19924625
pgmigrate_success 19971665
pgmigrate_success 20019025
pgmigrate_success 20066129
pgmigrate_success 20113169
pgmigrate_success 20160081
pgmigrate_success 20207441
pgmigrate_success 20234545
pgmigrate_success 20279089
pgmigrate_success 20325073
pgmigrate_success 20372113
pgmigrate_success 20419153
pgmigrate_success 20466897
pgmigrate_success 20512977
pgmigrate_success 20547409
pgmigrate_success 20570769
pgmigrate_success 20594449
pgmigrate_success 20631697
pgmigrate_success 20687377
pgmigrate_success 20712209
pgmigrate_success 20735569
pgmigrate_success 20759249
pgmigrate_success 20782929
pgmigrate_success 20817009
pgmigrate_success 20877009
pgmigrate_success 20924049
pgmigrate_success 20947729
pgmigrate_success 20971089
pgmigrate_success 20986329
pgmigrate_success 21014265
pgmigrate_success 21074041
pgmigrate_success 21121401
pgmigrate_success 21168441
pgmigrate_success 21215481
pgmigrate_success 21262521
pgmigrate_success 21309561
pgmigrate_success 21333241
pgmigrate_success 21380281
pgmigrate_success 21427321
pgmigrate_success 21474681
pgmigrate_success 21521241
pgmigrate_success 21545145
pgmigrate_success 21592185
pgmigrate_success 21639545
pgmigrate_success 21664473
pgmigrate_success 21709945
pgmigrate_success 21759737
pgmigrate_success 21804345
pgmigrate_success 21858489
pgmigrate_success 21917625
pgmigrate_success 21969145
pgmigrate_success 22016185
pgmigrate_success 22059449
pgmigrate_success 22086969
pgmigrate_success 22094713
pgmigrate_success 22143641
pgmigrate_success 22181049
pgmigrate_success 22231065
pgmigrate_success 22275449
pgmigrate_success 22322489
pgmigrate_success 22345849
pgmigrate_success 22393209
pgmigrate_success 22448113
pgmigrate_success 22480465
pgmigrate_success 22529073
pgmigrate_success 22551441
pgmigrate_success 22564753
pgmigrate_success 22597521
pgmigrate_success 22671625
pgmigrate_success 22718217
pgmigrate_success 22766857
pgmigrate_success 22849801
pgmigrate_success 22921995
pgmigrate_success 23109456
pgmigrate_success 23354194
pgmigrate_success 23480658
pgmigrate_success 23672664
pgmigrate_success 23703897
pgmigrate_success 23703897
pgmigrate_success 23703897
pgmigrate_success 23703897
pgmigrate_success 23798109
pgmigrate_success 24041309
pgmigrate_success 24142685
pgmigrate_success 24245597
pgmigrate_success 24388445
pgmigrate_success 24473959
pgmigrate_success 24612713
pgmigrate_success 24681327
pgmigrate_success 24806767
pgmigrate_success 25058159
pgmigrate_success 25122161
pgmigrate_success 25243505
pgmigrate_success 25270641
pgmigrate_success 25294253
pgmigrate_success 25294255
pgmigrate_success 25294257
pgmigrate_success 25295281
pgmigrate_success 25295793
pgmigrate_success 25295793
pgmigrate_success 25296305
pgmigrate_success 25296305
pgmigrate_success 25296817
pgmigrate_success 25296817
pgmigrate_success 25297329
pgmigrate_success 25297329
pgmigrate_success 25297329
pgmigrate_success 25297329
pgmigrate_success 25297330
pgmigrate_success 25420735
pgmigrate_success 25425857
pgmigrate_success 25430979
pgmigrate_success 25438153
pgmigrate_success 25447376
pgmigrate_success 25458130
pgmigrate_success 25472468
pgmigrate_success 25484246
pgmigrate_success 25497560
pgmigrate_success 25508826
pgmigrate_success 25523676
pgmigrate_success 25532382
pgmigrate_success 25546208
pgmigrate_success 25559010
pgmigrate_success 25574372
pgmigrate_success 25592294
pgmigrate_success 25609192
pgmigrate_success 25625887
pgmigrate_success 25641761
pgmigrate_success 25656611
pgmigrate_success 25685797
pgmigrate_success 25703719
pgmigrate_success 25719081
pgmigrate_success 25738027
pgmigrate_success 25750829
pgmigrate_success 25781039
pgmigrate_success 25826097
pgmigrate_success 25901361
pgmigrate_success 25953587
pgmigrate_success 25975605
pgmigrate_success 25995575
pgmigrate_success 26021689
pgmigrate_success 26047291
pgmigrate_success 26069821
pgmigrate_success 26097471
pgmigrate_success 26112321
pgmigrate_success 26129731
pgmigrate_success 26155333
pgmigrate_success 26174279
pgmigrate_success 26193737
pgmigrate_success 26199371
pgmigrate_success 26199883
pgmigrate_success 26207053
pgmigrate_success 26238287
pgmigrate_success 26413333
pgmigrate_success 26436375
pgmigrate_success 26490135
pgmigrate_success 26698087
pgmigrate_success 26775401
pgmigrate_success 26832245
pgmigrate_success 26883445
pgmigrate_success 26965367
pgmigrate_success 27015545
pgmigrate_success 27087739
pgmigrate_success 27151229
pgmigrate_success 27191167
pgmigrate_success 27231105
pgmigrate_success 27297155
pgmigrate_success 27352965
pgmigrate_success 27360133
pgmigrate_success 27360133
pgmigrate_success 27360133
pgmigrate_success 27374996
pgmigrate_success 27376534
pgmigrate_success 27380120
pgmigrate_success 27383706
pgmigrate_success 27386268
pgmigrate_success 27390878
pgmigrate_success 27392928
pgmigrate_success 27396002
pgmigrate_success 27399076
pgmigrate_success 27403686
pgmigrate_success 27406248
pgmigrate_success 27471784
pgmigrate_success 27554218
pgmigrate_success 27554219
pgmigrate_success 27554220
pgmigrate_success 27554221
pgmigrate_success 27554222
pgmigrate_success 27554223
pgmigrate_success 27554444
pgmigrate_success 27554577
pgmigrate_success 27554578
pgmigrate_success 27554579
pgmigrate_success 27555093
pgmigrate_success 27558167
pgmigrate_success 27558680
pgmigrate_success 27558681
pgmigrate_success 27558682
pgmigrate_success 27559196
pgmigrate_success 27559709
pgmigrate_success 27561759
pgmigrate_success 27561760
pgmigrate_success 27563298
pgmigrate_success 27564324
pgmigrate_success 27564837
pgmigrate_success 27565351
pgmigrate_success 27571497
pgmigrate_success 27572010
pgmigrate_success 27575596
pgmigrate_success 27576110
pgmigrate_success 27578170
pgmigrate_success 27580731
pgmigrate_success 27583293
pgmigrate_success 27586879
pgmigrate_success 27589953
pgmigrate_success 27593027
pgmigrate_success 27595589
pgmigrate_success 27597127
pgmigrate_success 27599177
pgmigrate_success 27610953
pgmigrate_success 27636555
pgmigrate_success 27637335
pgmigrate_success 27638873
pgmigrate_success 27708009
pgmigrate_success 27730539
pgmigrate_success 27753069
pgmigrate_success 27759215
pgmigrate_success 27792497
pgmigrate_success 27860593
pgmigrate_success 27920499
pgmigrate_success 27951221
pgmigrate_success 27973751
pgmigrate_success 27999353
pgmigrate_success 28017787
pgmigrate_success 28040829
pgmigrate_success 28061823
pgmigrate_success 28079233
pgmigrate_success 28091011
pgmigrate_success 28107397
pgmigrate_success 28129415
pgmigrate_success 28153993
pgmigrate_success 28162699
pgmigrate_success 28204685
pgmigrate_success 28226191
pgmigrate_success 28245139
pgmigrate_success 28274325
pgmigrate_success 28291221
pgmigrate_success 28327575
pgmigrate_success 28356249
pgmigrate_success 28380315
pgmigrate_success 28387997
pgmigrate_success 28450463
pgmigrate_success 28596385
pgmigrate_success 28622196
pgmigrate_success 28651382
pgmigrate_success 28678008
pgmigrate_success 28715905
pgmigrate_success 28745091
pgmigrate_success 28774789
pgmigrate_success 28812167
pgmigrate_success 28858249
pgmigrate_success 28885394
pgmigrate_success 28925844
pgmigrate_success 28943766
pgmigrate_success 29003160
pgmigrate_success 29033370
pgmigrate_success 29083548
pgmigrate_success 29128606
pgmigrate_success 29160864
pgmigrate_success 29214626
pgmigrate_success 29257636
pgmigrate_success 29298086
pgmigrate_success 29340584
pgmigrate_success 29380010
pgmigrate_success 29433772
pgmigrate_success 29534124
pgmigrate_success 29597102
pgmigrate_success 29638064
pgmigrate_success 29686706
pgmigrate_success 29728692
pgmigrate_success 29730241
pgmigrate_success 29732807
pgmigrate_success 29733319
pgmigrate_success 29741514
pgmigrate_success 29744592
pgmigrate_success 29747827
pgmigrate_success 29752437
pgmigrate_success 29754487
pgmigrate_success 29757049
pgmigrate_success 29760123
pgmigrate_success 29761661
pgmigrate_success 29764223
pgmigrate_success 29768321
pgmigrate_success 29774467
pgmigrate_success 29777541
pgmigrate_success 29781639
pgmigrate_success 29783177
