hot 4 warm 0 cold 92
hot 6 warm 0 cold 92
hot 6 warm 0 cold 92
hot 6 warm 0 cold 92
hot 6 warm 0 cold 92
hot 6 warm 0 cold 92
hot 6 warm 0 cold 92
hot 6 warm 0 cold 92
hot 6 warm 0 cold 92
hot 6 warm 0 cold 92
hot 6 warm 0 cold 92
hot 6 warm 0 cold 92
hot 6 warm 0 cold 92
hot 6 warm 0 cold 92
hot 6 warm 0 cold 92
hot 6 warm 0 cold 92
hot 6 warm 0 cold 92
hot 6 warm 0 cold 92
hot 6 warm 0 cold 92
hot 6 warm 0 cold 164
hot 6 warm 0 cold 120
hot 6 warm 0 cold 92
hot 6 warm 0 cold 92
hot 6 warm 0 cold 92
hot 6 warm 0 cold 92
hot 6 warm 0 cold 92
hot 6 warm 0 cold 92
hot 6 warm 0 cold 92
hot 6 warm 0 cold 92
hot 6 warm 0 cold 92
hot 6 warm 0 cold 92
hot 6 warm 0 cold 92
hot 6 warm 0 cold 92
hot 6 warm 0 cold 92
hot 6 warm 0 cold 92
hot 6 warm 0 cold 92
hot 6 warm 0 cold 92
hot 6 warm 0 cold 92
hot 6 warm 0 cold 92
hot 6 warm 0 cold 115
hot 6 warm 0 cold 92
hot 6 warm 0 cold 92
hot 6 warm 0 cold 92
hot 6 warm 0 cold 92
hot 6 warm 0 cold 92
hot 6 warm 0 cold 92
hot 6 warm 0 cold 92
hot 6 warm 0 cold 92
hot 6 warm 0 cold 92
hot 6 warm 0 cold 92
hot 6 warm 0 cold 92
hot 6 warm 0 cold 92
hot 6 warm 0 cold 92
hot 6 warm 0 cold 92
hot 6 warm 0 cold 92
hot 6 warm 0 cold 92
hot 6 warm 0 cold 92
hot 6 warm 0 cold 92
hot 6 warm 0 cold 92
hot 6 warm 0 cold 92
hot 6 warm 0 cold 92
hot 6 warm 0 cold 92
hot 6 warm 0 cold 92
hot 6 warm 0 cold 92
hot 6 warm 0 cold 92
hot 6 warm 0 cold 92
hot 6 warm 0 cold 92
hot 6 warm 0 cold 92
hot 6 warm 0 cold 92
hot 6 warm 0 cold 92
hot 6 warm 0 cold 92
hot 6 warm 0 cold 92
hot 6 warm 0 cold 92
hot 6 warm 0 cold 92
hot 6 warm 0 cold 92
hot 6 warm 0 cold 92
hot 6 warm 0 cold 92
hot 6 warm 0 cold 92
hot 6 warm 0 cold 92
hot 6 warm 0 cold 92
hot 6 warm 0 cold 92
hot 6 warm 0 cold 92
hot 6 warm 0 cold 92
hot 6 warm 0 cold 92
hot 6 warm 0 cold 92
hot 6 warm 0 cold 92
hot 6 warm 0 cold 92
hot 6 warm 0 cold 92
hot 6 warm 0 cold 92
hot 6 warm 0 cold 92
hot 6 warm 0 cold 92
hot 6 warm 0 cold 92
hot 6 warm 0 cold 92
hot 6 warm 0 cold 92
hot 6 warm 0 cold 92
hot 6 warm 0 cold 92
hot 6 warm 0 cold 92
hot 6 warm 0 cold 92
hot 6 warm 0 cold 92
hot 6 warm 0 cold 92
hot 6 warm 0 cold 92
hot 6 warm 0 cold 92
hot 6 warm 0 cold 92
hot 6 warm 0 cold 92
hot 6 warm 0 cold 92
hot 6 warm 0 cold 92
hot 6 warm 0 cold 92
hot 6 warm 0 cold 92
hot 6 warm 0 cold 92
hot 6 warm 0 cold 92
hot 6 warm 0 cold 92
hot 6 warm 0 cold 92
hot 6 warm 0 cold 92
hot 23560 warm 0 cold 92
hot 195588 warm 0 cold 92
hot 268800 warm 0 cold 92
hot 310268 warm 0 cold 92
hot 387064 warm 0 cold 92
hot 447988 warm 0 cold 92
hot 520688 warm 0 cold 92
hot 528364 warm 0 cold 92
hot 565736 warm 0 cold 92
hot 651748 warm 0 cold 92
hot 751584 warm 0 cold 92
hot 793052 warm 0 cold 92
hot 3940235 warm 0 cold 0
hot 171367 warm 3774497 cold 0
hot 184679 warm 3764769 cold 0
hot 196455 warm 3754529 cold 0
hot 222055 warm 3730465 cold 0
hot 276327 warm 3693089 cold 0
hot 336743 warm 3645985 cold 0
hot 393575 warm 3597345 cold 0
hot 447846 warm 3571233 cold 0
hot 471906 warm 3550241 cold 0
hot 497132 warm 3529107 cold 0
hot 533992 warm 3498387 cold 0
hot 559588 warm 3476371 cold 0
hot 576990 warm 3388819 cold 0
hot 601562 warm 3372947 cold 0
hot 633454 warm 3348731 cold 0
hot 665706 warm 3322619 cold 0
hot 705126 warm 3294971 cold 0
hot 765538 warm 3279611 cold 0
hot 797984 warm 0 cold 3252281
hot 834844 warm 3221561 cold 0
hot 875800 warm 0 cold 3188793
hot 913684 warm 3166777 cold 0
hot 259655 warm 0 cold 3189303
hot 262685 warm 0 cold 3416473
hot 1447675 warm 0 cold 2731390
hot 280915 warm 1362047 cold 3005357
hot 286547 warm 1399931 cold 2961837
hot 290645 warm 1430645 cold 2927021
hot 293025 warm 1468367 cold 2886915
hot 296115 warm 1510847 cold 2841341
hot 299707 warm 1550259 cold 2798333
hot 306877 warm 1569709 cold 2771709
hot 314557 warm 1603497 cold 2730237
hot 318391 warm 1633544 cold 2696352
hot 326079 warm 1661692 cold 2660512
hot 332226 warm 1695989 cold 2620064
hot 211915 warm 1703144 cold 2605726
hot 222393 warm 1727086 cold 2574886
hot 232124 warm 1752167 cold 2543142
hot 241859 warm 1779292 cold 2510374
hot 257216 warm 1796699 cold 2484262
hot 265921 warm 1817686 cold 2458150
hot 277939 warm 1829312 cold 2436550
hot 288178 warm 1853373 cold 2404806
hot 297908 warm 1879479 cold 2371526
hot 308660 warm 1892787 cold 2351046
hot 318958 warm 1918355 cold 2318248
hot 328372 warm 1937674 cold 2293607
hot 341176 warm 1961218 cold 2261351
hot 352956 warm 1980666 cold 2234727
hot 369854 warm 1983220 cold 2217831
hot 380830 warm 1995393 cold 2196214
hot 392609 warm 2011770 cold 2171126
hot 402338 warm 2029173 cold 2146038
hot 411557 warm 2036334 cold 2132214
hot 419748 warm 2051691 cold 2109686
hot 130588 warm 6144 cold 8704
hot 204898 warm 269312 cold 4111993
hot 206430 warm 293376 cold 4087929
hot 451170 warm 2117631 cold 1948784
hot 474875 warm 2123689 cold 1921065
hot 499988 warm 2129309 cold 1892888
hot 529685 warm 2138520 cold 1858072
hot 560916 warm 2134934 cold 1834008
hot 591128 warm 2130830 cold 1811480
hot 615940 warm 2133793 cold 1786261
hot 645122 warm 2135327 cold 1758101
hot 671236 warm 2146585 cold 1723797
hot 695302 warm 0 cold 3850920
hot 709129 warm 0 cold 3839137
hot 727768 warm 2181789 cold 1640753
hot 747739 warm 0 cold 3804103
hot 773339 warm 0 cold 3780035
hot 801501 warm 0 cold 3753917
hot 817603 warm 0 cold 3740371
hot 842748 warm 2189800 cold 1527470
hot 864254 warm 0 cold 3697808
hot 890364 warm 0 cold 3672718
hot 916991 warm 0 cold 3647111
hot 940795 warm 0 cold 3625863
hot 963323 warm 2170185 cold 1434682
hot 989944 warm 0 cold 3580290
hot 1013494 warm 0 cold 3559296
hot 897085 warm 2163010 cold 1384504
hot 930096 warm 2157249 cold 1374177
hot 960201 warm 2152636 cold 1360353
hot 987273 warm 2149051 cold 1345505
hot 1014261 warm 0 cold 3474587
hot 1038412 warm 2133685 cold 1321953
hot 1058384 warm 0 cold 3440026
hot 1081152 warm 0 cold 3420567
hot 1102141 warm 0 cold 3402134
hot 1121596 warm 0 cold 3385235
hot 1146682 warm 0 cold 3362193
hot 1161244 warm 0 cold 3349163
hot 1181723 warm 0 cold 3329704
hot 1198617 warm 0 cold 3313830
hot 1217048 warm 0 cold 3296931
hot 1239064 warm 0 cold 3276959
hot 1261293 warm 0 cold 3257798
hot 1281306 warm 0 cold 3239317
hot 1305368 warm 0 cold 3216787
hot 1330457 warm 0 cold 3192718
hot 1352987 warm 0 cold 3170696
hot 1371053 warm 0 cold 3153650
hot 1395752 warm 0 cold 3132019
hot 1416741 warm 0 cold 3113074
hot 1438756 warm 0 cold 3093615
hot 32437 warm 0 cold 4368493
hot 58607 warm 0 cold 4367978
hot 78816 warm 0 cold 4367829
hot 95021 warm 1445888 cold 2920915
hot 105734 warm 1466368 cold 2900433
hot 114488 warm 1488384 cold 2878415
hot 121566 warm 1510400 cold 2855886
hot 127178 warm 1526784 cold 2839361
hot 133259 warm 1544704 cold 2819895
hot 138846 warm 1557504 cold 2805557
hot 141048 warm 1577984 cold 2785077
hot 145099 warm 1600000 cold 2761523
hot 147164 warm 1617920 cold 2743090
hot 150435 warm 1629696 cold 2730632
hot 152992 warm 1646592 cold 2712711
hot 154524 warm 1664000 cold 2694279
hot 156568 warm 1683456 cold 2674311
hot 157590 warm 1699840 cold 2657925
hot 159281 warm 1715200 cold 2641894
hot 161325 warm 1731072 cold 2626022
hot 163371 warm 1747456 cold 2609636
hot 163881 warm 1766400 cold 2590690
hot 167973 warm 1784832 cold 2571234
hot 170566 warm 1798144 cold 2556349
hot 172230 warm 1807872 cold 2545465
hot 175810 warm 1826304 cold 2525497
hot 180415 warm 1841664 cold 2506552
hot 182972 warm 1857536 cold 2488119
hot 57755 warm 1867264 cold 2478391
hot 79523 warm 1874432 cold 2470608
hot 96870 warm 1884160 cold 2460880
hot 113488 warm 1893888 cold 2449103
hot 125177 warm 1905664 cold 2436813
hot 136184 warm 1915392 cold 2425037
hot 144773 warm 1927168 cold 2412235
hot 151365 warm 1936896 cold 2401905
hot 156631 warm 1943040 cold 2394736
hot 162075 warm 1951744 cold 2384495
hot 165183 warm 1966080 cold 2370159
hot 168275 warm 1976320 cold 2359407
hot 171530 warm 1988096 cold 2346607
hot 173475 warm 1997312 cold 2337299
hot 177200 warm 2005504 cold 2327570
hot 179756 warm 2019840 cold 2312210
hot 183337 warm 2029568 cold 2301457
hot 185381 warm 2042880 cold 2287633
hot 187002 warm 2051072 cold 2278328
hot 191095 warm 2061312 cold 2265015
hot 192628 warm 2072576 cold 2252726
hot 194672 warm 2083840 cold 2240950
hot 197229 warm 2096128 cold 2227125
hot 197738 warm 2104832 cold 2217908
hot 199870 warm 2112512 cold 2209116
hot 203453 warm 2118656 cold 2200409
hot 204987 warm 2128384 cold 2189655
hot 209081 warm 2135552 cold 2179925
hot 77095 warm 2138112 cold 2177364
hot 104273 warm 2145280 cold 2167122
hot 124220 warm 2155520 cold 2156754
hot 142462 warm 2165760 cold 2143953
hot 158075 warm 2177536 cold 2129103
hot 171028 warm 2184704 cold 2119373
hot 179127 warm 2184192 cold 2119373
hot 185481 warm 2184192 cold 2119373
hot 192030 warm 2183680 cold 2118349
hot 200813 warm 2186752 cold 2110668
hot 206731 warm 2196480 cold 2098380
hot 212373 warm 2203648 cold 2088652
hot 216153 warm 2209792 cold 2080456
hot 213697 warm 116897 cold 4261535
hot 213696 warm 126625 cold 4251762
hot 214717 warm 138401 cold 4239447
hot 364912 warm 2403840 cold 1824851
hot 374300 warm 0 cold 4219473
hot 385745 warm 0 cold 4209206
hot 394030 warm 0 cold 4201941
hot 405291 warm 0 cold 4190676
hot 411946 warm 0 cold 4184529
hot 421670 warm 0 cold 4175313
hot 429861 warm 2449408 cold 1717710
hot 442261 warm 0 cold 4155226
hot 449426 warm 0 cold 4148057
hot 458126 warm 0 cold 4139353
hot 468363 warm 0 cold 4129112
hot 262214 warm 0 cold 4122968
hot 294565 warm 0 cold 4111190
hot 322580 warm 0 cold 4101885
hot 344305 warm 2466816 cold 1628413
hot 366027 warm 2471424 cold 1614588
hot 385918 warm 2472960 cold 1603322
hot 403527 warm 2471936 cold 1595130
hot 420048 warm 2481152 cold 1576690
hot 432399 warm 2485760 cold 1565345
hot 448629 warm 2480640 cold 1559199
hot 462737 warm 2482176 cold 1547421
hot 469664 warm 2488320 cold 1537692
hot 482347 warm 2489856 cold 1526427
hot 492148 warm 2488320 cold 1520193
hot 505372 warm 2486784 cold 1510465
hot 518119 warm 2480128 cold 1505857
hot 527678 warm 0 cold 3977793
hot 537776 warm 0 cold 3970112
hot 546478 warm 0 cold 3962942
hot 552191 warm 0 cold 3958762
hot 560379 warm 0 cold 3951082
hot 571640 warm 0 cold 3940841
hot 584949 warm 0 cold 3929064
hot 596722 warm 2516480 cold 1401831
hot 604401 warm 0 cold 3911652
hot 611144 warm 0 cold 3905418
hot 623940 warm 0 cold 3893130
hot 633153 warm 0 cold 3884937
hot 647998 warm 0 cold 3870600
hot 558091 warm 0 cold 3857288
hot 615882 warm 0 cold 3828079
hot 665811 warm 2494464 cold 1303254
hot 701341 warm 2493952 cold 1281748
hot 728496 warm 2489344 cold 1267411
hot 757294 warm 0 cold 3734225
hot 796442 warm 2463744 cold 1236176
hot 827125 warm 0 cold 3673593
hot 863932 warm 2445824 cold 1194487
hot 900455 warm 0 cold 3604980
hot 933736 warm 2427392 cold 1145842
hot 972708 warm 0 cold 3535342
hot 1002808 warm 2396160 cold 1110282
hot 1037620 warm 0 cold 3473674
hot 1074993 warm 2363904 cold 1074441
hot 1116974 warm 0 cold 3398408
hot 1155886 warm 0 cold 3359492
hot 1183757 warm 0 cold 3331619
hot 1194513 warm 0 cold 3320859
hot 200571 warm 0 cold 4370682
hot 201595 warm 0 cold 4369613
hot 203128 warm 1454747 cold 2913302
hot 205708 warm 1511067 cold 2854398
hot 207444 warm 1561754 cold 2801971
hot 213585 warm 1610906 cold 2746674
hot 218703 warm 1666202 cold 2686256
hot 35821 warm 1717764 cold 2401442
