pgmigrate_success 167088599
pgmigrate_success 167088604
pgmigrate_success 167088605
pgmigrate_success 167088606
pgmigrate_success 167088607
pgmigrate_success 167088608
pgmigrate_success 167088609
pgmigrate_success 167088610
pgmigrate_success 167088611
pgmigrate_success 167088612
pgmigrate_success 167088613
pgmigrate_success 167088614
pgmigrate_success 167088615
pgmigrate_success 167088616
pgmigrate_success 167088617
pgmigrate_success 167088618
pgmigrate_success 167088619
pgmigrate_success 167088620
pgmigrate_success 167117005
pgmigrate_success 167182413
pgmigrate_success 167268301
pgmigrate_success 167322477
pgmigrate_success 167412877
pgmigrate_success 167497933
pgmigrate_success 167540046
pgmigrate_success 167644110
pgmigrate_success 167728334
pgmigrate_success 167750222
pgmigrate_success 167756494
pgmigrate_success 167793742
pgmigrate_success 167907534
pgmigrate_success 168029810
pgmigrate_success 168030579
pgmigrate_success 168102835
pgmigrate_success 168245400
pgmigrate_success 168386011
pgmigrate_success 168486427
pgmigrate_success 168552914
pgmigrate_success 168650468
pgmigrate_success 168753331
pgmigrate_success 168814772
pgmigrate_success 168904370
pgmigrate_success 169015300
pgmigrate_success 169050303
pgmigrate_success 169164925
pgmigrate_success 169253986
pgmigrate_success 169365442
pgmigrate_success 169451645
pgmigrate_success 169566269
pgmigrate_success 169660959
pgmigrate_success 169766848
pgmigrate_success 169859483
pgmigrate_success 169938945
pgmigrate_success 170025149
pgmigrate_success 170128509
pgmigrate_success 170196931
pgmigrate_success 170283134
pgmigrate_success 170397758
pgmigrate_success 170474436
pgmigrate_success 170569856
pgmigrate_success 170655937
pgmigrate_success 170761857
pgmigrate_success 170798658
pgmigrate_success 170860738
pgmigrate_success 170933253
pgmigrate_success 170954086
pgmigrate_success 171064217
pgmigrate_success 171202415
pgmigrate_success 171249930
pgmigrate_success 171303749
pgmigrate_success 171373828
pgmigrate_success 171398247
pgmigrate_success 171498696
pgmigrate_success 171606729
pgmigrate_success 171705550
pgmigrate_success 171734030
pgmigrate_success 171747401
pgmigrate_success 171777735
pgmigrate_success 171834893
pgmigrate_success 171921097
pgmigrate_success 172035721
pgmigrate_success 172121615
pgmigrate_success 172207818
pgmigrate_success 172293711
pgmigrate_success 172408335
pgmigrate_success 172437072
pgmigrate_success 172523276
pgmigrate_success 172622284
pgmigrate_success 172723794
pgmigrate_success 172787405
pgmigrate_success 172844564
pgmigrate_success 172930767
pgmigrate_success 173043343
pgmigrate_success 173102864
pgmigrate_success 173188752
pgmigrate_success 173303375
pgmigrate_success 173389578
pgmigrate_success 173481899
pgmigrate_success 173590096
pgmigrate_success 173689771
pgmigrate_success 173780684
pgmigrate_success 173848081
pgmigrate_success 173918986
pgmigrate_success 173957652
pgmigrate_success 174049931
pgmigrate_success 174145780
pgmigrate_success 174265758
pgmigrate_success 174334802
pgmigrate_success 174448333
pgmigrate_success 174480172
pgmigrate_success 174575266
pgmigrate_success 174675032
pgmigrate_success 174751983
pgmigrate_success 174893912
pgmigrate_success 175014533
pgmigrate_success 175155337
pgmigrate_success 175231970
pgmigrate_success 175453737
pgmigrate_success 175589972
pgmigrate_success 175827032
pgmigrate_success 176085082
pgmigrate_success 176330844
pgmigrate_success 176468574
pgmigrate_success 176522339
pgmigrate_success 176576103
pgmigrate_success 176595049
pgmigrate_success 176595050
pgmigrate_success 176596076
pgmigrate_success 176643182
pgmigrate_success 176687730
pgmigrate_success 176730229
pgmigrate_success 176778359
pgmigrate_success 176800889
pgmigrate_success 176873084
pgmigrate_success 176902270
pgmigrate_success 176920192
pgmigrate_success 176938626
pgmigrate_success 176944260
pgmigrate_success 176945286
pgmigrate_success 176950408
pgmigrate_success 176974986
pgmigrate_success 176974986
pgmigrate_success 176979093
pgmigrate_success 176982679
pgmigrate_success 176982680
pgmigrate_success 176982681
pgmigrate_success 176983707
pgmigrate_success 176993949
pgmigrate_success 176995487
pgmigrate_success 176996001
pgmigrate_success 176999075
pgmigrate_success 177001637
pgmigrate_success 177007783
pgmigrate_success 177009833
pgmigrate_success 177011883
pgmigrate_success 177013421
pgmigrate_success 177018543
pgmigrate_success 177022129
pgmigrate_success 177024691
pgmigrate_success 177028789
pgmigrate_success 177033911
pgmigrate_success 177039033
pgmigrate_success 177042107
pgmigrate_success 177045181
pgmigrate_success 177048767
pgmigrate_success 177055172
pgmigrate_success 177067974
pgmigrate_success 177075144
pgmigrate_success 177089399
pgmigrate_success 177111463
pgmigrate_success 177123242
pgmigrate_success 177132972
pgmigrate_success 177145775
pgmigrate_success 177148851
pgmigrate_success 177166773
pgmigrate_success 177179064
pgmigrate_success 177187261
pgmigrate_success 177193409
pgmigrate_success 177205700
pgmigrate_success 177219014
pgmigrate_success 177237968
pgmigrate_success 177243091
pgmigrate_success 177243092
pgmigrate_success 177245655
pgmigrate_success 177257433
pgmigrate_success 177257435
pgmigrate_success 177257436
pgmigrate_success 177391626
pgmigrate_success 177460749
pgmigrate_success 177521168
pgmigrate_success 177572831
pgmigrate_success 177618659
pgmigrate_success 177646066
pgmigrate_success 177659369
pgmigrate_success 177720300
pgmigrate_success 177761260
pgmigrate_success 177761260
pgmigrate_success 177825836
pgmigrate_success 177871919
pgmigrate_success 177923983
pgmigrate_success 177961962
pgmigrate_success 177990989
pgmigrate_success 178056662
pgmigrate_success 178081946
pgmigrate_success 178143996
pgmigrate_success 178178501
pgmigrate_success 178201031
pgmigrate_success 178274876
pgmigrate_success 178361485
pgmigrate_success 178506421
pgmigrate_success 178540860
pgmigrate_success 178584896
pgmigrate_success 178622787
pgmigrate_success 178663777
pgmigrate_success 178712420
pgmigrate_success 178730895
pgmigrate_success 178778139
pgmigrate_success 178816556
pgmigrate_success 178869243
pgmigrate_success 178908701
pgmigrate_success 178943183
pgmigrate_success 178994414
pgmigrate_success 179045184
pgmigrate_success 179094397
pgmigrate_success 179147664
pgmigrate_success 179187308
pgmigrate_success 179227774
pgmigrate_success 179229310
pgmigrate_success 179229822
pgmigrate_success 179229822
pgmigrate_success 179229822
pgmigrate_success 179229822
pgmigrate_success 179229822
pgmigrate_success 179256340
pgmigrate_success 179355085
pgmigrate_success 179359087
pgmigrate_success 179363157
pgmigrate_success 179400018
pgmigrate_success 179402058
pgmigrate_success 179403503
pgmigrate_success 179414988
pgmigrate_success 179415568
pgmigrate_success 179417623
pgmigrate_success 179418138
pgmigrate_success 179419178
pgmigrate_success 179420231
pgmigrate_success 179421271
pgmigrate_success 179421380
pgmigrate_success 179424465
pgmigrate_success 179428062
pgmigrate_success 179433702
pgmigrate_success 179437297
pgmigrate_success 179438399
pgmigrate_success 179440969
pgmigrate_success 179445082
pgmigrate_success 179447647
pgmigrate_success 179451237
pgmigrate_success 179454312
pgmigrate_success 179455946
pgmigrate_success 179461069
pgmigrate_success 179463632
pgmigrate_success 179509079
pgmigrate_success 179551419
pgmigrate_success 179561790
pgmigrate_success 179569986
pgmigrate_success 179584326
pgmigrate_success 179595084
pgmigrate_success 179605839
pgmigrate_success 179633428
pgmigrate_success 179646231
pgmigrate_success 179663129
pgmigrate_success 179681564
pgmigrate_success 179697951
pgmigrate_success 179719576
pgmigrate_success 179725726
pgmigrate_success 179750830
pgmigrate_success 179771315
pgmigrate_success 179785655
pgmigrate_success 179798969
pgmigrate_success 179820599
pgmigrate_success 179843131
pgmigrate_success 179857998
pgmigrate_success 179885649
pgmigrate_success 179903573
pgmigrate_success 179943653
pgmigrate_success 179966697
pgmigrate_success 179981548
pgmigrate_success 180046064
pgmigrate_success 180115205
pgmigrate_success 180143036
pgmigrate_success 180154616
pgmigrate_success 180182729
pgmigrate_success 180238895
pgmigrate_success 180240047
pgmigrate_success 180360924
pgmigrate_success 180532205
pgmigrate_success 180593824
pgmigrate_success 180655273
pgmigrate_success 180708015
pgmigrate_success 180785846
pgmigrate_success 180822356
pgmigrate_success 180912988
pgmigrate_success 180952927
pgmigrate_success 181022048
pgmigrate_success 181099876
pgmigrate_success 181187942
pgmigrate_success 181239658
pgmigrate_success 181292908
pgmigrate_success 181307245
pgmigrate_success 181327728
pgmigrate_success 181382513
pgmigrate_success 181484012
pgmigrate_success 181520373
pgmigrate_success 181612537
pgmigrate_success 181665786
pgmigrate_success 181796862
pgmigrate_success 181883521
pgmigrate_success 181973638
pgmigrate_success 181987464
pgmigrate_success 181989002
pgmigrate_success 181992076
pgmigrate_success 182018732
pgmigrate_success 182071529
pgmigrate_success 182071529
pgmigrate_success 182071529
pgmigrate_success 182071529
pgmigrate_success 182071532
pgmigrate_success 182095205
pgmigrate_success 182100334
pgmigrate_success 182102899
pgmigrate_success 182105464
pgmigrate_success 182105562
pgmigrate_success 182105571
pgmigrate_success 182270782
pgmigrate_success 182338371
pgmigrate_success 182340933
pgmigrate_success 182353838
pgmigrate_success 182357942
pgmigrate_success 182389689
pgmigrate_success 182403005
pgmigrate_success 182421952
pgmigrate_success 182454241
pgmigrate_success 182477881
pgmigrate_success 182509635
pgmigrate_success 182531143
pgmigrate_success 182558283
pgmigrate_success 182576208
pgmigrate_success 182602442
pgmigrate_success 182637272
pgmigrate_success 182686428
pgmigrate_success 182709470
pgmigrate_success 182752994
pgmigrate_success 182767944
pgmigrate_success 182794574
pgmigrate_success 182864695
pgmigrate_success 182919544
pgmigrate_success 182973699
pgmigrate_success 183015437
pgmigrate_success 183075343
pgmigrate_success 183114767
pgmigrate_success 183164434
pgmigrate_success 183246357
pgmigrate_success 183299715
pgmigrate_success 183347848
pgmigrate_success 183411339
