anon 958464
anon_thp 0
anon 853958656
anon_thp 849346560
anon 853958656
anon_thp 849346560
anon 853958656
anon_thp 849346560
anon 863653888
anon_thp 857735168
anon 1032310784
anon_thp 1025507328
anon 1067966464
anon_thp 1061158912
anon 1804001280
anon_thp 1797259264
anon 2848387072
anon_thp 2841640960
anon 3884380160
anon_thp 3877634048
anon 4928753664
anon_thp 4922015744
anon 5973143552
anon_thp 5966397440
anon 7032201216
anon_thp 7025459200
anon 8095461376
anon_thp 8088715264
anon 9162907648
anon_thp 9156165632
anon 10230358016
anon_thp 10223616000
anon 11295715328
anon_thp 11288969216
anon 12361064448
anon_thp 12354322432
anon 13418033152
anon_thp 13411287040
anon 14466605056
anon_thp 14459863040
anon 15504695296
anon_thp 15497953280
anon 16551174144
anon_thp 16544432128
anon 17595555840
anon_thp 17588813824
anon 18633646080
anon_thp 18626904064
anon 19713679360
anon_thp 19706937344
anon 20791619584
anon_thp 20784873472
anon 21877940224
anon_thp 21871198208
anon 22930710528
anon_thp 22923968512
anon 24017039360
anon_thp 24010293248
anon 25078194176
anon_thp 25071452160
anon 26139353088
anon_thp 26132611072
anon 26201079808
anon_thp 26193428480
anon 26201088000
anon_thp 26193428480
anon 26201083904
anon_thp 26193428480
anon 26201088000
anon_thp 26193428480
anon 26201079808
anon_thp 26193428480
anon 26201083904
anon_thp 26193428480
anon 26201083904
anon_thp 26193428480
anon 26201079808
anon_thp 26193428480
anon 26201079808
anon_thp 26193428480
anon 26201083904
anon_thp 26193428480
anon 26201083904
anon_thp 26193428480
anon 26201079808
anon_thp 26193428480
anon 26201088000
anon_thp 26193428480
anon 26201088000
anon_thp 26193428480
anon 26201083904
anon_thp 26193428480
anon 26201083904
anon_thp 26193428480
anon 26201079808
anon_thp 26193428480
anon 26201088000
anon_thp 26193428480
anon 26201083904
anon_thp 26193428480
anon 26201088000
anon_thp 26193428480
anon 26201083904
anon_thp 26193428480
anon 26201083904
anon_thp 26193428480
anon 26201079808
anon_thp 26193428480
anon 26201083904
anon_thp 26193428480
anon 26201079808
anon_thp 26193428480
anon 26201083904
anon_thp 26193428480
anon 26201088000
anon_thp 26193428480
anon 26201088000
anon_thp 26193428480
anon 26201088000
anon_thp 26193428480
anon 26201083904
anon_thp 26193428480
anon 26201088000
anon_thp 26193428480
anon 26201079808
anon_thp 26193428480
anon 26201088000
anon_thp 26193428480
anon 26201083904
anon_thp 26193428480
anon 26201088000
anon_thp 26193428480
anon 26201083904
anon_thp 26193428480
anon 26201083904
anon_thp 26193428480
anon 26201088000
anon_thp 26193428480
anon 26201083904
anon_thp 26193428480
anon 26201083904
anon_thp 26193428480
anon 26201083904
anon_thp 26193428480
anon 26201083904
anon_thp 26193428480
anon 26201083904
anon_thp 26193428480
anon 26201088000
anon_thp 26193428480
anon 26201083904
anon_thp 26193428480
anon 26201083904
anon_thp 26193428480
anon 26201083904
anon_thp 26193428480
anon 26201079808
anon_thp 26193428480
anon 26201088000
anon_thp 26193428480
anon 26201088000
anon_thp 26193428480
anon 26201079808
anon_thp 26193428480
anon 26201083904
anon_thp 26193428480
anon 26201088000
anon_thp 26193428480
anon 26201083904
anon_thp 26193428480
anon 26201083904
anon_thp 26193428480
anon 26201083904
anon_thp 26193428480
anon 26201088000
anon_thp 26193428480
anon 26201079808
anon_thp 26193428480
anon 26201083904
anon_thp 26193428480
anon 26201083904
anon_thp 26193428480
anon 26201079808
anon_thp 26193428480
anon 26201083904
anon_thp 26193428480
anon 26201083904
anon_thp 26193428480
anon 26201083904
anon_thp 26193428480
anon 26201083904
anon_thp 26193428480
anon 26201083904
anon_thp 26193428480
anon 26201088000
anon_thp 26193428480
anon 26201079808
anon_thp 26193428480
anon 26201083904
anon_thp 26193428480
anon 26201083904
anon_thp 26193428480
anon 26201083904
anon_thp 26193428480
anon 26201083904
anon_thp 26193428480
anon 26201088000
anon_thp 26193428480
anon 26201079808
anon_thp 26193428480
anon 26201083904
anon_thp 26193428480
anon 26201088000
anon_thp 26193428480
anon 26201083904
anon_thp 26193428480
anon 26201088000
anon_thp 26193428480
anon 26201079808
anon_thp 26193428480
anon 26201079808
anon_thp 26193428480
anon 26201083904
anon_thp 26193428480
anon 26201088000
anon_thp 26193428480
anon 26201083904
anon_thp 26193428480
anon 26201083904
anon_thp 26193428480
anon 26201083904
anon_thp 26193428480
anon 26201088000
anon_thp 26193428480
anon 26201083904
anon_thp 26193428480
anon 26201083904
anon_thp 26193428480
anon 26201083904
anon_thp 26193428480
anon 26201079808
anon_thp 26193428480
anon 26201079808
anon_thp 26193428480
anon 26201083904
anon_thp 26193428480
anon 26201079808
anon_thp 26193428480
anon 26201083904
anon_thp 26193428480
anon 26201079808
anon_thp 26193428480
anon 26201079808
anon_thp 26193428480
anon 26201083904
anon_thp 26193428480
anon 26201083904
anon_thp 26193428480
anon 26201079808
anon_thp 26193428480
anon 26201088000
anon_thp 26193428480
anon 26201083904
anon_thp 26193428480
anon 26201088000
anon_thp 26193428480
anon 26201083904
anon_thp 26193428480
anon 26201083904
anon_thp 26193428480
anon 26201088000
anon_thp 26193428480
anon 26201083904
anon_thp 26193428480
anon 26201088000
anon_thp 26193428480
anon 26201079808
anon_thp 26193428480
anon 26201083904
anon_thp 26193428480
anon 26201088000
anon_thp 26193428480
anon 26201083904
anon_thp 26193428480
anon 26201079808
anon_thp 26193428480
anon 26201088000
anon_thp 26193428480
anon 26201083904
anon_thp 26193428480
anon 26201083904
anon_thp 26193428480
anon 26201088000
anon_thp 26193428480
anon 26201083904
anon_thp 26193428480
anon 26201083904
anon_thp 26193428480
anon 26201083904
anon_thp 26193428480
anon 26201088000
anon_thp 26193428480
anon 26201079808
anon_thp 26193428480
anon 26201083904
anon_thp 26193428480
anon 26201083904
anon_thp 26193428480
anon 26201083904
anon_thp 26193428480
anon 26201088000
anon_thp 26193428480
anon 26201088000
anon_thp 26193428480
anon 26201088000
anon_thp 26193428480
anon 26201083904
anon_thp 26193428480
