pgmigrate_success 225613204
pgmigrate_fail 341639
thp_migration_success 295681
thp_migration_fail 90
thp_migration_split 0
thp_fault_alloc 468100
thp_fault_fallback 5446
thp_fault_fallback_charge 0
thp_collapse_alloc 659
thp_collapse_alloc_failed 0
thp_file_alloc 0
thp_file_fallback 0
thp_file_fallback_charge 0
thp_file_mapped 0
thp_split_page 196
thp_split_page_failed 0
thp_deferred_split_page 1538
thp_split_pmd 19459
thp_split_pud 0
thp_zero_page_alloc 0
thp_zero_page_alloc_failed 0
thp_swpout 0
thp_swpout_fallback 0
htmm_nr_promoted 102498268
htmm_nr_demoted 116042199
htmm_nr_sampled 0
htmm_missed_dramread 0
htmm_missed_nvmread 0
htmm_missed_write 0
htmm_alloc_dram 462861496
htmm_alloc_nvm 0
