pgmigrate_success 119465290
pgmigrate_success 119465295
pgmigrate_success 119465296
pgmigrate_success 119465297
pgmigrate_success 119465298
pgmigrate_success 119465299
pgmigrate_success 119465300
pgmigrate_success 119465301
pgmigrate_success 119468179
pgmigrate_success 119482613
pgmigrate_success 119482613
pgmigrate_success 119482613
pgmigrate_success 119482613
pgmigrate_success 119482613
pgmigrate_success 119482614
pgmigrate_success 119482614
pgmigrate_success 119482614
pgmigrate_success 119482614
pgmigrate_success 119482614
pgmigrate_success 119482614
pgmigrate_success 119758070
pgmigrate_success 120084411
pgmigrate_success 120175272
pgmigrate_success 120175272
pgmigrate_success 120175272
pgmigrate_success 120175272
pgmigrate_success 120175272
pgmigrate_success 120175272
pgmigrate_success 120175272
pgmigrate_success 120175272
pgmigrate_success 120218290
pgmigrate_success 120218314
pgmigrate_success 120218352
pgmigrate_success 120218406
pgmigrate_success 120223061
pgmigrate_success 120232283
pgmigrate_success 120289195
pgmigrate_success 120289212
pgmigrate_success 120289249
pgmigrate_success 120292351
pgmigrate_success 120292365
pgmigrate_success 120292410
pgmigrate_success 120292451
pgmigrate_success 120292458
pgmigrate_success 120292460
pgmigrate_success 120292494
pgmigrate_success 120292515
pgmigrate_success 120292537
pgmigrate_success 120292542
pgmigrate_success 120292547
pgmigrate_success 120293128
pgmigrate_success 120319266
pgmigrate_success 120347951
pgmigrate_success 120362335
pgmigrate_success 120362376
pgmigrate_success 120362403
pgmigrate_success 120362415
pgmigrate_success 120362990
pgmigrate_success 120363021
pgmigrate_success 120363039
pgmigrate_success 120363054
pgmigrate_success 120363066
pgmigrate_success 120363074
pgmigrate_success 120363092
pgmigrate_success 120363109
pgmigrate_success 120363117
pgmigrate_success 120363132
pgmigrate_success 120363144
pgmigrate_success 120363159
pgmigrate_success 120363176
pgmigrate_success 120363188
pgmigrate_success 120363204
pgmigrate_success 120363215
pgmigrate_success 120363222
pgmigrate_success 120363242
pgmigrate_success 120363252
pgmigrate_success 120363259
pgmigrate_success 120363270
pgmigrate_success 120363281
pgmigrate_success 120363288
pgmigrate_success 120363298
pgmigrate_success 120363305
pgmigrate_success 120363316
pgmigrate_success 120363327
pgmigrate_success 120363341
pgmigrate_success 120363348
pgmigrate_success 120363355
pgmigrate_success 120363372
pgmigrate_success 120363379
pgmigrate_success 120363387
pgmigrate_success 120363398
pgmigrate_success 120363410
pgmigrate_success 120363421
pgmigrate_success 120363428
pgmigrate_success 120363434
pgmigrate_success 120363442
pgmigrate_success 120363458
pgmigrate_success 120363469
pgmigrate_success 120363481
pgmigrate_success 120363493
pgmigrate_success 120363508
pgmigrate_success 120363518
pgmigrate_success 120363525
pgmigrate_success 120363532
pgmigrate_success 120363539
pgmigrate_success 120363547
pgmigrate_success 120364077
pgmigrate_success 120364081
pgmigrate_success 120364086
pgmigrate_success 120364094
pgmigrate_success 120364105
pgmigrate_success 120364121
pgmigrate_success 120364132
pgmigrate_success 120364143
pgmigrate_success 120364154
pgmigrate_success 120364162
pgmigrate_success 120364169
pgmigrate_success 120364176
pgmigrate_success 120364180
pgmigrate_success 120364188
pgmigrate_success 120364195
pgmigrate_success 120364206
pgmigrate_success 120364212
pgmigrate_success 120364224
pgmigrate_success 120364235
pgmigrate_success 120364245
pgmigrate_success 120364256
pgmigrate_success 120364263
pgmigrate_success 120364269
pgmigrate_success 120364277
pgmigrate_success 120364288
pgmigrate_success 120364295
pgmigrate_success 120364305
pgmigrate_success 120364312
pgmigrate_success 120364323
pgmigrate_success 120364333
pgmigrate_success 120364341
pgmigrate_success 120364350
pgmigrate_success 120364367
pgmigrate_success 120364377
pgmigrate_success 120364390
pgmigrate_success 120364397
pgmigrate_success 120364405
pgmigrate_success 120364417
pgmigrate_success 120364427
pgmigrate_success 120364434
pgmigrate_success 120364444
pgmigrate_success 120364461
pgmigrate_success 120364468
pgmigrate_success 120364475
pgmigrate_success 120364481
pgmigrate_success 120364495
pgmigrate_success 120364513
pgmigrate_success 120364524
pgmigrate_success 120364529
pgmigrate_success 120364534
