pgmigrate_success 120364538
pgmigrate_fail 242522
thp_migration_success 150742
thp_migration_fail 53
thp_migration_split 0
thp_fault_alloc 229591
thp_fault_fallback 4203
thp_fault_fallback_charge 0
thp_collapse_alloc 559
thp_collapse_alloc_failed 0
thp_file_alloc 0
thp_file_fallback 0
thp_file_fallback_charge 0
thp_file_mapped 0
thp_split_page 141
thp_split_page_failed 0
thp_deferred_split_page 809
thp_split_pmd 4197
thp_split_pud 0
thp_zero_page_alloc 0
thp_zero_page_alloc_failed 0
thp_swpout 0
thp_swpout_fallback 0
htmm_nr_promoted 56575171
htmm_nr_demoted 58227171
htmm_nr_sampled 0
htmm_missed_dramread 0
htmm_missed_nvmread 0
htmm_missed_write 0
htmm_alloc_dram 258596001
htmm_alloc_nvm 0
