anon 950272
anon_thp 0
anon 853958656
anon_thp 849346560
anon 853962752
anon_thp 849346560
anon 853962752
anon_thp 849346560
anon 890871808
anon_thp 884998144
anon 1065820160
anon_thp 1059061760
anon 1088884736
anon_thp 1082130432
anon 2477146112
anon_thp 2470445056
anon 4152762368
anon_thp 4146069504
anon 5826297856
anon_thp 5819596800
anon 6975537152
anon_thp 6968836096
anon 8057659392
anon_thp 8050966528
anon 9139798016
anon_thp 9133096960
anon 10219827200
anon_thp 10213130240
anon 11297763328
anon_thp 11291066368
anon 12375699456
anon_thp 12369002496
anon 13455732736
anon_thp 13449035776
anon 14531571712
anon_thp 14524874752
anon 15607410688
anon_thp 15600713728
anon 16685350912
anon_thp 16678649856
anon 17761189888
anon_thp 17754488832
anon 18839117824
anon_thp 18832424960
anon 20317609984
anon_thp 20310917120
anon 21947105280
anon_thp 21940404224
anon 23652085760
anon_thp 23645388800
anon 25394823168
anon_thp 25388122112
anon 26201088000
anon_thp 26193428480
anon 26201092096
anon_thp 26193428480
anon 26201092096
anon_thp 26193428480
anon 26201088000
anon_thp 26193428480
anon 26201083904
anon_thp 26193428480
anon 26201088000
anon_thp 26193428480
anon 26201092096
anon_thp 26193428480
anon 26201088000
anon_thp 26193428480
anon 26201092096
anon_thp 26193428480
anon 26201083904
anon_thp 26193428480
anon 26201088000
anon_thp 26193428480
anon 26201088000
anon_thp 26193428480
anon 26201088000
anon_thp 26193428480
anon 26201088000
anon_thp 26193428480
anon 26201083904
anon_thp 26193428480
anon 26201088000
anon_thp 26193428480
anon 26201092096
anon_thp 26193428480
anon 26201092096
anon_thp 26193428480
anon 26201083904
anon_thp 26193428480
anon 26201092096
anon_thp 26193428480
anon 26201092096
anon_thp 26193428480
anon 26201088000
anon_thp 26193428480
anon 26201088000
anon_thp 26193428480
anon 26201092096
anon_thp 26193428480
anon 26201092096
anon_thp 26193428480
anon 26201083904
anon_thp 26193428480
anon 26201088000
anon_thp 26193428480
anon 26201092096
anon_thp 26193428480
anon 26201088000
anon_thp 26193428480
anon 26201092096
anon_thp 26193428480
anon 26201083904
anon_thp 26193428480
anon 26201092096
anon_thp 26193428480
anon 26201092096
anon_thp 26193428480
anon 26201088000
anon_thp 26193428480
anon 26201088000
anon_thp 26193428480
anon 26201088000
anon_thp 26193428480
anon 26201088000
anon_thp 26193428480
anon 26201083904
anon_thp 26193428480
anon 26201092096
anon_thp 26193428480
anon 26201092096
anon_thp 26193428480
anon 26201088000
anon_thp 26193428480
anon 26201092096
anon_thp 26193428480
anon 26201088000
anon_thp 26193428480
anon 26201092096
anon_thp 26193428480
anon 26201092096
anon_thp 26193428480
anon 26201092096
anon_thp 26193428480
anon 26201083904
anon_thp 26193428480
anon 26201088000
anon_thp 26193428480
anon 26201088000
anon_thp 26193428480
anon 26201088000
anon_thp 26193428480
anon 26201092096
anon_thp 26193428480
anon 26201083904
anon_thp 26193428480
anon 26201092096
anon_thp 26193428480
anon 26201088000
anon_thp 26193428480
anon 26201088000
anon_thp 26193428480
anon 26201088000
anon_thp 26193428480
anon 26201092096
anon_thp 26193428480
anon 26201092096
anon_thp 26193428480
anon 26201083904
anon_thp 26193428480
anon 26201083904
anon_thp 26193428480
anon 26201092096
anon_thp 26193428480
anon 26201083904
anon_thp 26193428480
anon 26201083904
anon_thp 26193428480
anon 26201092096
anon_thp 26193428480
anon 26201092096
anon_thp 26193428480
anon 26201083904
anon_thp 26193428480
anon 26201083904
anon_thp 26193428480
anon 26201088000
anon_thp 26193428480
anon 26201088000
anon_thp 26193428480
anon 26201083904
anon_thp 26193428480
anon 26201088000
anon_thp 26193428480
anon 26201083904
anon_thp 26193428480
anon 26201088000
anon_thp 26193428480
anon 26201088000
anon_thp 26193428480
anon 26201092096
anon_thp 26193428480
anon 26201088000
anon_thp 26193428480
anon 26201083904
anon_thp 26193428480
anon 26201092096
anon_thp 26193428480
anon 26201088000
anon_thp 26193428480
anon 26201092096
anon_thp 26193428480
anon 26201088000
anon_thp 26193428480
anon 26201088000
anon_thp 26193428480
anon 26201083904
anon_thp 26193428480
anon 26201088000
anon_thp 26193428480
anon 26201088000
anon_thp 26193428480
anon 26201083904
anon_thp 26193428480
anon 26201083904
anon_thp 26193428480
anon 26201088000
anon_thp 26193428480
anon 26201092096
anon_thp 26193428480
anon 26201088000
anon_thp 26193428480
anon 26201092096
anon_thp 26193428480
anon 26201088000
anon_thp 26193428480
anon 26201088000
anon_thp 26193428480
anon 26201083904
anon_thp 26193428480
anon 26201083904
anon_thp 26193428480
anon 26201088000
anon_thp 26193428480
anon 26201088000
anon_thp 26193428480
anon 26201092096
anon_thp 26193428480
anon 26201092096
anon_thp 26193428480
anon 26201088000
anon_thp 26193428480
anon 26201088000
anon_thp 26193428480
anon 26201088000
anon_thp 26193428480
anon 26201083904
anon_thp 26193428480
anon 26201088000
anon_thp 26193428480
anon 26201092096
anon_thp 26193428480
anon 26201083904
anon_thp 26193428480
anon 26201083904
anon_thp 26193428480
anon 26201083904
anon_thp 26193428480
anon 26201088000
anon_thp 26193428480
anon 26201088000
anon_thp 26193428480
anon 26201088000
anon_thp 26193428480
anon 26201088000
anon_thp 26193428480
anon 26201092096
anon_thp 26193428480
anon 26201092096
anon_thp 26193428480
anon 26201092096
anon_thp 26193428480
anon 26201088000
anon_thp 26193428480
anon 26201088000
anon_thp 26193428480
anon 26201088000
anon_thp 26193428480
anon 26201088000
anon_thp 26193428480
anon 26201088000
anon_thp 26193428480
anon 26201092096
anon_thp 26193428480
anon 26201088000
anon_thp 26193428480
anon 26201092096
anon_thp 26193428480
anon 26201092096
anon_thp 26193428480
anon 26201092096
anon_thp 26193428480
anon 26201088000
anon_thp 26193428480
anon 26201092096
anon_thp 26193428480
