anon 806912
anon_thp 0
anon 853950464
anon_thp 849346560
anon 853946368
anon_thp 849346560
anon 853954560
anon_thp 849346560
anon 875761664
anon_thp 870318080
anon 1054908416
anon_thp 1048576000
anon 1073782784
anon_thp 1067450368
anon 2436866048
anon_thp 2430599168
anon 4070547456
anon_thp 4064280576
anon 5265924096
anon_thp 5131730944
anon 6335475712
anon_thp 6201278464
anon 7400824832
anon_thp 7266631680
anon 8468271104
anon_thp 8334082048
anon 9537826816
anon_thp 9403629568
anon 10607374336
anon_thp 10473177088
anon 11674820608
anon_thp 11540627456
anon 12742270976
anon_thp 12608077824
anon 13811818496
anon_thp 13677625344
anon 14881366016
anon_thp 14747172864
anon 15950913536
anon_thp 15816720384
anon 17018363904
anon_thp 16884170752
anon 18087907328
anon_thp 17953718272
anon 19155365888
anon_thp 19021168640
anon 20224909312
anon_thp 20090716160
anon 21294452736
anon_thp 21160263680
anon 22548557824
anon_thp 22410166272
anon 23947358208
anon_thp 23808966656
anon 25344057344
anon_thp 25205669888
anon 26201083904
anon_thp 26002587648
anon 26201079808
anon_thp 26002587648
anon 26201075712
anon_thp 26002587648
anon 26201075712
anon_thp 26002587648
anon 26201079808
anon_thp 26002587648
anon 26201083904
anon_thp 26002587648
anon 26201079808
anon_thp 26002587648
anon 26201079808
anon_thp 26002587648
anon 26201083904
anon_thp 26002587648
anon 26201079808
anon_thp 26002587648
anon 26201079808
anon_thp 26002587648
anon 26201075712
anon_thp 26002587648
anon 26201079808
anon_thp 26002587648
anon 26201079808
anon_thp 26002587648
anon 26201079808
anon_thp 26002587648
anon 26201083904
anon_thp 26002587648
anon 26201079808
anon_thp 26002587648
anon 26201079808
anon_thp 26002587648
anon 26201079808
anon_thp 26002587648
anon 26201079808
anon_thp 26002587648
anon 26201075712
anon_thp 26002587648
anon 26201079808
anon_thp 26002587648
anon 26201079808
anon_thp 26002587648
anon 26201079808
anon_thp 26002587648
anon 26201083904
anon_thp 26002587648
anon 26201075712
anon_thp 26002587648
anon 26201083904
anon_thp 26002587648
anon 26201079808
anon_thp 26002587648
anon 26201083904
anon_thp 26002587648
anon 26201083904
anon_thp 26002587648
anon 26201075712
anon_thp 26002587648
anon 26201083904
anon_thp 26002587648
anon 26201083904
anon_thp 26002587648
anon 26201079808
anon_thp 26002587648
anon 26201083904
anon_thp 26002587648
anon 26201083904
anon_thp 26002587648
anon 26201083904
anon_thp 26002587648
anon 26201075712
anon_thp 26002587648
anon 26201083904
anon_thp 26002587648
anon 26201075712
anon_thp 26002587648
anon 26201079808
anon_thp 26002587648
anon 26201079808
anon_thp 26002587648
anon 26201083904
anon_thp 26002587648
anon 26201079808
anon_thp 26002587648
anon 26201083904
anon_thp 26002587648
anon 26201079808
anon_thp 26002587648
anon 26201083904
anon_thp 26002587648
anon 26201079808
anon_thp 26002587648
anon 26201083904
anon_thp 26002587648
anon 26201079808
anon_thp 26002587648
anon 26201079808
anon_thp 26002587648
anon 26201083904
anon_thp 26002587648
anon 26201079808
anon_thp 26002587648
anon 26201079808
anon_thp 26002587648
anon 26201075712
anon_thp 26002587648
anon 26201075712
anon_thp 26002587648
anon 26201075712
anon_thp 26002587648
anon 26201075712
anon_thp 26002587648
anon 26201079808
anon_thp 26002587648
anon 26201083904
anon_thp 26002587648
anon 26201083904
anon_thp 26002587648
anon 26201079808
anon_thp 26002587648
anon 26201083904
anon_thp 26002587648
anon 26201079808
anon_thp 26002587648
anon 26201083904
anon_thp 26002587648
anon 26201079808
anon_thp 26002587648
anon 26201079808
anon_thp 26002587648
anon 26201079808
anon_thp 26002587648
anon 26201079808
anon_thp 26002587648
anon 26201079808
anon_thp 26002587648
anon 26201079808
anon_thp 26002587648
anon 26201079808
anon_thp 26002587648
anon 26201079808
anon_thp 26002587648
anon 26201075712
anon_thp 26002587648
anon 26201083904
anon_thp 26002587648
anon 26201079808
anon_thp 26002587648
anon 26201079808
anon_thp 26002587648
anon 26201079808
anon_thp 26002587648
anon 26201083904
anon_thp 26002587648
anon 26201083904
anon_thp 26002587648
anon 26201079808
anon_thp 26002587648
anon 26201079808
anon_thp 26002587648
anon 26201079808
anon_thp 26002587648
anon 26201083904
anon_thp 26002587648
anon 26201075712
anon_thp 26002587648
anon 26201079808
anon_thp 26002587648
anon 26201075712
anon_thp 26002587648
anon 26201079808
anon_thp 26002587648
anon 26201079808
anon_thp 26002587648
anon 26201075712
anon_thp 26002587648
anon 26201079808
anon_thp 26002587648
anon 26201079808
anon_thp 26002587648
anon 26201075712
anon_thp 26002587648
anon 26201083904
anon_thp 26002587648
anon 26201079808
anon_thp 26002587648
anon 26201079808
anon_thp 26002587648
anon 26201079808
anon_thp 26002587648
anon 26201079808
anon_thp 26002587648
anon 26201079808
anon_thp 26002587648
anon 26201083904
anon_thp 26002587648
anon 26201079808
anon_thp 26002587648
anon 26201079808
anon_thp 26002587648
anon 26201079808
anon_thp 26002587648
anon 26201075712
anon_thp 26002587648
anon 26201083904
anon_thp 26002587648
anon 26201079808
anon_thp 26002587648
anon 26201083904
anon_thp 26002587648
anon 26201079808
anon_thp 26002587648
anon 26201083904
anon_thp 26002587648
anon 26201075712
anon_thp 26002587648
anon 26201079808
anon_thp 26002587648
anon 26201079808
anon_thp 26002587648
anon 26201083904
anon_thp 26002587648
anon 26201079808
anon_thp 26002587648
anon 26201079808
anon_thp 26002587648
anon 26201083904
anon_thp 26002587648
anon 26201083904
anon_thp 26002587648
anon 26201079808
anon_thp 26002587648
anon 26201079808
anon_thp 26002587648
anon 26201079808
anon_thp 26002587648
anon 26201075712
anon_thp 26002587648
anon 26201079808
anon_thp 26002587648
anon 26201079808
anon_thp 26002587648
anon 26201075712
anon_thp 26002587648
anon 26201075712
anon_thp 26002587648
