hot 242890 warm 4007298 cold 2146315
hot 450054 warm 4007298 cold 2146315
hot 450050 warm 4007298 cold 2146315
hot 450046 warm 4007298 cold 2146315
hot 455162 warm 4007298 cold 2146315
hot 493046 warm 4007298 cold 2146315
hot 501234 warm 4007298 cold 2146315
hot 829058 warm 4007298 cold 2146315
hot 1213054 warm 4007298 cold 2146315
hot 1526394 warm 4007298 cold 2146315
hot 1526390 warm 4007298 cold 2146405
hot 501248 warm 0 cold 7245823
hot 844290 warm 0 cold 7245817
hot 1169412 warm 0 cold 7245811
hot 1495047 warm 0 cold 7245804
hot 1577478 warm 0 cold 7245289
hot 1714180 warm 0 cold 7245287
hot 1981957 warm 0 cold 7245282
hot 2228226 warm 0 cold 7245281
hot 2493953 warm 0 cold 7245278
hot 2772478 warm 0 cold 7245277
hot 3020285 warm 0 cold 7245274
hot 3279353 warm 0 cold 7245274
hot 3558391 warm 0 cold 7245272
hot 3816947 warm 0 cold 7245272
hot 4083698 warm 0 cold 7245269
hot 4331505 warm 0 cold 7245266
hot 4599791 warm 0 cold 7245264
hot 4864492 warm 0 cold 7245263
hot 5128683 warm 0 cold 7245260
hot 248820 warm 4999186 cold 7247277
hot 324729 warm 0 cold 12170550
hot 453448 warm 4796847 cold 7244980
hot 16881 warm 194462 cold 5949980
hot 212496 warm 4829184 cold 1208551
hot 214638 warm 4827136 cold 1208419
hot 244432 warm 0 cold 6005757
hot 246045 warm 4795904 cold 1208238
hot 246123 warm 4795904 cold 1208156
hot 246197 warm 0 cold 6003982
hot 246288 warm 0 cold 6003887
hot 246361 warm 4795904 cold 1207906
hot 246427 warm 4795904 cold 1207836
hot 246448 warm 4795904 cold 1207811
hot 246486 warm 4795904 cold 1207769
hot 246530 warm 4795904 cold 1207721
hot 246566 warm 4795904 cold 1207681
hot 246593 warm 4795904 cold 1207650
hot 246621 warm 4795904 cold 1207618
hot 246666 warm 0 cold 6003473
hot 246691 warm 0 cold 6003444
hot 246734 warm 4795904 cold 1207493
hot 246779 warm 4795904 cold 1207444
hot 246814 warm 4795904 cold 1207405
hot 246843 warm 4795904 cold 1207372
hot 246868 warm 4795904 cold 1207343
hot 246909 warm 4795904 cold 1207298
hot 246945 warm 4795904 cold 1207258
hot 246974 warm 4795904 cold 1207225
hot 247011 warm 4795904 cold 1207184
hot 247039 warm 4795904 cold 1207152
hot 247035 warm 4795904 cold 1207152
hot 247031 warm 4795904 cold 1207152
hot 247027 warm 4795904 cold 1207152
hot 247065 warm 4795904 cold 1207110
hot 247098 warm 4795904 cold 1207073
hot 247129 warm 4795904 cold 1207038
hot 247154 warm 4795904 cold 1207009
hot 247183 warm 4795904 cold 1206976
hot 247210 warm 4795904 cold 1206945
hot 247243 warm 4795904 cold 1206908
hot 247269 warm 4795904 cold 1206878
hot 245970 warm 147751 cold 1143808
hot 246043 warm 147711 cold 6002797
hot 393789 warm 4795904 cold 1206812
hot 393801 warm 4795904 cold 1206790
hot 393821 warm 4795904 cold 1206766
hot 393847 warm 4795904 cold 1206736
hot 393868 warm 4795904 cold 1206711
hot 393889 warm 4795904 cold 1206686
hot 393885 warm 4795904 cold 1206686
hot 393881 warm 4795904 cold 1206686
hot 393877 warm 4795904 cold 1206686
hot 393880 warm 4795904 cold 1206679
hot 393903 warm 4795904 cold 1206652
hot 393924 warm 4795904 cold 1206627
hot 393945 warm 4795904 cold 1206602
hot 393962 warm 4795904 cold 1206581
hot 393981 warm 0 cold 6002462
hot 393999 warm 0 cold 6002440
hot 394017 warm 4795904 cold 1206514
hot 394045 warm 4795904 cold 1206482
hot 394067 warm 4795904 cold 1206456
hot 394092 warm 4795904 cold 1206427
hot 394110 warm 4795904 cold 1206405
hot 394130 warm 4795904 cold 1206381
hot 394154 warm 4795904 cold 1206353
hot 394181 warm 4795904 cold 1206322
hot 394202 warm 4795904 cold 1206297
hot 394220 warm 4795904 cold 1206275
hot 394235 warm 4795904 cold 1206256
hot 394259 warm 4795904 cold 1206228
hot 394274 warm 4795904 cold 1206209
hot 394307 warm 4795904 cold 1206172
hot 394327 warm 4795904 cold 1206148
hot 394350 warm 4795904 cold 1206121
hot 394373 warm 4795904 cold 1206094
hot 394387 warm 4795904 cold 1206076
hot 394406 warm 0 cold 6001957
hot 394422 warm 0 cold 6001937
hot 394439 warm 0 cold 6001916
hot 394463 warm 4795904 cold 1205984
hot 394482 warm 4795904 cold 1205961
hot 394510 warm 4795904 cold 1205929
hot 394528 warm 4795904 cold 1205907
hot 394543 warm 4795904 cold 1205888
hot 394571 warm 4795904 cold 1205856
hot 394586 warm 4795904 cold 1205837
hot 394609 warm 4795904 cold 1205810
hot 394636 warm 4795904 cold 1205779
hot 394663 warm 4795904 cold 1205748
hot 394683 warm 4795904 cold 1205724
hot 394702 warm 4795904 cold 1205701
hot 394729 warm 4795904 cold 1205670
hot 248976 warm 145988 cold 5313885
hot 249034 warm 145946 cold 6001557
hot 249082 warm 145919 cold 6001499
hot 395019 warm 4795904 cold 1205573
hot 395043 warm 4795904 cold 1205545
hot 395065 warm 0 cold 6001423
hot 395086 warm 0 cold 6001398
hot 395098 warm 0 cold 6001382
hot 395119 warm 4795904 cold 1205453
hot 395139 warm 4795904 cold 1205429
hot 395151 warm 4795904 cold 1205413
hot 395180 warm 4795904 cold 1205380
hot 395203 warm 4795904 cold 1205353
hot 395220 warm 4795904 cold 1205332
hot 395234 warm 4795904 cold 1205314
hot 395258 warm 4795904 cold 1205286
hot 395276 warm 4795904 cold 1205264
hot 395292 warm 4795904 cold 1205244
hot 395310 warm 4795904 cold 1205222
hot 395332 warm 4795904 cold 1205196
hot 395350 warm 4795904 cold 1205174
hot 395369 warm 4795904 cold 1205151
hot 395391 warm 4795904 cold 1205125
hot 395417 warm 4795904 cold 1205095
hot 395437 warm 4795904 cold 1205071
hot 395456 warm 4795904 cold 1205048
hot 395478 warm 0 cold 6000926
hot 395498 warm 0 cold 6000902
hot 395527 warm 0 cold 6000869
hot 395546 warm 4795904 cold 1204942
hot 395561 warm 4795904 cold 1204923
