hot 243323 warm 4154880 cold 1998280
hot 450487 warm 4154880 cold 1998280
hot 450483 warm 4154880 cold 1998280
hot 450479 warm 4154880 cold 1998280
hot 456107 warm 4154880 cold 1998280
hot 493479 warm 4154880 cold 1998280
hot 502180 warm 4154880 cold 1998280
hot 825396 warm 4154880 cold 1998280
hot 1228336 warm 4154880 cold 1998280
hot 1506348 warm 4154880 cold 1998280
hot 1564712 warm 0 cold 6153160
hot 1828900 warm 0 cold 6153160
hot 2084384 warm 0 cold 6153160
hot 2357276 warm 0 cold 6153160
hot 669185 warm 0 cold 8151007
hot 1067011 warm 0 cold 8150489
hot 1422340 warm 0 cold 8150484
hot 1607682 warm 0 cold 8150482
hot 1688577 warm 0 cold 8149967
hot 1958399 warm 0 cold 8149965
hot 2224639 warm 0 cold 8149961
hot 2488320 warm 0 cold 8149956
hot 2735104 warm 0 cold 8149952
hot 3001344 warm 0 cold 8149948
hot 3267073 warm 0 cold 8149943
hot 3535870 warm 0 cold 8149942
hot 3802108 warm 0 cold 8149940
hot 4051452 warm 0 cold 8149936
hot 4317180 warm 0 cold 8149932
hot 244009 warm 3995900 cold 8346495
hot 245634 warm 4168475 cold 8172291
hot 254927 warm 4180275 cold 8151194
hot 258578 warm 4177230 cold 8150584
hot 260723 warm 4175168 cold 8150497
hot 316617 warm 4119341 cold 8150426
hot 429857 warm 0 cold 12156523
hot 449394 warm 3988760 cold 8148222
hot 449996 warm 0 cold 12136376
hot 451615 warm 0 cold 12134753
hot 451673 warm 4018863 cold 8115828
hot 452259 warm 0 cold 12134101
hot 452321 warm 4018324 cold 8115711
hot 452386 warm 4018310 cold 8115656
hot 452424 warm 4018294 cold 8115630
hot 204354 warm 6086 cold 6156413
hot 211530 warm 0 cold 6155276
hot 211544 warm 0 cold 6155250
hot 212606 warm 4090076 cold 2064108
hot 233141 warm 0 cold 6133645
hot 244452 warm 4058276 cold 2064054
hot 244499 warm 0 cold 6122279
hot 244550 warm 4058216 cold 2064008
hot 244602 warm 4058188 cold 2063980
hot 244653 warm 4058158 cold 2063955
hot 244696 warm 4058137 cold 2063929
hot 244753 warm 0 cold 6122005
hot 244804 warm 4058076 cold 2063874
hot 244859 warm 4058055 cold 2063836
hot 244905 warm 4058031 cold 2063810
hot 244945 warm 4058006 cold 2063791
hot 244993 warm 4057989 cold 2063756
hot 245015 warm 4057975 cold 2063744
hot 245050 warm 4057957 cold 2063723
hot 245101 warm 4057929 cold 2063696
hot 245115 warm 4057915 cold 2063692
hot 245154 warm 4057889 cold 2063675
hot 245209 warm 4057868 cold 2063637
hot 245244 warm 4057850 cold 2063616
hot 245281 warm 4057829 cold 2063596
hot 245320 warm 4057802 cold 2063580
hot 245359 warm 0 cold 6121339
hot 245397 warm 0 cold 6121297
hot 245444 warm 4057745 cold 2063501
hot 245478 warm 4057727 cold 2063481
hot 245523 warm 4057706 cold 2063453
hot 245561 warm 4057688 cold 2063429
hot 245614 warm 4057663 cold 2063397
hot 245651 warm 4057640 cold 2063379
hot 245692 warm 4057618 cold 2063356
hot 245726 warm 4057601 cold 2063335
hot 245741 warm 4057589 cold 2063328
hot 245777 warm 4057570 cold 2063307
hot 245810 warm 4057553 cold 2063287
hot 236046 warm 0 cold 40960
hot 243214 warm 32521 cold 6120816
hot 275756 warm 4057489 cold 2063260
hot 275764 warm 4057477 cold 2063251
hot 275805 warm 4057453 cold 2063230
hot 275848 warm 0 cold 6120636
hot 275886 warm 4057409 cold 2063185
hot 275908 warm 4057393 cold 2063175
hot 275942 warm 4057381 cold 2063149
hot 275969 warm 4057366 cold 2063133
hot 275995 warm 4057352 cold 2063117
hot 276028 warm 4057334 cold 2063098
hot 276049 warm 4057320 cold 2063087
hot 276071 warm 4057306 cold 2063075
hot 276098 warm 4057292 cold 2063058
hot 276126 warm 4057284 cold 2063034
hot 276152 warm 4057267 cold 2063021
hot 276180 warm 4057249 cold 2063007
hot 276225 warm 4057226 cold 2062981
hot 276253 warm 4057207 cold 2062968
hot 276276 warm 4057192 cold 2062956
hot 276309 warm 4057174 cold 2062937
hot 276338 warm 4057158 cold 2062920
hot 276361 warm 4057146 cold 2062905
hot 276378 warm 4057140 cold 2062890
hot 276399 warm 0 cold 6120005
hot 276428 warm 0 cold 6119972
hot 276447 warm 4057112 cold 2062837
hot 276476 warm 4057098 cold 2062818
hot 276512 warm 4057076 cold 2062800
hot 276542 warm 4057062 cold 2062780
hot 276572 warm 4057043 cold 2062765
hot 276603 warm 4057031 cold 2062742
hot 276625 warm 4057017 cold 2062730
hot 276658 warm 4057001 cold 2062709
hot 276697 warm 4056978 cold 2062689
hot 276722 warm 4056960 cold 2062678
hot 276754 warm 4056941 cold 2062661
hot 276777 warm 4056926 cold 2062649
hot 276797 warm 4056921 cold 2062630
hot 276818 warm 4056908 cold 2062618
hot 276842 warm 4056895 cold 2062603
hot 276865 warm 4056882 cold 2062589
hot 276885 warm 4056872 cold 2062575
hot 276912 warm 4056855 cold 2062561
hot 276940 warm 4056842 cold 2062542
hot 276972 warm 4056820 cold 2062528
hot 276988 warm 0 cold 6119328
hot 277015 warm 4056798 cold 2062499
hot 277040 warm 4056781 cold 2062487
hot 277079 warm 4056761 cold 2062464
hot 245215 warm 32097 cold 6119257
hot 245245 warm 32091 cold 6119187
hot 245273 warm 32083 cold 6119154
hot 277382 warm 4056716 cold 2062408
hot 277403 warm 4056702 cold 2062397
hot 277436 warm 4056689 cold 2062373
hot 277466 warm 4056672 cold 2062356
hot 277498 warm 4056658 cold 2062334
hot 277517 warm 4056644 cold 2062325
hot 277542 warm 4056626 cold 2062314
hot 277567 warm 4056614 cold 2062297
hot 277594 warm 4056600 cold 2062280
hot 277620 warm 4056587 cold 2062263
hot 277645 warm 4056576 cold 2062245
hot 277670 warm 4056562 cold 2062230
hot 277707 warm 4056543 cold 2062208
hot 277738 warm 4056531 cold 2062185
hot 277740 warm 4056525 cold 2062185
hot 277762 warm 4056511 cold 2062173
hot 277790 warm 0 cold 6118652
hot 277823 warm 0 cold 6118615
hot 277860 warm 4056463 cold 2062111
hot 277889 warm 4056447 cold 2062094
