hot 294629 warm 0 cold 6101870
hot 501793 warm 0 cold 6101870
hot 501789 warm 0 cold 6101870
hot 501785 warm 0 cold 6101870
hot 507413 warm 0 cold 6101870
hot 544785 warm 3505708 cold 2596162
hot 553485 warm 3505708 cold 2596162
hot 873117 warm 3505708 cold 2596162
hot 1274009 warm 3505708 cold 2596162
hot 1531541 warm 3505708 cold 2596260
hot 1797265 warm 0 cold 6101870
hot 2049165 warm 0 cold 6101870
hot 2312329 warm 0 cold 6101870
hot 2576005 warm 0 cold 6101870
hot 2843265 warm 0 cold 6101870
hot 3106429 warm 0 cold 6101870
hot 3354745 warm 0 cold 6101870
hot 3629173 warm 0 cold 6101870
hot 3879537 warm 0 cold 6101870
hot 4146797 warm 0 cold 6101870
hot 4405353 warm 0 cold 6101870
hot 4673125 warm 0 cold 6101870
hot 4920417 warm 0 cold 6101870
hot 5183581 warm 0 cold 6101870
hot 5450841 warm 0 cold 6101870
hot 614295 warm 0 cold 11235372
hot 974229 warm 0 cold 11235370
hot 1296276 warm 0 cold 11235367
hot 1534380 warm 0 cold 11209739
hot 451264 warm 0 cold 12292851
hot 451354 warm 0 cold 12292757
hot 452985 warm 1085263 cold 11205859
hot 482242 warm 1056074 cold 11205787
hot 485892 warm 0 cold 12258207
hot 485962 warm 0 cold 12258133
hot 486005 warm 1052473 cold 11205613
hot 486054 warm 1052465 cold 11205568
hot 486087 warm 1052461 cold 11205535
hot 243294 warm 0 cold 6137771
hot 243332 warm 0 cold 6137693
hot 243356 warm 0 cold 6137659
hot 243387 warm 0 cold 6137630
hot 243410 warm 0 cold 6137607
hot 243430 warm 0 cold 6137590
hot 243443 warm 0 cold 6137580
hot 243462 warm 0 cold 6137565
hot 243472 warm 0 cold 6137551
hot 243482 warm 0 cold 6137538
hot 243495 warm 0 cold 6137526
hot 243510 warm 0 cold 6137511
hot 243521 warm 0 cold 6137498
hot 243540 warm 0 cold 6137481
hot 243557 warm 0 cold 6137465
hot 243576 warm 0 cold 6137453
hot 243586 warm 0 cold 6137441
hot 243597 warm 0 cold 6137436
hot 243604 warm 0 cold 6137427
hot 243617 warm 0 cold 6137413
hot 243627 warm 0 cold 6137402
hot 243633 warm 0 cold 6137397
hot 243647 warm 0 cold 6137387
hot 243649 warm 0 cold 6137387
hot 243658 warm 0 cold 6137380
hot 243671 warm 0 cold 6137369
hot 243680 warm 0 cold 6137361
hot 243685 warm 0 cold 6137357
hot 243693 warm 0 cold 6137345
hot 243698 warm 0 cold 6137340
hot 243705 warm 0 cold 6137335
hot 243713 warm 0 cold 6137329
hot 243719 warm 0 cold 6137322
hot 243722 warm 0 cold 6137317
hot 243730 warm 0 cold 6137309
hot 243734 warm 0 cold 6137307
hot 243890 warm 0 cold 6152679
hot 243895 warm 0 cold 6152628
hot 259197 warm 0 cold 6137312
hot 259205 warm 0 cold 6137300
hot 259206 warm 0 cold 6137295
hot 259205 warm 0 cold 6137292
hot 259209 warm 0 cold 6137284
hot 259213 warm 0 cold 6137276
hot 259212 warm 0 cold 6137273
hot 259217 warm 0 cold 6137264
hot 259217 warm 0 cold 6137260
hot 259218 warm 0 cold 6137255
hot 259222 warm 0 cold 6137247
hot 259225 warm 0 cold 6137240
hot 259229 warm 0 cold 6137232
hot 259231 warm 0 cold 6137226
hot 259234 warm 0 cold 6137219
hot 259235 warm 0 cold 6137214
hot 259235 warm 0 cold 6137210
hot 259232 warm 0 cold 6137209
hot 259236 warm 0 cold 6137201
hot 259239 warm 0 cold 6137194
hot 259240 warm 0 cold 6137189
hot 259238 warm 0 cold 6137187
hot 259239 warm 0 cold 6137182
hot 259238 warm 0 cold 6137179
hot 259239 warm 0 cold 6137174
hot 259238 warm 0 cold 6137171
hot 259238 warm 0 cold 6137167
hot 259235 warm 0 cold 6137166
hot 259237 warm 0 cold 6137160
hot 259238 warm 0 cold 6137155
hot 259235 warm 0 cold 6137154
hot 259238 warm 0 cold 6137147
hot 259242 warm 0 cold 6137139
hot 259241 warm 0 cold 6137136
hot 259245 warm 0 cold 6137128
hot 259243 warm 0 cold 6137126
hot 259243 warm 0 cold 6137122
hot 259244 warm 0 cold 6137117
hot 259242 warm 0 cold 6137115
hot 259244 warm 0 cold 6137109
hot 259246 warm 0 cold 6137103
hot 259249 warm 0 cold 6137096
hot 259250 warm 0 cold 6137091
hot 259249 warm 0 cold 6137088
hot 259249 warm 0 cold 6137084
hot 259248 warm 0 cold 6137081
hot 259246 warm 0 cold 6137079
hot 259249 warm 0 cold 6137072
hot 259250 warm 0 cold 6137067
hot 259253 warm 0 cold 6137060
hot 244331 warm 0 cold 6152238
hot 244336 warm 0 cold 6152187
hot 259459 warm 0 cold 6137050
hot 259460 warm 0 cold 6137045
hot 259460 warm 0 cold 6137041
hot 259459 warm 0 cold 6137038
hot 259460 warm 0 cold 6137033
hot 259973 warm 0 cold 6136516
hot 259971 warm 0 cold 6136514
hot 259973 warm 0 cold 6136508
hot 259973 warm 0 cold 6136504
hot 259976 warm 0 cold 6136497
hot 259981 warm 0 cold 6136488
hot 259983 warm 0 cold 6136482
hot 259986 warm 0 cold 6136475
hot 259987 warm 0 cold 6136470
hot 260506 warm 0 cold 6135947
hot 261024 warm 0 cold 6135425
hot 262050 warm 0 cold 6134395
hot 262052 warm 0 cold 6134389
hot 262564 warm 0 cold 6133873
hot 262563 warm 0 cold 6133870
hot 262564 warm 0 cold 6133865
hot 263588 warm 0 cold 6132837
hot 264101 warm 0 cold 6132320
hot 264104 warm 0 cold 6132313
hot 264104 warm 0 cold 6132309
