pgmigrate_success 343735848
pgmigrate_success 343735855
pgmigrate_success 343735857
pgmigrate_success 343735858
pgmigrate_success 343735859
pgmigrate_success 343735860
pgmigrate_success 343735861
pgmigrate_success 343735862
pgmigrate_success 343735863
pgmigrate_success 343735864
pgmigrate_success 343735865
pgmigrate_success 343735866
pgmigrate_success 343735867
pgmigrate_success 343735868
pgmigrate_success 343735870
pgmigrate_success 343735872
pgmigrate_success 343735873
pgmigrate_success 343735874
pgmigrate_success 343735875
pgmigrate_success 343735876
pgmigrate_success 343735877
pgmigrate_success 343735878
pgmigrate_success 343735879
pgmigrate_success 343735880
pgmigrate_success 343735881
pgmigrate_success 343735882
pgmigrate_success 343735883
pgmigrate_success 343735884
pgmigrate_success 343735885
pgmigrate_success 343735886
pgmigrate_success 343735887
pgmigrate_success 343735888
pgmigrate_success 343751255
pgmigrate_success 343751256
pgmigrate_success 343751257
pgmigrate_success 343751258
pgmigrate_success 343751259
pgmigrate_success 343751260
pgmigrate_success 343751261
pgmigrate_success 343751262
pgmigrate_success 343751263
pgmigrate_success 343751264
pgmigrate_success 343751265
pgmigrate_success 343751266
pgmigrate_success 343751267
pgmigrate_success 343751268
pgmigrate_success 343751269
pgmigrate_success 343751270
pgmigrate_success 343751271
pgmigrate_success 343751272
pgmigrate_success 343751273
pgmigrate_success 343751274
pgmigrate_success 343751275
pgmigrate_success 343751276
pgmigrate_success 343751277
pgmigrate_success 343751278
pgmigrate_success 343751279
pgmigrate_success 343751280
pgmigrate_success 343751281
pgmigrate_success 343751282
pgmigrate_success 343751283
pgmigrate_success 343751284
pgmigrate_success 343751285
pgmigrate_success 343751286
pgmigrate_success 343822982
pgmigrate_success 343940790
pgmigrate_success 344092915
pgmigrate_success 344288499
pgmigrate_success 344457973
pgmigrate_success 344549111
pgmigrate_success 344599801
pgmigrate_success 344698107
pgmigrate_success 344750333
pgmigrate_success 344826623
pgmigrate_success 344857345
pgmigrate_success 344918787
pgmigrate_success 344970501
pgmigrate_success 344988935
pgmigrate_success 345029897
pgmigrate_success 345065808
pgmigrate_success 345102162
pgmigrate_success 345136984
pgmigrate_success 345161050
pgmigrate_success 345187676
pgmigrate_success 345211230
pgmigrate_success 345227104
pgmigrate_success 345239906
pgmigrate_success 345253732
pgmigrate_success 345337745
pgmigrate_success 345362866
pgmigrate_success 345380287
pgmigrate_success 345400783
pgmigrate_success 345418206
pgmigrate_success 345432556
pgmigrate_success 345445362
pgmigrate_success 345453050
pgmigrate_success 345454588
pgmigrate_success 345470467
pgmigrate_success 345475079
pgmigrate_success 345484298
pgmigrate_success 345493521
pgmigrate_success 345498646
pgmigrate_success 345502745
pgmigrate_success 345509405
pgmigrate_success 345514016
pgmigrate_success 345517093
pgmigrate_success 345523241
pgmigrate_success 345529903
pgmigrate_success 345533490
pgmigrate_success 345538101
pgmigrate_success 345545784
pgmigrate_success 345587258
pgmigrate_success 345671529
pgmigrate_success 345818473
pgmigrate_success 345818549
pgmigrate_success 345818549
pgmigrate_success 345938419
pgmigrate_success 346086529
pgmigrate_success 346098827
pgmigrate_success 346105491
pgmigrate_success 346109589
pgmigrate_success 346118811
pgmigrate_success 346132129
pgmigrate_success 346137263
pgmigrate_success 346145975
pgmigrate_success 346150081
pgmigrate_success 346155721
pgmigrate_success 346160333
pgmigrate_success 346165968
pgmigrate_success 346171091
pgmigrate_success 346175703
pgmigrate_success 346178779
pgmigrate_success 346183392
pgmigrate_success 346191077
pgmigrate_success 346231015
pgmigrate_success 346266382
pgmigrate_success 346274088
pgmigrate_success 346285369
pgmigrate_success 346289484
pgmigrate_success 346295638
pgmigrate_success 346301792
pgmigrate_success 346304360
pgmigrate_success 346307440
pgmigrate_success 346311029
pgmigrate_success 346314617
pgmigrate_success 346317183
pgmigrate_success 346318725
pgmigrate_success 346320266
pgmigrate_success 346323856
pgmigrate_success 346325396
pgmigrate_success 346327449
pgmigrate_success 346328987
pgmigrate_success 346330014
pgmigrate_success 346331554
pgmigrate_success 346332069
pgmigrate_success 346332587
pgmigrate_success 346332591
pgmigrate_success 346366901
pgmigrate_success 346403808
pgmigrate_success 346415099
pgmigrate_success 346422797
pgmigrate_success 346428443
pgmigrate_success 346432037
pgmigrate_success 346441619
pgmigrate_success 346446229
pgmigrate_success 346448279
pgmigrate_success 346451353
pgmigrate_success 346452891
pgmigrate_success 346454429
pgmigrate_success 346456479
pgmigrate_success 346460065
pgmigrate_success 346460580
pgmigrate_success 346461606
pgmigrate_success 346462120
pgmigrate_success 346463660
pgmigrate_success 346464686
pgmigrate_success 346464687
pgmigrate_success 346464689
pgmigrate_success 346465204
pgmigrate_success 346466231
pgmigrate_success 346502074
pgmigrate_success 346535402
pgmigrate_success 346547716
pgmigrate_success 346556439
pgmigrate_success 346561573
pgmigrate_success 346565168
pgmigrate_success 346569782
pgmigrate_success 346573371
pgmigrate_success 346576963
pgmigrate_success 346577994
pgmigrate_success 346580046
pgmigrate_success 346581078
pgmigrate_success 346583129
pgmigrate_success 346585181
pgmigrate_success 346586210
pgmigrate_success 346587241
pgmigrate_success 346588273
pgmigrate_success 346588791
pgmigrate_success 346589309
pgmigrate_success 346589825
pgmigrate_success 346590342
pgmigrate_success 346591883
pgmigrate_success 346591885
pgmigrate_success 346629264
pgmigrate_success 346662597
pgmigrate_success 346672345
pgmigrate_success 346680041
pgmigrate_success 346684661
pgmigrate_success 346690835
pgmigrate_success 346693406
pgmigrate_success 346695973
pgmigrate_success 346698040
pgmigrate_success 346700095
pgmigrate_success 346703172
pgmigrate_success 346704546
pgmigrate_success 346706086
pgmigrate_success 346707112
pgmigrate_success 346707627
pgmigrate_success 346708141
pgmigrate_success 346709168
pgmigrate_success 346709682
pgmigrate_success 346710196
pgmigrate_success 346710711
pgmigrate_success 346711225
pgmigrate_success 346711226
pgmigrate_success 346711742
pgmigrate_success 346749640
pgmigrate_success 346784504
pgmigrate_success 346791192
pgmigrate_success 346797354
pgmigrate_success 346805042
pgmigrate_success 346809147
pgmigrate_success 346812737
pgmigrate_success 346816331
pgmigrate_success 346819412
pgmigrate_success 346821976
pgmigrate_success 346824539
pgmigrate_success 346827104
pgmigrate_success 346828135
pgmigrate_success 346829165
pgmigrate_success 346830196
pgmigrate_success 346830198
pgmigrate_success 346830716
pgmigrate_success 346830720
pgmigrate_success 346830724
pgmigrate_success 346830730
pgmigrate_success 346830734
pgmigrate_success 346831252
pgmigrate_success 346831768
pgmigrate_success 346897330
pgmigrate_success 346906584
pgmigrate_success 346912772
pgmigrate_success 346919447
pgmigrate_success 346923037
pgmigrate_success 346928171
pgmigrate_success 346930742
pgmigrate_success 346934844
pgmigrate_success 346938966
pgmigrate_success 346941533
pgmigrate_success 346942050
pgmigrate_success 346943592
pgmigrate_success 346944622
pgmigrate_success 346945650
pgmigrate_success 346946682
pgmigrate_success 346947710
pgmigrate_success 346948034
pgmigrate_success 346948548
pgmigrate_success 346949062
pgmigrate_success 346949577
pgmigrate_success 346950603
pgmigrate_success 346950606
pgmigrate_success 346950607
pgmigrate_success 347015661
pgmigrate_success 347026448
pgmigrate_success 347032620
pgmigrate_success 347038796
pgmigrate_success 347041881
pgmigrate_success 347048031
pgmigrate_success 347049066
pgmigrate_success 347052658
pgmigrate_success 347056759
pgmigrate_success 347058814
pgmigrate_success 347060871
pgmigrate_success 347062411
pgmigrate_success 347064465
pgmigrate_success 347065495
pgmigrate_success 347066528
pgmigrate_success 347067556
pgmigrate_success 347067561
pgmigrate_success 347068077
pgmigrate_success 347068591
pgmigrate_success 347068597
pgmigrate_success 347069113
pgmigrate_success 347069631
pgmigrate_success 347070146
