hot 814 warm 57 cold 0
hot 816 warm 57 cold 0
hot 816 warm 57 cold 0
hot 816 warm 57 cold 0
hot 816 warm 57 cold 0
hot 816 warm 57 cold 0
hot 816 warm 57 cold 0
hot 816 warm 57 cold 0
hot 816 warm 57 cold 0
hot 816 warm 57 cold 0
hot 816 warm 57 cold 0
hot 816 warm 57 cold 0
hot 816 warm 57 cold 0
hot 816 warm 57 cold 0
hot 816 warm 57 cold 0
hot 816 warm 57 cold 0
hot 816 warm 57 cold 0
hot 816 warm 57 cold 0
hot 816 warm 57 cold 0
hot 816 warm 57 cold 0
hot 816 warm 57 cold 0
hot 816 warm 57 cold 0
hot 816 warm 57 cold 0
hot 816 warm 57 cold 0
hot 817 warm 57 cold 0
hot 817 warm 57 cold 0
hot 817 warm 57 cold 0
hot 817 warm 57 cold 0
hot 817 warm 57 cold 0
hot 817 warm 57 cold 0
hot 817 warm 57 cold 0
hot 817 warm 57 cold 0
hot 15666 warm 57 cold 0
hot 15662 warm 57 cold 0
hot 15658 warm 57 cold 0
hot 15654 warm 57 cold 0
hot 15650 warm 57 cold 0
hot 15646 warm 57 cold 0
hot 15642 warm 57 cold 0
hot 15638 warm 57 cold 0
hot 15634 warm 57 cold 0
hot 15630 warm 57 cold 0
hot 15626 warm 57 cold 0
hot 15622 warm 57 cold 0
hot 15618 warm 57 cold 0
hot 15614 warm 57 cold 0
hot 15610 warm 57 cold 0
hot 15606 warm 57 cold 0
hot 15602 warm 57 cold 0
hot 15598 warm 57 cold 0
hot 15594 warm 57 cold 0
hot 15590 warm 57 cold 0
hot 15586 warm 57 cold 0
hot 15582 warm 57 cold 0
hot 15578 warm 57 cold 0
hot 15574 warm 57 cold 0
hot 15570 warm 57 cold 0
hot 15566 warm 57 cold 0
hot 15562 warm 57 cold 0
hot 15558 warm 57 cold 0
hot 15554 warm 57 cold 0
hot 15550 warm 57 cold 0
hot 15546 warm 57 cold 0
hot 15542 warm 57 cold 0
hot 195811 warm 57 cold 0
hot 411417 warm 0 cold 0
hot 523033 warm 0 cold 0
hot 638233 warm 0 cold 0
hot 695065 warm 0 cold 0
hot 695577 warm 0 cold 0
hot 696089 warm 0 cold 0
hot 750361 warm 0 cold 0
hot 833817 warm 0 cold 0
hot 917785 warm 0 cold 0
hot 986905 warm 0 cold 0
hot 1049369 warm 0 cold 0
hot 1110297 warm 0 cold 0
hot 1164057 warm 0 cold 0
hot 1223449 warm 0 cold 0
hot 1252633 warm 0 cold 0
hot 1291545 warm 0 cold 0
hot 1332505 warm 0 cold 0
hot 1356569 warm 0 cold 0
hot 1375513 warm 0 cold 0
hot 1407257 warm 0 cold 0
hot 1434248 warm 0 cold 0
hot 1458824 warm 0 cold 0
hot 1462920 warm 0 cold 0
hot 134211 warm 1271412 cold 0
hot 165439 warm 1267828 cold 0
hot 206395 warm 0 cold 1260148
hot 242743 warm 1252468 cold 0
hot 266806 warm 0 cold 1246321
hot 295474 warm 0 cold 1238129
hot 303662 warm 0 cold 1234545
hot 323119 warm 0 cold 1227372
hot 345643 warm 0 cold 1217644
hot 370215 warm 0 cold 1207916
hot 394276 warm 1198699 cold 0
hot 419872 warm 0 cold 1188459
hot 445468 warm 0 cold 1177195
hot 464408 warm 0 cold 1165931
hot 490004 warm 0 cold 1147499
hot 516625 warm 0 cold 1136746
hot 537613 warm 0 cold 1121898
hot 562698 warm 0 cold 1107049
hot 577543 warm 0 cold 1095272
hot 594947 warm 0 cold 1085032
hot 613376 warm 0 cold 1075815
hot 627708 warm 0 cold 1066087
hot 645113 warm 0 cold 1054310
hot 658933 warm 0 cold 1042534
hot 611886 warm 1037926 cold 0
hot 642602 warm 1025126 cold 0
hot 666150 warm 1010278 cold 0
hot 684066 warm 0 cold 1000550
hot 705054 warm 0 cold 990822
hot 726554 warm 0 cold 978534
hot 744982 warm 0 cold 965222
hot 768530 warm 0 cold 950374
hot 786958 warm 0 cold 939110
hot 804362 warm 0 cold 924262
hot 826887 warm 0 cold 905829
hot 111545 warm 0 cold 3105962
hot 114613 warm 0 cold 3105381
hot 115121 warm 2292736 cold 812133
hot 117166 warm 2313728 cold 790116
hot 120235 warm 2333184 cold 769123
hot 121255 warm 2353664 cold 748643
hot 123299 warm 2376192 cold 725603
hot 124831 warm 2396672 cold 704099
hot 128411 warm 2409472 cold 688227
hot 131991 warm 2426368 cold 668259
hot 133524 warm 2442240 cold 650850
hot 135056 warm 2460672 cold 630882
hot 81960 warm 2465280 cold 624738
hot 87588 warm 2477056 cold 611426
hot 98336 warm 2488320 cold 596578
hot 104988 warm 2498048 cold 583266
hot 114713 warm 2511360 cold 568417
hot 125974 warm 2519040 cold 557152
hot 132626 warm 2530304 cold 544864
hot 139278 warm 2536448 cold 533600
hot 143370 warm 2542592 cold 524896
hot 153094 warm 2543616 cold 516192
hot 159746 warm 2554368 cold 500320
hot 166398 warm 2558976 cold 492128
hot 172538 warm 2567680 cold 477792
hot 177655 warm 2575360 cold 464991
hot 183796 warm 2580992 cold 454750
hot 188912 warm 2590208 cold 441950
hot 196076 warm 2590208 cold 435294
hot 203754 warm 2595840 cold 423516
hot 211432 warm 2597888 cold 414298
hot 222181 warm 2592768 cold 409177
hot 226785 warm 2600448 cold 396889
hot 233437 warm 2603008 cold 387673
hot 237529 warm 2609664 cold 376921
hot 131634 warm 2608640 cold 368217
hot 205361 warm 2606592 cold 360537
hot 221741 warm 2607616 cold 351833
hot 238633 warm 2605056 cold 344665
hot 249381 warm 2609152 cold 335449
hot 266786 warm 2607616 cold 327256
hot 278046 warm 2609152 cold 319064
hot 287770 warm 2606080 cold 314968
hot 299030 warm 2600960 cold 309848
hot 309266 warm 2597888 cold 303704
hot 321038 warm 2594816 cold 297560
hot 332298 warm 2592256 cold 290904
hot 343046 warm 2588160 cold 285784
hot 355330 warm 2584064 cold 279640
hot 111010 warm 279075 cold 2829469
hot 111518 warm 302115 cold 2806360
hot 436160 warm 2550272 cold 234583
hot 462268 warm 2535424 cold 224343
hot 487352 warm 2519552 cold 215639
hot 508341 warm 2507264 cold 208470
hot 532913 warm 2489856 cold 201814
hot 559533 warm 2471936 cold 193622
hot 582569 warm 0 cold 2642518
hot 605606 warm 0 cold 2619989
hot 566840 warm 0 cold 2605653
hot 598069 warm 0 cold 2583124
hot 622129 warm 0 cold 2566740
hot 643629 warm 2399744 cold 149588
hot 667692 warm 0 cold 2529873
hot 697385 warm 0 cold 2504272
hot 725030 warm 0 cold 2479183
hot 748066 warm 2337792 cold 122447
hot 769054 warm 0 cold 2440271
hot 792602 warm 0 cold 2420815
hot 814102 warm 0 cold 2400335
hot 837139 warm 0 cold 2378831
hot 858128 warm 2267136 cold 91727
hot 881676 warm 0 cold 2337359
hot 901129 warm 0 cold 2317902
hot 922629 warm 0 cold 2297422
hot 941569 warm 0 cold 2278478
hot 961021 warm 0 cold 2260046
hot 983035 warm 0 cold 2240076
hot 995319 warm 0 cold 2228812
hot 1012723 warm 0 cold 2211916
hot 1029103 warm 0 cold 2196044
hot 1043947 warm 2125312 cold 55884
hot 1000472 warm 0 cold 2172491
hot 1026068 warm 0 cold 2154571
hot 1049104 warm 2089984 cold 49227
hot 1073677 warm 0 cold 2122314
hot 1093129 warm 0 cold 2105418
hot 1107461 warm 0 cold 2095690
hot 1127425 warm 0 cold 2079306
hot 1148413 warm 0 cold 2062410
hot 1166329 warm 0 cold 2047050
hot 1180149 warm 0 cold 2035786
hot 1190385 warm 0 cold 2027082
hot 1201135 warm 0 cold 2017352
hot 1212908 warm 0 cold 2007623
hot 1230312 warm 0 cold 1991239
hot 1246692 warm 0 cold 1975367
hot 1257952 warm 0 cold 1965127
hot 1271260 warm 0 cold 1952327
hot 233407 warm 0 cold 1034275
hot 248813 warm 0 cold 2976938
hot 267245 warm 0 cold 2958953
hot 1340428 warm 0 cold 1886278
hot 1351688 warm 0 cold 1875014
hot 1361412 warm 0 cold 1865286
hot 1250909 warm 0 cold 1857094
hot 1326170 warm 0 cold 1849413
hot 1334870 warm 0 cold 1845317
hot 1352275 warm 0 cold 1838148
hot 1364047 warm 0 cold 1830468
hot 1373259 warm 0 cold 1824324
hot 1381447 warm 0 cold 1819204
hot 1389123 warm 0 cold 1814084
hot 1397824 warm 0 cold 1809987
hot 1403452 warm 0 cold 1805891
hot 1410104 warm 0 cold 1800259
hot 1418292 warm 0 cold 1794115
hot 1427504 warm 0 cold 1785923
hot 448521 warm 0 cold 2766950
hot 464901 warm 0 cold 2751590
hot 488962 warm 0 cold 2728037
hot 506366 warm 0 cold 2712677
hot 523258 warm 0 cold 2696805
hot 549878 warm 0 cold 2670693
hot 577523 warm 0 cold 2643556
hot 597487 warm 0 cold 2624100
hot 616427 warm 0 cold 2605156
hot 635879 warm 0 cold 2586724
hot 655843 warm 0 cold 2568292
hot 675295 warm 0 cold 2549860
hot 696283 warm 0 cold 2528868
hot 717271 warm 0 cold 2508388
hot 735701 warm 0 cold 2489954
hot 757713 warm 0 cold 2467938
hot 780750 warm 0 cold 2444897
hot 739322 warm 0 cold 2428001
hot 759286 warm 0 cold 2413153
hot 790002 warm 765986 cold 1627711
hot 815086 warm 756770 cold 1619519
hot 831466 warm 753186 cold 1610303
hot 848358 warm 743970 cold 1605183
hot 870370 warm 732194 cold 1599551
hot 891870 warm 0 cold 2314337
hot 910811 warm 0 cold 2297952
hot 929751 warm 0 cold 2281056
hot 947667 warm 0 cold 2265696
hot 966609 warm 680994 cold 1566780
hot 984525 warm 0 cold 2230878
hot 1000906 warm 0 cold 2215517
hot 1017286 warm 0 cold 2200669
hot 1034178 warm 0 cold 2185309
hot 1046462 warm 623650 cold 1549883
hot 1061818 warm 0 cold 2158685
hot 1076150 warm 0 cold 2145373
hot 1089970 warm 0 cold 2132061
hot 1101230 warm 0 cold 2120797
hot 206803 warm 0 cold 1055792
hot 215506 warm 0 cold 3010701
hot 109594 warm 0 cold 2998413
hot 1146442 warm 0 cold 2027612
hot 1172038 warm 0 cold 2009180
hot 1196610 warm 0 cold 1995356
hot 1212478 warm 0 cold 1985116
hot 1227322 warm 0 cold 1973340
hot 1246262 warm 0 cold 1957980
hot 1259570 warm 0 cold 1946716
hot 1281070 warm 0 cold 1930332
hot 1297450 warm 0 cold 1915484
hot 1307698 warm 0 cold 1905744
hot 1325102 warm 0 cold 1890896
hot 1333802 warm 0 cold 1883216
hot 1346598 warm 0 cold 1872976
hot 1357346 warm 0 cold 1863760
hot 1371166 warm 0 cold 1851472
hot 1381402 warm 0 cold 1842256
hot 1394198 warm 0 cold 1829968
hot 1403412 warm 0 cold 1821262
hot 1412624 warm 0 cold 1812046
hot 1422349 warm 0 cold 1802829
hot 570845 warm 0 cold 2655353
hot 586201 warm 0 cold 2639993
hot 604117 warm 0 cold 2622073
