hot 5 warm 0 cold 0
hot 207169 warm 0 cold 0
hot 207165 warm 0 cold 0
hot 207161 warm 0 cold 0
hot 207157 warm 0 cold 0
hot 250646 warm 0 cold 0
hot 258834 warm 0 cold 0
hot 358270 warm 0 cold 0
hot 599424 warm 0 cold 0
hot 854914 warm 0 cold 0
hot 1108357 warm 0 cold 0
hot 1355655 warm 0 cold 0
hot 1597325 warm 0 cold 0
hot 1847698 warm 0 cold 0
hot 2108825 warm 0 cold 0
hot 2359196 warm 0 cold 0
hot 2617760 warm 0 cold 0
hot 2861985 warm 0 cold 0
hot 320420 warm 2790912 cold 0
hot 572834 warm 0 cold 2790912
hot 826274 warm 0 cold 2790912
hot 1069986 warm 0 cold 2790912
hot 1304993 warm 0 cold 2790912
hot 1553824 warm 0 cold 2790912
hot 1802656 warm 0 cold 2790912
hot 2054559 warm 0 cold 2790912
hot 2279838 warm 0 cold 2790912
hot 2533790 warm 0 cold 2790912
hot 2792859 warm 0 cold 2790912
hot 3049881 warm 0 cold 2790912
hot 3296665 warm 0 cold 2790912
hot 3546008 warm 0 cold 2790912
hot 240699 warm 3363268 cold 2790913
hot 242334 warm 0 cold 6152644
hot 242410 warm 3361731 cold 2790913
hot 242459 warm 3361731 cold 2790913
hot 242528 warm 3361731 cold 2790913
hot 242580 warm 3361731 cold 2790913
hot 242626 warm 3361731 cold 2790913
hot 242674 warm 0 cold 6152644
hot 241701 warm 0 cold 185851
hot 242733 warm 0 cold 6152737
hot 242747 warm 0 cold 6152679
hot 242771 warm 3361792 cold 2790856
hot 242789 warm 3361792 cold 2790838
hot 242794 warm 3361792 cold 2790833
hot 242800 warm 3361792 cold 2790827
hot 242807 warm 3361792 cold 2790820
hot 242809 warm 3361792 cold 2790818
hot 242815 warm 3361792 cold 2790812
hot 242820 warm 3361792 cold 2790807
hot 242829 warm 3361792 cold 2790798
hot 242832 warm 3361792 cold 2790795
hot 242833 warm 3362816 cold 2789770
hot 242837 warm 3363328 cold 2789254
hot 242839 warm 3363840 cold 2788740
hot 242844 warm 3363840 cold 2788735
hot 242850 warm 3364352 cold 2788217
hot 243367 warm 3363840 cold 2788212
hot 243372 warm 3363840 cold 2788207
hot 243887 warm 3363840 cold 2787692
hot 243890 warm 3363840 cold 2787689
hot 244404 warm 3363840 cold 2787175
hot 244405 warm 3364352 cold 2786662
hot 244407 warm 3365888 cold 2785124
hot 244410 warm 3367936 cold 2783073
hot 245949 warm 3367424 cold 2782046
hot 246463 warm 3368448 cold 2780508
hot 246976 warm 0 cold 6148443
hot 248000 warm 3371008 cold 2776411
hot 250561 warm 3372032 cold 2772826
hot 254658 warm 3371008 cold 2769753
hot 255684 warm 3372544 cold 2767191
hot 259270 warm 3371008 cold 2765141
hot 262855 warm 0 cold 6132564
hot 264904 warm 3373568 cold 2756947
hot 271048 warm 3371520 cold 2752851
hot 241732 warm 0 cold 1099203
hot 242893 warm 0 cold 6153625
hot 432845 warm 3381760 cold 2581913
hot 485070 warm 0 cold 5911448
hot 535758 warm 0 cold 5860760
hot 586958 warm 0 cold 5809560
hot 656078 warm 0 cold 5740440
hot 724687 warm 0 cold 5671831
hot 788175 warm 0 cold 5608343
hot 850127 warm 0 cold 5546391
hot 934607 warm 0 cold 5461911
hot 1021135 warm 0 cold 5375383
hot 1102543 warm 0 cold 5293975
hot 1166543 warm 0 cold 5229975
hot 1225935 warm 0 cold 5170583
hot 1285839 warm 0 cold 5110679
hot 1349327 warm 0 cold 5047191
hot 1410255 warm 0 cold 4986263
hot 1470671 warm 0 cold 4925847
hot 1538767 warm 0 cold 4857751
hot 1602255 warm 0 cold 4794263
hot 1663183 warm 0 cold 4733335
hot 1728208 warm 0 cold 4668310
hot 1794257 warm 0 cold 4602261
hot 1853137 warm 0 cold 4543381
hot 1917649 warm 0 cold 4478869
hot 1967825 warm 0 cold 4428693
hot 242900 warm 1786877 cold 4366741
hot 242901 warm 0 cold 6153617
hot 242901 warm 0 cold 6153617
hot 242901 warm 1949693 cold 4203924
hot 242902 warm 1997309 cold 4156307
hot 242902 warm 2044925 cold 4108691
hot 242902 warm 2096637 cold 4056979
hot 242902 warm 2143229 cold 4010387
hot 242902 warm 2189309 cold 3964307
hot 242902 warm 2238461 cold 3915155
hot 242903 warm 2285565 cold 3868050
hot 242904 warm 2329596 cold 3824018
hot 242905 warm 2370555 cold 3783058
hot 242905 warm 2401787 cold 3751826
hot 242905 warm 2444795 cold 3708818
hot 242905 warm 2491387 cold 3662226
hot 242907 warm 2527225 cold 3626386
hot 242907 warm 2572281 cold 3581330
hot 242908 warm 2598393 cold 3555217
hot 242908 warm 2608633 cold 3544977
hot 242908 warm 2642425 cold 3511185
hot 241687 warm 0 cold 126464
hot 242908 warm 1024 cold 6152636
hot 242904 warm 1536 cold 6152081
hot 245461 warm 3249656 cold 2901382
hot 246485 warm 3303416 cold 2846598
hot 247509 warm 3356152 cold 2792838
hot 251093 warm 3410936 cold 2734470
hot 253142 warm 3465719 cold 2677638
hot 253654 warm 3523063 cold 2619782
hot 257750 warm 3576823 cold 2561926
hot 258774 warm 3636727 cold 2500998
hot 261846 warm 3697143 cold 2437510
hot 265942 warm 3745783 cold 2384774
hot 271062 warm 0 cold 6125437
hot 277719 warm 3863030 cold 2255750
hot 292055 warm 3899894 cold 2204550
hot 297687 warm 3952630 cold 2146182
hot 307415 warm 3986422 cold 2102662
hot 312535 warm 0 cold 6083964
hot 325335 warm 0 cold 6071164
hot 340695 warm 4152822 cold 1902982
hot 357080 warm 0 cold 6039419
hot 370393 warm 4236277 cold 1789829
hot 386777 warm 0 cold 6009722
hot 404186 warm 0 cold 5992313
hot 421594 warm 0 cold 5974905
hot 442586 warm 0 cold 5953913
hot 462042 warm 0 cold 5934457
hot 489690 warm 0 cold 5906809
hot 517338 warm 0 cold 5879161
hot 542938 warm 4500469 cold 1353092
