pgmigrate_success 105730724
pgmigrate_success 105794221
pgmigrate_success 105938737
pgmigrate_success 105938803
pgmigrate_success 105938818
pgmigrate_success 105974781
pgmigrate_success 105990334
pgmigrate_success 106031847
pgmigrate_success 106177773
pgmigrate_success 106304238
pgmigrate_success 106509554
pgmigrate_success 106747636
pgmigrate_success 106944756
pgmigrate_success 107169526
pgmigrate_success 107357942
pgmigrate_success 107639740
pgmigrate_success 107704776
pgmigrate_success 107704776
pgmigrate_success 107704776
pgmigrate_success 107704776
pgmigrate_success 107704776
pgmigrate_success 107704776
pgmigrate_success 107704776
pgmigrate_success 107704776
pgmigrate_success 107704776
pgmigrate_success 107704776
pgmigrate_success 107704776
pgmigrate_success 107704776
pgmigrate_success 107704776
pgmigrate_success 107704776
pgmigrate_success 107704776
pgmigrate_success 107704776
pgmigrate_success 107707395
pgmigrate_success 107707476
pgmigrate_success 107707551
pgmigrate_success 107707632
pgmigrate_success 107708734
pgmigrate_success 107709790
pgmigrate_success 107720114
pgmigrate_success 107728836
pgmigrate_success 107747325
pgmigrate_success 107773500
pgmigrate_success 107805790
pgmigrate_success 107820640
pgmigrate_success 107854460
pgmigrate_success 107938478
pgmigrate_success 107938504
pgmigrate_success 107957459
pgmigrate_success 108202707
pgmigrate_success 108671699
pgmigrate_success 109020371
pgmigrate_success 109413079
pgmigrate_success 109413150
pgmigrate_success 109413165
pgmigrate_success 109413175
pgmigrate_success 109413186
pgmigrate_success 109413194
pgmigrate_success 109413202
pgmigrate_success 109413206
pgmigrate_success 109413213
pgmigrate_success 109413216
pgmigrate_success 109413223
pgmigrate_success 109413227
pgmigrate_success 109413231
pgmigrate_success 109413748
pgmigrate_success 109414776
pgmigrate_success 109414779
pgmigrate_success 109414783
pgmigrate_success 109415302
pgmigrate_success 109415305
pgmigrate_success 109415309
pgmigrate_success 109415317
pgmigrate_success 109416858
pgmigrate_success 109418398
pgmigrate_success 109420450
pgmigrate_success 109422502
pgmigrate_success 109424040
pgmigrate_success 109425068
pgmigrate_success 109427633
pgmigrate_success 109430195
pgmigrate_success 109432761
pgmigrate_success 109436349
pgmigrate_success 109439427
pgmigrate_success 109442503
pgmigrate_success 109447113
pgmigrate_success 109450191
pgmigrate_success 109454801
pgmigrate_success 109461973
pgmigrate_success 109469655
pgmigrate_success 109475802
pgmigrate_success 109485021
pgmigrate_success 109496800
pgmigrate_success 109500386
pgmigrate_success 109500387
pgmigrate_success 109500388
pgmigrate_success 109595108
pgmigrate_success 109894628
pgmigrate_success 110120933
pgmigrate_success 110302693
pgmigrate_success 110532584
pgmigrate_success 110758377
pgmigrate_success 110977513
pgmigrate_success 111045097
pgmigrate_success 111049193
pgmigrate_success 111049197
pgmigrate_success 111049199
pgmigrate_success 111049200
pgmigrate_success 111049201
pgmigrate_success 111049202
pgmigrate_success 111049203
pgmigrate_success 111049204
pgmigrate_success 111049205
pgmigrate_success 111049206
pgmigrate_success 111049207
pgmigrate_success 111049208
pgmigrate_success 111049209
pgmigrate_success 111049210
pgmigrate_success 111049211
pgmigrate_success 111049212
pgmigrate_success 111049213
pgmigrate_success 111049214
pgmigrate_success 111049215
pgmigrate_success 111049216
pgmigrate_success 111049217
pgmigrate_success 111049218
pgmigrate_success 111050244
pgmigrate_success 111050758
pgmigrate_success 111051271
pgmigrate_success 111052297
pgmigrate_success 111055372
pgmigrate_success 111058447
pgmigrate_success 111061521
pgmigrate_success 111061523
pgmigrate_success 111062038
pgmigrate_success 111063064
pgmigrate_success 111063064
pgmigrate_success 111067675
pgmigrate_success 111068189
pgmigrate_success 111074335
pgmigrate_success 111084066
pgmigrate_success 111084580
pgmigrate_success 111097894
pgmigrate_success 111100968
pgmigrate_success 111108650
pgmigrate_success 111115308
pgmigrate_success 111122988
pgmigrate_success 111122989
pgmigrate_success 111122990
pgmigrate_success 111205422
pgmigrate_success 111449134
pgmigrate_success 111631406
pgmigrate_success 111829040
pgmigrate_success 112009778
pgmigrate_success 112161332
pgmigrate_success 112362038
pgmigrate_success 112529462
pgmigrate_success 112576054
