pgmigrate_success 16317941
pgmigrate_fail 65672
thp_migration_success 31053
thp_migration_fail 9
thp_migration_split 0
thp_fault_alloc 62057
thp_fault_fallback 0
thp_fault_fallback_charge 0
thp_collapse_alloc 4488
thp_collapse_alloc_failed 0
thp_file_alloc 75
thp_file_fallback 0
thp_file_fallback_charge 0
thp_file_mapped 0
thp_split_page 11
thp_split_page_failed 1
thp_deferred_split_page 3879
thp_split_pmd 14826
thp_split_pud 0
thp_zero_page_alloc 0
thp_zero_page_alloc_failed 0
thp_swpout 0
thp_swpout_fallback 0
htmm_nr_promoted 12058542
htmm_nr_demoted 3855429
htmm_nr_sampled 0
htmm_missed_dramread 0
htmm_missed_nvmread 0
htmm_missed_write 0
htmm_alloc_dram 34262689
htmm_alloc_nvm 0
