hot 0 warm 0 cold 0
hot 207163 warm 0 cold 0
hot 207160 warm 0 cold 0
hot 207156 warm 0 cold 0
hot 207152 warm 0 cold 0
hot 250618 warm 0 cold 0
hot 258806 warm 0 cold 0
hot 361322 warm 0 cold 0
hot 617323 warm 0 cold 0
hot 890224 warm 0 cold 0
hot 1161587 warm 0 cold 0
hot 1426295 warm 0 cold 0
hot 1682811 warm 0 cold 0
hot 1944964 warm 0 cold 0
hot 282501 warm 1910272 cold 510
hot 543113 warm 1910272 cold 502
hot 729826 warm 24064 cold 1910815
hot 1021156 warm 22528 cold 1910810
hot 1277668 warm 0 cold 1932305
hot 1555853 warm 0 cold 1930256
hot 1814414 warm 0 cold 1929227
hot 2059152 warm 0 cold 1928201
hot 2334097 warm 0 cold 1926656
hot 2590609 warm 0 cold 1926144
hot 2854799 warm 0 cold 1924606
hot 3111312 warm 0 cold 1923577
hot 232963 warm 0 cold 517
hot 3144459 warm 0 cold 2397378
hot 3418891 warm 0 cold 2397374
hot 3686668 warm 0 cold 2396857
hot 3945736 warm 0 cold 2396859
hot 4032875 warm 0 cold 2362964
hot 4032985 warm 0 cold 2362851
hot 242418 warm 1183712 cold 4969885
hot 242469 warm 1183712 cold 4969842
hot 242512 warm 1183712 cold 4969805
hot 242547 warm 1183712 cold 4969776
hot 242598 warm 1183712 cold 4969731
hot 242631 warm 1183712 cold 4969704
hot 242661 warm 1183712 cold 4969680
hot 242683 warm 1183712 cold 4969664
hot 242701 warm 1183711 cold 4969655
hot 242718 warm 1183711 cold 4969649
hot 242744 warm 1183711 cold 4969639
hot 242763 warm 1183710 cold 4969632
hot 242773 warm 1183710 cold 4969632
hot 242785 warm 1183710 cold 4969632
hot 242785 warm 1183710 cold 4969642
hot 242785 warm 1183710 cold 4969652
hot 242789 warm 1183710 cold 4969660
hot 242797 warm 1183710 cold 4969663
hot 242804 warm 1183710 cold 4969666
hot 242812 warm 1183709 cold 4969671
hot 242818 warm 1183709 cold 4969675
hot 242825 warm 1183709 cold 4969681
hot 242834 warm 0 cold 6153366
hot 242840 warm 0 cold 6153316
hot 242842 warm 1184733 cold 4968537
hot 242847 warm 1187292 cold 4965929
hot 242851 warm 1188316 cold 4964857
hot 242855 warm 1189340 cold 4963792
hot 242856 warm 1190364 cold 4962767
hot 242858 warm 1190876 cold 4962253
hot 242858 warm 1191900 cold 4961229
hot 242858 warm 1194460 cold 4958669
hot 242862 warm 1196508 cold 4956618
hot 242863 warm 1197531 cold 4955594
hot 242864 warm 1199067 cold 4954057
hot 242865 warm 1201115 cold 4952008
hot 242869 warm 1205210 cold 4947909
hot 242878 warm 0 cold 6153206
hot 242874 warm 0 cold 6153162
hot 242870 warm 1309184 cold 4843945
hot 242867 warm 1339904 cold 4813224
hot 242866 warm 1383936 cold 4769190
hot 242867 warm 1411584 cold 4741541
hot 242867 warm 1440768 cold 4712357
hot 242870 warm 1475072 cold 4678052
hot 242871 warm 1507328 cold 4645795
hot 242872 warm 1538560 cold 4614562
hot 242872 warm 1581056 cold 4572066
hot 242873 warm 1634304 cold 4518818
hot 242874 warm 1668096 cold 4485025
hot 242874 warm 1715712 cold 4437409
hot 242874 warm 1750528 cold 4402593
hot 242875 warm 1795584 cold 4357536
hot 242876 warm 1832448 cold 4320672
hot 242876 warm 1894912 cold 4258208
hot 242876 warm 1937920 cold 4215200
hot 242877 warm 1980928 cold 4172191
hot 242877 warm 2019328 cold 4133791
hot 242878 warm 2067968 cold 4085151
hot 242878 warm 2104832 cold 4048287
hot 243391 warm 2144768 cold 4007838
hot 243391 warm 2189824 cold 3962782
hot 243392 warm 2234368 cold 3918237
hot 243904 warm 2288640 cold 3863453
hot 245952 warm 2330624 cold 3819421
hot 245952 warm 2373120 cold 3776925
hot 245952 warm 2419712 cold 3730333
hot 245953 warm 2460672 cold 3689372
hot 246465 warm 2504192 cold 3645340
hot 246977 warm 2544128 cold 3604892
hot 246977 warm 2585088 cold 3563932
hot 247489 warm 2625024 cold 3523484
hot 250561 warm 2661376 cold 3484060
hot 251585 warm 2699776 cold 3444636
hot 252097 warm 2734080 cold 3409820
hot 252097 warm 2780672 cold 3363228
hot 254145 warm 2814464 cold 3327388
hot 256193 warm 2860544 cold 3279260
hot 257729 warm 2894336 cold 3243932
hot 260289 warm 2932224 cold 3203484
hot 262849 warm 2976256 cold 3156892
hot 265409 warm 3010560 cold 3120028
hot 267970 warm 3043328 cold 3084699
hot 270019 warm 3073536 cold 3052442
hot 274115 warm 3102720 cold 3019162
hot 276675 warm 3135488 cold 2983834
hot 281284 warm 3170816 cold 2943897
hot 285892 warm 3213312 cold 2896793
hot 295108 warm 3248128 cold 2852761
hot 300228 warm 3291136 cold 2804633
hot 306372 warm 3332096 cold 2757529
hot 311492 warm 3368448 cold 2716057
hot 317124 warm 3410432 cold 2668441
hot 0 warm 0 cold 0
hot 242901 warm 178654 cold 5975013
hot 242897 warm 216030 cold 5937593
hot 242893 warm 242142 cold 5911437
hot 421655 warm 269792 cold 5882721
hot 545043 warm 291302 cold 5861173
hot 415179 warm 0 cold 6319640
hot 446077 warm 0 cold 6332189
hot 460694 warm 0 cold 6334927
hot 474880 warm 0 cold 6341160
hot 121801 warm 363337 cold 6343137
hot 124375 warm 369646 cold 6343420
hot 124922 warm 375563 cold 6344073
hot 124995 warm 383441 cold 6343284
hot 126120 warm 386686 cold 6342493
hot 127762 warm 388556 cold 6341537
hot 138642 warm 381891 cold 6339366
hot 163359 warm 360958 cold 6337626
hot 171216 warm 357154 cold 6335617
hot 172444 warm 358980 cold 6334094
hot 173698 warm 360979 cold 6331861
hot 173993 warm 363932 cold 6329633
hot 175345 warm 366006 cold 6327227
hot 176202 warm 368649 cold 6324747
hot 176604 warm 371797 cold 6322217
hot 177033 warm 374972 cold 6319633
hot 178523 warm 377166 cold 6316969
hot 179509 warm 379877 cold 6314292
hot 180031 warm 383115 cold 6311552
hot 180584 warm 386271 cold 6308863
hot 181167 warm 387988 cold 6306558
hot 181781 warm 390119 cold 6303809
hot 182954 warm 391665 cold 6301086
hot 183625 warm 393720 cold 6298356
hot 184363 warm 396163 cold 6295171
hot 186113 warm 398090 cold 6291490
hot 186898 warm 402473 cold 6286318
hot 187768 warm 406192 cold 6281725
hot 188602 warm 411419 cold 6275660
hot 189517 warm 419081 cold 6267079
hot 190448 warm 429825 cold 6255400
hot 191453 warm 434140 cold 6250076
hot 192978 warm 441022 cold 6241665
hot 194041 warm 443151 cold 6238469
hot 195173 warm 444636 cold 6235848
hot 196352 warm 445422 cold 6233879
hot 198061 warm 445685 cold 6231903
hot 199291 warm 446310 cold 6230044
hot 200592 warm 446823 cold 6228226
hot 201864 warm 447320 cold 6226453
hot 203212 warm 447662 cold 6224759
hot 205062 warm 447400 cold 6223168
