pgmigrate_success 4207175
pgmigrate_fail 332899
thp_migration_success 2005
thp_migration_fail 0
thp_migration_split 0
thp_fault_alloc 170095
thp_fault_fallback 0
thp_fault_fallback_charge 0
thp_collapse_alloc 62266
thp_collapse_alloc_failed 53271
thp_file_alloc 271
thp_file_fallback 0
thp_file_fallback_charge 0
thp_file_mapped 0
thp_split_page 268
thp_split_page_failed 0
thp_deferred_split_page 86505
thp_split_pmd 215459
thp_split_pud 0
thp_zero_page_alloc 1
thp_zero_page_alloc_failed 0
thp_swpout 0
thp_swpout_fallback 0
htmm_nr_promoted 1460793
htmm_nr_demoted 240570
htmm_nr_sampled 0
htmm_missed_dramread 27093
htmm_missed_nvmread 0
htmm_missed_write 0
htmm_alloc_dram 133682132
htmm_alloc_nvm 0
