hot 0 warm 0 cold 0
hot 207165 warm 0 cold 0
hot 207166 warm 0 cold 0
hot 207166 warm 0 cold 0
hot 207166 warm 0 cold 0
hot 250174 warm 0 cold 0
hot 258878 warm 0 cold 0
hot 352093 warm 0 cold 0
hot 597857 warm 0 cold 0
hot 868195 warm 0 cold 0
hot 1123683 warm 0 cold 0
hot 1386851 warm 0 cold 0
hot 1630051 warm 0 cold 0
hot 1896291 warm 0 cold 0
hot 2149731 warm 0 cold 0
hot 315257 warm 2087424 cold 490
hot 185859 warm 0 cold 0
hot 777919 warm 23040 cold 2087942
hot 1062084 warm 21504 cold 2087937
hot 1305796 warm 21504 cold 2087937
hot 1581254 warm 0 cold 2108927
hot 1837452 warm 0 cold 2107389
hot 2098066 warm 0 cold 2105847
hot 2345881 warm 0 cold 2104816
hot 2601375 warm 0 cold 2103274
hot 2868643 warm 0 cold 2101734
hot 19457 warm 0 cold 0
hot 3072741 warm 0 cold 2395561
hot 3320553 warm 0 cold 2395557
hot 3593452 warm 0 cold 2395555
hot 3844847 warm 0 cold 2395040
hot 4034354 warm 0 cold 2361694
hot 4034640 warm 272896 cold 2088707
hot 242354 warm 1175549 cold 4978340
hot 242407 warm 1175549 cold 4978287
hot 242407 warm 1175549 cold 4978287
hot 242407 warm 1175549 cold 4978287
hot 242435 warm 1175549 cold 4978259
hot 242457 warm 1175549 cold 4978237
hot 242457 warm 1175549 cold 4978237
hot 242457 warm 1175549 cold 4978237
hot 242498 warm 1175549 cold 4978196
hot 242532 warm 1175549 cold 4978162
hot 242532 warm 1175549 cold 4978162
hot 242532 warm 1175549 cold 4978162
hot 242553 warm 1175549 cold 4978141
hot 242589 warm 1175549 cold 4978105
hot 242613 warm 1175549 cold 4978081
hot 242638 warm 0 cold 6153605
hot 242658 warm 0 cold 6153585
hot 242680 warm 1175549 cold 4978014
hot 242700 warm 1175549 cold 4977994
hot 242716 warm 1175549 cold 4977978
hot 242725 warm 1175549 cold 4977969
hot 242734 warm 1175549 cold 4977960
hot 242741 warm 1175549 cold 4977953
hot 242748 warm 1175549 cold 4977946
hot 242759 warm 1175549 cold 4977935
hot 242768 warm 1175549 cold 4977926
hot 242777 warm 1176061 cold 4977405
hot 242778 warm 1176061 cold 4977404
hot 242782 warm 1176061 cold 4977400
hot 242786 warm 1176061 cold 4977396
hot 242792 warm 1176061 cold 4977390
hot 242800 warm 1176061 cold 4977382
hot 242801 warm 1176061 cold 4977381
hot 242801 warm 1176061 cold 4977381
hot 242801 warm 1176061 cold 4977381
hot 242801 warm 1176061 cold 4977381
hot 242802 warm 1176061 cold 4977380
hot 242806 warm 1176573 cold 4976864
hot 242808 warm 1176573 cold 4976862
hot 242809 warm 1176573 cold 4976861
hot 242812 warm 0 cold 6153478
hot 242817 warm 0 cold 6153473
hot 242819 warm 0 cold 6153471
hot 242820 warm 1186304 cold 4967166
hot 242820 warm 1190400 cold 4963070
hot 242825 warm 1195008 cold 4958458
hot 242826 warm 1201152 cold 4952313
hot 242827 warm 1211392 cold 4942072
hot 242829 warm 1219584 cold 4933878
hot 242833 warm 1231360 cold 4922098
hot 242835 warm 1248256 cold 4905200
hot 242835 warm 1262080 cold 4891376
hot 242837 warm 1275904 cold 4877550
hot 242840 warm 1294848 cold 4858603
hot 242841 warm 1315840 cold 4837610
hot 242842 warm 1341440 cold 4812009
hot 242844 warm 1363456 cold 4789991
hot 242845 warm 1393152 cold 4760294
hot 242847 warm 1416704 cold 4736740
hot 242850 warm 1447424 cold 4706017
hot 242852 warm 1480704 cold 4672735
hot 242853 warm 1518080 cold 4635358
hot 242855 warm 1548288 cold 4605148
hot 243367 warm 1577984 cold 4574940
hot 243369 warm 1605120 cold 4547802
hot 243372 warm 1644544 cold 4508375
hot 243373 warm 1682944 cold 4469974
hot 243374 warm 1733632 cold 4419285
hot 243374 warm 1776128 cold 4376789
hot 243887 warm 1824256 cold 4328148
hot 243887 warm 1864704 cold 4287700
hot 243887 warm 1908736 cold 4243668
hot 243889 warm 1929216 cold 4223186
hot 243889 warm 1929216 cold 4223186
hot 243889 warm 1929216 cold 4223186
hot 243891 warm 1941504 cold 4210896
hot 243893 warm 1984000 cold 4168398
hot 243893 warm 2029056 cold 4123342
hot 243893 warm 2071040 cold 4081358
hot 243893 warm 2105856 cold 4046542
hot 243893 warm 2151936 cold 4000462
hot 244405 warm 2197504 cold 3954382
hot 244405 warm 2238464 cold 3913422
hot 244917 warm 2279936 cold 3871438
hot 245429 warm 2322432 cold 3828430
hot 245941 warm 2367488 cold 3782862
hot 247479 warm 2407424 cold 3741388
hot 247991 warm 2449408 cold 3698892
hot 250039 warm 2494464 cold 3651788
hot 251575 warm 2539520 cold 3605196
hot 252599 warm 2588672 cold 3555020
hot 255159 warm 2630144 cold 3510988
hot 256696 warm 2661376 cold 3478219
hot 258744 warm 2698240 cold 3439307
hot 259769 warm 2729984 cold 3406538
hot 260793 warm 2771968 cold 3363530
hot 260793 warm 2812416 cold 3323082
hot 263865 warm 2852352 cold 3280074
hot 266425 warm 2886656 cold 3243210
hot 269497 warm 2917376 cold 3209418
hot 273082 warm 2949632 cold 3173577
hot 276155 warm 2979328 cold 3140808
hot 278715 warm 3005952 cold 3111624
hot 242457 warm 4346 cold 187394
hot 242879 warm 86270 cold 6067399
hot 242879 warm 102654 cold 6051015
hot 366014 warm 0 cold 6030534
hot 381886 warm 0 cold 6014662
hot 402366 warm 0 cold 5994182
hot 418238 warm 0 cold 5978310
hot 436158 warm 0 cold 5960390
hot 462271 warm 0 cold 5934277
hot 242883 warm 235772 cold 5917893
hot 242883 warm 266492 cold 5887173
hot 242883 warm 293116 cold 5860549
hot 242883 warm 317692 cold 5835973
hot 242884 warm 346364 cold 5807300
hot 242884 warm 370940 cold 5782724
hot 242884 warm 397052 cold 5756612
hot 242884 warm 419068 cold 5734596
hot 242884 warm 419068 cold 5734596
hot 242884 warm 419068 cold 5734596
hot 242884 warm 419068 cold 5734596
hot 242884 warm 440572 cold 5713092
hot 242884 warm 468220 cold 5685444
hot 242884 warm 494844 cold 5658820
hot 242884 warm 521468 cold 5632196
hot 242885 warm 548091 cold 5605572
hot 242885 warm 569595 cold 5584068
hot 242885 warm 600827 cold 5552836
hot 242885 warm 629499 cold 5524164
hot 242885 warm 656635 cold 5497028
hot 242885 warm 671483 cold 5482180
hot 242885 warm 671483 cold 5482180
hot 242885 warm 671483 cold 5482180
hot 242885 warm 698107 cold 5455556
hot 242885 warm 727803 cold 5425860
hot 242885 warm 753915 cold 5399748
hot 242885 warm 783099 cold 5370564
hot 242885 warm 811259 cold 5342404
hot 242885 warm 836859 cold 5316804
