pgmigrate_success 48359834
pgmigrate_success 48443294
pgmigrate_success 48443294
pgmigrate_success 48443294
pgmigrate_success 48443294
pgmigrate_success 48443294
pgmigrate_success 48443294
pgmigrate_success 48443294
pgmigrate_success 48443339
pgmigrate_success 48443339
pgmigrate_success 48443339
pgmigrate_success 48443339
pgmigrate_success 48443339
pgmigrate_success 48443339
pgmigrate_success 48443351
pgmigrate_success 48443351
pgmigrate_success 48443351
pgmigrate_success 48443351
pgmigrate_success 48443357
pgmigrate_success 48443357
pgmigrate_success 48443357
pgmigrate_success 48443357
pgmigrate_success 48443357
pgmigrate_success 48443357
pgmigrate_success 48443357
pgmigrate_success 48443357
pgmigrate_success 48443357
pgmigrate_success 48443357
pgmigrate_success 48443357
pgmigrate_success 48443357
pgmigrate_success 48443357
pgmigrate_success 48443869
pgmigrate_success 48444374
pgmigrate_success 48444374
pgmigrate_success 48444374
pgmigrate_success 48444374
pgmigrate_success 48444374
pgmigrate_success 48444374
pgmigrate_success 48444374
pgmigrate_success 48444886
pgmigrate_success 48445398
pgmigrate_success 48445398
pgmigrate_success 48445398
pgmigrate_success 48445398
pgmigrate_success 48445398
pgmigrate_success 48445398
pgmigrate_success 48445398
pgmigrate_success 48445398
pgmigrate_success 48445399
pgmigrate_success 48445427
pgmigrate_success 48445427
pgmigrate_success 48445427
pgmigrate_success 48445427
pgmigrate_success 48445465
pgmigrate_success 48445465
pgmigrate_success 48445465
pgmigrate_success 48445465
pgmigrate_success 48445465
pgmigrate_success 48445465
pgmigrate_success 48445465
pgmigrate_success 48445465
pgmigrate_success 48445465
pgmigrate_success 48445465
pgmigrate_success 48445465
pgmigrate_success 48445519
pgmigrate_success 48445519
pgmigrate_success 48445519
pgmigrate_success 48445519
pgmigrate_success 48445519
pgmigrate_success 48445519
pgmigrate_success 48445519
pgmigrate_success 48445557
pgmigrate_success 48446091
pgmigrate_success 48446091
pgmigrate_success 48446096
pgmigrate_success 48446096
pgmigrate_success 48446096
pgmigrate_success 48446134
pgmigrate_success 48446134
pgmigrate_success 48446172
pgmigrate_success 48446172
pgmigrate_success 48446172
pgmigrate_success 48446172
pgmigrate_success 48446172
pgmigrate_success 48446172
pgmigrate_success 48446172
pgmigrate_success 48446172
pgmigrate_success 48446172
pgmigrate_success 48446172
pgmigrate_success 48446172
pgmigrate_success 48446172
pgmigrate_success 48446172
pgmigrate_success 48446172
pgmigrate_success 48446172
pgmigrate_success 48446172
pgmigrate_success 48446172
pgmigrate_success 48446260
pgmigrate_success 48446260
pgmigrate_success 48446298
pgmigrate_success 48446298
pgmigrate_success 48446298
pgmigrate_success 48446298
pgmigrate_success 48446298
pgmigrate_success 48446298
pgmigrate_success 48446298
pgmigrate_success 48446298
pgmigrate_success 48446298
pgmigrate_success 48446298
pgmigrate_success 48446298
pgmigrate_success 48446377
pgmigrate_success 48446377
pgmigrate_success 48446377
pgmigrate_success 48446377
pgmigrate_success 48446377
pgmigrate_success 48446377
pgmigrate_success 48446377
pgmigrate_success 48446377
pgmigrate_success 48446377
pgmigrate_success 48446377
pgmigrate_success 48446377
pgmigrate_success 48446646
pgmigrate_success 48446646
pgmigrate_success 48446646
pgmigrate_success 48446646
pgmigrate_success 48446646
pgmigrate_success 48446646
pgmigrate_success 48446647
pgmigrate_success 48446647
pgmigrate_success 48446845
pgmigrate_success 48446845
pgmigrate_success 48446845
pgmigrate_success 48446845
pgmigrate_success 48446845
pgmigrate_success 48446845
pgmigrate_success 48446845
pgmigrate_success 48446885
pgmigrate_success 48446885
pgmigrate_success 48446885
pgmigrate_success 48446885
pgmigrate_success 48446885
pgmigrate_success 48446885
pgmigrate_success 48447409
pgmigrate_success 48447409
pgmigrate_success 48447409
pgmigrate_success 48447409
pgmigrate_success 48447409
pgmigrate_success 48447409
pgmigrate_success 48447409
pgmigrate_success 48447409
pgmigrate_success 48447409
pgmigrate_success 48447409
pgmigrate_success 48447409
pgmigrate_success 48447409
pgmigrate_success 48447409
pgmigrate_success 48447409
pgmigrate_success 48447409
pgmigrate_success 48447416
pgmigrate_success 48447416
pgmigrate_success 48447416
pgmigrate_success 48447448
pgmigrate_success 48447448
pgmigrate_success 48447448
pgmigrate_success 48447448
pgmigrate_success 48447448
pgmigrate_success 48447448
pgmigrate_success 48447448
pgmigrate_success 48447448
pgmigrate_success 48447562
pgmigrate_success 48447562
pgmigrate_success 48447562
pgmigrate_success 48447562
pgmigrate_success 48517489
pgmigrate_success 48518001
pgmigrate_success 48518003
pgmigrate_success 48518030
pgmigrate_success 48518030
pgmigrate_success 48525221
pgmigrate_success 48525240
pgmigrate_success 48525240
pgmigrate_success 48525240
pgmigrate_success 48525240
pgmigrate_success 48525240
pgmigrate_success 48525240
pgmigrate_success 48526783
pgmigrate_success 48527295
pgmigrate_success 48527295
pgmigrate_success 48527295
pgmigrate_success 48527295
pgmigrate_success 48527295
pgmigrate_success 48527295
pgmigrate_success 48527295
pgmigrate_success 48528107
pgmigrate_success 48528655
pgmigrate_success 48528655
pgmigrate_success 48528655
pgmigrate_success 48528655
pgmigrate_success 48528655
pgmigrate_success 48528655
pgmigrate_success 48528655
pgmigrate_success 48528655
pgmigrate_success 48528655
pgmigrate_success 48528655
pgmigrate_success 48528655
pgmigrate_success 48528655
pgmigrate_success 48528655
pgmigrate_success 48528655
pgmigrate_success 48528655
pgmigrate_success 48528655
pgmigrate_success 48528655
pgmigrate_success 48528655
pgmigrate_success 48529167
pgmigrate_success 48529167
pgmigrate_success 48529185
pgmigrate_success 48529185
pgmigrate_success 48529185
pgmigrate_success 48529185
pgmigrate_success 48529197
pgmigrate_success 48529197
pgmigrate_success 48529197
