pgmigrate_success 39059075
pgmigrate_fail 291722
thp_migration_success 68946
thp_migration_fail 20
thp_migration_split 0
thp_fault_alloc 245015
thp_fault_fallback 0
thp_fault_fallback_charge 0
thp_collapse_alloc 37595
thp_collapse_alloc_failed 18499
thp_file_alloc 276
thp_file_fallback 0
thp_file_fallback_charge 0
thp_file_mapped 0
thp_split_page 851
thp_split_page_failed 71
thp_deferred_split_page 36029
thp_split_pmd 111116
thp_split_pud 0
thp_zero_page_alloc 0
thp_zero_page_alloc_failed 0
thp_swpout 0
thp_swpout_fallback 0
htmm_nr_promoted 31701974
htmm_nr_demoted 5687057
htmm_nr_sampled 0
htmm_missed_dramread 74
htmm_missed_nvmread 0
htmm_missed_write 0
htmm_alloc_dram 169802839
htmm_alloc_nvm 0
