hot 0 warm 0 cold 0
hot 207164 warm 0 cold 0
hot 207164 warm 0 cold 0
hot 207164 warm 0 cold 0
hot 207164 warm 0 cold 0
hot 250116 warm 0 cold 0
hot 258308 warm 0 cold 0
hot 346493 warm 0 cold 0
hot 618368 warm 0 cold 0
hot 886660 warm 0 cold 0
hot 1150342 warm 0 cold 0
hot 1412491 warm 0 cold 0
hot 1671051 warm 0 cold 0
hot 1925515 warm 0 cold 0
hot 2186635 warm 0 cold 0
hot 470432 warm 1978368 cold 491
hot 636453 warm 0 cold 1605642
hot 927786 warm 0 cold 1605638
hot 1216939 warm 0 cold 1999363
hot 1472428 warm 0 cold 1997826
hot 1729966 warm 0 cold 1996800
hot 1979314 warm 0 cold 1996796
hot 2254260 warm 0 cold 1995770
hot 2514869 warm 0 cold 1994745
hot 2773944 warm 0 cold 1994230
hot 3034042 warm 0 cold 1993204
hot 183811 warm 0 cold 512
hot 3142592 warm 0 cold 2394744
hot 3404740 warm 0 cold 2394740
hot 3668423 warm 0 cold 2394737
hot 3912650 warm 0 cold 2394734
hot 4033002 warm 382976 cold 1980494
hot 4035651 warm 380416 cold 1980405
hot 241886 warm 1172480 cold 4982106
hot 242007 warm 1172480 cold 4981985
hot 242127 warm 1172480 cold 4981865
hot 242236 warm 1172480 cold 4981756
hot 242319 warm 1172480 cold 4981673
hot 242392 warm 1172480 cold 4981600
hot 242427 warm 1172480 cold 4981565
hot 242447 warm 1172480 cold 4981545
hot 242447 warm 1172480 cold 4981545
hot 242447 warm 1172480 cold 4981545
hot 242447 warm 1172480 cold 4981545
hot 242493 warm 1172480 cold 4981499
hot 242537 warm 1172480 cold 4981455
hot 242554 warm 1172480 cold 4981438
hot 242580 warm 1172480 cold 4981412
hot 242610 warm 1172480 cold 4981382
hot 242635 warm 1172480 cold 4981357
hot 242644 warm 1172480 cold 4981348
hot 242644 warm 1172480 cold 4981348
hot 242656 warm 1172480 cold 4981336
hot 242669 warm 1172480 cold 4981323
hot 242687 warm 1172480 cold 4981305
hot 242710 warm 1172480 cold 4981282
hot 242720 warm 1172480 cold 4981272
hot 242733 warm 1172480 cold 4981259
hot 242734 warm 1172480 cold 4981258
hot 242734 warm 1172480 cold 4981258
hot 242738 warm 1172480 cold 4981254
hot 242750 warm 1172480 cold 4981242
hot 242761 warm 1172480 cold 4981231
hot 242769 warm 1172992 cold 4980711
hot 242775 warm 0 cold 6153743
hot 242781 warm 0 cold 6153737
hot 242784 warm 1183232 cold 4970502
hot 242792 warm 1188352 cold 4965374
hot 242798 warm 1192448 cold 4961272
hot 242804 warm 1199616 cold 4954098
hot 242813 warm 1205760 cold 4947945
hot 242819 warm 1210368 cold 4943331
hot 242820 warm 1224704 cold 4928994
hot 242823 warm 1234432 cold 4919263
hot 242823 warm 1239552 cold 4914143
hot 242823 warm 1244672 cold 4909023
hot 242827 warm 1253888 cold 4899803
hot 242831 warm 1265152 cold 4888535
hot 242832 warm 1285632 cold 4868054
hot 242836 warm 1308672 cold 4845010
hot 242839 warm 1333248 cold 4820431
hot 242842 warm 1352192 cold 4801484
hot 242843 warm 1377792 cold 4775883
hot 242845 warm 1401856 cold 4751817
hot 242845 warm 1427968 cold 4725705
hot 242847 warm 1455104 cold 4698567
hot 242848 warm 1488896 cold 4664774
hot 242851 warm 1519616 cold 4634051
hot 242851 warm 1559040 cold 4594627
hot 242855 warm 1601024 cold 4552639
hot 242856 warm 1638912 cold 4514750
hot 242858 warm 1677824 cold 4475836
hot 243884 warm 1715200 cold 4437434
hot 243885 warm 1751552 cold 4401081
hot 243887 warm 1802752 cold 4349879
hot 243890 warm 1840128 cold 4312500
hot 243891 warm 1878528 cold 4274099
hot 243892 warm 1918464 cold 4234162
hot 243892 warm 1958400 cold 4194226
hot 243892 warm 1999360 cold 4153266
hot 243894 warm 2047488 cold 4105136
hot 243895 warm 2097664 cold 4054959
hot 243896 warm 2134016 cold 4018606
hot 244409 warm 2178048 cold 3974061
hot 244409 warm 2217984 cold 3934125
hot 244921 warm 2260992 cold 3890605
hot 245433 warm 2302976 cold 3848109
hot 245435 warm 2347520 cold 3803563
hot 246462 warm 2391552 cold 3758504
hot 246462 warm 2440192 cold 3709864
hot 247999 warm 2480128 cold 3668391
hot 248000 warm 2519040 cold 3629478
hot 249024 warm 2559488 cold 3588006
hot 249024 warm 2600448 cold 3547046
hot 249536 warm 2640384 cold 3506598
hot 250561 warm 2674688 cold 3471269
hot 250561 warm 2685440 cold 3460517
hot 250561 warm 2690560 cold 3455397
hot 240660 warm 0 cold 3584
hot 242882 warm 26655 cold 6127012
hot 242882 warm 34335 cold 6119332
hot 288993 warm 3223552 cold 2884004
hot 300257 warm 3271168 cold 2825124
hot 311521 warm 3313152 cold 2771876
hot 312033 warm 3315200 cold 2769316
hot 312033 warm 3315712 cold 2768804
hot 312033 warm 3316224 cold 2768292
hot 312033 warm 3318272 cold 2766244
hot 312545 warm 3317760 cold 2766244
hot 313057 warm 3319296 cold 2764196
hot 314081 warm 3318272 cold 2764196
hot 322785 warm 3341312 cold 2732452
hot 337634 warm 3376128 cold 2682787
hot 353506 warm 3416576 cold 2626467
hot 370402 warm 3449344 cold 2576803
hot 389347 warm 3488256 cold 2518946
hot 407779 warm 3523584 cold 2465186
hot 430820 warm 3546624 cold 2419105
hot 449764 warm 3579904 cold 2366881
hot 470244 warm 3614208 cold 2312097
hot 490212 warm 3637760 cold 2268577
hot 512740 warm 3671552 cold 2212257
hot 532708 warm 3701760 cold 2162081
hot 553700 warm 3727872 cold 2114977
hot 583908 warm 3744256 cold 2068385
hot 608996 warm 3764736 cold 2022817
hot 638693 warm 0 cold 5757856
hot 654053 warm 0 cold 5742496
hot 679141 warm 0 cold 5717408
hot 706789 warm 0 cold 5689760
hot 733414 warm 0 cold 5663135
hot 752358 warm 0 cold 5644191
hot 764134 warm 0 cold 5632415
hot 788710 warm 0 cold 5607839
hot 808166 warm 0 cold 5588383
hot 837862 warm 0 cold 5558687
