pgmigrate_success 326554248
pgmigrate_fail 664040
thp_migration_success 451835
thp_migration_fail 131
thp_migration_split 0
thp_fault_alloc 640978
thp_fault_fallback 12348
thp_fault_fallback_charge 0
thp_collapse_alloc 473
thp_collapse_alloc_failed 0
thp_file_alloc 0
thp_file_fallback 0
thp_file_fallback_charge 0
thp_file_mapped 0
thp_split_page 1633
thp_split_page_failed 896
thp_deferred_split_page 2500
thp_split_pmd 12239
thp_split_pud 0
thp_zero_page_alloc 0
thp_zero_page_alloc_failed 0
thp_swpout 0
thp_swpout_fallback 0
htmm_nr_promoted 153815714
htmm_nr_demoted 162734078
htmm_nr_sampled 0
htmm_missed_dramread 1409
htmm_missed_nvmread 0
htmm_missed_write 0
htmm_alloc_dram 576993011
htmm_alloc_nvm 0
