pgmigrate_success 15809326
pgmigrate_success 15915314
pgmigrate_success 16017380
pgmigrate_success 16017399
pgmigrate_success 16017407
pgmigrate_success 16060138
pgmigrate_success 16068957
pgmigrate_success 16087429
pgmigrate_success 16299914
pgmigrate_success 16496900
pgmigrate_success 16496945
pgmigrate_success 16496945
pgmigrate_success 16496945
pgmigrate_success 16496945
pgmigrate_success 16496945
pgmigrate_success 16496957
pgmigrate_success 16496957
pgmigrate_success 16496957
pgmigrate_success 16741181
pgmigrate_success 17285440
pgmigrate_success 17363779
pgmigrate_success 17363779
pgmigrate_success 17363779
pgmigrate_success 17363779
pgmigrate_success 17363779
pgmigrate_success 17363779
pgmigrate_success 17363779
pgmigrate_success 17409859
pgmigrate_success 17769283
pgmigrate_success 17769795
pgmigrate_success 17769795
pgmigrate_success 17769795
pgmigrate_success 17769795
pgmigrate_success 17844565
pgmigrate_success 17923650
pgmigrate_success 17975438
pgmigrate_success 17975506
pgmigrate_success 17975557
pgmigrate_success 17975618
pgmigrate_success 17975666
pgmigrate_success 17975704
pgmigrate_success 17975735
pgmigrate_success 17975761
pgmigrate_success 17975790
pgmigrate_success 17975808
pgmigrate_success 17975843
pgmigrate_success 17975861
pgmigrate_success 17975871
pgmigrate_success 17975881
pgmigrate_success 17975885
pgmigrate_success 17975890
pgmigrate_success 17975897
pgmigrate_success 17975897
pgmigrate_success 17975908
pgmigrate_success 17975918
pgmigrate_success 17975922
pgmigrate_success 17975933
pgmigrate_success 17975937
pgmigrate_success 17975943
pgmigrate_success 17975944
pgmigrate_success 17975945
pgmigrate_success 17975955
pgmigrate_success 17975961
pgmigrate_success 17975968
pgmigrate_success 17976025
pgmigrate_success 17976027
pgmigrate_success 17976027
pgmigrate_success 17976027
pgmigrate_success 17976028
pgmigrate_success 17976030
pgmigrate_success 17976032
pgmigrate_success 17976037
pgmigrate_success 17976041
pgmigrate_success 17976042
pgmigrate_success 17976045
pgmigrate_success 17976051
pgmigrate_success 17976053
pgmigrate_success 17976057
pgmigrate_success 17976059
pgmigrate_success 17976061
pgmigrate_success 17976065
pgmigrate_success 17976067
pgmigrate_success 17976068
pgmigrate_success 17976068
pgmigrate_success 17976069
pgmigrate_success 17976070
pgmigrate_success 17976072
pgmigrate_success 17976072
pgmigrate_success 17976072
pgmigrate_success 17976072
pgmigrate_success 17976072
pgmigrate_success 17976072
pgmigrate_success 17976074
pgmigrate_success 17976076
pgmigrate_success 17976590
pgmigrate_success 17976591
pgmigrate_success 17976592
pgmigrate_success 17977105
pgmigrate_success 17977618
pgmigrate_success 17977618
pgmigrate_success 17977618
pgmigrate_success 17977619
pgmigrate_success 17977619
pgmigrate_success 17977619
pgmigrate_success 17977620
pgmigrate_success 17978134
pgmigrate_success 17978648
pgmigrate_success 17979672
pgmigrate_success 17980697
pgmigrate_success 17981209
pgmigrate_success 17982233
pgmigrate_success 17982233
pgmigrate_success 17983258
pgmigrate_success 17985306
pgmigrate_success 17985306
pgmigrate_success 17985306
pgmigrate_success 17985306
pgmigrate_success 18026779
pgmigrate_success 18035483
pgmigrate_success 18045723
pgmigrate_success 18063131
pgmigrate_success 18078480
pgmigrate_success 18083600
pgmigrate_success 18098448
pgmigrate_success 18112784
pgmigrate_success 18114320
pgmigrate_success 18114832
pgmigrate_success 18114832
pgmigrate_success 18114832
pgmigrate_success 18114832
pgmigrate_success 18114832
pgmigrate_success 18114832
pgmigrate_success 18114832
pgmigrate_success 18114832
pgmigrate_success 18114832
pgmigrate_success 18114832
pgmigrate_success 18114832
pgmigrate_success 18114832
pgmigrate_success 18114832
pgmigrate_success 18114832
pgmigrate_success 18114832
pgmigrate_success 18117904
pgmigrate_success 18141968
pgmigrate_success 18202896
pgmigrate_success 18259728
pgmigrate_success 18309904
pgmigrate_success 18371345
pgmigrate_success 18419473
pgmigrate_success 18473233
pgmigrate_success 18536721
pgmigrate_success 18590993
pgmigrate_success 18591508
pgmigrate_success 18591510
pgmigrate_success 18591634
pgmigrate_success 18591634
pgmigrate_success 18591634
pgmigrate_success 18591634
