pgmigrate_success 162440854
pgmigrate_fail 340217
thp_migration_success 279361
thp_migration_fail 64
thp_migration_split 0
thp_fault_alloc 362742
thp_fault_fallback 0
thp_fault_fallback_charge 0
thp_collapse_alloc 60937
thp_collapse_alloc_failed 8643
thp_file_alloc 378
thp_file_fallback 0
thp_file_fallback_charge 0
thp_file_mapped 0
thp_split_page 4290
thp_split_page_failed 591
thp_deferred_split_page 57151
thp_split_pmd 204716
thp_split_pud 0
thp_zero_page_alloc 0
thp_zero_page_alloc_failed 0
thp_swpout 0
thp_swpout_fallback 0
htmm_nr_promoted 129376879
htmm_nr_demoted 30492159
htmm_nr_sampled 0
htmm_missed_dramread 2025
htmm_missed_nvmread 0
htmm_missed_write 0
htmm_alloc_dram 308842530
htmm_alloc_nvm 0
