anon 0
anon_thp 0
anon 3892580352
anon_thp 3890216960
anon 8359514112
anon_thp 8357150720
anon 12637413376
anon_thp 12633243648
anon 17282998272
anon_thp 17278435328
anon 17282998272
anon_thp 17278435328
anon 17282998272
anon_thp 17278435328
anon 17283039232
anon_thp 17278435328
anon 17809694720
anon_thp 17804820480
anon 19978149888
anon_thp 19973275648
anon 22157090816
anon_thp 22152216576
anon 24344420352
anon_thp 24339546112
anon 25923784704
anon_thp 25918701568
anon 26284494848
anon_thp 26279411712
anon 27325923328
anon_thp 27319599104
anon 28410216448
anon_thp 28403826688
anon 28410216448
anon_thp 28403826688
anon 28410216448
anon_thp 28403826688
anon 28410216448
anon_thp 28403826688
anon 28410216448
anon_thp 28403826688
anon 28410216448
anon_thp 28403826688
anon 28410216448
anon_thp 28403826688
anon 28410216448
anon_thp 28403826688
anon 28410216448
anon_thp 28403826688
anon 28410216448
anon_thp 28403826688
anon 28410216448
anon_thp 28403826688
anon 28410216448
anon_thp 28403826688
anon 28410224640
anon_thp 28403826688
anon 28410224640
anon_thp 28403826688
anon 28410224640
anon_thp 28403826688
anon 28410224640
anon_thp 28403826688
anon 28410224640
anon_thp 28403826688
anon 28410228736
anon_thp 28403826688
anon 28410228736
anon_thp 28403826688
anon 28410228736
anon_thp 28403826688
anon 28410228736
anon_thp 28403826688
anon 28410228736
anon_thp 28403826688
anon 28410228736
anon_thp 28403826688
anon 28410228736
anon_thp 28403826688
anon 28410228736
anon_thp 28403826688
anon 28410228736
anon_thp 28403826688
anon 28410228736
anon_thp 28403826688
anon 28410228736
anon_thp 28403826688
anon 28410228736
anon_thp 28403826688
anon 28410228736
anon_thp 28403826688
anon 28410228736
anon_thp 28403826688
anon 28410228736
anon_thp 28403826688
anon 28410228736
anon_thp 28403826688
anon 28410228736
anon_thp 28403826688
anon 28410228736
anon_thp 28403826688
anon 28410228736
anon_thp 28403826688
anon 28410228736
anon_thp 28403826688
anon 28410228736
anon_thp 28403826688
anon 28410228736
anon_thp 28403826688
anon 28410228736
anon_thp 28403826688
anon 28410228736
anon_thp 28403826688
anon 28410228736
anon_thp 28403826688
anon 28410228736
anon_thp 28403826688
anon 28410228736
anon_thp 28403826688
anon 28410228736
anon_thp 28403826688
anon 28410228736
anon_thp 28403826688
anon 28410228736
anon_thp 28403826688
anon 28410228736
anon_thp 28403826688
anon 28410228736
anon_thp 28403826688
anon 28410228736
anon_thp 28403826688
anon 28410228736
anon_thp 28403826688
anon 28410228736
anon_thp 28403826688
anon 28410228736
anon_thp 28403826688
anon 28410228736
anon_thp 28403826688
anon 28410228736
anon_thp 28403826688
anon 28410228736
anon_thp 28403826688
anon 28410228736
anon_thp 28403826688
anon 28410228736
anon_thp 28403826688
anon 28410228736
anon_thp 28403826688
anon 28410228736
anon_thp 28403826688
anon 28410228736
anon_thp 28403826688
anon 28410228736
anon_thp 28403826688
anon 28410228736
anon_thp 28403826688
anon 28410228736
anon_thp 28403826688
anon 28410228736
anon_thp 28403826688
anon 28410228736
anon_thp 28403826688
anon 28410228736
anon_thp 28403826688
anon 28410228736
anon_thp 28403826688
anon 28410228736
anon_thp 28403826688
anon 28410228736
anon_thp 28403826688
anon 28410228736
anon_thp 28403826688
anon 28410228736
anon_thp 28403826688
anon 28410228736
anon_thp 28403826688
anon 28410228736
anon_thp 28403826688
anon 28410228736
anon_thp 28403826688
anon 28410228736
anon_thp 28403826688
anon 28410228736
anon_thp 28403826688
anon 28410228736
anon_thp 28403826688
anon 28410228736
anon_thp 28403826688
anon 28410228736
anon_thp 28403826688
anon 28410228736
anon_thp 28403826688
anon 28410228736
anon_thp 28403826688
anon 28410228736
anon_thp 28403826688
anon 28410228736
anon_thp 28403826688
anon 28410228736
anon_thp 28403826688
anon 28410228736
anon_thp 28403826688
anon 28410228736
anon_thp 28403826688
anon 28410228736
anon_thp 28403826688
anon 28410228736
anon_thp 28403826688
anon 28410228736
anon_thp 28403826688
anon 28410228736
anon_thp 28403826688
anon 28410228736
anon_thp 28403826688
anon 28410228736
anon_thp 28403826688
anon 28410228736
anon_thp 28403826688
anon 28410228736
anon_thp 28403826688
anon 28410228736
anon_thp 28403826688
anon 28410228736
anon_thp 28403826688
anon 28410228736
anon_thp 28403826688
anon 28410228736
anon_thp 28403826688
anon 28410228736
anon_thp 28403826688
anon 28410228736
anon_thp 28403826688
anon 28410228736
anon_thp 28403826688
anon 28410228736
anon_thp 28403826688
anon 28410228736
anon_thp 28403826688
anon 28410228736
anon_thp 28403826688
anon 28410228736
anon_thp 28403826688
anon 28410228736
anon_thp 28403826688
anon 28410228736
anon_thp 28403826688
anon 28410228736
anon_thp 28403826688
anon 28410228736
anon_thp 28403826688
anon 28410228736
anon_thp 28403826688
anon 28410228736
anon_thp 28403826688
anon 28410228736
anon_thp 28403826688
anon 28410228736
anon_thp 28403826688
anon 28410228736
anon_thp 28403826688
anon 28410228736
anon_thp 28403826688
anon 28410228736
anon_thp 28403826688
anon 28410228736
anon_thp 28403826688
anon 28410228736
anon_thp 28403826688
anon 28410228736
anon_thp 28403826688
anon 28410228736
anon_thp 28403826688
anon 28410228736
anon_thp 28403826688
anon 28410228736
anon_thp 28403826688
anon 28410228736
anon_thp 28403826688
anon 28410228736
anon_thp 28403826688
anon 28410228736
anon_thp 28403826688
anon 28410228736
anon_thp 28403826688
anon 28410228736
anon_thp 28403826688
anon 28410228736
anon_thp 28403826688
anon 28410228736
anon_thp 28403826688
anon 28410228736
anon_thp 28403826688
anon 28410228736
anon_thp 28403826688
anon 28410228736
anon_thp 28403826688
anon 28410228736
anon_thp 28403826688
anon 28410228736
anon_thp 28403826688
anon 28410228736
anon_thp 28403826688
anon 28410228736
anon_thp 28403826688
anon 28410228736
anon_thp 28403826688
anon 28410228736
anon_thp 28403826688
anon 28410228736
anon_thp 28403826688
anon 28410228736
anon_thp 28403826688
anon 28410228736
anon_thp 28403826688
anon 28410228736
anon_thp 28403826688
anon 28410228736
anon_thp 28403826688
anon 28410228736
anon_thp 28403826688
anon 28410228736
anon_thp 28403826688
anon 28410228736
anon_thp 28403826688
anon 28410228736
anon_thp 28403826688
anon 28410228736
anon_thp 28403826688
anon 28410228736
anon_thp 28403826688
anon 28410228736
anon_thp 28403826688
anon 28410228736
anon_thp 28403826688
anon 28410228736
anon_thp 28403826688
anon 28410228736
anon_thp 28403826688
anon 28410228736
anon_thp 28403826688
anon 28410228736
anon_thp 28403826688
anon 28410228736
anon_thp 28403826688
anon 28410228736
anon_thp 28403826688
anon 28410228736
anon_thp 28403826688
anon 28410228736
anon_thp 28403826688
anon 28410228736
anon_thp 28403826688
anon 28410228736
anon_thp 28403826688
anon 28410228736
anon_thp 28403826688
anon 28410228736
anon_thp 28403826688
anon 28410228736
anon_thp 28403826688
anon 28410228736
anon_thp 28403826688
anon 28410228736
anon_thp 28403826688
anon 28410228736
anon_thp 28403826688
anon 28410228736
anon_thp 28403826688
anon 28410228736
anon_thp 28403826688
anon 28410228736
anon_thp 28403826688
anon 28410228736
anon_thp 28403826688
anon 28410228736
anon_thp 28403826688
anon 28410228736
anon_thp 28403826688
anon 28410228736
anon_thp 28403826688
anon 28410228736
anon_thp 28403826688
anon 28410228736
anon_thp 28403826688
anon 28410228736
anon_thp 28403826688
anon 28410228736
anon_thp 28403826688
anon 28410228736
anon_thp 28403826688
anon 28410228736
anon_thp 28403826688
anon 28410228736
anon_thp 28403826688
anon 28410228736
anon_thp 28403826688
anon 28410228736
anon_thp 28403826688
anon 28410228736
anon_thp 28403826688
anon 28410228736
anon_thp 28403826688
anon 28410228736
anon_thp 28403826688
anon 28410228736
anon_thp 28403826688
anon 28410228736
anon_thp 28403826688
anon 28410228736
anon_thp 28403826688
anon 28410228736
anon_thp 28403826688
anon 28410228736
anon_thp 28403826688
anon 28410228736
anon_thp 28403826688
anon 28410228736
anon_thp 28403826688
anon 28410228736
anon_thp 28403826688
anon 28410228736
anon_thp 28403826688
anon 28410228736
anon_thp 28403826688
anon 28410228736
anon_thp 28403826688
anon 28410228736
anon_thp 28403826688
anon 28410228736
anon_thp 28403826688
anon 28410228736
anon_thp 28403826688
anon 28410228736
anon_thp 28403826688
anon 28410228736
anon_thp 28403826688
anon 28410228736
anon_thp 28403826688
anon 28410228736
anon_thp 28403826688
anon 28410228736
anon_thp 28403826688
anon 28410228736
anon_thp 28403826688
anon 28410228736
anon_thp 28403826688
anon 28410228736
anon_thp 28403826688
anon 28410228736
anon_thp 28403826688
anon 28410228736
anon_thp 28403826688
anon 28410228736
anon_thp 28403826688
anon 28410228736
anon_thp 28403826688
anon 28410228736
anon_thp 28403826688
anon 28410228736
anon_thp 28403826688
anon 28410228736
anon_thp 28403826688
anon 28410228736
anon_thp 28403826688
anon 28410228736
anon_thp 28403826688
anon 28410228736
anon_thp 28403826688
anon 28410228736
anon_thp 28403826688
anon 28410228736
anon_thp 28403826688
anon 28410228736
anon_thp 28403826688
anon 28410228736
anon_thp 28403826688
anon 28410228736
anon_thp 28403826688
anon 28410228736
anon_thp 28403826688
anon 28410228736
anon_thp 28403826688
anon 28410228736
anon_thp 28403826688
anon 28410228736
anon_thp 28403826688
anon 28410228736
anon_thp 28403826688
anon 28410228736
anon_thp 28403826688
anon 28410228736
anon_thp 28403826688
anon 28410228736
anon_thp 28403826688
anon 28410228736
anon_thp 28403826688
anon 28410228736
anon_thp 28403826688
anon 28410228736
anon_thp 28403826688
anon 28410228736
anon_thp 28403826688
anon 28410228736
anon_thp 28403826688
anon 28410228736
anon_thp 28403826688
anon 28410228736
anon_thp 28403826688
anon 28410228736
anon_thp 28403826688
anon 28410228736
anon_thp 28403826688
anon 28410228736
anon_thp 28403826688
anon 28410228736
anon_thp 28403826688
anon 28410228736
anon_thp 28403826688
anon 28410228736
anon_thp 28403826688
anon 28410228736
anon_thp 28403826688
anon 28410228736
anon_thp 28403826688
anon 28410228736
anon_thp 28403826688
anon 28410228736
anon_thp 28403826688
anon 28410228736
anon_thp 28403826688
anon 28410228736
anon_thp 28403826688
anon 28410228736
anon_thp 28403826688
anon 28410228736
anon_thp 28403826688
anon 28410228736
anon_thp 28403826688
anon 28410228736
anon_thp 28403826688
anon 28410228736
anon_thp 28403826688
anon 28410228736
anon_thp 28403826688
anon 28410228736
anon_thp 28403826688
anon 28410228736
anon_thp 28403826688
anon 28410228736
anon_thp 28403826688
anon 28410228736
anon_thp 28403826688
anon 28410228736
anon_thp 28403826688
anon 28410228736
anon_thp 28403826688
anon 28410228736
anon_thp 28403826688
anon 28410228736
anon_thp 28403826688
anon 28410228736
anon_thp 28403826688
anon 28410228736
anon_thp 28403826688
anon 28410228736
anon_thp 28403826688
anon 28410228736
anon_thp 28403826688
anon 28410228736
anon_thp 28403826688
anon 28410228736
anon_thp 28403826688
anon 28410228736
anon_thp 28403826688
anon 28410228736
anon_thp 28403826688
anon 28410228736
anon_thp 28403826688
anon 28410228736
anon_thp 28403826688
anon 28410228736
anon_thp 28403826688
anon 28410228736
anon_thp 28403826688
anon 28410228736
anon_thp 28403826688
anon 28410228736
anon_thp 28403826688
anon 28410228736
anon_thp 28403826688
anon 28410228736
anon_thp 28403826688
anon 28410228736
anon_thp 28403826688
anon 28410228736
anon_thp 28403826688
anon 28410228736
anon_thp 28403826688
anon 28410228736
anon_thp 28403826688
anon 28410228736
anon_thp 28403826688
anon 28410228736
anon_thp 28403826688
anon 28410228736
anon_thp 28403826688
anon 28410228736
anon_thp 28403826688
anon 28410228736
anon_thp 28403826688
anon 28410228736
anon_thp 28403826688
anon 28410228736
anon_thp 28403826688
anon 28410228736
anon_thp 28403826688
anon 28410228736
anon_thp 28403826688
anon 28410228736
anon_thp 28403826688
anon 28410228736
anon_thp 28403826688
anon 28410228736
anon_thp 28403826688
anon 28410228736
anon_thp 28403826688
anon 28410228736
anon_thp 28403826688
anon 28410228736
anon_thp 28403826688
anon 28410228736
anon_thp 28403826688
anon 28410228736
anon_thp 28403826688
anon 28410228736
anon_thp 28403826688
anon 28410228736
anon_thp 28403826688
anon 28410228736
anon_thp 28403826688
anon 28410228736
anon_thp 28403826688
anon 28410228736
anon_thp 28403826688
anon 28410228736
anon_thp 28403826688
anon 28410228736
anon_thp 28403826688
anon 28410228736
anon_thp 28403826688
anon 28410228736
anon_thp 28403826688
anon 28410228736
anon_thp 28403826688
anon 28410228736
anon_thp 28403826688
anon 28410228736
anon_thp 28403826688
anon 28410228736
anon_thp 28403826688
anon 28410228736
anon_thp 28403826688
anon 28410228736
anon_thp 28403826688
anon 28410228736
anon_thp 28403826688
anon 28410228736
anon_thp 28403826688
anon 28410228736
anon_thp 28403826688
anon 28410228736
anon_thp 28403826688
anon 28410228736
anon_thp 28403826688
anon 28410228736
anon_thp 28403826688
anon 28410228736
anon_thp 28403826688
anon 28410228736
anon_thp 28403826688
anon 28410228736
anon_thp 28403826688
anon 28410228736
anon_thp 28403826688
anon 28410228736
anon_thp 28403826688
anon 28410228736
anon_thp 28403826688
anon 28410228736
anon_thp 28403826688
anon 28410228736
anon_thp 28403826688
anon 28410228736
anon_thp 28403826688
anon 28410228736
anon_thp 28403826688
anon 28410228736
anon_thp 28403826688
anon 28410228736
anon_thp 28403826688
anon 28410228736
anon_thp 28403826688
anon 28410228736
anon_thp 28403826688
anon 28410228736
anon_thp 28403826688
anon 28410228736
anon_thp 28403826688
anon 28410228736
anon_thp 28403826688
anon 28410228736
anon_thp 28403826688
anon 28410228736
anon_thp 28403826688
anon 28410228736
anon_thp 28403826688
anon 28410228736
anon_thp 28403826688
anon 28410228736
anon_thp 28403826688
anon 28410228736
anon_thp 28403826688
anon 28410228736
anon_thp 28403826688
anon 28410228736
anon_thp 28403826688
anon 28410228736
anon_thp 28403826688
anon 28410228736
anon_thp 28403826688
anon 28410228736
anon_thp 28403826688
anon 28410228736
anon_thp 28403826688
anon 28410228736
anon_thp 28403826688
anon 28410228736
anon_thp 28403826688
anon 28410228736
anon_thp 28403826688
anon 28410228736
anon_thp 28403826688
anon 28410228736
anon_thp 28403826688
anon 28410228736
anon_thp 28403826688
anon 28410228736
anon_thp 28403826688
anon 28410228736
anon_thp 28403826688
anon 28410228736
anon_thp 28403826688
anon 28410228736
anon_thp 28403826688
anon 28410228736
anon_thp 28403826688
anon 28410228736
anon_thp 28403826688
anon 28410228736
anon_thp 28403826688
anon 28410228736
anon_thp 28403826688
anon 28410228736
anon_thp 28403826688
anon 28410228736
anon_thp 28403826688
anon 28410228736
anon_thp 28403826688
anon 28410228736
anon_thp 28403826688
anon 28410228736
anon_thp 28403826688
anon 28410228736
anon_thp 28403826688
anon 28410228736
anon_thp 28403826688
anon 28410228736
anon_thp 28403826688
anon 28410228736
anon_thp 28403826688
anon 28410228736
anon_thp 28403826688
anon 28410228736
anon_thp 28403826688
anon 28410228736
anon_thp 28403826688
anon 28410228736
anon_thp 28403826688
anon 28410228736
anon_thp 28403826688
anon 28410228736
anon_thp 28403826688
anon 28410228736
anon_thp 28403826688
anon 28410228736
anon_thp 28403826688
anon 28410228736
anon_thp 28403826688
anon 28410228736
anon_thp 28403826688
anon 28410228736
anon_thp 28403826688
anon 28410228736
anon_thp 28403826688
anon 28410228736
anon_thp 28403826688
anon 28410228736
anon_thp 28403826688
anon 28410228736
anon_thp 28403826688
anon 28410228736
anon_thp 28403826688
anon 28410228736
anon_thp 28403826688
anon 28410228736
anon_thp 28403826688
anon 28410228736
anon_thp 28403826688
anon 28410228736
anon_thp 28403826688
anon 28410228736
anon_thp 28403826688
anon 28410228736
anon_thp 28403826688
anon 28410228736
anon_thp 28403826688
anon 28410228736
anon_thp 28403826688
anon 28410228736
anon_thp 28403826688
anon 28410228736
anon_thp 28403826688
anon 28410228736
anon_thp 28403826688
anon 28410228736
anon_thp 28403826688
anon 28410228736
anon_thp 28403826688
anon 28410228736
anon_thp 28403826688
anon 28410228736
anon_thp 28403826688
anon 28410228736
anon_thp 28403826688
anon 28410228736
anon_thp 28403826688
anon 28410228736
anon_thp 28403826688
anon 28410228736
anon_thp 28403826688
anon 28410228736
anon_thp 28403826688
anon 28410228736
anon_thp 28403826688
anon 28410228736
anon_thp 28403826688
anon 28410228736
anon_thp 28403826688
anon 28410228736
anon_thp 28403826688
anon 28410228736
anon_thp 28403826688
anon 28410228736
anon_thp 28403826688
anon 28410228736
anon_thp 28403826688
anon 28410228736
anon_thp 28403826688
anon 28410228736
anon_thp 28403826688
anon 28410228736
anon_thp 28403826688
anon 28410228736
anon_thp 28403826688
anon 28410228736
anon_thp 28403826688
anon 28410228736
anon_thp 28403826688
anon 28410228736
anon_thp 28403826688
anon 28410228736
anon_thp 28403826688
anon 28410228736
anon_thp 28403826688
anon 28410228736
anon_thp 28403826688
anon 28410228736
anon_thp 28403826688
anon 28410228736
anon_thp 28403826688
anon 28410228736
anon_thp 28403826688
anon 28410228736
anon_thp 28403826688
anon 28410228736
anon_thp 28403826688
anon 28410228736
anon_thp 28403826688
anon 28410228736
anon_thp 28403826688
anon 28410228736
anon_thp 28403826688
anon 28410228736
anon_thp 28403826688
anon 28410228736
anon_thp 28403826688
anon 28410228736
anon_thp 28403826688
anon 28410228736
anon_thp 28403826688
anon 28410228736
anon_thp 28403826688
anon 28410228736
anon_thp 28403826688
anon 28410228736
anon_thp 28403826688
anon 28412080128
anon_thp 28410118144
anon 28412080128
anon_thp 28410118144
anon 28412080128
anon_thp 28410118144
anon 28412080128
anon_thp 28410118144
anon 28412080128
anon_thp 28410118144
anon 28412080128
anon_thp 28410118144
anon 28412080128
anon_thp 28410118144
anon 28412080128
anon_thp 28410118144
anon 28412080128
anon_thp 28410118144
anon 28412080128
anon_thp 28410118144
anon 28412080128
anon_thp 28410118144
anon 28412080128
anon_thp 28410118144
anon 28412080128
anon_thp 28410118144
anon 28412080128
anon_thp 28410118144
anon 28412080128
anon_thp 28410118144
anon 28412080128
anon_thp 28410118144
anon 28412080128
anon_thp 28410118144
anon 28412080128
anon_thp 28410118144
anon 28412080128
anon_thp 28410118144
anon 28412080128
anon_thp 28410118144
anon 28412080128
anon_thp 28410118144
anon 28412080128
anon_thp 28200402944
anon 28412080128
anon_thp 28101836800
anon 28410880000
anon_thp 27948744704
anon 28412080128
anon_thp 28026339328
anon 28412080128
anon_thp 28074573824
anon 28412080128
anon_thp 28061990912
anon 28412080128
anon_thp 28041019392
anon 28412080128
anon_thp 28030533632
anon 28411715584
anon_thp 28091351040
anon 28412080128
anon_thp 28133294080
anon 28412080128
anon_thp 28204597248
anon 28412080128
anon_thp 28252831744
anon 28412080128
anon_thp 28252831744
anon 28412080128
anon_thp 28252831744
anon 28412080128
anon_thp 28252831744
anon 28412080128
anon_thp 28252831744
anon 28412080128
anon_thp 28252831744
anon 28412080128
anon_thp 28252831744
anon 28412080128
anon_thp 28252831744
anon 28412080128
anon_thp 28252831744
anon 28412080128
anon_thp 28252831744
anon 28412080128
anon_thp 28252831744
anon 28412080128
anon_thp 28252831744
anon 28412080128
anon_thp 28252831744
anon 28412080128
anon_thp 28252831744
anon 28412080128
anon_thp 28252831744
anon 28412080128
anon_thp 28252831744
anon 28412080128
anon_thp 28252831744
anon 28412080128
anon_thp 28252831744
anon 28412080128
anon_thp 28252831744
anon 28412080128
anon_thp 28252831744
anon 28412080128
anon_thp 28252831744
anon 28412080128
anon_thp 28252831744
anon 28412080128
anon_thp 28252831744
anon 28412080128
anon_thp 28252831744
anon 28412080128
anon_thp 28252831744
anon 28412080128
anon_thp 28252831744
anon 28412080128
anon_thp 28252831744
anon 28412080128
anon_thp 28252831744
anon 28412080128
anon_thp 28252831744
anon 28412080128
anon_thp 28252831744
anon 28412080128
anon_thp 28252831744
anon 28412080128
anon_thp 28252831744
anon 28412080128
anon_thp 28252831744
anon 28412080128
anon_thp 28252831744
anon 28412080128
anon_thp 28252831744
anon 28412080128
anon_thp 28252831744
anon 28412080128
anon_thp 28252831744
anon 28412080128
anon_thp 28252831744
anon 28412080128
anon_thp 28252831744
anon 28412080128
anon_thp 28252831744
anon 28412080128
anon_thp 28252831744
anon 28412080128
anon_thp 28252831744
anon 28412080128
anon_thp 28252831744
anon 28412080128
anon_thp 28252831744
anon 28412080128
anon_thp 28252831744
anon 28412080128
anon_thp 28252831744
anon 28412080128
anon_thp 28252831744
anon 28412080128
anon_thp 28252831744
anon 28412080128
anon_thp 28252831744
anon 28412080128
anon_thp 28252831744
anon 28412080128
anon_thp 28252831744
anon 28412080128
anon_thp 28252831744
anon 28412080128
anon_thp 28252831744
anon 28412080128
anon_thp 28252831744
anon 28412080128
anon_thp 28252831744
anon 28412080128
anon_thp 28252831744
anon 28412080128
anon_thp 28252831744
anon 28412080128
anon_thp 28252831744
anon 28412080128
anon_thp 28252831744
anon 28412080128
anon_thp 28252831744
anon 28412080128
anon_thp 28252831744
anon 28412080128
anon_thp 28252831744
anon 28412080128
anon_thp 28252831744
anon 28412080128
anon_thp 28252831744
anon 28412080128
anon_thp 28252831744
anon 28412080128
anon_thp 28252831744
anon 28412080128
anon_thp 28252831744
anon 28412080128
anon_thp 28252831744
anon 28412080128
anon_thp 28252831744
anon 28412080128
anon_thp 28252831744
anon 28412080128
anon_thp 28252831744
anon 28412080128
anon_thp 28252831744
