hot 0 warm 0 cold 0
hot 512 warm 0 cold 0
hot 512 warm 0 cold 0
hot 0 warm 0 cold 0
hot 1024 warm 0 cold 53
hot 78336 warm 0 cold 0
hot 132608 warm 0 cold 0
hot 132608 warm 0 cold 0
hot 133632 warm 0 cold 0
hot 198656 warm 0 cold 0
hot 259584 warm 0 cold 0
hot 3373120 warm 0 cold 0
hot 3417664 warm 0 cold 0
hot 3419712 warm 0 cold 0
hot 3441216 warm 0 cold 0
hot 3462209 warm 0 cold 0
hot 3462721 warm 0 cold 0
hot 3462721 warm 0 cold 0
hot 3462721 warm 0 cold 0
hot 3464257 warm 0 cold 0
hot 3464257 warm 0 cold 0
hot 3464257 warm 0 cold 0
hot 3464257 warm 0 cold 0
hot 3464257 warm 0 cold 0
hot 3464257 warm 0 cold 0
hot 3464257 warm 0 cold 0
hot 3464257 warm 0 cold 0
hot 3464257 warm 0 cold 0
hot 3464257 warm 0 cold 0
hot 3464257 warm 0 cold 0
hot 3464257 warm 0 cold 0
hot 3464257 warm 0 cold 0
hot 3464769 warm 0 cold 0
hot 3465793 warm 0 cold 0
hot 3465793 warm 0 cold 0
hot 3465793 warm 0 cold 0
hot 3465793 warm 0 cold 0
hot 3465793 warm 0 cold 0
hot 3465793 warm 0 cold 0
hot 3465793 warm 0 cold 0
hot 3465793 warm 0 cold 0
hot 3465794 warm 0 cold 0
hot 3465794 warm 0 cold 0
hot 3466306 warm 0 cold 0
hot 3466306 warm 0 cold 0
hot 3466306 warm 0 cold 0
hot 3466306 warm 0 cold 0
hot 3466306 warm 0 cold 0
hot 3466306 warm 0 cold 0
hot 3466306 warm 0 cold 0
hot 3466306 warm 0 cold 0
hot 3466306 warm 0 cold 0
hot 3466306 warm 0 cold 0
hot 3466306 warm 0 cold 0
hot 3466306 warm 0 cold 0
hot 450619 warm 3015687 cold 0
hot 450619 warm 0 cold 3015687
hot 450619 warm 0 cold 3015687
hot 450619 warm 0 cold 3015687
hot 450623 warm 0 cold 3015683
hot 450623 warm 0 cold 3015683
hot 450623 warm 0 cold 3015683
hot 450623 warm 0 cold 3015683
hot 451136 warm 0 cold 3015682
hot 451140 warm 0 cold 3015678
hot 451140 warm 0 cold 3015678
hot 451140 warm 0 cold 3015678
hot 451140 warm 0 cold 3015678
hot 451140 warm 0 cold 3015678
hot 451147 warm 0 cold 3015671
hot 451147 warm 0 cold 3015671
hot 451659 warm 0 cold 3015671
hot 451660 warm 0 cold 3015670
hot 451661 warm 0 cold 3015669
hot 451668 warm 3015662 cold 0
hot 451668 warm 3015662 cold 0
hot 451668 warm 3015662 cold 0
hot 451668 warm 3015662 cold 0
hot 451672 warm 3015658 cold 0
hot 451672 warm 3015658 cold 0
hot 451672 warm 3015658 cold 0
hot 451672 warm 3015658 cold 0
hot 451672 warm 3015658 cold 0
hot 451673 warm 3015657 cold 0
hot 451676 warm 3015654 cold 0
hot 451676 warm 3015654 cold 0
hot 451676 warm 3015654 cold 0
hot 451676 warm 3015654 cold 0
hot 451678 warm 3015652 cold 0
hot 451678 warm 3015652 cold 0
hot 451678 warm 3015652 cold 0
hot 451678 warm 3015652 cold 0
hot 451678 warm 3015652 cold 0
hot 451680 warm 3015650 cold 0
hot 451683 warm 3015647 cold 0
hot 451683 warm 3015647 cold 0
hot 451683 warm 3015647 cold 0
hot 451683 warm 3015647 cold 0
hot 451686 warm 3015644 cold 0
hot 451686 warm 3015644 cold 0
hot 451686 warm 3015644 cold 0
hot 451686 warm 3015644 cold 0
hot 451686 warm 3015644 cold 0
hot 451686 warm 3015644 cold 0
hot 451690 warm 3015640 cold 0
hot 451690 warm 3015640 cold 0
hot 451690 warm 3015640 cold 0
hot 451690 warm 3015640 cold 0
hot 451693 warm 3015637 cold 0
hot 451693 warm 3015637 cold 0
hot 451693 warm 3015637 cold 0
hot 451693 warm 3015637 cold 0
hot 451693 warm 3015637 cold 0
hot 451695 warm 3015635 cold 0
hot 451698 warm 3015632 cold 0
hot 451698 warm 3015632 cold 0
hot 451698 warm 3015632 cold 0
hot 451698 warm 3015632 cold 0
hot 451701 warm 3015629 cold 0
hot 451701 warm 3015629 cold 0
hot 451701 warm 3015629 cold 0
hot 451701 warm 3015629 cold 0
hot 451701 warm 3015629 cold 0
hot 451702 warm 3015628 cold 0
hot 451704 warm 3015626 cold 0
hot 451704 warm 3015626 cold 0
hot 451704 warm 3015626 cold 0
hot 451704 warm 3015626 cold 0
hot 452217 warm 3015113 cold 0
hot 452217 warm 3015113 cold 0
hot 452217 warm 3015113 cold 0
hot 452217 warm 3015113 cold 0
hot 452217 warm 3015113 cold 0
hot 452730 warm 3015112 cold 0
hot 452733 warm 3015109 cold 0
hot 452733 warm 3015109 cold 0
hot 452733 warm 3015109 cold 0
hot 452733 warm 3015109 cold 0
hot 452735 warm 3015107 cold 0
hot 452735 warm 3015107 cold 0
hot 452735 warm 3015107 cold 0
hot 452735 warm 3015107 cold 0
hot 452736 warm 3015106 cold 0
hot 452737 warm 3015105 cold 0
hot 452739 warm 3015103 cold 0
hot 452739 warm 3015103 cold 0
hot 452739 warm 3015103 cold 0
hot 452739 warm 3015103 cold 0
hot 452740 warm 3015102 cold 0
hot 452740 warm 3015102 cold 0
hot 452740 warm 3015102 cold 0
hot 452740 warm 3015102 cold 0
hot 452740 warm 3015102 cold 0
hot 452743 warm 3015099 cold 0
hot 452743 warm 3015099 cold 0
hot 452743 warm 3015099 cold 0
hot 452743 warm 3015099 cold 0
hot 452743 warm 3015099 cold 0
hot 452747 warm 3015095 cold 0
hot 452747 warm 3015095 cold 0
hot 452747 warm 3015095 cold 0
hot 452747 warm 3015095 cold 0
hot 452747 warm 3015095 cold 0
hot 452749 warm 3015093 cold 0
hot 452749 warm 3015093 cold 0
hot 452749 warm 3015093 cold 0
hot 452750 warm 3015092 cold 0
hot 452750 warm 3015092 cold 0
hot 452750 warm 3015092 cold 0
hot 452750 warm 3015092 cold 0
hot 452750 warm 3015092 cold 0
hot 452750 warm 3015092 cold 0
hot 452751 warm 3015091 cold 0
hot 452757 warm 3015085 cold 0
hot 452757 warm 3015085 cold 0
hot 452757 warm 3015085 cold 0
hot 452757 warm 3015085 cold 0
hot 452757 warm 3015085 cold 0
hot 452759 warm 3015083 cold 0
hot 452759 warm 3015083 cold 0
hot 452759 warm 3015083 cold 0
hot 452759 warm 3015083 cold 0
hot 452759 warm 3015083 cold 0
hot 452761 warm 3015081 cold 0
hot 452761 warm 3015081 cold 0
hot 452761 warm 3015081 cold 0
hot 452761 warm 3015081 cold 0
hot 452761 warm 3015081 cold 0
hot 452763 warm 3015079 cold 0
hot 452763 warm 3015079 cold 0
hot 452763 warm 3015079 cold 0
hot 452763 warm 3015079 cold 0
hot 452763 warm 3015079 cold 0
hot 452768 warm 3015074 cold 0
hot 452769 warm 3015074 cold 0
hot 452769 warm 3015074 cold 0
hot 452769 warm 3015074 cold 0
hot 452769 warm 3015074 cold 0
hot 452771 warm 3015072 cold 0
hot 452771 warm 3015072 cold 0
hot 452771 warm 3015072 cold 0
hot 452771 warm 3015072 cold 0
hot 452771 warm 3015072 cold 0
hot 452773 warm 3015070 cold 0
hot 452773 warm 3015070 cold 0
hot 452773 warm 3015070 cold 0
hot 452773 warm 3015070 cold 0
hot 452773 warm 3015070 cold 0
hot 452773 warm 3015070 cold 0
hot 452773 warm 3015070 cold 0
hot 452773 warm 3015070 cold 0
hot 452773 warm 3015070 cold 0
hot 452773 warm 3015070 cold 0
hot 452773 warm 3015070 cold 0
hot 452773 warm 3015070 cold 0
hot 452773 warm 3015070 cold 0
hot 452773 warm 3015070 cold 0
hot 452773 warm 3015070 cold 0
hot 452773 warm 3015070 cold 0
hot 452773 warm 3015070 cold 0
hot 452773 warm 3015070 cold 0
hot 452773 warm 3015070 cold 0
hot 452774 warm 3015069 cold 0
hot 452778 warm 3015065 cold 0
hot 452778 warm 3015065 cold 0
hot 452778 warm 3015065 cold 0
hot 452778 warm 3015065 cold 0
hot 452778 warm 3015065 cold 0
hot 452779 warm 3015064 cold 0
hot 452779 warm 3015064 cold 0
hot 452779 warm 3015064 cold 0
hot 452779 warm 3015064 cold 0
hot 452779 warm 3015064 cold 0
hot 452779 warm 3015064 cold 0
hot 452779 warm 3015064 cold 0
hot 452779 warm 3015064 cold 0
hot 452779 warm 3015064 cold 0
hot 452779 warm 3015064 cold 0
hot 452782 warm 3015061 cold 0
hot 452782 warm 3015061 cold 0
hot 452782 warm 3015061 cold 0
hot 452782 warm 3015061 cold 0
hot 452783 warm 3015060 cold 0
hot 452786 warm 3015057 cold 0
hot 452786 warm 3015057 cold 0
hot 452786 warm 3015057 cold 0
hot 452786 warm 3015057 cold 0
hot 452786 warm 3015057 cold 0
hot 452786 warm 3015057 cold 0
hot 452786 warm 3015057 cold 0
hot 452786 warm 3015057 cold 0
hot 452786 warm 3015057 cold 0
hot 452786 warm 3015057 cold 0
hot 452787 warm 3015056 cold 0
hot 452787 warm 3015056 cold 0
hot 452787 warm 3015056 cold 0
hot 452787 warm 3015056 cold 0
hot 452787 warm 3015056 cold 0
hot 452789 warm 3015054 cold 0
hot 452789 warm 3015054 cold 0
hot 452789 warm 3015054 cold 0
hot 452789 warm 3015054 cold 0
hot 452790 warm 3015053 cold 0
hot 452792 warm 3015051 cold 0
hot 452792 warm 3015051 cold 0
hot 452792 warm 3015051 cold 0
hot 452792 warm 3015051 cold 0
hot 452792 warm 3015051 cold 0
hot 452792 warm 3015051 cold 0
hot 452792 warm 3015051 cold 0
hot 452793 warm 3015050 cold 0
hot 452794 warm 3015050 cold 0
hot 452795 warm 3015049 cold 0
hot 452798 warm 3015046 cold 0
hot 452798 warm 3015046 cold 0
hot 452798 warm 3015046 cold 0
hot 452798 warm 3015046 cold 0
hot 452798 warm 3015046 cold 0
hot 452801 warm 3015043 cold 0
hot 452801 warm 3015043 cold 0
hot 452801 warm 3015043 cold 0
hot 452801 warm 3015043 cold 0
hot 452801 warm 3015043 cold 0
hot 452804 warm 3015040 cold 0
hot 452804 warm 3015040 cold 0
hot 452804 warm 3015040 cold 0
hot 452804 warm 3015040 cold 0
hot 452804 warm 3015040 cold 0
hot 452804 warm 3015040 cold 0
hot 452804 warm 3015040 cold 0
hot 452804 warm 3015040 cold 0
hot 452804 warm 3015040 cold 0
hot 452805 warm 3015039 cold 0
hot 452805 warm 3015039 cold 0
hot 452805 warm 3015039 cold 0
hot 452805 warm 3015039 cold 0
hot 452805 warm 3015039 cold 0
hot 452805 warm 3015039 cold 0
hot 452805 warm 3015039 cold 0
hot 452805 warm 3015039 cold 0
hot 452805 warm 3015039 cold 0
hot 452805 warm 3015039 cold 0
hot 452806 warm 3015038 cold 0
hot 452806 warm 3015038 cold 0
hot 452806 warm 3015038 cold 0
hot 452806 warm 3015038 cold 0
hot 452806 warm 3015038 cold 0
hot 452806 warm 3015038 cold 0
hot 452806 warm 3015038 cold 0
hot 452806 warm 3015038 cold 0
hot 452806 warm 3015038 cold 0
hot 452806 warm 3015038 cold 0
hot 452809 warm 3015035 cold 0
hot 452811 warm 3015033 cold 0
hot 452811 warm 3015033 cold 0
hot 452811 warm 3015033 cold 0
hot 452811 warm 3015033 cold 0
hot 452813 warm 3015031 cold 0
hot 452813 warm 3015031 cold 0
hot 452813 warm 3015031 cold 0
hot 452813 warm 3015031 cold 0
hot 452813 warm 3015031 cold 0
hot 452813 warm 3015031 cold 0
hot 452814 warm 3015030 cold 0
hot 452814 warm 3015030 cold 0
hot 452814 warm 3015030 cold 0
hot 452814 warm 3015030 cold 0
hot 452814 warm 3015030 cold 0
hot 452815 warm 3015029 cold 0
hot 452815 warm 3015029 cold 0
hot 452815 warm 3015029 cold 0
hot 452815 warm 3015029 cold 0
hot 452815 warm 3015029 cold 0
hot 452816 warm 3015028 cold 0
hot 452816 warm 3015028 cold 0
hot 452816 warm 3015028 cold 0
hot 452816 warm 3015028 cold 0
hot 452817 warm 3015027 cold 0
hot 452817 warm 3015027 cold 0
hot 452817 warm 3015027 cold 0
hot 452817 warm 3015027 cold 0
hot 452817 warm 3015027 cold 0
hot 452817 warm 3015027 cold 0
hot 452820 warm 3015024 cold 0
hot 452820 warm 3015024 cold 0
hot 452820 warm 3015024 cold 0
hot 452820 warm 3015024 cold 0
hot 452820 warm 3015024 cold 0
hot 452820 warm 3015024 cold 0
hot 452820 warm 3015024 cold 0
hot 452820 warm 3015024 cold 0
hot 452820 warm 3015024 cold 0
hot 452821 warm 3015023 cold 0
hot 452823 warm 3015021 cold 0
hot 452823 warm 3015021 cold 0
hot 452823 warm 3015021 cold 0
hot 452823 warm 3015021 cold 0
hot 452826 warm 3015018 cold 0
hot 452826 warm 3015018 cold 0
hot 452826 warm 3015018 cold 0
hot 452826 warm 3015018 cold 0
hot 452826 warm 3015018 cold 0
hot 452826 warm 3015018 cold 0
hot 452828 warm 3015016 cold 0
hot 452828 warm 3015016 cold 0
hot 452828 warm 3015016 cold 0
hot 452828 warm 3015016 cold 0
hot 452829 warm 3015015 cold 0
hot 452829 warm 3015015 cold 0
hot 452829 warm 3015015 cold 0
hot 452829 warm 3015015 cold 0
hot 452829 warm 3015015 cold 0
hot 452829 warm 3015015 cold 0
hot 452829 warm 3015015 cold 0
hot 452829 warm 3015015 cold 0
hot 452829 warm 3015015 cold 0
hot 452829 warm 3015015 cold 0
hot 452829 warm 3015015 cold 0
hot 452829 warm 3015015 cold 0
hot 452829 warm 3015015 cold 0
hot 452829 warm 3015015 cold 0
hot 452829 warm 3015015 cold 0
hot 452829 warm 3015015 cold 0
hot 452832 warm 3015012 cold 0
hot 452832 warm 3015012 cold 0
hot 452832 warm 3015012 cold 0
hot 452832 warm 3015012 cold 0
hot 452833 warm 3015011 cold 0
hot 452833 warm 3015011 cold 0
hot 452833 warm 3015011 cold 0
hot 452833 warm 3015011 cold 0
hot 452833 warm 3015011 cold 0
hot 452833 warm 3015011 cold 0
hot 452833 warm 3015011 cold 0
hot 452833 warm 3015011 cold 0
hot 452833 warm 3015011 cold 0
hot 452833 warm 3015011 cold 0
hot 452834 warm 3015010 cold 0
hot 452834 warm 3015010 cold 0
hot 452834 warm 3015010 cold 0
hot 452834 warm 3015010 cold 0
hot 452834 warm 3015010 cold 0
hot 452835 warm 3015009 cold 0
hot 452835 warm 3015009 cold 0
hot 452835 warm 3015009 cold 0
hot 452835 warm 3015009 cold 0
hot 452835 warm 3015009 cold 0
hot 452835 warm 3015009 cold 0
hot 452835 warm 3015009 cold 0
hot 451992 warm 5166130 cold 49
hot 451992 warm 5166130 cold 49
hot 451992 warm 5166130 cold 49
hot 451992 warm 5166130 cold 49
hot 451992 warm 5166130 cold 49
hot 451992 warm 5166130 cold 49
hot 451992 warm 5166130 cold 49
hot 451992 warm 5166130 cold 49
hot 451992 warm 5166130 cold 49
hot 451992 warm 5166130 cold 49
hot 451992 warm 5166130 cold 49
hot 451992 warm 5166130 cold 49
hot 451992 warm 5166130 cold 49
hot 451992 warm 5166130 cold 49
hot 451992 warm 5166130 cold 49
hot 451992 warm 5166130 cold 49
hot 451992 warm 5166130 cold 49
hot 451992 warm 5166130 cold 49
hot 451992 warm 5166130 cold 49
hot 477538 warm 5166157 cold 588
hot 528536 warm 5166258 cold 689
hot 579414 warm 5166419 cold 850
hot 616182 warm 5166467 cold 898
hot 616182 warm 5166467 cold 898
hot 616182 warm 5166467 cold 898
hot 616182 warm 5166467 cold 898
hot 616182 warm 5166467 cold 898
hot 616182 warm 5166467 cold 898
hot 616182 warm 5166467 cold 898
hot 616182 warm 5166467 cold 898
hot 616182 warm 5166467 cold 898
hot 616182 warm 5166467 cold 898
hot 616182 warm 5166467 cold 898
hot 616182 warm 5166467 cold 898
hot 616182 warm 5166467 cold 898
hot 616182 warm 5166467 cold 898
hot 616182 warm 5166467 cold 898
hot 616182 warm 5166467 cold 898
hot 616182 warm 5166467 cold 898
hot 616182 warm 5166467 cold 898
hot 616182 warm 5166467 cold 898
hot 616182 warm 5166467 cold 898
hot 616182 warm 5166467 cold 898
hot 616182 warm 5166467 cold 898
hot 616182 warm 5166467 cold 898
hot 616182 warm 5166467 cold 898
hot 616182 warm 5166467 cold 898
hot 616182 warm 5166467 cold 898
hot 616182 warm 5166467 cold 898
hot 616182 warm 5166467 cold 898
hot 616182 warm 5166467 cold 898
hot 616182 warm 5166467 cold 898
hot 616182 warm 5166467 cold 898
hot 616182 warm 5166467 cold 898
hot 616182 warm 5166467 cold 898
hot 616182 warm 5166467 cold 898
hot 616182 warm 5166467 cold 898
hot 616182 warm 5166467 cold 898
hot 616182 warm 5166467 cold 898
hot 616182 warm 5166467 cold 898
hot 616182 warm 5166467 cold 898
hot 616182 warm 5166467 cold 898
hot 616182 warm 5166467 cold 898
hot 616182 warm 5166467 cold 898
hot 616182 warm 5166467 cold 898
hot 616182 warm 5166467 cold 898
hot 616182 warm 5166467 cold 898
hot 616182 warm 5166467 cold 898
hot 616182 warm 5166467 cold 898
hot 616182 warm 5166467 cold 898
hot 616182 warm 5166467 cold 898
hot 616182 warm 5166467 cold 898
hot 616182 warm 5166467 cold 898
hot 616182 warm 5166467 cold 898
hot 616182 warm 5166467 cold 898
hot 616182 warm 5166467 cold 898
hot 616182 warm 5166467 cold 898
hot 616182 warm 5166467 cold 898
hot 616182 warm 5166467 cold 898
hot 616182 warm 5166979 cold 386
hot 616182 warm 5166979 cold 386
hot 616182 warm 5166979 cold 386
hot 616182 warm 5166979 cold 386
hot 616182 warm 5166979 cold 386
hot 616182 warm 5166979 cold 386
hot 616182 warm 5166979 cold 386
hot 616182 warm 5166979 cold 386
hot 616182 warm 5166979 cold 386
hot 616182 warm 5166979 cold 386
hot 616182 warm 5166979 cold 386
hot 616182 warm 5166979 cold 386
hot 616182 warm 5166979 cold 386
hot 616182 warm 5166979 cold 386
hot 616182 warm 5166979 cold 386
hot 616182 warm 5166979 cold 386
hot 616182 warm 5166979 cold 386
hot 616182 warm 5166979 cold 386
hot 616182 warm 5166979 cold 386
hot 616182 warm 5166979 cold 386
hot 616182 warm 5166979 cold 386
hot 616182 warm 5166979 cold 386
hot 616182 warm 5166979 cold 386
hot 616182 warm 5166979 cold 386
hot 616182 warm 5166979 cold 386
hot 616182 warm 5166979 cold 386
hot 616182 warm 5166979 cold 386
hot 616182 warm 5166979 cold 386
hot 616182 warm 5166979 cold 386
hot 616182 warm 5166979 cold 386
hot 616182 warm 5166979 cold 386
hot 616182 warm 5166979 cold 386
hot 616182 warm 5166979 cold 386
hot 616182 warm 5166979 cold 386
hot 616182 warm 5166979 cold 386
hot 616182 warm 5166979 cold 386
hot 616182 warm 5166979 cold 386
hot 616182 warm 5166979 cold 386
hot 616182 warm 5166979 cold 386
