pgmigrate_success 32012901
pgmigrate_fail 106901
thp_migration_success 53208
thp_migration_fail 0
thp_migration_split 0
thp_fault_alloc 107304
thp_fault_fallback 0
thp_fault_fallback_charge 0
thp_collapse_alloc 12767
thp_collapse_alloc_failed 0
thp_file_alloc 114
thp_file_fallback 0
thp_file_fallback_charge 0
thp_file_mapped 0
thp_split_page 1749
thp_split_page_failed 196
thp_deferred_split_page 11674
thp_split_pmd 32149
thp_split_pud 0
thp_zero_page_alloc 0
thp_zero_page_alloc_failed 0
thp_swpout 0
thp_swpout_fallback 0
htmm_nr_promoted 25400734
htmm_nr_demoted 5612858
htmm_nr_sampled 0
htmm_missed_dramread 1086
htmm_missed_nvmread 0
htmm_missed_write 0
htmm_alloc_dram 95492270
htmm_alloc_nvm 0
