pgmigrate_success 64699819
pgmigrate_success 64700335
pgmigrate_success 64700335
pgmigrate_success 64700335
pgmigrate_success 64700882
pgmigrate_success 64708562
pgmigrate_success 64781779
pgmigrate_success 64832467
pgmigrate_success 64832980
pgmigrate_success 64879070
pgmigrate_success 64929900
pgmigrate_success 64976013
pgmigrate_success 65163187
pgmigrate_success 65163699
pgmigrate_success 65163699
pgmigrate_success 65163699
pgmigrate_success 65163699
pgmigrate_success 65163699
pgmigrate_success 65165235
pgmigrate_success 65165235
pgmigrate_success 65165235
pgmigrate_success 65165235
pgmigrate_success 65165235
pgmigrate_success 65165235
pgmigrate_success 65165235
pgmigrate_success 65165235
pgmigrate_success 65165235
pgmigrate_success 65165235
pgmigrate_success 65165235
pgmigrate_success 65165235
pgmigrate_success 65165747
pgmigrate_success 65166259
pgmigrate_success 65166259
pgmigrate_success 65166259
pgmigrate_success 65166259
pgmigrate_success 65166259
pgmigrate_success 65166259
pgmigrate_success 65166259
pgmigrate_success 65166311
pgmigrate_success 65166311
pgmigrate_success 65166311
pgmigrate_success 65166545
pgmigrate_success 65166545
pgmigrate_success 65166545
pgmigrate_success 65166545
pgmigrate_success 65166545
pgmigrate_success 65166545
pgmigrate_success 65166545
pgmigrate_success 65166545
pgmigrate_success 65166545
pgmigrate_success 65166545
pgmigrate_success 65167057
pgmigrate_success 65167057
pgmigrate_success 65167057
pgmigrate_success 65167057
pgmigrate_success 65167057
pgmigrate_success 65168081
pgmigrate_success 65169065
pgmigrate_success 65169065
pgmigrate_success 65169065
pgmigrate_success 65169065
pgmigrate_success 65169065
pgmigrate_success 65169065
pgmigrate_success 65169065
pgmigrate_success 65169065
pgmigrate_success 65169065
pgmigrate_success 65169065
pgmigrate_success 65169577
pgmigrate_success 65169577
pgmigrate_success 65169577
pgmigrate_success 65169577
pgmigrate_success 65170089
pgmigrate_success 65171016
pgmigrate_success 65172576
pgmigrate_success 65172576
pgmigrate_success 65172576
pgmigrate_success 65174112
pgmigrate_success 65174112
pgmigrate_success 65174112
pgmigrate_success 65174624
pgmigrate_success 65175136
pgmigrate_success 65175136
pgmigrate_success 65175136
pgmigrate_success 65175136
pgmigrate_success 65175290
pgmigrate_success 65175290
pgmigrate_success 65175802
pgmigrate_success 65175802
pgmigrate_success 65175802
pgmigrate_success 65175802
pgmigrate_success 65175802
pgmigrate_success 65175802
pgmigrate_success 65175802
pgmigrate_success 65175802
pgmigrate_success 65175802
pgmigrate_success 65175802
pgmigrate_success 65175802
pgmigrate_success 65175802
pgmigrate_success 65175802
pgmigrate_success 65175802
pgmigrate_success 65175802
pgmigrate_success 65175802
pgmigrate_success 65175802
pgmigrate_success 65175802
pgmigrate_success 65175922
pgmigrate_success 65176024
pgmigrate_success 65176024
pgmigrate_success 65176024
pgmigrate_success 65176024
pgmigrate_success 65176024
pgmigrate_success 65176024
pgmigrate_success 65176024
pgmigrate_success 65176024
pgmigrate_success 65176024
pgmigrate_success 65176024
pgmigrate_success 65176024
pgmigrate_success 65176024
pgmigrate_success 65176024
pgmigrate_success 65176024
pgmigrate_success 65176024
pgmigrate_success 65176024
pgmigrate_success 65176024
pgmigrate_success 65176024
pgmigrate_success 65176024
pgmigrate_success 65176024
pgmigrate_success 65176024
pgmigrate_success 65176024
pgmigrate_success 65176024
pgmigrate_success 65176024
pgmigrate_success 65176024
pgmigrate_success 65176024
pgmigrate_success 65176024
pgmigrate_success 65176024
pgmigrate_success 65176024
pgmigrate_success 65176024
pgmigrate_success 65176024
pgmigrate_success 65176111
pgmigrate_success 65176111
pgmigrate_success 65176111
pgmigrate_success 65176111
pgmigrate_success 65176111
pgmigrate_success 65176111
pgmigrate_success 65176111
pgmigrate_success 65176111
pgmigrate_success 65176111
pgmigrate_success 65176111
pgmigrate_success 65176111
pgmigrate_success 65176111
pgmigrate_success 65176111
pgmigrate_success 65176111
pgmigrate_success 65176111
pgmigrate_success 65176111
pgmigrate_success 65176111
pgmigrate_success 65176111
pgmigrate_success 65176111
pgmigrate_success 65176111
pgmigrate_success 65176111
pgmigrate_success 65176111
pgmigrate_success 65176111
pgmigrate_success 65176111
pgmigrate_success 65176111
pgmigrate_success 65176111
pgmigrate_success 65176111
pgmigrate_success 65176111
pgmigrate_success 65176111
pgmigrate_success 65176111
pgmigrate_success 65176111
pgmigrate_success 65176180
pgmigrate_success 65176180
pgmigrate_success 65176180
pgmigrate_success 65176180
pgmigrate_success 65176692
pgmigrate_success 65176692
pgmigrate_success 65176692
pgmigrate_success 65176692
pgmigrate_success 65176692
pgmigrate_success 65176692
pgmigrate_success 65176692
pgmigrate_success 65176692
pgmigrate_success 65176692
pgmigrate_success 65176692
pgmigrate_success 65176692
pgmigrate_success 65176692
pgmigrate_success 65176692
pgmigrate_success 65176692
pgmigrate_success 65176692
pgmigrate_success 65176692
pgmigrate_success 65176692
pgmigrate_success 65176692
pgmigrate_success 65176692
pgmigrate_success 65176692
pgmigrate_success 65176692
pgmigrate_success 65176692
pgmigrate_success 65176692
pgmigrate_success 65176692
pgmigrate_success 65176692
pgmigrate_success 65176692
pgmigrate_success 65176692
pgmigrate_success 65176735
pgmigrate_success 65176735
pgmigrate_success 65176735
pgmigrate_success 65176735
pgmigrate_success 65176735
pgmigrate_success 65176735
pgmigrate_success 65176735
pgmigrate_success 65176735
pgmigrate_success 65176735
pgmigrate_success 65176735
pgmigrate_success 65176735
pgmigrate_success 65176735
pgmigrate_success 65176735
pgmigrate_success 65176735
pgmigrate_success 65176765
pgmigrate_success 65176765
pgmigrate_success 65176765
pgmigrate_success 65176765
pgmigrate_success 65176765
pgmigrate_success 65176765
pgmigrate_success 65176765
pgmigrate_success 65176765
pgmigrate_success 65176765
pgmigrate_success 65177277
pgmigrate_success 65177277
pgmigrate_success 65177277
pgmigrate_success 65177277
pgmigrate_success 65177277
pgmigrate_success 65177789
pgmigrate_success 65177789
pgmigrate_success 65177789
pgmigrate_success 65177789
pgmigrate_success 65178066
pgmigrate_success 65178066
pgmigrate_success 65178081
pgmigrate_success 65178614
pgmigrate_success 65178614
pgmigrate_success 65178614
pgmigrate_success 65178614
pgmigrate_success 65178614
pgmigrate_success 65178614
pgmigrate_success 65178614
pgmigrate_success 65178614
pgmigrate_success 65178614
pgmigrate_success 65178614
pgmigrate_success 65178614
pgmigrate_success 65178614
pgmigrate_success 65178614
pgmigrate_success 65178614
pgmigrate_success 65178614
pgmigrate_success 65178614
pgmigrate_success 65178614
pgmigrate_success 65178614
pgmigrate_success 65178614
pgmigrate_success 65178614
pgmigrate_success 65178614
pgmigrate_success 65178614
pgmigrate_success 65178614
pgmigrate_success 65178614
pgmigrate_success 65178614
pgmigrate_success 65178614
pgmigrate_success 65178614
pgmigrate_success 65178614
pgmigrate_success 65178695
pgmigrate_success 65178695
pgmigrate_success 65178695
pgmigrate_success 65178695
pgmigrate_success 65178695
pgmigrate_success 65178695
pgmigrate_success 65178695
pgmigrate_success 65178695
pgmigrate_success 65178695
pgmigrate_success 65178695
pgmigrate_success 65178695
pgmigrate_success 65178695
pgmigrate_success 65178695
pgmigrate_success 65178695
pgmigrate_success 65178695
pgmigrate_success 65178695
pgmigrate_success 65178695
pgmigrate_success 65178695
pgmigrate_success 65178695
pgmigrate_success 65178695
pgmigrate_success 65178695
pgmigrate_success 65178695
pgmigrate_success 65178695
pgmigrate_success 65178695
pgmigrate_success 65178695
pgmigrate_success 65178695
pgmigrate_success 65178695
pgmigrate_success 65178695
pgmigrate_success 65178695
pgmigrate_success 65178695
pgmigrate_success 65178695
pgmigrate_success 65178695
pgmigrate_success 65178730
pgmigrate_success 65178730
pgmigrate_success 65178730
pgmigrate_success 65178730
pgmigrate_success 65178730
pgmigrate_success 65178730
pgmigrate_success 65178730
pgmigrate_success 65178730
pgmigrate_success 65178730
pgmigrate_success 65178730
pgmigrate_success 65178730
pgmigrate_success 65178730
pgmigrate_success 65178730
pgmigrate_success 65179242
pgmigrate_success 65179243
pgmigrate_success 65179243
pgmigrate_success 65179243
pgmigrate_success 65179243
pgmigrate_success 65179244
pgmigrate_success 65179244
pgmigrate_success 65179244
pgmigrate_success 65179244
pgmigrate_success 65179244
pgmigrate_success 65179244
pgmigrate_success 65179244
pgmigrate_success 65179244
pgmigrate_success 65179244
pgmigrate_success 65179244
pgmigrate_success 65179244
pgmigrate_success 65179244
pgmigrate_success 65179244
pgmigrate_success 65179281
pgmigrate_success 65179281
pgmigrate_success 65179281
pgmigrate_success 65179282
pgmigrate_success 65179282
pgmigrate_success 65179282
pgmigrate_success 65179282
pgmigrate_success 65179282
pgmigrate_success 65179282
pgmigrate_success 65179282
pgmigrate_success 65179282
pgmigrate_success 65179282
pgmigrate_success 65179282
pgmigrate_success 65179282
pgmigrate_success 65179282
pgmigrate_success 65179282
pgmigrate_success 65179282
pgmigrate_success 65179282
pgmigrate_success 65179282
pgmigrate_success 65179282
pgmigrate_success 65179282
pgmigrate_success 65179282
pgmigrate_success 65179282
pgmigrate_success 65179282
pgmigrate_success 65179282
pgmigrate_success 65179282
pgmigrate_success 65179283
pgmigrate_success 65179283
pgmigrate_success 65179283
pgmigrate_success 65179283
pgmigrate_success 65179283
pgmigrate_success 65179322
pgmigrate_success 65179322
pgmigrate_success 65179322
pgmigrate_success 65179322
pgmigrate_success 65179322
pgmigrate_success 65179322
pgmigrate_success 65179834
pgmigrate_success 65180346
pgmigrate_success 65180346
pgmigrate_success 65180346
pgmigrate_success 65180346
pgmigrate_success 65180346
pgmigrate_success 65180346
pgmigrate_success 65180346
pgmigrate_success 65180346
pgmigrate_success 65180346
pgmigrate_success 65180346
pgmigrate_success 65180346
pgmigrate_success 65180346
pgmigrate_success 65180346
pgmigrate_success 65180346
pgmigrate_success 65180346
pgmigrate_success 65180346
pgmigrate_success 65180346
pgmigrate_success 65180346
pgmigrate_success 65180346
pgmigrate_success 65180346
pgmigrate_success 65180346
pgmigrate_success 65180346
pgmigrate_success 65180346
pgmigrate_success 65180346
pgmigrate_success 65180346
pgmigrate_success 65180384
pgmigrate_success 65180384
pgmigrate_success 65180384
pgmigrate_success 65180384
pgmigrate_success 65180384
pgmigrate_success 65180384
pgmigrate_success 65180384
pgmigrate_success 65180384
pgmigrate_success 65180384
pgmigrate_success 65180384
pgmigrate_success 65180384
pgmigrate_success 65180384
pgmigrate_success 65180896
pgmigrate_success 65180896
pgmigrate_success 65180896
pgmigrate_success 65180896
pgmigrate_success 65180896
pgmigrate_success 65180896
pgmigrate_success 65180896
pgmigrate_success 65180896
pgmigrate_success 65180896
pgmigrate_success 65180896
pgmigrate_success 65222368
pgmigrate_success 65334500
pgmigrate_success 65334500
pgmigrate_success 65334500
pgmigrate_success 65334500
pgmigrate_success 65334500
pgmigrate_success 65334500
pgmigrate_success 65334500
pgmigrate_success 65334500
pgmigrate_success 65334990
pgmigrate_success 65334990
pgmigrate_success 65334990
pgmigrate_success 65334990
pgmigrate_success 65334990
pgmigrate_success 65334990
pgmigrate_success 65334990
pgmigrate_success 65334990
pgmigrate_success 65334990
pgmigrate_success 65334990
pgmigrate_success 65335502
pgmigrate_success 65335502
pgmigrate_success 65335502
pgmigrate_success 65335502
pgmigrate_success 65335502
pgmigrate_success 65335502
pgmigrate_success 65335502
pgmigrate_success 65335502
pgmigrate_success 65335502
pgmigrate_success 65335502
pgmigrate_success 65335502
pgmigrate_success 65335502
pgmigrate_success 65335502
pgmigrate_success 65335502
pgmigrate_success 65335502
pgmigrate_success 65335502
pgmigrate_success 65335502
pgmigrate_success 65335502
pgmigrate_success 65335502
pgmigrate_success 65335502
pgmigrate_success 65335502
pgmigrate_success 65335513
pgmigrate_success 65335513
pgmigrate_success 65335513
pgmigrate_success 65335513
pgmigrate_success 65335513
pgmigrate_success 65335513
pgmigrate_success 65335513
pgmigrate_success 65335513
pgmigrate_success 65335513
pgmigrate_success 65335513
pgmigrate_success 65335513
pgmigrate_success 65335513
pgmigrate_success 65335513
pgmigrate_success 65335513
pgmigrate_success 65335513
pgmigrate_success 65335513
pgmigrate_success 65335513
pgmigrate_success 65335513
pgmigrate_success 65335513
pgmigrate_success 65335513
pgmigrate_success 65335513
pgmigrate_success 65335513
pgmigrate_success 65335513
pgmigrate_success 65335513
pgmigrate_success 65335513
pgmigrate_success 65335513
pgmigrate_success 65335513
pgmigrate_success 65335513
pgmigrate_success 65335513
pgmigrate_success 65335513
pgmigrate_success 65335513
pgmigrate_success 65335513
pgmigrate_success 65335540
pgmigrate_success 65335540
pgmigrate_success 65335540
pgmigrate_success 65335540
pgmigrate_success 65335540
pgmigrate_success 65335540
pgmigrate_success 65335540
pgmigrate_success 65335540
pgmigrate_success 65335540
pgmigrate_success 65335540
pgmigrate_success 65335540
pgmigrate_success 65335540
pgmigrate_success 65335540
pgmigrate_success 65335540
pgmigrate_success 65335540
pgmigrate_success 65335540
pgmigrate_success 65335540
pgmigrate_success 65335540
pgmigrate_success 65335540
pgmigrate_success 65335540
pgmigrate_success 65335540
pgmigrate_success 65335540
pgmigrate_success 65335540
pgmigrate_success 65335540
pgmigrate_success 65335540
pgmigrate_success 65335540
pgmigrate_success 65335540
pgmigrate_success 65335540
pgmigrate_success 65335540
pgmigrate_success 65335540
pgmigrate_success 65335540
pgmigrate_success 65335577
pgmigrate_success 65335577
pgmigrate_success 65335577
pgmigrate_success 65335577
pgmigrate_success 65335577
pgmigrate_success 65335577
pgmigrate_success 65335577
pgmigrate_success 65335577
pgmigrate_success 65335577
pgmigrate_success 65335577
pgmigrate_success 65335577
pgmigrate_success 65335577
pgmigrate_success 65335577
pgmigrate_success 65335577
pgmigrate_success 65335577
