anon 0
anon_thp 0
anon 3663810560
anon_thp 3661627392
anon 7883280384
anon_thp 7881097216
anon 12251176960
anon_thp 12247367680
anon 16882257920
anon_thp 16877879296
anon 17282818048
anon_thp 17278435328
anon 17280720896
anon_thp 17276338176
anon 17282838528
anon_thp 17278435328
anon 17530572800
anon_thp 17525899264
anon 19743068160
anon_thp 19738394624
anon 21922009088
anon_thp 21917335552
anon 24088367104
anon_thp 24083693568
anon 25923403776
anon_thp 25918701568
anon 26160381952
anon_thp 26155679744
anon 27294445568
anon_thp 27288141824
anon 28410195968
anon_thp 28403826688
anon 28410195968
anon_thp 28403826688
anon 28410195968
anon_thp 28403826688
anon 28410195968
anon_thp 28403826688
anon 28410195968
anon_thp 28403826688
anon 28410195968
anon_thp 28403826688
anon 28410195968
anon_thp 28403826688
anon 28410195968
anon_thp 28403826688
anon 28410195968
anon_thp 28403826688
anon 28410195968
anon_thp 28403826688
anon 28410195968
anon_thp 28403826688
anon 28410212352
anon_thp 28403826688
anon 28410212352
anon_thp 28403826688
anon 28410212352
anon_thp 28403826688
anon 28410212352
anon_thp 28403826688
anon 28410212352
anon_thp 28403826688
anon 28410216448
anon_thp 28403826688
anon 28410216448
anon_thp 28403826688
anon 28410216448
anon_thp 28403826688
anon 28410216448
anon_thp 28403826688
anon 28410216448
anon_thp 28403826688
anon 28410216448
anon_thp 28403826688
anon 28410216448
anon_thp 28403826688
anon 28410216448
anon_thp 28403826688
anon 28410216448
anon_thp 28403826688
anon 28410216448
anon_thp 28403826688
anon 28410216448
anon_thp 28403826688
anon 28410216448
anon_thp 28403826688
anon 28410216448
anon_thp 28403826688
anon 28410216448
anon_thp 28403826688
anon 28410216448
anon_thp 28403826688
anon 28410216448
anon_thp 28403826688
anon 28410216448
anon_thp 28403826688
anon 28410216448
anon_thp 28403826688
anon 28410216448
anon_thp 28403826688
anon 28410216448
anon_thp 28403826688
anon 28410216448
anon_thp 28403826688
anon 28410216448
anon_thp 28403826688
anon 28410216448
anon_thp 28403826688
anon 28410216448
anon_thp 28403826688
anon 28410216448
anon_thp 28403826688
anon 28410216448
anon_thp 28403826688
anon 28410216448
anon_thp 28403826688
anon 28410216448
anon_thp 28403826688
anon 28410216448
anon_thp 28403826688
anon 28410216448
anon_thp 28403826688
anon 28410216448
anon_thp 28403826688
anon 28410216448
anon_thp 28403826688
anon 28410216448
anon_thp 28403826688
anon 28410216448
anon_thp 28403826688
anon 28410216448
anon_thp 28403826688
anon 28410216448
anon_thp 28403826688
anon 28410216448
anon_thp 28403826688
anon 28410216448
anon_thp 28403826688
anon 28410216448
anon_thp 28403826688
anon 28410216448
anon_thp 28403826688
anon 28410216448
anon_thp 28403826688
anon 28410216448
anon_thp 28403826688
anon 28410216448
anon_thp 28403826688
anon 28410216448
anon_thp 28403826688
anon 28410216448
anon_thp 28403826688
anon 28410216448
anon_thp 28403826688
anon 28410216448
anon_thp 28403826688
anon 28410216448
anon_thp 28403826688
anon 28410216448
anon_thp 28403826688
anon 28410216448
anon_thp 28403826688
anon 28410216448
anon_thp 28403826688
anon 28410216448
anon_thp 28403826688
anon 28410216448
anon_thp 28403826688
anon 28410216448
anon_thp 28403826688
anon 28410216448
anon_thp 28403826688
anon 28410216448
anon_thp 28403826688
anon 28410216448
anon_thp 28403826688
anon 28410216448
anon_thp 28403826688
anon 28410216448
anon_thp 28403826688
anon 28410216448
anon_thp 28403826688
anon 28410216448
anon_thp 28403826688
anon 28410216448
anon_thp 28403826688
anon 28410216448
anon_thp 28403826688
anon 28410216448
anon_thp 28403826688
anon 28410216448
anon_thp 28403826688
anon 28410216448
anon_thp 28403826688
anon 28410216448
anon_thp 28403826688
anon 28410216448
anon_thp 28403826688
anon 28410216448
anon_thp 28403826688
anon 28410216448
anon_thp 28403826688
anon 28410216448
anon_thp 28403826688
anon 28410216448
anon_thp 28403826688
anon 28410216448
anon_thp 28403826688
anon 28410216448
anon_thp 28403826688
anon 28410216448
anon_thp 28403826688
anon 28410216448
anon_thp 28403826688
anon 28410216448
anon_thp 28403826688
anon 28410216448
anon_thp 28403826688
anon 28410216448
anon_thp 28403826688
anon 28410216448
anon_thp 28403826688
anon 28410216448
anon_thp 28403826688
anon 28410216448
anon_thp 28403826688
anon 28410216448
anon_thp 28403826688
anon 28410216448
anon_thp 28403826688
anon 28410216448
anon_thp 28403826688
anon 28410216448
anon_thp 28403826688
anon 28410216448
anon_thp 28403826688
anon 28410216448
anon_thp 28403826688
anon 28410216448
anon_thp 28403826688
anon 28410216448
anon_thp 28403826688
anon 28410216448
anon_thp 28403826688
anon 28410216448
anon_thp 28403826688
anon 28410216448
anon_thp 28403826688
anon 28410216448
anon_thp 28403826688
anon 28410216448
anon_thp 28403826688
anon 28410216448
anon_thp 28403826688
anon 28410216448
anon_thp 28403826688
anon 28410216448
anon_thp 28403826688
anon 28410216448
anon_thp 28403826688
anon 28410216448
anon_thp 28403826688
anon 28410216448
anon_thp 28403826688
anon 28410216448
anon_thp 28403826688
anon 28410216448
anon_thp 28403826688
anon 28410216448
anon_thp 28403826688
anon 28410216448
anon_thp 28403826688
anon 28410216448
anon_thp 28403826688
anon 28410216448
anon_thp 28403826688
anon 28410216448
anon_thp 28403826688
anon 28410216448
anon_thp 28403826688
anon 28410216448
anon_thp 28403826688
anon 28410216448
anon_thp 28403826688
anon 28410216448
anon_thp 28403826688
anon 28410216448
anon_thp 28403826688
anon 28410216448
anon_thp 28403826688
anon 28410216448
anon_thp 28403826688
anon 28410216448
anon_thp 28403826688
anon 28410216448
anon_thp 28403826688
anon 28410216448
anon_thp 28403826688
anon 28410216448
anon_thp 28403826688
anon 28410216448
anon_thp 28403826688
anon 28410216448
anon_thp 28403826688
anon 28410216448
anon_thp 28403826688
anon 28410216448
anon_thp 28403826688
anon 28410216448
anon_thp 28403826688
anon 28410216448
anon_thp 28403826688
anon 28410216448
anon_thp 28403826688
anon 28410216448
anon_thp 28403826688
anon 28410216448
anon_thp 28403826688
anon 28410216448
anon_thp 28403826688
anon 28410216448
anon_thp 28403826688
anon 28410216448
anon_thp 28403826688
anon 28410216448
anon_thp 28403826688
anon 28410216448
anon_thp 28403826688
anon 28410216448
anon_thp 28403826688
anon 28410216448
anon_thp 28403826688
anon 28410216448
anon_thp 28403826688
anon 28410216448
anon_thp 28403826688
anon 28410216448
anon_thp 28403826688
anon 28410216448
anon_thp 28403826688
anon 28410216448
anon_thp 28403826688
anon 28410216448
anon_thp 28403826688
anon 28410216448
anon_thp 28403826688
anon 28410216448
anon_thp 28403826688
anon 28410216448
anon_thp 28403826688
anon 28410216448
anon_thp 28403826688
anon 28410216448
anon_thp 28403826688
anon 28410216448
anon_thp 28403826688
anon 28410216448
anon_thp 28403826688
anon 28410216448
anon_thp 28403826688
anon 28410216448
anon_thp 28403826688
anon 28410216448
anon_thp 28403826688
anon 28410216448
anon_thp 28403826688
anon 28410216448
anon_thp 28403826688
anon 28410216448
anon_thp 28403826688
anon 28410216448
anon_thp 28403826688
anon 28410216448
anon_thp 28403826688
anon 28410216448
anon_thp 28403826688
anon 28410216448
anon_thp 28403826688
anon 28410216448
anon_thp 28403826688
anon 28410216448
anon_thp 28403826688
anon 28410216448
anon_thp 28403826688
anon 28410216448
anon_thp 28403826688
anon 28410216448
anon_thp 28403826688
anon 28410216448
anon_thp 28403826688
anon 28410216448
anon_thp 28403826688
anon 28410216448
anon_thp 28403826688
anon 28410216448
anon_thp 28403826688
anon 28410216448
anon_thp 28403826688
anon 28410216448
anon_thp 28403826688
anon 28410216448
anon_thp 28403826688
anon 28410216448
anon_thp 28403826688
anon 28410216448
anon_thp 28403826688
anon 28410216448
anon_thp 28403826688
anon 28410216448
anon_thp 28403826688
anon 28410216448
anon_thp 28403826688
anon 28410216448
anon_thp 28403826688
anon 28410216448
anon_thp 28403826688
anon 28410216448
anon_thp 28403826688
anon 28410216448
anon_thp 28403826688
anon 28410216448
anon_thp 28403826688
anon 28410216448
anon_thp 28403826688
anon 28410216448
anon_thp 28403826688
anon 28410216448
anon_thp 28403826688
anon 28410216448
anon_thp 28403826688
anon 28410216448
anon_thp 28403826688
anon 28410216448
anon_thp 28403826688
anon 28410216448
anon_thp 28403826688
anon 28410216448
anon_thp 28403826688
anon 28410216448
anon_thp 28403826688
anon 28410216448
anon_thp 28403826688
anon 28410216448
anon_thp 28403826688
anon 28410216448
anon_thp 28403826688
anon 28410216448
anon_thp 28403826688
anon 28410216448
anon_thp 28403826688
anon 28410216448
anon_thp 28403826688
anon 28410216448
anon_thp 28403826688
anon 28410216448
anon_thp 28403826688
anon 28410216448
anon_thp 28403826688
anon 28410216448
anon_thp 28403826688
anon 28410216448
anon_thp 28403826688
anon 28410216448
anon_thp 28403826688
anon 28410216448
anon_thp 28403826688
anon 28410216448
anon_thp 28403826688
anon 28410216448
anon_thp 28403826688
anon 28410216448
anon_thp 28403826688
anon 28410216448
anon_thp 28403826688
anon 28410216448
anon_thp 28403826688
anon 28410216448
anon_thp 28403826688
anon 28410216448
anon_thp 28403826688
anon 28410216448
anon_thp 28403826688
anon 28410216448
anon_thp 28403826688
anon 28410216448
anon_thp 28403826688
anon 28410216448
anon_thp 28403826688
anon 28410216448
anon_thp 28403826688
anon 28410216448
anon_thp 28403826688
anon 28410216448
anon_thp 28403826688
anon 28410216448
anon_thp 28403826688
anon 28410216448
anon_thp 28403826688
anon 28410216448
anon_thp 28403826688
anon 28410216448
anon_thp 28403826688
anon 28410216448
anon_thp 28403826688
anon 28410216448
anon_thp 28403826688
anon 28410216448
anon_thp 28403826688
anon 28410216448
anon_thp 28403826688
anon 28410216448
anon_thp 28403826688
anon 28410216448
anon_thp 28403826688
anon 28410216448
anon_thp 28403826688
anon 28410216448
anon_thp 28403826688
anon 28410216448
anon_thp 28403826688
anon 28410216448
anon_thp 28403826688
anon 28410216448
anon_thp 28403826688
anon 28410216448
anon_thp 28403826688
anon 28410216448
anon_thp 28403826688
anon 28410216448
anon_thp 28403826688
anon 28410216448
anon_thp 28403826688
anon 28410216448
anon_thp 28403826688
anon 28410216448
anon_thp 28403826688
anon 28410216448
anon_thp 28403826688
anon 28410216448
anon_thp 28403826688
anon 28410216448
anon_thp 28403826688
anon 28410216448
anon_thp 28403826688
anon 28410216448
anon_thp 28403826688
anon 28410216448
anon_thp 28403826688
anon 28410216448
anon_thp 28403826688
anon 28410216448
anon_thp 28403826688
anon 28410216448
anon_thp 28403826688
anon 28410216448
anon_thp 28403826688
anon 28410216448
anon_thp 28403826688
anon 28410216448
anon_thp 28403826688
anon 28410216448
anon_thp 28403826688
anon 28410216448
anon_thp 28403826688
anon 28410216448
anon_thp 28403826688
anon 28410216448
anon_thp 28403826688
anon 28410216448
anon_thp 28403826688
anon 28410216448
anon_thp 28403826688
anon 28410216448
anon_thp 28403826688
anon 28410216448
anon_thp 28403826688
anon 28410216448
anon_thp 28403826688
anon 28410216448
anon_thp 28403826688
anon 28410216448
anon_thp 28403826688
anon 28410216448
anon_thp 28403826688
anon 28410216448
anon_thp 28403826688
anon 28410216448
anon_thp 28403826688
anon 28410216448
anon_thp 28403826688
anon 28410216448
anon_thp 28403826688
anon 28410216448
anon_thp 28403826688
anon 28410216448
anon_thp 28403826688
anon 28410216448
anon_thp 28403826688
anon 28410216448
anon_thp 28403826688
anon 28410216448
anon_thp 28403826688
anon 28410216448
anon_thp 28403826688
anon 28410216448
anon_thp 28403826688
anon 28410216448
anon_thp 28403826688
anon 28410216448
anon_thp 28403826688
anon 28410216448
anon_thp 28403826688
anon 28410216448
anon_thp 28403826688
anon 28410216448
anon_thp 28403826688
anon 28410216448
anon_thp 28403826688
anon 28410216448
anon_thp 28403826688
anon 28410216448
anon_thp 28403826688
anon 28410216448
anon_thp 28403826688
anon 28410216448
anon_thp 28403826688
anon 28410216448
anon_thp 28403826688
anon 28410216448
anon_thp 28403826688
anon 28410216448
anon_thp 28403826688
anon 28410216448
anon_thp 28403826688
anon 28410216448
anon_thp 28403826688
anon 28410216448
anon_thp 28403826688
anon 28410216448
anon_thp 28403826688
anon 28410216448
anon_thp 28403826688
anon 28410216448
anon_thp 28403826688
anon 28410216448
anon_thp 28403826688
anon 28410216448
anon_thp 28403826688
anon 28410216448
anon_thp 28403826688
anon 28410216448
anon_thp 28403826688
anon 28410216448
anon_thp 28403826688
anon 28410216448
anon_thp 28403826688
anon 28410216448
anon_thp 28403826688
anon 28410216448
anon_thp 28403826688
anon 28410216448
anon_thp 28403826688
anon 28410216448
anon_thp 28403826688
anon 28410216448
anon_thp 28403826688
anon 28410216448
anon_thp 28403826688
anon 28410216448
anon_thp 28403826688
anon 28410216448
anon_thp 28403826688
anon 28410216448
anon_thp 28403826688
anon 28410216448
anon_thp 28403826688
anon 28410216448
anon_thp 28403826688
anon 28410216448
anon_thp 28403826688
anon 28410216448
anon_thp 28403826688
anon 28410216448
anon_thp 28403826688
anon 28410216448
anon_thp 28403826688
anon 28410216448
anon_thp 28403826688
anon 28410216448
anon_thp 28403826688
anon 28410216448
anon_thp 28403826688
anon 28410216448
anon_thp 28403826688
anon 28410216448
anon_thp 28403826688
anon 28410216448
anon_thp 28403826688
anon 28410216448
anon_thp 28403826688
anon 28410216448
anon_thp 28403826688
anon 28410216448
anon_thp 28403826688
anon 28410216448
anon_thp 28403826688
anon 28410216448
anon_thp 28403826688
anon 28410216448
anon_thp 28403826688
anon 28410216448
anon_thp 28403826688
anon 28410216448
anon_thp 28403826688
anon 28410216448
anon_thp 28403826688
anon 28410216448
anon_thp 28403826688
anon 28410216448
anon_thp 28403826688
anon 28410216448
anon_thp 28403826688
anon 28410216448
anon_thp 28403826688
anon 28410216448
anon_thp 28403826688
anon 28410216448
anon_thp 28403826688
anon 28410216448
anon_thp 28403826688
anon 28410216448
anon_thp 28403826688
anon 28410216448
anon_thp 28403826688
anon 28410216448
anon_thp 28403826688
anon 28410216448
anon_thp 28403826688
anon 28410216448
anon_thp 28403826688
anon 28410216448
anon_thp 28403826688
anon 28410216448
anon_thp 28403826688
anon 28410216448
anon_thp 28403826688
anon 28410216448
anon_thp 28403826688
anon 28410216448
anon_thp 28403826688
anon 28410216448
anon_thp 28403826688
anon 28410216448
anon_thp 28403826688
anon 28410216448
anon_thp 28403826688
anon 28410216448
anon_thp 28403826688
anon 28410216448
anon_thp 28403826688
anon 28410216448
anon_thp 28403826688
anon 28410216448
anon_thp 28403826688
anon 28410216448
anon_thp 28403826688
anon 28410216448
anon_thp 28403826688
anon 28410216448
anon_thp 28403826688
anon 28410216448
anon_thp 28403826688
anon 28410216448
anon_thp 28403826688
anon 28410216448
anon_thp 28403826688
anon 28412248064
anon_thp 28410118144
anon 28412248064
anon_thp 28410118144
anon 28412248064
anon_thp 28410118144
anon 28412248064
anon_thp 28410118144
anon 28412248064
anon_thp 28410118144
anon 28412248064
anon_thp 28410118144
anon 28412248064
anon_thp 28410118144
anon 28412248064
anon_thp 28410118144
anon 28412248064
anon_thp 28410118144
anon 28412248064
anon_thp 28410118144
anon 28412248064
anon_thp 28410118144
anon 28412248064
anon_thp 28410118144
anon 28412248064
anon_thp 28410118144
anon 28412248064
anon_thp 28410118144
anon 28412248064
anon_thp 28410118144
anon 28412248064
anon_thp 28410118144
anon 28412248064
anon_thp 28410118144
anon 28412248064
anon_thp 28410118144
anon 28412248064
anon_thp 28410118144
anon 28412248064
anon_thp 28410118144
anon 28412248064
anon_thp 28410118144
anon 28412248064
anon_thp 28410118144
anon 28412248064
anon_thp 28410118144
anon 28412248064
anon_thp 28410118144
anon 28412248064
anon_thp 28410118144
anon 28412248064
anon_thp 28410118144
anon 28412248064
anon_thp 28410118144
anon 28412248064
anon_thp 28410118144
anon 28412248064
anon_thp 28410118144
anon 28412248064
anon_thp 28410118144
anon 28412248064
anon_thp 28410118144
anon 28412248064
anon_thp 28410118144
anon 28412248064
anon_thp 28410118144
anon 28412248064
anon_thp 28410118144
anon 28412248064
anon_thp 28410118144
anon 28412248064
anon_thp 28410118144
anon 28412248064
anon_thp 28410118144
anon 28412248064
anon_thp 28410118144
anon 28412248064
anon_thp 28410118144
anon 28412248064
anon_thp 28410118144
anon 28412248064
anon_thp 28410118144
anon 28412248064
anon_thp 28410118144
anon 28412248064
anon_thp 28410118144
anon 28412248064
anon_thp 28410118144
anon 28412248064
anon_thp 28410118144
anon 28412248064
anon_thp 28410118144
anon 28412248064
anon_thp 28410118144
anon 28412248064
anon_thp 28410118144
anon 28412248064
anon_thp 28410118144
anon 28412248064
anon_thp 28410118144
anon 28412248064
anon_thp 28410118144
anon 28412248064
anon_thp 28410118144
anon 28412248064
anon_thp 28410118144
anon 28412248064
anon_thp 28410118144
anon 28412248064
anon_thp 28410118144
anon 28412248064
anon_thp 28410118144
anon 28412248064
anon_thp 28410118144
anon 28412248064
anon_thp 28410118144
anon 28412248064
anon_thp 28410118144
anon 28412248064
anon_thp 28410118144
anon 28412248064
anon_thp 28410118144
anon 28412248064
anon_thp 28410118144
anon 28412248064
anon_thp 28410118144
anon 28412248064
anon_thp 28410118144
anon 28412248064
anon_thp 28410118144
anon 28412248064
anon_thp 28410118144
anon 28412248064
anon_thp 28410118144
anon 28412248064
anon_thp 28410118144
anon 28412248064
anon_thp 28410118144
anon 28412248064
anon_thp 28410118144
anon 28412248064
anon_thp 28410118144
anon 28412248064
anon_thp 28410118144
anon 28412248064
anon_thp 28410118144
anon 28412248064
anon_thp 28410118144
anon 28412248064
anon_thp 28410118144
anon 28412248064
anon_thp 28410118144
anon 28412248064
anon_thp 28410118144
anon 28412248064
anon_thp 28410118144
anon 28412248064
anon_thp 28410118144
anon 28412248064
anon_thp 28410118144
anon 28412248064
anon_thp 28410118144
anon 28412248064
anon_thp 28410118144
anon 28412248064
anon_thp 28410118144
anon 28412248064
anon_thp 28410118144
anon 28412248064
anon_thp 28410118144
anon 28412248064
anon_thp 28410118144
anon 28412248064
anon_thp 28410118144
anon 28412248064
anon_thp 28410118144
anon 28412248064
anon_thp 28410118144
anon 28412248064
anon_thp 28410118144
anon 28412248064
anon_thp 28410118144
anon 28412248064
anon_thp 28410118144
anon 28412248064
anon_thp 28410118144
anon 28412248064
anon_thp 28410118144
anon 28412248064
anon_thp 28410118144
anon 28412248064
anon_thp 28410118144
anon 28412248064
anon_thp 28410118144
anon 28412248064
anon_thp 28410118144
anon 28412248064
anon_thp 28410118144
anon 28412248064
anon_thp 28410118144
anon 28412248064
anon_thp 28410118144
