anon 0
anon_thp 0
anon 3988815872
anon_thp 3986685952
anon 8512372736
anon_thp 8510242816
anon 12781662208
anon_thp 12777947136
anon 17286959104
anon_thp 17282629632
anon 17286959104
anon_thp 17282629632
anon 17284861952
anon_thp 17280532480
anon 17286983680
anon_thp 17282629632
anon 17968779264
anon_thp 17964204032
anon 20097388544
anon_thp 20092813312
anon 22240677888
anon_thp 22236102656
anon 24356704256
anon_thp 24352129024
anon 25931653120
anon_thp 25924993024
anon 26313334784
anon_thp 26306674688
anon 27397136384
anon_thp 27388805120
anon 28416405504
anon_thp 28408020992
anon 28416405504
anon_thp 28408020992
anon 28416405504
anon_thp 28408020992
anon 28416405504
anon_thp 28408020992
anon 28416405504
anon_thp 28408020992
anon 28416405504
anon_thp 28408020992
anon 28416405504
anon_thp 28408020992
anon 28416405504
anon_thp 28408020992
anon 28416405504
anon_thp 28408020992
anon 28416405504
anon_thp 28408020992
anon 28416405504
anon_thp 28408020992
anon 28416417792
anon_thp 28408020992
anon 28416417792
anon_thp 28408020992
anon 28416417792
anon_thp 28408020992
anon 28416417792
anon_thp 28408020992
anon 28416421888
anon_thp 28408020992
anon 28416421888
anon_thp 28408020992
anon 28416421888
anon_thp 28408020992
anon 28416421888
anon_thp 28408020992
anon 28416421888
anon_thp 28408020992
anon 28416421888
anon_thp 28408020992
anon 28416421888
anon_thp 28408020992
anon 28416421888
anon_thp 28408020992
anon 28416421888
anon_thp 28408020992
anon 28416421888
anon_thp 28408020992
anon 28416421888
anon_thp 28408020992
anon 28416421888
anon_thp 28408020992
anon 28416421888
anon_thp 28408020992
anon 28416421888
anon_thp 28408020992
anon 28416421888
anon_thp 28408020992
anon 28416421888
anon_thp 28408020992
anon 28416421888
anon_thp 28408020992
anon 28416421888
anon_thp 28408020992
anon 28416421888
anon_thp 28408020992
anon 28416421888
anon_thp 28408020992
anon 28416421888
anon_thp 28408020992
anon 28416421888
anon_thp 28408020992
anon 28416421888
anon_thp 28408020992
anon 28416421888
anon_thp 28408020992
anon 28416421888
anon_thp 28408020992
anon 28416421888
anon_thp 28408020992
anon 28416421888
anon_thp 28408020992
anon 28416421888
anon_thp 28408020992
anon 28416421888
anon_thp 28408020992
anon 28416421888
anon_thp 28408020992
anon 28416421888
anon_thp 28408020992
anon 28416421888
anon_thp 28408020992
anon 28416421888
anon_thp 28408020992
anon 28416421888
anon_thp 28408020992
anon 28416421888
anon_thp 28408020992
anon 28416421888
anon_thp 28408020992
anon 28416421888
anon_thp 28408020992
anon 28416421888
anon_thp 28408020992
anon 28416421888
anon_thp 28408020992
anon 28416421888
anon_thp 28408020992
anon 28416421888
anon_thp 28408020992
anon 28416421888
anon_thp 28408020992
anon 28416421888
anon_thp 28408020992
anon 28416421888
anon_thp 28408020992
anon 28416421888
anon_thp 28408020992
anon 28416421888
anon_thp 28408020992
anon 28416421888
anon_thp 28408020992
anon 28416421888
anon_thp 28408020992
anon 28416421888
anon_thp 28408020992
anon 28416421888
anon_thp 28408020992
anon 28416421888
anon_thp 28408020992
anon 28416421888
anon_thp 28408020992
anon 28416421888
anon_thp 28408020992
anon 28416421888
anon_thp 28408020992
anon 28416421888
anon_thp 28408020992
anon 28416421888
anon_thp 28408020992
anon 28416421888
anon_thp 28408020992
anon 28416421888
anon_thp 28408020992
anon 28416421888
anon_thp 28408020992
anon 28416421888
anon_thp 28408020992
anon 28416421888
anon_thp 28408020992
anon 28416421888
anon_thp 28408020992
anon 28416421888
anon_thp 28408020992
anon 28416421888
anon_thp 28408020992
anon 28416421888
anon_thp 28408020992
anon 28416421888
anon_thp 28408020992
anon 28416421888
anon_thp 28408020992
anon 28416421888
anon_thp 28408020992
anon 28416421888
anon_thp 28408020992
anon 28416421888
anon_thp 28408020992
anon 28416421888
anon_thp 28408020992
anon 28416421888
anon_thp 28408020992
anon 28416421888
anon_thp 28408020992
anon 28416421888
anon_thp 28408020992
anon 28416421888
anon_thp 28408020992
anon 28416421888
anon_thp 28408020992
anon 28416421888
anon_thp 28408020992
anon 28416421888
anon_thp 28408020992
anon 28416421888
anon_thp 28408020992
anon 28416421888
anon_thp 28408020992
anon 28416421888
anon_thp 28408020992
anon 28416421888
anon_thp 28408020992
anon 28416421888
anon_thp 28408020992
anon 28416421888
anon_thp 28408020992
anon 28416421888
anon_thp 28408020992
anon 28416421888
anon_thp 28408020992
anon 28416421888
anon_thp 28408020992
anon 28416421888
anon_thp 28408020992
anon 28416421888
anon_thp 28408020992
anon 28416421888
anon_thp 28408020992
anon 28416421888
anon_thp 28408020992
anon 28416421888
anon_thp 28408020992
anon 28416421888
anon_thp 28408020992
anon 28416421888
anon_thp 28408020992
anon 28416421888
anon_thp 28408020992
anon 28416421888
anon_thp 28408020992
anon 28416421888
anon_thp 28408020992
anon 28416421888
anon_thp 28408020992
anon 28416421888
anon_thp 28408020992
anon 28416421888
anon_thp 28408020992
anon 28416421888
anon_thp 28408020992
anon 28416421888
anon_thp 28408020992
anon 28416421888
anon_thp 28408020992
anon 28416421888
anon_thp 28408020992
anon 28416421888
anon_thp 28408020992
anon 28416421888
anon_thp 28408020992
anon 28416421888
anon_thp 28408020992
anon 28416421888
anon_thp 28408020992
anon 28416421888
anon_thp 28408020992
anon 28416421888
anon_thp 28408020992
anon 28416421888
anon_thp 28408020992
anon 28416421888
anon_thp 28408020992
anon 28416421888
anon_thp 28408020992
anon 28416421888
anon_thp 28408020992
anon 28416421888
anon_thp 28408020992
anon 28416421888
anon_thp 28408020992
anon 28416421888
anon_thp 28408020992
anon 28416421888
anon_thp 28408020992
anon 28416421888
anon_thp 28408020992
anon 28416421888
anon_thp 28408020992
anon 28416421888
anon_thp 28408020992
anon 28416421888
anon_thp 28408020992
anon 28416421888
anon_thp 28408020992
anon 28416421888
anon_thp 28408020992
anon 28416421888
anon_thp 28408020992
anon 28416421888
anon_thp 28408020992
anon 28416421888
anon_thp 28408020992
anon 28416421888
anon_thp 28408020992
anon 28416421888
anon_thp 28408020992
anon 28416421888
anon_thp 28408020992
anon 28416421888
anon_thp 28408020992
anon 28416421888
anon_thp 28408020992
anon 28416421888
anon_thp 28408020992
anon 28416421888
anon_thp 28408020992
anon 28416421888
anon_thp 28408020992
anon 28416421888
anon_thp 28408020992
anon 28416421888
anon_thp 28408020992
anon 28416421888
anon_thp 28408020992
anon 28416421888
anon_thp 28408020992
anon 28416421888
anon_thp 28408020992
anon 28416421888
anon_thp 28408020992
anon 28416421888
anon_thp 28408020992
anon 28416421888
anon_thp 28408020992
anon 28416421888
anon_thp 28408020992
anon 28416421888
anon_thp 28408020992
anon 28416421888
anon_thp 28408020992
anon 28416421888
anon_thp 28408020992
anon 28416421888
anon_thp 28408020992
anon 28416421888
anon_thp 28408020992
anon 28416421888
anon_thp 28408020992
anon 28416421888
anon_thp 28408020992
anon 28416421888
anon_thp 28408020992
anon 28416421888
anon_thp 28408020992
anon 28416421888
anon_thp 28408020992
anon 28416421888
anon_thp 28408020992
anon 28416421888
anon_thp 28408020992
anon 28416421888
anon_thp 28408020992
anon 28416421888
anon_thp 28408020992
anon 28416421888
anon_thp 28408020992
anon 28416421888
anon_thp 28408020992
anon 28416421888
anon_thp 28408020992
anon 28416421888
anon_thp 28408020992
anon 28416421888
anon_thp 28408020992
anon 28416421888
anon_thp 28408020992
anon 28416421888
anon_thp 28408020992
anon 28416421888
anon_thp 28408020992
anon 28416421888
anon_thp 28408020992
anon 28416421888
anon_thp 28408020992
anon 28416421888
anon_thp 28408020992
anon 28416421888
anon_thp 28408020992
anon 28416421888
anon_thp 28408020992
anon 28416421888
anon_thp 28408020992
anon 28416421888
anon_thp 28408020992
anon 28416421888
anon_thp 28408020992
anon 28416421888
anon_thp 28408020992
anon 28416421888
anon_thp 28408020992
anon 28416421888
anon_thp 28408020992
anon 28416421888
anon_thp 28408020992
anon 28416421888
anon_thp 28408020992
anon 28416421888
anon_thp 28408020992
anon 28416421888
anon_thp 28408020992
anon 28416421888
anon_thp 28408020992
anon 28416421888
anon_thp 28408020992
anon 28416421888
anon_thp 28408020992
anon 28416421888
anon_thp 28408020992
anon 28416421888
anon_thp 28408020992
anon 28416421888
anon_thp 28408020992
anon 28416421888
anon_thp 28408020992
anon 28416421888
anon_thp 28408020992
anon 28416421888
anon_thp 28408020992
anon 28416421888
anon_thp 28408020992
anon 28416421888
anon_thp 28408020992
anon 28416421888
anon_thp 28408020992
anon 28416421888
anon_thp 28408020992
anon 28416421888
anon_thp 28408020992
anon 28416421888
anon_thp 28408020992
anon 28416421888
anon_thp 28408020992
anon 28416421888
anon_thp 28408020992
anon 28416421888
anon_thp 28408020992
anon 28416421888
anon_thp 28408020992
anon 28416421888
anon_thp 28408020992
anon 28416421888
anon_thp 28408020992
anon 28416421888
anon_thp 28408020992
anon 28416421888
anon_thp 28408020992
anon 28416421888
anon_thp 28408020992
anon 28416421888
anon_thp 28408020992
anon 28416421888
anon_thp 28408020992
anon 28416421888
anon_thp 28408020992
anon 28416421888
anon_thp 28408020992
anon 28416421888
anon_thp 28408020992
anon 28416421888
anon_thp 28408020992
anon 28416421888
anon_thp 28408020992
anon 28416421888
anon_thp 28408020992
anon 28416421888
anon_thp 28408020992
anon 28416421888
anon_thp 28408020992
anon 28416421888
anon_thp 28408020992
anon 28416421888
anon_thp 28408020992
anon 28416421888
anon_thp 28408020992
anon 28416421888
anon_thp 28408020992
anon 28416421888
anon_thp 28408020992
anon 28416421888
anon_thp 28408020992
anon 28416421888
anon_thp 28408020992
anon 28416421888
anon_thp 28408020992
anon 28416421888
anon_thp 28408020992
anon 28416421888
anon_thp 28408020992
anon 28416421888
anon_thp 28408020992
anon 28416421888
anon_thp 28408020992
anon 28416421888
anon_thp 28408020992
anon 28416421888
anon_thp 28408020992
anon 28416421888
anon_thp 28408020992
anon 28416421888
anon_thp 28408020992
anon 28416421888
anon_thp 28408020992
anon 28416421888
anon_thp 28408020992
anon 28416421888
anon_thp 28408020992
anon 28416421888
anon_thp 28408020992
anon 28416421888
anon_thp 28408020992
anon 28416421888
anon_thp 28408020992
anon 28416421888
anon_thp 28408020992
anon 28416421888
anon_thp 28408020992
anon 28416421888
anon_thp 28408020992
anon 28416421888
anon_thp 28408020992
anon 28416421888
anon_thp 28408020992
anon 28416421888
anon_thp 28408020992
anon 28416421888
anon_thp 28408020992
anon 28416421888
anon_thp 28408020992
anon 28416421888
anon_thp 28408020992
anon 28416421888
anon_thp 28408020992
anon 28416421888
anon_thp 28408020992
anon 28416421888
anon_thp 28408020992
anon 28416421888
anon_thp 28408020992
anon 28416421888
anon_thp 28408020992
anon 28416421888
anon_thp 28408020992
anon 28416421888
anon_thp 28408020992
anon 28416421888
anon_thp 28408020992
anon 28416421888
anon_thp 28408020992
anon 28416421888
anon_thp 28408020992
anon 28416421888
anon_thp 28408020992
anon 28416421888
anon_thp 28408020992
anon 28416421888
anon_thp 28408020992
anon 28416421888
anon_thp 28408020992
anon 28416421888
anon_thp 28408020992
anon 28416421888
anon_thp 28408020992
anon 28416421888
anon_thp 28408020992
anon 28416421888
anon_thp 28408020992
anon 28416421888
anon_thp 28408020992
anon 28416421888
anon_thp 28408020992
anon 28416421888
anon_thp 28408020992
anon 28416421888
anon_thp 28408020992
anon 28416421888
anon_thp 28408020992
anon 28416421888
anon_thp 28408020992
anon 28416421888
anon_thp 28408020992
anon 28416421888
anon_thp 28408020992
anon 28416421888
anon_thp 28408020992
anon 28416421888
anon_thp 28408020992
anon 28416421888
anon_thp 28408020992
anon 28416421888
anon_thp 28408020992
anon 28416421888
anon_thp 28408020992
anon 28416421888
anon_thp 28408020992
anon 28416421888
anon_thp 28408020992
anon 28416421888
anon_thp 28408020992
anon 28416421888
anon_thp 28408020992
anon 28416421888
anon_thp 28408020992
anon 28416421888
anon_thp 28408020992
anon 28416421888
anon_thp 28408020992
anon 28416421888
anon_thp 28408020992
anon 28416421888
anon_thp 28408020992
anon 28416421888
anon_thp 28408020992
anon 28416421888
anon_thp 28408020992
anon 28416421888
anon_thp 28408020992
anon 28416421888
anon_thp 28408020992
anon 28416421888
anon_thp 28408020992
anon 28416421888
anon_thp 28408020992
anon 28416421888
anon_thp 28408020992
anon 28416421888
anon_thp 28408020992
anon 28416421888
anon_thp 28408020992
anon 28416421888
anon_thp 28408020992
anon 28416421888
anon_thp 28408020992
anon 28416421888
anon_thp 28408020992
anon 28416421888
anon_thp 28408020992
anon 28416421888
anon_thp 28408020992
anon 28416421888
anon_thp 28408020992
anon 28416421888
anon_thp 28408020992
anon 28416421888
anon_thp 28408020992
anon 28416421888
anon_thp 28408020992
anon 28416421888
anon_thp 28408020992
anon 28416421888
anon_thp 28408020992
anon 28416421888
anon_thp 28408020992
anon 28416421888
anon_thp 28408020992
anon 28416421888
anon_thp 28408020992
anon 28416421888
anon_thp 28408020992
anon 28416421888
anon_thp 28408020992
anon 28416421888
anon_thp 28408020992
anon 28416421888
anon_thp 28408020992
anon 28416421888
anon_thp 28408020992
anon 28416421888
anon_thp 28408020992
anon 28416421888
anon_thp 28408020992
anon 28416421888
anon_thp 28408020992
anon 28416421888
anon_thp 28408020992
anon 28416421888
anon_thp 28408020992
anon 28416421888
anon_thp 28408020992
anon 28416421888
anon_thp 28408020992
anon 28416421888
anon_thp 28408020992
anon 28416421888
anon_thp 28408020992
anon 28416421888
anon_thp 28408020992
anon 28416421888
anon_thp 28408020992
anon 28416421888
anon_thp 28408020992
anon 28416421888
anon_thp 28408020992
anon 28416421888
anon_thp 28408020992
anon 28416421888
anon_thp 28408020992
anon 28416421888
anon_thp 28408020992
anon 28416421888
anon_thp 28408020992
anon 28416421888
anon_thp 28408020992
anon 28416421888
anon_thp 28408020992
anon 28416421888
anon_thp 28408020992
anon 28416421888
anon_thp 28408020992
anon 28416421888
anon_thp 28408020992
anon 28416421888
anon_thp 28408020992
anon 28416421888
anon_thp 28408020992
anon 28416421888
anon_thp 28408020992
anon 28416421888
anon_thp 28408020992
anon 28416421888
anon_thp 28408020992
anon 28416421888
anon_thp 28408020992
anon 28416421888
anon_thp 28408020992
anon 28416421888
anon_thp 28408020992
anon 28416421888
anon_thp 28408020992
anon 28416421888
anon_thp 28408020992
anon 28416421888
anon_thp 28408020992
anon 28416421888
anon_thp 28408020992
anon 28416421888
anon_thp 28408020992
anon 28416421888
anon_thp 28408020992
anon 28416421888
anon_thp 28408020992
anon 28416421888
anon_thp 28408020992
anon 28416421888
anon_thp 28408020992
anon 28416421888
anon_thp 28408020992
anon 28416421888
anon_thp 28408020992
anon 28416421888
anon_thp 28408020992
anon 28416421888
anon_thp 28408020992
anon 28416421888
anon_thp 28408020992
anon 28416421888
anon_thp 28408020992
anon 28416421888
anon_thp 28408020992
anon 28416421888
anon_thp 28408020992
anon 28416421888
anon_thp 28408020992
anon 28416421888
anon_thp 28408020992
anon 28416421888
anon_thp 28408020992
anon 28416421888
anon_thp 28408020992
anon 28416421888
anon_thp 28408020992
anon 28416421888
anon_thp 28408020992
anon 28416421888
anon_thp 28408020992
anon 28416421888
anon_thp 28408020992
anon 28414324736
anon_thp 28412215296
anon 28416421888
anon_thp 28414312448
anon 28416421888
anon_thp 28414312448
anon 28416421888
anon_thp 28414312448
anon 28416421888
anon_thp 28414312448
anon 28416421888
anon_thp 28414312448
anon 28416421888
anon_thp 28414312448
anon 28416421888
anon_thp 28414312448
anon 28416421888
anon_thp 28414312448
anon 28416421888
anon_thp 28414312448
anon 28416421888
anon_thp 28414312448
anon 28416421888
anon_thp 28414312448
anon 28416421888
anon_thp 28414312448
anon 28416421888
anon_thp 28414312448
anon 28416421888
anon_thp 28414312448
anon 28416421888
anon_thp 28414312448
anon 28416421888
anon_thp 28414312448
anon 28416421888
anon_thp 28414312448
anon 28416421888
anon_thp 28414312448
anon 28416421888
anon_thp 28414312448
anon 28416421888
anon_thp 28414312448
anon 28416421888
anon_thp 28414312448
anon 28416421888
anon_thp 28414312448
anon 28416421888
anon_thp 28414312448
anon 28416421888
anon_thp 28414312448
anon 28416421888
anon_thp 28414312448
anon 28416421888
anon_thp 28414312448
anon 28416421888
anon_thp 28414312448
anon 28416421888
anon_thp 28414312448
anon 28416421888
anon_thp 28414312448
anon 28416421888
anon_thp 28414312448
anon 28416421888
anon_thp 28414312448
anon 28416421888
anon_thp 28414312448
anon 28416421888
anon_thp 28414312448
anon 28416421888
anon_thp 28414312448
anon 28416421888
anon_thp 28414312448
anon 28416421888
anon_thp 28414312448
anon 28416421888
anon_thp 28414312448
anon 28416421888
anon_thp 28414312448
anon 28416421888
anon_thp 28414312448
anon 28416421888
anon_thp 28414312448
anon 28416421888
anon_thp 28414312448
anon 28416421888
anon_thp 28414312448
anon 28416421888
anon_thp 28414312448
anon 28416421888
anon_thp 28414312448
anon 28416421888
anon_thp 28414312448
anon 28416421888
anon_thp 28414312448
anon 28416421888
anon_thp 28414312448
anon 28416421888
anon_thp 28414312448
anon 28416421888
anon_thp 28414312448
anon 28416421888
anon_thp 28414312448
anon 28416421888
anon_thp 28414312448
anon 28416421888
anon_thp 28414312448
anon 28416421888
anon_thp 28414312448
anon 28416421888
anon_thp 28414312448
anon 28416421888
anon_thp 28414312448
anon 28416421888
anon_thp 28414312448
anon 28416421888
anon_thp 28414312448
anon 28416421888
anon_thp 28414312448
anon 28416421888
anon_thp 28414312448
anon 28416421888
anon_thp 28414312448
anon 28416421888
anon_thp 28414312448
anon 28416421888
anon_thp 28414312448
anon 28416421888
anon_thp 28414312448
anon 28416421888
anon_thp 28414312448
anon 28416421888
anon_thp 28414312448
anon 28416421888
anon_thp 28414312448
anon 28416421888
anon_thp 28414312448
anon 28416421888
anon_thp 28414312448
anon 28416421888
anon_thp 28414312448
anon 28416421888
anon_thp 28414312448
anon 28416421888
anon_thp 28414312448
anon 28416421888
anon_thp 28414312448
anon 28416421888
anon_thp 28414312448
anon 28416421888
anon_thp 28414312448
anon 28416421888
anon_thp 28414312448
anon 28416421888
anon_thp 28414312448
anon 28416421888
anon_thp 28414312448
anon 28416421888
anon_thp 28414312448
anon 28416421888
anon_thp 28414312448
anon 28416421888
anon_thp 28414312448
anon 28416421888
anon_thp 28414312448
anon 28416421888
anon_thp 28414312448
anon 28416421888
anon_thp 28414312448
anon 28416421888
anon_thp 28414312448
anon 28416421888
anon_thp 28414312448
anon 28416421888
anon_thp 28414312448
anon 28416421888
anon_thp 28414312448
anon 28416421888
anon_thp 28414312448
anon 28416421888
anon_thp 28414312448
anon 28416421888
anon_thp 28414312448
anon 28416421888
anon_thp 28414312448
