anon 937984
anon_thp 0
anon 214515712
anon_thp 6291456
anon 557211648
anon_thp 6291456
anon 901885952
anon_thp 6291456
anon 1237225472
anon_thp 6291456
anon 1566154752
anon_thp 6291456
anon 1894744064
anon_thp 6291456
anon 2220806144
anon_thp 6291456
anon 2541850624
anon_thp 6291456
anon 2865008640
anon_thp 6291456
anon 3191914496
anon_thp 6291456
anon 3526426624
anon_thp 6291456
anon 3862106112
anon_thp 6291456
anon 4192215040
anon_thp 6291456
anon 4524109824
anon_thp 6291456
anon 4854947840
anon_thp 6291456
anon 5178781696
anon_thp 6291456
anon 5504311296
anon_thp 6291456
anon 5572206592
anon_thp 6291456
anon 5572399104
anon_thp 6291456
anon 5574004736
anon_thp 6291456
anon 5575344128
anon_thp 6291456
anon 5575548928
anon_thp 6291456
anon 5576413184
anon_thp 6291456
anon 5576589312
anon_thp 6291456
anon 5577297920
anon_thp 6291456
anon 5577478144
anon_thp 6291456
anon 44265472
anon_thp 6291456
anon 543010816
anon_thp 6291456
anon 886263808
anon_thp 6291456
anon 1274220544
anon_thp 134217728
anon 1299345408
anon_thp 90177536
anon 413437952
anon_thp 77594624
anon 820162560
anon_thp 77594624
anon 1225379840
anon_thp 77594624
anon 1625444352
anon_thp 77594624
anon 2889617408
anon_thp 281018368
anon 4216434688
anon_thp 281018368
anon 5553836032
anon_thp 281018368
anon 6907715584
anon_thp 281018368
anon 6992691200
anon_thp 281018368
anon 7012216832
anon_thp 281018368
anon 7031275520
anon_thp 281018368
anon 7032610816
anon_thp 281018368
anon 7041003520
anon_thp 281018368
anon 7043715072
anon_thp 281018368
anon 7055396864
anon_thp 281018368
anon 7056273408
anon_thp 281018368
anon 7063556096
anon_thp 281018368
anon 7064571904
anon_thp 281018368
anon 49356800
anon_thp 10485760
anon 1617522688
anon_thp 144703488
anon 2112786432
anon_thp 144703488
anon 2607423488
anon_thp 144703488
anon 3105292288
anon_thp 144703488
anon 3602378752
anon_thp 144703488
anon 4115419136
anon_thp 144703488
anon 4614623232
anon_thp 144703488
anon 5116829696
anon_thp 144703488
anon 5743857664
anon_thp 297795584
anon 5743968256
anon_thp 297795584
anon 5648199680
anon_thp 153092096
anon 5803237376
anon_thp 295698432
anon 5478227968
anon_thp 18874368
anon 5847597056
anon_thp 297795584
anon 5847601152
anon_thp 297795584
anon 5891117056
anon_thp 285212672
anon 5891117056
anon_thp 285212672
anon 5770948608
anon_thp 153092096
anon 5936029696
anon_thp 285212672
anon 1875947520
anon_thp 12582912
anon 1788776448
anon_thp 140509184
anon 3228651520
anon_thp 140509184
anon 4624793600
anon_thp 140509184
anon 6015668224
anon_thp 142606336
anon 7393603584
anon_thp 142606336
anon 7955775488
anon_thp 157286400
anon 7955841024
anon_thp 157286400
anon 7994621952
anon_thp 171966464
anon 7994802176
anon_thp 171966464
anon 7922958336
anon_thp 79691776
anon 8028557312
anon_thp 182452224
anon 7962992640
anon_thp 115343360
anon 8049238016
anon_thp 195035136
anon 8049233920
anon_thp 195035136
anon 8071606272
anon_thp 209715200
anon 8071622656
anon_thp 209715200
anon 3131461632
anon_thp 60817408
anon 2580021248
anon_thp 8388608
anon 5102866432
anon_thp 8388608
anon 5104365568
anon_thp 8388608
anon 5105106944
anon_thp 8388608
anon 1204916224
anon_thp 6291456
anon 4816613376
anon_thp 6291456
anon 8206372864
anon_thp 6291456
anon 9297694720
anon_thp 18874368
anon 9679429632
anon_thp 318767104
anon 9383145472
anon_thp 18874368
anon 9698709504
anon_thp 318767104
anon 9413812224
anon_thp 33554432
anon 9417105408
anon_thp 33554432
anon 9729429504
anon_thp 333447168
anon 9444294656
anon_thp 46137344
anon 9747759104
anon_thp 346030080
anon 249049088
anon_thp 46137344
anon 1236471808
anon_thp 6291456
anon 2616651776
anon_thp 6291456
anon 3987779584
anon_thp 6291456
anon 5358886912
anon_thp 6291456
anon 6725681152
anon_thp 6291456
anon 8046682112
anon_thp 6291456
anon 9629454336
anon_thp 6291456
anon 9685204992
anon_thp 8388608
anon 9709416448
anon_thp 10485760
anon 9787281408
anon_thp 81788928
anon 9724276736
anon_thp 16777216
anon 9799467008
anon_thp 83886080
anon 9738551296
anon_thp 16777216
anon 9750216704
anon_thp 16777216
anon 9753354240
anon_thp 16777216
anon 6737027072
anon_thp 18874368
anon 179904512
anon_thp 6291456
anon 2953760768
anon_thp 6291456
anon 5896036352
anon_thp 1725956096
anon 8639168512
anon_thp 4466933760
anon 8639172608
anon_thp 4466933760
anon 9524375552
anon_thp 4466933760
anon 11090726912
anon_thp 4466933760
anon 12634611712
anon_thp 4466933760
anon 14151163904
anon_thp 4466933760
anon 15696289792
anon_thp 4466933760
anon 17232396288
anon_thp 4466933760
anon 13815402496
anon_thp 37748736
anon 15758405632
anon_thp 2101346304
anon 18116956160
anon_thp 4458545152
anon 18116960256
anon_thp 4458545152
anon 18133467136
anon_thp 4458545152
anon 18134122496
anon_thp 4458545152
anon 18134265856
anon_thp 4458545152
anon 18134646784
anon_thp 4458545152
anon 13750382592
anon_thp 29360128
anon 15861116928
anon_thp 2185232384
anon 18165047296
anon_thp 4487905280
anon 18165055488
anon_thp 4487905280
anon 18181537792
anon_thp 4487905280
anon 18182119424
anon_thp 4487905280
anon 18182365184
anon_thp 4487905280
anon 18183094272
anon_thp 4487905280
anon 13740883968
anon_thp 29360128
anon 14661545984
anon_thp 1000341504
anon 18148061184
anon_thp 4485808128
anon 18148093952
anon_thp 4485808128
anon 18164785152
anon_thp 4485808128
anon 18165358592
anon_thp 4485808128
anon 18165628928
anon_thp 4485808128
anon 18165895168
anon_thp 4485808128
anon 18166124544
anon_thp 4485808128
anon 13874618368
anon_thp 119537664
anon 17182105600
anon_thp 3500146688
anon 18170966016
anon_thp 4487905280
anon 18170966016
anon_thp 4487905280
anon 18187497472
anon_thp 4487905280
anon 18187857920
anon_thp 4487905280
anon 18187870208
anon_thp 4487905280
anon 18187931648
anon_thp 4487905280
anon 13748486144
anon_thp 58720256
anon 15306952704
anon_thp 1625292800
anon 18210328576
anon_thp 4527751168
anon 18210369536
anon_thp 4527751168
anon 18226450432
anon_thp 4527751168
anon 18226819072
anon_thp 4527751168
anon 18227126272
anon_thp 4527751168
anon 18227191808
anon_thp 4527751168
anon 18227240960
anon_thp 4527751168
anon 6191878144
anon_thp 71303168
anon 1113669632
anon_thp 6291456
anon 2180579328
anon_thp 140509184
anon 2958385152
anon_thp 140509184
anon 3737845760
anon_thp 140509184
anon 5196075008
anon_thp 140509184
anon 7134588928
anon_thp 140509184
anon 9075503104
anon_thp 140509184
anon 9958440960
anon_thp 6291456
anon 10276515840
anon_thp 140509184
anon 10309849088
anon_thp 140509184
anon 10399870976
anon_thp 140509184
anon 10370060288
anon_thp 77594624
anon 10435997696
anon_thp 140509184
anon 10437476352
anon_thp 140509184
anon 10466914304
anon_thp 140509184
anon 10449022976
anon_thp 140509184
anon 10451476480
anon_thp 140509184
anon 10451578880
anon_thp 140509184
anon 10475556864
anon_thp 140509184
anon 10466369536
anon_thp 140509184
anon 10467209216
anon_thp 140509184
anon 10511233024
anon_thp 140509184
anon 10625806336
anon_thp 140509184
anon 10575011840
anon_thp 140509184
anon 10575069184
anon_thp 140509184
anon 10575081472
anon_thp 140509184
anon 10652540928
anon_thp 140509184
anon 5836374016
anon_thp 6291456
anon 377806848
anon_thp 6291456
anon 1201815552
anon_thp 10485760
anon 648163328
anon_thp 6291456
anon 3916685312
anon_thp 6291456
anon 5684510720
anon_thp 73400320
anon 5925527552
anon_thp 6291456
anon 6003347456
anon_thp 73400320
anon 6006329344
anon_thp 73400320
anon 5939462144
anon_thp 6291456
anon 6008561664
anon_thp 73400320
anon 5941604352
anon_thp 6291456
anon 5942337536
anon_thp 6291456
anon 6009671680
anon_thp 73400320
anon 1086275584
anon_thp 6291456
anon 1200332800
anon_thp 274726912
anon 2049757184
anon_thp 274726912
anon 2945069056
anon_thp 274726912
anon 3828461568
anon_thp 274726912
anon 4702658560
anon_thp 274726912
anon 5589700608
anon_thp 274726912
anon 6470311936
anon_thp 274726912
anon 7357243392
anon_thp 274726912
anon 7693053952
anon_thp 348127232
anon 7736619008
anon_thp 341835776
anon 7925248000
anon_thp 341835776
anon 8109178880
anon_thp 341835776
anon 8307965952
anon_thp 341835776
anon 8509124608
anon_thp 341835776
anon 8600084480
anon_thp 362807296
anon 8497152000
anon_thp 343932928
anon 8498196480
anon_thp 343932928
anon 8499130368
anon_thp 343932928
anon 8499519488
anon_thp 343932928
anon 8575696896
anon_thp 343932928
anon 8632848384
anon_thp 362807296
anon 8526319616
anon_thp 343932928
anon 8526315520
anon_thp 343932928
anon 8526315520
anon_thp 343932928
anon 8526462976
anon_thp 343932928
anon 8581255168
anon_thp 343932928
anon 8643661824
anon_thp 360710144
anon 8537427968
anon_thp 343932928
anon 8538333184
anon_thp 343932928
anon 8538345472
anon_thp 343932928
anon 8538435584
anon_thp 343932928
anon 8592887808
anon_thp 343932928
anon 8637325312
anon_thp 358612992
anon 8491208704
anon_thp 343932928
anon 8491204608
anon_thp 343932928
anon 8491335680
anon_thp 343932928
anon 8491413504
anon_thp 350224384
anon 8594780160
anon_thp 367001600
anon 8597164032
anon_thp 367001600
anon 3367718912
anon_thp 62914560
anon 2122166272
anon_thp 543162368
anon 5348290560
anon_thp 543162368
anon 7751524352
anon_thp 543162368
anon 7218122752
anon_thp 6291456
anon 7779753984
anon_thp 543162368
anon 7789563904
anon_thp 543162368
anon 7814754304
anon_thp 543162368
anon 7489916928
anon_thp 222298112
anon 7811960832
anon_thp 543162368
anon 58757120
anon_thp 6291456
anon 3799465984
anon_thp 6291456
anon 7140761600
anon_thp 12582912
anon 7460548608
anon_thp 29360128
anon 7502565376
anon_thp 33554432
anon 7513853952
anon_thp 33554432
anon 7526023168
anon_thp 37748736
anon 7532552192
anon_thp 37748736
anon 83439616
anon_thp 6291456
anon 1988800512
anon_thp 6291456
anon 2438807552
anon_thp 73400320
anon 2568765440
anon_thp 73400320
anon 2658619392
anon_thp 73400320
anon 2642161664
anon_thp 6291456
anon 2721927168
anon_thp 73400320
anon 2737852416
anon_thp 73400320
anon 1469657088
anon_thp 6291456
anon 2785124352
anon_thp 6291456
anon 5598810112
anon_thp 23068672
anon 5610762240
anon_thp 6291456
anon 5625180160
anon_thp 6291456
anon 5645856768
anon_thp 20971520
anon 5650259968
anon_thp 20971520
anon 5673426944
anon_thp 35651584
anon 5677867008
anon_thp 35651584
anon 5700415488
anon_thp 35651584
anon 2308943872
anon_thp 35651584
anon 2313674752
anon_thp 6291456
anon 4641316864
anon_thp 6291456
anon 6909681664
anon_thp 6291456
anon 8853594112
anon_thp 174063616
anon 8884289536
anon_thp 174063616
anon 8909819904
anon_thp 174063616
anon 9135325184
anon_thp 408944640
anon 9168244736
anon_thp 408944640
anon 8962437120
anon_thp 140509184
anon 9082798080
anon_thp 140509184
anon 9887707136
anon_thp 140509184
anon 10588057600
anon_thp 316669952
anon 10614054912
anon_thp 316669952
anon 10632957952
anon_thp 316669952
anon 10311032832
anon_thp 226492416
anon 10271186944
anon_thp 213909504
anon 10332524544
anon_thp 213909504
anon 11025743872
anon_thp 392167424
anon 11050770432
anon_thp 392167424
anon 11067740160
anon_thp 392167424
anon 10875273216
anon_thp 482344960
anon 10607071232
anon_thp 213909504
anon 10607149056
anon_thp 213909504
anon 10926211072
anon_thp 213909504
anon 11268968448
anon_thp 287309824
anon 11288854528
anon_thp 287309824
anon 11304316928
anon_thp 287309824
anon 11018530816
anon_thp 228589568
anon 11018530816
anon_thp 228589568
anon 11191558144
anon_thp 228589568
anon 11701100544
anon_thp 272629760
anon 11679039488
anon_thp 272629760
anon 11686473728
anon_thp 272629760
anon 11884122112
anon_thp 526385152
anon 11498242048
anon_thp 243269632
anon 11498790912
anon_thp 243269632
anon 11637538816
anon_thp 243269632
anon 11926220800
anon_thp 333447168
anon 11932618752
anon_thp 333447168
anon 11936542720
anon_thp 333447168
anon 11703394304
anon_thp 257949696
anon 7140462592
anon_thp 165675008
anon 255496192
anon_thp 6291456
anon 3909947392
anon_thp 6291456
anon 7174356992
anon_thp 12582912
anon 8567574528
anon_thp 12582912
anon 8571449344
anon_thp 12582912
anon 8574287872
anon_thp 12582912
anon 8576659456
anon_thp 12582912
anon 8578764800
anon_thp 12582912
anon 1776816128
anon_thp 6291456
anon 1789128704
anon_thp 20971520
anon 5265899520
anon_thp 20971520
anon 8094916608
anon_thp 20971520
anon 8177836032
anon_thp 20971520
anon 8247300096
anon_thp 33554432
anon 8270667776
anon_thp 33554432
anon 8292016128
anon_thp 33554432
anon 8340791296
anon_thp 37748736
anon 8370757632
anon_thp 39845888
anon 8377475072
anon_thp 39845888
anon 127614976
anon_thp 14680064
anon 3362541568
anon_thp 18874368
anon 6598160384
anon_thp 287309824
anon 7603867648
anon_thp 293601280
anon 7992578048
anon_thp 293601280
anon 7992614912
anon_thp 293601280
anon 7916941312
anon_thp 161480704
anon 8064745472
anon_thp 293601280
anon 8099004416
anon_thp 293601280
anon 7864770560
anon_thp 27262976
anon 8149192704
anon_thp 295698432
anon 8383533056
anon_thp 304087040
anon 8414830592
anon_thp 301989888
anon 8414425088
anon_thp 301989888
anon 8425963520
anon_thp 301989888
anon 8427753472
anon_thp 301989888
anon 8438026240
anon_thp 301989888
anon 8179609600
anon_thp 35651584
anon 8449941504
anon_thp 304087040
anon 8458850304
anon_thp 171966464
anon 8616075264
anon_thp 304087040
anon 8616075264
anon_thp 304087040
anon 8627752960
anon_thp 304087040
anon 8627752960
anon_thp 304087040
anon 8832192512
anon_thp 509607936
anon 8359849984
anon_thp 37748736
anon 8631369728
anon_thp 306184192
anon 8718540800
anon_thp 308281344
anon 8718544896
anon_thp 308281344
anon 8601817088
anon_thp 176160768
anon 8754003968
anon_thp 308281344
anon 8754057216
anon_thp 308281344
anon 9156751360
anon_thp 713031680
anon 8646979584
anon_thp 207618048
anon 8778489856
anon_thp 310378496
anon 8821153792
anon_thp 308281344
anon 8821149696
anon_thp 308281344
anon 8837996544
anon_thp 327155712
anon 8837992448
anon_thp 327155712
anon 8841502720
anon_thp 327155712
anon 8541495296
anon_thp 41943040
anon 8817741824
anon_thp 310378496
anon 8916246528
anon_thp 312475648
anon 8916246528
anon_thp 312475648
anon 8916242432
anon_thp 312475648
anon 8917544960
anon_thp 312475648
anon 8917540864
anon_thp 312475648
anon 9284546560
anon_thp 681574400
anon 2894045184
anon_thp 18874368
anon 608223232
anon_thp 6291456
anon 1227808768
anon_thp 12582912
anon 1299394560
anon_thp 12582912
anon 1361649664
anon_thp 12582912
anon 1417965568
anon_thp 44040192
anon 1397387264
anon_thp 12582912
