pgmigrate_success 14441156
pgmigrate_success 14441161
pgmigrate_success 14441162
pgmigrate_success 14441163
pgmigrate_success 14441164
pgmigrate_success 14441165
pgmigrate_success 14441166
pgmigrate_success 14477393
pgmigrate_success 14625873
pgmigrate_success 14786929
pgmigrate_success 14937745
pgmigrate_success 15087665
pgmigrate_success 15247172
pgmigrate_success 15398248
pgmigrate_success 15486506
pgmigrate_success 15563217
pgmigrate_success 15639551
pgmigrate_success 15716013
pgmigrate_success 15788180
pgmigrate_success 15789314
pgmigrate_success 15789404
pgmigrate_success 15789404
pgmigrate_success 15789406
pgmigrate_success 15789406
pgmigrate_success 15789406
pgmigrate_success 15789406
pgmigrate_success 15789406
pgmigrate_success 15789500
pgmigrate_success 15789500
pgmigrate_success 15790381
pgmigrate_success 15790386
pgmigrate_success 15790387
pgmigrate_success 15790391
pgmigrate_success 15790398
pgmigrate_success 15790402
pgmigrate_success 15790405
pgmigrate_success 15790408
pgmigrate_success 15790409
pgmigrate_success 16020023
pgmigrate_success 16278839
pgmigrate_success 16470018
pgmigrate_success 16527272
pgmigrate_success 16528398
pgmigrate_success 16528406
pgmigrate_success 16529583
pgmigrate_success 16529583
pgmigrate_success 16529583
pgmigrate_success 16529583
pgmigrate_success 16529583
pgmigrate_success 16529883
pgmigrate_success 16552680
pgmigrate_success 16610072
pgmigrate_success 16650730
pgmigrate_success 16732795
pgmigrate_success 16834792
pgmigrate_success 16871439
pgmigrate_success 16962448
pgmigrate_success 17082880
pgmigrate_success 17165721
pgmigrate_success 17241086
pgmigrate_success 17242299
pgmigrate_success 17242299
pgmigrate_success 17242299
pgmigrate_success 17242811
pgmigrate_success 17242811
pgmigrate_success 17242811
pgmigrate_success 17242811
pgmigrate_success 17242811
pgmigrate_success 17242811
pgmigrate_success 17242811
pgmigrate_success 17242811
pgmigrate_success 17247320
pgmigrate_success 17247325
pgmigrate_success 17247327
pgmigrate_success 17435392
pgmigrate_success 17519113
pgmigrate_success 17591215
pgmigrate_success 17609558
pgmigrate_success 17609558
pgmigrate_success 17609558
pgmigrate_success 17609558
pgmigrate_success 17609558
pgmigrate_success 17609558
pgmigrate_success 17609558
pgmigrate_success 17609558
pgmigrate_success 17609558
pgmigrate_success 17609558
pgmigrate_success 17609558
pgmigrate_success 17622757
pgmigrate_success 17623307
pgmigrate_success 17623307
pgmigrate_success 17623307
pgmigrate_success 17624296
pgmigrate_success 17624370
pgmigrate_success 17625394
pgmigrate_success 17625455
pgmigrate_success 17625455
pgmigrate_success 17625455
pgmigrate_success 17625455
pgmigrate_success 17625455
pgmigrate_success 17625455
pgmigrate_success 17625455
pgmigrate_success 17625455
pgmigrate_success 17625455
pgmigrate_success 17643304
pgmigrate_success 17643311
pgmigrate_success 17643313
pgmigrate_success 17803124
pgmigrate_success 17942767
pgmigrate_success 18010553
pgmigrate_success 18087616
