pgmigrate_success 184678523
pgmigrate_fail 686431
thp_migration_success 196174
thp_migration_fail 68
thp_migration_split 0
thp_fault_alloc 583108
thp_fault_fallback 19740
thp_fault_fallback_charge 0
thp_collapse_alloc 276299
thp_collapse_alloc_failed 127971
thp_file_alloc 1954
thp_file_fallback 0
thp_file_fallback_charge 0
thp_file_mapped 0
thp_split_page 3432
thp_split_page_failed 88
thp_deferred_split_page 262022
thp_split_pmd 927254
thp_split_pud 0
thp_zero_page_alloc 1
thp_zero_page_alloc_failed 0
thp_swpout 0
thp_swpout_fallback 0
htmm_nr_promoted 18445603
htmm_nr_demoted 156454636
htmm_nr_sampled 0
htmm_missed_dramread 706
htmm_missed_nvmread 0
htmm_missed_write 0
htmm_alloc_dram 453994252
htmm_alloc_nvm 0
