anon 933888
anon_thp 0
anon 193470464
anon_thp 190840832
anon 403189760
anon_thp 400556032
anon 610811904
anon_thp 608174080
anon 816328704
anon_thp 813694976
anon 1019752448
anon_thp 1017118720
anon 1225777152
anon_thp 1220542464
anon 1429192704
anon_thp 1423966208
anon 1622134784
anon_thp 1616904192
anon 1833947136
anon_thp 1828716544
anon 2039468032
anon_thp 2034237440
anon 2247086080
anon_thp 2241855488
anon 2454704128
anon_thp 2449473536
anon 2668617728
anon_thp 2663383040
anon 2872041472
anon_thp 2866806784
anon 3079659520
anon_thp 3074424832
anon 3274694656
anon_thp 3269459968
anon 3488604160
anon_thp 3483369472
anon 3692027904
anon_thp 3686793216
anon 3903836160
anon_thp 3898605568
anon 4113555456
anon_thp 4108320768
anon 4323262464
anon_thp 4318035968
anon 4537180160
anon_thp 4531945472
anon 4744798208
anon_thp 4739563520
anon 4950315008
anon_thp 4945084416
anon 5160026112
anon_thp 5154799616
anon 5371838464
anon_thp 5366611968
anon 5575266304
anon_thp 5570035712
anon 5789175808
anon_thp 5783945216
anon 5992595456
anon_thp 5987368960
anon 6204416000
anon_thp 6199181312
anon 6409936896
anon_thp 6404702208
anon 6619648000
anon_thp 6614417408
anon 6831456256
anon_thp 6826229760
anon 7045369856
anon_thp 7040139264
anon 7250886656
anon_thp 7245660160
anon 7458508800
anon_thp 7453278208
anon 7668224000
anon_thp 7662993408
anon 7873740800
anon_thp 7868514304
anon 8083464192
anon_thp 8078229504
anon 8291078144
anon_thp 8285847552
anon 8494501888
anon_thp 8489271296
anon 8702115840
anon_thp 8696889344
anon 8909737984
anon_thp 8904507392
anon 9117356032
anon_thp 9112125440
anon 9322876928
anon_thp 9317646336
anon 9530494976
anon_thp 9525264384
anon 9738108928
anon_thp 9732882432
anon 9941532672
anon_thp 9936306176
anon 10147057664
anon_thp 10141827072
anon 10337898496
anon_thp 10332667904
anon 10545516544
anon_thp 10540285952
anon 10746843136
anon_thp 10741612544
anon 10948169728
anon_thp 10942939136
anon 11153690624
anon_thp 11148460032
anon 11363405824
anon_thp 11358175232
anon 11571019776
anon_thp 11565793280
anon 11780739072
anon_thp 11775508480
anon 11979968512
anon_thp 11974737920
anon 12189687808
anon_thp 12184453120
anon 12399403008
anon_thp 12394168320
anon 12598628352
anon_thp 12593397760
anon 12768493568
anon_thp 12763267072
anon 12976115712
anon_thp 12970885120
anon 13175349248
anon_thp 13170114560
anon 13382967296
anon_thp 13377732608
anon 13592682496
anon_thp 13587447808
anon 13800296448
anon_thp 13795065856
anon 14003724288
anon_thp 13998489600
anon 14184075264
anon_thp 14178844672
anon 14383308800
anon_thp 14378074112
anon 14563655680
anon_thp 14558429184
anon 14720946176
anon_thp 14715715584
anon 14922276864
anon_thp 14917042176
anon 15106822144
anon_thp 15101591552
anon 15314440192
anon_thp 15309209600
anon 15505281024
anon_thp 15500050432
anon 15708704768
anon_thp 15703474176
anon 15916326912
anon_thp 15911092224
anon 16105070592
anon_thp 16099835904
anon 16300105728
anon_thp 16294871040
anon 16493043712
anon_thp 16487809024
anon 16667099136
anon_thp 16661872640
anon 16872624128
anon_thp 16867393536
anon 17080238080
anon_thp 17075011584
anon 17287860224
anon_thp 17282629632
anon 17394814976
anon_thp 17389584384
anon 17591947264
anon_thp 17586716672
anon 17795371008
anon_thp 17790140416
anon 18288840704
anon_thp 18280873984
anon 20648759296
anon_thp 20631781376
anon 20713771008
anon_thp 20696793088
anon 20755709952
anon_thp 20738736128
anon 20789268480
anon_thp 20772290560
anon 20812333056
anon_thp 20795359232
anon 20829106176
anon_thp 20812136448
anon 20841693184
anon_thp 20824719360
anon 20852183040
anon_thp 20835205120
anon 20862668800
anon_thp 20845690880
anon 20868956160
anon_thp 20851982336
anon 20877348864
anon_thp 20860370944
anon 20883636224
anon_thp 20866662400
anon 20887830528
anon_thp 20870856704
anon 20892024832
anon_thp 20875051008
anon 20896215040
anon_thp 20879245312
anon 20898316288
anon_thp 20881342464
anon 20898320384
anon_thp 20881342464
anon 20898312192
anon_thp 20881342464
anon 20898316288
anon_thp 20881342464
anon 20898316288
anon_thp 20881342464
anon 20898316288
anon_thp 20881342464
anon 20898316288
anon_thp 20881342464
anon 20898312192
anon_thp 20881342464
anon 20652949504
anon_thp 20635975680
anon 20715864064
anon_thp 20698890240
anon 20743122944
anon_thp 20726153216
anon 20762001408
anon_thp 20745027584
anon 20776681472
anon_thp 20759707648
anon 20797648896
anon_thp 20780679168
anon 20818628608
anon_thp 20801650688
anon 20833304576
anon_thp 20816330752
anon 20847988736
anon_thp 20831010816
anon 20856373248
anon_thp 20839399424
anon 20866854912
anon_thp 20849885184
anon 20873146368
anon_thp 20856176640
anon 20879446016
anon_thp 20862468096
anon 20885733376
anon_thp 20868759552
anon 20889931776
anon_thp 20872953856
anon 20894126080
anon_thp 20877148160
anon 20896223232
anon_thp 20879245312
anon 20898316288
anon_thp 20881342464
anon 20898320384
anon_thp 20881342464
anon 20898320384
anon_thp 20881342464
anon 20898320384
anon_thp 20881342464
anon 20898320384
anon_thp 20881342464
anon 20898320384
anon_thp 20881342464
anon 20898316288
anon_thp 20881342464
anon 20657147904
anon_thp 20640169984
anon 20717965312
anon_thp 20700987392
anon 20745228288
anon_thp 20728250368
anon 20764098560
anon_thp 20747124736
anon 20778778624
anon_thp 20761804800
anon 20791361536
anon_thp 20774387712
anon 20801847296
anon_thp 20784873472
anon 20810240000
anon_thp 20793262080
anon 20816523264
anon_thp 20799553536
anon 20824915968
anon_thp 20807942144
anon 20829110272
anon_thp 20812136448
anon 20835401728
anon_thp 20818427904
anon 20841693184
anon_thp 20824719360
anon 20854272000
anon_thp 20837302272
anon 20862664704
anon_thp 20845690880
anon 20871057408
anon_thp 20854079488
anon 20879441920
anon_thp 20862468096
anon 20883640320
anon_thp 20866662400
anon 20889923584
anon_thp 20872953856
anon 20894126080
anon_thp 20877148160
anon 20896219136
anon_thp 20879245312
anon 20898320384
anon_thp 20881342464
anon 20898316288
anon_thp 20881342464
anon 20898320384
anon_thp 20881342464
anon 20898312192
anon_thp 20881342464
anon 20898320384
anon_thp 20881342464
anon 20898316288
anon_thp 20881342464
anon 20898312192
anon_thp 20881342464
anon 20898320384
anon_thp 20881342464
anon 20898316288
anon_thp 20881342464
anon 19579912192
anon_thp 19568525312
anon 20667629568
anon_thp 20650655744
anon 20720062464
anon_thp 20703084544
anon 20745228288
anon_thp 20728250368
anon 20762001408
anon_thp 20745027584
anon 20776681472
anon_thp 20759707648
anon 20787167232
anon_thp 20770193408
anon 20803944448
anon_thp 20786970624
anon 20822822912
anon_thp 20805844992
anon 20837498880
anon_thp 20820525056
anon 20850081792
anon_thp 20833107968
anon 20860563456
anon_thp 20843593728
anon 20868952064
anon_thp 20851982336
anon 20875247616
anon_thp 20858273792
anon 20883636224
anon_thp 20866662400
anon 20887830528
anon_thp 20870856704
anon 20892028928
anon_thp 20875051008
anon 20896219136
anon_thp 20879245312
anon 20373622784
anon_thp 20357054464
anon 20898316288
anon_thp 20881342464
anon 20898316288
anon_thp 20881342464
anon 20898312192
anon_thp 20881342464
anon 20898316288
anon_thp 20881342464
anon 20898316288
anon_thp 20881342464
anon 20898320384
anon_thp 20881342464
anon 20898320384
anon_thp 20881342464
anon 20663439360
anon_thp 20646461440
anon 20732641280
anon_thp 20715667456
anon 20772483072
anon_thp 20755513344
anon 20797652992
anon_thp 20780679168
anon 20816523264
anon_thp 20799553536
anon 20829110272
anon_thp 20812136448
anon 20841693184
anon_thp 20824719360
anon 20850085888
anon_thp 20833107968
anon 20858470400
anon_thp 20841496576
anon 20866859008
anon_thp 20849885184
anon 20873150464
anon_thp 20856176640
anon 20879446016
anon_thp 20862468096
anon 20883636224
anon_thp 20866662400
anon 20887830528
anon_thp 20870856704
anon 20892024832
anon_thp 20875051008
anon 20896219136
anon_thp 20879245312
anon 20896219136
anon_thp 20879245312
anon 20898316288
anon_thp 20881342464
anon 20898316288
anon_thp 20881342464
anon 20898320384
anon_thp 20881342464
anon 20898312192
anon_thp 20881342464
anon 20898312192
anon_thp 20881342464
anon 20898320384
anon_thp 20881342464
anon 20898312192
anon_thp 20881342464
anon 20898316288
anon_thp 20881342464
anon 19626868736
anon_thp 19614662656
anon 20690702336
anon_thp 20673724416
anon 20730544128
anon_thp 20713570304
anon 20774588416
anon_thp 20757610496
anon 20801851392
anon_thp 20784873472
anon 20820721664
anon_thp 20803747840
anon 20835401728
anon_thp 20818427904
anon 20845887488
anon_thp 20828913664
anon 20856369152
anon_thp 20839399424
anon 20864765952
anon_thp 20847788032
anon 20871049216
anon_thp 20854079488
anon 20879437824
anon_thp 20862468096
anon 20883640320
anon_thp 20866662400
anon 20889927680
anon_thp 20872953856
anon 20892024832
anon_thp 20875051008
anon 20896223232
anon_thp 20879245312
anon 20703150080
anon_thp 20686307328
anon 20898320384
anon_thp 20881342464
anon 20898316288
anon_thp 20881342464
anon 20898320384
anon_thp 20881342464
anon 20898316288
anon_thp 20881342464
anon 20898312192
anon_thp 20881342464
anon 20898316288
anon_thp 20881342464
anon 20898320384
anon_thp 20881342464
anon 20552425472
anon_thp 20537409536
anon 20715864064
anon_thp 20698890240
anon 20766195712
anon_thp 20749221888
anon 20795555840
anon_thp 20778582016
anon 20814426112
anon_thp 20797456384
anon 20829110272
anon_thp 20812136448
anon 20841693184
anon_thp 20824719360
anon 20852174848
anon_thp 20835205120
anon 20860567552
anon_thp 20843593728
anon 20868956160
anon_thp 20851982336
anon 20875247616
anon_thp 20858273792
anon 20879446016
anon_thp 20862468096
anon 20885733376
anon_thp 20868759552
anon 20889927680
anon_thp 20872953856
anon 20894126080
anon_thp 20877148160
anon 20896223232
anon_thp 20879245312
anon 20898316288
anon_thp 20881342464
anon 20898320384
anon_thp 20881342464
anon 20898316288
anon_thp 20881342464
anon 20898316288
anon_thp 20881342464
anon 20898320384
anon_thp 20881342464
anon 20898320384
anon_thp 20881342464
anon 20898320384
anon_thp 20881342464
anon 20898320384
anon_thp 20881342464
anon 19666718720
anon_thp 19654508544
anon 20694888448
anon_thp 20677918720
anon 20751519744
anon_thp 20734541824
anon 20780871680
anon_thp 20763901952
anon 20801847296
anon_thp 20784873472
anon 20816527360
anon_thp 20799553536
anon 20829110272
anon_thp 20812136448
anon 20839600128
anon_thp 20822622208
anon 20847980544
anon_thp 20831010816
anon 20856377344
anon_thp 20839399424
anon 20862668800
anon_thp 20845690880
anon 20868960256
anon_thp 20851982336
anon 20875251712
anon_thp 20858273792
anon 20879441920
anon_thp 20862468096
anon 20883636224
anon_thp 20866662400
anon 20887834624
anon_thp 20870856704
anon 20894121984
anon_thp 20877148160
anon 20896219136
anon_thp 20879245312
anon 20898316288
anon_thp 20881342464
anon 20898316288
anon_thp 20881342464
anon 20898316288
anon_thp 20881342464
anon 20898312192
anon_thp 20881342464
anon 20898312192
anon_thp 20881342464
anon 20898316288
anon_thp 20881342464
anon 20898320384
anon_thp 20881342464
anon 20898312192
anon_thp 20881342464
anon 20898320384
anon_thp 20881342464
anon 20898316288
anon_thp 20881342464
anon 20648755200
anon_thp 20631781376
anon 20726353920
anon_thp 20709376000
anon 20768292864
anon_thp 20751319040
anon 20793462784
anon_thp 20776484864
anon 20812337152
anon_thp 20795359232
anon 20827017216
anon_thp 20810039296
anon 20839591936
anon_thp 20822622208
anon 20847980544
anon_thp 20831010816
anon 20856369152
anon_thp 20839399424
anon 20864765952
anon_thp 20847788032
anon 20871057408
anon_thp 20854079488
anon 20877344768
anon_thp 20860370944
anon 20881539072
anon_thp 20864565248
anon 20885737472
anon_thp 20868759552
anon 20889931776
anon_thp 20872953856
anon 20894126080
anon_thp 20877148160
anon 20896215040
anon_thp 20879245312
anon 20898312192
anon_thp 20881342464
anon 20898320384
anon_thp 20881342464
anon 20898316288
anon_thp 20881342464
anon 20898316288
anon_thp 20881342464
anon 20898320384
anon_thp 20881342464
anon 20898312192
anon_thp 20881342464
anon 20898320384
anon_thp 20881342464
anon 20898316288
anon_thp 20881342464
anon 20898312192
anon_thp 20881342464
anon 20619530240
anon_thp 20604518400
anon 20724256768
anon_thp 20707278848
anon 20768288768
anon_thp 20751319040
anon 20793458688
anon_thp 20776484864
anon 20812333056
anon_thp 20795359232
anon 20827013120
anon_thp 20810039296
anon 20837494784
anon_thp 20820525056
anon 20847984640
anon_thp 20831010816
anon 20856373248
anon_thp 20839399424
anon 20864761856
anon_thp 20847788032
anon 20871053312
anon_thp 20854079488
anon 20877340672
anon_thp 20860370944
anon 20881543168
anon_thp 20864565248
anon 20885729280
anon_thp 20868759552
anon 20889923584
anon_thp 20872953856
anon 20894126080
anon_thp 20877148160
anon 20896219136
anon_thp 20879245312
anon 20898316288
anon_thp 20881342464
anon 20898316288
anon_thp 20881342464
anon 20898316288
anon_thp 20881342464
anon 20898316288
anon_thp 20881342464
anon 20898316288
anon_thp 20881342464
anon 20898316288
anon_thp 20881342464
anon 20898320384
anon_thp 20881342464
anon 20898316288
anon_thp 20881342464
anon 20898320384
anon_thp 20881342464
