hot 27993027 warm 37059694 cold 57573199
hot 27993005 warm 37059694 cold 57573199
hot 27993001 warm 37059694 cold 57573199
hot 27992997 warm 37059694 cold 57573199
hot 27992993 warm 37059694 cold 57573199
hot 27992989 warm 37059694 cold 57573199
hot 27992985 warm 37059694 cold 57573213
hot 27992981 warm 37059694 cold 57573199
hot 27992977 warm 37059694 cold 57573199
hot 27992973 warm 37059694 cold 57573199
hot 27992969 warm 37059694 cold 57573199
hot 27992965 warm 37059694 cold 57573199
hot 27992961 warm 37059694 cold 57573199
hot 27992957 warm 37059694 cold 57573199
hot 27992953 warm 37059694 cold 57573199
hot 27992949 warm 37059694 cold 57573199
hot 27992945 warm 37059694 cold 57573199
hot 27992941 warm 37059694 cold 57573199
hot 27992937 warm 37059694 cold 57573199
hot 27992933 warm 37059694 cold 57573199
hot 27992929 warm 37059694 cold 57573199
hot 27992925 warm 37059694 cold 57573199
hot 27992921 warm 37059694 cold 57573199
hot 27992917 warm 37059694 cold 57573199
hot 27992913 warm 37059694 cold 57573199
hot 27992909 warm 37059694 cold 57573199
hot 27992905 warm 37059694 cold 57573199
hot 27992901 warm 37059694 cold 57573199
hot 27992897 warm 37059694 cold 57573199
hot 27992893 warm 37059694 cold 57573199
hot 27992889 warm 37059694 cold 57573199
hot 27992885 warm 37059694 cold 57573199
hot 27992881 warm 37059694 cold 57573199
hot 27992877 warm 37059694 cold 57573199
hot 27992873 warm 37059694 cold 57573199
hot 27992869 warm 37059694 cold 57573199
hot 27992865 warm 37059694 cold 57573199
hot 27992861 warm 37059694 cold 57573199
hot 27992857 warm 37059694 cold 57573199
hot 27992853 warm 37059694 cold 57573199
hot 27992849 warm 37059694 cold 57573199
hot 27992845 warm 37059694 cold 57573199
hot 27992841 warm 37059694 cold 57573199
hot 27992837 warm 37059694 cold 57573199
hot 27992833 warm 37059694 cold 57573199
hot 27992829 warm 37059694 cold 57573199
hot 27992825 warm 37059694 cold 57573199
hot 27992821 warm 37059694 cold 57573199
hot 27992817 warm 37059694 cold 57573199
hot 27992813 warm 37059694 cold 57573199
hot 27992809 warm 37059694 cold 57573199
hot 27992805 warm 37059694 cold 57573199
hot 27992801 warm 37059694 cold 57573199
hot 27992797 warm 37059694 cold 57573199
hot 27992793 warm 37059694 cold 57573199
hot 27992789 warm 37059694 cold 57573199
hot 27992785 warm 37059694 cold 57573199
hot 27992781 warm 37059694 cold 57573199
hot 27992777 warm 37059694 cold 57573199
hot 27992773 warm 37059694 cold 57573199
hot 27992769 warm 37059694 cold 57573199
hot 27992765 warm 37059694 cold 57573199
hot 27992761 warm 37059694 cold 57573199
hot 27992757 warm 37059694 cold 57573199
hot 27992753 warm 37059694 cold 57573199
hot 27992749 warm 37059694 cold 57573199
hot 27992745 warm 37059694 cold 57573199
hot 27992741 warm 37059694 cold 57573199
hot 27992737 warm 37059694 cold 57573199
hot 27992733 warm 37059694 cold 57573199
hot 27992729 warm 37059694 cold 57573199
hot 27992725 warm 37059694 cold 57573199
hot 27992721 warm 37059694 cold 57573199
hot 27992717 warm 37059694 cold 57573199
hot 27992713 warm 37059694 cold 57573199
hot 27992709 warm 37059694 cold 57573199
hot 27992705 warm 37059694 cold 57573199
hot 27992701 warm 37059694 cold 57573199
hot 27992697 warm 37059694 cold 57573199
hot 27992693 warm 37059694 cold 57573199
hot 27992689 warm 37059694 cold 57573199
hot 27992685 warm 37059694 cold 57573199
hot 27992681 warm 37059694 cold 57573199
hot 27992677 warm 37059694 cold 57573199
hot 27992673 warm 37059694 cold 57573199
hot 27992669 warm 37059694 cold 57573199
hot 27992665 warm 37059694 cold 57573199
hot 27992661 warm 37059694 cold 57573199
hot 27992657 warm 37059694 cold 57573199
hot 28016716 warm 37059694 cold 57573199
hot 28416584 warm 37059694 cold 57573199
hot 28450884 warm 37059694 cold 57573199
hot 28652608 warm 37059694 cold 57573199
hot 28845116 warm 37059694 cold 57573199
hot 29033016 warm 37059694 cold 57573199
hot 29237812 warm 37059694 cold 57573200
hot 29429808 warm 37059694 cold 57573200
hot 29652012 warm 37059694 cold 57573200
hot 29917224 warm 37059694 cold 57573200
hot 30205476 warm 37059694 cold 57573200
hot 30443552 warm 37059694 cold 57573200
hot 30452252 warm 37059694 cold 57573200
hot 30962200 warm 37059694 cold 57573200
hot 31728660 warm 37059694 cold 57573200
hot 32417808 warm 37059694 cold 57573200
hot 32735243 warm 37059694 cold 57573200
hot 32913927 warm 37059694 cold 57573200
hot 32966659 warm 37059694 cold 57573200
hot 33005567 warm 37059694 cold 57573200
hot 33033211 warm 37059694 cold 57573200
hot 33049591 warm 37059694 cold 57573200
hot 33059315 warm 37059694 cold 57573200
hot 32371060 warm 37059694 cold 57573200
hot 32764272 warm 37059694 cold 57573200
hot 32777580 warm 37059694 cold 57573200
hot 32786280 warm 37059694 cold 57573200
hot 32799588 warm 37059694 cold 57573200
hot 32816992 warm 37059694 cold 57573200
hot 32844124 warm 37059694 cold 57573200
hot 32860504 warm 37059694 cold 57573200
hot 32872788 warm 37059694 cold 57573200
hot 32884048 warm 37059694 cold 57573200
hot 32891212 warm 37059694 cold 57573200
hot 32893256 warm 37059694 cold 57573200
hot 32895812 warm 37059694 cold 57573200
hot 32897344 warm 37059694 cold 57573200
hot 32901436 warm 37059694 cold 57573200
hot 32908600 warm 37059694 cold 57573200
hot 32923444 warm 37059694 cold 57573200
hot 32890671 warm 37059694 cold 57573200
hot 33063723 warm 37059694 cold 57573200
hot 33064231 warm 37059694 cold 57573200
hot 33067299 warm 37059694 cold 57573200
hot 33070879 warm 37059694 cold 57573200
hot 33070875 warm 37059694 cold 57573200
hot 33070871 warm 37059694 cold 57573200
hot 32379032 warm 37059694 cold 57573200
hot 32771220 warm 37059694 cold 57573200
hot 32776848 warm 37059694 cold 57573200
hot 32782988 warm 37059694 cold 57573200
hot 32790152 warm 37059694 cold 57573200
hot 32796292 warm 37059694 cold 57573200
hot 33199752 warm 37059694 cold 57573200
hot 33215117 warm 37059694 cold 57573200
hot 33231510 warm 37059694 cold 57573200
hot 33244828 warm 37059694 cold 57573200
hot 33263259 warm 37059694 cold 57573200
hot 33280675 warm 37059694 cold 57573200
hot 33445034 warm 37059694 cold 57573200
hot 33701565 warm 37059694 cold 57573200
hot 33973446 warm 37059694 cold 57573200
hot 34269387 warm 37059694 cold 57573200
hot 34575567 warm 37059694 cold 57573200
hot 34952913 warm 37059694 cold 57573200
hot 35458773 warm 37059694 cold 57573200
hot 36210900 warm 37059694 cold 57573200
hot 37207253 warm 37059694 cold 57573200
hot 37503186 warm 37059694 cold 57573200
hot 37588688 warm 37059694 cold 57573200
hot 37598926 warm 37059694 cold 57573200
hot 37608655 warm 37059694 cold 57573200
hot 37620429 warm 37059694 cold 57573200
hot 37630154 warm 37059694 cold 57573200
hot 37637322 warm 37059694 cold 57573200
hot 37642952 warm 37059694 cold 57573200
hot 36937684 warm 37059694 cold 57573200
hot 37322823 warm 37059694 cold 57573200
hot 37340227 warm 37059694 cold 57573200
hot 37344319 warm 37059694 cold 57573200
hot 37349435 warm 37059694 cold 57573200
hot 37355575 warm 37059694 cold 57573200
hot 37364275 warm 37059694 cold 57573200
hot 37391920 warm 37059694 cold 57573200
hot 37410860 warm 37059694 cold 57573200
hot 37431848 warm 37059694 cold 57573200
hot 37454372 warm 37059694 cold 57573200
hot 37474848 warm 37059694 cold 57573200
hot 37495324 warm 37059694 cold 57573200
hot 37513752 warm 37059694 cold 57573200
hot 37534740 warm 37059694 cold 57573200
hot 37555728 warm 37059694 cold 57573200
hot 37600270 warm 37059694 cold 57573200
hot 37669899 warm 37059694 cold 57573200
hot 37706248 warm 37059694 cold 57573200
hot 37860356 warm 37059694 cold 57573200
hot 37869568 warm 37059694 cold 57573200
hot 37874174 warm 37059694 cold 57573200
hot 37875194 warm 37059694 cold 57573200
hot 37875190 warm 37059694 cold 57573200
hot 37875186 warm 37059694 cold 57573200
hot 37197687 warm 37059694 cold 57573200
hot 37571955 warm 37059694 cold 57573200
hot 37594479 warm 37059694 cold 57573200
hot 37613931 warm 37059694 cold 57573200
hot 37630823 warm 37059694 cold 57573200
hot 37644643 warm 37059694 cold 57573200
hot 37657951 warm 37059694 cold 57573200
hot 37670236 warm 37059694 cold 57573201
hot 37680984 warm 37059694 cold 57573201
hot 37688660 warm 37059694 cold 57573201
hot 37691728 warm 37059694 cold 57573201
hot 37694796 warm 37059694 cold 57573201
hot 37697352 warm 37059694 cold 57573201
hot 37700420 warm 37059694 cold 57573201
hot 37704513 warm 37059694 cold 57573201
hot 37716797 warm 37059694 cold 57573201
hot 37750586 warm 37059694 cold 57573201
hot 37788473 warm 37059694 cold 57573201
hot 37874485 warm 37059694 cold 57573201
hot 37874481 warm 37059694 cold 57573201
hot 37876013 warm 37059694 cold 57573201
hot 37876521 warm 37059694 cold 57573201
hot 37877029 warm 37059694 cold 57573201
hot 37877537 warm 37059694 cold 57573201
hot 37878561 warm 37059694 cold 57573201
hot 37181090 warm 37059694 cold 57573201
hot 37572766 warm 37059694 cold 57573201
hot 37589658 warm 37059694 cold 57573201
hot 37627542 warm 37059694 cold 57573201
hot 37925527 warm 37066350 cold 57573201
hot 38102737 warm 37201007 cold 57573201
hot 38130927 warm 37359216 cold 57573201
hot 38151951 warm 37550704 cold 57573201
hot 38163233 warm 37733488 cold 57573201
hot 38168879 warm 37952624 cold 57573201
hot 38174009 warm 38187120 cold 57573201
hot 38175039 warm 38469232 cold 57573201
hot 38176577 warm 38783089 cold 57573201
hot 38179658 warm 39169137 cold 57573201
hot 38184270 warm 39673970 cold 57573201
hot 38195031 warm 40395891 cold 57573201
hot 38227804 warm 41140852 cold 57573201
hot 38237537 warm 41186934 cold 57573201
hot 38349669 warm 41263738 cold 57573201
hot 38349666 warm 41337466 cold 57573201
hot 38349666 warm 41384059 cold 57573201
hot 38349669 warm 41416827 cold 57573201
hot 38350697 warm 41429115 cold 57573201
hot 38351720 warm 41432188 cold 57573201
hot 37661512 warm 41440981 cold 57573201
hot 38056261 warm 41440981 cold 57573201
hot 38089537 warm 41440981 cold 57573201
hot 38114621 warm 41440981 cold 57573201
hot 38134073 warm 41441493 cold 57573201
hot 38145845 warm 41441493 cold 57573201
hot 38162225 warm 41441494 cold 57573201
hot 38169901 warm 41441494 cold 57573201
hot 38175529 warm 41441494 cold 57573201
hot 38178085 warm 41441494 cold 57573201
hot 38179105 warm 41441494 cold 57573201
hot 38180637 warm 41441494 cold 57573201
hot 38182169 warm 41441494 cold 57573201
hot 38184213 warm 41441494 cold 57573201
hot 38187282 warm 41441494 cold 57573201
hot 38194451 warm 41441494 cold 57573201
hot 38213910 warm 41441494 cold 57573201
hot 38221077 warm 41441494 cold 57573201
hot 38338835 warm 41441494 cold 57573201
hot 38339345 warm 41441494 cold 57573201
hot 38339853 warm 41441494 cold 57573201
hot 38339850 warm 41441494 cold 57573201
hot 38341383 warm 41441494 cold 57573201
hot 38341383 warm 41442006 cold 57573201
hot 38342408 warm 41442006 cold 57573201
hot 37658249 warm 41442006 cold 57573201
hot 38042245 warm 41442007 cold 57573201
hot 38066305 warm 41442007 cold 57573201
hot 38087805 warm 41442007 cold 57573201
hot 38106745 warm 41442008 cold 57573201
hot 38118005 warm 41442008 cold 57573201
hot 38130289 warm 41442008 cold 57573201
hot 38144621 warm 41442008 cold 57573201
hot 38152809 warm 41442008 cold 57573201
hot 38158437 warm 41442008 cold 57573201
hot 38165089 warm 41442008 cold 57573201
hot 38168157 warm 41442008 cold 57573201
hot 38172250 warm 41442008 cold 57573201
hot 38174806 warm 41442008 cold 57573201
hot 38177874 warm 41442008 cold 57573201
hot 38179919 warm 41442008 cold 57573201
hot 38183499 warm 41442008 cold 57573201
hot 38190666 warm 41442008 cold 57573201
hot 38209103 warm 41442009 cold 57573201
hot 38314579 warm 41442010 cold 57573201
hot 38356568 warm 41442010 cold 57573201
hot 38357083 warm 41442010 cold 57573201
hot 38357079 warm 41442010 cold 57573201
hot 38357075 warm 41442010 cold 57573201
hot 38357071 warm 41442010 cold 57573201
hot 38357067 warm 41442010 cold 57573201
hot 38357064 warm 41442010 cold 57573201
hot 38357062 warm 41442010 cold 57573201
hot 38357063 warm 41442010 cold 57573201
hot 38017480 warm 41442010 cold 57573201
hot 38063044 warm 41442010 cold 57573201
hot 38092736 warm 41442010 cold 57573201
hot 38112188 warm 41442010 cold 57573201
hot 38541790 warm 41442010 cold 57632593
hot 38566896 warm 41442010 cold 57708881
hot 38590462 warm 41442011 cold 57796433
hot 38609933 warm 41442012 cold 57886033
hot 38624798 warm 41442012 cold 57998673
hot 38629932 warm 41442012 cold 58118481
hot 38634034 warm 41442013 cold 58258257
hot 38635580 warm 41442013 cold 58422097
hot 38637118 warm 41442014 cold 58627921
hot 38638655 warm 41442014 cold 58877777
hot 38641213 warm 41442016 cold 59219793
hot 38646337 warm 41442018 cold 59793745
hot 38659652 warm 41442021 cold 60757329
hot 38594114 warm 41442025 cold 61561681
hot 38792768 warm 41442035 cold 61585234
hot 38823999 warm 41442046 cold 61629266
hot 38823995 warm 41442046 cold 61678418
hot 38823993 warm 41442047 cold 61736274
hot 38823989 warm 41442559 cold 61810003
hot 38824500 warm 41442559 cold 61862227
hot 38824496 warm 41444096 cold 61883219
hot 38824492 warm 41444096 cold 61908307
hot 38110129 warm 41444097 cold 61919571
hot 38506925 warm 41444097 cold 61919572
hot 38528425 warm 41444099 cold 61920597
hot 38551973 warm 41444099 cold 61921109
hot 38564769 warm 41444099 cold 61921109
hot 38582685 warm 41444099 cold 61922646
hot 38599065 warm 41444099 cold 61922646
hot 38611861 warm 41444099 cold 61923671
hot 38621073 warm 41444099 cold 61923671
hot 38630285 warm 41444099 cold 61925207
hot 38632329 warm 41444100 cold 61925207
hot 38636933 warm 41444100 cold 61925719
hot 38638977 warm 41444100 cold 61926231
hot 38640509 warm 41444100 cold 61926743
hot 38642041 warm 41444101 cold 61927255
hot 38645621 warm 41444102 cold 61928279
hot 38653297 warm 41444106 cold 61933402
hot 38672749 warm 41444112 cold 61939546
hot 38749032 warm 41444118 cold 61941595
hot 38821220 warm 41444128 cold 61941597
hot 38821216 warm 41444128 cold 61942109
hot 38821212 warm 41444128 cold 61942621
hot 38821208 warm 41444132 cold 61944157
hot 38821204 warm 41444132 cold 61944157
hot 38821200 warm 41444135 cold 61946717
hot 38821196 warm 41444136 cold 61948253
hot 38821192 warm 41444140 cold 61949790
