anon 921600
anon_thp 0
anon 192565248
anon_thp 190840832
anon 398090240
anon_thp 396361728
anon 605704192
anon_thp 603979776
anon 811225088
anon_thp 809500672
anon 1018843136
anon_thp 1017118720
anon 1218576384
anon_thp 1214251008
anon 1424097280
anon_thp 1419771904
anon 1619136512
anon_thp 1614807040
anon 1830948864
anon_thp 1826619392
anon 2036465664
anon_thp 2032140288
anon 2244083712
anon_thp 2239758336
anon 2453794816
anon_thp 2449473536
anon 2665611264
anon_thp 2661285888
anon 2871136256
anon_thp 2866806784
anon 3078750208
anon_thp 3074424832
anon 3277975552
anon_thp 3273654272
anon 3489787904
anon_thp 3485466624
anon 3689025536
anon_thp 3684696064
anon 3902930944
anon_thp 3898605568
anon 4108455936
anon_thp 4104126464
anon 4320268288
anon_thp 4315938816
anon 4532076544
anon_thp 4527751168
anon 4737593344
anon_thp 4733272064
anon 4947312640
anon_thp 4942987264
anon 5157027840
anon_thp 5152702464
anon 5370937344
anon_thp 5366611968
anon 5576458240
anon_thp 5572132864
anon 5790367744
anon_thp 5786042368
anon 5995888640
anon_thp 5991563264
anon 6207700992
anon_thp 6203375616
anon 6411124736
anon_thp 6406799360
anon 6616649728
anon_thp 6612320256
anon 6828462080
anon_thp 6824132608
anon 7040270336
anon_thp 7035944960
anon 7249989632
anon_thp 7245660160
anon 7455506432
anon_thp 7451181056
anon 7667322880
anon_thp 7662993408
anon 7868649472
anon_thp 7864320000
anon 8078360576
anon_thp 8074035200
anon 8285978624
anon_thp 8281653248
anon 8491499520
anon_thp 8487174144
anon 8699121664
anon_thp 8694792192
anon 8904642560
anon_thp 8900313088
anon 9112252416
anon_thp 9107931136
anon 9319878656
anon_thp 9315549184
anon 9527492608
anon_thp 9523167232
anon 9735114752
anon_thp 9730785280
anon 9944825856
anon_thp 9940500480
anon 10150342656
anon_thp 10146021376
anon 10343288832
anon_thp 10338959360
anon 10550906880
anon_thp 10546577408
anon 10752225280
anon_thp 10747904000
anon 10959851520
anon_thp 10955522048
anon 11165368320
anon_thp 11161042944
anon 11372990464
anon_thp 11368660992
anon 11582701568
anon_thp 11578376192
anon 11790323712
anon_thp 11785994240
anon 11995844608
anon_thp 11991515136
anon 12205555712
anon_thp 12201230336
anon 12415270912
anon_thp 12410945536
anon 12599820288
anon_thp 12595494912
anon 12782268416
anon_thp 12777947136
anon 12991991808
anon_thp 12987662336
anon 13191217152
anon_thp 13186891776
anon 13400936448
anon_thp 13396606976
anon 13608554496
anon_thp 13604225024
anon 13818261504
anon_thp 13813940224
anon 14025883648
anon_thp 14021558272
anon 14206234624
anon_thp 14201913344
anon 14401273856
anon_thp 14396948480
anon 14566948864
anon_thp 14562623488
anon 14738919424
anon_thp 14734589952
anon 14944432128
anon_thp 14940110848
anon 15133175808
anon_thp 15128854528
anon 15340793856
anon_thp 15336472576
anon 15544225792
anon_thp 15539896320
anon 15751843840
anon_thp 15747514368
anon 15942680576
anon_thp 15938355200
anon 16137711616
anon_thp 16133390336
anon 16341139456
anon_thp 16336814080
anon 16534081536
anon_thp 16529752064
anon 16703946752
anon_thp 16699621376
anon 16909463552
anon_thp 16905142272
anon 17117085696
anon_thp 17112760320
anon 17310023680
anon_thp 17305698304
anon 17427464192
anon_thp 17423138816
anon 17628786688
anon_thp 17624465408
anon 17832210432
anon_thp 17827889152
anon 18506121216
anon_thp 18496880640
anon 20679315456
anon_thp 20661141504
anon 20725452800
anon_thp 20707278848
anon 20769492992
anon_thp 20751319040
anon 20798853120
anon_thp 20780679168
anon 20819820544
anon_thp 20801650688
anon 20834500608
anon_thp 20816330752
anon 20847087616
anon_thp 20828913664
anon 20855476224
anon_thp 20837302272
anon 20865953792
anon_thp 20847788032
anon 20872253440
anon_thp 20854079488
anon 20878540800
anon_thp 20860370944
anon 20884828160
anon_thp 20866662400
anon 20889026560
anon_thp 20870856704
anon 20893220864
anon_thp 20875051008
anon 20897419264
anon_thp 20879245312
anon 20897419264
anon_thp 20879245312
anon 20897415168
anon_thp 20879245312
anon 20897415168
anon_thp 20879245312
anon 20897415168
anon_thp 20879245312
anon 20897415168
anon_thp 20879245312
anon 20897419264
anon_thp 20879245312
anon 20897415168
anon_thp 20879245312
anon 19188809728
anon_thp 19178455040
anon 20685606912
anon_thp 20667432960
anon 20727545856
anon_thp 20709376000
anon 20752711680
anon_thp 20734541824
anon 20769488896
anon_thp 20751319040
anon 20784173056
anon_thp 20765999104
anon 20809338880
anon_thp 20791164928
anon 20828209152
anon_thp 20810039296
anon 20840792064
anon_thp 20822622208
anon 20853379072
anon_thp 20835205120
anon 20861759488
anon_thp 20843593728
anon 20870156288
anon_thp 20851982336
anon 20878536704
anon_thp 20860370944
anon 20882735104
anon_thp 20864565248
anon 20889022464
anon_thp 20870856704
anon 20893220864
anon_thp 20875051008
anon 20895318016
anon_thp 20877148160
anon 20897419264
anon_thp 20879245312
anon 20897411072
anon_thp 20879245312
anon 20897419264
anon_thp 20879245312
anon 20897411072
anon_thp 20879245312
anon 20897415168
anon_thp 20879245312
anon 20897419264
anon_thp 20879245312
anon 20897415168
anon_thp 20879245312
anon 20068470784
anon_thp 20055064576
anon 20710772736
anon_thp 20692598784
anon 20742225920
anon_thp 20724056064
anon 20763201536
anon_thp 20745027584
anon 20779978752
anon_thp 20761804800
anon 20792561664
anon_thp 20774387712
anon 20803043328
anon_thp 20784873472
anon 20811431936
anon_thp 20793262080
anon 20819824640
anon_thp 20801650688
anon 20826116096
anon_thp 20807942144
anon 20832403456
anon_thp 20814233600
anon 20838690816
anon_thp 20820525056
anon 20849184768
anon_thp 20831010816
anon 20859670528
anon_thp 20841496576
anon 20868050944
anon_thp 20849885184
anon 20876443648
anon_thp 20858273792
anon 20882735104
anon_thp 20864565248
anon 20886925312
anon_thp 20868759552
anon 20893224960
anon_thp 20875051008
anon 20895318016
anon_thp 20877148160
anon 20897419264
anon_thp 20879245312
anon 20897419264
anon_thp 20879245312
anon 20897411072
anon_thp 20879245312
anon 20897415168
anon_thp 20879245312
anon 20897419264
anon_thp 20879245312
anon 20897411072
anon_thp 20879245312
anon 20897415168
anon_thp 20879245312
anon 20897411072
anon_thp 20879245312
anon 20897419264
anon_thp 20879245312
anon 18506162176
anon_thp 18496880640
anon 20675117056
anon_thp 20656947200
anon 20723355648
anon_thp 20705181696
anon 20748521472
anon_thp 20730347520
anon 20767395840
anon_thp 20749221888
anon 20779970560
anon_thp 20761804800
anon 20792561664
anon_thp 20774387712
anon 20813529088
anon_thp 20795359232
anon 20830306304
anon_thp 20812136448
anon 20842885120
anon_thp 20824719360
anon 20855468032
anon_thp 20837302272
anon 20863864832
anon_thp 20845690880
anon 20872245248
anon_thp 20854079488
anon 20878540800
anon_thp 20860370944
anon 20884836352
anon_thp 20866662400
anon 20889022464
anon_thp 20870856704
anon 20893220864
anon_thp 20875051008
anon 20897415168
anon_thp 20879245312
anon 20897411072
anon_thp 20879245312
anon 20897415168
anon_thp 20879245312
anon 20897411072
anon_thp 20879245312
anon 20897411072
anon_thp 20879245312
anon 20897415168
anon_thp 20879245312
anon 20897415168
anon_thp 20879245312
anon 20897419264
anon_thp 20879245312
anon 20020232192
anon_thp 20006830080
anon 20712865792
anon_thp 20694695936
anon 20765294592
anon_thp 20747124736
anon 20792561664
anon_thp 20774387712
anon 20811431936
anon_thp 20793262080
anon 20828213248
anon_thp 20810039296
anon 20840792064
anon_thp 20822622208
anon 20849184768
anon_thp 20831010816
anon 20857569280
anon_thp 20839399424
anon 20865961984
anon_thp 20847788032
anon 20872253440
anon_thp 20854079488
anon 20878540800
anon_thp 20860370944
anon 20882739200
anon_thp 20864565248
anon 20889022464
anon_thp 20870856704
anon 20891119616
anon_thp 20872953856
anon 20895322112
anon_thp 20877148160
anon 20897419264
anon_thp 20879245312
anon 20897419264
anon_thp 20879245312
anon 20897415168
anon_thp 20879245312
anon 20897415168
anon_thp 20879245312
anon 20897411072
anon_thp 20879245312
anon 20897411072
anon_thp 20879245312
anon 20897415168
anon_thp 20879245312
anon 20897419264
anon_thp 20879245312
anon 20897415168
anon_thp 20879245312
anon 19829395456
anon_thp 19815989248
anon 20696092672
anon_thp 20677918720
anon 20733837312
anon_thp 20715667456
anon 20775780352
anon_thp 20757610496
anon 20800946176
anon_thp 20782776320
anon 20819820544
anon_thp 20801650688
anon 20834496512
anon_thp 20816330752
anon 20847079424
anon_thp 20828913664
anon 20855468032
anon_thp 20837302272
anon 20863856640
anon_thp 20845690880
anon 20870152192
anon_thp 20851982336
anon 20878536704
anon_thp 20860370944
anon 20882731008
anon_thp 20864565248
anon 20889026560
anon_thp 20870856704
anon 20891123712
anon_thp 20872953856
anon 20895318016
anon_thp 20877148160
anon 20897415168
anon_thp 20879245312
anon 20897419264
anon_thp 20879245312
anon 20897419264
anon_thp 20879245312
anon 20897415168
anon_thp 20879245312
anon 20897419264
anon_thp 20879245312
anon 20897419264
anon_thp 20879245312
anon 20897415168
anon_thp 20879245312
anon 20897415168
anon_thp 20879245312
anon 19764379648
anon_thp 19750977536
anon 20693991424
anon_thp 20675821568
anon 20748517376
anon_thp 20730347520
anon 20782071808
anon_thp 20763901952
anon 20805136384
anon_thp 20786970624
anon 20821917696
anon_thp 20803747840
anon 20834500608
anon_thp 20816330752
anon 20847083520
anon_thp 20828913664
anon 20855476224
anon_thp 20837302272
anon 20863864832
anon_thp 20845690880
anon 20870148096
anon_thp 20851982336
anon 20876443648
anon_thp 20858273792
anon 20882735104
anon_thp 20864565248
anon 20886929408
anon_thp 20868759552
anon 20891123712
anon_thp 20872953856
anon 20893220864
anon_thp 20875051008
anon 20897415168
anon_thp 20879245312
anon 20897415168
anon_thp 20879245312
anon 20897415168
anon_thp 20879245312
anon 20897415168
anon_thp 20879245312
anon 20897415168
anon_thp 20879245312
anon 20897415168
anon_thp 20879245312
anon 20897415168
anon_thp 20879245312
anon 20897419264
anon_thp 20879245312
anon 20897419264
anon_thp 20879245312
anon 19670007808
anon_thp 19656605696
anon 20691894272
anon_thp 20673724416
anon 20748521472
anon_thp 20730347520
anon 20777881600
anon_thp 20759707648
anon 20798844928
anon_thp 20780679168
anon 20813533184
anon_thp 20795359232
anon 20826116096
anon_thp 20807942144
anon 20836597760
anon_thp 20818427904
anon 20844982272
anon_thp 20826816512
anon 20853374976
anon_thp 20835205120
anon 20859666432
anon_thp 20841496576
anon 20865961984
anon_thp 20847788032
anon 20872245248
anon_thp 20854079488
anon 20876443648
anon_thp 20858273792
anon 20882739200
anon_thp 20864565248
anon 20884828160
anon_thp 20866662400
anon 20889030656
anon_thp 20870856704
anon 20893224960
anon_thp 20875051008
anon 20897415168
anon_thp 20879245312
anon 20897419264
anon_thp 20879245312
anon 20897415168
anon_thp 20879245312
anon 20897415168
anon_thp 20879245312
anon 20897411072
anon_thp 20879245312
anon 20897419264
anon_thp 20879245312
anon 20897415168
anon_thp 20879245312
anon 20897419264
anon_thp 20879245312
anon 20897411072
anon_thp 20879245312
anon 20897415168
anon_thp 20879245312
anon 20897411072
anon_thp 20879245312
anon 20658339840
anon_thp 20640169984
anon 20727545856
anon_thp 20709376000
anon 20769488896
anon_thp 20751319040
anon 20792557568
anon_thp 20774387712
anon 20811431936
anon_thp 20793262080
anon 20826116096
anon_thp 20807942144
anon 20836601856
anon_thp 20818427904
anon 20847083520
anon_thp 20828913664
anon 20855472128
anon_thp 20837302272
anon 20861759488
anon_thp 20843593728
anon 20870152192
anon_thp 20851982336
anon 20874350592
anon_thp 20856176640
anon 20880637952
anon_thp 20862468096
anon 20884828160
anon_thp 20866662400
anon 20889026560
anon_thp 20870856704
anon 20893224960
anon_thp 20875051008
anon 20895322112
anon_thp 20877148160
anon 20799913984
anon_thp 20782776320
anon 20897415168
anon_thp 20879245312
anon 20897415168
anon_thp 20879245312
anon 20897415168
anon_thp 20879245312
anon 20897411072
anon_thp 20879245312
anon 20897411072
anon_thp 20879245312
anon 20897419264
anon_thp 20879245312
anon 20897415168
anon_thp 20879245312
anon 20897415168
anon_thp 20879245312
anon 18708561920
anon_thp 18698207232
anon 20675112960
anon_thp 20656947200
anon 20740128768
anon_thp 20721958912
anon 20775780352
anon_thp 20757610496
anon 20798849024
anon_thp 20780679168
anon 20815626240
anon_thp 20797456384
anon 20830306304
anon_thp 20812136448
anon 20840792064
anon_thp 20822622208
anon 20849180672
anon_thp 20831010816
anon 20857569280
anon_thp 20839399424
anon 20865961984
anon_thp 20847788032
anon 20872245248
anon_thp 20854079488
anon 20876443648
anon_thp 20858273792
anon 20882735104
anon_thp 20864565248
anon 20886925312
anon_thp 20868759552
anon 20891119616
anon_thp 20872953856
anon 20893220864
anon_thp 20875051008
anon 20897419264
anon_thp 20879245312
anon 20897415168
anon_thp 20879245312
anon 20897415168
anon_thp 20879245312
anon 20897415168
anon_thp 20879245312
anon 20897415168
anon_thp 20879245312
anon 20897411072
anon_thp 20879245312
anon 20897411072
anon_thp 20879245312
anon 20897415168
anon_thp 20879245312
anon 20897415168
anon_thp 20879245312
anon 20897415168
anon_thp 20879245312
